[2019-04-12T14:20:42.564+0200][0.003s] Using Concurrent Mark Sweep
[2019-04-12T14:20:42.564+0200][0.003s] Heap address: 0x00000000e0000000, size: 512 MB, Compressed Oops mode: 32-bit
[2019-04-12T14:20:43.726+0200][1,165s] GC(0) Pause Young (Allocation Failure)
[2019-04-12T14:20:43.726+0200][1,165s] GC(0) Using 4 workers of 4 for evacuation
[2019-04-12T14:20:43.736+0200][1,176s] GC(0) ParNew: 87424K->10997K(109248K)
[2019-04-12T14:20:43.736+0200][1,176s] GC(0) CMS: 0K->0K(393216K)
[2019-04-12T14:20:43.736+0200][1,176s] GC(0) Metaspace: 23310K->23310K(1071104K)
[2019-04-12T14:20:43.736+0200][1,176s] GC(0) Pause Young (Allocation Failure) 85M->10M(490M) 10,413ms
[2019-04-12T14:20:43.736+0200][1,176s] GC(0) User=0,03s Sys=0,01s Real=0,01s
[2019-04-12T14:20:43.736+0200][1,176s] GC(1) Pause Initial Mark
[2019-04-12T14:20:43.738+0200][1,178s] GC(1) Pause Initial Mark 12M->12M(490M) 1,591ms
[2019-04-12T14:20:43.738+0200][1,178s] GC(1) User=0,01s Sys=0,00s Real=0,00s
[2019-04-12T14:20:43.738+0200][1,178s] GC(1) Concurrent Mark
[2019-04-12T14:20:43.738+0200][1,178s] GC(1) Using 4 workers of 4 for marking
[2019-04-12T14:20:43.739+0200][1,178s] GC(1) Concurrent Mark 0,797ms
[2019-04-12T14:20:43.739+0200][1,178s] GC(1) User=0,00s Sys=0,00s Real=0,00s
[2019-04-12T14:20:43.739+0200][1,179s] GC(1) Concurrent Preclean
[2019-04-12T14:20:43.740+0200][1,179s] GC(1) Concurrent Preclean 0,918ms
[2019-04-12T14:20:43.740+0200][1,179s] GC(1) User=0,00s Sys=0,00s Real=0,00s
[2019-04-12T14:20:43.740+0200][1,180s] GC(1) Pause Remark
[2019-04-12T14:20:43.740+0200][1,180s] GC(2) Pause Young (CMS Final Remark)
[2019-04-12T14:20:43.740+0200][1,180s] GC(2) Using 4 workers of 4 for evacuation
[2019-04-12T14:20:43.754+0200][1,194s] GC(2) ParNew: 12598K->12645K(109248K)
[2019-04-12T14:20:43.754+0200][1,194s] GC(2) CMS: 0K->0K(393216K)
[2019-04-12T14:20:43.754+0200][1,194s] GC(2) Metaspace: 23311K->23311K(1071104K)
[2019-04-12T14:20:43.754+0200][1,194s] GC(2) Pause Young (CMS Final Remark) 12M->12M(490M) 14,109ms
[2019-04-12T14:20:43.754+0200][1,194s] GC(2) User=0,05s Sys=0,00s Real=0,02s
[2019-04-12T14:20:43.764+0200][1,204s] GC(1) Pause Remark 12M->12M(490M) 24,151ms
[2019-04-12T14:20:43.764+0200][1,204s] GC(1) User=0,07s Sys=0,00s Real=0,02s
[2019-04-12T14:20:43.764+0200][1,204s] GC(1) Concurrent Sweep
[2019-04-12T14:20:43.764+0200][1,204s] GC(1) Concurrent Sweep 0,027ms
[2019-04-12T14:20:43.764+0200][1,204s] GC(1) User=0,00s Sys=0,00s Real=0,00s
[2019-04-12T14:20:43.764+0200][1,204s] GC(1) Concurrent Reset
[2019-04-12T14:20:43.767+0200][1,206s] GC(1) Concurrent Reset 2,561ms
[2019-04-12T14:20:43.767+0200][1,207s] GC(1) User=0,01s Sys=0,00s Real=0,01s
[2019-04-12T14:20:43.767+0200][1,207s] GC(1) Old: 0K->0K(393216K)
[2019-04-12T14:20:44.707+0200][2,146s] GC(3) Pause Young (Allocation Failure)
[2019-04-12T14:20:44.707+0200][2,146s] GC(3) Using 4 workers of 4 for evacuation
[2019-04-12T14:20:44.727+0200][2,166s] GC(3) ParNew: 100069K->16379K(109248K)
[2019-04-12T14:20:44.727+0200][2,166s] GC(3) CMS: 0K->0K(393216K)
[2019-04-12T14:20:44.727+0200][2,166s] GC(3) Metaspace: 32720K->32720K(1079296K)
[2019-04-12T14:20:44.727+0200][2,166s] GC(3) Pause Young (Allocation Failure) 97M->15M(490M) 20,214ms
[2019-04-12T14:20:44.727+0200][2,166s] GC(3) User=0,05s Sys=0,00s Real=0,02s
[2019-04-12T14:22:12.958+0200][90,398s] GC(4) Pause Young (Allocation Failure)
[2019-04-12T14:22:12.958+0200][90,398s] GC(4) Using 4 workers of 4 for evacuation
[2019-04-12T14:22:13.002+0200][90,442s] GC(4) ParNew: 103803K->21824K(109248K)
[2019-04-12T14:22:13.002+0200][90,442s] GC(4) CMS: 0K->854K(393216K)
[2019-04-12T14:22:13.002+0200][90,442s] GC(4) Metaspace: 39356K->39356K(1085440K)
[2019-04-12T14:22:13.002+0200][90,442s] GC(4) Pause Young (Allocation Failure) 101M->22M(490M) 44,025ms
[2019-04-12T14:22:13.002+0200][90,442s] GC(4) User=0,08s Sys=0,00s Real=0,04s
[2019-04-12T14:22:13.004+0200][90,443s] GC(5) Pause Initial Mark
[2019-04-12T14:22:13.008+0200][90,448s] GC(5) Pause Initial Mark 23M->23M(490M) 4,940ms
[2019-04-12T14:22:13.009+0200][90,448s] GC(5) User=0,01s Sys=0,00s Real=0,01s
[2019-04-12T14:22:13.012+0200][90,452s] GC(5) Concurrent Mark
[2019-04-12T14:22:13.012+0200][90,452s] GC(5) Using 4 workers of 4 for marking
[2019-04-12T14:22:13.015+0200][90,455s] GC(5) Concurrent Mark 3,062ms
[2019-04-12T14:22:13.015+0200][90,455s] GC(5) User=0,00s Sys=0,00s Real=0,01s
[2019-04-12T14:22:13.015+0200][90,455s] GC(5) Concurrent Preclean
[2019-04-12T14:22:13.016+0200][90,456s] GC(5) Concurrent Preclean 0,912ms
[2019-04-12T14:22:13.016+0200][90,456s] GC(5) User=0,00s Sys=0,00s Real=0,00s
[2019-04-12T14:22:13.019+0200][90,459s] GC(5) Pause Remark
[2019-04-12T14:22:13.019+0200][90,459s] GC(6) Pause Young (CMS Final Remark)
[2019-04-12T14:22:13.019+0200][90,459s] GC(6) Using 4 workers of 4 for evacuation
[2019-04-12T14:22:13.057+0200][90,497s] GC(6) ParNew: 23804K->21824K(109248K)
[2019-04-12T14:22:13.057+0200][90,497s] GC(6) CMS: 854K->11384K(393216K)
[2019-04-12T14:22:13.057+0200][90,497s] GC(6) Metaspace: 39381K->39381K(1085440K)
[2019-04-12T14:22:13.057+0200][90,497s] GC(6) Pause Young (CMS Final Remark) 24M->32M(490M) 38,021ms
[2019-04-12T14:22:13.057+0200][90,497s] GC(6) User=0,09s Sys=0,01s Real=0,04s
[2019-04-12T14:22:13.110+0200][90,549s] GC(5) Pause Remark 24M->32M(490M) 90,695ms
[2019-04-12T14:22:13.110+0200][90,549s] GC(5) User=0,17s Sys=0,01s Real=0,09s
[2019-04-12T14:22:13.118+0200][90,557s] GC(5) Concurrent Sweep
[2019-04-12T14:22:13.122+0200][90,561s] GC(5) Concurrent Sweep 3,677ms
[2019-04-12T14:22:13.122+0200][90,561s] GC(5) User=0,01s Sys=0,00s Real=0,00s
[2019-04-12T14:22:13.122+0200][90,561s] GC(5) Concurrent Reset
[2019-04-12T14:22:13.122+0200][90,562s] GC(5) Concurrent Reset 0,516ms
[2019-04-12T14:22:13.122+0200][90,562s] GC(5) User=0,00s Sys=0,00s Real=0,00s
[2019-04-12T14:22:13.122+0200][90,562s] GC(5) Old: 854K->11384K(393216K)
[2019-04-12T14:22:13.546+0200][90,986s] GC(7) Pause Young (Allocation Failure)
[2019-04-12T14:22:13.546+0200][90,986s] GC(7) Using 4 workers of 4 for evacuation
[2019-04-12T14:22:13.595+0200][91,035s] GC(7) ParNew: 109246K->14606K(109248K)
[2019-04-12T14:22:13.595+0200][91,035s] GC(7) CMS: 11384K->11384K(393216K)
[2019-04-12T14:22:13.595+0200][91,035s] GC(7) Metaspace: 40555K->40555K(1087488K)
[2019-04-12T14:22:13.595+0200][91,035s] GC(7) Pause Young (Allocation Failure) 117M->25M(490M) 49,258ms
[2019-04-12T14:22:13.595+0200][91,035s] GC(7) User=0,05s Sys=0,00s Real=0,05s
[2019-04-12T14:22:13.761+0200][91,201s] GC(8) Pause Young (Allocation Failure)
[2019-04-12T14:22:13.761+0200][91,201s] GC(8) Using 4 workers of 4 for evacuation
[2019-04-12T14:22:13.776+0200][91,216s] GC(8) ParNew: 102030K->14656K(109248K)
[2019-04-12T14:22:13.776+0200][91,216s] GC(8) CMS: 11384K->11384K(393216K)
[2019-04-12T14:22:13.776+0200][91,216s] GC(8) Metaspace: 40896K->40896K(1087488K)
[2019-04-12T14:22:13.776+0200][91,216s] GC(8) Pause Young (Allocation Failure) 110M->25M(490M) 14,685ms
[2019-04-12T14:22:13.776+0200][91,216s] GC(8) User=0,03s Sys=0,00s Real=0,02s
[2019-04-12T14:22:14.022+0200][91,461s] GC(9) Pause Young (Allocation Failure)
[2019-04-12T14:22:14.022+0200][91,461s] GC(9) Using 4 workers of 4 for evacuation
[2019-04-12T14:22:14.055+0200][91,495s] GC(9) ParNew: 102080K->17785K(109248K)
[2019-04-12T14:22:14.055+0200][91,495s] GC(9) CMS: 11384K->11384K(393216K)
[2019-04-12T14:22:14.055+0200][91,495s] GC(9) Metaspace: 41781K->41781K(1087488K)
[2019-04-12T14:22:14.055+0200][91,495s] GC(9) Pause Young (Allocation Failure) 110M->28M(490M) 33,509ms
[2019-04-12T14:22:14.055+0200][91,495s] GC(9) User=0,09s Sys=0,00s Real=0,04s
[2019-04-12T14:22:14.165+0200][91,604s] GC(10) Pause Young (Allocation Failure)
[2019-04-12T14:22:14.165+0200][91,604s] GC(10) Using 4 workers of 4 for evacuation
[2019-04-12T14:22:14.208+0200][91,647s] GC(10) ParNew: 105209K->17908K(109248K)
[2019-04-12T14:22:14.208+0200][91,647s] GC(10) CMS: 11384K->11384K(393216K)
[2019-04-12T14:22:14.208+0200][91,647s] GC(10) Metaspace: 42013K->42013K(1087488K)
[2019-04-12T14:22:14.208+0200][91,647s] GC(10) Pause Young (Allocation Failure) 113M->28M(490M) 43,093ms
[2019-04-12T14:22:14.208+0200][91,647s] GC(10) User=0,06s Sys=0,00s Real=0,05s
[2019-04-12T14:22:15.132+0200][92,572s] GC(11) Pause Young (Allocation Failure)
[2019-04-12T14:22:15.132+0200][92,572s] GC(11) Using 4 workers of 4 for evacuation
[2019-04-12T14:22:15.153+0200][92,593s] GC(11) ParNew: 105332K->16517K(109248K)
[2019-04-12T14:22:15.153+0200][92,593s] GC(11) CMS: 11384K->11384K(393216K)
[2019-04-12T14:22:15.153+0200][92,593s] GC(11) Metaspace: 43915K->43915K(1089536K)
[2019-04-12T14:22:15.153+0200][92,593s] GC(11) Pause Young (Allocation Failure) 113M->27M(490M) 21,061ms
[2019-04-12T14:22:15.153+0200][92,593s] GC(11) User=0,05s Sys=0,00s Real=0,02s
[2019-04-12T14:22:16.144+0200][93,583s] GC(12) Pause Young (Allocation Failure)
[2019-04-12T14:22:16.144+0200][93,583s] GC(12) Using 4 workers of 4 for evacuation
[2019-04-12T14:22:16.177+0200][93,617s] GC(12) ParNew: 103941K->15139K(109248K)
[2019-04-12T14:22:16.177+0200][93,617s] GC(12) CMS: 11384K->14695K(393216K)
[2019-04-12T14:22:16.177+0200][93,617s] GC(12) Metaspace: 47096K->47096K(1093632K)
[2019-04-12T14:22:16.177+0200][93,617s] GC(12) Pause Young (Allocation Failure) 112M->29M(490M) 33,515ms
[2019-04-12T14:22:16.177+0200][93,617s] GC(12) User=0,07s Sys=0,00s Real=0,04s
[2019-04-12T14:22:18.056+0200][95,496s] GC(13) Pause Young (Allocation Failure)
[2019-04-12T14:22:18.056+0200][95,496s] GC(13) Using 4 workers of 4 for evacuation
[2019-04-12T14:22:18.114+0200][95,553s] GC(13) ParNew: 102552K->21824K(109248K)
[2019-04-12T14:22:18.114+0200][95,553s] GC(13) CMS: 14695K->21771K(393216K)
[2019-04-12T14:22:18.114+0200][95,553s] GC(13) Metaspace: 50302K->50302K(1095680K)
[2019-04-12T14:22:18.114+0200][95,553s] GC(13) Pause Young (Allocation Failure) 114M->42M(490M) 57,554ms
[2019-04-12T14:22:18.114+0200][95,553s] GC(13) User=0,13s Sys=0,00s Real=0,06s
[2019-04-12T14:22:18.299+0200][95,739s] GC(14) Pause Young (Allocation Failure)
[2019-04-12T14:22:18.299+0200][95,739s] GC(14) Using 4 workers of 4 for evacuation
[2019-04-12T14:22:18.353+0200][95,792s] GC(14) ParNew: 109234K->21824K(109248K)
[2019-04-12T14:22:18.353+0200][95,792s] GC(14) CMS: 21803K->27312K(393216K)
[2019-04-12T14:22:18.353+0200][95,792s] GC(14) Metaspace: 50398K->50398K(1095680K)
[2019-04-12T14:22:18.353+0200][95,792s] GC(14) Pause Young (Allocation Failure) 127M->47M(490M) 53,483ms
[2019-04-12T14:22:18.353+0200][95,792s] GC(14) User=0,09s Sys=0,00s Real=0,05s
[2019-04-12T14:22:18.364+0200][95,804s] GC(15) Pause Young (GCLocker Initiated GC)
[2019-04-12T14:22:18.364+0200][95,804s] GC(15) Using 4 workers of 4 for evacuation
[2019-04-12T14:22:18.397+0200][95,836s] GC(15) ParNew: 26802K->21824K(109248K)
[2019-04-12T14:22:18.397+0200][95,836s] GC(15) CMS: 27312K->27442K(393216K)
[2019-04-12T14:22:18.397+0200][95,836s] GC(15) Metaspace: 50398K->50398K(1095680K)
[2019-04-12T14:22:18.397+0200][95,836s] GC(15) Pause Young (GCLocker Initiated GC) 52M->48M(490M) 32,333ms
[2019-04-12T14:22:18.397+0200][95,836s] GC(15) User=0,06s Sys=0,00s Real=0,04s
[2019-04-12T14:22:18.540+0200][95,980s] GC(16) Pause Young (Allocation Failure)
[2019-04-12T14:22:18.540+0200][95,980s] GC(16) Using 4 workers of 4 for evacuation
[2019-04-12T14:22:18.558+0200][95,998s] GC(16) ParNew: 109248K->21824K(109248K)
[2019-04-12T14:22:18.558+0200][95,998s] GC(16) CMS: 27442K->27564K(393216K)
[2019-04-12T14:22:18.558+0200][95,998s] GC(16) Metaspace: 50415K->50415K(1095680K)
[2019-04-12T14:22:18.558+0200][95,998s] GC(16) Pause Young (Allocation Failure) 133M->48M(490M) 18,182ms
[2019-04-12T14:22:18.558+0200][95,998s] GC(16) User=0,06s Sys=0,00s Real=0,02s
[2019-04-12T14:22:18.691+0200][96,130s] GC(17) Pause Young (Allocation Failure)
[2019-04-12T14:22:18.691+0200][96,131s] GC(17) Using 4 workers of 4 for evacuation
[2019-04-12T14:22:18.749+0200][96,189s] GC(17) ParNew: 109248K->21824K(109248K)
[2019-04-12T14:22:18.749+0200][96,189s] GC(17) CMS: 27564K->28833K(393216K)
[2019-04-12T14:22:18.749+0200][96,189s] GC(17) Metaspace: 50430K->50430K(1095680K)
[2019-04-12T14:22:18.750+0200][96,189s] GC(17) Pause Young (Allocation Failure) 133M->49M(490M) 58,544ms
[2019-04-12T14:22:18.750+0200][96,189s] GC(17) User=0,13s Sys=0,00s Real=0,06s
[2019-04-12T14:22:18.901+0200][96,340s] GC(18) Pause Young (Allocation Failure)
[2019-04-12T14:22:18.901+0200][96,340s] GC(18) Using 4 workers of 4 for evacuation
[2019-04-12T14:22:18.938+0200][96,378s] GC(18) ParNew: 109248K->21824K(109248K)
[2019-04-12T14:22:18.938+0200][96,378s] GC(18) CMS: 28833K->29077K(393216K)
[2019-04-12T14:22:18.938+0200][96,378s] GC(18) Metaspace: 50471K->50471K(1095680K)
[2019-04-12T14:22:18.938+0200][96,378s] GC(18) Pause Young (Allocation Failure) 134M->49M(490M) 37,763ms
[2019-04-12T14:22:18.938+0200][96,378s] GC(18) User=0,07s Sys=0,00s Real=0,04s
[2019-04-12T14:23:29.502+0200][166,942s] GC(19) Pause Young (Allocation Failure)
[2019-04-12T14:23:29.502+0200][166,942s] GC(19) Using 4 workers of 4 for evacuation
[2019-04-12T14:23:29.539+0200][166,979s] GC(19) ParNew: 109248K->21824K(109248K)
[2019-04-12T14:23:29.540+0200][166,979s] GC(19) CMS: 29077K->29077K(393216K)
[2019-04-12T14:23:29.540+0200][166,979s] GC(19) Metaspace: 50943K->50943K(1095680K)
[2019-04-12T14:23:29.540+0200][166,979s] GC(19) Pause Young (Allocation Failure) 135M->49M(490M) 37,515ms
[2019-04-12T14:23:29.540+0200][166,979s] GC(19) User=0,13s Sys=0,00s Real=0,04s
