[2019-04-12T14:20:37.264+0200][0.004s] Using Concurrent Mark Sweep
[2019-04-12T14:20:37.265+0200][0.004s] Heap address: 0x00000000e0000000, size: 512 MB, Compressed Oops mode: 32-bit
[2019-04-12T14:20:38.361+0200][1,101s] GC(0) Pause Young (Allocation Failure)
[2019-04-12T14:20:38.361+0200][1,101s] GC(0) Using 4 workers of 4 for evacuation
[2019-04-12T14:20:38.377+0200][1,116s] GC(0) ParNew: 87424K->11026K(109248K)
[2019-04-12T14:20:38.377+0200][1,116s] GC(0) CMS: 0K->0K(393216K)
[2019-04-12T14:20:38.377+0200][1,116s] GC(0) Metaspace: 23615K->23615K(1071104K)
[2019-04-12T14:20:38.377+0200][1,116s] GC(0) Pause Young (Allocation Failure) 85M->10M(490M) 15,654ms
[2019-04-12T14:20:38.377+0200][1,116s] GC(0) User=0,06s Sys=0,00s Real=0,02s
[2019-04-12T14:20:38.377+0200][1,117s] GC(1) Pause Initial Mark
[2019-04-12T14:20:38.380+0200][1,119s] GC(1) Pause Initial Mark 12M->12M(490M) 2,134ms
[2019-04-12T14:20:38.380+0200][1,119s] GC(1) User=0,00s Sys=0,01s Real=0,00s
[2019-04-12T14:20:38.380+0200][1,120s] GC(1) Concurrent Mark
[2019-04-12T14:20:38.380+0200][1,120s] GC(1) Using 4 workers of 4 for marking
[2019-04-12T14:20:38.381+0200][1,121s] GC(1) Concurrent Mark 1,220ms
[2019-04-12T14:20:38.381+0200][1,121s] GC(1) User=0,01s Sys=0,00s Real=0,00s
[2019-04-12T14:20:38.381+0200][1,121s] GC(1) Concurrent Preclean
[2019-04-12T14:20:38.382+0200][1,122s] GC(1) Concurrent Preclean 0,903ms
[2019-04-12T14:20:38.382+0200][1,122s] GC(1) User=0,00s Sys=0,00s Real=0,00s
[2019-04-12T14:20:38.383+0200][1,122s] GC(1) Pause Remark
[2019-04-12T14:20:38.383+0200][1,122s] GC(2) Pause Young (CMS Final Remark)
[2019-04-12T14:20:38.383+0200][1,122s] GC(2) Using 4 workers of 4 for evacuation
[2019-04-12T14:20:38.391+0200][1,130s] GC(2) ParNew: 12634K->14222K(109248K)
[2019-04-12T14:20:38.391+0200][1,130s] GC(2) CMS: 0K->0K(393216K)
[2019-04-12T14:20:38.391+0200][1,130s] GC(2) Metaspace: 23634K->23634K(1071104K)
[2019-04-12T14:20:38.391+0200][1,130s] GC(2) Pause Young (CMS Final Remark) 12M->13M(490M) 8,196ms
[2019-04-12T14:20:38.391+0200][1,130s] GC(2) User=0,03s Sys=0,00s Real=0,01s
[2019-04-12T14:20:38.402+0200][1,141s] GC(1) Pause Remark 12M->13M(490M) 19,064ms
[2019-04-12T14:20:38.402+0200][1,141s] GC(1) User=0,05s Sys=0,00s Real=0,02s
[2019-04-12T14:20:38.402+0200][1,141s] GC(1) Concurrent Sweep
[2019-04-12T14:20:38.402+0200][1,141s] GC(1) Concurrent Sweep 0,020ms
[2019-04-12T14:20:38.402+0200][1,141s] GC(1) User=0,00s Sys=0,00s Real=0,00s
[2019-04-12T14:20:38.404+0200][1,144s] GC(1) Concurrent Reset
[2019-04-12T14:20:38.407+0200][1,146s] GC(1) Concurrent Reset 2,366ms
[2019-04-12T14:20:38.407+0200][1,146s] GC(1) User=0,00s Sys=0,01s Real=0,01s
[2019-04-12T14:20:38.407+0200][1,146s] GC(1) Old: 0K->0K(393216K)
[2019-04-12T14:20:39.718+0200][2,458s] GC(3) Pause Young (Allocation Failure)
[2019-04-12T14:20:39.718+0200][2,458s] GC(3) Using 4 workers of 4 for evacuation
[2019-04-12T14:20:39.730+0200][2,469s] GC(3) ParNew: 101646K->17334K(109248K)
[2019-04-12T14:20:39.730+0200][2,469s] GC(3) CMS: 0K->0K(393216K)
[2019-04-12T14:20:39.730+0200][2,469s] GC(3) Metaspace: 32406K->32406K(1079296K)
[2019-04-12T14:20:39.730+0200][2,469s] GC(3) Pause Young (Allocation Failure) 99M->16M(490M) 11,675ms
[2019-04-12T14:20:39.730+0200][2,469s] GC(3) User=0,05s Sys=0,00s Real=0,01s
[2019-04-12T14:20:42.391+0200][5,131s] GC(4) Pause Young (Allocation Failure)
[2019-04-12T14:20:42.391+0200][5,131s] GC(4) Using 4 workers of 4 for evacuation
[2019-04-12T14:20:42.405+0200][5,144s] GC(4) ParNew: 104758K->21824K(109248K)
[2019-04-12T14:20:42.405+0200][5,144s] GC(4) CMS: 0K->0K(393216K)
[2019-04-12T14:20:42.405+0200][5,144s] GC(4) Metaspace: 39370K->39370K(1085440K)
[2019-04-12T14:20:42.405+0200][5,144s] GC(4) Pause Young (Allocation Failure) 102M->21M(490M) 13,420ms
[2019-04-12T14:20:42.405+0200][5,144s] GC(4) User=0,05s Sys=0,00s Real=0,01s
[2019-04-12T14:20:44.405+0200][7,144s] GC(5) Pause Initial Mark
[2019-04-12T14:20:44.410+0200][7,150s] GC(5) Pause Initial Mark 33M->33M(490M) 5,489ms
[2019-04-12T14:20:44.410+0200][7,150s] GC(5) User=0,01s Sys=0,00s Real=0,01s
[2019-04-12T14:20:44.410+0200][7,150s] GC(5) Concurrent Mark
[2019-04-12T14:20:44.410+0200][7,150s] GC(5) Using 4 workers of 4 for marking
[2019-04-12T14:20:44.412+0200][7,151s] GC(5) Concurrent Mark 1,446ms
[2019-04-12T14:20:44.412+0200][7,151s] GC(5) User=0,01s Sys=0,00s Real=0,00s
[2019-04-12T14:20:44.412+0200][7,151s] GC(5) Concurrent Preclean
[2019-04-12T14:20:44.413+0200][7,152s] GC(5) Concurrent Preclean 0,970ms
[2019-04-12T14:20:44.413+0200][7,152s] GC(5) User=0,00s Sys=0,00s Real=0,00s
[2019-04-12T14:20:44.413+0200][7,152s] GC(5) Concurrent Abortable Preclean
[2019-04-12T14:20:50.452+0200][13,192s] GC(5) Concurrent Abortable Preclean 6039,384ms
[2019-04-12T14:20:50.452+0200][13,192s] GC(5) User=3,05s Sys=0,01s Real=6,04s
[2019-04-12T14:20:50.452+0200][13,192s] GC(5) Pause Remark
[2019-04-12T14:20:50.452+0200][13,192s] GC(6) Pause Young (CMS Final Remark)
[2019-04-12T14:20:50.452+0200][13,192s] GC(6) Using 4 workers of 4 for evacuation
[2019-04-12T14:20:50.462+0200][13,202s] GC(6) ParNew: 36311K->20906K(109248K)
[2019-04-12T14:20:50.462+0200][13,202s] GC(6) CMS: 0K->0K(393216K)
[2019-04-12T14:20:50.462+0200][13,202s] GC(6) Metaspace: 40022K->40022K(1085440K)
[2019-04-12T14:20:50.462+0200][13,202s] GC(6) Pause Young (CMS Final Remark) 35M->20M(490M) 9,717ms
[2019-04-12T14:20:50.462+0200][13,202s] GC(6) User=0,04s Sys=0,00s Real=0,01s
[2019-04-12T14:20:50.476+0200][13,215s] GC(5) Pause Remark 35M->20M(490M) 23,461ms
[2019-04-12T14:20:50.476+0200][13,215s] GC(5) User=0,06s Sys=0,00s Real=0,03s
[2019-04-12T14:20:50.476+0200][13,215s] GC(5) Concurrent Sweep
[2019-04-12T14:20:50.476+0200][13,215s] GC(5) Concurrent Sweep 0,020ms
[2019-04-12T14:20:50.476+0200][13,215s] GC(5) User=0,00s Sys=0,00s Real=0,00s
[2019-04-12T14:20:50.476+0200][13,215s] GC(5) Concurrent Reset
[2019-04-12T14:20:50.476+0200][13,216s] GC(5) Concurrent Reset 0,252ms
[2019-04-12T14:20:50.476+0200][13,216s] GC(5) User=0,00s Sys=0,00s Real=0,00s
[2019-04-12T14:20:50.476+0200][13,216s] GC(5) Old: 0K->0K(393216K)
[2019-04-12T14:22:12.980+0200][95,719s] GC(7) Pause Young (Allocation Failure)
[2019-04-12T14:22:12.980+0200][95,719s] GC(7) Using 4 workers of 4 for evacuation
[2019-04-12T14:22:13.057+0200][95,797s] GC(7) ParNew: 108330K->21824K(109248K)
[2019-04-12T14:22:13.057+0200][95,797s] GC(7) CMS: 0K->2861K(393216K)
[2019-04-12T14:22:13.057+0200][95,797s] GC(7) Metaspace: 43587K->43587K(1089536K)
[2019-04-12T14:22:13.057+0200][95,797s] GC(7) Pause Young (Allocation Failure) 105M->24M(490M) 77,454ms
[2019-04-12T14:22:13.057+0200][95,797s] GC(7) User=0,11s Sys=0,01s Real=0,08s
[2019-04-12T14:22:13.494+0200][96,234s] GC(8) Pause Young (Allocation Failure)
[2019-04-12T14:22:13.494+0200][96,234s] GC(8) Using 4 workers of 4 for evacuation
[2019-04-12T14:22:13.545+0200][96,284s] GC(8) ParNew: 109248K->19660K(109248K)
[2019-04-12T14:22:13.545+0200][96,284s] GC(8) CMS: 2861K->11884K(393216K)
[2019-04-12T14:22:13.545+0200][96,284s] GC(8) Metaspace: 44733K->44733K(1091584K)
[2019-04-12T14:22:13.545+0200][96,284s] GC(8) Pause Young (Allocation Failure) 109M->30M(490M) 50,332ms
[2019-04-12T14:22:13.545+0200][96,284s] GC(8) User=0,08s Sys=0,01s Real=0,04s
[2019-04-12T14:22:13.695+0200][96,434s] GC(9) Pause Young (Allocation Failure)
[2019-04-12T14:22:13.695+0200][96,434s] GC(9) Using 4 workers of 4 for evacuation
[2019-04-12T14:22:13.721+0200][96,460s] GC(9) ParNew: 107084K->20972K(109248K)
[2019-04-12T14:22:13.721+0200][96,460s] GC(9) CMS: 11884K->11884K(393216K)
[2019-04-12T14:22:13.721+0200][96,460s] GC(9) Metaspace: 45023K->45023K(1091584K)
[2019-04-12T14:22:13.721+0200][96,460s] GC(9) Pause Young (Allocation Failure) 116M->32M(490M) 25,746ms
[2019-04-12T14:22:13.721+0200][96,460s] GC(9) User=0,03s Sys=0,00s Real=0,02s
[2019-04-12T14:22:13.903+0200][96,642s] GC(10) Pause Young (Allocation Failure)
[2019-04-12T14:22:13.903+0200][96,642s] GC(10) Using 4 workers of 4 for evacuation
[2019-04-12T14:22:13.930+0200][96,670s] GC(10) ParNew: 108396K->19124K(109248K)
[2019-04-12T14:22:13.930+0200][96,670s] GC(10) CMS: 11884K->11884K(393216K)
[2019-04-12T14:22:13.930+0200][96,670s] GC(10) Metaspace: 45880K->45880K(1091584K)
[2019-04-12T14:22:13.930+0200][96,670s] GC(10) Pause Young (Allocation Failure) 117M->30M(490M) 27,796ms
[2019-04-12T14:22:13.930+0200][96,670s] GC(10) User=0,06s Sys=0,00s Real=0,03s
[2019-04-12T14:22:14.074+0200][96,813s] GC(11) Pause Young (Allocation Failure)
[2019-04-12T14:22:14.074+0200][96,813s] GC(11) Using 4 workers of 4 for evacuation
[2019-04-12T14:22:14.110+0200][96,850s] GC(11) ParNew: 106548K->20782K(109248K)
[2019-04-12T14:22:14.110+0200][96,850s] GC(11) CMS: 11884K->11884K(393216K)
[2019-04-12T14:22:14.110+0200][96,850s] GC(11) Metaspace: 46098K->46098K(1091584K)
[2019-04-12T14:22:14.110+0200][96,850s] GC(11) Pause Young (Allocation Failure) 115M->31M(490M) 36,275ms
[2019-04-12T14:22:14.110+0200][96,850s] GC(11) User=0,05s Sys=0,00s Real=0,03s
[2019-04-12T14:22:15.055+0200][97,794s] GC(12) Pause Young (Allocation Failure)
[2019-04-12T14:22:15.055+0200][97,794s] GC(12) Using 4 workers of 4 for evacuation
[2019-04-12T14:22:15.080+0200][97,820s] GC(12) ParNew: 108206K->16624K(109248K)
[2019-04-12T14:22:15.080+0200][97,820s] GC(12) CMS: 11884K->14924K(393216K)
[2019-04-12T14:22:15.080+0200][97,820s] GC(12) Metaspace: 48849K->48849K(1093632K)
[2019-04-12T14:22:15.080+0200][97,820s] GC(12) Pause Young (Allocation Failure) 117M->30M(490M) 25,720ms
[2019-04-12T14:22:15.080+0200][97,820s] GC(12) User=0,07s Sys=0,00s Real=0,02s
[2019-04-12T14:22:16.022+0200][98,761s] GC(13) Pause Young (Allocation Failure)
[2019-04-12T14:22:16.022+0200][98,762s] GC(13) Using 4 workers of 4 for evacuation
[2019-04-12T14:22:16.059+0200][98,798s] GC(13) ParNew: 104048K->14512K(109248K)
[2019-04-12T14:22:16.059+0200][98,798s] GC(13) CMS: 14924K->17256K(393216K)
[2019-04-12T14:22:16.059+0200][98,798s] GC(13) Metaspace: 52254K->52254K(1097728K)
[2019-04-12T14:22:16.059+0200][98,798s] GC(13) Pause Young (Allocation Failure) 116M->31M(490M) 36,784ms
[2019-04-12T14:22:16.059+0200][98,798s] GC(13) User=0,08s Sys=0,00s Real=0,04s
[2019-04-12T14:22:18.179+0200][100,919s] GC(14) Pause Young (Allocation Failure)
[2019-04-12T14:22:18.179+0200][100,919s] GC(14) Using 4 workers of 4 for evacuation
[2019-04-12T14:22:18.247+0200][100,986s] GC(14) ParNew: 101936K->21824K(109248K)
[2019-04-12T14:22:18.247+0200][100,986s] GC(14) CMS: 17256K->28021K(393216K)
[2019-04-12T14:22:18.247+0200][100,986s] GC(14) Metaspace: 54694K->54694K(1099776K)
[2019-04-12T14:22:18.247+0200][100,986s] GC(14) Pause Young (Allocation Failure) 116M->48M(490M) 67,405ms
[2019-04-12T14:22:18.247+0200][100,986s] GC(14) User=0,13s Sys=0,00s Real=0,07s
[2019-04-12T14:22:18.362+0200][101,102s] GC(15) Pause Young (Allocation Failure)
[2019-04-12T14:22:18.362+0200][101,102s] GC(15) Using 4 workers of 4 for evacuation
[2019-04-12T14:22:18.397+0200][101,136s] GC(15) ParNew: 109248K->21824K(109248K)
[2019-04-12T14:22:18.397+0200][101,136s] GC(15) CMS: 28021K->35913K(393216K)
[2019-04-12T14:22:18.397+0200][101,136s] GC(15) Metaspace: 54741K->54741K(1099776K)
[2019-04-12T14:22:18.397+0200][101,136s] GC(15) Pause Young (Allocation Failure) 134M->56M(490M) 34,523ms
[2019-04-12T14:22:18.397+0200][101,136s] GC(15) User=0,07s Sys=0,00s Real=0,04s
[2019-04-12T14:22:18.522+0200][101,262s] GC(16) Pause Young (Allocation Failure)
[2019-04-12T14:22:18.522+0200][101,262s] GC(16) Using 4 workers of 4 for evacuation
[2019-04-12T14:22:18.558+0200][101,298s] GC(16) ParNew: 109248K->21824K(109248K)
[2019-04-12T14:22:18.558+0200][101,298s] GC(16) CMS: 35913K->36228K(393216K)
[2019-04-12T14:22:18.558+0200][101,298s] GC(16) Metaspace: 54791K->54791K(1099776K)
[2019-04-12T14:22:18.558+0200][101,298s] GC(16) Pause Young (Allocation Failure) 141M->56M(490M) 35,683ms
[2019-04-12T14:22:18.558+0200][101,298s] GC(16) User=0,05s Sys=0,00s Real=0,04s
[2019-04-12T14:22:18.707+0200][101,446s] GC(17) Pause Young (Allocation Failure)
[2019-04-12T14:22:18.707+0200][101,446s] GC(17) Using 4 workers of 4 for evacuation
[2019-04-12T14:22:18.746+0200][101,486s] GC(17) ParNew: 109248K->21071K(109248K)
[2019-04-12T14:22:18.746+0200][101,486s] GC(17) CMS: 36228K->36368K(393216K)
[2019-04-12T14:22:18.746+0200][101,486s] GC(17) Metaspace: 54839K->54839K(1099776K)
[2019-04-12T14:22:18.746+0200][101,486s] GC(17) Pause Young (Allocation Failure) 142M->56M(490M) 39,778ms
[2019-04-12T14:22:18.746+0200][101,486s] GC(17) User=0,07s Sys=0,00s Real=0,04s
[2019-04-12T14:22:18.926+0200][101,665s] GC(18) Pause Young (Allocation Failure)
[2019-04-12T14:22:18.926+0200][101,665s] GC(18) Using 4 workers of 4 for evacuation
[2019-04-12T14:22:18.950+0200][101,689s] GC(18) ParNew: 108495K->18701K(109248K)
[2019-04-12T14:22:18.950+0200][101,689s] GC(18) CMS: 36368K->36726K(393216K)
[2019-04-12T14:22:18.950+0200][101,689s] GC(18) Metaspace: 54895K->54895K(1099776K)
[2019-04-12T14:22:18.950+0200][101,690s] GC(18) Pause Young (Allocation Failure) 141M->54M(490M) 24,420ms
[2019-04-12T14:22:18.950+0200][101,690s] GC(18) User=0,06s Sys=0,01s Real=0,02s
[2019-04-12T14:22:19.450+0200][102,189s] GC(19) Pause Young (Allocation Failure)
[2019-04-12T14:22:19.450+0200][102,189s] GC(19) Using 4 workers of 4 for evacuation
[2019-04-12T14:22:19.491+0200][102,231s] GC(19) ParNew: 106125K->21079K(109248K)
[2019-04-12T14:22:19.492+0200][102,231s] GC(19) CMS: 36726K->36838K(393216K)
[2019-04-12T14:22:19.492+0200][102,231s] GC(19) Metaspace: 55177K->55177K(1099776K)
[2019-04-12T14:22:19.492+0200][102,231s] GC(19) Pause Young (Allocation Failure) 139M->56M(490M) 41,615ms
[2019-04-12T14:22:19.492+0200][102,231s] GC(19) User=0,08s Sys=0,00s Real=0,04s
[2019-04-12T14:59:38.452+0200][2341,191s] GC(20) Pause Young (Allocation Failure)
[2019-04-12T14:59:38.452+0200][2341,191s] GC(20) Using 4 workers of 4 for evacuation
[2019-04-12T14:59:38.475+0200][2341,214s] GC(20) ParNew: 108503K->21824K(109248K)
[2019-04-12T14:59:38.475+0200][2341,214s] GC(20) CMS: 36838K->38399K(393216K)
[2019-04-12T14:59:38.475+0200][2341,214s] GC(20) Metaspace: 59182K->59182K(1103872K)
[2019-04-12T14:59:38.475+0200][2341,215s] GC(20) Pause Young (Allocation Failure) 141M->58M(490M) 23,196ms
[2019-04-12T14:59:38.475+0200][2341,215s] GC(20) User=0,09s Sys=0,00s Real=0,03s
[2019-04-12T15:59:36.551+0200][5939,290s] GC(21) Pause Young (Allocation Failure)
[2019-04-12T15:59:36.551+0200][5939,291s] GC(21) Using 4 workers of 4 for evacuation
[2019-04-12T15:59:36.596+0200][5939,336s] GC(21) ParNew: 109248K->21824K(109248K)
[2019-04-12T15:59:36.597+0200][5939,336s] GC(21) CMS: 38399K->39315K(393216K)
[2019-04-12T15:59:36.597+0200][5939,336s] GC(21) Metaspace: 59729K->59729K(1103872K)
[2019-04-12T15:59:36.597+0200][5939,336s] GC(21) Pause Young (Allocation Failure) 144M->59M(490M) 45,697ms
[2019-04-12T15:59:36.597+0200][5939,336s] GC(21) User=0,08s Sys=0,00s Real=0,05s
