[2019-04-15T14:09:11.571+0200][0.092s] Using Concurrent Mark Sweep
[2019-04-15T14:09:11.571+0200][0.092s] Heap address: 0x00000000e0000000, size: 512 MB, Compressed Oops mode: 32-bit
[2019-04-15T14:09:14.428+0200][2,948s] GC(0) Pause Young (Allocation Failure)
[2019-04-15T14:09:14.428+0200][2,948s] GC(0) Using 4 workers of 4 for evacuation
[2019-04-15T14:09:14.441+0200][2,962s] GC(0) ParNew: 87424K->11033K(109248K)
[2019-04-15T14:09:14.441+0200][2,962s] GC(0) CMS: 0K->0K(393216K)
[2019-04-15T14:09:14.441+0200][2,962s] GC(0) Metaspace: 23522K->23522K(1071104K)
[2019-04-15T14:09:14.441+0200][2,962s] GC(0) Pause Young (Allocation Failure) 85M->10M(490M) 13,755ms
[2019-04-15T14:09:14.441+0200][2,962s] GC(0) User=0,04s Sys=0,00s Real=0,01s
[2019-04-15T14:09:14.442+0200][2,962s] GC(1) Pause Initial Mark
[2019-04-15T14:09:14.444+0200][2,964s] GC(1) Pause Initial Mark 12M->12M(490M) 1,797ms
[2019-04-15T14:09:14.444+0200][2,964s] GC(1) User=0,01s Sys=0,00s Real=0,00s
[2019-04-15T14:09:14.446+0200][2,966s] GC(1) Concurrent Mark
[2019-04-15T14:09:14.446+0200][2,966s] GC(1) Using 4 workers of 4 for marking
[2019-04-15T14:09:14.455+0200][2,976s] GC(1) Concurrent Mark 9,639ms
[2019-04-15T14:09:14.455+0200][2,976s] GC(1) User=0,02s Sys=0,00s Real=0,01s
[2019-04-15T14:09:14.455+0200][2,976s] GC(1) Concurrent Preclean
[2019-04-15T14:09:14.456+0200][2,977s] GC(1) Concurrent Preclean 1,044ms
[2019-04-15T14:09:14.457+0200][2,977s] GC(1) User=0,00s Sys=0,00s Real=0,00s
[2019-04-15T14:09:14.457+0200][2,978s] GC(1) Pause Remark
[2019-04-15T14:09:14.457+0200][2,978s] GC(2) Pause Young (CMS Final Remark)
[2019-04-15T14:09:14.457+0200][2,978s] GC(2) Using 4 workers of 4 for evacuation
[2019-04-15T14:09:14.479+0200][2,999s] GC(2) ParNew: 12648K->14106K(109248K)
[2019-04-15T14:09:14.479+0200][2,999s] GC(2) CMS: 0K->0K(393216K)
[2019-04-15T14:09:14.479+0200][2,999s] GC(2) Metaspace: 23603K->23603K(1071104K)
[2019-04-15T14:09:14.479+0200][2,999s] GC(2) Pause Young (CMS Final Remark) 12M->13M(490M) 21,809ms
[2019-04-15T14:09:14.479+0200][2,999s] GC(2) User=0,04s Sys=0,01s Real=0,02s
[2019-04-15T14:09:14.513+0200][3,033s] GC(1) Pause Remark 12M->13M(490M) 55,573ms
[2019-04-15T14:09:14.513+0200][3,033s] GC(1) User=0,08s Sys=0,01s Real=0,05s
[2019-04-15T14:09:14.514+0200][3,034s] GC(1) Concurrent Sweep
[2019-04-15T14:09:14.514+0200][3,034s] GC(1) Concurrent Sweep 0,055ms
[2019-04-15T14:09:14.514+0200][3,034s] GC(1) User=0,00s Sys=0,00s Real=0,00s
[2019-04-15T14:09:14.514+0200][3,035s] GC(1) Concurrent Reset
[2019-04-15T14:09:14.517+0200][3,037s] GC(1) Concurrent Reset 2,587ms
[2019-04-15T14:09:14.517+0200][3,037s] GC(1) User=0,00s Sys=0,00s Real=0,00s
[2019-04-15T14:09:14.517+0200][3,037s] GC(1) Old: 0K->0K(393216K)
[2019-04-15T14:09:16.156+0200][4,676s] GC(3) Pause Young (Allocation Failure)
[2019-04-15T14:09:16.156+0200][4,676s] GC(3) Using 4 workers of 4 for evacuation
[2019-04-15T14:09:16.212+0200][4,732s] GC(3) ParNew: 101494K->20944K(109248K)
[2019-04-15T14:09:16.212+0200][4,732s] GC(3) CMS: 0K->0K(393216K)
[2019-04-15T14:09:16.212+0200][4,732s] GC(3) Metaspace: 32220K->32220K(1079296K)
[2019-04-15T14:09:16.212+0200][4,732s] GC(3) Pause Young (Allocation Failure) 99M->20M(490M) 56,324ms
[2019-04-15T14:09:16.212+0200][4,732s] GC(3) User=0,09s Sys=0,00s Real=0,05s
[2019-04-15T14:09:16.440+0200][4,960s] GC(4) Pause Young (Allocation Failure)
[2019-04-15T14:09:16.440+0200][4,960s] GC(4) Using 4 workers of 4 for evacuation
[2019-04-15T14:09:16.504+0200][5,025s] GC(4) ParNew: 108368K->21824K(109248K)
[2019-04-15T14:09:16.504+0200][5,025s] GC(4) CMS: 0K->20605K(393216K)
[2019-04-15T14:09:16.504+0200][5,025s] GC(4) Metaspace: 32616K->32616K(1079296K)
[2019-04-15T14:09:16.504+0200][5,025s] GC(4) Pause Young (Allocation Failure) 105M->41M(490M) 64,567ms
[2019-04-15T14:09:16.504+0200][5,025s] GC(4) User=0,06s Sys=0,03s Real=0,06s
[2019-04-15T14:09:33.863+0200][22,384s] GC(5) Pause Young (Allocation Failure)
[2019-04-15T14:09:33.863+0200][22,384s] GC(5) Using 4 workers of 4 for evacuation
[2019-04-15T14:09:33.914+0200][22,435s] GC(5) ParNew: 109248K->21824K(109248K)
[2019-04-15T14:09:33.914+0200][22,435s] GC(5) CMS: 20605K->31238K(393216K)
[2019-04-15T14:09:33.914+0200][22,435s] GC(5) Metaspace: 39231K->39231K(1085440K)
[2019-04-15T14:09:33.914+0200][22,435s] GC(5) Pause Young (Allocation Failure) 126M->51M(490M) 50,993ms
[2019-04-15T14:09:33.914+0200][22,435s] GC(5) User=0,10s Sys=0,01s Real=0,06s
[2019-04-15T14:09:34.829+0200][23,350s] GC(6) Pause Young (Allocation Failure)
[2019-04-15T14:09:34.829+0200][23,350s] GC(6) Using 4 workers of 4 for evacuation
[2019-04-15T14:09:34.850+0200][23,370s] GC(6) ParNew: 109248K->21824K(109248K)
[2019-04-15T14:09:34.850+0200][23,370s] GC(6) CMS: 31238K->33648K(393216K)
[2019-04-15T14:09:34.850+0200][23,370s] GC(6) Metaspace: 41542K->41542K(1087488K)
[2019-04-15T14:09:34.850+0200][23,370s] GC(6) Pause Young (Allocation Failure) 137M->54M(490M) 20,298ms
[2019-04-15T14:09:34.850+0200][23,370s] GC(6) User=0,05s Sys=0,00s Real=0,02s
[2019-04-15T14:09:34.853+0200][23,373s] GC(7) Pause Initial Mark
[2019-04-15T14:09:34.856+0200][23,376s] GC(7) Pause Initial Mark 55M->55M(490M) 2,717ms
[2019-04-15T14:09:34.856+0200][23,376s] GC(7) User=0,01s Sys=0,00s Real=0,01s
[2019-04-15T14:09:34.856+0200][23,376s] GC(7) Concurrent Mark
[2019-04-15T14:09:34.856+0200][23,376s] GC(7) Using 4 workers of 4 for marking
[2019-04-15T14:09:34.880+0200][23,400s] GC(7) Concurrent Mark 24,288ms
[2019-04-15T14:09:34.880+0200][23,400s] GC(7) User=0,06s Sys=0,00s Real=0,02s
[2019-04-15T14:09:34.880+0200][23,400s] GC(7) Concurrent Preclean
[2019-04-15T14:09:34.882+0200][23,403s] GC(7) Concurrent Preclean 2,326ms
[2019-04-15T14:09:34.882+0200][23,403s] GC(7) User=0,01s Sys=0,00s Real=0,00s
[2019-04-15T14:09:34.882+0200][23,403s] GC(7) Concurrent Abortable Preclean
[2019-04-15T14:09:35.106+0200][23,627s] GC(8) Pause Young (Allocation Failure)
[2019-04-15T14:09:35.106+0200][23,627s] GC(8) Using 4 workers of 4 for evacuation
[2019-04-15T14:09:35.133+0200][23,654s] GC(8) ParNew: 109248K->21824K(109248K)
[2019-04-15T14:09:35.133+0200][23,654s] GC(8) CMS: 33648K->34094K(393216K)
[2019-04-15T14:09:35.133+0200][23,654s] GC(8) Metaspace: 42052K->42052K(1087488K)
[2019-04-15T14:09:35.133+0200][23,654s] GC(8) Pause Young (Allocation Failure) 139M->54M(490M) 27,207ms
[2019-04-15T14:09:35.133+0200][23,654s] GC(8) User=0,06s Sys=0,00s Real=0,03s
[2019-04-15T14:09:35.734+0200][24,255s] GC(7) Concurrent Abortable Preclean 851,983ms
[2019-04-15T14:09:35.734+0200][24,255s] GC(7) User=1,98s Sys=0,04s Real=0,86s
[2019-04-15T14:09:35.735+0200][24,255s] GC(7) Pause Remark
[2019-04-15T14:09:35.735+0200][24,255s] GC(9) Pause Young (CMS Final Remark)
[2019-04-15T14:09:35.735+0200][24,255s] GC(9) Using 4 workers of 4 for evacuation
[2019-04-15T14:09:35.789+0200][24,309s] GC(9) ParNew: 73153K->21824K(109248K)
[2019-04-15T14:09:35.789+0200][24,309s] GC(9) CMS: 34094K->35359K(393216K)
[2019-04-15T14:09:35.789+0200][24,309s] GC(9) Metaspace: 43637K->43637K(1089536K)
[2019-04-15T14:09:35.789+0200][24,309s] GC(9) Pause Young (CMS Final Remark) 104M->55M(490M) 53,935ms
[2019-04-15T14:09:35.789+0200][24,309s] GC(9) User=0,06s Sys=0,01s Real=0,05s
[2019-04-15T14:09:35.858+0200][24,379s] GC(7) Pause Remark 104M->55M(490M) 123,434ms
[2019-04-15T14:09:35.858+0200][24,379s] GC(7) User=0,12s Sys=0,01s Real=0,12s
[2019-04-15T14:09:35.858+0200][24,379s] GC(7) Concurrent Sweep
[2019-04-15T14:09:35.871+0200][24,392s] GC(7) Concurrent Sweep 12,844ms
[2019-04-15T14:09:35.871+0200][24,392s] GC(7) User=0,03s Sys=0,00s Real=0,01s
[2019-04-15T14:09:35.871+0200][24,392s] GC(7) Concurrent Reset
[2019-04-15T14:09:35.872+0200][24,392s] GC(7) Concurrent Reset 0,482ms
[2019-04-15T14:09:35.872+0200][24,392s] GC(7) User=0,00s Sys=0,00s Real=0,00s
[2019-04-15T14:09:35.872+0200][24,392s] GC(7) Old: 33648K->35349K(393216K)
[2019-04-15T14:09:36.363+0200][24,883s] GC(10) Pause Young (Allocation Failure)
[2019-04-15T14:09:36.363+0200][24,883s] GC(10) Using 4 workers of 4 for evacuation
[2019-04-15T14:09:36.421+0200][24,941s] GC(10) ParNew: 109248K->21824K(109248K)
[2019-04-15T14:09:36.421+0200][24,941s] GC(10) CMS: 35349K->36960K(393216K)
[2019-04-15T14:09:36.421+0200][24,941s] GC(10) Metaspace: 43800K->43800K(1089536K)
[2019-04-15T14:09:36.421+0200][24,942s] GC(10) Pause Young (Allocation Failure) 141M->57M(490M) 58,313ms
[2019-04-15T14:09:36.421+0200][24,942s] GC(10) User=0,06s Sys=0,00s Real=0,06s
[2019-04-15T14:09:36.593+0200][25,113s] GC(11) Pause Young (Allocation Failure)
[2019-04-15T14:09:36.593+0200][25,113s] GC(11) Using 4 workers of 4 for evacuation
[2019-04-15T14:09:36.637+0200][25,157s] GC(11) ParNew: 109248K->21824K(109248K)
[2019-04-15T14:09:36.637+0200][25,157s] GC(11) CMS: 36960K->37400K(393216K)
[2019-04-15T14:09:36.637+0200][25,157s] GC(11) Metaspace: 43841K->43841K(1089536K)
[2019-04-15T14:09:36.637+0200][25,157s] GC(11) Pause Young (Allocation Failure) 142M->57M(490M) 44,086ms
[2019-04-15T14:09:36.637+0200][25,157s] GC(11) User=0,11s Sys=0,00s Real=0,05s
[2019-04-15T14:09:37.878+0200][26,398s] GC(12) Pause Young (Allocation Failure)
[2019-04-15T14:09:37.878+0200][26,398s] GC(12) Using 4 workers of 4 for evacuation
[2019-04-15T14:09:37.952+0200][26,472s] GC(12) ParNew: 109248K->21824K(109248K)
[2019-04-15T14:09:37.952+0200][26,472s] GC(12) CMS: 37400K->41258K(393216K)
[2019-04-15T14:09:37.952+0200][26,472s] GC(12) Metaspace: 46951K->46951K(1091584K)
[2019-04-15T14:09:37.952+0200][26,472s] GC(12) Pause Young (Allocation Failure) 143M->61M(490M) 74,217ms
[2019-04-15T14:09:37.952+0200][26,472s] GC(12) User=0,12s Sys=0,00s Real=0,07s
[2019-04-15T14:09:40.114+0200][28,635s] GC(13) Pause Young (Allocation Failure)
[2019-04-15T14:09:40.114+0200][28,635s] GC(13) Using 4 workers of 4 for evacuation
[2019-04-15T14:09:40.169+0200][28,689s] GC(13) ParNew: 109248K->21824K(109248K)
[2019-04-15T14:09:40.169+0200][28,690s] GC(13) CMS: 41258K->47776K(393216K)
[2019-04-15T14:09:40.169+0200][28,690s] GC(13) Metaspace: 50049K->50049K(1095680K)
[2019-04-15T14:09:40.169+0200][28,690s] GC(13) Pause Young (Allocation Failure) 146M->67M(490M) 54,712ms
[2019-04-15T14:09:40.169+0200][28,690s] GC(13) User=0,09s Sys=0,00s Real=0,05s
[2019-04-15T14:09:44.017+0200][32,537s] GC(14) Pause Young (Allocation Failure)
[2019-04-15T14:09:44.017+0200][32,538s] GC(14) Using 4 workers of 4 for evacuation
[2019-04-15T14:09:44.088+0200][32,608s] GC(14) ParNew: 109158K->21824K(109248K)
[2019-04-15T14:09:44.088+0200][32,608s] GC(14) CMS: 47776K->61487K(393216K)
[2019-04-15T14:09:44.088+0200][32,608s] GC(14) Metaspace: 52486K->52486K(1097728K)
[2019-04-15T14:09:44.088+0200][32,608s] GC(14) Pause Young (Allocation Failure) 153M->81M(490M) 70,696ms
[2019-04-15T14:09:44.088+0200][32,608s] GC(14) User=0,14s Sys=0,00s Real=0,07s
[2019-04-15T14:10:13.463+0200][61,984s] GC(15) Pause Young (Allocation Failure)
[2019-04-15T14:10:13.463+0200][61,984s] GC(15) Using 4 workers of 4 for evacuation
[2019-04-15T14:10:13.501+0200][62,021s] GC(15) ParNew: 109248K->21824K(109248K)
[2019-04-15T14:10:13.501+0200][62,021s] GC(15) CMS: 61487K->65549K(393216K)
[2019-04-15T14:10:13.501+0200][62,021s] GC(15) Metaspace: 54032K->54032K(1099776K)
[2019-04-15T14:10:13.501+0200][62,021s] GC(15) Pause Young (Allocation Failure) 166M->85M(490M) 37,590ms
[2019-04-15T14:10:13.501+0200][62,021s] GC(15) User=0,09s Sys=0,01s Real=0,04s
[2019-04-15T14:10:14.931+0200][63,451s] GC(16) Pause Young (Allocation Failure)
[2019-04-15T14:10:14.931+0200][63,451s] GC(16) Using 4 workers of 4 for evacuation
[2019-04-15T14:10:14.998+0200][63,519s] GC(16) ParNew: 109248K->21824K(109248K)
[2019-04-15T14:10:14.998+0200][63,519s] GC(16) CMS: 65549K->83446K(393216K)
[2019-04-15T14:10:14.998+0200][63,519s] GC(16) Metaspace: 59019K->59019K(1103872K)
[2019-04-15T14:10:14.999+0200][63,519s] GC(16) Pause Young (Allocation Failure) 170M->102M(490M) 67,944ms
[2019-04-15T14:10:14.999+0200][63,519s] GC(16) User=0,14s Sys=0,00s Real=0,07s
[2019-04-15T14:10:16.389+0200][64,909s] GC(17) Pause Young (Allocation Failure)
[2019-04-15T14:10:16.389+0200][64,909s] GC(17) Using 4 workers of 4 for evacuation
[2019-04-15T14:10:16.454+0200][64,975s] GC(17) ParNew: 109248K->21824K(109248K)
[2019-04-15T14:10:16.454+0200][64,975s] GC(17) CMS: 83446K->94347K(393216K)
[2019-04-15T14:10:16.454+0200][64,975s] GC(17) Metaspace: 60825K->60825K(1105920K)
[2019-04-15T14:10:16.454+0200][64,975s] GC(17) Pause Young (Allocation Failure) 188M->113M(490M) 65,922ms
[2019-04-15T14:10:16.454+0200][64,975s] GC(17) User=0,11s Sys=0,00s Real=0,07s
[2019-04-15T14:10:17.153+0200][65,674s] GC(18) Pause Young (Allocation Failure)
[2019-04-15T14:10:17.153+0200][65,674s] GC(18) Using 4 workers of 4 for evacuation
[2019-04-15T14:10:17.214+0200][65,734s] GC(18) ParNew: 109248K->20626K(109248K)
[2019-04-15T14:10:17.214+0200][65,734s] GC(18) CMS: 94347K->98096K(393216K)
[2019-04-15T14:10:17.214+0200][65,734s] GC(18) Metaspace: 60886K->60886K(1105920K)
[2019-04-15T14:10:17.214+0200][65,734s] GC(18) Pause Young (Allocation Failure) 198M->115M(490M) 60,419ms
[2019-04-15T14:10:17.214+0200][65,734s] GC(18) User=0,09s Sys=0,00s Real=0,06s
[2019-04-15T14:10:17.565+0200][66,085s] GC(19) Pause Young (Allocation Failure)
[2019-04-15T14:10:17.565+0200][66,085s] GC(19) Using 4 workers of 4 for evacuation
[2019-04-15T14:10:17.608+0200][66,128s] GC(19) ParNew: 108050K->21824K(109248K)
[2019-04-15T14:10:17.608+0200][66,128s] GC(19) CMS: 98096K->98096K(393216K)
[2019-04-15T14:10:17.608+0200][66,128s] GC(19) Metaspace: 60902K->60902K(1105920K)
[2019-04-15T14:10:17.608+0200][66,128s] GC(19) Pause Young (Allocation Failure) 201M->117M(490M) 43,054ms
[2019-04-15T14:10:17.608+0200][66,128s] GC(19) User=0,08s Sys=0,00s Real=0,05s
[2019-04-15T14:10:17.865+0200][66,386s] GC(20) Pause Young (Allocation Failure)
[2019-04-15T14:10:17.865+0200][66,386s] GC(20) Using 4 workers of 4 for evacuation
[2019-04-15T14:10:17.913+0200][66,434s] GC(20) ParNew: 109248K->21824K(109248K)
[2019-04-15T14:10:17.913+0200][66,434s] GC(20) CMS: 98096K->98285K(393216K)
[2019-04-15T14:10:17.913+0200][66,434s] GC(20) Metaspace: 60968K->60968K(1105920K)
[2019-04-15T14:10:17.913+0200][66,434s] GC(20) Pause Young (Allocation Failure) 202M->117M(490M) 48,125ms
[2019-04-15T14:10:17.913+0200][66,434s] GC(20) User=0,08s Sys=0,00s Real=0,05s
[2019-04-15T14:10:18.092+0200][66,613s] GC(21) Pause Young (Allocation Failure)
[2019-04-15T14:10:18.092+0200][66,613s] GC(21) Using 4 workers of 4 for evacuation
[2019-04-15T14:10:18.128+0200][66,649s] GC(21) ParNew: 109248K->21824K(109248K)
[2019-04-15T14:10:18.128+0200][66,649s] GC(21) CMS: 98285K->98512K(393216K)
[2019-04-15T14:10:18.128+0200][66,649s] GC(21) Metaspace: 60987K->60987K(1105920K)
[2019-04-15T14:10:18.128+0200][66,649s] GC(21) Pause Young (Allocation Failure) 202M->117M(490M) 36,052ms
[2019-04-15T14:10:18.128+0200][66,649s] GC(21) User=0,09s Sys=0,00s Real=0,04s
[2019-04-15T14:10:18.291+0200][66,811s] GC(22) Pause Young (Allocation Failure)
[2019-04-15T14:10:18.291+0200][66,811s] GC(22) Using 4 workers of 4 for evacuation
[2019-04-15T14:10:18.312+0200][66,832s] GC(22) ParNew: 109248K->21824K(109248K)
[2019-04-15T14:10:18.312+0200][66,832s] GC(22) CMS: 98512K->98761K(393216K)
[2019-04-15T14:10:18.312+0200][66,832s] GC(22) Metaspace: 60996K->60996K(1105920K)
[2019-04-15T14:10:18.312+0200][66,832s] GC(22) Pause Young (Allocation Failure) 202M->117M(490M) 20,987ms
[2019-04-15T14:10:18.312+0200][66,832s] GC(22) User=0,08s Sys=0,00s Real=0,02s
[2019-04-15T14:10:18.443+0200][66,964s] GC(23) Pause Young (Allocation Failure)
[2019-04-15T14:10:18.443+0200][66,964s] GC(23) Using 4 workers of 4 for evacuation
[2019-04-15T14:10:18.466+0200][66,986s] GC(23) ParNew: 109248K->21824K(109248K)
[2019-04-15T14:10:18.466+0200][66,987s] GC(23) CMS: 98761K->100709K(393216K)
[2019-04-15T14:10:18.466+0200][66,987s] GC(23) Metaspace: 61006K->61006K(1105920K)
[2019-04-15T14:10:18.466+0200][66,987s] GC(23) Pause Young (Allocation Failure) 203M->119M(490M) 22,711ms
[2019-04-15T14:10:18.466+0200][66,987s] GC(23) User=0,09s Sys=0,00s Real=0,03s
[2019-04-15T14:10:19.038+0200][67,559s] GC(24) Pause Young (Allocation Failure)
[2019-04-15T14:10:19.038+0200][67,559s] GC(24) Using 4 workers of 4 for evacuation
[2019-04-15T14:10:19.071+0200][67,591s] GC(24) ParNew: 109248K->21824K(109248K)
[2019-04-15T14:10:19.071+0200][67,591s] GC(24) CMS: 100709K->108043K(393216K)
[2019-04-15T14:10:19.071+0200][67,591s] GC(24) Metaspace: 61478K->61478K(1105920K)
[2019-04-15T14:10:19.071+0200][67,591s] GC(24) Pause Young (Allocation Failure) 205M->126M(490M) 32,390ms
[2019-04-15T14:10:19.071+0200][67,591s] GC(24) User=0,11s Sys=0,00s Real=0,03s
[2019-04-15T14:10:19.372+0200][67,892s] GC(25) Pause Young (Allocation Failure)
[2019-04-15T14:10:19.372+0200][67,892s] GC(25) Using 4 workers of 4 for evacuation
[2019-04-15T14:10:19.414+0200][67,935s] GC(25) ParNew: 109248K->21824K(109248K)
[2019-04-15T14:10:19.414+0200][67,935s] GC(25) CMS: 108043K->116318K(393216K)
[2019-04-15T14:10:19.414+0200][67,935s] GC(25) Metaspace: 61498K->61498K(1105920K)
[2019-04-15T14:10:19.414+0200][67,935s] GC(25) Pause Young (Allocation Failure) 212M->134M(490M) 42,612ms
[2019-04-15T14:10:19.414+0200][67,935s] GC(25) User=0,10s Sys=0,01s Real=0,05s
[2019-04-15T14:10:19.744+0200][68,265s] GC(26) Pause Young (Allocation Failure)
[2019-04-15T14:10:19.744+0200][68,265s] GC(26) Using 4 workers of 4 for evacuation
[2019-04-15T14:10:19.816+0200][68,336s] GC(26) ParNew: 109248K->21824K(109248K)
[2019-04-15T14:10:19.816+0200][68,336s] GC(26) CMS: 116318K->138598K(393216K)
[2019-04-15T14:10:19.816+0200][68,336s] GC(26) Metaspace: 61555K->61555K(1105920K)
[2019-04-15T14:10:19.816+0200][68,336s] GC(26) Pause Young (Allocation Failure) 220M->156M(490M) 71,380ms
[2019-04-15T14:10:19.816+0200][68,336s] GC(26) User=0,14s Sys=0,01s Real=0,08s
[2019-04-15T14:10:20.113+0200][68,633s] GC(27) Pause Young (Allocation Failure)
[2019-04-15T14:10:20.113+0200][68,634s] GC(27) Using 4 workers of 4 for evacuation
[2019-04-15T14:10:20.141+0200][68,661s] GC(27) ParNew: 109248K->21824K(109248K)
[2019-04-15T14:10:20.141+0200][68,662s] GC(27) CMS: 138598K->149232K(393216K)
[2019-04-15T14:10:20.141+0200][68,662s] GC(27) Metaspace: 61573K->61573K(1105920K)
[2019-04-15T14:10:20.141+0200][68,662s] GC(27) Pause Young (Allocation Failure) 242M->167M(490M) 28,081ms
[2019-04-15T14:10:20.141+0200][68,662s] GC(27) User=0,08s Sys=0,00s Real=0,02s
[2019-04-15T14:10:20.428+0200][68,948s] GC(28) Pause Young (Allocation Failure)
[2019-04-15T14:10:20.428+0200][68,948s] GC(28) Using 4 workers of 4 for evacuation
[2019-04-15T14:10:20.450+0200][68,970s] GC(28) ParNew: 109248K->16971K(109248K)
[2019-04-15T14:10:20.450+0200][68,970s] GC(28) CMS: 149232K->149232K(393216K)
[2019-04-15T14:10:20.450+0200][68,970s] GC(28) Metaspace: 61576K->61576K(1105920K)
[2019-04-15T14:10:20.450+0200][68,970s] GC(28) Pause Young (Allocation Failure) 252M->162M(490M) 22,173ms
[2019-04-15T14:10:20.450+0200][68,970s] GC(28) User=0,04s Sys=0,00s Real=0,02s
[2019-04-15T14:10:20.798+0200][69,319s] GC(29) Pause Young (Allocation Failure)
[2019-04-15T14:10:20.798+0200][69,319s] GC(29) Using 4 workers of 4 for evacuation
[2019-04-15T14:10:20.825+0200][69,346s] GC(29) ParNew: 104395K->21091K(109248K)
[2019-04-15T14:10:20.826+0200][69,346s] GC(29) CMS: 149232K->149232K(393216K)
[2019-04-15T14:10:20.826+0200][69,346s] GC(29) Metaspace: 61584K->61584K(1105920K)
[2019-04-15T14:10:20.826+0200][69,346s] GC(29) Pause Young (Allocation Failure) 247M->166M(490M) 27,352ms
[2019-04-15T14:10:20.826+0200][69,346s] GC(29) User=0,04s Sys=0,00s Real=0,03s
[2019-04-15T14:10:21.181+0200][69,701s] GC(30) Pause Young (Allocation Failure)
[2019-04-15T14:10:21.181+0200][69,701s] GC(30) Using 4 workers of 4 for evacuation
[2019-04-15T14:10:21.211+0200][69,731s] GC(30) ParNew: 108515K->15889K(109248K)
[2019-04-15T14:10:21.211+0200][69,731s] GC(30) CMS: 149232K->149232K(393216K)
[2019-04-15T14:10:21.211+0200][69,731s] GC(30) Metaspace: 61589K->61589K(1105920K)
[2019-04-15T14:10:21.211+0200][69,731s] GC(30) Pause Young (Allocation Failure) 251M->161M(490M) 30,267ms
[2019-04-15T14:10:21.211+0200][69,731s] GC(30) User=0,06s Sys=0,00s Real=0,03s
[2019-04-15T14:10:21.491+0200][70,011s] GC(31) Pause Young (Allocation Failure)
[2019-04-15T14:10:21.491+0200][70,011s] GC(31) Using 4 workers of 4 for evacuation
[2019-04-15T14:10:21.556+0200][70,076s] GC(31) ParNew: 103313K->21824K(109248K)
[2019-04-15T14:10:21.556+0200][70,076s] GC(31) CMS: 149232K->149232K(393216K)
[2019-04-15T14:10:21.556+0200][70,076s] GC(31) Metaspace: 61612K->61612K(1105920K)
[2019-04-15T14:10:21.556+0200][70,076s] GC(31) Pause Young (Allocation Failure) 246M->167M(490M) 65,063ms
[2019-04-15T14:10:21.556+0200][70,076s] GC(31) User=0,15s Sys=0,00s Real=0,07s
[2019-04-15T14:10:21.700+0200][70,220s] GC(32) Pause Young (Allocation Failure)
[2019-04-15T14:10:21.700+0200][70,220s] GC(32) Using 4 workers of 4 for evacuation
[2019-04-15T14:10:21.719+0200][70,240s] GC(32) ParNew: 109248K->15720K(109248K)
[2019-04-15T14:10:21.719+0200][70,240s] GC(32) CMS: 149232K->149232K(393216K)
[2019-04-15T14:10:21.719+0200][70,240s] GC(32) Metaspace: 61613K->61613K(1105920K)
[2019-04-15T14:10:21.719+0200][70,240s] GC(32) Pause Young (Allocation Failure) 252M->161M(490M) 19,792ms
[2019-04-15T14:10:21.719+0200][70,240s] GC(32) User=0,04s Sys=0,00s Real=0,02s
[2019-04-15T14:10:22.351+0200][70,872s] GC(33) Pause Young (Allocation Failure)
[2019-04-15T14:10:22.351+0200][70,872s] GC(33) Using 4 workers of 4 for evacuation
[2019-04-15T14:10:22.365+0200][70,886s] GC(33) ParNew: 103144K->19617K(109248K)
[2019-04-15T14:10:22.366+0200][70,886s] GC(33) CMS: 149232K->150698K(393216K)
[2019-04-15T14:10:22.366+0200][70,886s] GC(33) Metaspace: 61766K->61766K(1105920K)
[2019-04-15T14:10:22.366+0200][70,886s] GC(33) Pause Young (Allocation Failure) 246M->166M(490M) 14,465ms
[2019-04-15T14:10:22.366+0200][70,886s] GC(33) User=0,03s Sys=0,01s Real=0,02s
[2019-04-15T14:10:23.606+0200][72,126s] GC(34) Pause Young (Allocation Failure)
[2019-04-15T14:10:23.606+0200][72,126s] GC(34) Using 4 workers of 4 for evacuation
[2019-04-15T14:10:23.673+0200][72,193s] GC(34) ParNew: 107041K->12450K(109248K)
[2019-04-15T14:10:23.673+0200][72,193s] GC(34) CMS: 150698K->157600K(393216K)
[2019-04-15T14:10:23.673+0200][72,193s] GC(34) Metaspace: 65396K->65396K(1110016K)
[2019-04-15T14:10:23.673+0200][72,193s] GC(34) Pause Young (Allocation Failure) 251M->166M(490M) 66,905ms
[2019-04-15T14:10:23.673+0200][72,193s] GC(34) User=0,14s Sys=0,00s Real=0,06s
[2019-04-15T14:10:24.161+0200][72,682s] GC(35) Pause Young (Allocation Failure)
[2019-04-15T14:10:24.161+0200][72,682s] GC(35) Using 4 workers of 4 for evacuation
[2019-04-15T14:10:24.198+0200][72,718s] GC(35) ParNew: 99874K->17881K(109248K)
[2019-04-15T14:10:24.198+0200][72,718s] GC(35) CMS: 157600K->157769K(393216K)
[2019-04-15T14:10:24.198+0200][72,718s] GC(35) Metaspace: 65468K->65468K(1110016K)
[2019-04-15T14:10:24.198+0200][72,718s] GC(35) Pause Young (Allocation Failure) 251M->171M(490M) 36,377ms
[2019-04-15T14:10:24.198+0200][72,718s] GC(35) User=0,08s Sys=0,00s Real=0,04s
[2019-04-15T14:10:24.602+0200][73,122s] GC(36) Pause Young (Allocation Failure)
[2019-04-15T14:10:24.602+0200][73,122s] GC(36) Using 4 workers of 4 for evacuation
[2019-04-15T14:10:24.636+0200][73,156s] GC(36) ParNew: 105305K->15752K(109248K)
[2019-04-15T14:10:24.636+0200][73,156s] GC(36) CMS: 157769K->158299K(393216K)
[2019-04-15T14:10:24.636+0200][73,156s] GC(36) Metaspace: 65530K->65530K(1110016K)
[2019-04-15T14:10:24.636+0200][73,157s] GC(36) Pause Young (Allocation Failure) 256M->169M(490M) 34,365ms
[2019-04-15T14:10:24.636+0200][73,157s] GC(36) User=0,07s Sys=0,00s Real=0,04s
[2019-04-15T14:10:25.027+0200][73,548s] GC(37) Pause Young (Allocation Failure)
[2019-04-15T14:10:25.027+0200][73,548s] GC(37) Using 4 workers of 4 for evacuation
[2019-04-15T14:10:25.065+0200][73,585s] GC(37) ParNew: 103176K->20313K(109248K)
[2019-04-15T14:10:25.065+0200][73,585s] GC(37) CMS: 158299K->158301K(393216K)
[2019-04-15T14:10:25.065+0200][73,585s] GC(37) Metaspace: 65563K->65563K(1110016K)
[2019-04-15T14:10:25.065+0200][73,585s] GC(37) Pause Young (Allocation Failure) 255M->174M(490M) 37,267ms
[2019-04-15T14:10:25.065+0200][73,585s] GC(37) User=0,09s Sys=0,01s Real=0,03s
[2019-04-15T14:10:25.406+0200][73,926s] GC(38) Pause Young (Allocation Failure)
[2019-04-15T14:10:25.406+0200][73,926s] GC(38) Using 4 workers of 4 for evacuation
[2019-04-15T14:10:25.425+0200][73,945s] GC(38) ParNew: 107737K->11103K(109248K)
[2019-04-15T14:10:25.425+0200][73,945s] GC(38) CMS: 158301K->158420K(393216K)
[2019-04-15T14:10:25.425+0200][73,945s] GC(38) Metaspace: 65594K->65594K(1110016K)
[2019-04-15T14:10:25.425+0200][73,945s] GC(38) Pause Young (Allocation Failure) 259M->165M(490M) 19,387ms
[2019-04-15T14:10:25.425+0200][73,945s] GC(38) User=0,06s Sys=0,00s Real=0,02s
[2019-04-15T14:10:26.473+0200][74,994s] GC(39) Pause Young (Allocation Failure)
[2019-04-15T14:10:26.473+0200][74,994s] GC(39) Using 4 workers of 4 for evacuation
[2019-04-15T14:10:26.484+0200][75,004s] GC(39) ParNew: 98527K->11613K(109248K)
[2019-04-15T14:10:26.484+0200][75,004s] GC(39) CMS: 158420K->158424K(393216K)
[2019-04-15T14:10:26.484+0200][75,004s] GC(39) Metaspace: 70412K->70412K(1114112K)
[2019-04-15T14:10:26.484+0200][75,004s] GC(39) Pause Young (Allocation Failure) 250M->166M(490M) 10,884ms
[2019-04-15T14:10:26.484+0200][75,004s] GC(39) User=0,02s Sys=0,00s Real=0,00s
[2019-04-15T14:10:27.220+0200][75,740s] GC(40) Pause Young (Allocation Failure)
[2019-04-15T14:10:27.220+0200][75,741s] GC(40) Using 4 workers of 4 for evacuation
[2019-04-15T14:10:27.241+0200][75,761s] GC(40) ParNew: 99037K->18694K(109248K)
[2019-04-15T14:10:27.241+0200][75,761s] GC(40) CMS: 158424K->158446K(393216K)
[2019-04-15T14:10:27.241+0200][75,761s] GC(40) Metaspace: 73275K->73275K(1116160K)
[2019-04-15T14:10:27.241+0200][75,761s] GC(40) Pause Young (Allocation Failure) 251M->172M(490M) 20,851ms
[2019-04-15T14:10:27.241+0200][75,761s] GC(40) User=0,07s Sys=0,01s Real=0,02s
[2019-04-15T14:10:27.513+0200][76,034s] GC(41) Pause Young (Allocation Failure)
[2019-04-15T14:10:27.513+0200][76,034s] GC(41) Using 4 workers of 4 for evacuation
[2019-04-15T14:10:27.530+0200][76,050s] GC(41) ParNew: 106118K->17072K(109248K)
[2019-04-15T14:10:27.530+0200][76,050s] GC(41) CMS: 158446K->159297K(393216K)
[2019-04-15T14:10:27.530+0200][76,050s] GC(41) Metaspace: 73380K->73380K(1116160K)
[2019-04-15T14:10:27.530+0200][76,050s] GC(41) Pause Young (Allocation Failure) 258M->172M(490M) 16,783ms
[2019-04-15T14:10:27.530+0200][76,050s] GC(41) User=0,05s Sys=0,00s Real=0,01s
[2019-04-15T14:10:27.845+0200][76,366s] GC(42) Pause Young (Allocation Failure)
[2019-04-15T14:10:27.845+0200][76,366s] GC(42) Using 4 workers of 4 for evacuation
[2019-04-15T14:10:27.874+0200][76,394s] GC(42) ParNew: 104496K->21824K(109248K)
[2019-04-15T14:10:27.874+0200][76,394s] GC(42) CMS: 159297K->179382K(393216K)
[2019-04-15T14:10:27.874+0200][76,394s] GC(42) Metaspace: 73447K->73447K(1116160K)
[2019-04-15T14:10:27.874+0200][76,394s] GC(42) Pause Young (Allocation Failure) 257M->196M(490M) 28,836ms
[2019-04-15T14:10:27.874+0200][76,394s] GC(42) User=0,08s Sys=0,00s Real=0,03s
[2019-04-15T14:10:27.874+0200][76,395s] GC(43) Pause Initial Mark
[2019-04-15T14:10:27.876+0200][76,396s] GC(43) Pause Initial Mark 197M->197M(490M) 1,708ms
[2019-04-15T14:10:27.876+0200][76,397s] GC(43) User=0,01s Sys=0,00s Real=0,00s
[2019-04-15T14:10:27.876+0200][76,397s] GC(43) Concurrent Mark
[2019-04-15T14:10:27.876+0200][76,397s] GC(43) Using 4 workers of 4 for marking
[2019-04-15T14:10:27.960+0200][76,480s] GC(43) Concurrent Mark 83,376ms
[2019-04-15T14:10:27.960+0200][76,480s] GC(43) User=0,29s Sys=0,01s Real=0,08s
[2019-04-15T14:10:27.960+0200][76,480s] GC(43) Concurrent Preclean
[2019-04-15T14:10:27.961+0200][76,482s] GC(43) Concurrent Preclean 1,532ms
[2019-04-15T14:10:27.961+0200][76,482s] GC(43) User=0,00s Sys=0,00s Real=0,00s
[2019-04-15T14:10:27.961+0200][76,482s] GC(43) Concurrent Abortable Preclean
[2019-04-15T14:10:28.249+0200][76,769s] GC(44) Pause Young (Allocation Failure)
[2019-04-15T14:10:28.249+0200][76,769s] GC(44) Using 4 workers of 4 for evacuation
[2019-04-15T14:10:28.282+0200][76,802s] GC(44) ParNew: 109248K->21824K(109248K)
[2019-04-15T14:10:28.282+0200][76,802s] GC(44) CMS: 179382K->199584K(393216K)
[2019-04-15T14:10:28.282+0200][76,802s] GC(44) Metaspace: 73474K->73474K(1116160K)
[2019-04-15T14:10:28.282+0200][76,802s] GC(44) Pause Young (Allocation Failure) 281M->216M(490M) 33,382ms
[2019-04-15T14:10:28.282+0200][76,802s] GC(44) User=0,09s Sys=0,01s Real=0,03s
[2019-04-15T14:10:28.510+0200][77,030s] GC(43) Concurrent Abortable Preclean 548,263ms
[2019-04-15T14:10:28.510+0200][77,030s] GC(43) User=1,45s Sys=0,12s Real=0,55s
[2019-04-15T14:10:28.510+0200][77,030s] GC(43) Pause Remark
[2019-04-15T14:10:28.510+0200][77,030s] GC(45) Pause Young (CMS Final Remark)
[2019-04-15T14:10:28.510+0200][77,030s] GC(45) Using 4 workers of 4 for evacuation
[2019-04-15T14:10:28.541+0200][77,061s] GC(45) ParNew: 78891K->21824K(109248K)
[2019-04-15T14:10:28.541+0200][77,061s] GC(45) CMS: 199584K->209723K(393216K)
[2019-04-15T14:10:28.541+0200][77,061s] GC(45) Metaspace: 73497K->73497K(1116160K)
[2019-04-15T14:10:28.541+0200][77,061s] GC(45) Pause Young (CMS Final Remark) 271M->226M(490M) 31,090ms
[2019-04-15T14:10:28.541+0200][77,061s] GC(45) User=0,10s Sys=0,00s Real=0,03s
[2019-04-15T14:10:28.583+0200][77,103s] GC(43) Pause Remark 271M->226M(490M) 72,912ms
[2019-04-15T14:10:28.583+0200][77,103s] GC(43) User=0,19s Sys=0,01s Real=0,07s
[2019-04-15T14:10:28.583+0200][77,103s] GC(43) Concurrent Sweep
[2019-04-15T14:10:28.656+0200][77,176s] GC(43) Concurrent Sweep 72,907ms
[2019-04-15T14:10:28.656+0200][77,176s] GC(43) User=0,20s Sys=0,01s Real=0,08s
[2019-04-15T14:10:28.656+0200][77,176s] GC(43) Concurrent Reset
[2019-04-15T14:10:28.656+0200][77,177s] GC(43) Concurrent Reset 0,363ms
[2019-04-15T14:10:28.656+0200][77,177s] GC(43) User=0,00s Sys=0,00s Real=0,00s
[2019-04-15T14:10:28.656+0200][77,177s] GC(43) Old: 179382K->158720K(393216K)
[2019-04-15T14:10:28.833+0200][77,354s] GC(46) Pause Young (Allocation Failure)
[2019-04-15T14:10:28.833+0200][77,354s] GC(46) Using 4 workers of 4 for evacuation
[2019-04-15T14:10:28.880+0200][77,400s] GC(46) ParNew: 109248K->21824K(109248K)
[2019-04-15T14:10:28.880+0200][77,400s] GC(46) CMS: 158720K->237913K(393216K)
[2019-04-15T14:10:28.880+0200][77,400s] GC(46) Metaspace: 73495K->73495K(1116160K)
[2019-04-15T14:10:28.880+0200][77,400s] GC(46) Pause Young (Allocation Failure) 261M->253M(490M) 46,769ms
[2019-04-15T14:10:28.880+0200][77,400s] GC(46) User=0,09s Sys=0,01s Real=0,04s
[2019-04-15T14:10:28.880+0200][77,400s] GC(47) Pause Initial Mark
[2019-04-15T14:10:28.881+0200][77,402s] GC(47) Pause Initial Mark 254M->254M(490M) 1,039ms
[2019-04-15T14:10:28.881+0200][77,402s] GC(47) User=0,00s Sys=0,00s Real=0,00s
[2019-04-15T14:10:28.881+0200][77,402s] GC(47) Concurrent Mark
[2019-04-15T14:10:28.881+0200][77,402s] GC(47) Using 4 workers of 4 for marking
[2019-04-15T14:10:28.968+0200][77,488s] GC(47) Concurrent Mark 86,457ms
[2019-04-15T14:10:28.968+0200][77,488s] GC(47) User=0,30s Sys=0,00s Real=0,09s
[2019-04-15T14:10:28.968+0200][77,488s] GC(47) Concurrent Preclean
[2019-04-15T14:10:28.969+0200][77,490s] GC(47) Concurrent Preclean 1,489ms
[2019-04-15T14:10:28.969+0200][77,490s] GC(47) User=0,00s Sys=0,00s Real=0,00s
[2019-04-15T14:10:28.969+0200][77,490s] GC(47) Concurrent Abortable Preclean
[2019-04-15T14:10:29.393+0200][77,914s] GC(48) Pause Young (Allocation Failure)
[2019-04-15T14:10:29.393+0200][77,914s] GC(48) Using 4 workers of 4 for evacuation
[2019-04-15T14:10:29.415+0200][77,935s] GC(48) ParNew: 109248K->21824K(109248K)
[2019-04-15T14:10:29.415+0200][77,935s] GC(48) CMS: 237913K->257290K(393216K)
[2019-04-15T14:10:29.415+0200][77,935s] GC(48) Metaspace: 73763K->73763K(1116160K)
[2019-04-15T14:10:29.415+0200][77,935s] GC(48) Pause Young (Allocation Failure) 339M->272M(490M) 21,467ms
[2019-04-15T14:10:29.415+0200][77,935s] GC(48) User=0,05s Sys=0,01s Real=0,02s
[2019-04-15T14:10:29.751+0200][78,272s] GC(47) Concurrent Abortable Preclean 781,872ms
[2019-04-15T14:10:29.751+0200][78,272s] GC(47) User=2,10s Sys=0,15s Real=0,78s
[2019-04-15T14:10:29.751+0200][78,272s] GC(47) Pause Remark
[2019-04-15T14:10:29.751+0200][78,272s] GC(49) Pause Young (CMS Final Remark)
[2019-04-15T14:10:29.751+0200][78,272s] GC(49) Using 4 workers of 4 for evacuation
[2019-04-15T14:10:29.761+0200][78,281s] GC(49) ParNew: 68496K->18350K(109248K)
[2019-04-15T14:10:29.761+0200][78,281s] GC(49) CMS: 257290K->257290K(393216K)
[2019-04-15T14:10:29.761+0200][78,281s] GC(49) Metaspace: 73849K->73849K(1118208K)
[2019-04-15T14:10:29.761+0200][78,281s] GC(49) Pause Young (CMS Final Remark) 318M->269M(490M) 9,568ms
[2019-04-15T14:10:29.761+0200][78,281s] GC(49) User=0,03s Sys=0,00s Real=0,01s
[2019-04-15T14:10:29.829+0200][78,349s] GC(47) Pause Remark 318M->269M(490M) 77,553ms
[2019-04-15T14:10:29.829+0200][78,349s] GC(47) User=0,13s Sys=0,00s Real=0,08s
[2019-04-15T14:10:29.829+0200][78,349s] GC(47) Concurrent Sweep
[2019-04-15T14:10:29.911+0200][78,431s] GC(47) Concurrent Sweep 81,988ms
[2019-04-15T14:10:29.911+0200][78,431s] GC(47) User=0,24s Sys=0,00s Real=0,08s
[2019-04-15T14:10:29.911+0200][78,432s] GC(47) Concurrent Reset
[2019-04-15T14:10:29.912+0200][78,432s] GC(47) Concurrent Reset 0,488ms
[2019-04-15T14:10:29.912+0200][78,432s] GC(47) User=0,00s Sys=0,00s Real=0,00s
[2019-04-15T14:10:29.912+0200][78,432s] GC(47) Old: 237913K->198109K(393216K)
[2019-04-15T14:10:30.107+0200][78,628s] GC(50) Pause Young (Allocation Failure)
[2019-04-15T14:10:30.107+0200][78,628s] GC(50) Using 4 workers of 4 for evacuation
[2019-04-15T14:10:30.124+0200][78,644s] GC(50) ParNew: 105774K->17924K(109248K)
[2019-04-15T14:10:30.124+0200][78,644s] GC(50) CMS: 198109K->198109K(393216K)
[2019-04-15T14:10:30.124+0200][78,644s] GC(50) Metaspace: 73856K->73856K(1118208K)
[2019-04-15T14:10:30.124+0200][78,644s] GC(50) Pause Young (Allocation Failure) 296M->210M(490M) 16,320ms
[2019-04-15T14:10:30.124+0200][78,644s] GC(50) User=0,06s Sys=0,00s Real=0,01s
[2019-04-15T14:10:30.125+0200][78,645s] GC(51) Pause Initial Mark
[2019-04-15T14:10:30.126+0200][78,647s] GC(51) Pause Initial Mark 210M->210M(490M) 1,732ms
[2019-04-15T14:10:30.126+0200][78,647s] GC(51) User=0,00s Sys=0,00s Real=0,01s
[2019-04-15T14:10:30.127+0200][78,647s] GC(51) Concurrent Mark
[2019-04-15T14:10:30.127+0200][78,647s] GC(51) Using 4 workers of 4 for marking
[2019-04-15T14:10:30.221+0200][78,741s] GC(51) Concurrent Mark 94,451ms
[2019-04-15T14:10:30.221+0200][78,741s] GC(51) User=0,26s Sys=0,02s Real=0,09s
[2019-04-15T14:10:30.221+0200][78,741s] GC(51) Concurrent Preclean
[2019-04-15T14:10:30.222+0200][78,743s] GC(51) Concurrent Preclean 1,439ms
[2019-04-15T14:10:30.223+0200][78,743s] GC(51) User=0,00s Sys=0,00s Real=0,00s
[2019-04-15T14:10:30.223+0200][78,743s] GC(51) Concurrent Abortable Preclean
[2019-04-15T14:10:30.496+0200][79,017s] GC(52) Pause Young (Allocation Failure)
[2019-04-15T14:10:30.496+0200][79,017s] GC(52) Using 4 workers of 4 for evacuation
[2019-04-15T14:10:30.515+0200][79,035s] GC(52) ParNew: 105348K->21824K(109248K)
[2019-04-15T14:10:30.515+0200][79,035s] GC(52) CMS: 198109K->208753K(393216K)
[2019-04-15T14:10:30.515+0200][79,035s] GC(52) Metaspace: 73858K->73858K(1118208K)
[2019-04-15T14:10:30.515+0200][79,035s] GC(52) Pause Young (Allocation Failure) 296M->225M(490M) 18,817ms
[2019-04-15T14:10:30.515+0200][79,035s] GC(52) User=0,07s Sys=0,00s Real=0,02s
[2019-04-15T14:10:30.724+0200][79,244s] GC(53) Pause Young (Allocation Failure)
[2019-04-15T14:10:30.724+0200][79,244s] GC(53) Using 4 workers of 4 for evacuation
[2019-04-15T14:10:30.749+0200][79,269s] GC(53) ParNew: 109248K->21824K(109248K)
[2019-04-15T14:10:30.749+0200][79,269s] GC(53) CMS: 208753K->217101K(393216K)
[2019-04-15T14:10:30.749+0200][79,269s] GC(53) Metaspace: 73861K->73861K(1118208K)
[2019-04-15T14:10:30.749+0200][79,269s] GC(53) Pause Young (Allocation Failure) 310M->233M(490M) 24,965ms
[2019-04-15T14:10:30.749+0200][79,269s] GC(53) User=0,08s Sys=0,00s Real=0,03s
[2019-04-15T14:10:30.754+0200][79,274s] GC(51) Concurrent Abortable Preclean 531,028ms
[2019-04-15T14:10:30.754+0200][79,274s] GC(51) User=1,60s Sys=0,04s Real=0,54s
[2019-04-15T14:10:30.754+0200][79,274s] GC(51) Pause Remark
[2019-04-15T14:10:30.754+0200][79,274s] GC(54) Pause Young (CMS Final Remark)
[2019-04-15T14:10:30.754+0200][79,274s] GC(54) Using 4 workers of 4 for evacuation
[2019-04-15T14:10:30.764+0200][79,284s] GC(54) ParNew: 24539K->18676K(109248K)
[2019-04-15T14:10:30.764+0200][79,284s] GC(54) CMS: 217101K->217101K(393216K)
[2019-04-15T14:10:30.764+0200][79,284s] GC(54) Metaspace: 73861K->73861K(1118208K)
[2019-04-15T14:10:30.764+0200][79,284s] GC(54) Pause Young (CMS Final Remark) 235M->230M(490M) 10,111ms
[2019-04-15T14:10:30.764+0200][79,284s] GC(54) User=0,03s Sys=0,00s Real=0,00s
[2019-04-15T14:10:30.800+0200][79,321s] GC(51) Pause Remark 235M->230M(490M) 46,630ms
[2019-04-15T14:10:30.800+0200][79,321s] GC(51) User=0,08s Sys=0,00s Real=0,04s
[2019-04-15T14:10:30.801+0200][79,321s] GC(51) Concurrent Sweep
[2019-04-15T14:10:30.868+0200][79,388s] GC(51) Concurrent Sweep 67,375ms
[2019-04-15T14:10:30.868+0200][79,388s] GC(51) User=0,23s Sys=0,00s Real=0,07s
[2019-04-15T14:10:30.868+0200][79,388s] GC(51) Concurrent Reset
[2019-04-15T14:10:30.868+0200][79,389s] GC(51) Concurrent Reset 0,430ms
[2019-04-15T14:10:30.869+0200][79,389s] GC(51) User=0,00s Sys=0,00s Real=0,00s
[2019-04-15T14:10:30.869+0200][79,389s] GC(51) Old: 198109K->151601K(393216K)
[2019-04-15T14:10:31.048+0200][79,569s] GC(55) Pause Young (Allocation Failure)
[2019-04-15T14:10:31.048+0200][79,569s] GC(55) Using 4 workers of 4 for evacuation
[2019-04-15T14:10:31.067+0200][79,587s] GC(55) ParNew: 106100K->21824K(109248K)
[2019-04-15T14:10:31.067+0200][79,587s] GC(55) CMS: 151601K->153925K(393216K)
[2019-04-15T14:10:31.067+0200][79,587s] GC(55) Metaspace: 73879K->73879K(1118208K)
[2019-04-15T14:10:31.067+0200][79,587s] GC(55) Pause Young (Allocation Failure) 251M->171M(490M) 18,580ms
[2019-04-15T14:10:31.067+0200][79,587s] GC(55) User=0,07s Sys=0,00s Real=0,02s
[2019-04-15T14:10:31.246+0200][79,767s] GC(56) Pause Young (Allocation Failure)
[2019-04-15T14:10:31.246+0200][79,767s] GC(56) Using 4 workers of 4 for evacuation
[2019-04-15T14:10:31.255+0200][79,775s] GC(56) ParNew: 109248K->21824K(109248K)
[2019-04-15T14:10:31.255+0200][79,775s] GC(56) CMS: 153925K->153987K(393216K)
[2019-04-15T14:10:31.255+0200][79,775s] GC(56) Metaspace: 73879K->73879K(1118208K)
[2019-04-15T14:10:31.255+0200][79,775s] GC(56) Pause Young (Allocation Failure) 257M->171M(490M) 8,646ms
[2019-04-15T14:10:31.255+0200][79,775s] GC(56) User=0,03s Sys=0,00s Real=0,01s
[2019-04-15T14:10:31.454+0200][79,975s] GC(57) Pause Young (Allocation Failure)
[2019-04-15T14:10:31.454+0200][79,975s] GC(57) Using 4 workers of 4 for evacuation
[2019-04-15T14:10:31.470+0200][79,990s] GC(57) ParNew: 109248K->21824K(109248K)
[2019-04-15T14:10:31.470+0200][79,990s] GC(57) CMS: 153987K->154222K(393216K)
[2019-04-15T14:10:31.470+0200][79,990s] GC(57) Metaspace: 73884K->73884K(1118208K)
[2019-04-15T14:10:31.470+0200][79,990s] GC(57) Pause Young (Allocation Failure) 257M->171M(490M) 15,594ms
[2019-04-15T14:10:31.470+0200][79,990s] GC(57) User=0,05s Sys=0,00s Real=0,01s
[2019-04-15T14:10:31.628+0200][80,148s] GC(58) Pause Young (Allocation Failure)
[2019-04-15T14:10:31.628+0200][80,149s] GC(58) Using 4 workers of 4 for evacuation
[2019-04-15T14:10:31.641+0200][80,162s] GC(58) ParNew: 109248K->21824K(109248K)
[2019-04-15T14:10:31.641+0200][80,162s] GC(58) CMS: 154222K->156424K(393216K)
[2019-04-15T14:10:31.641+0200][80,162s] GC(58) Metaspace: 73887K->73887K(1118208K)
[2019-04-15T14:10:31.641+0200][80,162s] GC(58) Pause Young (Allocation Failure) 257M->174M(490M) 13,274ms
[2019-04-15T14:10:31.641+0200][80,162s] GC(58) User=0,05s Sys=0,00s Real=0,01s
[2019-04-15T14:10:31.790+0200][80,310s] GC(59) Pause Young (Allocation Failure)
[2019-04-15T14:10:31.790+0200][80,311s] GC(59) Using 4 workers of 4 for evacuation
[2019-04-15T14:10:31.803+0200][80,323s] GC(59) ParNew: 109248K->21824K(109248K)
[2019-04-15T14:10:31.803+0200][80,323s] GC(59) CMS: 156424K->156647K(393216K)
[2019-04-15T14:10:31.803+0200][80,323s] GC(59) Metaspace: 73887K->73887K(1118208K)
[2019-04-15T14:10:31.803+0200][80,323s] GC(59) Pause Young (Allocation Failure) 259M->174M(490M) 12,814ms
[2019-04-15T14:10:31.803+0200][80,323s] GC(59) User=0,04s Sys=0,00s Real=0,01s
[2019-04-15T14:10:31.947+0200][80,467s] GC(60) Pause Young (Allocation Failure)
[2019-04-15T14:10:31.947+0200][80,467s] GC(60) Using 4 workers of 4 for evacuation
[2019-04-15T14:10:31.958+0200][80,479s] GC(60) ParNew: 109248K->18825K(109248K)
[2019-04-15T14:10:31.958+0200][80,479s] GC(60) CMS: 156647K->168255K(393216K)
[2019-04-15T14:10:31.958+0200][80,479s] GC(60) Metaspace: 73887K->73887K(1118208K)
[2019-04-15T14:10:31.958+0200][80,479s] GC(60) Pause Young (Allocation Failure) 259M->182M(490M) 11,392ms
[2019-04-15T14:10:31.958+0200][80,479s] GC(60) User=0,04s Sys=0,00s Real=0,01s
[2019-04-15T14:10:32.102+0200][80,623s] GC(61) Pause Young (Allocation Failure)
[2019-04-15T14:10:32.103+0200][80,623s] GC(61) Using 4 workers of 4 for evacuation
[2019-04-15T14:10:32.112+0200][80,632s] GC(61) ParNew: 106249K->12610K(109248K)
[2019-04-15T14:10:32.112+0200][80,632s] GC(61) CMS: 168255K->168885K(393216K)
[2019-04-15T14:10:32.112+0200][80,632s] GC(61) Metaspace: 73887K->73887K(1118208K)
[2019-04-15T14:10:32.112+0200][80,632s] GC(61) Pause Young (Allocation Failure) 268M->177M(490M) 9,483ms
[2019-04-15T14:10:32.112+0200][80,632s] GC(61) User=0,03s Sys=0,00s Real=0,01s
[2019-04-15T14:10:32.250+0200][80,771s] GC(62) Pause Young (Allocation Failure)
[2019-04-15T14:10:32.250+0200][80,771s] GC(62) Using 4 workers of 4 for evacuation
[2019-04-15T14:10:32.256+0200][80,776s] GC(62) ParNew: 100034K->14089K(109248K)
[2019-04-15T14:10:32.256+0200][80,776s] GC(62) CMS: 168885K->168885K(393216K)
[2019-04-15T14:10:32.256+0200][80,776s] GC(62) Metaspace: 73887K->73887K(1118208K)
[2019-04-15T14:10:32.256+0200][80,776s] GC(62) Pause Young (Allocation Failure) 262M->178M(490M) 5,680ms
[2019-04-15T14:10:32.256+0200][80,776s] GC(62) User=0,02s Sys=0,00s Real=0,01s
[2019-04-15T14:10:32.386+0200][80,906s] GC(63) Pause Young (Allocation Failure)
[2019-04-15T14:10:32.386+0200][80,906s] GC(63) Using 4 workers of 4 for evacuation
[2019-04-15T14:10:32.401+0200][80,922s] GC(63) ParNew: 101513K->14967K(109248K)
[2019-04-15T14:10:32.401+0200][80,922s] GC(63) CMS: 168885K->169707K(393216K)
[2019-04-15T14:10:32.401+0200][80,922s] GC(63) Metaspace: 73894K->73894K(1118208K)
[2019-04-15T14:10:32.401+0200][80,922s] GC(63) Pause Young (Allocation Failure) 264M->180M(490M) 15,746ms
[2019-04-15T14:10:32.401+0200][80,922s] GC(63) User=0,05s Sys=0,00s Real=0,01s
[2019-04-15T14:10:32.550+0200][81,071s] GC(64) Pause Young (Allocation Failure)
[2019-04-15T14:10:32.551+0200][81,071s] GC(64) Using 4 workers of 4 for evacuation
[2019-04-15T14:10:32.576+0200][81,096s] GC(64) ParNew: 102391K->21824K(109248K)
[2019-04-15T14:10:32.576+0200][81,096s] GC(64) CMS: 169707K->170597K(393216K)
[2019-04-15T14:10:32.576+0200][81,096s] GC(64) Metaspace: 73913K->73913K(1118208K)
[2019-04-15T14:10:32.576+0200][81,096s] GC(64) Pause Young (Allocation Failure) 265M->187M(490M) 25,457ms
[2019-04-15T14:10:32.576+0200][81,096s] GC(64) User=0,08s Sys=0,00s Real=0,03s
[2019-04-15T14:10:32.927+0200][81,447s] GC(65) Pause Young (Allocation Failure)
[2019-04-15T14:10:32.927+0200][81,447s] GC(65) Using 4 workers of 4 for evacuation
[2019-04-15T14:10:32.946+0200][81,467s] GC(65) ParNew: 109248K->21824K(109248K)
[2019-04-15T14:10:32.946+0200][81,467s] GC(65) CMS: 170597K->171757K(393216K)
[2019-04-15T14:10:32.946+0200][81,467s] GC(65) Metaspace: 73996K->73996K(1118208K)
[2019-04-15T14:10:32.946+0200][81,467s] GC(65) Pause Young (Allocation Failure) 273M->189M(490M) 19,674ms
[2019-04-15T14:10:32.946+0200][81,467s] GC(65) User=0,07s Sys=0,00s Real=0,02s
[2019-04-15T14:10:33.343+0200][81,864s] GC(66) Pause Young (Allocation Failure)
[2019-04-15T14:10:33.343+0200][81,864s] GC(66) Using 4 workers of 4 for evacuation
[2019-04-15T14:10:33.378+0200][81,898s] GC(66) ParNew: 109248K->21824K(109248K)
[2019-04-15T14:10:33.378+0200][81,898s] GC(66) CMS: 171757K->181023K(393216K)
[2019-04-15T14:10:33.378+0200][81,898s] GC(66) Metaspace: 74046K->74046K(1118208K)
[2019-04-15T14:10:33.378+0200][81,898s] GC(66) Pause Young (Allocation Failure) 274M->198M(490M) 34,596ms
[2019-04-15T14:10:33.378+0200][81,898s] GC(66) User=0,11s Sys=0,00s Real=0,04s
[2019-04-15T14:10:33.678+0200][82,198s] GC(67) Pause Young (Allocation Failure)
[2019-04-15T14:10:33.678+0200][82,198s] GC(67) Using 4 workers of 4 for evacuation
[2019-04-15T14:10:33.702+0200][82,222s] GC(67) ParNew: 108888K->21824K(109248K)
[2019-04-15T14:10:33.702+0200][82,222s] GC(67) CMS: 181023K->186944K(393216K)
[2019-04-15T14:10:33.702+0200][82,222s] GC(67) Metaspace: 75164K->75164K(1118208K)
[2019-04-15T14:10:33.702+0200][82,222s] GC(67) Pause Young (Allocation Failure) 283M->203M(490M) 24,106ms
[2019-04-15T14:10:33.702+0200][82,222s] GC(67) User=0,07s Sys=0,00s Real=0,02s
[2019-04-15T14:10:33.893+0200][82,413s] GC(68) Pause Young (Allocation Failure)
[2019-04-15T14:10:33.893+0200][82,413s] GC(68) Using 4 workers of 4 for evacuation
[2019-04-15T14:10:33.912+0200][82,432s] GC(68) ParNew: 109248K->21824K(109248K)
[2019-04-15T14:10:33.912+0200][82,432s] GC(68) CMS: 186944K->186944K(393216K)
[2019-04-15T14:10:33.912+0200][82,432s] GC(68) Metaspace: 75528K->75528K(1118208K)
[2019-04-15T14:10:33.912+0200][82,432s] GC(68) Pause Young (Allocation Failure) 289M->203M(490M) 18,851ms
[2019-04-15T14:10:33.912+0200][82,432s] GC(68) User=0,06s Sys=0,00s Real=0,02s
[2019-04-15T14:10:34.364+0200][82,884s] GC(69) Pause Young (Allocation Failure)
[2019-04-15T14:10:34.364+0200][82,884s] GC(69) Using 4 workers of 4 for evacuation
[2019-04-15T14:10:34.404+0200][82,924s] GC(69) ParNew: 109248K->17605K(109248K)
[2019-04-15T14:10:34.404+0200][82,924s] GC(69) CMS: 186944K->188678K(393216K)
[2019-04-15T14:10:34.404+0200][82,924s] GC(69) Metaspace: 75847K->75847K(1118208K)
[2019-04-15T14:10:34.404+0200][82,924s] GC(69) Pause Young (Allocation Failure) 289M->201M(490M) 40,053ms
[2019-04-15T14:10:34.404+0200][82,925s] GC(69) User=0,11s Sys=0,00s Real=0,04s
[2019-04-15T14:10:35.006+0200][83,527s] GC(70) Pause Young (Allocation Failure)
[2019-04-15T14:10:35.006+0200][83,527s] GC(70) Using 4 workers of 4 for evacuation
[2019-04-15T14:10:35.037+0200][83,558s] GC(70) ParNew: 105029K->21824K(109248K)
[2019-04-15T14:10:35.038+0200][83,558s] GC(70) CMS: 188678K->190312K(393216K)
[2019-04-15T14:10:35.038+0200][83,558s] GC(70) Metaspace: 76211K->76211K(1120256K)
[2019-04-15T14:10:35.038+0200][83,558s] GC(70) Pause Young (Allocation Failure) 286M->207M(490M) 31,499ms
[2019-04-15T14:10:35.038+0200][83,558s] GC(70) User=0,07s Sys=0,00s Real=0,03s
[2019-04-15T14:10:35.150+0200][83,671s] GC(71) Pause Young (Allocation Failure)
[2019-04-15T14:10:35.151+0200][83,671s] GC(71) Using 4 workers of 4 for evacuation
[2019-04-15T14:10:35.174+0200][83,694s] GC(71) ParNew: 109161K->21824K(109248K)
[2019-04-15T14:10:35.174+0200][83,694s] GC(71) CMS: 190312K->191184K(393216K)
[2019-04-15T14:10:35.174+0200][83,694s] GC(71) Metaspace: 76314K->76314K(1120256K)
[2019-04-15T14:10:35.174+0200][83,694s] GC(71) Pause Young (Allocation Failure) 292M->208M(490M) 23,455ms
[2019-04-15T14:10:35.174+0200][83,694s] GC(71) User=0,07s Sys=0,00s Real=0,03s
[2019-04-15T14:10:35.369+0200][83,890s] GC(72) Pause Young (Allocation Failure)
[2019-04-15T14:10:35.369+0200][83,890s] GC(72) Using 4 workers of 4 for evacuation
[2019-04-15T14:10:35.393+0200][83,914s] GC(72) ParNew: 109248K->21824K(109248K)
[2019-04-15T14:10:35.393+0200][83,914s] GC(72) CMS: 191184K->192084K(393216K)
[2019-04-15T14:10:35.393+0200][83,914s] GC(72) Metaspace: 76590K->76590K(1120256K)
[2019-04-15T14:10:35.393+0200][83,914s] GC(72) Pause Young (Allocation Failure) 293M->208M(490M) 24,079ms
[2019-04-15T14:10:35.393+0200][83,914s] GC(72) User=0,09s Sys=0,00s Real=0,03s
[2019-04-15T14:10:35.675+0200][84,195s] GC(73) Pause Young (Allocation Failure)
[2019-04-15T14:10:35.675+0200][84,195s] GC(73) Using 4 workers of 4 for evacuation
[2019-04-15T14:10:35.715+0200][84,236s] GC(73) ParNew: 109248K->21824K(109248K)
[2019-04-15T14:10:35.715+0200][84,236s] GC(73) CMS: 192084K->193436K(393216K)
[2019-04-15T14:10:35.715+0200][84,236s] GC(73) Metaspace: 76669K->76669K(1120256K)
[2019-04-15T14:10:35.715+0200][84,236s] GC(73) Pause Young (Allocation Failure) 294M->210M(490M) 40,152ms
[2019-04-15T14:10:35.715+0200][84,236s] GC(73) User=0,14s Sys=0,00s Real=0,04s
[2019-04-15T14:10:35.923+0200][84,444s] GC(74) Pause Young (Allocation Failure)
[2019-04-15T14:10:35.923+0200][84,444s] GC(74) Using 4 workers of 4 for evacuation
[2019-04-15T14:10:35.948+0200][84,469s] GC(74) ParNew: 109248K->21824K(109248K)
[2019-04-15T14:10:35.948+0200][84,469s] GC(74) CMS: 193436K->195197K(393216K)
[2019-04-15T14:10:35.949+0200][84,469s] GC(74) Metaspace: 76696K->76696K(1120256K)
[2019-04-15T14:10:35.949+0200][84,469s] GC(74) Pause Young (Allocation Failure) 295M->211M(490M) 25,399ms
[2019-04-15T14:10:35.949+0200][84,469s] GC(74) User=0,08s Sys=0,00s Real=0,03s
[2019-04-15T14:10:36.196+0200][84,716s] GC(75) Pause Young (Allocation Failure)
[2019-04-15T14:10:36.196+0200][84,716s] GC(75) Using 4 workers of 4 for evacuation
[2019-04-15T14:10:36.217+0200][84,737s] GC(75) ParNew: 109248K->21824K(109248K)
[2019-04-15T14:10:36.217+0200][84,737s] GC(75) CMS: 195197K->196191K(393216K)
[2019-04-15T14:10:36.217+0200][84,737s] GC(75) Metaspace: 76732K->76732K(1120256K)
[2019-04-15T14:10:36.217+0200][84,737s] GC(75) Pause Young (Allocation Failure) 297M->212M(490M) 20,955ms
[2019-04-15T14:10:36.217+0200][84,737s] GC(75) User=0,08s Sys=0,00s Real=0,02s
[2019-04-15T14:10:36.401+0200][84,921s] GC(76) Pause Young (Allocation Failure)
[2019-04-15T14:10:36.401+0200][84,921s] GC(76) Using 4 workers of 4 for evacuation
[2019-04-15T14:10:36.434+0200][84,954s] GC(76) ParNew: 109248K->21824K(109248K)
[2019-04-15T14:10:36.434+0200][84,954s] GC(76) CMS: 196191K->200043K(393216K)
[2019-04-15T14:10:36.434+0200][84,954s] GC(76) Metaspace: 76735K->76735K(1120256K)
[2019-04-15T14:10:36.434+0200][84,954s] GC(76) Pause Young (Allocation Failure) 298M->216M(490M) 33,062ms
[2019-04-15T14:10:36.434+0200][84,954s] GC(76) User=0,12s Sys=0,00s Real=0,04s
[2019-04-15T14:10:36.443+0200][84,963s] GC(77) Pause Initial Mark
[2019-04-15T14:10:36.452+0200][84,972s] GC(77) Pause Initial Mark 218M->218M(490M) 9,051ms
[2019-04-15T14:10:36.452+0200][84,973s] GC(77) User=0,03s Sys=0,00s Real=0,01s
[2019-04-15T14:10:36.453+0200][84,973s] GC(77) Concurrent Mark
[2019-04-15T14:10:36.457+0200][84,977s] GC(77) Using 4 workers of 4 for marking
[2019-04-15T14:10:36.574+0200][85,094s] GC(77) Concurrent Mark 121,227ms
[2019-04-15T14:10:36.574+0200][85,095s] GC(77) User=0,43s Sys=0,00s Real=0,13s
[2019-04-15T14:10:36.574+0200][85,095s] GC(77) Concurrent Preclean
[2019-04-15T14:10:36.576+0200][85,096s] GC(77) Concurrent Preclean 1,829ms
[2019-04-15T14:10:36.576+0200][85,097s] GC(77) User=0,00s Sys=0,00s Real=0,00s
[2019-04-15T14:10:36.576+0200][85,097s] GC(77) Concurrent Abortable Preclean
[2019-04-15T14:10:36.654+0200][85,174s] GC(78) Pause Young (Allocation Failure)
[2019-04-15T14:10:36.654+0200][85,174s] GC(78) Using 4 workers of 4 for evacuation
[2019-04-15T14:10:36.690+0200][85,211s] GC(78) ParNew: 109248K->21824K(109248K)
[2019-04-15T14:10:36.691+0200][85,211s] GC(78) CMS: 200043K->202706K(393216K)
[2019-04-15T14:10:36.691+0200][85,211s] GC(78) Metaspace: 76735K->76735K(1120256K)
[2019-04-15T14:10:36.691+0200][85,211s] GC(78) Pause Young (Allocation Failure) 302M->219M(490M) 36,719ms
[2019-04-15T14:10:36.691+0200][85,211s] GC(78) User=0,11s Sys=0,01s Real=0,03s
[2019-04-15T14:10:36.840+0200][85,360s] GC(77) Concurrent Abortable Preclean 263,321ms
[2019-04-15T14:10:36.840+0200][85,360s] GC(77) User=0,88s Sys=0,02s Real=0,26s
[2019-04-15T14:10:36.841+0200][85,362s] GC(77) Pause Remark
[2019-04-15T14:10:36.842+0200][85,362s] GC(79) Pause Young (CMS Final Remark)
[2019-04-15T14:10:36.842+0200][85,362s] GC(79) Using 4 workers of 4 for evacuation
[2019-04-15T14:10:36.872+0200][85,393s] GC(79) ParNew: 69072K->18925K(109248K)
[2019-04-15T14:10:36.872+0200][85,393s] GC(79) CMS: 202706K->207431K(393216K)
[2019-04-15T14:10:36.872+0200][85,393s] GC(79) Metaspace: 76772K->76772K(1120256K)
[2019-04-15T14:10:36.873+0200][85,393s] GC(79) Pause Young (CMS Final Remark) 265M->221M(490M) 30,899ms
[2019-04-15T14:10:36.873+0200][85,393s] GC(79) User=0,10s Sys=0,00s Real=0,03s
[2019-04-15T14:10:36.920+0200][85,440s] GC(77) Pause Remark 265M->221M(490M) 78,534ms
[2019-04-15T14:10:36.920+0200][85,440s] GC(77) User=0,21s Sys=0,01s Real=0,08s
[2019-04-15T14:10:36.920+0200][85,441s] GC(77) Concurrent Sweep
[2019-04-15T14:10:36.972+0200][85,492s] GC(77) Concurrent Sweep 51,553ms
[2019-04-15T14:10:36.972+0200][85,492s] GC(77) User=0,16s Sys=0,00s Real=0,05s
[2019-04-15T14:10:36.972+0200][85,492s] GC(77) Concurrent Reset
[2019-04-15T14:10:36.972+0200][85,493s] GC(77) Concurrent Reset 0,453ms
[2019-04-15T14:10:36.973+0200][85,493s] GC(77) User=0,00s Sys=0,00s Real=0,00s
[2019-04-15T14:10:36.973+0200][85,493s] GC(77) Old: 200043K->111925K(393216K)
[2019-04-15T14:10:37.231+0200][85,751s] GC(80) Pause Young (Allocation Failure)
[2019-04-15T14:10:37.231+0200][85,751s] GC(80) Using 4 workers of 4 for evacuation
[2019-04-15T14:10:37.263+0200][85,784s] GC(80) ParNew: 106349K->18636K(109248K)
[2019-04-15T14:10:37.264+0200][85,784s] GC(80) CMS: 111925K->112157K(393216K)
[2019-04-15T14:10:37.264+0200][85,784s] GC(80) Metaspace: 76815K->76815K(1120256K)
[2019-04-15T14:10:37.264+0200][85,784s] GC(80) Pause Young (Allocation Failure) 213M->127M(490M) 32,996ms
[2019-04-15T14:10:37.264+0200][85,784s] GC(80) User=0,09s Sys=0,00s Real=0,03s
[2019-04-15T14:10:37.562+0200][86,083s] GC(81) Pause Young (Allocation Failure)
[2019-04-15T14:10:37.562+0200][86,083s] GC(81) Using 4 workers of 4 for evacuation
[2019-04-15T14:10:37.592+0200][86,113s] GC(81) ParNew: 106060K->19487K(109248K)
[2019-04-15T14:10:37.592+0200][86,113s] GC(81) CMS: 112157K->113526K(393216K)
[2019-04-15T14:10:37.592+0200][86,113s] GC(81) Metaspace: 76849K->76849K(1120256K)
[2019-04-15T14:10:37.592+0200][86,113s] GC(81) Pause Young (Allocation Failure) 213M->129M(490M) 29,761ms
[2019-04-15T14:10:37.592+0200][86,113s] GC(81) User=0,09s Sys=0,00s Real=0,03s
[2019-04-15T14:10:37.876+0200][86,397s] GC(82) Pause Young (Allocation Failure)
[2019-04-15T14:10:37.876+0200][86,397s] GC(82) Using 4 workers of 4 for evacuation
[2019-04-15T14:10:37.894+0200][86,415s] GC(82) ParNew: 106911K->17382K(109248K)
[2019-04-15T14:10:37.894+0200][86,415s] GC(82) CMS: 113526K->117620K(393216K)
[2019-04-15T14:10:37.894+0200][86,415s] GC(82) Metaspace: 76868K->76868K(1120256K)
[2019-04-15T14:10:37.894+0200][86,415s] GC(82) Pause Young (Allocation Failure) 215M->131M(490M) 17,983ms
[2019-04-15T14:10:37.894+0200][86,415s] GC(82) User=0,04s Sys=0,00s Real=0,02s
[2019-04-15T14:10:38.133+0200][86,654s] GC(83) Pause Young (Allocation Failure)
[2019-04-15T14:10:38.133+0200][86,654s] GC(83) Using 4 workers of 4 for evacuation
[2019-04-15T14:10:38.149+0200][86,669s] GC(83) ParNew: 104806K->18618K(109248K)
[2019-04-15T14:10:38.149+0200][86,669s] GC(83) CMS: 117620K->117896K(393216K)
[2019-04-15T14:10:38.149+0200][86,669s] GC(83) Metaspace: 76870K->76870K(1120256K)
[2019-04-15T14:10:38.149+0200][86,669s] GC(83) Pause Young (Allocation Failure) 217M->133M(490M) 15,339ms
[2019-04-15T14:10:38.149+0200][86,669s] GC(83) User=0,05s Sys=0,01s Real=0,01s
[2019-04-15T14:10:38.324+0200][86,844s] GC(84) Pause Young (Allocation Failure)
[2019-04-15T14:10:38.324+0200][86,844s] GC(84) Using 4 workers of 4 for evacuation
[2019-04-15T14:10:38.338+0200][86,858s] GC(84) ParNew: 106042K->12709K(109248K)
[2019-04-15T14:10:38.338+0200][86,858s] GC(84) CMS: 117896K->118049K(393216K)
[2019-04-15T14:10:38.338+0200][86,858s] GC(84) Metaspace: 76873K->76873K(1120256K)
[2019-04-15T14:10:38.338+0200][86,858s] GC(84) Pause Young (Allocation Failure) 218M->127M(490M) 14,030ms
[2019-04-15T14:10:38.338+0200][86,858s] GC(84) User=0,04s Sys=0,00s Real=0,02s
[2019-04-15T14:10:38.915+0200][87,435s] GC(85) Pause Young (Allocation Failure)
[2019-04-15T14:10:38.915+0200][87,435s] GC(85) Using 4 workers of 4 for evacuation
[2019-04-15T14:10:38.950+0200][87,471s] GC(85) ParNew: 100133K->17050K(109248K)
[2019-04-15T14:10:38.950+0200][87,471s] GC(85) CMS: 118049K->122299K(393216K)
[2019-04-15T14:10:38.950+0200][87,471s] GC(85) Metaspace: 76879K->76879K(1120256K)
[2019-04-15T14:10:38.950+0200][87,471s] GC(85) Pause Young (Allocation Failure) 213M->136M(490M) 35,423ms
[2019-04-15T14:10:38.950+0200][87,471s] GC(85) User=0,08s Sys=0,00s Real=0,03s
[2019-04-15T14:10:39.295+0200][87,816s] GC(86) Pause Young (Allocation Failure)
[2019-04-15T14:10:39.295+0200][87,816s] GC(86) Using 4 workers of 4 for evacuation
[2019-04-15T14:10:39.332+0200][87,852s] GC(86) ParNew: 104474K->21824K(109248K)
[2019-04-15T14:10:39.332+0200][87,852s] GC(86) CMS: 122299K->148638K(393216K)
[2019-04-15T14:10:39.332+0200][87,852s] GC(86) Metaspace: 76881K->76881K(1120256K)
[2019-04-15T14:10:39.332+0200][87,852s] GC(86) Pause Young (Allocation Failure) 221M->166M(490M) 36,509ms
[2019-04-15T14:10:39.332+0200][87,852s] GC(86) User=0,10s Sys=0,00s Real=0,03s
[2019-04-15T14:10:39.531+0200][88,052s] GC(87) Pause Young (Allocation Failure)
[2019-04-15T14:10:39.532+0200][88,052s] GC(87) Using 4 workers of 4 for evacuation
[2019-04-15T14:10:39.556+0200][88,076s] GC(87) ParNew: 109248K->21824K(109248K)
[2019-04-15T14:10:39.556+0200][88,076s] GC(87) CMS: 148638K->162139K(393216K)
[2019-04-15T14:10:39.556+0200][88,076s] GC(87) Metaspace: 76884K->76884K(1120256K)
[2019-04-15T14:10:39.556+0200][88,076s] GC(87) Pause Young (Allocation Failure) 251M->179M(490M) 24,315ms
[2019-04-15T14:10:39.556+0200][88,076s] GC(87) User=0,08s Sys=0,00s Real=0,03s
[2019-04-15T14:10:39.697+0200][88,217s] GC(88) Pause Young (Allocation Failure)
[2019-04-15T14:10:39.697+0200][88,218s] GC(88) Using 4 workers of 4 for evacuation
[2019-04-15T14:10:39.717+0200][88,237s] GC(88) ParNew: 109248K->21824K(109248K)
[2019-04-15T14:10:39.717+0200][88,237s] GC(88) CMS: 162139K->162316K(393216K)
[2019-04-15T14:10:39.717+0200][88,237s] GC(88) Metaspace: 76884K->76884K(1120256K)
[2019-04-15T14:10:39.717+0200][88,237s] GC(88) Pause Young (Allocation Failure) 265M->179M(490M) 19,864ms
[2019-04-15T14:10:39.717+0200][88,237s] GC(88) User=0,07s Sys=0,00s Real=0,02s
[2019-04-15T14:10:39.873+0200][88,394s] GC(89) Pause Young (Allocation Failure)
[2019-04-15T14:10:39.873+0200][88,394s] GC(89) Using 4 workers of 4 for evacuation
[2019-04-15T14:10:39.914+0200][88,434s] GC(89) ParNew: 109248K->21824K(109248K)
[2019-04-15T14:10:39.914+0200][88,435s] GC(89) CMS: 162316K->162457K(393216K)
[2019-04-15T14:10:39.914+0200][88,435s] GC(89) Metaspace: 76884K->76884K(1120256K)
[2019-04-15T14:10:39.914+0200][88,435s] GC(89) Pause Young (Allocation Failure) 265M->179M(490M) 40,868ms
[2019-04-15T14:10:39.914+0200][88,435s] GC(89) User=0,13s Sys=0,00s Real=0,04s
[2019-04-15T14:10:40.063+0200][88,583s] GC(90) Pause Young (Allocation Failure)
[2019-04-15T14:10:40.063+0200][88,583s] GC(90) Using 4 workers of 4 for evacuation
[2019-04-15T14:10:40.087+0200][88,607s] GC(90) ParNew: 109248K->21824K(109248K)
[2019-04-15T14:10:40.087+0200][88,607s] GC(90) CMS: 162457K->162995K(393216K)
[2019-04-15T14:10:40.087+0200][88,607s] GC(90) Metaspace: 76885K->76885K(1120256K)
[2019-04-15T14:10:40.087+0200][88,607s] GC(90) Pause Young (Allocation Failure) 265M->180M(490M) 24,165ms
[2019-04-15T14:10:40.087+0200][88,607s] GC(90) User=0,08s Sys=0,00s Real=0,03s
[2019-04-15T14:10:40.230+0200][88,751s] GC(91) Pause Young (Allocation Failure)
[2019-04-15T14:10:40.231+0200][88,751s] GC(91) Using 4 workers of 4 for evacuation
[2019-04-15T14:10:40.257+0200][88,778s] GC(91) ParNew: 109248K->21824K(109248K)
[2019-04-15T14:10:40.257+0200][88,778s] GC(91) CMS: 162995K->163907K(393216K)
[2019-04-15T14:10:40.257+0200][88,778s] GC(91) Metaspace: 76886K->76886K(1120256K)
[2019-04-15T14:10:40.257+0200][88,778s] GC(91) Pause Young (Allocation Failure) 265M->181M(490M) 26,870ms
[2019-04-15T14:10:40.257+0200][88,778s] GC(91) User=0,08s Sys=0,00s Real=0,03s
[2019-04-15T14:10:40.484+0200][89,004s] GC(92) Pause Young (Allocation Failure)
[2019-04-15T14:10:40.484+0200][89,004s] GC(92) Using 4 workers of 4 for evacuation
[2019-04-15T14:10:40.525+0200][89,046s] GC(92) ParNew: 109248K->21824K(109248K)
[2019-04-15T14:10:40.525+0200][89,046s] GC(92) CMS: 163907K->172942K(393216K)
[2019-04-15T14:10:40.525+0200][89,046s] GC(92) Metaspace: 76886K->76886K(1120256K)
[2019-04-15T14:10:40.525+0200][89,046s] GC(92) Pause Young (Allocation Failure) 266M->190M(490M) 41,657ms
[2019-04-15T14:10:40.525+0200][89,046s] GC(92) User=0,13s Sys=0,01s Real=0,05s
[2019-04-15T14:10:40.668+0200][89,189s] GC(93) Pause Young (Allocation Failure)
[2019-04-15T14:10:40.668+0200][89,189s] GC(93) Using 4 workers of 4 for evacuation
[2019-04-15T14:10:40.695+0200][89,215s] GC(93) ParNew: 109248K->16569K(109248K)
[2019-04-15T14:10:40.695+0200][89,215s] GC(93) CMS: 172942K->172942K(393216K)
[2019-04-15T14:10:40.695+0200][89,215s] GC(93) Metaspace: 76892K->76892K(1120256K)
[2019-04-15T14:10:40.695+0200][89,215s] GC(93) Pause Young (Allocation Failure) 275M->185M(490M) 26,598ms
[2019-04-15T14:10:40.695+0200][89,215s] GC(93) User=0,09s Sys=0,00s Real=0,03s
[2019-04-15T14:10:40.814+0200][89,334s] GC(94) Pause Young (Allocation Failure)
[2019-04-15T14:10:40.814+0200][89,334s] GC(94) Using 4 workers of 4 for evacuation
[2019-04-15T14:10:40.846+0200][89,367s] GC(94) ParNew: 103993K->19688K(109248K)
[2019-04-15T14:10:40.846+0200][89,367s] GC(94) CMS: 172942K->172942K(393216K)
[2019-04-15T14:10:40.846+0200][89,367s] GC(94) Metaspace: 76892K->76892K(1120256K)
[2019-04-15T14:10:40.846+0200][89,367s] GC(94) Pause Young (Allocation Failure) 270M->188M(490M) 32,295ms
[2019-04-15T14:10:40.846+0200][89,367s] GC(94) User=0,10s Sys=0,00s Real=0,03s
[2019-04-15T14:10:41.003+0200][89,524s] GC(95) Pause Young (Allocation Failure)
[2019-04-15T14:10:41.003+0200][89,524s] GC(95) Using 4 workers of 4 for evacuation
[2019-04-15T14:10:41.059+0200][89,579s] GC(95) ParNew: 107112K->13663K(109248K)
[2019-04-15T14:10:41.059+0200][89,579s] GC(95) CMS: 172942K->178844K(393216K)
[2019-04-15T14:10:41.059+0200][89,579s] GC(95) Metaspace: 76892K->76892K(1120256K)
[2019-04-15T14:10:41.059+0200][89,579s] GC(95) Pause Young (Allocation Failure) 273M->187M(490M) 55,480ms
[2019-04-15T14:10:41.059+0200][89,579s] GC(95) User=0,12s Sys=0,01s Real=0,06s
[2019-04-15T14:10:41.274+0200][89,794s] GC(96) Pause Young (Allocation Failure)
[2019-04-15T14:10:41.274+0200][89,795s] GC(96) Using 4 workers of 4 for evacuation
[2019-04-15T14:10:41.306+0200][89,827s] GC(96) ParNew: 101087K->9461K(109248K)
[2019-04-15T14:10:41.306+0200][89,827s] GC(96) CMS: 178844K->182565K(393216K)
[2019-04-15T14:10:41.306+0200][89,827s] GC(96) Metaspace: 76892K->76892K(1120256K)
[2019-04-15T14:10:41.306+0200][89,827s] GC(96) Pause Young (Allocation Failure) 273M->187M(490M) 32,143ms
[2019-04-15T14:10:41.306+0200][89,827s] GC(96) User=0,09s Sys=0,00s Real=0,03s
[2019-04-15T14:10:41.464+0200][89,985s] GC(97) Pause Young (Allocation Failure)
[2019-04-15T14:10:41.464+0200][89,985s] GC(97) Using 4 workers of 4 for evacuation
[2019-04-15T14:10:41.483+0200][90,003s] GC(97) ParNew: 96885K->7964K(109248K)
[2019-04-15T14:10:41.483+0200][90,003s] GC(97) CMS: 182565K->182822K(393216K)
[2019-04-15T14:10:41.483+0200][90,003s] GC(97) Metaspace: 76892K->76892K(1120256K)
[2019-04-15T14:10:41.483+0200][90,003s] GC(97) Pause Young (Allocation Failure) 272M->186M(490M) 18,706ms
[2019-04-15T14:10:41.483+0200][90,004s] GC(97) User=0,06s Sys=0,00s Real=0,02s
[2019-04-15T14:10:41.634+0200][90,154s] GC(98) Pause Young (Allocation Failure)
[2019-04-15T14:10:41.634+0200][90,154s] GC(98) Using 4 workers of 4 for evacuation
[2019-04-15T14:10:41.648+0200][90,169s] GC(98) ParNew: 95388K->9441K(109248K)
[2019-04-15T14:10:41.648+0200][90,169s] GC(98) CMS: 182822K->182923K(393216K)
[2019-04-15T14:10:41.648+0200][90,169s] GC(98) Metaspace: 76957K->76957K(1120256K)
[2019-04-15T14:10:41.648+0200][90,169s] GC(98) Pause Young (Allocation Failure) 271M->187M(490M) 14,752ms
[2019-04-15T14:10:41.649+0200][90,169s] GC(98) User=0,05s Sys=0,00s Real=0,01s
[2019-04-15T14:10:41.761+0200][90,282s] GC(99) Pause Young (Allocation Failure)
[2019-04-15T14:10:41.761+0200][90,282s] GC(99) Using 4 workers of 4 for evacuation
[2019-04-15T14:10:41.777+0200][90,298s] GC(99) ParNew: 96865K->6966K(109248K)
[2019-04-15T14:10:41.777+0200][90,298s] GC(99) CMS: 182923K->186644K(393216K)
[2019-04-15T14:10:41.777+0200][90,298s] GC(99) Metaspace: 77103K->77103K(1120256K)
[2019-04-15T14:10:41.777+0200][90,298s] GC(99) Pause Young (Allocation Failure) 273M->189M(490M) 15,976ms
[2019-04-15T14:10:41.777+0200][90,298s] GC(99) User=0,04s Sys=0,00s Real=0,02s
[2019-04-15T14:10:41.846+0200][90,367s] GC(100) Pause Young (Allocation Failure)
[2019-04-15T14:10:41.847+0200][90,367s] GC(100) Using 4 workers of 4 for evacuation
[2019-04-15T14:10:41.860+0200][90,380s] GC(100) ParNew: 94362K->6179K(109248K)
[2019-04-15T14:10:41.860+0200][90,380s] GC(100) CMS: 186644K->186796K(393216K)
[2019-04-15T14:10:41.860+0200][90,380s] GC(100) Metaspace: 77138K->77138K(1120256K)
[2019-04-15T14:10:41.860+0200][90,380s] GC(100) Pause Young (Allocation Failure) 274M->188M(490M) 13,429ms
[2019-04-15T14:10:41.860+0200][90,380s] GC(100) User=0,04s Sys=0,00s Real=0,01s
[2019-04-15T14:10:42.004+0200][90,525s] GC(101) Pause Young (Allocation Failure)
[2019-04-15T14:10:42.004+0200][90,525s] GC(101) Using 4 workers of 4 for evacuation
[2019-04-15T14:10:42.013+0200][90,533s] GC(101) ParNew: 93603K->5337K(109248K)
[2019-04-15T14:10:42.013+0200][90,533s] GC(101) CMS: 186796K->187092K(393216K)
[2019-04-15T14:10:42.013+0200][90,533s] GC(101) Metaspace: 77203K->77203K(1120256K)
[2019-04-15T14:10:42.013+0200][90,533s] GC(101) Pause Young (Allocation Failure) 273M->187M(490M) 8,540ms
[2019-04-15T14:10:42.013+0200][90,533s] GC(101) User=0,03s Sys=0,00s Real=0,01s
[2019-04-15T14:10:42.185+0200][90,705s] GC(102) Pause Young (Allocation Failure)
[2019-04-15T14:10:42.185+0200][90,705s] GC(102) Using 4 workers of 4 for evacuation
[2019-04-15T14:10:42.199+0200][90,720s] GC(102) ParNew: 92761K->5023K(109248K)
[2019-04-15T14:10:42.199+0200][90,720s] GC(102) CMS: 187092K->187385K(393216K)
[2019-04-15T14:10:42.199+0200][90,720s] GC(102) Metaspace: 77203K->77203K(1120256K)
[2019-04-15T14:10:42.200+0200][90,720s] GC(102) Pause Young (Allocation Failure) 273M->187M(490M) 14,799ms
[2019-04-15T14:10:42.200+0200][90,720s] GC(102) User=0,05s Sys=0,00s Real=0,02s
[2019-04-15T14:10:42.328+0200][90,848s] GC(103) Pause Young (Allocation Failure)
[2019-04-15T14:10:42.328+0200][90,848s] GC(103) Using 4 workers of 4 for evacuation
[2019-04-15T14:10:42.341+0200][90,862s] GC(103) ParNew: 92447K->4230K(109248K)
[2019-04-15T14:10:42.341+0200][90,862s] GC(103) CMS: 187385K->187499K(393216K)
[2019-04-15T14:10:42.341+0200][90,862s] GC(103) Metaspace: 77203K->77203K(1120256K)
[2019-04-15T14:10:42.341+0200][90,862s] GC(103) Pause Young (Allocation Failure) 273M->187M(490M) 13,659ms
[2019-04-15T14:10:42.341+0200][90,862s] GC(103) User=0,05s Sys=0,01s Real=0,01s
[2019-04-15T14:10:42.549+0200][91,069s] GC(104) Pause Young (Allocation Failure)
[2019-04-15T14:10:42.549+0200][91,069s] GC(104) Using 4 workers of 4 for evacuation
[2019-04-15T14:10:42.558+0200][91,079s] GC(104) ParNew: 91654K->13683K(109248K)
[2019-04-15T14:10:42.558+0200][91,079s] GC(104) CMS: 187499K->188217K(393216K)
[2019-04-15T14:10:42.558+0200][91,079s] GC(104) Metaspace: 77208K->77208K(1120256K)
[2019-04-15T14:10:42.558+0200][91,079s] GC(104) Pause Young (Allocation Failure) 272M->197M(490M) 9,207ms
[2019-04-15T14:10:42.558+0200][91,079s] GC(104) User=0,03s Sys=0,00s Real=0,01s
[2019-04-15T14:10:42.657+0200][91,177s] GC(105) Pause Young (Allocation Failure)
[2019-04-15T14:10:42.657+0200][91,177s] GC(105) Using 4 workers of 4 for evacuation
[2019-04-15T14:10:42.665+0200][91,186s] GC(105) ParNew: 101107K->15976K(109248K)
[2019-04-15T14:10:42.665+0200][91,186s] GC(105) CMS: 188217K->188334K(393216K)
[2019-04-15T14:10:42.665+0200][91,186s] GC(105) Metaspace: 77208K->77208K(1120256K)
[2019-04-15T14:10:42.665+0200][91,186s] GC(105) Pause Young (Allocation Failure) 282M->199M(490M) 8,409ms
[2019-04-15T14:10:42.665+0200][91,186s] GC(105) User=0,03s Sys=0,00s Real=0,01s
[2019-04-15T14:10:42.761+0200][91,282s] GC(106) Pause Young (Allocation Failure)
[2019-04-15T14:10:42.761+0200][91,282s] GC(106) Using 4 workers of 4 for evacuation
[2019-04-15T14:10:42.770+0200][91,290s] GC(106) ParNew: 103400K->18011K(109248K)
[2019-04-15T14:10:42.770+0200][91,290s] GC(106) CMS: 188334K->190660K(393216K)
[2019-04-15T14:10:42.770+0200][91,290s] GC(106) Metaspace: 77208K->77208K(1120256K)
[2019-04-15T14:10:42.770+0200][91,290s] GC(106) Pause Young (Allocation Failure) 284M->203M(490M) 8,503ms
[2019-04-15T14:10:42.770+0200][91,290s] GC(106) User=0,02s Sys=0,00s Real=0,01s
[2019-04-15T14:10:43.539+0200][92,060s] GC(107) Pause Young (Allocation Failure)
[2019-04-15T14:10:43.539+0200][92,060s] GC(107) Using 4 workers of 4 for evacuation
[2019-04-15T14:10:43.578+0200][92,098s] GC(107) ParNew: 105435K->21824K(109248K)
[2019-04-15T14:10:43.578+0200][92,098s] GC(107) CMS: 190660K->253514K(393216K)
[2019-04-15T14:10:43.578+0200][92,098s] GC(107) Metaspace: 77215K->77215K(1120256K)
[2019-04-15T14:10:43.578+0200][92,098s] GC(107) Pause Young (Allocation Failure) 289M->268M(490M) 38,326ms
[2019-04-15T14:10:43.578+0200][92,098s] GC(107) User=0,09s Sys=0,01s Real=0,04s
[2019-04-15T14:10:43.579+0200][92,099s] GC(108) Pause Initial Mark
[2019-04-15T14:10:43.581+0200][92,102s] GC(108) Pause Initial Mark 270M->270M(490M) 2,595ms
[2019-04-15T14:10:43.581+0200][92,102s] GC(108) User=0,00s Sys=0,00s Real=0,00s
[2019-04-15T14:10:43.581+0200][92,102s] GC(108) Concurrent Mark
[2019-04-15T14:10:43.581+0200][92,102s] GC(108) Using 4 workers of 4 for marking
[2019-04-15T14:10:43.653+0200][92,173s] GC(109) Pause Young (Allocation Failure)
[2019-04-15T14:10:43.653+0200][92,174s] GC(109) Using 4 workers of 4 for evacuation
[2019-04-15T14:10:43.719+0200][92,239s] GC(109) ParNew: 109248K->21824K(109248K)
[2019-04-15T14:10:43.719+0200][92,239s] GC(109) CMS: 253514K->329060K(393216K)
[2019-04-15T14:10:43.719+0200][92,239s] GC(109) Metaspace: 77216K->77216K(1120256K)
[2019-04-15T14:10:43.719+0200][92,239s] GC(109) Pause Young (Allocation Failure) 354M->342M(490M) 65,567ms
[2019-04-15T14:10:43.719+0200][92,239s] GC(109) User=0,10s Sys=0,03s Real=0,06s
[2019-04-15T14:10:43.759+0200][92,280s] GC(108) Concurrent Mark 178,052ms
[2019-04-15T14:10:43.759+0200][92,280s] GC(108) User=0,46s Sys=0,03s Real=0,18s
[2019-04-15T14:10:43.759+0200][92,280s] GC(108) Concurrent Preclean
[2019-04-15T14:10:43.798+0200][92,319s] GC(108) Concurrent Preclean 38,967ms
[2019-04-15T14:10:43.799+0200][92,319s] GC(108) User=0,08s Sys=0,01s Real=0,04s
[2019-04-15T14:10:43.799+0200][92,319s] GC(108) Concurrent Abortable Preclean
[2019-04-15T14:10:43.920+0200][92,440s] GC(110) Pause Young (Allocation Failure)
[2019-04-15T14:10:43.920+0200][92,440s] GC(110) Using 4 workers of 4 for evacuation
[2019-04-15T14:10:43.920+0200][92,440s] GC(111) Pause Full (Allocation Failure)
[2019-04-15T14:10:43.921+0200][92,441s] GC(108) Concurrent Abortable Preclean 122,004ms
[2019-04-15T14:10:43.921+0200][92,441s] GC(108) User=0,30s Sys=0,01s Real=0,12s
[2019-04-15T14:10:43.921+0200][92,441s] GC(111) Phase 1: Mark live objects
[2019-04-15T14:10:44.067+0200][92,587s] GC(111) Phase 1: Mark live objects 145,966ms
[2019-04-15T14:10:44.067+0200][92,587s] GC(111) Phase 2: Compute new object addresses
[2019-04-15T14:10:44.158+0200][92,678s] GC(111) Phase 2: Compute new object addresses 90,923ms
[2019-04-15T14:10:44.158+0200][92,678s] GC(111) Phase 3: Adjust pointers
[2019-04-15T14:10:44.264+0200][92,784s] GC(111) Phase 3: Adjust pointers 105,772ms
[2019-04-15T14:10:44.264+0200][92,784s] GC(111) Phase 4: Move objects
[2019-04-15T14:10:44.362+0200][92,883s] GC(111) Phase 4: Move objects 98,521ms
[2019-04-15T14:10:44.364+0200][92,884s] GC(111) Pause Full (Allocation Failure) 428M->208M(490M) 443,737ms
[2019-04-15T14:10:44.364+0200][92,884s] GC(110) ParNew: 109248K->0K(109248K)
[2019-04-15T14:10:44.364+0200][92,884s] GC(110) CMS: 329060K->213511K(393216K)
[2019-04-15T14:10:44.364+0200][92,884s] GC(110) Metaspace: 77217K->77217K(1120256K)
[2019-04-15T14:10:44.364+0200][92,884s] GC(110) Pause Young (Allocation Failure) 428M->208M(490M) 443,936ms
[2019-04-15T14:10:44.364+0200][92,884s] GC(110) User=0,51s Sys=0,01s Real=0,44s
[2019-04-15T14:10:44.492+0200][93,012s] GC(112) Pause Young (Allocation Failure)
[2019-04-15T14:10:44.492+0200][93,012s] GC(112) Using 4 workers of 4 for evacuation
[2019-04-15T14:10:44.498+0200][93,018s] GC(112) ParNew: 87424K->20400K(109248K)
[2019-04-15T14:10:44.498+0200][93,018s] GC(112) CMS: 213511K->213511K(393216K)
[2019-04-15T14:10:44.498+0200][93,018s] GC(112) Metaspace: 77218K->77218K(1120256K)
[2019-04-15T14:10:44.498+0200][93,018s] GC(112) Pause Young (Allocation Failure) 293M->228M(490M) 5,977ms
[2019-04-15T14:10:44.498+0200][93,018s] GC(112) User=0,02s Sys=0,00s Real=0,01s
[2019-04-15T14:10:44.499+0200][93,020s] GC(113) Pause Initial Mark
[2019-04-15T14:10:44.500+0200][93,020s] GC(113) Pause Initial Mark 229M->229M(490M) 0,447ms
[2019-04-15T14:10:44.500+0200][93,020s] GC(113) User=0,00s Sys=0,00s Real=0,00s
[2019-04-15T14:10:44.500+0200][93,020s] GC(113) Concurrent Mark
[2019-04-15T14:10:44.500+0200][93,020s] GC(113) Using 4 workers of 4 for marking
[2019-04-15T14:10:44.555+0200][93,075s] GC(113) Concurrent Mark 55,192ms
[2019-04-15T14:10:44.555+0200][93,075s] GC(113) User=0,18s Sys=0,00s Real=0,06s
[2019-04-15T14:10:44.555+0200][93,075s] GC(113) Concurrent Preclean
[2019-04-15T14:10:44.556+0200][93,076s] GC(113) Concurrent Preclean 0,735ms
[2019-04-15T14:10:44.556+0200][93,076s] GC(113) User=0,00s Sys=0,00s Real=0,00s
[2019-04-15T14:10:44.556+0200][93,076s] GC(113) Concurrent Abortable Preclean
[2019-04-15T14:10:44.610+0200][93,131s] GC(114) Pause Young (Allocation Failure)
[2019-04-15T14:10:44.610+0200][93,131s] GC(114) Using 4 workers of 4 for evacuation
[2019-04-15T14:10:44.620+0200][93,140s] GC(114) ParNew: 107824K->5246K(109248K)
[2019-04-15T14:10:44.620+0200][93,140s] GC(114) CMS: 213511K->213511K(393216K)
[2019-04-15T14:10:44.620+0200][93,140s] GC(114) Metaspace: 77218K->77218K(1120256K)
[2019-04-15T14:10:44.620+0200][93,140s] GC(114) Pause Young (Allocation Failure) 313M->213M(490M) 9,490ms
[2019-04-15T14:10:44.620+0200][93,140s] GC(114) User=0,02s Sys=0,00s Real=0,01s
[2019-04-15T14:10:44.711+0200][93,231s] GC(115) Pause Young (Allocation Failure)
[2019-04-15T14:10:44.711+0200][93,231s] GC(115) Using 4 workers of 4 for evacuation
[2019-04-15T14:10:44.716+0200][93,237s] GC(115) ParNew: 92670K->2538K(109248K)
[2019-04-15T14:10:44.716+0200][93,237s] GC(115) CMS: 213511K->213511K(393216K)
[2019-04-15T14:10:44.716+0200][93,237s] GC(115) Metaspace: 77218K->77218K(1120256K)
[2019-04-15T14:10:44.716+0200][93,237s] GC(115) Pause Young (Allocation Failure) 299M->210M(490M) 5,454ms
[2019-04-15T14:10:44.716+0200][93,237s] GC(115) User=0,01s Sys=0,00s Real=0,01s
[2019-04-15T14:10:44.807+0200][93,327s] GC(116) Pause Young (Allocation Failure)
[2019-04-15T14:10:44.807+0200][93,327s] GC(116) Using 4 workers of 4 for evacuation
[2019-04-15T14:10:44.813+0200][93,333s] GC(116) ParNew: 89962K->2507K(109248K)
[2019-04-15T14:10:44.813+0200][93,334s] GC(116) CMS: 213511K->213511K(393216K)
[2019-04-15T14:10:44.813+0200][93,334s] GC(116) Metaspace: 77218K->77218K(1120256K)
[2019-04-15T14:10:44.813+0200][93,334s] GC(116) Pause Young (Allocation Failure) 296M->210M(490M) 6,235ms
[2019-04-15T14:10:44.813+0200][93,334s] GC(116) User=0,02s Sys=0,00s Real=0,01s
[2019-04-15T14:10:44.925+0200][93,446s] GC(113) Concurrent Abortable Preclean 369,465ms
[2019-04-15T14:10:44.925+0200][93,446s] GC(113) User=0,61s Sys=0,00s Real=0,37s
[2019-04-15T14:10:44.925+0200][93,446s] GC(113) Pause Remark
[2019-04-15T14:10:44.925+0200][93,446s] GC(117) Pause Young (CMS Final Remark)
[2019-04-15T14:10:44.925+0200][93,446s] GC(117) Using 4 workers of 4 for evacuation
[2019-04-15T14:10:44.929+0200][93,450s] GC(117) ParNew: 74901K->2685K(109248K)
[2019-04-15T14:10:44.929+0200][93,450s] GC(117) CMS: 213511K->213511K(393216K)
[2019-04-15T14:10:44.929+0200][93,450s] GC(117) Metaspace: 77218K->77218K(1120256K)
[2019-04-15T14:10:44.929+0200][93,450s] GC(117) Pause Young (CMS Final Remark) 281M->211M(490M) 4,111ms
[2019-04-15T14:10:44.930+0200][93,450s] GC(117) User=0,01s Sys=0,00s Real=0,00s
[2019-04-15T14:10:44.981+0200][93,501s] GC(113) Pause Remark 281M->211M(490M) 55,408ms
[2019-04-15T14:10:44.981+0200][93,501s] GC(113) User=0,10s Sys=0,00s Real=0,05s
[2019-04-15T14:10:44.981+0200][93,501s] GC(113) Concurrent Sweep
[2019-04-15T14:10:45.030+0200][93,551s] GC(113) Concurrent Sweep 49,467ms
[2019-04-15T14:10:45.030+0200][93,551s] GC(113) User=0,08s Sys=0,01s Real=0,05s
[2019-04-15T14:10:45.031+0200][93,551s] GC(113) Concurrent Reset
[2019-04-15T14:10:45.032+0200][93,552s] GC(113) Concurrent Reset 1,090ms
[2019-04-15T14:10:45.032+0200][93,552s] GC(113) User=0,00s Sys=0,00s Real=0,00s
[2019-04-15T14:10:45.032+0200][93,552s] GC(113) Old: 213511K->108118K(393216K)
[2019-04-15T14:10:45.093+0200][93,613s] GC(118) Pause Young (Allocation Failure)
[2019-04-15T14:10:45.093+0200][93,613s] GC(118) Using 4 workers of 4 for evacuation
[2019-04-15T14:10:45.098+0200][93,618s] GC(118) ParNew: 90109K->2787K(109248K)
[2019-04-15T14:10:45.098+0200][93,618s] GC(118) CMS: 108118K->108118K(393216K)
[2019-04-15T14:10:45.098+0200][93,618s] GC(118) Metaspace: 77219K->77219K(1120256K)
[2019-04-15T14:10:45.098+0200][93,618s] GC(118) Pause Young (Allocation Failure) 193M->108M(490M) 4,868ms
[2019-04-15T14:10:45.098+0200][93,618s] GC(118) User=0,01s Sys=0,00s Real=0,00s
[2019-04-15T14:10:45.402+0200][93,923s] GC(119) Pause Young (Allocation Failure)
[2019-04-15T14:10:45.403+0200][93,923s] GC(119) Using 4 workers of 4 for evacuation
[2019-04-15T14:10:45.424+0200][93,945s] GC(119) ParNew: 90211K->21824K(109248K)
[2019-04-15T14:10:45.424+0200][93,945s] GC(119) CMS: 108118K->117981K(393216K)
[2019-04-15T14:10:45.424+0200][93,945s] GC(119) Metaspace: 77221K->77221K(1120256K)
[2019-04-15T14:10:45.424+0200][93,945s] GC(119) Pause Young (Allocation Failure) 193M->136M(490M) 21,782ms
[2019-04-15T14:10:45.424+0200][93,945s] GC(119) User=0,05s Sys=0,00s Real=0,02s
[2019-04-15T14:10:45.573+0200][94,093s] GC(120) Pause Young (Allocation Failure)
[2019-04-15T14:10:45.573+0200][94,093s] GC(120) Using 4 workers of 4 for evacuation
[2019-04-15T14:10:45.603+0200][94,124s] GC(120) ParNew: 109248K->21824K(109248K)
[2019-04-15T14:10:45.603+0200][94,124s] GC(120) CMS: 117981K->139773K(393216K)
[2019-04-15T14:10:45.603+0200][94,124s] GC(120) Metaspace: 77222K->77222K(1120256K)
[2019-04-15T14:10:45.603+0200][94,124s] GC(120) Pause Young (Allocation Failure) 221M->157M(490M) 30,762ms
[2019-04-15T14:10:45.603+0200][94,124s] GC(120) User=0,11s Sys=0,00s Real=0,03s
[2019-04-15T14:10:45.692+0200][94,213s] GC(121) Pause Young (Allocation Failure)
[2019-04-15T14:10:45.692+0200][94,213s] GC(121) Using 4 workers of 4 for evacuation
[2019-04-15T14:10:45.742+0200][94,262s] GC(121) ParNew: 109248K->21824K(109248K)
[2019-04-15T14:10:45.742+0200][94,262s] GC(121) CMS: 139773K->160746K(393216K)
[2019-04-15T14:10:45.742+0200][94,262s] GC(121) Metaspace: 77222K->77222K(1120256K)
[2019-04-15T14:10:45.742+0200][94,262s] GC(121) Pause Young (Allocation Failure) 243M->178M(490M) 49,437ms
[2019-04-15T14:10:45.742+0200][94,262s] GC(121) User=0,16s Sys=0,01s Real=0,05s
[2019-04-15T14:10:45.874+0200][94,395s] GC(122) Pause Young (Allocation Failure)
[2019-04-15T14:10:45.874+0200][94,395s] GC(122) Using 4 workers of 4 for evacuation
[2019-04-15T14:10:45.961+0200][94,482s] GC(122) ParNew: 109248K->21824K(109248K)
[2019-04-15T14:10:45.961+0200][94,482s] GC(122) CMS: 160746K->177798K(393216K)
[2019-04-15T14:10:45.961+0200][94,482s] GC(122) Metaspace: 77222K->77222K(1120256K)
[2019-04-15T14:10:45.961+0200][94,482s] GC(122) Pause Young (Allocation Failure) 263M->194M(490M) 86,831ms
[2019-04-15T14:10:45.961+0200][94,482s] GC(122) User=0,16s Sys=0,00s Real=0,08s
[2019-04-15T14:10:46.114+0200][94,635s] GC(123) Pause Young (Allocation Failure)
[2019-04-15T14:10:46.114+0200][94,635s] GC(123) Using 4 workers of 4 for evacuation
[2019-04-15T14:10:46.132+0200][94,652s] GC(123) ParNew: 109248K->18650K(109248K)
[2019-04-15T14:10:46.132+0200][94,652s] GC(123) CMS: 177798K->177798K(393216K)
[2019-04-15T14:10:46.132+0200][94,652s] GC(123) Metaspace: 77222K->77222K(1120256K)
[2019-04-15T14:10:46.132+0200][94,652s] GC(123) Pause Young (Allocation Failure) 280M->191M(490M) 17,824ms
[2019-04-15T14:10:46.132+0200][94,652s] GC(123) User=0,04s Sys=0,00s Real=0,01s
[2019-04-15T14:10:46.250+0200][94,770s] GC(124) Pause Young (Allocation Failure)
[2019-04-15T14:10:46.250+0200][94,770s] GC(124) Using 4 workers of 4 for evacuation
[2019-04-15T14:10:46.267+0200][94,787s] GC(124) ParNew: 106074K->17577K(109248K)
[2019-04-15T14:10:46.267+0200][94,787s] GC(124) CMS: 177798K->177798K(393216K)
[2019-04-15T14:10:46.267+0200][94,787s] GC(124) Metaspace: 77222K->77222K(1120256K)
[2019-04-15T14:10:46.267+0200][94,787s] GC(124) Pause Young (Allocation Failure) 277M->190M(490M) 17,284ms
[2019-04-15T14:10:46.267+0200][94,787s] GC(124) User=0,04s Sys=0,00s Real=0,02s
[2019-04-15T14:10:46.370+0200][94,890s] GC(125) Pause Young (Allocation Failure)
[2019-04-15T14:10:46.370+0200][94,890s] GC(125) Using 4 workers of 4 for evacuation
[2019-04-15T14:10:46.382+0200][94,903s] GC(125) ParNew: 105001K->16998K(109248K)
[2019-04-15T14:10:46.383+0200][94,903s] GC(125) CMS: 177798K->177798K(393216K)
[2019-04-15T14:10:46.383+0200][94,903s] GC(125) Metaspace: 77222K->77222K(1120256K)
[2019-04-15T14:10:46.383+0200][94,903s] GC(125) Pause Young (Allocation Failure) 276M->190M(490M) 12,750ms
[2019-04-15T14:10:46.383+0200][94,903s] GC(125) User=0,04s Sys=0,00s Real=0,01s
[2019-04-15T14:10:46.513+0200][95,033s] GC(126) Pause Young (Allocation Failure)
[2019-04-15T14:10:46.513+0200][95,033s] GC(126) Using 4 workers of 4 for evacuation
[2019-04-15T14:10:46.525+0200][95,045s] GC(126) ParNew: 104422K->17803K(109248K)
[2019-04-15T14:10:46.525+0200][95,046s] GC(126) CMS: 177798K->177798K(393216K)
[2019-04-15T14:10:46.525+0200][95,046s] GC(126) Metaspace: 77222K->77222K(1120256K)
[2019-04-15T14:10:46.526+0200][95,046s] GC(126) Pause Young (Allocation Failure) 275M->191M(490M) 12,477ms
[2019-04-15T14:10:46.526+0200][95,046s] GC(126) User=0,03s Sys=0,00s Real=0,01s
[2019-04-15T14:10:46.673+0200][95,193s] GC(127) Pause Young (Allocation Failure)
[2019-04-15T14:10:46.673+0200][95,193s] GC(127) Using 4 workers of 4 for evacuation
[2019-04-15T14:10:46.686+0200][95,206s] GC(127) ParNew: 105227K->17052K(109248K)
[2019-04-15T14:10:46.686+0200][95,206s] GC(127) CMS: 177798K->177798K(393216K)
[2019-04-15T14:10:46.686+0200][95,206s] GC(127) Metaspace: 77222K->77222K(1120256K)
[2019-04-15T14:10:46.686+0200][95,206s] GC(127) Pause Young (Allocation Failure) 276M->190M(490M) 13,062ms
[2019-04-15T14:10:46.686+0200][95,206s] GC(127) User=0,04s Sys=0,00s Real=0,01s
[2019-04-15T14:10:46.823+0200][95,344s] GC(128) Pause Young (Allocation Failure)
[2019-04-15T14:10:46.823+0200][95,344s] GC(128) Using 4 workers of 4 for evacuation
[2019-04-15T14:10:46.837+0200][95,357s] GC(128) ParNew: 104476K->21824K(109248K)
[2019-04-15T14:10:46.837+0200][95,357s] GC(128) CMS: 177798K->177798K(393216K)
[2019-04-15T14:10:46.837+0200][95,357s] GC(128) Metaspace: 77222K->77222K(1120256K)
[2019-04-15T14:10:46.837+0200][95,357s] GC(128) Pause Young (Allocation Failure) 275M->194M(490M) 13,792ms
[2019-04-15T14:10:46.837+0200][95,358s] GC(128) User=0,05s Sys=0,00s Real=0,02s
[2019-04-15T14:10:46.950+0200][95,471s] GC(129) Pause Young (Allocation Failure)
[2019-04-15T14:10:46.950+0200][95,471s] GC(129) Using 4 workers of 4 for evacuation
[2019-04-15T14:10:46.970+0200][95,491s] GC(129) ParNew: 109248K->11045K(109248K)
[2019-04-15T14:10:46.970+0200][95,491s] GC(129) CMS: 177798K->183745K(393216K)
[2019-04-15T14:10:46.970+0200][95,491s] GC(129) Metaspace: 77222K->77222K(1120256K)
[2019-04-15T14:10:46.970+0200][95,491s] GC(129) Pause Young (Allocation Failure) 280M->190M(490M) 20,003ms
[2019-04-15T14:10:46.970+0200][95,491s] GC(129) User=0,05s Sys=0,00s Real=0,02s
[2019-04-15T14:10:47.169+0200][95,690s] GC(130) Pause Young (Allocation Failure)
[2019-04-15T14:10:47.170+0200][95,690s] GC(130) Using 4 workers of 4 for evacuation
[2019-04-15T14:10:47.182+0200][95,703s] GC(130) ParNew: 98469K->8025K(109248K)
[2019-04-15T14:10:47.182+0200][95,703s] GC(130) CMS: 183745K->189775K(393216K)
[2019-04-15T14:10:47.182+0200][95,703s] GC(130) Metaspace: 77222K->77222K(1120256K)
[2019-04-15T14:10:47.182+0200][95,703s] GC(130) Pause Young (Allocation Failure) 275M->193M(490M) 12,951ms
[2019-04-15T14:10:47.182+0200][95,703s] GC(130) User=0,03s Sys=0,00s Real=0,01s
[2019-04-15T14:10:47.371+0200][95,891s] GC(131) Pause Young (Allocation Failure)
[2019-04-15T14:10:47.371+0200][95,891s] GC(131) Using 4 workers of 4 for evacuation
[2019-04-15T14:10:47.383+0200][95,904s] GC(131) ParNew: 95121K->3921K(109248K)
[2019-04-15T14:10:47.384+0200][95,904s] GC(131) CMS: 189775K->189782K(393216K)
[2019-04-15T14:10:47.384+0200][95,904s] GC(131) Metaspace: 77224K->77224K(1120256K)
[2019-04-15T14:10:47.384+0200][95,904s] GC(131) Pause Young (Allocation Failure) 278M->189M(490M) 12,921ms
[2019-04-15T14:10:47.384+0200][95,904s] GC(131) User=0,02s Sys=0,00s Real=0,01s
[2019-04-15T14:10:47.807+0200][96,328s] GC(132) Pause Young (Allocation Failure)
[2019-04-15T14:10:47.807+0200][96,328s] GC(132) Using 4 workers of 4 for evacuation
[2019-04-15T14:10:47.847+0200][96,367s] GC(132) ParNew: 91345K->21824K(109248K)
[2019-04-15T14:10:47.847+0200][96,367s] GC(132) CMS: 189782K->235570K(393216K)
[2019-04-15T14:10:47.847+0200][96,367s] GC(132) Metaspace: 77228K->77228K(1120256K)
[2019-04-15T14:10:47.847+0200][96,367s] GC(132) Pause Young (Allocation Failure) 274M->251M(490M) 39,514ms
[2019-04-15T14:10:47.847+0200][96,367s] GC(132) User=0,07s Sys=0,00s Real=0,04s
[2019-04-15T14:10:47.857+0200][96,378s] GC(133) Pause Initial Mark
[2019-04-15T14:10:47.860+0200][96,380s] GC(133) Pause Initial Mark 255M->255M(490M) 2,669ms
[2019-04-15T14:10:47.860+0200][96,380s] GC(133) User=0,01s Sys=0,00s Real=0,00s
[2019-04-15T14:10:47.860+0200][96,381s] GC(133) Concurrent Mark
[2019-04-15T14:10:47.860+0200][96,381s] GC(133) Using 4 workers of 4 for marking
[2019-04-15T14:10:47.975+0200][96,496s] GC(133) Concurrent Mark 114,922ms
[2019-04-15T14:10:47.975+0200][96,496s] GC(133) User=0,29s Sys=0,02s Real=0,12s
[2019-04-15T14:10:47.975+0200][96,496s] GC(133) Concurrent Preclean
[2019-04-15T14:10:47.977+0200][96,497s] GC(133) Concurrent Preclean 1,567ms
[2019-04-15T14:10:47.977+0200][96,497s] GC(133) User=0,00s Sys=0,00s Real=0,00s
[2019-04-15T14:10:47.977+0200][96,497s] GC(133) Concurrent Abortable Preclean
[2019-04-15T14:10:48.837+0200][97,358s] GC(134) Pause Young (Allocation Failure)
[2019-04-15T14:10:48.837+0200][97,358s] GC(134) Using 4 workers of 4 for evacuation
[2019-04-15T14:10:48.879+0200][97,399s] GC(134) ParNew: 109248K->21824K(109248K)
[2019-04-15T14:10:48.879+0200][97,399s] GC(134) CMS: 235570K->283398K(393216K)
[2019-04-15T14:10:48.879+0200][97,399s] GC(134) Metaspace: 77229K->77229K(1120256K)
[2019-04-15T14:10:48.879+0200][97,400s] GC(134) Pause Young (Allocation Failure) 336M->298M(490M) 41,930ms
[2019-04-15T14:10:48.879+0200][97,400s] GC(134) User=0,08s Sys=0,00s Real=0,04s
[2019-04-15T14:10:49.054+0200][97,575s] GC(133) Concurrent Abortable Preclean 1077,331ms
[2019-04-15T14:10:49.054+0200][97,575s] GC(133) User=1,38s Sys=0,23s Real=1,08s
[2019-04-15T14:10:49.063+0200][97,583s] GC(133) Pause Remark
[2019-04-15T14:10:49.063+0200][97,583s] GC(135) Pause Young (CMS Final Remark)
[2019-04-15T14:10:49.063+0200][97,584s] GC(135) Using 4 workers of 4 for evacuation
[2019-04-15T14:10:49.093+0200][97,614s] GC(135) ParNew: 81708K->21824K(109248K)
[2019-04-15T14:10:49.093+0200][97,614s] GC(135) CMS: 283398K->303257K(393216K)
[2019-04-15T14:10:49.093+0200][97,614s] GC(135) Metaspace: 77232K->77232K(1120256K)
[2019-04-15T14:10:49.094+0200][97,614s] GC(135) Pause Young (CMS Final Remark) 356M->317M(490M) 30,455ms
[2019-04-15T14:10:49.094+0200][97,614s] GC(135) User=0,06s Sys=0,00s Real=0,04s
[2019-04-15T14:10:49.152+0200][97,672s] GC(133) Pause Remark 356M->317M(490M) 88,983ms
[2019-04-15T14:10:49.152+0200][97,672s] GC(133) User=0,13s Sys=0,00s Real=0,09s
[2019-04-15T14:10:49.152+0200][97,673s] GC(133) Concurrent Sweep
[2019-04-15T14:10:49.328+0200][97,849s] GC(133) Concurrent Sweep 175,872ms
[2019-04-15T14:10:49.328+0200][97,849s] GC(133) User=0,34s Sys=0,02s Real=0,18s
[2019-04-15T14:10:49.328+0200][97,849s] GC(133) Concurrent Reset
[2019-04-15T14:10:49.329+0200][97,849s] GC(133) Concurrent Reset 0,597ms
[2019-04-15T14:10:49.329+0200][97,849s] GC(133) User=0,00s Sys=0,00s Real=0,00s
[2019-04-15T14:10:49.329+0200][97,849s] GC(133) Old: 235570K->263545K(393216K)
[2019-04-15T14:10:50.222+0200][98,743s] GC(136) Pause Young (Allocation Failure)
[2019-04-15T14:10:50.222+0200][98,743s] GC(136) Using 4 workers of 4 for evacuation
[2019-04-15T14:10:50.296+0200][98,817s] GC(136) ParNew: 109248K->21824K(109248K)
[2019-04-15T14:10:50.296+0200][98,817s] GC(136) CMS: 263545K->318181K(393216K)
[2019-04-15T14:10:50.296+0200][98,817s] GC(136) Metaspace: 77256K->77256K(1120256K)
[2019-04-15T14:10:50.296+0200][98,817s] GC(136) Pause Young (Allocation Failure) 364M->332M(490M) 74,041ms
[2019-04-15T14:10:50.296+0200][98,817s] GC(136) User=0,10s Sys=0,00s Real=0,08s
[2019-04-15T14:10:50.297+0200][98,817s] GC(137) Pause Initial Mark
[2019-04-15T14:10:50.301+0200][98,821s] GC(137) Pause Initial Mark 332M->332M(490M) 3,727ms
[2019-04-15T14:10:50.301+0200][98,821s] GC(137) User=0,00s Sys=0,00s Real=0,00s
[2019-04-15T14:10:50.301+0200][98,821s] GC(137) Concurrent Mark
[2019-04-15T14:10:50.301+0200][98,821s] GC(137) Using 4 workers of 4 for marking
[2019-04-15T14:10:50.348+0200][98,869s] GC(137) Concurrent Mark 47,689ms
[2019-04-15T14:10:50.348+0200][98,869s] GC(137) User=0,13s Sys=0,02s Real=0,05s
[2019-04-15T14:10:50.349+0200][98,869s] GC(137) Concurrent Preclean
[2019-04-15T14:10:50.349+0200][98,870s] GC(137) Concurrent Preclean 0,733ms
[2019-04-15T14:10:50.349+0200][98,870s] GC(137) User=0,00s Sys=0,00s Real=0,00s
[2019-04-15T14:10:50.349+0200][98,870s] GC(137) Concurrent Abortable Preclean
[2019-04-15T14:10:50.698+0200][99,219s] GC(137) Concurrent Abortable Preclean 348,991ms
[2019-04-15T14:10:50.698+0200][99,219s] GC(137) User=0,19s Sys=0,16s Real=0,35s
[2019-04-15T14:10:50.699+0200][99,219s] GC(137) Pause Remark
[2019-04-15T14:10:50.699+0200][99,219s] GC(138) Pause Young (CMS Final Remark)
[2019-04-15T14:10:50.699+0200][99,219s] GC(138) Using 4 workers of 4 for evacuation
[2019-04-15T14:10:50.699+0200][99,219s] GC(138) ParNew: 78147K->78147K(109248K)
[2019-04-15T14:10:50.699+0200][99,219s] GC(138) CMS: 318181K->318181K(393216K)
[2019-04-15T14:10:50.699+0200][99,219s] GC(138) Metaspace: 77256K->77256K(1120256K)
[2019-04-15T14:10:50.699+0200][99,219s] GC(138) Pause Young (CMS Final Remark) 387M->387M(490M) 0,076ms
[2019-04-15T14:10:50.699+0200][99,219s] GC(138) User=0,00s Sys=0,00s Real=0,00s
[2019-04-15T14:10:50.757+0200][99,278s] GC(137) Pause Remark 387M->387M(490M) 58,512ms
[2019-04-15T14:10:50.757+0200][99,278s] GC(137) User=0,09s Sys=0,00s Real=0,06s
[2019-04-15T14:10:50.757+0200][99,278s] GC(137) Concurrent Sweep
[2019-04-15T14:10:50.936+0200][99,457s] GC(137) Concurrent Sweep 178,770ms
[2019-04-15T14:10:50.936+0200][99,457s] GC(137) User=0,49s Sys=0,00s Real=0,18s
[2019-04-15T14:10:50.936+0200][99,457s] GC(139) Pause Young (Allocation Failure)
[2019-04-15T14:10:50.936+0200][99,457s] GC(139) Using 4 workers of 4 for evacuation
[2019-04-15T14:10:50.981+0200][99,501s] GC(139) ParNew: 109248K->21824K(109248K)
[2019-04-15T14:10:50.981+0200][99,501s] GC(139) CMS: 253827K->335499K(393216K)
[2019-04-15T14:10:50.981+0200][99,501s] GC(139) Metaspace: 77256K->77256K(1120256K)
[2019-04-15T14:10:50.981+0200][99,501s] GC(139) Pause Young (Allocation Failure) 354M->348M(490M) 44,187ms
[2019-04-15T14:10:50.981+0200][99,501s] GC(139) User=0,16s Sys=0,00s Real=0,04s
[2019-04-15T14:10:50.981+0200][99,501s] GC(137) Concurrent Reset
[2019-04-15T14:10:50.981+0200][99,502s] GC(137) Concurrent Reset 0,548ms
[2019-04-15T14:10:50.981+0200][99,502s] GC(137) User=0,00s Sys=0,00s Real=0,00s
[2019-04-15T14:10:50.981+0200][99,502s] GC(137) Old: 318181K->335499K(393216K)
[2019-04-15T14:10:51.028+0200][99,548s] GC(140) Pause Young (Allocation Failure)
[2019-04-15T14:10:51.028+0200][99,548s] GC(140) Using 4 workers of 4 for evacuation
[2019-04-15T14:10:51.028+0200][99,548s] GC(141) Pause Full (Allocation Failure)
[2019-04-15T14:10:51.028+0200][99,549s] GC(141) Phase 1: Mark live objects
[2019-04-15T14:10:51.095+0200][99,616s] GC(141) Phase 1: Mark live objects 66,956ms
[2019-04-15T14:10:51.095+0200][99,616s] GC(141) Phase 2: Compute new object addresses
[2019-04-15T14:10:51.157+0200][99,678s] GC(141) Phase 2: Compute new object addresses 62,100ms
[2019-04-15T14:10:51.157+0200][99,678s] GC(141) Phase 3: Adjust pointers
[2019-04-15T14:10:51.268+0200][99,788s] GC(141) Phase 3: Adjust pointers 110,536ms
[2019-04-15T14:10:51.268+0200][99,788s] GC(141) Phase 4: Move objects
[2019-04-15T14:10:51.455+0200][99,976s] GC(141) Phase 4: Move objects 187,365ms
[2019-04-15T14:10:51.458+0200][99,979s] GC(141) Pause Full (Allocation Failure) 434M->404M(490M) 430,542ms
[2019-04-15T14:10:51.459+0200][99,979s] GC(140) ParNew: 109248K->21462K(109248K)
[2019-04-15T14:10:51.459+0200][99,979s] GC(140) CMS: 335499K->393214K(393216K)
[2019-04-15T14:10:51.459+0200][99,979s] GC(140) Metaspace: 77256K->77256K(1120256K)
[2019-04-15T14:10:51.459+0200][99,979s] GC(140) Pause Young (Allocation Failure) 434M->404M(490M) 430,865ms
[2019-04-15T14:10:51.459+0200][99,979s] GC(140) User=0,42s Sys=0,02s Real=0,43s
[2019-04-15T14:10:51.459+0200][99,980s] GC(142) Pause Initial Mark
[2019-04-15T14:10:51.463+0200][99,984s] GC(142) Pause Initial Mark 406M->406M(490M) 3,666ms
[2019-04-15T14:10:51.463+0200][99,984s] GC(142) User=0,01s Sys=0,00s Real=0,00s
[2019-04-15T14:10:51.463+0200][99,984s] GC(142) Concurrent Mark
[2019-04-15T14:10:51.463+0200][99,984s] GC(142) Using 4 workers of 4 for marking
[2019-04-15T14:10:51.565+0200][100,085s] GC(142) Concurrent Mark 101,499ms
[2019-04-15T14:10:51.565+0200][100,085s] GC(142) User=0,27s Sys=0,02s Real=0,11s
[2019-04-15T14:10:51.565+0200][100,085s] GC(142) Concurrent Preclean
[2019-04-15T14:10:51.659+0200][100,179s] GC(142) Concurrent Preclean 93,574ms
[2019-04-15T14:10:51.659+0200][100,179s] GC(142) User=0,20s Sys=0,06s Real=0,09s
[2019-04-15T14:10:51.659+0200][100,179s] GC(142) Concurrent Abortable Preclean
[2019-04-15T14:10:51.659+0200][100,179s] GC(142) Concurrent Abortable Preclean 0,007ms
[2019-04-15T14:10:51.659+0200][100,179s] GC(142) User=0,00s Sys=0,00s Real=0,00s
[2019-04-15T14:10:51.659+0200][100,179s] GC(142) Pause Remark
[2019-04-15T14:10:51.659+0200][100,179s] GC(143) Pause Young (CMS Final Remark)
[2019-04-15T14:10:51.659+0200][100,179s] GC(143) Using 4 workers of 4 for evacuation
[2019-04-15T14:10:51.659+0200][100,179s] GC(143) ParNew: 49281K->49281K(109248K)
[2019-04-15T14:10:51.659+0200][100,179s] GC(143) CMS: 393214K->393214K(393216K)
[2019-04-15T14:10:51.659+0200][100,179s] GC(143) Metaspace: 77259K->77259K(1120256K)
[2019-04-15T14:10:51.659+0200][100,179s] GC(143) Pause Young (CMS Final Remark) 432M->432M(490M) 0,053ms
[2019-04-15T14:10:51.659+0200][100,179s] GC(143) User=0,00s Sys=0,00s Real=0,00s
[2019-04-15T14:10:51.695+0200][100,215s] GC(142) Pause Remark 432M->432M(490M) 35,969ms
[2019-04-15T14:10:51.695+0200][100,215s] GC(142) User=0,06s Sys=0,00s Real=0,04s
[2019-04-15T14:10:51.695+0200][100,215s] GC(142) Concurrent Sweep
[2019-04-15T14:10:51.734+0200][100,254s] GC(142) Concurrent Sweep 38,673ms
[2019-04-15T14:10:51.734+0200][100,254s] GC(142) User=0,06s Sys=0,02s Real=0,04s
[2019-04-15T14:10:51.734+0200][100,254s] GC(142) Concurrent Reset
[2019-04-15T14:10:51.734+0200][100,254s] GC(142) Concurrent Reset 0,420ms
[2019-04-15T14:10:51.734+0200][100,254s] GC(142) User=0,00s Sys=0,00s Real=0,00s
[2019-04-15T14:10:51.734+0200][100,254s] GC(142) Old: 393214K->235427K(393216K)
[2019-04-15T14:10:51.936+0200][100,456s] GC(144) Pause Young (Allocation Failure)
[2019-04-15T14:10:51.936+0200][100,456s] GC(144) Using 4 workers of 4 for evacuation
[2019-04-15T14:10:51.980+0200][100,500s] GC(144) ParNew: 109247K->21824K(109248K)
[2019-04-15T14:10:51.980+0200][100,501s] GC(144) CMS: 235427K->302789K(393216K)
[2019-04-15T14:10:51.980+0200][100,501s] GC(144) Metaspace: 77259K->77259K(1120256K)
[2019-04-15T14:10:51.980+0200][100,501s] GC(144) Pause Young (Allocation Failure) 336M->317M(490M) 44,313ms
[2019-04-15T14:10:51.980+0200][100,501s] GC(144) User=0,14s Sys=0,00s Real=0,04s
[2019-04-15T14:10:51.981+0200][100,501s] GC(145) Pause Initial Mark
[2019-04-15T14:10:51.982+0200][100,503s] GC(145) Pause Initial Mark 317M->317M(490M) 1,931ms
[2019-04-15T14:10:51.983+0200][100,503s] GC(145) User=0,00s Sys=0,00s Real=0,00s
[2019-04-15T14:10:51.983+0200][100,503s] GC(145) Concurrent Mark
[2019-04-15T14:10:51.983+0200][100,503s] GC(145) Using 4 workers of 4 for marking
[2019-04-15T14:10:52.050+0200][100,571s] GC(145) Concurrent Mark 67,733ms
[2019-04-15T14:10:52.050+0200][100,571s] GC(145) User=0,18s Sys=0,00s Real=0,07s
[2019-04-15T14:10:52.050+0200][100,571s] GC(145) Concurrent Preclean
[2019-04-15T14:10:52.051+0200][100,572s] GC(145) Concurrent Preclean 0,946ms
[2019-04-15T14:10:52.051+0200][100,572s] GC(145) User=0,00s Sys=0,00s Real=0,00s
[2019-04-15T14:10:52.051+0200][100,572s] GC(145) Concurrent Abortable Preclean
[2019-04-15T14:10:52.289+0200][100,810s] GC(145) Concurrent Abortable Preclean 238,088ms
[2019-04-15T14:10:52.289+0200][100,810s] GC(145) User=0,16s Sys=0,09s Real=0,24s
[2019-04-15T14:10:52.290+0200][100,810s] GC(145) Pause Remark
[2019-04-15T14:10:52.290+0200][100,810s] GC(146) Pause Young (CMS Final Remark)
[2019-04-15T14:10:52.290+0200][100,810s] GC(146) Using 4 workers of 4 for evacuation
[2019-04-15T14:10:52.290+0200][100,810s] GC(146) ParNew: 107394K->107394K(109248K)
[2019-04-15T14:10:52.290+0200][100,810s] GC(146) CMS: 302789K->302789K(393216K)
[2019-04-15T14:10:52.290+0200][100,810s] GC(146) Metaspace: 77261K->77261K(1120256K)
[2019-04-15T14:10:52.290+0200][100,810s] GC(146) Pause Young (CMS Final Remark) 400M->400M(490M) 0,053ms
[2019-04-15T14:10:52.290+0200][100,810s] GC(146) User=0,00s Sys=0,00s Real=0,00s
[2019-04-15T14:10:52.342+0200][100,863s] GC(145) Pause Remark 400M->400M(490M) 52,879ms
[2019-04-15T14:10:52.342+0200][100,863s] GC(145) User=0,09s Sys=0,00s Real=0,05s
[2019-04-15T14:10:52.343+0200][100,863s] GC(145) Concurrent Sweep
[2019-04-15T14:10:52.380+0200][100,901s] GC(145) Concurrent Sweep 37,905ms
[2019-04-15T14:10:52.381+0200][100,901s] GC(145) User=0,07s Sys=0,00s Real=0,04s
[2019-04-15T14:10:52.381+0200][100,901s] GC(147) Pause Young (Allocation Failure)
[2019-04-15T14:10:52.381+0200][100,901s] GC(147) Using 4 workers of 4 for evacuation
[2019-04-15T14:10:52.381+0200][100,901s] GC(148) Pause Full (Allocation Failure)
[2019-04-15T14:10:52.381+0200][100,902s] GC(148) Phase 1: Mark live objects
[2019-04-15T14:10:52.452+0200][100,973s] GC(148) Phase 1: Mark live objects 71,224ms
[2019-04-15T14:10:52.452+0200][100,973s] GC(148) Phase 2: Compute new object addresses
[2019-04-15T14:10:52.505+0200][101,026s] GC(148) Phase 2: Compute new object addresses 53,020ms
[2019-04-15T14:10:52.505+0200][101,026s] GC(148) Phase 3: Adjust pointers
[2019-04-15T14:10:52.617+0200][101,138s] GC(148) Phase 3: Adjust pointers 111,758ms
[2019-04-15T14:10:52.617+0200][101,138s] GC(148) Phase 4: Move objects
[2019-04-15T14:10:52.695+0200][101,215s] GC(148) Phase 4: Move objects 77,328ms
[2019-04-15T14:10:52.696+0200][101,216s] GC(148) Pause Full (Allocation Failure) 410M->184M(490M) 315,311ms
[2019-04-15T14:10:52.696+0200][101,216s] GC(147) ParNew: 109248K->0K(109248K)
[2019-04-15T14:10:52.696+0200][101,216s] GC(147) CMS: 310765K->188751K(393216K)
[2019-04-15T14:10:52.696+0200][101,216s] GC(147) Metaspace: 77261K->77261K(1120256K)
[2019-04-15T14:10:52.696+0200][101,217s] GC(147) Pause Young (Allocation Failure) 410M->184M(490M) 315,465ms
[2019-04-15T14:10:52.696+0200][101,217s] GC(147) User=0,31s Sys=0,00s Real=0,32s
[2019-04-15T14:10:52.698+0200][101,218s] GC(145) Old: 302789K->188751K(393216K)
[2019-04-15T14:10:52.887+0200][101,407s] GC(149) Pause Young (Allocation Failure)
[2019-04-15T14:10:52.887+0200][101,407s] GC(149) Using 4 workers of 4 for evacuation
[2019-04-15T14:10:52.913+0200][101,434s] GC(149) ParNew: 87424K->21824K(109248K)
[2019-04-15T14:10:52.913+0200][101,434s] GC(149) CMS: 188751K->251400K(393216K)
[2019-04-15T14:10:52.913+0200][101,434s] GC(149) Metaspace: 77262K->77262K(1120256K)
[2019-04-15T14:10:52.913+0200][101,434s] GC(149) Pause Young (Allocation Failure) 269M->266M(490M) 26,576ms
[2019-04-15T14:10:52.913+0200][101,434s] GC(149) User=0,09s Sys=0,00s Real=0,03s
[2019-04-15T14:10:52.913+0200][101,434s] GC(150) Pause Initial Mark
[2019-04-15T14:10:52.914+0200][101,434s] GC(150) Pause Initial Mark 267M->267M(490M) 0,710ms
[2019-04-15T14:10:52.914+0200][101,434s] GC(150) User=0,00s Sys=0,00s Real=0,00s
[2019-04-15T14:10:52.914+0200][101,434s] GC(150) Concurrent Mark
[2019-04-15T14:10:52.914+0200][101,434s] GC(150) Using 4 workers of 4 for marking
[2019-04-15T14:10:52.956+0200][101,476s] GC(150) Concurrent Mark 41,604ms
[2019-04-15T14:10:52.956+0200][101,476s] GC(150) User=0,16s Sys=0,00s Real=0,04s
[2019-04-15T14:10:52.956+0200][101,476s] GC(150) Concurrent Preclean
[2019-04-15T14:10:52.957+0200][101,478s] GC(150) Concurrent Preclean 1,346ms
[2019-04-15T14:10:52.957+0200][101,478s] GC(150) User=0,00s Sys=0,00s Real=0,00s
[2019-04-15T14:10:52.957+0200][101,478s] GC(150) Concurrent Abortable Preclean
[2019-04-15T14:10:53.117+0200][101,637s] GC(151) Pause Young (Allocation Failure)
[2019-04-15T14:10:53.117+0200][101,637s] GC(151) Using 4 workers of 4 for evacuation
[2019-04-15T14:10:53.133+0200][101,654s] GC(151) ParNew: 109248K->21824K(109248K)
[2019-04-15T14:10:53.133+0200][101,654s] GC(151) CMS: 251400K->260367K(393216K)
[2019-04-15T14:10:53.133+0200][101,654s] GC(151) Metaspace: 77264K->77264K(1120256K)
[2019-04-15T14:10:53.133+0200][101,654s] GC(151) Pause Young (Allocation Failure) 352M->275M(490M) 16,631ms
[2019-04-15T14:10:53.133+0200][101,654s] GC(151) User=0,04s Sys=0,00s Real=0,02s
[2019-04-15T14:10:53.318+0200][101,839s] GC(152) Pause Young (Allocation Failure)
[2019-04-15T14:10:53.319+0200][101,839s] GC(152) Using 4 workers of 4 for evacuation
[2019-04-15T14:10:53.345+0200][101,865s] GC(152) ParNew: 109248K->21824K(109248K)
[2019-04-15T14:10:53.345+0200][101,865s] GC(152) CMS: 260367K->335871K(393216K)
[2019-04-15T14:10:53.345+0200][101,865s] GC(152) Metaspace: 77264K->77264K(1120256K)
[2019-04-15T14:10:53.345+0200][101,865s] GC(152) Pause Young (Allocation Failure) 360M->349M(490M) 26,072ms
[2019-04-15T14:10:53.345+0200][101,865s] GC(152) User=0,07s Sys=0,00s Real=0,02s
[2019-04-15T14:10:53.600+0200][102,121s] GC(153) Pause Young (Allocation Failure)
[2019-04-15T14:10:53.600+0200][102,121s] GC(153) Using 4 workers of 4 for evacuation
[2019-04-15T14:10:53.600+0200][102,121s] GC(154) Pause Full (Allocation Failure)
[2019-04-15T14:10:53.601+0200][102,121s] GC(150) Concurrent Abortable Preclean 643,629ms
[2019-04-15T14:10:53.601+0200][102,121s] GC(150) User=0,71s Sys=0,19s Real=0,64s
[2019-04-15T14:10:53.601+0200][102,121s] GC(154) Phase 1: Mark live objects
[2019-04-15T14:10:53.671+0200][102,191s] GC(154) Phase 1: Mark live objects 69,965ms
[2019-04-15T14:10:53.671+0200][102,191s] GC(154) Phase 2: Compute new object addresses
[2019-04-15T14:10:53.712+0200][102,232s] GC(154) Phase 2: Compute new object addresses 41,123ms
[2019-04-15T14:10:53.712+0200][102,232s] GC(154) Phase 3: Adjust pointers
[2019-04-15T14:10:53.762+0200][102,282s] GC(154) Phase 3: Adjust pointers 49,972ms
[2019-04-15T14:10:53.762+0200][102,283s] GC(154) Phase 4: Move objects
[2019-04-15T14:10:53.808+0200][102,328s] GC(154) Phase 4: Move objects 45,782ms
[2019-04-15T14:10:53.809+0200][102,329s] GC(154) Pause Full (Allocation Failure) 434M->193M(490M) 208,198ms
[2019-04-15T14:10:53.809+0200][102,329s] GC(153) ParNew: 109248K->0K(109248K)
[2019-04-15T14:10:53.809+0200][102,329s] GC(153) CMS: 335871K->198437K(393216K)
[2019-04-15T14:10:53.809+0200][102,329s] GC(153) Metaspace: 77264K->77264K(1120256K)
[2019-04-15T14:10:53.809+0200][102,329s] GC(153) Pause Young (Allocation Failure) 434M->193M(490M) 208,347ms
[2019-04-15T14:10:53.809+0200][102,329s] GC(153) User=0,23s Sys=0,00s Real=0,21s
[2019-04-15T14:10:54.128+0200][102,648s] GC(155) Pause Young (Allocation Failure)
[2019-04-15T14:10:54.128+0200][102,649s] GC(155) Using 4 workers of 4 for evacuation
[2019-04-15T14:10:54.149+0200][102,669s] GC(155) ParNew: 87424K->21824K(109248K)
[2019-04-15T14:10:54.149+0200][102,669s] GC(155) CMS: 198437K->217063K(393216K)
[2019-04-15T14:10:54.149+0200][102,669s] GC(155) Metaspace: 77266K->77266K(1120256K)
[2019-04-15T14:10:54.149+0200][102,669s] GC(155) Pause Young (Allocation Failure) 279M->233M(490M) 20,946ms
[2019-04-15T14:10:54.149+0200][102,669s] GC(155) User=0,04s Sys=0,00s Real=0,02s
[2019-04-15T14:10:54.149+0200][102,670s] GC(156) Pause Initial Mark
[2019-04-15T14:10:54.150+0200][102,671s] GC(156) Pause Initial Mark 233M->233M(490M) 1,281ms
[2019-04-15T14:10:54.150+0200][102,671s] GC(156) User=0,00s Sys=0,00s Real=0,00s
[2019-04-15T14:10:54.151+0200][102,671s] GC(156) Concurrent Mark
[2019-04-15T14:10:54.151+0200][102,671s] GC(156) Using 4 workers of 4 for marking
[2019-04-15T14:10:54.205+0200][102,725s] GC(156) Concurrent Mark 54,400ms
[2019-04-15T14:10:54.205+0200][102,725s] GC(156) User=0,14s Sys=0,01s Real=0,06s
[2019-04-15T14:10:54.205+0200][102,725s] GC(156) Concurrent Preclean
[2019-04-15T14:10:54.206+0200][102,727s] GC(156) Concurrent Preclean 1,182ms
[2019-04-15T14:10:54.206+0200][102,727s] GC(156) User=0,00s Sys=0,00s Real=0,00s
[2019-04-15T14:10:54.206+0200][102,727s] GC(156) Concurrent Abortable Preclean
[2019-04-15T14:10:54.721+0200][103,242s] GC(157) Pause Young (Allocation Failure)
[2019-04-15T14:10:54.721+0200][103,242s] GC(157) Using 4 workers of 4 for evacuation
[2019-04-15T14:10:54.758+0200][103,278s] GC(157) ParNew: 109248K->21824K(109248K)
[2019-04-15T14:10:54.758+0200][103,278s] GC(157) CMS: 217063K->298286K(393216K)
[2019-04-15T14:10:54.758+0200][103,278s] GC(157) Metaspace: 77266K->77266K(1120256K)
[2019-04-15T14:10:54.758+0200][103,278s] GC(157) Pause Young (Allocation Failure) 318M->312M(490M) 36,686ms
[2019-04-15T14:10:54.758+0200][103,278s] GC(157) User=0,08s Sys=0,00s Real=0,04s
[2019-04-15T14:10:54.811+0200][103,331s] GC(158) Pause Young (Allocation Failure)
[2019-04-15T14:10:54.811+0200][103,331s] GC(158) Using 4 workers of 4 for evacuation
[2019-04-15T14:10:54.811+0200][103,331s] GC(159) Pause Full (Allocation Failure)
[2019-04-15T14:10:54.811+0200][103,332s] GC(156) Concurrent Abortable Preclean 605,144ms
[2019-04-15T14:10:54.811+0200][103,332s] GC(156) User=0,51s Sys=0,22s Real=0,60s
[2019-04-15T14:10:54.812+0200][103,332s] GC(159) Phase 1: Mark live objects
[2019-04-15T14:10:54.884+0200][103,404s] GC(159) Phase 1: Mark live objects 72,069ms
[2019-04-15T14:10:54.884+0200][103,404s] GC(159) Phase 2: Compute new object addresses
[2019-04-15T14:10:54.926+0200][103,447s] GC(159) Phase 2: Compute new object addresses 42,602ms
[2019-04-15T14:10:54.926+0200][103,447s] GC(159) Phase 3: Adjust pointers
[2019-04-15T14:10:54.980+0200][103,501s] GC(159) Phase 3: Adjust pointers 54,066ms
[2019-04-15T14:10:54.980+0200][103,501s] GC(159) Phase 4: Move objects
[2019-04-15T14:10:55.043+0200][103,564s] GC(159) Phase 4: Move objects 62,972ms
[2019-04-15T14:10:55.044+0200][103,565s] GC(159) Pause Full (Allocation Failure) 397M->290M(490M) 233,323ms
[2019-04-15T14:10:55.044+0200][103,565s] GC(158) ParNew: 109248K->0K(109248K)
[2019-04-15T14:10:55.044+0200][103,565s] GC(158) CMS: 298286K->297025K(393216K)
[2019-04-15T14:10:55.044+0200][103,565s] GC(158) Metaspace: 77266K->77266K(1120256K)
[2019-04-15T14:10:55.044+0200][103,565s] GC(158) Pause Young (Allocation Failure) 397M->290M(490M) 233,483ms
[2019-04-15T14:10:55.045+0200][103,565s] GC(158) User=0,25s Sys=0,00s Real=0,23s
[2019-04-15T14:10:55.092+0200][103,612s] GC(160) Pause Young (Allocation Failure)
[2019-04-15T14:10:55.092+0200][103,612s] GC(160) Using 4 workers of 4 for evacuation
[2019-04-15T14:10:55.124+0200][103,645s] GC(160) ParNew: 87424K->21824K(109248K)
[2019-04-15T14:10:55.124+0200][103,645s] GC(160) CMS: 297025K->342845K(393216K)
[2019-04-15T14:10:55.124+0200][103,645s] GC(160) Metaspace: 77266K->77266K(1120256K)
[2019-04-15T14:10:55.124+0200][103,645s] GC(160) Pause Young (Allocation Failure) 375M->356M(490M) 32,768ms
[2019-04-15T14:10:55.124+0200][103,645s] GC(160) User=0,10s Sys=0,00s Real=0,03s
[2019-04-15T14:10:55.124+0200][103,645s] GC(161) Pause Initial Mark
[2019-04-15T14:10:55.126+0200][103,647s] GC(161) Pause Initial Mark 357M->357M(490M) 1,625ms
[2019-04-15T14:10:55.126+0200][103,647s] GC(161) User=0,00s Sys=0,00s Real=0,01s
[2019-04-15T14:10:55.126+0200][103,647s] GC(161) Concurrent Mark
[2019-04-15T14:10:55.126+0200][103,647s] GC(161) Using 4 workers of 4 for marking
[2019-04-15T14:10:55.178+0200][103,698s] GC(161) Concurrent Mark 51,873ms
[2019-04-15T14:10:55.178+0200][103,698s] GC(161) User=0,18s Sys=0,00s Real=0,05s
[2019-04-15T14:10:55.178+0200][103,698s] GC(161) Concurrent Preclean
[2019-04-15T14:10:55.179+0200][103,699s] GC(161) Concurrent Preclean 0,784ms
[2019-04-15T14:10:55.179+0200][103,699s] GC(161) User=0,00s Sys=0,00s Real=0,00s
[2019-04-15T14:10:55.179+0200][103,699s] GC(161) Concurrent Abortable Preclean
[2019-04-15T14:10:55.179+0200][103,699s] GC(161) Concurrent Abortable Preclean 0,023ms
[2019-04-15T14:10:55.179+0200][103,699s] GC(161) User=0,00s Sys=0,00s Real=0,00s
[2019-04-15T14:10:55.179+0200][103,699s] GC(161) Pause Remark
[2019-04-15T14:10:55.179+0200][103,699s] GC(162) Pause Young (CMS Final Remark)
[2019-04-15T14:10:55.179+0200][103,699s] GC(162) Using 4 workers of 4 for evacuation
[2019-04-15T14:10:55.179+0200][103,700s] GC(162) ParNew: 66558K->66558K(109248K)
[2019-04-15T14:10:55.179+0200][103,700s] GC(162) CMS: 342845K->342845K(393216K)
[2019-04-15T14:10:55.179+0200][103,700s] GC(162) Metaspace: 77266K->77266K(1120256K)
[2019-04-15T14:10:55.179+0200][103,700s] GC(162) Pause Young (CMS Final Remark) 399M->399M(490M) 0,052ms
[2019-04-15T14:10:55.179+0200][103,700s] GC(162) User=0,00s Sys=0,00s Real=0,00s
[2019-04-15T14:10:55.219+0200][103,739s] GC(161) Pause Remark 399M->399M(490M) 39,911ms
[2019-04-15T14:10:55.219+0200][103,739s] GC(161) User=0,07s Sys=0,00s Real=0,04s
[2019-04-15T14:10:55.219+0200][103,739s] GC(161) Concurrent Sweep
[2019-04-15T14:10:55.252+0200][103,773s] GC(161) Concurrent Sweep 33,247ms
[2019-04-15T14:10:55.252+0200][103,773s] GC(161) User=0,08s Sys=0,00s Real=0,03s
[2019-04-15T14:10:55.252+0200][103,773s] GC(161) Concurrent Reset
[2019-04-15T14:10:55.253+0200][103,773s] GC(161) Concurrent Reset 0,367ms
[2019-04-15T14:10:55.253+0200][103,773s] GC(161) User=0,00s Sys=0,00s Real=0,00s
[2019-04-15T14:10:55.253+0200][103,773s] GC(161) Old: 342845K->308615K(393216K)
[2019-04-15T14:10:55.383+0200][103,904s] GC(163) Pause Young (Allocation Failure)
[2019-04-15T14:10:55.383+0200][103,904s] GC(163) Using 4 workers of 4 for evacuation
[2019-04-15T14:10:55.402+0200][103,922s] GC(163) ParNew: 109248K->21824K(109248K)
[2019-04-15T14:10:55.402+0200][103,922s] GC(163) CMS: 308615K->354262K(393216K)
[2019-04-15T14:10:55.402+0200][103,922s] GC(163) Metaspace: 77267K->77267K(1120256K)
[2019-04-15T14:10:55.402+0200][103,922s] GC(163) Pause Young (Allocation Failure) 408M->367M(490M) 18,774ms
[2019-04-15T14:10:55.402+0200][103,922s] GC(163) User=0,07s Sys=0,00s Real=0,02s
[2019-04-15T14:10:55.405+0200][103,925s] GC(164) Pause Initial Mark
[2019-04-15T14:10:55.406+0200][103,927s] GC(164) Pause Initial Mark 369M->369M(490M) 1,075ms
[2019-04-15T14:10:55.406+0200][103,927s] GC(164) User=0,01s Sys=0,00s Real=0,00s
[2019-04-15T14:10:55.406+0200][103,927s] GC(164) Concurrent Mark
[2019-04-15T14:10:55.406+0200][103,927s] GC(164) Using 4 workers of 4 for marking
[2019-04-15T14:10:55.456+0200][103,977s] GC(164) Concurrent Mark 50,151ms
[2019-04-15T14:10:55.456+0200][103,977s] GC(164) User=0,19s Sys=0,00s Real=0,05s
[2019-04-15T14:10:55.456+0200][103,977s] GC(164) Concurrent Preclean
[2019-04-15T14:10:55.458+0200][103,978s] GC(164) Concurrent Preclean 1,291ms
[2019-04-15T14:10:55.458+0200][103,978s] GC(164) User=0,00s Sys=0,00s Real=0,00s
[2019-04-15T14:10:55.458+0200][103,978s] GC(164) Concurrent Abortable Preclean
[2019-04-15T14:10:55.458+0200][103,978s] GC(164) Concurrent Abortable Preclean 0,012ms
[2019-04-15T14:10:55.458+0200][103,978s] GC(164) User=0,00s Sys=0,00s Real=0,00s
[2019-04-15T14:10:55.458+0200][103,978s] GC(164) Pause Remark
[2019-04-15T14:10:55.458+0200][103,978s] GC(165) Pause Young (CMS Final Remark)
[2019-04-15T14:10:55.458+0200][103,978s] GC(165) Using 4 workers of 4 for evacuation
[2019-04-15T14:10:55.458+0200][103,978s] GC(165) ParNew: 40052K->40052K(109248K)
[2019-04-15T14:10:55.458+0200][103,978s] GC(165) CMS: 354262K->354262K(393216K)
[2019-04-15T14:10:55.458+0200][103,978s] GC(165) Metaspace: 77267K->77267K(1120256K)
[2019-04-15T14:10:55.458+0200][103,978s] GC(165) Pause Young (CMS Final Remark) 385M->385M(490M) 0,055ms
[2019-04-15T14:10:55.458+0200][103,978s] GC(165) User=0,00s Sys=0,00s Real=0,00s
[2019-04-15T14:10:55.495+0200][104,016s] GC(164) Pause Remark 385M->385M(490M) 37,518ms
[2019-04-15T14:10:55.495+0200][104,016s] GC(164) User=0,07s Sys=0,00s Real=0,04s
[2019-04-15T14:10:55.496+0200][104,016s] GC(164) Concurrent Sweep
[2019-04-15T14:10:55.529+0200][104,050s] GC(164) Concurrent Sweep 33,855ms
[2019-04-15T14:10:55.529+0200][104,050s] GC(164) User=0,07s Sys=0,00s Real=0,03s
[2019-04-15T14:10:55.529+0200][104,050s] GC(164) Concurrent Reset
[2019-04-15T14:10:55.530+0200][104,050s] GC(164) Concurrent Reset 0,298ms
[2019-04-15T14:10:55.530+0200][104,050s] GC(164) User=0,00s Sys=0,00s Real=0,00s
[2019-04-15T14:10:55.530+0200][104,050s] GC(164) Old: 354262K->352538K(393216K)
[2019-04-15T14:10:55.613+0200][104,133s] GC(166) Pause Young (Allocation Failure)
[2019-04-15T14:10:55.613+0200][104,133s] GC(166) Using 4 workers of 4 for evacuation
[2019-04-15T14:10:55.613+0200][104,134s] GC(167) Pause Full (Allocation Failure)
[2019-04-15T14:10:55.613+0200][104,134s] GC(167) Phase 1: Mark live objects
[2019-04-15T14:10:55.677+0200][104,197s] GC(167) Phase 1: Mark live objects 63,216ms
[2019-04-15T14:10:55.677+0200][104,197s] GC(167) Phase 2: Compute new object addresses
[2019-04-15T14:10:55.729+0200][104,250s] GC(167) Phase 2: Compute new object addresses 52,390ms
[2019-04-15T14:10:55.729+0200][104,250s] GC(167) Phase 3: Adjust pointers
[2019-04-15T14:10:55.782+0200][104,302s] GC(167) Phase 3: Adjust pointers 52,470ms
[2019-04-15T14:10:55.782+0200][104,302s] GC(167) Phase 4: Move objects
[2019-04-15T14:10:55.844+0200][104,364s] GC(167) Phase 4: Move objects 62,368ms
[2019-04-15T14:10:55.845+0200][104,365s] GC(167) Pause Full (Allocation Failure) 450M->362M(490M) 231,627ms
[2019-04-15T14:10:55.845+0200][104,365s] GC(166) ParNew: 109248K->0K(109248K)
[2019-04-15T14:10:55.845+0200][104,365s] GC(166) CMS: 352538K->371083K(393216K)
[2019-04-15T14:10:55.845+0200][104,365s] GC(166) Metaspace: 77267K->77267K(1120256K)
[2019-04-15T14:10:55.845+0200][104,365s] GC(166) Pause Young (Allocation Failure) 450M->362M(490M) 231,764ms
[2019-04-15T14:10:55.845+0200][104,365s] GC(166) User=0,23s Sys=0,00s Real=0,22s
[2019-04-15T14:10:55.845+0200][104,365s] GC(168) Pause Initial Mark
[2019-04-15T14:10:55.845+0200][104,366s] GC(168) Pause Initial Mark 363M->363M(490M) 0,421ms
[2019-04-15T14:10:55.845+0200][104,366s] GC(168) User=0,00s Sys=0,00s Real=0,00s
[2019-04-15T14:10:55.846+0200][104,366s] GC(168) Concurrent Mark
[2019-04-15T14:10:55.846+0200][104,366s] GC(168) Using 4 workers of 4 for marking
[2019-04-15T14:10:55.893+0200][104,413s] GC(168) Concurrent Mark 47,256ms
[2019-04-15T14:10:55.893+0200][104,413s] GC(168) User=0,18s Sys=0,00s Real=0,04s
[2019-04-15T14:10:55.893+0200][104,413s] GC(168) Concurrent Preclean
[2019-04-15T14:10:55.894+0200][104,415s] GC(168) Concurrent Preclean 1,496ms
[2019-04-15T14:10:55.894+0200][104,415s] GC(168) User=0,01s Sys=0,00s Real=0,01s
[2019-04-15T14:10:55.894+0200][104,415s] GC(168) Concurrent Abortable Preclean
[2019-04-15T14:10:55.995+0200][104,516s] GC(168) Concurrent Abortable Preclean 100,998ms
[2019-04-15T14:10:55.995+0200][104,516s] GC(168) User=0,10s Sys=0,00s Real=0,10s
[2019-04-15T14:10:55.996+0200][104,516s] GC(168) Pause Remark
[2019-04-15T14:10:55.996+0200][104,516s] GC(169) Pause Young (CMS Final Remark)
[2019-04-15T14:10:55.996+0200][104,516s] GC(169) Using 4 workers of 4 for evacuation
[2019-04-15T14:10:55.996+0200][104,516s] GC(169) ParNew: 87424K->87424K(109248K)
[2019-04-15T14:10:55.996+0200][104,516s] GC(169) CMS: 371083K->371083K(393216K)
[2019-04-15T14:10:55.996+0200][104,516s] GC(169) Metaspace: 77267K->77267K(1120256K)
[2019-04-15T14:10:55.996+0200][104,516s] GC(169) Pause Young (CMS Final Remark) 447M->447M(490M) 0,052ms
[2019-04-15T14:10:55.996+0200][104,516s] GC(169) User=0,00s Sys=0,00s Real=0,00s
[2019-04-15T14:10:56.064+0200][104,585s] GC(168) Pause Remark 447M->447M(490M) 68,760ms
[2019-04-15T14:10:56.064+0200][104,585s] GC(168) User=0,19s Sys=0,00s Real=0,06s
[2019-04-15T14:10:56.064+0200][104,585s] GC(168) Concurrent Sweep
[2019-04-15T14:10:56.156+0200][104,677s] GC(168) Concurrent Sweep 92,008ms
[2019-04-15T14:10:56.156+0200][104,677s] GC(168) User=0,19s Sys=0,00s Real=0,10s
[2019-04-15T14:10:56.157+0200][104,677s] GC(170) Pause Young (Allocation Failure)
[2019-04-15T14:10:56.157+0200][104,677s] GC(170) Using 4 workers of 4 for evacuation
[2019-04-15T14:10:56.157+0200][104,677s] GC(171) Pause Full (Allocation Failure)
[2019-04-15T14:10:56.157+0200][104,677s] GC(171) Phase 1: Mark live objects
[2019-04-15T14:10:56.225+0200][104,746s] GC(171) Phase 1: Mark live objects 68,382ms
[2019-04-15T14:10:56.225+0200][104,746s] GC(171) Phase 2: Compute new object addresses
[2019-04-15T14:10:56.283+0200][104,803s] GC(171) Phase 2: Compute new object addresses 57,477ms
[2019-04-15T14:10:56.283+0200][104,803s] GC(171) Phase 3: Adjust pointers
[2019-04-15T14:10:56.333+0200][104,853s] GC(171) Phase 3: Adjust pointers 49,928ms
[2019-04-15T14:10:56.333+0200][104,853s] GC(171) Phase 4: Move objects
[2019-04-15T14:10:56.404+0200][104,925s] GC(171) Phase 4: Move objects 71,312ms
[2019-04-15T14:10:56.405+0200][104,926s] GC(171) Pause Full (Allocation Failure) 448M->358M(490M) 248,472ms
[2019-04-15T14:10:56.405+0200][104,926s] GC(170) ParNew: 87424K->0K(109248K)
[2019-04-15T14:10:56.405+0200][104,926s] GC(170) CMS: 372071K->367283K(393216K)
[2019-04-15T14:10:56.405+0200][104,926s] GC(170) Metaspace: 77267K->77267K(1120256K)
[2019-04-15T14:10:56.405+0200][104,926s] GC(170) Pause Young (Allocation Failure) 448M->358M(490M) 248,733ms
[2019-04-15T14:10:56.405+0200][104,926s] GC(170) User=0,24s Sys=0,00s Real=0,25s
[2019-04-15T14:10:56.405+0200][104,926s] GC(168) Old: 371083K->367283K(393216K)
[2019-04-15T14:10:56.536+0200][105,057s] GC(172) Pause Young (Allocation Failure)
[2019-04-15T14:10:56.537+0200][105,057s] GC(172) Using 4 workers of 4 for evacuation
[2019-04-15T14:10:56.537+0200][105,057s] GC(173) Pause Full (Allocation Failure)
[2019-04-15T14:10:56.537+0200][105,057s] GC(173) Phase 1: Mark live objects
[2019-04-15T14:10:56.600+0200][105,120s] GC(173) Phase 1: Mark live objects 62,905ms
[2019-04-15T14:10:56.600+0200][105,120s] GC(173) Phase 2: Compute new object addresses
[2019-04-15T14:10:56.655+0200][105,176s] GC(173) Phase 2: Compute new object addresses 55,577ms
[2019-04-15T14:10:56.655+0200][105,176s] GC(173) Phase 3: Adjust pointers
[2019-04-15T14:10:56.706+0200][105,226s] GC(173) Phase 3: Adjust pointers 50,262ms
[2019-04-15T14:10:56.706+0200][105,226s] GC(173) Phase 4: Move objects
[2019-04-15T14:10:56.710+0200][105,231s] GC(173) Phase 4: Move objects 4,419ms
[2019-04-15T14:10:56.711+0200][105,231s] GC(173) Pause Full (Allocation Failure) 444M->361M(490M) 174,258ms
[2019-04-15T14:10:56.711+0200][105,231s] GC(172) ParNew: 87424K->0K(109248K)
[2019-04-15T14:10:56.711+0200][105,231s] GC(172) CMS: 367283K->370447K(393216K)
[2019-04-15T14:10:56.711+0200][105,231s] GC(172) Metaspace: 77062K->77062K(1120256K)
[2019-04-15T14:10:56.711+0200][105,231s] GC(172) Pause Young (Allocation Failure) 444M->361M(490M) 174,373ms
[2019-04-15T14:10:56.711+0200][105,231s] GC(172) User=0,17s Sys=0,00s Real=0,17s
[2019-04-15T14:10:56.711+0200][105,232s] GC(174) Pause Initial Mark
[2019-04-15T14:10:56.711+0200][105,232s] GC(174) Pause Initial Mark 363M->363M(490M) 0,317ms
[2019-04-15T14:10:56.711+0200][105,232s] GC(174) User=0,00s Sys=0,00s Real=0,00s
[2019-04-15T14:10:56.712+0200][105,232s] GC(174) Concurrent Mark
[2019-04-15T14:10:56.712+0200][105,232s] GC(174) Using 4 workers of 4 for marking
[2019-04-15T14:10:56.749+0200][105,270s] GC(174) Concurrent Mark 37,751ms
[2019-04-15T14:10:56.749+0200][105,270s] GC(174) User=0,14s Sys=0,00s Real=0,04s
[2019-04-15T14:10:56.749+0200][105,270s] GC(174) Concurrent Preclean
[2019-04-15T14:10:56.751+0200][105,271s] GC(174) Concurrent Preclean 1,230ms
[2019-04-15T14:10:56.751+0200][105,271s] GC(174) User=0,00s Sys=0,00s Real=0,00s
[2019-04-15T14:10:56.751+0200][105,271s] GC(174) Concurrent Abortable Preclean
[2019-04-15T14:10:56.851+0200][105,372s] GC(174) Concurrent Abortable Preclean 100,700ms
[2019-04-15T14:10:56.851+0200][105,372s] GC(174) User=0,10s Sys=0,00s Real=0,10s
[2019-04-15T14:10:56.852+0200][105,372s] GC(174) Pause Remark
[2019-04-15T14:10:56.852+0200][105,372s] GC(175) Pause Young (CMS Final Remark)
[2019-04-15T14:10:56.852+0200][105,372s] GC(175) Using 4 workers of 4 for evacuation
[2019-04-15T14:10:56.852+0200][105,372s] GC(175) ParNew: 79969K->79969K(109248K)
[2019-04-15T14:10:56.852+0200][105,372s] GC(175) CMS: 370447K->370447K(393216K)
[2019-04-15T14:10:56.852+0200][105,372s] GC(175) Metaspace: 77062K->77062K(1120256K)
[2019-04-15T14:10:56.852+0200][105,372s] GC(175) Pause Young (CMS Final Remark) 439M->439M(490M) 0,101ms
[2019-04-15T14:10:56.852+0200][105,372s] GC(175) User=0,00s Sys=0,00s Real=0,00s
[2019-04-15T14:10:56.915+0200][105,436s] GC(174) Pause Remark 439M->439M(490M) 63,855ms
[2019-04-15T14:10:56.916+0200][105,436s] GC(174) User=0,17s Sys=0,00s Real=0,07s
[2019-04-15T14:10:56.916+0200][105,436s] GC(174) Concurrent Sweep
[2019-04-15T14:10:56.975+0200][105,495s] GC(174) Concurrent Sweep 59,328ms
[2019-04-15T14:10:56.975+0200][105,495s] GC(174) User=0,12s Sys=0,00s Real=0,06s
[2019-04-15T14:10:56.975+0200][105,496s] GC(176) Pause Young (Allocation Failure)
[2019-04-15T14:10:56.975+0200][105,496s] GC(176) Using 4 workers of 4 for evacuation
[2019-04-15T14:10:56.975+0200][105,496s] GC(177) Pause Full (Allocation Failure)
[2019-04-15T14:10:56.975+0200][105,496s] GC(177) Phase 1: Mark live objects
[2019-04-15T14:10:57.046+0200][105,566s] GC(177) Phase 1: Mark live objects 70,633ms
[2019-04-15T14:10:57.046+0200][105,567s] GC(177) Phase 2: Compute new object addresses
[2019-04-15T14:10:57.102+0200][105,623s] GC(177) Phase 2: Compute new object addresses 56,274ms
[2019-04-15T14:10:57.102+0200][105,623s] GC(177) Phase 3: Adjust pointers
[2019-04-15T14:10:57.157+0200][105,678s] GC(177) Phase 3: Adjust pointers 54,953ms
[2019-04-15T14:10:57.157+0200][105,678s] GC(177) Phase 4: Move objects
[2019-04-15T14:10:57.174+0200][105,694s] GC(177) Phase 4: Move objects 16,161ms
[2019-04-15T14:10:57.174+0200][105,695s] GC(177) Pause Full (Allocation Failure) 447M->361M(490M) 199,187ms
[2019-04-15T14:10:57.174+0200][105,695s] GC(176) ParNew: 87424K->0K(109248K)
[2019-04-15T14:10:57.174+0200][105,695s] GC(176) CMS: 370373K->370431K(393216K)
[2019-04-15T14:10:57.174+0200][105,695s] GC(176) Metaspace: 77062K->77062K(1120256K)
[2019-04-15T14:10:57.174+0200][105,695s] GC(176) Pause Young (Allocation Failure) 447M->361M(490M) 199,283ms
[2019-04-15T14:10:57.174+0200][105,695s] GC(176) User=0,19s Sys=0,00s Real=0,20s
[2019-04-15T14:10:57.175+0200][105,695s] GC(174) Old: 370447K->370431K(393216K)
[2019-04-15T14:10:57.298+0200][105,819s] GC(178) Pause Young (Allocation Failure)
[2019-04-15T14:10:57.298+0200][105,819s] GC(178) Using 4 workers of 4 for evacuation
[2019-04-15T14:10:57.298+0200][105,819s] GC(179) Pause Full (Allocation Failure)
[2019-04-15T14:10:57.299+0200][105,819s] GC(179) Phase 1: Mark live objects
[2019-04-15T14:10:57.365+0200][105,885s] GC(179) Phase 1: Mark live objects 65,694ms
[2019-04-15T14:10:57.365+0200][105,885s] GC(179) Phase 2: Compute new object addresses
[2019-04-15T14:10:57.420+0200][105,940s] GC(179) Phase 2: Compute new object addresses 55,291ms
[2019-04-15T14:10:57.420+0200][105,940s] GC(179) Phase 3: Adjust pointers
[2019-04-15T14:10:57.470+0200][105,990s] GC(179) Phase 3: Adjust pointers 50,063ms
[2019-04-15T14:10:57.470+0200][105,990s] GC(179) Phase 4: Move objects
[2019-04-15T14:10:57.515+0200][106,035s] GC(179) Phase 4: Move objects 44,980ms
[2019-04-15T14:10:57.516+0200][106,036s] GC(179) Pause Full (Allocation Failure) 447M->360M(490M) 217,597ms
[2019-04-15T14:10:57.516+0200][106,036s] GC(178) ParNew: 87424K->0K(109248K)
[2019-04-15T14:10:57.516+0200][106,036s] GC(178) CMS: 370431K->368995K(393216K)
[2019-04-15T14:10:57.516+0200][106,036s] GC(178) Metaspace: 77062K->77062K(1120256K)
[2019-04-15T14:10:57.516+0200][106,037s] GC(178) Pause Young (Allocation Failure) 447M->360M(490M) 217,751ms
[2019-04-15T14:10:57.516+0200][106,037s] GC(178) User=0,21s Sys=0,00s Real=0,22s
[2019-04-15T14:10:57.516+0200][106,037s] GC(180) Pause Initial Mark
[2019-04-15T14:10:57.517+0200][106,038s] GC(180) Pause Initial Mark 361M->361M(490M) 0,815ms
[2019-04-15T14:10:57.517+0200][106,038s] GC(180) User=0,01s Sys=0,00s Real=0,00s
[2019-04-15T14:10:57.517+0200][106,038s] GC(180) Concurrent Mark
[2019-04-15T14:10:57.517+0200][106,038s] GC(180) Using 4 workers of 4 for marking
[2019-04-15T14:10:57.561+0200][106,081s] GC(180) Concurrent Mark 43,603ms
[2019-04-15T14:10:57.561+0200][106,081s] GC(180) User=0,16s Sys=0,00s Real=0,04s
[2019-04-15T14:10:57.561+0200][106,081s] GC(180) Concurrent Preclean
[2019-04-15T14:10:57.562+0200][106,082s] GC(180) Concurrent Preclean 0,719ms
[2019-04-15T14:10:57.562+0200][106,082s] GC(180) User=0,00s Sys=0,00s Real=0,00s
[2019-04-15T14:10:57.562+0200][106,082s] GC(180) Concurrent Abortable Preclean
[2019-04-15T14:10:57.661+0200][106,182s] GC(181) Pause Young (Allocation Failure)
[2019-04-15T14:10:57.661+0200][106,182s] GC(181) Using 4 workers of 4 for evacuation
[2019-04-15T14:10:57.661+0200][106,182s] GC(182) Pause Full (Allocation Failure)
[2019-04-15T14:10:57.661+0200][106,182s] GC(180) Concurrent Abortable Preclean 99,728ms
[2019-04-15T14:10:57.662+0200][106,182s] GC(180) User=0,11s Sys=0,00s Real=0,10s
[2019-04-15T14:10:57.662+0200][106,182s] GC(182) Phase 1: Mark live objects
[2019-04-15T14:10:57.736+0200][106,256s] GC(182) Phase 1: Mark live objects 74,023ms
[2019-04-15T14:10:57.736+0200][106,256s] GC(182) Phase 2: Compute new object addresses
[2019-04-15T14:10:57.792+0200][106,313s] GC(182) Phase 2: Compute new object addresses 56,428ms
[2019-04-15T14:10:57.792+0200][106,313s] GC(182) Phase 3: Adjust pointers
[2019-04-15T14:10:57.839+0200][106,360s] GC(182) Phase 3: Adjust pointers 47,185ms
[2019-04-15T14:10:57.839+0200][106,360s] GC(182) Phase 4: Move objects
[2019-04-15T14:10:57.897+0200][106,417s] GC(182) Phase 4: Move objects 57,341ms
[2019-04-15T14:10:57.899+0200][106,419s] GC(182) Pause Full (Allocation Failure) 445M->359M(490M) 237,518ms
[2019-04-15T14:10:57.899+0200][106,419s] GC(181) ParNew: 87424K->0K(109248K)
[2019-04-15T14:10:57.899+0200][106,419s] GC(181) CMS: 368995K->368447K(393216K)
[2019-04-15T14:10:57.899+0200][106,419s] GC(181) Metaspace: 77062K->77062K(1120256K)
[2019-04-15T14:10:57.899+0200][106,419s] GC(181) Pause Young (Allocation Failure) 445M->359M(490M) 237,791ms
[2019-04-15T14:10:57.899+0200][106,419s] GC(181) User=0,23s Sys=0,00s Real=0,24s
[2019-04-15T14:10:58.095+0200][106,616s] GC(183) Pause Young (Allocation Failure)
[2019-04-15T14:10:58.095+0200][106,616s] GC(183) Using 4 workers of 4 for evacuation
[2019-04-15T14:10:58.095+0200][106,616s] GC(184) Pause Full (Allocation Failure)
[2019-04-15T14:10:58.096+0200][106,616s] GC(184) Phase 1: Mark live objects
[2019-04-15T14:10:58.253+0200][106,774s] GC(184) Phase 1: Mark live objects 157,456ms
[2019-04-15T14:10:58.253+0200][106,774s] GC(184) Phase 2: Compute new object addresses
[2019-04-15T14:10:58.339+0200][106,859s] GC(184) Phase 2: Compute new object addresses 85,264ms
[2019-04-15T14:10:58.339+0200][106,859s] GC(184) Phase 3: Adjust pointers
[2019-04-15T14:10:58.411+0200][106,932s] GC(184) Phase 3: Adjust pointers 72,647ms
[2019-04-15T14:10:58.411+0200][106,932s] GC(184) Phase 4: Move objects
[2019-04-15T14:10:58.469+0200][106,990s] GC(184) Phase 4: Move objects 58,129ms
[2019-04-15T14:10:58.470+0200][106,991s] GC(184) Pause Full (Allocation Failure) 445M->359M(490M) 374,910ms
[2019-04-15T14:10:58.470+0200][106,991s] GC(183) ParNew: 87424K->0K(109248K)
[2019-04-15T14:10:58.470+0200][106,991s] GC(183) CMS: 368447K->367926K(393216K)
[2019-04-15T14:10:58.470+0200][106,991s] GC(183) Metaspace: 77062K->77062K(1120256K)
[2019-04-15T14:10:58.470+0200][106,991s] GC(183) Pause Young (Allocation Failure) 445M->359M(490M) 375,188ms
[2019-04-15T14:10:58.471+0200][106,991s] GC(183) User=0,38s Sys=0,00s Real=0,37s
[2019-04-15T14:10:58.473+0200][106,993s] GC(185) Pause Initial Mark
[2019-04-15T14:10:58.474+0200][106,994s] GC(185) Pause Initial Mark 360M->360M(490M) 1,068ms
[2019-04-15T14:10:58.474+0200][106,994s] GC(185) User=0,00s Sys=0,00s Real=0,01s
[2019-04-15T14:10:58.474+0200][106,994s] GC(185) Concurrent Mark
[2019-04-15T14:10:58.474+0200][106,994s] GC(185) Using 4 workers of 4 for marking
[2019-04-15T14:10:58.538+0200][107,059s] GC(185) Concurrent Mark 64,299ms
[2019-04-15T14:10:58.538+0200][107,059s] GC(185) User=0,22s Sys=0,00s Real=0,06s
[2019-04-15T14:10:58.538+0200][107,059s] GC(185) Concurrent Preclean
[2019-04-15T14:10:58.540+0200][107,060s] GC(185) Concurrent Preclean 1,214ms
[2019-04-15T14:10:58.540+0200][107,060s] GC(185) User=0,00s Sys=0,00s Real=0,00s
[2019-04-15T14:10:58.540+0200][107,060s] GC(185) Concurrent Abortable Preclean
[2019-04-15T14:10:58.540+0200][107,060s] GC(185) Concurrent Abortable Preclean 0,012ms
[2019-04-15T14:10:58.540+0200][107,060s] GC(185) User=0,00s Sys=0,00s Real=0,00s
[2019-04-15T14:10:58.540+0200][107,060s] GC(185) Pause Remark
[2019-04-15T14:10:58.540+0200][107,060s] GC(186) Pause Young (CMS Final Remark)
[2019-04-15T14:10:58.540+0200][107,060s] GC(186) Using 4 workers of 4 for evacuation
[2019-04-15T14:10:58.540+0200][107,060s] GC(186) ParNew: 26803K->26803K(109248K)
[2019-04-15T14:10:58.540+0200][107,060s] GC(186) CMS: 367926K->367926K(393216K)
[2019-04-15T14:10:58.540+0200][107,060s] GC(186) Metaspace: 77062K->77062K(1120256K)
[2019-04-15T14:10:58.540+0200][107,060s] GC(186) Pause Young (CMS Final Remark) 385M->385M(490M) 0,057ms
[2019-04-15T14:10:58.540+0200][107,060s] GC(186) User=0,00s Sys=0,00s Real=0,00s
[2019-04-15T14:10:58.591+0200][107,111s] GC(185) Pause Remark 385M->385M(490M) 50,935ms
[2019-04-15T14:10:58.591+0200][107,111s] GC(185) User=0,09s Sys=0,00s Real=0,05s
[2019-04-15T14:10:58.591+0200][107,111s] GC(185) Concurrent Sweep
[2019-04-15T14:10:58.625+0200][107,145s] GC(185) Concurrent Sweep 34,003ms
[2019-04-15T14:10:58.625+0200][107,145s] GC(185) User=0,07s Sys=0,00s Real=0,04s
[2019-04-15T14:10:58.625+0200][107,145s] GC(185) Concurrent Reset
[2019-04-15T14:10:58.626+0200][107,147s] GC(185) Concurrent Reset 1,094ms
[2019-04-15T14:10:58.626+0200][107,147s] GC(185) User=0,00s Sys=0,00s Real=0,00s
[2019-04-15T14:10:58.626+0200][107,147s] GC(185) Old: 367926K->367925K(393216K)
[2019-04-15T14:10:58.688+0200][107,209s] GC(187) Pause Young (Allocation Failure)
[2019-04-15T14:10:58.688+0200][107,209s] GC(187) Using 4 workers of 4 for evacuation
[2019-04-15T14:10:58.688+0200][107,209s] GC(188) Pause Full (Allocation Failure)
[2019-04-15T14:10:58.689+0200][107,209s] GC(188) Phase 1: Mark live objects
[2019-04-15T14:10:58.770+0200][107,291s] GC(188) Phase 1: Mark live objects 81,612ms
[2019-04-15T14:10:58.770+0200][107,291s] GC(188) Phase 2: Compute new object addresses
[2019-04-15T14:10:58.834+0200][107,354s] GC(188) Phase 2: Compute new object addresses 63,288ms
[2019-04-15T14:10:58.834+0200][107,354s] GC(188) Phase 3: Adjust pointers
[2019-04-15T14:10:58.886+0200][107,406s] GC(188) Phase 3: Adjust pointers 51,888ms
[2019-04-15T14:10:58.886+0200][107,406s] GC(188) Phase 4: Move objects
[2019-04-15T14:10:58.888+0200][107,408s] GC(188) Phase 4: Move objects 2,252ms
[2019-04-15T14:10:58.891+0200][107,411s] GC(188) Pause Full (Allocation Failure) 444M->361M(490M) 202,365ms
[2019-04-15T14:10:58.891+0200][107,411s] GC(187) ParNew: 87424K->0K(109248K)
[2019-04-15T14:10:58.891+0200][107,411s] GC(187) CMS: 367925K->369920K(393216K)
[2019-04-15T14:10:58.891+0200][107,411s] GC(187) Metaspace: 77062K->77062K(1120256K)
[2019-04-15T14:10:58.891+0200][107,411s] GC(187) Pause Young (Allocation Failure) 444M->361M(490M) 202,631ms
[2019-04-15T14:10:58.891+0200][107,411s] GC(187) User=0,20s Sys=0,00s Real=0,20s
[2019-04-15T14:10:58.891+0200][107,412s] GC(189) Pause Initial Mark
[2019-04-15T14:10:58.892+0200][107,412s] GC(189) Pause Initial Mark 362M->362M(490M) 0,710ms
[2019-04-15T14:10:58.892+0200][107,413s] GC(189) User=0,00s Sys=0,00s Real=0,00s
[2019-04-15T14:10:58.892+0200][107,413s] GC(189) Concurrent Mark
[2019-04-15T14:10:58.892+0200][107,413s] GC(189) Using 4 workers of 4 for marking
[2019-04-15T14:10:58.945+0200][107,465s] GC(189) Concurrent Mark 52,847ms
[2019-04-15T14:10:58.945+0200][107,466s] GC(189) User=0,18s Sys=0,00s Real=0,06s
[2019-04-15T14:10:58.945+0200][107,466s] GC(189) Concurrent Preclean
[2019-04-15T14:10:58.946+0200][107,466s] GC(189) Concurrent Preclean 0,733ms
[2019-04-15T14:10:58.946+0200][107,466s] GC(189) User=0,00s Sys=0,00s Real=0,00s
[2019-04-15T14:10:58.946+0200][107,466s] GC(189) Concurrent Abortable Preclean
[2019-04-15T14:10:59.047+0200][107,567s] GC(189) Concurrent Abortable Preclean 100,655ms
[2019-04-15T14:10:59.047+0200][107,567s] GC(189) User=0,09s Sys=0,00s Real=0,10s
[2019-04-15T14:10:59.047+0200][107,567s] GC(189) Pause Remark
[2019-04-15T14:10:59.047+0200][107,567s] GC(190) Pause Young (CMS Final Remark)
[2019-04-15T14:10:59.047+0200][107,567s] GC(190) Using 4 workers of 4 for evacuation
[2019-04-15T14:10:59.047+0200][107,567s] GC(190) ParNew: 75884K->75884K(109248K)
[2019-04-15T14:10:59.047+0200][107,567s] GC(190) CMS: 369920K->369920K(393216K)
[2019-04-15T14:10:59.047+0200][107,567s] GC(190) Metaspace: 77062K->77062K(1120256K)
[2019-04-15T14:10:59.047+0200][107,567s] GC(190) Pause Young (CMS Final Remark) 435M->435M(490M) 0,051ms
[2019-04-15T14:10:59.047+0200][107,567s] GC(190) User=0,00s Sys=0,00s Real=0,00s
[2019-04-15T14:10:59.114+0200][107,634s] GC(189) Pause Remark 435M->435M(490M) 67,004ms
[2019-04-15T14:10:59.114+0200][107,634s] GC(189) User=0,16s Sys=0,00s Real=0,07s
[2019-04-15T14:10:59.114+0200][107,634s] GC(189) Concurrent Sweep
[2019-04-15T14:10:59.177+0200][107,698s] GC(189) Concurrent Sweep 63,360ms
[2019-04-15T14:10:59.177+0200][107,698s] GC(189) User=0,13s Sys=0,00s Real=0,06s
[2019-04-15T14:10:59.178+0200][107,698s] GC(191) Pause Young (Allocation Failure)
[2019-04-15T14:10:59.178+0200][107,698s] GC(191) Using 4 workers of 4 for evacuation
[2019-04-15T14:10:59.178+0200][107,698s] GC(192) Pause Full (Allocation Failure)
[2019-04-15T14:10:59.178+0200][107,698s] GC(192) Phase 1: Mark live objects
[2019-04-15T14:10:59.273+0200][107,794s] GC(192) Phase 1: Mark live objects 95,264ms
[2019-04-15T14:10:59.273+0200][107,794s] GC(192) Phase 2: Compute new object addresses
[2019-04-15T14:10:59.336+0200][107,857s] GC(192) Phase 2: Compute new object addresses 62,910ms
[2019-04-15T14:10:59.336+0200][107,857s] GC(192) Phase 3: Adjust pointers
[2019-04-15T14:10:59.402+0200][107,923s] GC(192) Phase 3: Adjust pointers 66,069ms
[2019-04-15T14:10:59.402+0200][107,923s] GC(192) Phase 4: Move objects
[2019-04-15T14:10:59.459+0200][107,979s] GC(192) Phase 4: Move objects 56,522ms
[2019-04-15T14:10:59.460+0200][107,980s] GC(192) Pause Full (Allocation Failure) 445M->361M(490M) 282,117ms
[2019-04-15T14:10:59.460+0200][107,980s] GC(191) ParNew: 87424K->0K(109248K)
[2019-04-15T14:10:59.460+0200][107,980s] GC(191) CMS: 368561K->369775K(393216K)
[2019-04-15T14:10:59.460+0200][107,980s] GC(191) Metaspace: 77062K->77062K(1120256K)
[2019-04-15T14:10:59.460+0200][107,980s] GC(191) Pause Young (Allocation Failure) 445M->361M(490M) 282,258ms
[2019-04-15T14:10:59.460+0200][107,980s] GC(191) User=0,28s Sys=0,00s Real=0,28s
[2019-04-15T14:10:59.460+0200][107,980s] GC(189) Old: 369920K->369775K(393216K)
[2019-04-15T14:10:59.592+0200][108,112s] GC(193) Pause Young (Allocation Failure)
[2019-04-15T14:10:59.592+0200][108,113s] GC(193) Using 4 workers of 4 for evacuation
[2019-04-15T14:10:59.592+0200][108,113s] GC(194) Pause Full (Allocation Failure)
[2019-04-15T14:10:59.592+0200][108,113s] GC(194) Phase 1: Mark live objects
[2019-04-15T14:10:59.684+0200][108,204s] GC(194) Phase 1: Mark live objects 91,112ms
[2019-04-15T14:10:59.684+0200][108,204s] GC(194) Phase 2: Compute new object addresses
[2019-04-15T14:10:59.752+0200][108,272s] GC(194) Phase 2: Compute new object addresses 67,860ms
[2019-04-15T14:10:59.752+0200][108,272s] GC(194) Phase 3: Adjust pointers
[2019-04-15T14:10:59.817+0200][108,337s] GC(194) Phase 3: Adjust pointers 65,216ms
[2019-04-15T14:10:59.817+0200][108,337s] GC(194) Phase 4: Move objects
[2019-04-15T14:10:59.821+0200][108,341s] GC(194) Phase 4: Move objects 3,817ms
[2019-04-15T14:10:59.821+0200][108,342s] GC(194) Pause Full (Allocation Failure) 446M->361M(490M) 229,240ms
[2019-04-15T14:10:59.821+0200][108,342s] GC(193) ParNew: 87424K->0K(109248K)
[2019-04-15T14:10:59.821+0200][108,342s] GC(193) CMS: 369775K->370066K(393216K)
[2019-04-15T14:10:59.821+0200][108,342s] GC(193) Metaspace: 77062K->77062K(1120256K)
[2019-04-15T14:10:59.821+0200][108,342s] GC(193) Pause Young (Allocation Failure) 446M->361M(490M) 229,368ms
[2019-04-15T14:10:59.821+0200][108,342s] GC(193) User=0,23s Sys=0,00s Real=0,23s
[2019-04-15T14:10:59.822+0200][108,342s] GC(195) Pause Initial Mark
[2019-04-15T14:10:59.822+0200][108,342s] GC(195) Pause Initial Mark 362M->362M(490M) 0,339ms
[2019-04-15T14:10:59.822+0200][108,342s] GC(195) User=0,00s Sys=0,00s Real=0,00s
[2019-04-15T14:10:59.822+0200][108,342s] GC(195) Concurrent Mark
[2019-04-15T14:10:59.822+0200][108,342s] GC(195) Using 4 workers of 4 for marking
[2019-04-15T14:10:59.870+0200][108,391s] GC(195) Concurrent Mark 48,110ms
[2019-04-15T14:10:59.870+0200][108,391s] GC(195) User=0,17s Sys=0,00s Real=0,05s
[2019-04-15T14:10:59.870+0200][108,391s] GC(195) Concurrent Preclean
[2019-04-15T14:10:59.871+0200][108,392s] GC(195) Concurrent Preclean 0,995ms
[2019-04-15T14:10:59.871+0200][108,392s] GC(195) User=0,00s Sys=0,00s Real=0,00s
[2019-04-15T14:10:59.871+0200][108,392s] GC(195) Concurrent Abortable Preclean
[2019-04-15T14:10:59.972+0200][108,493s] GC(195) Concurrent Abortable Preclean 100,835ms
[2019-04-15T14:10:59.972+0200][108,493s] GC(195) User=0,11s Sys=0,00s Real=0,10s
[2019-04-15T14:10:59.973+0200][108,493s] GC(195) Pause Remark
[2019-04-15T14:10:59.973+0200][108,493s] GC(196) Pause Young (CMS Final Remark)
[2019-04-15T14:10:59.973+0200][108,493s] GC(196) Using 4 workers of 4 for evacuation
[2019-04-15T14:10:59.973+0200][108,493s] GC(196) ParNew: 78484K->78484K(109248K)
[2019-04-15T14:10:59.973+0200][108,493s] GC(196) CMS: 370066K->370066K(393216K)
[2019-04-15T14:10:59.973+0200][108,493s] GC(196) Metaspace: 77062K->77062K(1120256K)
[2019-04-15T14:10:59.973+0200][108,493s] GC(196) Pause Young (CMS Final Remark) 438M->438M(490M) 0,106ms
[2019-04-15T14:10:59.973+0200][108,493s] GC(196) User=0,00s Sys=0,00s Real=0,00s
[2019-04-15T14:11:00.091+0200][108,611s] GC(195) Pause Remark 438M->438M(490M) 118,534ms
[2019-04-15T14:11:00.091+0200][108,612s] GC(195) User=0,19s Sys=0,00s Real=0,12s
[2019-04-15T14:11:00.091+0200][108,612s] GC(195) Concurrent Sweep
[2019-04-15T14:11:00.160+0200][108,680s] GC(195) Concurrent Sweep 68,774ms
[2019-04-15T14:11:00.160+0200][108,680s] GC(195) User=0,13s Sys=0,00s Real=0,07s
[2019-04-15T14:11:00.160+0200][108,681s] GC(197) Pause Young (Allocation Failure)
[2019-04-15T14:11:00.160+0200][108,681s] GC(197) Using 4 workers of 4 for evacuation
[2019-04-15T14:11:00.160+0200][108,681s] GC(198) Pause Full (Allocation Failure)
[2019-04-15T14:11:00.160+0200][108,681s] GC(198) Phase 1: Mark live objects
[2019-04-15T14:11:00.252+0200][108,773s] GC(198) Phase 1: Mark live objects 91,980ms
[2019-04-15T14:11:00.253+0200][108,773s] GC(198) Phase 2: Compute new object addresses
[2019-04-15T14:11:00.321+0200][108,842s] GC(198) Phase 2: Compute new object addresses 68,666ms
[2019-04-15T14:11:00.321+0200][108,842s] GC(198) Phase 3: Adjust pointers
[2019-04-15T14:11:00.387+0200][108,907s] GC(198) Phase 3: Adjust pointers 65,326ms
[2019-04-15T14:11:00.387+0200][108,907s] GC(198) Phase 4: Move objects
[2019-04-15T14:11:00.387+0200][108,908s] GC(198) Phase 4: Move objects 0,626ms
[2019-04-15T14:11:00.388+0200][108,908s] GC(198) Pause Full (Allocation Failure) 445M->360M(490M) 227,745ms
[2019-04-15T14:11:00.388+0200][108,908s] GC(197) ParNew: 87424K->0K(109248K)
[2019-04-15T14:11:00.388+0200][108,908s] GC(197) CMS: 369058K->369285K(393216K)
[2019-04-15T14:11:00.388+0200][108,908s] GC(197) Metaspace: 77062K->77062K(1120256K)
[2019-04-15T14:11:00.388+0200][108,908s] GC(197) Pause Young (Allocation Failure) 445M->360M(490M) 227,835ms
[2019-04-15T14:11:00.388+0200][108,908s] GC(197) User=0,23s Sys=0,00s Real=0,23s
[2019-04-15T14:11:00.388+0200][108,909s] GC(195) Old: 370066K->369285K(393216K)
[2019-04-15T14:11:00.532+0200][109,052s] GC(199) Pause Young (Allocation Failure)
[2019-04-15T14:11:00.532+0200][109,052s] GC(199) Using 4 workers of 4 for evacuation
[2019-04-15T14:11:00.532+0200][109,052s] GC(200) Pause Full (Allocation Failure)
[2019-04-15T14:11:00.532+0200][109,052s] GC(200) Phase 1: Mark live objects
[2019-04-15T14:11:00.652+0200][109,172s] GC(200) Phase 1: Mark live objects 119,913ms
[2019-04-15T14:11:00.652+0200][109,172s] GC(200) Phase 2: Compute new object addresses
[2019-04-15T14:11:00.748+0200][109,268s] GC(200) Phase 2: Compute new object addresses 95,520ms
[2019-04-15T14:11:00.748+0200][109,268s] GC(200) Phase 3: Adjust pointers
[2019-04-15T14:11:00.845+0200][109,366s] GC(200) Phase 3: Adjust pointers 97,517ms
[2019-04-15T14:11:00.845+0200][109,366s] GC(200) Phase 4: Move objects
[2019-04-15T14:11:00.923+0200][109,444s] GC(200) Phase 4: Move objects 77,783ms
[2019-04-15T14:11:00.925+0200][109,446s] GC(200) Pause Full (Allocation Failure) 446M->362M(490M) 393,571ms
[2019-04-15T14:11:00.925+0200][109,446s] GC(199) ParNew: 87424K->0K(109248K)
[2019-04-15T14:11:00.925+0200][109,446s] GC(199) CMS: 369285K->371436K(393216K)
[2019-04-15T14:11:00.925+0200][109,446s] GC(199) Metaspace: 77062K->77062K(1120256K)
[2019-04-15T14:11:00.925+0200][109,446s] GC(199) Pause Young (Allocation Failure) 446M->362M(490M) 393,847ms
[2019-04-15T14:11:00.925+0200][109,446s] GC(199) User=0,40s Sys=0,00s Real=0,40s
[2019-04-15T14:11:00.926+0200][109,446s] GC(201) Pause Initial Mark
[2019-04-15T14:11:00.926+0200][109,447s] GC(201) Pause Initial Mark 363M->363M(490M) 0,469ms
[2019-04-15T14:11:00.926+0200][109,447s] GC(201) User=0,00s Sys=0,00s Real=0,00s
[2019-04-15T14:11:00.926+0200][109,447s] GC(201) Concurrent Mark
[2019-04-15T14:11:00.926+0200][109,447s] GC(201) Using 4 workers of 4 for marking
[2019-04-15T14:11:00.998+0200][109,518s] GC(201) Concurrent Mark 71,685ms
[2019-04-15T14:11:00.998+0200][109,519s] GC(201) User=0,20s Sys=0,00s Real=0,07s
[2019-04-15T14:11:00.998+0200][109,519s] GC(201) Concurrent Preclean
[2019-04-15T14:11:01.000+0200][109,520s] GC(201) Concurrent Preclean 1,541ms
[2019-04-15T14:11:01.000+0200][109,520s] GC(201) User=0,00s Sys=0,00s Real=0,00s
[2019-04-15T14:11:01.000+0200][109,520s] GC(201) Concurrent Abortable Preclean
[2019-04-15T14:11:01.101+0200][109,621s] GC(201) Concurrent Abortable Preclean 101,239ms
[2019-04-15T14:11:01.101+0200][109,621s] GC(201) User=0,14s Sys=0,00s Real=0,10s
[2019-04-15T14:11:01.101+0200][109,622s] GC(201) Pause Remark
[2019-04-15T14:11:01.101+0200][109,622s] GC(202) Pause Young (CMS Final Remark)
[2019-04-15T14:11:01.101+0200][109,622s] GC(202) Using 4 workers of 4 for evacuation
[2019-04-15T14:11:01.101+0200][109,622s] GC(202) ParNew: 74323K->74323K(109248K)
[2019-04-15T14:11:01.101+0200][109,622s] GC(202) CMS: 371436K->371436K(393216K)
[2019-04-15T14:11:01.101+0200][109,622s] GC(202) Metaspace: 77062K->77062K(1120256K)
[2019-04-15T14:11:01.101+0200][109,622s] GC(202) Pause Young (CMS Final Remark) 435M->435M(490M) 0,054ms
[2019-04-15T14:11:01.101+0200][109,622s] GC(202) User=0,00s Sys=0,00s Real=0,00s
[2019-04-15T14:11:01.188+0200][109,709s] GC(201) Pause Remark 435M->435M(490M) 87,262ms
[2019-04-15T14:11:01.189+0200][109,709s] GC(201) User=0,20s Sys=0,00s Real=0,09s
[2019-04-15T14:11:01.189+0200][109,709s] GC(201) Concurrent Sweep
[2019-04-15T14:11:01.256+0200][109,776s] GC(201) Concurrent Sweep 67,191ms
[2019-04-15T14:11:01.256+0200][109,776s] GC(201) User=0,13s Sys=0,01s Real=0,07s
[2019-04-15T14:11:01.256+0200][109,777s] GC(203) Pause Young (Allocation Failure)
[2019-04-15T14:11:01.256+0200][109,777s] GC(203) Using 4 workers of 4 for evacuation
[2019-04-15T14:11:01.256+0200][109,777s] GC(204) Pause Full (Allocation Failure)
[2019-04-15T14:11:01.257+0200][109,777s] GC(204) Phase 1: Mark live objects
[2019-04-15T14:11:01.375+0200][109,896s] GC(204) Phase 1: Mark live objects 118,557ms
[2019-04-15T14:11:01.375+0200][109,896s] GC(204) Phase 2: Compute new object addresses
[2019-04-15T14:11:01.453+0200][109,974s] GC(204) Phase 2: Compute new object addresses 77,951ms
[2019-04-15T14:11:01.453+0200][109,974s] GC(204) Phase 3: Adjust pointers
[2019-04-15T14:11:01.532+0200][110,053s] GC(204) Phase 3: Adjust pointers 78,845ms
[2019-04-15T14:11:01.532+0200][110,053s] GC(204) Phase 4: Move objects
[2019-04-15T14:11:01.610+0200][110,131s] GC(204) Phase 4: Move objects 78,292ms
[2019-04-15T14:11:01.611+0200][110,132s] GC(204) Pause Full (Allocation Failure) 445M->361M(490M) 355,153ms
[2019-04-15T14:11:01.611+0200][110,132s] GC(203) ParNew: 87424K->0K(109248K)
[2019-04-15T14:11:01.611+0200][110,132s] GC(203) CMS: 368300K->369982K(393216K)
[2019-04-15T14:11:01.611+0200][110,132s] GC(203) Metaspace: 77062K->77062K(1120256K)
[2019-04-15T14:11:01.611+0200][110,132s] GC(203) Pause Young (Allocation Failure) 445M->361M(490M) 355,313ms
[2019-04-15T14:11:01.612+0200][110,132s] GC(203) User=0,36s Sys=0,00s Real=0,35s
[2019-04-15T14:11:01.612+0200][110,133s] GC(201) Old: 371436K->369982K(393216K)
[2019-04-15T14:11:01.810+0200][110,330s] GC(205) Pause Young (Allocation Failure)
[2019-04-15T14:11:01.810+0200][110,330s] GC(205) Using 4 workers of 4 for evacuation
[2019-04-15T14:11:01.810+0200][110,330s] GC(206) Pause Full (Allocation Failure)
[2019-04-15T14:11:01.810+0200][110,330s] GC(206) Phase 1: Mark live objects
[2019-04-15T14:11:01.940+0200][110,461s] GC(206) Phase 1: Mark live objects 130,345ms
[2019-04-15T14:11:01.940+0200][110,461s] GC(206) Phase 2: Compute new object addresses
[2019-04-15T14:11:02.034+0200][110,555s] GC(206) Phase 2: Compute new object addresses 93,812ms
[2019-04-15T14:11:02.034+0200][110,555s] GC(206) Phase 3: Adjust pointers
[2019-04-15T14:11:02.133+0200][110,653s] GC(206) Phase 3: Adjust pointers 98,220ms
[2019-04-15T14:11:02.133+0200][110,653s] GC(206) Phase 4: Move objects
[2019-04-15T14:11:02.134+0200][110,654s] GC(206) Phase 4: Move objects 0,886ms
[2019-04-15T14:11:02.134+0200][110,655s] GC(206) Pause Full (Allocation Failure) 446M->361M(490M) 324,547ms
[2019-04-15T14:11:02.134+0200][110,655s] GC(205) ParNew: 87424K->0K(109248K)
[2019-04-15T14:11:02.134+0200][110,655s] GC(205) CMS: 369982K->369967K(393216K)
[2019-04-15T14:11:02.134+0200][110,655s] GC(205) Metaspace: 77062K->77062K(1120256K)
[2019-04-15T14:11:02.134+0200][110,655s] GC(205) Pause Young (Allocation Failure) 446M->361M(490M) 324,699ms
[2019-04-15T14:11:02.134+0200][110,655s] GC(205) User=0,32s Sys=0,00s Real=0,33s
[2019-04-15T14:11:02.135+0200][110,655s] GC(207) Pause Initial Mark
[2019-04-15T14:11:02.135+0200][110,655s] GC(207) Pause Initial Mark 362M->362M(490M) 0,344ms
[2019-04-15T14:11:02.135+0200][110,656s] GC(207) User=0,00s Sys=0,00s Real=0,00s
[2019-04-15T14:11:02.135+0200][110,656s] GC(207) Concurrent Mark
[2019-04-15T14:11:02.135+0200][110,656s] GC(207) Using 4 workers of 4 for marking
[2019-04-15T14:11:02.224+0200][110,744s] GC(207) Concurrent Mark 88,647ms
[2019-04-15T14:11:02.224+0200][110,744s] GC(207) User=0,24s Sys=0,00s Real=0,08s
[2019-04-15T14:11:02.224+0200][110,744s] GC(207) Concurrent Preclean
[2019-04-15T14:11:02.225+0200][110,746s] GC(207) Concurrent Preclean 1,301ms
[2019-04-15T14:11:02.225+0200][110,746s] GC(207) User=0,00s Sys=0,00s Real=0,01s
[2019-04-15T14:11:02.225+0200][110,746s] GC(207) Concurrent Abortable Preclean
[2019-04-15T14:11:02.326+0200][110,847s] GC(207) Concurrent Abortable Preclean 101,164ms
[2019-04-15T14:11:02.326+0200][110,847s] GC(207) User=0,10s Sys=0,00s Real=0,10s
[2019-04-15T14:11:02.330+0200][110,851s] GC(207) Pause Remark
[2019-04-15T14:11:02.330+0200][110,851s] GC(208) Pause Young (CMS Final Remark)
[2019-04-15T14:11:02.330+0200][110,851s] GC(208) Using 4 workers of 4 for evacuation
[2019-04-15T14:11:02.330+0200][110,851s] GC(208) ParNew: 60261K->60261K(109248K)
[2019-04-15T14:11:02.330+0200][110,851s] GC(208) CMS: 369967K->369967K(393216K)
[2019-04-15T14:11:02.330+0200][110,851s] GC(208) Metaspace: 77062K->77062K(1120256K)
[2019-04-15T14:11:02.330+0200][110,851s] GC(208) Pause Young (CMS Final Remark) 420M->420M(490M) 0,141ms
[2019-04-15T14:11:02.330+0200][110,851s] GC(208) User=0,00s Sys=0,00s Real=0,00s
[2019-04-15T14:11:02.457+0200][110,977s] GC(207) Pause Remark 420M->420M(490M) 126,594ms
[2019-04-15T14:11:02.457+0200][110,977s] GC(207) User=0,21s Sys=0,01s Real=0,13s
[2019-04-15T14:11:02.457+0200][110,977s] GC(207) Concurrent Sweep
[2019-04-15T14:11:02.520+0200][111,040s] GC(207) Concurrent Sweep 63,261ms
[2019-04-15T14:11:02.520+0200][111,041s] GC(207) User=0,12s Sys=0,00s Real=0,06s
[2019-04-15T14:11:02.520+0200][111,041s] GC(207) Concurrent Reset
[2019-04-15T14:11:02.522+0200][111,042s] GC(207) Concurrent Reset 1,615ms
[2019-04-15T14:11:02.522+0200][111,042s] GC(207) User=0,00s Sys=0,00s Real=0,00s
[2019-04-15T14:11:02.522+0200][111,042s] GC(207) Old: 369967K->367669K(393216K)
[2019-04-15T14:11:02.533+0200][111,053s] GC(209) Pause Young (Allocation Failure)
[2019-04-15T14:11:02.533+0200][111,053s] GC(209) Using 4 workers of 4 for evacuation
[2019-04-15T14:11:02.533+0200][111,053s] GC(210) Pause Full (Allocation Failure)
[2019-04-15T14:11:02.533+0200][111,054s] GC(210) Phase 1: Mark live objects
[2019-04-15T14:11:02.662+0200][111,183s] GC(210) Phase 1: Mark live objects 129,172ms
[2019-04-15T14:11:02.662+0200][111,183s] GC(210) Phase 2: Compute new object addresses
[2019-04-15T14:11:02.741+0200][111,262s] GC(210) Phase 2: Compute new object addresses 78,811ms
[2019-04-15T14:11:02.741+0200][111,262s] GC(210) Phase 3: Adjust pointers
[2019-04-15T14:11:02.833+0200][111,354s] GC(210) Phase 3: Adjust pointers 92,030ms
[2019-04-15T14:11:02.833+0200][111,354s] GC(210) Phase 4: Move objects
[2019-04-15T14:11:02.834+0200][111,355s] GC(210) Phase 4: Move objects 0,791ms
[2019-04-15T14:11:02.835+0200][111,355s] GC(210) Pause Full (Allocation Failure) 444M->360M(490M) 302,217ms
[2019-04-15T14:11:02.835+0200][111,355s] GC(209) ParNew: 87424K->0K(109248K)
[2019-04-15T14:11:02.835+0200][111,356s] GC(209) CMS: 367669K->369663K(393216K)
[2019-04-15T14:11:02.835+0200][111,356s] GC(209) Metaspace: 77062K->77062K(1120256K)
[2019-04-15T14:11:02.835+0200][111,356s] GC(209) Pause Young (Allocation Failure) 444M->360M(490M) 302,358ms
[2019-04-15T14:11:02.835+0200][111,356s] GC(209) User=0,30s Sys=0,00s Real=0,31s
[2019-04-15T14:11:02.835+0200][111,356s] GC(211) Pause Initial Mark
[2019-04-15T14:11:02.836+0200][111,356s] GC(211) Pause Initial Mark 362M->362M(490M) 0,433ms
[2019-04-15T14:11:02.836+0200][111,356s] GC(211) User=0,00s Sys=0,00s Real=0,00s
[2019-04-15T14:11:02.836+0200][111,356s] GC(211) Concurrent Mark
[2019-04-15T14:11:02.836+0200][111,356s] GC(211) Using 4 workers of 4 for marking
[2019-04-15T14:11:02.925+0200][111,445s] GC(211) Concurrent Mark 88,982ms
[2019-04-15T14:11:02.925+0200][111,445s] GC(211) User=0,21s Sys=0,00s Real=0,09s
[2019-04-15T14:11:02.925+0200][111,445s] GC(211) Concurrent Preclean
[2019-04-15T14:11:02.926+0200][111,447s] GC(211) Concurrent Preclean 1,462ms
[2019-04-15T14:11:02.926+0200][111,447s] GC(211) User=0,00s Sys=0,00s Real=0,00s
[2019-04-15T14:11:02.926+0200][111,447s] GC(211) Concurrent Abortable Preclean
[2019-04-15T14:11:03.028+0200][111,548s] GC(211) Concurrent Abortable Preclean 101,232ms
[2019-04-15T14:11:03.028+0200][111,548s] GC(211) User=0,10s Sys=0,00s Real=0,10s
[2019-04-15T14:11:03.033+0200][111,553s] GC(211) Pause Remark
[2019-04-15T14:11:03.033+0200][111,554s] GC(212) Pause Young (CMS Final Remark)
[2019-04-15T14:11:03.033+0200][111,554s] GC(212) Using 4 workers of 4 for evacuation
[2019-04-15T14:11:03.033+0200][111,554s] GC(212) ParNew: 49493K->49493K(109248K)
[2019-04-15T14:11:03.033+0200][111,554s] GC(212) CMS: 369663K->369663K(393216K)
[2019-04-15T14:11:03.033+0200][111,554s] GC(212) Metaspace: 77062K->77062K(1120256K)
[2019-04-15T14:11:03.033+0200][111,554s] GC(212) Pause Young (CMS Final Remark) 409M->409M(490M) 0,149ms
[2019-04-15T14:11:03.033+0200][111,554s] GC(212) User=0,00s Sys=0,00s Real=0,00s
[2019-04-15T14:11:03.138+0200][111,658s] GC(211) Pause Remark 409M->409M(490M) 105,094ms
[2019-04-15T14:11:03.138+0200][111,659s] GC(211) User=0,13s Sys=0,00s Real=0,10s
[2019-04-15T14:11:03.138+0200][111,659s] GC(211) Concurrent Sweep
[2019-04-15T14:11:03.190+0200][111,711s] GC(211) Concurrent Sweep 52,194ms
[2019-04-15T14:11:03.190+0200][111,711s] GC(211) User=0,09s Sys=0,00s Real=0,05s
[2019-04-15T14:11:03.190+0200][111,711s] GC(211) Concurrent Reset
[2019-04-15T14:11:03.191+0200][111,711s] GC(211) Concurrent Reset 0,535ms
[2019-04-15T14:11:03.191+0200][111,711s] GC(211) User=0,00s Sys=0,00s Real=0,00s
[2019-04-15T14:11:03.191+0200][111,711s] GC(211) Old: 369663K->367025K(393216K)
[2019-04-15T14:11:03.235+0200][111,756s] GC(213) Pause Young (Allocation Failure)
[2019-04-15T14:11:03.235+0200][111,756s] GC(213) Using 4 workers of 4 for evacuation
[2019-04-15T14:11:03.235+0200][111,756s] GC(214) Pause Full (Allocation Failure)
[2019-04-15T14:11:03.236+0200][111,756s] GC(214) Phase 1: Mark live objects
[2019-04-15T14:11:03.409+0200][111,929s] GC(214) Phase 1: Mark live objects 172,738ms
[2019-04-15T14:11:03.409+0200][111,929s] GC(214) Phase 2: Compute new object addresses
[2019-04-15T14:11:03.490+0200][112,010s] GC(214) Phase 2: Compute new object addresses 81,273ms
[2019-04-15T14:11:03.490+0200][112,010s] GC(214) Phase 3: Adjust pointers
[2019-04-15T14:11:03.588+0200][112,109s] GC(214) Phase 3: Adjust pointers 98,205ms
[2019-04-15T14:11:03.588+0200][112,109s] GC(214) Phase 4: Move objects
[2019-04-15T14:11:03.659+0200][112,180s] GC(214) Phase 4: Move objects 71,192ms
[2019-04-15T14:11:03.661+0200][112,182s] GC(214) Pause Full (Allocation Failure) 443M->360M(490M) 425,794ms
[2019-04-15T14:11:03.661+0200][112,182s] GC(213) ParNew: 87424K->0K(109248K)
[2019-04-15T14:11:03.661+0200][112,182s] GC(213) CMS: 367025K->368726K(393216K)
[2019-04-15T14:11:03.661+0200][112,182s] GC(213) Metaspace: 77062K->77062K(1120256K)
[2019-04-15T14:11:03.661+0200][112,182s] GC(213) Pause Young (Allocation Failure) 443M->360M(490M) 425,976ms
[2019-04-15T14:11:03.661+0200][112,182s] GC(213) User=0,39s Sys=0,00s Real=0,42s
[2019-04-15T14:11:03.664+0200][112,184s] GC(215) Pause Initial Mark
[2019-04-15T14:11:03.665+0200][112,185s] GC(215) Pause Initial Mark 361M->361M(490M) 0,676ms
[2019-04-15T14:11:03.665+0200][112,185s] GC(215) User=0,00s Sys=0,00s Real=0,00s
[2019-04-15T14:11:03.665+0200][112,185s] GC(215) Concurrent Mark
[2019-04-15T14:11:03.665+0200][112,185s] GC(215) Using 4 workers of 4 for marking
[2019-04-15T14:11:03.765+0200][112,285s] GC(215) Concurrent Mark 99,715ms
[2019-04-15T14:11:03.765+0200][112,285s] GC(215) User=0,22s Sys=0,01s Real=0,10s
[2019-04-15T14:11:03.765+0200][112,285s] GC(215) Concurrent Preclean
[2019-04-15T14:11:03.767+0200][112,288s] GC(215) Concurrent Preclean 2,376ms
[2019-04-15T14:11:03.767+0200][112,288s] GC(215) User=0,00s Sys=0,00s Real=0,01s
[2019-04-15T14:11:03.767+0200][112,288s] GC(215) Concurrent Abortable Preclean
[2019-04-15T14:11:03.870+0200][112,390s] GC(215) Concurrent Abortable Preclean 102,252ms
[2019-04-15T14:11:03.870+0200][112,390s] GC(215) User=0,10s Sys=0,00s Real=0,10s
[2019-04-15T14:11:03.870+0200][112,391s] GC(215) Pause Remark
[2019-04-15T14:11:03.870+0200][112,391s] GC(216) Pause Young (CMS Final Remark)
[2019-04-15T14:11:03.870+0200][112,391s] GC(216) Using 4 workers of 4 for evacuation
[2019-04-15T14:11:03.870+0200][112,391s] GC(216) ParNew: 64494K->64494K(109248K)
[2019-04-15T14:11:03.870+0200][112,391s] GC(216) CMS: 368726K->368726K(393216K)
[2019-04-15T14:11:03.870+0200][112,391s] GC(216) Metaspace: 77064K->77064K(1120256K)
[2019-04-15T14:11:03.870+0200][112,391s] GC(216) Pause Young (CMS Final Remark) 423M->423M(490M) 0,057ms
[2019-04-15T14:11:03.870+0200][112,391s] GC(216) User=0,00s Sys=0,00s Real=0,00s
[2019-04-15T14:11:03.992+0200][112,512s] GC(215) Pause Remark 423M->423M(490M) 121,678ms
[2019-04-15T14:11:03.992+0200][112,512s] GC(215) User=0,17s Sys=0,00s Real=0,12s
[2019-04-15T14:11:03.992+0200][112,512s] GC(215) Concurrent Sweep
[2019-04-15T14:11:04.047+0200][112,567s] GC(215) Concurrent Sweep 54,826ms
[2019-04-15T14:11:04.047+0200][112,567s] GC(215) User=0,07s Sys=0,00s Real=0,06s
[2019-04-15T14:11:04.047+0200][112,567s] GC(215) Concurrent Reset
[2019-04-15T14:11:04.047+0200][112,568s] GC(215) Concurrent Reset 0,460ms
[2019-04-15T14:11:04.048+0200][112,568s] GC(215) User=0,00s Sys=0,00s Real=0,00s
[2019-04-15T14:11:04.048+0200][112,568s] GC(215) Old: 368726K->366731K(393216K)
[2019-04-15T14:11:04.068+0200][112,588s] GC(217) Pause Young (Allocation Failure)
[2019-04-15T14:11:04.068+0200][112,588s] GC(217) Using 4 workers of 4 for evacuation
[2019-04-15T14:11:04.068+0200][112,588s] GC(218) Pause Full (Allocation Failure)
[2019-04-15T14:11:04.068+0200][112,589s] GC(218) Phase 1: Mark live objects
[2019-04-15T14:11:04.198+0200][112,718s] GC(218) Phase 1: Mark live objects 129,133ms
[2019-04-15T14:11:04.198+0200][112,718s] GC(218) Phase 2: Compute new object addresses
[2019-04-15T14:11:04.270+0200][112,791s] GC(218) Phase 2: Compute new object addresses 72,684ms
[2019-04-15T14:11:04.270+0200][112,791s] GC(218) Phase 3: Adjust pointers
[2019-04-15T14:11:04.351+0200][112,872s] GC(218) Phase 3: Adjust pointers 81,163ms
[2019-04-15T14:11:04.352+0200][112,872s] GC(218) Phase 4: Move objects
[2019-04-15T14:11:04.352+0200][112,873s] GC(218) Phase 4: Move objects 0,938ms
[2019-04-15T14:11:04.353+0200][112,874s] GC(218) Pause Full (Allocation Failure) 443M->359M(490M) 285,298ms
[2019-04-15T14:11:04.353+0200][112,874s] GC(217) ParNew: 87424K->0K(109248K)
[2019-04-15T14:11:04.353+0200][112,874s] GC(217) CMS: 366731K->368297K(393216K)
[2019-04-15T14:11:04.353+0200][112,874s] GC(217) Metaspace: 77064K->77064K(1120256K)
[2019-04-15T14:11:04.353+0200][112,874s] GC(217) Pause Young (Allocation Failure) 443M->359M(490M) 285,461ms
[2019-04-15T14:11:04.353+0200][112,874s] GC(217) User=0,29s Sys=0,00s Real=0,29s
[2019-04-15T14:11:04.354+0200][112,874s] GC(219) Pause Initial Mark
[2019-04-15T14:11:04.354+0200][112,874s] GC(219) Pause Initial Mark 360M->360M(490M) 0,342ms
[2019-04-15T14:11:04.354+0200][112,874s] GC(219) User=0,00s Sys=0,00s Real=0,00s
[2019-04-15T14:11:04.354+0200][112,874s] GC(219) Concurrent Mark
[2019-04-15T14:11:04.354+0200][112,875s] GC(219) Using 4 workers of 4 for marking
[2019-04-15T14:11:04.430+0200][112,950s] GC(219) Concurrent Mark 75,605ms
[2019-04-15T14:11:04.430+0200][112,950s] GC(219) User=0,19s Sys=0,00s Real=0,07s
[2019-04-15T14:11:04.430+0200][112,950s] GC(219) Concurrent Preclean
[2019-04-15T14:11:04.431+0200][112,951s] GC(219) Concurrent Preclean 0,921ms
[2019-04-15T14:11:04.431+0200][112,951s] GC(219) User=0,00s Sys=0,00s Real=0,00s
[2019-04-15T14:11:04.431+0200][112,951s] GC(219) Concurrent Abortable Preclean
[2019-04-15T14:11:04.532+0200][113,052s] GC(219) Concurrent Abortable Preclean 100,799ms
[2019-04-15T14:11:04.532+0200][113,052s] GC(219) User=0,10s Sys=0,00s Real=0,10s
[2019-04-15T14:11:04.533+0200][113,054s] GC(219) Pause Remark
[2019-04-15T14:11:04.534+0200][113,054s] GC(220) Pause Young (CMS Final Remark)
[2019-04-15T14:11:04.534+0200][113,054s] GC(220) Using 4 workers of 4 for evacuation
[2019-04-15T14:11:04.534+0200][113,054s] GC(220) ParNew: 46624K->46624K(109248K)
[2019-04-15T14:11:04.534+0200][113,054s] GC(220) CMS: 368297K->368297K(393216K)
[2019-04-15T14:11:04.534+0200][113,054s] GC(220) Metaspace: 77065K->77065K(1120256K)
[2019-04-15T14:11:04.534+0200][113,054s] GC(220) Pause Young (CMS Final Remark) 405M->405M(490M) 0,367ms
[2019-04-15T14:11:04.534+0200][113,054s] GC(220) User=0,00s Sys=0,00s Real=0,00s
[2019-04-15T14:11:04.600+0200][113,120s] GC(219) Pause Remark 405M->405M(490M) 66,490ms
[2019-04-15T14:11:04.600+0200][113,120s] GC(219) User=0,14s Sys=0,00s Real=0,06s
[2019-04-15T14:11:04.600+0200][113,120s] GC(219) Concurrent Sweep
[2019-04-15T14:11:04.657+0200][113,177s] GC(219) Concurrent Sweep 56,741ms
[2019-04-15T14:11:04.657+0200][113,177s] GC(219) User=0,10s Sys=0,00s Real=0,06s
[2019-04-15T14:11:04.657+0200][113,177s] GC(219) Concurrent Reset
[2019-04-15T14:11:04.657+0200][113,178s] GC(219) Concurrent Reset 0,375ms
[2019-04-15T14:11:04.657+0200][113,178s] GC(219) User=0,00s Sys=0,00s Real=0,00s
[2019-04-15T14:11:04.657+0200][113,178s] GC(219) Old: 368297K->366596K(393216K)
[2019-04-15T14:11:04.677+0200][113,198s] GC(221) Pause Young (Allocation Failure)
[2019-04-15T14:11:04.677+0200][113,198s] GC(221) Using 4 workers of 4 for evacuation
[2019-04-15T14:11:04.677+0200][113,198s] GC(222) Pause Full (Allocation Failure)
[2019-04-15T14:11:04.678+0200][113,198s] GC(222) Phase 1: Mark live objects
[2019-04-15T14:11:04.769+0200][113,289s] GC(222) Phase 1: Mark live objects 91,397ms
[2019-04-15T14:11:04.769+0200][113,289s] GC(222) Phase 2: Compute new object addresses
[2019-04-15T14:11:04.832+0200][113,353s] GC(222) Phase 2: Compute new object addresses 63,267ms
[2019-04-15T14:11:04.832+0200][113,353s] GC(222) Phase 3: Adjust pointers
[2019-04-15T14:11:04.897+0200][113,417s] GC(222) Phase 3: Adjust pointers 64,561ms
[2019-04-15T14:11:04.897+0200][113,417s] GC(222) Phase 4: Move objects
[2019-04-15T14:11:04.900+0200][113,420s] GC(222) Phase 4: Move objects 2,562ms
[2019-04-15T14:11:04.900+0200][113,421s] GC(222) Pause Full (Allocation Failure) 443M->361M(490M) 223,268ms
[2019-04-15T14:11:04.900+0200][113,421s] GC(221) ParNew: 87424K->0K(109248K)
[2019-04-15T14:11:04.901+0200][113,421s] GC(221) CMS: 366596K->369998K(393216K)
[2019-04-15T14:11:04.901+0200][113,421s] GC(221) Metaspace: 77065K->77065K(1120256K)
[2019-04-15T14:11:04.901+0200][113,421s] GC(221) Pause Young (Allocation Failure) 443M->361M(490M) 223,422ms
[2019-04-15T14:11:04.901+0200][113,421s] GC(221) User=0,22s Sys=0,00s Real=0,22s
[2019-04-15T14:11:04.904+0200][113,425s] GC(223) Pause Initial Mark
[2019-04-15T14:11:04.905+0200][113,425s] GC(223) Pause Initial Mark 363M->363M(490M) 0,856ms
[2019-04-15T14:11:04.905+0200][113,426s] GC(223) User=0,00s Sys=0,00s Real=0,01s
[2019-04-15T14:11:04.905+0200][113,426s] GC(223) Concurrent Mark
[2019-04-15T14:11:04.905+0200][113,426s] GC(223) Using 4 workers of 4 for marking
[2019-04-15T14:11:04.980+0200][113,500s] GC(223) Concurrent Mark 74,369ms
[2019-04-15T14:11:04.980+0200][113,500s] GC(223) User=0,23s Sys=0,00s Real=0,07s
[2019-04-15T14:11:04.980+0200][113,500s] GC(223) Concurrent Preclean
[2019-04-15T14:11:04.981+0200][113,501s] GC(223) Concurrent Preclean 1,048ms
[2019-04-15T14:11:04.981+0200][113,501s] GC(223) User=0,00s Sys=0,00s Real=0,00s
[2019-04-15T14:11:04.981+0200][113,501s] GC(223) Concurrent Abortable Preclean
[2019-04-15T14:11:04.981+0200][113,501s] GC(223) Concurrent Abortable Preclean 0,072ms
[2019-04-15T14:11:04.981+0200][113,501s] GC(223) User=0,00s Sys=0,00s Real=0,00s
[2019-04-15T14:11:04.981+0200][113,502s] GC(223) Pause Remark
[2019-04-15T14:11:04.981+0200][113,502s] GC(224) Pause Young (CMS Final Remark)
[2019-04-15T14:11:04.981+0200][113,502s] GC(224) Using 4 workers of 4 for evacuation
[2019-04-15T14:11:04.981+0200][113,502s] GC(224) ParNew: 23376K->23376K(109248K)
[2019-04-15T14:11:04.981+0200][113,502s] GC(224) CMS: 369998K->369998K(393216K)
[2019-04-15T14:11:04.981+0200][113,502s] GC(224) Metaspace: 77065K->77065K(1120256K)
[2019-04-15T14:11:04.981+0200][113,502s] GC(224) Pause Young (CMS Final Remark) 384M->384M(490M) 0,094ms
[2019-04-15T14:11:04.981+0200][113,502s] GC(224) User=0,00s Sys=0,00s Real=0,00s
[2019-04-15T14:11:05.036+0200][113,556s] GC(223) Pause Remark 384M->384M(490M) 54,354ms
[2019-04-15T14:11:05.036+0200][113,556s] GC(223) User=0,09s Sys=0,00s Real=0,06s
[2019-04-15T14:11:05.036+0200][113,556s] GC(223) Concurrent Sweep
[2019-04-15T14:11:05.088+0200][113,608s] GC(223) Concurrent Sweep 51,674ms
[2019-04-15T14:11:05.088+0200][113,608s] GC(223) User=0,10s Sys=0,00s Real=0,05s
[2019-04-15T14:11:05.088+0200][113,608s] GC(223) Concurrent Reset
[2019-04-15T14:11:05.088+0200][113,608s] GC(223) Concurrent Reset 0,380ms
[2019-04-15T14:11:05.088+0200][113,608s] GC(223) User=0,01s Sys=0,00s Real=0,00s
[2019-04-15T14:11:05.088+0200][113,608s] GC(223) Old: 369998K->368148K(393216K)
[2019-04-15T14:11:05.164+0200][113,684s] GC(225) Pause Young (Allocation Failure)
[2019-04-15T14:11:05.164+0200][113,684s] GC(225) Using 4 workers of 4 for evacuation
[2019-04-15T14:11:05.164+0200][113,684s] GC(226) Pause Full (Allocation Failure)
[2019-04-15T14:11:05.164+0200][113,684s] GC(226) Phase 1: Mark live objects
[2019-04-15T14:11:05.261+0200][113,782s] GC(226) Phase 1: Mark live objects 97,172ms
[2019-04-15T14:11:05.261+0200][113,782s] GC(226) Phase 2: Compute new object addresses
[2019-04-15T14:11:05.321+0200][113,842s] GC(226) Phase 2: Compute new object addresses 59,998ms
[2019-04-15T14:11:05.321+0200][113,842s] GC(226) Phase 3: Adjust pointers
[2019-04-15T14:11:05.394+0200][113,915s] GC(226) Phase 3: Adjust pointers 73,051ms
[2019-04-15T14:11:05.394+0200][113,915s] GC(226) Phase 4: Move objects
[2019-04-15T14:11:05.489+0200][114,009s] GC(226) Phase 4: Move objects 94,585ms
[2019-04-15T14:11:05.490+0200][114,011s] GC(226) Pause Full (Allocation Failure) 444M->361M(490M) 326,547ms
[2019-04-15T14:11:05.490+0200][114,011s] GC(225) ParNew: 87424K->0K(109248K)
[2019-04-15T14:11:05.490+0200][114,011s] GC(225) CMS: 368148K->370546K(393216K)
[2019-04-15T14:11:05.490+0200][114,011s] GC(225) Metaspace: 77065K->77065K(1120256K)
[2019-04-15T14:11:05.490+0200][114,011s] GC(225) Pause Young (Allocation Failure) 444M->361M(490M) 326,717ms
[2019-04-15T14:11:05.490+0200][114,011s] GC(225) User=0,33s Sys=0,00s Real=0,33s
[2019-04-15T14:11:05.491+0200][114,012s] GC(227) Pause Initial Mark
[2019-04-15T14:11:05.493+0200][114,014s] GC(227) Pause Initial Mark 363M->363M(490M) 2,134ms
[2019-04-15T14:11:05.493+0200][114,014s] GC(227) User=0,00s Sys=0,00s Real=0,01s
[2019-04-15T14:11:05.495+0200][114,016s] GC(227) Concurrent Mark
[2019-04-15T14:11:05.495+0200][114,016s] GC(227) Using 4 workers of 4 for marking
[2019-04-15T14:11:05.574+0200][114,094s] GC(227) Concurrent Mark 78,693ms
[2019-04-15T14:11:05.574+0200][114,094s] GC(227) User=0,19s Sys=0,00s Real=0,08s
[2019-04-15T14:11:05.574+0200][114,094s] GC(227) Concurrent Preclean
[2019-04-15T14:11:05.576+0200][114,096s] GC(227) Concurrent Preclean 1,908ms
[2019-04-15T14:11:05.576+0200][114,096s] GC(227) User=0,01s Sys=0,00s Real=0,00s
[2019-04-15T14:11:05.576+0200][114,096s] GC(227) Concurrent Abortable Preclean
[2019-04-15T14:11:05.677+0200][114,198s] GC(227) Concurrent Abortable Preclean 101,203ms
[2019-04-15T14:11:05.677+0200][114,198s] GC(227) User=0,10s Sys=0,00s Real=0,10s
[2019-04-15T14:11:05.678+0200][114,198s] GC(227) Pause Remark
[2019-04-15T14:11:05.678+0200][114,198s] GC(228) Pause Young (CMS Final Remark)
[2019-04-15T14:11:05.678+0200][114,198s] GC(228) Using 4 workers of 4 for evacuation
[2019-04-15T14:11:05.678+0200][114,198s] GC(228) ParNew: 60127K->60127K(109248K)
[2019-04-15T14:11:05.678+0200][114,198s] GC(228) CMS: 370546K->370546K(393216K)
[2019-04-15T14:11:05.678+0200][114,198s] GC(228) Metaspace: 77065K->77065K(1120256K)
[2019-04-15T14:11:05.678+0200][114,198s] GC(228) Pause Young (CMS Final Remark) 420M->420M(490M) 0,179ms
[2019-04-15T14:11:05.678+0200][114,198s] GC(228) User=0,00s Sys=0,00s Real=0,00s
[2019-04-15T14:11:05.772+0200][114,292s] GC(227) Pause Remark 420M->420M(490M) 93,941ms
[2019-04-15T14:11:05.772+0200][114,292s] GC(227) User=0,16s Sys=0,00s Real=0,09s
[2019-04-15T14:11:05.772+0200][114,292s] GC(227) Concurrent Sweep
[2019-04-15T14:11:05.820+0200][114,340s] GC(227) Concurrent Sweep 48,232ms
[2019-04-15T14:11:05.820+0200][114,340s] GC(227) User=0,09s Sys=0,00s Real=0,05s
[2019-04-15T14:11:05.820+0200][114,340s] GC(227) Concurrent Reset
[2019-04-15T14:11:05.820+0200][114,341s] GC(227) Concurrent Reset 0,369ms
[2019-04-15T14:11:05.820+0200][114,341s] GC(227) User=0,00s Sys=0,00s Real=0,00s
[2019-04-15T14:11:05.820+0200][114,341s] GC(227) Old: 370546K->367429K(393216K)
[2019-04-15T14:11:05.832+0200][114,352s] GC(229) Pause Young (Allocation Failure)
[2019-04-15T14:11:05.832+0200][114,352s] GC(229) Using 4 workers of 4 for evacuation
[2019-04-15T14:11:05.832+0200][114,352s] GC(230) Pause Full (Allocation Failure)
[2019-04-15T14:11:05.833+0200][114,353s] GC(230) Phase 1: Mark live objects
[2019-04-15T14:11:05.927+0200][114,447s] GC(230) Phase 1: Mark live objects 94,287ms
[2019-04-15T14:11:05.927+0200][114,447s] GC(230) Phase 2: Compute new object addresses
[2019-04-15T14:11:05.988+0200][114,509s] GC(230) Phase 2: Compute new object addresses 61,044ms
[2019-04-15T14:11:05.988+0200][114,509s] GC(230) Phase 3: Adjust pointers
[2019-04-15T14:11:06.059+0200][114,579s] GC(230) Phase 3: Adjust pointers 70,768ms
[2019-04-15T14:11:06.059+0200][114,579s] GC(230) Phase 4: Move objects
[2019-04-15T14:11:06.060+0200][114,581s] GC(230) Phase 4: Move objects 1,179ms
[2019-04-15T14:11:06.062+0200][114,582s] GC(230) Pause Full (Allocation Failure) 444M->361M(490M) 229,820ms
[2019-04-15T14:11:06.062+0200][114,582s] GC(229) ParNew: 87424K->0K(109248K)
[2019-04-15T14:11:06.062+0200][114,582s] GC(229) CMS: 367429K->369735K(393216K)
[2019-04-15T14:11:06.062+0200][114,582s] GC(229) Metaspace: 77065K->77065K(1120256K)
[2019-04-15T14:11:06.062+0200][114,582s] GC(229) Pause Young (Allocation Failure) 444M->361M(490M) 230,062ms
[2019-04-15T14:11:06.062+0200][114,582s] GC(229) User=0,23s Sys=0,00s Real=0,23s
[2019-04-15T14:11:06.065+0200][114,585s] GC(231) Pause Initial Mark
[2019-04-15T14:11:06.066+0200][114,586s] GC(231) Pause Initial Mark 364M->364M(490M) 0,936ms
[2019-04-15T14:11:06.066+0200][114,586s] GC(231) User=0,00s Sys=0,00s Real=0,00s
[2019-04-15T14:11:06.066+0200][114,587s] GC(231) Concurrent Mark
[2019-04-15T14:11:06.066+0200][114,587s] GC(231) Using 4 workers of 4 for marking
[2019-04-15T14:11:06.129+0200][114,650s] GC(231) Concurrent Mark 63,408ms
[2019-04-15T14:11:06.130+0200][114,650s] GC(231) User=0,21s Sys=0,00s Real=0,06s
[2019-04-15T14:11:06.130+0200][114,650s] GC(231) Concurrent Preclean
[2019-04-15T14:11:06.130+0200][114,651s] GC(231) Concurrent Preclean 0,760ms
[2019-04-15T14:11:06.130+0200][114,651s] GC(231) User=0,00s Sys=0,00s Real=0,00s
[2019-04-15T14:11:06.130+0200][114,651s] GC(231) Concurrent Abortable Preclean
[2019-04-15T14:11:06.130+0200][114,651s] GC(231) Concurrent Abortable Preclean 0,008ms
[2019-04-15T14:11:06.130+0200][114,651s] GC(231) User=0,00s Sys=0,00s Real=0,00s
[2019-04-15T14:11:06.130+0200][114,651s] GC(231) Pause Remark
[2019-04-15T14:11:06.130+0200][114,651s] GC(232) Pause Young (CMS Final Remark)
[2019-04-15T14:11:06.131+0200][114,651s] GC(232) Using 4 workers of 4 for evacuation
[2019-04-15T14:11:06.131+0200][114,651s] GC(232) ParNew: 24805K->24805K(109248K)
[2019-04-15T14:11:06.131+0200][114,651s] GC(232) CMS: 369735K->369735K(393216K)
[2019-04-15T14:11:06.131+0200][114,651s] GC(232) Metaspace: 77065K->77065K(1120256K)
[2019-04-15T14:11:06.131+0200][114,651s] GC(232) Pause Young (CMS Final Remark) 385M->385M(490M) 0,054ms
[2019-04-15T14:11:06.131+0200][114,651s] GC(232) User=0,00s Sys=0,00s Real=0,00s
[2019-04-15T14:11:06.186+0200][114,706s] GC(231) Pause Remark 385M->385M(490M) 55,219ms
[2019-04-15T14:11:06.186+0200][114,706s] GC(231) User=0,10s Sys=0,00s Real=0,06s
[2019-04-15T14:11:06.186+0200][114,706s] GC(231) Concurrent Sweep
[2019-04-15T14:11:06.216+0200][114,736s] GC(231) Concurrent Sweep 29,684ms
[2019-04-15T14:11:06.216+0200][114,736s] GC(231) User=0,06s Sys=0,00s Real=0,03s
[2019-04-15T14:11:06.216+0200][114,736s] GC(231) Concurrent Reset
[2019-04-15T14:11:06.216+0200][114,736s] GC(231) Concurrent Reset 0,326ms
[2019-04-15T14:11:06.216+0200][114,736s] GC(231) User=0,00s Sys=0,00s Real=0,00s
[2019-04-15T14:11:06.216+0200][114,736s] GC(231) Old: 369735K->367337K(393216K)
[2019-04-15T14:11:06.305+0200][114,826s] GC(233) Pause Young (Allocation Failure)
[2019-04-15T14:11:06.305+0200][114,826s] GC(233) Using 4 workers of 4 for evacuation
[2019-04-15T14:11:06.306+0200][114,826s] GC(234) Pause Full (Allocation Failure)
[2019-04-15T14:11:06.307+0200][114,828s] GC(234) Phase 1: Mark live objects
[2019-04-15T14:11:06.406+0200][114,926s] GC(234) Phase 1: Mark live objects 98,438ms
[2019-04-15T14:11:06.406+0200][114,926s] GC(234) Phase 2: Compute new object addresses
[2019-04-15T14:11:06.479+0200][114,999s] GC(234) Phase 2: Compute new object addresses 72,712ms
[2019-04-15T14:11:06.479+0200][114,999s] GC(234) Phase 3: Adjust pointers
[2019-04-15T14:11:06.539+0200][115,059s] GC(234) Phase 3: Adjust pointers 59,777ms
[2019-04-15T14:11:06.539+0200][115,059s] GC(234) Phase 4: Move objects
[2019-04-15T14:11:06.584+0200][115,105s] GC(234) Phase 4: Move objects 45,454ms
[2019-04-15T14:11:06.585+0200][115,105s] GC(234) Pause Full (Allocation Failure) 444M->360M(490M) 279,363ms
[2019-04-15T14:11:06.585+0200][115,105s] GC(233) ParNew: 87424K->0K(109248K)
[2019-04-15T14:11:06.585+0200][115,105s] GC(233) CMS: 367337K->369444K(393216K)
[2019-04-15T14:11:06.585+0200][115,105s] GC(233) Metaspace: 77065K->77065K(1120256K)
[2019-04-15T14:11:06.585+0200][115,105s] GC(233) Pause Young (Allocation Failure) 444M->360M(490M) 279,733ms
[2019-04-15T14:11:06.585+0200][115,105s] GC(233) User=0,28s Sys=0,00s Real=0,28s
[2019-04-15T14:11:06.586+0200][115,107s] GC(235) Pause Initial Mark
[2019-04-15T14:11:06.587+0200][115,107s] GC(235) Pause Initial Mark 362M->362M(490M) 0,564ms
[2019-04-15T14:11:06.587+0200][115,107s] GC(235) User=0,01s Sys=0,00s Real=0,00s
[2019-04-15T14:11:06.587+0200][115,108s] GC(235) Concurrent Mark
[2019-04-15T14:11:06.587+0200][115,108s] GC(235) Using 4 workers of 4 for marking
[2019-04-15T14:11:06.691+0200][115,211s] GC(235) Concurrent Mark 103,899ms
[2019-04-15T14:11:06.691+0200][115,211s] GC(235) User=0,35s Sys=0,00s Real=0,10s
[2019-04-15T14:11:06.691+0200][115,212s] GC(235) Concurrent Preclean
[2019-04-15T14:11:06.693+0200][115,213s] GC(235) Concurrent Preclean 1,880ms
[2019-04-15T14:11:06.693+0200][115,213s] GC(235) User=0,01s Sys=0,00s Real=0,01s
[2019-04-15T14:11:06.693+0200][115,213s] GC(235) Concurrent Abortable Preclean
[2019-04-15T14:11:06.693+0200][115,213s] GC(235) Concurrent Abortable Preclean 0,013ms
[2019-04-15T14:11:06.693+0200][115,213s] GC(235) User=0,00s Sys=0,00s Real=0,00s
[2019-04-15T14:11:06.693+0200][115,214s] GC(235) Pause Remark
[2019-04-15T14:11:06.693+0200][115,214s] GC(236) Pause Young (CMS Final Remark)
[2019-04-15T14:11:06.693+0200][115,214s] GC(236) Using 4 workers of 4 for evacuation
[2019-04-15T14:11:06.693+0200][115,214s] GC(236) ParNew: 58959K->58959K(109248K)
[2019-04-15T14:11:06.693+0200][115,214s] GC(236) CMS: 369444K->369444K(393216K)
[2019-04-15T14:11:06.693+0200][115,214s] GC(236) Metaspace: 77071K->77071K(1120256K)
[2019-04-15T14:11:06.693+0200][115,214s] GC(236) Pause Young (CMS Final Remark) 418M->418M(490M) 0,084ms
[2019-04-15T14:11:06.693+0200][115,214s] GC(236) User=0,00s Sys=0,00s Real=0,00s
[2019-04-15T14:11:06.770+0200][115,291s] GC(235) Pause Remark 418M->418M(490M) 76,798ms
[2019-04-15T14:11:06.770+0200][115,291s] GC(235) User=0,20s Sys=0,00s Real=0,07s
[2019-04-15T14:11:06.770+0200][115,291s] GC(235) Concurrent Sweep
[2019-04-15T14:11:06.829+0200][115,349s] GC(235) Concurrent Sweep 58,312ms
[2019-04-15T14:11:06.829+0200][115,349s] GC(235) User=0,17s Sys=0,01s Real=0,06s
[2019-04-15T14:11:06.829+0200][115,349s] GC(235) Concurrent Reset
[2019-04-15T14:11:06.829+0200][115,349s] GC(235) Concurrent Reset 0,380ms
[2019-04-15T14:11:06.829+0200][115,350s] GC(235) User=0,01s Sys=0,00s Real=0,00s
[2019-04-15T14:11:06.829+0200][115,350s] GC(235) Old: 369444K->366512K(393216K)
[2019-04-15T14:11:06.862+0200][115,383s] GC(237) Pause Young (Allocation Failure)
[2019-04-15T14:11:06.863+0200][115,383s] GC(237) Using 4 workers of 4 for evacuation
[2019-04-15T14:11:06.863+0200][115,383s] GC(238) Pause Full (Allocation Failure)
[2019-04-15T14:11:06.865+0200][115,385s] GC(238) Phase 1: Mark live objects
[2019-04-15T14:11:06.958+0200][115,478s] GC(238) Phase 1: Mark live objects 92,920ms
[2019-04-15T14:11:06.958+0200][115,478s] GC(238) Phase 2: Compute new object addresses
[2019-04-15T14:11:07.016+0200][115,536s] GC(238) Phase 2: Compute new object addresses 58,024ms
[2019-04-15T14:11:07.016+0200][115,536s] GC(238) Phase 3: Adjust pointers
[2019-04-15T14:11:07.088+0200][115,608s] GC(238) Phase 3: Adjust pointers 72,222ms
[2019-04-15T14:11:07.088+0200][115,608s] GC(238) Phase 4: Move objects
[2019-04-15T14:11:07.181+0200][115,701s] GC(238) Phase 4: Move objects 92,945ms
[2019-04-15T14:11:07.182+0200][115,702s] GC(238) Pause Full (Allocation Failure) 443M->358M(490M) 319,018ms
[2019-04-15T14:11:07.182+0200][115,702s] GC(237) ParNew: 87424K->0K(109248K)
[2019-04-15T14:11:07.182+0200][115,702s] GC(237) CMS: 366512K->366947K(393216K)
[2019-04-15T14:11:07.182+0200][115,702s] GC(237) Metaspace: 77075K->77075K(1120256K)
[2019-04-15T14:11:07.182+0200][115,702s] GC(237) Pause Young (Allocation Failure) 443M->358M(490M) 319,392ms
[2019-04-15T14:11:07.182+0200][115,702s] GC(237) User=0,32s Sys=0,01s Real=0,32s
[2019-04-15T14:11:07.183+0200][115,703s] GC(239) Pause Initial Mark
[2019-04-15T14:11:07.183+0200][115,703s] GC(239) Pause Initial Mark 358M->358M(490M) 0,482ms
[2019-04-15T14:11:07.183+0200][115,703s] GC(239) User=0,00s Sys=0,00s Real=0,00s
[2019-04-15T14:11:07.183+0200][115,704s] GC(239) Concurrent Mark
[2019-04-15T14:11:07.183+0200][115,704s] GC(239) Using 4 workers of 4 for marking
[2019-04-15T14:11:07.294+0200][115,815s] GC(239) Concurrent Mark 111,066ms
[2019-04-15T14:11:07.294+0200][115,815s] GC(239) User=0,38s Sys=0,01s Real=0,12s
[2019-04-15T14:11:07.294+0200][115,815s] GC(239) Concurrent Preclean
[2019-04-15T14:11:07.296+0200][115,816s] GC(239) Concurrent Preclean 1,368ms
[2019-04-15T14:11:07.296+0200][115,816s] GC(239) User=0,00s Sys=0,00s Real=0,00s
[2019-04-15T14:11:07.296+0200][115,816s] GC(239) Concurrent Abortable Preclean
[2019-04-15T14:11:07.296+0200][115,816s] GC(239) Concurrent Abortable Preclean 0,012ms
[2019-04-15T14:11:07.296+0200][115,816s] GC(239) User=0,00s Sys=0,00s Real=0,00s
[2019-04-15T14:11:07.296+0200][115,816s] GC(239) Pause Remark
[2019-04-15T14:11:07.296+0200][115,816s] GC(240) Pause Young (CMS Final Remark)
[2019-04-15T14:11:07.296+0200][115,816s] GC(240) Using 4 workers of 4 for evacuation
[2019-04-15T14:11:07.296+0200][115,816s] GC(240) ParNew: 48548K->48548K(109248K)
[2019-04-15T14:11:07.296+0200][115,816s] GC(240) CMS: 366947K->366947K(393216K)
[2019-04-15T14:11:07.296+0200][115,816s] GC(240) Metaspace: 77077K->77077K(1120256K)
[2019-04-15T14:11:07.296+0200][115,816s] GC(240) Pause Young (CMS Final Remark) 405M->405M(490M) 0,053ms
[2019-04-15T14:11:07.296+0200][115,816s] GC(240) User=0,00s Sys=0,00s Real=0,00s
[2019-04-15T14:11:07.351+0200][115,871s] GC(239) Pause Remark 405M->405M(490M) 54,893ms
[2019-04-15T14:11:07.351+0200][115,871s] GC(239) User=0,13s Sys=0,00s Real=0,05s
[2019-04-15T14:11:07.351+0200][115,871s] GC(239) Concurrent Sweep
[2019-04-15T14:11:07.403+0200][115,924s] GC(239) Concurrent Sweep 52,277ms
[2019-04-15T14:11:07.403+0200][115,924s] GC(239) User=0,10s Sys=0,00s Real=0,05s
[2019-04-15T14:11:07.403+0200][115,924s] GC(239) Concurrent Reset
[2019-04-15T14:11:07.403+0200][115,924s] GC(239) Concurrent Reset 0,298ms
[2019-04-15T14:11:07.404+0200][115,924s] GC(239) User=0,00s Sys=0,00s Real=0,00s
[2019-04-15T14:11:07.404+0200][115,924s] GC(239) Old: 366947K->364820K(393216K)
[2019-04-15T14:11:07.426+0200][115,947s] GC(241) Pause Young (Allocation Failure)
[2019-04-15T14:11:07.426+0200][115,947s] GC(241) Using 4 workers of 4 for evacuation
[2019-04-15T14:11:07.426+0200][115,947s] GC(242) Pause Full (Allocation Failure)
[2019-04-15T14:11:07.427+0200][115,947s] GC(242) Phase 1: Mark live objects
[2019-04-15T14:11:07.516+0200][116,036s] GC(242) Phase 1: Mark live objects 88,776ms
[2019-04-15T14:11:07.516+0200][116,036s] GC(242) Phase 2: Compute new object addresses
[2019-04-15T14:11:07.578+0200][116,098s] GC(242) Phase 2: Compute new object addresses 62,008ms
[2019-04-15T14:11:07.578+0200][116,098s] GC(242) Phase 3: Adjust pointers
[2019-04-15T14:11:07.636+0200][116,156s] GC(242) Phase 3: Adjust pointers 57,942ms
[2019-04-15T14:11:07.636+0200][116,156s] GC(242) Phase 4: Move objects
[2019-04-15T14:11:07.728+0200][116,248s] GC(242) Phase 4: Move objects 92,295ms
[2019-04-15T14:11:07.729+0200][116,250s] GC(242) Pause Full (Allocation Failure) 441M->357M(490M) 302,957ms
[2019-04-15T14:11:07.729+0200][116,250s] GC(241) ParNew: 87424K->0K(109248K)
[2019-04-15T14:11:07.729+0200][116,250s] GC(241) CMS: 364820K->366517K(393216K)
[2019-04-15T14:11:07.729+0200][116,250s] GC(241) Metaspace: 77077K->77077K(1120256K)
[2019-04-15T14:11:07.729+0200][116,250s] GC(241) Pause Young (Allocation Failure) 441M->357M(490M) 303,133ms
[2019-04-15T14:11:07.729+0200][116,250s] GC(241) User=0,30s Sys=0,00s Real=0,30s
[2019-04-15T14:11:07.730+0200][116,250s] GC(243) Pause Initial Mark
[2019-04-15T14:11:07.731+0200][116,251s] GC(243) Pause Initial Mark 358M->358M(490M) 0,955ms
[2019-04-15T14:11:07.731+0200][116,251s] GC(243) User=0,00s Sys=0,00s Real=0,00s
[2019-04-15T14:11:07.731+0200][116,251s] GC(243) Concurrent Mark
[2019-04-15T14:11:07.731+0200][116,252s] GC(243) Using 4 workers of 4 for marking
[2019-04-15T14:11:07.782+0200][116,302s] GC(243) Concurrent Mark 51,008ms
[2019-04-15T14:11:07.782+0200][116,303s] GC(243) User=0,19s Sys=0,00s Real=0,05s
[2019-04-15T14:11:07.782+0200][116,303s] GC(243) Concurrent Preclean
[2019-04-15T14:11:07.784+0200][116,305s] GC(243) Concurrent Preclean 2,292ms
[2019-04-15T14:11:07.785+0200][116,305s] GC(243) User=0,00s Sys=0,00s Real=0,00s
[2019-04-15T14:11:07.785+0200][116,305s] GC(243) Concurrent Abortable Preclean
[2019-04-15T14:11:07.886+0200][116,406s] GC(243) Concurrent Abortable Preclean 101,112ms
[2019-04-15T14:11:07.886+0200][116,406s] GC(243) User=0,10s Sys=0,00s Real=0,11s
[2019-04-15T14:11:07.886+0200][116,406s] GC(243) Pause Remark
[2019-04-15T14:11:07.886+0200][116,406s] GC(244) Pause Young (CMS Final Remark)
[2019-04-15T14:11:07.886+0200][116,406s] GC(244) Using 4 workers of 4 for evacuation
[2019-04-15T14:11:07.886+0200][116,406s] GC(244) ParNew: 85739K->85739K(109248K)
[2019-04-15T14:11:07.886+0200][116,406s] GC(244) CMS: 366517K->366517K(393216K)
[2019-04-15T14:11:07.886+0200][116,406s] GC(244) Metaspace: 77078K->77078K(1120256K)
[2019-04-15T14:11:07.886+0200][116,406s] GC(244) Pause Young (CMS Final Remark) 441M->441M(490M) 0,053ms
[2019-04-15T14:11:07.886+0200][116,406s] GC(244) User=0,00s Sys=0,00s Real=0,00s
[2019-04-15T14:11:07.959+0200][116,479s] GC(243) Pause Remark 441M->441M(490M) 72,958ms
[2019-04-15T14:11:07.959+0200][116,479s] GC(243) User=0,20s Sys=0,00s Real=0,07s
[2019-04-15T14:11:07.959+0200][116,479s] GC(243) Concurrent Sweep
[2019-04-15T14:11:08.050+0200][116,570s] GC(243) Concurrent Sweep 90,849ms
[2019-04-15T14:11:08.050+0200][116,570s] GC(243) User=0,17s Sys=0,00s Real=0,09s
[2019-04-15T14:11:08.050+0200][116,570s] GC(245) Pause Young (Allocation Failure)
[2019-04-15T14:11:08.050+0200][116,570s] GC(245) Using 4 workers of 4 for evacuation
[2019-04-15T14:11:08.050+0200][116,570s] GC(246) Pause Full (Allocation Failure)
[2019-04-15T14:11:08.050+0200][116,571s] GC(246) Phase 1: Mark live objects
[2019-04-15T14:11:08.136+0200][116,656s] GC(246) Phase 1: Mark live objects 85,429ms
[2019-04-15T14:11:08.136+0200][116,656s] GC(246) Phase 2: Compute new object addresses
[2019-04-15T14:11:08.201+0200][116,721s] GC(246) Phase 2: Compute new object addresses 64,811ms
[2019-04-15T14:11:08.201+0200][116,721s] GC(246) Phase 3: Adjust pointers
[2019-04-15T14:11:08.259+0200][116,779s] GC(246) Phase 3: Adjust pointers 57,997ms
[2019-04-15T14:11:08.259+0200][116,779s] GC(246) Phase 4: Move objects
[2019-04-15T14:11:08.260+0200][116,780s] GC(246) Phase 4: Move objects 0,949ms
[2019-04-15T14:11:08.260+0200][116,781s] GC(246) Pause Full (Allocation Failure) 445M->359M(490M) 210,355ms
[2019-04-15T14:11:08.260+0200][116,781s] GC(245) ParNew: 87424K->0K(109248K)
[2019-04-15T14:11:08.260+0200][116,781s] GC(245) CMS: 368416K->368154K(393216K)
[2019-04-15T14:11:08.260+0200][116,781s] GC(245) Metaspace: 77078K->77078K(1120256K)
[2019-04-15T14:11:08.260+0200][116,781s] GC(245) Pause Young (Allocation Failure) 445M->359M(490M) 210,455ms
[2019-04-15T14:11:08.260+0200][116,781s] GC(245) User=0,21s Sys=0,00s Real=0,21s
[2019-04-15T14:11:08.261+0200][116,781s] GC(243) Old: 366517K->368154K(393216K)
[2019-04-15T14:11:08.403+0200][116,923s] GC(247) Pause Young (Allocation Failure)
[2019-04-15T14:11:08.403+0200][116,923s] GC(247) Using 4 workers of 4 for evacuation
[2019-04-15T14:11:08.403+0200][116,923s] GC(248) Pause Full (Allocation Failure)
[2019-04-15T14:11:08.403+0200][116,924s] GC(248) Phase 1: Mark live objects
[2019-04-15T14:11:08.483+0200][117,004s] GC(248) Phase 1: Mark live objects 79,908ms
[2019-04-15T14:11:08.483+0200][117,004s] GC(248) Phase 2: Compute new object addresses
[2019-04-15T14:11:08.548+0200][117,069s] GC(248) Phase 2: Compute new object addresses 65,131ms
[2019-04-15T14:11:08.548+0200][117,069s] GC(248) Phase 3: Adjust pointers
[2019-04-15T14:11:08.607+0200][117,127s] GC(248) Phase 3: Adjust pointers 58,188ms
[2019-04-15T14:11:08.607+0200][117,127s] GC(248) Phase 4: Move objects
[2019-04-15T14:11:08.609+0200][117,130s] GC(248) Phase 4: Move objects 2,556ms
[2019-04-15T14:11:08.611+0200][117,131s] GC(248) Pause Full (Allocation Failure) 444M->359M(490M) 207,786ms
[2019-04-15T14:11:08.611+0200][117,131s] GC(247) ParNew: 87424K->0K(109248K)
[2019-04-15T14:11:08.611+0200][117,131s] GC(247) CMS: 368154K->368365K(393216K)
[2019-04-15T14:11:08.611+0200][117,131s] GC(247) Metaspace: 77078K->77078K(1120256K)
[2019-04-15T14:11:08.611+0200][117,131s] GC(247) Pause Young (Allocation Failure) 444M->359M(490M) 207,936ms
[2019-04-15T14:11:08.611+0200][117,131s] GC(247) User=0,21s Sys=0,00s Real=0,21s
[2019-04-15T14:11:08.611+0200][117,131s] GC(249) Pause Initial Mark
[2019-04-15T14:11:08.611+0200][117,132s] GC(249) Pause Initial Mark 360M->360M(490M) 0,363ms
[2019-04-15T14:11:08.611+0200][117,132s] GC(249) User=0,00s Sys=0,00s Real=0,00s
[2019-04-15T14:11:08.611+0200][117,132s] GC(249) Concurrent Mark
[2019-04-15T14:11:08.611+0200][117,132s] GC(249) Using 4 workers of 4 for marking
[2019-04-15T14:11:08.672+0200][117,192s] GC(249) Concurrent Mark 60,510ms
[2019-04-15T14:11:08.672+0200][117,192s] GC(249) User=0,22s Sys=0,00s Real=0,06s
[2019-04-15T14:11:08.672+0200][117,192s] GC(249) Concurrent Preclean
[2019-04-15T14:11:08.673+0200][117,193s] GC(249) Concurrent Preclean 0,751ms
[2019-04-15T14:11:08.673+0200][117,193s] GC(249) User=0,00s Sys=0,00s Real=0,00s
[2019-04-15T14:11:08.673+0200][117,193s] GC(249) Concurrent Abortable Preclean
[2019-04-15T14:11:08.774+0200][117,294s] GC(249) Concurrent Abortable Preclean 101,007ms
[2019-04-15T14:11:08.774+0200][117,294s] GC(249) User=0,10s Sys=0,00s Real=0,11s
[2019-04-15T14:11:08.777+0200][117,298s] GC(249) Pause Remark
[2019-04-15T14:11:08.778+0200][117,298s] GC(250) Pause Young (CMS Final Remark)
[2019-04-15T14:11:08.778+0200][117,298s] GC(250) Using 4 workers of 4 for evacuation
[2019-04-15T14:11:08.778+0200][117,298s] GC(250) ParNew: 81041K->81041K(109248K)
[2019-04-15T14:11:08.778+0200][117,298s] GC(250) CMS: 368365K->368365K(393216K)
[2019-04-15T14:11:08.778+0200][117,298s] GC(250) Metaspace: 77078K->77078K(1120256K)
[2019-04-15T14:11:08.778+0200][117,298s] GC(250) Pause Young (CMS Final Remark) 438M->438M(490M) 0,269ms
[2019-04-15T14:11:08.778+0200][117,298s] GC(250) User=0,00s Sys=0,00s Real=0,00s
[2019-04-15T14:11:08.872+0200][117,392s] GC(249) Pause Remark 438M->438M(490M) 94,498ms
[2019-04-15T14:11:08.872+0200][117,392s] GC(249) User=0,24s Sys=0,00s Real=0,09s
[2019-04-15T14:11:08.872+0200][117,392s] GC(249) Concurrent Sweep
[2019-04-15T14:11:08.947+0200][117,468s] GC(249) Concurrent Sweep 75,346ms
[2019-04-15T14:11:08.947+0200][117,468s] GC(249) User=0,14s Sys=0,01s Real=0,08s
[2019-04-15T14:11:08.948+0200][117,468s] GC(251) Pause Young (Allocation Failure)
[2019-04-15T14:11:08.948+0200][117,468s] GC(251) Using 4 workers of 4 for evacuation
[2019-04-15T14:11:08.948+0200][117,468s] GC(252) Pause Full (Allocation Failure)
[2019-04-15T14:11:08.948+0200][117,468s] GC(252) Phase 1: Mark live objects
[2019-04-15T14:11:09.037+0200][117,557s] GC(252) Phase 1: Mark live objects 88,660ms
[2019-04-15T14:11:09.037+0200][117,557s] GC(252) Phase 2: Compute new object addresses
[2019-04-15T14:11:09.102+0200][117,623s] GC(252) Phase 2: Compute new object addresses 65,651ms
[2019-04-15T14:11:09.102+0200][117,623s] GC(252) Phase 3: Adjust pointers
[2019-04-15T14:11:09.161+0200][117,682s] GC(252) Phase 3: Adjust pointers 58,936ms
[2019-04-15T14:11:09.161+0200][117,682s] GC(252) Phase 4: Move objects
[2019-04-15T14:11:09.162+0200][117,683s] GC(252) Phase 4: Move objects 0,963ms
[2019-04-15T14:11:09.163+0200][117,683s] GC(252) Pause Full (Allocation Failure) 444M->359M(490M) 215,361ms
[2019-04-15T14:11:09.163+0200][117,683s] GC(251) ParNew: 87424K->0K(109248K)
[2019-04-15T14:11:09.163+0200][117,683s] GC(251) CMS: 367701K->368260K(393216K)
[2019-04-15T14:11:09.163+0200][117,683s] GC(251) Metaspace: 77078K->77078K(1120256K)
[2019-04-15T14:11:09.163+0200][117,683s] GC(251) Pause Young (Allocation Failure) 444M->359M(490M) 215,458ms
[2019-04-15T14:11:09.163+0200][117,683s] GC(251) User=0,21s Sys=0,00s Real=0,21s
[2019-04-15T14:11:09.163+0200][117,684s] GC(249) Old: 368365K->368260K(393216K)
[2019-04-15T14:11:09.301+0200][117,821s] GC(253) Pause Young (Allocation Failure)
[2019-04-15T14:11:09.301+0200][117,821s] GC(253) Using 4 workers of 4 for evacuation
[2019-04-15T14:11:09.301+0200][117,821s] GC(254) Pause Full (Allocation Failure)
[2019-04-15T14:11:09.301+0200][117,822s] GC(254) Phase 1: Mark live objects
[2019-04-15T14:11:09.398+0200][117,919s] GC(254) Phase 1: Mark live objects 97,043ms
[2019-04-15T14:11:09.398+0200][117,919s] GC(254) Phase 2: Compute new object addresses
[2019-04-15T14:11:09.463+0200][117,983s] GC(254) Phase 2: Compute new object addresses 64,801ms
[2019-04-15T14:11:09.463+0200][117,983s] GC(254) Phase 3: Adjust pointers
[2019-04-15T14:11:09.524+0200][118,045s] GC(254) Phase 3: Adjust pointers 61,380ms
[2019-04-15T14:11:09.524+0200][118,045s] GC(254) Phase 4: Move objects
[2019-04-15T14:11:09.579+0200][118,100s] GC(254) Phase 4: Move objects 54,650ms
[2019-04-15T14:11:09.580+0200][118,100s] GC(254) Pause Full (Allocation Failure) 445M->359M(490M) 279,113ms
[2019-04-15T14:11:09.580+0200][118,100s] GC(253) ParNew: 87424K->0K(109248K)
[2019-04-15T14:11:09.580+0200][118,100s] GC(253) CMS: 368260K->368469K(393216K)
[2019-04-15T14:11:09.580+0200][118,100s] GC(253) Metaspace: 77078K->77078K(1120256K)
[2019-04-15T14:11:09.580+0200][118,100s] GC(253) Pause Young (Allocation Failure) 445M->359M(490M) 279,259ms
[2019-04-15T14:11:09.580+0200][118,100s] GC(253) User=0,28s Sys=0,00s Real=0,28s
[2019-04-15T14:11:09.580+0200][118,101s] GC(255) Pause Initial Mark
[2019-04-15T14:11:09.581+0200][118,101s] GC(255) Pause Initial Mark 361M->361M(490M) 0,353ms
[2019-04-15T14:11:09.581+0200][118,101s] GC(255) User=0,00s Sys=0,00s Real=0,00s
[2019-04-15T14:11:09.581+0200][118,101s] GC(255) Concurrent Mark
[2019-04-15T14:11:09.581+0200][118,101s] GC(255) Using 4 workers of 4 for marking
[2019-04-15T14:11:09.633+0200][118,154s] GC(255) Concurrent Mark 52,809ms
[2019-04-15T14:11:09.634+0200][118,154s] GC(255) User=0,19s Sys=0,00s Real=0,06s
[2019-04-15T14:11:09.634+0200][118,154s] GC(255) Concurrent Preclean
[2019-04-15T14:11:09.634+0200][118,155s] GC(255) Concurrent Preclean 0,952ms
[2019-04-15T14:11:09.634+0200][118,155s] GC(255) User=0,00s Sys=0,00s Real=0,00s
[2019-04-15T14:11:09.634+0200][118,155s] GC(255) Concurrent Abortable Preclean
[2019-04-15T14:11:09.735+0200][118,256s] GC(255) Concurrent Abortable Preclean 100,639ms
[2019-04-15T14:11:09.735+0200][118,256s] GC(255) User=0,18s Sys=0,00s Real=0,10s
[2019-04-15T14:11:09.735+0200][118,256s] GC(255) Pause Remark
[2019-04-15T14:11:09.735+0200][118,256s] GC(256) Pause Young (CMS Final Remark)
[2019-04-15T14:11:09.735+0200][118,256s] GC(256) Using 4 workers of 4 for evacuation
[2019-04-15T14:11:09.735+0200][118,256s] GC(256) ParNew: 68829K->68829K(109248K)
[2019-04-15T14:11:09.735+0200][118,256s] GC(256) CMS: 368469K->368469K(393216K)
[2019-04-15T14:11:09.735+0200][118,256s] GC(256) Metaspace: 77078K->77078K(1120256K)
[2019-04-15T14:11:09.735+0200][118,256s] GC(256) Pause Young (CMS Final Remark) 427M->427M(490M) 0,052ms
[2019-04-15T14:11:09.735+0200][118,256s] GC(256) User=0,00s Sys=0,00s Real=0,00s
[2019-04-15T14:11:09.813+0200][118,334s] GC(255) Pause Remark 427M->427M(490M) 78,081ms
[2019-04-15T14:11:09.813+0200][118,334s] GC(255) User=0,20s Sys=0,00s Real=0,08s
[2019-04-15T14:11:09.814+0200][118,334s] GC(255) Concurrent Sweep
[2019-04-15T14:11:09.850+0200][118,371s] GC(255) Concurrent Sweep 36,901ms
[2019-04-15T14:11:09.850+0200][118,371s] GC(255) User=0,07s Sys=0,00s Real=0,03s
[2019-04-15T14:11:09.851+0200][118,371s] GC(257) Pause Young (Allocation Failure)
[2019-04-15T14:11:09.851+0200][118,371s] GC(257) Using 4 workers of 4 for evacuation
[2019-04-15T14:11:09.851+0200][118,371s] GC(258) Pause Full (Allocation Failure)
[2019-04-15T14:11:09.851+0200][118,371s] GC(258) Phase 1: Mark live objects
[2019-04-15T14:11:09.945+0200][118,465s] GC(258) Phase 1: Mark live objects 93,787ms
[2019-04-15T14:11:09.945+0200][118,465s] GC(258) Phase 2: Compute new object addresses
[2019-04-15T14:11:10.010+0200][118,531s] GC(258) Phase 2: Compute new object addresses 65,370ms
[2019-04-15T14:11:10.010+0200][118,531s] GC(258) Phase 3: Adjust pointers
[2019-04-15T14:11:10.085+0200][118,605s] GC(258) Phase 3: Adjust pointers 74,554ms
[2019-04-15T14:11:10.085+0200][118,605s] GC(258) Phase 4: Move objects
[2019-04-15T14:11:10.086+0200][118,606s] GC(258) Phase 4: Move objects 0,860ms
[2019-04-15T14:11:10.086+0200][118,607s] GC(258) Pause Full (Allocation Failure) 442M->358M(490M) 235,712ms
[2019-04-15T14:11:10.086+0200][118,607s] GC(257) ParNew: 87424K->0K(109248K)
[2019-04-15T14:11:10.086+0200][118,607s] GC(257) CMS: 365734K->367456K(393216K)
[2019-04-15T14:11:10.086+0200][118,607s] GC(257) Metaspace: 77078K->77078K(1120256K)
[2019-04-15T14:11:10.086+0200][118,607s] GC(257) Pause Young (Allocation Failure) 442M->358M(490M) 235,810ms
[2019-04-15T14:11:10.086+0200][118,607s] GC(257) User=0,24s Sys=0,00s Real=0,24s
[2019-04-15T14:11:10.087+0200][118,607s] GC(255) Old: 368469K->367456K(393216K)
[2019-04-15T14:11:10.216+0200][118,737s] GC(259) Pause Young (Allocation Failure)
[2019-04-15T14:11:10.216+0200][118,737s] GC(259) Using 4 workers of 4 for evacuation
[2019-04-15T14:11:10.216+0200][118,737s] GC(260) Pause Full (Allocation Failure)
[2019-04-15T14:11:10.217+0200][118,737s] GC(260) Phase 1: Mark live objects
[2019-04-15T14:11:10.303+0200][118,823s] GC(260) Phase 1: Mark live objects 85,808ms
[2019-04-15T14:11:10.303+0200][118,823s] GC(260) Phase 2: Compute new object addresses
[2019-04-15T14:11:10.369+0200][118,890s] GC(260) Phase 2: Compute new object addresses 66,511ms
[2019-04-15T14:11:10.369+0200][118,890s] GC(260) Phase 3: Adjust pointers
[2019-04-15T14:11:10.431+0200][118,952s] GC(260) Phase 3: Adjust pointers 61,893ms
[2019-04-15T14:11:10.431+0200][118,952s] GC(260) Phase 4: Move objects
[2019-04-15T14:11:10.432+0200][118,952s] GC(260) Phase 4: Move objects 0,756ms
[2019-04-15T14:11:10.433+0200][118,953s] GC(260) Pause Full (Allocation Failure) 444M->358M(490M) 216,076ms
[2019-04-15T14:11:10.433+0200][118,953s] GC(259) ParNew: 87424K->0K(109248K)
[2019-04-15T14:11:10.433+0200][118,953s] GC(259) CMS: 367456K->366751K(393216K)
[2019-04-15T14:11:10.433+0200][118,953s] GC(259) Metaspace: 77078K->77078K(1120256K)
[2019-04-15T14:11:10.433+0200][118,953s] GC(259) Pause Young (Allocation Failure) 444M->358M(490M) 216,193ms
[2019-04-15T14:11:10.433+0200][118,953s] GC(259) User=0,21s Sys=0,00s Real=0,21s
[2019-04-15T14:11:10.433+0200][118,953s] GC(261) Pause Initial Mark
[2019-04-15T14:11:10.433+0200][118,954s] GC(261) Pause Initial Mark 359M->359M(490M) 0,294ms
[2019-04-15T14:11:10.433+0200][118,954s] GC(261) User=0,01s Sys=0,00s Real=0,01s
[2019-04-15T14:11:10.433+0200][118,954s] GC(261) Concurrent Mark
[2019-04-15T14:11:10.433+0200][118,954s] GC(261) Using 4 workers of 4 for marking
[2019-04-15T14:11:10.489+0200][119,010s] GC(261) Concurrent Mark 56,062ms
[2019-04-15T14:11:10.489+0200][119,010s] GC(261) User=0,19s Sys=0,00s Real=0,05s
[2019-04-15T14:11:10.489+0200][119,010s] GC(261) Concurrent Preclean
[2019-04-15T14:11:10.490+0200][119,010s] GC(261) Concurrent Preclean 0,693ms
[2019-04-15T14:11:10.490+0200][119,010s] GC(261) User=0,00s Sys=0,00s Real=0,00s
[2019-04-15T14:11:10.490+0200][119,010s] GC(261) Concurrent Abortable Preclean
[2019-04-15T14:11:10.591+0200][119,111s] GC(261) Concurrent Abortable Preclean 100,634ms
[2019-04-15T14:11:10.591+0200][119,111s] GC(261) User=0,10s Sys=0,00s Real=0,10s
[2019-04-15T14:11:10.591+0200][119,111s] GC(261) Pause Remark
[2019-04-15T14:11:10.591+0200][119,111s] GC(262) Pause Young (CMS Final Remark)
[2019-04-15T14:11:10.591+0200][119,111s] GC(262) Using 4 workers of 4 for evacuation
[2019-04-15T14:11:10.591+0200][119,111s] GC(262) ParNew: 77585K->77585K(109248K)
[2019-04-15T14:11:10.591+0200][119,111s] GC(262) CMS: 366751K->366751K(393216K)
[2019-04-15T14:11:10.591+0200][119,111s] GC(262) Metaspace: 77078K->77078K(1120256K)
[2019-04-15T14:11:10.591+0200][119,111s] GC(262) Pause Young (CMS Final Remark) 433M->433M(490M) 0,052ms
[2019-04-15T14:11:10.591+0200][119,111s] GC(262) User=0,00s Sys=0,00s Real=0,00s
[2019-04-15T14:11:10.669+0200][119,190s] GC(261) Pause Remark 433M->433M(490M) 78,482ms
[2019-04-15T14:11:10.669+0200][119,190s] GC(261) User=0,19s Sys=0,00s Real=0,08s
[2019-04-15T14:11:10.669+0200][119,190s] GC(261) Concurrent Sweep
[2019-04-15T14:11:10.736+0200][119,256s] GC(261) Concurrent Sweep 66,069ms
[2019-04-15T14:11:10.736+0200][119,256s] GC(261) User=0,13s Sys=0,00s Real=0,07s
[2019-04-15T14:11:10.736+0200][119,256s] GC(263) Pause Young (Allocation Failure)
[2019-04-15T14:11:10.736+0200][119,256s] GC(263) Using 4 workers of 4 for evacuation
[2019-04-15T14:11:10.736+0200][119,256s] GC(264) Pause Full (Allocation Failure)
[2019-04-15T14:11:10.736+0200][119,257s] GC(264) Phase 1: Mark live objects
[2019-04-15T14:11:10.814+0200][119,335s] GC(264) Phase 1: Mark live objects 78,135ms
[2019-04-15T14:11:10.814+0200][119,335s] GC(264) Phase 2: Compute new object addresses
[2019-04-15T14:11:10.877+0200][119,398s] GC(264) Phase 2: Compute new object addresses 63,119ms
[2019-04-15T14:11:10.878+0200][119,398s] GC(264) Phase 3: Adjust pointers
[2019-04-15T14:11:10.940+0200][119,461s] GC(264) Phase 3: Adjust pointers 62,866ms
[2019-04-15T14:11:10.940+0200][119,461s] GC(264) Phase 4: Move objects
[2019-04-15T14:11:10.943+0200][119,464s] GC(264) Phase 4: Move objects 2,723ms
[2019-04-15T14:11:10.945+0200][119,466s] GC(264) Pause Full (Allocation Failure) 443M->362M(490M) 209,305ms
[2019-04-15T14:11:10.945+0200][119,466s] GC(263) ParNew: 87424K->0K(109248K)
[2019-04-15T14:11:10.945+0200][119,466s] GC(263) CMS: 366881K->371131K(393216K)
[2019-04-15T14:11:10.945+0200][119,466s] GC(263) Metaspace: 77078K->77078K(1120256K)
[2019-04-15T14:11:10.945+0200][119,466s] GC(263) Pause Young (Allocation Failure) 443M->362M(490M) 209,476ms
[2019-04-15T14:11:10.945+0200][119,466s] GC(263) User=0,21s Sys=0,00s Real=0,21s
[2019-04-15T14:11:10.945+0200][119,466s] GC(261) Old: 366751K->371131K(393216K)
[2019-04-15T14:11:11.082+0200][119,603s] GC(265) Pause Young (Allocation Failure)
[2019-04-15T14:11:11.082+0200][119,603s] GC(265) Using 4 workers of 4 for evacuation
[2019-04-15T14:11:11.082+0200][119,603s] GC(266) Pause Full (Allocation Failure)
[2019-04-15T14:11:11.083+0200][119,603s] GC(266) Phase 1: Mark live objects
[2019-04-15T14:11:11.168+0200][119,688s] GC(266) Phase 1: Mark live objects 85,425ms
[2019-04-15T14:11:11.168+0200][119,688s] GC(266) Phase 2: Compute new object addresses
[2019-04-15T14:11:11.232+0200][119,753s] GC(266) Phase 2: Compute new object addresses 64,267ms
[2019-04-15T14:11:11.232+0200][119,753s] GC(266) Phase 3: Adjust pointers
[2019-04-15T14:11:11.289+0200][119,809s] GC(266) Phase 3: Adjust pointers 56,222ms
[2019-04-15T14:11:11.289+0200][119,809s] GC(266) Phase 4: Move objects
[2019-04-15T14:11:11.351+0200][119,871s] GC(266) Phase 4: Move objects 62,327ms
[2019-04-15T14:11:11.352+0200][119,872s] GC(266) Pause Full (Allocation Failure) 447M->360M(490M) 269,720ms
[2019-04-15T14:11:11.352+0200][119,872s] GC(265) ParNew: 87424K->0K(109248K)
[2019-04-15T14:11:11.352+0200][119,872s] GC(265) CMS: 371131K->369213K(393216K)
[2019-04-15T14:11:11.352+0200][119,872s] GC(265) Metaspace: 77078K->77078K(1120256K)
[2019-04-15T14:11:11.352+0200][119,872s] GC(265) Pause Young (Allocation Failure) 447M->360M(490M) 269,868ms
[2019-04-15T14:11:11.352+0200][119,872s] GC(265) User=0,27s Sys=0,00s Real=0,27s
[2019-04-15T14:11:11.352+0200][119,873s] GC(267) Pause Initial Mark
[2019-04-15T14:11:11.353+0200][119,873s] GC(267) Pause Initial Mark 361M->361M(490M) 0,545ms
[2019-04-15T14:11:11.353+0200][119,873s] GC(267) User=0,00s Sys=0,00s Real=0,01s
[2019-04-15T14:11:11.353+0200][119,873s] GC(267) Concurrent Mark
[2019-04-15T14:11:11.353+0200][119,873s] GC(267) Using 4 workers of 4 for marking
[2019-04-15T14:11:11.428+0200][119,948s] GC(267) Concurrent Mark 74,652ms
[2019-04-15T14:11:11.428+0200][119,948s] GC(267) User=0,25s Sys=0,00s Real=0,07s
[2019-04-15T14:11:11.428+0200][119,948s] GC(267) Concurrent Preclean
[2019-04-15T14:11:11.430+0200][119,950s] GC(267) Concurrent Preclean 1,892ms
[2019-04-15T14:11:11.430+0200][119,950s] GC(267) User=0,01s Sys=0,00s Real=0,00s
[2019-04-15T14:11:11.430+0200][119,950s] GC(267) Concurrent Abortable Preclean
[2019-04-15T14:11:11.430+0200][119,950s] GC(267) Concurrent Abortable Preclean 0,008ms
[2019-04-15T14:11:11.430+0200][119,950s] GC(267) User=0,00s Sys=0,00s Real=0,00s
[2019-04-15T14:11:11.430+0200][119,950s] GC(267) Pause Remark
[2019-04-15T14:11:11.430+0200][119,950s] GC(268) Pause Young (CMS Final Remark)
[2019-04-15T14:11:11.430+0200][119,951s] GC(268) Using 4 workers of 4 for evacuation
[2019-04-15T14:11:11.430+0200][119,951s] GC(268) ParNew: 28085K->28085K(109248K)
[2019-04-15T14:11:11.430+0200][119,951s] GC(268) CMS: 369213K->369213K(393216K)
[2019-04-15T14:11:11.430+0200][119,951s] GC(268) Metaspace: 77078K->77078K(1120256K)
[2019-04-15T14:11:11.430+0200][119,951s] GC(268) Pause Young (CMS Final Remark) 387M->387M(490M) 0,059ms
[2019-04-15T14:11:11.430+0200][119,951s] GC(268) User=0,00s Sys=0,00s Real=0,00s
[2019-04-15T14:11:11.497+0200][120,018s] GC(267) Pause Remark 387M->387M(490M) 67,057ms
[2019-04-15T14:11:11.497+0200][120,018s] GC(267) User=0,12s Sys=0,00s Real=0,07s
[2019-04-15T14:11:11.497+0200][120,018s] GC(267) Concurrent Sweep
[2019-04-15T14:11:11.556+0200][120,076s] GC(267) Concurrent Sweep 58,759ms
[2019-04-15T14:11:11.556+0200][120,076s] GC(267) User=0,11s Sys=0,00s Real=0,06s
[2019-04-15T14:11:11.556+0200][120,076s] GC(267) Concurrent Reset
[2019-04-15T14:11:11.557+0200][120,077s] GC(267) Concurrent Reset 0,437ms
[2019-04-15T14:11:11.557+0200][120,077s] GC(267) User=0,00s Sys=0,00s Real=0,00s
[2019-04-15T14:11:11.557+0200][120,077s] GC(267) Old: 369213K->369213K(393216K)
[2019-04-15T14:11:11.628+0200][120,148s] GC(269) Pause Young (Allocation Failure)
[2019-04-15T14:11:11.628+0200][120,148s] GC(269) Using 4 workers of 4 for evacuation
[2019-04-15T14:11:11.628+0200][120,148s] GC(270) Pause Full (Allocation Failure)
[2019-04-15T14:11:11.629+0200][120,149s] GC(270) Phase 1: Mark live objects
[2019-04-15T14:11:11.743+0200][120,264s] GC(270) Phase 1: Mark live objects 114,369ms
[2019-04-15T14:11:11.744+0200][120,264s] GC(270) Phase 2: Compute new object addresses
[2019-04-15T14:11:11.819+0200][120,339s] GC(270) Phase 2: Compute new object addresses 75,191ms
[2019-04-15T14:11:11.819+0200][120,339s] GC(270) Phase 3: Adjust pointers
[2019-04-15T14:11:11.892+0200][120,413s] GC(270) Phase 3: Adjust pointers 73,358ms
[2019-04-15T14:11:11.892+0200][120,413s] GC(270) Phase 4: Move objects
[2019-04-15T14:11:11.893+0200][120,414s] GC(270) Phase 4: Move objects 1,236ms
[2019-04-15T14:11:11.894+0200][120,415s] GC(270) Pause Full (Allocation Failure) 445M->362M(490M) 266,494ms
[2019-04-15T14:11:11.894+0200][120,415s] GC(269) ParNew: 87424K->0K(109248K)
[2019-04-15T14:11:11.894+0200][120,415s] GC(269) CMS: 369213K->371490K(393216K)
[2019-04-15T14:11:11.894+0200][120,415s] GC(269) Metaspace: 77078K->77078K(1120256K)
[2019-04-15T14:11:11.894+0200][120,415s] GC(269) Pause Young (Allocation Failure) 445M->362M(490M) 266,639ms
[2019-04-15T14:11:11.894+0200][120,415s] GC(269) User=0,26s Sys=0,00s Real=0,27s
[2019-04-15T14:11:11.895+0200][120,415s] GC(271) Pause Initial Mark
[2019-04-15T14:11:11.896+0200][120,416s] GC(271) Pause Initial Mark 364M->364M(490M) 0,648ms
[2019-04-15T14:11:11.896+0200][120,416s] GC(271) User=0,00s Sys=0,00s Real=0,00s
[2019-04-15T14:11:11.896+0200][120,416s] GC(271) Concurrent Mark
[2019-04-15T14:11:11.896+0200][120,416s] GC(271) Using 4 workers of 4 for marking
[2019-04-15T14:11:11.970+0200][120,490s] GC(271) Concurrent Mark 73,792ms
[2019-04-15T14:11:11.970+0200][120,490s] GC(271) User=0,24s Sys=0,01s Real=0,07s
[2019-04-15T14:11:11.970+0200][120,490s] GC(271) Concurrent Preclean
[2019-04-15T14:11:11.971+0200][120,491s] GC(271) Concurrent Preclean 1,356ms
[2019-04-15T14:11:11.971+0200][120,492s] GC(271) User=0,01s Sys=0,00s Real=0,00s
[2019-04-15T14:11:11.971+0200][120,492s] GC(271) Concurrent Abortable Preclean
[2019-04-15T14:11:11.971+0200][120,492s] GC(271) Concurrent Abortable Preclean 0,050ms
[2019-04-15T14:11:11.971+0200][120,492s] GC(271) User=0,00s Sys=0,00s Real=0,00s
[2019-04-15T14:11:11.972+0200][120,492s] GC(271) Pause Remark
[2019-04-15T14:11:11.972+0200][120,492s] GC(272) Pause Young (CMS Final Remark)
[2019-04-15T14:11:11.972+0200][120,492s] GC(272) Using 4 workers of 4 for evacuation
[2019-04-15T14:11:11.972+0200][120,492s] GC(272) ParNew: 29949K->29949K(109248K)
[2019-04-15T14:11:11.972+0200][120,492s] GC(272) CMS: 371490K->371490K(393216K)
[2019-04-15T14:11:11.972+0200][120,492s] GC(272) Metaspace: 77082K->77082K(1120256K)
[2019-04-15T14:11:11.972+0200][120,492s] GC(272) Pause Young (CMS Final Remark) 392M->392M(490M) 0,094ms
[2019-04-15T14:11:11.972+0200][120,492s] GC(272) User=0,00s Sys=0,00s Real=0,00s
[2019-04-15T14:11:12.038+0200][120,558s] GC(271) Pause Remark 392M->392M(490M) 65,809ms
[2019-04-15T14:11:12.038+0200][120,558s] GC(271) User=0,11s Sys=0,00s Real=0,07s
[2019-04-15T14:11:12.038+0200][120,558s] GC(271) Concurrent Sweep
[2019-04-15T14:11:12.077+0200][120,598s] GC(271) Concurrent Sweep 39,560ms
[2019-04-15T14:11:12.078+0200][120,598s] GC(271) User=0,07s Sys=0,00s Real=0,04s
[2019-04-15T14:11:12.078+0200][120,598s] GC(271) Concurrent Reset
[2019-04-15T14:11:12.079+0200][120,600s] GC(271) Concurrent Reset 1,628ms
[2019-04-15T14:11:12.079+0200][120,600s] GC(271) User=0,01s Sys=0,00s Real=0,00s
[2019-04-15T14:11:12.080+0200][120,600s] GC(271) Old: 371490K->365477K(393216K)
[2019-04-15T14:11:12.145+0200][120,665s] GC(273) Pause Young (Allocation Failure)
[2019-04-15T14:11:12.145+0200][120,665s] GC(273) Using 4 workers of 4 for evacuation
[2019-04-15T14:11:12.145+0200][120,665s] GC(274) Pause Full (Allocation Failure)
[2019-04-15T14:11:12.145+0200][120,666s] GC(274) Phase 1: Mark live objects
[2019-04-15T14:11:12.248+0200][120,769s] GC(274) Phase 1: Mark live objects 102,808ms
[2019-04-15T14:11:12.248+0200][120,769s] GC(274) Phase 2: Compute new object addresses
[2019-04-15T14:11:12.330+0200][120,850s] GC(274) Phase 2: Compute new object addresses 81,634ms
[2019-04-15T14:11:12.330+0200][120,850s] GC(274) Phase 3: Adjust pointers
[2019-04-15T14:11:12.401+0200][120,922s] GC(274) Phase 3: Adjust pointers 71,207ms
[2019-04-15T14:11:12.401+0200][120,922s] GC(274) Phase 4: Move objects
[2019-04-15T14:11:12.404+0200][120,924s] GC(274) Phase 4: Move objects 2,470ms
[2019-04-15T14:11:12.405+0200][120,925s] GC(274) Pause Full (Allocation Failure) 442M->359M(490M) 259,983ms
[2019-04-15T14:11:12.405+0200][120,925s] GC(273) ParNew: 87424K->0K(109248K)
[2019-04-15T14:11:12.405+0200][120,925s] GC(273) CMS: 365477K->368386K(393216K)
[2019-04-15T14:11:12.405+0200][120,925s] GC(273) Metaspace: 77082K->77082K(1120256K)
[2019-04-15T14:11:12.405+0200][120,926s] GC(273) Pause Young (Allocation Failure) 442M->359M(490M) 260,146ms
[2019-04-15T14:11:12.405+0200][120,926s] GC(273) User=0,27s Sys=0,00s Real=0,26s
[2019-04-15T14:11:12.408+0200][120,928s] GC(275) Pause Initial Mark
[2019-04-15T14:11:12.409+0200][120,929s] GC(275) Pause Initial Mark 360M->360M(490M) 0,717ms
[2019-04-15T14:11:12.409+0200][120,929s] GC(275) User=0,00s Sys=0,00s Real=0,00s
[2019-04-15T14:11:12.409+0200][120,929s] GC(275) Concurrent Mark
[2019-04-15T14:11:12.409+0200][120,929s] GC(275) Using 4 workers of 4 for marking
[2019-04-15T14:11:12.479+0200][120,999s] GC(275) Concurrent Mark 70,166ms
[2019-04-15T14:11:12.479+0200][120,999s] GC(275) User=0,22s Sys=0,00s Real=0,07s
[2019-04-15T14:11:12.479+0200][121,000s] GC(275) Concurrent Preclean
[2019-04-15T14:11:12.481+0200][121,002s] GC(275) Concurrent Preclean 2,289ms
[2019-04-15T14:11:12.481+0200][121,002s] GC(275) User=0,00s Sys=0,00s Real=0,00s
[2019-04-15T14:11:12.481+0200][121,002s] GC(275) Concurrent Abortable Preclean
[2019-04-15T14:11:12.582+0200][121,103s] GC(275) Concurrent Abortable Preclean 101,007ms
[2019-04-15T14:11:12.583+0200][121,103s] GC(275) User=0,10s Sys=0,00s Real=0,10s
[2019-04-15T14:11:12.583+0200][121,103s] GC(275) Pause Remark
[2019-04-15T14:11:12.583+0200][121,103s] GC(276) Pause Young (CMS Final Remark)
[2019-04-15T14:11:12.583+0200][121,103s] GC(276) Using 4 workers of 4 for evacuation
[2019-04-15T14:11:12.583+0200][121,103s] GC(276) ParNew: 75359K->75359K(109248K)
[2019-04-15T14:11:12.583+0200][121,103s] GC(276) CMS: 368386K->368386K(393216K)
[2019-04-15T14:11:12.583+0200][121,103s] GC(276) Metaspace: 77082K->77082K(1120256K)
[2019-04-15T14:11:12.583+0200][121,103s] GC(276) Pause Young (CMS Final Remark) 433M->433M(490M) 0,055ms
[2019-04-15T14:11:12.583+0200][121,103s] GC(276) User=0,00s Sys=0,00s Real=0,00s
[2019-04-15T14:11:12.650+0200][121,170s] GC(275) Pause Remark 433M->433M(490M) 67,273ms
[2019-04-15T14:11:12.650+0200][121,170s] GC(275) User=0,18s Sys=0,00s Real=0,07s
[2019-04-15T14:11:12.650+0200][121,170s] GC(275) Concurrent Sweep
[2019-04-15T14:11:12.721+0200][121,241s] GC(275) Concurrent Sweep 70,668ms
[2019-04-15T14:11:12.721+0200][121,241s] GC(275) User=0,14s Sys=0,00s Real=0,07s
[2019-04-15T14:11:12.721+0200][121,241s] GC(277) Pause Young (Allocation Failure)
[2019-04-15T14:11:12.721+0200][121,241s] GC(277) Using 4 workers of 4 for evacuation
[2019-04-15T14:11:12.721+0200][121,241s] GC(278) Pause Full (Allocation Failure)
[2019-04-15T14:11:12.721+0200][121,242s] GC(278) Phase 1: Mark live objects
[2019-04-15T14:11:12.816+0200][121,337s] GC(278) Phase 1: Mark live objects 94,879ms
[2019-04-15T14:11:12.816+0200][121,337s] GC(278) Phase 2: Compute new object addresses
[2019-04-15T14:11:12.901+0200][121,421s] GC(278) Phase 2: Compute new object addresses 84,596ms
[2019-04-15T14:11:12.901+0200][121,421s] GC(278) Phase 3: Adjust pointers
[2019-04-15T14:11:12.965+0200][121,485s] GC(278) Phase 3: Adjust pointers 63,571ms
[2019-04-15T14:11:12.965+0200][121,485s] GC(278) Phase 4: Move objects
[2019-04-15T14:11:12.965+0200][121,486s] GC(278) Phase 4: Move objects 0,665ms
[2019-04-15T14:11:12.966+0200][121,486s] GC(278) Pause Full (Allocation Failure) 444M->359M(490M) 244,961ms
[2019-04-15T14:11:12.966+0200][121,486s] GC(277) ParNew: 87424K->0K(109248K)
[2019-04-15T14:11:12.966+0200][121,486s] GC(277) CMS: 367318K->367983K(393216K)
[2019-04-15T14:11:12.966+0200][121,486s] GC(277) Metaspace: 77082K->77082K(1120256K)
[2019-04-15T14:11:12.966+0200][121,486s] GC(277) Pause Young (Allocation Failure) 444M->359M(490M) 245,077ms
[2019-04-15T14:11:12.966+0200][121,486s] GC(277) User=0,25s Sys=0,00s Real=0,25s
[2019-04-15T14:11:12.966+0200][121,487s] GC(275) Old: 368386K->367983K(393216K)
[2019-04-15T14:11:13.110+0200][121,630s] GC(279) Pause Young (Allocation Failure)
[2019-04-15T14:11:13.110+0200][121,630s] GC(279) Using 4 workers of 4 for evacuation
[2019-04-15T14:11:13.110+0200][121,630s] GC(280) Pause Full (Allocation Failure)
[2019-04-15T14:11:13.110+0200][121,631s] GC(280) Phase 1: Mark live objects
[2019-04-15T14:11:13.233+0200][121,753s] GC(280) Phase 1: Mark live objects 122,410ms
[2019-04-15T14:11:13.233+0200][121,753s] GC(280) Phase 2: Compute new object addresses
[2019-04-15T14:11:13.323+0200][121,844s] GC(280) Phase 2: Compute new object addresses 90,497ms
[2019-04-15T14:11:13.323+0200][121,844s] GC(280) Phase 3: Adjust pointers
[2019-04-15T14:11:13.427+0200][121,947s] GC(280) Phase 3: Adjust pointers 103,422ms
[2019-04-15T14:11:13.427+0200][121,947s] GC(280) Phase 4: Move objects
[2019-04-15T14:11:13.428+0200][121,948s] GC(280) Phase 4: Move objects 0,823ms
[2019-04-15T14:11:13.428+0200][121,949s] GC(280) Pause Full (Allocation Failure) 444M->358M(490M) 318,401ms
[2019-04-15T14:11:13.428+0200][121,949s] GC(279) ParNew: 87424K->0K(109248K)
[2019-04-15T14:11:13.428+0200][121,949s] GC(279) CMS: 367983K->367113K(393216K)
[2019-04-15T14:11:13.428+0200][121,949s] GC(279) Metaspace: 77082K->77082K(1120256K)
[2019-04-15T14:11:13.428+0200][121,949s] GC(279) Pause Young (Allocation Failure) 444M->358M(490M) 318,567ms
[2019-04-15T14:11:13.428+0200][121,949s] GC(279) User=0,29s Sys=0,00s Real=0,32s
[2019-04-15T14:11:13.433+0200][121,953s] GC(281) Pause Initial Mark
[2019-04-15T14:11:13.434+0200][121,955s] GC(281) Pause Initial Mark 360M->360M(490M) 1,224ms
[2019-04-15T14:11:13.435+0200][121,955s] GC(281) User=0,00s Sys=0,00s Real=0,01s
[2019-04-15T14:11:13.435+0200][121,955s] GC(281) Concurrent Mark
[2019-04-15T14:11:13.435+0200][121,955s] GC(281) Using 4 workers of 4 for marking
[2019-04-15T14:11:13.528+0200][122,049s] GC(281) Concurrent Mark 93,618ms
[2019-04-15T14:11:13.528+0200][122,049s] GC(281) User=0,23s Sys=0,00s Real=0,09s
[2019-04-15T14:11:13.528+0200][122,049s] GC(281) Concurrent Preclean
[2019-04-15T14:11:13.530+0200][122,050s] GC(281) Concurrent Preclean 1,340ms
[2019-04-15T14:11:13.530+0200][122,050s] GC(281) User=0,01s Sys=0,00s Real=0,00s
[2019-04-15T14:11:13.530+0200][122,050s] GC(281) Concurrent Abortable Preclean
[2019-04-15T14:11:13.530+0200][122,050s] GC(281) Concurrent Abortable Preclean 0,011ms
[2019-04-15T14:11:13.530+0200][122,050s] GC(281) User=0,00s Sys=0,00s Real=0,00s
[2019-04-15T14:11:13.530+0200][122,051s] GC(281) Pause Remark
[2019-04-15T14:11:13.530+0200][122,051s] GC(282) Pause Young (CMS Final Remark)
[2019-04-15T14:11:13.530+0200][122,051s] GC(282) Using 4 workers of 4 for evacuation
[2019-04-15T14:11:13.530+0200][122,051s] GC(282) ParNew: 32815K->32815K(109248K)
[2019-04-15T14:11:13.530+0200][122,051s] GC(282) CMS: 367113K->367113K(393216K)
[2019-04-15T14:11:13.530+0200][122,051s] GC(282) Metaspace: 77082K->77082K(1120256K)
[2019-04-15T14:11:13.530+0200][122,051s] GC(282) Pause Young (CMS Final Remark) 390M->390M(490M) 0,055ms
[2019-04-15T14:11:13.530+0200][122,051s] GC(282) User=0,00s Sys=0,00s Real=0,00s
[2019-04-15T14:11:13.646+0200][122,167s] GC(281) Pause Remark 390M->390M(490M) 116,268ms
[2019-04-15T14:11:13.647+0200][122,167s] GC(281) User=0,15s Sys=0,00s Real=0,12s
[2019-04-15T14:11:13.661+0200][122,182s] GC(281) Concurrent Sweep
[2019-04-15T14:11:13.704+0200][122,225s] GC(281) Concurrent Sweep 42,733ms
[2019-04-15T14:11:13.704+0200][122,225s] GC(281) User=0,05s Sys=0,00s Real=0,04s
[2019-04-15T14:11:13.704+0200][122,225s] GC(281) Concurrent Reset
[2019-04-15T14:11:13.705+0200][122,225s] GC(281) Concurrent Reset 0,380ms
[2019-04-15T14:11:13.705+0200][122,225s] GC(281) User=0,00s Sys=0,00s Real=0,00s
[2019-04-15T14:11:13.705+0200][122,225s] GC(281) Old: 367113K->365238K(393216K)
[2019-04-15T14:11:13.843+0200][122,363s] GC(283) Pause Young (Allocation Failure)
[2019-04-15T14:11:13.843+0200][122,363s] GC(283) Using 4 workers of 4 for evacuation
[2019-04-15T14:11:13.843+0200][122,363s] GC(284) Pause Full (Allocation Failure)
[2019-04-15T14:11:13.843+0200][122,364s] GC(284) Phase 1: Mark live objects
[2019-04-15T14:11:14.030+0200][122,551s] GC(284) Phase 1: Mark live objects 187,325ms
[2019-04-15T14:11:14.031+0200][122,551s] GC(284) Phase 2: Compute new object addresses
[2019-04-15T14:11:14.130+0200][122,650s] GC(284) Phase 2: Compute new object addresses 99,011ms
[2019-04-15T14:11:14.130+0200][122,650s] GC(284) Phase 3: Adjust pointers
[2019-04-15T14:11:14.243+0200][122,763s] GC(284) Phase 3: Adjust pointers 113,263ms
[2019-04-15T14:11:14.243+0200][122,764s] GC(284) Phase 4: Move objects
[2019-04-15T14:11:14.246+0200][122,767s] GC(284) Phase 4: Move objects 2,923ms
[2019-04-15T14:11:14.247+0200][122,768s] GC(284) Pause Full (Allocation Failure) 442M->358M(490M) 404,820ms
[2019-04-15T14:11:14.248+0200][122,768s] GC(283) ParNew: 87424K->0K(109248K)
[2019-04-15T14:11:14.248+0200][122,768s] GC(283) CMS: 365238K->367207K(393216K)
[2019-04-15T14:11:14.248+0200][122,768s] GC(283) Metaspace: 77082K->77082K(1120256K)
[2019-04-15T14:11:14.248+0200][122,768s] GC(283) Pause Young (Allocation Failure) 442M->358M(490M) 405,011ms
[2019-04-15T14:11:14.248+0200][122,768s] GC(283) User=0,32s Sys=0,00s Real=0,41s
[2019-04-15T14:11:14.248+0200][122,769s] GC(285) Pause Initial Mark
[2019-04-15T14:11:14.249+0200][122,770s] GC(285) Pause Initial Mark 359M->359M(490M) 0,914ms
[2019-04-15T14:11:14.249+0200][122,770s] GC(285) User=0,00s Sys=0,00s Real=0,00s
[2019-04-15T14:11:14.250+0200][122,770s] GC(285) Concurrent Mark
[2019-04-15T14:11:14.250+0200][122,770s] GC(285) Using 4 workers of 4 for marking
[2019-04-15T14:11:14.330+0200][122,850s] GC(285) Concurrent Mark 80,348ms
[2019-04-15T14:11:14.330+0200][122,850s] GC(285) User=0,18s Sys=0,00s Real=0,08s
[2019-04-15T14:11:14.330+0200][122,851s] GC(285) Concurrent Preclean
[2019-04-15T14:11:14.332+0200][122,852s] GC(285) Concurrent Preclean 1,418ms
[2019-04-15T14:11:14.332+0200][122,852s] GC(285) User=0,00s Sys=0,00s Real=0,00s
[2019-04-15T14:11:14.332+0200][122,852s] GC(285) Concurrent Abortable Preclean
[2019-04-15T14:11:14.433+0200][122,953s] GC(285) Concurrent Abortable Preclean 101,155ms
[2019-04-15T14:11:14.433+0200][122,953s] GC(285) User=0,07s Sys=0,00s Real=0,10s
[2019-04-15T14:11:14.434+0200][122,954s] GC(285) Pause Remark
[2019-04-15T14:11:14.434+0200][122,954s] GC(286) Pause Young (CMS Final Remark)
[2019-04-15T14:11:14.434+0200][122,954s] GC(286) Using 4 workers of 4 for evacuation
[2019-04-15T14:11:14.434+0200][122,954s] GC(286) ParNew: 38631K->38631K(109248K)
[2019-04-15T14:11:14.434+0200][122,954s] GC(286) CMS: 367207K->367207K(393216K)
[2019-04-15T14:11:14.434+0200][122,954s] GC(286) Metaspace: 77082K->77082K(1120256K)
[2019-04-15T14:11:14.434+0200][122,955s] GC(286) Pause Young (CMS Final Remark) 396M->396M(490M) 0,397ms
[2019-04-15T14:11:14.434+0200][122,955s] GC(286) User=0,00s Sys=0,00s Real=0,00s
[2019-04-15T14:11:14.538+0200][123,059s] GC(285) Pause Remark 396M->396M(490M) 104,803ms
[2019-04-15T14:11:14.538+0200][123,059s] GC(285) User=0,14s Sys=0,00s Real=0,10s
[2019-04-15T14:11:14.538+0200][123,059s] GC(285) Concurrent Sweep
[2019-04-15T14:11:14.566+0200][123,086s] GC(285) Concurrent Sweep 27,653ms
[2019-04-15T14:11:14.566+0200][123,087s] GC(285) User=0,05s Sys=0,00s Real=0,03s
[2019-04-15T14:11:14.566+0200][123,087s] GC(285) Concurrent Reset
[2019-04-15T14:11:14.568+0200][123,089s] GC(285) Concurrent Reset 1,877ms
[2019-04-15T14:11:14.568+0200][123,089s] GC(285) User=0,01s Sys=0,00s Real=0,00s
[2019-04-15T14:11:14.568+0200][123,089s] GC(285) Old: 367207K->363474K(393216K)
[2019-04-15T14:11:14.659+0200][123,179s] GC(287) Pause Young (Allocation Failure)
[2019-04-15T14:11:14.659+0200][123,179s] GC(287) Using 4 workers of 4 for evacuation
[2019-04-15T14:11:14.659+0200][123,180s] GC(288) Pause Full (Allocation Failure)
[2019-04-15T14:11:14.661+0200][123,182s] GC(288) Phase 1: Mark live objects
[2019-04-15T14:11:14.765+0200][123,286s] GC(288) Phase 1: Mark live objects 104,067ms
[2019-04-15T14:11:14.765+0200][123,286s] GC(288) Phase 2: Compute new object addresses
[2019-04-15T14:11:14.829+0200][123,350s] GC(288) Phase 2: Compute new object addresses 63,870ms
[2019-04-15T14:11:14.829+0200][123,350s] GC(288) Phase 3: Adjust pointers
[2019-04-15T14:11:14.898+0200][123,418s] GC(288) Phase 3: Adjust pointers 68,302ms
[2019-04-15T14:11:14.898+0200][123,418s] GC(288) Phase 4: Move objects
[2019-04-15T14:11:14.898+0200][123,418s] GC(288) Phase 4: Move objects 0,393ms
[2019-04-15T14:11:14.899+0200][123,419s] GC(288) Pause Full (Allocation Failure) 440M->357M(490M) 239,553ms
[2019-04-15T14:11:14.899+0200][123,419s] GC(287) ParNew: 87424K->0K(109248K)
[2019-04-15T14:11:14.899+0200][123,419s] GC(287) CMS: 363474K->366034K(393216K)
[2019-04-15T14:11:14.899+0200][123,419s] GC(287) Metaspace: 77082K->77082K(1120256K)
[2019-04-15T14:11:14.899+0200][123,419s] GC(287) Pause Young (Allocation Failure) 440M->357M(490M) 240,194ms
[2019-04-15T14:11:14.899+0200][123,419s] GC(287) User=0,23s Sys=0,00s Real=0,24s
[2019-04-15T14:11:14.901+0200][123,421s] GC(289) Pause Initial Mark
[2019-04-15T14:11:14.902+0200][123,422s] GC(289) Pause Initial Mark 358M->358M(490M) 0,874ms
[2019-04-15T14:11:14.902+0200][123,422s] GC(289) User=0,00s Sys=0,00s Real=0,00s
[2019-04-15T14:11:14.902+0200][123,422s] GC(289) Concurrent Mark
[2019-04-15T14:11:14.902+0200][123,422s] GC(289) Using 4 workers of 4 for marking
[2019-04-15T14:11:14.977+0200][123,498s] GC(289) Concurrent Mark 75,431ms
[2019-04-15T14:11:14.977+0200][123,498s] GC(289) User=0,20s Sys=0,00s Real=0,08s
[2019-04-15T14:11:14.977+0200][123,498s] GC(289) Concurrent Preclean
[2019-04-15T14:11:14.979+0200][123,499s] GC(289) Concurrent Preclean 1,671ms
[2019-04-15T14:11:14.979+0200][123,499s] GC(289) User=0,00s Sys=0,00s Real=0,00s
[2019-04-15T14:11:14.979+0200][123,499s] GC(289) Concurrent Abortable Preclean
[2019-04-15T14:11:15.080+0200][123,601s] GC(289) Concurrent Abortable Preclean 101,132ms
[2019-04-15T14:11:15.080+0200][123,601s] GC(289) User=0,09s Sys=0,00s Real=0,10s
[2019-04-15T14:11:15.080+0200][123,601s] GC(289) Pause Remark
[2019-04-15T14:11:15.080+0200][123,601s] GC(290) Pause Young (CMS Final Remark)
[2019-04-15T14:11:15.080+0200][123,601s] GC(290) Using 4 workers of 4 for evacuation
[2019-04-15T14:11:15.080+0200][123,601s] GC(290) ParNew: 66474K->66474K(109248K)
[2019-04-15T14:11:15.080+0200][123,601s] GC(290) CMS: 366034K->366034K(393216K)
[2019-04-15T14:11:15.080+0200][123,601s] GC(290) Metaspace: 77082K->77082K(1120256K)
[2019-04-15T14:11:15.081+0200][123,601s] GC(290) Pause Young (CMS Final Remark) 422M->422M(490M) 0,096ms
[2019-04-15T14:11:15.081+0200][123,601s] GC(290) User=0,00s Sys=0,00s Real=0,00s
[2019-04-15T14:11:15.223+0200][123,743s] GC(289) Pause Remark 422M->422M(490M) 142,419ms
[2019-04-15T14:11:15.223+0200][123,743s] GC(289) User=0,32s Sys=0,00s Real=0,14s
[2019-04-15T14:11:15.223+0200][123,743s] GC(289) Concurrent Sweep
[2019-04-15T14:11:15.289+0200][123,809s] GC(289) Concurrent Sweep 65,740ms
[2019-04-15T14:11:15.289+0200][123,809s] GC(289) User=0,11s Sys=0,01s Real=0,07s
[2019-04-15T14:11:15.289+0200][123,809s] GC(291) Pause Young (Allocation Failure)
[2019-04-15T14:11:15.289+0200][123,809s] GC(291) Using 4 workers of 4 for evacuation
[2019-04-15T14:11:15.289+0200][123,809s] GC(292) Pause Full (Allocation Failure)
[2019-04-15T14:11:15.289+0200][123,810s] GC(292) Phase 1: Mark live objects
[2019-04-15T14:11:15.374+0200][123,894s] GC(292) Phase 1: Mark live objects 84,399ms
[2019-04-15T14:11:15.374+0200][123,894s] GC(292) Phase 2: Compute new object addresses
[2019-04-15T14:11:15.440+0200][123,960s] GC(292) Phase 2: Compute new object addresses 66,026ms
[2019-04-15T14:11:15.440+0200][123,960s] GC(292) Phase 3: Adjust pointers
[2019-04-15T14:11:15.503+0200][124,023s] GC(292) Phase 3: Adjust pointers 63,137ms
[2019-04-15T14:11:15.503+0200][124,023s] GC(292) Phase 4: Move objects
[2019-04-15T14:11:15.570+0200][124,091s] GC(292) Phase 4: Move objects 67,300ms
[2019-04-15T14:11:15.572+0200][124,092s] GC(292) Pause Full (Allocation Failure) 443M->359M(490M) 282,746ms
[2019-04-15T14:11:15.572+0200][124,092s] GC(291) ParNew: 87424K->0K(109248K)
[2019-04-15T14:11:15.572+0200][124,092s] GC(291) CMS: 366732K->367937K(393216K)
[2019-04-15T14:11:15.572+0200][124,092s] GC(291) Metaspace: 77082K->77082K(1120256K)
[2019-04-15T14:11:15.572+0200][124,092s] GC(291) Pause Young (Allocation Failure) 443M->359M(490M) 282,860ms
[2019-04-15T14:11:15.572+0200][124,092s] GC(291) User=0,29s Sys=0,00s Real=0,28s
[2019-04-15T14:11:15.572+0200][124,092s] GC(289) Old: 366034K->367937K(393216K)
[2019-04-15T14:11:15.809+0200][124,329s] GC(293) Pause Young (Allocation Failure)
[2019-04-15T14:11:15.809+0200][124,329s] GC(293) Using 4 workers of 4 for evacuation
[2019-04-15T14:11:15.809+0200][124,329s] GC(294) Pause Full (Allocation Failure)
[2019-04-15T14:11:15.809+0200][124,329s] GC(294) Phase 1: Mark live objects
[2019-04-15T14:11:15.899+0200][124,419s] GC(294) Phase 1: Mark live objects 90,028ms
[2019-04-15T14:11:15.899+0200][124,419s] GC(294) Phase 2: Compute new object addresses
[2019-04-15T14:11:15.963+0200][124,484s] GC(294) Phase 2: Compute new object addresses 64,252ms
[2019-04-15T14:11:15.963+0200][124,484s] GC(294) Phase 3: Adjust pointers
[2019-04-15T14:11:16.035+0200][124,555s] GC(294) Phase 3: Adjust pointers 71,394ms
[2019-04-15T14:11:16.035+0200][124,555s] GC(294) Phase 4: Move objects
[2019-04-15T14:11:16.036+0200][124,556s] GC(294) Phase 4: Move objects 0,856ms
[2019-04-15T14:11:16.036+0200][124,557s] GC(294) Pause Full (Allocation Failure) 444M->360M(490M) 227,857ms
[2019-04-15T14:11:16.036+0200][124,557s] GC(293) ParNew: 87424K->0K(109248K)
[2019-04-15T14:11:16.036+0200][124,557s] GC(293) CMS: 367937K->368709K(393216K)
[2019-04-15T14:11:16.036+0200][124,557s] GC(293) Metaspace: 77082K->77082K(1120256K)
[2019-04-15T14:11:16.036+0200][124,557s] GC(293) Pause Young (Allocation Failure) 444M->360M(490M) 227,992ms
[2019-04-15T14:11:16.037+0200][124,557s] GC(293) User=0,23s Sys=0,00s Real=0,23s
[2019-04-15T14:11:16.037+0200][124,557s] GC(295) Pause Initial Mark
[2019-04-15T14:11:16.037+0200][124,557s] GC(295) Pause Initial Mark 361M->361M(490M) 0,336ms
[2019-04-15T14:11:16.037+0200][124,558s] GC(295) User=0,00s Sys=0,00s Real=0,00s
[2019-04-15T14:11:16.037+0200][124,558s] GC(295) Concurrent Mark
[2019-04-15T14:11:16.037+0200][124,558s] GC(295) Using 4 workers of 4 for marking
[2019-04-15T14:11:16.129+0200][124,649s] GC(295) Concurrent Mark 91,797ms
[2019-04-15T14:11:16.129+0200][124,649s] GC(295) User=0,24s Sys=0,00s Real=0,09s
[2019-04-15T14:11:16.129+0200][124,649s] GC(295) Concurrent Preclean
[2019-04-15T14:11:16.131+0200][124,651s] GC(295) Concurrent Preclean 1,587ms
[2019-04-15T14:11:16.131+0200][124,651s] GC(295) User=0,00s Sys=0,00s Real=0,00s
[2019-04-15T14:11:16.131+0200][124,651s] GC(295) Concurrent Abortable Preclean
[2019-04-15T14:11:16.131+0200][124,651s] GC(295) Concurrent Abortable Preclean 0,011ms
[2019-04-15T14:11:16.131+0200][124,651s] GC(295) User=0,00s Sys=0,00s Real=0,00s
[2019-04-15T14:11:16.131+0200][124,651s] GC(295) Pause Remark
[2019-04-15T14:11:16.131+0200][124,651s] GC(296) Pause Young (CMS Final Remark)
[2019-04-15T14:11:16.131+0200][124,651s] GC(296) Using 4 workers of 4 for evacuation
[2019-04-15T14:11:16.131+0200][124,651s] GC(296) ParNew: 28116K->28116K(109248K)
[2019-04-15T14:11:16.131+0200][124,651s] GC(296) CMS: 368709K->368709K(393216K)
[2019-04-15T14:11:16.131+0200][124,651s] GC(296) Metaspace: 77082K->77082K(1120256K)
[2019-04-15T14:11:16.131+0200][124,651s] GC(296) Pause Young (CMS Final Remark) 387M->387M(490M) 0,073ms
[2019-04-15T14:11:16.131+0200][124,651s] GC(296) User=0,00s Sys=0,00s Real=0,00s
[2019-04-15T14:11:16.222+0200][124,743s] GC(295) Pause Remark 387M->387M(490M) 91,700ms
[2019-04-15T14:11:16.223+0200][124,743s] GC(295) User=0,12s Sys=0,00s Real=0,09s
[2019-04-15T14:11:16.223+0200][124,743s] GC(295) Concurrent Sweep
[2019-04-15T14:11:16.278+0200][124,799s] GC(295) Concurrent Sweep 55,426ms
[2019-04-15T14:11:16.278+0200][124,799s] GC(295) User=0,09s Sys=0,00s Real=0,06s
[2019-04-15T14:11:16.278+0200][124,799s] GC(295) Concurrent Reset
[2019-04-15T14:11:16.279+0200][124,799s] GC(295) Concurrent Reset 0,436ms
[2019-04-15T14:11:16.279+0200][124,799s] GC(295) User=0,00s Sys=0,00s Real=0,00s
[2019-04-15T14:11:16.279+0200][124,799s] GC(295) Old: 368709K->366532K(393216K)
[2019-04-15T14:11:16.357+0200][124,878s] GC(297) Pause Young (Allocation Failure)
[2019-04-15T14:11:16.357+0200][124,878s] GC(297) Using 4 workers of 4 for evacuation
[2019-04-15T14:11:16.357+0200][124,878s] GC(298) Pause Full (Allocation Failure)
[2019-04-15T14:11:16.358+0200][124,878s] GC(298) Phase 1: Mark live objects
[2019-04-15T14:11:16.479+0200][125,000s] GC(298) Phase 1: Mark live objects 121,337ms
[2019-04-15T14:11:16.479+0200][125,000s] GC(298) Phase 2: Compute new object addresses
[2019-04-15T14:11:16.547+0200][125,068s] GC(298) Phase 2: Compute new object addresses 67,868ms
[2019-04-15T14:11:16.547+0200][125,068s] GC(298) Phase 3: Adjust pointers
[2019-04-15T14:11:16.611+0200][125,131s] GC(298) Phase 3: Adjust pointers 63,659ms
[2019-04-15T14:11:16.611+0200][125,131s] GC(298) Phase 4: Move objects
[2019-04-15T14:11:16.612+0200][125,132s] GC(298) Phase 4: Move objects 0,969ms
[2019-04-15T14:11:16.613+0200][125,133s] GC(298) Pause Full (Allocation Failure) 443M->360M(490M) 255,299ms
[2019-04-15T14:11:16.613+0200][125,133s] GC(297) ParNew: 87424K->0K(109248K)
[2019-04-15T14:11:16.613+0200][125,133s] GC(297) CMS: 366532K->369315K(393216K)
[2019-04-15T14:11:16.613+0200][125,133s] GC(297) Metaspace: 77082K->77082K(1120256K)
[2019-04-15T14:11:16.613+0200][125,133s] GC(297) Pause Young (Allocation Failure) 443M->360M(490M) 255,435ms
[2019-04-15T14:11:16.613+0200][125,133s] GC(297) User=0,25s Sys=0,00s Real=0,25s
[2019-04-15T14:11:16.614+0200][125,134s] GC(299) Pause Initial Mark
[2019-04-15T14:11:16.615+0200][125,136s] GC(299) Pause Initial Mark 361M->361M(490M) 1,035ms
[2019-04-15T14:11:16.615+0200][125,136s] GC(299) User=0,01s Sys=0,00s Real=0,00s
[2019-04-15T14:11:16.616+0200][125,136s] GC(299) Concurrent Mark
[2019-04-15T14:11:16.616+0200][125,136s] GC(299) Using 4 workers of 4 for marking
[2019-04-15T14:11:16.677+0200][125,198s] GC(299) Concurrent Mark 61,909ms
[2019-04-15T14:11:16.678+0200][125,198s] GC(299) User=0,20s Sys=0,00s Real=0,06s
[2019-04-15T14:11:16.678+0200][125,198s] GC(299) Concurrent Preclean
[2019-04-15T14:11:16.679+0200][125,200s] GC(299) Concurrent Preclean 1,700ms
[2019-04-15T14:11:16.679+0200][125,200s] GC(299) User=0,00s Sys=0,00s Real=0,00s
[2019-04-15T14:11:16.679+0200][125,200s] GC(299) Concurrent Abortable Preclean
[2019-04-15T14:11:16.679+0200][125,200s] GC(299) Concurrent Abortable Preclean 0,011ms
[2019-04-15T14:11:16.679+0200][125,200s] GC(299) User=0,00s Sys=0,00s Real=0,00s
[2019-04-15T14:11:16.679+0200][125,200s] GC(299) Pause Remark
[2019-04-15T14:11:16.679+0200][125,200s] GC(300) Pause Young (CMS Final Remark)
[2019-04-15T14:11:16.679+0200][125,200s] GC(300) Using 4 workers of 4 for evacuation
[2019-04-15T14:11:16.680+0200][125,200s] GC(300) ParNew: 26243K->26243K(109248K)
[2019-04-15T14:11:16.680+0200][125,200s] GC(300) CMS: 369315K->369315K(393216K)
[2019-04-15T14:11:16.680+0200][125,200s] GC(300) Metaspace: 77082K->77082K(1120256K)
[2019-04-15T14:11:16.680+0200][125,200s] GC(300) Pause Young (CMS Final Remark) 386M->386M(490M) 0,083ms
[2019-04-15T14:11:16.680+0200][125,200s] GC(300) User=0,00s Sys=0,00s Real=0,00s
[2019-04-15T14:11:16.739+0200][125,259s] GC(299) Pause Remark 386M->386M(490M) 59,290ms
[2019-04-15T14:11:16.739+0200][125,259s] GC(299) User=0,10s Sys=0,00s Real=0,06s
[2019-04-15T14:11:16.739+0200][125,259s] GC(299) Concurrent Sweep
[2019-04-15T14:11:16.788+0200][125,308s] GC(299) Concurrent Sweep 48,881ms
[2019-04-15T14:11:16.788+0200][125,308s] GC(299) User=0,09s Sys=0,00s Real=0,05s
[2019-04-15T14:11:16.788+0200][125,308s] GC(299) Concurrent Reset
[2019-04-15T14:11:16.788+0200][125,309s] GC(299) Concurrent Reset 0,363ms
[2019-04-15T14:11:16.788+0200][125,309s] GC(299) User=0,00s Sys=0,00s Real=0,00s
[2019-04-15T14:11:16.788+0200][125,309s] GC(299) Old: 369315K->365986K(393216K)
[2019-04-15T14:11:16.860+0200][125,380s] GC(301) Pause Young (Allocation Failure)
[2019-04-15T14:11:16.860+0200][125,380s] GC(301) Using 4 workers of 4 for evacuation
[2019-04-15T14:11:16.860+0200][125,380s] GC(302) Pause Full (Allocation Failure)
[2019-04-15T14:11:16.860+0200][125,381s] GC(302) Phase 1: Mark live objects
[2019-04-15T14:11:16.956+0200][125,476s] GC(302) Phase 1: Mark live objects 95,529ms
[2019-04-15T14:11:16.956+0200][125,476s] GC(302) Phase 2: Compute new object addresses
[2019-04-15T14:11:17.023+0200][125,544s] GC(302) Phase 2: Compute new object addresses 67,416ms
[2019-04-15T14:11:17.023+0200][125,544s] GC(302) Phase 3: Adjust pointers
[2019-04-15T14:11:17.093+0200][125,613s] GC(302) Phase 3: Adjust pointers 69,547ms
[2019-04-15T14:11:17.093+0200][125,613s] GC(302) Phase 4: Move objects
[2019-04-15T14:11:17.094+0200][125,614s] GC(302) Phase 4: Move objects 0,702ms
[2019-04-15T14:11:17.094+0200][125,615s] GC(302) Pause Full (Allocation Failure) 442M->359M(490M) 234,675ms
[2019-04-15T14:11:17.095+0200][125,615s] GC(301) ParNew: 87424K->0K(109248K)
[2019-04-15T14:11:17.095+0200][125,615s] GC(301) CMS: 365986K->367771K(393216K)
[2019-04-15T14:11:17.095+0200][125,615s] GC(301) Metaspace: 77082K->77082K(1120256K)
[2019-04-15T14:11:17.095+0200][125,615s] GC(301) Pause Young (Allocation Failure) 442M->359M(490M) 234,815ms
[2019-04-15T14:11:17.095+0200][125,615s] GC(301) User=0,23s Sys=0,00s Real=0,24s
[2019-04-15T14:11:17.097+0200][125,617s] GC(303) Pause Initial Mark
[2019-04-15T14:11:17.098+0200][125,618s] GC(303) Pause Initial Mark 361M->361M(490M) 0,926ms
[2019-04-15T14:11:17.098+0200][125,618s] GC(303) User=0,00s Sys=0,00s Real=0,00s
[2019-04-15T14:11:17.099+0200][125,620s] GC(303) Concurrent Mark
[2019-04-15T14:11:17.099+0200][125,620s] GC(303) Using 4 workers of 4 for marking
[2019-04-15T14:11:17.168+0200][125,689s] GC(303) Concurrent Mark 69,004ms
[2019-04-15T14:11:17.168+0200][125,689s] GC(303) User=0,23s Sys=0,00s Real=0,07s
[2019-04-15T14:11:17.168+0200][125,689s] GC(303) Concurrent Preclean
[2019-04-15T14:11:17.170+0200][125,691s] GC(303) Concurrent Preclean 1,771ms
[2019-04-15T14:11:17.170+0200][125,691s] GC(303) User=0,01s Sys=0,00s Real=0,00s
[2019-04-15T14:11:17.170+0200][125,691s] GC(303) Concurrent Abortable Preclean
[2019-04-15T14:11:17.170+0200][125,691s] GC(303) Concurrent Abortable Preclean 0,026ms
[2019-04-15T14:11:17.170+0200][125,691s] GC(303) User=0,00s Sys=0,00s Real=0,00s
[2019-04-15T14:11:17.170+0200][125,691s] GC(303) Pause Remark
[2019-04-15T14:11:17.226+0200][125,747s] GC(303) Pause Remark 389M->389M(490M) 56,106ms
[2019-04-15T14:11:17.226+0200][125,747s] GC(303) User=0,09s Sys=0,00s Real=0,06s
[2019-04-15T14:11:17.227+0200][125,747s] GC(303) Concurrent Sweep
[2019-04-15T14:11:17.229+0200][125,749s] GC(304) Pause Young (GCLocker Initiated GC)
[2019-04-15T14:11:17.229+0200][125,749s] GC(304) Using 4 workers of 4 for evacuation
[2019-04-15T14:11:17.229+0200][125,749s] GC(304) ParNew: 31098K->31098K(109248K)
[2019-04-15T14:11:17.229+0200][125,750s] GC(304) CMS: 367771K->367771K(393216K)
[2019-04-15T14:11:17.229+0200][125,750s] GC(304) Metaspace: 77082K->77082K(1120256K)
[2019-04-15T14:11:17.229+0200][125,750s] GC(304) Pause Young (GCLocker Initiated GC) 389M->389M(490M) 0,066ms
[2019-04-15T14:11:17.229+0200][125,750s] GC(304) User=0,00s Sys=0,00s Real=0,00s
[2019-04-15T14:11:17.229+0200][125,750s] GC(305) Pause Full (GCLocker Initiated GC)
[2019-04-15T14:11:17.277+0200][125,797s] GC(303) Concurrent Sweep 50,081ms
[2019-04-15T14:11:17.277+0200][125,797s] GC(303) User=0,05s Sys=0,00s Real=0,05s
[2019-04-15T14:11:17.277+0200][125,797s] GC(305) Phase 1: Mark live objects
[2019-04-15T14:11:17.371+0200][125,891s] GC(305) Phase 1: Mark live objects 93,728ms
[2019-04-15T14:11:17.371+0200][125,891s] GC(305) Phase 2: Compute new object addresses
[2019-04-15T14:11:17.421+0200][125,942s] GC(305) Phase 2: Compute new object addresses 50,862ms
[2019-04-15T14:11:17.421+0200][125,942s] GC(305) Phase 3: Adjust pointers
[2019-04-15T14:11:17.484+0200][126,005s] GC(305) Phase 3: Adjust pointers 62,938ms
[2019-04-15T14:11:17.484+0200][126,005s] GC(305) Phase 4: Move objects
[2019-04-15T14:11:17.485+0200][126,005s] GC(305) Phase 4: Move objects 0,611ms
[2019-04-15T14:11:17.486+0200][126,006s] GC(305) ParNew: 31098K->0K(109248K)
[2019-04-15T14:11:17.486+0200][126,006s] GC(305) CMS: 367771K->365249K(393216K)
[2019-04-15T14:11:17.486+0200][126,006s] GC(305) Metaspace: 77082K->77082K(1120256K)
[2019-04-15T14:11:17.486+0200][126,006s] GC(305) Pause Full (GCLocker Initiated GC) 389M->356M(490M) 256,712ms
[2019-04-15T14:11:17.486+0200][126,006s] GC(305) User=0,25s Sys=0,00s Real=0,26s
[2019-04-15T14:11:17.486+0200][126,007s] GC(303) Old: 367771K->365249K(393216K)
[2019-04-15T14:11:17.677+0200][126,197s] GC(306) Pause Young (Allocation Failure)
[2019-04-15T14:11:17.677+0200][126,197s] GC(306) Using 4 workers of 4 for evacuation
[2019-04-15T14:11:17.677+0200][126,197s] GC(307) Pause Full (Allocation Failure)
[2019-04-15T14:11:17.677+0200][126,198s] GC(307) Phase 1: Mark live objects
[2019-04-15T14:11:17.765+0200][126,286s] GC(307) Phase 1: Mark live objects 88,063ms
[2019-04-15T14:11:17.765+0200][126,286s] GC(307) Phase 2: Compute new object addresses
[2019-04-15T14:11:17.833+0200][126,353s] GC(307) Phase 2: Compute new object addresses 67,124ms
[2019-04-15T14:11:17.833+0200][126,353s] GC(307) Phase 3: Adjust pointers
[2019-04-15T14:11:17.890+0200][126,411s] GC(307) Phase 3: Adjust pointers 57,889ms
[2019-04-15T14:11:17.891+0200][126,411s] GC(307) Phase 4: Move objects
[2019-04-15T14:11:17.891+0200][126,412s] GC(307) Phase 4: Move objects 0,590ms
[2019-04-15T14:11:17.892+0200][126,412s] GC(307) Pause Full (Allocation Failure) 442M->358M(490M) 214,965ms
[2019-04-15T14:11:17.892+0200][126,412s] GC(306) ParNew: 87424K->0K(109248K)
[2019-04-15T14:11:17.892+0200][126,412s] GC(306) CMS: 365249K->367484K(393216K)
[2019-04-15T14:11:17.892+0200][126,412s] GC(306) Metaspace: 77082K->77082K(1120256K)
[2019-04-15T14:11:17.892+0200][126,412s] GC(306) Pause Young (Allocation Failure) 442M->358M(490M) 215,108ms
[2019-04-15T14:11:17.892+0200][126,412s] GC(306) User=0,21s Sys=0,00s Real=0,21s
[2019-04-15T14:11:17.892+0200][126,412s] GC(308) Pause Initial Mark
[2019-04-15T14:11:17.892+0200][126,413s] GC(308) Pause Initial Mark 360M->360M(490M) 0,304ms
[2019-04-15T14:11:17.892+0200][126,413s] GC(308) User=0,00s Sys=0,00s Real=0,00s
[2019-04-15T14:11:17.892+0200][126,413s] GC(308) Concurrent Mark
[2019-04-15T14:11:17.892+0200][126,413s] GC(308) Using 4 workers of 4 for marking
[2019-04-15T14:11:17.942+0200][126,462s] GC(308) Concurrent Mark 49,092ms
[2019-04-15T14:11:17.942+0200][126,462s] GC(308) User=0,16s Sys=0,01s Real=0,05s
[2019-04-15T14:11:17.942+0200][126,462s] GC(308) Concurrent Preclean
[2019-04-15T14:11:17.943+0200][126,463s] GC(308) Concurrent Preclean 1,322ms
[2019-04-15T14:11:17.943+0200][126,463s] GC(308) User=0,00s Sys=0,00s Real=0,00s
[2019-04-15T14:11:17.943+0200][126,463s] GC(308) Concurrent Abortable Preclean
[2019-04-15T14:11:18.044+0200][126,564s] GC(308) Concurrent Abortable Preclean 101,003ms
[2019-04-15T14:11:18.044+0200][126,564s] GC(308) User=0,09s Sys=0,00s Real=0,10s
[2019-04-15T14:11:18.044+0200][126,565s] GC(308) Pause Remark
[2019-04-15T14:11:18.092+0200][126,613s] GC(308) Pause Remark 426M->426M(490M) 48,211ms
[2019-04-15T14:11:18.092+0200][126,613s] GC(308) User=0,09s Sys=0,00s Real=0,05s
[2019-04-15T14:11:18.092+0200][126,613s] GC(308) Concurrent Sweep
[2019-04-15T14:11:18.093+0200][126,613s] GC(309) Pause Young (GCLocker Initiated GC)
[2019-04-15T14:11:18.093+0200][126,613s] GC(309) Using 4 workers of 4 for evacuation
[2019-04-15T14:11:18.093+0200][126,613s] GC(309) ParNew: 69584K->69584K(109248K)
[2019-04-15T14:11:18.093+0200][126,613s] GC(309) CMS: 367484K->367484K(393216K)
[2019-04-15T14:11:18.093+0200][126,613s] GC(309) Metaspace: 77082K->77082K(1120256K)
[2019-04-15T14:11:18.093+0200][126,613s] GC(309) Pause Young (GCLocker Initiated GC) 426M->426M(490M) 0,056ms
[2019-04-15T14:11:18.093+0200][126,613s] GC(309) User=0,00s Sys=0,00s Real=0,00s
[2019-04-15T14:11:18.093+0200][126,613s] GC(310) Pause Full (GCLocker Initiated GC)
[2019-04-15T14:11:18.130+0200][126,651s] GC(308) Concurrent Sweep 37,771ms
[2019-04-15T14:11:18.130+0200][126,651s] GC(308) User=0,04s Sys=0,00s Real=0,04s
[2019-04-15T14:11:18.130+0200][126,651s] GC(310) Phase 1: Mark live objects
[2019-04-15T14:11:18.221+0200][126,741s] GC(310) Phase 1: Mark live objects 90,454ms
[2019-04-15T14:11:18.221+0200][126,741s] GC(310) Phase 2: Compute new object addresses
[2019-04-15T14:11:18.284+0200][126,805s] GC(310) Phase 2: Compute new object addresses 63,341ms
[2019-04-15T14:11:18.284+0200][126,805s] GC(310) Phase 3: Adjust pointers
[2019-04-15T14:11:18.344+0200][126,865s] GC(310) Phase 3: Adjust pointers 60,216ms
[2019-04-15T14:11:18.344+0200][126,865s] GC(310) Phase 4: Move objects
[2019-04-15T14:11:18.345+0200][126,865s] GC(310) Phase 4: Move objects 0,504ms
[2019-04-15T14:11:18.346+0200][126,866s] GC(310) ParNew: 69584K->0K(109248K)
[2019-04-15T14:11:18.346+0200][126,866s] GC(310) CMS: 367484K->366963K(393216K)
[2019-04-15T14:11:18.346+0200][126,866s] GC(310) Metaspace: 77082K->77082K(1120256K)
[2019-04-15T14:11:18.346+0200][126,866s] GC(310) Pause Full (GCLocker Initiated GC) 426M->358M(490M) 253,182ms
[2019-04-15T14:11:18.346+0200][126,866s] GC(310) User=0,25s Sys=0,00s Real=0,26s
[2019-04-15T14:11:18.346+0200][126,866s] GC(308) Old: 367484K->366963K(393216K)
[2019-04-15T14:11:18.498+0200][127,019s] GC(311) Pause Young (Allocation Failure)
[2019-04-15T14:11:18.498+0200][127,019s] GC(311) Using 4 workers of 4 for evacuation
[2019-04-15T14:11:18.498+0200][127,019s] GC(312) Pause Full (Allocation Failure)
[2019-04-15T14:11:18.499+0200][127,019s] GC(312) Phase 1: Mark live objects
[2019-04-15T14:11:18.593+0200][127,114s] GC(312) Phase 1: Mark live objects 94,612ms
[2019-04-15T14:11:18.593+0200][127,114s] GC(312) Phase 2: Compute new object addresses
[2019-04-15T14:11:18.659+0200][127,180s] GC(312) Phase 2: Compute new object addresses 65,916ms
[2019-04-15T14:11:18.659+0200][127,180s] GC(312) Phase 3: Adjust pointers
[2019-04-15T14:11:18.717+0200][127,238s] GC(312) Phase 3: Adjust pointers 57,857ms
[2019-04-15T14:11:18.717+0200][127,238s] GC(312) Phase 4: Move objects
[2019-04-15T14:11:18.718+0200][127,238s] GC(312) Phase 4: Move objects 0,439ms
[2019-04-15T14:11:18.718+0200][127,239s] GC(312) Pause Full (Allocation Failure) 443M->357M(490M) 220,021ms
[2019-04-15T14:11:18.718+0200][127,239s] GC(311) ParNew: 87424K->0K(109248K)
[2019-04-15T14:11:18.718+0200][127,239s] GC(311) CMS: 366963K->366574K(393216K)
[2019-04-15T14:11:18.718+0200][127,239s] GC(311) Metaspace: 77082K->77082K(1120256K)
[2019-04-15T14:11:18.718+0200][127,239s] GC(311) Pause Young (Allocation Failure) 443M->357M(490M) 220,164ms
[2019-04-15T14:11:18.718+0200][127,239s] GC(311) User=0,22s Sys=0,00s Real=0,22s
[2019-04-15T14:11:18.719+0200][127,239s] GC(313) Pause Initial Mark
[2019-04-15T14:11:18.719+0200][127,239s] GC(313) Pause Initial Mark 359M->359M(490M) 0,319ms
[2019-04-15T14:11:18.719+0200][127,239s] GC(313) User=0,00s Sys=0,00s Real=0,00s
[2019-04-15T14:11:18.719+0200][127,239s] GC(313) Concurrent Mark
[2019-04-15T14:11:18.719+0200][127,239s] GC(313) Using 4 workers of 4 for marking
[2019-04-15T14:11:18.775+0200][127,296s] GC(313) Concurrent Mark 56,425ms
[2019-04-15T14:11:18.775+0200][127,296s] GC(313) User=0,20s Sys=0,00s Real=0,06s
[2019-04-15T14:11:18.775+0200][127,296s] GC(313) Concurrent Preclean
[2019-04-15T14:11:18.777+0200][127,297s] GC(313) Concurrent Preclean 1,140ms
[2019-04-15T14:11:18.777+0200][127,297s] GC(313) User=0,00s Sys=0,00s Real=0,00s
[2019-04-15T14:11:18.777+0200][127,297s] GC(313) Concurrent Abortable Preclean
[2019-04-15T14:11:18.877+0200][127,398s] GC(313) Concurrent Abortable Preclean 100,879ms
[2019-04-15T14:11:18.878+0200][127,398s] GC(313) User=0,10s Sys=0,00s Real=0,10s
[2019-04-15T14:11:18.878+0200][127,398s] GC(313) Pause Remark
[2019-04-15T14:11:18.878+0200][127,398s] GC(314) Pause Young (CMS Final Remark)
[2019-04-15T14:11:18.878+0200][127,398s] GC(314) Using 4 workers of 4 for evacuation
[2019-04-15T14:11:18.878+0200][127,398s] GC(314) ParNew: 86457K->86457K(109248K)
[2019-04-15T14:11:18.878+0200][127,398s] GC(314) CMS: 366574K->366574K(393216K)
[2019-04-15T14:11:18.878+0200][127,398s] GC(314) Metaspace: 77082K->77082K(1120256K)
[2019-04-15T14:11:18.878+0200][127,398s] GC(314) Pause Young (CMS Final Remark) 442M->442M(490M) 0,052ms
[2019-04-15T14:11:18.878+0200][127,398s] GC(314) User=0,00s Sys=0,00s Real=0,00s
[2019-04-15T14:11:18.958+0200][127,478s] GC(313) Pause Remark 442M->442M(490M) 80,313ms
[2019-04-15T14:11:18.958+0200][127,478s] GC(313) User=0,21s Sys=0,00s Real=0,08s
[2019-04-15T14:11:18.958+0200][127,478s] GC(313) Concurrent Sweep
[2019-04-15T14:11:19.051+0200][127,572s] GC(313) Concurrent Sweep 93,407ms
[2019-04-15T14:11:19.052+0200][127,572s] GC(313) User=0,18s Sys=0,00s Real=0,09s
[2019-04-15T14:11:19.052+0200][127,572s] GC(315) Pause Young (Allocation Failure)
[2019-04-15T14:11:19.052+0200][127,572s] GC(315) Using 4 workers of 4 for evacuation
[2019-04-15T14:11:19.052+0200][127,572s] GC(316) Pause Full (Allocation Failure)
[2019-04-15T14:11:19.052+0200][127,572s] GC(316) Phase 1: Mark live objects
[2019-04-15T14:11:19.139+0200][127,659s] GC(316) Phase 1: Mark live objects 86,685ms
[2019-04-15T14:11:19.139+0200][127,659s] GC(316) Phase 2: Compute new object addresses
[2019-04-15T14:11:19.204+0200][127,725s] GC(316) Phase 2: Compute new object addresses 65,606ms
[2019-04-15T14:11:19.204+0200][127,725s] GC(316) Phase 3: Adjust pointers
[2019-04-15T14:11:19.263+0200][127,783s] GC(316) Phase 3: Adjust pointers 58,281ms
[2019-04-15T14:11:19.263+0200][127,783s] GC(316) Phase 4: Move objects
[2019-04-15T14:11:19.359+0200][127,879s] GC(316) Phase 4: Move objects 95,979ms
[2019-04-15T14:11:19.360+0200][127,880s] GC(316) Pause Full (Allocation Failure) 446M->360M(490M) 308,153ms
[2019-04-15T14:11:19.360+0200][127,880s] GC(315) ParNew: 87424K->0K(109248K)
[2019-04-15T14:11:19.360+0200][127,880s] GC(315) CMS: 370078K->368862K(393216K)
[2019-04-15T14:11:19.360+0200][127,880s] GC(315) Metaspace: 77082K->77082K(1120256K)
[2019-04-15T14:11:19.360+0200][127,880s] GC(315) Pause Young (Allocation Failure) 446M->360M(490M) 308,392ms
[2019-04-15T14:11:19.360+0200][127,880s] GC(315) User=0,31s Sys=0,00s Real=0,31s
[2019-04-15T14:11:19.360+0200][127,881s] GC(313) Old: 366574K->368862K(393216K)
[2019-04-15T14:11:19.511+0200][128,031s] GC(317) Pause Young (Allocation Failure)
[2019-04-15T14:11:19.511+0200][128,031s] GC(317) Using 4 workers of 4 for evacuation
[2019-04-15T14:11:19.511+0200][128,031s] GC(318) Pause Full (Allocation Failure)
[2019-04-15T14:11:19.511+0200][128,032s] GC(318) Phase 1: Mark live objects
[2019-04-15T14:11:19.608+0200][128,129s] GC(318) Phase 1: Mark live objects 96,893ms
[2019-04-15T14:11:19.608+0200][128,129s] GC(318) Phase 2: Compute new object addresses
[2019-04-15T14:11:19.673+0200][128,193s] GC(318) Phase 2: Compute new object addresses 64,422ms
[2019-04-15T14:11:19.673+0200][128,193s] GC(318) Phase 3: Adjust pointers
[2019-04-15T14:11:19.728+0200][128,249s] GC(318) Phase 3: Adjust pointers 55,315ms
[2019-04-15T14:11:19.728+0200][128,249s] GC(318) Phase 4: Move objects
[2019-04-15T14:11:19.731+0200][128,251s] GC(318) Phase 4: Move objects 2,242ms
[2019-04-15T14:11:19.732+0200][128,252s] GC(318) Pause Full (Allocation Failure) 445M->358M(490M) 220,665ms
[2019-04-15T14:11:19.732+0200][128,252s] GC(317) ParNew: 87424K->0K(109248K)
[2019-04-15T14:11:19.732+0200][128,252s] GC(317) CMS: 368862K->367470K(393216K)
[2019-04-15T14:11:19.732+0200][128,252s] GC(317) Metaspace: 76956K->76956K(1120256K)
[2019-04-15T14:11:19.732+0200][128,252s] GC(317) Pause Young (Allocation Failure) 445M->358M(490M) 220,851ms
[2019-04-15T14:11:19.732+0200][128,252s] GC(317) User=0,22s Sys=0,00s Real=0,22s
[2019-04-15T14:11:19.734+0200][128,254s] GC(319) Pause Initial Mark
[2019-04-15T14:11:19.735+0200][128,255s] GC(319) Pause Initial Mark 360M->360M(490M) 0,965ms
[2019-04-15T14:11:19.735+0200][128,256s] GC(319) User=0,00s Sys=0,00s Real=0,00s
[2019-04-15T14:11:19.735+0200][128,256s] GC(319) Concurrent Mark
[2019-04-15T14:11:19.735+0200][128,256s] GC(319) Using 4 workers of 4 for marking
[2019-04-15T14:11:19.783+0200][128,304s] GC(319) Concurrent Mark 47,867ms
[2019-04-15T14:11:19.783+0200][128,304s] GC(319) User=0,17s Sys=0,00s Real=0,04s
[2019-04-15T14:11:19.783+0200][128,304s] GC(319) Concurrent Preclean
[2019-04-15T14:11:19.785+0200][128,306s] GC(319) Concurrent Preclean 1,866ms
[2019-04-15T14:11:19.785+0200][128,306s] GC(319) User=0,01s Sys=0,00s Real=0,01s
[2019-04-15T14:11:19.785+0200][128,306s] GC(319) Concurrent Abortable Preclean
[2019-04-15T14:11:19.886+0200][128,407s] GC(319) Concurrent Abortable Preclean 100,901ms
[2019-04-15T14:11:19.887+0200][128,408s] GC(319) User=0,10s Sys=0,00s Real=0,10s
[2019-04-15T14:11:19.888+0200][128,408s] GC(319) Pause Remark
[2019-04-15T14:11:19.944+0200][128,464s] GC(319) Pause Remark 433M->433M(490M) 56,100ms
[2019-04-15T14:11:19.944+0200][128,464s] GC(319) User=0,10s Sys=0,00s Real=0,05s
[2019-04-15T14:11:19.944+0200][128,464s] GC(319) Concurrent Sweep
[2019-04-15T14:11:19.944+0200][128,464s] GC(320) Pause Young (GCLocker Initiated GC)
[2019-04-15T14:11:19.944+0200][128,465s] GC(320) Using 4 workers of 4 for evacuation
[2019-04-15T14:11:19.944+0200][128,465s] GC(320) ParNew: 75931K->75931K(109248K)
[2019-04-15T14:11:19.944+0200][128,465s] GC(320) CMS: 367470K->367470K(393216K)
[2019-04-15T14:11:19.944+0200][128,465s] GC(320) Metaspace: 76957K->76957K(1120256K)
[2019-04-15T14:11:19.944+0200][128,465s] GC(320) Pause Young (GCLocker Initiated GC) 433M->433M(490M) 0,074ms
[2019-04-15T14:11:19.944+0200][128,465s] GC(320) User=0,00s Sys=0,00s Real=0,00s
[2019-04-15T14:11:19.944+0200][128,465s] GC(321) Pause Full (GCLocker Initiated GC)
[2019-04-15T14:11:19.976+0200][128,497s] GC(319) Concurrent Sweep 32,373ms
[2019-04-15T14:11:19.976+0200][128,497s] GC(319) User=0,04s Sys=0,00s Real=0,04s
[2019-04-15T14:11:19.977+0200][128,497s] GC(321) Phase 1: Mark live objects
[2019-04-15T14:11:20.074+0200][128,594s] GC(321) Phase 1: Mark live objects 97,182ms
[2019-04-15T14:11:20.074+0200][128,594s] GC(321) Phase 2: Compute new object addresses
[2019-04-15T14:11:20.138+0200][128,658s] GC(321) Phase 2: Compute new object addresses 63,837ms
[2019-04-15T14:11:20.138+0200][128,658s] GC(321) Phase 3: Adjust pointers
[2019-04-15T14:11:20.201+0200][128,722s] GC(321) Phase 3: Adjust pointers 63,668ms
[2019-04-15T14:11:20.202+0200][128,722s] GC(321) Phase 4: Move objects
[2019-04-15T14:11:20.204+0200][128,724s] GC(321) Phase 4: Move objects 2,201ms
[2019-04-15T14:11:20.206+0200][128,726s] GC(321) ParNew: 75931K->0K(109248K)
[2019-04-15T14:11:20.206+0200][128,726s] GC(321) CMS: 367470K->367529K(393216K)
[2019-04-15T14:11:20.206+0200][128,726s] GC(321) Metaspace: 76957K->76957K(1120256K)
[2019-04-15T14:11:20.206+0200][128,726s] GC(321) Pause Full (GCLocker Initiated GC) 433M->358M(490M) 261,391ms
[2019-04-15T14:11:20.206+0200][128,726s] GC(321) User=0,26s Sys=0,00s Real=0,27s
[2019-04-15T14:11:20.206+0200][128,726s] GC(319) Old: 367470K->367529K(393216K)
[2019-04-15T14:11:20.336+0200][128,857s] GC(322) Pause Young (Allocation Failure)
[2019-04-15T14:11:20.337+0200][128,857s] GC(322) Using 4 workers of 4 for evacuation
[2019-04-15T14:11:20.337+0200][128,857s] GC(323) Pause Full (Allocation Failure)
[2019-04-15T14:11:20.337+0200][128,858s] GC(323) Phase 1: Mark live objects
[2019-04-15T14:11:20.423+0200][128,944s] GC(323) Phase 1: Mark live objects 86,139ms
[2019-04-15T14:11:20.424+0200][128,944s] GC(323) Phase 2: Compute new object addresses
[2019-04-15T14:11:20.489+0200][129,010s] GC(323) Phase 2: Compute new object addresses 65,807ms
[2019-04-15T14:11:20.489+0200][129,010s] GC(323) Phase 3: Adjust pointers
[2019-04-15T14:11:20.546+0200][129,066s] GC(323) Phase 3: Adjust pointers 56,641ms
[2019-04-15T14:11:20.546+0200][129,066s] GC(323) Phase 4: Move objects
[2019-04-15T14:11:20.547+0200][129,067s] GC(323) Phase 4: Move objects 0,669ms
[2019-04-15T14:11:20.548+0200][129,068s] GC(323) Pause Full (Allocation Failure) 444M->358M(490M) 211,032ms
[2019-04-15T14:11:20.548+0200][129,068s] GC(322) ParNew: 87424K->0K(109248K)
[2019-04-15T14:11:20.548+0200][129,068s] GC(322) CMS: 367529K->367061K(393216K)
[2019-04-15T14:11:20.548+0200][129,068s] GC(322) Metaspace: 76957K->76957K(1120256K)
[2019-04-15T14:11:20.548+0200][129,068s] GC(322) Pause Young (Allocation Failure) 444M->358M(490M) 211,207ms
[2019-04-15T14:11:20.548+0200][129,068s] GC(322) User=0,21s Sys=0,00s Real=0,21s
[2019-04-15T14:11:20.548+0200][129,069s] GC(324) Pause Initial Mark
[2019-04-15T14:11:20.549+0200][129,070s] GC(324) Pause Initial Mark 360M->360M(490M) 0,884ms
[2019-04-15T14:11:20.549+0200][129,070s] GC(324) User=0,00s Sys=0,00s Real=0,00s
[2019-04-15T14:11:20.549+0200][129,070s] GC(324) Concurrent Mark
[2019-04-15T14:11:20.549+0200][129,070s] GC(324) Using 4 workers of 4 for marking
[2019-04-15T14:11:20.593+0200][129,114s] GC(324) Concurrent Mark 43,843ms
[2019-04-15T14:11:20.593+0200][129,114s] GC(324) User=0,16s Sys=0,00s Real=0,05s
[2019-04-15T14:11:20.593+0200][129,114s] GC(324) Concurrent Preclean
[2019-04-15T14:11:20.595+0200][129,115s] GC(324) Concurrent Preclean 1,510ms
[2019-04-15T14:11:20.595+0200][129,115s] GC(324) User=0,00s Sys=0,00s Real=0,00s
[2019-04-15T14:11:20.595+0200][129,115s] GC(324) Concurrent Abortable Preclean
[2019-04-15T14:11:20.696+0200][129,217s] GC(324) Concurrent Abortable Preclean 101,507ms
[2019-04-15T14:11:20.697+0200][129,217s] GC(324) User=0,10s Sys=0,00s Real=0,10s
[2019-04-15T14:11:20.697+0200][129,217s] GC(324) Pause Remark
[2019-04-15T14:11:20.697+0200][129,217s] GC(325) Pause Young (CMS Final Remark)
[2019-04-15T14:11:20.697+0200][129,217s] GC(325) Using 4 workers of 4 for evacuation
[2019-04-15T14:11:20.697+0200][129,217s] GC(325) ParNew: 79840K->79840K(109248K)
[2019-04-15T14:11:20.697+0200][129,217s] GC(325) CMS: 367061K->367061K(393216K)
[2019-04-15T14:11:20.697+0200][129,217s] GC(325) Metaspace: 76957K->76957K(1120256K)
[2019-04-15T14:11:20.697+0200][129,217s] GC(325) Pause Young (CMS Final Remark) 436M->436M(490M) 0,054ms
[2019-04-15T14:11:20.697+0200][129,217s] GC(325) User=0,01s Sys=0,00s Real=0,00s
[2019-04-15T14:11:20.769+0200][129,290s] GC(324) Pause Remark 436M->436M(490M) 72,737ms
[2019-04-15T14:11:20.769+0200][129,290s] GC(324) User=0,20s Sys=0,01s Real=0,07s
[2019-04-15T14:11:20.770+0200][129,290s] GC(324) Concurrent Sweep
[2019-04-15T14:11:20.840+0200][129,360s] GC(324) Concurrent Sweep 70,542ms
[2019-04-15T14:11:20.840+0200][129,361s] GC(324) User=0,14s Sys=0,00s Real=0,07s
[2019-04-15T14:11:20.840+0200][129,361s] GC(326) Pause Young (Allocation Failure)
[2019-04-15T14:11:20.840+0200][129,361s] GC(326) Using 4 workers of 4 for evacuation
[2019-04-15T14:11:20.840+0200][129,361s] GC(327) Pause Full (Allocation Failure)
[2019-04-15T14:11:20.841+0200][129,361s] GC(327) Phase 1: Mark live objects
[2019-04-15T14:11:20.921+0200][129,441s] GC(327) Phase 1: Mark live objects 80,135ms
[2019-04-15T14:11:20.921+0200][129,441s] GC(327) Phase 2: Compute new object addresses
[2019-04-15T14:11:20.987+0200][129,508s] GC(327) Phase 2: Compute new object addresses 66,554ms
[2019-04-15T14:11:20.987+0200][129,508s] GC(327) Phase 3: Adjust pointers
[2019-04-15T14:11:21.046+0200][129,566s] GC(327) Phase 3: Adjust pointers 58,281ms
[2019-04-15T14:11:21.046+0200][129,566s] GC(327) Phase 4: Move objects
[2019-04-15T14:11:21.047+0200][129,567s] GC(327) Phase 4: Move objects 1,056ms
[2019-04-15T14:11:21.048+0200][129,568s] GC(327) Pause Full (Allocation Failure) 444M->359M(490M) 207,400ms
[2019-04-15T14:11:21.048+0200][129,568s] GC(326) ParNew: 87424K->0K(109248K)
[2019-04-15T14:11:21.048+0200][129,568s] GC(326) CMS: 367707K->367858K(393216K)
[2019-04-15T14:11:21.048+0200][129,568s] GC(326) Metaspace: 76957K->76957K(1120256K)
[2019-04-15T14:11:21.048+0200][129,568s] GC(326) Pause Young (Allocation Failure) 444M->359M(490M) 207,521ms
[2019-04-15T14:11:21.048+0200][129,568s] GC(326) User=0,21s Sys=0,00s Real=0,21s
[2019-04-15T14:11:21.048+0200][129,568s] GC(324) Old: 367061K->367858K(393216K)
[2019-04-15T14:11:21.181+0200][129,701s] GC(328) Pause Young (Allocation Failure)
[2019-04-15T14:11:21.181+0200][129,701s] GC(328) Using 4 workers of 4 for evacuation
[2019-04-15T14:11:21.181+0200][129,701s] GC(329) Pause Full (Allocation Failure)
[2019-04-15T14:11:21.181+0200][129,702s] GC(329) Phase 1: Mark live objects
[2019-04-15T14:11:21.262+0200][129,783s] GC(329) Phase 1: Mark live objects 80,835ms
[2019-04-15T14:11:21.262+0200][129,783s] GC(329) Phase 2: Compute new object addresses
[2019-04-15T14:11:21.329+0200][129,849s] GC(329) Phase 2: Compute new object addresses 66,146ms
[2019-04-15T14:11:21.329+0200][129,849s] GC(329) Phase 3: Adjust pointers
[2019-04-15T14:11:21.386+0200][129,907s] GC(329) Phase 3: Adjust pointers 57,815ms
[2019-04-15T14:11:21.386+0200][129,907s] GC(329) Phase 4: Move objects
[2019-04-15T14:11:21.387+0200][129,908s] GC(329) Phase 4: Move objects 1,040ms
[2019-04-15T14:11:21.388+0200][129,909s] GC(329) Pause Full (Allocation Failure) 444M->359M(490M) 207,233ms
[2019-04-15T14:11:21.388+0200][129,909s] GC(328) ParNew: 87424K->0K(109248K)
[2019-04-15T14:11:21.388+0200][129,909s] GC(328) CMS: 367858K->367677K(393216K)
[2019-04-15T14:11:21.388+0200][129,909s] GC(328) Metaspace: 76957K->76957K(1120256K)
[2019-04-15T14:11:21.388+0200][129,909s] GC(328) Pause Young (Allocation Failure) 444M->359M(490M) 207,365ms
[2019-04-15T14:11:21.388+0200][129,909s] GC(328) User=0,21s Sys=0,00s Real=0,21s
[2019-04-15T14:11:21.388+0200][129,909s] GC(330) Pause Initial Mark
[2019-04-15T14:11:21.389+0200][129,909s] GC(330) Pause Initial Mark 360M->360M(490M) 0,306ms
[2019-04-15T14:11:21.389+0200][129,909s] GC(330) User=0,00s Sys=0,00s Real=0,00s
[2019-04-15T14:11:21.389+0200][129,909s] GC(330) Concurrent Mark
[2019-04-15T14:11:21.389+0200][129,909s] GC(330) Using 4 workers of 4 for marking
[2019-04-15T14:11:21.435+0200][129,955s] GC(330) Concurrent Mark 45,881ms
[2019-04-15T14:11:21.435+0200][129,955s] GC(330) User=0,17s Sys=0,00s Real=0,05s
[2019-04-15T14:11:21.435+0200][129,955s] GC(330) Concurrent Preclean
[2019-04-15T14:11:21.437+0200][129,957s] GC(330) Concurrent Preclean 2,024ms
[2019-04-15T14:11:21.437+0200][129,957s] GC(330) User=0,00s Sys=0,00s Real=0,00s
[2019-04-15T14:11:21.437+0200][129,957s] GC(330) Concurrent Abortable Preclean
[2019-04-15T14:11:21.538+0200][130,058s] GC(330) Concurrent Abortable Preclean 101,146ms
[2019-04-15T14:11:21.538+0200][130,058s] GC(330) User=0,10s Sys=0,00s Real=0,10s
[2019-04-15T14:11:21.538+0200][130,059s] GC(330) Pause Remark
[2019-04-15T14:11:21.538+0200][130,059s] GC(331) Pause Young (CMS Final Remark)
[2019-04-15T14:11:21.538+0200][130,059s] GC(331) Using 4 workers of 4 for evacuation
[2019-04-15T14:11:21.538+0200][130,059s] GC(331) ParNew: 85832K->85832K(109248K)
[2019-04-15T14:11:21.538+0200][130,059s] GC(331) CMS: 367677K->367677K(393216K)
[2019-04-15T14:11:21.538+0200][130,059s] GC(331) Metaspace: 76957K->76957K(1120256K)
[2019-04-15T14:11:21.538+0200][130,059s] GC(331) Pause Young (CMS Final Remark) 442M->442M(490M) 0,054ms
[2019-04-15T14:11:21.538+0200][130,059s] GC(331) User=0,00s Sys=0,00s Real=0,00s
[2019-04-15T14:11:21.607+0200][130,128s] GC(330) Pause Remark 442M->442M(490M) 69,045ms
[2019-04-15T14:11:21.607+0200][130,128s] GC(330) User=0,19s Sys=0,00s Real=0,07s
[2019-04-15T14:11:21.607+0200][130,128s] GC(330) Concurrent Sweep
[2019-04-15T14:11:21.696+0200][130,217s] GC(330) Concurrent Sweep 88,766ms
[2019-04-15T14:11:21.696+0200][130,217s] GC(330) User=0,18s Sys=0,00s Real=0,09s
[2019-04-15T14:11:21.696+0200][130,217s] GC(332) Pause Young (Allocation Failure)
[2019-04-15T14:11:21.696+0200][130,217s] GC(332) Using 4 workers of 4 for evacuation
[2019-04-15T14:11:21.696+0200][130,217s] GC(333) Pause Full (Allocation Failure)
[2019-04-15T14:11:21.697+0200][130,218s] GC(333) Phase 1: Mark live objects
[2019-04-15T14:11:21.782+0200][130,303s] GC(333) Phase 1: Mark live objects 85,211ms
[2019-04-15T14:11:21.783+0200][130,303s] GC(333) Phase 2: Compute new object addresses
[2019-04-15T14:11:21.841+0200][130,362s] GC(333) Phase 2: Compute new object addresses 58,733ms
[2019-04-15T14:11:21.841+0200][130,362s] GC(333) Phase 3: Adjust pointers
[2019-04-15T14:11:21.906+0200][130,427s] GC(333) Phase 3: Adjust pointers 64,901ms
[2019-04-15T14:11:21.906+0200][130,427s] GC(333) Phase 4: Move objects
[2019-04-15T14:11:21.992+0200][130,512s] GC(333) Phase 4: Move objects 85,241ms
[2019-04-15T14:11:21.992+0200][130,513s] GC(333) Pause Full (Allocation Failure) 445M->358M(490M) 296,088ms
[2019-04-15T14:11:21.992+0200][130,513s] GC(332) ParNew: 87424K->0K(109248K)
[2019-04-15T14:11:21.993+0200][130,513s] GC(332) CMS: 368846K->367229K(393216K)
[2019-04-15T14:11:21.993+0200][130,513s] GC(332) Metaspace: 76957K->76957K(1120256K)
[2019-04-15T14:11:21.993+0200][130,513s] GC(332) Pause Young (Allocation Failure) 445M->358M(490M) 296,237ms
[2019-04-15T14:11:21.993+0200][130,513s] GC(332) User=0,29s Sys=0,00s Real=0,29s
[2019-04-15T14:11:21.993+0200][130,513s] GC(330) Old: 367677K->367229K(393216K)
[2019-04-15T14:11:22.141+0200][130,661s] GC(334) Pause Young (Allocation Failure)
[2019-04-15T14:11:22.141+0200][130,661s] GC(334) Using 4 workers of 4 for evacuation
[2019-04-15T14:11:22.141+0200][130,661s] GC(335) Pause Full (Allocation Failure)
[2019-04-15T14:11:22.141+0200][130,662s] GC(335) Phase 1: Mark live objects
[2019-04-15T14:11:22.233+0200][130,753s] GC(335) Phase 1: Mark live objects 91,621ms
[2019-04-15T14:11:22.233+0200][130,753s] GC(335) Phase 2: Compute new object addresses
[2019-04-15T14:11:22.297+0200][130,818s] GC(335) Phase 2: Compute new object addresses 64,069ms
[2019-04-15T14:11:22.297+0200][130,818s] GC(335) Phase 3: Adjust pointers
[2019-04-15T14:11:22.357+0200][130,878s] GC(335) Phase 3: Adjust pointers 59,933ms
[2019-04-15T14:11:22.357+0200][130,878s] GC(335) Phase 4: Move objects
[2019-04-15T14:11:22.358+0200][130,878s] GC(335) Phase 4: Move objects 0,580ms
[2019-04-15T14:11:22.358+0200][130,879s] GC(335) Pause Full (Allocation Failure) 443M->358M(490M) 217,512ms
[2019-04-15T14:11:22.358+0200][130,879s] GC(334) ParNew: 87424K->0K(109248K)
[2019-04-15T14:11:22.358+0200][130,879s] GC(334) CMS: 367229K->367049K(393216K)
[2019-04-15T14:11:22.358+0200][130,879s] GC(334) Metaspace: 76957K->76957K(1120256K)
[2019-04-15T14:11:22.358+0200][130,879s] GC(334) Pause Young (Allocation Failure) 443M->358M(490M) 217,650ms
[2019-04-15T14:11:22.358+0200][130,879s] GC(334) User=0,22s Sys=0,00s Real=0,22s
[2019-04-15T14:11:22.359+0200][130,879s] GC(336) Pause Initial Mark
[2019-04-15T14:11:22.359+0200][130,880s] GC(336) Pause Initial Mark 359M->359M(490M) 0,366ms
[2019-04-15T14:11:22.359+0200][130,880s] GC(336) User=0,00s Sys=0,00s Real=0,00s
[2019-04-15T14:11:22.359+0200][130,880s] GC(336) Concurrent Mark
[2019-04-15T14:11:22.359+0200][130,880s] GC(336) Using 4 workers of 4 for marking
[2019-04-15T14:11:22.417+0200][130,938s] GC(336) Concurrent Mark 58,162ms
[2019-04-15T14:11:22.417+0200][130,938s] GC(336) User=0,19s Sys=0,00s Real=0,06s
[2019-04-15T14:11:22.417+0200][130,938s] GC(336) Concurrent Preclean
[2019-04-15T14:11:22.419+0200][130,940s] GC(336) Concurrent Preclean 1,746ms
[2019-04-15T14:11:22.419+0200][130,940s] GC(336) User=0,01s Sys=0,00s Real=0,00s
[2019-04-15T14:11:22.419+0200][130,940s] GC(336) Concurrent Abortable Preclean
[2019-04-15T14:11:22.516+0200][131,037s] GC(337) Pause Young (Allocation Failure)
[2019-04-15T14:11:22.516+0200][131,037s] GC(337) Using 4 workers of 4 for evacuation
[2019-04-15T14:11:22.516+0200][131,037s] GC(338) Pause Full (Allocation Failure)
[2019-04-15T14:11:22.517+0200][131,037s] GC(336) Concurrent Abortable Preclean 97,611ms
[2019-04-15T14:11:22.517+0200][131,037s] GC(336) User=0,10s Sys=0,00s Real=0,10s
[2019-04-15T14:11:22.517+0200][131,038s] GC(338) Phase 1: Mark live objects
[2019-04-15T14:11:22.603+0200][131,124s] GC(338) Phase 1: Mark live objects 85,923ms
[2019-04-15T14:11:22.603+0200][131,124s] GC(338) Phase 2: Compute new object addresses
[2019-04-15T14:11:22.666+0200][131,187s] GC(338) Phase 2: Compute new object addresses 63,063ms
[2019-04-15T14:11:22.666+0200][131,187s] GC(338) Phase 3: Adjust pointers
[2019-04-15T14:11:22.721+0200][131,242s] GC(338) Phase 3: Adjust pointers 55,085ms
[2019-04-15T14:11:22.721+0200][131,242s] GC(338) Phase 4: Move objects
[2019-04-15T14:11:22.722+0200][131,242s] GC(338) Phase 4: Move objects 0,549ms
[2019-04-15T14:11:22.723+0200][131,243s] GC(338) Pause Full (Allocation Failure) 443M->358M(490M) 206,342ms
[2019-04-15T14:11:22.723+0200][131,243s] GC(337) ParNew: 87424K->0K(109248K)
[2019-04-15T14:11:22.723+0200][131,243s] GC(337) CMS: 367049K->366744K(393216K)
[2019-04-15T14:11:22.723+0200][131,243s] GC(337) Metaspace: 76957K->76957K(1120256K)
[2019-04-15T14:11:22.723+0200][131,243s] GC(337) Pause Young (Allocation Failure) 443M->358M(490M) 206,519ms
[2019-04-15T14:11:22.723+0200][131,243s] GC(337) User=0,20s Sys=0,00s Real=0,20s
[2019-04-15T14:11:22.852+0200][131,372s] GC(339) Pause Young (Allocation Failure)
[2019-04-15T14:11:22.852+0200][131,372s] GC(339) Using 4 workers of 4 for evacuation
[2019-04-15T14:11:22.852+0200][131,373s] GC(340) Pause Full (Allocation Failure)
[2019-04-15T14:11:22.852+0200][131,373s] GC(340) Phase 1: Mark live objects
[2019-04-15T14:11:22.936+0200][131,456s] GC(340) Phase 1: Mark live objects 83,586ms
[2019-04-15T14:11:22.936+0200][131,456s] GC(340) Phase 2: Compute new object addresses
[2019-04-15T14:11:22.998+0200][131,518s] GC(340) Phase 2: Compute new object addresses 61,758ms
[2019-04-15T14:11:22.998+0200][131,518s] GC(340) Phase 3: Adjust pointers
[2019-04-15T14:11:23.063+0200][131,584s] GC(340) Phase 3: Adjust pointers 65,469ms
[2019-04-15T14:11:23.063+0200][131,584s] GC(340) Phase 4: Move objects
[2019-04-15T14:11:23.066+0200][131,586s] GC(340) Phase 4: Move objects 2,175ms
[2019-04-15T14:11:23.067+0200][131,588s] GC(340) Pause Full (Allocation Failure) 443M->358M(490M) 215,328ms
[2019-04-15T14:11:23.067+0200][131,588s] GC(339) ParNew: 87424K->0K(109248K)
[2019-04-15T14:11:23.067+0200][131,588s] GC(339) CMS: 366744K->367223K(393216K)
[2019-04-15T14:11:23.067+0200][131,588s] GC(339) Metaspace: 76957K->76957K(1120256K)
[2019-04-15T14:11:23.068+0200][131,588s] GC(339) Pause Young (Allocation Failure) 443M->358M(490M) 215,507ms
[2019-04-15T14:11:23.068+0200][131,588s] GC(339) User=0,21s Sys=0,00s Real=0,22s
[2019-04-15T14:11:23.069+0200][131,590s] GC(341) Pause Initial Mark
[2019-04-15T14:11:23.070+0200][131,590s] GC(341) Pause Initial Mark 360M->360M(490M) 0,853ms
[2019-04-15T14:11:23.070+0200][131,591s] GC(341) User=0,01s Sys=0,00s Real=0,00s
[2019-04-15T14:11:23.070+0200][131,591s] GC(341) Concurrent Mark
[2019-04-15T14:11:23.070+0200][131,591s] GC(341) Using 4 workers of 4 for marking
[2019-04-15T14:11:23.118+0200][131,639s] GC(341) Concurrent Mark 48,124ms
[2019-04-15T14:11:23.118+0200][131,639s] GC(341) User=0,17s Sys=0,00s Real=0,05s
[2019-04-15T14:11:23.118+0200][131,639s] GC(341) Concurrent Preclean
[2019-04-15T14:11:23.120+0200][131,641s] GC(341) Concurrent Preclean 1,684ms
[2019-04-15T14:11:23.120+0200][131,641s] GC(341) User=0,00s Sys=0,00s Real=0,00s
[2019-04-15T14:11:23.120+0200][131,641s] GC(341) Concurrent Abortable Preclean
[2019-04-15T14:11:23.219+0200][131,739s] GC(342) Pause Young (Allocation Failure)
[2019-04-15T14:11:23.219+0200][131,739s] GC(342) Using 4 workers of 4 for evacuation
[2019-04-15T14:11:23.219+0200][131,739s] GC(343) Pause Full (Allocation Failure)
[2019-04-15T14:11:23.219+0200][131,739s] GC(341) Concurrent Abortable Preclean 98,895ms
[2019-04-15T14:11:23.219+0200][131,740s] GC(341) User=0,10s Sys=0,00s Real=0,10s
[2019-04-15T14:11:23.219+0200][131,740s] GC(343) Phase 1: Mark live objects
[2019-04-15T14:11:23.302+0200][131,822s] GC(343) Phase 1: Mark live objects 82,712ms
[2019-04-15T14:11:23.302+0200][131,822s] GC(343) Phase 2: Compute new object addresses
[2019-04-15T14:11:23.362+0200][131,883s] GC(343) Phase 2: Compute new object addresses 60,401ms
[2019-04-15T14:11:23.362+0200][131,883s] GC(343) Phase 3: Adjust pointers
[2019-04-15T14:11:23.420+0200][131,941s] GC(343) Phase 3: Adjust pointers 58,034ms
[2019-04-15T14:11:23.421+0200][131,941s] GC(343) Phase 4: Move objects
[2019-04-15T14:11:23.421+0200][131,942s] GC(343) Phase 4: Move objects 0,919ms
[2019-04-15T14:11:23.422+0200][131,943s] GC(343) Pause Full (Allocation Failure) 443M->359M(490M) 203,316ms
[2019-04-15T14:11:23.422+0200][131,943s] GC(342) ParNew: 87424K->0K(109248K)
[2019-04-15T14:11:23.422+0200][131,943s] GC(342) CMS: 367223K->367790K(393216K)
[2019-04-15T14:11:23.422+0200][131,943s] GC(342) Metaspace: 76957K->76957K(1120256K)
[2019-04-15T14:11:23.422+0200][131,943s] GC(342) Pause Young (Allocation Failure) 443M->359M(490M) 203,432ms
[2019-04-15T14:11:23.422+0200][131,943s] GC(342) User=0,20s Sys=0,01s Real=0,20s
[2019-04-15T14:11:23.549+0200][132,070s] GC(344) Pause Young (Allocation Failure)
[2019-04-15T14:11:23.549+0200][132,070s] GC(344) Using 4 workers of 4 for evacuation
[2019-04-15T14:11:23.549+0200][132,070s] GC(345) Pause Full (Allocation Failure)
[2019-04-15T14:11:23.550+0200][132,070s] GC(345) Phase 1: Mark live objects
[2019-04-15T14:11:23.633+0200][132,153s] GC(345) Phase 1: Mark live objects 82,520ms
[2019-04-15T14:11:23.633+0200][132,153s] GC(345) Phase 2: Compute new object addresses
[2019-04-15T14:11:23.696+0200][132,216s] GC(345) Phase 2: Compute new object addresses 63,438ms
[2019-04-15T14:11:23.696+0200][132,217s] GC(345) Phase 3: Adjust pointers
[2019-04-15T14:11:23.757+0200][132,278s] GC(345) Phase 3: Adjust pointers 60,989ms
[2019-04-15T14:11:23.757+0200][132,278s] GC(345) Phase 4: Move objects
[2019-04-15T14:11:23.758+0200][132,278s] GC(345) Phase 4: Move objects 0,793ms
[2019-04-15T14:11:23.759+0200][132,279s] GC(345) Pause Full (Allocation Failure) 444M->359M(490M) 209,506ms
[2019-04-15T14:11:23.759+0200][132,279s] GC(344) ParNew: 87424K->0K(109248K)
[2019-04-15T14:11:23.759+0200][132,279s] GC(344) CMS: 367790K->367770K(393216K)
[2019-04-15T14:11:23.759+0200][132,279s] GC(344) Metaspace: 76957K->76957K(1120256K)
[2019-04-15T14:11:23.759+0200][132,279s] GC(344) Pause Young (Allocation Failure) 444M->359M(490M) 209,702ms
[2019-04-15T14:11:23.759+0200][132,279s] GC(344) User=0,21s Sys=0,00s Real=0,21s
[2019-04-15T14:11:23.759+0200][132,280s] GC(346) Pause Initial Mark
[2019-04-15T14:11:23.760+0200][132,280s] GC(346) Pause Initial Mark 360M->360M(490M) 0,329ms
[2019-04-15T14:11:23.760+0200][132,280s] GC(346) User=0,00s Sys=0,00s Real=0,00s
[2019-04-15T14:11:23.760+0200][132,280s] GC(346) Concurrent Mark
[2019-04-15T14:11:23.760+0200][132,280s] GC(346) Using 4 workers of 4 for marking
[2019-04-15T14:11:23.813+0200][132,334s] GC(346) Concurrent Mark 53,432ms
[2019-04-15T14:11:23.813+0200][132,334s] GC(346) User=0,19s Sys=0,00s Real=0,06s
[2019-04-15T14:11:23.813+0200][132,334s] GC(346) Concurrent Preclean
[2019-04-15T14:11:23.815+0200][132,335s] GC(346) Concurrent Preclean 1,345ms
[2019-04-15T14:11:23.815+0200][132,335s] GC(346) User=0,00s Sys=0,00s Real=0,00s
[2019-04-15T14:11:23.815+0200][132,335s] GC(346) Concurrent Abortable Preclean
[2019-04-15T14:11:23.913+0200][132,433s] GC(347) Pause Young (Allocation Failure)
[2019-04-15T14:11:23.913+0200][132,433s] GC(347) Using 4 workers of 4 for evacuation
[2019-04-15T14:11:23.913+0200][132,433s] GC(348) Pause Full (Allocation Failure)
[2019-04-15T14:11:23.913+0200][132,433s] GC(346) Concurrent Abortable Preclean 98,307ms
[2019-04-15T14:11:23.913+0200][132,433s] GC(346) User=0,10s Sys=0,00s Real=0,10s
[2019-04-15T14:11:23.913+0200][132,434s] GC(348) Phase 1: Mark live objects
[2019-04-15T14:11:23.996+0200][132,517s] GC(348) Phase 1: Mark live objects 83,316ms
[2019-04-15T14:11:23.997+0200][132,517s] GC(348) Phase 2: Compute new object addresses
[2019-04-15T14:11:24.063+0200][132,583s] GC(348) Phase 2: Compute new object addresses 66,380ms
[2019-04-15T14:11:24.063+0200][132,583s] GC(348) Phase 3: Adjust pointers
[2019-04-15T14:11:24.122+0200][132,643s] GC(348) Phase 3: Adjust pointers 59,335ms
[2019-04-15T14:11:24.122+0200][132,643s] GC(348) Phase 4: Move objects
[2019-04-15T14:11:24.123+0200][132,643s] GC(348) Phase 4: Move objects 0,573ms
[2019-04-15T14:11:24.124+0200][132,644s] GC(348) Pause Full (Allocation Failure) 444M->358M(490M) 210,834ms
[2019-04-15T14:11:24.124+0200][132,644s] GC(347) ParNew: 87424K->0K(109248K)
[2019-04-15T14:11:24.124+0200][132,644s] GC(347) CMS: 367770K->367042K(393216K)
[2019-04-15T14:11:24.124+0200][132,644s] GC(347) Metaspace: 76957K->76957K(1120256K)
[2019-04-15T14:11:24.124+0200][132,644s] GC(347) Pause Young (Allocation Failure) 444M->358M(490M) 210,974ms
[2019-04-15T14:11:24.124+0200][132,644s] GC(347) User=0,21s Sys=0,00s Real=0,21s
[2019-04-15T14:11:24.252+0200][132,773s] GC(349) Pause Young (Allocation Failure)
[2019-04-15T14:11:24.252+0200][132,773s] GC(349) Using 4 workers of 4 for evacuation
[2019-04-15T14:11:24.252+0200][132,773s] GC(350) Pause Full (Allocation Failure)
[2019-04-15T14:11:24.253+0200][132,773s] GC(350) Phase 1: Mark live objects
[2019-04-15T14:11:24.337+0200][132,858s] GC(350) Phase 1: Mark live objects 84,731ms
[2019-04-15T14:11:24.337+0200][132,858s] GC(350) Phase 2: Compute new object addresses
[2019-04-15T14:11:24.401+0200][132,921s] GC(350) Phase 2: Compute new object addresses 63,516ms
[2019-04-15T14:11:24.401+0200][132,921s] GC(350) Phase 3: Adjust pointers
[2019-04-15T14:11:24.453+0200][132,973s] GC(350) Phase 3: Adjust pointers 51,810ms
[2019-04-15T14:11:24.453+0200][132,973s] GC(350) Phase 4: Move objects
[2019-04-15T14:11:24.454+0200][132,974s] GC(350) Phase 4: Move objects 1,022ms
[2019-04-15T14:11:24.455+0200][132,975s] GC(350) Pause Full (Allocation Failure) 443M->358M(490M) 202,395ms
[2019-04-15T14:11:24.455+0200][132,975s] GC(349) ParNew: 87424K->0K(109248K)
[2019-04-15T14:11:24.455+0200][132,975s] GC(349) CMS: 367042K->366644K(393216K)
[2019-04-15T14:11:24.455+0200][132,975s] GC(349) Metaspace: 76957K->76957K(1120256K)
[2019-04-15T14:11:24.455+0200][132,975s] GC(349) Pause Young (Allocation Failure) 443M->358M(490M) 202,513ms
[2019-04-15T14:11:24.455+0200][132,975s] GC(349) User=0,20s Sys=0,00s Real=0,21s
[2019-04-15T14:11:24.455+0200][132,975s] GC(351) Pause Initial Mark
[2019-04-15T14:11:24.455+0200][132,976s] GC(351) Pause Initial Mark 359M->359M(490M) 0,327ms
[2019-04-15T14:11:24.455+0200][132,976s] GC(351) User=0,00s Sys=0,00s Real=0,00s
[2019-04-15T14:11:24.455+0200][132,976s] GC(351) Concurrent Mark
[2019-04-15T14:11:24.455+0200][132,976s] GC(351) Using 4 workers of 4 for marking
[2019-04-15T14:11:24.512+0200][133,032s] GC(351) Concurrent Mark 56,752ms
[2019-04-15T14:11:24.512+0200][133,033s] GC(351) User=0,20s Sys=0,01s Real=0,05s
[2019-04-15T14:11:24.512+0200][133,033s] GC(351) Concurrent Preclean
[2019-04-15T14:11:24.514+0200][133,034s] GC(351) Concurrent Preclean 1,559ms
[2019-04-15T14:11:24.514+0200][133,034s] GC(351) User=0,00s Sys=0,00s Real=0,01s
[2019-04-15T14:11:24.514+0200][133,034s] GC(351) Concurrent Abortable Preclean
[2019-04-15T14:11:24.608+0200][133,129s] GC(352) Pause Young (Allocation Failure)
[2019-04-15T14:11:24.608+0200][133,129s] GC(352) Using 4 workers of 4 for evacuation
[2019-04-15T14:11:24.608+0200][133,129s] GC(353) Pause Full (Allocation Failure)
[2019-04-15T14:11:24.609+0200][133,129s] GC(351) Concurrent Abortable Preclean 94,998ms
[2019-04-15T14:11:24.609+0200][133,129s] GC(351) User=0,10s Sys=0,00s Real=0,09s
[2019-04-15T14:11:24.609+0200][133,129s] GC(353) Phase 1: Mark live objects
[2019-04-15T14:11:24.687+0200][133,208s] GC(353) Phase 1: Mark live objects 78,465ms
[2019-04-15T14:11:24.687+0200][133,208s] GC(353) Phase 2: Compute new object addresses
[2019-04-15T14:11:24.754+0200][133,275s] GC(353) Phase 2: Compute new object addresses 66,944ms
[2019-04-15T14:11:24.754+0200][133,275s] GC(353) Phase 3: Adjust pointers
[2019-04-15T14:11:24.812+0200][133,332s] GC(353) Phase 3: Adjust pointers 57,500ms
[2019-04-15T14:11:24.812+0200][133,332s] GC(353) Phase 4: Move objects
[2019-04-15T14:11:24.813+0200][133,333s] GC(353) Phase 4: Move objects 0,729ms
[2019-04-15T14:11:24.813+0200][133,334s] GC(353) Pause Full (Allocation Failure) 443M->358M(490M) 204,991ms
[2019-04-15T14:11:24.813+0200][133,334s] GC(352) ParNew: 87424K->0K(109248K)
[2019-04-15T14:11:24.813+0200][133,334s] GC(352) CMS: 366644K->367373K(393216K)
[2019-04-15T14:11:24.813+0200][133,334s] GC(352) Metaspace: 76957K->76957K(1120256K)
[2019-04-15T14:11:24.813+0200][133,334s] GC(352) Pause Young (Allocation Failure) 443M->358M(490M) 205,168ms
[2019-04-15T14:11:24.813+0200][133,334s] GC(352) User=0,21s Sys=0,00s Real=0,21s
[2019-04-15T14:11:24.951+0200][133,472s] GC(354) Pause Young (Allocation Failure)
[2019-04-15T14:11:24.951+0200][133,472s] GC(354) Using 4 workers of 4 for evacuation
[2019-04-15T14:11:24.951+0200][133,472s] GC(355) Pause Full (Allocation Failure)
[2019-04-15T14:11:24.952+0200][133,472s] GC(355) Phase 1: Mark live objects
[2019-04-15T14:11:25.043+0200][133,563s] GC(355) Phase 1: Mark live objects 91,069ms
[2019-04-15T14:11:25.043+0200][133,563s] GC(355) Phase 2: Compute new object addresses
[2019-04-15T14:11:25.111+0200][133,631s] GC(355) Phase 2: Compute new object addresses 68,205ms
[2019-04-15T14:11:25.111+0200][133,631s] GC(355) Phase 3: Adjust pointers
[2019-04-15T14:11:25.168+0200][133,688s] GC(355) Phase 3: Adjust pointers 56,703ms
[2019-04-15T14:11:25.168+0200][133,688s] GC(355) Phase 4: Move objects
[2019-04-15T14:11:25.168+0200][133,688s] GC(355) Phase 4: Move objects 0,303ms
[2019-04-15T14:11:25.169+0200][133,689s] GC(355) Pause Full (Allocation Failure) 444M->356M(490M) 217,384ms
[2019-04-15T14:11:25.169+0200][133,689s] GC(354) ParNew: 87424K->0K(109248K)
[2019-04-15T14:11:25.169+0200][133,689s] GC(354) CMS: 367373K->364983K(393216K)
[2019-04-15T14:11:25.169+0200][133,689s] GC(354) Metaspace: 76961K->76961K(1120256K)
[2019-04-15T14:11:25.169+0200][133,689s] GC(354) Pause Young (Allocation Failure) 444M->356M(490M) 217,515ms
[2019-04-15T14:11:25.169+0200][133,689s] GC(354) User=0,21s Sys=0,00s Real=0,22s
[2019-04-15T14:11:25.169+0200][133,689s] GC(356) Pause Initial Mark
[2019-04-15T14:11:25.169+0200][133,690s] GC(356) Pause Initial Mark 358M->358M(490M) 0,339ms
[2019-04-15T14:11:25.169+0200][133,690s] GC(356) User=0,00s Sys=0,00s Real=0,00s
[2019-04-15T14:11:25.169+0200][133,690s] GC(356) Concurrent Mark
[2019-04-15T14:11:25.169+0200][133,690s] GC(356) Using 4 workers of 4 for marking
[2019-04-15T14:11:25.217+0200][133,738s] GC(356) Concurrent Mark 47,747ms
[2019-04-15T14:11:25.217+0200][133,738s] GC(356) User=0,17s Sys=0,01s Real=0,05s
[2019-04-15T14:11:25.217+0200][133,738s] GC(356) Concurrent Preclean
[2019-04-15T14:11:25.218+0200][133,739s] GC(356) Concurrent Preclean 0,987ms
[2019-04-15T14:11:25.218+0200][133,739s] GC(356) User=0,00s Sys=0,00s Real=0,00s
[2019-04-15T14:11:25.218+0200][133,739s] GC(356) Concurrent Abortable Preclean
[2019-04-15T14:11:25.319+0200][133,839s] GC(356) Concurrent Abortable Preclean 100,707ms
[2019-04-15T14:11:25.319+0200][133,839s] GC(356) User=0,10s Sys=0,00s Real=0,10s
[2019-04-15T14:11:25.319+0200][133,840s] GC(356) Pause Remark
[2019-04-15T14:11:25.319+0200][133,840s] GC(357) Pause Young (CMS Final Remark)
[2019-04-15T14:11:25.319+0200][133,840s] GC(357) Using 4 workers of 4 for evacuation
[2019-04-15T14:11:25.319+0200][133,840s] GC(357) ParNew: 79680K->79680K(109248K)
[2019-04-15T14:11:25.319+0200][133,840s] GC(357) CMS: 364983K->364983K(393216K)
[2019-04-15T14:11:25.319+0200][133,840s] GC(357) Metaspace: 76961K->76961K(1120256K)
[2019-04-15T14:11:25.319+0200][133,840s] GC(357) Pause Young (CMS Final Remark) 434M->434M(490M) 0,057ms
[2019-04-15T14:11:25.319+0200][133,840s] GC(357) User=0,00s Sys=0,00s Real=0,00s
[2019-04-15T14:11:25.398+0200][133,919s] GC(356) Pause Remark 434M->434M(490M) 79,112ms
[2019-04-15T14:11:25.398+0200][133,919s] GC(356) User=0,19s Sys=0,00s Real=0,08s
[2019-04-15T14:11:25.398+0200][133,919s] GC(356) Concurrent Sweep
[2019-04-15T14:11:25.470+0200][133,990s] GC(356) Concurrent Sweep 71,393ms
[2019-04-15T14:11:25.470+0200][133,990s] GC(356) User=0,14s Sys=0,00s Real=0,07s
[2019-04-15T14:11:25.470+0200][133,990s] GC(358) Pause Young (Allocation Failure)
[2019-04-15T14:11:25.470+0200][133,990s] GC(358) Using 4 workers of 4 for evacuation
[2019-04-15T14:11:25.470+0200][133,990s] GC(359) Pause Full (Allocation Failure)
[2019-04-15T14:11:25.470+0200][133,991s] GC(359) Phase 1: Mark live objects
[2019-04-15T14:11:25.554+0200][134,075s] GC(359) Phase 1: Mark live objects 84,162ms
[2019-04-15T14:11:25.555+0200][134,075s] GC(359) Phase 2: Compute new object addresses
[2019-04-15T14:11:25.618+0200][134,138s] GC(359) Phase 2: Compute new object addresses 63,195ms
[2019-04-15T14:11:25.618+0200][134,138s] GC(359) Phase 3: Adjust pointers
[2019-04-15T14:11:25.675+0200][134,196s] GC(359) Phase 3: Adjust pointers 57,521ms
[2019-04-15T14:11:25.675+0200][134,196s] GC(359) Phase 4: Move objects
[2019-04-15T14:11:25.676+0200][134,196s] GC(359) Phase 4: Move objects 0,403ms
[2019-04-15T14:11:25.676+0200][134,197s] GC(359) Pause Full (Allocation Failure) 443M->357M(490M) 206,371ms
[2019-04-15T14:11:25.676+0200][134,197s] GC(358) ParNew: 87424K->0K(109248K)
[2019-04-15T14:11:25.676+0200][134,197s] GC(358) CMS: 366311K->365709K(393216K)
[2019-04-15T14:11:25.676+0200][134,197s] GC(358) Metaspace: 76961K->76961K(1120256K)
[2019-04-15T14:11:25.676+0200][134,197s] GC(358) Pause Young (Allocation Failure) 443M->357M(490M) 206,458ms
[2019-04-15T14:11:25.676+0200][134,197s] GC(358) User=0,20s Sys=0,00s Real=0,21s
[2019-04-15T14:11:25.677+0200][134,197s] GC(356) Old: 364983K->365709K(393216K)
[2019-04-15T14:11:25.812+0200][134,332s] GC(360) Pause Young (Allocation Failure)
[2019-04-15T14:11:25.812+0200][134,332s] GC(360) Using 4 workers of 4 for evacuation
[2019-04-15T14:11:25.812+0200][134,332s] GC(361) Pause Full (Allocation Failure)
[2019-04-15T14:11:25.813+0200][134,333s] GC(361) Phase 1: Mark live objects
[2019-04-15T14:11:25.891+0200][134,411s] GC(361) Phase 1: Mark live objects 78,283ms
[2019-04-15T14:11:25.891+0200][134,411s] GC(361) Phase 2: Compute new object addresses
[2019-04-15T14:11:25.956+0200][134,477s] GC(361) Phase 2: Compute new object addresses 65,253ms
[2019-04-15T14:11:25.956+0200][134,477s] GC(361) Phase 3: Adjust pointers
[2019-04-15T14:11:26.013+0200][134,534s] GC(361) Phase 3: Adjust pointers 57,069ms
[2019-04-15T14:11:26.014+0200][134,534s] GC(361) Phase 4: Move objects
[2019-04-15T14:11:26.014+0200][134,535s] GC(361) Phase 4: Move objects 0,851ms
[2019-04-15T14:11:26.015+0200][134,535s] GC(361) Pause Full (Allocation Failure) 442M->360M(490M) 203,075ms
[2019-04-15T14:11:26.015+0200][134,535s] GC(360) ParNew: 87424K->0K(109248K)
[2019-04-15T14:11:26.015+0200][134,535s] GC(360) CMS: 365709K->368900K(393216K)
[2019-04-15T14:11:26.015+0200][134,535s] GC(360) Metaspace: 76961K->76961K(1120256K)
[2019-04-15T14:11:26.015+0200][134,535s] GC(360) Pause Young (Allocation Failure) 442M->360M(490M) 203,262ms
[2019-04-15T14:11:26.015+0200][134,536s] GC(360) User=0,20s Sys=0,00s Real=0,21s
[2019-04-15T14:11:26.017+0200][134,537s] GC(362) Pause Initial Mark
[2019-04-15T14:11:26.017+0200][134,538s] GC(362) Pause Initial Mark 361M->361M(490M) 0,738ms
[2019-04-15T14:11:26.017+0200][134,538s] GC(362) User=0,01s Sys=0,00s Real=0,00s
[2019-04-15T14:11:26.021+0200][134,541s] GC(362) Concurrent Mark
[2019-04-15T14:11:26.021+0200][134,541s] GC(362) Using 4 workers of 4 for marking
[2019-04-15T14:11:26.071+0200][134,591s] GC(362) Concurrent Mark 50,251ms
[2019-04-15T14:11:26.071+0200][134,591s] GC(362) User=0,17s Sys=0,00s Real=0,05s
[2019-04-15T14:11:26.071+0200][134,591s] GC(362) Concurrent Preclean
[2019-04-15T14:11:26.072+0200][134,592s] GC(362) Concurrent Preclean 1,054ms
[2019-04-15T14:11:26.072+0200][134,592s] GC(362) User=0,01s Sys=0,00s Real=0,00s
[2019-04-15T14:11:26.072+0200][134,592s] GC(362) Concurrent Abortable Preclean
[2019-04-15T14:11:26.173+0200][134,693s] GC(362) Concurrent Abortable Preclean 100,864ms
[2019-04-15T14:11:26.173+0200][134,693s] GC(362) User=0,10s Sys=0,01s Real=0,11s
[2019-04-15T14:11:26.174+0200][134,694s] GC(362) Pause Remark
[2019-04-15T14:11:26.220+0200][134,740s] GC(362) Pause Remark 445M->445M(490M) 46,114ms
[2019-04-15T14:11:26.220+0200][134,740s] GC(362) User=0,10s Sys=0,00s Real=0,04s
[2019-04-15T14:11:26.220+0200][134,740s] GC(362) Concurrent Sweep
[2019-04-15T14:11:26.220+0200][134,740s] GC(363) Pause Young (GCLocker Initiated GC)
[2019-04-15T14:11:26.220+0200][134,740s] GC(363) Using 4 workers of 4 for evacuation
[2019-04-15T14:11:26.220+0200][134,740s] GC(363) ParNew: 87388K->87388K(109248K)
[2019-04-15T14:11:26.220+0200][134,740s] GC(363) CMS: 368900K->368900K(393216K)
[2019-04-15T14:11:26.220+0200][134,740s] GC(363) Metaspace: 76962K->76962K(1120256K)
[2019-04-15T14:11:26.220+0200][134,740s] GC(363) Pause Young (GCLocker Initiated GC) 445M->445M(490M) 0,064ms
[2019-04-15T14:11:26.220+0200][134,740s] GC(363) User=0,00s Sys=0,00s Real=0,00s
[2019-04-15T14:11:26.220+0200][134,740s] GC(364) Pause Full (GCLocker Initiated GC)
[2019-04-15T14:11:26.254+0200][134,775s] GC(362) Concurrent Sweep 34,379ms
[2019-04-15T14:11:26.254+0200][134,775s] GC(362) User=0,03s Sys=0,00s Real=0,04s
[2019-04-15T14:11:26.254+0200][134,775s] GC(364) Phase 1: Mark live objects
[2019-04-15T14:11:26.336+0200][134,856s] GC(364) Phase 1: Mark live objects 81,403ms
[2019-04-15T14:11:26.336+0200][134,856s] GC(364) Phase 2: Compute new object addresses
[2019-04-15T14:11:26.397+0200][134,917s] GC(364) Phase 2: Compute new object addresses 61,146ms
[2019-04-15T14:11:26.397+0200][134,917s] GC(364) Phase 3: Adjust pointers
[2019-04-15T14:11:26.456+0200][134,976s] GC(364) Phase 3: Adjust pointers 58,455ms
[2019-04-15T14:11:26.456+0200][134,976s] GC(364) Phase 4: Move objects
[2019-04-15T14:11:26.457+0200][134,977s] GC(364) Phase 4: Move objects 1,192ms
[2019-04-15T14:11:26.458+0200][134,978s] GC(364) ParNew: 87388K->0K(109248K)
[2019-04-15T14:11:26.458+0200][134,978s] GC(364) CMS: 368900K->366973K(393216K)
[2019-04-15T14:11:26.458+0200][134,978s] GC(364) Metaspace: 76962K->76962K(1120256K)
[2019-04-15T14:11:26.458+0200][134,978s] GC(364) Pause Full (GCLocker Initiated GC) 445M->358M(490M) 237,830ms
[2019-04-15T14:11:26.458+0200][134,978s] GC(364) User=0,24s Sys=0,00s Real=0,24s
[2019-04-15T14:11:26.458+0200][134,978s] GC(362) Old: 368900K->366973K(393216K)
[2019-04-15T14:11:26.587+0200][135,107s] GC(365) Pause Young (Allocation Failure)
[2019-04-15T14:11:26.587+0200][135,107s] GC(365) Using 4 workers of 4 for evacuation
[2019-04-15T14:11:26.587+0200][135,107s] GC(366) Pause Full (Allocation Failure)
[2019-04-15T14:11:26.587+0200][135,108s] GC(366) Phase 1: Mark live objects
[2019-04-15T14:11:26.665+0200][135,185s] GC(366) Phase 1: Mark live objects 77,891ms
[2019-04-15T14:11:26.665+0200][135,186s] GC(366) Phase 2: Compute new object addresses
[2019-04-15T14:11:26.734+0200][135,254s] GC(366) Phase 2: Compute new object addresses 68,853ms
[2019-04-15T14:11:26.734+0200][135,254s] GC(366) Phase 3: Adjust pointers
[2019-04-15T14:11:26.786+0200][135,306s] GC(366) Phase 3: Adjust pointers 51,662ms
[2019-04-15T14:11:26.786+0200][135,306s] GC(366) Phase 4: Move objects
[2019-04-15T14:11:26.786+0200][135,307s] GC(366) Phase 4: Move objects 0,539ms
[2019-04-15T14:11:26.787+0200][135,307s] GC(366) Pause Full (Allocation Failure) 443M->357M(490M) 200,120ms
[2019-04-15T14:11:26.787+0200][135,307s] GC(365) ParNew: 87424K->0K(109248K)
[2019-04-15T14:11:26.787+0200][135,307s] GC(365) CMS: 366973K->365816K(393216K)
[2019-04-15T14:11:26.787+0200][135,307s] GC(365) Metaspace: 76962K->76962K(1120256K)
[2019-04-15T14:11:26.787+0200][135,307s] GC(365) Pause Young (Allocation Failure) 443M->357M(490M) 200,236ms
[2019-04-15T14:11:26.787+0200][135,307s] GC(365) User=0,20s Sys=0,00s Real=0,20s
[2019-04-15T14:11:26.787+0200][135,308s] GC(367) Pause Initial Mark
[2019-04-15T14:11:26.788+0200][135,308s] GC(367) Pause Initial Mark 358M->358M(490M) 0,321ms
[2019-04-15T14:11:26.788+0200][135,308s] GC(367) User=0,00s Sys=0,00s Real=0,00s
[2019-04-15T14:11:26.788+0200][135,308s] GC(367) Concurrent Mark
[2019-04-15T14:11:26.788+0200][135,308s] GC(367) Using 4 workers of 4 for marking
[2019-04-15T14:11:26.836+0200][135,356s] GC(367) Concurrent Mark 47,925ms
[2019-04-15T14:11:26.836+0200][135,356s] GC(367) User=0,17s Sys=0,00s Real=0,05s
[2019-04-15T14:11:26.836+0200][135,356s] GC(367) Concurrent Preclean
[2019-04-15T14:11:26.837+0200][135,357s] GC(367) Concurrent Preclean 0,980ms
[2019-04-15T14:11:26.837+0200][135,357s] GC(367) User=0,01s Sys=0,00s Real=0,00s
[2019-04-15T14:11:26.837+0200][135,357s] GC(367) Concurrent Abortable Preclean
[2019-04-15T14:11:26.937+0200][135,458s] GC(367) Concurrent Abortable Preclean 100,674ms
[2019-04-15T14:11:26.937+0200][135,458s] GC(367) User=0,10s Sys=0,00s Real=0,10s
[2019-04-15T14:11:26.938+0200][135,458s] GC(367) Pause Remark
[2019-04-15T14:11:26.938+0200][135,458s] GC(368) Pause Young (CMS Final Remark)
[2019-04-15T14:11:26.938+0200][135,458s] GC(368) Using 4 workers of 4 for evacuation
[2019-04-15T14:11:26.938+0200][135,458s] GC(368) ParNew: 85830K->85830K(109248K)
[2019-04-15T14:11:26.938+0200][135,458s] GC(368) CMS: 365816K->365816K(393216K)
[2019-04-15T14:11:26.938+0200][135,458s] GC(368) Metaspace: 76962K->76962K(1120256K)
[2019-04-15T14:11:26.938+0200][135,458s] GC(368) Pause Young (CMS Final Remark) 441M->441M(490M) 0,054ms
[2019-04-15T14:11:26.938+0200][135,458s] GC(368) User=0,00s Sys=0,00s Real=0,00s
[2019-04-15T14:11:27.009+0200][135,529s] GC(367) Pause Remark 441M->441M(490M) 71,116ms
[2019-04-15T14:11:27.009+0200][135,529s] GC(367) User=0,19s Sys=0,00s Real=0,07s
[2019-04-15T14:11:27.009+0200][135,529s] GC(367) Concurrent Sweep
[2019-04-15T14:11:27.103+0200][135,623s] GC(367) Concurrent Sweep 94,093ms
[2019-04-15T14:11:27.103+0200][135,623s] GC(367) User=0,18s Sys=0,00s Real=0,09s
[2019-04-15T14:11:27.103+0200][135,623s] GC(369) Pause Young (Allocation Failure)
[2019-04-15T14:11:27.103+0200][135,623s] GC(369) Using 4 workers of 4 for evacuation
[2019-04-15T14:11:27.103+0200][135,623s] GC(370) Pause Full (Allocation Failure)
[2019-04-15T14:11:27.103+0200][135,624s] GC(370) Phase 1: Mark live objects
[2019-04-15T14:11:27.191+0200][135,712s] GC(370) Phase 1: Mark live objects 87,803ms
[2019-04-15T14:11:27.191+0200][135,712s] GC(370) Phase 2: Compute new object addresses
[2019-04-15T14:11:27.252+0200][135,772s] GC(370) Phase 2: Compute new object addresses 60,772ms
[2019-04-15T14:11:27.252+0200][135,772s] GC(370) Phase 3: Adjust pointers
[2019-04-15T14:11:27.319+0200][135,840s] GC(370) Phase 3: Adjust pointers 67,396ms
[2019-04-15T14:11:27.319+0200][135,840s] GC(370) Phase 4: Move objects
[2019-04-15T14:11:27.406+0200][135,927s] GC(370) Phase 4: Move objects 86,591ms
[2019-04-15T14:11:27.407+0200][135,928s] GC(370) Pause Full (Allocation Failure) 446M->360M(490M) 304,050ms
[2019-04-15T14:11:27.407+0200][135,928s] GC(369) ParNew: 87424K->0K(109248K)
[2019-04-15T14:11:27.407+0200][135,928s] GC(369) CMS: 369490K->368655K(393216K)
[2019-04-15T14:11:27.407+0200][135,928s] GC(369) Metaspace: 76962K->76962K(1120256K)
[2019-04-15T14:11:27.407+0200][135,928s] GC(369) Pause Young (Allocation Failure) 446M->360M(490M) 304,160ms
[2019-04-15T14:11:27.407+0200][135,928s] GC(369) User=0,30s Sys=0,00s Real=0,31s
[2019-04-15T14:11:27.407+0200][135,928s] GC(367) Old: 365816K->368655K(393216K)
[2019-04-15T14:11:27.546+0200][136,066s] GC(371) Pause Young (Allocation Failure)
[2019-04-15T14:11:27.546+0200][136,066s] GC(371) Using 4 workers of 4 for evacuation
[2019-04-15T14:11:27.546+0200][136,066s] GC(372) Pause Full (Allocation Failure)
[2019-04-15T14:11:27.546+0200][136,067s] GC(372) Phase 1: Mark live objects
[2019-04-15T14:11:27.625+0200][136,145s] GC(372) Phase 1: Mark live objects 78,525ms
[2019-04-15T14:11:27.625+0200][136,145s] GC(372) Phase 2: Compute new object addresses
[2019-04-15T14:11:27.688+0200][136,208s] GC(372) Phase 2: Compute new object addresses 62,748ms
[2019-04-15T14:11:27.688+0200][136,208s] GC(372) Phase 3: Adjust pointers
[2019-04-15T14:11:27.748+0200][136,269s] GC(372) Phase 3: Adjust pointers 60,453ms
[2019-04-15T14:11:27.748+0200][136,269s] GC(372) Phase 4: Move objects
[2019-04-15T14:11:27.813+0200][136,333s] GC(372) Phase 4: Move objects 64,465ms
[2019-04-15T14:11:27.813+0200][136,334s] GC(372) Pause Full (Allocation Failure) 445M->360M(490M) 267,489ms
[2019-04-15T14:11:27.813+0200][136,334s] GC(371) ParNew: 87424K->0K(109248K)
[2019-04-15T14:11:27.813+0200][136,334s] GC(371) CMS: 368655K->368956K(393216K)
[2019-04-15T14:11:27.813+0200][136,334s] GC(371) Metaspace: 76962K->76962K(1120256K)
[2019-04-15T14:11:27.813+0200][136,334s] GC(371) Pause Young (Allocation Failure) 445M->360M(490M) 267,621ms
[2019-04-15T14:11:27.814+0200][136,334s] GC(371) User=0,27s Sys=0,00s Real=0,27s
[2019-04-15T14:11:27.814+0200][136,334s] GC(373) Pause Initial Mark
[2019-04-15T14:11:27.814+0200][136,334s] GC(373) Pause Initial Mark 361M->361M(490M) 0,314ms
[2019-04-15T14:11:27.814+0200][136,334s] GC(373) User=0,00s Sys=0,00s Real=0,00s
[2019-04-15T14:11:27.814+0200][136,335s] GC(373) Concurrent Mark
[2019-04-15T14:11:27.814+0200][136,335s] GC(373) Using 4 workers of 4 for marking
[2019-04-15T14:11:27.866+0200][136,386s] GC(373) Concurrent Mark 51,500ms
[2019-04-15T14:11:27.866+0200][136,386s] GC(373) User=0,18s Sys=0,00s Real=0,05s
[2019-04-15T14:11:27.866+0200][136,386s] GC(373) Concurrent Preclean
[2019-04-15T14:11:27.866+0200][136,387s] GC(373) Concurrent Preclean 0,668ms
[2019-04-15T14:11:27.866+0200][136,387s] GC(373) User=0,00s Sys=0,00s Real=0,00s
[2019-04-15T14:11:27.866+0200][136,387s] GC(373) Concurrent Abortable Preclean
[2019-04-15T14:11:27.967+0200][136,487s] GC(373) Concurrent Abortable Preclean 100,615ms
[2019-04-15T14:11:27.967+0200][136,487s] GC(373) User=0,10s Sys=0,00s Real=0,10s
[2019-04-15T14:11:27.967+0200][136,488s] GC(373) Pause Remark
[2019-04-15T14:11:27.967+0200][136,488s] GC(374) Pause Young (CMS Final Remark)
[2019-04-15T14:11:27.967+0200][136,488s] GC(374) Using 4 workers of 4 for evacuation
[2019-04-15T14:11:27.967+0200][136,488s] GC(374) ParNew: 83693K->83693K(109248K)
[2019-04-15T14:11:27.967+0200][136,488s] GC(374) CMS: 368956K->368956K(393216K)
[2019-04-15T14:11:27.967+0200][136,488s] GC(374) Metaspace: 76962K->76962K(1120256K)
[2019-04-15T14:11:27.967+0200][136,488s] GC(374) Pause Young (CMS Final Remark) 442M->442M(490M) 0,050ms
[2019-04-15T14:11:27.967+0200][136,488s] GC(374) User=0,00s Sys=0,00s Real=0,00s
[2019-04-15T14:11:28.046+0200][136,566s] GC(373) Pause Remark 442M->442M(490M) 78,873ms
[2019-04-15T14:11:28.046+0200][136,567s] GC(373) User=0,19s Sys=0,01s Real=0,08s
[2019-04-15T14:11:28.046+0200][136,567s] GC(373) Concurrent Sweep
[2019-04-15T14:11:28.129+0200][136,650s] GC(373) Concurrent Sweep 82,953ms
[2019-04-15T14:11:28.129+0200][136,650s] GC(373) User=0,16s Sys=0,00s Real=0,08s
[2019-04-15T14:11:28.129+0200][136,650s] GC(375) Pause Young (Allocation Failure)
[2019-04-15T14:11:28.129+0200][136,650s] GC(375) Using 4 workers of 4 for evacuation
[2019-04-15T14:11:28.130+0200][136,650s] GC(376) Pause Full (Allocation Failure)
[2019-04-15T14:11:28.130+0200][136,651s] GC(376) Phase 1: Mark live objects
[2019-04-15T14:11:28.209+0200][136,729s] GC(376) Phase 1: Mark live objects 78,621ms
[2019-04-15T14:11:28.209+0200][136,729s] GC(376) Phase 2: Compute new object addresses
[2019-04-15T14:11:28.274+0200][136,795s] GC(376) Phase 2: Compute new object addresses 65,419ms
[2019-04-15T14:11:28.274+0200][136,795s] GC(376) Phase 3: Adjust pointers
[2019-04-15T14:11:28.329+0200][136,850s] GC(376) Phase 3: Adjust pointers 54,820ms
[2019-04-15T14:11:28.329+0200][136,850s] GC(376) Phase 4: Move objects
[2019-04-15T14:11:28.330+0200][136,851s] GC(376) Phase 4: Move objects 1,089ms
[2019-04-15T14:11:28.331+0200][136,851s] GC(376) Pause Full (Allocation Failure) 445M->360M(490M) 201,474ms
[2019-04-15T14:11:28.331+0200][136,851s] GC(375) ParNew: 87424K->0K(109248K)
[2019-04-15T14:11:28.331+0200][136,851s] GC(375) CMS: 369127K->369393K(393216K)
[2019-04-15T14:11:28.331+0200][136,851s] GC(375) Metaspace: 76963K->76963K(1120256K)
[2019-04-15T14:11:28.331+0200][136,851s] GC(375) Pause Young (Allocation Failure) 445M->360M(490M) 201,590ms
[2019-04-15T14:11:28.331+0200][136,851s] GC(375) User=0,20s Sys=0,01s Real=0,20s
[2019-04-15T14:11:28.331+0200][136,852s] GC(373) Old: 368956K->369393K(393216K)
[2019-04-15T14:11:28.453+0200][136,974s] GC(377) Pause Young (Allocation Failure)
[2019-04-15T14:11:28.453+0200][136,974s] GC(377) Using 4 workers of 4 for evacuation
[2019-04-15T14:11:28.454+0200][136,974s] GC(378) Pause Full (Allocation Failure)
[2019-04-15T14:11:28.456+0200][136,977s] GC(378) Phase 1: Mark live objects
[2019-04-15T14:11:28.547+0200][137,067s] GC(378) Phase 1: Mark live objects 90,485ms
[2019-04-15T14:11:28.547+0200][137,067s] GC(378) Phase 2: Compute new object addresses
[2019-04-15T14:11:28.610+0200][137,130s] GC(378) Phase 2: Compute new object addresses 62,673ms
[2019-04-15T14:11:28.610+0200][137,130s] GC(378) Phase 3: Adjust pointers
[2019-04-15T14:11:28.670+0200][137,190s] GC(378) Phase 3: Adjust pointers 60,221ms
[2019-04-15T14:11:28.670+0200][137,190s] GC(378) Phase 4: Move objects
[2019-04-15T14:11:28.670+0200][137,191s] GC(378) Phase 4: Move objects 0,444ms
[2019-04-15T14:11:28.671+0200][137,192s] GC(378) Pause Full (Allocation Failure) 446M->357M(490M) 217,824ms
[2019-04-15T14:11:28.671+0200][137,192s] GC(377) ParNew: 87424K->0K(109248K)
[2019-04-15T14:11:28.671+0200][137,192s] GC(377) CMS: 369393K->366049K(393216K)
[2019-04-15T14:11:28.671+0200][137,192s] GC(377) Metaspace: 76963K->76963K(1120256K)
[2019-04-15T14:11:28.671+0200][137,192s] GC(377) Pause Young (Allocation Failure) 446M->357M(490M) 218,138ms
[2019-04-15T14:11:28.671+0200][137,192s] GC(377) User=0,22s Sys=0,00s Real=0,21s
[2019-04-15T14:11:28.672+0200][137,192s] GC(379) Pause Initial Mark
[2019-04-15T14:11:28.672+0200][137,192s] GC(379) Pause Initial Mark 358M->358M(490M) 0,345ms
[2019-04-15T14:11:28.672+0200][137,192s] GC(379) User=0,00s Sys=0,00s Real=0,00s
[2019-04-15T14:11:28.672+0200][137,192s] GC(379) Concurrent Mark
[2019-04-15T14:11:28.672+0200][137,192s] GC(379) Using 4 workers of 4 for marking
[2019-04-15T14:11:28.730+0200][137,250s] GC(379) Concurrent Mark 57,828ms
[2019-04-15T14:11:28.730+0200][137,250s] GC(379) User=0,21s Sys=0,00s Real=0,06s
[2019-04-15T14:11:28.730+0200][137,250s] GC(379) Concurrent Preclean
[2019-04-15T14:11:28.732+0200][137,252s] GC(379) Concurrent Preclean 1,623ms
[2019-04-15T14:11:28.732+0200][137,252s] GC(379) User=0,00s Sys=0,00s Real=0,00s
[2019-04-15T14:11:28.732+0200][137,252s] GC(379) Concurrent Abortable Preclean
[2019-04-15T14:11:28.827+0200][137,348s] GC(380) Pause Young (Allocation Failure)
[2019-04-15T14:11:28.827+0200][137,348s] GC(380) Using 4 workers of 4 for evacuation
[2019-04-15T14:11:28.827+0200][137,348s] GC(381) Pause Full (Allocation Failure)
[2019-04-15T14:11:28.828+0200][137,348s] GC(379) Concurrent Abortable Preclean 96,079ms
[2019-04-15T14:11:28.828+0200][137,348s] GC(379) User=0,10s Sys=0,00s Real=0,10s
[2019-04-15T14:11:28.828+0200][137,348s] GC(381) Phase 1: Mark live objects
[2019-04-15T14:11:28.933+0200][137,453s] GC(381) Phase 1: Mark live objects 104,953ms
[2019-04-15T14:11:28.933+0200][137,453s] GC(381) Phase 2: Compute new object addresses
[2019-04-15T14:11:29.021+0200][137,542s] GC(381) Phase 2: Compute new object addresses 88,266ms
[2019-04-15T14:11:29.021+0200][137,542s] GC(381) Phase 3: Adjust pointers
[2019-04-15T14:11:29.116+0200][137,636s] GC(381) Phase 3: Adjust pointers 94,584ms
[2019-04-15T14:11:29.116+0200][137,636s] GC(381) Phase 4: Move objects
[2019-04-15T14:11:29.118+0200][137,638s] GC(381) Phase 4: Move objects 1,786ms
[2019-04-15T14:11:29.120+0200][137,640s] GC(381) Pause Full (Allocation Failure) 442M->360M(490M) 292,381ms
[2019-04-15T14:11:29.120+0200][137,640s] GC(380) ParNew: 87424K->0K(109248K)
[2019-04-15T14:11:29.120+0200][137,640s] GC(380) CMS: 366049K->369157K(393216K)
[2019-04-15T14:11:29.120+0200][137,640s] GC(380) Metaspace: 76964K->76964K(1120256K)
[2019-04-15T14:11:29.120+0200][137,640s] GC(380) Pause Young (Allocation Failure) 442M->360M(490M) 292,620ms
[2019-04-15T14:11:29.120+0200][137,641s] GC(380) User=0,28s Sys=0,00s Real=0,29s
[2019-04-15T14:11:29.269+0200][137,789s] GC(382) Pause Young (Allocation Failure)
[2019-04-15T14:11:29.269+0200][137,789s] GC(382) Using 4 workers of 4 for evacuation
[2019-04-15T14:11:29.269+0200][137,789s] GC(383) Pause Full (Allocation Failure)
[2019-04-15T14:11:29.269+0200][137,790s] GC(383) Phase 1: Mark live objects
[2019-04-15T14:11:29.383+0200][137,903s] GC(383) Phase 1: Mark live objects 113,019ms
[2019-04-15T14:11:29.383+0200][137,903s] GC(383) Phase 2: Compute new object addresses
[2019-04-15T14:11:29.469+0200][137,989s] GC(383) Phase 2: Compute new object addresses 86,405ms
[2019-04-15T14:11:29.469+0200][137,990s] GC(383) Phase 3: Adjust pointers
[2019-04-15T14:11:29.556+0200][138,077s] GC(383) Phase 3: Adjust pointers 87,224ms
[2019-04-15T14:11:29.556+0200][138,077s] GC(383) Phase 4: Move objects
[2019-04-15T14:11:29.625+0200][138,145s] GC(383) Phase 4: Move objects 68,314ms
[2019-04-15T14:11:29.626+0200][138,146s] GC(383) Pause Full (Allocation Failure) 445M->360M(490M) 356,632ms
[2019-04-15T14:11:29.626+0200][138,146s] GC(382) ParNew: 87423K->0K(109248K)
[2019-04-15T14:11:29.626+0200][138,146s] GC(382) CMS: 369157K->368985K(393216K)
[2019-04-15T14:11:29.626+0200][138,146s] GC(382) Metaspace: 76964K->76964K(1120256K)
[2019-04-15T14:11:29.626+0200][138,146s] GC(382) Pause Young (Allocation Failure) 445M->360M(490M) 357,095ms
[2019-04-15T14:11:29.626+0200][138,146s] GC(382) User=0,36s Sys=0,00s Real=0,36s
[2019-04-15T14:11:29.628+0200][138,148s] GC(384) Pause Initial Mark
[2019-04-15T14:11:29.630+0200][138,150s] GC(384) Pause Initial Mark 361M->361M(490M) 1,954ms
[2019-04-15T14:11:29.630+0200][138,150s] GC(384) User=0,01s Sys=0,00s Real=0,00s
[2019-04-15T14:11:29.630+0200][138,151s] GC(384) Concurrent Mark
[2019-04-15T14:11:29.630+0200][138,151s] GC(384) Using 4 workers of 4 for marking
[2019-04-15T14:11:29.696+0200][138,216s] GC(384) Concurrent Mark 65,942ms
[2019-04-15T14:11:29.696+0200][138,217s] GC(384) User=0,20s Sys=0,00s Real=0,07s
[2019-04-15T14:11:29.696+0200][138,217s] GC(384) Concurrent Preclean
[2019-04-15T14:11:29.698+0200][138,218s] GC(384) Concurrent Preclean 1,629ms
[2019-04-15T14:11:29.698+0200][138,218s] GC(384) User=0,00s Sys=0,00s Real=0,00s
[2019-04-15T14:11:29.698+0200][138,218s] GC(384) Concurrent Abortable Preclean
[2019-04-15T14:11:29.698+0200][138,218s] GC(384) Concurrent Abortable Preclean 0,012ms
[2019-04-15T14:11:29.698+0200][138,218s] GC(384) User=0,00s Sys=0,00s Real=0,00s
[2019-04-15T14:11:29.698+0200][138,218s] GC(384) Pause Remark
[2019-04-15T14:11:29.698+0200][138,218s] GC(385) Pause Young (CMS Final Remark)
[2019-04-15T14:11:29.698+0200][138,218s] GC(385) Using 4 workers of 4 for evacuation
[2019-04-15T14:11:29.698+0200][138,218s] GC(385) ParNew: 27764K->27764K(109248K)
[2019-04-15T14:11:29.698+0200][138,218s] GC(385) CMS: 368985K->368985K(393216K)
[2019-04-15T14:11:29.698+0200][138,218s] GC(385) Metaspace: 76964K->76964K(1120256K)
[2019-04-15T14:11:29.698+0200][138,218s] GC(385) Pause Young (CMS Final Remark) 387M->387M(490M) 0,076ms
[2019-04-15T14:11:29.698+0200][138,218s] GC(385) User=0,00s Sys=0,00s Real=0,00s
[2019-04-15T14:11:29.792+0200][138,313s] GC(384) Pause Remark 387M->387M(490M) 94,526ms
[2019-04-15T14:11:29.793+0200][138,313s] GC(384) User=0,16s Sys=0,00s Real=0,09s
[2019-04-15T14:11:29.795+0200][138,316s] GC(384) Concurrent Sweep
[2019-04-15T14:11:29.839+0200][138,360s] GC(384) Concurrent Sweep 43,772ms
[2019-04-15T14:11:29.839+0200][138,360s] GC(384) User=0,08s Sys=0,00s Real=0,04s
[2019-04-15T14:11:29.839+0200][138,360s] GC(384) Concurrent Reset
[2019-04-15T14:11:29.840+0200][138,360s] GC(384) Concurrent Reset 0,343ms
[2019-04-15T14:11:29.840+0200][138,360s] GC(384) User=0,00s Sys=0,00s Real=0,00s
[2019-04-15T14:11:29.840+0200][138,360s] GC(384) Old: 368985K->365876K(393216K)
[2019-04-15T14:11:29.914+0200][138,435s] GC(386) Pause Young (Allocation Failure)
[2019-04-15T14:11:29.914+0200][138,435s] GC(386) Using 4 workers of 4 for evacuation
[2019-04-15T14:11:29.914+0200][138,435s] GC(387) Pause Full (Allocation Failure)
[2019-04-15T14:11:29.915+0200][138,436s] GC(387) Phase 1: Mark live objects
[2019-04-15T14:11:30.065+0200][138,585s] GC(387) Phase 1: Mark live objects 149,015ms
[2019-04-15T14:11:30.065+0200][138,585s] GC(387) Phase 2: Compute new object addresses
[2019-04-15T14:11:30.161+0200][138,682s] GC(387) Phase 2: Compute new object addresses 96,562ms
[2019-04-15T14:11:30.161+0200][138,682s] GC(387) Phase 3: Adjust pointers
[2019-04-15T14:11:30.231+0200][138,751s] GC(387) Phase 3: Adjust pointers 69,625ms
[2019-04-15T14:11:30.231+0200][138,751s] GC(387) Phase 4: Move objects
[2019-04-15T14:11:30.232+0200][138,753s] GC(387) Phase 4: Move objects 1,242ms
[2019-04-15T14:11:30.233+0200][138,753s] GC(387) Pause Full (Allocation Failure) 442M->360M(490M) 318,494ms
[2019-04-15T14:11:30.233+0200][138,753s] GC(386) ParNew: 87424K->0K(109248K)
[2019-04-15T14:11:30.233+0200][138,753s] GC(386) CMS: 365876K->369342K(393216K)
[2019-04-15T14:11:30.233+0200][138,753s] GC(386) Metaspace: 76964K->76964K(1120256K)
[2019-04-15T14:11:30.233+0200][138,753s] GC(386) Pause Young (Allocation Failure) 442M->360M(490M) 318,755ms
[2019-04-15T14:11:30.233+0200][138,753s] GC(386) User=0,30s Sys=0,00s Real=0,32s
[2019-04-15T14:11:30.234+0200][138,754s] GC(388) Pause Initial Mark
[2019-04-15T14:11:30.234+0200][138,755s] GC(388) Pause Initial Mark 362M->362M(490M) 0,519ms
[2019-04-15T14:11:30.234+0200][138,755s] GC(388) User=0,01s Sys=0,00s Real=0,00s
[2019-04-15T14:11:30.234+0200][138,755s] GC(388) Concurrent Mark
[2019-04-15T14:11:30.234+0200][138,755s] GC(388) Using 4 workers of 4 for marking
[2019-04-15T14:11:30.304+0200][138,825s] GC(388) Concurrent Mark 70,006ms
[2019-04-15T14:11:30.304+0200][138,825s] GC(388) User=0,22s Sys=0,00s Real=0,06s
[2019-04-15T14:11:30.304+0200][138,825s] GC(388) Concurrent Preclean
[2019-04-15T14:11:30.306+0200][138,826s] GC(388) Concurrent Preclean 1,654ms
[2019-04-15T14:11:30.306+0200][138,827s] GC(388) User=0,00s Sys=0,00s Real=0,01s
[2019-04-15T14:11:30.306+0200][138,827s] GC(388) Concurrent Abortable Preclean
[2019-04-15T14:11:30.306+0200][138,827s] GC(388) Concurrent Abortable Preclean 0,012ms
[2019-04-15T14:11:30.306+0200][138,827s] GC(388) User=0,00s Sys=0,00s Real=0,00s
[2019-04-15T14:11:30.306+0200][138,827s] GC(388) Pause Remark
[2019-04-15T14:11:30.306+0200][138,827s] GC(389) Pause Young (CMS Final Remark)
[2019-04-15T14:11:30.306+0200][138,827s] GC(389) Using 4 workers of 4 for evacuation
[2019-04-15T14:11:30.306+0200][138,827s] GC(389) ParNew: 31426K->31426K(109248K)
[2019-04-15T14:11:30.306+0200][138,827s] GC(389) CMS: 369342K->369342K(393216K)
[2019-04-15T14:11:30.306+0200][138,827s] GC(389) Metaspace: 76964K->76964K(1120256K)
[2019-04-15T14:11:30.306+0200][138,827s] GC(389) Pause Young (CMS Final Remark) 391M->391M(490M) 0,081ms
[2019-04-15T14:11:30.306+0200][138,827s] GC(389) User=0,00s Sys=0,00s Real=0,00s
[2019-04-15T14:11:30.362+0200][138,883s] GC(388) Pause Remark 391M->391M(490M) 55,999ms
[2019-04-15T14:11:30.362+0200][138,883s] GC(388) User=0,10s Sys=0,00s Real=0,05s
[2019-04-15T14:11:30.362+0200][138,883s] GC(388) Concurrent Sweep
[2019-04-15T14:11:30.448+0200][138,969s] GC(388) Concurrent Sweep 85,944ms
[2019-04-15T14:11:30.449+0200][138,969s] GC(388) User=0,09s Sys=0,00s Real=0,09s
[2019-04-15T14:11:30.449+0200][138,969s] GC(388) Concurrent Reset
[2019-04-15T14:11:30.451+0200][138,971s] GC(388) Concurrent Reset 1,834ms
[2019-04-15T14:11:30.451+0200][138,971s] GC(388) User=0,00s Sys=0,00s Real=0,00s
[2019-04-15T14:11:30.451+0200][138,971s] GC(388) Old: 369342K->366165K(393216K)
[2019-04-15T14:11:30.552+0200][139,072s] GC(390) Pause Young (Allocation Failure)
[2019-04-15T14:11:30.552+0200][139,072s] GC(390) Using 4 workers of 4 for evacuation
[2019-04-15T14:11:30.552+0200][139,073s] GC(391) Pause Full (Allocation Failure)
[2019-04-15T14:11:30.553+0200][139,074s] GC(391) Phase 1: Mark live objects
[2019-04-15T14:11:30.726+0200][139,247s] GC(391) Phase 1: Mark live objects 172,928ms
[2019-04-15T14:11:30.726+0200][139,247s] GC(391) Phase 2: Compute new object addresses
[2019-04-15T14:11:30.840+0200][139,361s] GC(391) Phase 2: Compute new object addresses 113,799ms
[2019-04-15T14:11:30.840+0200][139,361s] GC(391) Phase 3: Adjust pointers
[2019-04-15T14:11:30.979+0200][139,500s] GC(391) Phase 3: Adjust pointers 138,752ms
[2019-04-15T14:11:30.979+0200][139,500s] GC(391) Phase 4: Move objects
[2019-04-15T14:11:30.981+0200][139,502s] GC(391) Phase 4: Move objects 1,912ms
[2019-04-15T14:11:30.983+0200][139,503s] GC(391) Pause Full (Allocation Failure) 442M->357M(490M) 430,439ms
[2019-04-15T14:11:30.983+0200][139,503s] GC(390) ParNew: 87424K->0K(109248K)
[2019-04-15T14:11:30.983+0200][139,503s] GC(390) CMS: 366165K->366166K(393216K)
[2019-04-15T14:11:30.983+0200][139,503s] GC(390) Metaspace: 76964K->76964K(1120256K)
[2019-04-15T14:11:30.983+0200][139,503s] GC(390) Pause Young (Allocation Failure) 442M->357M(490M) 430,906ms
[2019-04-15T14:11:30.983+0200][139,503s] GC(390) User=0,34s Sys=0,00s Real=0,43s
[2019-04-15T14:11:30.983+0200][139,504s] GC(392) Pause Initial Mark
[2019-04-15T14:11:30.984+0200][139,505s] GC(392) Pause Initial Mark 358M->358M(490M) 0,775ms
[2019-04-15T14:11:30.984+0200][139,505s] GC(392) User=0,01s Sys=0,00s Real=0,00s
[2019-04-15T14:11:30.989+0200][139,509s] GC(392) Concurrent Mark
[2019-04-15T14:11:30.989+0200][139,509s] GC(392) Using 4 workers of 4 for marking
[2019-04-15T14:11:31.104+0200][139,625s] GC(392) Concurrent Mark 115,210ms
[2019-04-15T14:11:31.104+0200][139,625s] GC(392) User=0,26s Sys=0,01s Real=0,11s
[2019-04-15T14:11:31.104+0200][139,625s] GC(392) Concurrent Preclean
[2019-04-15T14:11:31.109+0200][139,630s] GC(392) Concurrent Preclean 4,942ms
[2019-04-15T14:11:31.110+0200][139,630s] GC(392) User=0,01s Sys=0,00s Real=0,01s
[2019-04-15T14:11:31.110+0200][139,630s] GC(392) Concurrent Abortable Preclean
[2019-04-15T14:11:31.110+0200][139,630s] GC(392) Concurrent Abortable Preclean 0,046ms
[2019-04-15T14:11:31.110+0200][139,630s] GC(392) User=0,00s Sys=0,00s Real=0,00s
[2019-04-15T14:11:31.115+0200][139,635s] GC(392) Pause Remark
[2019-04-15T14:11:31.115+0200][139,635s] GC(393) Pause Young (CMS Final Remark)
[2019-04-15T14:11:31.115+0200][139,635s] GC(393) Using 4 workers of 4 for evacuation
[2019-04-15T14:11:31.115+0200][139,635s] GC(393) ParNew: 38589K->38589K(109248K)
[2019-04-15T14:11:31.115+0200][139,635s] GC(393) CMS: 366166K->366166K(393216K)
[2019-04-15T14:11:31.115+0200][139,635s] GC(393) Metaspace: 76964K->76964K(1120256K)
[2019-04-15T14:11:31.115+0200][139,635s] GC(393) Pause Young (CMS Final Remark) 395M->395M(490M) 0,088ms
[2019-04-15T14:11:31.115+0200][139,635s] GC(393) User=0,00s Sys=0,00s Real=0,00s
[2019-04-15T14:11:31.198+0200][139,719s] GC(392) Pause Remark 395M->395M(490M) 83,778ms
[2019-04-15T14:11:31.198+0200][139,719s] GC(392) User=0,15s Sys=0,00s Real=0,08s
[2019-04-15T14:11:31.199+0200][139,719s] GC(392) Concurrent Sweep
[2019-04-15T14:11:31.254+0200][139,774s] GC(392) Concurrent Sweep 54,988ms
[2019-04-15T14:11:31.254+0200][139,774s] GC(392) User=0,11s Sys=0,00s Real=0,06s
[2019-04-15T14:11:31.254+0200][139,774s] GC(392) Concurrent Reset
[2019-04-15T14:11:31.254+0200][139,775s] GC(392) Concurrent Reset 0,517ms
[2019-04-15T14:11:31.254+0200][139,775s] GC(392) User=0,00s Sys=0,00s Real=0,00s
[2019-04-15T14:11:31.254+0200][139,775s] GC(392) Old: 366166K->366163K(393216K)
[2019-04-15T14:11:31.298+0200][139,818s] GC(394) Pause Young (Allocation Failure)
[2019-04-15T14:11:31.298+0200][139,818s] GC(394) Using 4 workers of 4 for evacuation
[2019-04-15T14:11:31.298+0200][139,818s] GC(395) Pause Full (Allocation Failure)
[2019-04-15T14:11:31.298+0200][139,818s] GC(395) Phase 1: Mark live objects
[2019-04-15T14:11:31.377+0200][139,897s] GC(395) Phase 1: Mark live objects 78,705ms
[2019-04-15T14:11:31.377+0200][139,897s] GC(395) Phase 2: Compute new object addresses
[2019-04-15T14:11:31.432+0200][139,952s] GC(395) Phase 2: Compute new object addresses 54,880ms
[2019-04-15T14:11:31.432+0200][139,952s] GC(395) Phase 3: Adjust pointers
[2019-04-15T14:11:31.476+0200][139,996s] GC(395) Phase 3: Adjust pointers 44,320ms
[2019-04-15T14:11:31.476+0200][139,997s] GC(395) Phase 4: Move objects
[2019-04-15T14:11:31.477+0200][139,997s] GC(395) Phase 4: Move objects 0,525ms
[2019-04-15T14:11:31.477+0200][139,998s] GC(395) Pause Full (Allocation Failure) 442M->358M(490M) 179,442ms
[2019-04-15T14:11:31.477+0200][139,998s] GC(394) ParNew: 87424K->0K(109248K)
[2019-04-15T14:11:31.477+0200][139,998s] GC(394) CMS: 366163K->366667K(393216K)
[2019-04-15T14:11:31.477+0200][139,998s] GC(394) Metaspace: 76965K->76965K(1120256K)
[2019-04-15T14:11:31.477+0200][139,998s] GC(394) Pause Young (Allocation Failure) 442M->358M(490M) 179,554ms
[2019-04-15T14:11:31.477+0200][139,998s] GC(394) User=0,18s Sys=0,00s Real=0,18s
[2019-04-15T14:11:31.477+0200][139,998s] GC(396) Pause Initial Mark
[2019-04-15T14:11:31.478+0200][139,998s] GC(396) Pause Initial Mark 359M->359M(490M) 0,284ms
[2019-04-15T14:11:31.478+0200][139,998s] GC(396) User=0,00s Sys=0,00s Real=0,00s
[2019-04-15T14:11:31.478+0200][139,998s] GC(396) Concurrent Mark
[2019-04-15T14:11:31.478+0200][139,998s] GC(396) Using 4 workers of 4 for marking
[2019-04-15T14:11:31.525+0200][140,045s] GC(396) Concurrent Mark 47,154ms
[2019-04-15T14:11:31.525+0200][140,045s] GC(396) User=0,19s Sys=0,00s Real=0,05s
[2019-04-15T14:11:31.525+0200][140,045s] GC(396) Concurrent Preclean
[2019-04-15T14:11:31.526+0200][140,047s] GC(396) Concurrent Preclean 1,075ms
[2019-04-15T14:11:31.526+0200][140,047s] GC(396) User=0,00s Sys=0,00s Real=0,00s
[2019-04-15T14:11:31.526+0200][140,047s] GC(396) Concurrent Abortable Preclean
[2019-04-15T14:11:31.627+0200][140,147s] GC(396) Concurrent Abortable Preclean 100,630ms
[2019-04-15T14:11:31.627+0200][140,147s] GC(396) User=0,10s Sys=0,00s Real=0,10s
[2019-04-15T14:11:31.627+0200][140,147s] GC(396) Pause Remark
[2019-04-15T14:11:31.627+0200][140,147s] GC(397) Pause Young (CMS Final Remark)
[2019-04-15T14:11:31.627+0200][140,147s] GC(397) Using 4 workers of 4 for evacuation
[2019-04-15T14:11:31.627+0200][140,147s] GC(397) ParNew: 77245K->77245K(109248K)
[2019-04-15T14:11:31.627+0200][140,147s] GC(397) CMS: 366667K->366667K(393216K)
[2019-04-15T14:11:31.627+0200][140,147s] GC(397) Metaspace: 76965K->76965K(1120256K)
[2019-04-15T14:11:31.627+0200][140,147s] GC(397) Pause Young (CMS Final Remark) 433M->433M(490M) 0,053ms
[2019-04-15T14:11:31.627+0200][140,147s] GC(397) User=0,00s Sys=0,00s Real=0,00s
[2019-04-15T14:11:31.689+0200][140,209s] GC(396) Pause Remark 433M->433M(490M) 61,998ms
[2019-04-15T14:11:31.689+0200][140,209s] GC(396) User=0,17s Sys=0,00s Real=0,06s
[2019-04-15T14:11:31.689+0200][140,210s] GC(396) Concurrent Sweep
[2019-04-15T14:11:31.749+0200][140,270s] GC(396) Concurrent Sweep 60,014ms
[2019-04-15T14:11:31.749+0200][140,270s] GC(396) User=0,14s Sys=0,00s Real=0,06s
[2019-04-15T14:11:31.749+0200][140,270s] GC(398) Pause Young (Allocation Failure)
[2019-04-15T14:11:31.749+0200][140,270s] GC(398) Using 4 workers of 4 for evacuation
[2019-04-15T14:11:31.749+0200][140,270s] GC(399) Pause Full (Allocation Failure)
[2019-04-15T14:11:31.750+0200][140,270s] GC(399) Phase 1: Mark live objects
[2019-04-15T14:11:31.813+0200][140,333s] GC(399) Phase 1: Mark live objects 62,982ms
[2019-04-15T14:11:31.813+0200][140,333s] GC(399) Phase 2: Compute new object addresses
[2019-04-15T14:11:31.867+0200][140,388s] GC(399) Phase 2: Compute new object addresses 54,647ms
[2019-04-15T14:11:31.867+0200][140,388s] GC(399) Phase 3: Adjust pointers
[2019-04-15T14:11:31.912+0200][140,432s] GC(399) Phase 3: Adjust pointers 44,457ms
[2019-04-15T14:11:31.912+0200][140,432s] GC(399) Phase 4: Move objects
[2019-04-15T14:11:31.912+0200][140,433s] GC(399) Phase 4: Move objects 0,346ms
[2019-04-15T14:11:31.913+0200][140,433s] GC(399) Pause Full (Allocation Failure) 441M->357M(490M) 163,521ms
[2019-04-15T14:11:31.913+0200][140,433s] GC(398) ParNew: 87424K->0K(109248K)
[2019-04-15T14:11:31.913+0200][140,433s] GC(398) CMS: 365146K->365573K(393216K)
[2019-04-15T14:11:31.913+0200][140,433s] GC(398) Metaspace: 76965K->76965K(1120256K)
[2019-04-15T14:11:31.913+0200][140,433s] GC(398) Pause Young (Allocation Failure) 441M->357M(490M) 163,629ms
[2019-04-15T14:11:31.913+0200][140,433s] GC(398) User=0,16s Sys=0,00s Real=0,17s
[2019-04-15T14:11:31.913+0200][140,433s] GC(396) Old: 366667K->365573K(393216K)
[2019-04-15T14:11:32.047+0200][140,567s] GC(400) Pause Young (Allocation Failure)
[2019-04-15T14:11:32.047+0200][140,567s] GC(400) Using 4 workers of 4 for evacuation
[2019-04-15T14:11:32.047+0200][140,567s] GC(401) Pause Full (Allocation Failure)
[2019-04-15T14:11:32.047+0200][140,568s] GC(401) Phase 1: Mark live objects
[2019-04-15T14:11:32.110+0200][140,631s] GC(401) Phase 1: Mark live objects 63,120ms
[2019-04-15T14:11:32.110+0200][140,631s] GC(401) Phase 2: Compute new object addresses
[2019-04-15T14:11:32.163+0200][140,684s] GC(401) Phase 2: Compute new object addresses 53,068ms
[2019-04-15T14:11:32.163+0200][140,684s] GC(401) Phase 3: Adjust pointers
[2019-04-15T14:11:32.209+0200][140,729s] GC(401) Phase 3: Adjust pointers 45,204ms
[2019-04-15T14:11:32.209+0200][140,729s] GC(401) Phase 4: Move objects
[2019-04-15T14:11:32.209+0200][140,730s] GC(401) Phase 4: Move objects 0,639ms
[2019-04-15T14:11:32.210+0200][140,730s] GC(401) Pause Full (Allocation Failure) 442M->359M(490M) 163,095ms
[2019-04-15T14:11:32.210+0200][140,730s] GC(400) ParNew: 87424K->0K(109248K)
[2019-04-15T14:11:32.210+0200][140,730s] GC(400) CMS: 365573K->367717K(393216K)
[2019-04-15T14:11:32.210+0200][140,730s] GC(400) Metaspace: 76965K->76965K(1120256K)
[2019-04-15T14:11:32.210+0200][140,730s] GC(400) Pause Young (Allocation Failure) 442M->359M(490M) 163,207ms
[2019-04-15T14:11:32.210+0200][140,730s] GC(400) User=0,17s Sys=0,00s Real=0,16s
[2019-04-15T14:11:32.210+0200][140,731s] GC(402) Pause Initial Mark
[2019-04-15T14:11:32.210+0200][140,731s] GC(402) Pause Initial Mark 360M->360M(490M) 0,271ms
[2019-04-15T14:11:32.210+0200][140,731s] GC(402) User=0,00s Sys=0,00s Real=0,00s
[2019-04-15T14:11:32.211+0200][140,731s] GC(402) Concurrent Mark
[2019-04-15T14:11:32.211+0200][140,731s] GC(402) Using 4 workers of 4 for marking
[2019-04-15T14:11:32.254+0200][140,774s] GC(402) Concurrent Mark 43,222ms
[2019-04-15T14:11:32.254+0200][140,774s] GC(402) User=0,16s Sys=0,00s Real=0,05s
[2019-04-15T14:11:32.254+0200][140,774s] GC(402) Concurrent Preclean
[2019-04-15T14:11:32.255+0200][140,775s] GC(402) Concurrent Preclean 1,006ms
[2019-04-15T14:11:32.255+0200][140,775s] GC(402) User=0,00s Sys=0,00s Real=0,00s
[2019-04-15T14:11:32.255+0200][140,775s] GC(402) Concurrent Abortable Preclean
[2019-04-15T14:11:32.355+0200][140,876s] GC(402) Concurrent Abortable Preclean 100,628ms
[2019-04-15T14:11:32.355+0200][140,876s] GC(402) User=0,14s Sys=0,00s Real=0,10s
[2019-04-15T14:11:32.356+0200][140,876s] GC(402) Pause Remark
[2019-04-15T14:11:32.356+0200][140,876s] GC(403) Pause Young (CMS Final Remark)
[2019-04-15T14:11:32.356+0200][140,876s] GC(403) Using 4 workers of 4 for evacuation
[2019-04-15T14:11:32.356+0200][140,876s] GC(403) ParNew: 61705K->61705K(109248K)
[2019-04-15T14:11:32.356+0200][140,876s] GC(403) CMS: 367717K->367717K(393216K)
[2019-04-15T14:11:32.356+0200][140,876s] GC(403) Metaspace: 76965K->76965K(1120256K)
[2019-04-15T14:11:32.356+0200][140,876s] GC(403) Pause Young (CMS Final Remark) 419M->419M(490M) 0,052ms
[2019-04-15T14:11:32.356+0200][140,876s] GC(403) User=0,00s Sys=0,00s Real=0,00s
[2019-04-15T14:11:32.408+0200][140,928s] GC(402) Pause Remark 419M->419M(490M) 51,923ms
[2019-04-15T14:11:32.408+0200][140,928s] GC(402) User=0,13s Sys=0,00s Real=0,05s
[2019-04-15T14:11:32.408+0200][140,928s] GC(402) Concurrent Sweep
[2019-04-15T14:11:32.435+0200][140,955s] GC(402) Concurrent Sweep 27,092ms
[2019-04-15T14:11:32.435+0200][140,955s] GC(402) User=0,05s Sys=0,00s Real=0,03s
[2019-04-15T14:11:32.435+0200][140,955s] GC(402) Concurrent Reset
[2019-04-15T14:11:32.435+0200][140,956s] GC(402) Concurrent Reset 0,641ms
[2019-04-15T14:11:32.436+0200][140,956s] GC(402) User=0,00s Sys=0,00s Real=0,00s
[2019-04-15T14:11:32.436+0200][140,956s] GC(402) Old: 367717K->364843K(393216K)
[2019-04-15T14:11:32.447+0200][140,967s] GC(404) Pause Young (Allocation Failure)
[2019-04-15T14:11:32.447+0200][140,967s] GC(404) Using 4 workers of 4 for evacuation
[2019-04-15T14:11:32.447+0200][140,967s] GC(405) Pause Full (Allocation Failure)
[2019-04-15T14:11:32.447+0200][140,967s] GC(405) Phase 1: Mark live objects
[2019-04-15T14:11:32.515+0200][141,036s] GC(405) Phase 1: Mark live objects 68,559ms
[2019-04-15T14:11:32.515+0200][141,036s] GC(405) Phase 2: Compute new object addresses
[2019-04-15T14:11:32.602+0200][141,122s] GC(405) Phase 2: Compute new object addresses 86,521ms
[2019-04-15T14:11:32.602+0200][141,122s] GC(405) Phase 3: Adjust pointers
[2019-04-15T14:11:32.718+0200][141,239s] GC(405) Phase 3: Adjust pointers 116,401ms
[2019-04-15T14:11:32.719+0200][141,239s] GC(405) Phase 4: Move objects
[2019-04-15T14:11:32.720+0200][141,241s] GC(405) Phase 4: Move objects 1,593ms
[2019-04-15T14:11:32.721+0200][141,242s] GC(405) Pause Full (Allocation Failure) 441M->361M(490M) 274,619ms
[2019-04-15T14:11:32.721+0200][141,242s] GC(404) ParNew: 87424K->0K(109248K)
[2019-04-15T14:11:32.721+0200][141,242s] GC(404) CMS: 364843K->370022K(393216K)
[2019-04-15T14:11:32.721+0200][141,242s] GC(404) Metaspace: 76965K->76965K(1120256K)
[2019-04-15T14:11:32.721+0200][141,242s] GC(404) Pause Young (Allocation Failure) 441M->361M(490M) 274,813ms
[2019-04-15T14:11:32.721+0200][141,242s] GC(404) User=0,27s Sys=0,00s Real=0,27s
[2019-04-15T14:11:32.734+0200][141,255s] GC(406) Pause Initial Mark
[2019-04-15T14:11:32.736+0200][141,256s] GC(406) Pause Initial Mark 365M->365M(490M) 1,430ms
[2019-04-15T14:11:32.736+0200][141,256s] GC(406) User=0,01s Sys=0,00s Real=0,00s
[2019-04-15T14:11:32.736+0200][141,256s] GC(406) Concurrent Mark
[2019-04-15T14:11:32.736+0200][141,256s] GC(406) Using 4 workers of 4 for marking
[2019-04-15T14:11:32.810+0200][141,330s] GC(406) Concurrent Mark 73,783ms
[2019-04-15T14:11:32.810+0200][141,330s] GC(406) User=0,20s Sys=0,00s Real=0,07s
[2019-04-15T14:11:32.810+0200][141,331s] GC(406) Concurrent Preclean
[2019-04-15T14:11:32.813+0200][141,334s] GC(406) Concurrent Preclean 3,132ms
[2019-04-15T14:11:32.813+0200][141,334s] GC(406) User=0,00s Sys=0,00s Real=0,01s
[2019-04-15T14:11:32.813+0200][141,334s] GC(406) Concurrent Abortable Preclean
[2019-04-15T14:11:32.813+0200][141,334s] GC(406) Concurrent Abortable Preclean 0,012ms
[2019-04-15T14:11:32.813+0200][141,334s] GC(406) User=0,00s Sys=0,00s Real=0,00s
[2019-04-15T14:11:32.813+0200][141,334s] GC(406) Pause Remark
[2019-04-15T14:11:32.814+0200][141,334s] GC(407) Pause Young (CMS Final Remark)
[2019-04-15T14:11:32.814+0200][141,334s] GC(407) Using 4 workers of 4 for evacuation
[2019-04-15T14:11:32.814+0200][141,334s] GC(407) ParNew: 25461K->25461K(109248K)
[2019-04-15T14:11:32.814+0200][141,334s] GC(407) CMS: 370022K->370022K(393216K)
[2019-04-15T14:11:32.814+0200][141,334s] GC(407) Metaspace: 76965K->76965K(1120256K)
[2019-04-15T14:11:32.814+0200][141,334s] GC(407) Pause Young (CMS Final Remark) 386M->386M(490M) 0,054ms
[2019-04-15T14:11:32.814+0200][141,334s] GC(407) User=0,00s Sys=0,00s Real=0,00s
[2019-04-15T14:11:32.921+0200][141,441s] GC(406) Pause Remark 386M->386M(490M) 107,302ms
[2019-04-15T14:11:32.921+0200][141,441s] GC(406) User=0,15s Sys=0,00s Real=0,10s
[2019-04-15T14:11:32.922+0200][141,443s] GC(406) Concurrent Sweep
[2019-04-15T14:11:32.982+0200][141,503s] GC(406) Concurrent Sweep 59,995ms
[2019-04-15T14:11:32.982+0200][141,503s] GC(406) User=0,10s Sys=0,00s Real=0,06s
[2019-04-15T14:11:32.982+0200][141,503s] GC(406) Concurrent Reset
[2019-04-15T14:11:32.983+0200][141,504s] GC(406) Concurrent Reset 1,217ms
[2019-04-15T14:11:32.984+0200][141,504s] GC(406) User=0,01s Sys=0,00s Real=0,00s
[2019-04-15T14:11:32.984+0200][141,504s] GC(406) Old: 370022K->367877K(393216K)
[2019-04-15T14:11:33.081+0200][141,602s] GC(408) Pause Young (Allocation Failure)
[2019-04-15T14:11:33.081+0200][141,602s] GC(408) Using 4 workers of 4 for evacuation
[2019-04-15T14:11:33.081+0200][141,602s] GC(409) Pause Full (Allocation Failure)
[2019-04-15T14:11:33.081+0200][141,602s] GC(409) Phase 1: Mark live objects
[2019-04-15T14:11:33.195+0200][141,716s] GC(409) Phase 1: Mark live objects 113,652ms
[2019-04-15T14:11:33.195+0200][141,716s] GC(409) Phase 2: Compute new object addresses
[2019-04-15T14:11:33.258+0200][141,779s] GC(409) Phase 2: Compute new object addresses 63,260ms
[2019-04-15T14:11:33.259+0200][141,779s] GC(409) Phase 3: Adjust pointers
[2019-04-15T14:11:33.338+0200][141,858s] GC(409) Phase 3: Adjust pointers 79,099ms
[2019-04-15T14:11:33.338+0200][141,858s] GC(409) Phase 4: Move objects
[2019-04-15T14:11:33.339+0200][141,860s] GC(409) Phase 4: Move objects 1,620ms
[2019-04-15T14:11:33.340+0200][141,860s] GC(409) Pause Full (Allocation Failure) 444M->363M(490M) 258,852ms
[2019-04-15T14:11:33.340+0200][141,860s] GC(408) ParNew: 87424K->0K(109248K)
[2019-04-15T14:11:33.340+0200][141,860s] GC(408) CMS: 367877K->372006K(393216K)
[2019-04-15T14:11:33.340+0200][141,860s] GC(408) Metaspace: 76965K->76965K(1120256K)
[2019-04-15T14:11:33.340+0200][141,860s] GC(408) Pause Young (Allocation Failure) 444M->363M(490M) 258,969ms
[2019-04-15T14:11:33.340+0200][141,861s] GC(408) User=0,25s Sys=0,00s Real=0,26s
[2019-04-15T14:11:33.340+0200][141,861s] GC(410) Pause Initial Mark
[2019-04-15T14:11:33.341+0200][141,861s] GC(410) Pause Initial Mark 364M->364M(490M) 0,309ms
[2019-04-15T14:11:33.341+0200][141,861s] GC(410) User=0,00s Sys=0,00s Real=0,00s
[2019-04-15T14:11:33.341+0200][141,861s] GC(410) Concurrent Mark
[2019-04-15T14:11:33.341+0200][141,861s] GC(410) Using 4 workers of 4 for marking
[2019-04-15T14:11:33.402+0200][141,922s] GC(410) Concurrent Mark 61,047ms
[2019-04-15T14:11:33.402+0200][141,922s] GC(410) User=0,21s Sys=0,00s Real=0,06s
[2019-04-15T14:11:33.402+0200][141,922s] GC(410) Concurrent Preclean
[2019-04-15T14:11:33.403+0200][141,923s] GC(410) Concurrent Preclean 1,165ms
[2019-04-15T14:11:33.403+0200][141,923s] GC(410) User=0,00s Sys=0,00s Real=0,00s
[2019-04-15T14:11:33.403+0200][141,923s] GC(410) Concurrent Abortable Preclean
[2019-04-15T14:11:33.403+0200][141,923s] GC(410) Concurrent Abortable Preclean 0,032ms
[2019-04-15T14:11:33.403+0200][141,924s] GC(410) User=0,00s Sys=0,00s Real=0,00s
[2019-04-15T14:11:33.403+0200][141,924s] GC(410) Pause Remark
[2019-04-15T14:11:33.403+0200][141,924s] GC(411) Pause Young (CMS Final Remark)
[2019-04-15T14:11:33.403+0200][141,924s] GC(411) Using 4 workers of 4 for evacuation
[2019-04-15T14:11:33.403+0200][141,924s] GC(411) ParNew: 23143K->23143K(109248K)
[2019-04-15T14:11:33.403+0200][141,924s] GC(411) CMS: 372006K->372006K(393216K)
[2019-04-15T14:11:33.403+0200][141,924s] GC(411) Metaspace: 76969K->76969K(1120256K)
[2019-04-15T14:11:33.403+0200][141,924s] GC(411) Pause Young (CMS Final Remark) 385M->385M(490M) 0,089ms
[2019-04-15T14:11:33.403+0200][141,924s] GC(411) User=0,00s Sys=0,00s Real=0,00s
[2019-04-15T14:11:33.456+0200][141,976s] GC(410) Pause Remark 385M->385M(490M) 52,734ms
[2019-04-15T14:11:33.456+0200][141,976s] GC(410) User=0,08s Sys=0,01s Real=0,06s
[2019-04-15T14:11:33.456+0200][141,977s] GC(410) Concurrent Sweep
[2019-04-15T14:11:33.495+0200][142,016s] GC(410) Concurrent Sweep 39,080ms
[2019-04-15T14:11:33.495+0200][142,016s] GC(410) User=0,08s Sys=0,00s Real=0,04s
[2019-04-15T14:11:33.495+0200][142,016s] GC(410) Concurrent Reset
[2019-04-15T14:11:33.496+0200][142,016s] GC(410) Concurrent Reset 0,335ms
[2019-04-15T14:11:33.496+0200][142,016s] GC(410) User=0,00s Sys=0,00s Real=0,00s
[2019-04-15T14:11:33.496+0200][142,016s] GC(410) Old: 372006K->366829K(393216K)
[2019-04-15T14:11:33.563+0200][142,083s] GC(412) Pause Young (Allocation Failure)
[2019-04-15T14:11:33.563+0200][142,084s] GC(412) Using 4 workers of 4 for evacuation
[2019-04-15T14:11:33.563+0200][142,084s] GC(413) Pause Full (Allocation Failure)
[2019-04-15T14:11:33.563+0200][142,084s] GC(413) Phase 1: Mark live objects
[2019-04-15T14:11:33.688+0200][142,209s] GC(413) Phase 1: Mark live objects 125,012ms
[2019-04-15T14:11:33.689+0200][142,209s] GC(413) Phase 2: Compute new object addresses
[2019-04-15T14:11:33.771+0200][142,291s] GC(413) Phase 2: Compute new object addresses 82,200ms
[2019-04-15T14:11:33.771+0200][142,291s] GC(413) Phase 3: Adjust pointers
[2019-04-15T14:11:33.881+0200][142,401s] GC(413) Phase 3: Adjust pointers 110,028ms
[2019-04-15T14:11:33.881+0200][142,401s] GC(413) Phase 4: Move objects
[2019-04-15T14:11:33.956+0200][142,476s] GC(413) Phase 4: Move objects 74,824ms
[2019-04-15T14:11:33.956+0200][142,477s] GC(413) Pause Full (Allocation Failure) 443M->358M(490M) 393,299ms
[2019-04-15T14:11:33.956+0200][142,477s] GC(412) ParNew: 87424K->0K(109248K)
[2019-04-15T14:11:33.956+0200][142,477s] GC(412) CMS: 366829K->366830K(393216K)
[2019-04-15T14:11:33.956+0200][142,477s] GC(412) Metaspace: 76969K->76969K(1120256K)
[2019-04-15T14:11:33.956+0200][142,477s] GC(412) Pause Young (Allocation Failure) 443M->358M(490M) 393,421ms
[2019-04-15T14:11:33.956+0200][142,477s] GC(412) User=0,39s Sys=0,00s Real=0,40s
[2019-04-15T14:11:33.957+0200][142,477s] GC(414) Pause Initial Mark
[2019-04-15T14:11:33.957+0200][142,478s] GC(414) Pause Initial Mark 360M->360M(490M) 0,478ms
[2019-04-15T14:11:33.957+0200][142,478s] GC(414) User=0,00s Sys=0,00s Real=0,00s
[2019-04-15T14:11:33.957+0200][142,478s] GC(414) Concurrent Mark
[2019-04-15T14:11:33.957+0200][142,478s] GC(414) Using 4 workers of 4 for marking
[2019-04-15T14:11:34.026+0200][142,547s] GC(414) Concurrent Mark 69,062ms
[2019-04-15T14:11:34.027+0200][142,547s] GC(414) User=0,22s Sys=0,01s Real=0,07s
[2019-04-15T14:11:34.027+0200][142,547s] GC(414) Concurrent Preclean
[2019-04-15T14:11:34.031+0200][142,552s] GC(414) Concurrent Preclean 4,385ms
[2019-04-15T14:11:34.031+0200][142,552s] GC(414) User=0,00s Sys=0,00s Real=0,00s
[2019-04-15T14:11:34.031+0200][142,552s] GC(414) Concurrent Abortable Preclean
[2019-04-15T14:11:34.133+0200][142,653s] GC(414) Concurrent Abortable Preclean 101,510ms
[2019-04-15T14:11:34.133+0200][142,653s] GC(414) User=0,10s Sys=0,00s Real=0,11s
[2019-04-15T14:11:34.134+0200][142,655s] GC(414) Pause Remark
[2019-04-15T14:11:34.134+0200][142,655s] GC(415) Pause Young (CMS Final Remark)
[2019-04-15T14:11:34.134+0200][142,655s] GC(415) Using 4 workers of 4 for evacuation
[2019-04-15T14:11:34.134+0200][142,655s] GC(415) ParNew: 67250K->67250K(109248K)
[2019-04-15T14:11:34.134+0200][142,655s] GC(415) CMS: 366830K->366830K(393216K)
[2019-04-15T14:11:34.134+0200][142,655s] GC(415) Metaspace: 76974K->76974K(1120256K)
[2019-04-15T14:11:34.134+0200][142,655s] GC(415) Pause Young (CMS Final Remark) 423M->423M(490M) 0,083ms
[2019-04-15T14:11:34.134+0200][142,655s] GC(415) User=0,00s Sys=0,00s Real=0,00s
[2019-04-15T14:11:34.233+0200][142,753s] GC(414) Pause Remark 423M->423M(490M) 98,909ms
[2019-04-15T14:11:34.233+0200][142,753s] GC(414) User=0,20s Sys=0,00s Real=0,10s
[2019-04-15T14:11:34.233+0200][142,754s] GC(414) Concurrent Sweep
[2019-04-15T14:11:34.280+0200][142,800s] GC(414) Concurrent Sweep 46,222ms
[2019-04-15T14:11:34.280+0200][142,800s] GC(414) User=0,09s Sys=0,00s Real=0,04s
[2019-04-15T14:11:34.280+0200][142,800s] GC(416) Pause Young (Allocation Failure)
[2019-04-15T14:11:34.280+0200][142,800s] GC(416) Using 4 workers of 4 for evacuation
[2019-04-15T14:11:34.280+0200][142,800s] GC(417) Pause Full (Allocation Failure)
[2019-04-15T14:11:34.280+0200][142,800s] GC(417) Phase 1: Mark live objects
[2019-04-15T14:11:34.375+0200][142,895s] GC(417) Phase 1: Mark live objects 95,016ms
[2019-04-15T14:11:34.375+0200][142,896s] GC(417) Phase 2: Compute new object addresses
[2019-04-15T14:11:34.438+0200][142,958s] GC(417) Phase 2: Compute new object addresses 62,524ms
[2019-04-15T14:11:34.438+0200][142,958s] GC(417) Phase 3: Adjust pointers
[2019-04-15T14:11:34.497+0200][143,017s] GC(417) Phase 3: Adjust pointers 59,186ms
[2019-04-15T14:11:34.497+0200][143,017s] GC(417) Phase 4: Move objects
[2019-04-15T14:11:34.590+0200][143,111s] GC(417) Phase 4: Move objects 93,351ms
[2019-04-15T14:11:34.591+0200][143,112s] GC(417) Pause Full (Allocation Failure) 443M->359M(490M) 311,397ms
[2019-04-15T14:11:34.591+0200][143,112s] GC(416) ParNew: 87424K->0K(109248K)
[2019-04-15T14:11:34.591+0200][143,112s] GC(416) CMS: 366865K->368310K(393216K)
[2019-04-15T14:11:34.591+0200][143,112s] GC(416) Metaspace: 76974K->76974K(1120256K)
[2019-04-15T14:11:34.591+0200][143,112s] GC(416) Pause Young (Allocation Failure) 443M->359M(490M) 311,533ms
[2019-04-15T14:11:34.591+0200][143,112s] GC(416) User=0,31s Sys=0,00s Real=0,31s
[2019-04-15T14:11:34.591+0200][143,112s] GC(414) Old: 366830K->368310K(393216K)
[2019-04-15T14:11:34.726+0200][143,247s] GC(418) Pause Young (Allocation Failure)
[2019-04-15T14:11:34.726+0200][143,247s] GC(418) Using 4 workers of 4 for evacuation
[2019-04-15T14:11:34.726+0200][143,247s] GC(419) Pause Full (Allocation Failure)
[2019-04-15T14:11:34.727+0200][143,247s] GC(419) Phase 1: Mark live objects
[2019-04-15T14:11:34.811+0200][143,331s] GC(419) Phase 1: Mark live objects 84,079ms
[2019-04-15T14:11:34.811+0200][143,331s] GC(419) Phase 2: Compute new object addresses
[2019-04-15T14:11:34.877+0200][143,397s] GC(419) Phase 2: Compute new object addresses 65,961ms
[2019-04-15T14:11:34.877+0200][143,397s] GC(419) Phase 3: Adjust pointers
[2019-04-15T14:11:34.930+0200][143,451s] GC(419) Phase 3: Adjust pointers 53,576ms
[2019-04-15T14:11:34.930+0200][143,451s] GC(419) Phase 4: Move objects
[2019-04-15T14:11:34.931+0200][143,452s] GC(419) Phase 4: Move objects 0,768ms
[2019-04-15T14:11:34.933+0200][143,453s] GC(419) Pause Full (Allocation Failure) 445M->355M(490M) 206,662ms
[2019-04-15T14:11:34.933+0200][143,453s] GC(418) ParNew: 87424K->0K(109248K)
[2019-04-15T14:11:34.933+0200][143,453s] GC(418) CMS: 368310K->364502K(393216K)
[2019-04-15T14:11:34.933+0200][143,454s] GC(418) Metaspace: 76923K->76923K(1120256K)
[2019-04-15T14:11:34.933+0200][143,454s] GC(418) Pause Young (Allocation Failure) 445M->355M(490M) 206,844ms
[2019-04-15T14:11:34.933+0200][143,454s] GC(418) User=0,20s Sys=0,00s Real=0,21s
[2019-04-15T14:11:34.934+0200][143,455s] GC(420) Pause Initial Mark
[2019-04-15T14:11:34.935+0200][143,456s] GC(420) Pause Initial Mark 357M->357M(490M) 0,837ms
[2019-04-15T14:11:34.935+0200][143,456s] GC(420) User=0,00s Sys=0,00s Real=0,00s
[2019-04-15T14:11:34.935+0200][143,456s] GC(420) Concurrent Mark
[2019-04-15T14:11:34.935+0200][143,456s] GC(420) Using 4 workers of 4 for marking
[2019-04-15T14:11:34.991+0200][143,511s] GC(420) Concurrent Mark 55,152ms
[2019-04-15T14:11:34.991+0200][143,511s] GC(420) User=0,20s Sys=0,00s Real=0,05s
[2019-04-15T14:11:34.991+0200][143,511s] GC(420) Concurrent Preclean
[2019-04-15T14:11:34.992+0200][143,513s] GC(420) Concurrent Preclean 1,559ms
[2019-04-15T14:11:34.992+0200][143,513s] GC(420) User=0,00s Sys=0,00s Real=0,00s
[2019-04-15T14:11:34.992+0200][143,513s] GC(420) Concurrent Abortable Preclean
[2019-04-15T14:11:35.093+0200][143,614s] GC(420) Concurrent Abortable Preclean 100,966ms
[2019-04-15T14:11:35.093+0200][143,614s] GC(420) User=0,10s Sys=0,00s Real=0,11s
[2019-04-15T14:11:35.093+0200][143,614s] GC(420) Pause Remark
[2019-04-15T14:11:35.093+0200][143,614s] GC(421) Pause Young (CMS Final Remark)
[2019-04-15T14:11:35.093+0200][143,614s] GC(421) Using 4 workers of 4 for evacuation
[2019-04-15T14:11:35.094+0200][143,614s] GC(421) ParNew: 76416K->76416K(109248K)
[2019-04-15T14:11:35.094+0200][143,614s] GC(421) CMS: 364502K->364502K(393216K)
[2019-04-15T14:11:35.094+0200][143,614s] GC(421) Metaspace: 76923K->76923K(1120256K)
[2019-04-15T14:11:35.094+0200][143,614s] GC(421) Pause Young (CMS Final Remark) 430M->430M(490M) 0,056ms
[2019-04-15T14:11:35.094+0200][143,614s] GC(421) User=0,00s Sys=0,00s Real=0,00s
[2019-04-15T14:11:35.166+0200][143,687s] GC(420) Pause Remark 430M->430M(490M) 72,879ms
[2019-04-15T14:11:35.166+0200][143,687s] GC(420) User=0,19s Sys=0,00s Real=0,07s
[2019-04-15T14:11:35.167+0200][143,687s] GC(420) Concurrent Sweep
[2019-04-15T14:11:35.236+0200][143,756s] GC(420) Concurrent Sweep 68,832ms
[2019-04-15T14:11:35.236+0200][143,756s] GC(420) User=0,13s Sys=0,00s Real=0,07s
[2019-04-15T14:11:35.236+0200][143,756s] GC(422) Pause Young (Allocation Failure)
[2019-04-15T14:11:35.236+0200][143,756s] GC(422) Using 4 workers of 4 for evacuation
[2019-04-15T14:11:35.236+0200][143,756s] GC(423) Pause Full (Allocation Failure)
[2019-04-15T14:11:35.236+0200][143,757s] GC(423) Phase 1: Mark live objects
[2019-04-15T14:11:35.327+0200][143,847s] GC(423) Phase 1: Mark live objects 90,737ms
[2019-04-15T14:11:35.327+0200][143,848s] GC(423) Phase 2: Compute new object addresses
[2019-04-15T14:11:35.388+0200][143,909s] GC(423) Phase 2: Compute new object addresses 61,041ms
[2019-04-15T14:11:35.388+0200][143,909s] GC(423) Phase 3: Adjust pointers
[2019-04-15T14:11:35.451+0200][143,972s] GC(423) Phase 3: Adjust pointers 62,954ms
[2019-04-15T14:11:35.451+0200][143,972s] GC(423) Phase 4: Move objects
[2019-04-15T14:11:35.543+0200][144,063s] GC(423) Phase 4: Move objects 91,373ms
[2019-04-15T14:11:35.543+0200][144,064s] GC(423) Pause Full (Allocation Failure) 443M->358M(490M) 307,376ms
[2019-04-15T14:11:35.543+0200][144,064s] GC(422) ParNew: 87424K->0K(109248K)
[2019-04-15T14:11:35.543+0200][144,064s] GC(422) CMS: 366338K->367417K(393216K)
[2019-04-15T14:11:35.543+0200][144,064s] GC(422) Metaspace: 76923K->76923K(1120256K)
[2019-04-15T14:11:35.543+0200][144,064s] GC(422) Pause Young (Allocation Failure) 443M->358M(490M) 307,491ms
[2019-04-15T14:11:35.543+0200][144,064s] GC(422) User=0,30s Sys=0,00s Real=0,30s
[2019-04-15T14:11:35.544+0200][144,064s] GC(420) Old: 364502K->367417K(393216K)
[2019-04-15T14:11:35.702+0200][144,222s] GC(424) Pause Young (Allocation Failure)
[2019-04-15T14:11:35.702+0200][144,222s] GC(424) Using 4 workers of 4 for evacuation
[2019-04-15T14:11:35.702+0200][144,222s] GC(425) Pause Full (Allocation Failure)
[2019-04-15T14:11:35.703+0200][144,223s] GC(425) Phase 1: Mark live objects
[2019-04-15T14:11:35.788+0200][144,309s] GC(425) Phase 1: Mark live objects 85,521ms
[2019-04-15T14:11:35.788+0200][144,309s] GC(425) Phase 2: Compute new object addresses
[2019-04-15T14:11:35.851+0200][144,372s] GC(425) Phase 2: Compute new object addresses 62,811ms
[2019-04-15T14:11:35.851+0200][144,372s] GC(425) Phase 3: Adjust pointers
[2019-04-15T14:11:35.905+0200][144,425s] GC(425) Phase 3: Adjust pointers 53,785ms
[2019-04-15T14:11:35.905+0200][144,426s] GC(425) Phase 4: Move objects
[2019-04-15T14:11:35.910+0200][144,430s] GC(425) Phase 4: Move objects 4,861ms
[2019-04-15T14:11:35.911+0200][144,432s] GC(425) Pause Full (Allocation Failure) 444M->364M(490M) 209,396ms
[2019-04-15T14:11:35.911+0200][144,432s] GC(424) ParNew: 87424K->0K(109248K)
[2019-04-15T14:11:35.911+0200][144,432s] GC(424) CMS: 367417K->373079K(393216K)
[2019-04-15T14:11:35.911+0200][144,432s] GC(424) Metaspace: 76915K->76915K(1120256K)
[2019-04-15T14:11:35.911+0200][144,432s] GC(424) Pause Young (Allocation Failure) 444M->364M(490M) 209,572ms
[2019-04-15T14:11:35.911+0200][144,432s] GC(424) User=0,21s Sys=0,00s Real=0,21s
[2019-04-15T14:11:35.912+0200][144,432s] GC(426) Pause Initial Mark
[2019-04-15T14:11:35.912+0200][144,432s] GC(426) Pause Initial Mark 365M->365M(490M) 0,289ms
[2019-04-15T14:11:35.912+0200][144,432s] GC(426) User=0,00s Sys=0,00s Real=0,00s
[2019-04-15T14:11:35.912+0200][144,432s] GC(426) Concurrent Mark
[2019-04-15T14:11:35.912+0200][144,432s] GC(426) Using 4 workers of 4 for marking
[2019-04-15T14:11:35.965+0200][144,486s] GC(426) Concurrent Mark 53,269ms
[2019-04-15T14:11:35.965+0200][144,486s] GC(426) User=0,19s Sys=0,00s Real=0,06s
[2019-04-15T14:11:35.965+0200][144,486s] GC(426) Concurrent Preclean
[2019-04-15T14:11:35.967+0200][144,487s] GC(426) Concurrent Preclean 1,227ms
[2019-04-15T14:11:35.967+0200][144,487s] GC(426) User=0,01s Sys=0,00s Real=0,00s
[2019-04-15T14:11:35.967+0200][144,487s] GC(426) Concurrent Abortable Preclean
[2019-04-15T14:11:35.967+0200][144,487s] GC(426) Concurrent Abortable Preclean 0,011ms
[2019-04-15T14:11:35.967+0200][144,487s] GC(426) User=0,00s Sys=0,00s Real=0,00s
[2019-04-15T14:11:35.967+0200][144,487s] GC(426) Pause Remark
[2019-04-15T14:11:35.967+0200][144,487s] GC(427) Pause Young (CMS Final Remark)
[2019-04-15T14:11:35.967+0200][144,487s] GC(427) Using 4 workers of 4 for evacuation
[2019-04-15T14:11:35.967+0200][144,487s] GC(427) ParNew: 24214K->24214K(109248K)
[2019-04-15T14:11:35.967+0200][144,487s] GC(427) CMS: 373079K->373079K(393216K)
[2019-04-15T14:11:35.967+0200][144,487s] GC(427) Metaspace: 76915K->76915K(1120256K)
[2019-04-15T14:11:35.967+0200][144,487s] GC(427) Pause Young (CMS Final Remark) 387M->387M(490M) 0,050ms
[2019-04-15T14:11:35.967+0200][144,487s] GC(427) User=0,00s Sys=0,00s Real=0,00s
[2019-04-15T14:11:36.007+0200][144,527s] GC(426) Pause Remark 387M->387M(490M) 40,116ms
[2019-04-15T14:11:36.007+0200][144,527s] GC(426) User=0,08s Sys=0,00s Real=0,04s
[2019-04-15T14:11:36.007+0200][144,527s] GC(426) Concurrent Sweep
[2019-04-15T14:11:36.045+0200][144,565s] GC(426) Concurrent Sweep 38,139ms
[2019-04-15T14:11:36.045+0200][144,566s] GC(426) User=0,07s Sys=0,00s Real=0,04s
[2019-04-15T14:11:36.045+0200][144,566s] GC(426) Concurrent Reset
[2019-04-15T14:11:36.045+0200][144,566s] GC(426) Concurrent Reset 0,281ms
[2019-04-15T14:11:36.045+0200][144,566s] GC(426) User=0,00s Sys=0,00s Real=0,00s
[2019-04-15T14:11:36.045+0200][144,566s] GC(426) Old: 373079K->369110K(393216K)
[2019-04-15T14:11:36.105+0200][144,626s] GC(428) Pause Young (Allocation Failure)
[2019-04-15T14:11:36.105+0200][144,626s] GC(428) Using 4 workers of 4 for evacuation
[2019-04-15T14:11:36.105+0200][144,626s] GC(429) Pause Full (Allocation Failure)
[2019-04-15T14:11:36.106+0200][144,626s] GC(429) Phase 1: Mark live objects
[2019-04-15T14:11:36.191+0200][144,711s] GC(429) Phase 1: Mark live objects 84,830ms
[2019-04-15T14:11:36.191+0200][144,711s] GC(429) Phase 2: Compute new object addresses
[2019-04-15T14:11:36.255+0200][144,775s] GC(429) Phase 2: Compute new object addresses 63,875ms
[2019-04-15T14:11:36.255+0200][144,775s] GC(429) Phase 3: Adjust pointers
[2019-04-15T14:11:36.334+0200][144,855s] GC(429) Phase 3: Adjust pointers 79,532ms
[2019-04-15T14:11:36.334+0200][144,855s] GC(429) Phase 4: Move objects
[2019-04-15T14:11:36.336+0200][144,856s] GC(429) Phase 4: Move objects 1,291ms
[2019-04-15T14:11:36.338+0200][144,858s] GC(429) Pause Full (Allocation Failure) 445M->358M(490M) 232,647ms
[2019-04-15T14:11:36.338+0200][144,858s] GC(428) ParNew: 87424K->0K(109248K)
[2019-04-15T14:11:36.338+0200][144,858s] GC(428) CMS: 369110K->367205K(393216K)
[2019-04-15T14:11:36.338+0200][144,858s] GC(428) Metaspace: 76915K->76915K(1120256K)
[2019-04-15T14:11:36.338+0200][144,859s] GC(428) Pause Young (Allocation Failure) 445M->358M(490M) 232,978ms
[2019-04-15T14:11:36.338+0200][144,859s] GC(428) User=0,23s Sys=0,00s Real=0,23s
[2019-04-15T14:11:36.341+0200][144,862s] GC(430) Pause Initial Mark
[2019-04-15T14:11:36.342+0200][144,863s] GC(430) Pause Initial Mark 359M->359M(490M) 1,174ms
[2019-04-15T14:11:36.342+0200][144,863s] GC(430) User=0,00s Sys=0,00s Real=0,00s
[2019-04-15T14:11:36.343+0200][144,863s] GC(430) Concurrent Mark
[2019-04-15T14:11:36.343+0200][144,863s] GC(430) Using 4 workers of 4 for marking
[2019-04-15T14:11:36.392+0200][144,913s] GC(430) Concurrent Mark 49,574ms
[2019-04-15T14:11:36.392+0200][144,913s] GC(430) User=0,15s Sys=0,01s Real=0,05s
[2019-04-15T14:11:36.392+0200][144,913s] GC(430) Concurrent Preclean
[2019-04-15T14:11:36.393+0200][144,914s] GC(430) Concurrent Preclean 1,087ms
[2019-04-15T14:11:36.393+0200][144,914s] GC(430) User=0,00s Sys=0,00s Real=0,01s
[2019-04-15T14:11:36.393+0200][144,914s] GC(430) Concurrent Abortable Preclean
[2019-04-15T14:11:36.494+0200][145,015s] GC(430) Concurrent Abortable Preclean 101,031ms
[2019-04-15T14:11:36.494+0200][145,015s] GC(430) User=0,10s Sys=0,00s Real=0,10s
[2019-04-15T14:11:36.495+0200][145,015s] GC(430) Pause Remark
[2019-04-15T14:11:36.495+0200][145,015s] GC(431) Pause Young (CMS Final Remark)
[2019-04-15T14:11:36.495+0200][145,015s] GC(431) Using 4 workers of 4 for evacuation
[2019-04-15T14:11:36.495+0200][145,015s] GC(431) ParNew: 66211K->66211K(109248K)
[2019-04-15T14:11:36.495+0200][145,015s] GC(431) CMS: 367205K->367205K(393216K)
[2019-04-15T14:11:36.495+0200][145,015s] GC(431) Metaspace: 76915K->76915K(1120256K)
[2019-04-15T14:11:36.495+0200][145,015s] GC(431) Pause Young (CMS Final Remark) 423M->423M(490M) 0,052ms
[2019-04-15T14:11:36.495+0200][145,015s] GC(431) User=0,00s Sys=0,00s Real=0,00s
[2019-04-15T14:11:36.613+0200][145,134s] GC(430) Pause Remark 423M->423M(490M) 118,709ms
[2019-04-15T14:11:36.614+0200][145,134s] GC(430) User=0,23s Sys=0,00s Real=0,12s
[2019-04-15T14:11:36.616+0200][145,137s] GC(430) Concurrent Sweep
[2019-04-15T14:11:36.687+0200][145,208s] GC(430) Concurrent Sweep 71,088ms
[2019-04-15T14:11:36.687+0200][145,208s] GC(430) User=0,13s Sys=0,00s Real=0,07s
[2019-04-15T14:11:36.688+0200][145,208s] GC(432) Pause Young (Allocation Failure)
[2019-04-15T14:11:36.688+0200][145,208s] GC(432) Using 4 workers of 4 for evacuation
[2019-04-15T14:11:36.688+0200][145,208s] GC(433) Pause Full (Allocation Failure)
[2019-04-15T14:11:36.688+0200][145,208s] GC(433) Phase 1: Mark live objects
[2019-04-15T14:11:36.827+0200][145,348s] GC(433) Phase 1: Mark live objects 139,349ms
[2019-04-15T14:11:36.827+0200][145,348s] GC(433) Phase 2: Compute new object addresses
[2019-04-15T14:11:36.896+0200][145,416s] GC(433) Phase 2: Compute new object addresses 68,512ms
[2019-04-15T14:11:36.896+0200][145,416s] GC(433) Phase 3: Adjust pointers
[2019-04-15T14:11:36.970+0200][145,490s] GC(433) Phase 3: Adjust pointers 73,513ms
[2019-04-15T14:11:36.970+0200][145,490s] GC(433) Phase 4: Move objects
[2019-04-15T14:11:37.056+0200][145,577s] GC(433) Phase 4: Move objects 86,853ms
[2019-04-15T14:11:37.058+0200][145,578s] GC(433) Pause Full (Allocation Failure) 444M->355M(490M) 369,987ms
[2019-04-15T14:11:37.058+0200][145,578s] GC(432) ParNew: 87424K->0K(109248K)
[2019-04-15T14:11:37.058+0200][145,578s] GC(432) CMS: 367651K->364327K(393216K)
[2019-04-15T14:11:37.058+0200][145,578s] GC(432) Metaspace: 76918K->76918K(1120256K)
[2019-04-15T14:11:37.058+0200][145,578s] GC(432) Pause Young (Allocation Failure) 444M->355M(490M) 370,135ms
[2019-04-15T14:11:37.058+0200][145,578s] GC(432) User=0,37s Sys=0,00s Real=0,37s
[2019-04-15T14:11:37.058+0200][145,578s] GC(430) Old: 367205K->364327K(393216K)
[2019-04-15T14:11:37.249+0200][145,769s] GC(434) Pause Young (Allocation Failure)
[2019-04-15T14:11:37.249+0200][145,769s] GC(434) Using 4 workers of 4 for evacuation
[2019-04-15T14:11:37.249+0200][145,769s] GC(435) Pause Full (Allocation Failure)
[2019-04-15T14:11:37.249+0200][145,770s] GC(435) Phase 1: Mark live objects
[2019-04-15T14:11:37.365+0200][145,886s] GC(435) Phase 1: Mark live objects 115,927ms
[2019-04-15T14:11:37.365+0200][145,886s] GC(435) Phase 2: Compute new object addresses
[2019-04-15T14:11:37.444+0200][145,965s] GC(435) Phase 2: Compute new object addresses 78,918ms
[2019-04-15T14:11:37.444+0200][145,965s] GC(435) Phase 3: Adjust pointers
[2019-04-15T14:11:37.520+0200][146,041s] GC(435) Phase 3: Adjust pointers 76,133ms
[2019-04-15T14:11:37.520+0200][146,041s] GC(435) Phase 4: Move objects
[2019-04-15T14:11:37.522+0200][146,043s] GC(435) Phase 4: Move objects 1,753ms
[2019-04-15T14:11:37.525+0200][146,046s] GC(435) Pause Full (Allocation Failure) 441M->361M(490M) 276,577ms
[2019-04-15T14:11:37.526+0200][146,046s] GC(434) ParNew: 87424K->0K(109248K)
[2019-04-15T14:11:37.526+0200][146,046s] GC(434) CMS: 364327K->369853K(393216K)
[2019-04-15T14:11:37.526+0200][146,046s] GC(434) Metaspace: 76918K->76918K(1120256K)
[2019-04-15T14:11:37.526+0200][146,046s] GC(434) Pause Young (Allocation Failure) 441M->361M(490M) 276,953ms
[2019-04-15T14:11:37.526+0200][146,046s] GC(434) User=0,27s Sys=0,00s Real=0,28s
[2019-04-15T14:11:37.527+0200][146,047s] GC(436) Pause Initial Mark
[2019-04-15T14:11:37.529+0200][146,049s] GC(436) Pause Initial Mark 362M->362M(490M) 1,655ms
[2019-04-15T14:11:37.529+0200][146,049s] GC(436) User=0,00s Sys=0,00s Real=0,00s
[2019-04-15T14:11:37.529+0200][146,049s] GC(436) Concurrent Mark
[2019-04-15T14:11:37.529+0200][146,049s] GC(436) Using 4 workers of 4 for marking
[2019-04-15T14:11:37.597+0200][146,117s] GC(436) Concurrent Mark 68,155ms
[2019-04-15T14:11:37.597+0200][146,117s] GC(436) User=0,19s Sys=0,00s Real=0,07s
[2019-04-15T14:11:37.597+0200][146,117s] GC(436) Concurrent Preclean
[2019-04-15T14:11:37.598+0200][146,119s] GC(436) Concurrent Preclean 1,243ms
[2019-04-15T14:11:37.598+0200][146,119s] GC(436) User=0,00s Sys=0,00s Real=0,00s
[2019-04-15T14:11:37.598+0200][146,119s] GC(436) Concurrent Abortable Preclean
[2019-04-15T14:11:37.700+0200][146,220s] GC(436) Concurrent Abortable Preclean 101,307ms
[2019-04-15T14:11:37.700+0200][146,220s] GC(436) User=0,10s Sys=0,00s Real=0,10s
[2019-04-15T14:11:37.702+0200][146,222s] GC(436) Pause Remark
[2019-04-15T14:11:37.702+0200][146,222s] GC(437) Pause Young (CMS Final Remark)
[2019-04-15T14:11:37.702+0200][146,223s] GC(437) Using 4 workers of 4 for evacuation
[2019-04-15T14:11:37.702+0200][146,223s] GC(437) ParNew: 57926K->57926K(109248K)
[2019-04-15T14:11:37.702+0200][146,223s] GC(437) CMS: 369853K->369853K(393216K)
[2019-04-15T14:11:37.702+0200][146,223s] GC(437) Metaspace: 76920K->76920K(1120256K)
[2019-04-15T14:11:37.703+0200][146,223s] GC(437) Pause Young (CMS Final Remark) 417M->417M(490M) 0,525ms
[2019-04-15T14:11:37.703+0200][146,223s] GC(437) User=0,00s Sys=0,00s Real=0,00s
[2019-04-15T14:11:37.857+0200][146,378s] GC(436) Pause Remark 417M->417M(490M) 155,791ms
[2019-04-15T14:11:37.857+0200][146,378s] GC(436) User=0,22s Sys=0,00s Real=0,16s
[2019-04-15T14:11:37.861+0200][146,381s] GC(436) Concurrent Sweep
[2019-04-15T14:11:37.910+0200][146,430s] GC(436) Concurrent Sweep 49,003ms
[2019-04-15T14:11:37.910+0200][146,430s] GC(436) User=0,08s Sys=0,00s Real=0,05s
[2019-04-15T14:11:37.910+0200][146,430s] GC(436) Concurrent Reset
[2019-04-15T14:11:37.910+0200][146,431s] GC(436) Concurrent Reset 0,389ms
[2019-04-15T14:11:37.910+0200][146,431s] GC(436) User=0,00s Sys=0,00s Real=0,00s
[2019-04-15T14:11:37.911+0200][146,431s] GC(436) Old: 369853K->369852K(393216K)
[2019-04-15T14:11:37.938+0200][146,458s] GC(438) Pause Young (Allocation Failure)
[2019-04-15T14:11:37.938+0200][146,458s] GC(438) Using 4 workers of 4 for evacuation
[2019-04-15T14:11:37.938+0200][146,459s] GC(439) Pause Full (Allocation Failure)
[2019-04-15T14:11:37.940+0200][146,460s] GC(439) Phase 1: Mark live objects
[2019-04-15T14:11:38.075+0200][146,595s] GC(439) Phase 1: Mark live objects 135,188ms
[2019-04-15T14:11:38.075+0200][146,596s] GC(439) Phase 2: Compute new object addresses
[2019-04-15T14:11:38.146+0200][146,667s] GC(439) Phase 2: Compute new object addresses 71,010ms
[2019-04-15T14:11:38.146+0200][146,667s] GC(439) Phase 3: Adjust pointers
[2019-04-15T14:11:38.250+0200][146,771s] GC(439) Phase 3: Adjust pointers 104,065ms
[2019-04-15T14:11:38.250+0200][146,771s] GC(439) Phase 4: Move objects
[2019-04-15T14:11:38.252+0200][146,772s] GC(439) Phase 4: Move objects 1,595ms
[2019-04-15T14:11:38.253+0200][146,773s] GC(439) Pause Full (Allocation Failure) 446M->361M(490M) 314,745ms
[2019-04-15T14:11:38.253+0200][146,773s] GC(438) ParNew: 87424K->0K(109248K)
[2019-04-15T14:11:38.253+0200][146,773s] GC(438) CMS: 369852K->369853K(393216K)
[2019-04-15T14:11:38.253+0200][146,773s] GC(438) Metaspace: 76920K->76920K(1120256K)
[2019-04-15T14:11:38.253+0200][146,773s] GC(438) Pause Young (Allocation Failure) 446M->361M(490M) 315,266ms
[2019-04-15T14:11:38.253+0200][146,773s] GC(438) User=0,29s Sys=0,01s Real=0,32s
[2019-04-15T14:11:38.253+0200][146,774s] GC(440) Pause Initial Mark
[2019-04-15T14:11:38.254+0200][146,775s] GC(440) Pause Initial Mark 362M->362M(490M) 0,860ms
[2019-04-15T14:11:38.254+0200][146,775s] GC(440) User=0,00s Sys=0,00s Real=0,00s
[2019-04-15T14:11:38.254+0200][146,775s] GC(440) Concurrent Mark
[2019-04-15T14:11:38.254+0200][146,775s] GC(440) Using 4 workers of 4 for marking
[2019-04-15T14:11:38.330+0200][146,851s] GC(440) Concurrent Mark 76,217ms
[2019-04-15T14:11:38.330+0200][146,851s] GC(440) User=0,21s Sys=0,00s Real=0,07s
[2019-04-15T14:11:38.330+0200][146,851s] GC(440) Concurrent Preclean
[2019-04-15T14:11:38.332+0200][146,852s] GC(440) Concurrent Preclean 1,289ms
[2019-04-15T14:11:38.332+0200][146,852s] GC(440) User=0,01s Sys=0,00s Real=0,00s
[2019-04-15T14:11:38.332+0200][146,852s] GC(440) Concurrent Abortable Preclean
[2019-04-15T14:11:38.433+0200][146,954s] GC(440) Concurrent Abortable Preclean 101,509ms
[2019-04-15T14:11:38.433+0200][146,954s] GC(440) User=0,10s Sys=0,00s Real=0,11s
[2019-04-15T14:11:38.434+0200][146,954s] GC(440) Pause Remark
[2019-04-15T14:11:38.434+0200][146,954s] GC(441) Pause Young (CMS Final Remark)
[2019-04-15T14:11:38.434+0200][146,954s] GC(441) Using 4 workers of 4 for evacuation
[2019-04-15T14:11:38.434+0200][146,954s] GC(441) ParNew: 74060K->74060K(109248K)
[2019-04-15T14:11:38.434+0200][146,954s] GC(441) CMS: 369853K->369853K(393216K)
[2019-04-15T14:11:38.434+0200][146,954s] GC(441) Metaspace: 76920K->76920K(1120256K)
[2019-04-15T14:11:38.434+0200][146,954s] GC(441) Pause Young (CMS Final Remark) 433M->433M(490M) 0,084ms
[2019-04-15T14:11:38.434+0200][146,954s] GC(441) User=0,00s Sys=0,00s Real=0,00s
[2019-04-15T14:11:38.556+0200][147,077s] GC(440) Pause Remark 433M->433M(490M) 122,782ms
[2019-04-15T14:11:38.556+0200][147,077s] GC(440) User=0,22s Sys=0,00s Real=0,12s
[2019-04-15T14:11:38.561+0200][147,081s] GC(440) Concurrent Sweep
[2019-04-15T14:11:38.641+0200][147,161s] GC(440) Concurrent Sweep 80,079ms
[2019-04-15T14:11:38.641+0200][147,161s] GC(440) User=0,14s Sys=0,01s Real=0,08s
[2019-04-15T14:11:38.641+0200][147,161s] GC(442) Pause Young (Allocation Failure)
[2019-04-15T14:11:38.641+0200][147,161s] GC(442) Using 4 workers of 4 for evacuation
[2019-04-15T14:11:38.641+0200][147,161s] GC(443) Pause Full (Allocation Failure)
[2019-04-15T14:11:38.641+0200][147,162s] GC(443) Phase 1: Mark live objects
[2019-04-15T14:11:38.775+0200][147,295s] GC(443) Phase 1: Mark live objects 133,231ms
[2019-04-15T14:11:38.775+0200][147,295s] GC(443) Phase 2: Compute new object addresses
[2019-04-15T14:11:38.861+0200][147,381s] GC(443) Phase 2: Compute new object addresses 85,959ms
[2019-04-15T14:11:38.861+0200][147,381s] GC(443) Phase 3: Adjust pointers
[2019-04-15T14:11:38.953+0200][147,474s] GC(443) Phase 3: Adjust pointers 92,725ms
[2019-04-15T14:11:38.953+0200][147,474s] GC(443) Phase 4: Move objects
[2019-04-15T14:11:39.061+0200][147,582s] GC(443) Phase 4: Move objects 107,685ms
[2019-04-15T14:11:39.062+0200][147,583s] GC(443) Pause Full (Allocation Failure) 448M->361M(490M) 421,433ms
[2019-04-15T14:11:39.062+0200][147,583s] GC(442) ParNew: 87424K->0K(109248K)
[2019-04-15T14:11:39.062+0200][147,583s] GC(442) CMS: 371440K->369697K(393216K)
[2019-04-15T14:11:39.062+0200][147,583s] GC(442) Metaspace: 76922K->76922K(1120256K)
[2019-04-15T14:11:39.062+0200][147,583s] GC(442) Pause Young (Allocation Failure) 448M->361M(490M) 421,600ms
[2019-04-15T14:11:39.062+0200][147,583s] GC(442) User=0,40s Sys=0,00s Real=0,42s
[2019-04-15T14:11:39.065+0200][147,586s] GC(440) Old: 369853K->369697K(393216K)
[2019-04-15T14:11:39.320+0200][147,840s] GC(444) Pause Young (Allocation Failure)
[2019-04-15T14:11:39.320+0200][147,840s] GC(444) Using 4 workers of 4 for evacuation
[2019-04-15T14:11:39.320+0200][147,840s] GC(445) Pause Full (Allocation Failure)
[2019-04-15T14:11:39.321+0200][147,842s] GC(445) Phase 1: Mark live objects
[2019-04-15T14:11:39.435+0200][147,955s] GC(445) Phase 1: Mark live objects 113,683ms
[2019-04-15T14:11:39.435+0200][147,955s] GC(445) Phase 2: Compute new object addresses
[2019-04-15T14:11:39.498+0200][148,018s] GC(445) Phase 2: Compute new object addresses 63,090ms
[2019-04-15T14:11:39.498+0200][148,018s] GC(445) Phase 3: Adjust pointers
[2019-04-15T14:11:39.576+0200][148,096s] GC(445) Phase 3: Adjust pointers 77,556ms
[2019-04-15T14:11:39.576+0200][148,096s] GC(445) Phase 4: Move objects
[2019-04-15T14:11:39.581+0200][148,101s] GC(445) Phase 4: Move objects 5,346ms
[2019-04-15T14:11:39.582+0200][148,102s] GC(445) Pause Full (Allocation Failure) 446M->368M(490M) 261,995ms
[2019-04-15T14:11:39.582+0200][148,102s] GC(444) ParNew: 87424K->0K(109248K)
[2019-04-15T14:11:39.582+0200][148,102s] GC(444) CMS: 369697K->377368K(393216K)
[2019-04-15T14:11:39.582+0200][148,102s] GC(444) Metaspace: 76922K->76922K(1120256K)
[2019-04-15T14:11:39.582+0200][148,103s] GC(444) Pause Young (Allocation Failure) 446M->368M(490M) 262,167ms
[2019-04-15T14:11:39.582+0200][148,103s] GC(444) User=0,27s Sys=0,00s Real=0,26s
[2019-04-15T14:11:39.582+0200][148,103s] GC(446) Pause Initial Mark
[2019-04-15T14:11:39.583+0200][148,104s] GC(446) Pause Initial Mark 369M->369M(490M) 0,757ms
[2019-04-15T14:11:39.583+0200][148,104s] GC(446) User=0,00s Sys=0,00s Real=0,00s
[2019-04-15T14:11:39.583+0200][148,104s] GC(446) Concurrent Mark
[2019-04-15T14:11:39.583+0200][148,104s] GC(446) Using 4 workers of 4 for marking
[2019-04-15T14:11:39.657+0200][148,178s] GC(446) Concurrent Mark 73,829ms
[2019-04-15T14:11:39.657+0200][148,178s] GC(446) User=0,22s Sys=0,00s Real=0,08s
[2019-04-15T14:11:39.657+0200][148,178s] GC(446) Concurrent Preclean
[2019-04-15T14:11:39.659+0200][148,179s] GC(446) Concurrent Preclean 1,685ms
[2019-04-15T14:11:39.659+0200][148,179s] GC(446) User=0,00s Sys=0,00s Real=0,00s
[2019-04-15T14:11:39.659+0200][148,179s] GC(446) Concurrent Abortable Preclean
[2019-04-15T14:11:39.659+0200][148,179s] GC(446) Concurrent Abortable Preclean 0,012ms
[2019-04-15T14:11:39.659+0200][148,179s] GC(446) User=0,00s Sys=0,00s Real=0,00s
[2019-04-15T14:11:39.659+0200][148,179s] GC(446) Pause Remark
[2019-04-15T14:11:39.659+0200][148,179s] GC(447) Pause Young (CMS Final Remark)
[2019-04-15T14:11:39.659+0200][148,179s] GC(447) Using 4 workers of 4 for evacuation
[2019-04-15T14:11:39.659+0200][148,179s] GC(447) ParNew: 25122K->25122K(109248K)
[2019-04-15T14:11:39.659+0200][148,179s] GC(447) CMS: 377368K->377368K(393216K)
[2019-04-15T14:11:39.659+0200][148,180s] GC(447) Metaspace: 76923K->76923K(1120256K)
[2019-04-15T14:11:39.659+0200][148,180s] GC(447) Pause Young (CMS Final Remark) 393M->393M(490M) 0,075ms
[2019-04-15T14:11:39.659+0200][148,180s] GC(447) User=0,00s Sys=0,00s Real=0,00s
[2019-04-15T14:11:39.716+0200][148,236s] GC(446) Pause Remark 393M->393M(490M) 56,729ms
[2019-04-15T14:11:39.716+0200][148,236s] GC(446) User=0,10s Sys=0,00s Real=0,06s
[2019-04-15T14:11:39.716+0200][148,236s] GC(446) Concurrent Sweep
[2019-04-15T14:11:39.767+0200][148,287s] GC(446) Concurrent Sweep 51,142ms
[2019-04-15T14:11:39.767+0200][148,287s] GC(446) User=0,10s Sys=0,00s Real=0,05s
[2019-04-15T14:11:39.767+0200][148,287s] GC(446) Concurrent Reset
[2019-04-15T14:11:39.767+0200][148,288s] GC(446) Concurrent Reset 0,393ms
[2019-04-15T14:11:39.767+0200][148,288s] GC(446) User=0,00s Sys=0,00s Real=0,00s
[2019-04-15T14:11:39.768+0200][148,288s] GC(446) Old: 377368K->369934K(393216K)
[2019-04-15T14:11:39.832+0200][148,352s] GC(448) Pause Young (Allocation Failure)
[2019-04-15T14:11:39.832+0200][148,352s] GC(448) Using 4 workers of 4 for evacuation
[2019-04-15T14:11:39.832+0200][148,352s] GC(449) Pause Full (Allocation Failure)
[2019-04-15T14:11:39.832+0200][148,353s] GC(449) Phase 1: Mark live objects
[2019-04-15T14:11:39.941+0200][148,461s] GC(449) Phase 1: Mark live objects 108,458ms
[2019-04-15T14:11:39.941+0200][148,461s] GC(449) Phase 2: Compute new object addresses
[2019-04-15T14:11:40.017+0200][148,538s] GC(449) Phase 2: Compute new object addresses 76,680ms
[2019-04-15T14:11:40.017+0200][148,538s] GC(449) Phase 3: Adjust pointers
[2019-04-15T14:11:40.108+0200][148,628s] GC(449) Phase 3: Adjust pointers 90,576ms
[2019-04-15T14:11:40.108+0200][148,629s] GC(449) Phase 4: Move objects
[2019-04-15T14:11:40.116+0200][148,637s] GC(449) Phase 4: Move objects 8,043ms
[2019-04-15T14:11:40.119+0200][148,639s] GC(449) Pause Full (Allocation Failure) 446M->361M(490M) 286,931ms
[2019-04-15T14:11:40.119+0200][148,639s] GC(448) ParNew: 87424K->0K(109248K)
[2019-04-15T14:11:40.119+0200][148,639s] GC(448) CMS: 369934K->369934K(393216K)
[2019-04-15T14:11:40.119+0200][148,639s] GC(448) Metaspace: 76923K->76923K(1120256K)
[2019-04-15T14:11:40.119+0200][148,639s] GC(448) Pause Young (Allocation Failure) 446M->361M(490M) 287,108ms
[2019-04-15T14:11:40.119+0200][148,639s] GC(448) User=0,28s Sys=0,00s Real=0,29s
[2019-04-15T14:11:40.119+0200][148,640s] GC(450) Pause Initial Mark
[2019-04-15T14:11:40.120+0200][148,640s] GC(450) Pause Initial Mark 362M->362M(490M) 0,812ms
[2019-04-15T14:11:40.120+0200][148,641s] GC(450) User=0,01s Sys=0,00s Real=0,00s
[2019-04-15T14:11:40.120+0200][148,641s] GC(450) Concurrent Mark
[2019-04-15T14:11:40.120+0200][148,641s] GC(450) Using 4 workers of 4 for marking
[2019-04-15T14:11:40.206+0200][148,726s] GC(450) Concurrent Mark 85,673ms
[2019-04-15T14:11:40.206+0200][148,726s] GC(450) User=0,19s Sys=0,00s Real=0,09s
[2019-04-15T14:11:40.206+0200][148,726s] GC(450) Concurrent Preclean
[2019-04-15T14:11:40.208+0200][148,728s] GC(450) Concurrent Preclean 1,613ms
[2019-04-15T14:11:40.208+0200][148,728s] GC(450) User=0,00s Sys=0,00s Real=0,00s
[2019-04-15T14:11:40.208+0200][148,728s] GC(450) Concurrent Abortable Preclean
[2019-04-15T14:11:40.309+0200][148,829s] GC(450) Concurrent Abortable Preclean 101,313ms
[2019-04-15T14:11:40.309+0200][148,830s] GC(450) User=0,11s Sys=0,00s Real=0,10s
[2019-04-15T14:11:40.310+0200][148,831s] GC(450) Pause Remark
[2019-04-15T14:11:40.310+0200][148,831s] GC(451) Pause Young (CMS Final Remark)
[2019-04-15T14:11:40.310+0200][148,831s] GC(451) Using 4 workers of 4 for evacuation
[2019-04-15T14:11:40.310+0200][148,831s] GC(451) ParNew: 74185K->74185K(109248K)
[2019-04-15T14:11:40.311+0200][148,831s] GC(451) CMS: 369934K->369934K(393216K)
[2019-04-15T14:11:40.311+0200][148,831s] GC(451) Metaspace: 76923K->76923K(1120256K)
[2019-04-15T14:11:40.311+0200][148,831s] GC(451) Pause Young (CMS Final Remark) 433M->433M(490M) 0,113ms
[2019-04-15T14:11:40.311+0200][148,831s] GC(451) User=0,00s Sys=0,00s Real=0,00s
[2019-04-15T14:11:40.402+0200][148,922s] GC(450) Pause Remark 433M->433M(490M) 91,390ms
[2019-04-15T14:11:40.402+0200][148,922s] GC(450) User=0,17s Sys=0,00s Real=0,09s
[2019-04-15T14:11:40.402+0200][148,922s] GC(450) Concurrent Sweep
[2019-04-15T14:11:40.467+0200][148,987s] GC(450) Concurrent Sweep 65,245ms
[2019-04-15T14:11:40.467+0200][148,987s] GC(450) User=0,12s Sys=0,00s Real=0,07s
[2019-04-15T14:11:40.467+0200][148,987s] GC(452) Pause Young (Allocation Failure)
[2019-04-15T14:11:40.467+0200][148,987s] GC(452) Using 4 workers of 4 for evacuation
[2019-04-15T14:11:40.467+0200][148,987s] GC(453) Pause Full (Allocation Failure)
[2019-04-15T14:11:40.467+0200][148,988s] GC(453) Phase 1: Mark live objects
[2019-04-15T14:11:40.587+0200][149,107s] GC(453) Phase 1: Mark live objects 119,630ms
[2019-04-15T14:11:40.587+0200][149,107s] GC(453) Phase 2: Compute new object addresses
[2019-04-15T14:11:40.658+0200][149,178s] GC(453) Phase 2: Compute new object addresses 70,722ms
[2019-04-15T14:11:40.658+0200][149,178s] GC(453) Phase 3: Adjust pointers
[2019-04-15T14:11:40.733+0200][149,254s] GC(453) Phase 3: Adjust pointers 75,437ms
[2019-04-15T14:11:40.733+0200][149,254s] GC(453) Phase 4: Move objects
[2019-04-15T14:11:40.832+0200][149,353s] GC(453) Phase 4: Move objects 99,001ms
[2019-04-15T14:11:40.833+0200][149,354s] GC(453) Pause Full (Allocation Failure) 447M->360M(490M) 366,332ms
[2019-04-15T14:11:40.833+0200][149,354s] GC(452) ParNew: 87424K->0K(109248K)
[2019-04-15T14:11:40.833+0200][149,354s] GC(452) CMS: 370804K->369406K(393216K)
[2019-04-15T14:11:40.833+0200][149,354s] GC(452) Metaspace: 76923K->76923K(1120256K)
[2019-04-15T14:11:40.833+0200][149,354s] GC(452) Pause Young (Allocation Failure) 447M->360M(490M) 366,460ms
[2019-04-15T14:11:40.833+0200][149,354s] GC(452) User=0,37s Sys=0,00s Real=0,37s
[2019-04-15T14:11:40.842+0200][149,362s] GC(450) Old: 369934K->369406K(393216K)
[2019-04-15T14:11:41.100+0200][149,620s] GC(454) Pause Young (Allocation Failure)
[2019-04-15T14:11:41.100+0200][149,620s] GC(454) Using 4 workers of 4 for evacuation
[2019-04-15T14:11:41.100+0200][149,621s] GC(455) Pause Full (Allocation Failure)
[2019-04-15T14:11:41.102+0200][149,623s] GC(455) Phase 1: Mark live objects
[2019-04-15T14:11:41.225+0200][149,745s] GC(455) Phase 1: Mark live objects 122,689ms
[2019-04-15T14:11:41.225+0200][149,745s] GC(455) Phase 2: Compute new object addresses
[2019-04-15T14:11:41.310+0200][149,831s] GC(455) Phase 2: Compute new object addresses 85,331ms
[2019-04-15T14:11:41.310+0200][149,831s] GC(455) Phase 3: Adjust pointers
[2019-04-15T14:11:41.408+0200][149,929s] GC(455) Phase 3: Adjust pointers 97,996ms
[2019-04-15T14:11:41.409+0200][149,929s] GC(455) Phase 4: Move objects
[2019-04-15T14:11:41.494+0200][150,014s] GC(455) Phase 4: Move objects 85,152ms
[2019-04-15T14:11:41.495+0200][150,015s] GC(455) Pause Full (Allocation Failure) 446M->367M(490M) 394,547ms
[2019-04-15T14:11:41.495+0200][150,015s] GC(454) ParNew: 87424K->0K(109248K)
[2019-04-15T14:11:41.495+0200][150,015s] GC(454) CMS: 369406K->376791K(393216K)
[2019-04-15T14:11:41.495+0200][150,015s] GC(454) Metaspace: 76928K->76928K(1120256K)
[2019-04-15T14:11:41.495+0200][150,015s] GC(454) Pause Young (Allocation Failure) 446M->367M(490M) 395,267ms
[2019-04-15T14:11:41.495+0200][150,015s] GC(454) User=0,40s Sys=0,00s Real=0,40s
[2019-04-15T14:11:41.506+0200][150,026s] GC(456) Pause Initial Mark
[2019-04-15T14:11:41.510+0200][150,031s] GC(456) Pause Initial Mark 372M->372M(490M) 4,308ms
[2019-04-15T14:11:41.510+0200][150,031s] GC(456) User=0,00s Sys=0,00s Real=0,00s
[2019-04-15T14:11:41.510+0200][150,031s] GC(456) Concurrent Mark
[2019-04-15T14:11:41.510+0200][150,031s] GC(456) Using 4 workers of 4 for marking
[2019-04-15T14:11:41.591+0200][150,112s] GC(456) Concurrent Mark 81,002ms
[2019-04-15T14:11:41.591+0200][150,112s] GC(456) User=0,19s Sys=0,00s Real=0,08s
[2019-04-15T14:11:41.592+0200][150,112s] GC(456) Concurrent Preclean
[2019-04-15T14:11:41.593+0200][150,113s] GC(456) Concurrent Preclean 1,091ms
[2019-04-15T14:11:41.593+0200][150,113s] GC(456) User=0,00s Sys=0,00s Real=0,00s
[2019-04-15T14:11:41.593+0200][150,113s] GC(456) Concurrent Abortable Preclean
[2019-04-15T14:11:41.694+0200][150,214s] GC(456) Concurrent Abortable Preclean 101,051ms
[2019-04-15T14:11:41.694+0200][150,214s] GC(456) User=0,10s Sys=0,00s Real=0,11s
[2019-04-15T14:11:41.694+0200][150,214s] GC(456) Pause Remark
[2019-04-15T14:11:41.694+0200][150,214s] GC(457) Pause Young (CMS Final Remark)
[2019-04-15T14:11:41.694+0200][150,214s] GC(457) Using 4 workers of 4 for evacuation
[2019-04-15T14:11:41.694+0200][150,214s] GC(457) ParNew: 53653K->53653K(109248K)
[2019-04-15T14:11:41.694+0200][150,214s] GC(457) CMS: 376791K->376791K(393216K)
[2019-04-15T14:11:41.694+0200][150,214s] GC(457) Metaspace: 76928K->76928K(1120256K)
[2019-04-15T14:11:41.694+0200][150,214s] GC(457) Pause Young (CMS Final Remark) 420M->420M(490M) 0,090ms
[2019-04-15T14:11:41.694+0200][150,215s] GC(457) User=0,00s Sys=0,00s Real=0,00s
[2019-04-15T14:11:41.860+0200][150,380s] GC(456) Pause Remark 420M->420M(490M) 165,817ms
[2019-04-15T14:11:41.860+0200][150,380s] GC(456) User=0,23s Sys=0,01s Real=0,16s
[2019-04-15T14:11:41.860+0200][150,381s] GC(456) Concurrent Sweep
[2019-04-15T14:11:41.904+0200][150,424s] GC(456) Concurrent Sweep 43,600ms
[2019-04-15T14:11:41.904+0200][150,424s] GC(456) User=0,08s Sys=0,00s Real=0,04s
[2019-04-15T14:11:41.904+0200][150,424s] GC(456) Concurrent Reset
[2019-04-15T14:11:41.905+0200][150,425s] GC(456) Concurrent Reset 0,684ms
[2019-04-15T14:11:41.905+0200][150,425s] GC(456) User=0,01s Sys=0,00s Real=0,00s
[2019-04-15T14:11:41.905+0200][150,425s] GC(456) Old: 376791K->369121K(393216K)
[2019-04-15T14:11:41.938+0200][150,458s] GC(458) Pause Young (Allocation Failure)
[2019-04-15T14:11:41.938+0200][150,458s] GC(458) Using 4 workers of 4 for evacuation
[2019-04-15T14:11:41.938+0200][150,458s] GC(459) Pause Full (Allocation Failure)
[2019-04-15T14:11:41.938+0200][150,459s] GC(459) Phase 1: Mark live objects
[2019-04-15T14:11:42.114+0200][150,635s] GC(459) Phase 1: Mark live objects 175,961ms
[2019-04-15T14:11:42.114+0200][150,635s] GC(459) Phase 2: Compute new object addresses
[2019-04-15T14:11:42.246+0200][150,766s] GC(459) Phase 2: Compute new object addresses 131,385ms
[2019-04-15T14:11:42.246+0200][150,766s] GC(459) Phase 3: Adjust pointers
[2019-04-15T14:11:42.355+0200][150,876s] GC(459) Phase 3: Adjust pointers 109,418ms
[2019-04-15T14:11:42.355+0200][150,876s] GC(459) Phase 4: Move objects
[2019-04-15T14:11:42.357+0200][150,877s] GC(459) Phase 4: Move objects 1,473ms
[2019-04-15T14:11:42.358+0200][150,878s] GC(459) Pause Full (Allocation Failure) 445M->360M(490M) 419,828ms
[2019-04-15T14:11:42.358+0200][150,878s] GC(458) ParNew: 87424K->0K(109248K)
[2019-04-15T14:11:42.358+0200][150,878s] GC(458) CMS: 369121K->369122K(393216K)
[2019-04-15T14:11:42.358+0200][150,878s] GC(458) Metaspace: 76928K->76928K(1120256K)
[2019-04-15T14:11:42.358+0200][150,878s] GC(458) Pause Young (Allocation Failure) 445M->360M(490M) 419,998ms
[2019-04-15T14:11:42.358+0200][150,878s] GC(458) User=0,31s Sys=0,00s Real=0,42s
[2019-04-15T14:11:42.358+0200][150,879s] GC(460) Pause Initial Mark
[2019-04-15T14:11:42.359+0200][150,879s] GC(460) Pause Initial Mark 361M->361M(490M) 0,434ms
[2019-04-15T14:11:42.359+0200][150,879s] GC(460) User=0,00s Sys=0,00s Real=0,00s
[2019-04-15T14:11:42.361+0200][150,881s] GC(460) Concurrent Mark
[2019-04-15T14:11:42.361+0200][150,881s] GC(460) Using 4 workers of 4 for marking
[2019-04-15T14:11:42.432+0200][150,952s] GC(460) Concurrent Mark 70,942ms
[2019-04-15T14:11:42.432+0200][150,952s] GC(460) User=0,21s Sys=0,00s Real=0,07s
[2019-04-15T14:11:42.432+0200][150,952s] GC(460) Concurrent Preclean
[2019-04-15T14:11:42.433+0200][150,954s] GC(460) Concurrent Preclean 1,307ms
[2019-04-15T14:11:42.433+0200][150,954s] GC(460) User=0,00s Sys=0,00s Real=0,01s
[2019-04-15T14:11:42.433+0200][150,954s] GC(460) Concurrent Abortable Preclean
[2019-04-15T14:11:42.534+0200][151,055s] GC(460) Concurrent Abortable Preclean 101,204ms
[2019-04-15T14:11:42.535+0200][151,055s] GC(460) User=0,11s Sys=0,00s Real=0,10s
[2019-04-15T14:11:42.537+0200][151,058s] GC(460) Pause Remark
[2019-04-15T14:11:42.537+0200][151,058s] GC(461) Pause Young (CMS Final Remark)
[2019-04-15T14:11:42.537+0200][151,058s] GC(461) Using 4 workers of 4 for evacuation
[2019-04-15T14:11:42.537+0200][151,058s] GC(461) ParNew: 80577K->80577K(109248K)
[2019-04-15T14:11:42.537+0200][151,058s] GC(461) CMS: 369122K->369122K(393216K)
[2019-04-15T14:11:42.537+0200][151,058s] GC(461) Metaspace: 76928K->76928K(1120256K)
[2019-04-15T14:11:42.537+0200][151,058s] GC(461) Pause Young (CMS Final Remark) 439M->439M(490M) 0,072ms
[2019-04-15T14:11:42.537+0200][151,058s] GC(461) User=0,00s Sys=0,00s Real=0,00s
[2019-04-15T14:11:42.637+0200][151,158s] GC(460) Pause Remark 439M->439M(490M) 100,371ms
[2019-04-15T14:11:42.637+0200][151,158s] GC(460) User=0,19s Sys=0,00s Real=0,10s
[2019-04-15T14:11:42.638+0200][151,158s] GC(460) Concurrent Sweep
[2019-04-15T14:11:42.710+0200][151,230s] GC(460) Concurrent Sweep 72,526ms
[2019-04-15T14:11:42.710+0200][151,231s] GC(460) User=0,14s Sys=0,00s Real=0,07s
[2019-04-15T14:11:42.710+0200][151,231s] GC(462) Pause Young (Allocation Failure)
[2019-04-15T14:11:42.710+0200][151,231s] GC(462) Using 4 workers of 4 for evacuation
[2019-04-15T14:11:42.710+0200][151,231s] GC(463) Pause Full (Allocation Failure)
[2019-04-15T14:11:42.711+0200][151,231s] GC(463) Phase 1: Mark live objects
[2019-04-15T14:11:42.821+0200][151,342s] GC(463) Phase 1: Mark live objects 110,598ms
[2019-04-15T14:11:42.821+0200][151,342s] GC(463) Phase 2: Compute new object addresses
[2019-04-15T14:11:42.901+0200][151,422s] GC(463) Phase 2: Compute new object addresses 79,911ms
[2019-04-15T14:11:42.901+0200][151,422s] GC(463) Phase 3: Adjust pointers
[2019-04-15T14:11:42.984+0200][151,505s] GC(463) Phase 3: Adjust pointers 82,945ms
[2019-04-15T14:11:42.984+0200][151,505s] GC(463) Phase 4: Move objects
[2019-04-15T14:11:43.082+0200][151,603s] GC(463) Phase 4: Move objects 97,990ms
[2019-04-15T14:11:43.083+0200][151,604s] GC(463) Pause Full (Allocation Failure) 447M->360M(490M) 372,841ms
[2019-04-15T14:11:43.083+0200][151,604s] GC(462) ParNew: 87424K->0K(109248K)
[2019-04-15T14:11:43.083+0200][151,604s] GC(462) CMS: 371240K->369045K(393216K)
[2019-04-15T14:11:43.083+0200][151,604s] GC(462) Metaspace: 76928K->76928K(1120256K)
[2019-04-15T14:11:43.083+0200][151,604s] GC(462) Pause Young (Allocation Failure) 447M->360M(490M) 372,975ms
[2019-04-15T14:11:43.083+0200][151,604s] GC(462) User=0,37s Sys=0,00s Real=0,37s
[2019-04-15T14:11:43.083+0200][151,604s] GC(460) Old: 369122K->369045K(393216K)
[2019-04-15T14:11:43.250+0200][151,770s] GC(464) Pause Young (Allocation Failure)
[2019-04-15T14:11:43.250+0200][151,770s] GC(464) Using 4 workers of 4 for evacuation
[2019-04-15T14:11:43.250+0200][151,770s] GC(465) Pause Full (Allocation Failure)
[2019-04-15T14:11:43.251+0200][151,771s] GC(465) Phase 1: Mark live objects
[2019-04-15T14:11:43.355+0200][151,876s] GC(465) Phase 1: Mark live objects 104,369ms
[2019-04-15T14:11:43.355+0200][151,876s] GC(465) Phase 2: Compute new object addresses
[2019-04-15T14:11:43.422+0200][151,943s] GC(465) Phase 2: Compute new object addresses 66,847ms
[2019-04-15T14:11:43.422+0200][151,943s] GC(465) Phase 3: Adjust pointers
[2019-04-15T14:11:43.487+0200][152,007s] GC(465) Phase 3: Adjust pointers 64,373ms
[2019-04-15T14:11:43.487+0200][152,007s] GC(465) Phase 4: Move objects
[2019-04-15T14:11:43.549+0200][152,069s] GC(465) Phase 4: Move objects 62,017ms
[2019-04-15T14:11:43.550+0200][152,070s] GC(465) Pause Full (Allocation Failure) 445M->365M(490M) 299,530ms
[2019-04-15T14:11:43.550+0200][152,070s] GC(464) ParNew: 87424K->0K(109248K)
[2019-04-15T14:11:43.550+0200][152,070s] GC(464) CMS: 369045K->374296K(393216K)
[2019-04-15T14:11:43.550+0200][152,070s] GC(464) Metaspace: 76931K->76931K(1120256K)
[2019-04-15T14:11:43.550+0200][152,070s] GC(464) Pause Young (Allocation Failure) 445M->365M(490M) 299,989ms
[2019-04-15T14:11:43.550+0200][152,070s] GC(464) User=0,30s Sys=0,00s Real=0,30s
[2019-04-15T14:11:43.550+0200][152,070s] GC(466) Pause Initial Mark
[2019-04-15T14:11:43.550+0200][152,071s] GC(466) Pause Initial Mark 365M->365M(490M) 0,280ms
[2019-04-15T14:11:43.550+0200][152,071s] GC(466) User=0,00s Sys=0,00s Real=0,00s
[2019-04-15T14:11:43.550+0200][152,071s] GC(466) Concurrent Mark
[2019-04-15T14:11:43.550+0200][152,071s] GC(466) Using 4 workers of 4 for marking
[2019-04-15T14:11:43.654+0200][152,175s] GC(466) Concurrent Mark 103,966ms
[2019-04-15T14:11:43.654+0200][152,175s] GC(466) User=0,26s Sys=0,00s Real=0,11s
[2019-04-15T14:11:43.654+0200][152,175s] GC(466) Concurrent Preclean
[2019-04-15T14:11:43.656+0200][152,176s] GC(466) Concurrent Preclean 1,773ms
[2019-04-15T14:11:43.656+0200][152,177s] GC(466) User=0,00s Sys=0,00s Real=0,00s
[2019-04-15T14:11:43.656+0200][152,177s] GC(466) Concurrent Abortable Preclean
[2019-04-15T14:11:43.656+0200][152,177s] GC(466) Concurrent Abortable Preclean 0,055ms
[2019-04-15T14:11:43.656+0200][152,177s] GC(466) User=0,00s Sys=0,00s Real=0,00s
[2019-04-15T14:11:43.657+0200][152,177s] GC(466) Pause Remark
[2019-04-15T14:11:43.657+0200][152,177s] GC(467) Pause Young (CMS Final Remark)
[2019-04-15T14:11:43.657+0200][152,177s] GC(467) Using 4 workers of 4 for evacuation
[2019-04-15T14:11:43.657+0200][152,177s] GC(467) ParNew: 41852K->41852K(109248K)
[2019-04-15T14:11:43.657+0200][152,177s] GC(467) CMS: 374296K->374296K(393216K)
[2019-04-15T14:11:43.657+0200][152,177s] GC(467) Metaspace: 76931K->76931K(1120256K)
[2019-04-15T14:11:43.657+0200][152,177s] GC(467) Pause Young (CMS Final Remark) 406M->406M(490M) 0,058ms
[2019-04-15T14:11:43.657+0200][152,177s] GC(467) User=0,00s Sys=0,00s Real=0,00s
[2019-04-15T14:11:43.721+0200][152,241s] GC(466) Pause Remark 406M->406M(490M) 64,287ms
[2019-04-15T14:11:43.721+0200][152,241s] GC(466) User=0,12s Sys=0,00s Real=0,06s
[2019-04-15T14:11:43.721+0200][152,241s] GC(466) Concurrent Sweep
[2019-04-15T14:11:43.775+0200][152,295s] GC(466) Concurrent Sweep 53,747ms
[2019-04-15T14:11:43.775+0200][152,295s] GC(466) User=0,10s Sys=0,00s Real=0,06s
[2019-04-15T14:11:43.775+0200][152,296s] GC(466) Concurrent Reset
[2019-04-15T14:11:43.776+0200][152,297s] GC(466) Concurrent Reset 1,222ms
[2019-04-15T14:11:43.777+0200][152,297s] GC(466) User=0,01s Sys=0,00s Real=0,00s
[2019-04-15T14:11:43.777+0200][152,297s] GC(466) Old: 374296K->366911K(393216K)
[2019-04-15T14:11:43.799+0200][152,320s] GC(468) Pause Young (Allocation Failure)
[2019-04-15T14:11:43.799+0200][152,320s] GC(468) Using 4 workers of 4 for evacuation
[2019-04-15T14:11:43.799+0200][152,320s] GC(469) Pause Full (Allocation Failure)
[2019-04-15T14:11:43.800+0200][152,320s] GC(469) Phase 1: Mark live objects
[2019-04-15T14:11:43.909+0200][152,430s] GC(469) Phase 1: Mark live objects 109,526ms
[2019-04-15T14:11:43.909+0200][152,430s] GC(469) Phase 2: Compute new object addresses
[2019-04-15T14:11:43.972+0200][152,492s] GC(469) Phase 2: Compute new object addresses 62,755ms
[2019-04-15T14:11:43.972+0200][152,493s] GC(469) Phase 3: Adjust pointers
[2019-04-15T14:11:44.039+0200][152,559s] GC(469) Phase 3: Adjust pointers 66,930ms
[2019-04-15T14:11:44.039+0200][152,560s] GC(469) Phase 4: Move objects
[2019-04-15T14:11:44.043+0200][152,563s] GC(469) Phase 4: Move objects 3,443ms
[2019-04-15T14:11:44.044+0200][152,564s] GC(469) Pause Full (Allocation Failure) 443M->359M(490M) 244,231ms
[2019-04-15T14:11:44.044+0200][152,564s] GC(468) ParNew: 87424K->0K(109248K)
[2019-04-15T14:11:44.044+0200][152,564s] GC(468) CMS: 366911K->367692K(393216K)
[2019-04-15T14:11:44.044+0200][152,564s] GC(468) Metaspace: 76931K->76931K(1120256K)
[2019-04-15T14:11:44.044+0200][152,564s] GC(468) Pause Young (Allocation Failure) 443M->359M(490M) 244,387ms
[2019-04-15T14:11:44.044+0200][152,564s] GC(468) User=0,24s Sys=0,00s Real=0,24s
[2019-04-15T14:11:44.044+0200][152,564s] GC(470) Pause Initial Mark
[2019-04-15T14:11:44.044+0200][152,565s] GC(470) Pause Initial Mark 360M->360M(490M) 0,399ms
[2019-04-15T14:11:44.044+0200][152,565s] GC(470) User=0,00s Sys=0,00s Real=0,00s
[2019-04-15T14:11:44.044+0200][152,565s] GC(470) Concurrent Mark
[2019-04-15T14:11:44.044+0200][152,565s] GC(470) Using 4 workers of 4 for marking
[2019-04-15T14:11:44.134+0200][152,654s] GC(470) Concurrent Mark 89,315ms
[2019-04-15T14:11:44.134+0200][152,654s] GC(470) User=0,24s Sys=0,00s Real=0,10s
[2019-04-15T14:11:44.134+0200][152,654s] GC(470) Concurrent Preclean
[2019-04-15T14:11:44.135+0200][152,655s] GC(470) Concurrent Preclean 0,848ms
[2019-04-15T14:11:44.135+0200][152,655s] GC(470) User=0,00s Sys=0,00s Real=0,00s
[2019-04-15T14:11:44.135+0200][152,655s] GC(470) Concurrent Abortable Preclean
[2019-04-15T14:11:44.235+0200][152,756s] GC(470) Concurrent Abortable Preclean 100,684ms
[2019-04-15T14:11:44.235+0200][152,756s] GC(470) User=0,10s Sys=0,00s Real=0,10s
[2019-04-15T14:11:44.235+0200][152,756s] GC(470) Pause Remark
[2019-04-15T14:11:44.236+0200][152,756s] GC(471) Pause Young (CMS Final Remark)
[2019-04-15T14:11:44.236+0200][152,756s] GC(471) Using 4 workers of 4 for evacuation
[2019-04-15T14:11:44.236+0200][152,756s] GC(471) ParNew: 73069K->73069K(109248K)
[2019-04-15T14:11:44.236+0200][152,756s] GC(471) CMS: 367692K->367692K(393216K)
[2019-04-15T14:11:44.236+0200][152,756s] GC(471) Metaspace: 76934K->76934K(1120256K)
[2019-04-15T14:11:44.236+0200][152,756s] GC(471) Pause Young (CMS Final Remark) 430M->430M(490M) 0,056ms
[2019-04-15T14:11:44.236+0200][152,756s] GC(471) User=0,00s Sys=0,00s Real=0,00s
[2019-04-15T14:11:44.333+0200][152,854s] GC(470) Pause Remark 430M->430M(490M) 97,750ms
[2019-04-15T14:11:44.333+0200][152,854s] GC(470) User=0,18s Sys=0,00s Real=0,10s
[2019-04-15T14:11:44.333+0200][152,854s] GC(470) Concurrent Sweep
[2019-04-15T14:11:44.393+0200][152,913s] GC(470) Concurrent Sweep 59,618ms
[2019-04-15T14:11:44.393+0200][152,914s] GC(470) User=0,11s Sys=0,00s Real=0,06s
[2019-04-15T14:11:44.393+0200][152,914s] GC(472) Pause Young (Allocation Failure)
[2019-04-15T14:11:44.393+0200][152,914s] GC(472) Using 4 workers of 4 for evacuation
[2019-04-15T14:11:44.393+0200][152,914s] GC(473) Pause Full (Allocation Failure)
[2019-04-15T14:11:44.395+0200][152,916s] GC(473) Phase 1: Mark live objects
[2019-04-15T14:11:44.533+0200][153,053s] GC(473) Phase 1: Mark live objects 137,528ms
[2019-04-15T14:11:44.533+0200][153,053s] GC(473) Phase 2: Compute new object addresses
[2019-04-15T14:11:44.616+0200][153,136s] GC(473) Phase 2: Compute new object addresses 83,234ms
[2019-04-15T14:11:44.616+0200][153,136s] GC(473) Phase 3: Adjust pointers
[2019-04-15T14:11:44.699+0200][153,219s] GC(473) Phase 3: Adjust pointers 82,520ms
[2019-04-15T14:11:44.699+0200][153,219s] GC(473) Phase 4: Move objects
[2019-04-15T14:11:44.700+0200][153,221s] GC(473) Phase 4: Move objects 1,453ms
[2019-04-15T14:11:44.701+0200][153,221s] GC(473) Pause Full (Allocation Failure) 445M->359M(490M) 307,499ms
[2019-04-15T14:11:44.701+0200][153,221s] GC(472) ParNew: 87424K->0K(109248K)
[2019-04-15T14:11:44.701+0200][153,221s] GC(472) CMS: 368442K->367692K(393216K)
[2019-04-15T14:11:44.701+0200][153,221s] GC(472) Metaspace: 76934K->76934K(1120256K)
[2019-04-15T14:11:44.701+0200][153,221s] GC(472) Pause Young (Allocation Failure) 445M->359M(490M) 307,674ms
[2019-04-15T14:11:44.701+0200][153,221s] GC(472) User=0,31s Sys=0,00s Real=0,30s
[2019-04-15T14:11:44.701+0200][153,221s] GC(470) Old: 367692K->367692K(393216K)
[2019-04-15T14:11:44.854+0200][153,375s] GC(474) Pause Young (Allocation Failure)
[2019-04-15T14:11:44.854+0200][153,375s] GC(474) Using 4 workers of 4 for evacuation
[2019-04-15T14:11:44.854+0200][153,375s] GC(475) Pause Full (Allocation Failure)
[2019-04-15T14:11:44.855+0200][153,375s] GC(475) Phase 1: Mark live objects
[2019-04-15T14:11:44.959+0200][153,479s] GC(475) Phase 1: Mark live objects 103,738ms
[2019-04-15T14:11:44.959+0200][153,479s] GC(475) Phase 2: Compute new object addresses
[2019-04-15T14:11:45.020+0200][153,540s] GC(475) Phase 2: Compute new object addresses 61,254ms
[2019-04-15T14:11:45.020+0200][153,540s] GC(475) Phase 3: Adjust pointers
[2019-04-15T14:11:45.078+0200][153,599s] GC(475) Phase 3: Adjust pointers 58,065ms
[2019-04-15T14:11:45.078+0200][153,599s] GC(475) Phase 4: Move objects
[2019-04-15T14:11:45.080+0200][153,601s] GC(475) Phase 4: Move objects 2,088ms
[2019-04-15T14:11:45.081+0200][153,602s] GC(475) Pause Full (Allocation Failure) 444M->364M(490M) 226,758ms
[2019-04-15T14:11:45.081+0200][153,602s] GC(474) ParNew: 87424K->0K(109248K)
[2019-04-15T14:11:45.081+0200][153,602s] GC(474) CMS: 367692K->373097K(393216K)
[2019-04-15T14:11:45.081+0200][153,602s] GC(474) Metaspace: 76934K->76934K(1120256K)
[2019-04-15T14:11:45.081+0200][153,602s] GC(474) Pause Young (Allocation Failure) 444M->364M(490M) 226,929ms
[2019-04-15T14:11:45.081+0200][153,602s] GC(474) User=0,23s Sys=0,00s Real=0,22s
[2019-04-15T14:11:45.088+0200][153,608s] GC(476) Pause Initial Mark
[2019-04-15T14:11:45.089+0200][153,609s] GC(476) Pause Initial Mark 365M->365M(490M) 0,720ms
[2019-04-15T14:11:45.089+0200][153,609s] GC(476) User=0,00s Sys=0,00s Real=0,00s
[2019-04-15T14:11:45.089+0200][153,609s] GC(476) Concurrent Mark
[2019-04-15T14:11:45.089+0200][153,609s] GC(476) Using 4 workers of 4 for marking
[2019-04-15T14:11:45.159+0200][153,680s] GC(476) Concurrent Mark 70,681ms
[2019-04-15T14:11:45.159+0200][153,680s] GC(476) User=0,18s Sys=0,00s Real=0,07s
[2019-04-15T14:11:45.159+0200][153,680s] GC(476) Concurrent Preclean
[2019-04-15T14:11:45.161+0200][153,682s] GC(476) Concurrent Preclean 1,938ms
[2019-04-15T14:11:45.161+0200][153,682s] GC(476) User=0,00s Sys=0,00s Real=0,00s
[2019-04-15T14:11:45.161+0200][153,682s] GC(476) Concurrent Abortable Preclean
[2019-04-15T14:11:45.263+0200][153,783s] GC(476) Concurrent Abortable Preclean 101,140ms
[2019-04-15T14:11:45.263+0200][153,783s] GC(476) User=0,10s Sys=0,00s Real=0,10s
[2019-04-15T14:11:45.263+0200][153,784s] GC(476) Pause Remark
[2019-04-15T14:11:45.263+0200][153,784s] GC(477) Pause Young (CMS Final Remark)
[2019-04-15T14:11:45.264+0200][153,784s] GC(477) Using 4 workers of 4 for evacuation
[2019-04-15T14:11:45.264+0200][153,784s] GC(477) ParNew: 77150K->77150K(109248K)
[2019-04-15T14:11:45.264+0200][153,784s] GC(477) CMS: 373097K->373097K(393216K)
[2019-04-15T14:11:45.264+0200][153,784s] GC(477) Metaspace: 76934K->76934K(1120256K)
[2019-04-15T14:11:45.264+0200][153,784s] GC(477) Pause Young (CMS Final Remark) 439M->439M(490M) 0,287ms
[2019-04-15T14:11:45.264+0200][153,784s] GC(477) User=0,00s Sys=0,00s Real=0,00s
[2019-04-15T14:11:45.337+0200][153,857s] GC(476) Pause Remark 439M->439M(490M) 73,686ms
[2019-04-15T14:11:45.337+0200][153,857s] GC(476) User=0,18s Sys=0,00s Real=0,08s
[2019-04-15T14:11:45.337+0200][153,857s] GC(476) Concurrent Sweep
[2019-04-15T14:11:45.408+0200][153,928s] GC(476) Concurrent Sweep 70,952ms
[2019-04-15T14:11:45.408+0200][153,928s] GC(476) User=0,14s Sys=0,00s Real=0,07s
[2019-04-15T14:11:45.408+0200][153,929s] GC(478) Pause Young (Allocation Failure)
[2019-04-15T14:11:45.408+0200][153,929s] GC(478) Using 4 workers of 4 for evacuation
[2019-04-15T14:11:45.408+0200][153,929s] GC(479) Pause Full (Allocation Failure)
[2019-04-15T14:11:45.409+0200][153,929s] GC(479) Phase 1: Mark live objects
[2019-04-15T14:11:45.497+0200][154,017s] GC(479) Phase 1: Mark live objects 88,061ms
[2019-04-15T14:11:45.497+0200][154,017s] GC(479) Phase 2: Compute new object addresses
[2019-04-15T14:11:45.562+0200][154,082s] GC(479) Phase 2: Compute new object addresses 65,371ms
[2019-04-15T14:11:45.562+0200][154,082s] GC(479) Phase 3: Adjust pointers
[2019-04-15T14:11:45.626+0200][154,146s] GC(479) Phase 3: Adjust pointers 63,515ms
[2019-04-15T14:11:45.626+0200][154,146s] GC(479) Phase 4: Move objects
[2019-04-15T14:11:45.702+0200][154,222s] GC(479) Phase 4: Move objects 76,139ms
[2019-04-15T14:11:45.703+0200][154,223s] GC(479) Pause Full (Allocation Failure) 445M->358M(490M) 294,288ms
[2019-04-15T14:11:45.703+0200][154,223s] GC(478) ParNew: 87424K->0K(109248K)
[2019-04-15T14:11:45.703+0200][154,223s] GC(478) CMS: 369145K->367065K(393216K)
[2019-04-15T14:11:45.703+0200][154,223s] GC(478) Metaspace: 76934K->76934K(1120256K)
[2019-04-15T14:11:45.703+0200][154,223s] GC(478) Pause Young (Allocation Failure) 445M->358M(490M) 294,385ms
[2019-04-15T14:11:45.703+0200][154,223s] GC(478) User=0,29s Sys=0,01s Real=0,29s
[2019-04-15T14:11:45.703+0200][154,223s] GC(476) Old: 373097K->367065K(393216K)
[2019-04-15T14:11:45.850+0200][154,370s] GC(480) Pause Young (Allocation Failure)
[2019-04-15T14:11:45.850+0200][154,370s] GC(480) Using 4 workers of 4 for evacuation
[2019-04-15T14:11:45.850+0200][154,370s] GC(481) Pause Full (Allocation Failure)
[2019-04-15T14:11:45.850+0200][154,371s] GC(481) Phase 1: Mark live objects
[2019-04-15T14:11:45.935+0200][154,455s] GC(481) Phase 1: Mark live objects 84,908ms
[2019-04-15T14:11:45.935+0200][154,456s] GC(481) Phase 2: Compute new object addresses
[2019-04-15T14:11:45.996+0200][154,517s] GC(481) Phase 2: Compute new object addresses 61,268ms
[2019-04-15T14:11:45.996+0200][154,517s] GC(481) Phase 3: Adjust pointers
[2019-04-15T14:11:46.068+0200][154,589s] GC(481) Phase 3: Adjust pointers 71,844ms
[2019-04-15T14:11:46.068+0200][154,589s] GC(481) Phase 4: Move objects
[2019-04-15T14:11:46.126+0200][154,646s] GC(481) Phase 4: Move objects 57,264ms
[2019-04-15T14:11:46.128+0200][154,649s] GC(481) Pause Full (Allocation Failure) 443M->228M(490M) 278,530ms
[2019-04-15T14:11:46.128+0200][154,649s] GC(480) ParNew: 87424K->0K(109248K)
[2019-04-15T14:11:46.128+0200][154,649s] GC(480) CMS: 367065K->234455K(393216K)
[2019-04-15T14:11:46.128+0200][154,649s] GC(480) Metaspace: 76935K->76935K(1120256K)
[2019-04-15T14:11:46.128+0200][154,649s] GC(480) Pause Young (Allocation Failure) 443M->228M(490M) 278,689ms
[2019-04-15T14:11:46.128+0200][154,649s] GC(480) User=0,28s Sys=0,00s Real=0,28s
[2019-04-15T14:11:46.131+0200][154,651s] GC(482) Pause Initial Mark
[2019-04-15T14:11:46.132+0200][154,652s] GC(482) Pause Initial Mark 230M->230M(490M) 0,841ms
[2019-04-15T14:11:46.132+0200][154,652s] GC(482) User=0,01s Sys=0,00s Real=0,00s
[2019-04-15T14:11:46.132+0200][154,652s] GC(482) Concurrent Mark
[2019-04-15T14:11:46.132+0200][154,652s] GC(482) Using 4 workers of 4 for marking
[2019-04-15T14:11:46.177+0200][154,698s] GC(482) Concurrent Mark 45,083ms
[2019-04-15T14:11:46.177+0200][154,698s] GC(482) User=0,14s Sys=0,00s Real=0,05s
[2019-04-15T14:11:46.177+0200][154,698s] GC(482) Concurrent Preclean
[2019-04-15T14:11:46.181+0200][154,702s] GC(482) Concurrent Preclean 4,079ms
[2019-04-15T14:11:46.181+0200][154,702s] GC(482) User=0,01s Sys=0,00s Real=0,00s
[2019-04-15T14:11:46.181+0200][154,702s] GC(482) Concurrent Abortable Preclean
[2019-04-15T14:11:46.256+0200][154,777s] GC(483) Pause Young (Allocation Failure)
[2019-04-15T14:11:46.257+0200][154,777s] GC(483) Using 4 workers of 4 for evacuation
[2019-04-15T14:11:46.266+0200][154,786s] GC(483) ParNew: 87424K->21824K(109248K)
[2019-04-15T14:11:46.266+0200][154,786s] GC(483) CMS: 234455K->235602K(393216K)
[2019-04-15T14:11:46.266+0200][154,786s] GC(483) Metaspace: 76940K->76940K(1120256K)
[2019-04-15T14:11:46.266+0200][154,786s] GC(483) Pause Young (Allocation Failure) 314M->251M(490M) 9,331ms
[2019-04-15T14:11:46.266+0200][154,786s] GC(483) User=0,03s Sys=0,00s Real=0,01s
[2019-04-15T14:11:46.358+0200][154,879s] GC(484) Pause Young (Allocation Failure)
[2019-04-15T14:11:46.358+0200][154,879s] GC(484) Using 4 workers of 4 for evacuation
[2019-04-15T14:11:46.368+0200][154,889s] GC(484) ParNew: 109248K->18354K(109248K)
[2019-04-15T14:11:46.368+0200][154,889s] GC(484) CMS: 235602K->235602K(393216K)
[2019-04-15T14:11:46.368+0200][154,889s] GC(484) Metaspace: 76940K->76940K(1120256K)
[2019-04-15T14:11:46.368+0200][154,889s] GC(484) Pause Young (Allocation Failure) 336M->248M(490M) 9,950ms
[2019-04-15T14:11:46.368+0200][154,889s] GC(484) User=0,04s Sys=0,00s Real=0,01s
[2019-04-15T14:11:46.368+0200][154,889s] GC(482) Concurrent Abortable Preclean 186,869ms
[2019-04-15T14:11:46.368+0200][154,889s] GC(482) User=0,32s Sys=0,01s Real=0,19s
[2019-04-15T14:11:46.368+0200][154,889s] GC(482) Pause Remark
[2019-04-15T14:11:46.368+0200][154,889s] GC(485) Pause Young (CMS Final Remark)
[2019-04-15T14:11:46.368+0200][154,889s] GC(485) Using 4 workers of 4 for evacuation
[2019-04-15T14:11:46.379+0200][154,899s] GC(485) ParNew: 19876K->21824K(109248K)
[2019-04-15T14:11:46.379+0200][154,899s] GC(485) CMS: 235602K->235602K(393216K)
[2019-04-15T14:11:46.379+0200][154,899s] GC(485) Metaspace: 76940K->76940K(1120256K)
[2019-04-15T14:11:46.379+0200][154,899s] GC(485) Pause Young (CMS Final Remark) 249M->251M(490M) 10,143ms
[2019-04-15T14:11:46.379+0200][154,899s] GC(485) User=0,03s Sys=0,00s Real=0,01s
[2019-04-15T14:11:46.428+0200][154,949s] GC(482) Pause Remark 249M->251M(490M) 59,845ms
[2019-04-15T14:11:46.428+0200][154,949s] GC(482) User=0,09s Sys=0,00s Real=0,06s
[2019-04-15T14:11:46.428+0200][154,949s] GC(482) Concurrent Sweep
[2019-04-15T14:11:46.458+0200][154,978s] GC(482) Concurrent Sweep 29,169ms
[2019-04-15T14:11:46.458+0200][154,978s] GC(482) User=0,06s Sys=0,00s Real=0,03s
[2019-04-15T14:11:46.458+0200][154,978s] GC(482) Concurrent Reset
[2019-04-15T14:11:46.459+0200][154,980s] GC(482) Concurrent Reset 1,808ms
[2019-04-15T14:11:46.460+0200][154,980s] GC(482) User=0,00s Sys=0,00s Real=0,00s
[2019-04-15T14:11:46.460+0200][154,980s] GC(482) Old: 234455K->95064K(393216K)
[2019-04-15T14:11:46.501+0200][155,022s] GC(486) Pause Young (Allocation Failure)
[2019-04-15T14:11:46.501+0200][155,022s] GC(486) Using 4 workers of 4 for evacuation
[2019-04-15T14:11:46.510+0200][155,030s] GC(486) ParNew: 109248K->20654K(109248K)
[2019-04-15T14:11:46.510+0200][155,030s] GC(486) CMS: 95064K->95064K(393216K)
[2019-04-15T14:11:46.510+0200][155,030s] GC(486) Metaspace: 76940K->76940K(1120256K)
[2019-04-15T14:11:46.510+0200][155,030s] GC(486) Pause Young (Allocation Failure) 199M->113M(490M) 8,697ms
[2019-04-15T14:11:46.510+0200][155,031s] GC(486) User=0,02s Sys=0,00s Real=0,01s
[2019-04-15T14:11:46.580+0200][155,101s] GC(487) Pause Young (Allocation Failure)
[2019-04-15T14:11:46.580+0200][155,101s] GC(487) Using 4 workers of 4 for evacuation
[2019-04-15T14:11:46.590+0200][155,111s] GC(487) ParNew: 108078K->20577K(109248K)
[2019-04-15T14:11:46.590+0200][155,111s] GC(487) CMS: 95064K->95064K(393216K)
[2019-04-15T14:11:46.590+0200][155,111s] GC(487) Metaspace: 76941K->76941K(1120256K)
[2019-04-15T14:11:46.590+0200][155,111s] GC(487) Pause Young (Allocation Failure) 198M->112M(490M) 10,044ms
[2019-04-15T14:11:46.590+0200][155,111s] GC(487) User=0,03s Sys=0,00s Real=0,01s
[2019-04-15T14:11:46.656+0200][155,177s] GC(488) Pause Young (Allocation Failure)
[2019-04-15T14:11:46.656+0200][155,177s] GC(488) Using 4 workers of 4 for evacuation
[2019-04-15T14:11:46.669+0200][155,190s] GC(488) ParNew: 108001K->21824K(109248K)
[2019-04-15T14:11:46.669+0200][155,190s] GC(488) CMS: 95064K->95064K(393216K)
[2019-04-15T14:11:46.669+0200][155,190s] GC(488) Metaspace: 76941K->76941K(1120256K)
[2019-04-15T14:11:46.669+0200][155,190s] GC(488) Pause Young (Allocation Failure) 198M->114M(490M) 13,228ms
[2019-04-15T14:11:46.669+0200][155,190s] GC(488) User=0,04s Sys=0,00s Real=0,01s
[2019-04-15T14:11:46.816+0200][155,336s] GC(489) Pause Young (Allocation Failure)
[2019-04-15T14:11:46.816+0200][155,336s] GC(489) Using 4 workers of 4 for evacuation
[2019-04-15T14:11:46.826+0200][155,346s] GC(489) ParNew: 109248K->21824K(109248K)
[2019-04-15T14:11:46.826+0200][155,346s] GC(489) CMS: 95064K->95532K(393216K)
[2019-04-15T14:11:46.826+0200][155,346s] GC(489) Metaspace: 76942K->76942K(1120256K)
[2019-04-15T14:11:46.826+0200][155,346s] GC(489) Pause Young (Allocation Failure) 199M->114M(490M) 9,821ms
[2019-04-15T14:11:46.826+0200][155,346s] GC(489) User=0,03s Sys=0,00s Real=0,01s
[2019-04-15T14:11:47.190+0200][155,711s] GC(490) Pause Young (Allocation Failure)
[2019-04-15T14:11:47.190+0200][155,711s] GC(490) Using 4 workers of 4 for evacuation
[2019-04-15T14:11:47.209+0200][155,730s] GC(490) ParNew: 109248K->21824K(109248K)
[2019-04-15T14:11:47.209+0200][155,730s] GC(490) CMS: 95532K->126839K(393216K)
[2019-04-15T14:11:47.209+0200][155,730s] GC(490) Metaspace: 77120K->77120K(1120256K)
[2019-04-15T14:11:47.209+0200][155,730s] GC(490) Pause Young (Allocation Failure) 199M->145M(490M) 19,201ms
[2019-04-15T14:11:47.209+0200][155,730s] GC(490) User=0,06s Sys=0,00s Real=0,02s
[2019-04-15T14:11:47.418+0200][155,939s] GC(491) Pause Young (Allocation Failure)
[2019-04-15T14:11:47.418+0200][155,939s] GC(491) Using 4 workers of 4 for evacuation
[2019-04-15T14:11:47.447+0200][155,968s] GC(491) ParNew: 109248K->21824K(109248K)
[2019-04-15T14:11:47.447+0200][155,968s] GC(491) CMS: 126839K->155786K(393216K)
[2019-04-15T14:11:47.447+0200][155,968s] GC(491) Metaspace: 77156K->77156K(1120256K)
[2019-04-15T14:11:47.447+0200][155,968s] GC(491) Pause Young (Allocation Failure) 230M->173M(490M) 29,300ms
[2019-04-15T14:11:47.447+0200][155,968s] GC(491) User=0,08s Sys=0,01s Real=0,03s
[2019-04-15T14:11:47.608+0200][156,129s] GC(492) Pause Young (Allocation Failure)
[2019-04-15T14:11:47.609+0200][156,129s] GC(492) Using 4 workers of 4 for evacuation
[2019-04-15T14:11:47.631+0200][156,151s] GC(492) ParNew: 109248K->21390K(109248K)
[2019-04-15T14:11:47.631+0200][156,151s] GC(492) CMS: 155786K->162465K(393216K)
[2019-04-15T14:11:47.631+0200][156,151s] GC(492) Metaspace: 77246K->77246K(1120256K)
[2019-04-15T14:11:47.631+0200][156,151s] GC(492) Pause Young (Allocation Failure) 258M->179M(490M) 22,432ms
[2019-04-15T14:11:47.631+0200][156,151s] GC(492) User=0,08s Sys=0,00s Real=0,02s
[2019-04-15T14:11:48.089+0200][156,610s] GC(493) Pause Young (Allocation Failure)
[2019-04-15T14:11:48.089+0200][156,610s] GC(493) Using 4 workers of 4 for evacuation
[2019-04-15T14:11:48.130+0200][156,650s] GC(493) ParNew: 108814K->21824K(109248K)
[2019-04-15T14:11:48.130+0200][156,650s] GC(493) CMS: 162465K->215138K(393216K)
[2019-04-15T14:11:48.130+0200][156,650s] GC(493) Metaspace: 77246K->77246K(1120256K)
[2019-04-15T14:11:48.130+0200][156,650s] GC(493) Pause Young (Allocation Failure) 264M->231M(490M) 40,277ms
[2019-04-15T14:11:48.130+0200][156,650s] GC(493) User=0,10s Sys=0,00s Real=0,04s
[2019-04-15T14:11:48.133+0200][156,653s] GC(494) Pause Initial Mark
[2019-04-15T14:11:48.134+0200][156,655s] GC(494) Pause Initial Mark 242M->242M(490M) 1,216ms
[2019-04-15T14:11:48.134+0200][156,655s] GC(494) User=0,01s Sys=0,00s Real=0,00s
[2019-04-15T14:11:48.134+0200][156,655s] GC(494) Concurrent Mark
[2019-04-15T14:11:48.134+0200][156,655s] GC(494) Using 4 workers of 4 for marking
[2019-04-15T14:11:48.212+0200][156,733s] GC(494) Concurrent Mark 77,923ms
[2019-04-15T14:11:48.212+0200][156,733s] GC(494) User=0,22s Sys=0,00s Real=0,07s
[2019-04-15T14:11:48.212+0200][156,733s] GC(494) Concurrent Preclean
[2019-04-15T14:11:48.214+0200][156,734s] GC(494) Concurrent Preclean 1,547ms
[2019-04-15T14:11:48.214+0200][156,734s] GC(494) User=0,01s Sys=0,00s Real=0,01s
[2019-04-15T14:11:48.214+0200][156,734s] GC(494) Concurrent Abortable Preclean
[2019-04-15T14:11:48.487+0200][157,007s] GC(495) Pause Young (Allocation Failure)
[2019-04-15T14:11:48.487+0200][157,008s] GC(495) Using 4 workers of 4 for evacuation
[2019-04-15T14:11:48.515+0200][157,035s] GC(495) ParNew: 109248K->21824K(109248K)
[2019-04-15T14:11:48.515+0200][157,035s] GC(495) CMS: 215138K->254204K(393216K)
[2019-04-15T14:11:48.515+0200][157,035s] GC(495) Metaspace: 77252K->77252K(1120256K)
[2019-04-15T14:11:48.515+0200][157,035s] GC(495) Pause Young (Allocation Failure) 316M->269M(490M) 27,541ms
[2019-04-15T14:11:48.515+0200][157,035s] GC(495) User=0,06s Sys=0,01s Real=0,03s
[2019-04-15T14:11:48.642+0200][157,162s] GC(494) Concurrent Abortable Preclean 428,090ms
[2019-04-15T14:11:48.642+0200][157,162s] GC(494) User=0,39s Sys=0,14s Real=0,42s
[2019-04-15T14:11:48.642+0200][157,163s] GC(494) Pause Remark
[2019-04-15T14:11:48.642+0200][157,163s] GC(496) Pause Young (CMS Final Remark)
[2019-04-15T14:11:48.642+0200][157,163s] GC(496) Using 4 workers of 4 for evacuation
[2019-04-15T14:11:48.669+0200][157,189s] GC(496) ParNew: 105625K->21824K(109248K)
[2019-04-15T14:11:48.669+0200][157,189s] GC(496) CMS: 254204K->275888K(393216K)
[2019-04-15T14:11:48.669+0200][157,189s] GC(496) Metaspace: 77254K->77254K(1120256K)
[2019-04-15T14:11:48.669+0200][157,189s] GC(496) Pause Young (CMS Final Remark) 351M->290M(490M) 26,486ms
[2019-04-15T14:11:48.669+0200][157,189s] GC(496) User=0,06s Sys=0,00s Real=0,03s
[2019-04-15T14:11:48.715+0200][157,235s] GC(494) Pause Remark 351M->290M(490M) 72,565ms
[2019-04-15T14:11:48.715+0200][157,235s] GC(494) User=0,12s Sys=0,00s Real=0,08s
[2019-04-15T14:11:48.715+0200][157,235s] GC(494) Concurrent Sweep
[2019-04-15T14:11:48.761+0200][157,281s] GC(494) Concurrent Sweep 46,075ms
[2019-04-15T14:11:48.761+0200][157,282s] GC(494) User=0,07s Sys=0,02s Real=0,04s
[2019-04-15T14:11:48.761+0200][157,282s] GC(494) Concurrent Reset
[2019-04-15T14:11:48.762+0200][157,282s] GC(494) Concurrent Reset 0,432ms
[2019-04-15T14:11:48.762+0200][157,282s] GC(494) User=0,00s Sys=0,00s Real=0,00s
[2019-04-15T14:11:48.762+0200][157,282s] GC(494) Old: 215138K->230916K(393216K)
[2019-04-15T14:11:49.096+0200][157,617s] GC(497) Pause Young (Allocation Failure)
[2019-04-15T14:11:49.096+0200][157,617s] GC(497) Using 4 workers of 4 for evacuation
[2019-04-15T14:11:49.125+0200][157,646s] GC(497) ParNew: 109248K->21824K(109248K)
[2019-04-15T14:11:49.125+0200][157,646s] GC(497) CMS: 230916K->272042K(393216K)
[2019-04-15T14:11:49.125+0200][157,646s] GC(497) Metaspace: 77254K->77254K(1120256K)
[2019-04-15T14:11:49.125+0200][157,646s] GC(497) Pause Young (Allocation Failure) 332M->286M(490M) 28,967ms
[2019-04-15T14:11:49.125+0200][157,646s] GC(497) User=0,05s Sys=0,00s Real=0,03s
[2019-04-15T14:11:49.125+0200][157,646s] GC(498) Pause Initial Mark
[2019-04-15T14:11:49.127+0200][157,647s] GC(498) Pause Initial Mark 287M->287M(490M) 1,537ms
[2019-04-15T14:11:49.127+0200][157,647s] GC(498) User=0,01s Sys=0,00s Real=0,00s
[2019-04-15T14:11:49.127+0200][157,647s] GC(498) Concurrent Mark
[2019-04-15T14:11:49.127+0200][157,647s] GC(498) Using 4 workers of 4 for marking
[2019-04-15T14:11:49.164+0200][157,685s] GC(498) Concurrent Mark 37,366ms
[2019-04-15T14:11:49.164+0200][157,685s] GC(498) User=0,11s Sys=0,01s Real=0,03s
[2019-04-15T14:11:49.164+0200][157,685s] GC(498) Concurrent Preclean
[2019-04-15T14:11:49.165+0200][157,686s] GC(498) Concurrent Preclean 0,821ms
[2019-04-15T14:11:49.165+0200][157,686s] GC(498) User=0,00s Sys=0,00s Real=0,01s
[2019-04-15T14:11:49.165+0200][157,686s] GC(498) Concurrent Abortable Preclean
[2019-04-15T14:11:49.584+0200][158,104s] GC(498) Concurrent Abortable Preclean 418,630ms
[2019-04-15T14:11:49.584+0200][158,104s] GC(498) User=0,22s Sys=0,20s Real=0,41s
[2019-04-15T14:11:49.584+0200][158,105s] GC(498) Pause Remark
[2019-04-15T14:11:49.584+0200][158,105s] GC(499) Pause Young (CMS Final Remark)
[2019-04-15T14:11:49.585+0200][158,105s] GC(499) Using 4 workers of 4 for evacuation
[2019-04-15T14:11:49.620+0200][158,141s] GC(499) ParNew: 88882K->21824K(109248K)
[2019-04-15T14:11:49.620+0200][158,141s] GC(499) CMS: 272042K->332356K(393216K)
[2019-04-15T14:11:49.620+0200][158,141s] GC(499) Metaspace: 77254K->77254K(1120256K)
[2019-04-15T14:11:49.620+0200][158,141s] GC(499) Pause Young (CMS Final Remark) 352M->345M(490M) 36,034ms
[2019-04-15T14:11:49.620+0200][158,141s] GC(499) User=0,08s Sys=0,00s Real=0,04s
[2019-04-15T14:11:49.666+0200][158,186s] GC(498) Pause Remark 352M->345M(490M) 81,263ms
[2019-04-15T14:11:49.666+0200][158,186s] GC(498) User=0,14s Sys=0,00s Real=0,09s
[2019-04-15T14:11:49.666+0200][158,186s] GC(498) Concurrent Sweep
[2019-04-15T14:11:49.712+0200][158,233s] GC(498) Concurrent Sweep 46,641ms
[2019-04-15T14:11:49.712+0200][158,233s] GC(498) User=0,07s Sys=0,01s Real=0,04s
[2019-04-15T14:11:49.712+0200][158,233s] GC(498) Concurrent Reset
[2019-04-15T14:11:49.713+0200][158,233s] GC(498) Concurrent Reset 0,487ms
[2019-04-15T14:11:49.713+0200][158,233s] GC(498) User=0,00s Sys=0,00s Real=0,01s
[2019-04-15T14:11:49.713+0200][158,233s] GC(498) Old: 272042K->244457K(393216K)
[2019-04-15T14:11:50.206+0200][158,726s] GC(500) Pause Young (Allocation Failure)
[2019-04-15T14:11:50.206+0200][158,726s] GC(500) Using 4 workers of 4 for evacuation
[2019-04-15T14:11:50.252+0200][158,773s] GC(500) ParNew: 109248K->21824K(109248K)
[2019-04-15T14:11:50.252+0200][158,773s] GC(500) CMS: 244457K->322547K(393216K)
[2019-04-15T14:11:50.252+0200][158,773s] GC(500) Metaspace: 77254K->77254K(1120256K)
[2019-04-15T14:11:50.252+0200][158,773s] GC(500) Pause Young (Allocation Failure) 345M->336M(490M) 46,526ms
[2019-04-15T14:11:50.252+0200][158,773s] GC(500) User=0,09s Sys=0,01s Real=0,04s
[2019-04-15T14:11:50.253+0200][158,773s] GC(501) Pause Initial Mark
[2019-04-15T14:11:50.253+0200][158,774s] GC(501) Pause Initial Mark 337M->337M(490M) 0,579ms
[2019-04-15T14:11:50.253+0200][158,774s] GC(501) User=0,00s Sys=0,00s Real=0,01s
[2019-04-15T14:11:50.253+0200][158,774s] GC(501) Concurrent Mark
[2019-04-15T14:11:50.253+0200][158,774s] GC(501) Using 4 workers of 4 for marking
[2019-04-15T14:11:50.305+0200][158,825s] GC(501) Concurrent Mark 51,807ms
[2019-04-15T14:11:50.305+0200][158,826s] GC(501) User=0,18s Sys=0,00s Real=0,05s
[2019-04-15T14:11:50.305+0200][158,826s] GC(501) Concurrent Preclean
[2019-04-15T14:11:50.307+0200][158,827s] GC(501) Concurrent Preclean 1,697ms
[2019-04-15T14:11:50.307+0200][158,828s] GC(501) User=0,00s Sys=0,00s Real=0,00s
[2019-04-15T14:11:50.307+0200][158,828s] GC(501) Concurrent Abortable Preclean
[2019-04-15T14:11:50.324+0200][158,844s] GC(502) Pause Young (Allocation Failure)
[2019-04-15T14:11:50.324+0200][158,844s] GC(502) Using 4 workers of 4 for evacuation
[2019-04-15T14:11:50.324+0200][158,844s] GC(503) Pause Full (Allocation Failure)
[2019-04-15T14:11:50.324+0200][158,845s] GC(501) Concurrent Abortable Preclean 17,064ms
[2019-04-15T14:11:50.324+0200][158,845s] GC(501) User=0,03s Sys=0,00s Real=0,01s
[2019-04-15T14:11:50.324+0200][158,845s] GC(503) Phase 1: Mark live objects
[2019-04-15T14:11:50.398+0200][158,918s] GC(503) Phase 1: Mark live objects 73,330ms
[2019-04-15T14:11:50.398+0200][158,918s] GC(503) Phase 2: Compute new object addresses
[2019-04-15T14:11:50.441+0200][158,961s] GC(503) Phase 2: Compute new object addresses 43,288ms
[2019-04-15T14:11:50.441+0200][158,962s] GC(503) Phase 3: Adjust pointers
[2019-04-15T14:11:50.499+0200][159,019s] GC(503) Phase 3: Adjust pointers 57,684ms
[2019-04-15T14:11:50.499+0200][159,019s] GC(503) Phase 4: Move objects
[2019-04-15T14:11:50.582+0200][159,103s] GC(503) Phase 4: Move objects 83,484ms
[2019-04-15T14:11:50.586+0200][159,106s] GC(503) Pause Full (Allocation Failure) 421M->338M(490M) 261,835ms
[2019-04-15T14:11:50.586+0200][159,106s] GC(502) ParNew: 109248K->0K(109248K)
[2019-04-15T14:11:50.586+0200][159,106s] GC(502) CMS: 322547K->346248K(393216K)
[2019-04-15T14:11:50.586+0200][159,106s] GC(502) Metaspace: 77254K->77254K(1120256K)
[2019-04-15T14:11:50.586+0200][159,107s] GC(502) Pause Young (Allocation Failure) 421M->338M(490M) 262,467ms
[2019-04-15T14:11:50.586+0200][159,107s] GC(502) User=0,27s Sys=0,00s Real=0,27s
[2019-04-15T14:11:50.634+0200][159,155s] GC(504) Pause Young (Allocation Failure)
[2019-04-15T14:11:50.634+0200][159,155s] GC(504) Using 4 workers of 4 for evacuation
[2019-04-15T14:11:50.634+0200][159,155s] GC(505) Pause Full (Allocation Failure)
[2019-04-15T14:11:50.635+0200][159,155s] GC(505) Phase 1: Mark live objects
[2019-04-15T14:11:50.730+0200][159,250s] GC(505) Phase 1: Mark live objects 94,850ms
[2019-04-15T14:11:50.730+0200][159,250s] GC(505) Phase 2: Compute new object addresses
[2019-04-15T14:11:50.779+0200][159,300s] GC(505) Phase 2: Compute new object addresses 49,564ms
[2019-04-15T14:11:50.779+0200][159,300s] GC(505) Phase 3: Adjust pointers
[2019-04-15T14:11:50.844+0200][159,365s] GC(505) Phase 3: Adjust pointers 65,298ms
[2019-04-15T14:11:50.845+0200][159,365s] GC(505) Phase 4: Move objects
[2019-04-15T14:11:50.926+0200][159,447s] GC(505) Phase 4: Move objects 81,608ms
[2019-04-15T14:11:50.927+0200][159,447s] GC(505) Pause Full (Allocation Failure) 423M->417M(490M) 292,625ms
[2019-04-15T14:11:50.927+0200][159,447s] GC(504) ParNew: 87424K->34255K(109248K)
[2019-04-15T14:11:50.927+0200][159,447s] GC(504) CMS: 346248K->393213K(393216K)
[2019-04-15T14:11:50.927+0200][159,447s] GC(504) Metaspace: 77254K->77254K(1120256K)
[2019-04-15T14:11:50.927+0200][159,447s] GC(504) Pause Young (Allocation Failure) 423M->417M(490M) 292,782ms
[2019-04-15T14:11:50.927+0200][159,447s] GC(504) User=0,29s Sys=0,00s Real=0,29s
[2019-04-15T14:11:50.927+0200][159,448s] GC(506) Pause Initial Mark
[2019-04-15T14:11:50.929+0200][159,450s] GC(506) Pause Initial Mark 419M->419M(490M) 2,101ms
[2019-04-15T14:11:50.929+0200][159,450s] GC(506) User=0,01s Sys=0,00s Real=0,00s
[2019-04-15T14:11:50.929+0200][159,450s] GC(506) Concurrent Mark
[2019-04-15T14:11:50.930+0200][159,450s] GC(506) Using 4 workers of 4 for marking
[2019-04-15T14:11:51.041+0200][159,561s] GC(506) Concurrent Mark 111,145ms
[2019-04-15T14:11:51.041+0200][159,561s] GC(506) User=0,29s Sys=0,01s Real=0,11s
[2019-04-15T14:11:51.041+0200][159,561s] GC(506) Concurrent Preclean
[2019-04-15T14:11:51.187+0200][159,707s] GC(506) Concurrent Preclean 145,998ms
[2019-04-15T14:11:51.187+0200][159,707s] GC(506) User=0,38s Sys=0,03s Real=0,15s
[2019-04-15T14:11:51.187+0200][159,707s] GC(506) Concurrent Abortable Preclean
[2019-04-15T14:11:51.187+0200][159,707s] GC(506) Concurrent Abortable Preclean 0,010ms
[2019-04-15T14:11:51.187+0200][159,707s] GC(506) User=0,00s Sys=0,00s Real=0,00s
[2019-04-15T14:11:51.194+0200][159,714s] GC(506) Pause Remark
[2019-04-15T14:11:51.194+0200][159,714s] GC(507) Pause Young (CMS Final Remark)
[2019-04-15T14:11:51.194+0200][159,714s] GC(507) Using 4 workers of 4 for evacuation
[2019-04-15T14:11:51.194+0200][159,715s] GC(507) ParNew: 68548K->68548K(109248K)
[2019-04-15T14:11:51.194+0200][159,715s] GC(507) CMS: 393213K->393213K(393216K)
[2019-04-15T14:11:51.194+0200][159,715s] GC(507) Metaspace: 77294K->77294K(1120256K)
[2019-04-15T14:11:51.194+0200][159,715s] GC(507) Pause Young (CMS Final Remark) 450M->450M(490M) 0,292ms
[2019-04-15T14:11:51.194+0200][159,715s] GC(507) User=0,00s Sys=0,00s Real=0,00s
[2019-04-15T14:11:51.334+0200][159,854s] GC(506) Pause Remark 450M->450M(490M) 140,205ms
[2019-04-15T14:11:51.334+0200][159,854s] GC(506) User=0,16s Sys=0,01s Real=0,14s
[2019-04-15T14:11:51.334+0200][159,854s] GC(506) Concurrent Sweep
[2019-04-15T14:11:51.376+0200][159,896s] GC(506) Concurrent Sweep 42,025ms
[2019-04-15T14:11:51.376+0200][159,897s] GC(506) User=0,10s Sys=0,00s Real=0,04s
[2019-04-15T14:11:51.376+0200][159,897s] GC(506) Concurrent Reset
[2019-04-15T14:11:51.377+0200][159,897s] GC(506) Concurrent Reset 0,579ms
[2019-04-15T14:11:51.377+0200][159,897s] GC(506) User=0,00s Sys=0,00s Real=0,00s
[2019-04-15T14:11:51.377+0200][159,898s] GC(506) Old: 393213K->258285K(393216K)
[2019-04-15T14:11:51.650+0200][160,170s] GC(508) Pause Young (Allocation Failure)
[2019-04-15T14:11:51.650+0200][160,170s] GC(508) Using 4 workers of 4 for evacuation
[2019-04-15T14:11:51.707+0200][160,228s] GC(508) ParNew: 109233K->21824K(109248K)
[2019-04-15T14:11:51.707+0200][160,228s] GC(508) CMS: 258285K->258583K(393216K)
[2019-04-15T14:11:51.707+0200][160,228s] GC(508) Metaspace: 77400K->77400K(1120256K)
[2019-04-15T14:11:51.707+0200][160,228s] GC(508) Pause Young (Allocation Failure) 358M->273M(490M) 57,530ms
[2019-04-15T14:11:51.707+0200][160,228s] GC(508) User=0,14s Sys=0,00s Real=0,06s
[2019-04-15T14:11:51.715+0200][160,235s] GC(509) Pause Initial Mark
[2019-04-15T14:11:51.718+0200][160,238s] GC(509) Pause Initial Mark 279M->279M(490M) 3,111ms
[2019-04-15T14:11:51.718+0200][160,238s] GC(509) User=0,01s Sys=0,00s Real=0,00s
[2019-04-15T14:11:51.718+0200][160,238s] GC(509) Concurrent Mark
[2019-04-15T14:11:51.718+0200][160,238s] GC(509) Using 4 workers of 4 for marking
[2019-04-15T14:11:51.831+0200][160,351s] GC(509) Concurrent Mark 113,146ms
[2019-04-15T14:11:51.831+0200][160,352s] GC(509) User=0,32s Sys=0,00s Real=0,11s
[2019-04-15T14:11:51.831+0200][160,352s] GC(509) Concurrent Preclean
[2019-04-15T14:11:51.832+0200][160,353s] GC(509) Concurrent Preclean 1,305ms
[2019-04-15T14:11:51.832+0200][160,353s] GC(509) User=0,00s Sys=0,00s Real=0,00s
[2019-04-15T14:11:51.833+0200][160,353s] GC(509) Concurrent Abortable Preclean
[2019-04-15T14:11:51.887+0200][160,407s] GC(510) Pause Young (Allocation Failure)
[2019-04-15T14:11:51.887+0200][160,407s] GC(510) Using 4 workers of 4 for evacuation
[2019-04-15T14:11:51.915+0200][160,435s] GC(510) ParNew: 109248K->21824K(109248K)
[2019-04-15T14:11:51.915+0200][160,435s] GC(510) CMS: 258583K->260361K(393216K)
[2019-04-15T14:11:51.915+0200][160,435s] GC(510) Metaspace: 77405K->77405K(1120256K)
[2019-04-15T14:11:51.915+0200][160,435s] GC(510) Pause Young (Allocation Failure) 359M->275M(490M) 28,089ms
[2019-04-15T14:11:51.915+0200][160,435s] GC(510) User=0,07s Sys=0,00s Real=0,03s
[2019-04-15T14:11:52.067+0200][160,588s] GC(511) Pause Young (Allocation Failure)
[2019-04-15T14:11:52.067+0200][160,588s] GC(511) Using 4 workers of 4 for evacuation
[2019-04-15T14:11:52.138+0200][160,658s] GC(511) ParNew: 109248K->21824K(109248K)
[2019-04-15T14:11:52.138+0200][160,658s] GC(511) CMS: 260361K->275025K(393216K)
[2019-04-15T14:11:52.138+0200][160,658s] GC(511) Metaspace: 77434K->77434K(1120256K)
[2019-04-15T14:11:52.138+0200][160,658s] GC(511) Pause Young (Allocation Failure) 360M->289M(490M) 70,682ms
[2019-04-15T14:11:52.138+0200][160,658s] GC(511) User=0,15s Sys=0,00s Real=0,07s
[2019-04-15T14:11:52.151+0200][160,672s] GC(509) Concurrent Abortable Preclean 318,500ms
[2019-04-15T14:11:52.151+0200][160,672s] GC(509) User=0,73s Sys=0,01s Real=0,32s
[2019-04-15T14:11:52.157+0200][160,678s] GC(509) Pause Remark
[2019-04-15T14:11:52.157+0200][160,678s] GC(512) Pause Young (CMS Final Remark)
[2019-04-15T14:11:52.158+0200][160,678s] GC(512) Using 4 workers of 4 for evacuation
[2019-04-15T14:11:52.189+0200][160,710s] GC(512) ParNew: 39267K->21824K(109248K)
[2019-04-15T14:11:52.189+0200][160,710s] GC(512) CMS: 275025K->276397K(393216K)
[2019-04-15T14:11:52.190+0200][160,710s] GC(512) Metaspace: 77434K->77434K(1120256K)
[2019-04-15T14:11:52.190+0200][160,710s] GC(512) Pause Young (CMS Final Remark) 306M->291M(490M) 32,130ms
[2019-04-15T14:11:52.190+0200][160,710s] GC(512) User=0,09s Sys=0,00s Real=0,03s
[2019-04-15T14:11:52.252+0200][160,772s] GC(509) Pause Remark 306M->291M(490M) 94,424ms
[2019-04-15T14:11:52.252+0200][160,772s] GC(509) User=0,20s Sys=0,01s Real=0,09s
[2019-04-15T14:11:52.252+0200][160,772s] GC(509) Concurrent Sweep
[2019-04-15T14:11:52.324+0200][160,845s] GC(509) Concurrent Sweep 72,337ms
[2019-04-15T14:11:52.324+0200][160,845s] GC(509) User=0,17s Sys=0,00s Real=0,07s
[2019-04-15T14:11:52.324+0200][160,845s] GC(509) Concurrent Reset
[2019-04-15T14:11:52.325+0200][160,845s] GC(509) Concurrent Reset 0,494ms
[2019-04-15T14:11:52.325+0200][160,845s] GC(509) User=0,01s Sys=0,00s Real=0,01s
[2019-04-15T14:11:52.325+0200][160,845s] GC(509) Old: 258583K->275738K(393216K)
[2019-04-15T14:11:52.420+0200][160,940s] GC(513) Pause Young (Allocation Failure)
[2019-04-15T14:11:52.420+0200][160,940s] GC(513) Using 4 workers of 4 for evacuation
[2019-04-15T14:11:52.472+0200][160,992s] GC(513) ParNew: 109248K->21824K(109248K)
[2019-04-15T14:11:52.472+0200][160,992s] GC(513) CMS: 275738K->295121K(393216K)
[2019-04-15T14:11:52.472+0200][160,992s] GC(513) Metaspace: 77435K->77435K(1120256K)
[2019-04-15T14:11:52.472+0200][160,992s] GC(513) Pause Young (Allocation Failure) 375M->309M(490M) 52,291ms
[2019-04-15T14:11:52.472+0200][160,992s] GC(513) User=0,11s Sys=0,00s Real=0,05s
[2019-04-15T14:11:52.476+0200][160,996s] GC(514) Pause Initial Mark
[2019-04-15T14:11:52.480+0200][161,001s] GC(514) Pause Initial Mark 311M->311M(490M) 4,435ms
[2019-04-15T14:11:52.481+0200][161,001s] GC(514) User=0,01s Sys=0,00s Real=0,00s
[2019-04-15T14:11:52.481+0200][161,001s] GC(514) Concurrent Mark
[2019-04-15T14:11:52.481+0200][161,001s] GC(514) Using 4 workers of 4 for marking
[2019-04-15T14:11:52.603+0200][161,123s] GC(514) Concurrent Mark 122,244ms
[2019-04-15T14:11:52.603+0200][161,124s] GC(514) User=0,29s Sys=0,01s Real=0,12s
[2019-04-15T14:11:52.603+0200][161,124s] GC(514) Concurrent Preclean
[2019-04-15T14:11:52.604+0200][161,124s] GC(514) Concurrent Preclean 0,825ms
[2019-04-15T14:11:52.604+0200][161,124s] GC(514) User=0,00s Sys=0,00s Real=0,00s
[2019-04-15T14:11:52.604+0200][161,124s] GC(514) Concurrent Abortable Preclean
[2019-04-15T14:11:52.723+0200][161,244s] GC(515) Pause Young (Allocation Failure)
[2019-04-15T14:11:52.723+0200][161,244s] GC(515) Using 4 workers of 4 for evacuation
[2019-04-15T14:11:52.755+0200][161,276s] GC(515) ParNew: 109248K->21824K(109248K)
[2019-04-15T14:11:52.756+0200][161,276s] GC(515) CMS: 295121K->302345K(393216K)
[2019-04-15T14:11:52.756+0200][161,276s] GC(515) Metaspace: 77442K->77442K(1120256K)
[2019-04-15T14:11:52.756+0200][161,276s] GC(515) Pause Young (Allocation Failure) 394M->316M(490M) 32,259ms
[2019-04-15T14:11:52.756+0200][161,276s] GC(515) User=0,06s Sys=0,00s Real=0,04s
[2019-04-15T14:11:52.894+0200][161,415s] GC(516) Pause Young (Allocation Failure)
[2019-04-15T14:11:52.894+0200][161,415s] GC(516) Using 4 workers of 4 for evacuation
[2019-04-15T14:11:52.909+0200][161,429s] GC(516) ParNew: 109248K->21824K(109248K)
[2019-04-15T14:11:52.909+0200][161,429s] GC(516) CMS: 302345K->302345K(393216K)
[2019-04-15T14:11:52.909+0200][161,429s] GC(516) Metaspace: 77442K->77442K(1120256K)
[2019-04-15T14:11:52.909+0200][161,429s] GC(516) Pause Young (Allocation Failure) 401M->316M(490M) 14,664ms
[2019-04-15T14:11:52.909+0200][161,429s] GC(516) User=0,04s Sys=0,00s Real=0,01s
[2019-04-15T14:11:52.909+0200][161,429s] GC(514) Concurrent Abortable Preclean 304,947ms
[2019-04-15T14:11:52.909+0200][161,429s] GC(514) User=0,52s Sys=0,00s Real=0,31s
[2019-04-15T14:11:52.909+0200][161,430s] GC(514) Pause Remark
[2019-04-15T14:11:52.909+0200][161,430s] GC(517) Pause Young (CMS Final Remark)
[2019-04-15T14:11:52.909+0200][161,430s] GC(517) Using 4 workers of 4 for evacuation
[2019-04-15T14:11:52.931+0200][161,451s] GC(517) ParNew: 23169K->21824K(109248K)
[2019-04-15T14:11:52.931+0200][161,451s] GC(517) CMS: 302345K->302734K(393216K)
[2019-04-15T14:11:52.931+0200][161,451s] GC(517) Metaspace: 77442K->77442K(1120256K)
[2019-04-15T14:11:52.931+0200][161,451s] GC(517) Pause Young (CMS Final Remark) 317M->316M(490M) 21,715ms
[2019-04-15T14:11:52.931+0200][161,451s] GC(517) User=0,04s Sys=0,01s Real=0,02s
[2019-04-15T14:11:52.997+0200][161,517s] GC(514) Pause Remark 317M->316M(490M) 87,515ms
[2019-04-15T14:11:52.997+0200][161,517s] GC(514) User=0,11s Sys=0,01s Real=0,09s
[2019-04-15T14:11:52.997+0200][161,517s] GC(514) Concurrent Sweep
[2019-04-15T14:11:53.067+0200][161,587s] GC(514) Concurrent Sweep 70,110ms
[2019-04-15T14:11:53.067+0200][161,587s] GC(514) User=0,10s Sys=0,01s Real=0,07s
[2019-04-15T14:11:53.067+0200][161,587s] GC(514) Concurrent Reset
[2019-04-15T14:11:53.068+0200][161,589s] GC(514) Concurrent Reset 1,453ms
[2019-04-15T14:11:53.069+0200][161,589s] GC(514) User=0,00s Sys=0,00s Real=0,00s
[2019-04-15T14:11:53.069+0200][161,589s] GC(514) Old: 295121K->133767K(393216K)
[2019-04-15T14:11:53.193+0200][161,713s] GC(518) Pause Young (Allocation Failure)
[2019-04-15T14:11:53.193+0200][161,713s] GC(518) Using 4 workers of 4 for evacuation
[2019-04-15T14:11:53.225+0200][161,746s] GC(518) ParNew: 109248K->21070K(109248K)
[2019-04-15T14:11:53.225+0200][161,746s] GC(518) CMS: 133767K->133767K(393216K)
[2019-04-15T14:11:53.225+0200][161,746s] GC(518) Metaspace: 77442K->77442K(1120256K)
[2019-04-15T14:11:53.225+0200][161,746s] GC(518) Pause Young (Allocation Failure) 237M->151M(490M) 32,421ms
[2019-04-15T14:11:53.225+0200][161,746s] GC(518) User=0,05s Sys=0,00s Real=0,03s
[2019-04-15T14:11:53.467+0200][161,987s] GC(519) Pause Young (Allocation Failure)
[2019-04-15T14:11:53.467+0200][161,987s] GC(519) Using 4 workers of 4 for evacuation
[2019-04-15T14:11:53.509+0200][162,029s] GC(519) ParNew: 109248K->21824K(109248K)
[2019-04-15T14:11:53.509+0200][162,029s] GC(519) CMS: 133767K->134181K(393216K)
[2019-04-15T14:11:53.509+0200][162,029s] GC(519) Metaspace: 77442K->77442K(1120256K)
[2019-04-15T14:11:53.509+0200][162,029s] GC(519) Pause Young (Allocation Failure) 237M->152M(490M) 42,058ms
[2019-04-15T14:11:53.509+0200][162,029s] GC(519) User=0,05s Sys=0,00s Real=0,04s
[2019-04-15T14:11:53.671+0200][162,192s] GC(520) Pause Young (Allocation Failure)
[2019-04-15T14:11:53.671+0200][162,192s] GC(520) Using 4 workers of 4 for evacuation
[2019-04-15T14:11:53.707+0200][162,228s] GC(520) ParNew: 109248K->14818K(109248K)
[2019-04-15T14:11:53.707+0200][162,228s] GC(520) CMS: 134181K->140077K(393216K)
[2019-04-15T14:11:53.707+0200][162,228s] GC(520) Metaspace: 77442K->77442K(1120256K)
[2019-04-15T14:11:53.707+0200][162,228s] GC(520) Pause Young (Allocation Failure) 237M->151M(490M) 35,997ms
[2019-04-15T14:11:53.707+0200][162,228s] GC(520) User=0,06s Sys=0,00s Real=0,04s
[2019-04-15T14:11:53.890+0200][162,411s] GC(521) Pause Young (Allocation Failure)
[2019-04-15T14:11:53.890+0200][162,411s] GC(521) Using 4 workers of 4 for evacuation
[2019-04-15T14:11:53.899+0200][162,419s] GC(521) ParNew: 109247K->15154K(109248K)
[2019-04-15T14:11:53.899+0200][162,419s] GC(521) CMS: 140077K->141052K(393216K)
[2019-04-15T14:11:53.899+0200][162,419s] GC(521) Metaspace: 77442K->77442K(1120256K)
[2019-04-15T14:11:53.899+0200][162,419s] GC(521) Pause Young (Allocation Failure) 243M->152M(490M) 8,808ms
[2019-04-15T14:11:53.899+0200][162,419s] GC(521) User=0,04s Sys=0,00s Real=0,01s
[2019-04-15T14:11:54.031+0200][162,551s] GC(522) Pause Young (Allocation Failure)
[2019-04-15T14:11:54.031+0200][162,551s] GC(522) Using 4 workers of 4 for evacuation
[2019-04-15T14:11:54.041+0200][162,561s] GC(522) ParNew: 109248K->7140K(109248K)
[2019-04-15T14:11:54.041+0200][162,561s] GC(522) CMS: 141052K->148598K(393216K)
[2019-04-15T14:11:54.041+0200][162,561s] GC(522) Metaspace: 77442K->77442K(1120256K)
[2019-04-15T14:11:54.041+0200][162,561s] GC(522) Pause Young (Allocation Failure) 244M->152M(490M) 10,123ms
[2019-04-15T14:11:54.041+0200][162,561s] GC(522) User=0,03s Sys=0,00s Real=0,01s
[2019-04-15T14:11:54.211+0200][162,731s] GC(523) Pause Young (Allocation Failure)
[2019-04-15T14:11:54.211+0200][162,731s] GC(523) Using 4 workers of 4 for evacuation
[2019-04-15T14:11:54.228+0200][162,748s] GC(523) ParNew: 109247K->3385K(109248K)
[2019-04-15T14:11:54.228+0200][162,748s] GC(523) CMS: 148598K->149556K(393216K)
[2019-04-15T14:11:54.228+0200][162,748s] GC(523) Metaspace: 77442K->77442K(1120256K)
[2019-04-15T14:11:54.228+0200][162,748s] GC(523) Pause Young (Allocation Failure) 251M->149M(490M) 16,766ms
[2019-04-15T14:11:54.228+0200][162,748s] GC(523) User=0,03s Sys=0,00s Real=0,02s
[2019-04-15T14:11:54.479+0200][162,999s] GC(524) Pause Young (Allocation Failure)
[2019-04-15T14:11:54.479+0200][162,999s] GC(524) Using 4 workers of 4 for evacuation
[2019-04-15T14:11:54.488+0200][163,009s] GC(524) ParNew: 109247K->3656K(109248K)
[2019-04-15T14:11:54.488+0200][163,009s] GC(524) CMS: 149556K->149634K(393216K)
[2019-04-15T14:11:54.488+0200][163,009s] GC(524) Metaspace: 77447K->77447K(1120256K)
[2019-04-15T14:11:54.488+0200][163,009s] GC(524) Pause Young (Allocation Failure) 252M->149M(490M) 9,387ms
[2019-04-15T14:11:54.488+0200][163,009s] GC(524) User=0,02s Sys=0,00s Real=0,01s
[2019-04-15T14:11:54.667+0200][163,187s] GC(525) Pause Young (Allocation Failure)
[2019-04-15T14:11:54.667+0200][163,187s] GC(525) Using 4 workers of 4 for evacuation
[2019-04-15T14:11:54.674+0200][163,194s] GC(525) ParNew: 109247K->4054K(109248K)
[2019-04-15T14:11:54.674+0200][163,194s] GC(525) CMS: 149634K->149634K(393216K)
[2019-04-15T14:11:54.674+0200][163,194s] GC(525) Metaspace: 77447K->77447K(1120256K)
[2019-04-15T14:11:54.674+0200][163,194s] GC(525) Pause Young (Allocation Failure) 252M->150M(490M) 7,013ms
[2019-04-15T14:11:54.674+0200][163,194s] GC(525) User=0,02s Sys=0,00s Real=0,01s
[2019-04-15T14:11:54.853+0200][163,374s] GC(526) Pause Young (Allocation Failure)
[2019-04-15T14:11:54.853+0200][163,374s] GC(526) Using 4 workers of 4 for evacuation
[2019-04-15T14:11:54.861+0200][163,382s] GC(526) ParNew: 109248K->3472K(109248K)
[2019-04-15T14:11:54.861+0200][163,382s] GC(526) CMS: 149634K->149650K(393216K)
[2019-04-15T14:11:54.861+0200][163,382s] GC(526) Metaspace: 77447K->77447K(1120256K)
[2019-04-15T14:11:54.861+0200][163,382s] GC(526) Pause Young (Allocation Failure) 252M->149M(490M) 8,196ms
[2019-04-15T14:11:54.861+0200][163,382s] GC(526) User=0,03s Sys=0,00s Real=0,00s
[2019-04-15T14:11:55.056+0200][163,577s] GC(527) Pause Young (Allocation Failure)
[2019-04-15T14:11:55.056+0200][163,577s] GC(527) Using 4 workers of 4 for evacuation
[2019-04-15T14:11:55.062+0200][163,582s] GC(527) ParNew: 109248K->4175K(109248K)
[2019-04-15T14:11:55.062+0200][163,582s] GC(527) CMS: 149650K->149657K(393216K)
[2019-04-15T14:11:55.062+0200][163,582s] GC(527) Metaspace: 77447K->77447K(1120256K)
[2019-04-15T14:11:55.062+0200][163,582s] GC(527) Pause Young (Allocation Failure) 252M->150M(490M) 5,657ms
[2019-04-15T14:11:55.062+0200][163,582s] GC(527) User=0,02s Sys=0,00s Real=0,00s
[2019-04-15T14:11:55.228+0200][163,749s] GC(528) Pause Young (Allocation Failure)
[2019-04-15T14:11:55.228+0200][163,749s] GC(528) Using 4 workers of 4 for evacuation
[2019-04-15T14:11:55.236+0200][163,756s] GC(528) ParNew: 109247K->3607K(109248K)
[2019-04-15T14:11:55.236+0200][163,756s] GC(528) CMS: 149657K->149663K(393216K)
[2019-04-15T14:11:55.236+0200][163,756s] GC(528) Metaspace: 77447K->77447K(1120256K)
[2019-04-15T14:11:55.236+0200][163,756s] GC(528) Pause Young (Allocation Failure) 252M->149M(490M) 7,502ms
[2019-04-15T14:11:55.236+0200][163,756s] GC(528) User=0,02s Sys=0,00s Real=0,01s
[2019-04-15T14:11:55.471+0200][163,991s] GC(529) Pause Young (Allocation Failure)
[2019-04-15T14:11:55.471+0200][163,991s] GC(529) Using 4 workers of 4 for evacuation
[2019-04-15T14:11:55.487+0200][164,007s] GC(529) ParNew: 109247K->4294K(109248K)
[2019-04-15T14:11:55.487+0200][164,007s] GC(529) CMS: 149663K->149667K(393216K)
[2019-04-15T14:11:55.487+0200][164,007s] GC(529) Metaspace: 77447K->77447K(1120256K)
[2019-04-15T14:11:55.487+0200][164,008s] GC(529) Pause Young (Allocation Failure) 252M->150M(490M) 16,509ms
[2019-04-15T14:11:55.487+0200][164,008s] GC(529) User=0,04s Sys=0,00s Real=0,02s
[2019-04-15T14:11:55.796+0200][164,316s] GC(530) Pause Young (Allocation Failure)
[2019-04-15T14:11:55.796+0200][164,316s] GC(530) Using 4 workers of 4 for evacuation
[2019-04-15T14:11:55.803+0200][164,323s] GC(530) ParNew: 109247K->11707K(109248K)
[2019-04-15T14:11:55.803+0200][164,323s] GC(530) CMS: 149667K->149671K(393216K)
[2019-04-15T14:11:55.803+0200][164,323s] GC(530) Metaspace: 77454K->77454K(1120256K)
[2019-04-15T14:11:55.803+0200][164,323s] GC(530) Pause Young (Allocation Failure) 252M->157M(490M) 7,017ms
[2019-04-15T14:11:55.803+0200][164,323s] GC(530) User=0,03s Sys=0,00s Real=0,00s
[2019-04-15T14:11:55.988+0200][164,508s] GC(531) Pause Young (Allocation Failure)
[2019-04-15T14:11:55.988+0200][164,508s] GC(531) Using 4 workers of 4 for evacuation
[2019-04-15T14:11:55.998+0200][164,519s] GC(531) ParNew: 109247K->20635K(109248K)
[2019-04-15T14:11:55.998+0200][164,519s] GC(531) CMS: 149671K->149674K(393216K)
[2019-04-15T14:11:55.999+0200][164,519s] GC(531) Metaspace: 77458K->77458K(1120256K)
[2019-04-15T14:11:55.999+0200][164,519s] GC(531) Pause Young (Allocation Failure) 252M->166M(490M) 10,881ms
[2019-04-15T14:11:55.999+0200][164,519s] GC(531) User=0,04s Sys=0,00s Real=0,01s
[2019-04-15T14:11:56.073+0200][164,594s] GC(532) Pause Young (Allocation Failure)
[2019-04-15T14:11:56.073+0200][164,594s] GC(532) Using 4 workers of 4 for evacuation
[2019-04-15T14:11:56.083+0200][164,603s] GC(532) ParNew: 109225K->21824K(109248K)
[2019-04-15T14:11:56.083+0200][164,603s] GC(532) CMS: 149674K->151727K(393216K)
[2019-04-15T14:11:56.083+0200][164,603s] GC(532) Metaspace: 77458K->77458K(1120256K)
[2019-04-15T14:11:56.083+0200][164,603s] GC(532) Pause Young (Allocation Failure) 252M->169M(490M) 9,623ms
[2019-04-15T14:11:56.083+0200][164,603s] GC(532) User=0,03s Sys=0,00s Real=0,00s
[2019-04-15T14:11:56.148+0200][164,668s] GC(533) Pause Young (Allocation Failure)
[2019-04-15T14:11:56.148+0200][164,668s] GC(533) Using 4 workers of 4 for evacuation
[2019-04-15T14:11:56.158+0200][164,678s] GC(533) ParNew: 109248K->19703K(109248K)
[2019-04-15T14:11:56.158+0200][164,678s] GC(533) CMS: 151727K->151730K(393216K)
[2019-04-15T14:11:56.158+0200][164,678s] GC(533) Metaspace: 77458K->77458K(1120256K)
[2019-04-15T14:11:56.158+0200][164,678s] GC(533) Pause Young (Allocation Failure) 254M->167M(490M) 10,275ms
[2019-04-15T14:11:56.158+0200][164,678s] GC(533) User=0,03s Sys=0,00s Real=0,01s
[2019-04-15T14:11:56.233+0200][164,753s] GC(534) Pause Young (Allocation Failure)
[2019-04-15T14:11:56.233+0200][164,753s] GC(534) Using 4 workers of 4 for evacuation
[2019-04-15T14:11:56.243+0200][164,764s] GC(534) ParNew: 109247K->21598K(109248K)
[2019-04-15T14:11:56.243+0200][164,764s] GC(534) CMS: 151730K->151734K(393216K)
[2019-04-15T14:11:56.243+0200][164,764s] GC(534) Metaspace: 77458K->77458K(1120256K)
[2019-04-15T14:11:56.243+0200][164,764s] GC(534) Pause Young (Allocation Failure) 254M->169M(490M) 10,285ms
[2019-04-15T14:11:56.243+0200][164,764s] GC(534) User=0,03s Sys=0,00s Real=0,00s
[2019-04-15T14:11:56.308+0200][164,828s] GC(535) Pause Young (Allocation Failure)
[2019-04-15T14:11:56.308+0200][164,828s] GC(535) Using 4 workers of 4 for evacuation
[2019-04-15T14:11:56.319+0200][164,840s] GC(535) ParNew: 109247K->21824K(109248K)
[2019-04-15T14:11:56.319+0200][164,840s] GC(535) CMS: 151734K->151738K(393216K)
[2019-04-15T14:11:56.319+0200][164,840s] GC(535) Metaspace: 77459K->77459K(1120256K)
[2019-04-15T14:11:56.319+0200][164,840s] GC(535) Pause Young (Allocation Failure) 254M->169M(490M) 11,344ms
[2019-04-15T14:11:56.319+0200][164,840s] GC(535) User=0,04s Sys=0,00s Real=0,01s
[2019-04-15T14:11:56.383+0200][164,904s] GC(536) Pause Young (Allocation Failure)
[2019-04-15T14:11:56.383+0200][164,904s] GC(536) Using 4 workers of 4 for evacuation
[2019-04-15T14:11:56.394+0200][164,914s] GC(536) ParNew: 109248K->21824K(109248K)
[2019-04-15T14:11:56.394+0200][164,914s] GC(536) CMS: 151738K->151959K(393216K)
[2019-04-15T14:11:56.394+0200][164,914s] GC(536) Metaspace: 77459K->77459K(1120256K)
[2019-04-15T14:11:56.394+0200][164,914s] GC(536) Pause Young (Allocation Failure) 254M->169M(490M) 10,261ms
[2019-04-15T14:11:56.394+0200][164,914s] GC(536) User=0,03s Sys=0,00s Real=0,02s
[2019-04-15T14:11:56.458+0200][164,978s] GC(537) Pause Young (Allocation Failure)
[2019-04-15T14:11:56.458+0200][164,978s] GC(537) Using 4 workers of 4 for evacuation
[2019-04-15T14:11:56.473+0200][164,993s] GC(537) ParNew: 109248K->21284K(109248K)
[2019-04-15T14:11:56.473+0200][164,993s] GC(537) CMS: 151959K->152006K(393216K)
[2019-04-15T14:11:56.473+0200][164,993s] GC(537) Metaspace: 77459K->77459K(1120256K)
[2019-04-15T14:11:56.473+0200][164,993s] GC(537) Pause Young (Allocation Failure) 255M->169M(490M) 15,100ms
[2019-04-15T14:11:56.473+0200][164,993s] GC(537) User=0,04s Sys=0,00s Real=0,01s
[2019-04-15T14:11:56.983+0200][165,503s] GC(538) Pause Young (Allocation Failure)
[2019-04-15T14:11:56.983+0200][165,503s] GC(538) Using 4 workers of 4 for evacuation
[2019-04-15T14:11:57.012+0200][165,533s] GC(538) ParNew: 109245K->21824K(109248K)
[2019-04-15T14:11:57.012+0200][165,533s] GC(538) CMS: 152006K->208149K(393216K)
[2019-04-15T14:11:57.012+0200][165,533s] GC(538) Metaspace: 77464K->77464K(1120256K)
[2019-04-15T14:11:57.012+0200][165,533s] GC(538) Pause Young (Allocation Failure) 255M->224M(490M) 29,376ms
[2019-04-15T14:11:57.012+0200][165,533s] GC(538) User=0,08s Sys=0,00s Real=0,03s
[2019-04-15T14:11:57.012+0200][165,533s] GC(539) Pause Initial Mark
[2019-04-15T14:11:57.014+0200][165,535s] GC(539) Pause Initial Mark 224M->224M(490M) 1,908ms
[2019-04-15T14:11:57.014+0200][165,535s] GC(539) User=0,00s Sys=0,00s Real=0,01s
[2019-04-15T14:11:57.014+0200][165,535s] GC(539) Concurrent Mark
[2019-04-15T14:11:57.014+0200][165,535s] GC(539) Using 4 workers of 4 for marking
[2019-04-15T14:11:57.062+0200][165,583s] GC(539) Concurrent Mark 48,119ms
[2019-04-15T14:11:57.063+0200][165,583s] GC(539) User=0,14s Sys=0,02s Real=0,04s
[2019-04-15T14:11:57.063+0200][165,583s] GC(539) Concurrent Preclean
[2019-04-15T14:11:57.064+0200][165,584s] GC(539) Concurrent Preclean 1,082ms
[2019-04-15T14:11:57.064+0200][165,584s] GC(539) User=0,00s Sys=0,00s Real=0,00s
[2019-04-15T14:11:57.064+0200][165,584s] GC(539) Concurrent Abortable Preclean
[2019-04-15T14:11:57.122+0200][165,643s] GC(540) Pause Young (Allocation Failure)
[2019-04-15T14:11:57.122+0200][165,643s] GC(540) Using 4 workers of 4 for evacuation
[2019-04-15T14:11:57.162+0200][165,682s] GC(540) ParNew: 109248K->21824K(109248K)
[2019-04-15T14:11:57.162+0200][165,682s] GC(540) CMS: 208149K->282051K(393216K)
[2019-04-15T14:11:57.162+0200][165,682s] GC(540) Metaspace: 77464K->77464K(1120256K)
[2019-04-15T14:11:57.162+0200][165,682s] GC(540) Pause Young (Allocation Failure) 309M->296M(490M) 39,217ms
[2019-04-15T14:11:57.162+0200][165,682s] GC(540) User=0,11s Sys=0,00s Real=0,04s
[2019-04-15T14:11:57.162+0200][165,682s] GC(539) Concurrent Abortable Preclean 98,022ms
[2019-04-15T14:11:57.162+0200][165,682s] GC(539) User=0,22s Sys=0,01s Real=0,10s
[2019-04-15T14:11:57.162+0200][165,682s] GC(539) Pause Remark
[2019-04-15T14:11:57.162+0200][165,682s] GC(541) Pause Young (CMS Final Remark)
[2019-04-15T14:11:57.162+0200][165,683s] GC(541) Using 4 workers of 4 for evacuation
[2019-04-15T14:11:57.171+0200][165,692s] GC(541) ParNew: 23457K->20964K(109248K)
[2019-04-15T14:11:57.171+0200][165,692s] GC(541) CMS: 282051K->294183K(393216K)
[2019-04-15T14:11:57.171+0200][165,692s] GC(541) Metaspace: 77464K->77464K(1120256K)
[2019-04-15T14:11:57.171+0200][165,692s] GC(541) Pause Young (CMS Final Remark) 298M->307M(490M) 9,268ms
[2019-04-15T14:11:57.171+0200][165,692s] GC(541) User=0,04s Sys=0,00s Real=0,01s
[2019-04-15T14:11:57.209+0200][165,730s] GC(539) Pause Remark 298M->307M(490M) 47,189ms
[2019-04-15T14:11:57.209+0200][165,730s] GC(539) User=0,11s Sys=0,00s Real=0,05s
[2019-04-15T14:11:57.209+0200][165,730s] GC(539) Concurrent Sweep
[2019-04-15T14:11:57.270+0200][165,790s] GC(539) Concurrent Sweep 60,508ms
[2019-04-15T14:11:57.270+0200][165,790s] GC(539) User=0,17s Sys=0,00s Real=0,06s
[2019-04-15T14:11:57.270+0200][165,790s] GC(539) Concurrent Reset
[2019-04-15T14:11:57.270+0200][165,791s] GC(539) Concurrent Reset 0,448ms
[2019-04-15T14:11:57.270+0200][165,791s] GC(539) User=0,01s Sys=0,00s Real=0,00s
[2019-04-15T14:11:57.270+0200][165,791s] GC(539) Old: 208149K->253441K(393216K)
[2019-04-15T14:11:57.580+0200][166,101s] GC(542) Pause Young (Allocation Failure)
[2019-04-15T14:11:57.580+0200][166,101s] GC(542) Using 4 workers of 4 for evacuation
[2019-04-15T14:11:57.613+0200][166,134s] GC(542) ParNew: 109246K->21824K(109248K)
[2019-04-15T14:11:57.613+0200][166,134s] GC(542) CMS: 253441K->284681K(393216K)
[2019-04-15T14:11:57.613+0200][166,134s] GC(542) Metaspace: 77468K->77468K(1120256K)
[2019-04-15T14:11:57.613+0200][166,134s] GC(542) Pause Young (Allocation Failure) 354M->299M(490M) 32,856ms
[2019-04-15T14:11:57.613+0200][166,134s] GC(542) User=0,07s Sys=0,00s Real=0,04s
[2019-04-15T14:11:57.617+0200][166,137s] GC(543) Pause Initial Mark
[2019-04-15T14:11:57.619+0200][166,139s] GC(543) Pause Initial Mark 302M->302M(490M) 1,664ms
[2019-04-15T14:11:57.619+0200][166,139s] GC(543) User=0,00s Sys=0,00s Real=0,00s
[2019-04-15T14:11:57.619+0200][166,139s] GC(543) Concurrent Mark
[2019-04-15T14:11:57.619+0200][166,139s] GC(543) Using 4 workers of 4 for marking
[2019-04-15T14:11:57.679+0200][166,200s] GC(543) Concurrent Mark 60,692ms
[2019-04-15T14:11:57.679+0200][166,200s] GC(543) User=0,20s Sys=0,00s Real=0,06s
[2019-04-15T14:11:57.680+0200][166,200s] GC(543) Concurrent Preclean
[2019-04-15T14:11:57.681+0200][166,201s] GC(543) Concurrent Preclean 1,488ms
[2019-04-15T14:11:57.681+0200][166,201s] GC(543) User=0,00s Sys=0,00s Real=0,00s
[2019-04-15T14:11:57.681+0200][166,201s] GC(543) Concurrent Abortable Preclean
[2019-04-15T14:11:57.792+0200][166,312s] GC(544) Pause Young (Allocation Failure)
[2019-04-15T14:11:57.792+0200][166,312s] GC(544) Using 4 workers of 4 for evacuation
[2019-04-15T14:11:57.809+0200][166,329s] GC(543) Concurrent Abortable Preclean 127,504ms
[2019-04-15T14:11:57.809+0200][166,329s] GC(543) User=0,29s Sys=0,04s Real=0,13s
[2019-04-15T14:11:57.819+0200][166,340s] GC(544) ParNew: 109248K->21824K(109248K)
[2019-04-15T14:11:57.819+0200][166,340s] GC(544) CMS: 284681K->299518K(393216K)
[2019-04-15T14:11:57.819+0200][166,340s] GC(544) Metaspace: 77471K->77471K(1120256K)
[2019-04-15T14:11:57.819+0200][166,340s] GC(544) Pause Young (Allocation Failure) 384M->313M(490M) 27,775ms
[2019-04-15T14:11:57.819+0200][166,340s] GC(544) User=0,09s Sys=0,00s Real=0,03s
[2019-04-15T14:11:57.820+0200][166,340s] GC(543) Pause Remark
[2019-04-15T14:11:57.820+0200][166,340s] GC(545) Pause Young (CMS Final Remark)
[2019-04-15T14:11:57.820+0200][166,340s] GC(545) Using 4 workers of 4 for evacuation
[2019-04-15T14:11:57.831+0200][166,351s] GC(545) ParNew: 22803K->20526K(109248K)
[2019-04-15T14:11:57.831+0200][166,351s] GC(545) CMS: 299518K->308568K(393216K)
[2019-04-15T14:11:57.831+0200][166,352s] GC(545) Metaspace: 77471K->77471K(1120256K)
[2019-04-15T14:11:57.831+0200][166,352s] GC(545) Pause Young (CMS Final Remark) 314M->321M(490M) 11,480ms
[2019-04-15T14:11:57.831+0200][166,352s] GC(545) User=0,04s Sys=0,00s Real=0,01s
[2019-04-15T14:11:57.860+0200][166,381s] GC(543) Pause Remark 314M->321M(490M) 40,749ms
[2019-04-15T14:11:57.860+0200][166,381s] GC(543) User=0,08s Sys=0,00s Real=0,04s
[2019-04-15T14:11:57.860+0200][166,381s] GC(543) Concurrent Sweep
[2019-04-15T14:11:57.961+0200][166,482s] GC(543) Concurrent Sweep 100,728ms
[2019-04-15T14:11:57.961+0200][166,482s] GC(543) User=0,26s Sys=0,01s Real=0,10s
[2019-04-15T14:11:57.961+0200][166,482s] GC(543) Concurrent Reset
[2019-04-15T14:11:57.962+0200][166,482s] GC(543) Concurrent Reset 0,472ms
[2019-04-15T14:11:57.962+0200][166,482s] GC(543) User=0,00s Sys=0,00s Real=0,00s
[2019-04-15T14:11:57.962+0200][166,482s] GC(543) Old: 284681K->217948K(393216K)
[2019-04-15T14:11:57.977+0200][166,497s] GC(546) Pause Young (Allocation Failure)
[2019-04-15T14:11:57.977+0200][166,497s] GC(546) Using 4 workers of 4 for evacuation
[2019-04-15T14:11:57.992+0200][166,513s] GC(546) ParNew: 109248K->21824K(109248K)
[2019-04-15T14:11:57.992+0200][166,513s] GC(546) CMS: 217948K->223885K(393216K)
[2019-04-15T14:11:57.992+0200][166,513s] GC(546) Metaspace: 77473K->77473K(1120256K)
[2019-04-15T14:11:57.992+0200][166,513s] GC(546) Pause Young (Allocation Failure) 319M->239M(490M) 15,588ms
[2019-04-15T14:11:57.992+0200][166,513s] GC(546) User=0,04s Sys=0,01s Real=0,01s
[2019-04-15T14:11:57.993+0200][166,514s] GC(547) Pause Initial Mark
[2019-04-15T14:11:57.996+0200][166,516s] GC(547) Pause Initial Mark 241M->241M(490M) 2,554ms
[2019-04-15T14:11:57.996+0200][166,516s] GC(547) User=0,00s Sys=0,00s Real=0,00s
[2019-04-15T14:11:57.996+0200][166,517s] GC(547) Concurrent Mark
[2019-04-15T14:11:57.996+0200][166,517s] GC(547) Using 4 workers of 4 for marking
[2019-04-15T14:11:58.073+0200][166,593s] GC(547) Concurrent Mark 76,823ms
[2019-04-15T14:11:58.073+0200][166,593s] GC(547) User=0,21s Sys=0,00s Real=0,08s
[2019-04-15T14:11:58.073+0200][166,593s] GC(547) Concurrent Preclean
[2019-04-15T14:11:58.074+0200][166,595s] GC(547) Concurrent Preclean 1,181ms
[2019-04-15T14:11:58.074+0200][166,595s] GC(547) User=0,00s Sys=0,00s Real=0,00s
[2019-04-15T14:11:58.074+0200][166,595s] GC(547) Concurrent Abortable Preclean
[2019-04-15T14:11:58.135+0200][166,655s] GC(548) Pause Young (Allocation Failure)
[2019-04-15T14:11:58.135+0200][166,655s] GC(548) Using 4 workers of 4 for evacuation
[2019-04-15T14:11:58.145+0200][166,665s] GC(548) ParNew: 109248K->21824K(109248K)
[2019-04-15T14:11:58.145+0200][166,665s] GC(548) CMS: 223885K->226622K(393216K)
[2019-04-15T14:11:58.145+0200][166,665s] GC(548) Metaspace: 77473K->77473K(1120256K)
[2019-04-15T14:11:58.145+0200][166,665s] GC(548) Pause Young (Allocation Failure) 325M->242M(490M) 9,737ms
[2019-04-15T14:11:58.145+0200][166,665s] GC(548) User=0,03s Sys=0,00s Real=0,00s
[2019-04-15T14:11:58.218+0200][166,738s] GC(549) Pause Young (Allocation Failure)
[2019-04-15T14:11:58.218+0200][166,738s] GC(549) Using 4 workers of 4 for evacuation
[2019-04-15T14:11:58.225+0200][166,746s] GC(549) ParNew: 109248K->18524K(109248K)
[2019-04-15T14:11:58.225+0200][166,746s] GC(549) CMS: 226622K->226622K(393216K)
[2019-04-15T14:11:58.225+0200][166,746s] GC(549) Metaspace: 77473K->77473K(1120256K)
[2019-04-15T14:11:58.225+0200][166,746s] GC(549) Pause Young (Allocation Failure) 327M->239M(490M) 7,896ms
[2019-04-15T14:11:58.225+0200][166,746s] GC(549) User=0,03s Sys=0,00s Real=0,01s
[2019-04-15T14:11:58.225+0200][166,746s] GC(547) Concurrent Abortable Preclean 151,262ms
[2019-04-15T14:11:58.225+0200][166,746s] GC(547) User=0,38s Sys=0,00s Real=0,15s
[2019-04-15T14:11:58.228+0200][166,749s] GC(547) Pause Remark
[2019-04-15T14:11:58.228+0200][166,749s] GC(550) Pause Young (CMS Final Remark)
[2019-04-15T14:11:58.228+0200][166,749s] GC(550) Using 4 workers of 4 for evacuation
[2019-04-15T14:11:58.235+0200][166,755s] GC(550) ParNew: 20020K->21824K(109248K)
[2019-04-15T14:11:58.235+0200][166,755s] GC(550) CMS: 226622K->226622K(393216K)
[2019-04-15T14:11:58.235+0200][166,755s] GC(550) Metaspace: 77473K->77473K(1120256K)
[2019-04-15T14:11:58.235+0200][166,755s] GC(550) Pause Young (CMS Final Remark) 240M->242M(490M) 6,150ms
[2019-04-15T14:11:58.235+0200][166,755s] GC(550) User=0,03s Sys=0,00s Real=0,01s
[2019-04-15T14:11:58.273+0200][166,793s] GC(547) Pause Remark 240M->242M(490M) 44,393ms
[2019-04-15T14:11:58.273+0200][166,793s] GC(547) User=0,08s Sys=0,00s Real=0,04s
[2019-04-15T14:11:58.273+0200][166,793s] GC(547) Concurrent Sweep
[2019-04-15T14:11:58.305+0200][166,826s] GC(547) Concurrent Sweep 32,488ms
[2019-04-15T14:11:58.305+0200][166,826s] GC(547) User=0,07s Sys=0,00s Real=0,04s
[2019-04-15T14:11:58.305+0200][166,826s] GC(547) Concurrent Reset
[2019-04-15T14:11:58.306+0200][166,826s] GC(547) Concurrent Reset 0,345ms
[2019-04-15T14:11:58.306+0200][166,826s] GC(547) User=0,00s Sys=0,00s Real=0,00s
[2019-04-15T14:11:58.306+0200][166,826s] GC(547) Old: 223885K->151145K(393216K)
[2019-04-15T14:11:58.338+0200][166,859s] GC(551) Pause Young (Allocation Failure)
[2019-04-15T14:11:58.338+0200][166,859s] GC(551) Using 4 workers of 4 for evacuation
[2019-04-15T14:11:58.345+0200][166,866s] GC(551) ParNew: 109248K->20224K(109248K)
[2019-04-15T14:11:58.345+0200][166,866s] GC(551) CMS: 151145K->151145K(393216K)
[2019-04-15T14:11:58.345+0200][166,866s] GC(551) Metaspace: 77473K->77473K(1120256K)
[2019-04-15T14:11:58.345+0200][166,866s] GC(551) Pause Young (Allocation Failure) 254M->167M(490M) 6,888ms
[2019-04-15T14:11:58.345+0200][166,866s] GC(551) User=0,02s Sys=0,00s Real=0,01s
[2019-04-15T14:11:58.414+0200][166,934s] GC(552) Pause Young (Allocation Failure)
[2019-04-15T14:11:58.414+0200][166,934s] GC(552) Using 4 workers of 4 for evacuation
[2019-04-15T14:11:58.425+0200][166,946s] GC(552) ParNew: 109247K->19734K(109248K)
[2019-04-15T14:11:58.425+0200][166,946s] GC(552) CMS: 151145K->151145K(393216K)
[2019-04-15T14:11:58.425+0200][166,946s] GC(552) Metaspace: 77473K->77473K(1120256K)
[2019-04-15T14:11:58.425+0200][166,946s] GC(552) Pause Young (Allocation Failure) 254M->166M(490M) 11,499ms
[2019-04-15T14:11:58.425+0200][166,946s] GC(552) User=0,05s Sys=0,00s Real=0,01s
[2019-04-15T14:11:58.527+0200][167,047s] GC(553) Pause Young (Allocation Failure)
[2019-04-15T14:11:58.527+0200][167,047s] GC(553) Using 4 workers of 4 for evacuation
[2019-04-15T14:11:58.539+0200][167,060s] GC(553) ParNew: 109247K->13808K(109248K)
[2019-04-15T14:11:58.539+0200][167,060s] GC(553) CMS: 151145K->151145K(393216K)
[2019-04-15T14:11:58.539+0200][167,060s] GC(553) Metaspace: 77473K->77473K(1120256K)
[2019-04-15T14:11:58.539+0200][167,060s] GC(553) Pause Young (Allocation Failure) 254M->161M(490M) 12,636ms
[2019-04-15T14:11:58.539+0200][167,060s] GC(553) User=0,04s Sys=0,00s Real=0,01s
[2019-04-15T14:11:58.991+0200][167,511s] GC(554) Pause Young (Allocation Failure)
[2019-04-15T14:11:58.991+0200][167,511s] GC(554) Using 4 workers of 4 for evacuation
[2019-04-15T14:11:59.035+0200][167,555s] GC(554) ParNew: 109246K->21824K(109248K)
[2019-04-15T14:11:59.035+0200][167,555s] GC(554) CMS: 151145K->212417K(393216K)
[2019-04-15T14:11:59.035+0200][167,555s] GC(554) Metaspace: 77475K->77475K(1120256K)
[2019-04-15T14:11:59.035+0200][167,555s] GC(554) Pause Young (Allocation Failure) 254M->228M(490M) 44,076ms
[2019-04-15T14:11:59.035+0200][167,555s] GC(554) User=0,06s Sys=0,01s Real=0,05s
[2019-04-15T14:11:59.035+0200][167,556s] GC(555) Pause Initial Mark
[2019-04-15T14:11:59.036+0200][167,557s] GC(555) Pause Initial Mark 230M->230M(490M) 0,916ms
[2019-04-15T14:11:59.036+0200][167,557s] GC(555) User=0,00s Sys=0,00s Real=0,00s
[2019-04-15T14:11:59.036+0200][167,557s] GC(555) Concurrent Mark
[2019-04-15T14:11:59.036+0200][167,557s] GC(555) Using 4 workers of 4 for marking
[2019-04-15T14:11:59.086+0200][167,606s] GC(555) Concurrent Mark 49,448ms
[2019-04-15T14:11:59.086+0200][167,606s] GC(555) User=0,16s Sys=0,00s Real=0,05s
[2019-04-15T14:11:59.086+0200][167,606s] GC(555) Concurrent Preclean
[2019-04-15T14:11:59.087+0200][167,608s] GC(555) Concurrent Preclean 1,266ms
[2019-04-15T14:11:59.087+0200][167,608s] GC(555) User=0,00s Sys=0,00s Real=0,00s
[2019-04-15T14:11:59.087+0200][167,608s] GC(555) Concurrent Abortable Preclean
[2019-04-15T14:11:59.287+0200][167,807s] GC(556) Pause Young (Allocation Failure)
[2019-04-15T14:11:59.287+0200][167,807s] GC(556) Using 4 workers of 4 for evacuation
[2019-04-15T14:11:59.313+0200][167,833s] GC(556) ParNew: 109248K->21824K(109248K)
[2019-04-15T14:11:59.313+0200][167,833s] GC(556) CMS: 212417K->240563K(393216K)
[2019-04-15T14:11:59.313+0200][167,833s] GC(556) Metaspace: 77479K->77479K(1120256K)
[2019-04-15T14:11:59.313+0200][167,833s] GC(556) Pause Young (Allocation Failure) 314M->256M(490M) 26,502ms
[2019-04-15T14:11:59.313+0200][167,833s] GC(556) User=0,05s Sys=0,00s Real=0,03s
[2019-04-15T14:11:59.484+0200][168,004s] GC(557) Pause Young (Allocation Failure)
[2019-04-15T14:11:59.484+0200][168,004s] GC(557) Using 4 workers of 4 for evacuation
[2019-04-15T14:11:59.506+0200][168,026s] GC(557) ParNew: 108927K->21824K(109248K)
[2019-04-15T14:11:59.506+0200][168,026s] GC(557) CMS: 240563K->272075K(393216K)
[2019-04-15T14:11:59.506+0200][168,026s] GC(557) Metaspace: 77479K->77479K(1120256K)
[2019-04-15T14:11:59.506+0200][168,026s] GC(557) Pause Young (Allocation Failure) 341M->287M(490M) 22,333ms
[2019-04-15T14:11:59.506+0200][168,026s] GC(557) User=0,03s Sys=0,00s Real=0,03s
[2019-04-15T14:11:59.639+0200][168,159s] GC(555) Concurrent Abortable Preclean 551,562ms
[2019-04-15T14:11:59.639+0200][168,159s] GC(555) User=0,63s Sys=0,15s Real=0,55s
[2019-04-15T14:11:59.639+0200][168,159s] GC(555) Pause Remark
[2019-04-15T14:11:59.639+0200][168,159s] GC(558) Pause Young (CMS Final Remark)
[2019-04-15T14:11:59.639+0200][168,159s] GC(558) Using 4 workers of 4 for evacuation
[2019-04-15T14:11:59.651+0200][168,171s] GC(558) ParNew: 105199K->21824K(109248K)
[2019-04-15T14:11:59.651+0200][168,172s] GC(558) CMS: 272075K->279672K(393216K)
[2019-04-15T14:11:59.651+0200][168,172s] GC(558) Metaspace: 77485K->77485K(1120256K)
[2019-04-15T14:11:59.651+0200][168,172s] GC(558) Pause Young (CMS Final Remark) 368M->294M(490M) 12,101ms
[2019-04-15T14:11:59.651+0200][168,172s] GC(558) User=0,04s Sys=0,00s Real=0,01s
[2019-04-15T14:11:59.681+0200][168,201s] GC(555) Pause Remark 368M->294M(490M) 42,053ms
[2019-04-15T14:11:59.681+0200][168,201s] GC(555) User=0,08s Sys=0,00s Real=0,04s
[2019-04-15T14:11:59.681+0200][168,202s] GC(555) Concurrent Sweep
[2019-04-15T14:11:59.723+0200][168,244s] GC(555) Concurrent Sweep 42,026ms
[2019-04-15T14:11:59.723+0200][168,244s] GC(555) User=0,15s Sys=0,00s Real=0,04s
[2019-04-15T14:11:59.723+0200][168,244s] GC(555) Concurrent Reset
[2019-04-15T14:11:59.724+0200][168,244s] GC(555) Concurrent Reset 0,413ms
[2019-04-15T14:11:59.724+0200][168,244s] GC(555) User=0,00s Sys=0,00s Real=0,00s
[2019-04-15T14:11:59.724+0200][168,244s] GC(555) Old: 212417K->223278K(393216K)
[2019-04-15T14:11:59.797+0200][168,318s] GC(559) Pause Young (Allocation Failure)
[2019-04-15T14:11:59.797+0200][168,318s] GC(559) Using 4 workers of 4 for evacuation
[2019-04-15T14:11:59.817+0200][168,338s] GC(559) ParNew: 109248K->21824K(109248K)
[2019-04-15T14:11:59.817+0200][168,338s] GC(559) CMS: 223278K->235771K(393216K)
[2019-04-15T14:11:59.817+0200][168,338s] GC(559) Metaspace: 77485K->77485K(1120256K)
[2019-04-15T14:11:59.817+0200][168,338s] GC(559) Pause Young (Allocation Failure) 324M->251M(490M) 20,051ms
[2019-04-15T14:11:59.817+0200][168,338s] GC(559) User=0,07s Sys=0,00s Real=0,02s
[2019-04-15T14:11:59.818+0200][168,339s] GC(560) Pause Initial Mark
[2019-04-15T14:11:59.821+0200][168,342s] GC(560) Pause Initial Mark 252M->252M(490M) 2,965ms
[2019-04-15T14:11:59.821+0200][168,342s] GC(560) User=0,01s Sys=0,00s Real=0,00s
[2019-04-15T14:11:59.821+0200][168,342s] GC(560) Concurrent Mark
[2019-04-15T14:11:59.821+0200][168,342s] GC(560) Using 4 workers of 4 for marking
[2019-04-15T14:11:59.866+0200][168,387s] GC(560) Concurrent Mark 44,882ms
[2019-04-15T14:11:59.866+0200][168,387s] GC(560) User=0,16s Sys=0,00s Real=0,05s
[2019-04-15T14:11:59.866+0200][168,387s] GC(560) Concurrent Preclean
[2019-04-15T14:11:59.867+0200][168,388s] GC(560) Concurrent Preclean 0,956ms
[2019-04-15T14:11:59.867+0200][168,388s] GC(560) User=0,00s Sys=0,00s Real=0,00s
[2019-04-15T14:11:59.867+0200][168,388s] GC(560) Concurrent Abortable Preclean
[2019-04-15T14:12:00.120+0200][168,641s] GC(561) Pause Young (Allocation Failure)
[2019-04-15T14:12:00.120+0200][168,641s] GC(561) Using 4 workers of 4 for evacuation
[2019-04-15T14:12:00.129+0200][168,650s] GC(561) ParNew: 109248K->12115K(109248K)
[2019-04-15T14:12:00.129+0200][168,650s] GC(561) CMS: 235771K->235771K(393216K)
[2019-04-15T14:12:00.129+0200][168,650s] GC(561) Metaspace: 77485K->77485K(1120256K)
[2019-04-15T14:12:00.129+0200][168,650s] GC(561) Pause Young (Allocation Failure) 336M->242M(490M) 9,283ms
[2019-04-15T14:12:00.129+0200][168,650s] GC(561) User=0,04s Sys=0,00s Real=0,01s
[2019-04-15T14:12:00.552+0200][169,073s] GC(560) Concurrent Abortable Preclean 685,187ms
[2019-04-15T14:12:00.552+0200][169,073s] GC(560) User=1,20s Sys=0,18s Real=0,68s
[2019-04-15T14:12:00.553+0200][169,073s] GC(560) Pause Remark
[2019-04-15T14:12:00.553+0200][169,073s] GC(562) Pause Young (CMS Final Remark)
[2019-04-15T14:12:00.553+0200][169,073s] GC(562) Using 4 workers of 4 for evacuation
[2019-04-15T14:12:00.575+0200][169,096s] GC(562) ParNew: 90030K->21824K(109248K)
[2019-04-15T14:12:00.575+0200][169,096s] GC(562) CMS: 235771K->271365K(393216K)
[2019-04-15T14:12:00.575+0200][169,096s] GC(562) Metaspace: 77486K->77486K(1120256K)
[2019-04-15T14:12:00.575+0200][169,096s] GC(562) Pause Young (CMS Final Remark) 318M->286M(490M) 22,678ms
[2019-04-15T14:12:00.575+0200][169,096s] GC(562) User=0,05s Sys=0,00s Real=0,03s
[2019-04-15T14:12:00.603+0200][169,123s] GC(560) Pause Remark 318M->286M(490M) 50,071ms
[2019-04-15T14:12:00.603+0200][169,123s] GC(560) User=0,09s Sys=0,00s Real=0,05s
[2019-04-15T14:12:00.603+0200][169,123s] GC(560) Concurrent Sweep
[2019-04-15T14:12:00.634+0200][169,154s] GC(560) Concurrent Sweep 31,124ms
[2019-04-15T14:12:00.634+0200][169,154s] GC(560) User=0,04s Sys=0,02s Real=0,04s
[2019-04-15T14:12:00.634+0200][169,154s] GC(560) Concurrent Reset
[2019-04-15T14:12:00.634+0200][169,155s] GC(560) Concurrent Reset 0,350ms
[2019-04-15T14:12:00.634+0200][169,155s] GC(560) User=0,01s Sys=0,00s Real=0,00s
[2019-04-15T14:12:00.634+0200][169,155s] GC(560) Old: 235771K->138626K(393216K)
[2019-04-15T14:12:00.713+0200][169,233s] GC(563) Pause Young (Allocation Failure)
[2019-04-15T14:12:00.713+0200][169,233s] GC(563) Using 4 workers of 4 for evacuation
[2019-04-15T14:12:00.745+0200][169,265s] GC(563) ParNew: 109248K->21824K(109248K)
[2019-04-15T14:12:00.745+0200][169,265s] GC(563) CMS: 138626K->214515K(393216K)
[2019-04-15T14:12:00.745+0200][169,265s] GC(563) Metaspace: 77486K->77486K(1120256K)
[2019-04-15T14:12:00.745+0200][169,265s] GC(563) Pause Young (Allocation Failure) 242M->230M(490M) 32,253ms
[2019-04-15T14:12:00.745+0200][169,265s] GC(563) User=0,09s Sys=0,01s Real=0,03s
[2019-04-15T14:12:00.745+0200][169,265s] GC(564) Pause Initial Mark
[2019-04-15T14:12:00.746+0200][169,266s] GC(564) Pause Initial Mark 232M->232M(490M) 0,773ms
[2019-04-15T14:12:00.746+0200][169,266s] GC(564) User=0,00s Sys=0,00s Real=0,00s
[2019-04-15T14:12:00.746+0200][169,266s] GC(564) Concurrent Mark
[2019-04-15T14:12:00.746+0200][169,266s] GC(564) Using 4 workers of 4 for marking
[2019-04-15T14:12:00.807+0200][169,328s] GC(564) Concurrent Mark 61,631ms
[2019-04-15T14:12:00.807+0200][169,328s] GC(564) User=0,23s Sys=0,00s Real=0,06s
[2019-04-15T14:12:00.807+0200][169,328s] GC(564) Concurrent Preclean
[2019-04-15T14:12:00.809+0200][169,329s] GC(564) Concurrent Preclean 1,535ms
[2019-04-15T14:12:00.809+0200][169,329s] GC(564) User=0,00s Sys=0,00s Real=0,00s
[2019-04-15T14:12:00.809+0200][169,329s] GC(564) Concurrent Abortable Preclean
[2019-04-15T14:12:00.832+0200][169,352s] GC(565) Pause Young (Allocation Failure)
[2019-04-15T14:12:00.832+0200][169,352s] GC(565) Using 4 workers of 4 for evacuation
[2019-04-15T14:12:00.844+0200][169,365s] GC(565) ParNew: 109118K->20923K(109248K)
[2019-04-15T14:12:00.844+0200][169,365s] GC(565) CMS: 214515K->229641K(393216K)
[2019-04-15T14:12:00.844+0200][169,365s] GC(565) Metaspace: 77490K->77490K(1120256K)
[2019-04-15T14:12:00.844+0200][169,365s] GC(565) Pause Young (Allocation Failure) 316M->244M(490M) 12,140ms
[2019-04-15T14:12:00.844+0200][169,365s] GC(565) User=0,05s Sys=0,00s Real=0,01s
[2019-04-15T14:12:01.051+0200][169,572s] GC(564) Concurrent Abortable Preclean 242,210ms
[2019-04-15T14:12:01.051+0200][169,572s] GC(564) User=0,70s Sys=0,03s Real=0,24s
[2019-04-15T14:12:01.052+0200][169,572s] GC(564) Pause Remark
[2019-04-15T14:12:01.052+0200][169,572s] GC(566) Pause Young (CMS Final Remark)
[2019-04-15T14:12:01.052+0200][169,572s] GC(566) Using 4 workers of 4 for evacuation
[2019-04-15T14:12:01.062+0200][169,582s] GC(566) ParNew: 75969K->14572K(109248K)
[2019-04-15T14:12:01.062+0200][169,582s] GC(566) CMS: 229641K->229641K(393216K)
[2019-04-15T14:12:01.062+0200][169,582s] GC(566) Metaspace: 77507K->77507K(1120256K)
[2019-04-15T14:12:01.062+0200][169,582s] GC(566) Pause Young (CMS Final Remark) 298M->238M(490M) 10,044ms
[2019-04-15T14:12:01.062+0200][169,582s] GC(566) User=0,02s Sys=0,00s Real=0,01s
[2019-04-15T14:12:01.090+0200][169,611s] GC(564) Pause Remark 298M->238M(490M) 38,592ms
[2019-04-15T14:12:01.090+0200][169,611s] GC(564) User=0,06s Sys=0,00s Real=0,04s
[2019-04-15T14:12:01.090+0200][169,611s] GC(564) Concurrent Sweep
[2019-04-15T14:12:01.120+0200][169,640s] GC(564) Concurrent Sweep 29,575ms
[2019-04-15T14:12:01.120+0200][169,640s] GC(564) User=0,07s Sys=0,01s Real=0,03s
[2019-04-15T14:12:01.120+0200][169,640s] GC(564) Concurrent Reset
[2019-04-15T14:12:01.120+0200][169,641s] GC(564) Concurrent Reset 0,314ms
[2019-04-15T14:12:01.120+0200][169,641s] GC(564) User=0,00s Sys=0,00s Real=0,00s
[2019-04-15T14:12:01.120+0200][169,641s] GC(564) Old: 214515K->166022K(393216K)
[2019-04-15T14:12:01.390+0200][169,910s] GC(567) Pause Young (Allocation Failure)
[2019-04-15T14:12:01.390+0200][169,910s] GC(567) Using 4 workers of 4 for evacuation
[2019-04-15T14:12:01.418+0200][169,938s] GC(567) ParNew: 109244K->21824K(109248K)
[2019-04-15T14:12:01.418+0200][169,938s] GC(567) CMS: 166022K->186010K(393216K)
[2019-04-15T14:12:01.418+0200][169,938s] GC(567) Metaspace: 77516K->77516K(1120256K)
[2019-04-15T14:12:01.418+0200][169,938s] GC(567) Pause Young (Allocation Failure) 268M->202M(490M) 27,859ms
[2019-04-15T14:12:01.418+0200][169,938s] GC(567) User=0,09s Sys=0,00s Real=0,03s
[2019-04-15T14:12:01.900+0200][170,420s] GC(568) Pause Young (Allocation Failure)
[2019-04-15T14:12:01.900+0200][170,420s] GC(568) Using 4 workers of 4 for evacuation
[2019-04-15T14:12:01.929+0200][170,449s] GC(568) ParNew: 109248K->21824K(109248K)
[2019-04-15T14:12:01.929+0200][170,449s] GC(568) CMS: 186010K->246799K(393216K)
[2019-04-15T14:12:01.929+0200][170,449s] GC(568) Metaspace: 77516K->77516K(1120256K)
[2019-04-15T14:12:01.929+0200][170,449s] GC(568) Pause Young (Allocation Failure) 288M->262M(490M) 29,072ms
[2019-04-15T14:12:01.929+0200][170,449s] GC(568) User=0,05s Sys=0,00s Real=0,03s
[2019-04-15T14:12:01.929+0200][170,449s] GC(569) Pause Initial Mark
[2019-04-15T14:12:01.930+0200][170,451s] GC(569) Pause Initial Mark 262M->262M(490M) 1,104ms
[2019-04-15T14:12:01.930+0200][170,451s] GC(569) User=0,00s Sys=0,00s Real=0,00s
[2019-04-15T14:12:01.930+0200][170,451s] GC(569) Concurrent Mark
[2019-04-15T14:12:01.930+0200][170,451s] GC(569) Using 4 workers of 4 for marking
[2019-04-15T14:12:01.966+0200][170,487s] GC(569) Concurrent Mark 36,169ms
[2019-04-15T14:12:01.966+0200][170,487s] GC(569) User=0,12s Sys=0,01s Real=0,04s
[2019-04-15T14:12:01.966+0200][170,487s] GC(569) Concurrent Preclean
[2019-04-15T14:12:01.968+0200][170,488s] GC(569) Concurrent Preclean 1,144ms
[2019-04-15T14:12:01.968+0200][170,488s] GC(569) User=0,00s Sys=0,00s Real=0,00s
[2019-04-15T14:12:01.968+0200][170,488s] GC(569) Concurrent Abortable Preclean
[2019-04-15T14:12:02.324+0200][170,845s] GC(569) Concurrent Abortable Preclean 356,816ms
[2019-04-15T14:12:02.324+0200][170,845s] GC(569) User=0,25s Sys=0,15s Real=0,35s
[2019-04-15T14:12:02.325+0200][170,845s] GC(569) Pause Remark
[2019-04-15T14:12:02.325+0200][170,845s] GC(570) Pause Young (CMS Final Remark)
[2019-04-15T14:12:02.325+0200][170,845s] GC(570) Using 4 workers of 4 for evacuation
[2019-04-15T14:12:02.353+0200][170,873s] GC(570) ParNew: 86009K->21824K(109248K)
[2019-04-15T14:12:02.353+0200][170,873s] GC(570) CMS: 246799K->303958K(393216K)
[2019-04-15T14:12:02.353+0200][170,873s] GC(570) Metaspace: 77516K->77516K(1120256K)
[2019-04-15T14:12:02.353+0200][170,873s] GC(570) Pause Young (CMS Final Remark) 325M->318M(490M) 28,198ms
[2019-04-15T14:12:02.353+0200][170,873s] GC(570) User=0,05s Sys=0,00s Real=0,04s
[2019-04-15T14:12:02.387+0200][170,907s] GC(569) Pause Remark 325M->318M(490M) 62,000ms
[2019-04-15T14:12:02.387+0200][170,907s] GC(569) User=0,10s Sys=0,01s Real=0,07s
[2019-04-15T14:12:02.387+0200][170,907s] GC(569) Concurrent Sweep
[2019-04-15T14:12:02.425+0200][170,945s] GC(569) Concurrent Sweep 38,036ms
[2019-04-15T14:12:02.425+0200][170,945s] GC(569) User=0,06s Sys=0,02s Real=0,03s
[2019-04-15T14:12:02.425+0200][170,945s] GC(569) Concurrent Reset
[2019-04-15T14:12:02.425+0200][170,946s] GC(569) Concurrent Reset 0,368ms
[2019-04-15T14:12:02.425+0200][170,946s] GC(569) User=0,00s Sys=0,00s Real=0,01s
[2019-04-15T14:12:02.425+0200][170,946s] GC(569) Old: 246799K->296998K(393216K)
[2019-04-15T14:12:02.682+0200][171,202s] GC(571) Pause Young (Allocation Failure)
[2019-04-15T14:12:02.682+0200][171,202s] GC(571) Using 4 workers of 4 for evacuation
[2019-04-15T14:12:02.718+0200][171,238s] GC(571) ParNew: 109248K->21824K(109248K)
[2019-04-15T14:12:02.718+0200][171,238s] GC(571) CMS: 296998K->375518K(393216K)
[2019-04-15T14:12:02.718+0200][171,238s] GC(571) Metaspace: 77516K->77516K(1120256K)
[2019-04-15T14:12:02.718+0200][171,238s] GC(571) Pause Young (Allocation Failure) 396M->388M(490M) 36,300ms
[2019-04-15T14:12:02.718+0200][171,238s] GC(571) User=0,07s Sys=0,00s Real=0,04s
[2019-04-15T14:12:02.718+0200][171,238s] GC(572) Pause Initial Mark
[2019-04-15T14:12:02.719+0200][171,239s] GC(572) Pause Initial Mark 389M->389M(490M) 0,607ms
[2019-04-15T14:12:02.719+0200][171,239s] GC(572) User=0,00s Sys=0,00s Real=0,00s
[2019-04-15T14:12:02.719+0200][171,239s] GC(572) Concurrent Mark
[2019-04-15T14:12:02.719+0200][171,239s] GC(572) Using 4 workers of 4 for marking
[2019-04-15T14:12:02.758+0200][171,279s] GC(573) Pause Young (Allocation Failure)
[2019-04-15T14:12:02.758+0200][171,279s] GC(573) Using 4 workers of 4 for evacuation
[2019-04-15T14:12:02.759+0200][171,279s] GC(574) Pause Full (Allocation Failure)
[2019-04-15T14:12:02.769+0200][171,290s] GC(572) Concurrent Mark 50,822ms
[2019-04-15T14:12:02.770+0200][171,290s] GC(572) User=0,16s Sys=0,01s Real=0,05s
[2019-04-15T14:12:02.770+0200][171,290s] GC(574) Phase 1: Mark live objects
[2019-04-15T14:12:02.851+0200][171,372s] GC(574) Phase 1: Mark live objects 81,527ms
[2019-04-15T14:12:02.851+0200][171,372s] GC(574) Phase 2: Compute new object addresses
[2019-04-15T14:12:02.913+0200][171,434s] GC(574) Phase 2: Compute new object addresses 62,084ms
[2019-04-15T14:12:02.914+0200][171,434s] GC(574) Phase 3: Adjust pointers
[2019-04-15T14:12:03.027+0200][171,548s] GC(574) Phase 3: Adjust pointers 113,656ms
[2019-04-15T14:12:03.027+0200][171,548s] GC(574) Phase 4: Move objects
[2019-04-15T14:12:03.134+0200][171,655s] GC(574) Phase 4: Move objects 106,937ms
[2019-04-15T14:12:03.135+0200][171,655s] GC(574) Pause Full (Allocation Failure) 473M->365M(490M) 376,475ms
[2019-04-15T14:12:03.135+0200][171,655s] GC(573) ParNew: 109248K->0K(109248K)
[2019-04-15T14:12:03.135+0200][171,655s] GC(573) CMS: 375518K->374013K(393216K)
[2019-04-15T14:12:03.135+0200][171,655s] GC(573) Metaspace: 77516K->77516K(1120256K)
[2019-04-15T14:12:03.135+0200][171,655s] GC(573) Pause Young (Allocation Failure) 473M->365M(490M) 376,660ms
[2019-04-15T14:12:03.135+0200][171,655s] GC(573) User=0,41s Sys=0,00s Real=0,38s
[2019-04-15T14:12:03.216+0200][171,737s] GC(575) Pause Young (Allocation Failure)
[2019-04-15T14:12:03.216+0200][171,737s] GC(575) Using 4 workers of 4 for evacuation
[2019-04-15T14:12:03.216+0200][171,737s] GC(576) Pause Full (Allocation Failure)
[2019-04-15T14:12:03.217+0200][171,737s] GC(576) Phase 1: Mark live objects
[2019-04-15T14:12:03.281+0200][171,802s] GC(576) Phase 1: Mark live objects 64,409ms
[2019-04-15T14:12:03.281+0200][171,802s] GC(576) Phase 2: Compute new object addresses
[2019-04-15T14:12:03.318+0200][171,838s] GC(576) Phase 2: Compute new object addresses 36,534ms
[2019-04-15T14:12:03.318+0200][171,838s] GC(576) Phase 3: Adjust pointers
[2019-04-15T14:12:03.364+0200][171,885s] GC(576) Phase 3: Adjust pointers 46,191ms
[2019-04-15T14:12:03.364+0200][171,885s] GC(576) Phase 4: Move objects
[2019-04-15T14:12:03.408+0200][171,928s] GC(576) Phase 4: Move objects 43,512ms
[2019-04-15T14:12:03.408+0200][171,929s] GC(576) Pause Full (Allocation Failure) 450M->262M(490M) 192,006ms
[2019-04-15T14:12:03.409+0200][171,929s] GC(575) ParNew: 87424K->0K(109248K)
[2019-04-15T14:12:03.409+0200][171,929s] GC(575) CMS: 374013K->268724K(393216K)
[2019-04-15T14:12:03.409+0200][171,929s] GC(575) Metaspace: 77516K->77516K(1120256K)
[2019-04-15T14:12:03.409+0200][171,929s] GC(575) Pause Young (Allocation Failure) 450M->262M(490M) 192,134ms
[2019-04-15T14:12:03.409+0200][171,929s] GC(575) User=0,19s Sys=0,00s Real=0,19s
[2019-04-15T14:12:03.409+0200][171,929s] GC(577) Pause Initial Mark
[2019-04-15T14:12:03.409+0200][171,930s] GC(577) Pause Initial Mark 262M->262M(490M) 0,294ms
[2019-04-15T14:12:03.409+0200][171,930s] GC(577) User=0,00s Sys=0,00s Real=0,00s
[2019-04-15T14:12:03.409+0200][171,930s] GC(577) Concurrent Mark
[2019-04-15T14:12:03.409+0200][171,930s] GC(577) Using 4 workers of 4 for marking
[2019-04-15T14:12:03.444+0200][171,964s] GC(577) Concurrent Mark 34,407ms
[2019-04-15T14:12:03.444+0200][171,964s] GC(577) User=0,12s Sys=0,00s Real=0,03s
[2019-04-15T14:12:03.444+0200][171,964s] GC(577) Concurrent Preclean
[2019-04-15T14:12:03.445+0200][171,965s] GC(577) Concurrent Preclean 1,009ms
[2019-04-15T14:12:03.445+0200][171,965s] GC(577) User=0,00s Sys=0,00s Real=0,01s
[2019-04-15T14:12:03.445+0200][171,965s] GC(577) Concurrent Abortable Preclean
[2019-04-15T14:12:03.539+0200][172,060s] GC(578) Pause Young (Allocation Failure)
[2019-04-15T14:12:03.539+0200][172,060s] GC(578) Using 4 workers of 4 for evacuation
[2019-04-15T14:12:03.546+0200][172,066s] GC(577) Concurrent Abortable Preclean 100,799ms
[2019-04-15T14:12:03.546+0200][172,066s] GC(577) User=0,10s Sys=0,03s Real=0,10s
[2019-04-15T14:12:03.560+0200][172,080s] GC(578) ParNew: 87424K->21824K(109248K)
[2019-04-15T14:12:03.560+0200][172,080s] GC(578) CMS: 268724K->307835K(393216K)
[2019-04-15T14:12:03.560+0200][172,080s] GC(578) Metaspace: 77516K->77516K(1120256K)
[2019-04-15T14:12:03.560+0200][172,080s] GC(578) Pause Young (Allocation Failure) 347M->321M(490M) 20,910ms
[2019-04-15T14:12:03.560+0200][172,080s] GC(578) User=0,08s Sys=0,00s Real=0,02s
[2019-04-15T14:12:03.560+0200][172,081s] GC(577) Pause Remark
[2019-04-15T14:12:03.560+0200][172,081s] GC(579) Pause Young (CMS Final Remark)
[2019-04-15T14:12:03.560+0200][172,081s] GC(579) Using 4 workers of 4 for evacuation
[2019-04-15T14:12:03.570+0200][172,090s] GC(579) ParNew: 22553K->10332K(109248K)
[2019-04-15T14:12:03.570+0200][172,090s] GC(579) CMS: 307835K->328828K(393216K)
[2019-04-15T14:12:03.570+0200][172,090s] GC(579) Metaspace: 77516K->77516K(1120256K)
[2019-04-15T14:12:03.570+0200][172,090s] GC(579) Pause Young (CMS Final Remark) 322M->331M(490M) 9,623ms
[2019-04-15T14:12:03.570+0200][172,090s] GC(579) User=0,04s Sys=0,00s Real=0,01s
[2019-04-15T14:12:03.598+0200][172,118s] GC(577) Pause Remark 322M->331M(490M) 37,763ms
[2019-04-15T14:12:03.598+0200][172,118s] GC(577) User=0,08s Sys=0,00s Real=0,04s
[2019-04-15T14:12:03.598+0200][172,118s] GC(577) Concurrent Sweep
[2019-04-15T14:12:03.627+0200][172,147s] GC(577) Concurrent Sweep 28,525ms
[2019-04-15T14:12:03.627+0200][172,147s] GC(577) User=0,05s Sys=0,00s Real=0,03s
[2019-04-15T14:12:03.627+0200][172,147s] GC(577) Concurrent Reset
[2019-04-15T14:12:03.627+0200][172,148s] GC(577) Concurrent Reset 0,489ms
[2019-04-15T14:12:03.627+0200][172,148s] GC(577) User=0,00s Sys=0,00s Real=0,00s
[2019-04-15T14:12:03.627+0200][172,148s] GC(577) Old: 268724K->161210K(393216K)
[2019-04-15T14:12:03.801+0200][172,322s] GC(580) Pause Young (Allocation Failure)
[2019-04-15T14:12:03.801+0200][172,322s] GC(580) Using 4 workers of 4 for evacuation
[2019-04-15T14:12:03.833+0200][172,354s] GC(580) ParNew: 97756K->21824K(109248K)
[2019-04-15T14:12:03.833+0200][172,354s] GC(580) CMS: 161210K->167255K(393216K)
[2019-04-15T14:12:03.833+0200][172,354s] GC(580) Metaspace: 77516K->77516K(1120256K)
[2019-04-15T14:12:03.833+0200][172,354s] GC(580) Pause Young (Allocation Failure) 252M->184M(490M) 32,086ms
[2019-04-15T14:12:03.833+0200][172,354s] GC(580) User=0,09s Sys=0,00s Real=0,04s
[2019-04-15T14:12:03.906+0200][172,427s] GC(581) Pause Young (Allocation Failure)
[2019-04-15T14:12:03.906+0200][172,427s] GC(581) Using 4 workers of 4 for evacuation
[2019-04-15T14:12:03.925+0200][172,446s] GC(581) ParNew: 109248K->21824K(109248K)
[2019-04-15T14:12:03.925+0200][172,446s] GC(581) CMS: 167255K->194862K(393216K)
[2019-04-15T14:12:03.925+0200][172,446s] GC(581) Metaspace: 77516K->77516K(1120256K)
[2019-04-15T14:12:03.925+0200][172,446s] GC(581) Pause Young (Allocation Failure) 270M->211M(490M) 19,117ms
[2019-04-15T14:12:03.925+0200][172,446s] GC(581) User=0,07s Sys=0,00s Real=0,02s
[2019-04-15T14:12:04.010+0200][172,531s] GC(582) Pause Young (Allocation Failure)
[2019-04-15T14:12:04.010+0200][172,531s] GC(582) Using 4 workers of 4 for evacuation
[2019-04-15T14:12:04.037+0200][172,557s] GC(582) ParNew: 109248K->21824K(109248K)
[2019-04-15T14:12:04.037+0200][172,557s] GC(582) CMS: 194862K->196206K(393216K)
[2019-04-15T14:12:04.037+0200][172,557s] GC(582) Metaspace: 77516K->77516K(1120256K)
[2019-04-15T14:12:04.037+0200][172,557s] GC(582) Pause Young (Allocation Failure) 296M->212M(490M) 26,405ms
[2019-04-15T14:12:04.037+0200][172,557s] GC(582) User=0,05s Sys=0,00s Real=0,03s
[2019-04-15T14:12:04.128+0200][172,649s] GC(583) Pause Young (Allocation Failure)
[2019-04-15T14:12:04.128+0200][172,649s] GC(583) Using 4 workers of 4 for evacuation
[2019-04-15T14:12:04.145+0200][172,665s] GC(583) ParNew: 109248K->21824K(109248K)
[2019-04-15T14:12:04.145+0200][172,665s] GC(583) CMS: 196206K->196559K(393216K)
[2019-04-15T14:12:04.145+0200][172,665s] GC(583) Metaspace: 77516K->77516K(1120256K)
[2019-04-15T14:12:04.145+0200][172,666s] GC(583) Pause Young (Allocation Failure) 298M->213M(490M) 16,744ms
[2019-04-15T14:12:04.145+0200][172,666s] GC(583) User=0,06s Sys=0,00s Real=0,02s
[2019-04-15T14:12:04.208+0200][172,729s] GC(584) Pause Young (Allocation Failure)
[2019-04-15T14:12:04.208+0200][172,729s] GC(584) Using 4 workers of 4 for evacuation
[2019-04-15T14:12:04.215+0200][172,736s] GC(584) ParNew: 109248K->21824K(109248K)
[2019-04-15T14:12:04.215+0200][172,736s] GC(584) CMS: 196559K->196588K(393216K)
[2019-04-15T14:12:04.215+0200][172,736s] GC(584) Metaspace: 77516K->77516K(1120256K)
[2019-04-15T14:12:04.216+0200][172,736s] GC(584) Pause Young (Allocation Failure) 298M->213M(490M) 7,290ms
[2019-04-15T14:12:04.216+0200][172,736s] GC(584) User=0,03s Sys=0,00s Real=0,01s
[2019-04-15T14:12:04.271+0200][172,792s] GC(585) Pause Young (Allocation Failure)
[2019-04-15T14:12:04.271+0200][172,792s] GC(585) Using 4 workers of 4 for evacuation
[2019-04-15T14:12:04.279+0200][172,799s] GC(585) ParNew: 109248K->21824K(109248K)
[2019-04-15T14:12:04.279+0200][172,799s] GC(585) CMS: 196588K->196588K(393216K)
[2019-04-15T14:12:04.279+0200][172,799s] GC(585) Metaspace: 77516K->77516K(1120256K)
[2019-04-15T14:12:04.279+0200][172,799s] GC(585) Pause Young (Allocation Failure) 298M->213M(490M) 7,443ms
[2019-04-15T14:12:04.279+0200][172,799s] GC(585) User=0,03s Sys=0,00s Real=0,01s
[2019-04-15T14:12:04.340+0200][172,861s] GC(586) Pause Young (Allocation Failure)
[2019-04-15T14:12:04.340+0200][172,861s] GC(586) Using 4 workers of 4 for evacuation
[2019-04-15T14:12:04.349+0200][172,869s] GC(586) ParNew: 109248K->21824K(109248K)
[2019-04-15T14:12:04.349+0200][172,869s] GC(586) CMS: 196588K->196799K(393216K)
[2019-04-15T14:12:04.349+0200][172,869s] GC(586) Metaspace: 77516K->77516K(1120256K)
[2019-04-15T14:12:04.349+0200][172,869s] GC(586) Pause Young (Allocation Failure) 298M->213M(490M) 8,125ms
[2019-04-15T14:12:04.349+0200][172,869s] GC(586) User=0,03s Sys=0,00s Real=0,01s
[2019-04-15T14:12:04.349+0200][172,869s] GC(587) Pause Initial Mark
[2019-04-15T14:12:04.350+0200][172,870s] GC(587) Pause Initial Mark 215M->215M(490M) 0,999ms
[2019-04-15T14:12:04.350+0200][172,870s] GC(587) User=0,00s Sys=0,00s Real=0,00s
[2019-04-15T14:12:04.350+0200][172,870s] GC(587) Concurrent Mark
[2019-04-15T14:12:04.350+0200][172,870s] GC(587) Using 4 workers of 4 for marking
[2019-04-15T14:12:04.395+0200][172,916s] GC(587) Concurrent Mark 45,306ms
[2019-04-15T14:12:04.395+0200][172,916s] GC(587) User=0,17s Sys=0,00s Real=0,05s
[2019-04-15T14:12:04.395+0200][172,916s] GC(587) Concurrent Preclean
[2019-04-15T14:12:04.397+0200][172,917s] GC(587) Concurrent Preclean 1,366ms
[2019-04-15T14:12:04.397+0200][172,917s] GC(587) User=0,01s Sys=0,00s Real=0,00s
[2019-04-15T14:12:04.397+0200][172,917s] GC(587) Concurrent Abortable Preclean
[2019-04-15T14:12:04.443+0200][172,963s] GC(588) Pause Young (Allocation Failure)
[2019-04-15T14:12:04.443+0200][172,963s] GC(588) Using 4 workers of 4 for evacuation
[2019-04-15T14:12:04.451+0200][172,972s] GC(588) ParNew: 109248K->21824K(109248K)
[2019-04-15T14:12:04.451+0200][172,972s] GC(588) CMS: 196799K->197084K(393216K)
[2019-04-15T14:12:04.451+0200][172,972s] GC(588) Metaspace: 77516K->77516K(1120256K)
[2019-04-15T14:12:04.451+0200][172,972s] GC(588) Pause Young (Allocation Failure) 298M->213M(490M) 8,666ms
[2019-04-15T14:12:04.451+0200][172,972s] GC(588) User=0,04s Sys=0,00s Real=0,01s
[2019-04-15T14:12:04.609+0200][173,129s] GC(587) Concurrent Abortable Preclean 212,267ms
[2019-04-15T14:12:04.609+0200][173,129s] GC(587) User=0,42s Sys=0,01s Real=0,21s
[2019-04-15T14:12:04.609+0200][173,130s] GC(587) Pause Remark
[2019-04-15T14:12:04.609+0200][173,130s] GC(589) Pause Young (CMS Final Remark)
[2019-04-15T14:12:04.609+0200][173,130s] GC(589) Using 4 workers of 4 for evacuation
[2019-04-15T14:12:04.635+0200][173,155s] GC(589) ParNew: 103526K->19661K(109248K)
[2019-04-15T14:12:04.635+0200][173,155s] GC(589) CMS: 197084K->199145K(393216K)
[2019-04-15T14:12:04.635+0200][173,155s] GC(589) Metaspace: 77517K->77517K(1120256K)
[2019-04-15T14:12:04.635+0200][173,155s] GC(589) Pause Young (CMS Final Remark) 293M->213M(490M) 25,333ms
[2019-04-15T14:12:04.635+0200][173,155s] GC(589) User=0,05s Sys=0,01s Real=0,03s
[2019-04-15T14:12:04.718+0200][173,239s] GC(587) Pause Remark 293M->213M(490M) 108,764ms
[2019-04-15T14:12:04.718+0200][173,239s] GC(587) User=0,16s Sys=0,01s Real=0,11s
[2019-04-15T14:12:04.718+0200][173,239s] GC(587) Concurrent Sweep
[2019-04-15T14:12:04.774+0200][173,294s] GC(587) Concurrent Sweep 55,664ms
[2019-04-15T14:12:04.774+0200][173,294s] GC(587) User=0,17s Sys=0,00s Real=0,06s
[2019-04-15T14:12:04.774+0200][173,294s] GC(587) Concurrent Reset
[2019-04-15T14:12:04.775+0200][173,295s] GC(587) Concurrent Reset 0,790ms
[2019-04-15T14:12:04.775+0200][173,295s] GC(587) User=0,00s Sys=0,00s Real=0,00s
[2019-04-15T14:12:04.775+0200][173,295s] GC(587) Old: 196799K->162888K(393216K)
[2019-04-15T14:12:05.551+0200][174,071s] GC(590) Pause Young (Allocation Failure)
[2019-04-15T14:12:05.551+0200][174,071s] GC(590) Using 4 workers of 4 for evacuation
[2019-04-15T14:12:05.562+0200][174,082s] GC(590) ParNew: 107085K->20388K(109248K)
[2019-04-15T14:12:05.562+0200][174,082s] GC(590) CMS: 162888K->162888K(393216K)
[2019-04-15T14:12:05.562+0200][174,082s] GC(590) Metaspace: 77557K->77557K(1120256K)
[2019-04-15T14:12:05.562+0200][174,082s] GC(590) Pause Young (Allocation Failure) 263M->178M(490M) 11,065ms
[2019-04-15T14:12:05.562+0200][174,082s] GC(590) User=0,04s Sys=0,00s Real=0,01s
[2019-04-15T14:12:06.742+0200][175,262s] GC(591) Pause Young (Allocation Failure)
[2019-04-15T14:12:06.742+0200][175,262s] GC(591) Using 4 workers of 4 for evacuation
[2019-04-15T14:12:06.750+0200][175,270s] GC(591) ParNew: 107812K->19069K(109248K)
[2019-04-15T14:12:06.750+0200][175,270s] GC(591) CMS: 162888K->162895K(393216K)
[2019-04-15T14:12:06.750+0200][175,270s] GC(591) Metaspace: 77573K->77573K(1120256K)
[2019-04-15T14:12:06.750+0200][175,270s] GC(591) Pause Young (Allocation Failure) 264M->177M(490M) 7,957ms
[2019-04-15T14:12:06.750+0200][175,270s] GC(591) User=0,03s Sys=0,00s Real=0,01s
[2019-04-15T14:12:07.505+0200][176,025s] GC(592) Pause Young (Allocation Failure)
[2019-04-15T14:12:07.505+0200][176,025s] GC(592) Using 4 workers of 4 for evacuation
[2019-04-15T14:12:07.514+0200][176,034s] GC(592) ParNew: 106493K->21824K(109248K)
[2019-04-15T14:12:07.514+0200][176,034s] GC(592) CMS: 162895K->163912K(393216K)
[2019-04-15T14:12:07.514+0200][176,034s] GC(592) Metaspace: 77594K->77594K(1120256K)
[2019-04-15T14:12:07.514+0200][176,034s] GC(592) Pause Young (Allocation Failure) 263M->181M(490M) 8,583ms
[2019-04-15T14:12:07.514+0200][176,034s] GC(592) User=0,03s Sys=0,00s Real=0,01s
[2019-04-15T14:12:08.481+0200][177,002s] GC(593) Pause Young (Allocation Failure)
[2019-04-15T14:12:08.481+0200][177,002s] GC(593) Using 4 workers of 4 for evacuation
[2019-04-15T14:12:08.497+0200][177,017s] GC(593) ParNew: 109248K->18492K(109248K)
[2019-04-15T14:12:08.497+0200][177,017s] GC(593) CMS: 163912K->163919K(393216K)
[2019-04-15T14:12:08.497+0200][177,017s] GC(593) Metaspace: 77626K->77626K(1120256K)
[2019-04-15T14:12:08.497+0200][177,017s] GC(593) Pause Young (Allocation Failure) 266M->178M(490M) 15,349ms
[2019-04-15T14:12:08.497+0200][177,017s] GC(593) User=0,04s Sys=0,00s Real=0,02s
[2019-04-15T14:12:08.715+0200][177,235s] GC(594) Pause Young (Allocation Failure)
[2019-04-15T14:12:08.715+0200][177,235s] GC(594) Using 4 workers of 4 for evacuation
[2019-04-15T14:12:08.731+0200][177,251s] GC(594) ParNew: 105916K->21824K(109248K)
[2019-04-15T14:12:08.731+0200][177,251s] GC(594) CMS: 163919K->163932K(393216K)
[2019-04-15T14:12:08.731+0200][177,251s] GC(594) Metaspace: 77640K->77640K(1120256K)
[2019-04-15T14:12:08.731+0200][177,251s] GC(594) Pause Young (Allocation Failure) 263M->181M(490M) 16,429ms
[2019-04-15T14:12:08.731+0200][177,251s] GC(594) User=0,06s Sys=0,00s Real=0,01s
[2019-04-15T14:12:08.995+0200][177,515s] GC(595) Pause Young (Allocation Failure)
[2019-04-15T14:12:08.995+0200][177,515s] GC(595) Using 4 workers of 4 for evacuation
[2019-04-15T14:12:09.030+0200][177,550s] GC(595) ParNew: 109248K->21824K(109248K)
[2019-04-15T14:12:09.030+0200][177,550s] GC(595) CMS: 163932K->164440K(393216K)
[2019-04-15T14:12:09.030+0200][177,550s] GC(595) Metaspace: 77654K->77654K(1120256K)
[2019-04-15T14:12:09.030+0200][177,550s] GC(595) Pause Young (Allocation Failure) 266M->181M(490M) 35,486ms
[2019-04-15T14:12:09.030+0200][177,550s] GC(595) User=0,10s Sys=0,01s Real=0,03s
[2019-04-15T14:12:09.241+0200][177,761s] GC(596) Pause Young (Allocation Failure)
[2019-04-15T14:12:09.241+0200][177,761s] GC(596) Using 4 workers of 4 for evacuation
[2019-04-15T14:12:09.252+0200][177,773s] GC(596) ParNew: 109248K->21824K(109248K)
[2019-04-15T14:12:09.252+0200][177,773s] GC(596) CMS: 164440K->165826K(393216K)
[2019-04-15T14:12:09.252+0200][177,773s] GC(596) Metaspace: 77693K->77693K(1120256K)
[2019-04-15T14:12:09.252+0200][177,773s] GC(596) Pause Young (Allocation Failure) 267M->183M(490M) 11,615ms
[2019-04-15T14:12:09.252+0200][177,773s] GC(596) User=0,04s Sys=0,00s Real=0,01s
[2019-04-15T14:12:09.474+0200][177,994s] GC(597) Pause Young (Allocation Failure)
[2019-04-15T14:12:09.474+0200][177,994s] GC(597) Using 4 workers of 4 for evacuation
[2019-04-15T14:12:09.491+0200][178,011s] GC(597) ParNew: 109248K->21824K(109248K)
[2019-04-15T14:12:09.491+0200][178,011s] GC(597) CMS: 165826K->170629K(393216K)
[2019-04-15T14:12:09.491+0200][178,011s] GC(597) Metaspace: 77706K->77706K(1120256K)
[2019-04-15T14:12:09.491+0200][178,011s] GC(597) Pause Young (Allocation Failure) 268M->187M(490M) 16,797ms
[2019-04-15T14:12:09.491+0200][178,011s] GC(597) User=0,05s Sys=0,00s Real=0,01s
[2019-04-15T14:12:09.741+0200][178,261s] GC(598) Pause Young (Allocation Failure)
[2019-04-15T14:12:09.741+0200][178,261s] GC(598) Using 4 workers of 4 for evacuation
[2019-04-15T14:12:09.772+0200][178,293s] GC(598) ParNew: 109248K->21824K(109248K)
[2019-04-15T14:12:09.773+0200][178,293s] GC(598) CMS: 170629K->173205K(393216K)
[2019-04-15T14:12:09.773+0200][178,293s] GC(598) Metaspace: 77732K->77732K(1120256K)
[2019-04-15T14:12:09.773+0200][178,293s] GC(598) Pause Young (Allocation Failure) 273M->190M(490M) 31,927ms
[2019-04-15T14:12:09.773+0200][178,293s] GC(598) User=0,11s Sys=0,00s Real=0,03s
[2019-04-15T14:12:09.947+0200][178,467s] GC(599) Pause Young (Allocation Failure)
[2019-04-15T14:12:09.947+0200][178,467s] GC(599) Using 4 workers of 4 for evacuation
[2019-04-15T14:12:09.958+0200][178,478s] GC(599) ParNew: 109248K->21824K(109248K)
[2019-04-15T14:12:09.958+0200][178,478s] GC(599) CMS: 173205K->174422K(393216K)
[2019-04-15T14:12:09.958+0200][178,478s] GC(599) Metaspace: 77741K->77741K(1120256K)
[2019-04-15T14:12:09.958+0200][178,478s] GC(599) Pause Young (Allocation Failure) 275M->191M(490M) 11,102ms
[2019-04-15T14:12:09.958+0200][178,478s] GC(599) User=0,03s Sys=0,00s Real=0,01s
[2019-04-15T14:12:10.179+0200][178,699s] GC(600) Pause Young (Allocation Failure)
[2019-04-15T14:12:10.179+0200][178,699s] GC(600) Using 4 workers of 4 for evacuation
[2019-04-15T14:12:10.206+0200][178,726s] GC(600) ParNew: 109248K->21679K(109248K)
[2019-04-15T14:12:10.206+0200][178,726s] GC(600) CMS: 174422K->174833K(393216K)
[2019-04-15T14:12:10.206+0200][178,726s] GC(600) Metaspace: 77757K->77757K(1120256K)
[2019-04-15T14:12:10.206+0200][178,726s] GC(600) Pause Young (Allocation Failure) 277M->191M(490M) 27,060ms
[2019-04-15T14:12:10.206+0200][178,726s] GC(600) User=0,07s Sys=0,00s Real=0,03s
[2019-04-15T14:12:10.429+0200][178,949s] GC(601) Pause Young (Allocation Failure)
[2019-04-15T14:12:10.429+0200][178,949s] GC(601) Using 4 workers of 4 for evacuation
[2019-04-15T14:12:10.453+0200][178,973s] GC(601) ParNew: 109103K->21824K(109248K)
[2019-04-15T14:12:10.453+0200][178,973s] GC(601) CMS: 174833K->176148K(393216K)
[2019-04-15T14:12:10.453+0200][178,973s] GC(601) Metaspace: 77832K->77832K(1120256K)
[2019-04-15T14:12:10.453+0200][178,973s] GC(601) Pause Young (Allocation Failure) 277M->193M(490M) 24,142ms
[2019-04-15T14:12:10.453+0200][178,974s] GC(601) User=0,07s Sys=0,00s Real=0,03s
[2019-04-15T14:12:10.701+0200][179,221s] GC(602) Pause Young (Allocation Failure)
[2019-04-15T14:12:10.701+0200][179,221s] GC(602) Using 4 workers of 4 for evacuation
[2019-04-15T14:12:10.720+0200][179,240s] GC(602) ParNew: 109248K->21824K(109248K)
[2019-04-15T14:12:10.720+0200][179,240s] GC(602) CMS: 176148K->177830K(393216K)
[2019-04-15T14:12:10.720+0200][179,240s] GC(602) Metaspace: 77849K->77849K(1122304K)
[2019-04-15T14:12:10.720+0200][179,240s] GC(602) Pause Young (Allocation Failure) 278M->194M(490M) 19,291ms
[2019-04-15T14:12:10.720+0200][179,240s] GC(602) User=0,04s Sys=0,00s Real=0,02s
[2019-04-15T14:12:11.040+0200][179,560s] GC(603) Pause Young (Allocation Failure)
[2019-04-15T14:12:11.040+0200][179,560s] GC(603) Using 4 workers of 4 for evacuation
[2019-04-15T14:12:11.059+0200][179,579s] GC(603) ParNew: 109248K->21824K(109248K)
[2019-04-15T14:12:11.059+0200][179,579s] GC(603) CMS: 177830K->183688K(393216K)
[2019-04-15T14:12:11.059+0200][179,579s] GC(603) Metaspace: 77854K->77854K(1122304K)
[2019-04-15T14:12:11.059+0200][179,579s] GC(603) Pause Young (Allocation Failure) 280M->200M(490M) 19,416ms
[2019-04-15T14:12:11.059+0200][179,579s] GC(603) User=0,04s Sys=0,00s Real=0,02s
[2019-04-15T14:12:11.339+0200][179,859s] GC(604) Pause Young (Allocation Failure)
[2019-04-15T14:12:11.339+0200][179,859s] GC(604) Using 4 workers of 4 for evacuation
[2019-04-15T14:12:11.361+0200][179,881s] GC(604) ParNew: 109248K->21824K(109248K)
[2019-04-15T14:12:11.361+0200][179,881s] GC(604) CMS: 183688K->217272K(393216K)
[2019-04-15T14:12:11.361+0200][179,881s] GC(604) Metaspace: 77854K->77854K(1122304K)
[2019-04-15T14:12:11.361+0200][179,881s] GC(604) Pause Young (Allocation Failure) 286M->233M(490M) 21,896ms
[2019-04-15T14:12:11.361+0200][179,881s] GC(604) User=0,07s Sys=0,00s Real=0,02s
[2019-04-15T14:12:11.361+0200][179,881s] GC(605) Pause Initial Mark
[2019-04-15T14:12:11.364+0200][179,884s] GC(605) Pause Initial Mark 234M->234M(490M) 2,967ms
[2019-04-15T14:12:11.364+0200][179,884s] GC(605) User=0,01s Sys=0,00s Real=0,00s
[2019-04-15T14:12:11.364+0200][179,884s] GC(605) Concurrent Mark
[2019-04-15T14:12:11.364+0200][179,884s] GC(605) Using 4 workers of 4 for marking
[2019-04-15T14:12:11.424+0200][179,945s] GC(605) Concurrent Mark 60,304ms
[2019-04-15T14:12:11.424+0200][179,945s] GC(605) User=0,20s Sys=0,00s Real=0,06s
[2019-04-15T14:12:11.424+0200][179,945s] GC(605) Concurrent Preclean
[2019-04-15T14:12:11.425+0200][179,946s] GC(605) Concurrent Preclean 0,828ms
[2019-04-15T14:12:11.425+0200][179,946s] GC(605) User=0,01s Sys=0,00s Real=0,01s
[2019-04-15T14:12:11.425+0200][179,946s] GC(605) Concurrent Abortable Preclean
[2019-04-15T14:12:11.470+0200][179,991s] GC(606) Pause Young (Allocation Failure)
[2019-04-15T14:12:11.470+0200][179,991s] GC(606) Using 4 workers of 4 for evacuation
[2019-04-15T14:12:11.507+0200][180,027s] GC(606) ParNew: 109248K->21824K(109248K)
[2019-04-15T14:12:11.507+0200][180,027s] GC(606) CMS: 217272K->255450K(393216K)
[2019-04-15T14:12:11.507+0200][180,027s] GC(606) Metaspace: 77854K->77854K(1122304K)
[2019-04-15T14:12:11.507+0200][180,027s] GC(606) Pause Young (Allocation Failure) 318M->270M(490M) 36,596ms
[2019-04-15T14:12:11.507+0200][180,027s] GC(606) User=0,11s Sys=0,00s Real=0,04s
[2019-04-15T14:12:11.584+0200][180,104s] GC(607) Pause Young (Allocation Failure)
[2019-04-15T14:12:11.584+0200][180,104s] GC(607) Using 4 workers of 4 for evacuation
[2019-04-15T14:12:11.631+0200][180,152s] GC(607) ParNew: 109058K->21824K(109248K)
[2019-04-15T14:12:11.631+0200][180,152s] GC(607) CMS: 255450K->294783K(393216K)
[2019-04-15T14:12:11.631+0200][180,152s] GC(607) Metaspace: 77854K->77854K(1122304K)
[2019-04-15T14:12:11.631+0200][180,152s] GC(607) Pause Young (Allocation Failure) 355M->309M(490M) 47,620ms
[2019-04-15T14:12:11.631+0200][180,152s] GC(607) User=0,14s Sys=0,01s Real=0,05s
[2019-04-15T14:12:11.649+0200][180,169s] GC(605) Concurrent Abortable Preclean 223,421ms
[2019-04-15T14:12:11.649+0200][180,169s] GC(605) User=0,53s Sys=0,01s Real=0,22s
[2019-04-15T14:12:11.649+0200][180,169s] GC(605) Pause Remark
[2019-04-15T14:12:11.649+0200][180,169s] GC(608) Pause Young (CMS Final Remark)
[2019-04-15T14:12:11.649+0200][180,169s] GC(608) Using 4 workers of 4 for evacuation
[2019-04-15T14:12:11.672+0200][180,193s] GC(608) ParNew: 43104K->21824K(109248K)
[2019-04-15T14:12:11.672+0200][180,193s] GC(608) CMS: 294783K->308251K(393216K)
[2019-04-15T14:12:11.672+0200][180,193s] GC(608) Metaspace: 77854K->77854K(1122304K)
[2019-04-15T14:12:11.672+0200][180,193s] GC(608) Pause Young (CMS Final Remark) 329M->322M(490M) 23,299ms
[2019-04-15T14:12:11.672+0200][180,193s] GC(608) User=0,08s Sys=0,00s Real=0,02s
[2019-04-15T14:12:11.720+0200][180,240s] GC(605) Pause Remark 329M->322M(490M) 71,025ms
[2019-04-15T14:12:11.720+0200][180,240s] GC(605) User=0,16s Sys=0,00s Real=0,07s
[2019-04-15T14:12:11.720+0200][180,240s] GC(605) Concurrent Sweep
[2019-04-15T14:12:11.802+0200][180,322s] GC(605) Concurrent Sweep 81,448ms
[2019-04-15T14:12:11.802+0200][180,322s] GC(605) User=0,23s Sys=0,00s Real=0,08s
[2019-04-15T14:12:11.802+0200][180,322s] GC(605) Concurrent Reset
[2019-04-15T14:12:11.802+0200][180,323s] GC(605) Concurrent Reset 0,512ms
[2019-04-15T14:12:11.802+0200][180,323s] GC(605) User=0,00s Sys=0,00s Real=0,00s
[2019-04-15T14:12:11.802+0200][180,323s] GC(605) Old: 217272K->242805K(393216K)
[2019-04-15T14:12:11.870+0200][180,391s] GC(609) Pause Young (Allocation Failure)
[2019-04-15T14:12:11.870+0200][180,391s] GC(609) Using 4 workers of 4 for evacuation
[2019-04-15T14:12:11.889+0200][180,410s] GC(609) ParNew: 109248K->21824K(109248K)
[2019-04-15T14:12:11.889+0200][180,410s] GC(609) CMS: 242805K->245022K(393216K)
[2019-04-15T14:12:11.889+0200][180,410s] GC(609) Metaspace: 77858K->77858K(1122304K)
[2019-04-15T14:12:11.889+0200][180,410s] GC(609) Pause Young (Allocation Failure) 343M->260M(490M) 19,044ms
[2019-04-15T14:12:11.889+0200][180,410s] GC(609) User=0,07s Sys=0,00s Real=0,02s
[2019-04-15T14:12:11.896+0200][180,417s] GC(610) Pause Initial Mark
[2019-04-15T14:12:11.905+0200][180,425s] GC(610) Pause Initial Mark 265M->265M(490M) 8,300ms
[2019-04-15T14:12:11.905+0200][180,425s] GC(610) User=0,02s Sys=0,00s Real=0,00s
[2019-04-15T14:12:11.905+0200][180,426s] GC(610) Concurrent Mark
[2019-04-15T14:12:11.905+0200][180,426s] GC(610) Using 4 workers of 4 for marking
[2019-04-15T14:12:12.012+0200][180,533s] GC(610) Concurrent Mark 107,164ms
[2019-04-15T14:12:12.012+0200][180,533s] GC(610) User=0,38s Sys=0,00s Real=0,10s
[2019-04-15T14:12:12.012+0200][180,533s] GC(610) Concurrent Preclean
[2019-04-15T14:12:12.015+0200][180,536s] GC(610) Concurrent Preclean 2,965ms
[2019-04-15T14:12:12.015+0200][180,536s] GC(610) User=0,01s Sys=0,00s Real=0,01s
[2019-04-15T14:12:12.015+0200][180,536s] GC(610) Concurrent Abortable Preclean
[2019-04-15T14:12:12.107+0200][180,628s] GC(611) Pause Young (Allocation Failure)
[2019-04-15T14:12:12.107+0200][180,628s] GC(611) Using 4 workers of 4 for evacuation
[2019-04-15T14:12:12.130+0200][180,650s] GC(611) ParNew: 109248K->21824K(109248K)
[2019-04-15T14:12:12.130+0200][180,650s] GC(611) CMS: 245022K->250453K(393216K)
[2019-04-15T14:12:12.130+0200][180,650s] GC(611) Metaspace: 77859K->77859K(1122304K)
[2019-04-15T14:12:12.130+0200][180,650s] GC(611) Pause Young (Allocation Failure) 345M->265M(490M) 22,326ms
[2019-04-15T14:12:12.130+0200][180,650s] GC(611) User=0,08s Sys=0,00s Real=0,02s
[2019-04-15T14:12:12.272+0200][180,793s] GC(612) Pause Young (Allocation Failure)
[2019-04-15T14:12:12.272+0200][180,793s] GC(612) Using 4 workers of 4 for evacuation
[2019-04-15T14:12:12.285+0200][180,806s] GC(612) ParNew: 109248K->21459K(109248K)
[2019-04-15T14:12:12.285+0200][180,806s] GC(612) CMS: 250453K->250453K(393216K)
[2019-04-15T14:12:12.285+0200][180,806s] GC(612) Metaspace: 77859K->77859K(1122304K)
[2019-04-15T14:12:12.285+0200][180,806s] GC(612) Pause Young (Allocation Failure) 351M->265M(490M) 12,960ms
[2019-04-15T14:12:12.285+0200][180,806s] GC(612) User=0,05s Sys=0,00s Real=0,02s
[2019-04-15T14:12:12.285+0200][180,806s] GC(610) Concurrent Abortable Preclean 270,062ms
[2019-04-15T14:12:12.285+0200][180,806s] GC(610) User=0,71s Sys=0,01s Real=0,27s
[2019-04-15T14:12:12.286+0200][180,806s] GC(610) Pause Remark
[2019-04-15T14:12:12.286+0200][180,806s] GC(613) Pause Young (CMS Final Remark)
[2019-04-15T14:12:12.286+0200][180,806s] GC(613) Using 4 workers of 4 for evacuation
[2019-04-15T14:12:12.296+0200][180,816s] GC(613) ParNew: 23142K->20397K(109248K)
[2019-04-15T14:12:12.296+0200][180,816s] GC(613) CMS: 250453K->250453K(393216K)
[2019-04-15T14:12:12.296+0200][180,816s] GC(613) Metaspace: 77859K->77859K(1122304K)
[2019-04-15T14:12:12.296+0200][180,816s] GC(613) Pause Young (CMS Final Remark) 267M->264M(490M) 10,082ms
[2019-04-15T14:12:12.296+0200][180,816s] GC(613) User=0,03s Sys=0,00s Real=0,01s
[2019-04-15T14:12:12.338+0200][180,859s] GC(610) Pause Remark 267M->264M(490M) 52,463ms
[2019-04-15T14:12:12.338+0200][180,859s] GC(610) User=0,09s Sys=0,00s Real=0,05s
[2019-04-15T14:12:12.338+0200][180,859s] GC(610) Concurrent Sweep
[2019-04-15T14:12:12.422+0200][180,943s] GC(610) Concurrent Sweep 83,920ms
[2019-04-15T14:12:12.422+0200][180,943s] GC(610) User=0,29s Sys=0,00s Real=0,08s
[2019-04-15T14:12:12.422+0200][180,943s] GC(610) Concurrent Reset
[2019-04-15T14:12:12.423+0200][180,943s] GC(610) Concurrent Reset 0,451ms
[2019-04-15T14:12:12.423+0200][180,943s] GC(610) User=0,00s Sys=0,00s Real=0,00s
[2019-04-15T14:12:12.423+0200][180,943s] GC(610) Old: 245022K->219021K(393216K)
[2019-04-15T14:12:12.501+0200][181,021s] GC(614) Pause Young (Allocation Failure)
[2019-04-15T14:12:12.501+0200][181,021s] GC(614) Using 4 workers of 4 for evacuation
[2019-04-15T14:12:12.513+0200][181,033s] GC(614) ParNew: 107821K->18880K(109248K)
[2019-04-15T14:12:12.513+0200][181,033s] GC(614) CMS: 219021K->219021K(393216K)
[2019-04-15T14:12:12.513+0200][181,033s] GC(614) Metaspace: 77862K->77862K(1122304K)
[2019-04-15T14:12:12.513+0200][181,033s] GC(614) Pause Young (Allocation Failure) 319M->232M(490M) 12,094ms
[2019-04-15T14:12:12.513+0200][181,033s] GC(614) User=0,04s Sys=0,00s Real=0,01s
[2019-04-15T14:12:12.514+0200][181,034s] GC(615) Pause Initial Mark
[2019-04-15T14:12:12.517+0200][181,038s] GC(615) Pause Initial Mark 233M->233M(490M) 3,337ms
[2019-04-15T14:12:12.517+0200][181,038s] GC(615) User=0,01s Sys=0,00s Real=0,00s
[2019-04-15T14:12:12.518+0200][181,038s] GC(615) Concurrent Mark
[2019-04-15T14:12:12.518+0200][181,038s] GC(615) Using 4 workers of 4 for marking
[2019-04-15T14:12:12.641+0200][181,161s] GC(615) Concurrent Mark 123,119ms
[2019-04-15T14:12:12.641+0200][181,161s] GC(615) User=0,43s Sys=0,00s Real=0,12s
[2019-04-15T14:12:12.641+0200][181,161s] GC(615) Concurrent Preclean
[2019-04-15T14:12:12.642+0200][181,162s] GC(615) Concurrent Preclean 1,332ms
[2019-04-15T14:12:12.642+0200][181,162s] GC(615) User=0,01s Sys=0,00s Real=0,00s
[2019-04-15T14:12:12.642+0200][181,163s] GC(615) Concurrent Abortable Preclean
[2019-04-15T14:12:12.679+0200][181,199s] GC(616) Pause Young (Allocation Failure)
[2019-04-15T14:12:12.679+0200][181,199s] GC(616) Using 4 workers of 4 for evacuation
[2019-04-15T14:12:12.702+0200][181,222s] GC(616) ParNew: 106304K->21824K(109248K)
[2019-04-15T14:12:12.702+0200][181,222s] GC(616) CMS: 219021K->219021K(393216K)
[2019-04-15T14:12:12.702+0200][181,222s] GC(616) Metaspace: 77862K->77862K(1122304K)
[2019-04-15T14:12:12.702+0200][181,222s] GC(616) Pause Young (Allocation Failure) 317M->235M(490M) 23,103ms
[2019-04-15T14:12:12.702+0200][181,222s] GC(616) User=0,08s Sys=0,00s Real=0,02s
[2019-04-15T14:12:12.847+0200][181,368s] GC(617) Pause Young (Allocation Failure)
[2019-04-15T14:12:12.847+0200][181,368s] GC(617) Using 4 workers of 4 for evacuation
[2019-04-15T14:12:12.861+0200][181,381s] GC(615) Concurrent Abortable Preclean 218,469ms
[2019-04-15T14:12:12.861+0200][181,381s] GC(615) User=0,69s Sys=0,00s Real=0,22s
[2019-04-15T14:12:12.878+0200][181,399s] GC(617) ParNew: 109248K->13905K(109248K)
[2019-04-15T14:12:12.878+0200][181,399s] GC(617) CMS: 219021K->225524K(393216K)
[2019-04-15T14:12:12.878+0200][181,399s] GC(617) Metaspace: 77862K->77862K(1122304K)
[2019-04-15T14:12:12.878+0200][181,399s] GC(617) Pause Young (Allocation Failure) 320M->233M(490M) 31,050ms
[2019-04-15T14:12:12.878+0200][181,399s] GC(617) User=0,09s Sys=0,00s Real=0,03s
[2019-04-15T14:12:12.882+0200][181,403s] GC(615) Pause Remark
[2019-04-15T14:12:12.882+0200][181,403s] GC(618) Pause Young (CMS Final Remark)
[2019-04-15T14:12:12.882+0200][181,403s] GC(618) Using 4 workers of 4 for evacuation
[2019-04-15T14:12:12.908+0200][181,428s] GC(618) ParNew: 15634K->10268K(109248K)
[2019-04-15T14:12:12.908+0200][181,428s] GC(618) CMS: 225524K->229618K(393216K)
[2019-04-15T14:12:12.908+0200][181,428s] GC(618) Metaspace: 77862K->77862K(1122304K)
[2019-04-15T14:12:12.908+0200][181,428s] GC(618) Pause Young (CMS Final Remark) 235M->234M(490M) 25,607ms
[2019-04-15T14:12:12.908+0200][181,428s] GC(618) User=0,06s Sys=0,00s Real=0,03s
[2019-04-15T14:12:12.978+0200][181,498s] GC(615) Pause Remark 235M->234M(490M) 95,339ms
[2019-04-15T14:12:12.978+0200][181,498s] GC(615) User=0,20s Sys=0,00s Real=0,10s
[2019-04-15T14:12:12.978+0200][181,498s] GC(615) Concurrent Sweep
[2019-04-15T14:12:13.059+0200][181,580s] GC(615) Concurrent Sweep 81,511ms
[2019-04-15T14:12:13.059+0200][181,580s] GC(615) User=0,25s Sys=0,00s Real=0,08s
[2019-04-15T14:12:13.059+0200][181,580s] GC(615) Concurrent Reset
[2019-04-15T14:12:13.060+0200][181,580s] GC(615) Concurrent Reset 0,489ms
[2019-04-15T14:12:13.060+0200][181,580s] GC(615) User=0,00s Sys=0,00s Real=0,00s
[2019-04-15T14:12:13.060+0200][181,580s] GC(615) Old: 219021K->228994K(393216K)
[2019-04-15T14:12:13.148+0200][181,669s] GC(619) Pause Young (Allocation Failure)
[2019-04-15T14:12:13.148+0200][181,669s] GC(619) Using 4 workers of 4 for evacuation
[2019-04-15T14:12:13.161+0200][181,682s] GC(619) ParNew: 97692K->3850K(109248K)
[2019-04-15T14:12:13.161+0200][181,682s] GC(619) CMS: 228994K->232535K(393216K)
[2019-04-15T14:12:13.161+0200][181,682s] GC(619) Metaspace: 77862K->77862K(1122304K)
[2019-04-15T14:12:13.162+0200][181,682s] GC(619) Pause Young (Allocation Failure) 319M->230M(490M) 13,435ms
[2019-04-15T14:12:13.162+0200][181,682s] GC(619) User=0,04s Sys=0,00s Real=0,01s
[2019-04-15T14:12:13.163+0200][181,684s] GC(620) Pause Initial Mark
[2019-04-15T14:12:13.167+0200][181,687s] GC(620) Pause Initial Mark 232M->232M(490M) 3,168ms
[2019-04-15T14:12:13.167+0200][181,687s] GC(620) User=0,01s Sys=0,00s Real=0,01s
[2019-04-15T14:12:13.168+0200][181,689s] GC(620) Concurrent Mark
[2019-04-15T14:12:13.168+0200][181,689s] GC(620) Using 4 workers of 4 for marking
[2019-04-15T14:12:13.304+0200][181,824s] GC(620) Concurrent Mark 135,557ms
[2019-04-15T14:12:13.304+0200][181,824s] GC(620) User=0,42s Sys=0,01s Real=0,13s
[2019-04-15T14:12:13.304+0200][181,825s] GC(620) Concurrent Preclean
[2019-04-15T14:12:13.306+0200][181,827s] GC(620) Concurrent Preclean 2,290ms
[2019-04-15T14:12:13.306+0200][181,827s] GC(620) User=0,01s Sys=0,00s Real=0,01s
[2019-04-15T14:12:13.306+0200][181,827s] GC(620) Concurrent Abortable Preclean
[2019-04-15T14:12:13.328+0200][181,849s] GC(621) Pause Young (Allocation Failure)
[2019-04-15T14:12:13.328+0200][181,849s] GC(621) Using 4 workers of 4 for evacuation
[2019-04-15T14:12:13.339+0200][181,859s] GC(621) ParNew: 91274K->3561K(109248K)
[2019-04-15T14:12:13.339+0200][181,859s] GC(621) CMS: 232535K->232548K(393216K)
[2019-04-15T14:12:13.339+0200][181,859s] GC(621) Metaspace: 77862K->77862K(1122304K)
[2019-04-15T14:12:13.339+0200][181,859s] GC(621) Pause Young (Allocation Failure) 316M->230M(490M) 10,695ms
[2019-04-15T14:12:13.339+0200][181,859s] GC(621) User=0,03s Sys=0,00s Real=0,01s
[2019-04-15T14:12:13.461+0200][181,981s] GC(620) Concurrent Abortable Preclean 154,580ms
[2019-04-15T14:12:13.461+0200][181,982s] GC(620) User=0,34s Sys=0,00s Real=0,15s
[2019-04-15T14:12:13.464+0200][181,985s] GC(620) Pause Remark
[2019-04-15T14:12:13.465+0200][181,985s] GC(622) Pause Young (CMS Final Remark)
[2019-04-15T14:12:13.465+0200][181,985s] GC(622) Using 4 workers of 4 for evacuation
[2019-04-15T14:12:13.476+0200][181,996s] GC(622) ParNew: 90985K->3419K(109248K)
[2019-04-15T14:12:13.476+0200][181,996s] GC(622) CMS: 232548K->232554K(393216K)
[2019-04-15T14:12:13.476+0200][181,996s] GC(622) Metaspace: 77862K->77862K(1122304K)
[2019-04-15T14:12:13.476+0200][181,996s] GC(622) Pause Young (CMS Final Remark) 315M->230M(490M) 10,914ms
[2019-04-15T14:12:13.476+0200][181,996s] GC(622) User=0,03s Sys=0,00s Real=0,02s
[2019-04-15T14:12:13.526+0200][182,046s] GC(620) Pause Remark 315M->230M(490M) 61,549ms
[2019-04-15T14:12:13.526+0200][182,046s] GC(620) User=0,14s Sys=0,00s Real=0,07s
[2019-04-15T14:12:13.526+0200][182,047s] GC(620) Concurrent Sweep
[2019-04-15T14:12:13.590+0200][182,110s] GC(620) Concurrent Sweep 63,951ms
[2019-04-15T14:12:13.590+0200][182,111s] GC(620) User=0,18s Sys=0,00s Real=0,06s
[2019-04-15T14:12:13.590+0200][182,111s] GC(620) Concurrent Reset
[2019-04-15T14:12:13.591+0200][182,111s] GC(620) Concurrent Reset 0,504ms
[2019-04-15T14:12:13.591+0200][182,111s] GC(620) User=0,00s Sys=0,00s Real=0,00s
[2019-04-15T14:12:13.591+0200][182,111s] GC(620) Old: 232535K->232553K(393216K)
[2019-04-15T14:12:13.680+0200][182,200s] GC(623) Pause Young (Allocation Failure)
[2019-04-15T14:12:13.680+0200][182,200s] GC(623) Using 4 workers of 4 for evacuation
[2019-04-15T14:12:13.686+0200][182,206s] GC(623) ParNew: 90843K->3266K(109248K)
[2019-04-15T14:12:13.686+0200][182,206s] GC(623) CMS: 232553K->232553K(393216K)
[2019-04-15T14:12:13.686+0200][182,206s] GC(623) Metaspace: 77862K->77862K(1122304K)
[2019-04-15T14:12:13.686+0200][182,206s] GC(623) Pause Young (Allocation Failure) 315M->230M(490M) 6,074ms
[2019-04-15T14:12:13.686+0200][182,206s] GC(623) User=0,02s Sys=0,00s Real=0,01s
[2019-04-15T14:12:13.686+0200][182,206s] GC(624) Pause Initial Mark
[2019-04-15T14:12:13.686+0200][182,207s] GC(624) Pause Initial Mark 231M->231M(490M) 0,421ms
[2019-04-15T14:12:13.686+0200][182,207s] GC(624) User=0,01s Sys=0,00s Real=0,00s
[2019-04-15T14:12:13.686+0200][182,207s] GC(624) Concurrent Mark
[2019-04-15T14:12:13.686+0200][182,207s] GC(624) Using 4 workers of 4 for marking
[2019-04-15T14:12:13.768+0200][182,289s] GC(624) Concurrent Mark 81,699ms
[2019-04-15T14:12:13.768+0200][182,289s] GC(624) User=0,28s Sys=0,00s Real=0,08s
[2019-04-15T14:12:13.768+0200][182,289s] GC(624) Concurrent Preclean
[2019-04-15T14:12:13.770+0200][182,290s] GC(624) Concurrent Preclean 1,516ms
[2019-04-15T14:12:13.770+0200][182,290s] GC(624) User=0,01s Sys=0,00s Real=0,00s
[2019-04-15T14:12:13.770+0200][182,290s] GC(624) Concurrent Abortable Preclean
[2019-04-15T14:12:13.813+0200][182,334s] GC(625) Pause Young (Allocation Failure)
[2019-04-15T14:12:13.813+0200][182,334s] GC(625) Using 4 workers of 4 for evacuation
[2019-04-15T14:12:13.823+0200][182,344s] GC(625) ParNew: 90690K->3361K(109248K)
[2019-04-15T14:12:13.823+0200][182,344s] GC(625) CMS: 232553K->232569K(393216K)
[2019-04-15T14:12:13.823+0200][182,344s] GC(625) Metaspace: 77862K->77862K(1122304K)
[2019-04-15T14:12:13.823+0200][182,344s] GC(625) Pause Young (Allocation Failure) 315M->230M(490M) 9,862ms
[2019-04-15T14:12:13.823+0200][182,344s] GC(625) User=0,03s Sys=0,00s Real=0,00s
[2019-04-15T14:12:13.915+0200][182,435s] GC(626) Pause Young (Allocation Failure)
[2019-04-15T14:12:13.915+0200][182,435s] GC(626) Using 4 workers of 4 for evacuation
[2019-04-15T14:12:13.921+0200][182,442s] GC(626) ParNew: 90785K->3604K(109248K)
[2019-04-15T14:12:13.922+0200][182,442s] GC(626) CMS: 232569K->232572K(393216K)
[2019-04-15T14:12:13.922+0200][182,442s] GC(626) Metaspace: 77862K->77862K(1122304K)
[2019-04-15T14:12:13.922+0200][182,442s] GC(626) Pause Young (Allocation Failure) 315M->230M(490M) 6,687ms
[2019-04-15T14:12:13.922+0200][182,442s] GC(626) User=0,02s Sys=0,00s Real=0,00s
[2019-04-15T14:12:14.010+0200][182,531s] GC(627) Pause Young (Allocation Failure)
[2019-04-15T14:12:14.010+0200][182,531s] GC(627) Using 4 workers of 4 for evacuation
[2019-04-15T14:12:14.032+0200][182,552s] GC(624) Concurrent Abortable Preclean 262,140ms
[2019-04-15T14:12:14.032+0200][182,552s] GC(624) User=0,30s Sys=0,00s Real=0,26s
[2019-04-15T14:12:14.032+0200][182,553s] GC(627) ParNew: 91028K->3085K(109248K)
[2019-04-15T14:12:14.032+0200][182,553s] GC(627) CMS: 232572K->232594K(393216K)
[2019-04-15T14:12:14.032+0200][182,553s] GC(627) Metaspace: 77862K->77862K(1122304K)
[2019-04-15T14:12:14.032+0200][182,553s] GC(627) Pause Young (Allocation Failure) 316M->230M(490M) 22,006ms
[2019-04-15T14:12:14.032+0200][182,553s] GC(627) User=0,02s Sys=0,00s Real=0,02s
[2019-04-15T14:12:14.036+0200][182,556s] GC(624) Pause Remark
[2019-04-15T14:12:14.036+0200][182,556s] GC(628) Pause Young (CMS Final Remark)
[2019-04-15T14:12:14.036+0200][182,556s] GC(628) Using 4 workers of 4 for evacuation
[2019-04-15T14:12:14.043+0200][182,563s] GC(628) ParNew: 4833K->2426K(109248K)
[2019-04-15T14:12:14.043+0200][182,563s] GC(628) CMS: 232594K->232594K(393216K)
[2019-04-15T14:12:14.043+0200][182,563s] GC(628) Metaspace: 77862K->77862K(1122304K)
[2019-04-15T14:12:14.043+0200][182,563s] GC(628) Pause Young (CMS Final Remark) 231M->229M(490M) 6,963ms
[2019-04-15T14:12:14.043+0200][182,563s] GC(628) User=0,02s Sys=0,00s Real=0,00s
[2019-04-15T14:12:14.077+0200][182,598s] GC(624) Pause Remark 231M->229M(490M) 41,305ms
[2019-04-15T14:12:14.077+0200][182,598s] GC(624) User=0,06s Sys=0,00s Real=0,04s
[2019-04-15T14:12:14.077+0200][182,598s] GC(624) Concurrent Sweep
[2019-04-15T14:12:14.120+0200][182,640s] GC(624) Concurrent Sweep 42,766ms
[2019-04-15T14:12:14.120+0200][182,641s] GC(624) User=0,09s Sys=0,00s Real=0,04s
[2019-04-15T14:12:14.120+0200][182,641s] GC(624) Concurrent Reset
[2019-04-15T14:12:14.122+0200][182,642s] GC(624) Concurrent Reset 1,568ms
[2019-04-15T14:12:14.122+0200][182,642s] GC(624) User=0,00s Sys=0,00s Real=0,00s
[2019-04-15T14:12:14.122+0200][182,642s] GC(624) Old: 232553K->232594K(393216K)
[2019-04-15T14:12:14.169+0200][182,689s] GC(629) Pause Young (Allocation Failure)
[2019-04-15T14:12:14.169+0200][182,689s] GC(629) Using 4 workers of 4 for evacuation
[2019-04-15T14:12:14.176+0200][182,696s] GC(629) ParNew: 89850K->2960K(109248K)
[2019-04-15T14:12:14.176+0200][182,696s] GC(629) CMS: 232594K->232598K(393216K)
[2019-04-15T14:12:14.176+0200][182,696s] GC(629) Metaspace: 77862K->77862K(1122304K)
[2019-04-15T14:12:14.176+0200][182,696s] GC(629) Pause Young (Allocation Failure) 314M->230M(490M) 7,069ms
[2019-04-15T14:12:14.176+0200][182,696s] GC(629) User=0,02s Sys=0,00s Real=0,01s
[2019-04-15T14:12:14.176+0200][182,696s] GC(630) Pause Initial Mark
[2019-04-15T14:12:14.176+0200][182,697s] GC(630) Pause Initial Mark 231M->231M(490M) 0,371ms
[2019-04-15T14:12:14.176+0200][182,697s] GC(630) User=0,00s Sys=0,00s Real=0,00s
[2019-04-15T14:12:14.176+0200][182,697s] GC(630) Concurrent Mark
[2019-04-15T14:12:14.176+0200][182,697s] GC(630) Using 4 workers of 4 for marking
[2019-04-15T14:12:14.244+0200][182,765s] GC(630) Concurrent Mark 68,095ms
[2019-04-15T14:12:14.244+0200][182,765s] GC(630) User=0,25s Sys=0,00s Real=0,06s
[2019-04-15T14:12:14.244+0200][182,765s] GC(630) Concurrent Preclean
[2019-04-15T14:12:14.247+0200][182,767s] GC(630) Concurrent Preclean 2,327ms
[2019-04-15T14:12:14.247+0200][182,767s] GC(630) User=0,00s Sys=0,00s Real=0,01s
[2019-04-15T14:12:14.247+0200][182,767s] GC(630) Concurrent Abortable Preclean
[2019-04-15T14:12:14.287+0200][182,807s] GC(631) Pause Young (Allocation Failure)
[2019-04-15T14:12:14.287+0200][182,807s] GC(631) Using 4 workers of 4 for evacuation
[2019-04-15T14:12:14.292+0200][182,813s] GC(631) ParNew: 90384K->1138K(109248K)
[2019-04-15T14:12:14.292+0200][182,813s] GC(631) CMS: 232598K->234652K(393216K)
[2019-04-15T14:12:14.292+0200][182,813s] GC(631) Metaspace: 77862K->77862K(1122304K)
[2019-04-15T14:12:14.292+0200][182,813s] GC(631) Pause Young (Allocation Failure) 315M->230M(490M) 5,551ms
[2019-04-15T14:12:14.293+0200][182,813s] GC(631) User=0,01s Sys=0,00s Real=0,00s
[2019-04-15T14:12:14.377+0200][182,897s] GC(632) Pause Young (Allocation Failure)
[2019-04-15T14:12:14.377+0200][182,897s] GC(632) Using 4 workers of 4 for evacuation
[2019-04-15T14:12:14.382+0200][182,903s] GC(632) ParNew: 88562K->5637K(109248K)
[2019-04-15T14:12:14.382+0200][182,903s] GC(632) CMS: 234652K->234656K(393216K)
[2019-04-15T14:12:14.382+0200][182,903s] GC(632) Metaspace: 77862K->77862K(1122304K)
[2019-04-15T14:12:14.383+0200][182,903s] GC(632) Pause Young (Allocation Failure) 315M->234M(490M) 5,932ms
[2019-04-15T14:12:14.383+0200][182,903s] GC(632) User=0,01s Sys=0,00s Real=0,00s
[2019-04-15T14:12:14.489+0200][183,009s] GC(633) Pause Young (Allocation Failure)
[2019-04-15T14:12:14.489+0200][183,009s] GC(633) Using 4 workers of 4 for evacuation
[2019-04-15T14:12:14.499+0200][183,019s] GC(633) ParNew: 93061K->5251K(109248K)
[2019-04-15T14:12:14.499+0200][183,019s] GC(633) CMS: 234656K->234661K(393216K)
[2019-04-15T14:12:14.499+0200][183,019s] GC(633) Metaspace: 77862K->77862K(1122304K)
[2019-04-15T14:12:14.499+0200][183,019s] GC(633) Pause Young (Allocation Failure) 320M->234M(490M) 10,024ms
[2019-04-15T14:12:14.499+0200][183,020s] GC(633) User=0,02s Sys=0,00s Real=0,01s
[2019-04-15T14:12:14.607+0200][183,127s] GC(630) Concurrent Abortable Preclean 359,706ms
[2019-04-15T14:12:14.607+0200][183,127s] GC(630) User=0,43s Sys=0,00s Real=0,36s
[2019-04-15T14:12:14.607+0200][183,127s] GC(630) Pause Remark
[2019-04-15T14:12:14.607+0200][183,127s] GC(634) Pause Young (CMS Final Remark)
[2019-04-15T14:12:14.607+0200][183,127s] GC(634) Using 4 workers of 4 for evacuation
[2019-04-15T14:12:14.612+0200][183,132s] GC(634) ParNew: 89131K->5266K(109248K)
[2019-04-15T14:12:14.612+0200][183,132s] GC(634) CMS: 234661K->234665K(393216K)
[2019-04-15T14:12:14.612+0200][183,132s] GC(634) Metaspace: 77862K->77862K(1122304K)
[2019-04-15T14:12:14.612+0200][183,133s] GC(634) Pause Young (CMS Final Remark) 316M->234M(490M) 5,352ms
[2019-04-15T14:12:14.612+0200][183,133s] GC(634) User=0,01s Sys=0,00s Real=0,00s
[2019-04-15T14:12:14.659+0200][183,180s] GC(630) Pause Remark 316M->234M(490M) 52,719ms
[2019-04-15T14:12:14.660+0200][183,180s] GC(630) User=0,07s Sys=0,00s Real=0,05s
[2019-04-15T14:12:14.660+0200][183,180s] GC(630) Concurrent Sweep
[2019-04-15T14:12:14.727+0200][183,247s] GC(630) Concurrent Sweep 66,932ms
[2019-04-15T14:12:14.727+0200][183,247s] GC(630) User=0,14s Sys=0,00s Real=0,07s
[2019-04-15T14:12:14.727+0200][183,247s] GC(630) Concurrent Reset
[2019-04-15T14:12:14.727+0200][183,247s] GC(630) Concurrent Reset 0,362ms
[2019-04-15T14:12:14.727+0200][183,247s] GC(630) User=0,00s Sys=0,00s Real=0,00s
[2019-04-15T14:12:14.727+0200][183,247s] GC(630) Old: 232598K->234664K(393216K)
[2019-04-15T14:12:14.788+0200][183,308s] GC(635) Pause Young (Allocation Failure)
[2019-04-15T14:12:14.788+0200][183,308s] GC(635) Using 4 workers of 4 for evacuation
[2019-04-15T14:12:14.795+0200][183,315s] GC(635) ParNew: 92690K->5129K(109248K)
[2019-04-15T14:12:14.795+0200][183,315s] GC(635) CMS: 234664K->234669K(393216K)
[2019-04-15T14:12:14.795+0200][183,315s] GC(635) Metaspace: 77862K->77862K(1122304K)
[2019-04-15T14:12:14.795+0200][183,315s] GC(635) Pause Young (Allocation Failure) 319M->234M(490M) 6,673ms
[2019-04-15T14:12:14.795+0200][183,315s] GC(635) User=0,01s Sys=0,00s Real=0,01s
[2019-04-15T14:12:14.795+0200][183,315s] GC(636) Pause Initial Mark
[2019-04-15T14:12:14.796+0200][183,316s] GC(636) Pause Initial Mark 235M->235M(490M) 0,654ms
[2019-04-15T14:12:14.796+0200][183,316s] GC(636) User=0,01s Sys=0,00s Real=0,00s
[2019-04-15T14:12:14.796+0200][183,317s] GC(636) Concurrent Mark
[2019-04-15T14:12:14.796+0200][183,317s] GC(636) Using 4 workers of 4 for marking
[2019-04-15T14:12:14.904+0200][183,425s] GC(636) Concurrent Mark 107,826ms
[2019-04-15T14:12:14.904+0200][183,425s] GC(636) User=0,30s Sys=0,00s Real=0,10s
[2019-04-15T14:12:14.904+0200][183,425s] GC(636) Concurrent Preclean
[2019-04-15T14:12:14.906+0200][183,426s] GC(636) Concurrent Preclean 1,583ms
[2019-04-15T14:12:14.906+0200][183,426s] GC(636) User=0,00s Sys=0,00s Real=0,01s
[2019-04-15T14:12:14.906+0200][183,426s] GC(636) Concurrent Abortable Preclean
[2019-04-15T14:12:14.940+0200][183,461s] GC(637) Pause Young (Allocation Failure)
[2019-04-15T14:12:14.940+0200][183,461s] GC(637) Using 4 workers of 4 for evacuation
[2019-04-15T14:12:14.955+0200][183,475s] GC(637) ParNew: 92553K->5535K(109248K)
[2019-04-15T14:12:14.955+0200][183,475s] GC(637) CMS: 234669K->234673K(393216K)
[2019-04-15T14:12:14.955+0200][183,475s] GC(637) Metaspace: 77862K->77862K(1122304K)
[2019-04-15T14:12:14.955+0200][183,475s] GC(637) Pause Young (Allocation Failure) 319M->234M(490M) 14,239ms
[2019-04-15T14:12:14.955+0200][183,475s] GC(637) User=0,02s Sys=0,00s Real=0,02s
[2019-04-15T14:12:15.070+0200][183,591s] GC(636) Concurrent Abortable Preclean 164,272ms
[2019-04-15T14:12:15.071+0200][183,591s] GC(636) User=0,19s Sys=0,00s Real=0,16s
[2019-04-15T14:12:15.071+0200][183,592s] GC(636) Pause Remark
[2019-04-15T14:12:15.071+0200][183,592s] GC(638) Pause Young (CMS Final Remark)
[2019-04-15T14:12:15.071+0200][183,592s] GC(638) Using 4 workers of 4 for evacuation
[2019-04-15T14:12:15.081+0200][183,601s] GC(638) ParNew: 64822K->4869K(109248K)
[2019-04-15T14:12:15.081+0200][183,601s] GC(638) CMS: 234673K->234673K(393216K)
[2019-04-15T14:12:15.081+0200][183,601s] GC(638) Metaspace: 77862K->77862K(1122304K)
[2019-04-15T14:12:15.081+0200][183,601s] GC(638) Pause Young (CMS Final Remark) 292M->233M(490M) 9,732ms
[2019-04-15T14:12:15.081+0200][183,601s] GC(638) User=0,01s Sys=0,01s Real=0,01s
[2019-04-15T14:12:15.138+0200][183,658s] GC(636) Pause Remark 292M->233M(490M) 66,510ms
[2019-04-15T14:12:15.138+0200][183,658s] GC(636) User=0,08s Sys=0,01s Real=0,07s
[2019-04-15T14:12:15.138+0200][183,658s] GC(636) Concurrent Sweep
[2019-04-15T14:12:15.194+0200][183,715s] GC(636) Concurrent Sweep 56,455ms
[2019-04-15T14:12:15.194+0200][183,715s] GC(636) User=0,10s Sys=0,00s Real=0,06s
[2019-04-15T14:12:15.194+0200][183,715s] GC(636) Concurrent Reset
[2019-04-15T14:12:15.196+0200][183,717s] GC(636) Concurrent Reset 2,007ms
[2019-04-15T14:12:15.196+0200][183,717s] GC(636) User=0,01s Sys=0,00s Real=0,00s
[2019-04-15T14:12:15.197+0200][183,717s] GC(636) Old: 234669K->232623K(393216K)
[2019-04-15T14:12:15.278+0200][183,798s] GC(639) Pause Young (Allocation Failure)
[2019-04-15T14:12:15.278+0200][183,798s] GC(639) Using 4 workers of 4 for evacuation
[2019-04-15T14:12:15.286+0200][183,806s] GC(639) ParNew: 92293K->5032K(109248K)
[2019-04-15T14:12:15.286+0200][183,806s] GC(639) CMS: 232623K->232628K(393216K)
[2019-04-15T14:12:15.286+0200][183,806s] GC(639) Metaspace: 77862K->77862K(1122304K)
[2019-04-15T14:12:15.286+0200][183,806s] GC(639) Pause Young (Allocation Failure) 317M->232M(490M) 8,315ms
[2019-04-15T14:12:15.286+0200][183,806s] GC(639) User=0,02s Sys=0,00s Real=0,01s
[2019-04-15T14:12:15.286+0200][183,806s] GC(640) Pause Initial Mark
[2019-04-15T14:12:15.286+0200][183,807s] GC(640) Pause Initial Mark 232M->232M(490M) 0,363ms
[2019-04-15T14:12:15.286+0200][183,807s] GC(640) User=0,00s Sys=0,00s Real=0,00s
[2019-04-15T14:12:15.286+0200][183,807s] GC(640) Concurrent Mark
[2019-04-15T14:12:15.286+0200][183,807s] GC(640) Using 4 workers of 4 for marking
[2019-04-15T14:12:15.387+0200][183,908s] GC(640) Concurrent Mark 100,822ms
[2019-04-15T14:12:15.387+0200][183,908s] GC(640) User=0,29s Sys=0,01s Real=0,10s
[2019-04-15T14:12:15.387+0200][183,908s] GC(640) Concurrent Preclean
[2019-04-15T14:12:15.389+0200][183,909s] GC(640) Concurrent Preclean 1,502ms
[2019-04-15T14:12:15.389+0200][183,909s] GC(640) User=0,01s Sys=0,00s Real=0,00s
[2019-04-15T14:12:15.389+0200][183,909s] GC(640) Concurrent Abortable Preclean
[2019-04-15T14:12:15.445+0200][183,965s] GC(641) Pause Young (Allocation Failure)
[2019-04-15T14:12:15.445+0200][183,965s] GC(641) Using 4 workers of 4 for evacuation
[2019-04-15T14:12:15.473+0200][183,993s] GC(641) ParNew: 92456K->5082K(109248K)
[2019-04-15T14:12:15.473+0200][183,993s] GC(641) CMS: 232628K->232632K(393216K)
[2019-04-15T14:12:15.473+0200][183,993s] GC(641) Metaspace: 77862K->77862K(1122304K)
[2019-04-15T14:12:15.473+0200][183,993s] GC(641) Pause Young (Allocation Failure) 317M->232M(490M) 28,427ms
[2019-04-15T14:12:15.473+0200][183,993s] GC(641) User=0,02s Sys=0,00s Real=0,04s
[2019-04-15T14:12:15.685+0200][184,205s] GC(640) Concurrent Abortable Preclean 295,959ms
[2019-04-15T14:12:15.685+0200][184,205s] GC(640) User=0,26s Sys=0,00s Real=0,30s
[2019-04-15T14:12:15.688+0200][184,209s] GC(640) Pause Remark
[2019-04-15T14:12:15.688+0200][184,209s] GC(642) Pause Young (CMS Final Remark)
[2019-04-15T14:12:15.688+0200][184,209s] GC(642) Using 4 workers of 4 for evacuation
[2019-04-15T14:12:15.705+0200][184,226s] GC(642) ParNew: 57517K->6119K(109248K)
[2019-04-15T14:12:15.705+0200][184,226s] GC(642) CMS: 232632K->236736K(393216K)
[2019-04-15T14:12:15.705+0200][184,226s] GC(642) Metaspace: 77865K->77865K(1122304K)
[2019-04-15T14:12:15.705+0200][184,226s] GC(642) Pause Young (CMS Final Remark) 283M->237M(490M) 16,932ms
[2019-04-15T14:12:15.705+0200][184,226s] GC(642) User=0,02s Sys=0,00s Real=0,02s
[2019-04-15T14:12:15.803+0200][184,323s] GC(640) Pause Remark 283M->237M(490M) 114,438ms
[2019-04-15T14:12:15.803+0200][184,323s] GC(640) User=0,10s Sys=0,00s Real=0,11s
[2019-04-15T14:12:15.803+0200][184,323s] GC(640) Concurrent Sweep
[2019-04-15T14:12:15.875+0200][184,395s] GC(640) Concurrent Sweep 71,706ms
[2019-04-15T14:12:15.875+0200][184,395s] GC(640) User=0,09s Sys=0,00s Real=0,08s
[2019-04-15T14:12:15.875+0200][184,395s] GC(640) Concurrent Reset
[2019-04-15T14:12:15.875+0200][184,396s] GC(640) Concurrent Reset 0,462ms
[2019-04-15T14:12:15.875+0200][184,396s] GC(640) User=0,00s Sys=0,00s Real=0,00s
[2019-04-15T14:12:15.875+0200][184,396s] GC(640) Old: 232628K->236735K(393216K)
[2019-04-15T14:12:16.242+0200][184,762s] GC(643) Pause Young (Allocation Failure)
[2019-04-15T14:12:16.242+0200][184,763s] GC(643) Using 4 workers of 4 for evacuation
[2019-04-15T14:12:16.270+0200][184,790s] GC(643) ParNew: 93543K->11623K(109248K)
[2019-04-15T14:12:16.270+0200][184,790s] GC(643) CMS: 236735K->236739K(393216K)
[2019-04-15T14:12:16.270+0200][184,790s] GC(643) Metaspace: 77890K->77890K(1122304K)
[2019-04-15T14:12:16.270+0200][184,790s] GC(643) Pause Young (Allocation Failure) 322M->242M(490M) 27,918ms
[2019-04-15T14:12:16.270+0200][184,790s] GC(643) User=0,04s Sys=0,00s Real=0,03s
[2019-04-15T14:12:16.273+0200][184,794s] GC(644) Pause Initial Mark
[2019-04-15T14:12:16.275+0200][184,795s] GC(644) Pause Initial Mark 242M->242M(490M) 1,388ms
[2019-04-15T14:12:16.275+0200][184,795s] GC(644) User=0,00s Sys=0,00s Real=0,00s
[2019-04-15T14:12:16.275+0200][184,795s] GC(644) Concurrent Mark
[2019-04-15T14:12:16.275+0200][184,795s] GC(644) Using 4 workers of 4 for marking
[2019-04-15T14:12:16.445+0200][184,965s] GC(644) Concurrent Mark 170,174ms
[2019-04-15T14:12:16.445+0200][184,965s] GC(644) User=0,37s Sys=0,00s Real=0,17s
[2019-04-15T14:12:16.445+0200][184,965s] GC(644) Concurrent Preclean
[2019-04-15T14:12:16.446+0200][184,967s] GC(644) Concurrent Preclean 1,357ms
[2019-04-15T14:12:16.446+0200][184,967s] GC(644) User=0,00s Sys=0,00s Real=0,00s
[2019-04-15T14:12:16.446+0200][184,967s] GC(644) Concurrent Abortable Preclean
[2019-04-15T14:12:16.503+0200][185,024s] GC(645) Pause Young (Allocation Failure)
[2019-04-15T14:12:16.503+0200][185,024s] GC(645) Using 4 workers of 4 for evacuation
[2019-04-15T14:12:16.507+0200][185,028s] GC(645) ParNew: 99047K->13044K(109248K)
[2019-04-15T14:12:16.507+0200][185,028s] GC(645) CMS: 236739K->236743K(393216K)
[2019-04-15T14:12:16.507+0200][185,028s] GC(645) Metaspace: 77890K->77890K(1122304K)
[2019-04-15T14:12:16.507+0200][185,028s] GC(645) Pause Young (Allocation Failure) 327M->243M(490M) 4,311ms
[2019-04-15T14:12:16.507+0200][185,028s] GC(645) User=0,02s Sys=0,00s Real=0,01s
[2019-04-15T14:12:16.794+0200][185,315s] GC(644) Concurrent Abortable Preclean 347,982ms
[2019-04-15T14:12:16.794+0200][185,315s] GC(644) User=0,48s Sys=0,02s Real=0,35s
[2019-04-15T14:12:16.795+0200][185,315s] GC(644) Pause Remark
[2019-04-15T14:12:16.795+0200][185,315s] GC(646) Pause Young (CMS Final Remark)
[2019-04-15T14:12:16.795+0200][185,316s] GC(646) Using 4 workers of 4 for evacuation
[2019-04-15T14:12:16.822+0200][185,342s] GC(646) ParNew: 93153K->15906K(109248K)
[2019-04-15T14:12:16.822+0200][185,342s] GC(646) CMS: 236743K->236747K(393216K)
[2019-04-15T14:12:16.822+0200][185,342s] GC(646) Metaspace: 77896K->77896K(1122304K)
[2019-04-15T14:12:16.822+0200][185,342s] GC(646) Pause Young (CMS Final Remark) 322M->246M(490M) 26,845ms
[2019-04-15T14:12:16.822+0200][185,342s] GC(646) User=0,05s Sys=0,00s Real=0,02s
[2019-04-15T14:12:16.886+0200][185,406s] GC(644) Pause Remark 322M->246M(490M) 90,549ms
[2019-04-15T14:12:16.886+0200][185,406s] GC(644) User=0,12s Sys=0,00s Real=0,09s
[2019-04-15T14:12:16.886+0200][185,406s] GC(644) Concurrent Sweep
[2019-04-15T14:12:16.983+0200][185,504s] GC(644) Concurrent Sweep 97,420ms
[2019-04-15T14:12:16.983+0200][185,504s] GC(644) User=0,18s Sys=0,02s Real=0,09s
[2019-04-15T14:12:16.984+0200][185,504s] GC(644) Concurrent Reset
[2019-04-15T14:12:16.987+0200][185,507s] GC(644) Concurrent Reset 3,012ms
[2019-04-15T14:12:16.987+0200][185,507s] GC(644) User=0,00s Sys=0,00s Real=0,01s
[2019-04-15T14:12:16.987+0200][185,507s] GC(644) Old: 236739K->156284K(393216K)
[2019-04-15T14:12:17.269+0200][185,789s] GC(647) Pause Young (Allocation Failure)
[2019-04-15T14:12:17.269+0200][185,789s] GC(647) Using 4 workers of 4 for evacuation
[2019-04-15T14:12:17.288+0200][185,808s] GC(647) ParNew: 103330K->21824K(109248K)
[2019-04-15T14:12:17.288+0200][185,808s] GC(647) CMS: 156284K->164087K(393216K)
[2019-04-15T14:12:17.288+0200][185,808s] GC(647) Metaspace: 77902K->77902K(1122304K)
[2019-04-15T14:12:17.288+0200][185,808s] GC(647) Pause Young (Allocation Failure) 253M->181M(490M) 19,199ms
[2019-04-15T14:12:17.288+0200][185,808s] GC(647) User=0,05s Sys=0,00s Real=0,02s
[2019-04-15T14:12:17.515+0200][186,036s] GC(648) Pause Young (Allocation Failure)
[2019-04-15T14:12:17.515+0200][186,036s] GC(648) Using 4 workers of 4 for evacuation
[2019-04-15T14:12:17.540+0200][186,060s] GC(648) ParNew: 109248K->21824K(109248K)
[2019-04-15T14:12:17.540+0200][186,060s] GC(648) CMS: 164087K->169204K(393216K)
[2019-04-15T14:12:17.540+0200][186,060s] GC(648) Metaspace: 77911K->77911K(1122304K)
[2019-04-15T14:12:17.540+0200][186,060s] GC(648) Pause Young (Allocation Failure) 266M->186M(490M) 24,926ms
[2019-04-15T14:12:17.540+0200][186,061s] GC(648) User=0,06s Sys=0,00s Real=0,02s
[2019-04-15T14:12:17.761+0200][186,281s] GC(649) Pause Young (Allocation Failure)
[2019-04-15T14:12:17.761+0200][186,281s] GC(649) Using 4 workers of 4 for evacuation
[2019-04-15T14:12:17.791+0200][186,312s] GC(649) ParNew: 109248K->21824K(109248K)
[2019-04-15T14:12:17.791+0200][186,312s] GC(649) CMS: 169204K->171363K(393216K)
[2019-04-15T14:12:17.791+0200][186,312s] GC(649) Metaspace: 77912K->77912K(1122304K)
[2019-04-15T14:12:17.791+0200][186,312s] GC(649) Pause Young (Allocation Failure) 271M->188M(490M) 30,406ms
[2019-04-15T14:12:17.791+0200][186,312s] GC(649) User=0,07s Sys=0,01s Real=0,03s
[2019-04-15T14:12:18.077+0200][186,598s] GC(650) Pause Young (Allocation Failure)
[2019-04-15T14:12:18.077+0200][186,598s] GC(650) Using 4 workers of 4 for evacuation
[2019-04-15T14:12:18.108+0200][186,628s] GC(650) ParNew: 109248K->21824K(109248K)
[2019-04-15T14:12:18.108+0200][186,628s] GC(650) CMS: 171363K->174323K(393216K)
[2019-04-15T14:12:18.108+0200][186,628s] GC(650) Metaspace: 77912K->77912K(1122304K)
[2019-04-15T14:12:18.108+0200][186,628s] GC(650) Pause Young (Allocation Failure) 274M->191M(490M) 30,433ms
[2019-04-15T14:12:18.108+0200][186,628s] GC(650) User=0,09s Sys=0,00s Real=0,03s
[2019-04-15T14:12:18.375+0200][186,896s] GC(651) Pause Young (Allocation Failure)
[2019-04-15T14:12:18.375+0200][186,896s] GC(651) Using 4 workers of 4 for evacuation
[2019-04-15T14:12:18.395+0200][186,915s] GC(651) ParNew: 109248K->21824K(109248K)
[2019-04-15T14:12:18.395+0200][186,915s] GC(651) CMS: 174323K->174323K(393216K)
[2019-04-15T14:12:18.395+0200][186,915s] GC(651) Metaspace: 77913K->77913K(1122304K)
[2019-04-15T14:12:18.395+0200][186,915s] GC(651) Pause Young (Allocation Failure) 276M->191M(490M) 19,726ms
[2019-04-15T14:12:18.395+0200][186,916s] GC(651) User=0,06s Sys=0,00s Real=0,02s
[2019-04-15T14:12:18.550+0200][187,070s] GC(652) Pause Young (Allocation Failure)
[2019-04-15T14:12:18.550+0200][187,070s] GC(652) Using 4 workers of 4 for evacuation
[2019-04-15T14:12:18.574+0200][187,095s] GC(652) ParNew: 109248K->21824K(109248K)
[2019-04-15T14:12:18.574+0200][187,095s] GC(652) CMS: 174323K->174876K(393216K)
[2019-04-15T14:12:18.574+0200][187,095s] GC(652) Metaspace: 77914K->77914K(1122304K)
[2019-04-15T14:12:18.574+0200][187,095s] GC(652) Pause Young (Allocation Failure) 276M->192M(490M) 24,737ms
[2019-04-15T14:12:18.574+0200][187,095s] GC(652) User=0,06s Sys=0,00s Real=0,03s
[2019-04-15T14:12:18.787+0200][187,307s] GC(653) Pause Young (Allocation Failure)
[2019-04-15T14:12:18.787+0200][187,307s] GC(653) Using 4 workers of 4 for evacuation
[2019-04-15T14:12:18.804+0200][187,324s] GC(653) ParNew: 109248K->21824K(109248K)
[2019-04-15T14:12:18.804+0200][187,324s] GC(653) CMS: 174876K->176375K(393216K)
[2019-04-15T14:12:18.804+0200][187,324s] GC(653) Metaspace: 77914K->77914K(1122304K)
[2019-04-15T14:12:18.804+0200][187,324s] GC(653) Pause Young (Allocation Failure) 277M->193M(490M) 17,225ms
[2019-04-15T14:12:18.804+0200][187,324s] GC(653) User=0,04s Sys=0,00s Real=0,01s
[2019-04-15T14:12:19.046+0200][187,567s] GC(654) Pause Young (Allocation Failure)
[2019-04-15T14:12:19.046+0200][187,567s] GC(654) Using 4 workers of 4 for evacuation
[2019-04-15T14:12:19.072+0200][187,593s] GC(654) ParNew: 109248K->21824K(109248K)
[2019-04-15T14:12:19.072+0200][187,593s] GC(654) CMS: 176375K->177163K(393216K)
[2019-04-15T14:12:19.072+0200][187,593s] GC(654) Metaspace: 77916K->77916K(1122304K)
[2019-04-15T14:12:19.072+0200][187,593s] GC(654) Pause Young (Allocation Failure) 278M->194M(490M) 25,932ms
[2019-04-15T14:12:19.072+0200][187,593s] GC(654) User=0,05s Sys=0,00s Real=0,02s
[2019-04-15T14:12:19.440+0200][187,960s] GC(655) Pause Young (Allocation Failure)
[2019-04-15T14:12:19.440+0200][187,960s] GC(655) Using 4 workers of 4 for evacuation
[2019-04-15T14:12:19.506+0200][188,027s] GC(655) ParNew: 109248K->21824K(109248K)
[2019-04-15T14:12:19.506+0200][188,027s] GC(655) CMS: 177163K->255933K(393216K)
[2019-04-15T14:12:19.506+0200][188,027s] GC(655) Metaspace: 77919K->77919K(1122304K)
[2019-04-15T14:12:19.506+0200][188,027s] GC(655) Pause Young (Allocation Failure) 279M->271M(490M) 66,697ms
[2019-04-15T14:12:19.506+0200][188,027s] GC(655) User=0,11s Sys=0,00s Real=0,07s
[2019-04-15T14:12:19.515+0200][188,035s] GC(656) Pause Initial Mark
[2019-04-15T14:12:19.517+0200][188,037s] GC(656) Pause Initial Mark 294M->294M(490M) 1,478ms
[2019-04-15T14:12:19.517+0200][188,037s] GC(656) User=0,00s Sys=0,00s Real=0,00s
[2019-04-15T14:12:19.517+0200][188,037s] GC(656) Concurrent Mark
[2019-04-15T14:12:19.517+0200][188,037s] GC(656) Using 4 workers of 4 for marking
[2019-04-15T14:12:19.593+0200][188,114s] GC(656) Concurrent Mark 76,473ms
[2019-04-15T14:12:19.593+0200][188,114s] GC(656) User=0,23s Sys=0,00s Real=0,08s
[2019-04-15T14:12:19.593+0200][188,114s] GC(656) Concurrent Preclean
[2019-04-15T14:12:19.595+0200][188,115s] GC(656) Concurrent Preclean 1,808ms
[2019-04-15T14:12:19.595+0200][188,116s] GC(656) User=0,00s Sys=0,00s Real=0,00s
[2019-04-15T14:12:19.595+0200][188,116s] GC(656) Concurrent Abortable Preclean
[2019-04-15T14:12:19.692+0200][188,212s] GC(657) Pause Young (Allocation Failure)
[2019-04-15T14:12:19.692+0200][188,212s] GC(657) Using 4 workers of 4 for evacuation
[2019-04-15T14:12:19.719+0200][188,239s] GC(656) Concurrent Abortable Preclean 123,450ms
[2019-04-15T14:12:19.719+0200][188,239s] GC(656) User=0,27s Sys=0,00s Real=0,12s
[2019-04-15T14:12:19.727+0200][188,248s] GC(657) ParNew: 109248K->21824K(109248K)
[2019-04-15T14:12:19.727+0200][188,248s] GC(657) CMS: 255933K->279533K(393216K)
[2019-04-15T14:12:19.727+0200][188,248s] GC(657) Metaspace: 77919K->77919K(1122304K)
[2019-04-15T14:12:19.728+0200][188,248s] GC(657) Pause Young (Allocation Failure) 356M->294M(490M) 35,991ms
[2019-04-15T14:12:19.728+0200][188,248s] GC(657) User=0,08s Sys=0,00s Real=0,04s
[2019-04-15T14:12:19.728+0200][188,248s] GC(656) Pause Remark
[2019-04-15T14:12:19.728+0200][188,248s] GC(658) Pause Young (CMS Final Remark)
[2019-04-15T14:12:19.728+0200][188,248s] GC(658) Using 4 workers of 4 for evacuation
[2019-04-15T14:12:19.749+0200][188,270s] GC(658) ParNew: 23415K->21824K(109248K)
[2019-04-15T14:12:19.749+0200][188,270s] GC(658) CMS: 279533K->294576K(393216K)
[2019-04-15T14:12:19.749+0200][188,270s] GC(658) Metaspace: 77919K->77919K(1122304K)
[2019-04-15T14:12:19.749+0200][188,270s] GC(658) Pause Young (CMS Final Remark) 295M->308M(490M) 21,480ms
[2019-04-15T14:12:19.749+0200][188,270s] GC(658) User=0,05s Sys=0,00s Real=0,02s
[2019-04-15T14:12:19.818+0200][188,338s] GC(656) Pause Remark 295M->308M(490M) 90,252ms
[2019-04-15T14:12:19.818+0200][188,338s] GC(656) User=0,17s Sys=0,00s Real=0,09s
[2019-04-15T14:12:19.818+0200][188,339s] GC(656) Concurrent Sweep
[2019-04-15T14:12:19.888+0200][188,409s] GC(656) Concurrent Sweep 70,142ms
[2019-04-15T14:12:19.888+0200][188,409s] GC(656) User=0,13s Sys=0,00s Real=0,07s
[2019-04-15T14:12:19.888+0200][188,409s] GC(656) Concurrent Reset
[2019-04-15T14:12:19.889+0200][188,409s] GC(656) Concurrent Reset 0,495ms
[2019-04-15T14:12:19.889+0200][188,409s] GC(656) User=0,01s Sys=0,00s Real=0,00s
[2019-04-15T14:12:19.889+0200][188,409s] GC(656) Old: 255933K->274586K(393216K)
[2019-04-15T14:12:19.992+0200][188,512s] GC(659) Pause Young (Allocation Failure)
[2019-04-15T14:12:19.992+0200][188,512s] GC(659) Using 4 workers of 4 for evacuation
[2019-04-15T14:12:20.018+0200][188,539s] GC(659) ParNew: 109248K->10909K(109248K)
[2019-04-15T14:12:20.018+0200][188,539s] GC(659) CMS: 274586K->274586K(393216K)
[2019-04-15T14:12:20.018+0200][188,539s] GC(659) Metaspace: 77931K->77931K(1122304K)
[2019-04-15T14:12:20.018+0200][188,539s] GC(659) Pause Young (Allocation Failure) 374M->278M(490M) 26,736ms
[2019-04-15T14:12:20.018+0200][188,539s] GC(659) User=0,06s Sys=0,00s Real=0,03s
[2019-04-15T14:12:20.021+0200][188,541s] GC(660) Pause Initial Mark
[2019-04-15T14:12:20.025+0200][188,546s] GC(660) Pause Initial Mark 280M->280M(490M) 4,186ms
[2019-04-15T14:12:20.025+0200][188,546s] GC(660) User=0,00s Sys=0,00s Real=0,01s
[2019-04-15T14:12:20.026+0200][188,546s] GC(660) Concurrent Mark
[2019-04-15T14:12:20.026+0200][188,546s] GC(660) Using 4 workers of 4 for marking
[2019-04-15T14:12:20.110+0200][188,630s] GC(660) Concurrent Mark 83,793ms
[2019-04-15T14:12:20.110+0200][188,630s] GC(660) User=0,20s Sys=0,01s Real=0,08s
[2019-04-15T14:12:20.110+0200][188,630s] GC(660) Concurrent Preclean
[2019-04-15T14:12:20.112+0200][188,632s] GC(660) Concurrent Preclean 1,750ms
[2019-04-15T14:12:20.112+0200][188,632s] GC(660) User=0,01s Sys=0,00s Real=0,00s
[2019-04-15T14:12:20.112+0200][188,632s] GC(660) Concurrent Abortable Preclean
[2019-04-15T14:12:20.203+0200][188,723s] GC(661) Pause Young (Allocation Failure)
[2019-04-15T14:12:20.203+0200][188,723s] GC(661) Using 4 workers of 4 for evacuation
[2019-04-15T14:12:20.224+0200][188,744s] GC(661) ParNew: 98333K->12871K(109248K)
[2019-04-15T14:12:20.224+0200][188,744s] GC(661) CMS: 274586K->274586K(393216K)
[2019-04-15T14:12:20.224+0200][188,744s] GC(661) Metaspace: 77932K->77932K(1122304K)
[2019-04-15T14:12:20.224+0200][188,744s] GC(661) Pause Young (Allocation Failure) 364M->280M(490M) 21,189ms
[2019-04-15T14:12:20.224+0200][188,744s] GC(661) User=0,06s Sys=0,00s Real=0,02s
[2019-04-15T14:12:20.464+0200][188,984s] GC(660) Concurrent Abortable Preclean 352,192ms
[2019-04-15T14:12:20.464+0200][188,985s] GC(660) User=0,46s Sys=0,05s Real=0,35s
[2019-04-15T14:12:20.465+0200][188,985s] GC(660) Pause Remark
[2019-04-15T14:12:20.465+0200][188,985s] GC(662) Pause Young (CMS Final Remark)
[2019-04-15T14:12:20.465+0200][188,985s] GC(662) Using 4 workers of 4 for evacuation
[2019-04-15T14:12:20.482+0200][189,002s] GC(662) ParNew: 84253K->21824K(109248K)
[2019-04-15T14:12:20.482+0200][189,002s] GC(662) CMS: 274586K->280794K(393216K)
[2019-04-15T14:12:20.482+0200][189,002s] GC(662) Metaspace: 77941K->77941K(1122304K)
[2019-04-15T14:12:20.482+0200][189,002s] GC(662) Pause Young (CMS Final Remark) 350M->295M(490M) 17,138ms
[2019-04-15T14:12:20.482+0200][189,002s] GC(662) User=0,05s Sys=0,00s Real=0,02s
[2019-04-15T14:12:20.535+0200][189,055s] GC(660) Pause Remark 350M->295M(490M) 70,382ms
[2019-04-15T14:12:20.535+0200][189,055s] GC(660) User=0,10s Sys=0,01s Real=0,08s
[2019-04-15T14:12:20.535+0200][189,056s] GC(660) Concurrent Sweep
[2019-04-15T14:12:20.663+0200][189,184s] GC(660) Concurrent Sweep 127,956ms
[2019-04-15T14:12:20.663+0200][189,184s] GC(660) User=0,25s Sys=0,00s Real=0,12s
[2019-04-15T14:12:20.663+0200][189,184s] GC(660) Concurrent Reset
[2019-04-15T14:12:20.664+0200][189,184s] GC(660) Concurrent Reset 0,538ms
[2019-04-15T14:12:20.664+0200][189,184s] GC(660) User=0,00s Sys=0,00s Real=0,00s
[2019-04-15T14:12:20.664+0200][189,184s] GC(660) Old: 274586K->165898K(393216K)
[2019-04-15T14:12:20.754+0200][189,274s] GC(663) Pause Young (Allocation Failure)
[2019-04-15T14:12:20.754+0200][189,274s] GC(663) Using 4 workers of 4 for evacuation
[2019-04-15T14:12:20.770+0200][189,290s] GC(663) ParNew: 109248K->18462K(109248K)
[2019-04-15T14:12:20.770+0200][189,290s] GC(663) CMS: 165898K->178809K(393216K)
[2019-04-15T14:12:20.770+0200][189,290s] GC(663) Metaspace: 77952K->77952K(1122304K)
[2019-04-15T14:12:20.770+0200][189,290s] GC(663) Pause Young (Allocation Failure) 268M->192M(490M) 15,988ms
[2019-04-15T14:12:20.770+0200][189,290s] GC(663) User=0,04s Sys=0,00s Real=0,01s
[2019-04-15T14:12:20.870+0200][189,390s] GC(664) Pause Young (Allocation Failure)
[2019-04-15T14:12:20.870+0200][189,390s] GC(664) Using 4 workers of 4 for evacuation
[2019-04-15T14:12:20.882+0200][189,403s] GC(664) ParNew: 105886K->7207K(109248K)
[2019-04-15T14:12:20.883+0200][189,403s] GC(664) CMS: 178809K->178809K(393216K)
[2019-04-15T14:12:20.883+0200][189,403s] GC(664) Metaspace: 77952K->77952K(1122304K)
[2019-04-15T14:12:20.883+0200][189,403s] GC(664) Pause Young (Allocation Failure) 278M->181M(490M) 12,876ms
[2019-04-15T14:12:20.883+0200][189,403s] GC(664) User=0,03s Sys=0,00s Real=0,01s
[2019-04-15T14:12:21.080+0200][189,600s] GC(665) Pause Young (Allocation Failure)
[2019-04-15T14:12:21.080+0200][189,600s] GC(665) Using 4 workers of 4 for evacuation
[2019-04-15T14:12:21.086+0200][189,607s] GC(665) ParNew: 94631K->8155K(109248K)
[2019-04-15T14:12:21.086+0200][189,607s] GC(665) CMS: 178809K->178809K(393216K)
[2019-04-15T14:12:21.086+0200][189,607s] GC(665) Metaspace: 77963K->77963K(1122304K)
[2019-04-15T14:12:21.086+0200][189,607s] GC(665) Pause Young (Allocation Failure) 267M->182M(490M) 6,353ms
[2019-04-15T14:12:21.086+0200][189,607s] GC(665) User=0,03s Sys=0,00s Real=0,01s
[2019-04-15T14:12:21.184+0200][189,705s] GC(666) Pause Young (Allocation Failure)
[2019-04-15T14:12:21.184+0200][189,705s] GC(666) Using 4 workers of 4 for evacuation
[2019-04-15T14:12:21.191+0200][189,711s] GC(666) ParNew: 95579K->6567K(109248K)
[2019-04-15T14:12:21.191+0200][189,711s] GC(666) CMS: 178809K->178809K(393216K)
[2019-04-15T14:12:21.191+0200][189,711s] GC(666) Metaspace: 77963K->77963K(1122304K)
[2019-04-15T14:12:21.191+0200][189,711s] GC(666) Pause Young (Allocation Failure) 267M->181M(490M) 6,633ms
[2019-04-15T14:12:21.191+0200][189,712s] GC(666) User=0,01s Sys=0,00s Real=0,01s
[2019-04-15T14:12:21.321+0200][189,841s] GC(667) Pause Young (Allocation Failure)
[2019-04-15T14:12:21.321+0200][189,841s] GC(667) Using 4 workers of 4 for evacuation
[2019-04-15T14:12:21.339+0200][189,859s] GC(667) ParNew: 93991K->21824K(109248K)
[2019-04-15T14:12:21.339+0200][189,859s] GC(667) CMS: 178809K->179607K(393216K)
[2019-04-15T14:12:21.339+0200][189,859s] GC(667) Metaspace: 77963K->77963K(1122304K)
[2019-04-15T14:12:21.339+0200][189,859s] GC(667) Pause Young (Allocation Failure) 266M->196M(490M) 18,281ms
[2019-04-15T14:12:21.339+0200][189,859s] GC(667) User=0,06s Sys=0,00s Real=0,02s
[2019-04-15T14:12:21.442+0200][189,962s] GC(668) Pause Young (Allocation Failure)
[2019-04-15T14:12:21.442+0200][189,963s] GC(668) Using 4 workers of 4 for evacuation
[2019-04-15T14:12:21.481+0200][190,002s] GC(668) ParNew: 109248K->16047K(109248K)
[2019-04-15T14:12:21.482+0200][190,002s] GC(668) CMS: 179607K->199246K(393216K)
[2019-04-15T14:12:21.482+0200][190,002s] GC(668) Metaspace: 77963K->77963K(1122304K)
[2019-04-15T14:12:21.482+0200][190,002s] GC(668) Pause Young (Allocation Failure) 282M->210M(490M) 39,621ms
[2019-04-15T14:12:21.482+0200][190,002s] GC(668) User=0,12s Sys=0,01s Real=0,04s
[2019-04-15T14:12:21.482+0200][190,003s] GC(669) Pause Initial Mark
[2019-04-15T14:12:21.484+0200][190,005s] GC(669) Pause Initial Mark 211M->211M(490M) 2,152ms
[2019-04-15T14:12:21.484+0200][190,005s] GC(669) User=0,01s Sys=0,00s Real=0,00s
[2019-04-15T14:12:21.484+0200][190,005s] GC(669) Concurrent Mark
[2019-04-15T14:12:21.484+0200][190,005s] GC(669) Using 4 workers of 4 for marking
[2019-04-15T14:12:21.553+0200][190,073s] GC(669) Concurrent Mark 68,601ms
[2019-04-15T14:12:21.553+0200][190,073s] GC(669) User=0,25s Sys=0,00s Real=0,08s
[2019-04-15T14:12:21.553+0200][190,073s] GC(669) Concurrent Preclean
[2019-04-15T14:12:21.554+0200][190,075s] GC(669) Concurrent Preclean 1,442ms
[2019-04-15T14:12:21.554+0200][190,075s] GC(669) User=0,00s Sys=0,00s Real=0,00s
[2019-04-15T14:12:21.554+0200][190,075s] GC(669) Concurrent Abortable Preclean
[2019-04-15T14:12:21.596+0200][190,116s] GC(670) Pause Young (Allocation Failure)
[2019-04-15T14:12:21.596+0200][190,116s] GC(670) Using 4 workers of 4 for evacuation
[2019-04-15T14:12:21.604+0200][190,125s] GC(670) ParNew: 103471K->10790K(109248K)
[2019-04-15T14:12:21.604+0200][190,125s] GC(670) CMS: 199246K->199246K(393216K)
[2019-04-15T14:12:21.604+0200][190,125s] GC(670) Metaspace: 77963K->77963K(1122304K)
[2019-04-15T14:12:21.604+0200][190,125s] GC(670) Pause Young (Allocation Failure) 295M->205M(490M) 8,597ms
[2019-04-15T14:12:21.604+0200][190,125s] GC(670) User=0,03s Sys=0,00s Real=0,00s
[2019-04-15T14:12:21.672+0200][190,192s] GC(669) Concurrent Abortable Preclean 117,390ms
[2019-04-15T14:12:21.672+0200][190,192s] GC(669) User=0,26s Sys=0,00s Real=0,11s
[2019-04-15T14:12:21.672+0200][190,192s] GC(669) Pause Remark
[2019-04-15T14:12:21.672+0200][190,193s] GC(671) Pause Young (CMS Final Remark)
[2019-04-15T14:12:21.672+0200][190,193s] GC(671) Using 4 workers of 4 for evacuation
[2019-04-15T14:12:21.680+0200][190,200s] GC(671) ParNew: 70258K->13434K(109248K)
[2019-04-15T14:12:21.680+0200][190,200s] GC(671) CMS: 199246K->199246K(393216K)
[2019-04-15T14:12:21.680+0200][190,200s] GC(671) Metaspace: 77963K->77963K(1122304K)
[2019-04-15T14:12:21.680+0200][190,200s] GC(671) Pause Young (CMS Final Remark) 263M->207M(490M) 7,765ms
[2019-04-15T14:12:21.680+0200][190,200s] GC(671) User=0,02s Sys=0,00s Real=0,01s
[2019-04-15T14:12:21.724+0200][190,244s] GC(669) Pause Remark 263M->207M(490M) 51,916ms
[2019-04-15T14:12:21.724+0200][190,244s] GC(669) User=0,08s Sys=0,00s Real=0,05s
[2019-04-15T14:12:21.724+0200][190,245s] GC(669) Concurrent Sweep
[2019-04-15T14:12:21.767+0200][190,288s] GC(669) Concurrent Sweep 43,095ms
[2019-04-15T14:12:21.767+0200][190,288s] GC(669) User=0,09s Sys=0,00s Real=0,05s
[2019-04-15T14:12:21.767+0200][190,288s] GC(669) Concurrent Reset
[2019-04-15T14:12:21.768+0200][190,288s] GC(669) Concurrent Reset 0,420ms
[2019-04-15T14:12:21.768+0200][190,288s] GC(669) User=0,00s Sys=0,00s Real=0,00s
[2019-04-15T14:12:21.768+0200][190,288s] GC(669) Old: 199246K->129691K(393216K)
[2019-04-15T14:12:21.820+0200][190,340s] GC(672) Pause Young (Allocation Failure)
[2019-04-15T14:12:21.820+0200][190,340s] GC(672) Using 4 workers of 4 for evacuation
[2019-04-15T14:12:21.828+0200][190,348s] GC(672) ParNew: 100858K->13589K(109248K)
[2019-04-15T14:12:21.828+0200][190,349s] GC(672) CMS: 129691K->129691K(393216K)
[2019-04-15T14:12:21.828+0200][190,349s] GC(672) Metaspace: 77963K->77963K(1122304K)
[2019-04-15T14:12:21.828+0200][190,349s] GC(672) Pause Young (Allocation Failure) 225M->139M(490M) 8,147ms
[2019-04-15T14:12:21.828+0200][190,349s] GC(672) User=0,03s Sys=0,00s Real=0,01s
[2019-04-15T14:12:21.919+0200][190,440s] GC(673) Pause Young (Allocation Failure)
[2019-04-15T14:12:21.919+0200][190,440s] GC(673) Using 4 workers of 4 for evacuation
[2019-04-15T14:12:21.929+0200][190,449s] GC(673) ParNew: 101013K->12634K(109248K)
[2019-04-15T14:12:21.929+0200][190,449s] GC(673) CMS: 129691K->129691K(393216K)
[2019-04-15T14:12:21.929+0200][190,449s] GC(673) Metaspace: 77963K->77963K(1122304K)
[2019-04-15T14:12:21.929+0200][190,449s] GC(673) Pause Young (Allocation Failure) 225M->138M(490M) 9,746ms
[2019-04-15T14:12:21.929+0200][190,449s] GC(673) User=0,03s Sys=0,00s Real=0,01s
[2019-04-15T14:12:22.021+0200][190,541s] GC(674) Pause Young (Allocation Failure)
[2019-04-15T14:12:22.021+0200][190,541s] GC(674) Using 4 workers of 4 for evacuation
[2019-04-15T14:12:22.053+0200][190,573s] GC(674) ParNew: 100058K->16038K(109248K)
[2019-04-15T14:12:22.053+0200][190,573s] GC(674) CMS: 129691K->129691K(393216K)
[2019-04-15T14:12:22.053+0200][190,573s] GC(674) Metaspace: 77963K->77963K(1122304K)
[2019-04-15T14:12:22.053+0200][190,573s] GC(674) Pause Young (Allocation Failure) 224M->142M(490M) 32,319ms
[2019-04-15T14:12:22.053+0200][190,573s] GC(674) User=0,08s Sys=0,00s Real=0,04s
[2019-04-15T14:12:22.238+0200][190,758s] GC(675) Pause Young (Allocation Failure)
[2019-04-15T14:12:22.238+0200][190,758s] GC(675) Using 4 workers of 4 for evacuation
[2019-04-15T14:12:22.262+0200][190,783s] GC(675) ParNew: 103462K->21687K(109248K)
[2019-04-15T14:12:22.262+0200][190,783s] GC(675) CMS: 129691K->129691K(393216K)
[2019-04-15T14:12:22.262+0200][190,783s] GC(675) Metaspace: 77964K->77964K(1122304K)
[2019-04-15T14:12:22.262+0200][190,783s] GC(675) Pause Young (Allocation Failure) 227M->147M(490M) 24,401ms
[2019-04-15T14:12:22.262+0200][190,783s] GC(675) User=0,05s Sys=0,00s Real=0,02s
[2019-04-15T14:12:22.894+0200][191,414s] GC(676) Pause Young (Allocation Failure)
[2019-04-15T14:12:22.894+0200][191,414s] GC(676) Using 4 workers of 4 for evacuation
[2019-04-15T14:12:22.952+0200][191,472s] GC(676) ParNew: 109111K->21824K(109248K)
[2019-04-15T14:12:22.952+0200][191,472s] GC(676) CMS: 129691K->204109K(393216K)
[2019-04-15T14:12:22.952+0200][191,472s] GC(676) Metaspace: 77964K->77964K(1122304K)
[2019-04-15T14:12:22.952+0200][191,472s] GC(676) Pause Young (Allocation Failure) 233M->220M(490M) 57,852ms
[2019-04-15T14:12:22.952+0200][191,472s] GC(676) User=0,10s Sys=0,00s Real=0,05s
[2019-04-15T14:12:22.952+0200][191,472s] GC(677) Pause Initial Mark
[2019-04-15T14:12:22.955+0200][191,475s] GC(677) Pause Initial Mark 221M->221M(490M) 2,852ms
[2019-04-15T14:12:22.955+0200][191,475s] GC(677) User=0,01s Sys=0,00s Real=0,01s
[2019-04-15T14:12:22.955+0200][191,475s] GC(677) Concurrent Mark
[2019-04-15T14:12:22.955+0200][191,475s] GC(677) Using 4 workers of 4 for marking
[2019-04-15T14:12:23.008+0200][191,528s] GC(677) Concurrent Mark 53,085ms
[2019-04-15T14:12:23.008+0200][191,528s] GC(677) User=0,16s Sys=0,01s Real=0,05s
[2019-04-15T14:12:23.008+0200][191,528s] GC(677) Concurrent Preclean
[2019-04-15T14:12:23.009+0200][191,530s] GC(677) Concurrent Preclean 1,166ms
[2019-04-15T14:12:23.009+0200][191,530s] GC(677) User=0,00s Sys=0,00s Real=0,00s
[2019-04-15T14:12:23.009+0200][191,530s] GC(677) Concurrent Abortable Preclean
[2019-04-15T14:12:23.267+0200][191,787s] GC(678) Pause Young (Allocation Failure)
[2019-04-15T14:12:23.267+0200][191,787s] GC(678) Using 4 workers of 4 for evacuation
[2019-04-15T14:12:23.298+0200][191,819s] GC(677) Concurrent Abortable Preclean 289,124ms
[2019-04-15T14:12:23.299+0200][191,819s] GC(677) User=0,28s Sys=0,10s Real=0,29s
[2019-04-15T14:12:23.310+0200][191,830s] GC(678) ParNew: 109248K->21824K(109248K)
[2019-04-15T14:12:23.310+0200][191,831s] GC(678) CMS: 204109K->286559K(393216K)
[2019-04-15T14:12:23.310+0200][191,831s] GC(678) Metaspace: 77964K->77964K(1122304K)
[2019-04-15T14:12:23.310+0200][191,831s] GC(678) Pause Young (Allocation Failure) 306M->301M(490M) 43,599ms
[2019-04-15T14:12:23.310+0200][191,831s] GC(678) User=0,11s Sys=0,01s Real=0,04s
[2019-04-15T14:12:23.313+0200][191,833s] GC(677) Pause Remark
[2019-04-15T14:12:23.313+0200][191,833s] GC(679) Pause Young (CMS Final Remark)
[2019-04-15T14:12:23.313+0200][191,833s] GC(679) Using 4 workers of 4 for evacuation
[2019-04-15T14:12:23.330+0200][191,850s] GC(679) ParNew: 25559K->21824K(109248K)
[2019-04-15T14:12:23.330+0200][191,851s] GC(679) CMS: 286559K->298974K(393216K)
[2019-04-15T14:12:23.330+0200][191,851s] GC(679) Metaspace: 77964K->77964K(1122304K)
[2019-04-15T14:12:23.330+0200][191,851s] GC(679) Pause Young (CMS Final Remark) 304M->313M(490M) 17,396ms
[2019-04-15T14:12:23.330+0200][191,851s] GC(679) User=0,04s Sys=0,00s Real=0,02s
[2019-04-15T14:12:23.368+0200][191,888s] GC(677) Pause Remark 304M->313M(490M) 54,969ms
[2019-04-15T14:12:23.368+0200][191,888s] GC(677) User=0,10s Sys=0,00s Real=0,06s
[2019-04-15T14:12:23.368+0200][191,888s] GC(677) Concurrent Sweep
[2019-04-15T14:12:23.414+0200][191,935s] GC(680) Pause Young (Allocation Failure)
[2019-04-15T14:12:23.414+0200][191,935s] GC(680) Using 4 workers of 4 for evacuation
[2019-04-15T14:12:23.414+0200][191,935s] GC(681) Pause Full (Allocation Failure)
[2019-04-15T14:12:23.417+0200][191,938s] GC(677) Concurrent Sweep 49,740ms
[2019-04-15T14:12:23.417+0200][191,938s] GC(677) User=0,09s Sys=0,00s Real=0,05s
[2019-04-15T14:12:23.418+0200][191,938s] GC(681) Phase 1: Mark live objects
[2019-04-15T14:12:23.502+0200][192,023s] GC(681) Phase 1: Mark live objects 84,707ms
[2019-04-15T14:12:23.502+0200][192,023s] GC(681) Phase 2: Compute new object addresses
[2019-04-15T14:12:23.550+0200][192,070s] GC(681) Phase 2: Compute new object addresses 47,345ms
[2019-04-15T14:12:23.550+0200][192,070s] GC(681) Phase 3: Adjust pointers
[2019-04-15T14:12:23.617+0200][192,137s] GC(681) Phase 3: Adjust pointers 67,178ms
[2019-04-15T14:12:23.617+0200][192,137s] GC(681) Phase 4: Move objects
[2019-04-15T14:12:23.714+0200][192,235s] GC(681) Phase 4: Move objects 97,296ms
[2019-04-15T14:12:23.715+0200][192,236s] GC(681) Pause Full (Allocation Failure) 384M->351M(490M) 300,680ms
[2019-04-15T14:12:23.715+0200][192,236s] GC(680) ParNew: 109248K->0K(109248K)
[2019-04-15T14:12:23.715+0200][192,236s] GC(680) CMS: 284383K->360017K(393216K)
[2019-04-15T14:12:23.715+0200][192,236s] GC(680) Metaspace: 77964K->77964K(1122304K)
[2019-04-15T14:12:23.715+0200][192,236s] GC(680) Pause Young (Allocation Failure) 384M->351M(490M) 300,813ms
[2019-04-15T14:12:23.715+0200][192,236s] GC(680) User=0,30s Sys=0,00s Real=0,30s
[2019-04-15T14:12:23.715+0200][192,236s] GC(677) Old: 204109K->360017K(393216K)
[2019-04-15T14:12:24.023+0200][192,543s] GC(682) Pause Young (Allocation Failure)
[2019-04-15T14:12:24.023+0200][192,544s] GC(682) Using 4 workers of 4 for evacuation
[2019-04-15T14:12:24.023+0200][192,544s] GC(683) Pause Full (Allocation Failure)
[2019-04-15T14:12:24.024+0200][192,544s] GC(683) Phase 1: Mark live objects
[2019-04-15T14:12:24.104+0200][192,625s] GC(683) Phase 1: Mark live objects 80,607ms
[2019-04-15T14:12:24.104+0200][192,625s] GC(683) Phase 2: Compute new object addresses
[2019-04-15T14:12:24.150+0200][192,671s] GC(683) Phase 2: Compute new object addresses 46,018ms
[2019-04-15T14:12:24.150+0200][192,671s] GC(683) Phase 3: Adjust pointers
[2019-04-15T14:12:24.214+0200][192,734s] GC(683) Phase 3: Adjust pointers 63,093ms
[2019-04-15T14:12:24.214+0200][192,734s] GC(683) Phase 4: Move objects
[2019-04-15T14:12:24.278+0200][192,799s] GC(683) Phase 4: Move objects 64,590ms
[2019-04-15T14:12:24.279+0200][192,799s] GC(683) Pause Full (Allocation Failure) 436M->291M(490M) 255,715ms
[2019-04-15T14:12:24.279+0200][192,799s] GC(682) ParNew: 87424K->0K(109248K)
[2019-04-15T14:12:24.279+0200][192,799s] GC(682) CMS: 360017K->298421K(393216K)
[2019-04-15T14:12:24.279+0200][192,799s] GC(682) Metaspace: 77989K->77989K(1122304K)
[2019-04-15T14:12:24.279+0200][192,799s] GC(682) Pause Young (Allocation Failure) 436M->291M(490M) 255,936ms
[2019-04-15T14:12:24.279+0200][192,799s] GC(682) User=0,26s Sys=0,00s Real=0,26s
[2019-04-15T14:12:24.279+0200][192,800s] GC(684) Pause Initial Mark
[2019-04-15T14:12:24.280+0200][192,800s] GC(684) Pause Initial Mark 292M->292M(490M) 0,390ms
[2019-04-15T14:12:24.280+0200][192,800s] GC(684) User=0,00s Sys=0,00s Real=0,00s
[2019-04-15T14:12:24.280+0200][192,800s] GC(684) Concurrent Mark
[2019-04-15T14:12:24.280+0200][192,800s] GC(684) Using 4 workers of 4 for marking
[2019-04-15T14:12:24.326+0200][192,846s] GC(684) Concurrent Mark 46,148ms
[2019-04-15T14:12:24.326+0200][192,846s] GC(684) User=0,17s Sys=0,01s Real=0,05s
[2019-04-15T14:12:24.326+0200][192,847s] GC(684) Concurrent Preclean
[2019-04-15T14:12:24.328+0200][192,848s] GC(684) Concurrent Preclean 1,867ms
[2019-04-15T14:12:24.328+0200][192,848s] GC(684) User=0,00s Sys=0,00s Real=0,00s
[2019-04-15T14:12:24.328+0200][192,848s] GC(684) Concurrent Abortable Preclean
[2019-04-15T14:12:24.601+0200][193,121s] GC(685) Pause Young (Allocation Failure)
[2019-04-15T14:12:24.601+0200][193,121s] GC(685) Using 4 workers of 4 for evacuation
[2019-04-15T14:12:24.610+0200][193,131s] GC(685) ParNew: 87424K->7598K(109248K)
[2019-04-15T14:12:24.610+0200][193,131s] GC(685) CMS: 298421K->298421K(393216K)
[2019-04-15T14:12:24.610+0200][193,131s] GC(685) Metaspace: 78155K->78155K(1122304K)
[2019-04-15T14:12:24.610+0200][193,131s] GC(685) Pause Young (Allocation Failure) 376M->298M(490M) 9,680ms
[2019-04-15T14:12:24.610+0200][193,131s] GC(685) User=0,03s Sys=0,00s Real=0,01s
[2019-04-15T14:12:24.996+0200][193,516s] GC(684) Concurrent Abortable Preclean 667,686ms
[2019-04-15T14:12:24.996+0200][193,516s] GC(684) User=1,79s Sys=0,01s Real=0,67s
[2019-04-15T14:12:24.997+0200][193,517s] GC(684) Pause Remark
[2019-04-15T14:12:24.997+0200][193,517s] GC(686) Pause Young (CMS Final Remark)
[2019-04-15T14:12:24.997+0200][193,517s] GC(686) Using 4 workers of 4 for evacuation
[2019-04-15T14:12:25.007+0200][193,528s] GC(686) ParNew: 87618K->3099K(109248K)
[2019-04-15T14:12:25.007+0200][193,528s] GC(686) CMS: 298421K->298421K(393216K)
[2019-04-15T14:12:25.007+0200][193,528s] GC(686) Metaspace: 78259K->78259K(1122304K)
[2019-04-15T14:12:25.007+0200][193,528s] GC(686) Pause Young (CMS Final Remark) 376M->294M(490M) 10,722ms
[2019-04-15T14:12:25.007+0200][193,528s] GC(686) User=0,04s Sys=0,00s Real=0,01s
[2019-04-15T14:12:25.080+0200][193,600s] GC(684) Pause Remark 376M->294M(490M) 83,478ms
[2019-04-15T14:12:25.080+0200][193,601s] GC(684) User=0,24s Sys=0,00s Real=0,08s
[2019-04-15T14:12:25.080+0200][193,601s] GC(684) Concurrent Sweep
[2019-04-15T14:12:25.148+0200][193,668s] GC(684) Concurrent Sweep 67,589ms
[2019-04-15T14:12:25.148+0200][193,668s] GC(684) User=0,23s Sys=0,00s Real=0,07s
[2019-04-15T14:12:25.148+0200][193,668s] GC(684) Concurrent Reset
[2019-04-15T14:12:25.148+0200][193,669s] GC(684) Concurrent Reset 0,563ms
[2019-04-15T14:12:25.148+0200][193,669s] GC(684) User=0,00s Sys=0,00s Real=0,00s
[2019-04-15T14:12:25.149+0200][193,669s] GC(684) Old: 298421K->139811K(393216K)
[2019-04-15T14:12:25.610+0200][194,131s] GC(687) Pause Young (Allocation Failure)
[2019-04-15T14:12:25.610+0200][194,131s] GC(687) Using 4 workers of 4 for evacuation
[2019-04-15T14:12:25.652+0200][194,173s] GC(687) ParNew: 90523K->6352K(109248K)
[2019-04-15T14:12:25.652+0200][194,173s] GC(687) CMS: 139811K->139811K(393216K)
[2019-04-15T14:12:25.652+0200][194,173s] GC(687) Metaspace: 78287K->78287K(1122304K)
[2019-04-15T14:12:25.652+0200][194,173s] GC(687) Pause Young (Allocation Failure) 224M->142M(490M) 42,263ms
[2019-04-15T14:12:25.652+0200][194,173s] GC(687) User=0,10s Sys=0,00s Real=0,04s
[2019-04-15T14:12:25.804+0200][194,324s] GC(688) Pause Young (Allocation Failure)
[2019-04-15T14:12:25.804+0200][194,324s] GC(688) Using 4 workers of 4 for evacuation
[2019-04-15T14:12:25.851+0200][194,372s] GC(688) ParNew: 93776K->18777K(109248K)
[2019-04-15T14:12:25.851+0200][194,372s] GC(688) CMS: 139811K->139811K(393216K)
[2019-04-15T14:12:25.851+0200][194,372s] GC(688) Metaspace: 78287K->78287K(1122304K)
[2019-04-15T14:12:25.851+0200][194,372s] GC(688) Pause Young (Allocation Failure) 228M->154M(490M) 47,282ms
[2019-04-15T14:12:25.851+0200][194,372s] GC(688) User=0,10s Sys=0,00s Real=0,05s
[2019-04-15T14:12:26.039+0200][194,559s] GC(689) Pause Young (Allocation Failure)
[2019-04-15T14:12:26.039+0200][194,560s] GC(689) Using 4 workers of 4 for evacuation
[2019-04-15T14:12:26.134+0200][194,654s] GC(689) ParNew: 106201K->21824K(109248K)
[2019-04-15T14:12:26.134+0200][194,654s] GC(689) CMS: 139811K->149515K(393216K)
[2019-04-15T14:12:26.134+0200][194,654s] GC(689) Metaspace: 78287K->78287K(1122304K)
[2019-04-15T14:12:26.134+0200][194,654s] GC(689) Pause Young (Allocation Failure) 240M->167M(490M) 94,810ms
[2019-04-15T14:12:26.134+0200][194,654s] GC(689) User=0,23s Sys=0,00s Real=0,10s
[2019-04-15T14:12:26.275+0200][194,795s] GC(690) Pause Young (Allocation Failure)
[2019-04-15T14:12:26.275+0200][194,795s] GC(690) Using 4 workers of 4 for evacuation
[2019-04-15T14:12:26.334+0200][194,854s] GC(690) ParNew: 109248K->21824K(109248K)
[2019-04-15T14:12:26.334+0200][194,854s] GC(690) CMS: 149515K->163125K(393216K)
[2019-04-15T14:12:26.334+0200][194,854s] GC(690) Metaspace: 78287K->78287K(1122304K)
[2019-04-15T14:12:26.334+0200][194,854s] GC(690) Pause Young (Allocation Failure) 252M->180M(490M) 59,092ms
[2019-04-15T14:12:26.334+0200][194,854s] GC(690) User=0,15s Sys=0,00s Real=0,06s
[2019-04-15T14:12:26.499+0200][195,020s] GC(691) Pause Young (Allocation Failure)
[2019-04-15T14:12:26.499+0200][195,020s] GC(691) Using 4 workers of 4 for evacuation
[2019-04-15T14:12:26.574+0200][195,094s] GC(691) ParNew: 109248K->21824K(109248K)
[2019-04-15T14:12:26.574+0200][195,094s] GC(691) CMS: 163125K->174283K(393216K)
[2019-04-15T14:12:26.574+0200][195,094s] GC(691) Metaspace: 78288K->78288K(1122304K)
[2019-04-15T14:12:26.574+0200][195,094s] GC(691) Pause Young (Allocation Failure) 265M->191M(490M) 74,588ms
[2019-04-15T14:12:26.574+0200][195,094s] GC(691) User=0,13s Sys=0,00s Real=0,08s
[2019-04-15T14:12:26.796+0200][195,317s] GC(692) Pause Young (Allocation Failure)
[2019-04-15T14:12:26.796+0200][195,317s] GC(692) Using 4 workers of 4 for evacuation
[2019-04-15T14:12:26.822+0200][195,342s] GC(692) ParNew: 109248K->21824K(109248K)
[2019-04-15T14:12:26.822+0200][195,342s] GC(692) CMS: 174283K->174794K(393216K)
[2019-04-15T14:12:26.822+0200][195,342s] GC(692) Metaspace: 78288K->78288K(1122304K)
[2019-04-15T14:12:26.822+0200][195,342s] GC(692) Pause Young (Allocation Failure) 276M->192M(490M) 25,709ms
[2019-04-15T14:12:26.822+0200][195,342s] GC(692) User=0,07s Sys=0,00s Real=0,02s
[2019-04-15T14:12:27.008+0200][195,528s] GC(693) Pause Young (Allocation Failure)
[2019-04-15T14:12:27.008+0200][195,528s] GC(693) Using 4 workers of 4 for evacuation
[2019-04-15T14:12:27.051+0200][195,572s] GC(693) ParNew: 109248K->21824K(109248K)
[2019-04-15T14:12:27.051+0200][195,572s] GC(693) CMS: 174794K->175470K(393216K)
[2019-04-15T14:12:27.051+0200][195,572s] GC(693) Metaspace: 78288K->78288K(1122304K)
[2019-04-15T14:12:27.051+0200][195,572s] GC(693) Pause Young (Allocation Failure) 277M->192M(490M) 43,523ms
[2019-04-15T14:12:27.051+0200][195,572s] GC(693) User=0,07s Sys=0,00s Real=0,04s
[2019-04-15T14:12:27.334+0200][195,855s] GC(694) Pause Young (Allocation Failure)
[2019-04-15T14:12:27.334+0200][195,855s] GC(694) Using 4 workers of 4 for evacuation
[2019-04-15T14:12:27.358+0200][195,879s] GC(694) ParNew: 109248K->21824K(109248K)
[2019-04-15T14:12:27.358+0200][195,879s] GC(694) CMS: 175470K->178723K(393216K)
[2019-04-15T14:12:27.358+0200][195,879s] GC(694) Metaspace: 78289K->78289K(1122304K)
[2019-04-15T14:12:27.358+0200][195,879s] GC(694) Pause Young (Allocation Failure) 278M->195M(490M) 24,093ms
[2019-04-15T14:12:27.358+0200][195,879s] GC(694) User=0,06s Sys=0,00s Real=0,02s
[2019-04-15T14:12:27.568+0200][196,089s] GC(695) Pause Young (Allocation Failure)
[2019-04-15T14:12:27.569+0200][196,089s] GC(695) Using 4 workers of 4 for evacuation
[2019-04-15T14:12:27.603+0200][196,123s] GC(695) ParNew: 109248K->21824K(109248K)
[2019-04-15T14:12:27.603+0200][196,123s] GC(695) CMS: 178723K->183085K(393216K)
[2019-04-15T14:12:27.603+0200][196,123s] GC(695) Metaspace: 78296K->78296K(1122304K)
[2019-04-15T14:12:27.603+0200][196,123s] GC(695) Pause Young (Allocation Failure) 281M->200M(490M) 34,458ms
[2019-04-15T14:12:27.603+0200][196,123s] GC(695) User=0,12s Sys=0,01s Real=0,03s
[2019-04-15T14:12:27.752+0200][196,272s] GC(696) Pause Young (Allocation Failure)
[2019-04-15T14:12:27.752+0200][196,272s] GC(696) Using 4 workers of 4 for evacuation
[2019-04-15T14:12:27.779+0200][196,299s] GC(696) ParNew: 109248K->21824K(109248K)
[2019-04-15T14:12:27.779+0200][196,299s] GC(696) CMS: 183085K->183157K(393216K)
[2019-04-15T14:12:27.779+0200][196,299s] GC(696) Metaspace: 78304K->78304K(1122304K)
[2019-04-15T14:12:27.779+0200][196,299s] GC(696) Pause Young (Allocation Failure) 285M->200M(490M) 27,128ms
[2019-04-15T14:12:27.779+0200][196,299s] GC(696) User=0,10s Sys=0,00s Real=0,03s
[2019-04-15T14:12:27.906+0200][196,427s] GC(697) Pause Young (Allocation Failure)
[2019-04-15T14:12:27.906+0200][196,427s] GC(697) Using 4 workers of 4 for evacuation
[2019-04-15T14:12:27.930+0200][196,451s] GC(697) ParNew: 109248K->21824K(109248K)
[2019-04-15T14:12:27.930+0200][196,451s] GC(697) CMS: 183157K->183609K(393216K)
[2019-04-15T14:12:27.930+0200][196,451s] GC(697) Metaspace: 78304K->78304K(1122304K)
[2019-04-15T14:12:27.930+0200][196,451s] GC(697) Pause Young (Allocation Failure) 285M->200M(490M) 24,126ms
[2019-04-15T14:12:27.930+0200][196,451s] GC(697) User=0,10s Sys=0,00s Real=0,02s
[2019-04-15T14:12:28.156+0200][196,677s] GC(698) Pause Young (Allocation Failure)
[2019-04-15T14:12:28.156+0200][196,677s] GC(698) Using 4 workers of 4 for evacuation
[2019-04-15T14:12:28.196+0200][196,716s] GC(698) ParNew: 109248K->21824K(109248K)
[2019-04-15T14:12:28.196+0200][196,716s] GC(698) CMS: 183609K->192138K(393216K)
[2019-04-15T14:12:28.196+0200][196,716s] GC(698) Metaspace: 78317K->78317K(1122304K)
[2019-04-15T14:12:28.196+0200][196,716s] GC(698) Pause Young (Allocation Failure) 285M->208M(490M) 39,444ms
[2019-04-15T14:12:28.196+0200][196,716s] GC(698) User=0,13s Sys=0,00s Real=0,04s
[2019-04-15T14:12:28.410+0200][196,931s] GC(699) Pause Young (Allocation Failure)
[2019-04-15T14:12:28.410+0200][196,931s] GC(699) Using 4 workers of 4 for evacuation
[2019-04-15T14:12:28.432+0200][196,952s] GC(699) ParNew: 109248K->17175K(109248K)
[2019-04-15T14:12:28.432+0200][196,952s] GC(699) CMS: 192138K->196842K(393216K)
[2019-04-15T14:12:28.432+0200][196,952s] GC(699) Metaspace: 78326K->78326K(1122304K)
[2019-04-15T14:12:28.432+0200][196,952s] GC(699) Pause Young (Allocation Failure) 294M->209M(490M) 21,213ms
[2019-04-15T14:12:28.432+0200][196,952s] GC(699) User=0,07s Sys=0,00s Real=0,02s
[2019-04-15T14:12:28.432+0200][196,952s] GC(700) Pause Initial Mark
[2019-04-15T14:12:28.435+0200][196,955s] GC(700) Pause Initial Mark 210M->210M(490M) 2,551ms
[2019-04-15T14:12:28.435+0200][196,955s] GC(700) User=0,01s Sys=0,00s Real=0,01s
[2019-04-15T14:12:28.435+0200][196,955s] GC(700) Concurrent Mark
[2019-04-15T14:12:28.435+0200][196,955s] GC(700) Using 4 workers of 4 for marking
[2019-04-15T14:12:28.509+0200][197,030s] GC(700) Concurrent Mark 74,439ms
[2019-04-15T14:12:28.509+0200][197,030s] GC(700) User=0,28s Sys=0,00s Real=0,07s
[2019-04-15T14:12:28.509+0200][197,030s] GC(700) Concurrent Preclean
[2019-04-15T14:12:28.510+0200][197,031s] GC(700) Concurrent Preclean 1,273ms
[2019-04-15T14:12:28.511+0200][197,031s] GC(700) User=0,00s Sys=0,00s Real=0,00s
[2019-04-15T14:12:28.511+0200][197,031s] GC(700) Concurrent Abortable Preclean
[2019-04-15T14:12:28.621+0200][197,141s] GC(701) Pause Young (Allocation Failure)
[2019-04-15T14:12:28.621+0200][197,141s] GC(701) Using 4 workers of 4 for evacuation
[2019-04-15T14:12:28.632+0200][197,153s] GC(701) ParNew: 104599K->15381K(109248K)
[2019-04-15T14:12:28.632+0200][197,153s] GC(701) CMS: 196842K->196843K(393216K)
[2019-04-15T14:12:28.632+0200][197,153s] GC(701) Metaspace: 78373K->78373K(1122304K)
[2019-04-15T14:12:28.632+0200][197,153s] GC(701) Pause Young (Allocation Failure) 294M->207M(490M) 11,789ms
[2019-04-15T14:12:28.632+0200][197,153s] GC(701) User=0,05s Sys=0,00s Real=0,01s
[2019-04-15T14:12:28.742+0200][197,263s] GC(700) Concurrent Abortable Preclean 231,698ms
[2019-04-15T14:12:28.742+0200][197,263s] GC(700) User=0,56s Sys=0,00s Real=0,23s
[2019-04-15T14:12:28.742+0200][197,263s] GC(700) Pause Remark
[2019-04-15T14:12:28.743+0200][197,263s] GC(702) Pause Young (CMS Final Remark)
[2019-04-15T14:12:28.743+0200][197,263s] GC(702) Using 4 workers of 4 for evacuation
[2019-04-15T14:12:28.753+0200][197,273s] GC(702) ParNew: 71069K->13936K(109248K)
[2019-04-15T14:12:28.753+0200][197,273s] GC(702) CMS: 196843K->197189K(393216K)
[2019-04-15T14:12:28.753+0200][197,273s] GC(702) Metaspace: 78384K->78384K(1122304K)
[2019-04-15T14:12:28.753+0200][197,273s] GC(702) Pause Young (CMS Final Remark) 261M->206M(490M) 10,324ms
[2019-04-15T14:12:28.753+0200][197,273s] GC(702) User=0,03s Sys=0,00s Real=0,01s
[2019-04-15T14:12:28.795+0200][197,315s] GC(700) Pause Remark 261M->206M(490M) 52,320ms
[2019-04-15T14:12:28.795+0200][197,315s] GC(700) User=0,13s Sys=0,00s Real=0,06s
[2019-04-15T14:12:28.795+0200][197,315s] GC(700) Concurrent Sweep
[2019-04-15T14:12:28.850+0200][197,370s] GC(700) Concurrent Sweep 54,582ms
[2019-04-15T14:12:28.850+0200][197,370s] GC(700) User=0,13s Sys=0,01s Real=0,05s
[2019-04-15T14:12:28.850+0200][197,370s] GC(700) Concurrent Reset
[2019-04-15T14:12:28.850+0200][197,371s] GC(700) Concurrent Reset 0,501ms
[2019-04-15T14:12:28.850+0200][197,371s] GC(700) User=0,00s Sys=0,00s Real=0,00s
[2019-04-15T14:12:28.850+0200][197,371s] GC(700) Old: 196842K->184120K(393216K)
[2019-04-15T14:12:28.949+0200][197,469s] GC(703) Pause Young (Allocation Failure)
[2019-04-15T14:12:28.949+0200][197,469s] GC(703) Using 4 workers of 4 for evacuation
[2019-04-15T14:12:28.957+0200][197,478s] GC(703) ParNew: 101360K->13860K(109248K)
[2019-04-15T14:12:28.957+0200][197,478s] GC(703) CMS: 184120K->187298K(393216K)
[2019-04-15T14:12:28.957+0200][197,478s] GC(703) Metaspace: 78413K->78413K(1122304K)
[2019-04-15T14:12:28.957+0200][197,478s] GC(703) Pause Young (Allocation Failure) 278M->196M(490M) 8,565ms
[2019-04-15T14:12:28.957+0200][197,478s] GC(703) User=0,03s Sys=0,00s Real=0,01s
[2019-04-15T14:12:29.117+0200][197,637s] GC(704) Pause Young (Allocation Failure)
[2019-04-15T14:12:29.117+0200][197,637s] GC(704) Using 4 workers of 4 for evacuation
[2019-04-15T14:12:29.124+0200][197,645s] GC(704) ParNew: 101284K->10958K(109248K)
[2019-04-15T14:12:29.124+0200][197,645s] GC(704) CMS: 187298K->187396K(393216K)
[2019-04-15T14:12:29.124+0200][197,645s] GC(704) Metaspace: 78458K->78458K(1122304K)
[2019-04-15T14:12:29.124+0200][197,645s] GC(704) Pause Young (Allocation Failure) 281M->193M(490M) 7,510ms
[2019-04-15T14:12:29.124+0200][197,645s] GC(704) User=0,03s Sys=0,00s Real=0,00s
[2019-04-15T14:12:29.290+0200][197,811s] GC(705) Pause Young (Allocation Failure)
[2019-04-15T14:12:29.290+0200][197,811s] GC(705) Using 4 workers of 4 for evacuation
[2019-04-15T14:12:29.317+0200][197,838s] GC(705) ParNew: 98382K->20369K(109248K)
[2019-04-15T14:12:29.317+0200][197,838s] GC(705) CMS: 187396K->187407K(393216K)
[2019-04-15T14:12:29.317+0200][197,838s] GC(705) Metaspace: 78489K->78489K(1122304K)
[2019-04-15T14:12:29.317+0200][197,838s] GC(705) Pause Young (Allocation Failure) 279M->202M(490M) 27,032ms
[2019-04-15T14:12:29.317+0200][197,838s] GC(705) User=0,09s Sys=0,00s Real=0,03s
[2019-04-15T14:12:29.485+0200][198,006s] GC(706) Pause Young (Allocation Failure)
[2019-04-15T14:12:29.485+0200][198,006s] GC(706) Using 4 workers of 4 for evacuation
[2019-04-15T14:12:29.497+0200][198,018s] GC(706) ParNew: 107793K->17649K(109248K)
[2019-04-15T14:12:29.497+0200][198,018s] GC(706) CMS: 187407K->188551K(393216K)
[2019-04-15T14:12:29.497+0200][198,018s] GC(706) Metaspace: 78493K->78493K(1122304K)
[2019-04-15T14:12:29.497+0200][198,018s] GC(706) Pause Young (Allocation Failure) 288M->201M(490M) 12,319ms
[2019-04-15T14:12:29.497+0200][198,018s] GC(706) User=0,05s Sys=0,00s Real=0,01s
[2019-04-15T14:12:29.640+0200][198,161s] GC(707) Pause Young (Allocation Failure)
[2019-04-15T14:12:29.641+0200][198,161s] GC(707) Using 4 workers of 4 for evacuation
[2019-04-15T14:12:29.652+0200][198,173s] GC(707) ParNew: 105073K->8861K(109248K)
[2019-04-15T14:12:29.652+0200][198,173s] GC(707) CMS: 188551K->188863K(393216K)
[2019-04-15T14:12:29.652+0200][198,173s] GC(707) Metaspace: 78493K->78493K(1122304K)
[2019-04-15T14:12:29.652+0200][198,173s] GC(707) Pause Young (Allocation Failure) 286M->193M(490M) 11,864ms
[2019-04-15T14:12:29.652+0200][198,173s] GC(707) User=0,04s Sys=0,00s Real=0,01s
[2019-04-15T14:12:29.802+0200][198,322s] GC(708) Pause Young (Allocation Failure)
[2019-04-15T14:12:29.802+0200][198,322s] GC(708) Using 4 workers of 4 for evacuation
[2019-04-15T14:12:29.811+0200][198,332s] GC(708) ParNew: 96285K->9940K(109248K)
[2019-04-15T14:12:29.811+0200][198,332s] GC(708) CMS: 188863K->188980K(393216K)
[2019-04-15T14:12:29.811+0200][198,332s] GC(708) Metaspace: 78494K->78494K(1122304K)
[2019-04-15T14:12:29.811+0200][198,332s] GC(708) Pause Young (Allocation Failure) 278M->194M(490M) 9,919ms
[2019-04-15T14:12:29.811+0200][198,332s] GC(708) User=0,04s Sys=0,00s Real=0,01s
[2019-04-15T14:12:29.984+0200][198,504s] GC(709) Pause Young (Allocation Failure)
[2019-04-15T14:12:29.984+0200][198,504s] GC(709) Using 4 workers of 4 for evacuation
[2019-04-15T14:12:29.993+0200][198,514s] GC(709) ParNew: 97364K->11732K(109248K)
[2019-04-15T14:12:29.993+0200][198,514s] GC(709) CMS: 188980K->189024K(393216K)
[2019-04-15T14:12:29.993+0200][198,514s] GC(709) Metaspace: 78502K->78502K(1122304K)
[2019-04-15T14:12:29.993+0200][198,514s] GC(709) Pause Young (Allocation Failure) 279M->196M(490M) 9,588ms
[2019-04-15T14:12:29.993+0200][198,514s] GC(709) User=0,03s Sys=0,00s Real=0,02s
[2019-04-15T14:12:30.156+0200][198,676s] GC(710) Pause Young (Allocation Failure)
[2019-04-15T14:12:30.156+0200][198,676s] GC(710) Using 4 workers of 4 for evacuation
[2019-04-15T14:12:30.162+0200][198,683s] GC(710) ParNew: 99156K->10928K(109248K)
[2019-04-15T14:12:30.162+0200][198,683s] GC(710) CMS: 189024K->189064K(393216K)
[2019-04-15T14:12:30.162+0200][198,683s] GC(710) Metaspace: 78503K->78503K(1122304K)
[2019-04-15T14:12:30.162+0200][198,683s] GC(710) Pause Young (Allocation Failure) 281M->195M(490M) 6,490ms
[2019-04-15T14:12:30.162+0200][198,683s] GC(710) User=0,02s Sys=0,00s Real=0,00s
[2019-04-15T14:12:30.303+0200][198,824s] GC(711) Pause Young (Allocation Failure)
[2019-04-15T14:12:30.303+0200][198,824s] GC(711) Using 4 workers of 4 for evacuation
[2019-04-15T14:12:30.311+0200][198,832s] GC(711) ParNew: 98352K->9906K(109248K)
[2019-04-15T14:12:30.311+0200][198,832s] GC(711) CMS: 189064K->189141K(393216K)
[2019-04-15T14:12:30.311+0200][198,832s] GC(711) Metaspace: 78504K->78504K(1122304K)
[2019-04-15T14:12:30.311+0200][198,832s] GC(711) Pause Young (Allocation Failure) 280M->194M(490M) 8,173ms
[2019-04-15T14:12:30.311+0200][198,832s] GC(711) User=0,02s Sys=0,00s Real=0,01s
[2019-04-15T14:12:30.444+0200][198,964s] GC(712) Pause Young (Allocation Failure)
[2019-04-15T14:12:30.444+0200][198,964s] GC(712) Using 4 workers of 4 for evacuation
[2019-04-15T14:12:30.455+0200][198,976s] GC(712) ParNew: 97330K->21824K(109248K)
[2019-04-15T14:12:30.455+0200][198,976s] GC(712) CMS: 189141K->190272K(393216K)
[2019-04-15T14:12:30.455+0200][198,976s] GC(712) Metaspace: 78507K->78507K(1122304K)
[2019-04-15T14:12:30.455+0200][198,976s] GC(712) Pause Young (Allocation Failure) 279M->207M(490M) 11,204ms
[2019-04-15T14:12:30.455+0200][198,976s] GC(712) User=0,04s Sys=0,00s Real=0,02s
[2019-04-15T14:12:30.587+0200][199,108s] GC(713) Pause Young (Allocation Failure)
[2019-04-15T14:12:30.587+0200][199,108s] GC(713) Using 4 workers of 4 for evacuation
[2019-04-15T14:12:30.638+0200][199,158s] GC(713) ParNew: 109248K->21824K(109248K)
[2019-04-15T14:12:30.638+0200][199,158s] GC(713) CMS: 190272K->213684K(393216K)
[2019-04-15T14:12:30.638+0200][199,158s] GC(713) Metaspace: 78508K->78508K(1122304K)
[2019-04-15T14:12:30.638+0200][199,158s] GC(713) Pause Young (Allocation Failure) 292M->229M(490M) 50,337ms
[2019-04-15T14:12:30.638+0200][199,158s] GC(713) User=0,19s Sys=0,00s Real=0,05s
[2019-04-15T14:12:30.638+0200][199,158s] GC(714) Pause Initial Mark
[2019-04-15T14:12:30.641+0200][199,162s] GC(714) Pause Initial Mark 231M->231M(490M) 3,688ms
[2019-04-15T14:12:30.642+0200][199,162s] GC(714) User=0,01s Sys=0,00s Real=0,00s
[2019-04-15T14:12:30.642+0200][199,162s] GC(714) Concurrent Mark
[2019-04-15T14:12:30.642+0200][199,162s] GC(714) Using 4 workers of 4 for marking
[2019-04-15T14:12:30.694+0200][199,214s] GC(714) Concurrent Mark 52,357ms
[2019-04-15T14:12:30.694+0200][199,214s] GC(714) User=0,20s Sys=0,00s Real=0,06s
[2019-04-15T14:12:30.694+0200][199,214s] GC(714) Concurrent Preclean
[2019-04-15T14:12:30.695+0200][199,215s] GC(714) Concurrent Preclean 0,923ms
[2019-04-15T14:12:30.695+0200][199,215s] GC(714) User=0,00s Sys=0,00s Real=0,00s
[2019-04-15T14:12:30.695+0200][199,215s] GC(714) Concurrent Abortable Preclean
[2019-04-15T14:12:30.813+0200][199,334s] GC(715) Pause Young (Allocation Failure)
[2019-04-15T14:12:30.813+0200][199,334s] GC(715) Using 4 workers of 4 for evacuation
[2019-04-15T14:12:30.827+0200][199,348s] GC(715) ParNew: 109248K->21824K(109248K)
[2019-04-15T14:12:30.827+0200][199,348s] GC(715) CMS: 213684K->220854K(393216K)
[2019-04-15T14:12:30.827+0200][199,348s] GC(715) Metaspace: 78510K->78510K(1122304K)
[2019-04-15T14:12:30.827+0200][199,348s] GC(715) Pause Young (Allocation Failure) 315M->236M(490M) 13,883ms
[2019-04-15T14:12:30.827+0200][199,348s] GC(715) User=0,05s Sys=0,00s Real=0,01s
[2019-04-15T14:12:30.880+0200][199,400s] GC(714) Concurrent Abortable Preclean 185,118ms
[2019-04-15T14:12:30.880+0200][199,400s] GC(714) User=0,33s Sys=0,01s Real=0,18s
[2019-04-15T14:12:30.880+0200][199,401s] GC(714) Pause Remark
[2019-04-15T14:12:30.880+0200][199,401s] GC(716) Pause Young (CMS Final Remark)
[2019-04-15T14:12:30.880+0200][199,401s] GC(716) Using 4 workers of 4 for evacuation
[2019-04-15T14:12:30.891+0200][199,411s] GC(716) ParNew: 87645K->18161K(109248K)
[2019-04-15T14:12:30.891+0200][199,411s] GC(716) CMS: 220854K->220854K(393216K)
[2019-04-15T14:12:30.891+0200][199,411s] GC(716) Metaspace: 78510K->78510K(1122304K)
[2019-04-15T14:12:30.891+0200][199,411s] GC(716) Pause Young (CMS Final Remark) 301M->233M(490M) 10,783ms
[2019-04-15T14:12:30.891+0200][199,411s] GC(716) User=0,04s Sys=0,00s Real=0,01s
[2019-04-15T14:12:30.923+0200][199,444s] GC(714) Pause Remark 301M->233M(490M) 42,898ms
[2019-04-15T14:12:30.923+0200][199,444s] GC(714) User=0,09s Sys=0,00s Real=0,04s
[2019-04-15T14:12:30.923+0200][199,444s] GC(714) Concurrent Sweep
[2019-04-15T14:12:30.984+0200][199,505s] GC(714) Concurrent Sweep 61,085ms
[2019-04-15T14:12:30.984+0200][199,505s] GC(714) User=0,12s Sys=0,00s Real=0,06s
[2019-04-15T14:12:30.984+0200][199,505s] GC(714) Concurrent Reset
[2019-04-15T14:12:30.985+0200][199,505s] GC(714) Concurrent Reset 0,344ms
[2019-04-15T14:12:30.985+0200][199,505s] GC(714) User=0,00s Sys=0,00s Real=0,00s
[2019-04-15T14:12:30.985+0200][199,505s] GC(714) Old: 213684K->137710K(393216K)
[2019-04-15T14:12:31.001+0200][199,522s] GC(717) Pause Young (Allocation Failure)
[2019-04-15T14:12:31.001+0200][199,522s] GC(717) Using 4 workers of 4 for evacuation
[2019-04-15T14:12:31.028+0200][199,548s] GC(717) ParNew: 105585K->21824K(109248K)
[2019-04-15T14:12:31.028+0200][199,548s] GC(717) CMS: 137710K->140858K(393216K)
[2019-04-15T14:12:31.028+0200][199,548s] GC(717) Metaspace: 78515K->78515K(1122304K)
[2019-04-15T14:12:31.028+0200][199,548s] GC(717) Pause Young (Allocation Failure) 237M->158M(490M) 26,689ms
[2019-04-15T14:12:31.028+0200][199,548s] GC(717) User=0,09s Sys=0,00s Real=0,03s
[2019-04-15T14:12:31.103+0200][199,623s] GC(718) Pause Young (Allocation Failure)
[2019-04-15T14:12:31.103+0200][199,623s] GC(718) Using 4 workers of 4 for evacuation
[2019-04-15T14:12:31.138+0200][199,658s] GC(718) ParNew: 109248K->21824K(109248K)
[2019-04-15T14:12:31.138+0200][199,658s] GC(718) CMS: 140858K->150692K(393216K)
[2019-04-15T14:12:31.138+0200][199,658s] GC(718) Metaspace: 78519K->78519K(1122304K)
[2019-04-15T14:12:31.138+0200][199,658s] GC(718) Pause Young (Allocation Failure) 244M->168M(490M) 35,174ms
[2019-04-15T14:12:31.138+0200][199,658s] GC(718) User=0,12s Sys=0,01s Real=0,04s
[2019-04-15T14:12:31.241+0200][199,762s] GC(719) Pause Young (Allocation Failure)
[2019-04-15T14:12:31.241+0200][199,762s] GC(719) Using 4 workers of 4 for evacuation
[2019-04-15T14:12:31.268+0200][199,789s] GC(719) ParNew: 109248K->21824K(109248K)
[2019-04-15T14:12:31.268+0200][199,789s] GC(719) CMS: 150692K->157170K(393216K)
[2019-04-15T14:12:31.268+0200][199,789s] GC(719) Metaspace: 78519K->78519K(1122304K)
[2019-04-15T14:12:31.268+0200][199,789s] GC(719) Pause Young (Allocation Failure) 253M->174M(490M) 27,261ms
[2019-04-15T14:12:31.268+0200][199,789s] GC(719) User=0,09s Sys=0,00s Real=0,03s
[2019-04-15T14:12:31.364+0200][199,884s] GC(720) Pause Young (Allocation Failure)
[2019-04-15T14:12:31.364+0200][199,884s] GC(720) Using 4 workers of 4 for evacuation
[2019-04-15T14:12:31.395+0200][199,915s] GC(720) ParNew: 109248K->21824K(109248K)
[2019-04-15T14:12:31.395+0200][199,915s] GC(720) CMS: 157170K->171052K(393216K)
[2019-04-15T14:12:31.395+0200][199,915s] GC(720) Metaspace: 78521K->78521K(1122304K)
[2019-04-15T14:12:31.395+0200][199,915s] GC(720) Pause Young (Allocation Failure) 260M->188M(490M) 31,005ms
[2019-04-15T14:12:31.395+0200][199,915s] GC(720) User=0,11s Sys=0,00s Real=0,04s
[2019-04-15T14:12:31.516+0200][200,036s] GC(721) Pause Young (Allocation Failure)
[2019-04-15T14:12:31.516+0200][200,036s] GC(721) Using 4 workers of 4 for evacuation
[2019-04-15T14:12:31.537+0200][200,057s] GC(721) ParNew: 109248K->21824K(109248K)
[2019-04-15T14:12:31.537+0200][200,057s] GC(721) CMS: 171052K->175440K(393216K)
[2019-04-15T14:12:31.537+0200][200,057s] GC(721) Metaspace: 78524K->78524K(1122304K)
[2019-04-15T14:12:31.537+0200][200,057s] GC(721) Pause Young (Allocation Failure) 273M->192M(490M) 20,658ms
[2019-04-15T14:12:31.537+0200][200,057s] GC(721) User=0,08s Sys=0,00s Real=0,02s
[2019-04-15T14:12:31.654+0200][200,174s] GC(722) Pause Young (Allocation Failure)
[2019-04-15T14:12:31.654+0200][200,174s] GC(722) Using 4 workers of 4 for evacuation
[2019-04-15T14:12:31.671+0200][200,191s] GC(722) ParNew: 109248K->21824K(109248K)
[2019-04-15T14:12:31.671+0200][200,191s] GC(722) CMS: 175440K->179662K(393216K)
[2019-04-15T14:12:31.671+0200][200,191s] GC(722) Metaspace: 78524K->78524K(1122304K)
[2019-04-15T14:12:31.671+0200][200,191s] GC(722) Pause Young (Allocation Failure) 278M->196M(490M) 17,435ms
[2019-04-15T14:12:31.671+0200][200,191s] GC(722) User=0,07s Sys=0,00s Real=0,01s
[2019-04-15T14:12:31.776+0200][200,296s] GC(723) Pause Young (Allocation Failure)
[2019-04-15T14:12:31.776+0200][200,296s] GC(723) Using 4 workers of 4 for evacuation
[2019-04-15T14:12:31.790+0200][200,310s] GC(723) ParNew: 109248K->21824K(109248K)
[2019-04-15T14:12:31.790+0200][200,310s] GC(723) CMS: 179662K->179900K(393216K)
[2019-04-15T14:12:31.790+0200][200,310s] GC(723) Metaspace: 78524K->78524K(1122304K)
[2019-04-15T14:12:31.790+0200][200,310s] GC(723) Pause Young (Allocation Failure) 282M->196M(490M) 13,849ms
[2019-04-15T14:12:31.790+0200][200,310s] GC(723) User=0,05s Sys=0,00s Real=0,01s
[2019-04-15T14:12:31.900+0200][200,421s] GC(724) Pause Young (Allocation Failure)
[2019-04-15T14:12:31.900+0200][200,421s] GC(724) Using 4 workers of 4 for evacuation
[2019-04-15T14:12:31.915+0200][200,435s] GC(724) ParNew: 109248K->21824K(109248K)
[2019-04-15T14:12:31.915+0200][200,435s] GC(724) CMS: 179900K->181609K(393216K)
[2019-04-15T14:12:31.915+0200][200,435s] GC(724) Metaspace: 78529K->78529K(1122304K)
[2019-04-15T14:12:31.915+0200][200,435s] GC(724) Pause Young (Allocation Failure) 282M->198M(490M) 14,562ms
[2019-04-15T14:12:31.915+0200][200,435s] GC(724) User=0,05s Sys=0,00s Real=0,02s
[2019-04-15T14:12:32.068+0200][200,588s] GC(725) Pause Young (Allocation Failure)
[2019-04-15T14:12:32.068+0200][200,588s] GC(725) Using 4 workers of 4 for evacuation
[2019-04-15T14:12:32.087+0200][200,607s] GC(725) ParNew: 109248K->21824K(109248K)
[2019-04-15T14:12:32.087+0200][200,607s] GC(725) CMS: 181609K->189196K(393216K)
[2019-04-15T14:12:32.087+0200][200,607s] GC(725) Metaspace: 78538K->78538K(1122304K)
[2019-04-15T14:12:32.087+0200][200,607s] GC(725) Pause Young (Allocation Failure) 284M->206M(490M) 19,437ms
[2019-04-15T14:12:32.087+0200][200,607s] GC(725) User=0,07s Sys=0,00s Real=0,02s
[2019-04-15T14:12:32.188+0200][200,709s] GC(726) Pause Young (Allocation Failure)
[2019-04-15T14:12:32.189+0200][200,709s] GC(726) Using 4 workers of 4 for evacuation
[2019-04-15T14:12:32.210+0200][200,730s] GC(726) ParNew: 109248K->21824K(109248K)
[2019-04-15T14:12:32.210+0200][200,730s] GC(726) CMS: 189196K->190652K(393216K)
[2019-04-15T14:12:32.210+0200][200,730s] GC(726) Metaspace: 78538K->78538K(1122304K)
[2019-04-15T14:12:32.210+0200][200,730s] GC(726) Pause Young (Allocation Failure) 291M->207M(490M) 21,359ms
[2019-04-15T14:12:32.210+0200][200,730s] GC(726) User=0,06s Sys=0,00s Real=0,02s
[2019-04-15T14:12:32.327+0200][200,848s] GC(727) Pause Young (Allocation Failure)
[2019-04-15T14:12:32.327+0200][200,848s] GC(727) Using 4 workers of 4 for evacuation
[2019-04-15T14:12:32.368+0200][200,888s] GC(727) ParNew: 109248K->21824K(109248K)
[2019-04-15T14:12:32.368+0200][200,888s] GC(727) CMS: 190652K->205941K(393216K)
[2019-04-15T14:12:32.368+0200][200,888s] GC(727) Metaspace: 78538K->78538K(1122304K)
[2019-04-15T14:12:32.368+0200][200,888s] GC(727) Pause Young (Allocation Failure) 292M->222M(490M) 40,390ms
[2019-04-15T14:12:32.368+0200][200,888s] GC(727) User=0,13s Sys=0,00s Real=0,04s
[2019-04-15T14:12:32.369+0200][200,889s] GC(728) Pause Initial Mark
[2019-04-15T14:12:32.375+0200][200,895s] GC(728) Pause Initial Mark 223M->223M(490M) 5,584ms
[2019-04-15T14:12:32.375+0200][200,895s] GC(728) User=0,01s Sys=0,00s Real=0,01s
[2019-04-15T14:12:32.375+0200][200,895s] GC(728) Concurrent Mark
[2019-04-15T14:12:32.375+0200][200,895s] GC(728) Using 4 workers of 4 for marking
[2019-04-15T14:12:32.455+0200][200,976s] GC(728) Concurrent Mark 80,407ms
[2019-04-15T14:12:32.455+0200][200,976s] GC(728) User=0,25s Sys=0,00s Real=0,08s
[2019-04-15T14:12:32.455+0200][200,976s] GC(728) Concurrent Preclean
[2019-04-15T14:12:32.456+0200][200,976s] GC(728) Concurrent Preclean 0,792ms
[2019-04-15T14:12:32.456+0200][200,976s] GC(728) User=0,00s Sys=0,00s Real=0,00s
[2019-04-15T14:12:32.456+0200][200,976s] GC(728) Concurrent Abortable Preclean
[2019-04-15T14:12:32.558+0200][201,078s] GC(729) Pause Young (Allocation Failure)
[2019-04-15T14:12:32.558+0200][201,078s] GC(729) Using 4 workers of 4 for evacuation
[2019-04-15T14:12:32.595+0200][201,115s] GC(729) ParNew: 109248K->21824K(109248K)
[2019-04-15T14:12:32.595+0200][201,115s] GC(729) CMS: 205941K->218455K(393216K)
[2019-04-15T14:12:32.595+0200][201,115s] GC(729) Metaspace: 78538K->78538K(1122304K)
[2019-04-15T14:12:32.595+0200][201,115s] GC(729) Pause Young (Allocation Failure) 307M->234M(490M) 36,969ms
[2019-04-15T14:12:32.595+0200][201,115s] GC(729) User=0,13s Sys=0,00s Real=0,04s
[2019-04-15T14:12:32.704+0200][201,224s] GC(730) Pause Young (Allocation Failure)
[2019-04-15T14:12:32.704+0200][201,224s] GC(730) Using 4 workers of 4 for evacuation
[2019-04-15T14:12:32.740+0200][201,261s] GC(730) ParNew: 109248K->21824K(109248K)
[2019-04-15T14:12:32.740+0200][201,261s] GC(730) CMS: 218455K->227772K(393216K)
[2019-04-15T14:12:32.740+0200][201,261s] GC(730) Metaspace: 78538K->78538K(1122304K)
[2019-04-15T14:12:32.740+0200][201,261s] GC(730) Pause Young (Allocation Failure) 320M->243M(490M) 36,635ms
[2019-04-15T14:12:32.740+0200][201,261s] GC(730) User=0,12s Sys=0,00s Real=0,04s
[2019-04-15T14:12:32.753+0200][201,274s] GC(728) Concurrent Abortable Preclean 297,385ms
[2019-04-15T14:12:32.753+0200][201,274s] GC(728) User=0,70s Sys=0,00s Real=0,30s
[2019-04-15T14:12:32.754+0200][201,274s] GC(728) Pause Remark
[2019-04-15T14:12:32.754+0200][201,274s] GC(731) Pause Young (CMS Final Remark)
[2019-04-15T14:12:32.754+0200][201,274s] GC(731) Using 4 workers of 4 for evacuation
[2019-04-15T14:12:32.777+0200][201,298s] GC(731) ParNew: 32646K->21730K(109248K)
[2019-04-15T14:12:32.777+0200][201,298s] GC(731) CMS: 227772K->236082K(393216K)
[2019-04-15T14:12:32.777+0200][201,298s] GC(731) Metaspace: 78538K->78538K(1122304K)
[2019-04-15T14:12:32.777+0200][201,298s] GC(731) Pause Young (CMS Final Remark) 254M->251M(490M) 23,656ms
[2019-04-15T14:12:32.777+0200][201,298s] GC(731) User=0,09s Sys=0,00s Real=0,02s
[2019-04-15T14:12:32.848+0200][201,368s] GC(728) Pause Remark 254M->251M(490M) 94,003ms
[2019-04-15T14:12:32.848+0200][201,368s] GC(728) User=0,21s Sys=0,00s Real=0,09s
[2019-04-15T14:12:32.848+0200][201,368s] GC(728) Concurrent Sweep
[2019-04-15T14:12:32.942+0200][201,462s] GC(728) Concurrent Sweep 94,000ms
[2019-04-15T14:12:32.942+0200][201,462s] GC(728) User=0,18s Sys=0,00s Real=0,09s
[2019-04-15T14:12:32.942+0200][201,462s] GC(728) Concurrent Reset
[2019-04-15T14:12:32.944+0200][201,464s] GC(728) Concurrent Reset 1,745ms
[2019-04-15T14:12:32.944+0200][201,464s] GC(728) User=0,01s Sys=0,00s Real=0,00s
[2019-04-15T14:12:32.944+0200][201,464s] GC(728) Old: 205941K->184723K(393216K)
[2019-04-15T14:12:32.994+0200][201,515s] GC(732) Pause Young (Allocation Failure)
[2019-04-15T14:12:32.995+0200][201,515s] GC(732) Using 4 workers of 4 for evacuation
[2019-04-15T14:12:33.008+0200][201,528s] GC(732) ParNew: 109154K->20196K(109248K)
[2019-04-15T14:12:33.008+0200][201,528s] GC(732) CMS: 184723K->184723K(393216K)
[2019-04-15T14:12:33.008+0200][201,528s] GC(732) Metaspace: 78538K->78538K(1122304K)
[2019-04-15T14:12:33.008+0200][201,528s] GC(732) Pause Young (Allocation Failure) 286M->200M(490M) 13,512ms
[2019-04-15T14:12:33.008+0200][201,528s] GC(732) User=0,05s Sys=0,00s Real=0,01s
[2019-04-15T14:12:33.135+0200][201,655s] GC(733) Pause Young (Allocation Failure)
[2019-04-15T14:12:33.135+0200][201,655s] GC(733) Using 4 workers of 4 for evacuation
[2019-04-15T14:12:33.149+0200][201,669s] GC(733) ParNew: 107620K->21514K(109248K)
[2019-04-15T14:12:33.149+0200][201,669s] GC(733) CMS: 184723K->184723K(393216K)
[2019-04-15T14:12:33.149+0200][201,669s] GC(733) Metaspace: 78538K->78538K(1122304K)
[2019-04-15T14:12:33.149+0200][201,669s] GC(733) Pause Young (Allocation Failure) 285M->201M(490M) 13,984ms
[2019-04-15T14:12:33.149+0200][201,669s] GC(733) User=0,05s Sys=0,00s Real=0,01s
[2019-04-15T14:12:33.261+0200][201,782s] GC(734) Pause Young (Allocation Failure)
[2019-04-15T14:12:33.261+0200][201,782s] GC(734) Using 4 workers of 4 for evacuation
[2019-04-15T14:12:33.275+0200][201,796s] GC(734) ParNew: 108938K->21824K(109248K)
[2019-04-15T14:12:33.275+0200][201,796s] GC(734) CMS: 184723K->184817K(393216K)
[2019-04-15T14:12:33.275+0200][201,796s] GC(734) Metaspace: 78538K->78538K(1122304K)
[2019-04-15T14:12:33.275+0200][201,796s] GC(734) Pause Young (Allocation Failure) 286M->201M(490M) 14,310ms
[2019-04-15T14:12:33.275+0200][201,796s] GC(734) User=0,04s Sys=0,00s Real=0,02s
[2019-04-15T14:12:33.984+0200][202,505s] GC(735) Pause Young (Allocation Failure)
[2019-04-15T14:12:33.984+0200][202,505s] GC(735) Using 4 workers of 4 for evacuation
[2019-04-15T14:12:34.035+0200][202,555s] GC(735) ParNew: 109248K->21824K(109248K)
[2019-04-15T14:12:34.035+0200][202,555s] GC(735) CMS: 184817K->186114K(393216K)
[2019-04-15T14:12:34.035+0200][202,555s] GC(735) Metaspace: 78624K->78624K(1122304K)
[2019-04-15T14:12:34.035+0200][202,555s] GC(735) Pause Young (Allocation Failure) 287M->203M(490M) 50,612ms
[2019-04-15T14:12:34.035+0200][202,555s] GC(735) User=0,10s Sys=0,00s Real=0,06s
[2019-04-15T14:12:34.795+0200][203,315s] GC(736) Pause Young (Allocation Failure)
[2019-04-15T14:12:34.795+0200][203,315s] GC(736) Using 4 workers of 4 for evacuation
[2019-04-15T14:12:34.844+0200][203,365s] GC(736) ParNew: 109248K->21824K(109248K)
[2019-04-15T14:12:34.844+0200][203,365s] GC(736) CMS: 186114K->186473K(393216K)
[2019-04-15T14:12:34.844+0200][203,365s] GC(736) Metaspace: 78639K->78639K(1122304K)
[2019-04-15T14:12:34.844+0200][203,365s] GC(736) Pause Young (Allocation Failure) 288M->203M(490M) 49,343ms
[2019-04-15T14:12:34.844+0200][203,365s] GC(736) User=0,09s Sys=0,00s Real=0,04s
[2019-04-15T14:12:35.712+0200][204,232s] GC(737) Pause Young (Allocation Failure)
[2019-04-15T14:12:35.712+0200][204,232s] GC(737) Using 4 workers of 4 for evacuation
[2019-04-15T14:12:35.749+0200][204,269s] GC(737) ParNew: 109248K->21824K(109248K)
[2019-04-15T14:12:35.749+0200][204,269s] GC(737) CMS: 186473K->193731K(393216K)
[2019-04-15T14:12:35.749+0200][204,269s] GC(737) Metaspace: 78640K->78640K(1122304K)
[2019-04-15T14:12:35.749+0200][204,269s] GC(737) Pause Young (Allocation Failure) 288M->210M(490M) 36,972ms
[2019-04-15T14:12:35.749+0200][204,269s] GC(737) User=0,06s Sys=0,00s Real=0,04s
[2019-04-15T14:12:36.218+0200][204,739s] GC(738) Pause Young (Allocation Failure)
[2019-04-15T14:12:36.218+0200][204,739s] GC(738) Using 4 workers of 4 for evacuation
[2019-04-15T14:12:36.249+0200][204,769s] GC(738) ParNew: 109248K->10444K(109248K)
[2019-04-15T14:12:36.249+0200][204,769s] GC(738) CMS: 193731K->199217K(393216K)
[2019-04-15T14:12:36.249+0200][204,769s] GC(738) Metaspace: 78640K->78640K(1122304K)
[2019-04-15T14:12:36.249+0200][204,769s] GC(738) Pause Young (Allocation Failure) 295M->204M(490M) 30,925ms
[2019-04-15T14:12:36.249+0200][204,769s] GC(738) User=0,05s Sys=0,00s Real=0,03s
[2019-04-15T14:12:36.249+0200][204,770s] GC(739) Pause Initial Mark
[2019-04-15T14:12:36.252+0200][204,773s] GC(739) Pause Initial Mark 206M->206M(490M) 2,998ms
[2019-04-15T14:12:36.252+0200][204,773s] GC(739) User=0,01s Sys=0,00s Real=0,00s
[2019-04-15T14:12:36.252+0200][204,773s] GC(739) Concurrent Mark
[2019-04-15T14:12:36.252+0200][204,773s] GC(739) Using 4 workers of 4 for marking
[2019-04-15T14:12:36.343+0200][204,863s] GC(739) Concurrent Mark 90,304ms
[2019-04-15T14:12:36.343+0200][204,863s] GC(739) User=0,23s Sys=0,00s Real=0,09s
[2019-04-15T14:12:36.343+0200][204,863s] GC(739) Concurrent Preclean
[2019-04-15T14:12:36.344+0200][204,865s] GC(739) Concurrent Preclean 1,333ms
[2019-04-15T14:12:36.344+0200][204,865s] GC(739) User=0,00s Sys=0,00s Real=0,00s
[2019-04-15T14:12:36.344+0200][204,865s] GC(739) Concurrent Abortable Preclean
[2019-04-15T14:12:36.836+0200][205,357s] GC(740) Pause Young (Allocation Failure)
[2019-04-15T14:12:36.836+0200][205,357s] GC(740) Using 4 workers of 4 for evacuation
[2019-04-15T14:12:36.868+0200][205,389s] GC(740) ParNew: 97868K->8211K(109248K)
[2019-04-15T14:12:36.868+0200][205,389s] GC(740) CMS: 199217K->199220K(393216K)
[2019-04-15T14:12:36.868+0200][205,389s] GC(740) Metaspace: 78640K->78640K(1122304K)
[2019-04-15T14:12:36.868+0200][205,389s] GC(740) Pause Young (Allocation Failure) 290M->202M(490M) 31,854ms
[2019-04-15T14:12:36.868+0200][205,389s] GC(740) User=0,05s Sys=0,00s Real=0,03s
[2019-04-15T14:12:37.273+0200][205,793s] GC(739) Concurrent Abortable Preclean 928,450ms
[2019-04-15T14:12:37.273+0200][205,793s] GC(739) User=1,25s Sys=0,01s Real=0,93s
[2019-04-15T14:12:37.273+0200][205,793s] GC(739) Pause Remark
[2019-04-15T14:12:37.273+0200][205,793s] GC(741) Pause Young (CMS Final Remark)
[2019-04-15T14:12:37.273+0200][205,793s] GC(741) Using 4 workers of 4 for evacuation
[2019-04-15T14:12:37.282+0200][205,803s] GC(741) ParNew: 94670K->9713K(109248K)
[2019-04-15T14:12:37.282+0200][205,803s] GC(741) CMS: 199220K->199227K(393216K)
[2019-04-15T14:12:37.282+0200][205,803s] GC(741) Metaspace: 78640K->78640K(1122304K)
[2019-04-15T14:12:37.282+0200][205,803s] GC(741) Pause Young (CMS Final Remark) 287M->204M(490M) 9,388ms
[2019-04-15T14:12:37.282+0200][205,803s] GC(741) User=0,02s Sys=0,01s Real=0,01s
[2019-04-15T14:12:37.330+0200][205,850s] GC(739) Pause Remark 287M->204M(490M) 56,869ms
[2019-04-15T14:12:37.330+0200][205,850s] GC(739) User=0,10s Sys=0,01s Real=0,06s
[2019-04-15T14:12:37.330+0200][205,850s] GC(739) Concurrent Sweep
[2019-04-15T14:12:37.497+0200][206,017s] GC(739) Concurrent Sweep 166,944ms
[2019-04-15T14:12:37.497+0200][206,017s] GC(739) User=0,33s Sys=0,00s Real=0,17s
[2019-04-15T14:12:37.497+0200][206,017s] GC(739) Concurrent Reset
[2019-04-15T14:12:37.498+0200][206,019s] GC(739) Concurrent Reset 1,246ms
[2019-04-15T14:12:37.498+0200][206,019s] GC(739) User=0,01s Sys=0,00s Real=0,00s
[2019-04-15T14:12:37.498+0200][206,019s] GC(739) Old: 199217K->136511K(393216K)
[2019-04-15T14:12:37.676+0200][206,197s] GC(742) Pause Young (Allocation Failure)
[2019-04-15T14:12:37.676+0200][206,197s] GC(742) Using 4 workers of 4 for evacuation
[2019-04-15T14:12:37.684+0200][206,204s] GC(742) ParNew: 97137K->6857K(109248K)
[2019-04-15T14:12:37.684+0200][206,204s] GC(742) CMS: 136511K->136858K(393216K)
[2019-04-15T14:12:37.684+0200][206,204s] GC(742) Metaspace: 78641K->78641K(1122304K)
[2019-04-15T14:12:37.684+0200][206,204s] GC(742) Pause Young (Allocation Failure) 228M->140M(490M) 7,645ms
[2019-04-15T14:12:37.684+0200][206,204s] GC(742) User=0,02s Sys=0,00s Real=0,00s
[2019-04-15T14:12:37.952+0200][206,472s] GC(743) Pause Young (Allocation Failure)
[2019-04-15T14:12:37.952+0200][206,472s] GC(743) Using 4 workers of 4 for evacuation
[2019-04-15T14:12:37.960+0200][206,481s] GC(743) ParNew: 94281K->3164K(109248K)
[2019-04-15T14:12:37.960+0200][206,481s] GC(743) CMS: 136858K->138691K(393216K)
[2019-04-15T14:12:37.960+0200][206,481s] GC(743) Metaspace: 78642K->78642K(1122304K)
[2019-04-15T14:12:37.960+0200][206,481s] GC(743) Pause Young (Allocation Failure) 225M->138M(490M) 8,537ms
[2019-04-15T14:12:37.960+0200][206,481s] GC(743) User=0,02s Sys=0,00s Real=0,01s
[2019-04-15T14:12:38.302+0200][206,822s] GC(744) Pause Young (Allocation Failure)
[2019-04-15T14:12:38.302+0200][206,822s] GC(744) Using 4 workers of 4 for evacuation
[2019-04-15T14:12:38.310+0200][206,830s] GC(744) ParNew: 90588K->2542K(109248K)
[2019-04-15T14:12:38.310+0200][206,830s] GC(744) CMS: 138691K->141212K(393216K)
[2019-04-15T14:12:38.310+0200][206,830s] GC(744) Metaspace: 78642K->78642K(1122304K)
[2019-04-15T14:12:38.310+0200][206,830s] GC(744) Pause Young (Allocation Failure) 223M->140M(490M) 7,914ms
[2019-04-15T14:12:38.310+0200][206,830s] GC(744) User=0,02s Sys=0,00s Real=0,01s
[2019-04-15T14:12:38.607+0200][207,128s] GC(745) Pause Young (Allocation Failure)
[2019-04-15T14:12:38.607+0200][207,128s] GC(745) Using 4 workers of 4 for evacuation
[2019-04-15T14:12:38.613+0200][207,133s] GC(745) ParNew: 89966K->661K(109248K)
[2019-04-15T14:12:38.613+0200][207,133s] GC(745) CMS: 141212K->141262K(393216K)
[2019-04-15T14:12:38.613+0200][207,133s] GC(745) Metaspace: 78645K->78645K(1122304K)
[2019-04-15T14:12:38.613+0200][207,133s] GC(745) Pause Young (Allocation Failure) 225M->138M(490M) 5,599ms
[2019-04-15T14:12:38.613+0200][207,133s] GC(745) User=0,01s Sys=0,00s Real=0,00s
[2019-04-15T14:12:38.980+0200][207,501s] GC(746) Pause Young (Allocation Failure)
[2019-04-15T14:12:38.980+0200][207,501s] GC(746) Using 4 workers of 4 for evacuation
[2019-04-15T14:12:38.985+0200][207,506s] GC(746) ParNew: 88085K->298K(109248K)
[2019-04-15T14:12:38.985+0200][207,506s] GC(746) CMS: 141262K->141295K(393216K)
[2019-04-15T14:12:38.985+0200][207,506s] GC(746) Metaspace: 78645K->78645K(1122304K)
[2019-04-15T14:12:38.985+0200][207,506s] GC(746) Pause Young (Allocation Failure) 223M->138M(490M) 4,960ms
[2019-04-15T14:12:38.985+0200][207,506s] GC(746) User=0,01s Sys=0,00s Real=0,01s
[2019-04-15T14:12:39.298+0200][207,818s] GC(747) Pause Young (Allocation Failure)
[2019-04-15T14:12:39.298+0200][207,819s] GC(747) Using 4 workers of 4 for evacuation
[2019-04-15T14:12:39.305+0200][207,825s] GC(747) ParNew: 87310K->1302K(109248K)
[2019-04-15T14:12:39.305+0200][207,825s] GC(747) CMS: 141295K->141300K(393216K)
[2019-04-15T14:12:39.305+0200][207,825s] GC(747) Metaspace: 78663K->78663K(1122304K)
[2019-04-15T14:12:39.305+0200][207,825s] GC(747) Pause Young (Allocation Failure) 223M->139M(490M) 6,594ms
[2019-04-15T14:12:39.305+0200][207,825s] GC(747) User=0,02s Sys=0,00s Real=0,00s
[2019-04-15T14:12:39.357+0200][207,877s] GC(748) Pause Young (Allocation Failure)
[2019-04-15T14:12:39.357+0200][207,877s] GC(748) Using 4 workers of 4 for evacuation
[2019-04-15T14:12:39.366+0200][207,886s] GC(748) ParNew: 88726K->817K(109248K)
[2019-04-15T14:12:39.366+0200][207,886s] GC(748) CMS: 141300K->141302K(393216K)
[2019-04-15T14:12:39.366+0200][207,886s] GC(748) Metaspace: 78675K->78675K(1122304K)
[2019-04-15T14:12:39.366+0200][207,886s] GC(748) Pause Young (Allocation Failure) 224M->138M(490M) 8,952ms
[2019-04-15T14:12:39.366+0200][207,886s] GC(748) User=0,02s Sys=0,00s Real=0,01s
[2019-04-15T14:17:07.245+0200][475,766s] GC(749) Pause Young (Allocation Failure)
[2019-04-15T14:17:07.246+0200][475,766s] GC(749) Using 4 workers of 4 for evacuation
[2019-04-15T14:17:07.272+0200][475,793s] GC(749) ParNew: 88241K->1157K(109248K)
[2019-04-15T14:17:07.272+0200][475,793s] GC(749) CMS: 141302K->141307K(393216K)
[2019-04-15T14:17:07.272+0200][475,793s] GC(749) Metaspace: 79542K->79542K(1122304K)
[2019-04-15T14:17:07.272+0200][475,793s] GC(749) Pause Young (Allocation Failure) 224M->139M(490M) 27,027ms
[2019-04-15T14:17:07.272+0200][475,793s] GC(749) User=0,06s Sys=0,00s Real=0,02s
[2019-04-15T14:41:35.406+0200][1943,926s] GC(750) Pause Young (Allocation Failure)
[2019-04-15T14:41:35.406+0200][1943,926s] GC(750) Using 4 workers of 4 for evacuation
[2019-04-15T14:41:35.414+0200][1943,935s] GC(750) ParNew: 88581K->3572K(109248K)
[2019-04-15T14:41:35.414+0200][1943,935s] GC(750) CMS: 141307K->141313K(393216K)
[2019-04-15T14:41:35.414+0200][1943,935s] GC(750) Metaspace: 80076K->80076K(1122304K)
[2019-04-15T14:41:35.414+0200][1943,935s] GC(750) Pause Young (Allocation Failure) 224M->141M(490M) 8,512ms
[2019-04-15T14:41:35.414+0200][1943,935s] GC(750) User=0,02s Sys=0,00s Real=0,01s
[2019-04-15T14:58:36.186+0200][2964,706s] GC(751) Pause Young (Allocation Failure)
[2019-04-15T14:58:36.186+0200][2964,706s] GC(751) Using 4 workers of 4 for evacuation
[2019-04-15T14:58:36.197+0200][2964,717s] GC(751) ParNew: 90996K->5323K(109248K)
[2019-04-15T14:58:36.197+0200][2964,717s] GC(751) CMS: 141313K->141321K(393216K)
[2019-04-15T14:58:36.197+0200][2964,717s] GC(751) Metaspace: 80840K->80840K(1124352K)
[2019-04-15T14:58:36.197+0200][2964,717s] GC(751) Pause Young (Allocation Failure) 226M->143M(490M) 11,283ms
[2019-04-15T14:58:36.197+0200][2964,718s] GC(751) User=0,03s Sys=0,00s Real=0,01s
[2019-04-15T15:32:23.397+0200][4987,917s] GC(752) Pause Young (Allocation Failure)
[2019-04-15T15:32:23.397+0200][4987,917s] GC(752) Using 4 workers of 4 for evacuation
[2019-04-15T15:32:23.415+0200][4987,936s] GC(752) ParNew: 92747K->9286K(109248K)
[2019-04-15T15:32:23.415+0200][4987,936s] GC(752) CMS: 141321K->141322K(393216K)
[2019-04-15T15:32:23.415+0200][4987,936s] GC(752) Metaspace: 81317K->81317K(1124352K)
[2019-04-15T15:32:23.415+0200][4987,936s] GC(752) Pause Young (Allocation Failure) 228M->147M(490M) 18,548ms
[2019-04-15T15:32:23.415+0200][4987,936s] GC(752) User=0,06s Sys=0,00s Real=0,02s
[2019-04-15T15:32:24.598+0200][4989,118s] GC(753) Pause Young (Allocation Failure)
[2019-04-15T15:32:24.598+0200][4989,118s] GC(753) Using 4 workers of 4 for evacuation
[2019-04-15T15:32:24.628+0200][4989,148s] GC(753) ParNew: 96710K->17102K(109248K)
[2019-04-15T15:32:24.628+0200][4989,148s] GC(753) CMS: 141322K->141324K(393216K)
[2019-04-15T15:32:24.628+0200][4989,148s] GC(753) Metaspace: 81341K->81341K(1124352K)
[2019-04-15T15:32:24.628+0200][4989,148s] GC(753) Pause Young (Allocation Failure) 232M->154M(490M) 29,812ms
[2019-04-15T15:32:24.628+0200][4989,148s] GC(753) User=0,06s Sys=0,00s Real=0,03s
[2019-04-15T15:32:25.457+0200][4989,978s] GC(754) Pause Young (Allocation Failure)
[2019-04-15T15:32:25.457+0200][4989,978s] GC(754) Using 4 workers of 4 for evacuation
[2019-04-15T15:32:25.486+0200][4990,007s] GC(754) ParNew: 104526K->21409K(109248K)
[2019-04-15T15:32:25.486+0200][4990,007s] GC(754) CMS: 141324K->141332K(393216K)
[2019-04-15T15:32:25.486+0200][4990,007s] GC(754) Metaspace: 81368K->81368K(1124352K)
[2019-04-15T15:32:25.486+0200][4990,007s] GC(754) Pause Young (Allocation Failure) 240M->158M(490M) 29,232ms
[2019-04-15T15:32:25.486+0200][4990,007s] GC(754) User=0,07s Sys=0,00s Real=0,03s
[2019-04-15T15:32:26.334+0200][4990,854s] GC(755) Pause Young (Allocation Failure)
[2019-04-15T15:32:26.334+0200][4990,854s] GC(755) Using 4 workers of 4 for evacuation
[2019-04-15T15:32:26.377+0200][4990,897s] GC(755) ParNew: 108833K->19988K(109248K)
[2019-04-15T15:32:26.377+0200][4990,897s] GC(755) CMS: 141332K->141626K(393216K)
[2019-04-15T15:32:26.377+0200][4990,897s] GC(755) Metaspace: 81387K->81387K(1124352K)
[2019-04-15T15:32:26.377+0200][4990,897s] GC(755) Pause Young (Allocation Failure) 244M->157M(490M) 43,195ms
[2019-04-15T15:32:26.377+0200][4990,897s] GC(755) User=0,12s Sys=0,00s Real=0,04s
[2019-04-15T15:34:32.776+0200][5117,297s] GC(756) Pause Young (Allocation Failure)
[2019-04-15T15:34:32.776+0200][5117,297s] GC(756) Using 4 workers of 4 for evacuation
[2019-04-15T15:34:32.830+0200][5117,350s] GC(756) ParNew: 107399K->21456K(109248K)
[2019-04-15T15:34:32.830+0200][5117,350s] GC(756) CMS: 141626K->141627K(393216K)
[2019-04-15T15:34:32.830+0200][5117,350s] GC(756) Metaspace: 81637K->81637K(1124352K)
[2019-04-15T15:34:32.830+0200][5117,351s] GC(756) Pause Young (Allocation Failure) 243M->159M(490M) 53,756ms
[2019-04-15T15:34:32.830+0200][5117,351s] GC(756) User=0,04s Sys=0,00s Real=0,05s
[2019-04-15T15:34:33.393+0200][5117,914s] GC(757) Pause Young (Allocation Failure)
[2019-04-15T15:34:33.393+0200][5117,914s] GC(757) Using 4 workers of 4 for evacuation
[2019-04-15T15:34:33.430+0200][5117,950s] GC(757) ParNew: 108880K->21824K(109248K)
[2019-04-15T15:34:33.430+0200][5117,950s] GC(757) CMS: 141627K->148073K(393216K)
[2019-04-15T15:34:33.430+0200][5117,950s] GC(757) Metaspace: 81664K->81664K(1124352K)
[2019-04-15T15:34:33.430+0200][5117,950s] GC(757) Pause Young (Allocation Failure) 244M->165M(490M) 36,429ms
[2019-04-15T15:34:33.430+0200][5117,950s] GC(757) User=0,07s Sys=0,00s Real=0,03s
[2019-04-15T15:34:33.857+0200][5118,378s] GC(758) Pause Young (Allocation Failure)
[2019-04-15T15:34:33.857+0200][5118,378s] GC(758) Using 4 workers of 4 for evacuation
[2019-04-15T15:34:33.903+0200][5118,424s] GC(758) ParNew: 109247K->21824K(109248K)
[2019-04-15T15:34:33.903+0200][5118,424s] GC(758) CMS: 148073K->150142K(393216K)
[2019-04-15T15:34:33.903+0200][5118,424s] GC(758) Metaspace: 81686K->81686K(1124352K)
[2019-04-15T15:34:33.903+0200][5118,424s] GC(758) Pause Young (Allocation Failure) 251M->167M(490M) 46,013ms
[2019-04-15T15:34:33.903+0200][5118,424s] GC(758) User=0,08s Sys=0,00s Real=0,04s
[2019-04-15T15:34:34.275+0200][5118,795s] GC(759) Pause Young (Allocation Failure)
[2019-04-15T15:34:34.275+0200][5118,795s] GC(759) Using 4 workers of 4 for evacuation
[2019-04-15T15:34:34.312+0200][5118,832s] GC(759) ParNew: 109248K->21824K(109248K)
[2019-04-15T15:34:34.312+0200][5118,832s] GC(759) CMS: 150142K->151964K(393216K)
[2019-04-15T15:34:34.312+0200][5118,832s] GC(759) Metaspace: 81773K->81773K(1124352K)
[2019-04-15T15:34:34.312+0200][5118,832s] GC(759) Pause Young (Allocation Failure) 253M->169M(490M) 36,910ms
[2019-04-15T15:34:34.312+0200][5118,832s] GC(759) User=0,06s Sys=0,00s Real=0,03s
[2019-04-15T15:34:34.561+0200][5119,081s] GC(760) Pause Young (Allocation Failure)
[2019-04-15T15:34:34.561+0200][5119,081s] GC(760) Using 4 workers of 4 for evacuation
[2019-04-15T15:34:34.599+0200][5119,119s] GC(760) ParNew: 109248K->21824K(109248K)
[2019-04-15T15:34:34.599+0200][5119,119s] GC(760) CMS: 151964K->154403K(393216K)
[2019-04-15T15:34:34.599+0200][5119,119s] GC(760) Metaspace: 81790K->81790K(1124352K)
[2019-04-15T15:34:34.599+0200][5119,119s] GC(760) Pause Young (Allocation Failure) 255M->172M(490M) 38,109ms
[2019-04-15T15:34:34.599+0200][5119,119s] GC(760) User=0,07s Sys=0,00s Real=0,04s
[2019-04-15T15:34:34.871+0200][5119,391s] GC(761) Pause Young (Allocation Failure)
[2019-04-15T15:34:34.871+0200][5119,391s] GC(761) Using 4 workers of 4 for evacuation
[2019-04-15T15:34:34.908+0200][5119,429s] GC(761) ParNew: 109248K->21824K(109248K)
[2019-04-15T15:34:34.908+0200][5119,429s] GC(761) CMS: 154403K->158354K(393216K)
[2019-04-15T15:34:34.908+0200][5119,429s] GC(761) Metaspace: 81994K->81994K(1124352K)
[2019-04-15T15:34:34.908+0200][5119,429s] GC(761) Pause Young (Allocation Failure) 257M->175M(490M) 37,513ms
[2019-04-15T15:34:34.908+0200][5119,429s] GC(761) User=0,07s Sys=0,00s Real=0,04s
[2019-04-15T15:34:35.064+0200][5119,585s] GC(762) Pause Young (Allocation Failure)
[2019-04-15T15:34:35.065+0200][5119,585s] GC(762) Using 4 workers of 4 for evacuation
[2019-04-15T15:34:35.103+0200][5119,623s] GC(762) ParNew: 109248K->19739K(109248K)
[2019-04-15T15:34:35.103+0200][5119,623s] GC(762) CMS: 158354K->158820K(393216K)
[2019-04-15T15:34:35.103+0200][5119,623s] GC(762) Metaspace: 82300K->82300K(1124352K)
[2019-04-15T15:34:35.103+0200][5119,623s] GC(762) Pause Young (Allocation Failure) 261M->174M(490M) 38,086ms
[2019-04-15T15:34:35.103+0200][5119,623s] GC(762) User=0,07s Sys=0,00s Real=0,04s
[2019-04-15T15:34:35.777+0200][5120,298s] GC(763) Pause Young (Allocation Failure)
[2019-04-15T15:34:35.777+0200][5120,298s] GC(763) Using 4 workers of 4 for evacuation
[2019-04-15T15:34:35.839+0200][5120,359s] GC(763) ParNew: 107163K->21824K(109248K)
[2019-04-15T15:34:35.839+0200][5120,359s] GC(763) CMS: 158820K->167438K(393216K)
[2019-04-15T15:34:35.839+0200][5120,359s] GC(763) Metaspace: 82304K->82304K(1124352K)
[2019-04-15T15:34:35.839+0200][5120,359s] GC(763) Pause Young (Allocation Failure) 259M->184M(490M) 61,687ms
[2019-04-15T15:34:35.839+0200][5120,359s] GC(763) User=0,08s Sys=0,00s Real=0,06s
[2019-04-15T15:34:36.349+0200][5120,869s] GC(764) Pause Young (Allocation Failure)
[2019-04-15T15:34:36.349+0200][5120,870s] GC(764) Using 4 workers of 4 for evacuation
[2019-04-15T15:34:36.397+0200][5120,918s] GC(764) ParNew: 109248K->21824K(109248K)
[2019-04-15T15:34:36.397+0200][5120,918s] GC(764) CMS: 167438K->176392K(393216K)
[2019-04-15T15:34:36.397+0200][5120,918s] GC(764) Metaspace: 82311K->82311K(1124352K)
[2019-04-15T15:34:36.397+0200][5120,918s] GC(764) Pause Young (Allocation Failure) 270M->193M(490M) 48,131ms
[2019-04-15T15:34:36.397+0200][5120,918s] GC(764) User=0,08s Sys=0,00s Real=0,05s
[2019-04-15T15:34:36.739+0200][5121,260s] GC(765) Pause Young (Allocation Failure)
[2019-04-15T15:34:36.739+0200][5121,260s] GC(765) Using 4 workers of 4 for evacuation
[2019-04-15T15:34:36.765+0200][5121,286s] GC(765) ParNew: 109248K->21824K(109248K)
[2019-04-15T15:34:36.765+0200][5121,286s] GC(765) CMS: 176392K->179591K(393216K)
[2019-04-15T15:34:36.765+0200][5121,286s] GC(765) Metaspace: 82311K->82311K(1124352K)
[2019-04-15T15:34:36.765+0200][5121,286s] GC(765) Pause Young (Allocation Failure) 278M->196M(490M) 25,798ms
[2019-04-15T15:34:36.765+0200][5121,286s] GC(765) User=0,05s Sys=0,00s Real=0,03s
[2019-04-15T15:34:37.157+0200][5121,677s] GC(766) Pause Young (Allocation Failure)
[2019-04-15T15:34:37.157+0200][5121,677s] GC(766) Using 4 workers of 4 for evacuation
[2019-04-15T15:34:37.213+0200][5121,734s] GC(766) ParNew: 109248K->21824K(109248K)
[2019-04-15T15:34:37.213+0200][5121,734s] GC(766) CMS: 179591K->179962K(393216K)
[2019-04-15T15:34:37.213+0200][5121,734s] GC(766) Metaspace: 82311K->82311K(1124352K)
[2019-04-15T15:34:37.213+0200][5121,734s] GC(766) Pause Young (Allocation Failure) 282M->197M(490M) 56,821ms
[2019-04-15T15:34:37.213+0200][5121,734s] GC(766) User=0,09s Sys=0,01s Real=0,06s
[2019-04-15T15:34:37.472+0200][5121,992s] GC(767) Pause Young (Allocation Failure)
[2019-04-15T15:34:37.472+0200][5121,992s] GC(767) Using 4 workers of 4 for evacuation
[2019-04-15T15:34:37.509+0200][5122,030s] GC(767) ParNew: 109248K->21824K(109248K)
[2019-04-15T15:34:37.509+0200][5122,030s] GC(767) CMS: 179962K->181324K(393216K)
[2019-04-15T15:34:37.509+0200][5122,030s] GC(767) Metaspace: 82311K->82311K(1124352K)
[2019-04-15T15:34:37.509+0200][5122,030s] GC(767) Pause Young (Allocation Failure) 282M->198M(490M) 37,444ms
[2019-04-15T15:34:37.509+0200][5122,030s] GC(767) User=0,04s Sys=0,00s Real=0,04s
[2019-04-15T15:34:37.752+0200][5122,272s] GC(768) Pause Young (Allocation Failure)
[2019-04-15T15:34:37.752+0200][5122,272s] GC(768) Using 4 workers of 4 for evacuation
[2019-04-15T15:34:37.797+0200][5122,317s] GC(768) ParNew: 109248K->21824K(109248K)
[2019-04-15T15:34:37.797+0200][5122,317s] GC(768) CMS: 181324K->188809K(393216K)
[2019-04-15T15:34:37.797+0200][5122,317s] GC(768) Metaspace: 82311K->82311K(1124352K)
[2019-04-15T15:34:37.797+0200][5122,317s] GC(768) Pause Young (Allocation Failure) 283M->205M(490M) 45,079ms
[2019-04-15T15:34:37.797+0200][5122,318s] GC(768) User=0,07s Sys=0,00s Real=0,05s
[2019-04-15T15:34:38.017+0200][5122,537s] GC(769) Pause Young (Allocation Failure)
[2019-04-15T15:34:38.017+0200][5122,537s] GC(769) Using 4 workers of 4 for evacuation
[2019-04-15T15:34:38.044+0200][5122,564s] GC(769) ParNew: 109248K->21824K(109248K)
[2019-04-15T15:34:38.044+0200][5122,565s] GC(769) CMS: 188809K->196586K(393216K)
[2019-04-15T15:34:38.044+0200][5122,565s] GC(769) Metaspace: 82311K->82311K(1124352K)
[2019-04-15T15:34:38.044+0200][5122,565s] GC(769) Pause Young (Allocation Failure) 291M->213M(490M) 27,539ms
[2019-04-15T15:34:38.044+0200][5122,565s] GC(769) User=0,05s Sys=0,00s Real=0,02s
[2019-04-15T15:34:38.270+0200][5122,790s] GC(770) Pause Young (Allocation Failure)
[2019-04-15T15:34:38.270+0200][5122,791s] GC(770) Using 4 workers of 4 for evacuation
[2019-04-15T15:34:38.294+0200][5122,814s] GC(770) ParNew: 109248K->13029K(109248K)
[2019-04-15T15:34:38.294+0200][5122,814s] GC(770) CMS: 196586K->196586K(393216K)
[2019-04-15T15:34:38.294+0200][5122,814s] GC(770) Metaspace: 82311K->82311K(1124352K)
[2019-04-15T15:34:38.294+0200][5122,814s] GC(770) Pause Young (Allocation Failure) 298M->204M(490M) 23,856ms
[2019-04-15T15:34:38.294+0200][5122,814s] GC(770) User=0,03s Sys=0,00s Real=0,03s
[2019-04-15T15:34:38.536+0200][5123,056s] GC(771) Pause Young (Allocation Failure)
[2019-04-15T15:34:38.536+0200][5123,056s] GC(771) Using 4 workers of 4 for evacuation
[2019-04-15T15:34:38.564+0200][5123,084s] GC(771) ParNew: 100453K->9628K(109248K)
[2019-04-15T15:34:38.564+0200][5123,084s] GC(771) CMS: 196586K->196586K(393216K)
[2019-04-15T15:34:38.564+0200][5123,084s] GC(771) Metaspace: 82311K->82311K(1124352K)
[2019-04-15T15:34:38.564+0200][5123,084s] GC(771) Pause Young (Allocation Failure) 290M->201M(490M) 28,007ms
[2019-04-15T15:34:38.564+0200][5123,084s] GC(771) User=0,05s Sys=0,00s Real=0,02s
[2019-04-15T15:34:38.777+0200][5123,297s] GC(772) Pause Young (Allocation Failure)
[2019-04-15T15:34:38.777+0200][5123,297s] GC(772) Using 4 workers of 4 for evacuation
[2019-04-15T15:34:38.794+0200][5123,314s] GC(772) ParNew: 97052K->14071K(109248K)
[2019-04-15T15:34:38.794+0200][5123,314s] GC(772) CMS: 196586K->196607K(393216K)
[2019-04-15T15:34:38.794+0200][5123,314s] GC(772) Metaspace: 82311K->82311K(1124352K)
[2019-04-15T15:34:38.794+0200][5123,314s] GC(772) Pause Young (Allocation Failure) 286M->205M(490M) 16,575ms
[2019-04-15T15:34:38.794+0200][5123,314s] GC(772) User=0,03s Sys=0,00s Real=0,02s
[2019-04-15T15:34:39.086+0200][5123,607s] GC(773) Pause Young (Allocation Failure)
[2019-04-15T15:34:39.086+0200][5123,607s] GC(773) Using 4 workers of 4 for evacuation
[2019-04-15T15:34:39.095+0200][5123,616s] GC(773) ParNew: 101495K->10490K(109248K)
[2019-04-15T15:34:39.095+0200][5123,616s] GC(773) CMS: 196607K->196608K(393216K)
[2019-04-15T15:34:39.095+0200][5123,616s] GC(773) Metaspace: 82311K->82311K(1124352K)
[2019-04-15T15:34:39.096+0200][5123,616s] GC(773) Pause Young (Allocation Failure) 291M->202M(490M) 9,280ms
[2019-04-15T15:34:39.096+0200][5123,616s] GC(773) User=0,02s Sys=0,00s Real=0,01s
[2019-04-15T15:34:39.103+0200][5123,623s] GC(774) Pause Initial Mark
[2019-04-15T15:34:39.105+0200][5123,625s] GC(774) Pause Initial Mark 203M->203M(490M) 2,048ms
[2019-04-15T15:34:39.105+0200][5123,625s] GC(774) User=0,01s Sys=0,00s Real=0,01s
[2019-04-15T15:34:39.105+0200][5123,625s] GC(774) Concurrent Mark
[2019-04-15T15:34:39.105+0200][5123,626s] GC(774) Using 4 workers of 4 for marking
[2019-04-15T15:34:39.163+0200][5123,684s] GC(774) Concurrent Mark 58,184ms
[2019-04-15T15:34:39.163+0200][5123,684s] GC(774) User=0,16s Sys=0,00s Real=0,05s
[2019-04-15T15:34:39.163+0200][5123,684s] GC(774) Concurrent Preclean
[2019-04-15T15:34:39.165+0200][5123,685s] GC(774) Concurrent Preclean 1,321ms
[2019-04-15T15:34:39.165+0200][5123,685s] GC(774) User=0,00s Sys=0,00s Real=0,00s
[2019-04-15T15:34:39.165+0200][5123,685s] GC(774) Concurrent Abortable Preclean
[2019-04-15T15:34:39.391+0200][5123,911s] GC(775) Pause Young (Allocation Failure)
[2019-04-15T15:34:39.391+0200][5123,911s] GC(775) Using 4 workers of 4 for evacuation
[2019-04-15T15:34:39.398+0200][5123,919s] GC(775) ParNew: 97914K->14241K(109248K)
[2019-04-15T15:34:39.398+0200][5123,919s] GC(775) CMS: 196608K->196609K(393216K)
[2019-04-15T15:34:39.398+0200][5123,919s] GC(775) Metaspace: 82311K->82311K(1124352K)
[2019-04-15T15:34:39.398+0200][5123,919s] GC(775) Pause Young (Allocation Failure) 287M->205M(490M) 7,570ms
[2019-04-15T15:34:39.398+0200][5123,919s] GC(775) User=0,02s Sys=0,00s Real=0,01s
[2019-04-15T15:34:39.599+0200][5124,119s] GC(776) Pause Young (Allocation Failure)
[2019-04-15T15:34:39.599+0200][5124,119s] GC(776) Using 4 workers of 4 for evacuation
[2019-04-15T15:34:39.605+0200][5124,125s] GC(774) Concurrent Abortable Preclean 440,227ms
[2019-04-15T15:34:39.605+0200][5124,125s] GC(774) User=0,57s Sys=0,00s Real=0,45s
[2019-04-15T15:34:39.625+0200][5124,146s] GC(776) ParNew: 101665K->15843K(109248K)
[2019-04-15T15:34:39.625+0200][5124,146s] GC(776) CMS: 196609K->196609K(393216K)
[2019-04-15T15:34:39.625+0200][5124,146s] GC(776) Metaspace: 82311K->82311K(1124352K)
[2019-04-15T15:34:39.625+0200][5124,146s] GC(776) Pause Young (Allocation Failure) 291M->207M(490M) 26,329ms
[2019-04-15T15:34:39.625+0200][5124,146s] GC(776) User=0,06s Sys=0,00s Real=0,03s
[2019-04-15T15:34:39.627+0200][5124,148s] GC(774) Pause Remark
[2019-04-15T15:34:39.628+0200][5124,148s] GC(777) Pause Young (CMS Final Remark)
[2019-04-15T15:34:39.628+0200][5124,148s] GC(777) Using 4 workers of 4 for evacuation
[2019-04-15T15:34:39.657+0200][5124,177s] GC(777) ParNew: 18903K->11196K(109248K)
[2019-04-15T15:34:39.657+0200][5124,177s] GC(777) CMS: 196609K->204750K(393216K)
[2019-04-15T15:34:39.657+0200][5124,177s] GC(777) Metaspace: 82311K->82311K(1124352K)
[2019-04-15T15:34:39.657+0200][5124,177s] GC(777) Pause Young (CMS Final Remark) 210M->210M(490M) 29,315ms
[2019-04-15T15:34:39.657+0200][5124,177s] GC(777) User=0,06s Sys=0,00s Real=0,03s
[2019-04-15T15:34:39.775+0200][5124,295s] GC(774) Pause Remark 210M->210M(490M) 147,491ms
[2019-04-15T15:34:39.775+0200][5124,295s] GC(774) User=0,23s Sys=0,01s Real=0,15s
[2019-04-15T15:34:39.775+0200][5124,296s] GC(774) Concurrent Sweep
[2019-04-15T15:34:39.921+0200][5124,441s] GC(774) Concurrent Sweep 145,886ms
[2019-04-15T15:34:39.921+0200][5124,441s] GC(774) User=0,32s Sys=0,00s Real=0,14s
[2019-04-15T15:34:39.921+0200][5124,442s] GC(774) Concurrent Reset
[2019-04-15T15:34:39.922+0200][5124,442s] GC(774) Concurrent Reset 0,482ms
[2019-04-15T15:34:39.922+0200][5124,442s] GC(774) User=0,00s Sys=0,00s Real=0,00s
[2019-04-15T15:34:39.922+0200][5124,442s] GC(774) Old: 196608K->139177K(393216K)
[2019-04-15T15:34:39.925+0200][5124,445s] GC(778) Pause Young (Allocation Failure)
[2019-04-15T15:34:39.925+0200][5124,445s] GC(778) Using 4 workers of 4 for evacuation
[2019-04-15T15:34:39.958+0200][5124,478s] GC(778) ParNew: 98620K->7560K(109248K)
[2019-04-15T15:34:39.958+0200][5124,478s] GC(778) CMS: 139177K->139201K(393216K)
[2019-04-15T15:34:39.958+0200][5124,478s] GC(778) Metaspace: 82301K->82301K(1124352K)
[2019-04-15T15:34:39.958+0200][5124,479s] GC(778) Pause Young (Allocation Failure) 232M->143M(490M) 33,211ms
[2019-04-15T15:34:39.958+0200][5124,479s] GC(778) User=0,07s Sys=0,00s Real=0,04s
[2019-04-15T15:34:40.123+0200][5124,644s] GC(779) Pause Young (Allocation Failure)
[2019-04-15T15:34:40.123+0200][5124,644s] GC(779) Using 4 workers of 4 for evacuation
[2019-04-15T15:34:40.137+0200][5124,658s] GC(779) ParNew: 94984K->7479K(109248K)
[2019-04-15T15:34:40.137+0200][5124,658s] GC(779) CMS: 139201K->139202K(393216K)
[2019-04-15T15:34:40.137+0200][5124,658s] GC(779) Metaspace: 82301K->82301K(1124352K)
[2019-04-15T15:34:40.138+0200][5124,658s] GC(779) Pause Young (Allocation Failure) 228M->143M(490M) 14,090ms
[2019-04-15T15:34:40.138+0200][5124,658s] GC(779) User=0,02s Sys=0,00s Real=0,02s
[2019-04-15T15:34:40.333+0200][5124,854s] GC(780) Pause Young (Allocation Failure)
[2019-04-15T15:34:40.333+0200][5124,854s] GC(780) Using 4 workers of 4 for evacuation
[2019-04-15T15:34:40.369+0200][5124,889s] GC(780) ParNew: 94903K->15867K(109248K)
[2019-04-15T15:34:40.369+0200][5124,889s] GC(780) CMS: 139202K->139202K(393216K)
[2019-04-15T15:34:40.369+0200][5124,890s] GC(780) Metaspace: 82301K->82301K(1124352K)
[2019-04-15T15:34:40.369+0200][5124,890s] GC(780) Pause Young (Allocation Failure) 228M->151M(490M) 36,012ms
[2019-04-15T15:34:40.369+0200][5124,890s] GC(780) User=0,07s Sys=0,00s Real=0,03s
[2019-04-15T15:34:40.789+0200][5125,309s] GC(781) Pause Young (Allocation Failure)
[2019-04-15T15:34:40.789+0200][5125,310s] GC(781) Using 4 workers of 4 for evacuation
[2019-04-15T15:34:40.794+0200][5125,315s] GC(781) ParNew: 103291K->12477K(109248K)
[2019-04-15T15:34:40.794+0200][5125,315s] GC(781) CMS: 139202K->139202K(393216K)
[2019-04-15T15:34:40.794+0200][5125,315s] GC(781) Metaspace: 82331K->82331K(1126400K)
[2019-04-15T15:34:40.794+0200][5125,315s] GC(781) Pause Young (Allocation Failure) 236M->148M(490M) 5,360ms
[2019-04-15T15:34:40.794+0200][5125,315s] GC(781) User=0,02s Sys=0,00s Real=0,01s
[2019-04-15T15:34:41.023+0200][5125,543s] GC(782) Pause Young (Allocation Failure)
[2019-04-15T15:34:41.023+0200][5125,543s] GC(782) Using 4 workers of 4 for evacuation
[2019-04-15T15:34:41.033+0200][5125,554s] GC(782) ParNew: 99901K->11206K(109248K)
[2019-04-15T15:34:41.033+0200][5125,554s] GC(782) CMS: 139202K->139203K(393216K)
[2019-04-15T15:34:41.033+0200][5125,554s] GC(782) Metaspace: 82337K->82337K(1126400K)
[2019-04-15T15:34:41.034+0200][5125,554s] GC(782) Pause Young (Allocation Failure) 233M->146M(490M) 10,998ms
[2019-04-15T15:34:41.034+0200][5125,554s] GC(782) User=0,03s Sys=0,00s Real=0,02s
[2019-04-15T15:34:41.258+0200][5125,778s] GC(783) Pause Young (Allocation Failure)
[2019-04-15T15:34:41.258+0200][5125,779s] GC(783) Using 4 workers of 4 for evacuation
[2019-04-15T15:34:41.301+0200][5125,822s] GC(783) ParNew: 98630K->13661K(109248K)
[2019-04-15T15:34:41.301+0200][5125,822s] GC(783) CMS: 139203K->139203K(393216K)
[2019-04-15T15:34:41.301+0200][5125,822s] GC(783) Metaspace: 82370K->82370K(1126400K)
[2019-04-15T15:34:41.301+0200][5125,822s] GC(783) Pause Young (Allocation Failure) 232M->149M(490M) 43,319ms
[2019-04-15T15:34:41.301+0200][5125,822s] GC(783) User=0,07s Sys=0,00s Real=0,04s
[2019-04-15T15:34:42.407+0200][5126,927s] GC(784) Pause Young (Allocation Failure)
[2019-04-15T15:34:42.407+0200][5126,927s] GC(784) Using 4 workers of 4 for evacuation
[2019-04-15T15:34:42.441+0200][5126,961s] GC(784) ParNew: 101085K->21824K(109248K)
[2019-04-15T15:34:42.441+0200][5126,961s] GC(784) CMS: 139203K->149058K(393216K)
[2019-04-15T15:34:42.441+0200][5126,961s] GC(784) Metaspace: 82546K->82546K(1126400K)
[2019-04-15T15:34:42.441+0200][5126,961s] GC(784) Pause Young (Allocation Failure) 234M->166M(490M) 33,892ms
[2019-04-15T15:34:42.441+0200][5126,961s] GC(784) User=0,06s Sys=0,00s Real=0,03s
[2019-04-15T15:34:42.643+0200][5127,164s] GC(785) Pause Young (Allocation Failure)
[2019-04-15T15:34:42.643+0200][5127,164s] GC(785) Using 4 workers of 4 for evacuation
[2019-04-15T15:34:42.697+0200][5127,217s] GC(785) ParNew: 109248K->21824K(109248K)
[2019-04-15T15:34:42.697+0200][5127,217s] GC(785) CMS: 149058K->173861K(393216K)
[2019-04-15T15:34:42.697+0200][5127,217s] GC(785) Metaspace: 82615K->82615K(1126400K)
[2019-04-15T15:34:42.697+0200][5127,218s] GC(785) Pause Young (Allocation Failure) 252M->191M(490M) 53,686ms
[2019-04-15T15:34:42.697+0200][5127,218s] GC(785) User=0,11s Sys=0,00s Real=0,06s
[2019-04-15T15:34:42.883+0200][5127,404s] GC(786) Pause Young (Allocation Failure)
[2019-04-15T15:34:42.883+0200][5127,404s] GC(786) Using 4 workers of 4 for evacuation
[2019-04-15T15:34:42.931+0200][5127,452s] GC(786) ParNew: 109248K->21824K(109248K)
[2019-04-15T15:34:42.931+0200][5127,452s] GC(786) CMS: 173861K->197263K(393216K)
[2019-04-15T15:34:42.931+0200][5127,452s] GC(786) Metaspace: 82615K->82615K(1126400K)
[2019-04-15T15:34:42.931+0200][5127,452s] GC(786) Pause Young (Allocation Failure) 276M->213M(490M) 48,071ms
[2019-04-15T15:34:42.931+0200][5127,452s] GC(786) User=0,08s Sys=0,00s Real=0,05s
[2019-04-15T15:34:42.938+0200][5127,458s] GC(787) Pause Initial Mark
[2019-04-15T15:34:42.942+0200][5127,463s] GC(787) Pause Initial Mark 218M->218M(490M) 4,587ms
[2019-04-15T15:34:42.942+0200][5127,463s] GC(787) User=0,00s Sys=0,00s Real=0,00s
[2019-04-15T15:34:42.942+0200][5127,463s] GC(787) Concurrent Mark
[2019-04-15T15:34:42.943+0200][5127,463s] GC(787) Using 4 workers of 4 for marking
[2019-04-15T15:34:43.065+0200][5127,585s] GC(787) Concurrent Mark 122,371ms
[2019-04-15T15:34:43.065+0200][5127,585s] GC(787) User=0,33s Sys=0,01s Real=0,13s
[2019-04-15T15:34:43.065+0200][5127,585s] GC(787) Concurrent Preclean
[2019-04-15T15:34:43.067+0200][5127,587s] GC(787) Concurrent Preclean 1,987ms
[2019-04-15T15:34:43.067+0200][5127,587s] GC(787) User=0,00s Sys=0,00s Real=0,00s
[2019-04-15T15:34:43.067+0200][5127,587s] GC(787) Concurrent Abortable Preclean
[2019-04-15T15:34:43.167+0200][5127,687s] GC(788) Pause Young (Allocation Failure)
[2019-04-15T15:34:43.167+0200][5127,687s] GC(788) Using 4 workers of 4 for evacuation
[2019-04-15T15:34:43.226+0200][5127,746s] GC(788) ParNew: 109248K->21824K(109248K)
[2019-04-15T15:34:43.226+0200][5127,746s] GC(788) CMS: 197263K->210734K(393216K)
[2019-04-15T15:34:43.226+0200][5127,746s] GC(788) Metaspace: 82616K->82616K(1126400K)
[2019-04-15T15:34:43.226+0200][5127,746s] GC(788) Pause Young (Allocation Failure) 299M->227M(490M) 59,091ms
[2019-04-15T15:34:43.226+0200][5127,746s] GC(788) User=0,12s Sys=0,00s Real=0,06s
[2019-04-15T15:34:43.408+0200][5127,928s] GC(789) Pause Young (Allocation Failure)
[2019-04-15T15:34:43.408+0200][5127,928s] GC(789) Using 4 workers of 4 for evacuation
[2019-04-15T15:34:43.449+0200][5127,969s] GC(789) ParNew: 109248K->15288K(109248K)
[2019-04-15T15:34:43.449+0200][5127,969s] GC(789) CMS: 210734K->210734K(393216K)
[2019-04-15T15:34:43.449+0200][5127,969s] GC(789) Metaspace: 82616K->82616K(1126400K)
[2019-04-15T15:34:43.449+0200][5127,969s] GC(789) Pause Young (Allocation Failure) 312M->220M(490M) 40,846ms
[2019-04-15T15:34:43.449+0200][5127,969s] GC(789) User=0,06s Sys=0,00s Real=0,04s
[2019-04-15T15:34:43.458+0200][5127,978s] GC(787) Concurrent Abortable Preclean 390,907ms
[2019-04-15T15:34:43.458+0200][5127,978s] GC(787) User=0,83s Sys=0,00s Real=0,39s
[2019-04-15T15:34:43.458+0200][5127,979s] GC(787) Pause Remark
[2019-04-15T15:34:43.544+0200][5128,065s] GC(787) Pause Remark 230M->230M(490M) 85,943ms
[2019-04-15T15:34:43.544+0200][5128,065s] GC(787) User=0,14s Sys=0,00s Real=0,08s
[2019-04-15T15:34:43.544+0200][5128,065s] GC(787) Concurrent Sweep
[2019-04-15T15:34:43.545+0200][5128,065s] GC(790) Pause Young (GCLocker Initiated GC)
[2019-04-15T15:34:43.545+0200][5128,065s] GC(790) Using 4 workers of 4 for evacuation
[2019-04-15T15:34:43.586+0200][5128,106s] GC(790) ParNew: 24850K->14468K(109248K)
[2019-04-15T15:34:43.586+0200][5128,106s] GC(790) CMS: 210734K->210734K(393216K)
[2019-04-15T15:34:43.586+0200][5128,106s] GC(790) Metaspace: 82616K->82616K(1126400K)
[2019-04-15T15:34:43.586+0200][5128,106s] GC(790) Pause Young (GCLocker Initiated GC) 230M->219M(490M) 41,144ms
[2019-04-15T15:34:43.586+0200][5128,106s] GC(790) User=0,09s Sys=0,00s Real=0,05s
[2019-04-15T15:34:43.767+0200][5128,288s] GC(791) Pause Young (Allocation Failure)
[2019-04-15T15:34:43.768+0200][5128,288s] GC(791) Using 4 workers of 4 for evacuation
[2019-04-15T15:34:43.814+0200][5128,334s] GC(791) ParNew: 101892K->19843K(109248K)
[2019-04-15T15:34:43.814+0200][5128,334s] GC(791) CMS: 196762K->196762K(393216K)
[2019-04-15T15:34:43.814+0200][5128,334s] GC(791) Metaspace: 82616K->82616K(1126400K)
[2019-04-15T15:34:43.814+0200][5128,334s] GC(791) Pause Young (Allocation Failure) 291M->211M(490M) 46,270ms
[2019-04-15T15:34:43.814+0200][5128,334s] GC(791) User=0,09s Sys=0,00s Real=0,05s
[2019-04-15T15:34:43.842+0200][5128,363s] GC(787) Concurrent Sweep 297,899ms
[2019-04-15T15:34:43.843+0200][5128,363s] GC(787) User=0,58s Sys=0,00s Real=0,30s
[2019-04-15T15:34:43.843+0200][5128,363s] GC(787) Concurrent Reset
[2019-04-15T15:34:43.843+0200][5128,364s] GC(787) Concurrent Reset 0,452ms
[2019-04-15T15:34:43.843+0200][5128,364s] GC(787) User=0,00s Sys=0,00s Real=0,00s
[2019-04-15T15:34:43.844+0200][5128,364s] GC(787) Old: 197263K->184907K(393216K)
[2019-04-15T15:34:44.358+0200][5128,878s] GC(792) Pause Young (Allocation Failure)
[2019-04-15T15:34:44.358+0200][5128,878s] GC(792) Using 4 workers of 4 for evacuation
[2019-04-15T15:34:44.436+0200][5128,957s] GC(792) ParNew: 107267K->16686K(109248K)
[2019-04-15T15:34:44.436+0200][5128,957s] GC(792) CMS: 184907K->184907K(393216K)
[2019-04-15T15:34:44.436+0200][5128,957s] GC(792) Metaspace: 82616K->82616K(1126400K)
[2019-04-15T15:34:44.436+0200][5128,957s] GC(792) Pause Young (Allocation Failure) 285M->196M(490M) 78,487ms
[2019-04-15T15:34:44.436+0200][5128,957s] GC(792) User=0,12s Sys=0,00s Real=0,08s
[2019-04-15T15:34:44.835+0200][5129,355s] GC(793) Pause Young (Allocation Failure)
[2019-04-15T15:34:44.835+0200][5129,355s] GC(793) Using 4 workers of 4 for evacuation
[2019-04-15T15:34:44.872+0200][5129,393s] GC(793) ParNew: 104110K->21824K(109248K)
[2019-04-15T15:34:44.872+0200][5129,393s] GC(793) CMS: 184907K->184907K(393216K)
[2019-04-15T15:34:44.872+0200][5129,393s] GC(793) Metaspace: 82616K->82616K(1126400K)
[2019-04-15T15:34:44.872+0200][5129,393s] GC(793) Pause Young (Allocation Failure) 282M->201M(490M) 37,476ms
[2019-04-15T15:34:44.872+0200][5129,393s] GC(793) User=0,09s Sys=0,00s Real=0,03s
[2019-04-15T15:34:45.230+0200][5129,751s] GC(794) Pause Young (Allocation Failure)
[2019-04-15T15:34:45.230+0200][5129,751s] GC(794) Using 4 workers of 4 for evacuation
[2019-04-15T15:34:45.264+0200][5129,785s] GC(794) ParNew: 109248K->18603K(109248K)
[2019-04-15T15:34:45.264+0200][5129,785s] GC(794) CMS: 184907K->184907K(393216K)
[2019-04-15T15:34:45.264+0200][5129,785s] GC(794) Metaspace: 82616K->82616K(1126400K)
[2019-04-15T15:34:45.264+0200][5129,785s] GC(794) Pause Young (Allocation Failure) 287M->198M(490M) 33,993ms
[2019-04-15T15:34:45.264+0200][5129,785s] GC(794) User=0,04s Sys=0,00s Real=0,03s
[2019-04-15T15:34:45.554+0200][5130,075s] GC(795) Pause Young (Allocation Failure)
[2019-04-15T15:34:45.554+0200][5130,075s] GC(795) Using 4 workers of 4 for evacuation
[2019-04-15T15:34:45.595+0200][5130,115s] GC(795) ParNew: 106027K->15012K(109248K)
[2019-04-15T15:34:45.595+0200][5130,115s] GC(795) CMS: 184907K->191646K(393216K)
[2019-04-15T15:34:45.595+0200][5130,115s] GC(795) Metaspace: 82616K->82616K(1126400K)
[2019-04-15T15:34:45.595+0200][5130,115s] GC(795) Pause Young (Allocation Failure) 284M->201M(490M) 40,900ms
[2019-04-15T15:34:45.595+0200][5130,115s] GC(795) User=0,04s Sys=0,01s Real=0,04s
[2019-04-15T15:34:45.878+0200][5130,399s] GC(796) Pause Young (Allocation Failure)
[2019-04-15T15:34:45.879+0200][5130,399s] GC(796) Using 4 workers of 4 for evacuation
[2019-04-15T15:34:45.909+0200][5130,430s] GC(796) ParNew: 102436K->7963K(109248K)
[2019-04-15T15:34:45.909+0200][5130,430s] GC(796) CMS: 191646K->195558K(393216K)
[2019-04-15T15:34:45.909+0200][5130,430s] GC(796) Metaspace: 82616K->82616K(1126400K)
[2019-04-15T15:34:45.909+0200][5130,430s] GC(796) Pause Young (Allocation Failure) 287M->198M(490M) 31,134ms
[2019-04-15T15:34:45.909+0200][5130,430s] GC(796) User=0,03s Sys=0,00s Real=0,03s
[2019-04-15T15:34:46.266+0200][5130,786s] GC(797) Pause Young (Allocation Failure)
[2019-04-15T15:34:46.266+0200][5130,786s] GC(797) Using 4 workers of 4 for evacuation
[2019-04-15T15:34:46.293+0200][5130,813s] GC(797) ParNew: 95387K->5541K(109248K)
[2019-04-15T15:34:46.293+0200][5130,813s] GC(797) CMS: 195558K->195903K(393216K)
[2019-04-15T15:34:46.293+0200][5130,813s] GC(797) Metaspace: 82616K->82616K(1126400K)
[2019-04-15T15:34:46.293+0200][5130,813s] GC(797) Pause Young (Allocation Failure) 284M->196M(490M) 27,211ms
[2019-04-15T15:34:46.293+0200][5130,813s] GC(797) User=0,03s Sys=0,01s Real=0,03s
[2019-04-15T15:34:46.526+0200][5131,046s] GC(798) Pause Young (Allocation Failure)
[2019-04-15T15:34:46.526+0200][5131,046s] GC(798) Using 4 workers of 4 for evacuation
[2019-04-15T15:34:46.557+0200][5131,077s] GC(798) ParNew: 92965K->6101K(109248K)
[2019-04-15T15:34:46.557+0200][5131,077s] GC(798) CMS: 195903K->195905K(393216K)
[2019-04-15T15:34:46.557+0200][5131,077s] GC(798) Metaspace: 82616K->82616K(1126400K)
[2019-04-15T15:34:46.557+0200][5131,077s] GC(798) Pause Young (Allocation Failure) 282M->197M(490M) 30,749ms
[2019-04-15T15:34:46.557+0200][5131,077s] GC(798) User=0,04s Sys=0,00s Real=0,03s
[2019-04-15T15:34:46.732+0200][5131,253s] GC(799) Pause Young (Allocation Failure)
[2019-04-15T15:34:46.732+0200][5131,253s] GC(799) Using 4 workers of 4 for evacuation
[2019-04-15T15:34:46.766+0200][5131,286s] GC(799) ParNew: 93525K->6741K(109248K)
[2019-04-15T15:34:46.766+0200][5131,286s] GC(799) CMS: 195905K->195988K(393216K)
[2019-04-15T15:34:46.766+0200][5131,286s] GC(799) Metaspace: 82616K->82616K(1126400K)
[2019-04-15T15:34:46.766+0200][5131,286s] GC(799) Pause Young (Allocation Failure) 282M->197M(490M) 33,429ms
[2019-04-15T15:34:46.766+0200][5131,286s] GC(799) User=0,05s Sys=0,00s Real=0,04s
[2019-04-15T15:34:46.971+0200][5131,491s] GC(800) Pause Young (Allocation Failure)
[2019-04-15T15:34:46.971+0200][5131,491s] GC(800) Using 4 workers of 4 for evacuation
[2019-04-15T15:34:47.009+0200][5131,529s] GC(800) ParNew: 94165K->6072K(109248K)
[2019-04-15T15:34:47.009+0200][5131,529s] GC(800) CMS: 195988K->196611K(393216K)
[2019-04-15T15:34:47.009+0200][5131,529s] GC(800) Metaspace: 82616K->82616K(1126400K)
[2019-04-15T15:34:47.009+0200][5131,529s] GC(800) Pause Young (Allocation Failure) 283M->197M(490M) 38,104ms
[2019-04-15T15:34:47.009+0200][5131,530s] GC(800) User=0,03s Sys=0,00s Real=0,04s
[2019-04-15T15:34:47.030+0200][5131,550s] GC(801) Pause Initial Mark
[2019-04-15T15:34:47.033+0200][5131,553s] GC(801) Pause Initial Mark 203M->203M(490M) 2,712ms
[2019-04-15T15:34:47.033+0200][5131,553s] GC(801) User=0,00s Sys=0,00s Real=0,00s
[2019-04-15T15:34:47.033+0200][5131,553s] GC(801) Concurrent Mark
[2019-04-15T15:34:47.033+0200][5131,553s] GC(801) Using 4 workers of 4 for marking
[2019-04-15T15:34:47.160+0200][5131,680s] GC(801) Concurrent Mark 127,206ms
[2019-04-15T15:34:47.160+0200][5131,680s] GC(801) User=0,21s Sys=0,00s Real=0,13s
[2019-04-15T15:34:47.160+0200][5131,680s] GC(801) Concurrent Preclean
[2019-04-15T15:34:47.161+0200][5131,682s] GC(801) Concurrent Preclean 1,517ms
[2019-04-15T15:34:47.161+0200][5131,682s] GC(801) User=0,00s Sys=0,00s Real=0,00s
[2019-04-15T15:34:47.161+0200][5131,682s] GC(801) Concurrent Abortable Preclean
[2019-04-15T15:34:47.268+0200][5131,789s] GC(802) Pause Young (Allocation Failure)
[2019-04-15T15:34:47.268+0200][5131,789s] GC(802) Using 4 workers of 4 for evacuation
[2019-04-15T15:34:47.281+0200][5131,802s] GC(802) ParNew: 93496K->6123K(109248K)
[2019-04-15T15:34:47.281+0200][5131,802s] GC(802) CMS: 196611K->197119K(393216K)
[2019-04-15T15:34:47.281+0200][5131,802s] GC(802) Metaspace: 82616K->82616K(1126400K)
[2019-04-15T15:34:47.281+0200][5131,802s] GC(802) Pause Young (Allocation Failure) 283M->198M(490M) 12,786ms
[2019-04-15T15:34:47.281+0200][5131,802s] GC(802) User=0,02s Sys=0,00s Real=0,01s
[2019-04-15T15:34:47.318+0200][5131,838s] GC(801) Concurrent Abortable Preclean 156,354ms
[2019-04-15T15:34:47.318+0200][5131,838s] GC(801) User=0,20s Sys=0,00s Real=0,16s
[2019-04-15T15:34:47.322+0200][5131,842s] GC(801) Pause Remark
[2019-04-15T15:34:47.322+0200][5131,842s] GC(803) Pause Young (CMS Final Remark)
[2019-04-15T15:34:47.322+0200][5131,842s] GC(803) Using 4 workers of 4 for evacuation
[2019-04-15T15:34:47.329+0200][5131,849s] GC(803) ParNew: 56213K->6489K(109248K)
[2019-04-15T15:34:47.329+0200][5131,849s] GC(803) CMS: 197119K->197261K(393216K)
[2019-04-15T15:34:47.329+0200][5131,849s] GC(803) Metaspace: 82616K->82616K(1126400K)
[2019-04-15T15:34:47.329+0200][5131,849s] GC(803) Pause Young (CMS Final Remark) 247M->198M(490M) 7,085ms
[2019-04-15T15:34:47.329+0200][5131,849s] GC(803) User=0,02s Sys=0,00s Real=0,01s
[2019-04-15T15:34:47.403+0200][5131,923s] GC(801) Pause Remark 247M->198M(490M) 81,094ms
[2019-04-15T15:34:47.403+0200][5131,923s] GC(801) User=0,10s Sys=0,00s Real=0,08s
[2019-04-15T15:34:47.416+0200][5131,936s] GC(801) Concurrent Sweep
[2019-04-15T15:34:47.444+0200][5131,964s] GC(804) Pause Young (Allocation Failure)
[2019-04-15T15:34:47.444+0200][5131,965s] GC(804) Using 4 workers of 4 for evacuation
[2019-04-15T15:34:47.486+0200][5132,006s] GC(804) ParNew: 93913K->5109K(109248K)
[2019-04-15T15:34:47.486+0200][5132,006s] GC(804) CMS: 197261K->197266K(393216K)
[2019-04-15T15:34:47.486+0200][5132,006s] GC(804) Metaspace: 82631K->82631K(1126400K)
[2019-04-15T15:34:47.486+0200][5132,006s] GC(804) Pause Young (Allocation Failure) 284M->197M(490M) 41,672ms
[2019-04-15T15:34:47.486+0200][5132,006s] GC(804) User=0,06s Sys=0,00s Real=0,05s
[2019-04-15T15:34:47.770+0200][5132,291s] GC(801) Concurrent Sweep 354,287ms
[2019-04-15T15:34:47.770+0200][5132,291s] GC(801) User=0,59s Sys=0,01s Real=0,35s
[2019-04-15T15:34:47.770+0200][5132,291s] GC(801) Concurrent Reset
[2019-04-15T15:34:47.778+0200][5132,298s] GC(801) Concurrent Reset 7,242ms
[2019-04-15T15:34:47.778+0200][5132,298s] GC(801) User=0,01s Sys=0,00s Real=0,01s
[2019-04-15T15:34:47.778+0200][5132,298s] GC(801) Old: 196611K->171881K(393216K)
[2019-04-15T15:34:47.854+0200][5132,375s] GC(805) Pause Young (Allocation Failure)
[2019-04-15T15:34:47.855+0200][5132,375s] GC(805) Using 4 workers of 4 for evacuation
[2019-04-15T15:34:47.885+0200][5132,406s] GC(805) ParNew: 92533K->5634K(109248K)
[2019-04-15T15:34:47.886+0200][5132,406s] GC(805) CMS: 171881K->172215K(393216K)
[2019-04-15T15:34:47.886+0200][5132,406s] GC(805) Metaspace: 82642K->82642K(1126400K)
[2019-04-15T15:34:47.886+0200][5132,406s] GC(805) Pause Young (Allocation Failure) 258M->173M(490M) 31,108ms
[2019-04-15T15:34:47.886+0200][5132,406s] GC(805) User=0,04s Sys=0,00s Real=0,03s
[2019-04-15T15:34:48.316+0200][5132,837s] GC(806) Pause Young (Allocation Failure)
[2019-04-15T15:34:48.317+0200][5132,837s] GC(806) Using 4 workers of 4 for evacuation
[2019-04-15T15:34:48.344+0200][5132,865s] GC(806) ParNew: 93058K->19304K(109248K)
[2019-04-15T15:34:48.344+0200][5132,865s] GC(806) CMS: 172215K->172391K(393216K)
[2019-04-15T15:34:48.344+0200][5132,865s] GC(806) Metaspace: 82645K->82645K(1126400K)
[2019-04-15T15:34:48.344+0200][5132,865s] GC(806) Pause Young (Allocation Failure) 259M->187M(490M) 28,028ms
[2019-04-15T15:34:48.345+0200][5132,865s] GC(806) User=0,05s Sys=0,00s Real=0,02s
[2019-04-15T15:34:48.710+0200][5133,231s] GC(807) Pause Young (Allocation Failure)
[2019-04-15T15:34:48.710+0200][5133,231s] GC(807) Using 4 workers of 4 for evacuation
[2019-04-15T15:34:48.749+0200][5133,269s] GC(807) ParNew: 106728K->21824K(109248K)
[2019-04-15T15:34:48.749+0200][5133,269s] GC(807) CMS: 172391K->173321K(393216K)
[2019-04-15T15:34:48.749+0200][5133,269s] GC(807) Metaspace: 82648K->82648K(1126400K)
[2019-04-15T15:34:48.749+0200][5133,270s] GC(807) Pause Young (Allocation Failure) 272M->190M(490M) 39,002ms
[2019-04-15T15:34:48.749+0200][5133,270s] GC(807) User=0,06s Sys=0,00s Real=0,04s
[2019-04-15T15:34:49.143+0200][5133,663s] GC(808) Pause Young (Allocation Failure)
[2019-04-15T15:34:49.143+0200][5133,663s] GC(808) Using 4 workers of 4 for evacuation
[2019-04-15T15:34:49.162+0200][5133,683s] GC(808) ParNew: 109248K->21824K(109248K)
[2019-04-15T15:34:49.162+0200][5133,683s] GC(808) CMS: 173321K->175017K(393216K)
[2019-04-15T15:34:49.162+0200][5133,683s] GC(808) Metaspace: 82679K->82679K(1126400K)
[2019-04-15T15:34:49.162+0200][5133,683s] GC(808) Pause Young (Allocation Failure) 275M->192M(490M) 19,461ms
[2019-04-15T15:34:49.162+0200][5133,683s] GC(808) User=0,05s Sys=0,01s Real=0,02s
[2019-04-15T15:34:49.501+0200][5134,021s] GC(809) Pause Young (Allocation Failure)
[2019-04-15T15:34:49.501+0200][5134,021s] GC(809) Using 4 workers of 4 for evacuation
[2019-04-15T15:34:49.552+0200][5134,073s] GC(809) ParNew: 109248K->21824K(109248K)
[2019-04-15T15:34:49.553+0200][5134,073s] GC(809) CMS: 175017K->180001K(393216K)
[2019-04-15T15:34:49.553+0200][5134,073s] GC(809) Metaspace: 82699K->82699K(1126400K)
[2019-04-15T15:34:49.553+0200][5134,073s] GC(809) Pause Young (Allocation Failure) 277M->197M(490M) 51,795ms
[2019-04-15T15:34:49.553+0200][5134,073s] GC(809) User=0,09s Sys=0,00s Real=0,05s
[2019-04-15T15:34:49.926+0200][5134,447s] GC(810) Pause Young (Allocation Failure)
[2019-04-15T15:34:49.926+0200][5134,447s] GC(810) Using 4 workers of 4 for evacuation
[2019-04-15T15:34:49.955+0200][5134,475s] GC(810) ParNew: 109248K->21824K(109248K)
[2019-04-15T15:34:49.955+0200][5134,475s] GC(810) CMS: 180001K->185767K(393216K)
[2019-04-15T15:34:49.955+0200][5134,475s] GC(810) Metaspace: 82726K->82726K(1126400K)
[2019-04-15T15:34:49.955+0200][5134,475s] GC(810) Pause Young (Allocation Failure) 282M->202M(490M) 28,859ms
[2019-04-15T15:34:49.955+0200][5134,475s] GC(810) User=0,06s Sys=0,00s Real=0,03s
[2019-04-15T15:34:50.678+0200][5135,198s] GC(811) Pause Young (Allocation Failure)
[2019-04-15T15:34:50.678+0200][5135,198s] GC(811) Using 4 workers of 4 for evacuation
[2019-04-15T15:34:50.731+0200][5135,252s] GC(811) ParNew: 109248K->21824K(109248K)
[2019-04-15T15:34:50.731+0200][5135,252s] GC(811) CMS: 185767K->189306K(393216K)
[2019-04-15T15:34:50.731+0200][5135,252s] GC(811) Metaspace: 82773K->82773K(1126400K)
[2019-04-15T15:34:50.731+0200][5135,252s] GC(811) Pause Young (Allocation Failure) 288M->206M(490M) 53,519ms
[2019-04-15T15:34:50.732+0200][5135,252s] GC(811) User=0,07s Sys=0,00s Real=0,05s
[2019-04-15T15:34:51.547+0200][5136,067s] GC(812) Pause Young (Allocation Failure)
[2019-04-15T15:34:51.547+0200][5136,067s] GC(812) Using 4 workers of 4 for evacuation
[2019-04-15T15:34:51.572+0200][5136,092s] GC(812) ParNew: 109248K->21824K(109248K)
[2019-04-15T15:34:51.572+0200][5136,092s] GC(812) CMS: 189306K->195380K(393216K)
[2019-04-15T15:34:51.572+0200][5136,092s] GC(812) Metaspace: 82803K->82803K(1126400K)
[2019-04-15T15:34:51.572+0200][5136,093s] GC(812) Pause Young (Allocation Failure) 291M->212M(490M) 25,416ms
[2019-04-15T15:34:51.572+0200][5136,093s] GC(812) User=0,05s Sys=0,00s Real=0,02s
[2019-04-15T15:34:52.268+0200][5136,789s] GC(813) Pause Young (Allocation Failure)
[2019-04-15T15:34:52.268+0200][5136,789s] GC(813) Using 4 workers of 4 for evacuation
[2019-04-15T15:34:52.290+0200][5136,811s] GC(813) ParNew: 109248K->21824K(109248K)
[2019-04-15T15:34:52.290+0200][5136,811s] GC(813) CMS: 195380K->195380K(393216K)
[2019-04-15T15:34:52.290+0200][5136,811s] GC(813) Metaspace: 82830K->82830K(1126400K)
[2019-04-15T15:34:52.290+0200][5136,811s] GC(813) Pause Young (Allocation Failure) 297M->212M(490M) 22,015ms
[2019-04-15T15:34:52.290+0200][5136,811s] GC(813) User=0,07s Sys=0,00s Real=0,02s
[2019-04-15T15:34:52.894+0200][5137,415s] GC(814) Pause Young (Allocation Failure)
[2019-04-15T15:34:52.894+0200][5137,415s] GC(814) Using 4 workers of 4 for evacuation
[2019-04-15T15:34:52.926+0200][5137,446s] GC(814) ParNew: 109248K->21824K(109248K)
[2019-04-15T15:34:52.926+0200][5137,446s] GC(814) CMS: 195380K->196000K(393216K)
[2019-04-15T15:34:52.926+0200][5137,446s] GC(814) Metaspace: 82864K->82864K(1126400K)
[2019-04-15T15:34:52.926+0200][5137,447s] GC(814) Pause Young (Allocation Failure) 297M->212M(490M) 31,828ms
[2019-04-15T15:34:52.926+0200][5137,447s] GC(814) User=0,05s Sys=0,00s Real=0,03s
[2019-04-15T15:34:53.448+0200][5137,968s] GC(815) Pause Young (Allocation Failure)
[2019-04-15T15:34:53.448+0200][5137,969s] GC(815) Using 4 workers of 4 for evacuation
[2019-04-15T15:34:53.496+0200][5138,017s] GC(815) ParNew: 109248K->21824K(109248K)
[2019-04-15T15:34:53.496+0200][5138,017s] GC(815) CMS: 196000K->198266K(393216K)
[2019-04-15T15:34:53.496+0200][5138,017s] GC(815) Metaspace: 82880K->82880K(1126400K)
[2019-04-15T15:34:53.496+0200][5138,017s] GC(815) Pause Young (Allocation Failure) 298M->214M(490M) 48,379ms
[2019-04-15T15:34:53.496+0200][5138,017s] GC(815) User=0,12s Sys=0,00s Real=0,05s
[2019-04-15T15:34:53.499+0200][5138,019s] GC(816) Pause Initial Mark
[2019-04-15T15:34:53.506+0200][5138,027s] GC(816) Pause Initial Mark 215M->215M(490M) 7,420ms
[2019-04-15T15:34:53.506+0200][5138,027s] GC(816) User=0,02s Sys=0,00s Real=0,01s
[2019-04-15T15:34:53.506+0200][5138,027s] GC(816) Concurrent Mark
[2019-04-15T15:34:53.506+0200][5138,027s] GC(816) Using 4 workers of 4 for marking
[2019-04-15T15:34:53.648+0200][5138,168s] GC(816) Concurrent Mark 141,602ms
[2019-04-15T15:34:53.648+0200][5138,168s] GC(816) User=0,30s Sys=0,00s Real=0,14s
[2019-04-15T15:34:53.648+0200][5138,168s] GC(816) Concurrent Preclean
[2019-04-15T15:34:53.650+0200][5138,170s] GC(816) Concurrent Preclean 1,906ms
[2019-04-15T15:34:53.650+0200][5138,170s] GC(816) User=0,01s Sys=0,00s Real=0,00s
[2019-04-15T15:34:53.650+0200][5138,170s] GC(816) Concurrent Abortable Preclean
[2019-04-15T15:34:54.011+0200][5138,531s] GC(817) Pause Young (Allocation Failure)
[2019-04-15T15:34:54.011+0200][5138,531s] GC(817) Using 4 workers of 4 for evacuation
[2019-04-15T15:34:54.057+0200][5138,578s] GC(817) ParNew: 109248K->21824K(109248K)
[2019-04-15T15:34:54.057+0200][5138,578s] GC(817) CMS: 198266K->202271K(393216K)
[2019-04-15T15:34:54.057+0200][5138,578s] GC(817) Metaspace: 82880K->82880K(1126400K)
[2019-04-15T15:34:54.057+0200][5138,578s] GC(817) Pause Young (Allocation Failure) 300M->218M(490M) 46,720ms
[2019-04-15T15:34:54.057+0200][5138,578s] GC(817) User=0,05s Sys=0,00s Real=0,05s
[2019-04-15T15:34:54.416+0200][5138,937s] GC(816) Concurrent Abortable Preclean 766,192ms
[2019-04-15T15:34:54.416+0200][5138,937s] GC(816) User=0,89s Sys=0,02s Real=0,77s
[2019-04-15T15:34:54.416+0200][5138,937s] GC(816) Pause Remark
[2019-04-15T15:34:54.417+0200][5138,937s] GC(818) Pause Young (CMS Final Remark)
[2019-04-15T15:34:54.417+0200][5138,937s] GC(818) Using 4 workers of 4 for evacuation
[2019-04-15T15:34:54.445+0200][5138,966s] GC(818) ParNew: 67702K->18868K(109248K)
[2019-04-15T15:34:54.445+0200][5138,966s] GC(818) CMS: 202271K->202478K(393216K)
[2019-04-15T15:34:54.445+0200][5138,966s] GC(818) Metaspace: 82881K->82881K(1126400K)
[2019-04-15T15:34:54.446+0200][5138,966s] GC(818) Pause Young (CMS Final Remark) 263M->216M(490M) 28,996ms
[2019-04-15T15:34:54.446+0200][5138,966s] GC(818) User=0,05s Sys=0,00s Real=0,03s
[2019-04-15T15:34:54.549+0200][5139,069s] GC(816) Pause Remark 263M->216M(490M) 132,337ms
[2019-04-15T15:34:54.549+0200][5139,069s] GC(816) User=0,13s Sys=0,01s Real=0,13s
[2019-04-15T15:34:54.549+0200][5139,069s] GC(816) Concurrent Sweep
[2019-04-15T15:34:54.785+0200][5139,305s] GC(816) Concurrent Sweep 235,473ms
[2019-04-15T15:34:54.785+0200][5139,305s] GC(816) User=0,27s Sys=0,02s Real=0,23s
[2019-04-15T15:34:54.785+0200][5139,305s] GC(816) Concurrent Reset
[2019-04-15T15:34:54.785+0200][5139,305s] GC(816) Concurrent Reset 0,441ms
[2019-04-15T15:34:54.785+0200][5139,306s] GC(816) User=0,00s Sys=0,00s Real=0,01s
[2019-04-15T15:34:54.785+0200][5139,306s] GC(816) Old: 198266K->147443K(393216K)
[2019-04-15T15:34:55.694+0200][5140,215s] GC(819) Pause Young (Allocation Failure)
[2019-04-15T15:34:55.694+0200][5140,215s] GC(819) Using 4 workers of 4 for evacuation
[2019-04-15T15:34:55.730+0200][5140,250s] GC(819) ParNew: 106292K->13188K(109248K)
[2019-04-15T15:34:55.730+0200][5140,250s] GC(819) CMS: 147443K->150144K(393216K)
[2019-04-15T15:34:55.730+0200][5140,250s] GC(819) Metaspace: 82980K->82980K(1126400K)
[2019-04-15T15:34:55.730+0200][5140,250s] GC(819) Pause Young (Allocation Failure) 247M->159M(490M) 35,790ms
[2019-04-15T15:34:55.730+0200][5140,250s] GC(819) User=0,05s Sys=0,00s Real=0,03s
[2019-04-15T15:34:56.933+0200][5141,454s] GC(820) Pause Young (Allocation Failure)
[2019-04-15T15:34:56.933+0200][5141,454s] GC(820) Using 4 workers of 4 for evacuation
[2019-04-15T15:34:56.956+0200][5141,477s] GC(820) ParNew: 100612K->13319K(109248K)
[2019-04-15T15:34:56.956+0200][5141,477s] GC(820) CMS: 150144K->154121K(393216K)
[2019-04-15T15:34:56.956+0200][5141,477s] GC(820) Metaspace: 83031K->83031K(1126400K)
[2019-04-15T15:34:56.956+0200][5141,477s] GC(820) Pause Young (Allocation Failure) 244M->163M(490M) 23,386ms
[2019-04-15T15:34:56.956+0200][5141,477s] GC(820) User=0,05s Sys=0,00s Real=0,02s
[2019-04-15T15:34:57.170+0200][5141,690s] GC(821) Pause Young (Allocation Failure)
[2019-04-15T15:34:57.170+0200][5141,690s] GC(821) Using 4 workers of 4 for evacuation
[2019-04-15T15:34:57.226+0200][5141,746s] GC(821) ParNew: 100743K->11427K(109248K)
[2019-04-15T15:34:57.226+0200][5141,746s] GC(821) CMS: 154121K->154830K(393216K)
[2019-04-15T15:34:57.226+0200][5141,746s] GC(821) Metaspace: 83034K->83034K(1126400K)
[2019-04-15T15:34:57.226+0200][5141,746s] GC(821) Pause Young (Allocation Failure) 248M->162M(490M) 55,952ms
[2019-04-15T15:34:57.226+0200][5141,746s] GC(821) User=0,07s Sys=0,00s Real=0,06s
[2019-04-15T15:34:57.472+0200][5141,992s] GC(822) Pause Young (Allocation Failure)
[2019-04-15T15:34:57.472+0200][5141,992s] GC(822) Using 4 workers of 4 for evacuation
[2019-04-15T15:34:57.496+0200][5142,017s] GC(822) ParNew: 98851K->16122K(109248K)
[2019-04-15T15:34:57.496+0200][5142,017s] GC(822) CMS: 154830K->155202K(393216K)
[2019-04-15T15:34:57.497+0200][5142,017s] GC(822) Metaspace: 83041K->83041K(1126400K)
[2019-04-15T15:34:57.497+0200][5142,017s] GC(822) Pause Young (Allocation Failure) 247M->167M(490M) 24,706ms
[2019-04-15T15:34:57.497+0200][5142,017s] GC(822) User=0,05s Sys=0,00s Real=0,03s
[2019-04-15T15:34:57.906+0200][5142,426s] GC(823) Pause Young (Allocation Failure)
[2019-04-15T15:34:57.906+0200][5142,426s] GC(823) Using 4 workers of 4 for evacuation
[2019-04-15T15:34:57.939+0200][5142,460s] GC(823) ParNew: 103546K->21824K(109248K)
[2019-04-15T15:34:57.939+0200][5142,460s] GC(823) CMS: 155202K->157235K(393216K)
[2019-04-15T15:34:57.939+0200][5142,460s] GC(823) Metaspace: 83046K->83046K(1126400K)
[2019-04-15T15:34:57.939+0200][5142,460s] GC(823) Pause Young (Allocation Failure) 252M->174M(490M) 33,628ms
[2019-04-15T15:34:57.939+0200][5142,460s] GC(823) User=0,06s Sys=0,00s Real=0,03s
[2019-04-15T15:34:58.256+0200][5142,776s] GC(824) Pause Young (Allocation Failure)
[2019-04-15T15:34:58.256+0200][5142,776s] GC(824) Using 4 workers of 4 for evacuation
[2019-04-15T15:34:58.296+0200][5142,817s] GC(824) ParNew: 109248K->21824K(109248K)
[2019-04-15T15:34:58.297+0200][5142,817s] GC(824) CMS: 157235K->162167K(393216K)
[2019-04-15T15:34:58.297+0200][5142,817s] GC(824) Metaspace: 83047K->83047K(1126400K)
[2019-04-15T15:34:58.297+0200][5142,817s] GC(824) Pause Young (Allocation Failure) 260M->179M(490M) 40,792ms
[2019-04-15T15:34:58.297+0200][5142,817s] GC(824) User=0,08s Sys=0,00s Real=0,04s
[2019-04-15T15:34:58.450+0200][5142,971s] GC(825) Pause Young (Allocation Failure)
[2019-04-15T15:34:58.450+0200][5142,971s] GC(825) Using 4 workers of 4 for evacuation
[2019-04-15T15:34:58.476+0200][5142,996s] GC(825) ParNew: 109248K->21824K(109248K)
[2019-04-15T15:34:58.476+0200][5142,996s] GC(825) CMS: 162167K->166549K(393216K)
[2019-04-15T15:34:58.476+0200][5142,996s] GC(825) Metaspace: 83047K->83047K(1126400K)
[2019-04-15T15:34:58.476+0200][5142,996s] GC(825) Pause Young (Allocation Failure) 265M->183M(490M) 25,355ms
[2019-04-15T15:34:58.476+0200][5142,996s] GC(825) User=0,06s Sys=0,00s Real=0,03s
[2019-04-15T15:34:59.250+0200][5143,770s] GC(826) Pause Young (Allocation Failure)
[2019-04-15T15:34:59.250+0200][5143,770s] GC(826) Using 4 workers of 4 for evacuation
[2019-04-15T15:34:59.271+0200][5143,791s] GC(826) ParNew: 109248K->16615K(109248K)
[2019-04-15T15:34:59.271+0200][5143,791s] GC(826) CMS: 166549K->166549K(393216K)
[2019-04-15T15:34:59.271+0200][5143,791s] GC(826) Metaspace: 83050K->83050K(1126400K)
[2019-04-15T15:34:59.271+0200][5143,791s] GC(826) Pause Young (Allocation Failure) 269M->178M(490M) 20,838ms
[2019-04-15T15:34:59.271+0200][5143,791s] GC(826) User=0,04s Sys=0,00s Real=0,02s
[2019-04-15T15:35:00.054+0200][5144,574s] GC(827) Pause Young (Allocation Failure)
[2019-04-15T15:35:00.054+0200][5144,574s] GC(827) Using 4 workers of 4 for evacuation
[2019-04-15T15:35:00.079+0200][5144,600s] GC(827) ParNew: 104039K->13262K(109248K)
[2019-04-15T15:35:00.079+0200][5144,600s] GC(827) CMS: 166549K->166549K(393216K)
[2019-04-15T15:35:00.079+0200][5144,600s] GC(827) Metaspace: 83086K->83086K(1126400K)
[2019-04-15T15:35:00.080+0200][5144,600s] GC(827) Pause Young (Allocation Failure) 264M->175M(490M) 25,907ms
[2019-04-15T15:35:00.080+0200][5144,600s] GC(827) User=0,03s Sys=0,00s Real=0,02s
[2019-04-15T15:35:00.910+0200][5145,431s] GC(828) Pause Young (Allocation Failure)
[2019-04-15T15:35:00.910+0200][5145,431s] GC(828) Using 4 workers of 4 for evacuation
[2019-04-15T15:35:00.938+0200][5145,458s] GC(828) ParNew: 100686K->18465K(109248K)
[2019-04-15T15:35:00.938+0200][5145,458s] GC(828) CMS: 166549K->166549K(393216K)
[2019-04-15T15:35:00.938+0200][5145,458s] GC(828) Metaspace: 83113K->83113K(1126400K)
[2019-04-15T15:35:00.938+0200][5145,458s] GC(828) Pause Young (Allocation Failure) 260M->180M(490M) 27,553ms
[2019-04-15T15:35:00.938+0200][5145,458s] GC(828) User=0,05s Sys=0,00s Real=0,03s
[2019-04-15T15:35:01.931+0200][5146,452s] GC(829) Pause Young (Allocation Failure)
[2019-04-15T15:35:01.932+0200][5146,452s] GC(829) Using 4 workers of 4 for evacuation
[2019-04-15T15:35:01.968+0200][5146,488s] GC(829) ParNew: 105889K->14848K(109248K)
[2019-04-15T15:35:01.968+0200][5146,488s] GC(829) CMS: 166549K->166715K(393216K)
[2019-04-15T15:35:01.968+0200][5146,488s] GC(829) Metaspace: 83120K->83120K(1126400K)
[2019-04-15T15:35:01.968+0200][5146,488s] GC(829) Pause Young (Allocation Failure) 266M->177M(490M) 36,457ms
[2019-04-15T15:35:01.968+0200][5146,488s] GC(829) User=0,04s Sys=0,01s Real=0,04s
[2019-04-15T15:35:02.723+0200][5147,244s] GC(830) Pause Young (Allocation Failure)
[2019-04-15T15:35:02.723+0200][5147,244s] GC(830) Using 4 workers of 4 for evacuation
[2019-04-15T15:35:02.753+0200][5147,274s] GC(830) ParNew: 102272K->16736K(109248K)
[2019-04-15T15:35:02.753+0200][5147,274s] GC(830) CMS: 166715K->167582K(393216K)
[2019-04-15T15:35:02.753+0200][5147,274s] GC(830) Metaspace: 83121K->83121K(1126400K)
[2019-04-15T15:35:02.753+0200][5147,274s] GC(830) Pause Young (Allocation Failure) 262M->179M(490M) 30,148ms
[2019-04-15T15:35:02.753+0200][5147,274s] GC(830) User=0,04s Sys=0,00s Real=0,04s
[2019-04-15T15:35:03.227+0200][5147,748s] GC(831) Pause Young (Allocation Failure)
[2019-04-15T15:35:03.227+0200][5147,748s] GC(831) Using 4 workers of 4 for evacuation
[2019-04-15T15:35:03.258+0200][5147,779s] GC(831) ParNew: 103724K->12176K(109248K)
[2019-04-15T15:35:03.258+0200][5147,779s] GC(831) CMS: 167582K->172083K(393216K)
[2019-04-15T15:35:03.258+0200][5147,779s] GC(831) Metaspace: 83123K->83123K(1126400K)
[2019-04-15T15:35:03.258+0200][5147,779s] GC(831) Pause Young (Allocation Failure) 264M->179M(490M) 31,309ms
[2019-04-15T15:35:03.258+0200][5147,779s] GC(831) User=0,05s Sys=0,00s Real=0,03s
[2019-04-15T15:35:03.633+0200][5148,153s] GC(832) Pause Young (Allocation Failure)
[2019-04-15T15:35:03.633+0200][5148,154s] GC(832) Using 4 workers of 4 for evacuation
[2019-04-15T15:35:03.689+0200][5148,209s] GC(832) ParNew: 99600K->8858K(109248K)
[2019-04-15T15:35:03.689+0200][5148,209s] GC(832) CMS: 172083K->174525K(393216K)
[2019-04-15T15:35:03.689+0200][5148,209s] GC(832) Metaspace: 83125K->83125K(1126400K)
[2019-04-15T15:35:03.689+0200][5148,209s] GC(832) Pause Young (Allocation Failure) 265M->179M(490M) 55,973ms
[2019-04-15T15:35:03.689+0200][5148,209s] GC(832) User=0,11s Sys=0,00s Real=0,05s
[2019-04-15T15:35:04.217+0200][5148,737s] GC(833) Pause Young (Allocation Failure)
[2019-04-15T15:35:04.217+0200][5148,738s] GC(833) Using 4 workers of 4 for evacuation
[2019-04-15T15:35:04.236+0200][5148,756s] GC(833) ParNew: 96282K->12023K(109248K)
[2019-04-15T15:35:04.236+0200][5148,756s] GC(833) CMS: 174525K->174633K(393216K)
[2019-04-15T15:35:04.236+0200][5148,756s] GC(833) Metaspace: 83131K->83131K(1126400K)
[2019-04-15T15:35:04.236+0200][5148,756s] GC(833) Pause Young (Allocation Failure) 264M->182M(490M) 18,812ms
[2019-04-15T15:35:04.236+0200][5148,756s] GC(833) User=0,03s Sys=0,00s Real=0,02s
[2019-04-15T15:35:04.638+0200][5149,159s] GC(834) Pause Young (Allocation Failure)
[2019-04-15T15:35:04.639+0200][5149,159s] GC(834) Using 4 workers of 4 for evacuation
[2019-04-15T15:35:04.656+0200][5149,176s] GC(834) ParNew: 99416K->10209K(109248K)
[2019-04-15T15:35:04.656+0200][5149,177s] GC(834) CMS: 174633K->175230K(393216K)
[2019-04-15T15:35:04.656+0200][5149,177s] GC(834) Metaspace: 83133K->83133K(1126400K)
[2019-04-15T15:35:04.656+0200][5149,177s] GC(834) Pause Young (Allocation Failure) 267M->181M(490M) 17,663ms
[2019-04-15T15:35:04.656+0200][5149,177s] GC(834) User=0,03s Sys=0,00s Real=0,02s
[2019-04-15T15:35:05.357+0200][5149,877s] GC(835) Pause Young (Allocation Failure)
[2019-04-15T15:35:05.357+0200][5149,877s] GC(835) Using 4 workers of 4 for evacuation
[2019-04-15T15:35:05.379+0200][5149,900s] GC(835) ParNew: 97633K->15552K(109248K)
[2019-04-15T15:35:05.379+0200][5149,900s] GC(835) CMS: 175230K->175724K(393216K)
[2019-04-15T15:35:05.379+0200][5149,900s] GC(835) Metaspace: 83145K->83145K(1126400K)
[2019-04-15T15:35:05.379+0200][5149,900s] GC(835) Pause Young (Allocation Failure) 266M->186M(490M) 22,324ms
[2019-04-15T15:35:05.379+0200][5149,900s] GC(835) User=0,04s Sys=0,00s Real=0,02s
[2019-04-15T15:35:06.238+0200][5150,758s] GC(836) Pause Young (Allocation Failure)
[2019-04-15T15:35:06.238+0200][5150,758s] GC(836) Using 4 workers of 4 for evacuation
[2019-04-15T15:35:06.256+0200][5150,777s] GC(836) ParNew: 102976K->17975K(109248K)
[2019-04-15T15:35:06.256+0200][5150,777s] GC(836) CMS: 175724K->176201K(393216K)
[2019-04-15T15:35:06.256+0200][5150,777s] GC(836) Metaspace: 83148K->83148K(1126400K)
[2019-04-15T15:35:06.257+0200][5150,777s] GC(836) Pause Young (Allocation Failure) 272M->189M(490M) 18,506ms
[2019-04-15T15:35:06.257+0200][5150,777s] GC(836) User=0,03s Sys=0,00s Real=0,02s
[2019-04-15T15:35:07.245+0200][5151,766s] GC(837) Pause Young (Allocation Failure)
[2019-04-15T15:35:07.245+0200][5151,766s] GC(837) Using 4 workers of 4 for evacuation
[2019-04-15T15:35:07.266+0200][5151,786s] GC(837) ParNew: 105399K->18855K(109248K)
[2019-04-15T15:35:07.266+0200][5151,786s] GC(837) CMS: 176201K->177719K(393216K)
[2019-04-15T15:35:07.266+0200][5151,786s] GC(837) Metaspace: 83148K->83148K(1126400K)
[2019-04-15T15:35:07.266+0200][5151,786s] GC(837) Pause Young (Allocation Failure) 275M->191M(490M) 20,541ms
[2019-04-15T15:35:07.266+0200][5151,786s] GC(837) User=0,04s Sys=0,00s Real=0,02s
[2019-04-15T15:35:11.756+0200][5156,276s] GC(838) Pause Young (Allocation Failure)
[2019-04-15T15:35:11.756+0200][5156,276s] GC(838) Using 4 workers of 4 for evacuation
[2019-04-15T15:35:11.802+0200][5156,323s] GC(838) ParNew: 106279K->21824K(109248K)
[2019-04-15T15:35:11.802+0200][5156,323s] GC(838) CMS: 177719K->185863K(393216K)
[2019-04-15T15:35:11.802+0200][5156,323s] GC(838) Metaspace: 83148K->83148K(1126400K)
[2019-04-15T15:35:11.802+0200][5156,323s] GC(838) Pause Young (Allocation Failure) 277M->202M(490M) 46,245ms
[2019-04-15T15:35:11.802+0200][5156,323s] GC(838) User=0,06s Sys=0,00s Real=0,04s
[2019-04-15T15:35:16.352+0200][5160,873s] GC(839) Pause Young (Allocation Failure)
[2019-04-15T15:35:16.353+0200][5160,873s] GC(839) Using 4 workers of 4 for evacuation
[2019-04-15T15:35:16.384+0200][5160,904s] GC(839) ParNew: 109248K->21824K(109248K)
[2019-04-15T15:35:16.384+0200][5160,904s] GC(839) CMS: 185863K->192494K(393216K)
[2019-04-15T15:35:16.384+0200][5160,904s] GC(839) Metaspace: 83148K->83148K(1126400K)
[2019-04-15T15:35:16.384+0200][5160,904s] GC(839) Pause Young (Allocation Failure) 288M->209M(490M) 31,367ms
[2019-04-15T15:35:16.384+0200][5160,904s] GC(839) User=0,05s Sys=0,00s Real=0,03s
[2019-04-15T15:35:18.215+0200][5162,735s] GC(840) Pause Young (Allocation Failure)
[2019-04-15T15:35:18.215+0200][5162,735s] GC(840) Using 4 workers of 4 for evacuation
[2019-04-15T15:35:18.235+0200][5162,756s] GC(840) ParNew: 109197K->18133K(109248K)
[2019-04-15T15:35:18.235+0200][5162,756s] GC(840) CMS: 192494K->192494K(393216K)
[2019-04-15T15:35:18.235+0200][5162,756s] GC(840) Metaspace: 83148K->83148K(1126400K)
[2019-04-15T15:35:18.235+0200][5162,756s] GC(840) Pause Young (Allocation Failure) 294M->205M(490M) 20,727ms
[2019-04-15T15:35:18.236+0200][5162,756s] GC(840) User=0,05s Sys=0,00s Real=0,02s
[2019-04-15T15:35:19.086+0200][5163,607s] GC(841) Pause Young (Allocation Failure)
[2019-04-15T15:35:19.086+0200][5163,607s] GC(841) Using 4 workers of 4 for evacuation
[2019-04-15T15:35:19.134+0200][5163,655s] GC(841) ParNew: 105557K->16735K(109248K)
[2019-04-15T15:35:19.134+0200][5163,655s] GC(841) CMS: 192494K->192494K(393216K)
[2019-04-15T15:35:19.134+0200][5163,655s] GC(841) Metaspace: 83180K->83180K(1126400K)
[2019-04-15T15:35:19.134+0200][5163,655s] GC(841) Pause Young (Allocation Failure) 291M->204M(490M) 48,081ms
[2019-04-15T15:35:19.134+0200][5163,655s] GC(841) User=0,09s Sys=0,00s Real=0,05s
[2019-04-15T15:35:19.517+0200][5164,038s] GC(842) Pause Young (Allocation Failure)
[2019-04-15T15:35:19.518+0200][5164,038s] GC(842) Using 4 workers of 4 for evacuation
[2019-04-15T15:35:19.558+0200][5164,079s] GC(842) ParNew: 104159K->15721K(109248K)
[2019-04-15T15:35:19.558+0200][5164,079s] GC(842) CMS: 192494K->192494K(393216K)
[2019-04-15T15:35:19.558+0200][5164,079s] GC(842) Metaspace: 83180K->83180K(1126400K)
[2019-04-15T15:35:19.559+0200][5164,079s] GC(842) Pause Young (Allocation Failure) 289M->203M(490M) 41,023ms
[2019-04-15T15:35:19.559+0200][5164,079s] GC(842) User=0,06s Sys=0,00s Real=0,04s
[2019-04-15T15:35:20.517+0200][5165,038s] GC(843) Pause Young (Allocation Failure)
[2019-04-15T15:35:20.517+0200][5165,038s] GC(843) Using 4 workers of 4 for evacuation
[2019-04-15T15:35:20.546+0200][5165,066s] GC(843) ParNew: 103145K->15436K(109248K)
[2019-04-15T15:35:20.546+0200][5165,066s] GC(843) CMS: 192494K->192494K(393216K)
[2019-04-15T15:35:20.546+0200][5165,066s] GC(843) Metaspace: 83180K->83180K(1126400K)
[2019-04-15T15:35:20.546+0200][5165,066s] GC(843) Pause Young (Allocation Failure) 288M->203M(490M) 28,798ms
[2019-04-15T15:35:20.546+0200][5165,066s] GC(843) User=0,03s Sys=0,00s Real=0,03s
[2019-04-15T15:35:21.552+0200][5166,072s] GC(844) Pause Young (Allocation Failure)
[2019-04-15T15:35:21.552+0200][5166,072s] GC(844) Using 4 workers of 4 for evacuation
[2019-04-15T15:35:21.590+0200][5166,110s] GC(844) ParNew: 102860K->20915K(109248K)
[2019-04-15T15:35:21.590+0200][5166,110s] GC(844) CMS: 192494K->193187K(393216K)
[2019-04-15T15:35:21.590+0200][5166,110s] GC(844) Metaspace: 83181K->83181K(1126400K)
[2019-04-15T15:35:21.590+0200][5166,110s] GC(844) Pause Young (Allocation Failure) 288M->209M(490M) 38,103ms
[2019-04-15T15:35:21.590+0200][5166,110s] GC(844) User=0,08s Sys=0,00s Real=0,04s
[2019-04-15T15:35:22.437+0200][5166,958s] GC(845) Pause Young (Allocation Failure)
[2019-04-15T15:35:22.438+0200][5166,958s] GC(845) Using 4 workers of 4 for evacuation
[2019-04-15T15:35:22.488+0200][5167,008s] GC(845) ParNew: 108339K->13752K(109248K)
[2019-04-15T15:35:22.488+0200][5167,008s] GC(845) CMS: 193187K->197628K(393216K)
[2019-04-15T15:35:22.488+0200][5167,009s] GC(845) Metaspace: 83190K->83190K(1126400K)
[2019-04-15T15:35:22.488+0200][5167,009s] GC(845) Pause Young (Allocation Failure) 294M->206M(490M) 50,614ms
[2019-04-15T15:35:22.488+0200][5167,009s] GC(845) User=0,04s Sys=0,00s Real=0,05s
[2019-04-15T15:35:22.492+0200][5167,013s] GC(846) Pause Initial Mark
[2019-04-15T15:35:22.496+0200][5167,017s] GC(846) Pause Initial Mark 207M->207M(490M) 3,694ms
[2019-04-15T15:35:22.496+0200][5167,017s] GC(846) User=0,00s Sys=0,00s Real=0,01s
[2019-04-15T15:35:22.496+0200][5167,017s] GC(846) Concurrent Mark
[2019-04-15T15:35:22.496+0200][5167,017s] GC(846) Using 4 workers of 4 for marking
[2019-04-15T15:35:22.612+0200][5167,132s] GC(846) Concurrent Mark 115,412ms
[2019-04-15T15:35:22.612+0200][5167,132s] GC(846) User=0,20s Sys=0,01s Real=0,11s
[2019-04-15T15:35:22.612+0200][5167,132s] GC(846) Concurrent Preclean
[2019-04-15T15:35:22.613+0200][5167,134s] GC(846) Concurrent Preclean 1,731ms
[2019-04-15T15:35:22.613+0200][5167,134s] GC(846) User=0,00s Sys=0,00s Real=0,01s
[2019-04-15T15:35:22.613+0200][5167,134s] GC(846) Concurrent Abortable Preclean
[2019-04-15T15:35:22.987+0200][5167,508s] GC(846) Concurrent Abortable Preclean 373,886ms
[2019-04-15T15:35:22.987+0200][5167,508s] GC(846) User=0,37s Sys=0,00s Real=0,37s
[2019-04-15T15:35:22.988+0200][5167,508s] GC(846) Pause Remark
[2019-04-15T15:35:22.988+0200][5167,508s] GC(847) Pause Young (CMS Final Remark)
[2019-04-15T15:35:22.988+0200][5167,508s] GC(847) Using 4 workers of 4 for evacuation
[2019-04-15T15:35:23.028+0200][5167,548s] GC(847) ParNew: 65169K->14476K(109248K)
[2019-04-15T15:35:23.028+0200][5167,549s] GC(847) CMS: 197628K->197982K(393216K)
[2019-04-15T15:35:23.028+0200][5167,549s] GC(847) Metaspace: 83190K->83190K(1126400K)
[2019-04-15T15:35:23.028+0200][5167,549s] GC(847) Pause Young (CMS Final Remark) 256M->207M(490M) 40,545ms
[2019-04-15T15:35:23.028+0200][5167,549s] GC(847) User=0,04s Sys=0,00s Real=0,04s
[2019-04-15T15:35:23.167+0200][5167,688s] GC(846) Pause Remark 256M->207M(490M) 179,849ms
[2019-04-15T15:35:23.168+0200][5167,688s] GC(846) User=0,13s Sys=0,00s Real=0,18s
[2019-04-15T15:35:23.168+0200][5167,688s] GC(846) Concurrent Sweep
[2019-04-15T15:35:23.533+0200][5168,054s] GC(846) Concurrent Sweep 365,644ms
[2019-04-15T15:35:23.533+0200][5168,054s] GC(846) User=0,40s Sys=0,01s Real=0,37s
[2019-04-15T15:35:23.534+0200][5168,054s] GC(846) Concurrent Reset
[2019-04-15T15:35:23.536+0200][5168,056s] GC(846) Concurrent Reset 2,261ms
[2019-04-15T15:35:23.536+0200][5168,056s] GC(846) User=0,00s Sys=0,00s Real=0,00s
[2019-04-15T15:35:23.536+0200][5168,056s] GC(846) Old: 197628K->107645K(393216K)
[2019-04-15T15:35:24.331+0200][5168,851s] GC(848) Pause Young (Allocation Failure)
[2019-04-15T15:35:24.331+0200][5168,851s] GC(848) Using 4 workers of 4 for evacuation
[2019-04-15T15:35:24.376+0200][5168,896s] GC(848) ParNew: 101900K->21824K(109248K)
[2019-04-15T15:35:24.376+0200][5168,896s] GC(848) CMS: 107645K->125903K(393216K)
[2019-04-15T15:35:24.376+0200][5168,896s] GC(848) Metaspace: 83191K->83191K(1126400K)
[2019-04-15T15:35:24.376+0200][5168,896s] GC(848) Pause Young (Allocation Failure) 204M->144M(490M) 44,755ms
[2019-04-15T15:35:24.376+0200][5168,896s] GC(848) User=0,05s Sys=0,00s Real=0,05s
[2019-04-15T15:35:24.559+0200][5169,079s] GC(849) Pause Young (Allocation Failure)
[2019-04-15T15:35:24.559+0200][5169,080s] GC(849) Using 4 workers of 4 for evacuation
[2019-04-15T15:35:24.590+0200][5169,110s] GC(849) ParNew: 109248K->21824K(109248K)
[2019-04-15T15:35:24.590+0200][5169,110s] GC(849) CMS: 125903K->136843K(393216K)
[2019-04-15T15:35:24.590+0200][5169,110s] GC(849) Metaspace: 83191K->83191K(1126400K)
[2019-04-15T15:35:24.590+0200][5169,110s] GC(849) Pause Young (Allocation Failure) 229M->154M(490M) 30,828ms
[2019-04-15T15:35:24.590+0200][5169,110s] GC(849) User=0,06s Sys=0,00s Real=0,03s
[2019-04-15T15:35:24.698+0200][5169,218s] GC(850) Pause Young (Allocation Failure)
[2019-04-15T15:35:24.698+0200][5169,218s] GC(850) Using 4 workers of 4 for evacuation
[2019-04-15T15:35:24.715+0200][5169,236s] GC(850) ParNew: 109248K->21824K(109248K)
[2019-04-15T15:35:24.715+0200][5169,236s] GC(850) CMS: 136843K->136843K(393216K)
[2019-04-15T15:35:24.715+0200][5169,236s] GC(850) Metaspace: 83191K->83191K(1126400K)
[2019-04-15T15:35:24.715+0200][5169,236s] GC(850) Pause Young (Allocation Failure) 240M->154M(490M) 17,827ms
[2019-04-15T15:35:24.715+0200][5169,236s] GC(850) User=0,04s Sys=0,00s Real=0,02s
[2019-04-15T15:35:24.842+0200][5169,363s] GC(851) Pause Young (Allocation Failure)
[2019-04-15T15:35:24.842+0200][5169,363s] GC(851) Using 4 workers of 4 for evacuation
[2019-04-15T15:35:24.866+0200][5169,387s] GC(851) ParNew: 109248K->21824K(109248K)
[2019-04-15T15:35:24.866+0200][5169,387s] GC(851) CMS: 136843K->137420K(393216K)
[2019-04-15T15:35:24.866+0200][5169,387s] GC(851) Metaspace: 83191K->83191K(1126400K)
[2019-04-15T15:35:24.866+0200][5169,387s] GC(851) Pause Young (Allocation Failure) 240M->155M(490M) 24,024ms
[2019-04-15T15:35:24.866+0200][5169,387s] GC(851) User=0,06s Sys=0,00s Real=0,03s
[2019-04-15T15:35:25.105+0200][5169,626s] GC(852) Pause Young (Allocation Failure)
[2019-04-15T15:35:25.106+0200][5169,626s] GC(852) Using 4 workers of 4 for evacuation
[2019-04-15T15:35:25.154+0200][5169,675s] GC(852) ParNew: 109248K->21824K(109248K)
[2019-04-15T15:35:25.154+0200][5169,675s] GC(852) CMS: 137420K->139068K(393216K)
[2019-04-15T15:35:25.154+0200][5169,675s] GC(852) Metaspace: 83191K->83191K(1126400K)
[2019-04-15T15:35:25.154+0200][5169,675s] GC(852) Pause Young (Allocation Failure) 240M->157M(490M) 49,044ms
[2019-04-15T15:35:25.154+0200][5169,675s] GC(852) User=0,07s Sys=0,00s Real=0,05s
[2019-04-15T15:35:25.411+0200][5169,932s] GC(853) Pause Young (Allocation Failure)
[2019-04-15T15:35:25.411+0200][5169,932s] GC(853) Using 4 workers of 4 for evacuation
[2019-04-15T15:35:25.436+0200][5169,957s] GC(853) ParNew: 109248K->21824K(109248K)
[2019-04-15T15:35:25.436+0200][5169,957s] GC(853) CMS: 139068K->140648K(393216K)
[2019-04-15T15:35:25.436+0200][5169,957s] GC(853) Metaspace: 83191K->83191K(1126400K)
[2019-04-15T15:35:25.436+0200][5169,957s] GC(853) Pause Young (Allocation Failure) 242M->158M(490M) 24,923ms
[2019-04-15T15:35:25.436+0200][5169,957s] GC(853) User=0,04s Sys=0,00s Real=0,03s
[2019-04-15T15:35:25.533+0200][5170,053s] GC(854) Pause Young (Allocation Failure)
[2019-04-15T15:35:25.533+0200][5170,053s] GC(854) Using 4 workers of 4 for evacuation
[2019-04-15T15:35:25.558+0200][5170,078s] GC(854) ParNew: 109248K->16200K(109248K)
[2019-04-15T15:35:25.558+0200][5170,078s] GC(854) CMS: 140648K->141270K(393216K)
[2019-04-15T15:35:25.558+0200][5170,078s] GC(854) Metaspace: 83191K->83191K(1126400K)
[2019-04-15T15:35:25.558+0200][5170,078s] GC(854) Pause Young (Allocation Failure) 244M->153M(490M) 25,408ms
[2019-04-15T15:35:25.558+0200][5170,078s] GC(854) User=0,04s Sys=0,00s Real=0,03s
[2019-04-15T15:35:25.667+0200][5170,187s] GC(855) Pause Young (Allocation Failure)
[2019-04-15T15:35:25.667+0200][5170,187s] GC(855) Using 4 workers of 4 for evacuation
[2019-04-15T15:35:25.711+0200][5170,232s] GC(855) ParNew: 103624K->21659K(109248K)
[2019-04-15T15:35:25.711+0200][5170,232s] GC(855) CMS: 141270K->141828K(393216K)
[2019-04-15T15:35:25.711+0200][5170,232s] GC(855) Metaspace: 83191K->83191K(1126400K)
[2019-04-15T15:35:25.711+0200][5170,232s] GC(855) Pause Young (Allocation Failure) 239M->159M(490M) 44,928ms
[2019-04-15T15:35:25.711+0200][5170,232s] GC(855) User=0,05s Sys=0,00s Real=0,04s
[2019-04-15T15:35:25.869+0200][5170,389s] GC(856) Pause Young (Allocation Failure)
[2019-04-15T15:35:25.869+0200][5170,389s] GC(856) Using 4 workers of 4 for evacuation
[2019-04-15T15:35:25.899+0200][5170,419s] GC(856) ParNew: 107149K->12525K(109248K)
[2019-04-15T15:35:25.899+0200][5170,419s] GC(856) CMS: 141828K->150136K(393216K)
[2019-04-15T15:35:25.899+0200][5170,419s] GC(856) Metaspace: 83191K->83191K(1126400K)
[2019-04-15T15:35:25.899+0200][5170,420s] GC(856) Pause Young (Allocation Failure) 243M->158M(490M) 30,465ms
[2019-04-15T15:35:25.899+0200][5170,420s] GC(856) User=0,05s Sys=0,00s Real=0,03s
[2019-04-15T15:35:26.078+0200][5170,598s] GC(857) Pause Young (Allocation Failure)
[2019-04-15T15:35:26.078+0200][5170,598s] GC(857) Using 4 workers of 4 for evacuation
[2019-04-15T15:35:26.105+0200][5170,625s] GC(857) ParNew: 99949K->10301K(109248K)
[2019-04-15T15:35:26.105+0200][5170,625s] GC(857) CMS: 150136K->152718K(393216K)
[2019-04-15T15:35:26.105+0200][5170,625s] GC(857) Metaspace: 83191K->83191K(1126400K)
[2019-04-15T15:35:26.105+0200][5170,625s] GC(857) Pause Young (Allocation Failure) 244M->159M(490M) 27,287ms
[2019-04-15T15:35:26.105+0200][5170,625s] GC(857) User=0,04s Sys=0,00s Real=0,02s
[2019-04-15T15:35:26.200+0200][5170,721s] GC(858) Pause Young (Allocation Failure)
[2019-04-15T15:35:26.200+0200][5170,721s] GC(858) Using 4 workers of 4 for evacuation
[2019-04-15T15:35:26.244+0200][5170,764s] GC(858) ParNew: 97725K->12934K(109248K)
[2019-04-15T15:35:26.244+0200][5170,764s] GC(858) CMS: 152718K->153485K(393216K)
[2019-04-15T15:35:26.244+0200][5170,764s] GC(858) Metaspace: 83191K->83191K(1126400K)
[2019-04-15T15:35:26.244+0200][5170,764s] GC(858) Pause Young (Allocation Failure) 244M->162M(490M) 43,440ms
[2019-04-15T15:35:26.244+0200][5170,764s] GC(858) User=0,05s Sys=0,00s Real=0,04s
[2019-04-15T15:35:26.878+0200][5171,398s] GC(859) Pause Young (Allocation Failure)
[2019-04-15T15:35:26.878+0200][5171,398s] GC(859) Using 4 workers of 4 for evacuation
[2019-04-15T15:35:26.919+0200][5171,439s] GC(859) ParNew: 100358K->16635K(109248K)
[2019-04-15T15:35:26.919+0200][5171,439s] GC(859) CMS: 153485K->153804K(393216K)
[2019-04-15T15:35:26.919+0200][5171,439s] GC(859) Metaspace: 83200K->83200K(1126400K)
[2019-04-15T15:35:26.919+0200][5171,439s] GC(859) Pause Young (Allocation Failure) 247M->166M(490M) 41,148ms
[2019-04-15T15:35:26.919+0200][5171,440s] GC(859) User=0,07s Sys=0,00s Real=0,04s
[2019-04-15T15:35:27.705+0200][5172,226s] GC(860) Pause Young (Allocation Failure)
[2019-04-15T15:35:27.705+0200][5172,226s] GC(860) Using 4 workers of 4 for evacuation
[2019-04-15T15:35:27.749+0200][5172,269s] GC(860) ParNew: 104059K->19428K(109248K)
[2019-04-15T15:35:27.749+0200][5172,269s] GC(860) CMS: 153804K->154101K(393216K)
[2019-04-15T15:35:27.749+0200][5172,269s] GC(860) Metaspace: 83201K->83201K(1126400K)
[2019-04-15T15:35:27.749+0200][5172,269s] GC(860) Pause Young (Allocation Failure) 251M->169M(490M) 43,335ms
[2019-04-15T15:35:27.749+0200][5172,269s] GC(860) User=0,06s Sys=0,00s Real=0,04s
[2019-04-15T15:35:28.389+0200][5172,910s] GC(861) Pause Young (Allocation Failure)
[2019-04-15T15:35:28.389+0200][5172,910s] GC(861) Using 4 workers of 4 for evacuation
[2019-04-15T15:35:28.430+0200][5172,951s] GC(861) ParNew: 106821K->21281K(109248K)
[2019-04-15T15:35:28.430+0200][5172,951s] GC(861) CMS: 154101K->154596K(393216K)
[2019-04-15T15:35:28.430+0200][5172,951s] GC(861) Metaspace: 83218K->83218K(1126400K)
[2019-04-15T15:35:28.431+0200][5172,951s] GC(861) Pause Young (Allocation Failure) 254M->171M(490M) 41,327ms
[2019-04-15T15:35:28.431+0200][5172,951s] GC(861) User=0,06s Sys=0,00s Real=0,04s
[2019-04-15T15:35:28.585+0200][5173,106s] GC(862) Pause Young (Allocation Failure)
[2019-04-15T15:35:28.585+0200][5173,106s] GC(862) Using 4 workers of 4 for evacuation
[2019-04-15T15:35:28.631+0200][5173,151s] GC(862) ParNew: 108705K->20358K(109248K)
[2019-04-15T15:35:28.631+0200][5173,151s] GC(862) CMS: 154596K->155283K(393216K)
[2019-04-15T15:35:28.631+0200][5173,151s] GC(862) Metaspace: 83219K->83219K(1126400K)
[2019-04-15T15:35:28.631+0200][5173,151s] GC(862) Pause Young (Allocation Failure) 257M->171M(490M) 45,603ms
[2019-04-15T15:35:28.631+0200][5173,151s] GC(862) User=0,05s Sys=0,00s Real=0,04s
[2019-04-15T15:35:29.053+0200][5173,573s] GC(863) Pause Young (Allocation Failure)
[2019-04-15T15:35:29.053+0200][5173,574s] GC(863) Using 4 workers of 4 for evacuation
[2019-04-15T15:35:29.098+0200][5173,619s] GC(863) ParNew: 107782K->21824K(109248K)
[2019-04-15T15:35:29.098+0200][5173,619s] GC(863) CMS: 155283K->156556K(393216K)
[2019-04-15T15:35:29.098+0200][5173,619s] GC(863) Metaspace: 83223K->83223K(1126400K)
[2019-04-15T15:35:29.098+0200][5173,619s] GC(863) Pause Young (Allocation Failure) 256M->174M(490M) 45,195ms
[2019-04-15T15:35:29.098+0200][5173,619s] GC(863) User=0,05s Sys=0,01s Real=0,04s
[2019-04-15T15:35:29.357+0200][5173,878s] GC(864) Pause Young (Allocation Failure)
[2019-04-15T15:35:29.358+0200][5173,878s] GC(864) Using 4 workers of 4 for evacuation
[2019-04-15T15:35:29.391+0200][5173,912s] GC(864) ParNew: 109248K->18906K(109248K)
[2019-04-15T15:35:29.391+0200][5173,912s] GC(864) CMS: 156556K->157682K(393216K)
[2019-04-15T15:35:29.391+0200][5173,912s] GC(864) Metaspace: 83227K->83227K(1126400K)
[2019-04-15T15:35:29.391+0200][5173,912s] GC(864) Pause Young (Allocation Failure) 259M->172M(490M) 33,971ms
[2019-04-15T15:35:29.391+0200][5173,912s] GC(864) User=0,05s Sys=0,01s Real=0,03s
[2019-04-15T15:35:29.663+0200][5174,183s] GC(865) Pause Young (Allocation Failure)
[2019-04-15T15:35:29.663+0200][5174,183s] GC(865) Using 4 workers of 4 for evacuation
[2019-04-15T15:35:29.701+0200][5174,222s] GC(865) ParNew: 106330K->21824K(109248K)
[2019-04-15T15:35:29.701+0200][5174,222s] GC(865) CMS: 157682K->160918K(393216K)
[2019-04-15T15:35:29.701+0200][5174,222s] GC(865) Metaspace: 83228K->83228K(1126400K)
[2019-04-15T15:35:29.701+0200][5174,222s] GC(865) Pause Young (Allocation Failure) 257M->178M(490M) 38,282ms
[2019-04-15T15:35:29.701+0200][5174,222s] GC(865) User=0,04s Sys=0,00s Real=0,04s
[2019-04-15T15:35:30.089+0200][5174,610s] GC(866) Pause Young (Allocation Failure)
[2019-04-15T15:35:30.090+0200][5174,610s] GC(866) Using 4 workers of 4 for evacuation
[2019-04-15T15:35:30.119+0200][5174,639s] GC(866) ParNew: 109248K->16852K(109248K)
[2019-04-15T15:35:30.119+0200][5174,639s] GC(866) CMS: 160918K->161603K(393216K)
[2019-04-15T15:35:30.119+0200][5174,639s] GC(866) Metaspace: 83265K->83265K(1126400K)
[2019-04-15T15:35:30.119+0200][5174,639s] GC(866) Pause Young (Allocation Failure) 263M->174M(490M) 29,437ms
[2019-04-15T15:35:30.119+0200][5174,639s] GC(866) User=0,06s Sys=0,00s Real=0,03s
[2019-04-15T15:35:30.284+0200][5174,804s] GC(867) Pause Young (Allocation Failure)
[2019-04-15T15:35:30.284+0200][5174,804s] GC(867) Using 4 workers of 4 for evacuation
[2019-04-15T15:35:30.306+0200][5174,827s] GC(867) ParNew: 104276K->16952K(109248K)
[2019-04-15T15:35:30.306+0200][5174,827s] GC(867) CMS: 161603K->164700K(393216K)
[2019-04-15T15:35:30.306+0200][5174,827s] GC(867) Metaspace: 83294K->83294K(1126400K)
[2019-04-15T15:35:30.306+0200][5174,827s] GC(867) Pause Young (Allocation Failure) 259M->177M(490M) 22,555ms
[2019-04-15T15:35:30.307+0200][5174,827s] GC(867) User=0,04s Sys=0,00s Real=0,03s
[2019-04-15T15:35:30.653+0200][5175,174s] GC(868) Pause Young (Allocation Failure)
[2019-04-15T15:35:30.653+0200][5175,174s] GC(868) Using 4 workers of 4 for evacuation
[2019-04-15T15:35:30.682+0200][5175,203s] GC(868) ParNew: 104376K->17332K(109248K)
[2019-04-15T15:35:30.683+0200][5175,203s] GC(868) CMS: 164700K->165328K(393216K)
[2019-04-15T15:35:30.683+0200][5175,203s] GC(868) Metaspace: 83339K->83339K(1126400K)
[2019-04-15T15:35:30.683+0200][5175,203s] GC(868) Pause Young (Allocation Failure) 262M->178M(490M) 29,486ms
[2019-04-15T15:35:30.683+0200][5175,203s] GC(868) User=0,05s Sys=0,00s Real=0,02s
[2019-04-15T15:35:30.831+0200][5175,351s] GC(869) Pause Young (Allocation Failure)
[2019-04-15T15:35:30.831+0200][5175,351s] GC(869) Using 4 workers of 4 for evacuation
[2019-04-15T15:35:30.861+0200][5175,381s] GC(869) ParNew: 104756K->13382K(109248K)
[2019-04-15T15:35:30.861+0200][5175,381s] GC(869) CMS: 165328K->169602K(393216K)
[2019-04-15T15:35:30.861+0200][5175,381s] GC(869) Metaspace: 83340K->83340K(1126400K)
[2019-04-15T15:35:30.861+0200][5175,381s] GC(869) Pause Young (Allocation Failure) 263M->178M(490M) 30,124ms
[2019-04-15T15:35:30.861+0200][5175,381s] GC(869) User=0,04s Sys=0,00s Real=0,03s
[2019-04-15T15:35:31.208+0200][5175,728s] GC(870) Pause Young (Allocation Failure)
[2019-04-15T15:35:31.208+0200][5175,728s] GC(870) Using 4 workers of 4 for evacuation
[2019-04-15T15:35:31.254+0200][5175,774s] GC(870) ParNew: 100806K->8940K(109248K)
[2019-04-15T15:35:31.254+0200][5175,774s] GC(870) CMS: 169602K->169812K(393216K)
[2019-04-15T15:35:31.254+0200][5175,775s] GC(870) Metaspace: 83343K->83343K(1126400K)
[2019-04-15T15:35:31.254+0200][5175,775s] GC(870) Pause Young (Allocation Failure) 264M->174M(490M) 46,472ms
[2019-04-15T15:35:31.254+0200][5175,775s] GC(870) User=0,07s Sys=0,00s Real=0,05s
[2019-04-15T15:35:31.501+0200][5176,022s] GC(871) Pause Young (Allocation Failure)
[2019-04-15T15:35:31.502+0200][5176,022s] GC(871) Using 4 workers of 4 for evacuation
[2019-04-15T15:35:31.529+0200][5176,049s] GC(871) ParNew: 96364K->12032K(109248K)
[2019-04-15T15:35:31.529+0200][5176,049s] GC(871) CMS: 169812K->170408K(393216K)
[2019-04-15T15:35:31.529+0200][5176,049s] GC(871) Metaspace: 83357K->83357K(1126400K)
[2019-04-15T15:35:31.529+0200][5176,049s] GC(871) Pause Young (Allocation Failure) 259M->178M(490M) 27,743ms
[2019-04-15T15:35:31.529+0200][5176,049s] GC(871) User=0,04s Sys=0,00s Real=0,03s
[2019-04-15T15:35:31.705+0200][5176,225s] GC(872) Pause Young (Allocation Failure)
[2019-04-15T15:35:31.705+0200][5176,226s] GC(872) Using 4 workers of 4 for evacuation
[2019-04-15T15:35:31.727+0200][5176,248s] GC(872) ParNew: 99456K->14082K(109248K)
[2019-04-15T15:35:31.727+0200][5176,248s] GC(872) CMS: 170408K->171442K(393216K)
[2019-04-15T15:35:31.727+0200][5176,248s] GC(872) Metaspace: 83358K->83358K(1126400K)
[2019-04-15T15:35:31.727+0200][5176,248s] GC(872) Pause Young (Allocation Failure) 263M->181M(490M) 22,345ms
[2019-04-15T15:35:31.727+0200][5176,248s] GC(872) User=0,04s Sys=0,00s Real=0,02s
[2019-04-15T15:35:32.215+0200][5176,735s] GC(873) Pause Young (Allocation Failure)
[2019-04-15T15:35:32.215+0200][5176,736s] GC(873) Using 4 workers of 4 for evacuation
[2019-04-15T15:35:32.243+0200][5176,763s] GC(873) ParNew: 101506K->13597K(109248K)
[2019-04-15T15:35:32.243+0200][5176,763s] GC(873) CMS: 171442K->171764K(393216K)
[2019-04-15T15:35:32.243+0200][5176,763s] GC(873) Metaspace: 83538K->83538K(1126400K)
[2019-04-15T15:35:32.243+0200][5176,763s] GC(873) Pause Young (Allocation Failure) 266M->181M(490M) 27,723ms
[2019-04-15T15:35:32.243+0200][5176,763s] GC(873) User=0,06s Sys=0,00s Real=0,02s
[2019-04-15T15:35:32.325+0200][5176,845s] GC(874) Pause Young (Allocation Failure)
[2019-04-15T15:35:32.325+0200][5176,845s] GC(874) Using 4 workers of 4 for evacuation
[2019-04-15T15:35:32.364+0200][5176,884s] GC(874) ParNew: 101021K->16419K(109248K)
[2019-04-15T15:35:32.364+0200][5176,884s] GC(874) CMS: 171764K->172514K(393216K)
[2019-04-15T15:35:32.364+0200][5176,884s] GC(874) Metaspace: 83538K->83538K(1126400K)
[2019-04-15T15:35:32.364+0200][5176,884s] GC(874) Pause Young (Allocation Failure) 266M->184M(490M) 39,105ms
[2019-04-15T15:35:32.364+0200][5176,884s] GC(874) User=0,09s Sys=0,01s Real=0,04s
[2019-04-15T15:35:33.047+0200][5177,567s] GC(875) Pause Young (Allocation Failure)
[2019-04-15T15:35:33.047+0200][5177,567s] GC(875) Using 4 workers of 4 for evacuation
[2019-04-15T15:35:33.061+0200][5177,581s] GC(875) ParNew: 103843K->13355K(109248K)
[2019-04-15T15:35:33.061+0200][5177,581s] GC(875) CMS: 172514K->172522K(393216K)
[2019-04-15T15:35:33.061+0200][5177,581s] GC(875) Metaspace: 83539K->83539K(1126400K)
[2019-04-15T15:35:33.061+0200][5177,581s] GC(875) Pause Young (Allocation Failure) 269M->181M(490M) 14,005ms
[2019-04-15T15:35:33.061+0200][5177,581s] GC(875) User=0,04s Sys=0,00s Real=0,01s
[2019-04-15T15:35:33.397+0200][5177,917s] GC(876) Pause Young (Allocation Failure)
[2019-04-15T15:35:33.397+0200][5177,917s] GC(876) Using 4 workers of 4 for evacuation
[2019-04-15T15:35:33.431+0200][5177,951s] GC(876) ParNew: 100779K->12607K(109248K)
[2019-04-15T15:35:33.431+0200][5177,951s] GC(876) CMS: 172522K->174043K(393216K)
[2019-04-15T15:35:33.431+0200][5177,951s] GC(876) Metaspace: 83541K->83541K(1126400K)
[2019-04-15T15:35:33.431+0200][5177,951s] GC(876) Pause Young (Allocation Failure) 266M->182M(490M) 33,938ms
[2019-04-15T15:35:33.431+0200][5177,951s] GC(876) User=0,06s Sys=0,00s Real=0,03s
[2019-04-15T15:35:33.587+0200][5178,107s] GC(877) Pause Young (Allocation Failure)
[2019-04-15T15:35:33.587+0200][5178,107s] GC(877) Using 4 workers of 4 for evacuation
[2019-04-15T15:35:33.607+0200][5178,127s] GC(877) ParNew: 100031K->16542K(109248K)
[2019-04-15T15:35:33.607+0200][5178,127s] GC(877) CMS: 174043K->174046K(393216K)
[2019-04-15T15:35:33.607+0200][5178,127s] GC(877) Metaspace: 83541K->83541K(1126400K)
[2019-04-15T15:35:33.607+0200][5178,127s] GC(877) Pause Young (Allocation Failure) 267M->186M(490M) 20,074ms
[2019-04-15T15:35:33.607+0200][5178,127s] GC(877) User=0,04s Sys=0,00s Real=0,02s
[2019-04-15T15:35:34.401+0200][5178,921s] GC(878) Pause Young (Allocation Failure)
[2019-04-15T15:35:34.401+0200][5178,921s] GC(878) Using 4 workers of 4 for evacuation
[2019-04-15T15:35:34.430+0200][5178,951s] GC(878) ParNew: 103879K->12764K(109248K)
[2019-04-15T15:35:34.430+0200][5178,951s] GC(878) CMS: 174046K->174048K(393216K)
[2019-04-15T15:35:34.430+0200][5178,951s] GC(878) Metaspace: 83600K->83600K(1126400K)
[2019-04-15T15:35:34.430+0200][5178,951s] GC(878) Pause Young (Allocation Failure) 271M->182M(490M) 29,716ms
[2019-04-15T15:35:34.430+0200][5178,951s] GC(878) User=0,06s Sys=0,00s Real=0,03s
[2019-04-15T15:35:34.476+0200][5178,997s] GC(879) Pause Young (Allocation Failure)
[2019-04-15T15:35:34.476+0200][5178,997s] GC(879) Using 4 workers of 4 for evacuation
[2019-04-15T15:35:34.497+0200][5179,018s] GC(879) ParNew: 100188K->15040K(109248K)
[2019-04-15T15:35:34.497+0200][5179,018s] GC(879) CMS: 174048K->175604K(393216K)
[2019-04-15T15:35:34.497+0200][5179,018s] GC(879) Metaspace: 83601K->83601K(1126400K)
[2019-04-15T15:35:34.497+0200][5179,018s] GC(879) Pause Young (Allocation Failure) 267M->186M(490M) 21,175ms
[2019-04-15T15:35:34.497+0200][5179,018s] GC(879) User=0,04s Sys=0,00s Real=0,02s
[2019-04-15T15:35:34.576+0200][5179,096s] GC(880) Pause Young (Allocation Failure)
[2019-04-15T15:35:34.576+0200][5179,097s] GC(880) Using 4 workers of 4 for evacuation
[2019-04-15T15:35:34.603+0200][5179,123s] GC(880) ParNew: 102464K->15915K(109248K)
[2019-04-15T15:35:34.603+0200][5179,123s] GC(880) CMS: 175604K->175721K(393216K)
[2019-04-15T15:35:34.603+0200][5179,123s] GC(880) Metaspace: 83609K->83609K(1126400K)
[2019-04-15T15:35:34.603+0200][5179,123s] GC(880) Pause Young (Allocation Failure) 271M->187M(490M) 26,830ms
[2019-04-15T15:35:34.603+0200][5179,123s] GC(880) User=0,04s Sys=0,00s Real=0,02s
[2019-04-15T15:35:34.816+0200][5179,337s] GC(881) Pause Young (Allocation Failure)
[2019-04-15T15:35:34.816+0200][5179,337s] GC(881) Using 4 workers of 4 for evacuation
[2019-04-15T15:35:34.846+0200][5179,367s] GC(881) ParNew: 103339K->13375K(109248K)
[2019-04-15T15:35:34.846+0200][5179,367s] GC(881) CMS: 175721K->176330K(393216K)
[2019-04-15T15:35:34.846+0200][5179,367s] GC(881) Metaspace: 83611K->83611K(1126400K)
[2019-04-15T15:35:34.846+0200][5179,367s] GC(881) Pause Young (Allocation Failure) 272M->185M(490M) 29,881ms
[2019-04-15T15:35:34.846+0200][5179,367s] GC(881) User=0,05s Sys=0,00s Real=0,03s
[2019-04-15T15:35:35.089+0200][5179,610s] GC(882) Pause Young (Allocation Failure)
[2019-04-15T15:35:35.089+0200][5179,610s] GC(882) Using 4 workers of 4 for evacuation
[2019-04-15T15:35:35.125+0200][5179,645s] GC(882) ParNew: 100799K->17303K(109248K)
[2019-04-15T15:35:35.125+0200][5179,645s] GC(882) CMS: 176330K->176366K(393216K)
[2019-04-15T15:35:35.125+0200][5179,645s] GC(882) Metaspace: 83611K->83611K(1126400K)
[2019-04-15T15:35:35.125+0200][5179,645s] GC(882) Pause Young (Allocation Failure) 270M->189M(490M) 35,780ms
[2019-04-15T15:35:35.125+0200][5179,645s] GC(882) User=0,05s Sys=0,01s Real=0,04s
[2019-04-15T15:35:35.609+0200][5180,129s] GC(883) Pause Young (Allocation Failure)
[2019-04-15T15:35:35.609+0200][5180,129s] GC(883) Using 4 workers of 4 for evacuation
[2019-04-15T15:35:35.641+0200][5180,162s] GC(883) ParNew: 104727K->15955K(109248K)
[2019-04-15T15:35:35.642+0200][5180,162s] GC(883) CMS: 176366K->176697K(393216K)
[2019-04-15T15:35:35.642+0200][5180,162s] GC(883) Metaspace: 83611K->83611K(1126400K)
[2019-04-15T15:35:35.642+0200][5180,162s] GC(883) Pause Young (Allocation Failure) 274M->188M(490M) 32,976ms
[2019-04-15T15:35:35.642+0200][5180,162s] GC(883) User=0,06s Sys=0,00s Real=0,03s
[2019-04-15T15:35:35.933+0200][5180,453s] GC(884) Pause Young (Allocation Failure)
[2019-04-15T15:35:35.933+0200][5180,453s] GC(884) Using 4 workers of 4 for evacuation
[2019-04-15T15:35:35.950+0200][5180,471s] GC(884) ParNew: 103379K->11066K(109248K)
[2019-04-15T15:35:35.951+0200][5180,471s] GC(884) CMS: 176697K->177589K(393216K)
[2019-04-15T15:35:35.951+0200][5180,471s] GC(884) Metaspace: 83640K->83640K(1126400K)
[2019-04-15T15:35:35.951+0200][5180,471s] GC(884) Pause Young (Allocation Failure) 273M->184M(490M) 17,818ms
[2019-04-15T15:35:35.951+0200][5180,471s] GC(884) User=0,04s Sys=0,00s Real=0,02s
[2019-04-15T15:35:36.581+0200][5181,102s] GC(885) Pause Young (Allocation Failure)
[2019-04-15T15:35:36.581+0200][5181,102s] GC(885) Using 4 workers of 4 for evacuation
[2019-04-15T15:35:36.602+0200][5181,123s] GC(885) ParNew: 98490K->17567K(109248K)
[2019-04-15T15:35:36.602+0200][5181,123s] GC(885) CMS: 177589K->177801K(393216K)
[2019-04-15T15:35:36.602+0200][5181,123s] GC(885) Metaspace: 83652K->83652K(1126400K)
[2019-04-15T15:35:36.602+0200][5181,123s] GC(885) Pause Young (Allocation Failure) 269M->190M(490M) 20,867ms
[2019-04-15T15:35:36.602+0200][5181,123s] GC(885) User=0,05s Sys=0,00s Real=0,02s
[2019-04-15T15:35:36.737+0200][5181,257s] GC(886) Pause Young (Allocation Failure)
[2019-04-15T15:35:36.737+0200][5181,257s] GC(886) Using 4 workers of 4 for evacuation
[2019-04-15T15:35:36.762+0200][5181,283s] GC(886) ParNew: 104991K->14925K(109248K)
[2019-04-15T15:35:36.762+0200][5181,283s] GC(886) CMS: 177801K->182298K(393216K)
[2019-04-15T15:35:36.762+0200][5181,283s] GC(886) Metaspace: 83660K->83660K(1126400K)
[2019-04-15T15:35:36.762+0200][5181,283s] GC(886) Pause Young (Allocation Failure) 276M->192M(490M) 25,404ms
[2019-04-15T15:35:36.762+0200][5181,283s] GC(886) User=0,04s Sys=0,00s Real=0,02s
[2019-04-15T15:35:36.891+0200][5181,412s] GC(887) Pause Young (Allocation Failure)
[2019-04-15T15:35:36.891+0200][5181,412s] GC(887) Using 4 workers of 4 for evacuation
[2019-04-15T15:35:36.927+0200][5181,448s] GC(887) ParNew: 102349K->13030K(109248K)
[2019-04-15T15:35:36.927+0200][5181,448s] GC(887) CMS: 182298K->182336K(393216K)
[2019-04-15T15:35:36.927+0200][5181,448s] GC(887) Metaspace: 83660K->83660K(1126400K)
[2019-04-15T15:35:36.927+0200][5181,448s] GC(887) Pause Young (Allocation Failure) 277M->190M(490M) 35,983ms
[2019-04-15T15:35:36.927+0200][5181,448s] GC(887) User=0,07s Sys=0,00s Real=0,04s
[2019-04-15T15:35:37.184+0200][5181,704s] GC(888) Pause Young (Allocation Failure)
[2019-04-15T15:35:37.184+0200][5181,704s] GC(888) Using 4 workers of 4 for evacuation
[2019-04-15T15:35:37.210+0200][5181,731s] GC(888) ParNew: 100454K->15900K(109248K)
[2019-04-15T15:35:37.210+0200][5181,731s] GC(888) CMS: 182336K->182386K(393216K)
[2019-04-15T15:35:37.210+0200][5181,731s] GC(888) Metaspace: 83661K->83661K(1126400K)
[2019-04-15T15:35:37.210+0200][5181,731s] GC(888) Pause Young (Allocation Failure) 276M->193M(490M) 26,233ms
[2019-04-15T15:35:37.210+0200][5181,731s] GC(888) User=0,05s Sys=0,00s Real=0,03s
[2019-04-15T15:35:37.466+0200][5181,987s] GC(889) Pause Young (Allocation Failure)
[2019-04-15T15:35:37.466+0200][5181,987s] GC(889) Using 4 workers of 4 for evacuation
[2019-04-15T15:35:37.485+0200][5182,005s] GC(889) ParNew: 103300K->15302K(109248K)
[2019-04-15T15:35:37.485+0200][5182,005s] GC(889) CMS: 182386K->182560K(393216K)
[2019-04-15T15:35:37.485+0200][5182,005s] GC(889) Metaspace: 83664K->83664K(1126400K)
[2019-04-15T15:35:37.485+0200][5182,005s] GC(889) Pause Young (Allocation Failure) 278M->193M(490M) 18,728ms
[2019-04-15T15:35:37.485+0200][5182,005s] GC(889) User=0,05s Sys=0,00s Real=0,02s
[2019-04-15T15:35:37.787+0200][5182,308s] GC(890) Pause Young (Allocation Failure)
[2019-04-15T15:35:37.787+0200][5182,308s] GC(890) Using 4 workers of 4 for evacuation
[2019-04-15T15:35:37.824+0200][5182,345s] GC(890) ParNew: 102484K->14865K(109248K)
[2019-04-15T15:35:37.824+0200][5182,345s] GC(890) CMS: 182560K->182953K(393216K)
[2019-04-15T15:35:37.824+0200][5182,345s] GC(890) Metaspace: 83682K->83682K(1126400K)
[2019-04-15T15:35:37.825+0200][5182,345s] GC(890) Pause Young (Allocation Failure) 278M->193M(490M) 37,283ms
[2019-04-15T15:35:37.825+0200][5182,345s] GC(890) User=0,06s Sys=0,00s Real=0,03s
[2019-04-15T15:35:37.907+0200][5182,428s] GC(891) Pause Young (Allocation Failure)
[2019-04-15T15:35:37.908+0200][5182,428s] GC(891) Using 4 workers of 4 for evacuation
[2019-04-15T15:35:37.928+0200][5182,449s] GC(891) ParNew: 102289K->14141K(109248K)
[2019-04-15T15:35:37.928+0200][5182,449s] GC(891) CMS: 182953K->182989K(393216K)
[2019-04-15T15:35:37.928+0200][5182,449s] GC(891) Metaspace: 83690K->83690K(1126400K)
[2019-04-15T15:35:37.928+0200][5182,449s] GC(891) Pause Young (Allocation Failure) 278M->192M(490M) 20,784ms
[2019-04-15T15:35:37.928+0200][5182,449s] GC(891) User=0,04s Sys=0,00s Real=0,02s
[2019-04-15T15:35:38.035+0200][5182,556s] GC(892) Pause Young (Allocation Failure)
[2019-04-15T15:35:38.035+0200][5182,556s] GC(892) Using 4 workers of 4 for evacuation
[2019-04-15T15:35:38.053+0200][5182,573s] GC(892) ParNew: 101565K->20527K(109248K)
[2019-04-15T15:35:38.053+0200][5182,573s] GC(892) CMS: 182989K->185145K(393216K)
[2019-04-15T15:35:38.053+0200][5182,573s] GC(892) Metaspace: 83691K->83691K(1126400K)
[2019-04-15T15:35:38.053+0200][5182,573s] GC(892) Pause Young (Allocation Failure) 277M->200M(490M) 17,460ms
[2019-04-15T15:35:38.053+0200][5182,573s] GC(892) User=0,04s Sys=0,00s Real=0,01s
[2019-04-15T15:35:38.163+0200][5182,683s] GC(893) Pause Young (Allocation Failure)
[2019-04-15T15:35:38.163+0200][5182,683s] GC(893) Using 4 workers of 4 for evacuation
[2019-04-15T15:35:38.181+0200][5182,702s] GC(893) ParNew: 107951K->11368K(109248K)
[2019-04-15T15:35:38.181+0200][5182,702s] GC(893) CMS: 185145K->188378K(393216K)
[2019-04-15T15:35:38.181+0200][5182,702s] GC(893) Metaspace: 83747K->83747K(1126400K)
[2019-04-15T15:35:38.181+0200][5182,702s] GC(893) Pause Young (Allocation Failure) 286M->195M(490M) 18,619ms
[2019-04-15T15:35:38.181+0200][5182,702s] GC(893) User=0,05s Sys=0,00s Real=0,02s
[2019-04-15T15:35:38.494+0200][5183,014s] GC(894) Pause Young (Allocation Failure)
[2019-04-15T15:35:38.494+0200][5183,014s] GC(894) Using 4 workers of 4 for evacuation
[2019-04-15T15:35:38.509+0200][5183,029s] GC(894) ParNew: 98792K->10120K(109248K)
[2019-04-15T15:35:38.509+0200][5183,029s] GC(894) CMS: 188378K->189810K(393216K)
[2019-04-15T15:35:38.509+0200][5183,029s] GC(894) Metaspace: 83748K->83748K(1126400K)
[2019-04-15T15:35:38.509+0200][5183,029s] GC(894) Pause Young (Allocation Failure) 280M->195M(490M) 14,980ms
[2019-04-15T15:35:38.509+0200][5183,029s] GC(894) User=0,04s Sys=0,00s Real=0,01s
[2019-04-15T15:35:38.643+0200][5183,164s] GC(895) Pause Young (Allocation Failure)
[2019-04-15T15:35:38.644+0200][5183,164s] GC(895) Using 4 workers of 4 for evacuation
[2019-04-15T15:35:38.665+0200][5183,185s] GC(895) ParNew: 97544K->11651K(109248K)
[2019-04-15T15:35:38.665+0200][5183,185s] GC(895) CMS: 189810K->189917K(393216K)
[2019-04-15T15:35:38.665+0200][5183,185s] GC(895) Metaspace: 83809K->83809K(1126400K)
[2019-04-15T15:35:38.665+0200][5183,185s] GC(895) Pause Young (Allocation Failure) 280M->196M(490M) 21,375ms
[2019-04-15T15:35:38.665+0200][5183,185s] GC(895) User=0,05s Sys=0,00s Real=0,02s
[2019-04-15T15:35:38.844+0200][5183,364s] GC(896) Pause Young (Allocation Failure)
[2019-04-15T15:35:38.844+0200][5183,364s] GC(896) Using 4 workers of 4 for evacuation
[2019-04-15T15:35:38.868+0200][5183,389s] GC(896) ParNew: 99075K->14187K(109248K)
[2019-04-15T15:35:38.868+0200][5183,389s] GC(896) CMS: 189917K->190383K(393216K)
[2019-04-15T15:35:38.868+0200][5183,389s] GC(896) Metaspace: 83925K->83925K(1126400K)
[2019-04-15T15:35:38.868+0200][5183,389s] GC(896) Pause Young (Allocation Failure) 282M->199M(490M) 24,556ms
[2019-04-15T15:35:38.868+0200][5183,389s] GC(896) User=0,05s Sys=0,00s Real=0,03s
[2019-04-15T15:35:39.232+0200][5183,753s] GC(897) Pause Young (Allocation Failure)
[2019-04-15T15:35:39.232+0200][5183,753s] GC(897) Using 4 workers of 4 for evacuation
[2019-04-15T15:35:39.260+0200][5183,780s] GC(897) ParNew: 101596K->13209K(109248K)
[2019-04-15T15:35:39.260+0200][5183,780s] GC(897) CMS: 190383K->190789K(393216K)
[2019-04-15T15:35:39.260+0200][5183,780s] GC(897) Metaspace: 83946K->83946K(1126400K)
[2019-04-15T15:35:39.260+0200][5183,780s] GC(897) Pause Young (Allocation Failure) 285M->199M(490M) 27,848ms
[2019-04-15T15:35:39.260+0200][5183,780s] GC(897) User=0,05s Sys=0,00s Real=0,03s
[2019-04-15T15:35:39.404+0200][5183,924s] GC(898) Pause Young (Allocation Failure)
[2019-04-15T15:35:39.404+0200][5183,924s] GC(898) Using 4 workers of 4 for evacuation
[2019-04-15T15:35:39.429+0200][5183,950s] GC(898) ParNew: 100633K->15907K(109248K)
[2019-04-15T15:35:39.429+0200][5183,950s] GC(898) CMS: 190789K->191722K(393216K)
[2019-04-15T15:35:39.429+0200][5183,950s] GC(898) Metaspace: 83950K->83950K(1126400K)
[2019-04-15T15:35:39.429+0200][5183,950s] GC(898) Pause Young (Allocation Failure) 284M->202M(490M) 25,982ms
[2019-04-15T15:35:39.430+0200][5183,950s] GC(898) User=0,04s Sys=0,00s Real=0,03s
[2019-04-15T15:35:39.912+0200][5184,433s] GC(899) Pause Young (Allocation Failure)
[2019-04-15T15:35:39.912+0200][5184,433s] GC(899) Using 4 workers of 4 for evacuation
[2019-04-15T15:35:39.943+0200][5184,464s] GC(899) ParNew: 103331K->15023K(109248K)
[2019-04-15T15:35:39.943+0200][5184,464s] GC(899) CMS: 191722K->191722K(393216K)
[2019-04-15T15:35:39.943+0200][5184,464s] GC(899) Metaspace: 83963K->83963K(1126400K)
[2019-04-15T15:35:39.943+0200][5184,464s] GC(899) Pause Young (Allocation Failure) 288M->201M(490M) 30,806ms
[2019-04-15T15:35:39.943+0200][5184,464s] GC(899) User=0,07s Sys=0,00s Real=0,03s
[2019-04-15T15:35:40.058+0200][5184,579s] GC(900) Pause Young (Allocation Failure)
[2019-04-15T15:35:40.059+0200][5184,579s] GC(900) Using 4 workers of 4 for evacuation
[2019-04-15T15:35:40.088+0200][5184,608s] GC(900) ParNew: 102447K->14329K(109248K)
[2019-04-15T15:35:40.088+0200][5184,608s] GC(900) CMS: 191722K->192472K(393216K)
[2019-04-15T15:35:40.088+0200][5184,608s] GC(900) Metaspace: 83963K->83963K(1126400K)
[2019-04-15T15:35:40.088+0200][5184,608s] GC(900) Pause Young (Allocation Failure) 287M->201M(490M) 29,269ms
[2019-04-15T15:35:40.088+0200][5184,608s] GC(900) User=0,06s Sys=0,00s Real=0,03s
[2019-04-15T15:35:40.282+0200][5184,803s] GC(901) Pause Young (Allocation Failure)
[2019-04-15T15:35:40.282+0200][5184,803s] GC(901) Using 4 workers of 4 for evacuation
[2019-04-15T15:35:40.316+0200][5184,836s] GC(901) ParNew: 101753K->15650K(109248K)
[2019-04-15T15:35:40.316+0200][5184,836s] GC(901) CMS: 192472K->192477K(393216K)
[2019-04-15T15:35:40.316+0200][5184,836s] GC(901) Metaspace: 83964K->83964K(1126400K)
[2019-04-15T15:35:40.316+0200][5184,837s] GC(901) Pause Young (Allocation Failure) 287M->203M(490M) 33,999ms
[2019-04-15T15:35:40.316+0200][5184,837s] GC(901) User=0,10s Sys=0,00s Real=0,04s
[2019-04-15T15:35:40.454+0200][5184,974s] GC(902) Pause Young (Allocation Failure)
[2019-04-15T15:35:40.454+0200][5184,974s] GC(902) Using 4 workers of 4 for evacuation
[2019-04-15T15:35:40.483+0200][5185,003s] GC(902) ParNew: 103074K->17708K(109248K)
[2019-04-15T15:35:40.483+0200][5185,003s] GC(902) CMS: 192477K->192480K(393216K)
[2019-04-15T15:35:40.483+0200][5185,003s] GC(902) Metaspace: 83964K->83964K(1126400K)
[2019-04-15T15:35:40.483+0200][5185,003s] GC(902) Pause Young (Allocation Failure) 288M->205M(490M) 28,872ms
[2019-04-15T15:35:40.483+0200][5185,003s] GC(902) User=0,05s Sys=0,00s Real=0,02s
[2019-04-15T15:35:40.763+0200][5185,283s] GC(903) Pause Young (Allocation Failure)
[2019-04-15T15:35:40.763+0200][5185,283s] GC(903) Using 4 workers of 4 for evacuation
[2019-04-15T15:35:40.799+0200][5185,319s] GC(903) ParNew: 105132K->11196K(109248K)
[2019-04-15T15:35:40.799+0200][5185,319s] GC(903) CMS: 192480K->194172K(393216K)
[2019-04-15T15:35:40.799+0200][5185,319s] GC(903) Metaspace: 83965K->83965K(1126400K)
[2019-04-15T15:35:40.799+0200][5185,319s] GC(903) Pause Young (Allocation Failure) 290M->200M(490M) 36,313ms
[2019-04-15T15:35:40.799+0200][5185,319s] GC(903) User=0,08s Sys=0,00s Real=0,04s
[2019-04-15T15:35:41.098+0200][5185,618s] GC(904) Pause Young (Allocation Failure)
[2019-04-15T15:35:41.098+0200][5185,618s] GC(904) Using 4 workers of 4 for evacuation
[2019-04-15T15:35:41.149+0200][5185,669s] GC(904) ParNew: 98620K->10564K(109248K)
[2019-04-15T15:35:41.149+0200][5185,669s] GC(904) CMS: 194172K->194204K(393216K)
[2019-04-15T15:35:41.149+0200][5185,669s] GC(904) Metaspace: 84169K->84169K(1126400K)
[2019-04-15T15:35:41.149+0200][5185,669s] GC(904) Pause Young (Allocation Failure) 285M->199M(490M) 50,998ms
[2019-04-15T15:35:41.149+0200][5185,669s] GC(904) User=0,09s Sys=0,00s Real=0,05s
[2019-04-15T15:35:41.575+0200][5186,096s] GC(905) Pause Young (Allocation Failure)
[2019-04-15T15:35:41.575+0200][5186,096s] GC(905) Using 4 workers of 4 for evacuation
[2019-04-15T15:35:41.603+0200][5186,124s] GC(905) ParNew: 97988K->17335K(109248K)
[2019-04-15T15:35:41.603+0200][5186,124s] GC(905) CMS: 194204K->196037K(393216K)
[2019-04-15T15:35:41.603+0200][5186,124s] GC(905) Metaspace: 84179K->84179K(1126400K)
[2019-04-15T15:35:41.603+0200][5186,124s] GC(905) Pause Young (Allocation Failure) 285M->208M(490M) 27,819ms
[2019-04-15T15:35:41.603+0200][5186,124s] GC(905) User=0,06s Sys=0,00s Real=0,02s
[2019-04-15T15:35:41.748+0200][5186,269s] GC(906) Pause Young (Allocation Failure)
[2019-04-15T15:35:41.748+0200][5186,269s] GC(906) Using 4 workers of 4 for evacuation
[2019-04-15T15:35:41.782+0200][5186,302s] GC(906) ParNew: 104759K->14655K(109248K)
[2019-04-15T15:35:41.782+0200][5186,302s] GC(906) CMS: 196037K->196201K(393216K)
[2019-04-15T15:35:41.782+0200][5186,302s] GC(906) Metaspace: 84179K->84179K(1126400K)
[2019-04-15T15:35:41.782+0200][5186,302s] GC(906) Pause Young (Allocation Failure) 293M->205M(490M) 33,561ms
[2019-04-15T15:35:41.782+0200][5186,302s] GC(906) User=0,04s Sys=0,00s Real=0,03s
[2019-04-15T15:35:42.190+0200][5186,711s] GC(907) Pause Young (Allocation Failure)
[2019-04-15T15:35:42.191+0200][5186,711s] GC(907) Using 4 workers of 4 for evacuation
[2019-04-15T15:35:42.212+0200][5186,732s] GC(907) ParNew: 102079K->14292K(109248K)
[2019-04-15T15:35:42.212+0200][5186,733s] GC(907) CMS: 196201K->198365K(393216K)
[2019-04-15T15:35:42.212+0200][5186,733s] GC(907) Metaspace: 84188K->84188K(1126400K)
[2019-04-15T15:35:42.212+0200][5186,733s] GC(907) Pause Young (Allocation Failure) 291M->207M(490M) 21,689ms
[2019-04-15T15:35:42.212+0200][5186,733s] GC(907) User=0,04s Sys=0,00s Real=0,02s
[2019-04-15T15:35:42.213+0200][5186,733s] GC(908) Pause Initial Mark
[2019-04-15T15:35:42.214+0200][5186,735s] GC(908) Pause Initial Mark 208M->208M(490M) 1,620ms
[2019-04-15T15:35:42.214+0200][5186,735s] GC(908) User=0,00s Sys=0,00s Real=0,01s
[2019-04-15T15:35:42.214+0200][5186,735s] GC(908) Concurrent Mark
[2019-04-15T15:35:42.214+0200][5186,735s] GC(908) Using 4 workers of 4 for marking
[2019-04-15T15:35:42.345+0200][5186,865s] GC(908) Concurrent Mark 130,393ms
[2019-04-15T15:35:42.345+0200][5186,865s] GC(908) User=0,28s Sys=0,03s Real=0,12s
[2019-04-15T15:35:42.345+0200][5186,865s] GC(908) Concurrent Preclean
[2019-04-15T15:35:42.347+0200][5186,867s] GC(908) Concurrent Preclean 1,889ms
[2019-04-15T15:35:42.347+0200][5186,867s] GC(908) User=0,00s Sys=0,00s Real=0,01s
[2019-04-15T15:35:42.347+0200][5186,867s] GC(908) Concurrent Abortable Preclean
[2019-04-15T15:35:42.506+0200][5187,026s] GC(909) Pause Young (Allocation Failure)
[2019-04-15T15:35:42.506+0200][5187,026s] GC(909) Using 4 workers of 4 for evacuation
[2019-04-15T15:35:42.523+0200][5187,043s] GC(909) ParNew: 101716K->14643K(109248K)
[2019-04-15T15:35:42.523+0200][5187,043s] GC(909) CMS: 198365K->198502K(393216K)
[2019-04-15T15:35:42.523+0200][5187,043s] GC(909) Metaspace: 84202K->84202K(1126400K)
[2019-04-15T15:35:42.523+0200][5187,043s] GC(909) Pause Young (Allocation Failure) 293M->208M(490M) 17,213ms
[2019-04-15T15:35:42.523+0200][5187,043s] GC(909) User=0,05s Sys=0,00s Real=0,01s
[2019-04-15T15:35:42.723+0200][5187,244s] GC(908) Concurrent Abortable Preclean 376,795ms
[2019-04-15T15:35:42.724+0200][5187,244s] GC(908) User=0,71s Sys=0,02s Real=0,37s
[2019-04-15T15:35:42.732+0200][5187,252s] GC(908) Pause Remark
[2019-04-15T15:35:42.732+0200][5187,252s] GC(910) Pause Young (CMS Final Remark)
[2019-04-15T15:35:42.732+0200][5187,252s] GC(910) Using 4 workers of 4 for evacuation
[2019-04-15T15:35:42.748+0200][5187,269s] GC(910) ParNew: 96282K->18756K(109248K)
[2019-04-15T15:35:42.748+0200][5187,269s] GC(910) CMS: 198502K->199085K(393216K)
[2019-04-15T15:35:42.748+0200][5187,269s] GC(910) Metaspace: 84206K->84206K(1126400K)
[2019-04-15T15:35:42.748+0200][5187,269s] GC(910) Pause Young (CMS Final Remark) 287M->212M(490M) 16,745ms
[2019-04-15T15:35:42.748+0200][5187,269s] GC(910) User=0,03s Sys=0,00s Real=0,02s
[2019-04-15T15:35:42.823+0200][5187,344s] GC(908) Pause Remark 287M->212M(490M) 91,634ms
[2019-04-15T15:35:42.823+0200][5187,344s] GC(908) User=0,12s Sys=0,00s Real=0,09s
[2019-04-15T15:35:42.823+0200][5187,344s] GC(908) Concurrent Sweep
[2019-04-15T15:35:43.092+0200][5187,612s] GC(908) Concurrent Sweep 268,142ms
[2019-04-15T15:35:43.092+0200][5187,612s] GC(908) User=0,53s Sys=0,02s Real=0,27s
[2019-04-15T15:35:43.092+0200][5187,612s] GC(908) Concurrent Reset
[2019-04-15T15:35:43.092+0200][5187,612s] GC(908) Concurrent Reset 0,437ms
[2019-04-15T15:35:43.092+0200][5187,613s] GC(908) User=0,00s Sys=0,00s Real=0,00s
[2019-04-15T15:35:43.092+0200][5187,613s] GC(908) Old: 198365K->136002K(393216K)
[2019-04-15T15:35:43.416+0200][5187,936s] GC(911) Pause Young (Allocation Failure)
[2019-04-15T15:35:43.416+0200][5187,936s] GC(911) Using 4 workers of 4 for evacuation
[2019-04-15T15:35:43.440+0200][5187,960s] GC(911) ParNew: 106180K->13050K(109248K)
[2019-04-15T15:35:43.440+0200][5187,960s] GC(911) CMS: 136002K->136110K(393216K)
[2019-04-15T15:35:43.440+0200][5187,960s] GC(911) Metaspace: 84206K->84206K(1126400K)
[2019-04-15T15:35:43.440+0200][5187,960s] GC(911) Pause Young (Allocation Failure) 236M->145M(490M) 23,932ms
[2019-04-15T15:35:43.440+0200][5187,960s] GC(911) User=0,06s Sys=0,00s Real=0,02s
[2019-04-15T15:35:44.285+0200][5188,806s] GC(912) Pause Young (Allocation Failure)
[2019-04-15T15:35:44.286+0200][5188,806s] GC(912) Using 4 workers of 4 for evacuation
[2019-04-15T15:35:44.298+0200][5188,818s] GC(912) ParNew: 100474K->15445K(109248K)
[2019-04-15T15:35:44.298+0200][5188,818s] GC(912) CMS: 136110K->136117K(393216K)
[2019-04-15T15:35:44.298+0200][5188,818s] GC(912) Metaspace: 84206K->84206K(1126400K)
[2019-04-15T15:35:44.298+0200][5188,818s] GC(912) Pause Young (Allocation Failure) 231M->148M(490M) 12,292ms
[2019-04-15T15:35:44.298+0200][5188,818s] GC(912) User=0,03s Sys=0,00s Real=0,01s
[2019-04-15T15:35:45.203+0200][5189,724s] GC(913) Pause Young (Allocation Failure)
[2019-04-15T15:35:45.203+0200][5189,724s] GC(913) Using 4 workers of 4 for evacuation
[2019-04-15T15:35:45.233+0200][5189,754s] GC(913) ParNew: 102869K->21824K(109248K)
[2019-04-15T15:35:45.233+0200][5189,754s] GC(913) CMS: 136117K->136218K(393216K)
[2019-04-15T15:35:45.233+0200][5189,754s] GC(913) Metaspace: 84206K->84206K(1126400K)
[2019-04-15T15:35:45.233+0200][5189,754s] GC(913) Pause Young (Allocation Failure) 233M->154M(490M) 30,195ms
[2019-04-15T15:35:45.233+0200][5189,754s] GC(913) User=0,05s Sys=0,00s Real=0,04s
[2019-04-15T15:35:45.489+0200][5190,009s] GC(914) Pause Young (Allocation Failure)
[2019-04-15T15:35:45.489+0200][5190,010s] GC(914) Using 4 workers of 4 for evacuation
[2019-04-15T15:35:45.516+0200][5190,036s] GC(914) ParNew: 109248K->21824K(109248K)
[2019-04-15T15:35:45.516+0200][5190,036s] GC(914) CMS: 136218K->138345K(393216K)
[2019-04-15T15:35:45.516+0200][5190,036s] GC(914) Metaspace: 84206K->84206K(1126400K)
[2019-04-15T15:35:45.516+0200][5190,036s] GC(914) Pause Young (Allocation Failure) 239M->156M(490M) 26,806ms
[2019-04-15T15:35:45.516+0200][5190,036s] GC(914) User=0,05s Sys=0,00s Real=0,03s
[2019-04-15T15:35:45.626+0200][5190,146s] GC(915) Pause Young (Allocation Failure)
[2019-04-15T15:35:45.626+0200][5190,146s] GC(915) Using 4 workers of 4 for evacuation
[2019-04-15T15:35:45.668+0200][5190,189s] GC(915) ParNew: 109248K->21824K(109248K)
[2019-04-15T15:35:45.668+0200][5190,189s] GC(915) CMS: 138345K->138990K(393216K)
[2019-04-15T15:35:45.668+0200][5190,189s] GC(915) Metaspace: 84206K->84206K(1126400K)
[2019-04-15T15:35:45.668+0200][5190,189s] GC(915) Pause Young (Allocation Failure) 241M->157M(490M) 42,361ms
[2019-04-15T15:35:45.668+0200][5190,189s] GC(915) User=0,03s Sys=0,00s Real=0,04s
[2019-04-15T15:35:45.821+0200][5190,342s] GC(916) Pause Young (Allocation Failure)
[2019-04-15T15:35:45.821+0200][5190,342s] GC(916) Using 4 workers of 4 for evacuation
[2019-04-15T15:35:45.857+0200][5190,377s] GC(916) ParNew: 109248K->21710K(109248K)
[2019-04-15T15:35:45.857+0200][5190,377s] GC(916) CMS: 138990K->139737K(393216K)
[2019-04-15T15:35:45.857+0200][5190,377s] GC(916) Metaspace: 84206K->84206K(1126400K)
[2019-04-15T15:35:45.857+0200][5190,377s] GC(916) Pause Young (Allocation Failure) 242M->157M(490M) 35,673ms
[2019-04-15T15:35:45.857+0200][5190,377s] GC(916) User=0,03s Sys=0,00s Real=0,04s
[2019-04-15T15:35:45.972+0200][5190,493s] GC(917) Pause Young (Allocation Failure)
[2019-04-15T15:35:45.972+0200][5190,493s] GC(917) Using 4 workers of 4 for evacuation
[2019-04-15T15:35:46.007+0200][5190,528s] GC(917) ParNew: 109134K->19041K(109248K)
[2019-04-15T15:35:46.007+0200][5190,528s] GC(917) CMS: 139737K->141375K(393216K)
[2019-04-15T15:35:46.007+0200][5190,528s] GC(917) Metaspace: 84206K->84206K(1126400K)
[2019-04-15T15:35:46.007+0200][5190,528s] GC(917) Pause Young (Allocation Failure) 243M->156M(490M) 35,220ms
[2019-04-15T15:35:46.008+0200][5190,528s] GC(917) User=0,03s Sys=0,00s Real=0,04s
[2019-04-15T15:35:46.122+0200][5190,643s] GC(918) Pause Young (Allocation Failure)
[2019-04-15T15:35:46.122+0200][5190,643s] GC(918) Using 4 workers of 4 for evacuation
[2019-04-15T15:35:46.155+0200][5190,676s] GC(918) ParNew: 106465K->17909K(109248K)
[2019-04-15T15:35:46.155+0200][5190,676s] GC(918) CMS: 141375K->141797K(393216K)
[2019-04-15T15:35:46.155+0200][5190,676s] GC(918) Metaspace: 84206K->84206K(1126400K)
[2019-04-15T15:35:46.155+0200][5190,676s] GC(918) Pause Young (Allocation Failure) 242M->155M(490M) 33,088ms
[2019-04-15T15:35:46.155+0200][5190,676s] GC(918) User=0,03s Sys=0,00s Real=0,04s
[2019-04-15T15:35:46.234+0200][5190,755s] GC(919) Pause Young (Allocation Failure)
[2019-04-15T15:35:46.234+0200][5190,755s] GC(919) Using 4 workers of 4 for evacuation
[2019-04-15T15:35:46.255+0200][5190,776s] GC(919) ParNew: 105333K->21737K(109248K)
[2019-04-15T15:35:46.255+0200][5190,776s] GC(919) CMS: 141797K->144223K(393216K)
[2019-04-15T15:35:46.255+0200][5190,776s] GC(919) Metaspace: 84206K->84206K(1126400K)
[2019-04-15T15:35:46.255+0200][5190,776s] GC(919) Pause Young (Allocation Failure) 241M->162M(490M) 21,187ms
[2019-04-15T15:35:46.255+0200][5190,776s] GC(919) User=0,04s Sys=0,00s Real=0,02s
[2019-04-15T15:35:46.360+0200][5190,881s] GC(920) Pause Young (Allocation Failure)
[2019-04-15T15:35:46.361+0200][5190,881s] GC(920) Using 4 workers of 4 for evacuation
[2019-04-15T15:35:46.380+0200][5190,900s] GC(920) ParNew: 109161K->11207K(109248K)
[2019-04-15T15:35:46.380+0200][5190,900s] GC(920) CMS: 144223K->148840K(393216K)
[2019-04-15T15:35:46.380+0200][5190,900s] GC(920) Metaspace: 84206K->84206K(1126400K)
[2019-04-15T15:35:46.380+0200][5190,900s] GC(920) Pause Young (Allocation Failure) 247M->156M(490M) 19,455ms
[2019-04-15T15:35:46.380+0200][5190,900s] GC(920) User=0,03s Sys=0,00s Real=0,02s
[2019-04-15T15:35:47.110+0200][5191,630s] GC(921) Pause Young (Allocation Failure)
[2019-04-15T15:35:47.110+0200][5191,630s] GC(921) Using 4 workers of 4 for evacuation
[2019-04-15T15:35:47.128+0200][5191,648s] GC(921) ParNew: 98631K->13312K(109248K)
[2019-04-15T15:35:47.128+0200][5191,648s] GC(921) CMS: 148840K->151011K(393216K)
[2019-04-15T15:35:47.128+0200][5191,648s] GC(921) Metaspace: 84210K->84210K(1126400K)
[2019-04-15T15:35:47.128+0200][5191,648s] GC(921) Pause Young (Allocation Failure) 241M->160M(490M) 18,501ms
[2019-04-15T15:35:47.128+0200][5191,648s] GC(921) User=0,04s Sys=0,00s Real=0,02s
[2019-04-15T15:35:47.672+0200][5192,192s] GC(922) Pause Young (Allocation Failure)
[2019-04-15T15:35:47.672+0200][5192,192s] GC(922) Using 4 workers of 4 for evacuation
[2019-04-15T15:35:47.686+0200][5192,207s] GC(922) ParNew: 100718K->12578K(109248K)
[2019-04-15T15:35:47.686+0200][5192,207s] GC(922) CMS: 151011K->151013K(393216K)
[2019-04-15T15:35:47.686+0200][5192,207s] GC(922) Metaspace: 84210K->84210K(1126400K)
[2019-04-15T15:35:47.686+0200][5192,207s] GC(922) Pause Young (Allocation Failure) 245M->159M(490M) 14,614ms
[2019-04-15T15:35:47.686+0200][5192,207s] GC(922) User=0,02s Sys=0,00s Real=0,02s
[2019-04-15T15:35:48.391+0200][5192,911s] GC(923) Pause Young (Allocation Failure)
[2019-04-15T15:35:48.391+0200][5192,911s] GC(923) Using 4 workers of 4 for evacuation
[2019-04-15T15:35:48.409+0200][5192,929s] GC(923) ParNew: 100002K->15780K(109248K)
[2019-04-15T15:35:48.409+0200][5192,929s] GC(923) CMS: 151013K->151014K(393216K)
[2019-04-15T15:35:48.409+0200][5192,929s] GC(923) Metaspace: 84211K->84211K(1126400K)
[2019-04-15T15:35:48.409+0200][5192,929s] GC(923) Pause Young (Allocation Failure) 245M->162M(490M) 18,233ms
[2019-04-15T15:35:48.409+0200][5192,929s] GC(923) User=0,04s Sys=0,00s Real=0,02s
[2019-04-15T15:35:48.719+0200][5193,239s] GC(924) Pause Young (Allocation Failure)
[2019-04-15T15:35:48.719+0200][5193,239s] GC(924) Using 4 workers of 4 for evacuation
[2019-04-15T15:35:48.737+0200][5193,258s] GC(924) ParNew: 103204K->21824K(109248K)
[2019-04-15T15:35:48.737+0200][5193,258s] GC(924) CMS: 151014K->151016K(393216K)
[2019-04-15T15:35:48.737+0200][5193,258s] GC(924) Metaspace: 84213K->84213K(1126400K)
[2019-04-15T15:35:48.737+0200][5193,258s] GC(924) Pause Young (Allocation Failure) 248M->168M(490M) 18,635ms
[2019-04-15T15:35:48.737+0200][5193,258s] GC(924) User=0,05s Sys=0,00s Real=0,02s
[2019-04-15T15:35:49.504+0200][5194,025s] GC(925) Pause Young (Allocation Failure)
[2019-04-15T15:35:49.504+0200][5194,025s] GC(925) Using 4 workers of 4 for evacuation
[2019-04-15T15:35:49.526+0200][5194,046s] GC(925) ParNew: 109248K->21824K(109248K)
[2019-04-15T15:35:49.526+0200][5194,046s] GC(925) CMS: 151016K->151201K(393216K)
[2019-04-15T15:35:49.526+0200][5194,046s] GC(925) Metaspace: 84213K->84213K(1126400K)
[2019-04-15T15:35:49.526+0200][5194,046s] GC(925) Pause Young (Allocation Failure) 254M->168M(490M) 21,532ms
[2019-04-15T15:35:49.526+0200][5194,046s] GC(925) User=0,03s Sys=0,00s Real=0,03s
[2019-04-15T15:35:49.647+0200][5194,168s] GC(926) Pause Young (Allocation Failure)
[2019-04-15T15:35:49.647+0200][5194,168s] GC(926) Using 4 workers of 4 for evacuation
[2019-04-15T15:35:49.673+0200][5194,194s] GC(926) ParNew: 109226K->21824K(109248K)
[2019-04-15T15:35:49.673+0200][5194,194s] GC(926) CMS: 151201K->153255K(393216K)
[2019-04-15T15:35:49.673+0200][5194,194s] GC(926) Metaspace: 84213K->84213K(1126400K)
[2019-04-15T15:35:49.673+0200][5194,194s] GC(926) Pause Young (Allocation Failure) 254M->170M(490M) 26,122ms
[2019-04-15T15:35:49.673+0200][5194,194s] GC(926) User=0,03s Sys=0,00s Real=0,03s
[2019-04-15T15:35:49.715+0200][5194,235s] GC(927) Pause Young (Allocation Failure)
[2019-04-15T15:35:49.715+0200][5194,235s] GC(927) Using 4 workers of 4 for evacuation
[2019-04-15T15:35:49.742+0200][5194,262s] GC(927) ParNew: 109248K->21824K(109248K)
[2019-04-15T15:35:49.742+0200][5194,262s] GC(927) CMS: 153255K->153255K(393216K)
[2019-04-15T15:35:49.742+0200][5194,262s] GC(927) Metaspace: 84214K->84214K(1126400K)
[2019-04-15T15:35:49.742+0200][5194,263s] GC(927) Pause Young (Allocation Failure) 256M->170M(490M) 27,167ms
[2019-04-15T15:35:49.742+0200][5194,263s] GC(927) User=0,05s Sys=0,00s Real=0,02s
[2019-04-15T15:35:49.901+0200][5194,422s] GC(928) Pause Young (Allocation Failure)
[2019-04-15T15:35:49.901+0200][5194,422s] GC(928) Using 4 workers of 4 for evacuation
[2019-04-15T15:35:49.926+0200][5194,447s] GC(928) ParNew: 109248K->19273K(109248K)
[2019-04-15T15:35:49.926+0200][5194,447s] GC(928) CMS: 153255K->153281K(393216K)
[2019-04-15T15:35:49.926+0200][5194,447s] GC(928) Metaspace: 84220K->84220K(1126400K)
[2019-04-15T15:35:49.926+0200][5194,447s] GC(928) Pause Young (Allocation Failure) 256M->168M(490M) 24,965ms
[2019-04-15T15:35:49.926+0200][5194,447s] GC(928) User=0,06s Sys=0,00s Real=0,03s
[2019-04-15T15:35:50.361+0200][5194,881s] GC(929) Pause Young (Allocation Failure)
[2019-04-15T15:35:50.361+0200][5194,881s] GC(929) Using 4 workers of 4 for evacuation
[2019-04-15T15:35:50.381+0200][5194,902s] GC(929) ParNew: 106697K->21824K(109248K)
[2019-04-15T15:35:50.381+0200][5194,902s] GC(929) CMS: 153281K->155515K(393216K)
[2019-04-15T15:35:50.381+0200][5194,902s] GC(929) Metaspace: 84220K->84220K(1126400K)
[2019-04-15T15:35:50.381+0200][5194,902s] GC(929) Pause Young (Allocation Failure) 253M->173M(490M) 20,638ms
[2019-04-15T15:35:50.381+0200][5194,902s] GC(929) User=0,06s Sys=0,00s Real=0,02s
[2019-04-15T15:35:50.712+0200][5195,232s] GC(930) Pause Young (Allocation Failure)
[2019-04-15T15:35:50.712+0200][5195,232s] GC(930) Using 4 workers of 4 for evacuation
[2019-04-15T15:35:50.740+0200][5195,260s] GC(930) ParNew: 109248K->20576K(109248K)
[2019-04-15T15:35:50.740+0200][5195,260s] GC(930) CMS: 155515K->155896K(393216K)
[2019-04-15T15:35:50.740+0200][5195,260s] GC(930) Metaspace: 84223K->84223K(1126400K)
[2019-04-15T15:35:50.740+0200][5195,260s] GC(930) Pause Young (Allocation Failure) 258M->172M(490M) 28,341ms
[2019-04-15T15:35:50.740+0200][5195,260s] GC(930) User=0,05s Sys=0,00s Real=0,03s
[2019-04-15T15:35:51.838+0200][5196,359s] GC(931) Pause Young (Allocation Failure)
[2019-04-15T15:35:51.838+0200][5196,359s] GC(931) Using 4 workers of 4 for evacuation
[2019-04-15T15:35:51.869+0200][5196,390s] GC(931) ParNew: 108000K->21824K(109248K)
[2019-04-15T15:35:51.869+0200][5196,390s] GC(931) CMS: 155896K->161703K(393216K)
[2019-04-15T15:35:51.869+0200][5196,390s] GC(931) Metaspace: 84230K->84230K(1126400K)
[2019-04-15T15:35:51.869+0200][5196,390s] GC(931) Pause Young (Allocation Failure) 257M->179M(490M) 31,278ms
[2019-04-15T15:35:51.869+0200][5196,390s] GC(931) User=0,06s Sys=0,00s Real=0,03s
[2019-04-15T15:35:52.903+0200][5197,423s] GC(932) Pause Young (Allocation Failure)
[2019-04-15T15:35:52.903+0200][5197,423s] GC(932) Using 4 workers of 4 for evacuation
[2019-04-15T15:35:52.954+0200][5197,474s] GC(932) ParNew: 109248K->21824K(109248K)
[2019-04-15T15:35:52.954+0200][5197,474s] GC(932) CMS: 161703K->208901K(393216K)
[2019-04-15T15:35:52.954+0200][5197,474s] GC(932) Metaspace: 84230K->84230K(1126400K)
[2019-04-15T15:35:52.954+0200][5197,474s] GC(932) Pause Young (Allocation Failure) 264M->225M(490M) 51,361ms
[2019-04-15T15:35:52.954+0200][5197,475s] GC(932) User=0,09s Sys=0,00s Real=0,06s
[2019-04-15T15:35:52.955+0200][5197,475s] GC(933) Pause Initial Mark
[2019-04-15T15:35:52.963+0200][5197,483s] GC(933) Pause Initial Mark 226M->226M(490M) 8,311ms
[2019-04-15T15:35:52.963+0200][5197,483s] GC(933) User=0,02s Sys=0,00s Real=0,00s
[2019-04-15T15:35:52.963+0200][5197,483s] GC(933) Concurrent Mark
[2019-04-15T15:35:52.963+0200][5197,484s] GC(933) Using 4 workers of 4 for marking
[2019-04-15T15:35:53.079+0200][5197,599s] GC(933) Concurrent Mark 115,967ms
[2019-04-15T15:35:53.079+0200][5197,600s] GC(933) User=0,22s Sys=0,00s Real=0,12s
[2019-04-15T15:35:53.079+0200][5197,600s] GC(933) Concurrent Preclean
[2019-04-15T15:35:53.081+0200][5197,601s] GC(933) Concurrent Preclean 1,589ms
[2019-04-15T15:35:53.081+0200][5197,601s] GC(933) User=0,00s Sys=0,00s Real=0,00s
[2019-04-15T15:35:53.081+0200][5197,601s] GC(933) Concurrent Abortable Preclean
[2019-04-15T15:35:53.151+0200][5197,671s] GC(934) Pause Young (Allocation Failure)
[2019-04-15T15:35:53.151+0200][5197,671s] GC(934) Using 4 workers of 4 for evacuation
[2019-04-15T15:35:53.225+0200][5197,745s] GC(934) ParNew: 109248K->21824K(109248K)
[2019-04-15T15:35:53.225+0200][5197,745s] GC(934) CMS: 208901K->254244K(393216K)
[2019-04-15T15:35:53.225+0200][5197,745s] GC(934) Metaspace: 84230K->84230K(1126400K)
[2019-04-15T15:35:53.225+0200][5197,745s] GC(934) Pause Young (Allocation Failure) 310M->269M(490M) 73,945ms
[2019-04-15T15:35:53.225+0200][5197,745s] GC(934) User=0,10s Sys=0,00s Real=0,07s
[2019-04-15T15:35:53.411+0200][5197,932s] GC(935) Pause Young (Allocation Failure)
[2019-04-15T15:35:53.411+0200][5197,932s] GC(935) Using 4 workers of 4 for evacuation
[2019-04-15T15:35:53.447+0200][5197,967s] GC(935) ParNew: 109248K->21370K(109248K)
[2019-04-15T15:35:53.447+0200][5197,967s] GC(935) CMS: 254244K->260638K(393216K)
[2019-04-15T15:35:53.447+0200][5197,967s] GC(935) Metaspace: 84230K->84230K(1126400K)
[2019-04-15T15:35:53.447+0200][5197,967s] GC(935) Pause Young (Allocation Failure) 354M->275M(490M) 35,440ms
[2019-04-15T15:35:53.447+0200][5197,967s] GC(935) User=0,06s Sys=0,00s Real=0,04s
[2019-04-15T15:35:53.447+0200][5197,967s] GC(933) Concurrent Abortable Preclean 365,921ms
[2019-04-15T15:35:53.447+0200][5197,967s] GC(933) User=0,54s Sys=0,02s Real=0,37s
[2019-04-15T15:35:53.447+0200][5197,967s] GC(933) Pause Remark
[2019-04-15T15:35:53.447+0200][5197,967s] GC(936) Pause Young (CMS Final Remark)
[2019-04-15T15:35:53.447+0200][5197,967s] GC(936) Using 4 workers of 4 for evacuation
[2019-04-15T15:35:53.467+0200][5197,987s] GC(936) ParNew: 23009K->21824K(109248K)
[2019-04-15T15:35:53.467+0200][5197,987s] GC(936) CMS: 260638K->260736K(393216K)
[2019-04-15T15:35:53.467+0200][5197,988s] GC(936) Metaspace: 84230K->84230K(1126400K)
[2019-04-15T15:35:53.467+0200][5197,988s] GC(936) Pause Young (CMS Final Remark) 276M->275M(490M) 20,206ms
[2019-04-15T15:35:53.467+0200][5197,988s] GC(936) User=0,03s Sys=0,00s Real=0,02s
[2019-04-15T15:35:53.544+0200][5198,065s] GC(933) Pause Remark 276M->275M(490M) 97,607ms
[2019-04-15T15:35:53.545+0200][5198,065s] GC(933) User=0,15s Sys=0,00s Real=0,09s
[2019-04-15T15:35:53.545+0200][5198,065s] GC(933) Concurrent Sweep
[2019-04-15T15:35:53.659+0200][5198,179s] GC(933) Concurrent Sweep 113,921ms
[2019-04-15T15:35:53.659+0200][5198,179s] GC(933) User=0,21s Sys=0,00s Real=0,12s
[2019-04-15T15:35:53.659+0200][5198,179s] GC(933) Concurrent Reset
[2019-04-15T15:35:53.659+0200][5198,179s] GC(933) Concurrent Reset 0,383ms
[2019-04-15T15:35:53.659+0200][5198,179s] GC(933) User=0,00s Sys=0,00s Real=0,00s
[2019-04-15T15:35:53.659+0200][5198,179s] GC(933) Old: 208901K->210254K(393216K)
[2019-04-15T15:35:53.686+0200][5198,207s] GC(937) Pause Young (Allocation Failure)
[2019-04-15T15:35:53.686+0200][5198,207s] GC(937) Using 4 workers of 4 for evacuation
[2019-04-15T15:35:53.712+0200][5198,232s] GC(937) ParNew: 109248K->21824K(109248K)
[2019-04-15T15:35:53.712+0200][5198,232s] GC(937) CMS: 210254K->211242K(393216K)
[2019-04-15T15:35:53.712+0200][5198,232s] GC(937) Metaspace: 84230K->84230K(1126400K)
[2019-04-15T15:35:53.712+0200][5198,232s] GC(937) Pause Young (Allocation Failure) 312M->227M(490M) 25,155ms
[2019-04-15T15:35:53.712+0200][5198,232s] GC(937) User=0,04s Sys=0,00s Real=0,02s
[2019-04-15T15:35:53.712+0200][5198,232s] GC(938) Pause Initial Mark
[2019-04-15T15:35:53.717+0200][5198,237s] GC(938) Pause Initial Mark 229M->229M(490M) 4,800ms
[2019-04-15T15:35:53.717+0200][5198,237s] GC(938) User=0,01s Sys=0,00s Real=0,01s
[2019-04-15T15:35:53.717+0200][5198,237s] GC(938) Concurrent Mark
[2019-04-15T15:35:53.717+0200][5198,237s] GC(938) Using 4 workers of 4 for marking
[2019-04-15T15:35:53.797+0200][5198,318s] GC(938) Concurrent Mark 80,400ms
[2019-04-15T15:35:53.797+0200][5198,318s] GC(938) User=0,20s Sys=0,01s Real=0,08s
[2019-04-15T15:35:53.797+0200][5198,318s] GC(938) Concurrent Preclean
[2019-04-15T15:35:53.798+0200][5198,319s] GC(938) Concurrent Preclean 1,275ms
[2019-04-15T15:35:53.798+0200][5198,319s] GC(938) User=0,01s Sys=0,00s Real=0,00s
[2019-04-15T15:35:53.798+0200][5198,319s] GC(938) Concurrent Abortable Preclean
[2019-04-15T15:35:53.903+0200][5198,423s] GC(939) Pause Young (Allocation Failure)
[2019-04-15T15:35:53.903+0200][5198,423s] GC(939) Using 4 workers of 4 for evacuation
[2019-04-15T15:35:53.931+0200][5198,451s] GC(939) ParNew: 109248K->21824K(109248K)
[2019-04-15T15:35:53.931+0200][5198,451s] GC(939) CMS: 211242K->211242K(393216K)
[2019-04-15T15:35:53.931+0200][5198,451s] GC(939) Metaspace: 84230K->84230K(1126400K)
[2019-04-15T15:35:53.931+0200][5198,451s] GC(939) Pause Young (Allocation Failure) 312M->227M(490M) 28,018ms
[2019-04-15T15:35:53.931+0200][5198,451s] GC(939) User=0,06s Sys=0,00s Real=0,03s
[2019-04-15T15:35:54.014+0200][5198,535s] GC(938) Concurrent Abortable Preclean 216,002ms
[2019-04-15T15:35:54.015+0200][5198,535s] GC(938) User=0,38s Sys=0,00s Real=0,22s
[2019-04-15T15:35:54.015+0200][5198,535s] GC(938) Pause Remark
[2019-04-15T15:35:54.015+0200][5198,535s] GC(940) Pause Young (CMS Final Remark)
[2019-04-15T15:35:54.015+0200][5198,535s] GC(940) Using 4 workers of 4 for evacuation
[2019-04-15T15:35:54.047+0200][5198,567s] GC(940) ParNew: 68194K->21824K(109248K)
[2019-04-15T15:35:54.047+0200][5198,567s] GC(940) CMS: 211242K->211383K(393216K)
[2019-04-15T15:35:54.047+0200][5198,567s] GC(940) Metaspace: 84230K->84230K(1126400K)
[2019-04-15T15:35:54.047+0200][5198,567s] GC(940) Pause Young (CMS Final Remark) 272M->227M(490M) 32,257ms
[2019-04-15T15:35:54.047+0200][5198,567s] GC(940) User=0,05s Sys=0,00s Real=0,03s
[2019-04-15T15:35:54.241+0200][5198,762s] GC(938) Pause Remark 272M->227M(490M) 226,459ms
[2019-04-15T15:35:54.241+0200][5198,762s] GC(938) User=0,13s Sys=0,00s Real=0,22s
[2019-04-15T15:35:54.241+0200][5198,762s] GC(938) Concurrent Sweep
[2019-04-15T15:35:54.612+0200][5199,133s] GC(938) Concurrent Sweep 370,991ms
[2019-04-15T15:35:54.612+0200][5199,133s] GC(938) User=0,37s Sys=0,00s Real=0,37s
[2019-04-15T15:35:54.612+0200][5199,133s] GC(938) Concurrent Reset
[2019-04-15T15:35:54.613+0200][5199,134s] GC(938) Concurrent Reset 0,772ms
[2019-04-15T15:35:54.613+0200][5199,134s] GC(938) User=0,00s Sys=0,00s Real=0,01s
[2019-04-15T15:35:54.613+0200][5199,134s] GC(938) Old: 211242K->206405K(393216K)
[2019-04-15T15:35:54.630+0200][5199,151s] GC(941) Pause Young (Allocation Failure)
[2019-04-15T15:35:54.631+0200][5199,151s] GC(941) Using 4 workers of 4 for evacuation
[2019-04-15T15:35:54.667+0200][5199,187s] GC(941) ParNew: 109248K->21824K(109248K)
[2019-04-15T15:35:54.667+0200][5199,187s] GC(941) CMS: 206405K->207430K(393216K)
[2019-04-15T15:35:54.667+0200][5199,187s] GC(941) Metaspace: 84230K->84230K(1126400K)
[2019-04-15T15:35:54.667+0200][5199,187s] GC(941) Pause Young (Allocation Failure) 308M->223M(490M) 36,397ms
[2019-04-15T15:35:54.667+0200][5199,187s] GC(941) User=0,05s Sys=0,00s Real=0,04s
[2019-04-15T15:35:54.679+0200][5199,199s] GC(942) Pause Initial Mark
[2019-04-15T15:35:54.687+0200][5199,207s] GC(942) Pause Initial Mark 228M->228M(490M) 7,876ms
[2019-04-15T15:35:54.687+0200][5199,207s] GC(942) User=0,01s Sys=0,00s Real=0,01s
[2019-04-15T15:35:54.687+0200][5199,207s] GC(942) Concurrent Mark
[2019-04-15T15:35:54.687+0200][5199,207s] GC(942) Using 4 workers of 4 for marking
[2019-04-15T15:35:54.817+0200][5199,337s] GC(942) Concurrent Mark 130,026ms
[2019-04-15T15:35:54.817+0200][5199,337s] GC(942) User=0,23s Sys=0,01s Real=0,13s
[2019-04-15T15:35:54.817+0200][5199,337s] GC(942) Concurrent Preclean
[2019-04-15T15:35:54.818+0200][5199,339s] GC(942) Concurrent Preclean 1,338ms
[2019-04-15T15:35:54.818+0200][5199,339s] GC(942) User=0,00s Sys=0,00s Real=0,00s
[2019-04-15T15:35:54.818+0200][5199,339s] GC(942) Concurrent Abortable Preclean
[2019-04-15T15:35:54.955+0200][5199,475s] GC(943) Pause Young (Allocation Failure)
[2019-04-15T15:35:54.955+0200][5199,475s] GC(943) Using 4 workers of 4 for evacuation
[2019-04-15T15:35:54.995+0200][5199,516s] GC(943) ParNew: 109248K->21824K(109248K)
[2019-04-15T15:35:54.995+0200][5199,516s] GC(943) CMS: 207430K->207825K(393216K)
[2019-04-15T15:35:54.995+0200][5199,516s] GC(943) Metaspace: 84230K->84230K(1126400K)
[2019-04-15T15:35:54.995+0200][5199,516s] GC(943) Pause Young (Allocation Failure) 309M->224M(490M) 40,508ms
[2019-04-15T15:35:54.995+0200][5199,516s] GC(943) User=0,05s Sys=0,00s Real=0,04s
[2019-04-15T15:35:55.313+0200][5199,834s] GC(944) Pause Young (Allocation Failure)
[2019-04-15T15:35:55.313+0200][5199,834s] GC(944) Using 4 workers of 4 for evacuation
[2019-04-15T15:35:55.356+0200][5199,876s] GC(944) ParNew: 109248K->17186K(109248K)
[2019-04-15T15:35:55.356+0200][5199,876s] GC(944) CMS: 207825K->221062K(393216K)
[2019-04-15T15:35:55.356+0200][5199,876s] GC(944) Metaspace: 84230K->84230K(1126400K)
[2019-04-15T15:35:55.356+0200][5199,876s] GC(944) Pause Young (Allocation Failure) 309M->232M(490M) 42,630ms
[2019-04-15T15:35:55.356+0200][5199,876s] GC(944) User=0,04s Sys=0,00s Real=0,04s
[2019-04-15T15:35:55.370+0200][5199,891s] GC(942) Concurrent Abortable Preclean 552,030ms
[2019-04-15T15:35:55.370+0200][5199,891s] GC(942) User=0,48s Sys=0,00s Real=0,55s
[2019-04-15T15:35:55.371+0200][5199,891s] GC(942) Pause Remark
[2019-04-15T15:35:55.371+0200][5199,891s] GC(945) Pause Young (CMS Final Remark)
[2019-04-15T15:35:55.371+0200][5199,891s] GC(945) Using 4 workers of 4 for evacuation
[2019-04-15T15:35:55.390+0200][5199,910s] GC(945) ParNew: 22324K->4695K(109248K)
[2019-04-15T15:35:55.390+0200][5199,910s] GC(945) CMS: 221062K->222169K(393216K)
[2019-04-15T15:35:55.390+0200][5199,910s] GC(945) Metaspace: 84230K->84230K(1126400K)
[2019-04-15T15:35:55.390+0200][5199,910s] GC(945) Pause Young (CMS Final Remark) 237M->221M(490M) 19,154ms
[2019-04-15T15:35:55.390+0200][5199,910s] GC(945) User=0,02s Sys=0,00s Real=0,02s
[2019-04-15T15:35:55.525+0200][5200,045s] GC(942) Pause Remark 237M->221M(490M) 154,420ms
[2019-04-15T15:35:55.525+0200][5200,046s] GC(942) User=0,10s Sys=0,00s Real=0,16s
[2019-04-15T15:35:55.525+0200][5200,046s] GC(942) Concurrent Sweep
[2019-04-15T15:35:55.670+0200][5200,190s] GC(942) Concurrent Sweep 144,490ms
[2019-04-15T15:35:55.670+0200][5200,190s] GC(942) User=0,18s Sys=0,00s Real=0,14s
[2019-04-15T15:35:55.670+0200][5200,190s] GC(942) Concurrent Reset
[2019-04-15T15:35:55.671+0200][5200,191s] GC(942) Concurrent Reset 0,552ms
[2019-04-15T15:35:55.671+0200][5200,191s] GC(942) User=0,00s Sys=0,00s Real=0,00s
[2019-04-15T15:35:55.671+0200][5200,191s] GC(942) Old: 207430K->221499K(393216K)
[2019-04-15T15:35:55.724+0200][5200,245s] GC(946) Pause Young (Allocation Failure)
[2019-04-15T15:35:55.725+0200][5200,245s] GC(946) Using 4 workers of 4 for evacuation
[2019-04-15T15:35:55.740+0200][5200,261s] GC(946) ParNew: 92119K->5391K(109248K)
[2019-04-15T15:35:55.740+0200][5200,261s] GC(946) CMS: 221499K->221499K(393216K)
[2019-04-15T15:35:55.740+0200][5200,261s] GC(946) Metaspace: 84230K->84230K(1126400K)
[2019-04-15T15:35:55.740+0200][5200,261s] GC(946) Pause Young (Allocation Failure) 306M->221M(490M) 16,108ms
[2019-04-15T15:35:55.741+0200][5200,261s] GC(946) User=0,03s Sys=0,00s Real=0,02s
[2019-04-15T15:35:55.741+0200][5200,262s] GC(947) Pause Initial Mark
[2019-04-15T15:35:55.744+0200][5200,264s] GC(947) Pause Initial Mark 223M->223M(490M) 2,277ms
[2019-04-15T15:35:55.744+0200][5200,264s] GC(947) User=0,00s Sys=0,00s Real=0,00s
[2019-04-15T15:35:55.744+0200][5200,264s] GC(947) Concurrent Mark
[2019-04-15T15:35:55.744+0200][5200,264s] GC(947) Using 4 workers of 4 for marking
[2019-04-15T15:35:55.852+0200][5200,372s] GC(947) Concurrent Mark 107,690ms
[2019-04-15T15:35:55.852+0200][5200,372s] GC(947) User=0,23s Sys=0,00s Real=0,11s
[2019-04-15T15:35:55.852+0200][5200,372s] GC(947) Concurrent Preclean
[2019-04-15T15:35:55.853+0200][5200,373s] GC(947) Concurrent Preclean 1,346ms
[2019-04-15T15:35:55.853+0200][5200,373s] GC(947) User=0,00s Sys=0,00s Real=0,01s
[2019-04-15T15:35:55.853+0200][5200,373s] GC(947) Concurrent Abortable Preclean
[2019-04-15T15:35:56.075+0200][5200,595s] GC(948) Pause Young (Allocation Failure)
[2019-04-15T15:35:56.075+0200][5200,595s] GC(948) Using 4 workers of 4 for evacuation
[2019-04-15T15:35:56.087+0200][5200,608s] GC(948) ParNew: 92815K->9240K(109248K)
[2019-04-15T15:35:56.087+0200][5200,608s] GC(948) CMS: 221499K->221593K(393216K)
[2019-04-15T15:35:56.087+0200][5200,608s] GC(948) Metaspace: 84230K->84230K(1126400K)
[2019-04-15T15:35:56.087+0200][5200,608s] GC(948) Pause Young (Allocation Failure) 306M->225M(490M) 12,314ms
[2019-04-15T15:35:56.087+0200][5200,608s] GC(948) User=0,02s Sys=0,00s Real=0,01s
[2019-04-15T15:35:56.399+0200][5200,920s] GC(949) Pause Young (Allocation Failure)
[2019-04-15T15:35:56.399+0200][5200,920s] GC(949) Using 4 workers of 4 for evacuation
[2019-04-15T15:35:56.412+0200][5200,932s] GC(949) ParNew: 96664K->7808K(109248K)
[2019-04-15T15:35:56.412+0200][5200,932s] GC(949) CMS: 221593K->221981K(393216K)
[2019-04-15T15:35:56.412+0200][5200,932s] GC(949) Metaspace: 84230K->84230K(1126400K)
[2019-04-15T15:35:56.412+0200][5200,932s] GC(949) Pause Young (Allocation Failure) 310M->224M(490M) 12,510ms
[2019-04-15T15:35:56.412+0200][5200,932s] GC(949) User=0,03s Sys=0,00s Real=0,01s
[2019-04-15T15:35:56.412+0200][5200,932s] GC(947) Concurrent Abortable Preclean 558,928ms
[2019-04-15T15:35:56.412+0200][5200,932s] GC(947) User=0,58s Sys=0,00s Real=0,55s
[2019-04-15T15:35:56.412+0200][5200,933s] GC(947) Pause Remark
[2019-04-15T15:35:56.412+0200][5200,933s] GC(950) Pause Young (CMS Final Remark)
[2019-04-15T15:35:56.412+0200][5200,933s] GC(950) Using 4 workers of 4 for evacuation
[2019-04-15T15:35:56.433+0200][5200,953s] GC(950) ParNew: 9549K->6849K(109248K)
[2019-04-15T15:35:56.433+0200][5200,953s] GC(950) CMS: 221981K->221985K(393216K)
[2019-04-15T15:35:56.433+0200][5200,953s] GC(950) Metaspace: 84230K->84230K(1126400K)
[2019-04-15T15:35:56.433+0200][5200,953s] GC(950) Pause Young (CMS Final Remark) 226M->223M(490M) 20,566ms
[2019-04-15T15:35:56.433+0200][5200,953s] GC(950) User=0,03s Sys=0,00s Real=0,02s
[2019-04-15T15:35:56.547+0200][5201,067s] GC(947) Pause Remark 226M->223M(490M) 134,629ms
[2019-04-15T15:35:56.547+0200][5201,067s] GC(947) User=0,10s Sys=0,01s Real=0,14s
[2019-04-15T15:35:56.547+0200][5201,067s] GC(947) Concurrent Sweep
[2019-04-15T15:35:56.787+0200][5201,308s] GC(951) Pause Young (Allocation Failure)
[2019-04-15T15:35:56.787+0200][5201,308s] GC(951) Using 4 workers of 4 for evacuation
[2019-04-15T15:35:56.811+0200][5201,332s] GC(951) ParNew: 94273K->6308K(109248K)
[2019-04-15T15:35:56.812+0200][5201,332s] GC(951) CMS: 220934K->221268K(393216K)
[2019-04-15T15:35:56.812+0200][5201,332s] GC(951) Metaspace: 84230K->84230K(1126400K)
[2019-04-15T15:35:56.812+0200][5201,332s] GC(951) Pause Young (Allocation Failure) 307M->222M(490M) 24,424ms
[2019-04-15T15:35:56.812+0200][5201,332s] GC(951) User=0,03s Sys=0,00s Real=0,02s
[2019-04-15T15:35:56.886+0200][5201,407s] GC(947) Concurrent Sweep 339,299ms
[2019-04-15T15:35:56.886+0200][5201,407s] GC(947) User=0,36s Sys=0,00s Real=0,34s
[2019-04-15T15:35:56.886+0200][5201,407s] GC(947) Concurrent Reset
[2019-04-15T15:35:56.887+0200][5201,407s] GC(947) Concurrent Reset 0,564ms
[2019-04-15T15:35:56.887+0200][5201,407s] GC(947) User=0,00s Sys=0,00s Real=0,00s
[2019-04-15T15:35:56.887+0200][5201,407s] GC(947) Old: 221499K->221268K(393216K)
[2019-04-15T15:35:57.116+0200][5201,637s] GC(952) Pause Young (Allocation Failure)
[2019-04-15T15:35:57.116+0200][5201,637s] GC(952) Using 4 workers of 4 for evacuation
[2019-04-15T15:35:57.149+0200][5201,670s] GC(952) ParNew: 93732K->7564K(109248K)
[2019-04-15T15:35:57.149+0200][5201,670s] GC(952) CMS: 221268K->221322K(393216K)
[2019-04-15T15:35:57.149+0200][5201,670s] GC(952) Metaspace: 84230K->84230K(1126400K)
[2019-04-15T15:35:57.150+0200][5201,670s] GC(952) Pause Young (Allocation Failure) 307M->223M(490M) 33,156ms
[2019-04-15T15:35:57.150+0200][5201,670s] GC(952) User=0,03s Sys=0,00s Real=0,03s
[2019-04-15T15:35:57.153+0200][5201,674s] GC(953) Pause Initial Mark
[2019-04-15T15:35:57.156+0200][5201,676s] GC(953) Pause Initial Mark 223M->223M(490M) 2,951ms
[2019-04-15T15:35:57.156+0200][5201,677s] GC(953) User=0,00s Sys=0,00s Real=0,00s
[2019-04-15T15:35:57.156+0200][5201,677s] GC(953) Concurrent Mark
[2019-04-15T15:35:57.156+0200][5201,677s] GC(953) Using 4 workers of 4 for marking
[2019-04-15T15:35:57.281+0200][5201,801s] GC(953) Concurrent Mark 124,608ms
[2019-04-15T15:35:57.281+0200][5201,801s] GC(953) User=0,24s Sys=0,00s Real=0,12s
[2019-04-15T15:35:57.281+0200][5201,801s] GC(953) Concurrent Preclean
[2019-04-15T15:35:57.283+0200][5201,803s] GC(953) Concurrent Preclean 1,947ms
[2019-04-15T15:35:57.283+0200][5201,803s] GC(953) User=0,00s Sys=0,00s Real=0,00s
[2019-04-15T15:35:57.283+0200][5201,803s] GC(953) Concurrent Abortable Preclean
[2019-04-15T15:35:57.413+0200][5201,934s] GC(954) Pause Young (Allocation Failure)
[2019-04-15T15:35:57.414+0200][5201,934s] GC(954) Using 4 workers of 4 for evacuation
[2019-04-15T15:35:57.420+0200][5201,940s] GC(953) Concurrent Abortable Preclean 136,853ms
[2019-04-15T15:35:57.420+0200][5201,940s] GC(953) User=0,14s Sys=0,00s Real=0,14s
[2019-04-15T15:35:57.441+0200][5201,962s] GC(954) ParNew: 94988K->7514K(109248K)
[2019-04-15T15:35:57.441+0200][5201,962s] GC(954) CMS: 221322K->221688K(393216K)
[2019-04-15T15:35:57.441+0200][5201,962s] GC(954) Metaspace: 84230K->84230K(1126400K)
[2019-04-15T15:35:57.441+0200][5201,962s] GC(954) Pause Young (Allocation Failure) 308M->223M(490M) 27,765ms
[2019-04-15T15:35:57.441+0200][5201,962s] GC(954) User=0,03s Sys=0,00s Real=0,02s
[2019-04-15T15:35:57.442+0200][5201,962s] GC(953) Pause Remark
[2019-04-15T15:35:57.442+0200][5201,962s] GC(955) Pause Young (CMS Final Remark)
[2019-04-15T15:35:57.442+0200][5201,962s] GC(955) Using 4 workers of 4 for evacuation
[2019-04-15T15:35:57.469+0200][5201,990s] GC(955) ParNew: 7516K->7263K(109248K)
[2019-04-15T15:35:57.469+0200][5201,990s] GC(955) CMS: 221688K->221689K(393216K)
[2019-04-15T15:35:57.469+0200][5201,990s] GC(955) Metaspace: 84230K->84230K(1126400K)
[2019-04-15T15:35:57.469+0200][5201,990s] GC(955) Pause Young (CMS Final Remark) 223M->223M(490M) 27,714ms
[2019-04-15T15:35:57.469+0200][5201,990s] GC(955) User=0,02s Sys=0,00s Real=0,03s
[2019-04-15T15:35:57.552+0200][5202,072s] GC(953) Pause Remark 223M->223M(490M) 110,285ms
[2019-04-15T15:35:57.552+0200][5202,072s] GC(953) User=0,09s Sys=0,00s Real=0,11s
[2019-04-15T15:35:57.552+0200][5202,073s] GC(953) Concurrent Sweep
[2019-04-15T15:35:57.764+0200][5202,285s] GC(953) Concurrent Sweep 212,170ms
[2019-04-15T15:35:57.764+0200][5202,285s] GC(953) User=0,22s Sys=0,00s Real=0,21s
[2019-04-15T15:35:57.764+0200][5202,285s] GC(953) Concurrent Reset
[2019-04-15T15:35:57.765+0200][5202,285s] GC(953) Concurrent Reset 0,379ms
[2019-04-15T15:35:57.765+0200][5202,285s] GC(953) User=0,00s Sys=0,00s Real=0,00s
[2019-04-15T15:35:57.765+0200][5202,285s] GC(953) Old: 221322K->221686K(393216K)
[2019-04-15T15:35:58.099+0200][5202,620s] GC(956) Pause Young (Allocation Failure)
[2019-04-15T15:35:58.099+0200][5202,620s] GC(956) Using 4 workers of 4 for evacuation
[2019-04-15T15:35:58.128+0200][5202,648s] GC(956) ParNew: 94687K->6672K(109248K)
[2019-04-15T15:35:58.128+0200][5202,648s] GC(956) CMS: 221686K->222092K(393216K)
[2019-04-15T15:35:58.128+0200][5202,648s] GC(956) Metaspace: 84230K->84230K(1126400K)
[2019-04-15T15:35:58.128+0200][5202,648s] GC(956) Pause Young (Allocation Failure) 308M->223M(490M) 28,336ms
[2019-04-15T15:35:58.128+0200][5202,648s] GC(956) User=0,02s Sys=0,00s Real=0,03s
[2019-04-15T15:35:58.136+0200][5202,657s] GC(957) Pause Initial Mark
[2019-04-15T15:35:58.141+0200][5202,662s] GC(957) Pause Initial Mark 228M->228M(490M) 4,719ms
[2019-04-15T15:35:58.141+0200][5202,662s] GC(957) User=0,00s Sys=0,00s Real=0,00s
[2019-04-15T15:35:58.141+0200][5202,662s] GC(957) Concurrent Mark
[2019-04-15T15:35:58.141+0200][5202,662s] GC(957) Using 4 workers of 4 for marking
[2019-04-15T15:35:58.276+0200][5202,796s] GC(957) Concurrent Mark 134,297ms
[2019-04-15T15:35:58.276+0200][5202,796s] GC(957) User=0,22s Sys=0,01s Real=0,14s
[2019-04-15T15:35:58.276+0200][5202,796s] GC(957) Concurrent Preclean
[2019-04-15T15:35:58.277+0200][5202,797s] GC(957) Concurrent Preclean 1,495ms
[2019-04-15T15:35:58.277+0200][5202,798s] GC(957) User=0,00s Sys=0,00s Real=0,00s
[2019-04-15T15:35:58.277+0200][5202,798s] GC(957) Concurrent Abortable Preclean
[2019-04-15T15:35:58.355+0200][5202,875s] GC(958) Pause Young (Allocation Failure)
[2019-04-15T15:35:58.355+0200][5202,876s] GC(958) Using 4 workers of 4 for evacuation
[2019-04-15T15:35:58.393+0200][5202,913s] GC(958) ParNew: 94096K->3578K(109248K)
[2019-04-15T15:35:58.393+0200][5202,914s] GC(958) CMS: 222092K->224163K(393216K)
[2019-04-15T15:35:58.393+0200][5202,914s] GC(958) Metaspace: 84230K->84230K(1126400K)
[2019-04-15T15:35:58.393+0200][5202,914s] GC(958) Pause Young (Allocation Failure) 308M->222M(490M) 38,126ms
[2019-04-15T15:35:58.393+0200][5202,914s] GC(958) User=0,03s Sys=0,00s Real=0,04s
[2019-04-15T15:35:58.588+0200][5203,109s] GC(959) Pause Young (Allocation Failure)
[2019-04-15T15:35:58.588+0200][5203,109s] GC(959) Using 4 workers of 4 for evacuation
[2019-04-15T15:35:58.615+0200][5203,136s] GC(959) ParNew: 91002K->4984K(109248K)
[2019-04-15T15:35:58.615+0200][5203,136s] GC(959) CMS: 224163K->224601K(393216K)
[2019-04-15T15:35:58.615+0200][5203,136s] GC(959) Metaspace: 84230K->84230K(1126400K)
[2019-04-15T15:35:58.615+0200][5203,136s] GC(959) Pause Young (Allocation Failure) 307M->224M(490M) 27,224ms
[2019-04-15T15:35:58.615+0200][5203,136s] GC(959) User=0,03s Sys=0,00s Real=0,03s
[2019-04-15T15:35:58.717+0200][5203,237s] GC(957) Concurrent Abortable Preclean 439,540ms
[2019-04-15T15:35:58.717+0200][5203,237s] GC(957) User=0,40s Sys=0,00s Real=0,44s
[2019-04-15T15:35:58.721+0200][5203,242s] GC(957) Pause Remark
[2019-04-15T15:35:58.721+0200][5203,242s] GC(960) Pause Young (CMS Final Remark)
[2019-04-15T15:35:58.721+0200][5203,242s] GC(960) Using 4 workers of 4 for evacuation
[2019-04-15T15:35:58.747+0200][5203,268s] GC(960) ParNew: 25947K->3824K(109248K)
[2019-04-15T15:35:58.747+0200][5203,268s] GC(960) CMS: 224601K->224601K(393216K)
[2019-04-15T15:35:58.747+0200][5203,268s] GC(960) Metaspace: 84230K->84230K(1126400K)
[2019-04-15T15:35:58.747+0200][5203,268s] GC(960) Pause Young (CMS Final Remark) 244M->223M(490M) 26,160ms
[2019-04-15T15:35:58.747+0200][5203,268s] GC(960) User=0,03s Sys=0,00s Real=0,03s
[2019-04-15T15:35:58.861+0200][5203,382s] GC(957) Pause Remark 244M->223M(490M) 140,071ms
[2019-04-15T15:35:58.861+0200][5203,382s] GC(957) User=0,09s Sys=0,00s Real=0,14s
[2019-04-15T15:35:58.861+0200][5203,382s] GC(957) Concurrent Sweep
[2019-04-15T15:35:58.962+0200][5203,482s] GC(957) Concurrent Sweep 100,635ms
[2019-04-15T15:35:58.962+0200][5203,483s] GC(957) User=0,11s Sys=0,00s Real=0,10s
[2019-04-15T15:35:58.962+0200][5203,483s] GC(957) Concurrent Reset
[2019-04-15T15:35:58.962+0200][5203,483s] GC(957) Concurrent Reset 0,357ms
[2019-04-15T15:35:58.963+0200][5203,483s] GC(957) User=0,00s Sys=0,00s Real=0,00s
[2019-04-15T15:35:58.963+0200][5203,483s] GC(957) Old: 222092K->224600K(393216K)
[2019-04-15T15:35:59.198+0200][5203,718s] GC(961) Pause Young (Allocation Failure)
[2019-04-15T15:35:59.198+0200][5203,718s] GC(961) Using 4 workers of 4 for evacuation
[2019-04-15T15:35:59.222+0200][5203,743s] GC(961) ParNew: 91248K->5603K(109248K)
[2019-04-15T15:35:59.222+0200][5203,743s] GC(961) CMS: 224600K->224986K(393216K)
[2019-04-15T15:35:59.222+0200][5203,743s] GC(961) Metaspace: 84230K->84230K(1126400K)
[2019-04-15T15:35:59.222+0200][5203,743s] GC(961) Pause Young (Allocation Failure) 308M->225M(490M) 24,489ms
[2019-04-15T15:35:59.222+0200][5203,743s] GC(961) User=0,03s Sys=0,00s Real=0,02s
[2019-04-15T15:35:59.226+0200][5203,747s] GC(962) Pause Initial Mark
[2019-04-15T15:35:59.228+0200][5203,749s] GC(962) Pause Initial Mark 226M->226M(490M) 1,857ms
[2019-04-15T15:35:59.228+0200][5203,749s] GC(962) User=0,01s Sys=0,00s Real=0,00s
[2019-04-15T15:35:59.228+0200][5203,749s] GC(962) Concurrent Mark
[2019-04-15T15:35:59.228+0200][5203,749s] GC(962) Using 4 workers of 4 for marking
[2019-04-15T15:35:59.330+0200][5203,850s] GC(962) Concurrent Mark 101,413ms
[2019-04-15T15:35:59.330+0200][5203,850s] GC(962) User=0,22s Sys=0,00s Real=0,10s
[2019-04-15T15:35:59.330+0200][5203,850s] GC(962) Concurrent Preclean
[2019-04-15T15:35:59.331+0200][5203,852s] GC(962) Concurrent Preclean 1,450ms
[2019-04-15T15:35:59.331+0200][5203,852s] GC(962) User=0,01s Sys=0,00s Real=0,00s
[2019-04-15T15:35:59.331+0200][5203,852s] GC(962) Concurrent Abortable Preclean
[2019-04-15T15:35:59.529+0200][5204,049s] GC(963) Pause Young (Allocation Failure)
[2019-04-15T15:35:59.529+0200][5204,049s] GC(963) Using 4 workers of 4 for evacuation
[2019-04-15T15:35:59.540+0200][5204,060s] GC(963) ParNew: 93027K->8100K(109248K)
[2019-04-15T15:35:59.540+0200][5204,060s] GC(963) CMS: 224986K->224989K(393216K)
[2019-04-15T15:35:59.540+0200][5204,060s] GC(963) Metaspace: 84230K->84230K(1126400K)
[2019-04-15T15:35:59.540+0200][5204,060s] GC(963) Pause Young (Allocation Failure) 310M->227M(490M) 11,238ms
[2019-04-15T15:35:59.540+0200][5204,060s] GC(963) User=0,03s Sys=0,00s Real=0,01s
[2019-04-15T15:35:59.674+0200][5204,194s] GC(964) Pause Young (Allocation Failure)
[2019-04-15T15:35:59.674+0200][5204,194s] GC(964) Using 4 workers of 4 for evacuation
[2019-04-15T15:35:59.705+0200][5204,225s] GC(964) ParNew: 95524K->7939K(109248K)
[2019-04-15T15:35:59.705+0200][5204,225s] GC(964) CMS: 224989K->224992K(393216K)
[2019-04-15T15:35:59.705+0200][5204,225s] GC(964) Metaspace: 84230K->84230K(1126400K)
[2019-04-15T15:35:59.705+0200][5204,225s] GC(964) Pause Young (Allocation Failure) 313M->227M(490M) 31,017ms
[2019-04-15T15:35:59.705+0200][5204,225s] GC(964) User=0,07s Sys=0,00s Real=0,02s
[2019-04-15T15:35:59.705+0200][5204,225s] GC(962) Concurrent Abortable Preclean 373,624ms
[2019-04-15T15:35:59.705+0200][5204,225s] GC(962) User=0,51s Sys=0,00s Real=0,37s
[2019-04-15T15:35:59.705+0200][5204,225s] GC(962) Pause Remark
[2019-04-15T15:35:59.705+0200][5204,225s] GC(965) Pause Young (CMS Final Remark)
[2019-04-15T15:35:59.705+0200][5204,226s] GC(965) Using 4 workers of 4 for evacuation
[2019-04-15T15:35:59.735+0200][5204,256s] GC(965) ParNew: 9687K->7398K(109248K)
[2019-04-15T15:35:59.735+0200][5204,256s] GC(965) CMS: 224992K->224992K(393216K)
[2019-04-15T15:35:59.735+0200][5204,256s] GC(965) Metaspace: 84230K->84230K(1126400K)
[2019-04-15T15:35:59.735+0200][5204,256s] GC(965) Pause Young (CMS Final Remark) 229M->226M(490M) 30,309ms
[2019-04-15T15:35:59.735+0200][5204,256s] GC(965) User=0,06s Sys=0,00s Real=0,03s
[2019-04-15T15:35:59.817+0200][5204,337s] GC(962) Pause Remark 229M->226M(490M) 111,824ms
[2019-04-15T15:35:59.817+0200][5204,337s] GC(962) User=0,18s Sys=0,01s Real=0,11s
[2019-04-15T15:35:59.823+0200][5204,343s] GC(962) Concurrent Sweep
[2019-04-15T15:35:59.876+0200][5204,396s] GC(962) Concurrent Sweep 53,158ms
[2019-04-15T15:35:59.876+0200][5204,396s] GC(962) User=0,09s Sys=0,00s Real=0,06s
[2019-04-15T15:35:59.876+0200][5204,396s] GC(962) Concurrent Reset
[2019-04-15T15:35:59.876+0200][5204,397s] GC(962) Concurrent Reset 0,364ms
[2019-04-15T15:35:59.876+0200][5204,397s] GC(962) User=0,00s Sys=0,00s Real=0,00s
[2019-04-15T15:35:59.876+0200][5204,397s] GC(962) Old: 224986K->224973K(393216K)
[2019-04-15T15:35:59.993+0200][5204,514s] GC(966) Pause Young (Allocation Failure)
[2019-04-15T15:35:59.993+0200][5204,514s] GC(966) Using 4 workers of 4 for evacuation
[2019-04-15T15:36:00.014+0200][5204,534s] GC(966) ParNew: 94822K->8528K(109248K)
[2019-04-15T15:36:00.014+0200][5204,534s] GC(966) CMS: 224973K->225296K(393216K)
[2019-04-15T15:36:00.014+0200][5204,534s] GC(966) Metaspace: 84230K->84230K(1126400K)
[2019-04-15T15:36:00.014+0200][5204,534s] GC(966) Pause Young (Allocation Failure) 312M->228M(490M) 20,736ms
[2019-04-15T15:36:00.014+0200][5204,534s] GC(966) User=0,04s Sys=0,00s Real=0,02s
[2019-04-15T15:36:00.014+0200][5204,535s] GC(967) Pause Initial Mark
[2019-04-15T15:36:00.016+0200][5204,536s] GC(967) Pause Initial Mark 228M->228M(490M) 1,184ms
[2019-04-15T15:36:00.016+0200][5204,536s] GC(967) User=0,00s Sys=0,00s Real=0,00s
[2019-04-15T15:36:00.016+0200][5204,536s] GC(967) Concurrent Mark
[2019-04-15T15:36:00.016+0200][5204,536s] GC(967) Using 4 workers of 4 for marking
[2019-04-15T15:36:00.115+0200][5204,636s] GC(967) Concurrent Mark 99,486ms
[2019-04-15T15:36:00.115+0200][5204,636s] GC(967) User=0,24s Sys=0,00s Real=0,10s
[2019-04-15T15:36:00.115+0200][5204,636s] GC(967) Concurrent Preclean
[2019-04-15T15:36:00.117+0200][5204,637s] GC(967) Concurrent Preclean 1,515ms
[2019-04-15T15:36:00.117+0200][5204,637s] GC(967) User=0,00s Sys=0,00s Real=0,00s
[2019-04-15T15:36:00.117+0200][5204,637s] GC(967) Concurrent Abortable Preclean
[2019-04-15T15:36:00.178+0200][5204,699s] GC(968) Pause Young (Allocation Failure)
[2019-04-15T15:36:00.178+0200][5204,699s] GC(968) Using 4 workers of 4 for evacuation
[2019-04-15T15:36:00.229+0200][5204,749s] GC(968) ParNew: 95952K->7602K(109248K)
[2019-04-15T15:36:00.229+0200][5204,749s] GC(968) CMS: 225296K->225772K(393216K)
[2019-04-15T15:36:00.229+0200][5204,749s] GC(968) Metaspace: 84230K->84230K(1126400K)
[2019-04-15T15:36:00.229+0200][5204,749s] GC(968) Pause Young (Allocation Failure) 313M->227M(490M) 50,806ms
[2019-04-15T15:36:00.229+0200][5204,750s] GC(968) User=0,06s Sys=0,00s Real=0,05s
[2019-04-15T15:36:00.334+0200][5204,855s] GC(969) Pause Young (Allocation Failure)
[2019-04-15T15:36:00.334+0200][5204,855s] GC(969) Using 4 workers of 4 for evacuation
[2019-04-15T15:36:00.373+0200][5204,894s] GC(969) ParNew: 95026K->7980K(109248K)
[2019-04-15T15:36:00.373+0200][5204,894s] GC(969) CMS: 225772K->225812K(393216K)
[2019-04-15T15:36:00.373+0200][5204,894s] GC(969) Metaspace: 84230K->84230K(1126400K)
[2019-04-15T15:36:00.373+0200][5204,894s] GC(969) Pause Young (Allocation Failure) 313M->228M(490M) 39,197ms
[2019-04-15T15:36:00.373+0200][5204,894s] GC(969) User=0,04s Sys=0,00s Real=0,04s
[2019-04-15T15:36:00.373+0200][5204,894s] GC(967) Concurrent Abortable Preclean 256,436ms
[2019-04-15T15:36:00.373+0200][5204,894s] GC(967) User=0,32s Sys=0,00s Real=0,26s
[2019-04-15T15:36:00.374+0200][5204,894s] GC(967) Pause Remark
[2019-04-15T15:36:00.374+0200][5204,894s] GC(970) Pause Young (CMS Final Remark)
[2019-04-15T15:36:00.374+0200][5204,894s] GC(970) Using 4 workers of 4 for evacuation
[2019-04-15T15:36:00.386+0200][5204,907s] GC(970) ParNew: 9730K->7317K(109248K)
[2019-04-15T15:36:00.386+0200][5204,907s] GC(970) CMS: 225812K->225812K(393216K)
[2019-04-15T15:36:00.386+0200][5204,907s] GC(970) Metaspace: 84230K->84230K(1126400K)
[2019-04-15T15:36:00.386+0200][5204,907s] GC(970) Pause Young (CMS Final Remark) 230M->227M(490M) 12,770ms
[2019-04-15T15:36:00.386+0200][5204,907s] GC(970) User=0,03s Sys=0,00s Real=0,01s
[2019-04-15T15:36:00.434+0200][5204,954s] GC(967) Pause Remark 230M->227M(490M) 60,232ms
[2019-04-15T15:36:00.434+0200][5204,954s] GC(967) User=0,08s Sys=0,00s Real=0,06s
[2019-04-15T15:36:00.435+0200][5204,955s] GC(967) Concurrent Sweep
[2019-04-15T15:36:00.531+0200][5205,051s] GC(967) Concurrent Sweep 96,503ms
[2019-04-15T15:36:00.531+0200][5205,051s] GC(967) User=0,15s Sys=0,00s Real=0,09s
[2019-04-15T15:36:00.531+0200][5205,052s] GC(967) Concurrent Reset
[2019-04-15T15:36:00.531+0200][5205,052s] GC(967) Concurrent Reset 0,390ms
[2019-04-15T15:36:00.532+0200][5205,052s] GC(967) User=0,00s Sys=0,00s Real=0,00s
[2019-04-15T15:36:00.532+0200][5205,052s] GC(967) Old: 225296K->223743K(393216K)
[2019-04-15T15:36:00.540+0200][5205,060s] GC(971) Pause Young (Allocation Failure)
[2019-04-15T15:36:00.540+0200][5205,060s] GC(971) Using 4 workers of 4 for evacuation
[2019-04-15T15:36:00.554+0200][5205,074s] GC(971) ParNew: 94741K->8507K(109248K)
[2019-04-15T15:36:00.554+0200][5205,074s] GC(971) CMS: 223743K->224166K(393216K)
[2019-04-15T15:36:00.554+0200][5205,074s] GC(971) Metaspace: 84230K->84230K(1126400K)
[2019-04-15T15:36:00.554+0200][5205,075s] GC(971) Pause Young (Allocation Failure) 311M->227M(490M) 14,502ms
[2019-04-15T15:36:00.554+0200][5205,075s] GC(971) User=0,03s Sys=0,00s Real=0,02s
[2019-04-15T15:36:00.554+0200][5205,075s] GC(972) Pause Initial Mark
[2019-04-15T15:36:00.556+0200][5205,076s] GC(972) Pause Initial Mark 227M->227M(490M) 1,589ms
[2019-04-15T15:36:00.556+0200][5205,076s] GC(972) User=0,00s Sys=0,00s Real=0,00s
[2019-04-15T15:36:00.556+0200][5205,076s] GC(972) Concurrent Mark
[2019-04-15T15:36:00.556+0200][5205,076s] GC(972) Using 4 workers of 4 for marking
[2019-04-15T15:36:00.645+0200][5205,165s] GC(972) Concurrent Mark 88,925ms
[2019-04-15T15:36:00.645+0200][5205,165s] GC(972) User=0,21s Sys=0,00s Real=0,09s
[2019-04-15T15:36:00.645+0200][5205,165s] GC(972) Concurrent Preclean
[2019-04-15T15:36:00.646+0200][5205,167s] GC(972) Concurrent Preclean 1,495ms
[2019-04-15T15:36:00.646+0200][5205,167s] GC(972) User=0,01s Sys=0,00s Real=0,00s
[2019-04-15T15:36:00.647+0200][5205,167s] GC(972) Concurrent Abortable Preclean
[2019-04-15T15:36:00.711+0200][5205,231s] GC(973) Pause Young (Allocation Failure)
[2019-04-15T15:36:00.711+0200][5205,231s] GC(973) Using 4 workers of 4 for evacuation
[2019-04-15T15:36:00.725+0200][5205,245s] GC(973) ParNew: 95931K->3469K(109248K)
[2019-04-15T15:36:00.725+0200][5205,245s] GC(973) CMS: 224166K->228490K(393216K)
[2019-04-15T15:36:00.725+0200][5205,245s] GC(973) Metaspace: 84230K->84230K(1126400K)
[2019-04-15T15:36:00.725+0200][5205,245s] GC(973) Pause Young (Allocation Failure) 312M->226M(490M) 14,019ms
[2019-04-15T15:36:00.725+0200][5205,245s] GC(973) User=0,03s Sys=0,00s Real=0,01s
[2019-04-15T15:36:00.872+0200][5205,392s] GC(974) Pause Young (Allocation Failure)
[2019-04-15T15:36:00.872+0200][5205,392s] GC(974) Using 4 workers of 4 for evacuation
[2019-04-15T15:36:00.885+0200][5205,405s] GC(974) ParNew: 90893K->3215K(109248K)
[2019-04-15T15:36:00.885+0200][5205,405s] GC(974) CMS: 228490K->228925K(393216K)
[2019-04-15T15:36:00.885+0200][5205,405s] GC(974) Metaspace: 84230K->84230K(1126400K)
[2019-04-15T15:36:00.885+0200][5205,405s] GC(974) Pause Young (Allocation Failure) 311M->226M(490M) 12,892ms
[2019-04-15T15:36:00.885+0200][5205,405s] GC(974) User=0,02s Sys=0,00s Real=0,02s
[2019-04-15T15:36:00.885+0200][5205,405s] GC(972) Concurrent Abortable Preclean 238,421ms
[2019-04-15T15:36:00.885+0200][5205,405s] GC(972) User=0,40s Sys=0,00s Real=0,24s
[2019-04-15T15:36:00.885+0200][5205,406s] GC(972) Pause Remark
[2019-04-15T15:36:00.885+0200][5205,406s] GC(975) Pause Young (CMS Final Remark)
[2019-04-15T15:36:00.885+0200][5205,406s] GC(975) Using 4 workers of 4 for evacuation
[2019-04-15T15:36:00.899+0200][5205,419s] GC(975) ParNew: 3250K->2441K(109248K)
[2019-04-15T15:36:00.899+0200][5205,419s] GC(975) CMS: 228925K->228925K(393216K)
[2019-04-15T15:36:00.899+0200][5205,419s] GC(975) Metaspace: 84230K->84230K(1126400K)
[2019-04-15T15:36:00.899+0200][5205,419s] GC(975) Pause Young (CMS Final Remark) 226M->225M(490M) 13,840ms
[2019-04-15T15:36:00.899+0200][5205,419s] GC(975) User=0,02s Sys=0,00s Real=0,01s
[2019-04-15T15:36:00.973+0200][5205,493s] GC(972) Pause Remark 226M->225M(490M) 87,689ms
[2019-04-15T15:36:00.973+0200][5205,493s] GC(972) User=0,10s Sys=0,01s Real=0,09s
[2019-04-15T15:36:00.973+0200][5205,493s] GC(972) Concurrent Sweep
[2019-04-15T15:36:01.087+0200][5205,607s] GC(972) Concurrent Sweep 113,463ms
[2019-04-15T15:36:01.087+0200][5205,607s] GC(972) User=0,15s Sys=0,00s Real=0,11s
[2019-04-15T15:36:01.087+0200][5205,607s] GC(972) Concurrent Reset
[2019-04-15T15:36:01.087+0200][5205,607s] GC(972) Concurrent Reset 0,467ms
[2019-04-15T15:36:01.087+0200][5205,608s] GC(972) User=0,00s Sys=0,00s Real=0,00s
[2019-04-15T15:36:01.087+0200][5205,608s] GC(972) Old: 224166K->228922K(393216K)
[2019-04-15T15:36:01.109+0200][5205,630s] GC(976) Pause Young (Allocation Failure)
[2019-04-15T15:36:01.109+0200][5205,630s] GC(976) Using 4 workers of 4 for evacuation
[2019-04-15T15:36:01.124+0200][5205,644s] GC(976) ParNew: 89865K->3726K(109248K)
[2019-04-15T15:36:01.124+0200][5205,644s] GC(976) CMS: 228922K->228990K(393216K)
[2019-04-15T15:36:01.124+0200][5205,644s] GC(976) Metaspace: 84230K->84230K(1126400K)
[2019-04-15T15:36:01.124+0200][5205,644s] GC(976) Pause Young (Allocation Failure) 311M->227M(490M) 14,790ms
[2019-04-15T15:36:01.124+0200][5205,645s] GC(976) User=0,03s Sys=0,00s Real=0,01s
[2019-04-15T15:36:01.124+0200][5205,645s] GC(977) Pause Initial Mark
[2019-04-15T15:36:01.126+0200][5205,646s] GC(977) Pause Initial Mark 227M->227M(490M) 1,694ms
[2019-04-15T15:36:01.126+0200][5205,646s] GC(977) User=0,00s Sys=0,00s Real=0,01s
[2019-04-15T15:36:01.126+0200][5205,646s] GC(977) Concurrent Mark
[2019-04-15T15:36:01.126+0200][5205,646s] GC(977) Using 4 workers of 4 for marking
[2019-04-15T15:36:01.250+0200][5205,770s] GC(977) Concurrent Mark 123,521ms
[2019-04-15T15:36:01.250+0200][5205,770s] GC(977) User=0,24s Sys=0,00s Real=0,12s
[2019-04-15T15:36:01.250+0200][5205,770s] GC(977) Concurrent Preclean
[2019-04-15T15:36:01.251+0200][5205,772s] GC(977) Concurrent Preclean 1,480ms
[2019-04-15T15:36:01.251+0200][5205,772s] GC(977) User=0,00s Sys=0,00s Real=0,00s
[2019-04-15T15:36:01.251+0200][5205,772s] GC(977) Concurrent Abortable Preclean
[2019-04-15T15:36:01.309+0200][5205,829s] GC(978) Pause Young (Allocation Failure)
[2019-04-15T15:36:01.309+0200][5205,829s] GC(978) Using 4 workers of 4 for evacuation
[2019-04-15T15:36:01.334+0200][5205,854s] GC(978) ParNew: 91150K->3818K(109248K)
[2019-04-15T15:36:01.334+0200][5205,854s] GC(978) CMS: 228990K->229341K(393216K)
[2019-04-15T15:36:01.334+0200][5205,854s] GC(978) Metaspace: 84230K->84230K(1126400K)
[2019-04-15T15:36:01.334+0200][5205,854s] GC(978) Pause Young (Allocation Failure) 312M->227M(490M) 24,954ms
[2019-04-15T15:36:01.334+0200][5205,854s] GC(978) User=0,04s Sys=0,00s Real=0,03s
[2019-04-15T15:36:01.452+0200][5205,972s] GC(979) Pause Young (Allocation Failure)
[2019-04-15T15:36:01.452+0200][5205,972s] GC(979) Using 4 workers of 4 for evacuation
[2019-04-15T15:36:01.477+0200][5205,997s] GC(979) ParNew: 91242K->2998K(109248K)
[2019-04-15T15:36:01.477+0200][5205,998s] GC(979) CMS: 229341K->229638K(393216K)
[2019-04-15T15:36:01.477+0200][5205,998s] GC(979) Metaspace: 84230K->84230K(1126400K)
[2019-04-15T15:36:01.477+0200][5205,998s] GC(979) Pause Young (Allocation Failure) 313M->227M(490M) 25,309ms
[2019-04-15T15:36:01.477+0200][5205,998s] GC(979) User=0,03s Sys=0,00s Real=0,03s
[2019-04-15T15:36:01.578+0200][5206,099s] GC(980) Pause Young (Allocation Failure)
[2019-04-15T15:36:01.579+0200][5206,099s] GC(980) Using 4 workers of 4 for evacuation
[2019-04-15T15:36:01.603+0200][5206,124s] GC(980) ParNew: 90422K->3542K(109248K)
[2019-04-15T15:36:01.603+0200][5206,124s] GC(980) CMS: 229638K->229638K(393216K)
[2019-04-15T15:36:01.603+0200][5206,124s] GC(980) Metaspace: 84230K->84230K(1126400K)
[2019-04-15T15:36:01.603+0200][5206,124s] GC(980) Pause Young (Allocation Failure) 312M->227M(490M) 25,009ms
[2019-04-15T15:36:01.604+0200][5206,124s] GC(980) User=0,04s Sys=0,00s Real=0,02s
[2019-04-15T15:36:01.604+0200][5206,124s] GC(977) Concurrent Abortable Preclean 352,406ms
[2019-04-15T15:36:01.604+0200][5206,124s] GC(977) User=0,56s Sys=0,00s Real=0,35s
[2019-04-15T15:36:01.607+0200][5206,127s] GC(977) Pause Remark
[2019-04-15T15:36:01.607+0200][5206,127s] GC(981) Pause Young (CMS Final Remark)
[2019-04-15T15:36:01.607+0200][5206,127s] GC(981) Using 4 workers of 4 for evacuation
[2019-04-15T15:36:01.618+0200][5206,138s] GC(981) ParNew: 5292K->2644K(109248K)
[2019-04-15T15:36:01.618+0200][5206,138s] GC(981) CMS: 229638K->230037K(393216K)
[2019-04-15T15:36:01.618+0200][5206,138s] GC(981) Metaspace: 84230K->84230K(1126400K)
[2019-04-15T15:36:01.618+0200][5206,138s] GC(981) Pause Young (CMS Final Remark) 229M->227M(490M) 10,869ms
[2019-04-15T15:36:01.618+0200][5206,138s] GC(981) User=0,02s Sys=0,00s Real=0,01s
[2019-04-15T15:36:01.673+0200][5206,193s] GC(977) Pause Remark 229M->227M(490M) 66,201ms
[2019-04-15T15:36:01.673+0200][5206,193s] GC(977) User=0,10s Sys=0,00s Real=0,07s
[2019-04-15T15:36:01.673+0200][5206,193s] GC(977) Concurrent Sweep
[2019-04-15T15:36:01.746+0200][5206,267s] GC(977) Concurrent Sweep 73,097ms
[2019-04-15T15:36:01.746+0200][5206,267s] GC(977) User=0,12s Sys=0,00s Real=0,07s
[2019-04-15T15:36:01.746+0200][5206,267s] GC(977) Concurrent Reset
[2019-04-15T15:36:01.747+0200][5206,267s] GC(977) Concurrent Reset 0,421ms
[2019-04-15T15:36:01.747+0200][5206,267s] GC(977) User=0,00s Sys=0,00s Real=0,00s
[2019-04-15T15:36:01.747+0200][5206,267s] GC(977) Old: 228990K->230035K(393216K)
[2019-04-15T15:36:01.774+0200][5206,294s] GC(982) Pause Young (Allocation Failure)
[2019-04-15T15:36:01.774+0200][5206,294s] GC(982) Using 4 workers of 4 for evacuation
[2019-04-15T15:36:01.792+0200][5206,313s] GC(982) ParNew: 90068K->4217K(109248K)
[2019-04-15T15:36:01.792+0200][5206,313s] GC(982) CMS: 230035K->230408K(393216K)
[2019-04-15T15:36:01.792+0200][5206,313s] GC(982) Metaspace: 84230K->84230K(1126400K)
[2019-04-15T15:36:01.792+0200][5206,313s] GC(982) Pause Young (Allocation Failure) 312M->229M(490M) 18,409ms
[2019-04-15T15:36:01.792+0200][5206,313s] GC(982) User=0,04s Sys=0,00s Real=0,01s
[2019-04-15T15:36:01.792+0200][5206,313s] GC(983) Pause Initial Mark
[2019-04-15T15:36:01.794+0200][5206,315s] GC(983) Pause Initial Mark 230M->230M(490M) 1,630ms
[2019-04-15T15:36:01.794+0200][5206,315s] GC(983) User=0,00s Sys=0,00s Real=0,01s
[2019-04-15T15:36:01.797+0200][5206,317s] GC(983) Concurrent Mark
[2019-04-15T15:36:01.797+0200][5206,317s] GC(983) Using 4 workers of 4 for marking
[2019-04-15T15:36:01.890+0200][5206,410s] GC(983) Concurrent Mark 92,827ms
[2019-04-15T15:36:01.890+0200][5206,410s] GC(983) User=0,22s Sys=0,01s Real=0,09s
[2019-04-15T15:36:01.890+0200][5206,410s] GC(983) Concurrent Preclean
[2019-04-15T15:36:01.891+0200][5206,411s] GC(983) Concurrent Preclean 1,310ms
[2019-04-15T15:36:01.891+0200][5206,411s] GC(983) User=0,00s Sys=0,00s Real=0,00s
[2019-04-15T15:36:01.891+0200][5206,411s] GC(983) Concurrent Abortable Preclean
[2019-04-15T15:36:01.938+0200][5206,458s] GC(984) Pause Young (Allocation Failure)
[2019-04-15T15:36:01.938+0200][5206,458s] GC(984) Using 4 workers of 4 for evacuation
[2019-04-15T15:36:01.962+0200][5206,483s] GC(984) ParNew: 91641K->11821K(109248K)
[2019-04-15T15:36:01.962+0200][5206,483s] GC(984) CMS: 230408K->230554K(393216K)
[2019-04-15T15:36:01.962+0200][5206,483s] GC(984) Metaspace: 84230K->84230K(1126400K)
[2019-04-15T15:36:01.962+0200][5206,483s] GC(984) Pause Young (Allocation Failure) 314M->236M(490M) 24,469ms
[2019-04-15T15:36:01.962+0200][5206,483s] GC(984) User=0,06s Sys=0,00s Real=0,02s
[2019-04-15T15:36:02.024+0200][5206,545s] GC(983) Concurrent Abortable Preclean 133,570ms
[2019-04-15T15:36:02.025+0200][5206,545s] GC(983) User=0,24s Sys=0,00s Real=0,13s
[2019-04-15T15:36:02.025+0200][5206,545s] GC(983) Pause Remark
[2019-04-15T15:36:02.101+0200][5206,622s] GC(983) Pause Remark 294M->294M(490M) 76,597ms
[2019-04-15T15:36:02.101+0200][5206,622s] GC(983) User=0,12s Sys=0,00s Real=0,08s
[2019-04-15T15:36:02.101+0200][5206,622s] GC(983) Concurrent Sweep
[2019-04-15T15:36:02.102+0200][5206,622s] GC(985) Pause Young (GCLocker Initiated GC)
[2019-04-15T15:36:02.102+0200][5206,622s] GC(985) Using 4 workers of 4 for evacuation
[2019-04-15T15:36:02.122+0200][5206,643s] GC(985) ParNew: 71248K->11467K(109248K)
[2019-04-15T15:36:02.122+0200][5206,643s] GC(985) CMS: 230554K->230554K(393216K)
[2019-04-15T15:36:02.122+0200][5206,643s] GC(985) Metaspace: 84230K->84230K(1126400K)
[2019-04-15T15:36:02.122+0200][5206,643s] GC(985) Pause Young (GCLocker Initiated GC) 294M->236M(490M) 20,879ms
[2019-04-15T15:36:02.122+0200][5206,643s] GC(985) User=0,04s Sys=0,00s Real=0,02s
[2019-04-15T15:36:02.177+0200][5206,697s] GC(983) Concurrent Sweep 75,253ms
[2019-04-15T15:36:02.177+0200][5206,697s] GC(983) User=0,14s Sys=0,00s Real=0,08s
[2019-04-15T15:36:02.177+0200][5206,697s] GC(983) Concurrent Reset
[2019-04-15T15:36:02.177+0200][5206,698s] GC(983) Concurrent Reset 0,506ms
[2019-04-15T15:36:02.177+0200][5206,698s] GC(983) User=0,00s Sys=0,00s Real=0,00s
[2019-04-15T15:36:02.177+0200][5206,698s] GC(983) Old: 230408K->230553K(393216K)
[2019-04-15T15:36:02.229+0200][5206,749s] GC(986) Pause Young (Allocation Failure)
[2019-04-15T15:36:02.229+0200][5206,749s] GC(986) Using 4 workers of 4 for evacuation
[2019-04-15T15:36:02.250+0200][5206,770s] GC(986) ParNew: 98891K->12066K(109248K)
[2019-04-15T15:36:02.250+0200][5206,770s] GC(986) CMS: 230553K->230879K(393216K)
[2019-04-15T15:36:02.250+0200][5206,770s] GC(986) Metaspace: 84230K->84230K(1126400K)
[2019-04-15T15:36:02.250+0200][5206,770s] GC(986) Pause Young (Allocation Failure) 321M->237M(490M) 21,414ms
[2019-04-15T15:36:02.250+0200][5206,770s] GC(986) User=0,05s Sys=0,00s Real=0,02s
[2019-04-15T15:36:02.253+0200][5206,774s] GC(987) Pause Initial Mark
[2019-04-15T15:36:02.255+0200][5206,775s] GC(987) Pause Initial Mark 238M->238M(490M) 1,644ms
[2019-04-15T15:36:02.255+0200][5206,775s] GC(987) User=0,00s Sys=0,00s Real=0,00s
[2019-04-15T15:36:02.255+0200][5206,775s] GC(987) Concurrent Mark
[2019-04-15T15:36:02.255+0200][5206,775s] GC(987) Using 4 workers of 4 for marking
[2019-04-15T15:36:02.357+0200][5206,877s] GC(987) Concurrent Mark 101,913ms
[2019-04-15T15:36:02.357+0200][5206,877s] GC(987) User=0,23s Sys=0,00s Real=0,10s
[2019-04-15T15:36:02.357+0200][5206,877s] GC(987) Concurrent Preclean
[2019-04-15T15:36:02.358+0200][5206,879s] GC(987) Concurrent Preclean 1,467ms
[2019-04-15T15:36:02.358+0200][5206,879s] GC(987) User=0,00s Sys=0,00s Real=0,00s
[2019-04-15T15:36:02.358+0200][5206,879s] GC(987) Concurrent Abortable Preclean
[2019-04-15T15:36:02.445+0200][5206,965s] GC(988) Pause Young (Allocation Failure)
[2019-04-15T15:36:02.445+0200][5206,965s] GC(988) Using 4 workers of 4 for evacuation
[2019-04-15T15:36:02.458+0200][5206,978s] GC(988) ParNew: 99490K->12646K(109248K)
[2019-04-15T15:36:02.458+0200][5206,978s] GC(988) CMS: 230879K->230936K(393216K)
[2019-04-15T15:36:02.458+0200][5206,978s] GC(988) Metaspace: 84230K->84230K(1126400K)
[2019-04-15T15:36:02.458+0200][5206,978s] GC(988) Pause Young (Allocation Failure) 322M->237M(490M) 12,956ms
[2019-04-15T15:36:02.458+0200][5206,978s] GC(988) User=0,03s Sys=0,01s Real=0,01s
[2019-04-15T15:36:02.574+0200][5207,095s] GC(989) Pause Young (Allocation Failure)
[2019-04-15T15:36:02.574+0200][5207,095s] GC(989) Using 4 workers of 4 for evacuation
[2019-04-15T15:36:02.592+0200][5207,113s] GC(989) ParNew: 100070K->12944K(109248K)
[2019-04-15T15:36:02.592+0200][5207,113s] GC(989) CMS: 230936K->231270K(393216K)
[2019-04-15T15:36:02.592+0200][5207,113s] GC(989) Metaspace: 84230K->84230K(1126400K)
[2019-04-15T15:36:02.592+0200][5207,113s] GC(989) Pause Young (Allocation Failure) 323M->238M(490M) 18,196ms
[2019-04-15T15:36:02.593+0200][5207,113s] GC(989) User=0,04s Sys=0,00s Real=0,01s
[2019-04-15T15:36:02.698+0200][5207,218s] GC(990) Pause Young (Allocation Failure)
[2019-04-15T15:36:02.698+0200][5207,218s] GC(990) Using 4 workers of 4 for evacuation
[2019-04-15T15:36:02.723+0200][5207,244s] GC(990) ParNew: 100368K->12580K(109248K)
[2019-04-15T15:36:02.723+0200][5207,244s] GC(990) CMS: 231270K->231612K(393216K)
[2019-04-15T15:36:02.723+0200][5207,244s] GC(990) Metaspace: 84230K->84230K(1126400K)
[2019-04-15T15:36:02.723+0200][5207,244s] GC(990) Pause Young (Allocation Failure) 323M->238M(490M) 25,322ms
[2019-04-15T15:36:02.723+0200][5207,244s] GC(990) User=0,05s Sys=0,00s Real=0,02s
[2019-04-15T15:36:02.842+0200][5207,363s] GC(991) Pause Young (Allocation Failure)
[2019-04-15T15:36:02.842+0200][5207,363s] GC(991) Using 4 workers of 4 for evacuation
[2019-04-15T15:36:02.864+0200][5207,385s] GC(991) ParNew: 100004K->12082K(109248K)
[2019-04-15T15:36:02.864+0200][5207,385s] GC(991) CMS: 231612K->231612K(393216K)
[2019-04-15T15:36:02.864+0200][5207,385s] GC(991) Metaspace: 84230K->84230K(1126400K)
[2019-04-15T15:36:02.865+0200][5207,385s] GC(991) Pause Young (Allocation Failure) 323M->237M(490M) 22,353ms
[2019-04-15T15:36:02.865+0200][5207,385s] GC(991) User=0,03s Sys=0,00s Real=0,02s
[2019-04-15T15:36:02.974+0200][5207,494s] GC(992) Pause Young (Allocation Failure)
[2019-04-15T15:36:02.974+0200][5207,494s] GC(992) Using 4 workers of 4 for evacuation
[2019-04-15T15:36:02.999+0200][5207,520s] GC(992) ParNew: 99506K->12476K(109248K)
[2019-04-15T15:36:02.999+0200][5207,520s] GC(992) CMS: 231612K->232014K(393216K)
[2019-04-15T15:36:02.999+0200][5207,520s] GC(992) Metaspace: 84230K->84230K(1126400K)
[2019-04-15T15:36:02.999+0200][5207,520s] GC(992) Pause Young (Allocation Failure) 323M->238M(490M) 25,686ms
[2019-04-15T15:36:02.999+0200][5207,520s] GC(992) User=0,05s Sys=0,00s Real=0,02s
[2019-04-15T15:36:03.154+0200][5207,674s] GC(993) Pause Young (Allocation Failure)
[2019-04-15T15:36:03.154+0200][5207,674s] GC(993) Using 4 workers of 4 for evacuation
[2019-04-15T15:36:03.164+0200][5207,684s] GC(987) Concurrent Abortable Preclean 805,369ms
[2019-04-15T15:36:03.164+0200][5207,684s] GC(987) User=1,16s Sys=0,01s Real=0,80s
[2019-04-15T15:36:03.177+0200][5207,697s] GC(993) ParNew: 99900K->4438K(109248K)
[2019-04-15T15:36:03.177+0200][5207,697s] GC(993) CMS: 232014K->240370K(393216K)
[2019-04-15T15:36:03.177+0200][5207,697s] GC(993) Metaspace: 84230K->84230K(1126400K)
[2019-04-15T15:36:03.177+0200][5207,697s] GC(993) Pause Young (Allocation Failure) 324M->239M(490M) 22,963ms
[2019-04-15T15:36:03.177+0200][5207,697s] GC(993) User=0,04s Sys=0,00s Real=0,02s
[2019-04-15T15:36:03.177+0200][5207,697s] GC(987) Pause Remark
[2019-04-15T15:36:03.177+0200][5207,697s] GC(994) Pause Young (CMS Final Remark)
[2019-04-15T15:36:03.177+0200][5207,697s] GC(994) Using 4 workers of 4 for evacuation
[2019-04-15T15:36:03.202+0200][5207,723s] GC(994) ParNew: 6187K->4428K(109248K)
[2019-04-15T15:36:03.202+0200][5207,723s] GC(994) CMS: 240370K->240605K(393216K)
[2019-04-15T15:36:03.203+0200][5207,723s] GC(994) Metaspace: 84230K->84230K(1126400K)
[2019-04-15T15:36:03.203+0200][5207,723s] GC(994) Pause Young (CMS Final Remark) 240M->239M(490M) 25,703ms
[2019-04-15T15:36:03.203+0200][5207,723s] GC(994) User=0,03s Sys=0,00s Real=0,02s
[2019-04-15T15:36:03.256+0200][5207,776s] GC(987) Pause Remark 240M->239M(490M) 79,199ms
[2019-04-15T15:36:03.256+0200][5207,776s] GC(987) User=0,09s Sys=0,00s Real=0,08s
[2019-04-15T15:36:03.256+0200][5207,777s] GC(987) Concurrent Sweep
[2019-04-15T15:36:03.310+0200][5207,831s] GC(987) Concurrent Sweep 54,020ms
[2019-04-15T15:36:03.310+0200][5207,831s] GC(987) User=0,10s Sys=0,00s Real=0,05s
[2019-04-15T15:36:03.310+0200][5207,831s] GC(987) Concurrent Reset
[2019-04-15T15:36:03.311+0200][5207,831s] GC(987) Concurrent Reset 0,347ms
[2019-04-15T15:36:03.311+0200][5207,831s] GC(987) User=0,01s Sys=0,00s Real=0,00s
[2019-04-15T15:36:03.311+0200][5207,831s] GC(987) Old: 230879K->236503K(393216K)
[2019-04-15T15:36:03.387+0200][5207,908s] GC(995) Pause Young (Allocation Failure)
[2019-04-15T15:36:03.387+0200][5207,908s] GC(995) Using 4 workers of 4 for evacuation
[2019-04-15T15:36:03.405+0200][5207,925s] GC(995) ParNew: 91852K->3917K(109248K)
[2019-04-15T15:36:03.405+0200][5207,925s] GC(995) CMS: 236503K->236845K(393216K)
[2019-04-15T15:36:03.405+0200][5207,925s] GC(995) Metaspace: 84230K->84230K(1126400K)
[2019-04-15T15:36:03.405+0200][5207,925s] GC(995) Pause Young (Allocation Failure) 320M->235M(490M) 17,682ms
[2019-04-15T15:36:03.405+0200][5207,925s] GC(995) User=0,03s Sys=0,01s Real=0,02s
[2019-04-15T15:36:03.405+0200][5207,926s] GC(996) Pause Initial Mark
[2019-04-15T15:36:03.407+0200][5207,928s] GC(996) Pause Initial Mark 236M->236M(490M) 1,980ms
[2019-04-15T15:36:03.407+0200][5207,928s] GC(996) User=0,00s Sys=0,00s Real=0,00s
[2019-04-15T15:36:03.407+0200][5207,928s] GC(996) Concurrent Mark
[2019-04-15T15:36:03.407+0200][5207,928s] GC(996) Using 4 workers of 4 for marking
[2019-04-15T15:36:03.513+0200][5208,034s] GC(996) Concurrent Mark 105,909ms
[2019-04-15T15:36:03.513+0200][5208,034s] GC(996) User=0,28s Sys=0,00s Real=0,11s
[2019-04-15T15:36:03.513+0200][5208,034s] GC(996) Concurrent Preclean
[2019-04-15T15:36:03.515+0200][5208,036s] GC(996) Concurrent Preclean 1,976ms
[2019-04-15T15:36:03.515+0200][5208,036s] GC(996) User=0,00s Sys=0,00s Real=0,00s
[2019-04-15T15:36:03.515+0200][5208,036s] GC(996) Concurrent Abortable Preclean
[2019-04-15T15:36:03.549+0200][5208,070s] GC(997) Pause Young (Allocation Failure)
[2019-04-15T15:36:03.549+0200][5208,070s] GC(997) Using 4 workers of 4 for evacuation
[2019-04-15T15:36:03.566+0200][5208,086s] GC(997) ParNew: 91341K->4338K(109248K)
[2019-04-15T15:36:03.566+0200][5208,086s] GC(997) CMS: 236845K->237255K(393216K)
[2019-04-15T15:36:03.566+0200][5208,087s] GC(997) Metaspace: 84230K->84230K(1126400K)
[2019-04-15T15:36:03.566+0200][5208,087s] GC(997) Pause Young (Allocation Failure) 320M->235M(490M) 16,784ms
[2019-04-15T15:36:03.566+0200][5208,087s] GC(997) User=0,04s Sys=0,00s Real=0,02s
[2019-04-15T15:36:03.807+0200][5208,328s] GC(998) Pause Young (Allocation Failure)
[2019-04-15T15:36:03.807+0200][5208,328s] GC(998) Using 4 workers of 4 for evacuation
[2019-04-15T15:36:03.817+0200][5208,337s] GC(998) ParNew: 91762K->5381K(109248K)
[2019-04-15T15:36:03.817+0200][5208,338s] GC(998) CMS: 237255K->237322K(393216K)
[2019-04-15T15:36:03.817+0200][5208,338s] GC(998) Metaspace: 84230K->84230K(1126400K)
[2019-04-15T15:36:03.817+0200][5208,338s] GC(998) Pause Young (Allocation Failure) 321M->237M(490M) 9,925ms
[2019-04-15T15:36:03.817+0200][5208,338s] GC(998) User=0,01s Sys=0,00s Real=0,01s
[2019-04-15T15:36:03.817+0200][5208,338s] GC(996) Concurrent Abortable Preclean 301,936ms
[2019-04-15T15:36:03.817+0200][5208,338s] GC(996) User=0,40s Sys=0,00s Real=0,30s
[2019-04-15T15:36:03.820+0200][5208,341s] GC(996) Pause Remark
[2019-04-15T15:36:03.820+0200][5208,341s] GC(999) Pause Young (CMS Final Remark)
[2019-04-15T15:36:03.820+0200][5208,341s] GC(999) Using 4 workers of 4 for evacuation
[2019-04-15T15:36:03.851+0200][5208,372s] GC(999) ParNew: 7131K->5908K(109248K)
[2019-04-15T15:36:03.851+0200][5208,372s] GC(999) CMS: 237322K->237676K(393216K)
[2019-04-15T15:36:03.851+0200][5208,372s] GC(999) Metaspace: 84230K->84230K(1126400K)
[2019-04-15T15:36:03.851+0200][5208,372s] GC(999) Pause Young (CMS Final Remark) 238M->237M(490M) 30,825ms
[2019-04-15T15:36:03.851+0200][5208,372s] GC(999) User=0,03s Sys=0,00s Real=0,03s
[2019-04-15T15:36:03.915+0200][5208,436s] GC(996) Pause Remark 238M->237M(490M) 95,051ms
[2019-04-15T15:36:03.915+0200][5208,436s] GC(996) User=0,10s Sys=0,00s Real=0,10s
[2019-04-15T15:36:03.916+0200][5208,436s] GC(996) Concurrent Sweep
[2019-04-15T15:36:04.052+0200][5208,573s] GC(996) Concurrent Sweep 136,639ms
[2019-04-15T15:36:04.053+0200][5208,573s] GC(996) User=0,18s Sys=0,00s Real=0,13s
[2019-04-15T15:36:04.053+0200][5208,573s] GC(996) Concurrent Reset
[2019-04-15T15:36:04.055+0200][5208,576s] GC(996) Concurrent Reset 2,580ms
[2019-04-15T15:36:04.056+0200][5208,576s] GC(996) User=0,00s Sys=0,00s Real=0,01s
[2019-04-15T15:36:04.056+0200][5208,576s] GC(996) Old: 236845K->237624K(393216K)
[2019-04-15T15:36:04.249+0200][5208,770s] GC(1000) Pause Young (Allocation Failure)
[2019-04-15T15:36:04.250+0200][5208,770s] GC(1000) Using 4 workers of 4 for evacuation
[2019-04-15T15:36:04.293+0200][5208,814s] GC(1000) ParNew: 93332K->6447K(109248K)
[2019-04-15T15:36:04.293+0200][5208,814s] GC(1000) CMS: 237624K->237970K(393216K)
[2019-04-15T15:36:04.293+0200][5208,814s] GC(1000) Metaspace: 84230K->84230K(1126400K)
[2019-04-15T15:36:04.293+0200][5208,814s] GC(1000) Pause Young (Allocation Failure) 323M->238M(490M) 43,946ms
[2019-04-15T15:36:04.293+0200][5208,814s] GC(1000) User=0,05s Sys=0,00s Real=0,05s
[2019-04-15T15:36:04.294+0200][5208,814s] GC(1001) Pause Initial Mark
[2019-04-15T15:36:04.297+0200][5208,817s] GC(1001) Pause Initial Mark 240M->240M(490M) 2,603ms
[2019-04-15T15:36:04.297+0200][5208,817s] GC(1001) User=0,01s Sys=0,00s Real=0,00s
[2019-04-15T15:36:04.297+0200][5208,817s] GC(1001) Concurrent Mark
[2019-04-15T15:36:04.297+0200][5208,817s] GC(1001) Using 4 workers of 4 for marking
[2019-04-15T15:36:04.489+0200][5209,009s] GC(1001) Concurrent Mark 192,232ms
[2019-04-15T15:36:04.489+0200][5209,009s] GC(1001) User=0,28s Sys=0,00s Real=0,19s
[2019-04-15T15:36:04.489+0200][5209,009s] GC(1001) Concurrent Preclean
[2019-04-15T15:36:04.490+0200][5209,010s] GC(1001) Concurrent Preclean 1,095ms
[2019-04-15T15:36:04.490+0200][5209,011s] GC(1001) User=0,00s Sys=0,00s Real=0,00s
[2019-04-15T15:36:04.490+0200][5209,011s] GC(1001) Concurrent Abortable Preclean
[2019-04-15T15:36:04.721+0200][5209,242s] GC(1002) Pause Young (Allocation Failure)
[2019-04-15T15:36:04.722+0200][5209,242s] GC(1002) Using 4 workers of 4 for evacuation
[2019-04-15T15:36:04.764+0200][5209,284s] GC(1002) ParNew: 93871K->7212K(109248K)
[2019-04-15T15:36:04.764+0200][5209,284s] GC(1002) CMS: 237970K->238009K(393216K)
[2019-04-15T15:36:04.764+0200][5209,284s] GC(1002) Metaspace: 84230K->84230K(1126400K)
[2019-04-15T15:36:04.764+0200][5209,284s] GC(1002) Pause Young (Allocation Failure) 324M->239M(490M) 42,580ms
[2019-04-15T15:36:04.764+0200][5209,284s] GC(1002) User=0,06s Sys=0,00s Real=0,04s
[2019-04-15T15:36:05.031+0200][5209,552s] GC(1001) Concurrent Abortable Preclean 541,006ms
[2019-04-15T15:36:05.031+0200][5209,552s] GC(1001) User=0,56s Sys=0,01s Real=0,54s
[2019-04-15T15:36:05.035+0200][5209,556s] GC(1001) Pause Remark
[2019-04-15T15:36:05.035+0200][5209,556s] GC(1003) Pause Young (CMS Final Remark)
[2019-04-15T15:36:05.035+0200][5209,556s] GC(1003) Using 4 workers of 4 for evacuation
[2019-04-15T15:36:05.059+0200][5209,580s] GC(1003) ParNew: 93531K->7299K(109248K)
[2019-04-15T15:36:05.059+0200][5209,580s] GC(1003) CMS: 238009K->238246K(393216K)
[2019-04-15T15:36:05.059+0200][5209,580s] GC(1003) Metaspace: 84236K->84236K(1126400K)
[2019-04-15T15:36:05.059+0200][5209,580s] GC(1003) Pause Young (CMS Final Remark) 323M->239M(490M) 24,013ms
[2019-04-15T15:36:05.059+0200][5209,580s] GC(1003) User=0,03s Sys=0,00s Real=0,02s
[2019-04-15T15:36:05.170+0200][5209,690s] GC(1001) Pause Remark 323M->239M(490M) 134,675ms
[2019-04-15T15:36:05.170+0200][5209,690s] GC(1001) User=0,13s Sys=0,00s Real=0,13s
[2019-04-15T15:36:05.181+0200][5209,701s] GC(1001) Concurrent Sweep
[2019-04-15T15:36:05.303+0200][5209,824s] GC(1001) Concurrent Sweep 122,157ms
[2019-04-15T15:36:05.303+0200][5209,824s] GC(1001) User=0,21s Sys=0,00s Real=0,12s
[2019-04-15T15:36:05.303+0200][5209,824s] GC(1001) Concurrent Reset
[2019-04-15T15:36:05.304+0200][5209,824s] GC(1001) Concurrent Reset 0,478ms
[2019-04-15T15:36:05.304+0200][5209,824s] GC(1001) User=0,00s Sys=0,00s Real=0,00s
[2019-04-15T15:36:05.304+0200][5209,824s] GC(1001) Old: 237970K->238243K(393216K)
[2019-04-15T15:36:05.504+0200][5210,025s] GC(1004) Pause Young (Allocation Failure)
[2019-04-15T15:36:05.504+0200][5210,025s] GC(1004) Using 4 workers of 4 for evacuation
[2019-04-15T15:36:05.522+0200][5210,042s] GC(1004) ParNew: 94723K->8905K(109248K)
[2019-04-15T15:36:05.522+0200][5210,042s] GC(1004) CMS: 238243K->238243K(393216K)
[2019-04-15T15:36:05.522+0200][5210,042s] GC(1004) Metaspace: 84240K->84240K(1126400K)
[2019-04-15T15:36:05.522+0200][5210,042s] GC(1004) Pause Young (Allocation Failure) 325M->241M(490M) 17,647ms
[2019-04-15T15:36:05.522+0200][5210,042s] GC(1004) User=0,04s Sys=0,00s Real=0,02s
[2019-04-15T15:36:05.525+0200][5210,045s] GC(1005) Pause Initial Mark
[2019-04-15T15:36:05.528+0200][5210,048s] GC(1005) Pause Initial Mark 242M->242M(490M) 2,486ms
[2019-04-15T15:36:05.528+0200][5210,048s] GC(1005) User=0,00s Sys=0,01s Real=0,00s
[2019-04-15T15:36:05.528+0200][5210,048s] GC(1005) Concurrent Mark
[2019-04-15T15:36:05.528+0200][5210,048s] GC(1005) Using 4 workers of 4 for marking
[2019-04-15T15:36:05.665+0200][5210,185s] GC(1005) Concurrent Mark 137,049ms
[2019-04-15T15:36:05.665+0200][5210,185s] GC(1005) User=0,29s Sys=0,00s Real=0,13s
[2019-04-15T15:36:05.665+0200][5210,185s] GC(1005) Concurrent Preclean
[2019-04-15T15:36:05.667+0200][5210,187s] GC(1005) Concurrent Preclean 1,890ms
[2019-04-15T15:36:05.667+0200][5210,187s] GC(1005) User=0,01s Sys=0,00s Real=0,01s
[2019-04-15T15:36:05.667+0200][5210,187s] GC(1005) Concurrent Abortable Preclean
[2019-04-15T15:36:05.814+0200][5210,335s] GC(1006) Pause Young (Allocation Failure)
[2019-04-15T15:36:05.814+0200][5210,335s] GC(1006) Using 4 workers of 4 for evacuation
[2019-04-15T15:36:05.823+0200][5210,343s] GC(1005) Concurrent Abortable Preclean 155,776ms
[2019-04-15T15:36:05.823+0200][5210,343s] GC(1005) User=0,15s Sys=0,00s Real=0,15s
[2019-04-15T15:36:05.836+0200][5210,357s] GC(1006) ParNew: 96329K->7910K(109248K)
[2019-04-15T15:36:05.836+0200][5210,357s] GC(1006) CMS: 238243K->238573K(393216K)
[2019-04-15T15:36:05.836+0200][5210,357s] GC(1006) Metaspace: 84240K->84240K(1126400K)
[2019-04-15T15:36:05.837+0200][5210,357s] GC(1006) Pause Young (Allocation Failure) 326M->240M(490M) 22,266ms
[2019-04-15T15:36:05.837+0200][5210,357s] GC(1006) User=0,04s Sys=0,00s Real=0,02s
[2019-04-15T15:36:05.837+0200][5210,357s] GC(1005) Pause Remark
[2019-04-15T15:36:05.837+0200][5210,357s] GC(1007) Pause Young (CMS Final Remark)
[2019-04-15T15:36:05.837+0200][5210,357s] GC(1007) Using 4 workers of 4 for evacuation
[2019-04-15T15:36:05.870+0200][5210,391s] GC(1007) ParNew: 9545K->2983K(109248K)
[2019-04-15T15:36:05.871+0200][5210,391s] GC(1007) CMS: 238573K->239016K(393216K)
[2019-04-15T15:36:05.871+0200][5210,391s] GC(1007) Metaspace: 84240K->84240K(1126400K)
[2019-04-15T15:36:05.871+0200][5210,391s] GC(1007) Pause Young (CMS Final Remark) 242M->236M(490M) 33,818ms
[2019-04-15T15:36:05.871+0200][5210,391s] GC(1007) User=0,04s Sys=0,00s Real=0,03s
[2019-04-15T15:36:05.978+0200][5210,499s] GC(1005) Pause Remark 242M->236M(490M) 141,631ms
[2019-04-15T15:36:05.979+0200][5210,499s] GC(1005) User=0,16s Sys=0,00s Real=0,14s
[2019-04-15T15:36:05.986+0200][5210,507s] GC(1005) Concurrent Sweep
[2019-04-15T15:36:06.103+0200][5210,623s] GC(1005) Concurrent Sweep 116,141ms
[2019-04-15T15:36:06.103+0200][5210,623s] GC(1005) User=0,18s Sys=0,00s Real=0,11s
[2019-04-15T15:36:06.103+0200][5210,623s] GC(1005) Concurrent Reset
[2019-04-15T15:36:06.103+0200][5210,624s] GC(1005) Concurrent Reset 0,395ms
[2019-04-15T15:36:06.103+0200][5210,624s] GC(1005) User=0,00s Sys=0,00s Real=0,00s
[2019-04-15T15:36:06.103+0200][5210,624s] GC(1005) Old: 238243K->235921K(393216K)
[2019-04-15T15:36:06.164+0200][5210,684s] GC(1008) Pause Young (Allocation Failure)
[2019-04-15T15:36:06.164+0200][5210,684s] GC(1008) Using 4 workers of 4 for evacuation
[2019-04-15T15:36:06.187+0200][5210,708s] GC(1008) ParNew: 90407K->3827K(109248K)
[2019-04-15T15:36:06.187+0200][5210,708s] GC(1008) CMS: 235921K->235949K(393216K)
[2019-04-15T15:36:06.187+0200][5210,708s] GC(1008) Metaspace: 84240K->84240K(1126400K)
[2019-04-15T15:36:06.187+0200][5210,708s] GC(1008) Pause Young (Allocation Failure) 318M->234M(490M) 23,534ms
[2019-04-15T15:36:06.187+0200][5210,708s] GC(1008) User=0,05s Sys=0,00s Real=0,03s
[2019-04-15T15:36:06.188+0200][5210,708s] GC(1009) Pause Initial Mark
[2019-04-15T15:36:06.191+0200][5210,711s] GC(1009) Pause Initial Mark 234M->234M(490M) 3,427ms
[2019-04-15T15:36:06.191+0200][5210,711s] GC(1009) User=0,00s Sys=0,00s Real=0,00s
[2019-04-15T15:36:06.191+0200][5210,712s] GC(1009) Concurrent Mark
[2019-04-15T15:36:06.191+0200][5210,712s] GC(1009) Using 4 workers of 4 for marking
[2019-04-15T15:36:06.285+0200][5210,806s] GC(1009) Concurrent Mark 94,249ms
[2019-04-15T15:36:06.285+0200][5210,806s] GC(1009) User=0,27s Sys=0,00s Real=0,10s
[2019-04-15T15:36:06.285+0200][5210,806s] GC(1009) Concurrent Preclean
[2019-04-15T15:36:06.287+0200][5210,807s] GC(1009) Concurrent Preclean 1,245ms
[2019-04-15T15:36:06.287+0200][5210,807s] GC(1009) User=0,00s Sys=0,00s Real=0,00s
[2019-04-15T15:36:06.287+0200][5210,807s] GC(1009) Concurrent Abortable Preclean
[2019-04-15T15:36:06.319+0200][5210,840s] GC(1010) Pause Young (Allocation Failure)
[2019-04-15T15:36:06.320+0200][5210,840s] GC(1010) Using 4 workers of 4 for evacuation
[2019-04-15T15:36:06.337+0200][5210,857s] GC(1010) ParNew: 91251K->3964K(109248K)
[2019-04-15T15:36:06.337+0200][5210,857s] GC(1010) CMS: 235949K->235949K(393216K)
[2019-04-15T15:36:06.337+0200][5210,857s] GC(1010) Metaspace: 84240K->84240K(1126400K)
[2019-04-15T15:36:06.337+0200][5210,857s] GC(1010) Pause Young (Allocation Failure) 319M->234M(490M) 17,202ms
[2019-04-15T15:36:06.337+0200][5210,857s] GC(1010) User=0,03s Sys=0,00s Real=0,02s
[2019-04-15T15:36:06.470+0200][5210,990s] GC(1009) Concurrent Abortable Preclean 182,782ms
[2019-04-15T15:36:06.470+0200][5210,990s] GC(1009) User=0,26s Sys=0,00s Real=0,18s
[2019-04-15T15:36:06.471+0200][5210,992s] GC(1009) Pause Remark
[2019-04-15T15:36:06.471+0200][5210,992s] GC(1011) Pause Young (CMS Final Remark)
[2019-04-15T15:36:06.471+0200][5210,992s] GC(1011) Using 4 workers of 4 for evacuation
[2019-04-15T15:36:06.496+0200][5211,017s] GC(1011) ParNew: 90697K->3064K(109248K)
[2019-04-15T15:36:06.496+0200][5211,017s] GC(1011) CMS: 235949K->235952K(393216K)
[2019-04-15T15:36:06.496+0200][5211,017s] GC(1011) Metaspace: 84240K->84240K(1126400K)
[2019-04-15T15:36:06.496+0200][5211,017s] GC(1011) Pause Young (CMS Final Remark) 318M->233M(490M) 24,946ms
[2019-04-15T15:36:06.496+0200][5211,017s] GC(1011) User=0,05s Sys=0,00s Real=0,03s
[2019-04-15T15:36:06.569+0200][5211,090s] GC(1009) Pause Remark 318M->233M(490M) 98,006ms
[2019-04-15T15:36:06.569+0200][5211,090s] GC(1009) User=0,14s Sys=0,00s Real=0,10s
[2019-04-15T15:36:06.572+0200][5211,093s] GC(1009) Concurrent Sweep
[2019-04-15T15:36:06.632+0200][5211,152s] GC(1009) Concurrent Sweep 59,823ms
[2019-04-15T15:36:06.632+0200][5211,153s] GC(1009) User=0,11s Sys=0,00s Real=0,06s
[2019-04-15T15:36:06.632+0200][5211,153s] GC(1009) Concurrent Reset
[2019-04-15T15:36:06.633+0200][5211,153s] GC(1009) Concurrent Reset 0,383ms
[2019-04-15T15:36:06.633+0200][5211,153s] GC(1009) User=0,00s Sys=0,00s Real=0,00s
[2019-04-15T15:36:06.633+0200][5211,153s] GC(1009) Old: 235949K->235951K(393216K)
[2019-04-15T15:36:06.709+0200][5211,230s] GC(1012) Pause Young (Allocation Failure)
[2019-04-15T15:36:06.709+0200][5211,230s] GC(1012) Using 4 workers of 4 for evacuation
[2019-04-15T15:36:06.738+0200][5211,259s] GC(1012) ParNew: 90488K->4705K(109248K)
[2019-04-15T15:36:06.738+0200][5211,259s] GC(1012) CMS: 235951K->236195K(393216K)
[2019-04-15T15:36:06.738+0200][5211,259s] GC(1012) Metaspace: 84240K->84240K(1126400K)
[2019-04-15T15:36:06.738+0200][5211,259s] GC(1012) Pause Young (Allocation Failure) 318M->235M(490M) 29,261ms
[2019-04-15T15:36:06.738+0200][5211,259s] GC(1012) User=0,06s Sys=0,00s Real=0,03s
[2019-04-15T15:36:06.741+0200][5211,261s] GC(1013) Pause Initial Mark
[2019-04-15T15:36:06.744+0200][5211,264s] GC(1013) Pause Initial Mark 236M->236M(490M) 2,721ms
[2019-04-15T15:36:06.744+0200][5211,264s] GC(1013) User=0,00s Sys=0,00s Real=0,00s
[2019-04-15T15:36:06.744+0200][5211,264s] GC(1013) Concurrent Mark
[2019-04-15T15:36:06.744+0200][5211,264s] GC(1013) Using 4 workers of 4 for marking
[2019-04-15T15:36:06.833+0200][5211,353s] GC(1013) Concurrent Mark 89,116ms
[2019-04-15T15:36:06.833+0200][5211,353s] GC(1013) User=0,29s Sys=0,00s Real=0,10s
[2019-04-15T15:36:06.833+0200][5211,353s] GC(1013) Concurrent Preclean
[2019-04-15T15:36:06.835+0200][5211,355s] GC(1013) Concurrent Preclean 1,521ms
[2019-04-15T15:36:06.835+0200][5211,355s] GC(1013) User=0,00s Sys=0,00s Real=0,00s
[2019-04-15T15:36:06.835+0200][5211,355s] GC(1013) Concurrent Abortable Preclean
[2019-04-15T15:36:06.879+0200][5211,400s] GC(1014) Pause Young (Allocation Failure)
[2019-04-15T15:36:06.879+0200][5211,400s] GC(1014) Using 4 workers of 4 for evacuation
[2019-04-15T15:36:06.900+0200][5211,420s] GC(1014) ParNew: 92129K->4144K(109248K)
[2019-04-15T15:36:06.900+0200][5211,420s] GC(1014) CMS: 236195K->236207K(393216K)
[2019-04-15T15:36:06.900+0200][5211,420s] GC(1014) Metaspace: 84240K->84240K(1126400K)
[2019-04-15T15:36:06.900+0200][5211,420s] GC(1014) Pause Young (Allocation Failure) 320M->234M(490M) 20,695ms
[2019-04-15T15:36:06.900+0200][5211,420s] GC(1014) User=0,04s Sys=0,00s Real=0,02s
[2019-04-15T15:36:06.987+0200][5211,507s] GC(1013) Concurrent Abortable Preclean 152,321ms
[2019-04-15T15:36:06.987+0200][5211,507s] GC(1013) User=0,29s Sys=0,00s Real=0,15s
[2019-04-15T15:36:06.987+0200][5211,508s] GC(1013) Pause Remark
[2019-04-15T15:36:07.090+0200][5211,610s] GC(1013) Pause Remark 280M->280M(490M) 102,619ms
[2019-04-15T15:36:07.090+0200][5211,610s] GC(1013) User=0,15s Sys=0,00s Real=0,10s
[2019-04-15T15:36:07.090+0200][5211,610s] GC(1013) Concurrent Sweep
[2019-04-15T15:36:07.093+0200][5211,613s] GC(1015) Pause Young (GCLocker Initiated GC)
[2019-04-15T15:36:07.093+0200][5211,614s] GC(1015) Using 4 workers of 4 for evacuation
[2019-04-15T15:36:07.118+0200][5211,638s] GC(1015) ParNew: 50854K->3510K(109248K)
[2019-04-15T15:36:07.118+0200][5211,638s] GC(1015) CMS: 236207K->237107K(393216K)
[2019-04-15T15:36:07.118+0200][5211,638s] GC(1015) Metaspace: 84240K->84240K(1126400K)
[2019-04-15T15:36:07.118+0200][5211,638s] GC(1015) Pause Young (GCLocker Initiated GC) 280M->234M(490M) 24,601ms
[2019-04-15T15:36:07.118+0200][5211,638s] GC(1015) User=0,04s Sys=0,00s Real=0,02s
[2019-04-15T15:36:07.201+0200][5211,722s] GC(1013) Concurrent Sweep 111,571ms
[2019-04-15T15:36:07.201+0200][5211,722s] GC(1013) User=0,21s Sys=0,00s Real=0,11s
[2019-04-15T15:36:07.202+0200][5211,722s] GC(1013) Concurrent Reset
[2019-04-15T15:36:07.202+0200][5211,722s] GC(1013) Concurrent Reset 0,384ms
[2019-04-15T15:36:07.202+0200][5211,722s] GC(1013) User=0,00s Sys=0,00s Real=0,00s
[2019-04-15T15:36:07.202+0200][5211,722s] GC(1013) Old: 236195K->237104K(393216K)
[2019-04-15T15:36:07.239+0200][5211,759s] GC(1016) Pause Young (Allocation Failure)
[2019-04-15T15:36:07.239+0200][5211,759s] GC(1016) Using 4 workers of 4 for evacuation
[2019-04-15T15:36:07.272+0200][5211,793s] GC(1016) ParNew: 90934K->3385K(109248K)
[2019-04-15T15:36:07.272+0200][5211,793s] GC(1016) CMS: 237104K->237140K(393216K)
[2019-04-15T15:36:07.272+0200][5211,793s] GC(1016) Metaspace: 84240K->84240K(1126400K)
[2019-04-15T15:36:07.272+0200][5211,793s] GC(1016) Pause Young (Allocation Failure) 320M->234M(490M) 33,380ms
[2019-04-15T15:36:07.272+0200][5211,793s] GC(1016) User=0,03s Sys=0,00s Real=0,03s
[2019-04-15T15:36:07.273+0200][5211,794s] GC(1017) Pause Initial Mark
[2019-04-15T15:36:07.275+0200][5211,795s] GC(1017) Pause Initial Mark 236M->236M(490M) 1,306ms
[2019-04-15T15:36:07.275+0200][5211,795s] GC(1017) User=0,00s Sys=0,00s Real=0,00s
[2019-04-15T15:36:07.275+0200][5211,795s] GC(1017) Concurrent Mark
[2019-04-15T15:36:07.275+0200][5211,795s] GC(1017) Using 4 workers of 4 for marking
[2019-04-15T15:36:07.353+0200][5211,873s] GC(1017) Concurrent Mark 78,301ms
[2019-04-15T15:36:07.353+0200][5211,873s] GC(1017) User=0,25s Sys=0,00s Real=0,08s
[2019-04-15T15:36:07.353+0200][5211,873s] GC(1017) Concurrent Preclean
[2019-04-15T15:36:07.354+0200][5211,875s] GC(1017) Concurrent Preclean 1,421ms
[2019-04-15T15:36:07.354+0200][5211,875s] GC(1017) User=0,00s Sys=0,00s Real=0,00s
[2019-04-15T15:36:07.355+0200][5211,875s] GC(1017) Concurrent Abortable Preclean
[2019-04-15T15:36:07.425+0200][5211,946s] GC(1018) Pause Young (Allocation Failure)
[2019-04-15T15:36:07.425+0200][5211,946s] GC(1018) Using 4 workers of 4 for evacuation
[2019-04-15T15:36:07.451+0200][5211,971s] GC(1018) ParNew: 90809K->3803K(109248K)
[2019-04-15T15:36:07.451+0200][5211,971s] GC(1018) CMS: 237140K->237140K(393216K)
[2019-04-15T15:36:07.451+0200][5211,971s] GC(1018) Metaspace: 84240K->84240K(1126400K)
[2019-04-15T15:36:07.451+0200][5211,971s] GC(1018) Pause Young (Allocation Failure) 320M->235M(490M) 25,582ms
[2019-04-15T15:36:07.451+0200][5211,971s] GC(1018) User=0,03s Sys=0,00s Real=0,02s
[2019-04-15T15:36:07.692+0200][5212,213s] GC(1019) Pause Young (Allocation Failure)
[2019-04-15T15:36:07.692+0200][5212,213s] GC(1019) Using 4 workers of 4 for evacuation
[2019-04-15T15:36:07.719+0200][5212,239s] GC(1019) ParNew: 91227K->5041K(109248K)
[2019-04-15T15:36:07.719+0200][5212,239s] GC(1019) CMS: 237140K->237462K(393216K)
[2019-04-15T15:36:07.719+0200][5212,239s] GC(1019) Metaspace: 84240K->84240K(1126400K)
[2019-04-15T15:36:07.719+0200][5212,239s] GC(1019) Pause Young (Allocation Failure) 320M->236M(490M) 26,424ms
[2019-04-15T15:36:07.719+0200][5212,239s] GC(1019) User=0,04s Sys=0,00s Real=0,03s
[2019-04-15T15:36:07.719+0200][5212,239s] GC(1017) Concurrent Abortable Preclean 364,512ms
[2019-04-15T15:36:07.719+0200][5212,239s] GC(1017) User=0,47s Sys=0,00s Real=0,36s
[2019-04-15T15:36:07.721+0200][5212,241s] GC(1017) Pause Remark
[2019-04-15T15:36:07.721+0200][5212,241s] GC(1020) Pause Young (CMS Final Remark)
[2019-04-15T15:36:07.721+0200][5212,242s] GC(1020) Using 4 workers of 4 for evacuation
[2019-04-15T15:36:07.735+0200][5212,255s] GC(1020) ParNew: 6787K->4401K(109248K)
[2019-04-15T15:36:07.735+0200][5212,255s] GC(1020) CMS: 237462K->237576K(393216K)
[2019-04-15T15:36:07.735+0200][5212,255s] GC(1020) Metaspace: 84240K->84240K(1126400K)
[2019-04-15T15:36:07.735+0200][5212,255s] GC(1020) Pause Young (CMS Final Remark) 238M->236M(490M) 13,837ms
[2019-04-15T15:36:07.735+0200][5212,255s] GC(1020) User=0,03s Sys=0,00s Real=0,02s
[2019-04-15T15:36:07.813+0200][5212,333s] GC(1017) Pause Remark 238M->236M(490M) 91,585ms
[2019-04-15T15:36:07.813+0200][5212,333s] GC(1017) User=0,12s Sys=0,00s Real=0,09s
[2019-04-15T15:36:07.815+0200][5212,335s] GC(1017) Concurrent Sweep
[2019-04-15T15:36:07.869+0200][5212,390s] GC(1017) Concurrent Sweep 54,882ms
[2019-04-15T15:36:07.869+0200][5212,390s] GC(1017) User=0,10s Sys=0,00s Real=0,05s
[2019-04-15T15:36:07.869+0200][5212,390s] GC(1017) Concurrent Reset
[2019-04-15T15:36:07.870+0200][5212,390s] GC(1017) Concurrent Reset 0,395ms
[2019-04-15T15:36:07.870+0200][5212,390s] GC(1017) User=0,01s Sys=0,00s Real=0,00s
[2019-04-15T15:36:07.870+0200][5212,390s] GC(1017) Old: 237140K->237556K(393216K)
[2019-04-15T15:36:07.981+0200][5212,501s] GC(1021) Pause Young (Allocation Failure)
[2019-04-15T15:36:07.981+0200][5212,501s] GC(1021) Using 4 workers of 4 for evacuation
[2019-04-15T15:36:08.014+0200][5212,534s] GC(1021) ParNew: 91825K->3954K(109248K)
[2019-04-15T15:36:08.014+0200][5212,534s] GC(1021) CMS: 237556K->237819K(393216K)
[2019-04-15T15:36:08.014+0200][5212,534s] GC(1021) Metaspace: 84240K->84240K(1126400K)
[2019-04-15T15:36:08.014+0200][5212,534s] GC(1021) Pause Young (Allocation Failure) 321M->236M(490M) 33,101ms
[2019-04-15T15:36:08.014+0200][5212,534s] GC(1021) User=0,05s Sys=0,00s Real=0,04s
[2019-04-15T15:36:08.021+0200][5212,541s] GC(1022) Pause Initial Mark
[2019-04-15T15:36:08.025+0200][5212,546s] GC(1022) Pause Initial Mark 237M->237M(490M) 4,401ms
[2019-04-15T15:36:08.025+0200][5212,546s] GC(1022) User=0,01s Sys=0,00s Real=0,01s
[2019-04-15T15:36:08.025+0200][5212,546s] GC(1022) Concurrent Mark
[2019-04-15T15:36:08.025+0200][5212,546s] GC(1022) Using 4 workers of 4 for marking
[2019-04-15T15:36:08.154+0200][5212,675s] GC(1022) Concurrent Mark 128,879ms
[2019-04-15T15:36:08.154+0200][5212,675s] GC(1022) User=0,33s Sys=0,00s Real=0,13s
[2019-04-15T15:36:08.154+0200][5212,675s] GC(1022) Concurrent Preclean
[2019-04-15T15:36:08.156+0200][5212,676s] GC(1022) Concurrent Preclean 1,544ms
[2019-04-15T15:36:08.156+0200][5212,676s] GC(1022) User=0,00s Sys=0,00s Real=0,00s
[2019-04-15T15:36:08.156+0200][5212,676s] GC(1022) Concurrent Abortable Preclean
[2019-04-15T15:36:08.191+0200][5212,711s] GC(1023) Pause Young (Allocation Failure)
[2019-04-15T15:36:08.191+0200][5212,711s] GC(1023) Using 4 workers of 4 for evacuation
[2019-04-15T15:36:08.222+0200][5212,742s] GC(1023) ParNew: 91378K->3479K(109248K)
[2019-04-15T15:36:08.222+0200][5212,742s] GC(1023) CMS: 237819K->238073K(393216K)
[2019-04-15T15:36:08.222+0200][5212,742s] GC(1023) Metaspace: 84240K->84240K(1126400K)
[2019-04-15T15:36:08.222+0200][5212,742s] GC(1023) Pause Young (Allocation Failure) 321M->235M(490M) 31,303ms
[2019-04-15T15:36:08.222+0200][5212,742s] GC(1023) User=0,04s Sys=0,00s Real=0,03s
[2019-04-15T15:36:08.338+0200][5212,858s] GC(1024) Pause Young (Allocation Failure)
[2019-04-15T15:36:08.338+0200][5212,858s] GC(1024) Using 4 workers of 4 for evacuation
[2019-04-15T15:36:08.364+0200][5212,884s] GC(1024) ParNew: 90903K->4288K(109248K)
[2019-04-15T15:36:08.364+0200][5212,884s] GC(1024) CMS: 238073K->238575K(393216K)
[2019-04-15T15:36:08.364+0200][5212,884s] GC(1024) Metaspace: 84240K->84240K(1126400K)
[2019-04-15T15:36:08.364+0200][5212,884s] GC(1024) Pause Young (Allocation Failure) 321M->237M(490M) 25,728ms
[2019-04-15T15:36:08.364+0200][5212,884s] GC(1024) User=0,04s Sys=0,00s Real=0,02s
[2019-04-15T15:36:08.485+0200][5213,006s] GC(1025) Pause Young (Allocation Failure)
[2019-04-15T15:36:08.485+0200][5213,006s] GC(1025) Using 4 workers of 4 for evacuation
[2019-04-15T15:36:08.518+0200][5213,038s] GC(1025) ParNew: 91712K->4282K(109248K)
[2019-04-15T15:36:08.518+0200][5213,039s] GC(1025) CMS: 238575K->238578K(393216K)
[2019-04-15T15:36:08.518+0200][5213,039s] GC(1025) Metaspace: 84240K->84240K(1126400K)
[2019-04-15T15:36:08.518+0200][5213,039s] GC(1025) Pause Young (Allocation Failure) 322M->237M(490M) 32,803ms
[2019-04-15T15:36:08.518+0200][5213,039s] GC(1025) User=0,05s Sys=0,00s Real=0,03s
[2019-04-15T15:36:08.643+0200][5213,164s] GC(1026) Pause Young (Allocation Failure)
[2019-04-15T15:36:08.643+0200][5213,164s] GC(1026) Using 4 workers of 4 for evacuation
[2019-04-15T15:36:08.655+0200][5213,175s] GC(1026) ParNew: 91706K->3764K(109248K)
[2019-04-15T15:36:08.655+0200][5213,176s] GC(1026) CMS: 238578K->238955K(393216K)
[2019-04-15T15:36:08.655+0200][5213,176s] GC(1026) Metaspace: 84240K->84240K(1126400K)
[2019-04-15T15:36:08.655+0200][5213,176s] GC(1026) Pause Young (Allocation Failure) 322M->237M(490M) 11,842ms
[2019-04-15T15:36:08.655+0200][5213,176s] GC(1026) User=0,02s Sys=0,00s Real=0,02s
[2019-04-15T15:36:08.817+0200][5213,337s] GC(1027) Pause Young (Allocation Failure)
[2019-04-15T15:36:08.817+0200][5213,337s] GC(1027) Using 4 workers of 4 for evacuation
[2019-04-15T15:36:08.818+0200][5213,338s] GC(1022) Concurrent Abortable Preclean 662,083ms
[2019-04-15T15:36:08.818+0200][5213,338s] GC(1022) User=0,91s Sys=0,00s Real=0,66s
[2019-04-15T15:36:08.836+0200][5213,356s] GC(1027) ParNew: 91188K->4276K(109248K)
[2019-04-15T15:36:08.836+0200][5213,356s] GC(1027) CMS: 238955K->239370K(393216K)
[2019-04-15T15:36:08.836+0200][5213,356s] GC(1027) Metaspace: 84240K->84240K(1126400K)
[2019-04-15T15:36:08.836+0200][5213,356s] GC(1027) Pause Young (Allocation Failure) 322M->237M(490M) 19,019ms
[2019-04-15T15:36:08.836+0200][5213,356s] GC(1027) User=0,03s Sys=0,00s Real=0,02s
[2019-04-15T15:36:08.836+0200][5213,356s] GC(1022) Pause Remark
[2019-04-15T15:36:08.836+0200][5213,356s] GC(1028) Pause Young (CMS Final Remark)
[2019-04-15T15:36:08.836+0200][5213,356s] GC(1028) Using 4 workers of 4 for evacuation
[2019-04-15T15:36:08.849+0200][5213,369s] GC(1028) ParNew: 6023K->3869K(109248K)
[2019-04-15T15:36:08.849+0200][5213,369s] GC(1028) CMS: 239370K->239486K(393216K)
[2019-04-15T15:36:08.849+0200][5213,369s] GC(1028) Metaspace: 84240K->84240K(1126400K)
[2019-04-15T15:36:08.849+0200][5213,369s] GC(1028) Pause Young (CMS Final Remark) 239M->237M(490M) 13,059ms
[2019-04-15T15:36:08.849+0200][5213,369s] GC(1028) User=0,03s Sys=0,00s Real=0,01s
[2019-04-15T15:36:08.904+0200][5213,425s] GC(1022) Pause Remark 239M->237M(490M) 68,598ms
[2019-04-15T15:36:08.904+0200][5213,425s] GC(1022) User=0,10s Sys=0,00s Real=0,06s
[2019-04-15T15:36:08.906+0200][5213,426s] GC(1022) Concurrent Sweep
[2019-04-15T15:36:08.966+0200][5213,487s] GC(1022) Concurrent Sweep 60,620ms
[2019-04-15T15:36:08.966+0200][5213,487s] GC(1022) User=0,13s Sys=0,00s Real=0,06s
[2019-04-15T15:36:08.967+0200][5213,487s] GC(1022) Concurrent Reset
[2019-04-15T15:36:08.967+0200][5213,487s] GC(1022) Concurrent Reset 0,550ms
[2019-04-15T15:36:08.967+0200][5213,488s] GC(1022) User=0,00s Sys=0,00s Real=0,00s
[2019-04-15T15:36:08.967+0200][5213,488s] GC(1022) Old: 237819K->239485K(393216K)
[2019-04-15T15:36:09.002+0200][5213,523s] GC(1029) Pause Young (Allocation Failure)
[2019-04-15T15:36:09.002+0200][5213,523s] GC(1029) Using 4 workers of 4 for evacuation
[2019-04-15T15:36:09.014+0200][5213,534s] GC(1029) ParNew: 91293K->4136K(109248K)
[2019-04-15T15:36:09.014+0200][5213,534s] GC(1029) CMS: 239485K->239486K(393216K)
[2019-04-15T15:36:09.014+0200][5213,534s] GC(1029) Metaspace: 84240K->84240K(1126400K)
[2019-04-15T15:36:09.014+0200][5213,534s] GC(1029) Pause Young (Allocation Failure) 323M->237M(490M) 11,365ms
[2019-04-15T15:36:09.014+0200][5213,534s] GC(1029) User=0,02s Sys=0,00s Real=0,02s
[2019-04-15T15:36:09.015+0200][5213,536s] GC(1030) Pause Initial Mark
[2019-04-15T15:36:09.022+0200][5213,542s] GC(1030) Pause Initial Mark 239M->239M(490M) 6,452ms
[2019-04-15T15:36:09.022+0200][5213,542s] GC(1030) User=0,00s Sys=0,00s Real=0,00s
[2019-04-15T15:36:09.023+0200][5213,544s] GC(1030) Concurrent Mark
[2019-04-15T15:36:09.023+0200][5213,544s] GC(1030) Using 4 workers of 4 for marking
[2019-04-15T15:36:09.127+0200][5213,648s] GC(1031) Pause Young (Allocation Failure)
[2019-04-15T15:36:09.127+0200][5213,648s] GC(1031) Using 4 workers of 4 for evacuation
[2019-04-15T15:36:09.141+0200][5213,662s] GC(1031) ParNew: 86294K->4279K(109248K)
[2019-04-15T15:36:09.142+0200][5213,662s] GC(1031) CMS: 239486K->239801K(393216K)
[2019-04-15T15:36:09.142+0200][5213,662s] GC(1031) Metaspace: 84240K->84240K(1126400K)
[2019-04-15T15:36:09.142+0200][5213,662s] GC(1031) Pause Young (Allocation Failure) 318M->238M(490M) 14,453ms
[2019-04-15T15:36:09.142+0200][5213,662s] GC(1031) User=0,03s Sys=0,00s Real=0,01s
[2019-04-15T15:36:09.164+0200][5213,685s] GC(1030) Concurrent Mark 141,199ms
[2019-04-15T15:36:09.164+0200][5213,685s] GC(1030) User=0,34s Sys=0,00s Real=0,14s
[2019-04-15T15:36:09.164+0200][5213,685s] GC(1030) Concurrent Preclean
[2019-04-15T15:36:09.167+0200][5213,688s] GC(1030) Concurrent Preclean 2,738ms
[2019-04-15T15:36:09.167+0200][5213,688s] GC(1030) User=0,01s Sys=0,00s Real=0,01s
[2019-04-15T15:36:09.167+0200][5213,688s] GC(1030) Concurrent Abortable Preclean
[2019-04-15T15:36:09.279+0200][5213,799s] GC(1032) Pause Young (Allocation Failure)
[2019-04-15T15:36:09.279+0200][5213,799s] GC(1032) Using 4 workers of 4 for evacuation
[2019-04-15T15:36:09.299+0200][5213,819s] GC(1032) ParNew: 91703K->21410K(109248K)
[2019-04-15T15:36:09.299+0200][5213,819s] GC(1032) CMS: 239801K->240088K(393216K)
[2019-04-15T15:36:09.299+0200][5213,819s] GC(1032) Metaspace: 84240K->84240K(1126400K)
[2019-04-15T15:36:09.299+0200][5213,819s] GC(1032) Pause Young (Allocation Failure) 323M->255M(490M) 19,775ms
[2019-04-15T15:36:09.299+0200][5213,819s] GC(1032) User=0,04s Sys=0,00s Real=0,02s
[2019-04-15T15:36:09.440+0200][5213,960s] GC(1033) Pause Young (Allocation Failure)
[2019-04-15T15:36:09.440+0200][5213,960s] GC(1033) Using 4 workers of 4 for evacuation
[2019-04-15T15:36:09.455+0200][5213,975s] GC(1030) Concurrent Abortable Preclean 287,391ms
[2019-04-15T15:36:09.455+0200][5213,975s] GC(1030) User=0,40s Sys=0,00s Real=0,29s
[2019-04-15T15:36:09.478+0200][5213,998s] GC(1033) ParNew: 108834K->19578K(109248K)
[2019-04-15T15:36:09.478+0200][5213,998s] GC(1033) CMS: 240088K->240555K(393216K)
[2019-04-15T15:36:09.478+0200][5213,998s] GC(1033) Metaspace: 84240K->84240K(1126400K)
[2019-04-15T15:36:09.478+0200][5213,998s] GC(1033) Pause Young (Allocation Failure) 340M->254M(490M) 37,733ms
[2019-04-15T15:36:09.478+0200][5213,998s] GC(1033) User=0,05s Sys=0,00s Real=0,04s
[2019-04-15T15:36:09.480+0200][5214,000s] GC(1030) Pause Remark
[2019-04-15T15:36:09.480+0200][5214,000s] GC(1034) Pause Young (CMS Final Remark)
[2019-04-15T15:36:09.480+0200][5214,001s] GC(1034) Using 4 workers of 4 for evacuation
[2019-04-15T15:36:09.497+0200][5214,017s] GC(1034) ParNew: 21320K->20032K(109248K)
[2019-04-15T15:36:09.497+0200][5214,018s] GC(1034) CMS: 240555K->240767K(393216K)
[2019-04-15T15:36:09.497+0200][5214,018s] GC(1034) Metaspace: 84240K->84240K(1126400K)
[2019-04-15T15:36:09.497+0200][5214,018s] GC(1034) Pause Young (CMS Final Remark) 255M->254M(490M) 17,053ms
[2019-04-15T15:36:09.497+0200][5214,018s] GC(1034) User=0,04s Sys=0,00s Real=0,02s
[2019-04-15T15:36:09.565+0200][5214,086s] GC(1030) Pause Remark 255M->254M(490M) 85,429ms
[2019-04-15T15:36:09.566+0200][5214,086s] GC(1030) User=0,11s Sys=0,00s Real=0,09s
[2019-04-15T15:36:09.567+0200][5214,088s] GC(1030) Concurrent Sweep
[2019-04-15T15:36:09.628+0200][5214,149s] GC(1030) Concurrent Sweep 61,157ms
[2019-04-15T15:36:09.628+0200][5214,149s] GC(1030) User=0,11s Sys=0,00s Real=0,06s
[2019-04-15T15:36:09.628+0200][5214,149s] GC(1030) Concurrent Reset
[2019-04-15T15:36:09.629+0200][5214,149s] GC(1030) Concurrent Reset 0,497ms
[2019-04-15T15:36:09.629+0200][5214,149s] GC(1030) User=0,01s Sys=0,00s Real=0,00s
[2019-04-15T15:36:09.629+0200][5214,149s] GC(1030) Old: 239486K->240764K(393216K)
[2019-04-15T15:36:09.699+0200][5214,219s] GC(1035) Pause Young (Allocation Failure)
[2019-04-15T15:36:09.699+0200][5214,219s] GC(1035) Using 4 workers of 4 for evacuation
[2019-04-15T15:36:09.730+0200][5214,251s] GC(1035) ParNew: 107456K->18810K(109248K)
[2019-04-15T15:36:09.730+0200][5214,251s] GC(1035) CMS: 240764K->240968K(393216K)
[2019-04-15T15:36:09.730+0200][5214,251s] GC(1035) Metaspace: 84240K->84240K(1126400K)
[2019-04-15T15:36:09.730+0200][5214,251s] GC(1035) Pause Young (Allocation Failure) 340M->253M(490M) 31,757ms
[2019-04-15T15:36:09.730+0200][5214,251s] GC(1035) User=0,04s Sys=0,00s Real=0,03s
[2019-04-15T15:36:09.731+0200][5214,251s] GC(1036) Pause Initial Mark
[2019-04-15T15:36:09.734+0200][5214,255s] GC(1036) Pause Initial Mark 255M->255M(490M) 3,566ms
[2019-04-15T15:36:09.734+0200][5214,255s] GC(1036) User=0,01s Sys=0,00s Real=0,01s
[2019-04-15T15:36:09.734+0200][5214,255s] GC(1036) Concurrent Mark
[2019-04-15T15:36:09.734+0200][5214,255s] GC(1036) Using 4 workers of 4 for marking
[2019-04-15T15:36:09.858+0200][5214,379s] GC(1036) Concurrent Mark 123,791ms
[2019-04-15T15:36:09.858+0200][5214,379s] GC(1036) User=0,29s Sys=0,00s Real=0,12s
[2019-04-15T15:36:09.858+0200][5214,379s] GC(1036) Concurrent Preclean
[2019-04-15T15:36:09.860+0200][5214,381s] GC(1036) Concurrent Preclean 2,128ms
[2019-04-15T15:36:09.860+0200][5214,381s] GC(1036) User=0,00s Sys=0,00s Real=0,00s
[2019-04-15T15:36:09.860+0200][5214,381s] GC(1036) Concurrent Abortable Preclean
[2019-04-15T15:36:09.886+0200][5214,407s] GC(1037) Pause Young (Allocation Failure)
[2019-04-15T15:36:09.886+0200][5214,407s] GC(1037) Using 4 workers of 4 for evacuation
[2019-04-15T15:36:09.910+0200][5214,431s] GC(1037) ParNew: 106234K->20084K(109248K)
[2019-04-15T15:36:09.910+0200][5214,431s] GC(1037) CMS: 240968K->241367K(393216K)
[2019-04-15T15:36:09.910+0200][5214,431s] GC(1037) Metaspace: 84240K->84240K(1126400K)
[2019-04-15T15:36:09.910+0200][5214,431s] GC(1037) Pause Young (Allocation Failure) 339M->255M(490M) 24,055ms
[2019-04-15T15:36:09.911+0200][5214,431s] GC(1037) User=0,04s Sys=0,00s Real=0,02s
[2019-04-15T15:36:10.009+0200][5214,529s] GC(1038) Pause Young (Allocation Failure)
[2019-04-15T15:36:10.009+0200][5214,529s] GC(1038) Using 4 workers of 4 for evacuation
[2019-04-15T15:36:10.040+0200][5214,560s] GC(1038) ParNew: 107508K->19137K(109248K)
[2019-04-15T15:36:10.040+0200][5214,560s] GC(1038) CMS: 241367K->241367K(393216K)
[2019-04-15T15:36:10.040+0200][5214,560s] GC(1038) Metaspace: 84240K->84240K(1126400K)
[2019-04-15T15:36:10.040+0200][5214,560s] GC(1038) Pause Young (Allocation Failure) 340M->254M(490M) 30,765ms
[2019-04-15T15:36:10.040+0200][5214,560s] GC(1038) User=0,04s Sys=0,00s Real=0,03s
[2019-04-15T15:36:10.040+0200][5214,560s] GC(1036) Concurrent Abortable Preclean 179,345ms
[2019-04-15T15:36:10.040+0200][5214,560s] GC(1036) User=0,29s Sys=0,00s Real=0,18s
[2019-04-15T15:36:10.042+0200][5214,562s] GC(1036) Pause Remark
[2019-04-15T15:36:10.042+0200][5214,562s] GC(1039) Pause Young (CMS Final Remark)
[2019-04-15T15:36:10.042+0200][5214,562s] GC(1039) Using 4 workers of 4 for evacuation
[2019-04-15T15:36:10.065+0200][5214,586s] GC(1039) ParNew: 20884K->18311K(109248K)
[2019-04-15T15:36:10.065+0200][5214,586s] GC(1039) CMS: 241367K->241658K(393216K)
[2019-04-15T15:36:10.065+0200][5214,586s] GC(1039) Metaspace: 84240K->84240K(1126400K)
[2019-04-15T15:36:10.065+0200][5214,586s] GC(1039) Pause Young (CMS Final Remark) 256M->253M(490M) 23,617ms
[2019-04-15T15:36:10.065+0200][5214,586s] GC(1039) User=0,03s Sys=0,00s Real=0,03s
[2019-04-15T15:36:10.139+0200][5214,659s] GC(1036) Pause Remark 256M->253M(490M) 97,029ms
[2019-04-15T15:36:10.139+0200][5214,659s] GC(1036) User=0,11s Sys=0,00s Real=0,10s
[2019-04-15T15:36:10.139+0200][5214,659s] GC(1036) Concurrent Sweep
[2019-04-15T15:36:10.212+0200][5214,733s] GC(1036) Concurrent Sweep 73,658ms
[2019-04-15T15:36:10.213+0200][5214,733s] GC(1036) User=0,11s Sys=0,00s Real=0,07s
[2019-04-15T15:36:10.213+0200][5214,733s] GC(1036) Concurrent Reset
[2019-04-15T15:36:10.213+0200][5214,734s] GC(1036) Concurrent Reset 0,534ms
[2019-04-15T15:36:10.213+0200][5214,734s] GC(1036) User=0,00s Sys=0,00s Real=0,01s
[2019-04-15T15:36:10.213+0200][5214,734s] GC(1036) Old: 240968K->233457K(393216K)
[2019-04-15T15:36:10.294+0200][5214,815s] GC(1040) Pause Young (Allocation Failure)
[2019-04-15T15:36:10.294+0200][5214,815s] GC(1040) Using 4 workers of 4 for evacuation
[2019-04-15T15:36:10.328+0200][5214,848s] GC(1040) ParNew: 105735K->19529K(109248K)
[2019-04-15T15:36:10.328+0200][5214,848s] GC(1040) CMS: 233457K->233545K(393216K)
[2019-04-15T15:36:10.328+0200][5214,848s] GC(1040) Metaspace: 84240K->84240K(1126400K)
[2019-04-15T15:36:10.328+0200][5214,848s] GC(1040) Pause Young (Allocation Failure) 331M->247M(490M) 33,572ms
[2019-04-15T15:36:10.328+0200][5214,848s] GC(1040) User=0,04s Sys=0,00s Real=0,03s
[2019-04-15T15:36:10.328+0200][5214,848s] GC(1041) Pause Initial Mark
[2019-04-15T15:36:10.331+0200][5214,851s] GC(1041) Pause Initial Mark 247M->247M(490M) 2,879ms
[2019-04-15T15:36:10.331+0200][5214,851s] GC(1041) User=0,01s Sys=0,00s Real=0,00s
[2019-04-15T15:36:10.331+0200][5214,851s] GC(1041) Concurrent Mark
[2019-04-15T15:36:10.331+0200][5214,851s] GC(1041) Using 4 workers of 4 for marking
[2019-04-15T15:36:10.452+0200][5214,973s] GC(1042) Pause Young (Allocation Failure)
[2019-04-15T15:36:10.452+0200][5214,973s] GC(1042) Using 4 workers of 4 for evacuation
[2019-04-15T15:36:10.478+0200][5214,999s] GC(1042) ParNew: 106953K->3435K(109248K)
[2019-04-15T15:36:10.478+0200][5214,999s] GC(1042) CMS: 233545K->250159K(393216K)
[2019-04-15T15:36:10.478+0200][5214,999s] GC(1042) Metaspace: 84240K->84240K(1126400K)
[2019-04-15T15:36:10.478+0200][5214,999s] GC(1042) Pause Young (Allocation Failure) 332M->247M(490M) 26,178ms
[2019-04-15T15:36:10.478+0200][5214,999s] GC(1042) User=0,03s Sys=0,00s Real=0,03s
[2019-04-15T15:36:10.480+0200][5215,000s] GC(1041) Concurrent Mark 149,185ms
[2019-04-15T15:36:10.480+0200][5215,001s] GC(1041) User=0,36s Sys=0,01s Real=0,15s
[2019-04-15T15:36:10.480+0200][5215,001s] GC(1041) Concurrent Preclean
[2019-04-15T15:36:10.483+0200][5215,003s] GC(1041) Concurrent Preclean 2,570ms
[2019-04-15T15:36:10.483+0200][5215,003s] GC(1041) User=0,00s Sys=0,00s Real=0,00s
[2019-04-15T15:36:10.483+0200][5215,003s] GC(1041) Concurrent Abortable Preclean
[2019-04-15T15:36:10.583+0200][5215,104s] GC(1043) Pause Young (Allocation Failure)
[2019-04-15T15:36:10.583+0200][5215,104s] GC(1043) Using 4 workers of 4 for evacuation
[2019-04-15T15:36:10.599+0200][5215,119s] GC(1041) Concurrent Abortable Preclean 115,920ms
[2019-04-15T15:36:10.599+0200][5215,119s] GC(1041) User=0,14s Sys=0,00s Real=0,12s
[2019-04-15T15:36:10.600+0200][5215,120s] GC(1043) ParNew: 90859K->3121K(109248K)
[2019-04-15T15:36:10.600+0200][5215,120s] GC(1043) CMS: 250159K->250469K(393216K)
[2019-04-15T15:36:10.600+0200][5215,120s] GC(1043) Metaspace: 84240K->84240K(1126400K)
[2019-04-15T15:36:10.600+0200][5215,120s] GC(1043) Pause Young (Allocation Failure) 333M->247M(490M) 16,680ms
[2019-04-15T15:36:10.600+0200][5215,120s] GC(1043) User=0,03s Sys=0,00s Real=0,02s
[2019-04-15T15:36:10.600+0200][5215,121s] GC(1041) Pause Remark
[2019-04-15T15:36:10.600+0200][5215,121s] GC(1044) Pause Young (CMS Final Remark)
[2019-04-15T15:36:10.600+0200][5215,121s] GC(1044) Using 4 workers of 4 for evacuation
[2019-04-15T15:36:10.620+0200][5215,140s] GC(1044) ParNew: 3121K->3182K(109248K)
[2019-04-15T15:36:10.620+0200][5215,140s] GC(1044) CMS: 250469K->250469K(393216K)
[2019-04-15T15:36:10.620+0200][5215,140s] GC(1044) Metaspace: 84240K->84240K(1126400K)
[2019-04-15T15:36:10.620+0200][5215,140s] GC(1044) Pause Young (CMS Final Remark) 247M->247M(490M) 19,544ms
[2019-04-15T15:36:10.620+0200][5215,140s] GC(1044) User=0,02s Sys=0,00s Real=0,02s
[2019-04-15T15:36:10.690+0200][5215,210s] GC(1041) Pause Remark 247M->247M(490M) 89,385ms
[2019-04-15T15:36:10.690+0200][5215,210s] GC(1041) User=0,09s Sys=0,01s Real=0,09s
[2019-04-15T15:36:10.690+0200][5215,210s] GC(1041) Concurrent Sweep
[2019-04-15T15:36:10.751+0200][5215,271s] GC(1041) Concurrent Sweep 61,054ms
[2019-04-15T15:36:10.751+0200][5215,271s] GC(1041) User=0,09s Sys=0,00s Real=0,06s
[2019-04-15T15:36:10.751+0200][5215,271s] GC(1041) Concurrent Reset
[2019-04-15T15:36:10.751+0200][5215,272s] GC(1041) Concurrent Reset 0,368ms
[2019-04-15T15:36:10.751+0200][5215,272s] GC(1041) User=0,00s Sys=0,00s Real=0,00s
[2019-04-15T15:36:10.751+0200][5215,272s] GC(1041) Old: 233545K->250466K(393216K)
[2019-04-15T15:36:10.855+0200][5215,375s] GC(1045) Pause Young (Allocation Failure)
[2019-04-15T15:36:10.855+0200][5215,375s] GC(1045) Using 4 workers of 4 for evacuation
[2019-04-15T15:36:10.868+0200][5215,388s] GC(1045) ParNew: 90606K->3623K(109248K)
[2019-04-15T15:36:10.868+0200][5215,388s] GC(1045) CMS: 250466K->250688K(393216K)
[2019-04-15T15:36:10.868+0200][5215,388s] GC(1045) Metaspace: 84240K->84240K(1126400K)
[2019-04-15T15:36:10.868+0200][5215,388s] GC(1045) Pause Young (Allocation Failure) 333M->248M(490M) 12,892ms
[2019-04-15T15:36:10.868+0200][5215,388s] GC(1045) User=0,03s Sys=0,00s Real=0,01s
[2019-04-15T15:36:10.872+0200][5215,392s] GC(1046) Pause Initial Mark
[2019-04-15T15:36:10.874+0200][5215,394s] GC(1046) Pause Initial Mark 250M->250M(490M) 2,223ms
[2019-04-15T15:36:10.874+0200][5215,394s] GC(1046) User=0,00s Sys=0,00s Real=0,01s
[2019-04-15T15:36:10.874+0200][5215,394s] GC(1046) Concurrent Mark
[2019-04-15T15:36:10.874+0200][5215,394s] GC(1046) Using 4 workers of 4 for marking
[2019-04-15T15:36:10.973+0200][5215,494s] GC(1047) Pause Young (Allocation Failure)
[2019-04-15T15:36:10.973+0200][5215,494s] GC(1047) Using 4 workers of 4 for evacuation
[2019-04-15T15:36:10.993+0200][5215,514s] GC(1047) ParNew: 91047K->3231K(109248K)
[2019-04-15T15:36:10.993+0200][5215,514s] GC(1047) CMS: 250688K->250843K(393216K)
[2019-04-15T15:36:10.993+0200][5215,514s] GC(1047) Metaspace: 84240K->84240K(1126400K)
[2019-04-15T15:36:10.993+0200][5215,514s] GC(1047) Pause Young (Allocation Failure) 333M->248M(490M) 20,128ms
[2019-04-15T15:36:10.993+0200][5215,514s] GC(1047) User=0,02s Sys=0,00s Real=0,02s
[2019-04-15T15:36:11.033+0200][5215,553s] GC(1046) Concurrent Mark 158,940ms
[2019-04-15T15:36:11.033+0200][5215,553s] GC(1046) User=0,34s Sys=0,00s Real=0,16s
[2019-04-15T15:36:11.033+0200][5215,553s] GC(1046) Concurrent Preclean
[2019-04-15T15:36:11.035+0200][5215,556s] GC(1046) Concurrent Preclean 2,384ms
[2019-04-15T15:36:11.035+0200][5215,556s] GC(1046) User=0,00s Sys=0,00s Real=0,00s
[2019-04-15T15:36:11.035+0200][5215,556s] GC(1046) Concurrent Abortable Preclean
[2019-04-15T15:36:11.179+0200][5215,699s] GC(1048) Pause Young (Allocation Failure)
[2019-04-15T15:36:11.179+0200][5215,699s] GC(1048) Using 4 workers of 4 for evacuation
[2019-04-15T15:36:11.212+0200][5215,733s] GC(1048) ParNew: 90655K->4537K(109248K)
[2019-04-15T15:36:11.212+0200][5215,733s] GC(1048) CMS: 250843K->251063K(393216K)
[2019-04-15T15:36:11.212+0200][5215,733s] GC(1048) Metaspace: 84240K->84240K(1126400K)
[2019-04-15T15:36:11.212+0200][5215,733s] GC(1048) Pause Young (Allocation Failure) 333M->249M(490M) 33,429ms
[2019-04-15T15:36:11.212+0200][5215,733s] GC(1048) User=0,03s Sys=0,00s Real=0,03s
[2019-04-15T15:36:11.347+0200][5215,867s] GC(1049) Pause Young (Allocation Failure)
[2019-04-15T15:36:11.347+0200][5215,867s] GC(1049) Using 4 workers of 4 for evacuation
[2019-04-15T15:36:11.365+0200][5215,885s] GC(1049) ParNew: 91961K->4135K(109248K)
[2019-04-15T15:36:11.365+0200][5215,885s] GC(1049) CMS: 251063K->251063K(393216K)
[2019-04-15T15:36:11.365+0200][5215,885s] GC(1049) Metaspace: 84240K->84240K(1126400K)
[2019-04-15T15:36:11.365+0200][5215,885s] GC(1049) Pause Young (Allocation Failure) 334M->249M(490M) 18,050ms
[2019-04-15T15:36:11.365+0200][5215,885s] GC(1049) User=0,03s Sys=0,00s Real=0,01s
[2019-04-15T15:36:11.475+0200][5215,995s] GC(1046) Concurrent Abortable Preclean 439,304ms
[2019-04-15T15:36:11.475+0200][5215,995s] GC(1046) User=0,68s Sys=0,00s Real=0,44s
[2019-04-15T15:36:11.477+0200][5215,997s] GC(1046) Pause Remark
[2019-04-15T15:36:11.477+0200][5215,998s] GC(1050) Pause Young (CMS Final Remark)
[2019-04-15T15:36:11.477+0200][5215,998s] GC(1050) Using 4 workers of 4 for evacuation
[2019-04-15T15:36:11.498+0200][5216,018s] GC(1050) ParNew: 77227K->16706K(109248K)
[2019-04-15T15:36:11.498+0200][5216,018s] GC(1050) CMS: 251063K->251309K(393216K)
[2019-04-15T15:36:11.498+0200][5216,018s] GC(1050) Metaspace: 84240K->84240K(1126400K)
[2019-04-15T15:36:11.498+0200][5216,018s] GC(1050) Pause Young (CMS Final Remark) 320M->261M(490M) 20,546ms
[2019-04-15T15:36:11.498+0200][5216,018s] GC(1050) User=0,04s Sys=0,00s Real=0,02s
[2019-04-15T15:36:11.601+0200][5216,121s] GC(1046) Pause Remark 320M->261M(490M) 123,576ms
[2019-04-15T15:36:11.601+0200][5216,121s] GC(1046) User=0,15s Sys=0,00s Real=0,12s
[2019-04-15T15:36:11.601+0200][5216,121s] GC(1046) Concurrent Sweep
[2019-04-15T15:36:11.660+0200][5216,180s] GC(1046) Concurrent Sweep 59,079ms
[2019-04-15T15:36:11.660+0200][5216,180s] GC(1046) User=0,12s Sys=0,00s Real=0,06s
[2019-04-15T15:36:11.660+0200][5216,180s] GC(1046) Concurrent Reset
[2019-04-15T15:36:11.660+0200][5216,181s] GC(1046) Concurrent Reset 0,365ms
[2019-04-15T15:36:11.660+0200][5216,181s] GC(1046) User=0,00s Sys=0,00s Real=0,00s
[2019-04-15T15:36:11.660+0200][5216,181s] GC(1046) Old: 250688K->251307K(393216K)
[2019-04-15T15:36:12.430+0200][5216,950s] GC(1051) Pause Young (Allocation Failure)
[2019-04-15T15:36:12.430+0200][5216,950s] GC(1051) Using 4 workers of 4 for evacuation
[2019-04-15T15:36:12.469+0200][5216,989s] GC(1051) ParNew: 104130K->16467K(109248K)
[2019-04-15T15:36:12.469+0200][5216,989s] GC(1051) CMS: 251307K->262078K(393216K)
[2019-04-15T15:36:12.469+0200][5216,989s] GC(1051) Metaspace: 84242K->84242K(1126400K)
[2019-04-15T15:36:12.469+0200][5216,990s] GC(1051) Pause Young (Allocation Failure) 347M->272M(490M) 39,252ms
[2019-04-15T15:36:12.469+0200][5216,990s] GC(1051) User=0,05s Sys=0,01s Real=0,04s
[2019-04-15T15:36:12.474+0200][5216,994s] GC(1052) Pause Initial Mark
[2019-04-15T15:36:12.485+0200][5217,005s] GC(1052) Pause Initial Mark 284M->284M(490M) 11,016ms
[2019-04-15T15:36:12.485+0200][5217,005s] GC(1052) User=0,02s Sys=0,00s Real=0,00s
[2019-04-15T15:36:12.485+0200][5217,005s] GC(1052) Concurrent Mark
[2019-04-15T15:36:12.485+0200][5217,005s] GC(1052) Using 4 workers of 4 for marking
[2019-04-15T15:36:12.677+0200][5217,198s] GC(1053) Pause Young (Allocation Failure)
[2019-04-15T15:36:12.678+0200][5217,198s] GC(1053) Using 4 workers of 4 for evacuation
[2019-04-15T15:36:12.708+0200][5217,229s] GC(1053) ParNew: 103891K->19995K(109248K)
[2019-04-15T15:36:12.708+0200][5217,229s] GC(1053) CMS: 262078K->262395K(393216K)
[2019-04-15T15:36:12.708+0200][5217,229s] GC(1053) Metaspace: 84242K->84242K(1126400K)
[2019-04-15T15:36:12.708+0200][5217,229s] GC(1053) Pause Young (Allocation Failure) 357M->275M(490M) 30,747ms
[2019-04-15T15:36:12.708+0200][5217,229s] GC(1053) User=0,07s Sys=0,00s Real=0,03s
[2019-04-15T15:36:12.711+0200][5217,232s] GC(1052) Concurrent Mark 226,497ms
[2019-04-15T15:36:12.711+0200][5217,232s] GC(1052) User=0,55s Sys=0,00s Real=0,22s
[2019-04-15T15:36:12.711+0200][5217,232s] GC(1052) Concurrent Preclean
[2019-04-15T15:36:12.716+0200][5217,237s] GC(1052) Concurrent Preclean 4,645ms
[2019-04-15T15:36:12.716+0200][5217,237s] GC(1052) User=0,01s Sys=0,00s Real=0,01s
[2019-04-15T15:36:12.716+0200][5217,237s] GC(1052) Concurrent Abortable Preclean
[2019-04-15T15:36:12.868+0200][5217,388s] GC(1052) Concurrent Abortable Preclean 151,777ms
[2019-04-15T15:36:12.868+0200][5217,388s] GC(1052) User=0,27s Sys=0,00s Real=0,15s
[2019-04-15T15:36:12.872+0200][5217,392s] GC(1052) Pause Remark
[2019-04-15T15:36:12.872+0200][5217,392s] GC(1054) Pause Young (CMS Final Remark)
[2019-04-15T15:36:12.872+0200][5217,392s] GC(1054) Using 4 workers of 4 for evacuation
[2019-04-15T15:36:12.899+0200][5217,420s] GC(1054) ParNew: 69536K->21824K(109248K)
[2019-04-15T15:36:12.899+0200][5217,420s] GC(1054) CMS: 262395K->262594K(393216K)
[2019-04-15T15:36:12.899+0200][5217,420s] GC(1054) Metaspace: 84242K->84242K(1126400K)
[2019-04-15T15:36:12.899+0200][5217,420s] GC(1054) Pause Young (CMS Final Remark) 324M->277M(490M) 27,851ms
[2019-04-15T15:36:12.899+0200][5217,420s] GC(1054) User=0,05s Sys=0,00s Real=0,03s
[2019-04-15T15:36:12.977+0200][5217,497s] GC(1052) Pause Remark 324M->277M(490M) 105,403ms
[2019-04-15T15:36:12.977+0200][5217,497s] GC(1052) User=0,23s Sys=0,01s Real=0,11s
[2019-04-15T15:36:12.977+0200][5217,497s] GC(1052) Concurrent Sweep
[2019-04-15T15:36:13.077+0200][5217,597s] GC(1052) Concurrent Sweep 99,546ms
[2019-04-15T15:36:13.077+0200][5217,597s] GC(1052) User=0,22s Sys=0,02s Real=0,10s
[2019-04-15T15:36:13.077+0200][5217,597s] GC(1052) Concurrent Reset
[2019-04-15T15:36:13.077+0200][5217,597s] GC(1052) Concurrent Reset 0,421ms
[2019-04-15T15:36:13.077+0200][5217,598s] GC(1052) User=0,00s Sys=0,00s Real=0,00s
[2019-04-15T15:36:13.077+0200][5217,598s] GC(1052) Old: 262078K->194414K(393216K)
[2019-04-15T15:36:13.485+0200][5218,005s] GC(1055) Pause Young (Allocation Failure)
[2019-04-15T15:36:13.485+0200][5218,005s] GC(1055) Using 4 workers of 4 for evacuation
[2019-04-15T15:36:13.529+0200][5218,049s] GC(1055) ParNew: 109248K->21824K(109248K)
[2019-04-15T15:36:13.529+0200][5218,049s] GC(1055) CMS: 194414K->194682K(393216K)
[2019-04-15T15:36:13.529+0200][5218,049s] GC(1055) Metaspace: 84242K->84242K(1126400K)
[2019-04-15T15:36:13.529+0200][5218,049s] GC(1055) Pause Young (Allocation Failure) 296M->211M(490M) 44,043ms
[2019-04-15T15:36:13.529+0200][5218,049s] GC(1055) User=0,08s Sys=0,01s Real=0,05s
[2019-04-15T15:36:14.120+0200][5218,641s] GC(1056) Pause Young (Allocation Failure)
[2019-04-15T15:36:14.120+0200][5218,641s] GC(1056) Using 4 workers of 4 for evacuation
[2019-04-15T15:36:14.145+0200][5218,666s] GC(1056) ParNew: 108848K->19861K(109248K)
[2019-04-15T15:36:14.145+0200][5218,666s] GC(1056) CMS: 194682K->194913K(393216K)
[2019-04-15T15:36:14.145+0200][5218,666s] GC(1056) Metaspace: 84242K->84242K(1126400K)
[2019-04-15T15:36:14.146+0200][5218,666s] GC(1056) Pause Young (Allocation Failure) 296M->209M(490M) 25,154ms
[2019-04-15T15:36:14.146+0200][5218,666s] GC(1056) User=0,06s Sys=0,00s Real=0,03s
[2019-04-15T15:36:14.375+0200][5218,896s] GC(1057) Pause Young (Allocation Failure)
[2019-04-15T15:36:14.375+0200][5218,896s] GC(1057) Using 4 workers of 4 for evacuation
[2019-04-15T15:36:14.396+0200][5218,916s] GC(1057) ParNew: 107253K->21824K(109248K)
[2019-04-15T15:36:14.396+0200][5218,916s] GC(1057) CMS: 194913K->197765K(393216K)
[2019-04-15T15:36:14.396+0200][5218,916s] GC(1057) Metaspace: 84244K->84244K(1126400K)
[2019-04-15T15:36:14.396+0200][5218,916s] GC(1057) Pause Young (Allocation Failure) 295M->214M(490M) 20,503ms
[2019-04-15T15:36:14.396+0200][5218,916s] GC(1057) User=0,04s Sys=0,00s Real=0,02s
[2019-04-15T15:36:14.400+0200][5218,920s] GC(1058) Pause Initial Mark
[2019-04-15T15:36:14.403+0200][5218,923s] GC(1058) Pause Initial Mark 217M->217M(490M) 2,912ms
[2019-04-15T15:36:14.403+0200][5218,923s] GC(1058) User=0,01s Sys=0,00s Real=0,00s
[2019-04-15T15:36:14.403+0200][5218,923s] GC(1058) Concurrent Mark
[2019-04-15T15:36:14.403+0200][5218,923s] GC(1058) Using 4 workers of 4 for marking
[2019-04-15T15:36:14.513+0200][5219,034s] GC(1059) Pause Young (Allocation Failure)
[2019-04-15T15:36:14.514+0200][5219,034s] GC(1059) Using 4 workers of 4 for evacuation
[2019-04-15T15:36:14.534+0200][5219,054s] GC(1059) ParNew: 109248K->21824K(109248K)
[2019-04-15T15:36:14.534+0200][5219,054s] GC(1059) CMS: 197765K->198964K(393216K)
[2019-04-15T15:36:14.534+0200][5219,054s] GC(1059) Metaspace: 84244K->84244K(1126400K)
[2019-04-15T15:36:14.534+0200][5219,054s] GC(1059) Pause Young (Allocation Failure) 299M->215M(490M) 20,565ms
[2019-04-15T15:36:14.534+0200][5219,054s] GC(1059) User=0,06s Sys=0,00s Real=0,02s
[2019-04-15T15:36:14.571+0200][5219,092s] GC(1058) Concurrent Mark 168,534ms
[2019-04-15T15:36:14.571+0200][5219,092s] GC(1058) User=0,52s Sys=0,00s Real=0,17s
[2019-04-15T15:36:14.571+0200][5219,092s] GC(1058) Concurrent Preclean
[2019-04-15T15:36:14.578+0200][5219,098s] GC(1058) Concurrent Preclean 6,530ms
[2019-04-15T15:36:14.578+0200][5219,098s] GC(1058) User=0,01s Sys=0,00s Real=0,01s
[2019-04-15T15:36:14.578+0200][5219,098s] GC(1058) Concurrent Abortable Preclean
[2019-04-15T15:36:15.044+0200][5219,564s] GC(1060) Pause Young (Allocation Failure)
[2019-04-15T15:36:15.044+0200][5219,564s] GC(1060) Using 4 workers of 4 for evacuation
[2019-04-15T15:36:15.077+0200][5219,598s] GC(1060) ParNew: 109248K->21824K(109248K)
[2019-04-15T15:36:15.077+0200][5219,598s] GC(1060) CMS: 198964K->204372K(393216K)
[2019-04-15T15:36:15.077+0200][5219,598s] GC(1060) Metaspace: 84245K->84245K(1126400K)
[2019-04-15T15:36:15.077+0200][5219,598s] GC(1060) Pause Young (Allocation Failure) 300M->220M(490M) 33,174ms
[2019-04-15T15:36:15.077+0200][5219,598s] GC(1060) User=0,08s Sys=0,00s Real=0,04s
[2019-04-15T15:36:15.392+0200][5219,913s] GC(1058) Concurrent Abortable Preclean 814,258ms
[2019-04-15T15:36:15.392+0200][5219,913s] GC(1058) User=1,90s Sys=0,05s Real=0,81s
[2019-04-15T15:36:15.393+0200][5219,914s] GC(1058) Pause Remark
[2019-04-15T15:36:15.394+0200][5219,914s] GC(1061) Pause Young (CMS Final Remark)
[2019-04-15T15:36:15.394+0200][5219,914s] GC(1061) Using 4 workers of 4 for evacuation
[2019-04-15T15:36:15.411+0200][5219,931s] GC(1061) ParNew: 69306K->15367K(109248K)
[2019-04-15T15:36:15.411+0200][5219,931s] GC(1061) CMS: 204372K->209550K(393216K)
[2019-04-15T15:36:15.411+0200][5219,931s] GC(1061) Metaspace: 84247K->84247K(1126400K)
[2019-04-15T15:36:15.411+0200][5219,931s] GC(1061) Pause Young (CMS Final Remark) 267M->219M(490M) 17,053ms
[2019-04-15T15:36:15.411+0200][5219,931s] GC(1061) User=0,04s Sys=0,00s Real=0,01s
[2019-04-15T15:36:15.450+0200][5219,971s] GC(1058) Pause Remark 267M->219M(490M) 56,635ms
[2019-04-15T15:36:15.450+0200][5219,971s] GC(1058) User=0,10s Sys=0,00s Real=0,05s
[2019-04-15T15:36:15.450+0200][5219,971s] GC(1058) Concurrent Sweep
[2019-04-15T15:36:15.519+0200][5220,040s] GC(1062) Pause Young (Allocation Failure)
[2019-04-15T15:36:15.519+0200][5220,040s] GC(1062) Using 4 workers of 4 for evacuation
[2019-04-15T15:36:15.532+0200][5220,052s] GC(1062) ParNew: 102791K->16744K(109248K)
[2019-04-15T15:36:15.532+0200][5220,052s] GC(1062) CMS: 196433K->196624K(393216K)
[2019-04-15T15:36:15.532+0200][5220,052s] GC(1062) Metaspace: 84249K->84249K(1126400K)
[2019-04-15T15:36:15.532+0200][5220,052s] GC(1062) Pause Young (Allocation Failure) 292M->208M(490M) 12,701ms
[2019-04-15T15:36:15.532+0200][5220,052s] GC(1062) User=0,04s Sys=0,00s Real=0,01s
[2019-04-15T15:36:15.562+0200][5220,083s] GC(1058) Concurrent Sweep 112,171ms
[2019-04-15T15:36:15.562+0200][5220,083s] GC(1058) User=0,26s Sys=0,00s Real=0,11s
[2019-04-15T15:36:15.562+0200][5220,083s] GC(1058) Concurrent Reset
[2019-04-15T15:36:15.563+0200][5220,083s] GC(1058) Concurrent Reset 0,385ms
[2019-04-15T15:36:15.563+0200][5220,083s] GC(1058) User=0,00s Sys=0,00s Real=0,00s
[2019-04-15T15:36:15.563+0200][5220,083s] GC(1058) Old: 197765K->188419K(393216K)
[2019-04-15T15:36:15.721+0200][5220,242s] GC(1063) Pause Young (Allocation Failure)
[2019-04-15T15:36:15.721+0200][5220,242s] GC(1063) Using 4 workers of 4 for evacuation
[2019-04-15T15:36:15.736+0200][5220,256s] GC(1063) ParNew: 104168K->13210K(109248K)
[2019-04-15T15:36:15.736+0200][5220,256s] GC(1063) CMS: 188419K->188599K(393216K)
[2019-04-15T15:36:15.736+0200][5220,256s] GC(1063) Metaspace: 84249K->84249K(1126400K)
[2019-04-15T15:36:15.736+0200][5220,256s] GC(1063) Pause Young (Allocation Failure) 285M->197M(490M) 14,631ms
[2019-04-15T15:36:15.736+0200][5220,256s] GC(1063) User=0,03s Sys=0,00s Real=0,02s
[2019-04-15T15:36:16.429+0200][5220,949s] GC(1064) Pause Young (Allocation Failure)
[2019-04-15T15:36:16.429+0200][5220,949s] GC(1064) Using 4 workers of 4 for evacuation
[2019-04-15T15:36:16.440+0200][5220,961s] GC(1064) ParNew: 100634K->14809K(109248K)
[2019-04-15T15:36:16.440+0200][5220,961s] GC(1064) CMS: 188599K->189201K(393216K)
[2019-04-15T15:36:16.440+0200][5220,961s] GC(1064) Metaspace: 84256K->84256K(1126400K)
[2019-04-15T15:36:16.440+0200][5220,961s] GC(1064) Pause Young (Allocation Failure) 282M->199M(490M) 11,877ms
[2019-04-15T15:36:16.440+0200][5220,961s] GC(1064) User=0,02s Sys=0,00s Real=0,01s
[2019-04-15T15:36:17.028+0200][5221,548s] GC(1065) Pause Young (Allocation Failure)
[2019-04-15T15:36:17.028+0200][5221,548s] GC(1065) Using 4 workers of 4 for evacuation
[2019-04-15T15:36:17.054+0200][5221,575s] GC(1065) ParNew: 102233K->13509K(109248K)
[2019-04-15T15:36:17.054+0200][5221,575s] GC(1065) CMS: 189201K->189937K(393216K)
[2019-04-15T15:36:17.054+0200][5221,575s] GC(1065) Metaspace: 84257K->84257K(1126400K)
[2019-04-15T15:36:17.055+0200][5221,575s] GC(1065) Pause Young (Allocation Failure) 284M->198M(490M) 26,723ms
[2019-04-15T15:36:17.055+0200][5221,575s] GC(1065) User=0,05s Sys=0,00s Real=0,03s
[2019-04-15T15:36:17.755+0200][5222,275s] GC(1066) Pause Young (Allocation Failure)
[2019-04-15T15:36:17.755+0200][5222,275s] GC(1066) Using 4 workers of 4 for evacuation
[2019-04-15T15:36:17.771+0200][5222,292s] GC(1066) ParNew: 100933K->11256K(109248K)
[2019-04-15T15:36:17.771+0200][5222,292s] GC(1066) CMS: 189937K->192764K(393216K)
[2019-04-15T15:36:17.771+0200][5222,292s] GC(1066) Metaspace: 84258K->84258K(1126400K)
[2019-04-15T15:36:17.771+0200][5222,292s] GC(1066) Pause Young (Allocation Failure) 284M->199M(490M) 16,468ms
[2019-04-15T15:36:17.771+0200][5222,292s] GC(1066) User=0,04s Sys=0,00s Real=0,01s
[2019-04-15T15:36:18.363+0200][5222,883s] GC(1067) Pause Young (Allocation Failure)
[2019-04-15T15:36:18.363+0200][5222,883s] GC(1067) Using 4 workers of 4 for evacuation
[2019-04-15T15:36:18.388+0200][5222,908s] GC(1067) ParNew: 98680K->12443K(109248K)
[2019-04-15T15:36:18.388+0200][5222,909s] GC(1067) CMS: 192764K->193086K(393216K)
[2019-04-15T15:36:18.388+0200][5222,909s] GC(1067) Metaspace: 84258K->84258K(1126400K)
[2019-04-15T15:36:18.388+0200][5222,909s] GC(1067) Pause Young (Allocation Failure) 284M->200M(490M) 25,430ms
[2019-04-15T15:36:18.388+0200][5222,909s] GC(1067) User=0,05s Sys=0,00s Real=0,03s
[2019-04-15T15:36:18.564+0200][5223,084s] GC(1068) Pause Young (Allocation Failure)
[2019-04-15T15:36:18.564+0200][5223,084s] GC(1068) Using 4 workers of 4 for evacuation
[2019-04-15T15:36:18.590+0200][5223,110s] GC(1068) ParNew: 99867K->13976K(109248K)
[2019-04-15T15:36:18.590+0200][5223,110s] GC(1068) CMS: 193086K->193929K(393216K)
[2019-04-15T15:36:18.590+0200][5223,110s] GC(1068) Metaspace: 84261K->84261K(1126400K)
[2019-04-15T15:36:18.590+0200][5223,110s] GC(1068) Pause Young (Allocation Failure) 286M->203M(490M) 26,309ms
[2019-04-15T15:36:18.590+0200][5223,110s] GC(1068) User=0,05s Sys=0,00s Real=0,03s
[2019-04-15T15:36:18.717+0200][5223,237s] GC(1069) Pause Young (Allocation Failure)
[2019-04-15T15:36:18.717+0200][5223,237s] GC(1069) Using 4 workers of 4 for evacuation
[2019-04-15T15:36:18.742+0200][5223,262s] GC(1069) ParNew: 101400K->12716K(109248K)
[2019-04-15T15:36:18.742+0200][5223,262s] GC(1069) CMS: 193929K->195918K(393216K)
[2019-04-15T15:36:18.742+0200][5223,262s] GC(1069) Metaspace: 84261K->84261K(1126400K)
[2019-04-15T15:36:18.742+0200][5223,262s] GC(1069) Pause Young (Allocation Failure) 288M->203M(490M) 24,997ms
[2019-04-15T15:36:18.742+0200][5223,262s] GC(1069) User=0,04s Sys=0,00s Real=0,02s
[2019-04-15T15:36:19.347+0200][5223,867s] GC(1070) Pause Young (Allocation Failure)
[2019-04-15T15:36:19.347+0200][5223,868s] GC(1070) Using 4 workers of 4 for evacuation
[2019-04-15T15:36:19.371+0200][5223,892s] GC(1070) ParNew: 100140K->15605K(109248K)
[2019-04-15T15:36:19.371+0200][5223,892s] GC(1070) CMS: 195918K->196024K(393216K)
[2019-04-15T15:36:19.371+0200][5223,892s] GC(1070) Metaspace: 84262K->84262K(1126400K)
[2019-04-15T15:36:19.371+0200][5223,892s] GC(1070) Pause Young (Allocation Failure) 289M->206M(490M) 24,162ms
[2019-04-15T15:36:19.371+0200][5223,892s] GC(1070) User=0,03s Sys=0,00s Real=0,02s
[2019-04-15T15:36:20.123+0200][5224,643s] GC(1071) Pause Young (Allocation Failure)
[2019-04-15T15:36:20.123+0200][5224,643s] GC(1071) Using 4 workers of 4 for evacuation
[2019-04-15T15:36:20.148+0200][5224,668s] GC(1071) ParNew: 103029K->12453K(109248K)
[2019-04-15T15:36:20.148+0200][5224,668s] GC(1071) CMS: 196024K->196504K(393216K)
[2019-04-15T15:36:20.148+0200][5224,668s] GC(1071) Metaspace: 84262K->84262K(1126400K)
[2019-04-15T15:36:20.148+0200][5224,668s] GC(1071) Pause Young (Allocation Failure) 292M->204M(490M) 24,698ms
[2019-04-15T15:36:20.148+0200][5224,668s] GC(1071) User=0,03s Sys=0,00s Real=0,03s
[2019-04-15T15:36:21.066+0200][5225,586s] GC(1072) Pause Young (Allocation Failure)
[2019-04-15T15:36:21.066+0200][5225,586s] GC(1072) Using 4 workers of 4 for evacuation
[2019-04-15T15:36:21.083+0200][5225,603s] GC(1072) ParNew: 99877K->13145K(109248K)
[2019-04-15T15:36:21.083+0200][5225,603s] GC(1072) CMS: 196504K->197024K(393216K)
[2019-04-15T15:36:21.083+0200][5225,603s] GC(1072) Metaspace: 84262K->84262K(1126400K)
[2019-04-15T15:36:21.083+0200][5225,603s] GC(1072) Pause Young (Allocation Failure) 289M->205M(490M) 16,947ms
[2019-04-15T15:36:21.083+0200][5225,603s] GC(1072) User=0,03s Sys=0,00s Real=0,01s
[2019-04-15T15:36:21.087+0200][5225,607s] GC(1073) Pause Initial Mark
[2019-04-15T15:36:21.089+0200][5225,609s] GC(1073) Pause Initial Mark 205M->205M(490M) 1,992ms
[2019-04-15T15:36:21.089+0200][5225,609s] GC(1073) User=0,00s Sys=0,00s Real=0,00s
[2019-04-15T15:36:21.089+0200][5225,609s] GC(1073) Concurrent Mark
[2019-04-15T15:36:21.089+0200][5225,609s] GC(1073) Using 4 workers of 4 for marking
[2019-04-15T15:36:21.225+0200][5225,745s] GC(1073) Concurrent Mark 135,984ms
[2019-04-15T15:36:21.225+0200][5225,745s] GC(1073) User=0,24s Sys=0,00s Real=0,14s
[2019-04-15T15:36:21.225+0200][5225,745s] GC(1073) Concurrent Preclean
[2019-04-15T15:36:21.227+0200][5225,747s] GC(1073) Concurrent Preclean 1,635ms
[2019-04-15T15:36:21.227+0200][5225,747s] GC(1073) User=0,00s Sys=0,00s Real=0,00s
[2019-04-15T15:36:21.227+0200][5225,747s] GC(1073) Concurrent Abortable Preclean
[2019-04-15T15:36:21.657+0200][5226,177s] GC(1074) Pause Young (Allocation Failure)
[2019-04-15T15:36:21.657+0200][5226,177s] GC(1074) Using 4 workers of 4 for evacuation
[2019-04-15T15:36:21.676+0200][5226,197s] GC(1073) Concurrent Abortable Preclean 449,657ms
[2019-04-15T15:36:21.676+0200][5226,197s] GC(1073) User=0,37s Sys=0,03s Real=0,45s
[2019-04-15T15:36:21.682+0200][5226,202s] GC(1074) ParNew: 100569K->20165K(109248K)
[2019-04-15T15:36:21.682+0200][5226,202s] GC(1074) CMS: 197024K->197472K(393216K)
[2019-04-15T15:36:21.682+0200][5226,202s] GC(1074) Metaspace: 84262K->84262K(1126400K)
[2019-04-15T15:36:21.682+0200][5226,202s] GC(1074) Pause Young (Allocation Failure) 290M->212M(490M) 24,713ms
[2019-04-15T15:36:21.682+0200][5226,202s] GC(1074) User=0,05s Sys=0,00s Real=0,02s
[2019-04-15T15:36:21.684+0200][5226,204s] GC(1073) Pause Remark
[2019-04-15T15:36:21.684+0200][5226,204s] GC(1075) Pause Young (CMS Final Remark)
[2019-04-15T15:36:21.684+0200][5226,205s] GC(1075) Using 4 workers of 4 for evacuation
[2019-04-15T15:36:21.714+0200][5226,235s] GC(1075) ParNew: 21067K->21566K(109248K)
[2019-04-15T15:36:21.714+0200][5226,235s] GC(1075) CMS: 197472K->198184K(393216K)
[2019-04-15T15:36:21.714+0200][5226,235s] GC(1075) Metaspace: 84262K->84262K(1126400K)
[2019-04-15T15:36:21.714+0200][5226,235s] GC(1075) Pause Young (CMS Final Remark) 213M->214M(490M) 30,145ms
[2019-04-15T15:36:21.714+0200][5226,235s] GC(1075) User=0,04s Sys=0,00s Real=0,04s
[2019-04-15T15:36:21.842+0200][5226,362s] GC(1073) Pause Remark 213M->214M(490M) 158,185ms
[2019-04-15T15:36:21.842+0200][5226,362s] GC(1073) User=0,16s Sys=0,00s Real=0,16s
[2019-04-15T15:36:21.842+0200][5226,362s] GC(1073) Concurrent Sweep
[2019-04-15T15:36:22.026+0200][5226,546s] GC(1073) Concurrent Sweep 183,869ms
[2019-04-15T15:36:22.027+0200][5226,547s] GC(1073) User=0,23s Sys=0,00s Real=0,19s
[2019-04-15T15:36:22.027+0200][5226,547s] GC(1073) Concurrent Reset
[2019-04-15T15:36:22.027+0200][5226,548s] GC(1073) Concurrent Reset 0,483ms
[2019-04-15T15:36:22.027+0200][5226,548s] GC(1073) User=0,00s Sys=0,00s Real=0,00s
[2019-04-15T15:36:22.027+0200][5226,548s] GC(1073) Old: 197024K->129320K(393216K)
[2019-04-15T15:36:22.105+0200][5226,625s] GC(1076) Pause Young (Allocation Failure)
[2019-04-15T15:36:22.105+0200][5226,625s] GC(1076) Using 4 workers of 4 for evacuation
[2019-04-15T15:36:22.143+0200][5226,663s] GC(1076) ParNew: 108990K->21824K(109248K)
[2019-04-15T15:36:22.143+0200][5226,663s] GC(1076) CMS: 129320K->131018K(393216K)
[2019-04-15T15:36:22.143+0200][5226,663s] GC(1076) Metaspace: 84262K->84262K(1126400K)
[2019-04-15T15:36:22.143+0200][5226,663s] GC(1076) Pause Young (Allocation Failure) 232M->149M(490M) 38,175ms
[2019-04-15T15:36:22.143+0200][5226,663s] GC(1076) User=0,05s Sys=0,00s Real=0,04s
[2019-04-15T15:36:22.486+0200][5227,007s] GC(1077) Pause Young (Allocation Failure)
[2019-04-15T15:36:22.486+0200][5227,007s] GC(1077) Using 4 workers of 4 for evacuation
[2019-04-15T15:36:22.513+0200][5227,034s] GC(1077) ParNew: 109128K->16048K(109248K)
[2019-04-15T15:36:22.513+0200][5227,034s] GC(1077) CMS: 131018K->132623K(393216K)
[2019-04-15T15:36:22.513+0200][5227,034s] GC(1077) Metaspace: 84262K->84262K(1126400K)
[2019-04-15T15:36:22.513+0200][5227,034s] GC(1077) Pause Young (Allocation Failure) 234M->145M(490M) 26,919ms
[2019-04-15T15:36:22.513+0200][5227,034s] GC(1077) User=0,04s Sys=0,00s Real=0,03s
[2019-04-15T15:36:22.575+0200][5227,096s] GC(1078) Pause Young (Allocation Failure)
[2019-04-15T15:36:22.575+0200][5227,096s] GC(1078) Using 4 workers of 4 for evacuation
[2019-04-15T15:36:22.590+0200][5227,111s] GC(1078) ParNew: 103472K->18519K(109248K)
[2019-04-15T15:36:22.590+0200][5227,111s] GC(1078) CMS: 132623K->132775K(393216K)
[2019-04-15T15:36:22.590+0200][5227,111s] GC(1078) Metaspace: 84262K->84262K(1126400K)
[2019-04-15T15:36:22.590+0200][5227,111s] GC(1078) Pause Young (Allocation Failure) 230M->147M(490M) 15,209ms
[2019-04-15T15:36:22.590+0200][5227,111s] GC(1078) User=0,03s Sys=0,00s Real=0,01s
[2019-04-15T15:36:22.753+0200][5227,273s] GC(1079) Pause Young (Allocation Failure)
[2019-04-15T15:36:22.753+0200][5227,273s] GC(1079) Using 4 workers of 4 for evacuation
[2019-04-15T15:36:22.771+0200][5227,292s] GC(1079) ParNew: 105943K->12730K(109248K)
[2019-04-15T15:36:22.771+0200][5227,292s] GC(1079) CMS: 132775K->133594K(393216K)
[2019-04-15T15:36:22.771+0200][5227,292s] GC(1079) Metaspace: 84262K->84262K(1126400K)
[2019-04-15T15:36:22.771+0200][5227,292s] GC(1079) Pause Young (Allocation Failure) 233M->142M(490M) 18,570ms
[2019-04-15T15:36:22.771+0200][5227,292s] GC(1079) User=0,05s Sys=0,00s Real=0,02s
[2019-04-15T15:36:22.862+0200][5227,382s] GC(1080) Pause Young (Allocation Failure)
[2019-04-15T15:36:22.862+0200][5227,383s] GC(1080) Using 4 workers of 4 for evacuation
[2019-04-15T15:36:22.880+0200][5227,400s] GC(1080) ParNew: 100154K->14826K(109248K)
[2019-04-15T15:36:22.880+0200][5227,400s] GC(1080) CMS: 133594K->134186K(393216K)
[2019-04-15T15:36:22.880+0200][5227,400s] GC(1080) Metaspace: 84262K->84262K(1126400K)
[2019-04-15T15:36:22.880+0200][5227,400s] GC(1080) Pause Young (Allocation Failure) 228M->145M(490M) 18,028ms
[2019-04-15T15:36:22.880+0200][5227,401s] GC(1080) User=0,03s Sys=0,00s Real=0,02s
[2019-04-15T15:36:22.980+0200][5227,500s] GC(1081) Pause Young (Allocation Failure)
[2019-04-15T15:36:22.980+0200][5227,500s] GC(1081) Using 4 workers of 4 for evacuation
[2019-04-15T15:36:22.996+0200][5227,516s] GC(1081) ParNew: 102250K->14172K(109248K)
[2019-04-15T15:36:22.996+0200][5227,516s] GC(1081) CMS: 134186K->134872K(393216K)
[2019-04-15T15:36:22.996+0200][5227,516s] GC(1081) Metaspace: 84265K->84265K(1126400K)
[2019-04-15T15:36:22.996+0200][5227,516s] GC(1081) Pause Young (Allocation Failure) 230M->145M(490M) 16,154ms
[2019-04-15T15:36:22.996+0200][5227,516s] GC(1081) User=0,04s Sys=0,00s Real=0,02s
[2019-04-15T15:36:23.688+0200][5228,209s] GC(1082) Pause Young (Allocation Failure)
[2019-04-15T15:36:23.689+0200][5228,209s] GC(1082) Using 4 workers of 4 for evacuation
[2019-04-15T15:36:23.712+0200][5228,232s] GC(1082) ParNew: 101596K->16480K(109248K)
[2019-04-15T15:36:23.712+0200][5228,232s] GC(1082) CMS: 134872K->135258K(393216K)
[2019-04-15T15:36:23.712+0200][5228,232s] GC(1082) Metaspace: 84265K->84265K(1126400K)
[2019-04-15T15:36:23.712+0200][5228,232s] GC(1082) Pause Young (Allocation Failure) 230M->148M(490M) 23,227ms
[2019-04-15T15:36:23.712+0200][5228,232s] GC(1082) User=0,04s Sys=0,00s Real=0,02s
[2019-04-15T15:36:24.359+0200][5228,880s] GC(1083) Pause Young (Allocation Failure)
[2019-04-15T15:36:24.359+0200][5228,880s] GC(1083) Using 4 workers of 4 for evacuation
[2019-04-15T15:36:24.374+0200][5228,894s] GC(1083) ParNew: 103904K->14619K(109248K)
[2019-04-15T15:36:24.374+0200][5228,894s] GC(1083) CMS: 135258K->135258K(393216K)
[2019-04-15T15:36:24.374+0200][5228,894s] GC(1083) Metaspace: 84265K->84265K(1126400K)
[2019-04-15T15:36:24.374+0200][5228,894s] GC(1083) Pause Young (Allocation Failure) 233M->146M(490M) 14,644ms
[2019-04-15T15:36:24.374+0200][5228,895s] GC(1083) User=0,03s Sys=0,00s Real=0,02s
[2019-04-15T15:36:24.787+0200][5229,307s] GC(1084) Pause Young (Allocation Failure)
[2019-04-15T15:36:24.787+0200][5229,307s] GC(1084) Using 4 workers of 4 for evacuation
[2019-04-15T15:36:24.808+0200][5229,328s] GC(1084) ParNew: 102043K->18867K(109248K)
[2019-04-15T15:36:24.808+0200][5229,328s] GC(1084) CMS: 135258K->135258K(393216K)
[2019-04-15T15:36:24.808+0200][5229,328s] GC(1084) Metaspace: 84265K->84265K(1126400K)
[2019-04-15T15:36:24.808+0200][5229,328s] GC(1084) Pause Young (Allocation Failure) 231M->150M(490M) 21,049ms
[2019-04-15T15:36:24.808+0200][5229,328s] GC(1084) User=0,05s Sys=0,00s Real=0,02s
[2019-04-15T15:36:25.314+0200][5229,834s] GC(1085) Pause Young (Allocation Failure)
[2019-04-15T15:36:25.314+0200][5229,834s] GC(1085) Using 4 workers of 4 for evacuation
[2019-04-15T15:36:25.334+0200][5229,855s] GC(1085) ParNew: 106291K->21824K(109248K)
[2019-04-15T15:36:25.334+0200][5229,855s] GC(1085) CMS: 135258K->137337K(393216K)
[2019-04-15T15:36:25.334+0200][5229,855s] GC(1085) Metaspace: 84265K->84265K(1126400K)
[2019-04-15T15:36:25.334+0200][5229,855s] GC(1085) Pause Young (Allocation Failure) 235M->155M(490M) 20,190ms
[2019-04-15T15:36:25.334+0200][5229,855s] GC(1085) User=0,03s Sys=0,00s Real=0,02s
[2019-04-15T15:36:25.502+0200][5230,023s] GC(1086) Pause Young (Allocation Failure)
[2019-04-15T15:36:25.502+0200][5230,023s] GC(1086) Using 4 workers of 4 for evacuation
[2019-04-15T15:36:25.532+0200][5230,052s] GC(1086) ParNew: 109248K->21824K(109248K)
[2019-04-15T15:36:25.532+0200][5230,053s] GC(1086) CMS: 137337K->144528K(393216K)
[2019-04-15T15:36:25.532+0200][5230,053s] GC(1086) Metaspace: 84265K->84265K(1126400K)
[2019-04-15T15:36:25.532+0200][5230,053s] GC(1086) Pause Young (Allocation Failure) 240M->162M(490M) 29,991ms
[2019-04-15T15:36:25.532+0200][5230,053s] GC(1086) User=0,06s Sys=0,00s Real=0,03s
[2019-04-15T15:36:25.938+0200][5230,459s] GC(1087) Pause Young (Allocation Failure)
[2019-04-15T15:36:25.939+0200][5230,459s] GC(1087) Using 4 workers of 4 for evacuation
[2019-04-15T15:36:25.980+0200][5230,501s] GC(1087) ParNew: 109248K->21824K(109248K)
[2019-04-15T15:36:25.980+0200][5230,501s] GC(1087) CMS: 144528K->151965K(393216K)
[2019-04-15T15:36:25.980+0200][5230,501s] GC(1087) Metaspace: 84267K->84267K(1126400K)
[2019-04-15T15:36:25.980+0200][5230,501s] GC(1087) Pause Young (Allocation Failure) 247M->169M(490M) 41,919ms
[2019-04-15T15:36:25.980+0200][5230,501s] GC(1087) User=0,08s Sys=0,00s Real=0,04s
[2019-04-15T15:36:26.197+0200][5230,717s] GC(1088) Pause Young (Allocation Failure)
[2019-04-15T15:36:26.197+0200][5230,717s] GC(1088) Using 4 workers of 4 for evacuation
[2019-04-15T15:36:26.246+0200][5230,766s] GC(1088) ParNew: 109248K->21824K(109248K)
[2019-04-15T15:36:26.246+0200][5230,766s] GC(1088) CMS: 151965K->155078K(393216K)
[2019-04-15T15:36:26.246+0200][5230,766s] GC(1088) Metaspace: 84267K->84267K(1126400K)
[2019-04-15T15:36:26.246+0200][5230,766s] GC(1088) Pause Young (Allocation Failure) 255M->172M(490M) 49,157ms
[2019-04-15T15:36:26.246+0200][5230,766s] GC(1088) User=0,08s Sys=0,00s Real=0,05s
[2019-04-15T15:36:26.711+0200][5231,232s] GC(1089) Pause Young (Allocation Failure)
[2019-04-15T15:36:26.712+0200][5231,232s] GC(1089) Using 4 workers of 4 for evacuation
[2019-04-15T15:36:26.760+0200][5231,280s] GC(1089) ParNew: 109248K->21824K(109248K)
[2019-04-15T15:36:26.760+0200][5231,280s] GC(1089) CMS: 155078K->156109K(393216K)
[2019-04-15T15:36:26.760+0200][5231,280s] GC(1089) Metaspace: 84267K->84267K(1126400K)
[2019-04-15T15:36:26.760+0200][5231,280s] GC(1089) Pause Young (Allocation Failure) 258M->173M(490M) 48,497ms
[2019-04-15T15:36:26.760+0200][5231,280s] GC(1089) User=0,10s Sys=0,00s Real=0,05s
[2019-04-15T15:36:27.118+0200][5231,638s] GC(1090) Pause Young (Allocation Failure)
[2019-04-15T15:36:27.118+0200][5231,638s] GC(1090) Using 4 workers of 4 for evacuation
[2019-04-15T15:36:27.156+0200][5231,676s] GC(1090) ParNew: 109248K->21824K(109248K)
[2019-04-15T15:36:27.156+0200][5231,676s] GC(1090) CMS: 156109K->156109K(393216K)
[2019-04-15T15:36:27.156+0200][5231,676s] GC(1090) Metaspace: 84267K->84267K(1126400K)
[2019-04-15T15:36:27.156+0200][5231,676s] GC(1090) Pause Young (Allocation Failure) 259M->173M(490M) 38,329ms
[2019-04-15T15:36:27.156+0200][5231,676s] GC(1090) User=0,03s Sys=0,00s Real=0,04s
[2019-04-15T15:36:27.183+0200][5231,704s] GC(1091) Pause Young (Allocation Failure)
[2019-04-15T15:36:27.183+0200][5231,704s] GC(1091) Using 4 workers of 4 for evacuation
[2019-04-15T15:36:27.220+0200][5231,741s] GC(1091) ParNew: 109093K->20175K(109248K)
[2019-04-15T15:36:27.220+0200][5231,741s] GC(1091) CMS: 156109K->157539K(393216K)
[2019-04-15T15:36:27.220+0200][5231,741s] GC(1091) Metaspace: 84268K->84268K(1126400K)
[2019-04-15T15:36:27.220+0200][5231,741s] GC(1091) Pause Young (Allocation Failure) 258M->173M(490M) 37,240ms
[2019-04-15T15:36:27.221+0200][5231,741s] GC(1091) User=0,03s Sys=0,00s Real=0,04s
[2019-04-15T15:36:27.246+0200][5231,766s] GC(1092) Pause Young (Allocation Failure)
[2019-04-15T15:36:27.246+0200][5231,766s] GC(1092) Using 4 workers of 4 for evacuation
[2019-04-15T15:36:27.281+0200][5231,801s] GC(1092) ParNew: 107544K->17165K(109248K)
[2019-04-15T15:36:27.281+0200][5231,801s] GC(1092) CMS: 157539K->159758K(393216K)
[2019-04-15T15:36:27.281+0200][5231,801s] GC(1092) Metaspace: 84268K->84268K(1126400K)
[2019-04-15T15:36:27.281+0200][5231,801s] GC(1092) Pause Young (Allocation Failure) 258M->172M(490M) 35,169ms
[2019-04-15T15:36:27.281+0200][5231,801s] GC(1092) User=0,04s Sys=0,00s Real=0,03s
[2019-04-15T15:36:27.541+0200][5232,061s] GC(1093) Pause Young (Allocation Failure)
[2019-04-15T15:36:27.541+0200][5232,062s] GC(1093) Using 4 workers of 4 for evacuation
[2019-04-15T15:36:27.619+0200][5232,139s] GC(1093) ParNew: 104589K->13754K(109248K)
[2019-04-15T15:36:27.619+0200][5232,139s] GC(1093) CMS: 159758K->163604K(393216K)
[2019-04-15T15:36:27.619+0200][5232,139s] GC(1093) Metaspace: 84268K->84268K(1126400K)
[2019-04-15T15:36:27.619+0200][5232,139s] GC(1093) Pause Young (Allocation Failure) 258M->173M(490M) 77,715ms
[2019-04-15T15:36:27.619+0200][5232,139s] GC(1093) User=0,09s Sys=0,00s Real=0,08s
[2019-04-15T15:36:27.862+0200][5232,383s] GC(1094) Pause Young (Allocation Failure)
[2019-04-15T15:36:27.863+0200][5232,383s] GC(1094) Using 4 workers of 4 for evacuation
[2019-04-15T15:36:27.890+0200][5232,410s] GC(1094) ParNew: 101178K->9957K(109248K)
[2019-04-15T15:36:27.890+0200][5232,410s] GC(1094) CMS: 163604K->164968K(393216K)
[2019-04-15T15:36:27.890+0200][5232,410s] GC(1094) Metaspace: 84269K->84269K(1126400K)
[2019-04-15T15:36:27.890+0200][5232,410s] GC(1094) Pause Young (Allocation Failure) 258M->170M(490M) 27,743ms
[2019-04-15T15:36:27.890+0200][5232,410s] GC(1094) User=0,06s Sys=0,00s Real=0,03s
[2019-04-15T15:36:28.202+0200][5232,723s] GC(1095) Pause Young (Allocation Failure)
[2019-04-15T15:36:28.202+0200][5232,723s] GC(1095) Using 4 workers of 4 for evacuation
[2019-04-15T15:36:28.231+0200][5232,752s] GC(1095) ParNew: 97381K->9709K(109248K)
[2019-04-15T15:36:28.231+0200][5232,752s] GC(1095) CMS: 164968K->169562K(393216K)
[2019-04-15T15:36:28.231+0200][5232,752s] GC(1095) Metaspace: 84269K->84269K(1126400K)
[2019-04-15T15:36:28.231+0200][5232,752s] GC(1095) Pause Young (Allocation Failure) 256M->175M(490M) 29,043ms
[2019-04-15T15:36:28.232+0200][5232,752s] GC(1095) User=0,03s Sys=0,00s Real=0,03s
[2019-04-15T15:36:28.496+0200][5233,017s] GC(1096) Pause Young (Allocation Failure)
[2019-04-15T15:36:28.496+0200][5233,017s] GC(1096) Using 4 workers of 4 for evacuation
[2019-04-15T15:36:28.514+0200][5233,035s] GC(1096) ParNew: 97133K->9150K(109248K)
[2019-04-15T15:36:28.514+0200][5233,035s] GC(1096) CMS: 169562K->169602K(393216K)
[2019-04-15T15:36:28.514+0200][5233,035s] GC(1096) Metaspace: 84269K->84269K(1126400K)
[2019-04-15T15:36:28.514+0200][5233,035s] GC(1096) Pause Young (Allocation Failure) 260M->174M(490M) 18,231ms
[2019-04-15T15:36:28.514+0200][5233,035s] GC(1096) User=0,03s Sys=0,00s Real=0,02s
[2019-04-15T15:36:28.778+0200][5233,298s] GC(1097) Pause Young (Allocation Failure)
[2019-04-15T15:36:28.778+0200][5233,298s] GC(1097) Using 4 workers of 4 for evacuation
[2019-04-15T15:36:28.788+0200][5233,309s] GC(1097) ParNew: 96574K->6895K(109248K)
[2019-04-15T15:36:28.788+0200][5233,309s] GC(1097) CMS: 169602K->169624K(393216K)
[2019-04-15T15:36:28.788+0200][5233,309s] GC(1097) Metaspace: 84274K->84274K(1126400K)
[2019-04-15T15:36:28.788+0200][5233,309s] GC(1097) Pause Young (Allocation Failure) 259M->172M(490M) 10,869ms
[2019-04-15T15:36:28.788+0200][5233,309s] GC(1097) User=0,03s Sys=0,00s Real=0,01s
[2019-04-15T15:36:29.114+0200][5233,634s] GC(1098) Pause Young (Allocation Failure)
[2019-04-15T15:36:29.114+0200][5233,634s] GC(1098) Using 4 workers of 4 for evacuation
[2019-04-15T15:36:29.130+0200][5233,650s] GC(1098) ParNew: 94319K->11631K(109248K)
[2019-04-15T15:36:29.130+0200][5233,650s] GC(1098) CMS: 169624K->170150K(393216K)
[2019-04-15T15:36:29.130+0200][5233,650s] GC(1098) Metaspace: 84275K->84275K(1126400K)
[2019-04-15T15:36:29.130+0200][5233,650s] GC(1098) Pause Young (Allocation Failure) 257M->177M(490M) 16,097ms
[2019-04-15T15:36:29.130+0200][5233,650s] GC(1098) User=0,03s Sys=0,00s Real=0,01s
[2019-04-15T15:36:29.338+0200][5233,859s] GC(1099) Pause Young (Allocation Failure)
[2019-04-15T15:36:29.338+0200][5233,859s] GC(1099) Using 4 workers of 4 for evacuation
[2019-04-15T15:36:29.352+0200][5233,873s] GC(1099) ParNew: 99055K->17081K(109248K)
[2019-04-15T15:36:29.352+0200][5233,873s] GC(1099) CMS: 170150K->170209K(393216K)
[2019-04-15T15:36:29.352+0200][5233,873s] GC(1099) Metaspace: 84275K->84275K(1126400K)
[2019-04-15T15:36:29.352+0200][5233,873s] GC(1099) Pause Young (Allocation Failure) 262M->182M(490M) 14,121ms
[2019-04-15T15:36:29.352+0200][5233,873s] GC(1099) User=0,03s Sys=0,00s Real=0,01s
[2019-04-15T15:36:29.493+0200][5234,013s] GC(1100) Pause Young (Allocation Failure)
[2019-04-15T15:36:29.493+0200][5234,013s] GC(1100) Using 4 workers of 4 for evacuation
[2019-04-15T15:36:29.518+0200][5234,038s] GC(1100) ParNew: 104505K->20296K(109248K)
[2019-04-15T15:36:29.518+0200][5234,038s] GC(1100) CMS: 170209K->170243K(393216K)
[2019-04-15T15:36:29.518+0200][5234,038s] GC(1100) Metaspace: 84275K->84275K(1126400K)
[2019-04-15T15:36:29.518+0200][5234,038s] GC(1100) Pause Young (Allocation Failure) 268M->186M(490M) 24,907ms
[2019-04-15T15:36:29.518+0200][5234,038s] GC(1100) User=0,04s Sys=0,00s Real=0,02s
[2019-04-15T15:36:29.711+0200][5234,232s] GC(1101) Pause Young (Allocation Failure)
[2019-04-15T15:36:29.711+0200][5234,232s] GC(1101) Using 4 workers of 4 for evacuation
[2019-04-15T15:36:29.723+0200][5234,244s] GC(1101) ParNew: 107720K->21824K(109248K)
[2019-04-15T15:36:29.723+0200][5234,244s] GC(1101) CMS: 170243K->170477K(393216K)
[2019-04-15T15:36:29.723+0200][5234,244s] GC(1101) Metaspace: 84275K->84275K(1126400K)
[2019-04-15T15:36:29.724+0200][5234,244s] GC(1101) Pause Young (Allocation Failure) 271M->187M(490M) 12,424ms
[2019-04-15T15:36:29.724+0200][5234,244s] GC(1101) User=0,03s Sys=0,00s Real=0,01s
[2019-04-15T15:36:29.933+0200][5234,453s] GC(1102) Pause Young (Allocation Failure)
[2019-04-15T15:36:29.933+0200][5234,453s] GC(1102) Using 4 workers of 4 for evacuation
[2019-04-15T15:36:29.960+0200][5234,480s] GC(1102) ParNew: 109248K->21824K(109248K)
[2019-04-15T15:36:29.960+0200][5234,480s] GC(1102) CMS: 170477K->171868K(393216K)
[2019-04-15T15:36:29.960+0200][5234,480s] GC(1102) Metaspace: 84275K->84275K(1126400K)
[2019-04-15T15:36:29.960+0200][5234,480s] GC(1102) Pause Young (Allocation Failure) 273M->189M(490M) 26,822ms
[2019-04-15T15:36:29.960+0200][5234,480s] GC(1102) User=0,05s Sys=0,00s Real=0,03s
[2019-04-15T15:36:30.138+0200][5234,659s] GC(1103) Pause Young (Allocation Failure)
[2019-04-15T15:36:30.138+0200][5234,659s] GC(1103) Using 4 workers of 4 for evacuation
[2019-04-15T15:36:30.187+0200][5234,707s] GC(1103) ParNew: 109248K->21824K(109248K)
[2019-04-15T15:36:30.187+0200][5234,707s] GC(1103) CMS: 171868K->173484K(393216K)
[2019-04-15T15:36:30.187+0200][5234,707s] GC(1103) Metaspace: 84275K->84275K(1126400K)
[2019-04-15T15:36:30.187+0200][5234,707s] GC(1103) Pause Young (Allocation Failure) 274M->190M(490M) 48,444ms
[2019-04-15T15:36:30.187+0200][5234,707s] GC(1103) User=0,06s Sys=0,00s Real=0,05s
[2019-04-15T15:36:30.441+0200][5234,961s] GC(1104) Pause Young (Allocation Failure)
[2019-04-15T15:36:30.441+0200][5234,961s] GC(1104) Using 4 workers of 4 for evacuation
[2019-04-15T15:36:30.487+0200][5235,008s] GC(1104) ParNew: 109248K->21824K(109248K)
[2019-04-15T15:36:30.487+0200][5235,008s] GC(1104) CMS: 173484K->174160K(393216K)
[2019-04-15T15:36:30.487+0200][5235,008s] GC(1104) Metaspace: 84277K->84277K(1126400K)
[2019-04-15T15:36:30.487+0200][5235,008s] GC(1104) Pause Young (Allocation Failure) 276M->191M(490M) 46,393ms
[2019-04-15T15:36:30.487+0200][5235,008s] GC(1104) User=0,05s Sys=0,00s Real=0,05s
[2019-04-15T15:36:30.825+0200][5235,346s] GC(1105) Pause Young (Allocation Failure)
[2019-04-15T15:36:30.826+0200][5235,346s] GC(1105) Using 4 workers of 4 for evacuation
[2019-04-15T15:36:30.868+0200][5235,389s] GC(1105) ParNew: 109248K->21824K(109248K)
[2019-04-15T15:36:30.868+0200][5235,389s] GC(1105) CMS: 174160K->178774K(393216K)
[2019-04-15T15:36:30.868+0200][5235,389s] GC(1105) Metaspace: 84277K->84277K(1126400K)
[2019-04-15T15:36:30.869+0200][5235,389s] GC(1105) Pause Young (Allocation Failure) 276M->195M(490M) 43,154ms
[2019-04-15T15:36:30.869+0200][5235,389s] GC(1105) User=0,04s Sys=0,00s Real=0,04s
[2019-04-15T15:36:31.083+0200][5235,604s] GC(1106) Pause Young (Allocation Failure)
[2019-04-15T15:36:31.083+0200][5235,604s] GC(1106) Using 4 workers of 4 for evacuation
[2019-04-15T15:36:31.164+0200][5235,684s] GC(1106) ParNew: 109248K->21824K(109248K)
[2019-04-15T15:36:31.164+0200][5235,684s] GC(1106) CMS: 178774K->201478K(393216K)
[2019-04-15T15:36:31.164+0200][5235,684s] GC(1106) Metaspace: 84277K->84277K(1126400K)
[2019-04-15T15:36:31.164+0200][5235,684s] GC(1106) Pause Young (Allocation Failure) 281M->218M(490M) 80,421ms
[2019-04-15T15:36:31.164+0200][5235,684s] GC(1106) User=0,15s Sys=0,01s Real=0,08s
[2019-04-15T15:36:31.167+0200][5235,688s] GC(1107) Pause Initial Mark
[2019-04-15T15:36:31.178+0200][5235,698s] GC(1107) Pause Initial Mark 219M->219M(490M) 10,593ms
[2019-04-15T15:36:31.178+0200][5235,699s] GC(1107) User=0,02s Sys=0,00s Real=0,01s
[2019-04-15T15:36:31.178+0200][5235,699s] GC(1107) Concurrent Mark
[2019-04-15T15:36:31.178+0200][5235,699s] GC(1107) Using 4 workers of 4 for marking
[2019-04-15T15:36:31.281+0200][5235,801s] GC(1107) Concurrent Mark 102,786ms
[2019-04-15T15:36:31.281+0200][5235,801s] GC(1107) User=0,23s Sys=0,00s Real=0,10s
[2019-04-15T15:36:31.281+0200][5235,801s] GC(1107) Concurrent Preclean
[2019-04-15T15:36:31.283+0200][5235,803s] GC(1107) Concurrent Preclean 1,832ms
[2019-04-15T15:36:31.283+0200][5235,803s] GC(1107) User=0,00s Sys=0,00s Real=0,00s
[2019-04-15T15:36:31.283+0200][5235,803s] GC(1107) Concurrent Abortable Preclean
[2019-04-15T15:36:31.564+0200][5236,085s] GC(1108) Pause Young (Allocation Failure)
[2019-04-15T15:36:31.564+0200][5236,085s] GC(1108) Using 4 workers of 4 for evacuation
[2019-04-15T15:36:31.610+0200][5236,130s] GC(1108) ParNew: 109248K->21824K(109248K)
[2019-04-15T15:36:31.610+0200][5236,130s] GC(1108) CMS: 201478K->208892K(393216K)
[2019-04-15T15:36:31.610+0200][5236,130s] GC(1108) Metaspace: 84277K->84277K(1126400K)
[2019-04-15T15:36:31.610+0200][5236,130s] GC(1108) Pause Young (Allocation Failure) 303M->225M(490M) 45,415ms
[2019-04-15T15:36:31.610+0200][5236,130s] GC(1108) User=0,09s Sys=0,00s Real=0,05s
[2019-04-15T15:36:31.951+0200][5236,472s] GC(1109) Pause Young (Allocation Failure)
[2019-04-15T15:36:31.951+0200][5236,472s] GC(1109) Using 4 workers of 4 for evacuation
[2019-04-15T15:36:31.985+0200][5236,506s] GC(1109) ParNew: 109248K->21824K(109248K)
[2019-04-15T15:36:31.985+0200][5236,506s] GC(1109) CMS: 208892K->215024K(393216K)
[2019-04-15T15:36:31.985+0200][5236,506s] GC(1109) Metaspace: 84277K->84277K(1126400K)
[2019-04-15T15:36:31.985+0200][5236,506s] GC(1109) Pause Young (Allocation Failure) 310M->231M(490M) 34,051ms
[2019-04-15T15:36:31.985+0200][5236,506s] GC(1109) User=0,07s Sys=0,00s Real=0,04s
[2019-04-15T15:36:31.997+0200][5236,517s] GC(1107) Concurrent Abortable Preclean 713,687ms
[2019-04-15T15:36:31.997+0200][5236,517s] GC(1107) User=1,15s Sys=0,00s Real=0,72s
[2019-04-15T15:36:31.997+0200][5236,517s] GC(1107) Pause Remark
[2019-04-15T15:36:31.997+0200][5236,517s] GC(1110) Pause Young (CMS Final Remark)
[2019-04-15T15:36:31.997+0200][5236,517s] GC(1110) Using 4 workers of 4 for evacuation
[2019-04-15T15:36:32.040+0200][5236,561s] GC(1110) ParNew: 25223K->20087K(109248K)
[2019-04-15T15:36:32.040+0200][5236,561s] GC(1110) CMS: 215024K->226845K(393216K)
[2019-04-15T15:36:32.040+0200][5236,561s] GC(1110) Metaspace: 84277K->84277K(1126400K)
[2019-04-15T15:36:32.040+0200][5236,561s] GC(1110) Pause Young (CMS Final Remark) 234M->241M(490M) 43,283ms
[2019-04-15T15:36:32.040+0200][5236,561s] GC(1110) User=0,07s Sys=0,00s Real=0,04s
[2019-04-15T15:36:32.099+0200][5236,619s] GC(1107) Pause Remark 234M->241M(490M) 102,019ms
[2019-04-15T15:36:32.099+0200][5236,619s] GC(1107) User=0,15s Sys=0,00s Real=0,10s
[2019-04-15T15:36:32.099+0200][5236,620s] GC(1107) Concurrent Sweep
[2019-04-15T15:36:32.258+0200][5236,779s] GC(1107) Concurrent Sweep 159,047ms
[2019-04-15T15:36:32.258+0200][5236,779s] GC(1107) User=0,27s Sys=0,00s Real=0,16s
[2019-04-15T15:36:32.258+0200][5236,779s] GC(1107) Concurrent Reset
[2019-04-15T15:36:32.259+0200][5236,779s] GC(1107) Concurrent Reset 0,567ms
[2019-04-15T15:36:32.259+0200][5236,779s] GC(1107) User=0,00s Sys=0,00s Real=0,00s
[2019-04-15T15:36:32.259+0200][5236,779s] GC(1107) Old: 201478K->179782K(393216K)
[2019-04-15T15:36:32.302+0200][5236,823s] GC(1111) Pause Young (Allocation Failure)
[2019-04-15T15:36:32.302+0200][5236,823s] GC(1111) Using 4 workers of 4 for evacuation
[2019-04-15T15:36:32.332+0200][5236,852s] GC(1111) ParNew: 107511K->15986K(109248K)
[2019-04-15T15:36:32.332+0200][5236,852s] GC(1111) CMS: 179782K->179782K(393216K)
[2019-04-15T15:36:32.332+0200][5236,852s] GC(1111) Metaspace: 84277K->84277K(1126400K)
[2019-04-15T15:36:32.332+0200][5236,853s] GC(1111) Pause Young (Allocation Failure) 280M->191M(490M) 30,189ms
[2019-04-15T15:36:32.333+0200][5236,853s] GC(1111) User=0,07s Sys=0,00s Real=0,03s
[2019-04-15T15:36:32.678+0200][5237,198s] GC(1112) Pause Young (Allocation Failure)
[2019-04-15T15:36:32.678+0200][5237,198s] GC(1112) Using 4 workers of 4 for evacuation
[2019-04-15T15:36:32.718+0200][5237,239s] GC(1112) ParNew: 103410K->21824K(109248K)
[2019-04-15T15:36:32.719+0200][5237,239s] GC(1112) CMS: 179782K->179788K(393216K)
[2019-04-15T15:36:32.719+0200][5237,239s] GC(1112) Metaspace: 84277K->84277K(1126400K)
[2019-04-15T15:36:32.719+0200][5237,239s] GC(1112) Pause Young (Allocation Failure) 276M->196M(490M) 40,651ms
[2019-04-15T15:36:32.719+0200][5237,239s] GC(1112) User=0,06s Sys=0,01s Real=0,04s
[2019-04-15T15:36:32.948+0200][5237,469s] GC(1113) Pause Young (Allocation Failure)
[2019-04-15T15:36:32.949+0200][5237,469s] GC(1113) Using 4 workers of 4 for evacuation
[2019-04-15T15:36:32.968+0200][5237,489s] GC(1113) ParNew: 109248K->21824K(109248K)
[2019-04-15T15:36:32.968+0200][5237,489s] GC(1113) CMS: 179788K->180002K(393216K)
[2019-04-15T15:36:32.968+0200][5237,489s] GC(1113) Metaspace: 84278K->84278K(1126400K)
[2019-04-15T15:36:32.968+0200][5237,489s] GC(1113) Pause Young (Allocation Failure) 282M->197M(490M) 19,980ms
[2019-04-15T15:36:32.968+0200][5237,489s] GC(1113) User=0,05s Sys=0,00s Real=0,02s
[2019-04-15T15:36:33.209+0200][5237,730s] GC(1114) Pause Young (Allocation Failure)
[2019-04-15T15:36:33.209+0200][5237,730s] GC(1114) Using 4 workers of 4 for evacuation
[2019-04-15T15:36:33.235+0200][5237,755s] GC(1114) ParNew: 109248K->21824K(109248K)
[2019-04-15T15:36:33.235+0200][5237,755s] GC(1114) CMS: 180002K->182553K(393216K)
[2019-04-15T15:36:33.235+0200][5237,755s] GC(1114) Metaspace: 84278K->84278K(1126400K)
[2019-04-15T15:36:33.235+0200][5237,755s] GC(1114) Pause Young (Allocation Failure) 282M->199M(490M) 25,426ms
[2019-04-15T15:36:33.235+0200][5237,755s] GC(1114) User=0,06s Sys=0,00s Real=0,03s
[2019-04-15T15:36:33.397+0200][5237,917s] GC(1115) Pause Young (Allocation Failure)
[2019-04-15T15:36:33.397+0200][5237,917s] GC(1115) Using 4 workers of 4 for evacuation
[2019-04-15T15:36:33.428+0200][5237,948s] GC(1115) ParNew: 109248K->21824K(109248K)
[2019-04-15T15:36:33.428+0200][5237,948s] GC(1115) CMS: 182553K->186773K(393216K)
[2019-04-15T15:36:33.428+0200][5237,948s] GC(1115) Metaspace: 84278K->84278K(1126400K)
[2019-04-15T15:36:33.428+0200][5237,948s] GC(1115) Pause Young (Allocation Failure) 284M->203M(490M) 31,049ms
[2019-04-15T15:36:33.428+0200][5237,948s] GC(1115) User=0,08s Sys=0,00s Real=0,03s
[2019-04-15T15:36:33.562+0200][5238,083s] GC(1116) Pause Young (Allocation Failure)
[2019-04-15T15:36:33.563+0200][5238,083s] GC(1116) Using 4 workers of 4 for evacuation
[2019-04-15T15:36:33.594+0200][5238,115s] GC(1116) ParNew: 109248K->21824K(109248K)
[2019-04-15T15:36:33.594+0200][5238,115s] GC(1116) CMS: 186773K->188665K(393216K)
[2019-04-15T15:36:33.594+0200][5238,115s] GC(1116) Metaspace: 84278K->84278K(1126400K)
[2019-04-15T15:36:33.594+0200][5238,115s] GC(1116) Pause Young (Allocation Failure) 289M->205M(490M) 31,661ms
[2019-04-15T15:36:33.594+0200][5238,115s] GC(1116) User=0,07s Sys=0,00s Real=0,04s
[2019-04-15T15:36:33.718+0200][5238,238s] GC(1117) Pause Young (Allocation Failure)
[2019-04-15T15:36:33.718+0200][5238,238s] GC(1117) Using 4 workers of 4 for evacuation
[2019-04-15T15:36:33.749+0200][5238,270s] GC(1117) ParNew: 109248K->21824K(109248K)
[2019-04-15T15:36:33.750+0200][5238,270s] GC(1117) CMS: 188665K->192939K(393216K)
[2019-04-15T15:36:33.750+0200][5238,270s] GC(1117) Metaspace: 84278K->84278K(1126400K)
[2019-04-15T15:36:33.750+0200][5238,270s] GC(1117) Pause Young (Allocation Failure) 290M->209M(490M) 31,598ms
[2019-04-15T15:36:33.750+0200][5238,270s] GC(1117) User=0,08s Sys=0,00s Real=0,03s
[2019-04-15T15:36:33.898+0200][5238,419s] GC(1118) Pause Young (Allocation Failure)
[2019-04-15T15:36:33.898+0200][5238,419s] GC(1118) Using 4 workers of 4 for evacuation
[2019-04-15T15:36:33.959+0200][5238,480s] GC(1118) ParNew: 109248K->21824K(109248K)
[2019-04-15T15:36:33.960+0200][5238,480s] GC(1118) CMS: 192939K->198017K(393216K)
[2019-04-15T15:36:33.960+0200][5238,480s] GC(1118) Metaspace: 84278K->84278K(1126400K)
[2019-04-15T15:36:33.960+0200][5238,480s] GC(1118) Pause Young (Allocation Failure) 295M->214M(490M) 61,189ms
[2019-04-15T15:36:33.960+0200][5238,480s] GC(1118) User=0,10s Sys=0,00s Real=0,06s
[2019-04-15T15:36:33.964+0200][5238,484s] GC(1119) Pause Initial Mark
[2019-04-15T15:36:33.982+0200][5238,502s] GC(1119) Pause Initial Mark 218M->218M(490M) 17,973ms
[2019-04-15T15:36:33.982+0200][5238,502s] GC(1119) User=0,03s Sys=0,00s Real=0,02s
[2019-04-15T15:36:33.982+0200][5238,503s] GC(1119) Concurrent Mark
[2019-04-15T15:36:33.982+0200][5238,503s] GC(1119) Using 4 workers of 4 for marking
[2019-04-15T15:36:34.176+0200][5238,697s] GC(1120) Pause Young (Allocation Failure)
[2019-04-15T15:36:34.176+0200][5238,697s] GC(1120) Using 4 workers of 4 for evacuation
[2019-04-15T15:36:34.223+0200][5238,743s] GC(1120) ParNew: 109248K->21824K(109248K)
[2019-04-15T15:36:34.223+0200][5238,743s] GC(1120) CMS: 198017K->201588K(393216K)
[2019-04-15T15:36:34.223+0200][5238,743s] GC(1120) Metaspace: 84278K->84278K(1126400K)
[2019-04-15T15:36:34.223+0200][5238,743s] GC(1120) Pause Young (Allocation Failure) 300M->218M(490M) 46,975ms
[2019-04-15T15:36:34.223+0200][5238,744s] GC(1120) User=0,09s Sys=0,00s Real=0,04s
[2019-04-15T15:36:34.268+0200][5238,788s] GC(1119) Concurrent Mark 285,827ms
[2019-04-15T15:36:34.268+0200][5238,788s] GC(1119) User=0,49s Sys=0,00s Real=0,29s
[2019-04-15T15:36:34.268+0200][5238,788s] GC(1119) Concurrent Preclean
[2019-04-15T15:36:34.278+0200][5238,799s] GC(1119) Concurrent Preclean 10,252ms
[2019-04-15T15:36:34.278+0200][5238,799s] GC(1119) User=0,01s Sys=0,00s Real=0,01s
[2019-04-15T15:36:34.278+0200][5238,799s] GC(1119) Concurrent Abortable Preclean
[2019-04-15T15:36:34.440+0200][5238,961s] GC(1121) Pause Young (Allocation Failure)
[2019-04-15T15:36:34.441+0200][5238,961s] GC(1121) Using 4 workers of 4 for evacuation
[2019-04-15T15:36:34.501+0200][5239,021s] GC(1121) ParNew: 109248K->21824K(109248K)
[2019-04-15T15:36:34.501+0200][5239,021s] GC(1121) CMS: 201588K->207965K(393216K)
[2019-04-15T15:36:34.501+0200][5239,021s] GC(1121) Metaspace: 84278K->84278K(1126400K)
[2019-04-15T15:36:34.501+0200][5239,021s] GC(1121) Pause Young (Allocation Failure) 303M->224M(490M) 60,238ms
[2019-04-15T15:36:34.501+0200][5239,021s] GC(1121) User=0,10s Sys=0,00s Real=0,06s
[2019-04-15T15:36:34.674+0200][5239,194s] GC(1122) Pause Young (Allocation Failure)
[2019-04-15T15:36:34.674+0200][5239,194s] GC(1122) Using 4 workers of 4 for evacuation
[2019-04-15T15:36:34.725+0200][5239,246s] GC(1122) ParNew: 109248K->21824K(109248K)
[2019-04-15T15:36:34.725+0200][5239,246s] GC(1122) CMS: 207965K->213810K(393216K)
[2019-04-15T15:36:34.725+0200][5239,246s] GC(1122) Metaspace: 84278K->84278K(1126400K)
[2019-04-15T15:36:34.725+0200][5239,246s] GC(1122) Pause Young (Allocation Failure) 309M->230M(490M) 51,867ms
[2019-04-15T15:36:34.725+0200][5239,246s] GC(1122) User=0,09s Sys=0,01s Real=0,05s
[2019-04-15T15:36:34.739+0200][5239,259s] GC(1119) Concurrent Abortable Preclean 460,334ms
[2019-04-15T15:36:34.739+0200][5239,259s] GC(1119) User=0,66s Sys=0,01s Real=0,46s
[2019-04-15T15:36:34.739+0200][5239,259s] GC(1119) Pause Remark
[2019-04-15T15:36:34.739+0200][5239,260s] GC(1123) Pause Young (CMS Final Remark)
[2019-04-15T15:36:34.739+0200][5239,260s] GC(1123) Using 4 workers of 4 for evacuation
[2019-04-15T15:36:34.786+0200][5239,307s] GC(1123) ParNew: 30561K->21824K(109248K)
[2019-04-15T15:36:34.786+0200][5239,307s] GC(1123) CMS: 213810K->218035K(393216K)
[2019-04-15T15:36:34.786+0200][5239,307s] GC(1123) Metaspace: 84278K->84278K(1126400K)
[2019-04-15T15:36:34.787+0200][5239,307s] GC(1123) Pause Young (CMS Final Remark) 238M->234M(490M) 47,429ms
[2019-04-15T15:36:34.787+0200][5239,307s] GC(1123) User=0,07s Sys=0,00s Real=0,05s
[2019-04-15T15:36:34.855+0200][5239,375s] GC(1119) Pause Remark 238M->234M(490M) 115,632ms
[2019-04-15T15:36:34.855+0200][5239,375s] GC(1119) User=0,16s Sys=0,00s Real=0,12s
[2019-04-15T15:36:34.855+0200][5239,375s] GC(1119) Concurrent Sweep
[2019-04-15T15:36:34.958+0200][5239,478s] GC(1119) Concurrent Sweep 103,083ms
[2019-04-15T15:36:34.958+0200][5239,478s] GC(1119) User=0,18s Sys=0,00s Real=0,10s
[2019-04-15T15:36:34.958+0200][5239,478s] GC(1119) Concurrent Reset
[2019-04-15T15:36:34.958+0200][5239,479s] GC(1119) Concurrent Reset 0,460ms
[2019-04-15T15:36:34.959+0200][5239,479s] GC(1119) User=0,01s Sys=0,00s Real=0,00s
[2019-04-15T15:36:34.959+0200][5239,479s] GC(1119) Old: 198017K->204854K(393216K)
[2019-04-15T15:36:34.987+0200][5239,507s] GC(1124) Pause Young (Allocation Failure)
[2019-04-15T15:36:34.987+0200][5239,507s] GC(1124) Using 4 workers of 4 for evacuation
[2019-04-15T15:36:35.034+0200][5239,555s] GC(1124) ParNew: 109248K->21824K(109248K)
[2019-04-15T15:36:35.035+0200][5239,555s] GC(1124) CMS: 204854K->207913K(393216K)
[2019-04-15T15:36:35.035+0200][5239,555s] GC(1124) Metaspace: 84278K->84278K(1126400K)
[2019-04-15T15:36:35.035+0200][5239,555s] GC(1124) Pause Young (Allocation Failure) 306M->224M(490M) 47,565ms
[2019-04-15T15:36:35.035+0200][5239,555s] GC(1124) User=0,08s Sys=0,00s Real=0,05s
[2019-04-15T15:36:35.035+0200][5239,555s] GC(1125) Pause Initial Mark
[2019-04-15T15:36:35.044+0200][5239,564s] GC(1125) Pause Initial Mark 226M->226M(490M) 9,173ms
[2019-04-15T15:36:35.044+0200][5239,564s] GC(1125) User=0,02s Sys=0,00s Real=0,00s
[2019-04-15T15:36:35.044+0200][5239,564s] GC(1125) Concurrent Mark
[2019-04-15T15:36:35.044+0200][5239,564s] GC(1125) Using 4 workers of 4 for marking
[2019-04-15T15:36:35.173+0200][5239,694s] GC(1126) Pause Young (Allocation Failure)
[2019-04-15T15:36:35.173+0200][5239,694s] GC(1126) Using 4 workers of 4 for evacuation
[2019-04-15T15:36:35.216+0200][5239,736s] GC(1126) ParNew: 109248K->21824K(109248K)
[2019-04-15T15:36:35.216+0200][5239,736s] GC(1126) CMS: 207913K->213404K(393216K)
[2019-04-15T15:36:35.216+0200][5239,736s] GC(1126) Metaspace: 84278K->84278K(1126400K)
[2019-04-15T15:36:35.216+0200][5239,736s] GC(1126) Pause Young (Allocation Failure) 309M->229M(490M) 42,725ms
[2019-04-15T15:36:35.216+0200][5239,736s] GC(1126) User=0,12s Sys=0,00s Real=0,04s
[2019-04-15T15:36:35.337+0200][5239,858s] GC(1125) Concurrent Mark 293,059ms
[2019-04-15T15:36:35.337+0200][5239,858s] GC(1125) User=0,61s Sys=0,00s Real=0,30s
[2019-04-15T15:36:35.337+0200][5239,858s] GC(1125) Concurrent Preclean
[2019-04-15T15:36:35.347+0200][5239,868s] GC(1125) Concurrent Preclean 9,961ms
[2019-04-15T15:36:35.347+0200][5239,868s] GC(1125) User=0,02s Sys=0,00s Real=0,01s
[2019-04-15T15:36:35.347+0200][5239,868s] GC(1125) Concurrent Abortable Preclean
[2019-04-15T15:36:35.407+0200][5239,928s] GC(1127) Pause Young (Allocation Failure)
[2019-04-15T15:36:35.407+0200][5239,928s] GC(1127) Using 4 workers of 4 for evacuation
[2019-04-15T15:36:35.444+0200][5239,964s] GC(1127) ParNew: 109248K->21824K(109248K)
[2019-04-15T15:36:35.444+0200][5239,964s] GC(1127) CMS: 213404K->219152K(393216K)
[2019-04-15T15:36:35.444+0200][5239,964s] GC(1127) Metaspace: 84280K->84280K(1126400K)
[2019-04-15T15:36:35.444+0200][5239,964s] GC(1127) Pause Young (Allocation Failure) 315M->235M(490M) 36,384ms
[2019-04-15T15:36:35.444+0200][5239,964s] GC(1127) User=0,09s Sys=0,00s Real=0,03s
[2019-04-15T15:36:35.644+0200][5240,165s] GC(1128) Pause Young (Allocation Failure)
[2019-04-15T15:36:35.645+0200][5240,165s] GC(1128) Using 4 workers of 4 for evacuation
[2019-04-15T15:36:35.680+0200][5240,201s] GC(1128) ParNew: 109248K->21824K(109248K)
[2019-04-15T15:36:35.680+0200][5240,201s] GC(1128) CMS: 219152K->224193K(393216K)
[2019-04-15T15:36:35.680+0200][5240,201s] GC(1128) Metaspace: 84280K->84280K(1126400K)
[2019-04-15T15:36:35.680+0200][5240,201s] GC(1128) Pause Young (Allocation Failure) 320M->240M(490M) 35,707ms
[2019-04-15T15:36:35.680+0200][5240,201s] GC(1128) User=0,06s Sys=0,01s Real=0,04s
[2019-04-15T15:36:35.680+0200][5240,201s] GC(1125) Concurrent Abortable Preclean 333,021ms
[2019-04-15T15:36:35.680+0200][5240,201s] GC(1125) User=0,62s Sys=0,04s Real=0,33s
[2019-04-15T15:36:35.680+0200][5240,201s] GC(1125) Pause Remark
[2019-04-15T15:36:35.680+0200][5240,201s] GC(1129) Pause Young (CMS Final Remark)
[2019-04-15T15:36:35.680+0200][5240,201s] GC(1129) Using 4 workers of 4 for evacuation
[2019-04-15T15:36:35.707+0200][5240,228s] GC(1129) ParNew: 23574K->21824K(109248K)
[2019-04-15T15:36:35.707+0200][5240,228s] GC(1129) CMS: 224193K->228042K(393216K)
[2019-04-15T15:36:35.707+0200][5240,228s] GC(1129) Metaspace: 84280K->84280K(1126400K)
[2019-04-15T15:36:35.707+0200][5240,228s] GC(1129) Pause Young (CMS Final Remark) 241M->244M(490M) 26,925ms
[2019-04-15T15:36:35.707+0200][5240,228s] GC(1129) User=0,06s Sys=0,02s Real=0,03s
[2019-04-15T15:36:35.772+0200][5240,292s] GC(1125) Pause Remark 241M->244M(490M) 91,110ms
[2019-04-15T15:36:35.772+0200][5240,292s] GC(1125) User=0,14s Sys=0,03s Real=0,09s
[2019-04-15T15:36:35.772+0200][5240,292s] GC(1125) Concurrent Sweep
[2019-04-15T15:36:35.845+0200][5240,365s] GC(1125) Concurrent Sweep 73,033ms
[2019-04-15T15:36:35.845+0200][5240,365s] GC(1125) User=0,12s Sys=0,02s Real=0,07s
[2019-04-15T15:36:35.845+0200][5240,365s] GC(1125) Concurrent Reset
[2019-04-15T15:36:35.845+0200][5240,366s] GC(1125) Concurrent Reset 0,447ms
[2019-04-15T15:36:35.845+0200][5240,366s] GC(1125) User=0,01s Sys=0,00s Real=0,01s
[2019-04-15T15:36:35.845+0200][5240,366s] GC(1125) Old: 207913K->221406K(393216K)
[2019-04-15T15:36:35.899+0200][5240,419s] GC(1130) Pause Young (Allocation Failure)
[2019-04-15T15:36:35.899+0200][5240,419s] GC(1130) Using 4 workers of 4 for evacuation
[2019-04-15T15:36:35.929+0200][5240,449s] GC(1130) ParNew: 109248K->21824K(109248K)
[2019-04-15T15:36:35.929+0200][5240,449s] GC(1130) CMS: 221406K->222132K(393216K)
[2019-04-15T15:36:35.929+0200][5240,449s] GC(1130) Metaspace: 84280K->84280K(1126400K)
[2019-04-15T15:36:35.929+0200][5240,449s] GC(1130) Pause Young (Allocation Failure) 322M->238M(490M) 30,060ms
[2019-04-15T15:36:35.929+0200][5240,449s] GC(1130) User=0,04s Sys=0,03s Real=0,03s
[2019-04-15T15:36:35.929+0200][5240,450s] GC(1131) Pause Initial Mark
[2019-04-15T15:36:35.938+0200][5240,458s] GC(1131) Pause Initial Mark 239M->239M(490M) 8,347ms
[2019-04-15T15:36:35.938+0200][5240,458s] GC(1131) User=0,01s Sys=0,00s Real=0,01s
[2019-04-15T15:36:35.938+0200][5240,458s] GC(1131) Concurrent Mark
[2019-04-15T15:36:35.938+0200][5240,458s] GC(1131) Using 4 workers of 4 for marking
[2019-04-15T15:36:36.051+0200][5240,571s] GC(1131) Concurrent Mark 112,798ms
[2019-04-15T15:36:36.051+0200][5240,571s] GC(1131) User=0,33s Sys=0,03s Real=0,11s
[2019-04-15T15:36:36.051+0200][5240,571s] GC(1131) Concurrent Preclean
[2019-04-15T15:36:36.052+0200][5240,573s] GC(1131) Concurrent Preclean 1,433ms
[2019-04-15T15:36:36.052+0200][5240,573s] GC(1131) User=0,00s Sys=0,01s Real=0,00s
[2019-04-15T15:36:36.052+0200][5240,573s] GC(1131) Concurrent Abortable Preclean
[2019-04-15T15:36:36.124+0200][5240,645s] GC(1132) Pause Young (Allocation Failure)
[2019-04-15T15:36:36.125+0200][5240,645s] GC(1132) Using 4 workers of 4 for evacuation
[2019-04-15T15:36:36.152+0200][5240,673s] GC(1132) ParNew: 109248K->21824K(109248K)
[2019-04-15T15:36:36.152+0200][5240,673s] GC(1132) CMS: 222132K->225645K(393216K)
[2019-04-15T15:36:36.152+0200][5240,673s] GC(1132) Metaspace: 84280K->84280K(1126400K)
[2019-04-15T15:36:36.153+0200][5240,673s] GC(1132) Pause Young (Allocation Failure) 323M->241M(490M) 28,030ms
[2019-04-15T15:36:36.153+0200][5240,673s] GC(1132) User=0,07s Sys=0,00s Real=0,03s
[2019-04-15T15:36:36.333+0200][5240,854s] GC(1133) Pause Young (Allocation Failure)
[2019-04-15T15:36:36.333+0200][5240,854s] GC(1133) Using 4 workers of 4 for evacuation
[2019-04-15T15:36:36.374+0200][5240,894s] GC(1133) ParNew: 109248K->21824K(109248K)
[2019-04-15T15:36:36.374+0200][5240,894s] GC(1133) CMS: 225645K->232033K(393216K)
[2019-04-15T15:36:36.374+0200][5240,894s] GC(1133) Metaspace: 84280K->84280K(1126400K)
[2019-04-15T15:36:36.374+0200][5240,894s] GC(1133) Pause Young (Allocation Failure) 327M->247M(490M) 40,696ms
[2019-04-15T15:36:36.374+0200][5240,894s] GC(1133) User=0,09s Sys=0,00s Real=0,04s
[2019-04-15T15:36:36.387+0200][5240,907s] GC(1131) Concurrent Abortable Preclean 334,773ms
[2019-04-15T15:36:36.387+0200][5240,907s] GC(1131) User=0,71s Sys=0,00s Real=0,34s
[2019-04-15T15:36:36.387+0200][5240,908s] GC(1131) Pause Remark
[2019-04-15T15:36:36.387+0200][5240,908s] GC(1134) Pause Young (CMS Final Remark)
[2019-04-15T15:36:36.387+0200][5240,908s] GC(1134) Using 4 workers of 4 for evacuation
[2019-04-15T15:36:36.420+0200][5240,940s] GC(1134) ParNew: 29780K->21824K(109248K)
[2019-04-15T15:36:36.420+0200][5240,940s] GC(1134) CMS: 232033K->236441K(393216K)
[2019-04-15T15:36:36.420+0200][5240,940s] GC(1134) Metaspace: 84280K->84280K(1126400K)
[2019-04-15T15:36:36.420+0200][5240,940s] GC(1134) Pause Young (CMS Final Remark) 255M->252M(490M) 32,574ms
[2019-04-15T15:36:36.420+0200][5240,940s] GC(1134) User=0,06s Sys=0,00s Real=0,03s
[2019-04-15T15:36:36.482+0200][5241,002s] GC(1131) Pause Remark 255M->252M(490M) 94,569ms
[2019-04-15T15:36:36.482+0200][5241,002s] GC(1131) User=0,14s Sys=0,00s Real=0,09s
[2019-04-15T15:36:36.482+0200][5241,002s] GC(1131) Concurrent Sweep
[2019-04-15T15:36:36.582+0200][5241,102s] GC(1131) Concurrent Sweep 100,024ms
[2019-04-15T15:36:36.582+0200][5241,102s] GC(1131) User=0,19s Sys=0,00s Real=0,10s
[2019-04-15T15:36:36.582+0200][5241,102s] GC(1131) Concurrent Reset
[2019-04-15T15:36:36.582+0200][5241,103s] GC(1131) Concurrent Reset 0,530ms
[2019-04-15T15:36:36.583+0200][5241,103s] GC(1131) User=0,00s Sys=0,00s Real=0,00s
[2019-04-15T15:36:36.583+0200][5241,103s] GC(1131) Old: 222132K->236208K(393216K)
[2019-04-15T15:36:36.629+0200][5241,150s] GC(1135) Pause Young (Allocation Failure)
[2019-04-15T15:36:36.629+0200][5241,150s] GC(1135) Using 4 workers of 4 for evacuation
[2019-04-15T15:36:36.653+0200][5241,174s] GC(1135) ParNew: 109248K->21824K(109248K)
[2019-04-15T15:36:36.653+0200][5241,174s] GC(1135) CMS: 236208K->242173K(393216K)
[2019-04-15T15:36:36.653+0200][5241,174s] GC(1135) Metaspace: 84280K->84280K(1126400K)
[2019-04-15T15:36:36.653+0200][5241,174s] GC(1135) Pause Young (Allocation Failure) 337M->257M(490M) 23,886ms
[2019-04-15T15:36:36.653+0200][5241,174s] GC(1135) User=0,07s Sys=0,00s Real=0,03s
[2019-04-15T15:36:36.653+0200][5241,174s] GC(1136) Pause Initial Mark
[2019-04-15T15:36:36.662+0200][5241,182s] GC(1136) Pause Initial Mark 258M->258M(490M) 8,489ms
[2019-04-15T15:36:36.662+0200][5241,182s] GC(1136) User=0,01s Sys=0,00s Real=0,00s
[2019-04-15T15:36:36.662+0200][5241,182s] GC(1136) Concurrent Mark
[2019-04-15T15:36:36.662+0200][5241,182s] GC(1136) Using 4 workers of 4 for marking
[2019-04-15T15:36:36.826+0200][5241,346s] GC(1136) Concurrent Mark 163,630ms
[2019-04-15T15:36:36.826+0200][5241,346s] GC(1136) User=0,49s Sys=0,00s Real=0,17s
[2019-04-15T15:36:36.826+0200][5241,346s] GC(1136) Concurrent Preclean
[2019-04-15T15:36:36.828+0200][5241,348s] GC(1136) Concurrent Preclean 1,799ms
[2019-04-15T15:36:36.828+0200][5241,348s] GC(1136) User=0,00s Sys=0,00s Real=0,00s
[2019-04-15T15:36:36.828+0200][5241,348s] GC(1136) Concurrent Abortable Preclean
[2019-04-15T15:36:36.853+0200][5241,374s] GC(1137) Pause Young (Allocation Failure)
[2019-04-15T15:36:36.853+0200][5241,374s] GC(1137) Using 4 workers of 4 for evacuation
[2019-04-15T15:36:36.925+0200][5241,445s] GC(1137) ParNew: 109248K->21824K(109248K)
[2019-04-15T15:36:36.925+0200][5241,445s] GC(1137) CMS: 242173K->278864K(393216K)
[2019-04-15T15:36:36.925+0200][5241,445s] GC(1137) Metaspace: 84280K->84280K(1126400K)
[2019-04-15T15:36:36.925+0200][5241,445s] GC(1137) Pause Young (Allocation Failure) 343M->293M(490M) 71,660ms
[2019-04-15T15:36:36.925+0200][5241,445s] GC(1137) User=0,20s Sys=0,00s Real=0,07s
[2019-04-15T15:36:37.133+0200][5241,653s] GC(1138) Pause Young (Allocation Failure)
[2019-04-15T15:36:37.133+0200][5241,653s] GC(1138) Using 4 workers of 4 for evacuation
[2019-04-15T15:36:37.162+0200][5241,683s] GC(1138) ParNew: 109248K->21824K(109248K)
[2019-04-15T15:36:37.162+0200][5241,683s] GC(1138) CMS: 278864K->287034K(393216K)
[2019-04-15T15:36:37.162+0200][5241,683s] GC(1138) Metaspace: 84280K->84280K(1126400K)
[2019-04-15T15:36:37.162+0200][5241,683s] GC(1138) Pause Young (Allocation Failure) 379M->301M(490M) 29,461ms
[2019-04-15T15:36:37.162+0200][5241,683s] GC(1138) User=0,07s Sys=0,00s Real=0,02s
[2019-04-15T15:36:37.178+0200][5241,698s] GC(1136) Concurrent Abortable Preclean 350,159ms
[2019-04-15T15:36:37.178+0200][5241,698s] GC(1136) User=0,76s Sys=0,00s Real=0,35s
[2019-04-15T15:36:37.178+0200][5241,698s] GC(1136) Pause Remark
[2019-04-15T15:36:37.178+0200][5241,698s] GC(1139) Pause Young (CMS Final Remark)
[2019-04-15T15:36:37.178+0200][5241,698s] GC(1139) Using 4 workers of 4 for evacuation
[2019-04-15T15:36:37.197+0200][5241,717s] GC(1139) ParNew: 32324K->21824K(109248K)
[2019-04-15T15:36:37.197+0200][5241,717s] GC(1139) CMS: 287034K->287034K(393216K)
[2019-04-15T15:36:37.197+0200][5241,717s] GC(1139) Metaspace: 84280K->84280K(1126400K)
[2019-04-15T15:36:37.197+0200][5241,718s] GC(1139) Pause Young (CMS Final Remark) 311M->301M(490M) 19,091ms
[2019-04-15T15:36:37.197+0200][5241,718s] GC(1139) User=0,05s Sys=0,00s Real=0,02s
[2019-04-15T15:36:37.248+0200][5241,768s] GC(1136) Pause Remark 311M->301M(490M) 69,716ms
[2019-04-15T15:36:37.248+0200][5241,768s] GC(1136) User=0,12s Sys=0,00s Real=0,07s
[2019-04-15T15:36:37.248+0200][5241,768s] GC(1136) Concurrent Sweep
[2019-04-15T15:36:37.369+0200][5241,890s] GC(1136) Concurrent Sweep 121,546ms
[2019-04-15T15:36:37.369+0200][5241,890s] GC(1136) User=0,23s Sys=0,00s Real=0,12s
[2019-04-15T15:36:37.369+0200][5241,890s] GC(1136) Concurrent Reset
[2019-04-15T15:36:37.370+0200][5241,890s] GC(1136) Concurrent Reset 0,338ms
[2019-04-15T15:36:37.370+0200][5241,890s] GC(1136) User=0,00s Sys=0,00s Real=0,00s
[2019-04-15T15:36:37.370+0200][5241,890s] GC(1136) Old: 242173K->268336K(393216K)
[2019-04-15T15:36:37.399+0200][5241,920s] GC(1140) Pause Young (Allocation Failure)
[2019-04-15T15:36:37.399+0200][5241,920s] GC(1140) Using 4 workers of 4 for evacuation
[2019-04-15T15:36:37.419+0200][5241,940s] GC(1140) ParNew: 109248K->21824K(109248K)
[2019-04-15T15:36:37.419+0200][5241,940s] GC(1140) CMS: 268336K->268336K(393216K)
[2019-04-15T15:36:37.419+0200][5241,940s] GC(1140) Metaspace: 84280K->84280K(1126400K)
[2019-04-15T15:36:37.419+0200][5241,940s] GC(1140) Pause Young (Allocation Failure) 368M->283M(490M) 20,182ms
[2019-04-15T15:36:37.419+0200][5241,940s] GC(1140) User=0,05s Sys=0,00s Real=0,02s
[2019-04-15T15:36:37.420+0200][5241,940s] GC(1141) Pause Initial Mark
[2019-04-15T15:36:37.425+0200][5241,945s] GC(1141) Pause Initial Mark 284M->284M(490M) 5,027ms
[2019-04-15T15:36:37.425+0200][5241,945s] GC(1141) User=0,01s Sys=0,00s Real=0,00s
[2019-04-15T15:36:37.425+0200][5241,945s] GC(1141) Concurrent Mark
[2019-04-15T15:36:37.425+0200][5241,945s] GC(1141) Using 4 workers of 4 for marking
[2019-04-15T15:36:37.648+0200][5242,169s] GC(1141) Concurrent Mark 223,240ms
[2019-04-15T15:36:37.648+0200][5242,169s] GC(1141) User=0,60s Sys=0,00s Real=0,22s
[2019-04-15T15:36:37.648+0200][5242,169s] GC(1141) Concurrent Preclean
[2019-04-15T15:36:37.650+0200][5242,171s] GC(1141) Concurrent Preclean 2,052ms
[2019-04-15T15:36:37.650+0200][5242,171s] GC(1141) User=0,01s Sys=0,00s Real=0,00s
[2019-04-15T15:36:37.650+0200][5242,171s] GC(1141) Concurrent Abortable Preclean
[2019-04-15T15:36:37.754+0200][5242,275s] GC(1142) Pause Young (Allocation Failure)
[2019-04-15T15:36:37.754+0200][5242,275s] GC(1142) Using 4 workers of 4 for evacuation
[2019-04-15T15:36:37.786+0200][5242,307s] GC(1142) ParNew: 109248K->21824K(109248K)
[2019-04-15T15:36:37.786+0200][5242,307s] GC(1142) CMS: 268336K->273532K(393216K)
[2019-04-15T15:36:37.786+0200][5242,307s] GC(1142) Metaspace: 84280K->84280K(1126400K)
[2019-04-15T15:36:37.786+0200][5242,307s] GC(1142) Pause Young (Allocation Failure) 368M->288M(490M) 31,842ms
[2019-04-15T15:36:37.786+0200][5242,307s] GC(1142) User=0,08s Sys=0,00s Real=0,03s
[2019-04-15T15:36:37.916+0200][5242,437s] GC(1143) Pause Young (Allocation Failure)
[2019-04-15T15:36:37.916+0200][5242,437s] GC(1143) Using 4 workers of 4 for evacuation
[2019-04-15T15:36:37.940+0200][5242,460s] GC(1143) ParNew: 109248K->21824K(109248K)
[2019-04-15T15:36:37.940+0200][5242,460s] GC(1143) CMS: 273532K->279874K(393216K)
[2019-04-15T15:36:37.940+0200][5242,460s] GC(1143) Metaspace: 84280K->84280K(1126400K)
[2019-04-15T15:36:37.940+0200][5242,460s] GC(1143) Pause Young (Allocation Failure) 373M->294M(490M) 23,895ms
[2019-04-15T15:36:37.940+0200][5242,460s] GC(1143) User=0,09s Sys=0,00s Real=0,02s
[2019-04-15T15:36:37.952+0200][5242,473s] GC(1141) Concurrent Abortable Preclean 301,975ms
[2019-04-15T15:36:37.952+0200][5242,473s] GC(1141) User=0,66s Sys=0,01s Real=0,30s
[2019-04-15T15:36:37.953+0200][5242,473s] GC(1141) Pause Remark
[2019-04-15T15:36:37.953+0200][5242,473s] GC(1144) Pause Young (CMS Final Remark)
[2019-04-15T15:36:37.953+0200][5242,473s] GC(1144) Using 4 workers of 4 for evacuation
[2019-04-15T15:36:37.970+0200][5242,490s] GC(1144) ParNew: 38331K->20651K(109248K)
[2019-04-15T15:36:37.970+0200][5242,490s] GC(1144) CMS: 279874K->282651K(393216K)
[2019-04-15T15:36:37.970+0200][5242,490s] GC(1144) Metaspace: 84280K->84280K(1126400K)
[2019-04-15T15:36:37.970+0200][5242,490s] GC(1144) Pause Young (CMS Final Remark) 310M->296M(490M) 17,302ms
[2019-04-15T15:36:37.970+0200][5242,490s] GC(1144) User=0,06s Sys=0,00s Real=0,02s
[2019-04-15T15:36:38.024+0200][5242,545s] GC(1141) Pause Remark 310M->296M(490M) 71,828ms
[2019-04-15T15:36:38.024+0200][5242,545s] GC(1141) User=0,14s Sys=0,00s Real=0,07s
[2019-04-15T15:36:38.025+0200][5242,545s] GC(1141) Concurrent Sweep
[2019-04-15T15:36:38.143+0200][5242,663s] GC(1141) Concurrent Sweep 118,030ms
[2019-04-15T15:36:38.143+0200][5242,663s] GC(1141) User=0,24s Sys=0,00s Real=0,12s
[2019-04-15T15:36:38.143+0200][5242,663s] GC(1141) Concurrent Reset
[2019-04-15T15:36:38.143+0200][5242,663s] GC(1141) Concurrent Reset 0,359ms
[2019-04-15T15:36:38.143+0200][5242,663s] GC(1141) User=0,00s Sys=0,00s Real=0,00s
[2019-04-15T15:36:38.143+0200][5242,663s] GC(1141) Old: 268336K->265222K(393216K)
[2019-04-15T15:36:38.162+0200][5242,682s] GC(1145) Pause Young (Allocation Failure)
[2019-04-15T15:36:38.162+0200][5242,682s] GC(1145) Using 4 workers of 4 for evacuation
[2019-04-15T15:36:38.185+0200][5242,705s] GC(1145) ParNew: 108075K->21824K(109248K)
[2019-04-15T15:36:38.185+0200][5242,705s] GC(1145) CMS: 265222K->265837K(393216K)
[2019-04-15T15:36:38.185+0200][5242,705s] GC(1145) Metaspace: 84280K->84280K(1126400K)
[2019-04-15T15:36:38.185+0200][5242,705s] GC(1145) Pause Young (Allocation Failure) 364M->280M(490M) 23,457ms
[2019-04-15T15:36:38.185+0200][5242,705s] GC(1145) User=0,06s Sys=0,00s Real=0,03s
[2019-04-15T15:36:38.188+0200][5242,708s] GC(1146) Pause Initial Mark
[2019-04-15T15:36:38.193+0200][5242,713s] GC(1146) Pause Initial Mark 282M->282M(490M) 5,014ms
[2019-04-15T15:36:38.193+0200][5242,713s] GC(1146) User=0,02s Sys=0,00s Real=0,00s
[2019-04-15T15:36:38.193+0200][5242,713s] GC(1146) Concurrent Mark
[2019-04-15T15:36:38.193+0200][5242,713s] GC(1146) Using 4 workers of 4 for marking
[2019-04-15T15:36:38.305+0200][5242,825s] GC(1146) Concurrent Mark 112,352ms
[2019-04-15T15:36:38.305+0200][5242,825s] GC(1146) User=0,30s Sys=0,00s Real=0,12s
[2019-04-15T15:36:38.305+0200][5242,825s] GC(1146) Concurrent Preclean
[2019-04-15T15:36:38.306+0200][5242,827s] GC(1146) Concurrent Preclean 1,346ms
[2019-04-15T15:36:38.306+0200][5242,827s] GC(1146) User=0,00s Sys=0,00s Real=0,00s
[2019-04-15T15:36:38.306+0200][5242,827s] GC(1146) Concurrent Abortable Preclean
[2019-04-15T15:36:38.330+0200][5242,850s] GC(1147) Pause Young (Allocation Failure)
[2019-04-15T15:36:38.330+0200][5242,850s] GC(1147) Using 4 workers of 4 for evacuation
[2019-04-15T15:36:38.362+0200][5242,883s] GC(1147) ParNew: 109248K->21824K(109248K)
[2019-04-15T15:36:38.362+0200][5242,883s] GC(1147) CMS: 265837K->269446K(393216K)
[2019-04-15T15:36:38.362+0200][5242,883s] GC(1147) Metaspace: 84280K->84280K(1126400K)
[2019-04-15T15:36:38.362+0200][5242,883s] GC(1147) Pause Young (Allocation Failure) 366M->284M(490M) 32,619ms
[2019-04-15T15:36:38.362+0200][5242,883s] GC(1147) User=0,06s Sys=0,00s Real=0,03s
[2019-04-15T15:36:38.508+0200][5243,028s] GC(1146) Concurrent Abortable Preclean 201,505ms
[2019-04-15T15:36:38.508+0200][5243,028s] GC(1146) User=0,32s Sys=0,03s Real=0,20s
[2019-04-15T15:36:38.511+0200][5243,032s] GC(1146) Pause Remark
[2019-04-15T15:36:38.511+0200][5243,032s] GC(1148) Pause Young (CMS Final Remark)
[2019-04-15T15:36:38.511+0200][5243,032s] GC(1148) Using 4 workers of 4 for evacuation
[2019-04-15T15:36:38.539+0200][5243,060s] GC(1148) ParNew: 69214K->17769K(109248K)
[2019-04-15T15:36:38.539+0200][5243,060s] GC(1148) CMS: 269446K->269760K(393216K)
[2019-04-15T15:36:38.539+0200][5243,060s] GC(1148) Metaspace: 84280K->84280K(1126400K)
[2019-04-15T15:36:38.539+0200][5243,060s] GC(1148) Pause Young (CMS Final Remark) 330M->280M(490M) 28,280ms
[2019-04-15T15:36:38.540+0200][5243,060s] GC(1148) User=0,05s Sys=0,00s Real=0,03s
[2019-04-15T15:36:38.673+0200][5243,194s] GC(1146) Pause Remark 330M->280M(490M) 162,279ms
[2019-04-15T15:36:38.673+0200][5243,194s] GC(1146) User=0,25s Sys=0,00s Real=0,17s
[2019-04-15T15:36:38.674+0200][5243,194s] GC(1146) Concurrent Sweep
[2019-04-15T15:36:38.831+0200][5243,352s] GC(1149) Pause Young (Allocation Failure)
[2019-04-15T15:36:38.832+0200][5243,352s] GC(1149) Using 4 workers of 4 for evacuation
[2019-04-15T15:36:38.847+0200][5243,368s] GC(1149) ParNew: 105193K->19534K(109248K)
[2019-04-15T15:36:38.847+0200][5243,368s] GC(1149) CMS: 250065K->250065K(393216K)
[2019-04-15T15:36:38.847+0200][5243,368s] GC(1149) Metaspace: 84281K->84281K(1126400K)
[2019-04-15T15:36:38.847+0200][5243,368s] GC(1149) Pause Young (Allocation Failure) 346M->263M(490M) 15,713ms
[2019-04-15T15:36:38.847+0200][5243,368s] GC(1149) User=0,05s Sys=0,00s Real=0,02s
[2019-04-15T15:36:38.917+0200][5243,437s] GC(1150) Pause Young (Allocation Failure)
[2019-04-15T15:36:38.917+0200][5243,437s] GC(1150) Using 4 workers of 4 for evacuation
[2019-04-15T15:36:38.942+0200][5243,462s] GC(1150) ParNew: 106958K->21824K(109248K)
[2019-04-15T15:36:38.942+0200][5243,462s] GC(1150) CMS: 226976K->227120K(393216K)
[2019-04-15T15:36:38.942+0200][5243,462s] GC(1150) Metaspace: 84281K->84281K(1126400K)
[2019-04-15T15:36:38.942+0200][5243,462s] GC(1150) Pause Young (Allocation Failure) 326M->243M(490M) 24,813ms
[2019-04-15T15:36:38.942+0200][5243,462s] GC(1150) User=0,06s Sys=0,00s Real=0,02s
[2019-04-15T15:36:39.189+0200][5243,710s] GC(1146) Concurrent Sweep 515,871ms
[2019-04-15T15:36:39.190+0200][5243,710s] GC(1146) User=0,95s Sys=0,10s Real=0,51s
[2019-04-15T15:36:39.190+0200][5243,710s] GC(1146) Concurrent Reset
[2019-04-15T15:36:39.190+0200][5243,711s] GC(1146) Concurrent Reset 0,512ms
[2019-04-15T15:36:39.190+0200][5243,711s] GC(1146) User=0,00s Sys=0,00s Real=0,00s
[2019-04-15T15:36:39.190+0200][5243,711s] GC(1146) Old: 265837K->179274K(393216K)
[2019-04-15T15:36:39.191+0200][5243,711s] GC(1151) Pause Young (Allocation Failure)
[2019-04-15T15:36:39.191+0200][5243,711s] GC(1151) Using 4 workers of 4 for evacuation
[2019-04-15T15:36:39.215+0200][5243,735s] GC(1151) ParNew: 109248K->21824K(109248K)
[2019-04-15T15:36:39.215+0200][5243,735s] GC(1151) CMS: 179274K->188669K(393216K)
[2019-04-15T15:36:39.215+0200][5243,735s] GC(1151) Metaspace: 84281K->84281K(1126400K)
[2019-04-15T15:36:39.215+0200][5243,735s] GC(1151) Pause Young (Allocation Failure) 281M->205M(490M) 23,933ms
[2019-04-15T15:36:39.215+0200][5243,735s] GC(1151) User=0,06s Sys=0,00s Real=0,03s
[2019-04-15T15:36:39.308+0200][5243,828s] GC(1152) Pause Young (Allocation Failure)
[2019-04-15T15:36:39.308+0200][5243,828s] GC(1152) Using 4 workers of 4 for evacuation
[2019-04-15T15:36:39.365+0200][5243,885s] GC(1152) ParNew: 109248K->21824K(109248K)
[2019-04-15T15:36:39.365+0200][5243,885s] GC(1152) CMS: 188669K->194902K(393216K)
[2019-04-15T15:36:39.365+0200][5243,885s] GC(1152) Metaspace: 84281K->84281K(1126400K)
[2019-04-15T15:36:39.365+0200][5243,886s] GC(1152) Pause Young (Allocation Failure) 290M->211M(490M) 57,311ms
[2019-04-15T15:36:39.365+0200][5243,886s] GC(1152) User=0,07s Sys=0,00s Real=0,06s
[2019-04-15T15:36:39.497+0200][5244,018s] GC(1153) Pause Young (Allocation Failure)
[2019-04-15T15:36:39.497+0200][5244,018s] GC(1153) Using 4 workers of 4 for evacuation
[2019-04-15T15:36:39.526+0200][5244,046s] GC(1153) ParNew: 109248K->21824K(109248K)
[2019-04-15T15:36:39.526+0200][5244,046s] GC(1153) CMS: 194902K->194977K(393216K)
[2019-04-15T15:36:39.526+0200][5244,046s] GC(1153) Metaspace: 84281K->84281K(1126400K)
[2019-04-15T15:36:39.526+0200][5244,047s] GC(1153) Pause Young (Allocation Failure) 297M->211M(490M) 28,998ms
[2019-04-15T15:36:39.526+0200][5244,047s] GC(1153) User=0,05s Sys=0,00s Real=0,03s
[2019-04-15T15:36:39.686+0200][5244,206s] GC(1154) Pause Young (Allocation Failure)
[2019-04-15T15:36:39.686+0200][5244,206s] GC(1154) Using 4 workers of 4 for evacuation
[2019-04-15T15:36:39.708+0200][5244,229s] GC(1154) ParNew: 109248K->21824K(109248K)
[2019-04-15T15:36:39.708+0200][5244,229s] GC(1154) CMS: 194977K->196829K(393216K)
[2019-04-15T15:36:39.708+0200][5244,229s] GC(1154) Metaspace: 84281K->84281K(1126400K)
[2019-04-15T15:36:39.708+0200][5244,229s] GC(1154) Pause Young (Allocation Failure) 297M->213M(490M) 22,508ms
[2019-04-15T15:36:39.708+0200][5244,229s] GC(1154) User=0,03s Sys=0,00s Real=0,02s
[2019-04-15T15:36:39.709+0200][5244,230s] GC(1155) Pause Initial Mark
[2019-04-15T15:36:39.713+0200][5244,234s] GC(1155) Pause Initial Mark 214M->214M(490M) 4,378ms
[2019-04-15T15:36:39.714+0200][5244,234s] GC(1155) User=0,01s Sys=0,00s Real=0,01s
[2019-04-15T15:36:39.714+0200][5244,234s] GC(1155) Concurrent Mark
[2019-04-15T15:36:39.714+0200][5244,234s] GC(1155) Using 4 workers of 4 for marking
[2019-04-15T15:36:39.816+0200][5244,337s] GC(1155) Concurrent Mark 102,567ms
[2019-04-15T15:36:39.816+0200][5244,337s] GC(1155) User=0,25s Sys=0,00s Real=0,10s
[2019-04-15T15:36:39.816+0200][5244,337s] GC(1155) Concurrent Preclean
[2019-04-15T15:36:39.818+0200][5244,338s] GC(1155) Concurrent Preclean 1,588ms
[2019-04-15T15:36:39.818+0200][5244,338s] GC(1155) User=0,01s Sys=0,00s Real=0,00s
[2019-04-15T15:36:39.818+0200][5244,338s] GC(1155) Concurrent Abortable Preclean
[2019-04-15T15:36:39.951+0200][5244,471s] GC(1156) Pause Young (Allocation Failure)
[2019-04-15T15:36:39.951+0200][5244,471s] GC(1156) Using 4 workers of 4 for evacuation
[2019-04-15T15:36:39.977+0200][5244,497s] GC(1156) ParNew: 109248K->21824K(109248K)
[2019-04-15T15:36:39.977+0200][5244,497s] GC(1156) CMS: 196829K->212016K(393216K)
[2019-04-15T15:36:39.977+0200][5244,497s] GC(1156) Metaspace: 84281K->84281K(1126400K)
[2019-04-15T15:36:39.977+0200][5244,497s] GC(1156) Pause Young (Allocation Failure) 298M->228M(490M) 25,987ms
[2019-04-15T15:36:39.977+0200][5244,497s] GC(1156) User=0,06s Sys=0,00s Real=0,03s
[2019-04-15T15:36:40.177+0200][5244,697s] GC(1157) Pause Young (Allocation Failure)
[2019-04-15T15:36:40.177+0200][5244,698s] GC(1157) Using 4 workers of 4 for evacuation
[2019-04-15T15:36:40.231+0200][5244,752s] GC(1157) ParNew: 109248K->21824K(109248K)
[2019-04-15T15:36:40.231+0200][5244,752s] GC(1157) CMS: 212016K->216584K(393216K)
[2019-04-15T15:36:40.231+0200][5244,752s] GC(1157) Metaspace: 84281K->84281K(1126400K)
[2019-04-15T15:36:40.231+0200][5244,752s] GC(1157) Pause Young (Allocation Failure) 313M->232M(490M) 54,192ms
[2019-04-15T15:36:40.231+0200][5244,752s] GC(1157) User=0,08s Sys=0,00s Real=0,05s
[2019-04-15T15:36:40.274+0200][5244,795s] GC(1155) Concurrent Abortable Preclean 456,361ms
[2019-04-15T15:36:40.274+0200][5244,795s] GC(1155) User=0,94s Sys=0,01s Real=0,46s
[2019-04-15T15:36:40.280+0200][5244,801s] GC(1155) Pause Remark
[2019-04-15T15:36:40.280+0200][5244,801s] GC(1158) Pause Young (CMS Final Remark)
[2019-04-15T15:36:40.280+0200][5244,801s] GC(1158) Using 4 workers of 4 for evacuation
[2019-04-15T15:36:40.303+0200][5244,824s] GC(1158) ParNew: 32699K->21824K(109248K)
[2019-04-15T15:36:40.303+0200][5244,824s] GC(1158) CMS: 216584K->218657K(393216K)
[2019-04-15T15:36:40.303+0200][5244,824s] GC(1158) Metaspace: 84281K->84281K(1126400K)
[2019-04-15T15:36:40.303+0200][5244,824s] GC(1158) Pause Young (CMS Final Remark) 243M->234M(490M) 23,154ms
[2019-04-15T15:36:40.303+0200][5244,824s] GC(1158) User=0,06s Sys=0,00s Real=0,02s
[2019-04-15T15:36:40.394+0200][5244,914s] GC(1155) Pause Remark 243M->234M(490M) 113,741ms
[2019-04-15T15:36:40.394+0200][5244,914s] GC(1155) User=0,28s Sys=0,00s Real=0,12s
[2019-04-15T15:36:40.394+0200][5244,915s] GC(1155) Concurrent Sweep
[2019-04-15T15:36:40.489+0200][5245,009s] GC(1155) Concurrent Sweep 94,366ms
[2019-04-15T15:36:40.489+0200][5245,009s] GC(1155) User=0,24s Sys=0,00s Real=0,09s
[2019-04-15T15:36:40.489+0200][5245,009s] GC(1155) Concurrent Reset
[2019-04-15T15:36:40.489+0200][5245,009s] GC(1155) Concurrent Reset 0,332ms
[2019-04-15T15:36:40.489+0200][5245,009s] GC(1155) User=0,00s Sys=0,00s Real=0,00s
[2019-04-15T15:36:40.489+0200][5245,009s] GC(1155) Old: 196829K->189320K(393216K)
[2019-04-15T15:36:40.546+0200][5245,067s] GC(1159) Pause Young (Allocation Failure)
[2019-04-15T15:36:40.546+0200][5245,067s] GC(1159) Using 4 workers of 4 for evacuation
[2019-04-15T15:36:40.562+0200][5245,083s] GC(1159) ParNew: 109248K->21824K(109248K)
[2019-04-15T15:36:40.562+0200][5245,083s] GC(1159) CMS: 189320K->189395K(393216K)
[2019-04-15T15:36:40.562+0200][5245,083s] GC(1159) Metaspace: 84281K->84281K(1126400K)
[2019-04-15T15:36:40.562+0200][5245,083s] GC(1159) Pause Young (Allocation Failure) 291M->206M(490M) 16,024ms
[2019-04-15T15:36:40.562+0200][5245,083s] GC(1159) User=0,04s Sys=0,00s Real=0,01s
[2019-04-15T15:36:40.695+0200][5245,215s] GC(1160) Pause Young (Allocation Failure)
[2019-04-15T15:36:40.695+0200][5245,215s] GC(1160) Using 4 workers of 4 for evacuation
[2019-04-15T15:36:40.718+0200][5245,239s] GC(1160) ParNew: 109248K->21824K(109248K)
[2019-04-15T15:36:40.718+0200][5245,239s] GC(1160) CMS: 189395K->199332K(393216K)
[2019-04-15T15:36:40.718+0200][5245,239s] GC(1160) Metaspace: 84281K->84281K(1126400K)
[2019-04-15T15:36:40.718+0200][5245,239s] GC(1160) Pause Young (Allocation Failure) 291M->215M(490M) 23,685ms
[2019-04-15T15:36:40.718+0200][5245,239s] GC(1160) User=0,05s Sys=0,00s Real=0,02s
[2019-04-15T15:36:40.718+0200][5245,239s] GC(1161) Pause Initial Mark
[2019-04-15T15:36:40.722+0200][5245,243s] GC(1161) Pause Initial Mark 216M->216M(490M) 3,690ms
[2019-04-15T15:36:40.722+0200][5245,243s] GC(1161) User=0,01s Sys=0,00s Real=0,00s
[2019-04-15T15:36:40.722+0200][5245,243s] GC(1161) Concurrent Mark
[2019-04-15T15:36:40.722+0200][5245,243s] GC(1161) Using 4 workers of 4 for marking
[2019-04-15T15:36:40.790+0200][5245,310s] GC(1161) Concurrent Mark 67,542ms
[2019-04-15T15:36:40.790+0200][5245,310s] GC(1161) User=0,17s Sys=0,01s Real=0,07s
[2019-04-15T15:36:40.790+0200][5245,310s] GC(1161) Concurrent Preclean
[2019-04-15T15:36:40.791+0200][5245,311s] GC(1161) Concurrent Preclean 1,275ms
[2019-04-15T15:36:40.791+0200][5245,311s] GC(1161) User=0,00s Sys=0,00s Real=0,00s
[2019-04-15T15:36:40.791+0200][5245,311s] GC(1161) Concurrent Abortable Preclean
[2019-04-15T15:36:40.918+0200][5245,438s] GC(1162) Pause Young (Allocation Failure)
[2019-04-15T15:36:40.918+0200][5245,438s] GC(1162) Using 4 workers of 4 for evacuation
[2019-04-15T15:36:40.941+0200][5245,462s] GC(1161) Concurrent Abortable Preclean 150,311ms
[2019-04-15T15:36:40.941+0200][5245,462s] GC(1161) User=0,20s Sys=0,03s Real=0,15s
[2019-04-15T15:36:40.962+0200][5245,482s] GC(1162) ParNew: 109248K->21824K(109248K)
[2019-04-15T15:36:40.962+0200][5245,482s] GC(1162) CMS: 199332K->246759K(393216K)
[2019-04-15T15:36:40.962+0200][5245,482s] GC(1162) Metaspace: 84281K->84281K(1126400K)
[2019-04-15T15:36:40.962+0200][5245,482s] GC(1162) Pause Young (Allocation Failure) 301M->262M(490M) 44,272ms
[2019-04-15T15:36:40.962+0200][5245,482s] GC(1162) User=0,08s Sys=0,01s Real=0,04s
[2019-04-15T15:36:40.962+0200][5245,483s] GC(1161) Pause Remark
[2019-04-15T15:36:40.962+0200][5245,483s] GC(1163) Pause Young (CMS Final Remark)
[2019-04-15T15:36:40.962+0200][5245,483s] GC(1163) Using 4 workers of 4 for evacuation
[2019-04-15T15:36:40.980+0200][5245,500s] GC(1163) ParNew: 22899K->21824K(109248K)
[2019-04-15T15:36:40.980+0200][5245,500s] GC(1163) CMS: 246759K->254210K(393216K)
[2019-04-15T15:36:40.980+0200][5245,500s] GC(1163) Metaspace: 84281K->84281K(1126400K)
[2019-04-15T15:36:40.980+0200][5245,500s] GC(1163) Pause Young (CMS Final Remark) 263M->269M(490M) 17,715ms
[2019-04-15T15:36:40.980+0200][5245,500s] GC(1163) User=0,04s Sys=0,00s Real=0,02s
[2019-04-15T15:36:41.042+0200][5245,562s] GC(1161) Pause Remark 263M->269M(490M) 79,824ms
[2019-04-15T15:36:41.042+0200][5245,562s] GC(1161) User=0,11s Sys=0,00s Real=0,08s
[2019-04-15T15:36:41.042+0200][5245,562s] GC(1161) Concurrent Sweep
[2019-04-15T15:36:41.207+0200][5245,727s] GC(1164) Pause Young (Allocation Failure)
[2019-04-15T15:36:41.207+0200][5245,727s] GC(1164) Using 4 workers of 4 for evacuation
[2019-04-15T15:36:41.225+0200][5245,746s] GC(1164) ParNew: 109248K->17859K(109248K)
[2019-04-15T15:36:41.225+0200][5245,746s] GC(1164) CMS: 208782K->208782K(393216K)
[2019-04-15T15:36:41.225+0200][5245,746s] GC(1164) Metaspace: 84281K->84281K(1126400K)
[2019-04-15T15:36:41.225+0200][5245,746s] GC(1164) Pause Young (Allocation Failure) 310M->221M(490M) 18,473ms
[2019-04-15T15:36:41.225+0200][5245,746s] GC(1164) User=0,05s Sys=0,00s Real=0,02s
[2019-04-15T15:36:41.243+0200][5245,763s] GC(1161) Concurrent Sweep 200,973ms
[2019-04-15T15:36:41.243+0200][5245,764s] GC(1161) User=0,45s Sys=0,00s Real=0,20s
[2019-04-15T15:36:41.243+0200][5245,764s] GC(1161) Concurrent Reset
[2019-04-15T15:36:41.244+0200][5245,764s] GC(1161) Concurrent Reset 0,503ms
[2019-04-15T15:36:41.244+0200][5245,764s] GC(1161) User=0,00s Sys=0,00s Real=0,00s
[2019-04-15T15:36:41.244+0200][5245,764s] GC(1161) Old: 199332K->204929K(393216K)
[2019-04-15T15:36:41.341+0200][5245,861s] GC(1165) Pause Young (Allocation Failure)
[2019-04-15T15:36:41.341+0200][5245,861s] GC(1165) Using 4 workers of 4 for evacuation
[2019-04-15T15:36:41.358+0200][5245,878s] GC(1165) ParNew: 105283K->20203K(109248K)
[2019-04-15T15:36:41.358+0200][5245,878s] GC(1165) CMS: 204929K->207847K(393216K)
[2019-04-15T15:36:41.358+0200][5245,878s] GC(1165) Metaspace: 84281K->84281K(1126400K)
[2019-04-15T15:36:41.358+0200][5245,878s] GC(1165) Pause Young (Allocation Failure) 302M->222M(490M) 17,313ms
[2019-04-15T15:36:41.358+0200][5245,879s] GC(1165) User=0,04s Sys=0,00s Real=0,02s
[2019-04-15T15:36:41.361+0200][5245,882s] GC(1166) Pause Initial Mark
[2019-04-15T15:36:41.365+0200][5245,885s] GC(1166) Pause Initial Mark 225M->225M(490M) 3,730ms
[2019-04-15T15:36:41.365+0200][5245,885s] GC(1166) User=0,01s Sys=0,01s Real=0,01s
[2019-04-15T15:36:41.365+0200][5245,885s] GC(1166) Concurrent Mark
[2019-04-15T15:36:41.365+0200][5245,885s] GC(1166) Using 4 workers of 4 for marking
[2019-04-15T15:36:41.451+0200][5245,971s] GC(1166) Concurrent Mark 85,979ms
[2019-04-15T15:36:41.451+0200][5245,971s] GC(1166) User=0,21s Sys=0,00s Real=0,08s
[2019-04-15T15:36:41.451+0200][5245,971s] GC(1166) Concurrent Preclean
[2019-04-15T15:36:41.453+0200][5245,974s] GC(1166) Concurrent Preclean 2,107ms
[2019-04-15T15:36:41.453+0200][5245,974s] GC(1166) User=0,00s Sys=0,00s Real=0,01s
[2019-04-15T15:36:41.453+0200][5245,974s] GC(1166) Concurrent Abortable Preclean
[2019-04-15T15:36:41.602+0200][5246,123s] GC(1167) Pause Young (Allocation Failure)
[2019-04-15T15:36:41.602+0200][5246,123s] GC(1167) Using 4 workers of 4 for evacuation
[2019-04-15T15:36:41.618+0200][5246,138s] GC(1166) Concurrent Abortable Preclean 164,424ms
[2019-04-15T15:36:41.618+0200][5246,138s] GC(1166) User=0,23s Sys=0,00s Real=0,16s
[2019-04-15T15:36:41.618+0200][5246,138s] GC(1167) ParNew: 107627K->17872K(109248K)
[2019-04-15T15:36:41.618+0200][5246,138s] GC(1167) CMS: 207847K->208003K(393216K)
[2019-04-15T15:36:41.618+0200][5246,138s] GC(1167) Metaspace: 84281K->84281K(1126400K)
[2019-04-15T15:36:41.618+0200][5246,138s] GC(1167) Pause Young (Allocation Failure) 308M->220M(490M) 15,663ms
[2019-04-15T15:36:41.618+0200][5246,138s] GC(1167) User=0,03s Sys=0,00s Real=0,02s
[2019-04-15T15:36:41.618+0200][5246,139s] GC(1166) Pause Remark
[2019-04-15T15:36:41.618+0200][5246,139s] GC(1168) Pause Young (CMS Final Remark)
[2019-04-15T15:36:41.618+0200][5246,139s] GC(1168) Using 4 workers of 4 for evacuation
[2019-04-15T15:36:41.638+0200][5246,159s] GC(1168) ParNew: 19433K->21479K(109248K)
[2019-04-15T15:36:41.638+0200][5246,159s] GC(1168) CMS: 208003K->208003K(393216K)
[2019-04-15T15:36:41.639+0200][5246,159s] GC(1168) Metaspace: 84281K->84281K(1126400K)
[2019-04-15T15:36:41.639+0200][5246,159s] GC(1168) Pause Young (CMS Final Remark) 222M->224M(490M) 20,227ms
[2019-04-15T15:36:41.639+0200][5246,159s] GC(1168) User=0,04s Sys=0,00s Real=0,02s
[2019-04-15T15:36:41.687+0200][5246,207s] GC(1166) Pause Remark 222M->224M(490M) 68,650ms
[2019-04-15T15:36:41.687+0200][5246,207s] GC(1166) User=0,10s Sys=0,00s Real=0,07s
[2019-04-15T15:36:41.687+0200][5246,207s] GC(1166) Concurrent Sweep
[2019-04-15T15:36:41.831+0200][5246,352s] GC(1169) Pause Young (Allocation Failure)
[2019-04-15T15:36:41.832+0200][5246,352s] GC(1169) Using 4 workers of 4 for evacuation
[2019-04-15T15:36:41.848+0200][5246,369s] GC(1169) ParNew: 108903K->20610K(109248K)
[2019-04-15T15:36:41.848+0200][5246,369s] GC(1169) CMS: 191939K->191987K(393216K)
[2019-04-15T15:36:41.848+0200][5246,369s] GC(1169) Metaspace: 84281K->84281K(1126400K)
[2019-04-15T15:36:41.848+0200][5246,369s] GC(1169) Pause Young (Allocation Failure) 293M->207M(490M) 16,737ms
[2019-04-15T15:36:41.848+0200][5246,369s] GC(1169) User=0,05s Sys=0,00s Real=0,02s
[2019-04-15T15:36:41.849+0200][5246,370s] GC(1166) Concurrent Sweep 162,263ms
[2019-04-15T15:36:41.849+0200][5246,370s] GC(1166) User=0,33s Sys=0,00s Real=0,16s
[2019-04-15T15:36:41.849+0200][5246,370s] GC(1166) Concurrent Reset
[2019-04-15T15:36:41.850+0200][5246,370s] GC(1166) Concurrent Reset 0,664ms
[2019-04-15T15:36:41.850+0200][5246,370s] GC(1166) User=0,00s Sys=0,00s Real=0,00s
[2019-04-15T15:36:41.850+0200][5246,371s] GC(1166) Old: 207847K->191660K(393216K)
[2019-04-15T15:36:41.967+0200][5246,488s] GC(1170) Pause Young (Allocation Failure)
[2019-04-15T15:36:41.967+0200][5246,488s] GC(1170) Using 4 workers of 4 for evacuation
[2019-04-15T15:36:41.980+0200][5246,500s] GC(1170) ParNew: 108034K->13800K(109248K)
[2019-04-15T15:36:41.980+0200][5246,500s] GC(1170) CMS: 191660K->194893K(393216K)
[2019-04-15T15:36:41.980+0200][5246,500s] GC(1170) Metaspace: 84281K->84281K(1126400K)
[2019-04-15T15:36:41.980+0200][5246,500s] GC(1170) Pause Young (Allocation Failure) 292M->203M(490M) 12,368ms
[2019-04-15T15:36:41.980+0200][5246,500s] GC(1170) User=0,02s Sys=0,00s Real=0,01s
[2019-04-15T15:36:42.130+0200][5246,650s] GC(1171) Pause Young (Allocation Failure)
[2019-04-15T15:36:42.130+0200][5246,650s] GC(1171) Using 4 workers of 4 for evacuation
[2019-04-15T15:36:42.147+0200][5246,668s] GC(1171) ParNew: 101224K->17538K(109248K)
[2019-04-15T15:36:42.147+0200][5246,668s] GC(1171) CMS: 194893K->201104K(393216K)
[2019-04-15T15:36:42.147+0200][5246,668s] GC(1171) Metaspace: 84281K->84281K(1126400K)
[2019-04-15T15:36:42.148+0200][5246,668s] GC(1171) Pause Young (Allocation Failure) 289M->213M(490M) 17,725ms
[2019-04-15T15:36:42.148+0200][5246,668s] GC(1171) User=0,04s Sys=0,00s Real=0,02s
[2019-04-15T15:36:42.148+0200][5246,668s] GC(1172) Pause Initial Mark
[2019-04-15T15:36:42.149+0200][5246,669s] GC(1172) Pause Initial Mark 215M->215M(490M) 1,017ms
[2019-04-15T15:36:42.149+0200][5246,669s] GC(1172) User=0,00s Sys=0,00s Real=0,00s
[2019-04-15T15:36:42.149+0200][5246,669s] GC(1172) Concurrent Mark
[2019-04-15T15:36:42.149+0200][5246,669s] GC(1172) Using 4 workers of 4 for marking
[2019-04-15T15:36:42.231+0200][5246,752s] GC(1172) Concurrent Mark 82,322ms
[2019-04-15T15:36:42.231+0200][5246,752s] GC(1172) User=0,24s Sys=0,00s Real=0,08s
[2019-04-15T15:36:42.231+0200][5246,752s] GC(1172) Concurrent Preclean
[2019-04-15T15:36:42.232+0200][5246,753s] GC(1172) Concurrent Preclean 1,271ms
[2019-04-15T15:36:42.232+0200][5246,753s] GC(1172) User=0,01s Sys=0,00s Real=0,00s
[2019-04-15T15:36:42.232+0200][5246,753s] GC(1172) Concurrent Abortable Preclean
[2019-04-15T15:36:42.330+0200][5246,851s] GC(1173) Pause Young (Allocation Failure)
[2019-04-15T15:36:42.330+0200][5246,851s] GC(1173) Using 4 workers of 4 for evacuation
[2019-04-15T15:36:42.340+0200][5246,860s] GC(1173) ParNew: 104962K->6785K(109248K)
[2019-04-15T15:36:42.340+0200][5246,860s] GC(1173) CMS: 201104K->201104K(393216K)
[2019-04-15T15:36:42.340+0200][5246,860s] GC(1173) Metaspace: 84281K->84281K(1126400K)
[2019-04-15T15:36:42.340+0200][5246,860s] GC(1173) Pause Young (Allocation Failure) 298M->203M(490M) 9,579ms
[2019-04-15T15:36:42.340+0200][5246,860s] GC(1173) User=0,02s Sys=0,00s Real=0,01s
[2019-04-15T15:36:42.472+0200][5246,993s] GC(1174) Pause Young (Allocation Failure)
[2019-04-15T15:36:42.472+0200][5246,993s] GC(1174) Using 4 workers of 4 for evacuation
[2019-04-15T15:36:42.485+0200][5247,005s] GC(1174) ParNew: 94209K->8788K(109248K)
[2019-04-15T15:36:42.485+0200][5247,005s] GC(1174) CMS: 201104K->201557K(393216K)
[2019-04-15T15:36:42.485+0200][5247,005s] GC(1174) Metaspace: 84281K->84281K(1126400K)
[2019-04-15T15:36:42.485+0200][5247,005s] GC(1174) Pause Young (Allocation Failure) 288M->205M(490M) 12,594ms
[2019-04-15T15:36:42.485+0200][5247,005s] GC(1174) User=0,02s Sys=0,00s Real=0,01s
[2019-04-15T15:36:42.488+0200][5247,008s] GC(1172) Concurrent Abortable Preclean 255,410ms
[2019-04-15T15:36:42.488+0200][5247,008s] GC(1172) User=0,33s Sys=0,00s Real=0,26s
[2019-04-15T15:36:42.488+0200][5247,009s] GC(1172) Pause Remark
[2019-04-15T15:36:42.488+0200][5247,009s] GC(1175) Pause Young (CMS Final Remark)
[2019-04-15T15:36:42.488+0200][5247,009s] GC(1175) Using 4 workers of 4 for evacuation
[2019-04-15T15:36:42.497+0200][5247,018s] GC(1175) ParNew: 10516K->4492K(109248K)
[2019-04-15T15:36:42.497+0200][5247,018s] GC(1175) CMS: 201557K->201908K(393216K)
[2019-04-15T15:36:42.497+0200][5247,018s] GC(1175) Metaspace: 84281K->84281K(1126400K)
[2019-04-15T15:36:42.497+0200][5247,018s] GC(1175) Pause Young (CMS Final Remark) 207M->201M(490M) 9,007ms
[2019-04-15T15:36:42.497+0200][5247,018s] GC(1175) User=0,02s Sys=0,00s Real=0,01s
[2019-04-15T15:36:42.537+0200][5247,058s] GC(1172) Pause Remark 207M->201M(490M) 49,330ms
[2019-04-15T15:36:42.537+0200][5247,058s] GC(1172) User=0,07s Sys=0,00s Real=0,05s
[2019-04-15T15:36:42.538+0200][5247,058s] GC(1172) Concurrent Sweep
[2019-04-15T15:36:42.604+0200][5247,125s] GC(1172) Concurrent Sweep 66,905ms
[2019-04-15T15:36:42.604+0200][5247,125s] GC(1172) User=0,13s Sys=0,00s Real=0,06s
[2019-04-15T15:36:42.605+0200][5247,125s] GC(1172) Concurrent Reset
[2019-04-15T15:36:42.605+0200][5247,125s] GC(1172) Concurrent Reset 0,497ms
[2019-04-15T15:36:42.605+0200][5247,125s] GC(1172) User=0,01s Sys=0,00s Real=0,01s
[2019-04-15T15:36:42.605+0200][5247,125s] GC(1172) Old: 201104K->190919K(393216K)
[2019-04-15T15:36:42.690+0200][5247,210s] GC(1176) Pause Young (Allocation Failure)
[2019-04-15T15:36:42.690+0200][5247,210s] GC(1176) Using 4 workers of 4 for evacuation
[2019-04-15T15:36:42.705+0200][5247,226s] GC(1176) ParNew: 91916K->6128K(109248K)
[2019-04-15T15:36:42.705+0200][5247,226s] GC(1176) CMS: 190919K->191036K(393216K)
[2019-04-15T15:36:42.705+0200][5247,226s] GC(1176) Metaspace: 84281K->84281K(1126400K)
[2019-04-15T15:36:42.705+0200][5247,226s] GC(1176) Pause Young (Allocation Failure) 276M->192M(490M) 15,290ms
[2019-04-15T15:36:42.705+0200][5247,226s] GC(1176) User=0,04s Sys=0,00s Real=0,02s
[2019-04-15T15:36:42.835+0200][5247,355s] GC(1177) Pause Young (Allocation Failure)
[2019-04-15T15:36:42.835+0200][5247,355s] GC(1177) Using 4 workers of 4 for evacuation
[2019-04-15T15:36:42.849+0200][5247,369s] GC(1177) ParNew: 93552K->4765K(109248K)
[2019-04-15T15:36:42.849+0200][5247,369s] GC(1177) CMS: 191036K->191036K(393216K)
[2019-04-15T15:36:42.849+0200][5247,369s] GC(1177) Metaspace: 84281K->84281K(1126400K)
[2019-04-15T15:36:42.849+0200][5247,369s] GC(1177) Pause Young (Allocation Failure) 277M->191M(490M) 13,955ms
[2019-04-15T15:36:42.849+0200][5247,369s] GC(1177) User=0,03s Sys=0,00s Real=0,01s
[2019-04-15T15:36:42.975+0200][5247,495s] GC(1178) Pause Young (Allocation Failure)
[2019-04-15T15:36:42.975+0200][5247,496s] GC(1178) Using 4 workers of 4 for evacuation
[2019-04-15T15:36:42.991+0200][5247,511s] GC(1178) ParNew: 92189K->3341K(109248K)
[2019-04-15T15:36:42.991+0200][5247,511s] GC(1178) CMS: 191036K->191038K(393216K)
[2019-04-15T15:36:42.991+0200][5247,511s] GC(1178) Metaspace: 84281K->84281K(1126400K)
[2019-04-15T15:36:42.991+0200][5247,511s] GC(1178) Pause Young (Allocation Failure) 276M->189M(490M) 16,006ms
[2019-04-15T15:36:42.991+0200][5247,512s] GC(1178) User=0,03s Sys=0,00s Real=0,01s
[2019-04-15T15:36:43.114+0200][5247,634s] GC(1179) Pause Young (Allocation Failure)
[2019-04-15T15:36:43.114+0200][5247,634s] GC(1179) Using 4 workers of 4 for evacuation
[2019-04-15T15:36:43.126+0200][5247,646s] GC(1179) ParNew: 90765K->5394K(109248K)
[2019-04-15T15:36:43.126+0200][5247,646s] GC(1179) CMS: 191038K->191038K(393216K)
[2019-04-15T15:36:43.126+0200][5247,646s] GC(1179) Metaspace: 84281K->84281K(1126400K)
[2019-04-15T15:36:43.126+0200][5247,646s] GC(1179) Pause Young (Allocation Failure) 275M->191M(490M) 11,771ms
[2019-04-15T15:36:43.126+0200][5247,646s] GC(1179) User=0,03s Sys=0,00s Real=0,01s
[2019-04-15T15:36:43.148+0200][5247,668s] GC(1180) Pause Young (Allocation Failure)
[2019-04-15T15:36:43.148+0200][5247,668s] GC(1180) Using 4 workers of 4 for evacuation
[2019-04-15T15:36:43.159+0200][5247,680s] GC(1180) ParNew: 92818K->3609K(109248K)
[2019-04-15T15:36:43.159+0200][5247,680s] GC(1180) CMS: 191038K->191038K(393216K)
[2019-04-15T15:36:43.159+0200][5247,680s] GC(1180) Metaspace: 84281K->84281K(1126400K)
[2019-04-15T15:36:43.159+0200][5247,680s] GC(1180) Pause Young (Allocation Failure) 277M->190M(490M) 11,649ms
[2019-04-15T15:36:43.159+0200][5247,680s] GC(1180) User=0,03s Sys=0,00s Real=0,01s
[2019-04-15T15:36:43.308+0200][5247,828s] GC(1181) Pause Young (Allocation Failure)
[2019-04-15T15:36:43.308+0200][5247,828s] GC(1181) Using 4 workers of 4 for evacuation
[2019-04-15T15:36:43.333+0200][5247,854s] GC(1181) ParNew: 91033K->3597K(109248K)
[2019-04-15T15:36:43.333+0200][5247,854s] GC(1181) CMS: 191038K->191038K(393216K)
[2019-04-15T15:36:43.333+0200][5247,854s] GC(1181) Metaspace: 84282K->84282K(1126400K)
[2019-04-15T15:36:43.333+0200][5247,854s] GC(1181) Pause Young (Allocation Failure) 275M->190M(490M) 25,402ms
[2019-04-15T15:36:43.333+0200][5247,854s] GC(1181) User=0,07s Sys=0,00s Real=0,03s
[2019-04-15T15:36:43.457+0200][5247,977s] GC(1182) Pause Young (Allocation Failure)
[2019-04-15T15:36:43.457+0200][5247,977s] GC(1182) Using 4 workers of 4 for evacuation
[2019-04-15T15:36:43.476+0200][5247,996s] GC(1182) ParNew: 91021K->3539K(109248K)
[2019-04-15T15:36:43.476+0200][5247,996s] GC(1182) CMS: 191038K->191039K(393216K)
[2019-04-15T15:36:43.476+0200][5247,996s] GC(1182) Metaspace: 84282K->84282K(1126400K)
[2019-04-15T15:36:43.476+0200][5247,997s] GC(1182) Pause Young (Allocation Failure) 275M->190M(490M) 19,276ms
[2019-04-15T15:36:43.476+0200][5247,997s] GC(1182) User=0,05s Sys=0,00s Real=0,02s
[2019-04-15T15:36:43.601+0200][5248,121s] GC(1183) Pause Young (Allocation Failure)
[2019-04-15T15:36:43.601+0200][5248,121s] GC(1183) Using 4 workers of 4 for evacuation
[2019-04-15T15:36:43.617+0200][5248,137s] GC(1183) ParNew: 90963K->8152K(109248K)
[2019-04-15T15:36:43.617+0200][5248,137s] GC(1183) CMS: 191039K->191039K(393216K)
[2019-04-15T15:36:43.617+0200][5248,137s] GC(1183) Metaspace: 84282K->84282K(1126400K)
[2019-04-15T15:36:43.617+0200][5248,137s] GC(1183) Pause Young (Allocation Failure) 275M->194M(490M) 16,070ms
[2019-04-15T15:36:43.617+0200][5248,137s] GC(1183) User=0,03s Sys=0,00s Real=0,02s
[2019-04-15T15:36:44.491+0200][5249,012s] GC(1184) Pause Young (Allocation Failure)
[2019-04-15T15:36:44.491+0200][5249,012s] GC(1184) Using 4 workers of 4 for evacuation
[2019-04-15T15:36:44.515+0200][5249,036s] GC(1184) ParNew: 95576K->21824K(109248K)
[2019-04-15T15:36:44.515+0200][5249,036s] GC(1184) CMS: 191039K->195495K(393216K)
[2019-04-15T15:36:44.515+0200][5249,036s] GC(1184) Metaspace: 84290K->84290K(1126400K)
[2019-04-15T15:36:44.515+0200][5249,036s] GC(1184) Pause Young (Allocation Failure) 279M->212M(490M) 24,109ms
[2019-04-15T15:36:44.515+0200][5249,036s] GC(1184) User=0,06s Sys=0,00s Real=0,03s
[2019-04-15T15:36:44.619+0200][5249,139s] GC(1185) Pause Young (Allocation Failure)
[2019-04-15T15:36:44.619+0200][5249,139s] GC(1185) Using 4 workers of 4 for evacuation
[2019-04-15T15:36:44.635+0200][5249,156s] GC(1185) ParNew: 109248K->21824K(109248K)
[2019-04-15T15:36:44.635+0200][5249,156s] GC(1185) CMS: 195495K->200446K(393216K)
[2019-04-15T15:36:44.635+0200][5249,156s] GC(1185) Metaspace: 84290K->84290K(1126400K)
[2019-04-15T15:36:44.635+0200][5249,156s] GC(1185) Pause Young (Allocation Failure) 297M->217M(490M) 16,623ms
[2019-04-15T15:36:44.635+0200][5249,156s] GC(1185) User=0,04s Sys=0,00s Real=0,02s
[2019-04-15T15:36:44.637+0200][5249,157s] GC(1186) Pause Initial Mark
[2019-04-15T15:36:44.639+0200][5249,159s] GC(1186) Pause Initial Mark 218M->218M(490M) 1,732ms
[2019-04-15T15:36:44.639+0200][5249,159s] GC(1186) User=0,00s Sys=0,00s Real=0,00s
[2019-04-15T15:36:44.639+0200][5249,159s] GC(1186) Concurrent Mark
[2019-04-15T15:36:44.639+0200][5249,159s] GC(1186) Using 4 workers of 4 for marking
[2019-04-15T15:36:44.726+0200][5249,246s] GC(1186) Concurrent Mark 86,686ms
[2019-04-15T15:36:44.726+0200][5249,246s] GC(1186) User=0,26s Sys=0,00s Real=0,09s
[2019-04-15T15:36:44.726+0200][5249,246s] GC(1186) Concurrent Preclean
[2019-04-15T15:36:44.727+0200][5249,247s] GC(1186) Concurrent Preclean 1,332ms
[2019-04-15T15:36:44.727+0200][5249,247s] GC(1186) User=0,00s Sys=0,00s Real=0,00s
[2019-04-15T15:36:44.727+0200][5249,247s] GC(1186) Concurrent Abortable Preclean
[2019-04-15T15:36:44.872+0200][5249,392s] GC(1187) Pause Young (Allocation Failure)
[2019-04-15T15:36:44.872+0200][5249,392s] GC(1187) Using 4 workers of 4 for evacuation
[2019-04-15T15:36:44.882+0200][5249,402s] GC(1187) ParNew: 109248K->19820K(109248K)
[2019-04-15T15:36:44.882+0200][5249,402s] GC(1187) CMS: 200446K->200446K(393216K)
[2019-04-15T15:36:44.882+0200][5249,402s] GC(1187) Metaspace: 84290K->84290K(1126400K)
[2019-04-15T15:36:44.882+0200][5249,402s] GC(1187) Pause Young (Allocation Failure) 302M->215M(490M) 9,943ms
[2019-04-15T15:36:44.882+0200][5249,402s] GC(1187) User=0,03s Sys=0,00s Real=0,01s
[2019-04-15T15:36:45.237+0200][5249,757s] GC(1186) Concurrent Abortable Preclean 510,051ms
[2019-04-15T15:36:45.237+0200][5249,758s] GC(1186) User=0,78s Sys=0,02s Real=0,51s
[2019-04-15T15:36:45.237+0200][5249,758s] GC(1186) Pause Remark
[2019-04-15T15:36:45.237+0200][5249,758s] GC(1188) Pause Young (CMS Final Remark)
[2019-04-15T15:36:45.237+0200][5249,758s] GC(1188) Using 4 workers of 4 for evacuation
[2019-04-15T15:36:45.248+0200][5249,769s] GC(1188) ParNew: 89561K->21824K(109248K)
[2019-04-15T15:36:45.248+0200][5249,769s] GC(1188) CMS: 200446K->201378K(393216K)
[2019-04-15T15:36:45.248+0200][5249,769s] GC(1188) Metaspace: 84290K->84290K(1126400K)
[2019-04-15T15:36:45.248+0200][5249,769s] GC(1188) Pause Young (CMS Final Remark) 283M->217M(490M) 10,947ms
[2019-04-15T15:36:45.248+0200][5249,769s] GC(1188) User=0,03s Sys=0,00s Real=0,01s
[2019-04-15T15:36:45.294+0200][5249,814s] GC(1186) Pause Remark 283M->217M(490M) 56,712ms
[2019-04-15T15:36:45.294+0200][5249,814s] GC(1186) User=0,09s Sys=0,00s Real=0,06s
[2019-04-15T15:36:45.294+0200][5249,815s] GC(1186) Concurrent Sweep
[2019-04-15T15:36:45.363+0200][5249,884s] GC(1186) Concurrent Sweep 69,085ms
[2019-04-15T15:36:45.363+0200][5249,884s] GC(1186) User=0,14s Sys=0,00s Real=0,06s
[2019-04-15T15:36:45.363+0200][5249,884s] GC(1186) Concurrent Reset
[2019-04-15T15:36:45.364+0200][5249,884s] GC(1186) Concurrent Reset 0,392ms
[2019-04-15T15:36:45.364+0200][5249,884s] GC(1186) User=0,00s Sys=0,00s Real=0,00s
[2019-04-15T15:36:45.364+0200][5249,884s] GC(1186) Old: 200446K->150857K(393216K)
[2019-04-15T15:36:45.664+0200][5250,184s] GC(1189) Pause Young (Allocation Failure)
[2019-04-15T15:36:45.664+0200][5250,184s] GC(1189) Using 4 workers of 4 for evacuation
[2019-04-15T15:36:45.675+0200][5250,196s] GC(1189) ParNew: 109248K->16685K(109248K)
[2019-04-15T15:36:45.675+0200][5250,196s] GC(1189) CMS: 150857K->150857K(393216K)
[2019-04-15T15:36:45.675+0200][5250,196s] GC(1189) Metaspace: 84290K->84290K(1126400K)
[2019-04-15T15:36:45.675+0200][5250,196s] GC(1189) Pause Young (Allocation Failure) 254M->163M(490M) 11,379ms
[2019-04-15T15:36:45.675+0200][5250,196s] GC(1189) User=0,03s Sys=0,00s Real=0,02s
[2019-04-15T15:36:45.804+0200][5250,325s] GC(1190) Pause Young (Allocation Failure)
[2019-04-15T15:36:45.804+0200][5250,325s] GC(1190) Using 4 workers of 4 for evacuation
[2019-04-15T15:36:45.822+0200][5250,343s] GC(1190) ParNew: 104109K->21824K(109248K)
[2019-04-15T15:36:45.822+0200][5250,343s] GC(1190) CMS: 150857K->150857K(393216K)
[2019-04-15T15:36:45.822+0200][5250,343s] GC(1190) Metaspace: 84291K->84291K(1126400K)
[2019-04-15T15:36:45.822+0200][5250,343s] GC(1190) Pause Young (Allocation Failure) 248M->168M(490M) 18,099ms
[2019-04-15T15:36:45.822+0200][5250,343s] GC(1190) User=0,05s Sys=0,00s Real=0,02s
[2019-04-15T15:36:45.942+0200][5250,462s] GC(1191) Pause Young (Allocation Failure)
[2019-04-15T15:36:45.942+0200][5250,462s] GC(1191) Using 4 workers of 4 for evacuation
[2019-04-15T15:36:45.973+0200][5250,494s] GC(1191) ParNew: 109248K->21824K(109248K)
[2019-04-15T15:36:45.973+0200][5250,494s] GC(1191) CMS: 150857K->163501K(393216K)
[2019-04-15T15:36:45.973+0200][5250,494s] GC(1191) Metaspace: 84291K->84291K(1126400K)
[2019-04-15T15:36:45.973+0200][5250,494s] GC(1191) Pause Young (Allocation Failure) 254M->180M(490M) 31,154ms
[2019-04-15T15:36:45.973+0200][5250,494s] GC(1191) User=0,07s Sys=0,00s Real=0,04s
[2019-04-15T15:36:46.077+0200][5250,597s] GC(1192) Pause Young (Allocation Failure)
[2019-04-15T15:36:46.077+0200][5250,597s] GC(1192) Using 4 workers of 4 for evacuation
[2019-04-15T15:36:46.105+0200][5250,625s] GC(1192) ParNew: 109248K->21824K(109248K)
[2019-04-15T15:36:46.105+0200][5250,625s] GC(1192) CMS: 163501K->169410K(393216K)
[2019-04-15T15:36:46.105+0200][5250,625s] GC(1192) Metaspace: 84291K->84291K(1126400K)
[2019-04-15T15:36:46.105+0200][5250,625s] GC(1192) Pause Young (Allocation Failure) 266M->186M(490M) 28,235ms
[2019-04-15T15:36:46.105+0200][5250,625s] GC(1192) User=0,07s Sys=0,00s Real=0,02s
[2019-04-15T15:36:46.194+0200][5250,715s] GC(1193) Pause Young (Allocation Failure)
[2019-04-15T15:36:46.194+0200][5250,715s] GC(1193) Using 4 workers of 4 for evacuation
[2019-04-15T15:36:46.216+0200][5250,737s] GC(1193) ParNew: 109248K->21824K(109248K)
[2019-04-15T15:36:46.216+0200][5250,737s] GC(1193) CMS: 169410K->173799K(393216K)
[2019-04-15T15:36:46.216+0200][5250,737s] GC(1193) Metaspace: 84291K->84291K(1126400K)
[2019-04-15T15:36:46.216+0200][5250,737s] GC(1193) Pause Young (Allocation Failure) 272M->191M(490M) 22,159ms
[2019-04-15T15:36:46.216+0200][5250,737s] GC(1193) User=0,05s Sys=0,00s Real=0,02s
[2019-04-15T15:36:46.410+0200][5250,931s] GC(1194) Pause Young (Allocation Failure)
[2019-04-15T15:36:46.411+0200][5250,931s] GC(1194) Using 4 workers of 4 for evacuation
[2019-04-15T15:36:46.440+0200][5250,960s] GC(1194) ParNew: 109248K->21824K(109248K)
[2019-04-15T15:36:46.440+0200][5250,960s] GC(1194) CMS: 173799K->176456K(393216K)
[2019-04-15T15:36:46.440+0200][5250,960s] GC(1194) Metaspace: 84291K->84291K(1126400K)
[2019-04-15T15:36:46.440+0200][5250,960s] GC(1194) Pause Young (Allocation Failure) 276M->193M(490M) 29,191ms
[2019-04-15T15:36:46.440+0200][5250,960s] GC(1194) User=0,05s Sys=0,01s Real=0,03s
[2019-04-15T15:36:46.572+0200][5251,092s] GC(1195) Pause Young (Allocation Failure)
[2019-04-15T15:36:46.572+0200][5251,092s] GC(1195) Using 4 workers of 4 for evacuation
[2019-04-15T15:36:46.596+0200][5251,116s] GC(1195) ParNew: 109248K->21824K(109248K)
[2019-04-15T15:36:46.596+0200][5251,116s] GC(1195) CMS: 176456K->177333K(393216K)
[2019-04-15T15:36:46.596+0200][5251,116s] GC(1195) Metaspace: 84291K->84291K(1126400K)
[2019-04-15T15:36:46.596+0200][5251,116s] GC(1195) Pause Young (Allocation Failure) 279M->194M(490M) 24,038ms
[2019-04-15T15:36:46.596+0200][5251,116s] GC(1195) User=0,04s Sys=0,00s Real=0,03s
[2019-04-15T15:36:46.710+0200][5251,230s] GC(1196) Pause Young (Allocation Failure)
[2019-04-15T15:36:46.710+0200][5251,230s] GC(1196) Using 4 workers of 4 for evacuation
[2019-04-15T15:36:46.753+0200][5251,273s] GC(1196) ParNew: 109248K->21824K(109248K)
[2019-04-15T15:36:46.753+0200][5251,273s] GC(1196) CMS: 177333K->178195K(393216K)
[2019-04-15T15:36:46.753+0200][5251,273s] GC(1196) Metaspace: 84291K->84291K(1126400K)
[2019-04-15T15:36:46.753+0200][5251,273s] GC(1196) Pause Young (Allocation Failure) 279M->195M(490M) 43,525ms
[2019-04-15T15:36:46.753+0200][5251,273s] GC(1196) User=0,05s Sys=0,00s Real=0,05s
[2019-04-15T15:36:46.909+0200][5251,429s] GC(1197) Pause Young (Allocation Failure)
[2019-04-15T15:36:46.909+0200][5251,429s] GC(1197) Using 4 workers of 4 for evacuation
[2019-04-15T15:36:46.947+0200][5251,468s] GC(1197) ParNew: 109248K->21824K(109248K)
[2019-04-15T15:36:46.948+0200][5251,468s] GC(1197) CMS: 178195K->180992K(393216K)
[2019-04-15T15:36:46.948+0200][5251,468s] GC(1197) Metaspace: 84291K->84291K(1126400K)
[2019-04-15T15:36:46.948+0200][5251,468s] GC(1197) Pause Young (Allocation Failure) 280M->198M(490M) 38,849ms
[2019-04-15T15:36:46.948+0200][5251,468s] GC(1197) User=0,05s Sys=0,00s Real=0,04s
[2019-04-15T15:36:47.070+0200][5251,591s] GC(1198) Pause Young (Allocation Failure)
[2019-04-15T15:36:47.070+0200][5251,591s] GC(1198) Using 4 workers of 4 for evacuation
[2019-04-15T15:36:47.113+0200][5251,633s] GC(1198) ParNew: 109248K->21084K(109248K)
[2019-04-15T15:36:47.113+0200][5251,633s] GC(1198) CMS: 180992K->182425K(393216K)
[2019-04-15T15:36:47.113+0200][5251,633s] GC(1198) Metaspace: 84291K->84291K(1126400K)
[2019-04-15T15:36:47.113+0200][5251,633s] GC(1198) Pause Young (Allocation Failure) 283M->198M(490M) 42,392ms
[2019-04-15T15:36:47.113+0200][5251,633s] GC(1198) User=0,04s Sys=0,00s Real=0,04s
[2019-04-15T15:36:47.578+0200][5252,098s] GC(1199) Pause Young (Allocation Failure)
[2019-04-15T15:36:47.578+0200][5252,098s] GC(1199) Using 4 workers of 4 for evacuation
[2019-04-15T15:36:47.612+0200][5252,133s] GC(1199) ParNew: 108508K->21824K(109248K)
[2019-04-15T15:36:47.612+0200][5252,133s] GC(1199) CMS: 182425K->187962K(393216K)
[2019-04-15T15:36:47.612+0200][5252,133s] GC(1199) Metaspace: 84291K->84291K(1126400K)
[2019-04-15T15:36:47.612+0200][5252,133s] GC(1199) Pause Young (Allocation Failure) 284M->204M(490M) 34,689ms
[2019-04-15T15:36:47.613+0200][5252,133s] GC(1199) User=0,05s Sys=0,00s Real=0,03s
[2019-04-15T15:36:48.068+0200][5252,588s] GC(1200) Pause Young (Allocation Failure)
[2019-04-15T15:36:48.068+0200][5252,588s] GC(1200) Using 4 workers of 4 for evacuation
[2019-04-15T15:36:48.103+0200][5252,623s] GC(1200) ParNew: 109248K->21235K(109248K)
[2019-04-15T15:36:48.103+0200][5252,624s] GC(1200) CMS: 187962K->193103K(393216K)
[2019-04-15T15:36:48.103+0200][5252,624s] GC(1200) Metaspace: 84293K->84293K(1126400K)
[2019-04-15T15:36:48.103+0200][5252,624s] GC(1200) Pause Young (Allocation Failure) 290M->209M(490M) 35,581ms
[2019-04-15T15:36:48.103+0200][5252,624s] GC(1200) User=0,06s Sys=0,00s Real=0,03s
[2019-04-15T15:36:48.505+0200][5253,025s] GC(1201) Pause Young (Allocation Failure)
[2019-04-15T15:36:48.505+0200][5253,025s] GC(1201) Using 4 workers of 4 for evacuation
[2019-04-15T15:36:48.520+0200][5253,040s] GC(1201) ParNew: 108659K->18928K(109248K)
[2019-04-15T15:36:48.520+0200][5253,040s] GC(1201) CMS: 193103K->193664K(393216K)
[2019-04-15T15:36:48.520+0200][5253,040s] GC(1201) Metaspace: 84293K->84293K(1126400K)
[2019-04-15T15:36:48.520+0200][5253,040s] GC(1201) Pause Young (Allocation Failure) 294M->207M(490M) 14,871ms
[2019-04-15T15:36:48.520+0200][5253,040s] GC(1201) User=0,03s Sys=0,00s Real=0,02s
[2019-04-15T15:36:48.708+0200][5253,228s] GC(1202) Pause Young (Allocation Failure)
[2019-04-15T15:36:48.708+0200][5253,229s] GC(1202) Using 4 workers of 4 for evacuation
[2019-04-15T15:36:48.741+0200][5253,261s] GC(1202) ParNew: 106352K->21824K(109248K)
[2019-04-15T15:36:48.741+0200][5253,261s] GC(1202) CMS: 193664K->201403K(393216K)
[2019-04-15T15:36:48.741+0200][5253,261s] GC(1202) Metaspace: 84294K->84294K(1126400K)
[2019-04-15T15:36:48.741+0200][5253,261s] GC(1202) Pause Young (Allocation Failure) 292M->217M(490M) 32,734ms
[2019-04-15T15:36:48.741+0200][5253,261s] GC(1202) User=0,08s Sys=0,00s Real=0,03s
[2019-04-15T15:36:48.746+0200][5253,266s] GC(1203) Pause Initial Mark
[2019-04-15T15:36:48.751+0200][5253,272s] GC(1203) Pause Initial Mark 221M->221M(490M) 5,305ms
[2019-04-15T15:36:48.751+0200][5253,272s] GC(1203) User=0,02s Sys=0,00s Real=0,00s
[2019-04-15T15:36:48.751+0200][5253,272s] GC(1203) Concurrent Mark
[2019-04-15T15:36:48.751+0200][5253,272s] GC(1203) Using 4 workers of 4 for marking
[2019-04-15T15:36:48.891+0200][5253,412s] GC(1203) Concurrent Mark 139,791ms
[2019-04-15T15:36:48.891+0200][5253,412s] GC(1203) User=0,40s Sys=0,00s Real=0,14s
[2019-04-15T15:36:48.891+0200][5253,412s] GC(1203) Concurrent Preclean
[2019-04-15T15:36:48.893+0200][5253,413s] GC(1203) Concurrent Preclean 1,402ms
[2019-04-15T15:36:48.893+0200][5253,413s] GC(1203) User=0,00s Sys=0,00s Real=0,00s
[2019-04-15T15:36:48.893+0200][5253,413s] GC(1203) Concurrent Abortable Preclean
[2019-04-15T15:36:48.936+0200][5253,456s] GC(1204) Pause Young (Allocation Failure)
[2019-04-15T15:36:48.936+0200][5253,456s] GC(1204) Using 4 workers of 4 for evacuation
[2019-04-15T15:36:48.999+0200][5253,519s] GC(1204) ParNew: 109248K->21824K(109248K)
[2019-04-15T15:36:48.999+0200][5253,519s] GC(1204) CMS: 201403K->220570K(393216K)
[2019-04-15T15:36:48.999+0200][5253,519s] GC(1204) Metaspace: 84294K->84294K(1126400K)
[2019-04-15T15:36:48.999+0200][5253,519s] GC(1204) Pause Young (Allocation Failure) 303M->236M(490M) 62,851ms
[2019-04-15T15:36:48.999+0200][5253,519s] GC(1204) User=0,18s Sys=0,00s Real=0,06s
[2019-04-15T15:36:49.077+0200][5253,598s] GC(1205) Pause Young (Allocation Failure)
[2019-04-15T15:36:49.077+0200][5253,598s] GC(1205) Using 4 workers of 4 for evacuation
[2019-04-15T15:36:49.162+0200][5253,682s] GC(1205) ParNew: 109248K->21824K(109248K)
[2019-04-15T15:36:49.162+0200][5253,682s] GC(1205) CMS: 220570K->246191K(393216K)
[2019-04-15T15:36:49.162+0200][5253,682s] GC(1205) Metaspace: 84294K->84294K(1126400K)
[2019-04-15T15:36:49.162+0200][5253,682s] GC(1205) Pause Young (Allocation Failure) 322M->261M(490M) 84,863ms
[2019-04-15T15:36:49.162+0200][5253,683s] GC(1205) User=0,24s Sys=0,00s Real=0,08s
[2019-04-15T15:36:49.196+0200][5253,716s] GC(1203) Concurrent Abortable Preclean 302,917ms
[2019-04-15T15:36:49.196+0200][5253,716s] GC(1203) User=0,85s Sys=0,00s Real=0,31s
[2019-04-15T15:36:49.197+0200][5253,717s] GC(1203) Pause Remark
[2019-04-15T15:36:49.197+0200][5253,717s] GC(1206) Pause Young (CMS Final Remark)
[2019-04-15T15:36:49.197+0200][5253,717s] GC(1206) Using 4 workers of 4 for evacuation
[2019-04-15T15:36:49.246+0200][5253,767s] GC(1206) ParNew: 60815K->21824K(109248K)
[2019-04-15T15:36:49.246+0200][5253,767s] GC(1206) CMS: 246191K->258616K(393216K)
[2019-04-15T15:36:49.246+0200][5253,767s] GC(1206) Metaspace: 84294K->84294K(1126400K)
[2019-04-15T15:36:49.246+0200][5253,767s] GC(1206) Pause Young (CMS Final Remark) 299M->273M(490M) 49,336ms
[2019-04-15T15:36:49.246+0200][5253,767s] GC(1206) User=0,14s Sys=0,01s Real=0,05s
[2019-04-15T15:36:49.325+0200][5253,845s] GC(1203) Pause Remark 299M->273M(490M) 127,975ms
[2019-04-15T15:36:49.325+0200][5253,845s] GC(1203) User=0,30s Sys=0,01s Real=0,13s
[2019-04-15T15:36:49.325+0200][5253,845s] GC(1203) Concurrent Sweep
[2019-04-15T15:36:49.404+0200][5253,924s] GC(1207) Pause Young (Allocation Failure)
[2019-04-15T15:36:49.404+0200][5253,924s] GC(1207) Using 4 workers of 4 for evacuation
[2019-04-15T15:36:49.484+0200][5254,004s] GC(1207) ParNew: 109248K->21824K(109248K)
[2019-04-15T15:36:49.484+0200][5254,004s] GC(1207) CMS: 224187K->248069K(393216K)
[2019-04-15T15:36:49.484+0200][5254,004s] GC(1207) Metaspace: 84294K->84294K(1126400K)
[2019-04-15T15:36:49.484+0200][5254,004s] GC(1207) Pause Young (Allocation Failure) 325M->263M(490M) 80,238ms
[2019-04-15T15:36:49.484+0200][5254,004s] GC(1207) User=0,23s Sys=0,00s Real=0,08s
[2019-04-15T15:36:49.510+0200][5254,031s] GC(1203) Concurrent Sweep 185,121ms
[2019-04-15T15:36:49.510+0200][5254,031s] GC(1203) User=0,54s Sys=0,00s Real=0,18s
[2019-04-15T15:36:49.510+0200][5254,031s] GC(1203) Concurrent Reset
[2019-04-15T15:36:49.511+0200][5254,031s] GC(1203) Concurrent Reset 0,384ms
[2019-04-15T15:36:49.511+0200][5254,031s] GC(1203) User=0,00s Sys=0,00s Real=0,00s
[2019-04-15T15:36:49.511+0200][5254,031s] GC(1203) Old: 201403K->233651K(393216K)
[2019-04-15T15:36:49.543+0200][5254,064s] GC(1208) Pause Young (Allocation Failure)
[2019-04-15T15:36:49.543+0200][5254,064s] GC(1208) Using 4 workers of 4 for evacuation
[2019-04-15T15:36:49.627+0200][5254,148s] GC(1208) ParNew: 109248K->21824K(109248K)
[2019-04-15T15:36:49.627+0200][5254,148s] GC(1208) CMS: 233651K->260108K(393216K)
[2019-04-15T15:36:49.627+0200][5254,148s] GC(1208) Metaspace: 84294K->84294K(1126400K)
[2019-04-15T15:36:49.627+0200][5254,148s] GC(1208) Pause Young (Allocation Failure) 334M->275M(490M) 84,054ms
[2019-04-15T15:36:49.627+0200][5254,148s] GC(1208) User=0,24s Sys=0,00s Real=0,09s
[2019-04-15T15:36:49.630+0200][5254,150s] GC(1209) Pause Initial Mark
[2019-04-15T15:36:49.643+0200][5254,163s] GC(1209) Pause Initial Mark 278M->278M(490M) 13,350ms
[2019-04-15T15:36:49.643+0200][5254,164s] GC(1209) User=0,03s Sys=0,00s Real=0,01s
[2019-04-15T15:36:49.643+0200][5254,164s] GC(1209) Concurrent Mark
[2019-04-15T15:36:49.643+0200][5254,164s] GC(1209) Using 4 workers of 4 for marking
[2019-04-15T15:36:49.890+0200][5254,410s] GC(1209) Concurrent Mark 246,602ms
[2019-04-15T15:36:49.890+0200][5254,410s] GC(1209) User=0,60s Sys=0,00s Real=0,25s
[2019-04-15T15:36:49.890+0200][5254,411s] GC(1210) Pause Young (Allocation Failure)
[2019-04-15T15:36:49.890+0200][5254,411s] GC(1210) Using 4 workers of 4 for evacuation
[2019-04-15T15:36:50.005+0200][5254,525s] GC(1210) ParNew: 109248K->21824K(109248K)
[2019-04-15T15:36:50.005+0200][5254,525s] GC(1210) CMS: 260108K->294508K(393216K)
[2019-04-15T15:36:50.005+0200][5254,525s] GC(1210) Metaspace: 84294K->84294K(1126400K)
[2019-04-15T15:36:50.005+0200][5254,525s] GC(1210) Pause Young (Allocation Failure) 360M->308M(490M) 114,708ms
[2019-04-15T15:36:50.005+0200][5254,525s] GC(1210) User=0,33s Sys=0,00s Real=0,11s
[2019-04-15T15:36:50.005+0200][5254,525s] GC(1209) Concurrent Preclean
[2019-04-15T15:36:50.054+0200][5254,574s] GC(1209) Concurrent Preclean 48,827ms
[2019-04-15T15:36:50.054+0200][5254,574s] GC(1209) User=0,13s Sys=0,00s Real=0,06s
[2019-04-15T15:36:50.054+0200][5254,574s] GC(1209) Concurrent Abortable Preclean
[2019-04-15T15:36:50.144+0200][5254,664s] GC(1211) Pause Young (Allocation Failure)
[2019-04-15T15:36:50.144+0200][5254,665s] GC(1211) Using 4 workers of 4 for evacuation
[2019-04-15T15:36:50.217+0200][5254,738s] GC(1211) ParNew: 109248K->21824K(109248K)
[2019-04-15T15:36:50.217+0200][5254,738s] GC(1211) CMS: 294508K->310157K(393216K)
[2019-04-15T15:36:50.217+0200][5254,738s] GC(1211) Metaspace: 84294K->84294K(1126400K)
[2019-04-15T15:36:50.217+0200][5254,738s] GC(1211) Pause Young (Allocation Failure) 394M->324M(490M) 73,403ms
[2019-04-15T15:36:50.217+0200][5254,738s] GC(1211) User=0,21s Sys=0,00s Real=0,08s
[2019-04-15T15:36:50.239+0200][5254,760s] GC(1209) Concurrent Abortable Preclean 185,672ms
[2019-04-15T15:36:50.239+0200][5254,760s] GC(1209) User=0,52s Sys=0,00s Real=0,18s
[2019-04-15T15:36:50.240+0200][5254,760s] GC(1209) Pause Remark
[2019-04-15T15:36:50.240+0200][5254,760s] GC(1212) Pause Young (CMS Final Remark)
[2019-04-15T15:36:50.240+0200][5254,760s] GC(1212) Using 4 workers of 4 for evacuation
[2019-04-15T15:36:50.295+0200][5254,815s] GC(1212) ParNew: 41097K->21824K(109248K)
[2019-04-15T15:36:50.295+0200][5254,815s] GC(1212) CMS: 310157K->321118K(393216K)
[2019-04-15T15:36:50.295+0200][5254,815s] GC(1212) Metaspace: 84294K->84294K(1126400K)
[2019-04-15T15:36:50.295+0200][5254,815s] GC(1212) Pause Young (CMS Final Remark) 343M->334M(490M) 55,117ms
[2019-04-15T15:36:50.295+0200][5254,815s] GC(1212) User=0,15s Sys=0,00s Real=0,06s
[2019-04-15T15:36:50.352+0200][5254,872s] GC(1209) Pause Remark 343M->334M(490M) 112,174ms
[2019-04-15T15:36:50.352+0200][5254,872s] GC(1209) User=0,24s Sys=0,00s Real=0,11s
[2019-04-15T15:36:50.352+0200][5254,872s] GC(1209) Concurrent Sweep
[2019-04-15T15:36:50.451+0200][5254,971s] GC(1213) Pause Young (Allocation Failure)
[2019-04-15T15:36:50.451+0200][5254,971s] GC(1213) Using 4 workers of 4 for evacuation
[2019-04-15T15:36:50.555+0200][5255,075s] GC(1213) ParNew: 109248K->21824K(109248K)
[2019-04-15T15:36:50.555+0200][5255,075s] GC(1213) CMS: 306316K->324886K(393216K)
[2019-04-15T15:36:50.555+0200][5255,075s] GC(1213) Metaspace: 84294K->84294K(1126400K)
[2019-04-15T15:36:50.555+0200][5255,075s] GC(1213) Pause Young (Allocation Failure) 405M->338M(490M) 103,812ms
[2019-04-15T15:36:50.555+0200][5255,075s] GC(1213) User=0,25s Sys=0,00s Real=0,11s
[2019-04-15T15:36:50.648+0200][5255,168s] GC(1214) Pause Young (Allocation Failure)
[2019-04-15T15:36:50.648+0200][5255,168s] GC(1214) Using 4 workers of 4 for evacuation
[2019-04-15T15:36:50.751+0200][5255,272s] GC(1214) ParNew: 109248K->21824K(109248K)
[2019-04-15T15:36:50.751+0200][5255,272s] GC(1214) CMS: 316517K->341721K(393216K)
[2019-04-15T15:36:50.751+0200][5255,272s] GC(1214) Metaspace: 84294K->84294K(1126400K)
[2019-04-15T15:36:50.751+0200][5255,272s] GC(1214) Pause Young (Allocation Failure) 415M->355M(490M) 103,547ms
[2019-04-15T15:36:50.751+0200][5255,272s] GC(1214) User=0,30s Sys=0,00s Real=0,10s
[2019-04-15T15:36:50.792+0200][5255,312s] GC(1209) Concurrent Sweep 439,907ms
[2019-04-15T15:36:50.792+0200][5255,312s] GC(1209) User=1,15s Sys=0,01s Real=0,44s
[2019-04-15T15:36:50.792+0200][5255,312s] GC(1209) Concurrent Reset
[2019-04-15T15:36:50.792+0200][5255,313s] GC(1209) Concurrent Reset 0,440ms
[2019-04-15T15:36:50.792+0200][5255,313s] GC(1209) User=0,00s Sys=0,00s Real=0,00s
[2019-04-15T15:36:50.792+0200][5255,313s] GC(1209) Old: 260108K->341721K(393216K)
[2019-04-15T15:36:50.824+0200][5255,344s] GC(1215) Pause Young (Allocation Failure)
[2019-04-15T15:36:50.824+0200][5255,344s] GC(1215) Using 4 workers of 4 for evacuation
[2019-04-15T15:36:50.937+0200][5255,457s] GC(1215) ParNew: 109248K->21824K(109248K)
[2019-04-15T15:36:50.937+0200][5255,457s] GC(1215) CMS: 341721K->367030K(393216K)
[2019-04-15T15:36:50.937+0200][5255,457s] GC(1215) Metaspace: 84294K->84294K(1126400K)
[2019-04-15T15:36:50.937+0200][5255,457s] GC(1215) Pause Young (Allocation Failure) 440M->379M(490M) 112,979ms
[2019-04-15T15:36:50.937+0200][5255,457s] GC(1215) User=0,32s Sys=0,00s Real=0,12s
[2019-04-15T15:36:50.941+0200][5255,462s] GC(1216) Pause Initial Mark
[2019-04-15T15:36:50.956+0200][5255,477s] GC(1216) Pause Initial Mark 383M->383M(490M) 14,906ms
[2019-04-15T15:36:50.956+0200][5255,477s] GC(1216) User=0,03s Sys=0,00s Real=0,02s
[2019-04-15T15:36:50.956+0200][5255,477s] GC(1216) Concurrent Mark
[2019-04-15T15:36:50.957+0200][5255,477s] GC(1216) Using 4 workers of 4 for marking
[2019-04-15T15:36:51.198+0200][5255,719s] GC(1217) Pause Young (Allocation Failure)
[2019-04-15T15:36:51.199+0200][5255,719s] GC(1217) Using 4 workers of 4 for evacuation
[2019-04-15T15:36:51.199+0200][5255,719s] GC(1218) Pause Full (Allocation Failure)
[2019-04-15T15:36:51.259+0200][5255,779s] GC(1216) Concurrent Mark 302,155ms
[2019-04-15T15:36:51.259+0200][5255,779s] GC(1216) User=0,85s Sys=0,00s Real=0,30s
[2019-04-15T15:36:51.259+0200][5255,780s] GC(1218) Phase 1: Mark live objects
[2019-04-15T15:36:51.538+0200][5256,058s] GC(1218) Phase 1: Mark live objects 278,307ms
[2019-04-15T15:36:51.538+0200][5256,058s] GC(1218) Phase 2: Compute new object addresses
[2019-04-15T15:36:51.818+0200][5256,339s] GC(1218) Phase 2: Compute new object addresses 280,769ms
[2019-04-15T15:36:51.818+0200][5256,339s] GC(1218) Phase 3: Adjust pointers
[2019-04-15T15:36:52.096+0200][5256,617s] GC(1218) Phase 3: Adjust pointers 277,891ms
[2019-04-15T15:36:52.096+0200][5256,617s] GC(1218) Phase 4: Move objects
[2019-04-15T15:36:52.270+0200][5256,790s] GC(1218) Phase 4: Move objects 173,411ms
[2019-04-15T15:36:52.271+0200][5256,791s] GC(1218) Pause Full (Allocation Failure) 465M->391M(490M) 1072,210ms
[2019-04-15T15:36:52.271+0200][5256,791s] GC(1217) ParNew: 109248K->7258K(109248K)
[2019-04-15T15:36:52.271+0200][5256,791s] GC(1217) CMS: 367030K->393216K(393216K)
[2019-04-15T15:36:52.271+0200][5256,791s] GC(1217) Metaspace: 84294K->84294K(1126400K)
[2019-04-15T15:36:52.271+0200][5256,791s] GC(1217) Pause Young (Allocation Failure) 465M->391M(490M) 1072,396ms
[2019-04-15T15:36:52.271+0200][5256,791s] GC(1217) User=1,19s Sys=0,00s Real=1,07s
[2019-04-15T15:36:52.507+0200][5257,027s] GC(1219) Pause Full (Allocation Failure)
[2019-04-15T15:36:52.508+0200][5257,028s] GC(1219) Phase 1: Mark live objects
[2019-04-15T15:36:52.757+0200][5257,278s] GC(1219) Phase 1: Mark live objects 249,494ms
[2019-04-15T15:36:52.757+0200][5257,278s] GC(1219) Phase 2: Compute new object addresses
[2019-04-15T15:36:53.019+0200][5257,539s] GC(1219) Phase 2: Compute new object addresses 261,502ms
[2019-04-15T15:36:53.019+0200][5257,539s] GC(1219) Phase 3: Adjust pointers
[2019-04-15T15:36:53.256+0200][5257,777s] GC(1219) Phase 3: Adjust pointers 237,718ms
[2019-04-15T15:36:53.256+0200][5257,777s] GC(1219) Phase 4: Move objects
[2019-04-15T15:36:53.405+0200][5257,926s] GC(1219) Phase 4: Move objects 148,959ms
[2019-04-15T15:36:53.406+0200][5257,927s] GC(1219) ParNew: 109247K->34202K(109248K)
[2019-04-15T15:36:53.406+0200][5257,927s] GC(1219) CMS: 393216K->393167K(393216K)
[2019-04-15T15:36:53.406+0200][5257,927s] GC(1219) Metaspace: 84294K->84294K(1126400K)
[2019-04-15T15:36:53.406+0200][5257,927s] GC(1219) Pause Full (Allocation Failure) 490M->417M(490M) 899,242ms
[2019-04-15T15:36:53.406+0200][5257,927s] GC(1219) User=0,89s Sys=0,01s Real=0,90s
[2019-04-15T15:36:53.407+0200][5257,927s] GC(1220) Pause Initial Mark
[2019-04-15T15:36:53.431+0200][5257,951s] GC(1220) Pause Initial Mark 419M->419M(490M) 23,758ms
[2019-04-15T15:36:53.431+0200][5257,951s] GC(1220) User=0,02s Sys=0,00s Real=0,02s
[2019-04-15T15:36:53.431+0200][5257,951s] GC(1220) Concurrent Mark
[2019-04-15T15:36:53.431+0200][5257,951s] GC(1220) Using 4 workers of 4 for marking
[2019-04-15T15:36:53.727+0200][5258,247s] GC(1220) Concurrent Mark 295,762ms
[2019-04-15T15:36:53.727+0200][5258,247s] GC(1220) User=0,92s Sys=0,01s Real=0,30s
[2019-04-15T15:36:53.727+0200][5258,247s] GC(1220) Concurrent Preclean
[2019-04-15T15:36:53.858+0200][5258,378s] GC(1221) Pause Full (Allocation Failure)
[2019-04-15T15:36:54.123+0200][5258,643s] GC(1220) Concurrent Preclean 395,790ms
[2019-04-15T15:36:54.123+0200][5258,643s] GC(1220) User=0,50s Sys=0,00s Real=0,39s
[2019-04-15T15:36:54.123+0200][5258,643s] GC(1221) Phase 1: Mark live objects
[2019-04-15T15:36:54.555+0200][5259,076s] GC(1221) Phase 1: Mark live objects 432,454ms
[2019-04-15T15:36:54.555+0200][5259,076s] GC(1221) Phase 2: Compute new object addresses
[2019-04-15T15:36:54.927+0200][5259,447s] GC(1221) Phase 2: Compute new object addresses 371,457ms
[2019-04-15T15:36:54.927+0200][5259,447s] GC(1221) Phase 3: Adjust pointers
[2019-04-15T15:36:55.309+0200][5259,830s] GC(1221) Phase 3: Adjust pointers 382,534ms
[2019-04-15T15:36:55.309+0200][5259,830s] GC(1221) Phase 4: Move objects
[2019-04-15T15:36:55.524+0200][5260,044s] GC(1221) Phase 4: Move objects 214,090ms
[2019-04-15T15:36:55.524+0200][5260,045s] GC(1221) ParNew: 109248K->50520K(109248K)
[2019-04-15T15:36:55.524+0200][5260,045s] GC(1221) CMS: 393213K->392897K(393216K)
[2019-04-15T15:36:55.524+0200][5260,045s] GC(1221) Metaspace: 84294K->84294K(1126400K)
[2019-04-15T15:36:55.524+0200][5260,045s] GC(1221) Pause Full (Allocation Failure) 490M->433M(490M) 1666,430ms
[2019-04-15T15:36:55.525+0200][5260,045s] GC(1221) User=1,65s Sys=0,00s Real=1,66s
[2019-04-15T15:36:55.673+0200][5260,193s] GC(1222) Pause Full (Allocation Failure)
[2019-04-15T15:36:55.673+0200][5260,194s] GC(1222) Phase 1: Mark live objects
[2019-04-15T15:36:56.109+0200][5260,630s] GC(1222) Phase 1: Mark live objects 436,072ms
[2019-04-15T15:36:56.109+0200][5260,630s] GC(1222) Phase 2: Compute new object addresses
[2019-04-15T15:36:56.410+0200][5260,930s] GC(1222) Phase 2: Compute new object addresses 300,384ms
[2019-04-15T15:36:56.410+0200][5260,930s] GC(1222) Phase 3: Adjust pointers
[2019-04-15T15:36:56.802+0200][5261,323s] GC(1222) Phase 3: Adjust pointers 392,562ms
[2019-04-15T15:36:56.802+0200][5261,323s] GC(1222) Phase 4: Move objects
[2019-04-15T15:36:57.045+0200][5261,565s] GC(1222) Phase 4: Move objects 242,182ms
[2019-04-15T15:36:57.046+0200][5261,566s] GC(1222) ParNew: 109248K->62059K(109248K)
[2019-04-15T15:36:57.046+0200][5261,566s] GC(1222) CMS: 393015K->393215K(393216K)
[2019-04-15T15:36:57.046+0200][5261,566s] GC(1222) Metaspace: 84294K->84294K(1126400K)
[2019-04-15T15:36:57.046+0200][5261,566s] GC(1222) Pause Full (Allocation Failure) 490M->444M(490M) 1373,103ms
[2019-04-15T15:36:57.046+0200][5261,566s] GC(1222) User=1,36s Sys=0,00s Real=1,38s
[2019-04-15T15:36:57.046+0200][5261,567s] GC(1223) Pause Initial Mark
[2019-04-15T15:36:57.088+0200][5261,609s] GC(1223) Pause Initial Mark 444M->444M(490M) 41,903ms
[2019-04-15T15:36:57.088+0200][5261,609s] GC(1223) User=0,04s Sys=0,00s Real=0,04s
[2019-04-15T15:36:57.088+0200][5261,609s] GC(1223) Concurrent Mark
[2019-04-15T15:36:57.088+0200][5261,609s] GC(1223) Using 4 workers of 4 for marking
[2019-04-15T15:36:57.370+0200][5261,891s] GC(1223) Concurrent Mark 282,313ms
[2019-04-15T15:36:57.371+0200][5261,891s] GC(1223) User=0,91s Sys=0,00s Real=0,28s
[2019-04-15T15:36:57.371+0200][5261,891s] GC(1223) Concurrent Preclean
[2019-04-15T15:36:57.434+0200][5261,954s] GC(1224) Pause Full (Allocation Failure)
[2019-04-15T15:36:57.682+0200][5262,202s] GC(1223) Concurrent Preclean 310,999ms
[2019-04-15T15:36:57.682+0200][5262,202s] GC(1223) User=0,37s Sys=0,00s Real=0,31s
[2019-04-15T15:36:57.682+0200][5262,202s] GC(1224) Phase 1: Mark live objects
[2019-04-15T15:36:58.074+0200][5262,594s] GC(1224) Phase 1: Mark live objects 392,208ms
[2019-04-15T15:36:58.074+0200][5262,594s] GC(1224) Phase 2: Compute new object addresses
[2019-04-15T15:36:58.337+0200][5262,857s] GC(1224) Phase 2: Compute new object addresses 262,602ms
[2019-04-15T15:36:58.337+0200][5262,857s] GC(1224) Phase 3: Adjust pointers
[2019-04-15T15:36:58.652+0200][5263,173s] GC(1224) Phase 3: Adjust pointers 315,653ms
[2019-04-15T15:36:58.652+0200][5263,173s] GC(1224) Phase 4: Move objects
[2019-04-15T15:36:58.805+0200][5263,325s] GC(1224) Phase 4: Move objects 152,126ms
[2019-04-15T15:36:58.805+0200][5263,326s] GC(1224) ParNew: 109248K->76475K(109248K)
[2019-04-15T15:36:58.805+0200][5263,326s] GC(1224) CMS: 393216K->393215K(393216K)
[2019-04-15T15:36:58.805+0200][5263,326s] GC(1224) Metaspace: 84294K->84294K(1126400K)
[2019-04-15T15:36:58.805+0200][5263,326s] GC(1224) Pause Full (Allocation Failure) 490M->458M(490M) 1371,820ms
[2019-04-15T15:36:58.805+0200][5263,326s] GC(1224) User=1,36s Sys=0,00s Real=1,37s
[2019-04-15T15:36:58.812+0200][5263,332s] GC(1225) Pause Full (Allocation Failure)
[2019-04-15T15:36:58.812+0200][5263,333s] GC(1225) Phase 1: Mark live objects
[2019-04-15T15:36:59.123+0200][5263,644s] GC(1225) Phase 1: Mark live objects 311,009ms
[2019-04-15T15:36:59.123+0200][5263,644s] GC(1225) Phase 2: Compute new object addresses
[2019-04-15T15:36:59.386+0200][5263,906s] GC(1225) Phase 2: Compute new object addresses 262,458ms
[2019-04-15T15:36:59.386+0200][5263,906s] GC(1225) Phase 3: Adjust pointers
[2019-04-15T15:36:59.696+0200][5264,216s] GC(1225) Phase 3: Adjust pointers 309,910ms
[2019-04-15T15:36:59.696+0200][5264,216s] GC(1225) Phase 4: Move objects
[2019-04-15T15:36:59.881+0200][5264,401s] GC(1225) Phase 4: Move objects 185,022ms
[2019-04-15T15:36:59.881+0200][5264,402s] GC(1225) ParNew: 109093K->76248K(109248K)
[2019-04-15T15:36:59.881+0200][5264,402s] GC(1225) CMS: 393215K->393216K(393216K)
[2019-04-15T15:36:59.881+0200][5264,402s] GC(1225) Metaspace: 84294K->84294K(1126400K)
[2019-04-15T15:36:59.881+0200][5264,402s] GC(1225) Pause Full (Allocation Failure) 490M->458M(490M) 1069,806ms
[2019-04-15T15:36:59.882+0200][5264,402s] GC(1225) User=1,03s Sys=0,02s Real=1,07s
[2019-04-15T15:36:59.882+0200][5264,402s] GC(1226) Pause Initial Mark
[2019-04-15T15:36:59.933+0200][5264,454s] GC(1226) Pause Initial Mark 459M->459M(490M) 51,338ms
[2019-04-15T15:36:59.933+0200][5264,454s] GC(1226) User=0,06s Sys=0,00s Real=0,06s
[2019-04-15T15:36:59.933+0200][5264,454s] GC(1226) Concurrent Mark
[2019-04-15T15:36:59.933+0200][5264,454s] GC(1226) Using 4 workers of 4 for marking
[2019-04-15T15:37:00.041+0200][5264,562s] GC(1227) Pause Full (Allocation Failure)
[2019-04-15T15:37:00.258+0200][5264,778s] GC(1226) Concurrent Mark 324,729ms
[2019-04-15T15:37:00.258+0200][5264,779s] GC(1226) User=0,84s Sys=0,00s Real=0,32s
[2019-04-15T15:37:00.258+0200][5264,779s] GC(1227) Phase 1: Mark live objects
[2019-04-15T15:37:00.680+0200][5265,201s] GC(1227) Phase 1: Mark live objects 421,997ms
[2019-04-15T15:37:00.680+0200][5265,201s] GC(1227) Phase 2: Compute new object addresses
[2019-04-15T15:37:01.081+0200][5265,601s] GC(1227) Phase 2: Compute new object addresses 400,618ms
[2019-04-15T15:37:01.081+0200][5265,602s] GC(1227) Phase 3: Adjust pointers
[2019-04-15T15:37:01.475+0200][5265,995s] GC(1227) Phase 3: Adjust pointers 393,782ms
[2019-04-15T15:37:01.475+0200][5265,995s] GC(1227) Phase 4: Move objects
[2019-04-15T15:37:01.750+0200][5266,271s] GC(1227) Phase 4: Move objects 275,498ms
[2019-04-15T15:37:01.752+0200][5266,272s] GC(1227) ParNew: 109247K->75532K(109248K)
[2019-04-15T15:37:01.752+0200][5266,272s] GC(1227) CMS: 393216K->393215K(393216K)
[2019-04-15T15:37:01.752+0200][5266,272s] GC(1227) Metaspace: 84294K->84294K(1126400K)
[2019-04-15T15:37:01.752+0200][5266,272s] GC(1227) Pause Full (Allocation Failure) 490M->457M(490M) 1710,583ms
[2019-04-15T15:37:01.752+0200][5266,272s] GC(1227) User=2,06s Sys=0,01s Real=1,71s
[2019-04-15T15:37:01.876+0200][5266,397s] GC(1228) Pause Full (Allocation Failure)
[2019-04-15T15:37:01.878+0200][5266,398s] GC(1228) Phase 1: Mark live objects
[2019-04-15T15:37:02.265+0200][5266,785s] GC(1228) Phase 1: Mark live objects 387,054ms
[2019-04-15T15:37:02.265+0200][5266,785s] GC(1228) Phase 2: Compute new object addresses
[2019-04-15T15:37:02.615+0200][5267,136s] GC(1228) Phase 2: Compute new object addresses 350,759ms
[2019-04-15T15:37:02.616+0200][5267,136s] GC(1228) Phase 3: Adjust pointers
[2019-04-15T15:37:02.954+0200][5267,474s] GC(1228) Phase 3: Adjust pointers 337,983ms
[2019-04-15T15:37:02.954+0200][5267,474s] GC(1228) Phase 4: Move objects
[2019-04-15T15:37:03.114+0200][5267,634s] GC(1228) Phase 4: Move objects 160,132ms
[2019-04-15T15:37:03.116+0200][5267,636s] GC(1228) ParNew: 109247K->81162K(109248K)
[2019-04-15T15:37:03.116+0200][5267,636s] GC(1228) CMS: 393215K->393215K(393216K)
[2019-04-15T15:37:03.116+0200][5267,636s] GC(1228) Metaspace: 84294K->84294K(1126400K)
[2019-04-15T15:37:03.116+0200][5267,636s] GC(1228) Pause Full (Allocation Failure) 490M->463M(490M) 1239,252ms
[2019-04-15T15:37:03.116+0200][5267,636s] GC(1228) User=1,22s Sys=0,00s Real=1,24s
[2019-04-15T15:37:03.121+0200][5267,641s] GC(1229) Pause Initial Mark
[2019-04-15T15:37:03.169+0200][5267,689s] GC(1229) Pause Initial Mark 465M->465M(490M) 47,732ms
[2019-04-15T15:37:03.169+0200][5267,689s] GC(1229) User=0,06s Sys=0,00s Real=0,05s
[2019-04-15T15:37:03.169+0200][5267,689s] GC(1229) Concurrent Mark
[2019-04-15T15:37:03.169+0200][5267,689s] GC(1229) Using 4 workers of 4 for marking
[2019-04-15T15:37:03.387+0200][5267,907s] GC(1230) Pause Full (Allocation Failure)
[2019-04-15T15:37:03.563+0200][5268,083s] GC(1229) Concurrent Mark 394,054ms
[2019-04-15T15:37:03.563+0200][5268,084s] GC(1229) User=1,12s Sys=0,02s Real=0,39s
[2019-04-15T15:37:03.565+0200][5268,085s] GC(1230) Phase 1: Mark live objects
[2019-04-15T15:37:03.837+0200][5268,358s] GC(1230) Phase 1: Mark live objects 272,878ms
[2019-04-15T15:37:03.838+0200][5268,358s] GC(1230) Phase 2: Compute new object addresses
[2019-04-15T15:37:04.134+0200][5268,654s] GC(1230) Phase 2: Compute new object addresses 296,062ms
[2019-04-15T15:37:04.134+0200][5268,654s] GC(1230) Phase 3: Adjust pointers
[2019-04-15T15:37:04.436+0200][5268,956s] GC(1230) Phase 3: Adjust pointers 302,380ms
[2019-04-15T15:37:04.436+0200][5268,956s] GC(1230) Phase 4: Move objects
[2019-04-15T15:37:04.615+0200][5269,136s] GC(1230) Phase 4: Move objects 179,244ms
[2019-04-15T15:37:04.616+0200][5269,136s] GC(1230) ParNew: 109231K->85874K(109248K)
[2019-04-15T15:37:04.616+0200][5269,136s] GC(1230) CMS: 393215K->393216K(393216K)
[2019-04-15T15:37:04.616+0200][5269,136s] GC(1230) Metaspace: 84294K->84294K(1126400K)
[2019-04-15T15:37:04.616+0200][5269,136s] GC(1230) Pause Full (Allocation Failure) 490M->467M(490M) 1229,379ms
[2019-04-15T15:37:04.616+0200][5269,137s] GC(1230) User=1,66s Sys=0,01s Real=1,23s
[2019-04-15T15:37:04.690+0200][5269,210s] GC(1231) Pause Full (Allocation Failure)
[2019-04-15T15:37:04.690+0200][5269,211s] GC(1231) Phase 1: Mark live objects
[2019-04-15T15:37:05.008+0200][5269,528s] GC(1231) Phase 1: Mark live objects 317,847ms
[2019-04-15T15:37:05.008+0200][5269,529s] GC(1231) Phase 2: Compute new object addresses
[2019-04-15T15:37:05.271+0200][5269,791s] GC(1231) Phase 2: Compute new object addresses 262,171ms
[2019-04-15T15:37:05.271+0200][5269,791s] GC(1231) Phase 3: Adjust pointers
[2019-04-15T15:37:05.496+0200][5270,017s] GC(1231) Phase 3: Adjust pointers 225,783ms
[2019-04-15T15:37:05.496+0200][5270,017s] GC(1231) Phase 4: Move objects
[2019-04-15T15:37:05.641+0200][5270,161s] GC(1231) Phase 4: Move objects 144,129ms
[2019-04-15T15:37:05.641+0200][5270,162s] GC(1231) ParNew: 109247K->88054K(109248K)
[2019-04-15T15:37:05.641+0200][5270,162s] GC(1231) CMS: 393216K->393215K(393216K)
[2019-04-15T15:37:05.641+0200][5270,162s] GC(1231) Metaspace: 84294K->84294K(1126400K)
[2019-04-15T15:37:05.641+0200][5270,162s] GC(1231) Pause Full (Allocation Failure) 490M->469M(490M) 951,580ms
[2019-04-15T15:37:05.641+0200][5270,162s] GC(1231) User=0,95s Sys=0,00s Real=0,95s
[2019-04-15T15:37:05.641+0200][5270,162s] GC(1232) Pause Initial Mark
[2019-04-15T15:37:05.683+0200][5270,204s] GC(1232) Pause Initial Mark 469M->469M(490M) 41,676ms
[2019-04-15T15:37:05.683+0200][5270,204s] GC(1232) User=0,05s Sys=0,00s Real=0,04s
[2019-04-15T15:37:05.683+0200][5270,204s] GC(1232) Concurrent Mark
[2019-04-15T15:37:05.683+0200][5270,204s] GC(1232) Using 4 workers of 4 for marking
[2019-04-15T15:37:05.912+0200][5270,432s] GC(1232) Concurrent Mark 228,686ms
[2019-04-15T15:37:05.912+0200][5270,432s] GC(1232) User=0,86s Sys=0,00s Real=0,23s
[2019-04-15T15:37:05.912+0200][5270,432s] GC(1232) Concurrent Preclean
[2019-04-15T15:37:05.949+0200][5270,469s] GC(1233) Pause Full (Allocation Failure)
[2019-04-15T15:37:06.213+0200][5270,733s] GC(1232) Concurrent Preclean 300,794ms
[2019-04-15T15:37:06.213+0200][5270,733s] GC(1232) User=0,35s Sys=0,01s Real=0,31s
[2019-04-15T15:37:06.213+0200][5270,733s] GC(1233) Phase 1: Mark live objects
[2019-04-15T15:37:06.440+0200][5270,961s] GC(1233) Phase 1: Mark live objects 227,013ms
[2019-04-15T15:37:06.440+0200][5270,961s] GC(1233) Phase 2: Compute new object addresses
[2019-04-15T15:37:06.664+0200][5271,185s] GC(1233) Phase 2: Compute new object addresses 224,325ms
[2019-04-15T15:37:06.664+0200][5271,185s] GC(1233) Phase 3: Adjust pointers
[2019-04-15T15:37:06.883+0200][5271,404s] GC(1233) Phase 3: Adjust pointers 218,877ms
[2019-04-15T15:37:06.883+0200][5271,404s] GC(1233) Phase 4: Move objects
[2019-04-15T15:37:07.037+0200][5271,557s] GC(1233) Phase 4: Move objects 153,183ms
[2019-04-15T15:37:07.037+0200][5271,558s] GC(1233) ParNew: 109245K->85270K(109248K)
[2019-04-15T15:37:07.037+0200][5271,558s] GC(1233) CMS: 393215K->393215K(393216K)
[2019-04-15T15:37:07.037+0200][5271,558s] GC(1233) Metaspace: 84295K->84295K(1126400K)
[2019-04-15T15:37:07.037+0200][5271,558s] GC(1233) Pause Full (Allocation Failure) 490M->467M(490M) 1088,625ms
[2019-04-15T15:37:07.037+0200][5271,558s] GC(1233) User=1,09s Sys=0,00s Real=1,09s
[2019-04-15T15:37:07.165+0200][5271,686s] GC(1234) Pause Full (Allocation Failure)
[2019-04-15T15:37:07.166+0200][5271,686s] GC(1234) Phase 1: Mark live objects
[2019-04-15T15:37:07.396+0200][5271,916s] GC(1234) Phase 1: Mark live objects 229,918ms
[2019-04-15T15:37:07.396+0200][5271,916s] GC(1234) Phase 2: Compute new object addresses
[2019-04-15T15:37:07.641+0200][5272,161s] GC(1234) Phase 2: Compute new object addresses 245,124ms
[2019-04-15T15:37:07.641+0200][5272,161s] GC(1234) Phase 3: Adjust pointers
[2019-04-15T15:37:07.988+0200][5272,509s] GC(1234) Phase 3: Adjust pointers 347,421ms
[2019-04-15T15:37:07.988+0200][5272,509s] GC(1234) Phase 4: Move objects
[2019-04-15T15:37:08.179+0200][5272,700s] GC(1234) Phase 4: Move objects 190,970ms
[2019-04-15T15:37:08.180+0200][5272,701s] GC(1234) ParNew: 109248K->89495K(109248K)
[2019-04-15T15:37:08.180+0200][5272,701s] GC(1234) CMS: 393215K->393215K(393216K)
[2019-04-15T15:37:08.180+0200][5272,701s] GC(1234) Metaspace: 84295K->84295K(1126400K)
[2019-04-15T15:37:08.180+0200][5272,701s] GC(1234) Pause Full (Allocation Failure) 490M->471M(490M) 1015,019ms
[2019-04-15T15:37:08.180+0200][5272,701s] GC(1234) User=1,00s Sys=0,00s Real=1,01s
[2019-04-15T15:37:08.181+0200][5272,701s] GC(1235) Pause Initial Mark
[2019-04-15T15:37:08.232+0200][5272,752s] GC(1235) Pause Initial Mark 471M->471M(490M) 50,842ms
[2019-04-15T15:37:08.232+0200][5272,752s] GC(1235) User=0,05s Sys=0,00s Real=0,05s
[2019-04-15T15:37:08.232+0200][5272,752s] GC(1235) Concurrent Mark
[2019-04-15T15:37:08.232+0200][5272,752s] GC(1235) Using 4 workers of 4 for marking
[2019-04-15T15:37:08.535+0200][5273,055s] GC(1236) Pause Full (Allocation Failure)
[2019-04-15T15:37:08.555+0200][5273,075s] GC(1235) Concurrent Mark 322,876ms
[2019-04-15T15:37:08.555+0200][5273,075s] GC(1235) User=0,99s Sys=0,00s Real=0,33s
[2019-04-15T15:37:08.555+0200][5273,075s] GC(1236) Phase 1: Mark live objects
[2019-04-15T15:37:08.933+0200][5273,453s] GC(1236) Phase 1: Mark live objects 377,790ms
[2019-04-15T15:37:08.933+0200][5273,453s] GC(1236) Phase 2: Compute new object addresses
[2019-04-15T15:37:09.296+0200][5273,816s] GC(1236) Phase 2: Compute new object addresses 362,821ms
[2019-04-15T15:37:09.296+0200][5273,816s] GC(1236) Phase 3: Adjust pointers
[2019-04-15T15:37:09.628+0200][5274,149s] GC(1236) Phase 3: Adjust pointers 332,596ms
[2019-04-15T15:37:09.628+0200][5274,149s] GC(1236) Phase 4: Move objects
[2019-04-15T15:37:09.822+0200][5274,343s] GC(1236) Phase 4: Move objects 194,130ms
[2019-04-15T15:37:09.823+0200][5274,344s] GC(1236) ParNew: 109247K->95556K(109248K)
[2019-04-15T15:37:09.823+0200][5274,344s] GC(1236) CMS: 393215K->393216K(393216K)
[2019-04-15T15:37:09.823+0200][5274,344s] GC(1236) Metaspace: 84295K->84295K(1126400K)
[2019-04-15T15:37:09.823+0200][5274,344s] GC(1236) Pause Full (Allocation Failure) 490M->477M(490M) 1288,469ms
[2019-04-15T15:37:09.824+0200][5274,344s] GC(1236) User=1,33s Sys=0,00s Real=1,28s
[2019-04-15T15:37:09.893+0200][5274,414s] GC(1237) Pause Full (Allocation Failure)
[2019-04-15T15:37:09.894+0200][5274,414s] GC(1237) Phase 1: Mark live objects
[2019-04-15T15:37:10.214+0200][5274,735s] GC(1237) Phase 1: Mark live objects 320,195ms
[2019-04-15T15:37:10.214+0200][5274,735s] GC(1237) Phase 2: Compute new object addresses
[2019-04-15T15:37:10.582+0200][5275,102s] GC(1237) Phase 2: Compute new object addresses 367,494ms
[2019-04-15T15:37:10.582+0200][5275,102s] GC(1237) Phase 3: Adjust pointers
[2019-04-15T15:37:10.936+0200][5275,456s] GC(1237) Phase 3: Adjust pointers 353,637ms
[2019-04-15T15:37:10.936+0200][5275,456s] GC(1237) Phase 4: Move objects
[2019-04-15T15:37:11.261+0200][5275,781s] GC(1237) Phase 4: Move objects 324,888ms
[2019-04-15T15:37:11.262+0200][5275,782s] GC(1237) ParNew: 109247K->98727K(109248K)
[2019-04-15T15:37:11.262+0200][5275,782s] GC(1237) CMS: 393216K->393001K(393216K)
[2019-04-15T15:37:11.262+0200][5275,782s] GC(1237) Metaspace: 84295K->84295K(1126400K)
[2019-04-15T15:37:11.262+0200][5275,782s] GC(1237) Pause Full (Allocation Failure) 490M->480M(490M) 1368,518ms
[2019-04-15T15:37:11.262+0200][5275,782s] GC(1237) User=1,34s Sys=0,00s Real=1,36s
[2019-04-15T15:37:11.266+0200][5275,786s] GC(1238) Pause Initial Mark
[2019-04-15T15:37:11.344+0200][5275,864s] GC(1238) Pause Initial Mark 480M->480M(490M) 77,564ms
[2019-04-15T15:37:11.344+0200][5275,864s] GC(1238) User=0,08s Sys=0,00s Real=0,07s
[2019-04-15T15:37:11.344+0200][5275,864s] GC(1238) Concurrent Mark
[2019-04-15T15:37:11.344+0200][5275,864s] GC(1238) Using 4 workers of 4 for marking
[2019-04-15T15:37:11.468+0200][5275,988s] GC(1239) Pause Full (Allocation Failure)
[2019-04-15T15:37:11.675+0200][5276,195s] GC(1238) Concurrent Mark 331,174ms
[2019-04-15T15:37:11.675+0200][5276,195s] GC(1238) User=0,88s Sys=0,00s Real=0,34s
[2019-04-15T15:37:11.675+0200][5276,196s] GC(1239) Phase 1: Mark live objects
[2019-04-15T15:37:12.012+0200][5276,532s] GC(1239) Phase 1: Mark live objects 336,774ms
[2019-04-15T15:37:12.012+0200][5276,532s] GC(1239) Phase 2: Compute new object addresses
[2019-04-15T15:37:12.324+0200][5276,845s] GC(1239) Phase 2: Compute new object addresses 312,296ms
[2019-04-15T15:37:12.324+0200][5276,845s] GC(1239) Phase 3: Adjust pointers
[2019-04-15T15:37:12.609+0200][5277,129s] GC(1239) Phase 3: Adjust pointers 284,628ms
[2019-04-15T15:37:12.609+0200][5277,129s] GC(1239) Phase 4: Move objects
[2019-04-15T15:37:12.752+0200][5277,272s] GC(1239) Phase 4: Move objects 142,836ms
[2019-04-15T15:37:12.765+0200][5277,285s] GC(1239) ParNew: 109247K->98986K(109248K)
[2019-04-15T15:37:12.765+0200][5277,285s] GC(1239) CMS: 393157K->392862K(393216K)
[2019-04-15T15:37:12.765+0200][5277,285s] GC(1239) Metaspace: 84295K->84295K(1126400K)
[2019-04-15T15:37:12.765+0200][5277,285s] GC(1239) Pause Full (Allocation Failure) 490M->480M(490M) 1297,260ms
[2019-04-15T15:37:12.765+0200][5277,285s] GC(1239) User=1,61s Sys=0,00s Real=1,30s
[2019-04-15T15:37:12.819+0200][5277,340s] GC(1240) Pause Full (Allocation Failure)
[2019-04-15T15:37:12.821+0200][5277,341s] GC(1240) Phase 1: Mark live objects
[2019-04-15T15:37:13.144+0200][5277,665s] GC(1240) Phase 1: Mark live objects 323,656ms
[2019-04-15T15:37:13.144+0200][5277,665s] GC(1240) Phase 2: Compute new object addresses
[2019-04-15T15:37:13.451+0200][5277,971s] GC(1240) Phase 2: Compute new object addresses 306,283ms
[2019-04-15T15:37:13.451+0200][5277,971s] GC(1240) Phase 3: Adjust pointers
[2019-04-15T15:37:13.741+0200][5278,262s] GC(1240) Phase 3: Adjust pointers 290,554ms
[2019-04-15T15:37:13.741+0200][5278,262s] GC(1240) Phase 4: Move objects
[2019-04-15T15:37:13.897+0200][5278,418s] GC(1240) Phase 4: Move objects 156,068ms
[2019-04-15T15:37:13.898+0200][5278,419s] GC(1240) ParNew: 109247K->100490K(109248K)
[2019-04-15T15:37:13.898+0200][5278,419s] GC(1240) CMS: 393212K->392956K(393216K)
[2019-04-15T15:37:13.898+0200][5278,419s] GC(1240) Metaspace: 83909K->83909K(1126400K)
[2019-04-15T15:37:13.898+0200][5278,419s] GC(1240) Pause Full (Allocation Failure) 490M->481M(490M) 1078,882ms
[2019-04-15T15:37:13.898+0200][5278,419s] GC(1240) User=1,08s Sys=0,00s Real=1,08s
[2019-04-15T15:37:13.898+0200][5278,419s] GC(1241) Pause Initial Mark
[2019-04-15T15:37:13.956+0200][5278,477s] GC(1241) Pause Initial Mark 481M->481M(490M) 57,674ms
[2019-04-15T15:37:13.956+0200][5278,477s] GC(1241) User=0,07s Sys=0,00s Real=0,06s
[2019-04-15T15:37:13.956+0200][5278,477s] GC(1241) Concurrent Mark
[2019-04-15T15:37:13.956+0200][5278,477s] GC(1241) Using 4 workers of 4 for marking
[2019-04-15T15:37:14.112+0200][5278,633s] GC(1242) Pause Full (Allocation Failure)
[2019-04-15T15:37:14.168+0200][5278,688s] GC(1241) Concurrent Mark 211,615ms
[2019-04-15T15:37:14.168+0200][5278,688s] GC(1241) User=0,80s Sys=0,00s Real=0,21s
[2019-04-15T15:37:14.168+0200][5278,689s] GC(1242) Phase 1: Mark live objects
[2019-04-15T15:37:14.486+0200][5279,006s] GC(1242) Phase 1: Mark live objects 317,632ms
[2019-04-15T15:37:14.486+0200][5279,006s] GC(1242) Phase 2: Compute new object addresses
[2019-04-15T15:37:14.784+0200][5279,304s] GC(1242) Phase 2: Compute new object addresses 297,858ms
[2019-04-15T15:37:14.784+0200][5279,304s] GC(1242) Phase 3: Adjust pointers
[2019-04-15T15:37:15.075+0200][5279,596s] GC(1242) Phase 3: Adjust pointers 291,701ms
[2019-04-15T15:37:15.075+0200][5279,596s] GC(1242) Phase 4: Move objects
[2019-04-15T15:37:15.229+0200][5279,750s] GC(1242) Phase 4: Move objects 153,910ms
[2019-04-15T15:37:15.230+0200][5279,751s] GC(1242) ParNew: 109248K->103166K(109248K)
[2019-04-15T15:37:15.230+0200][5279,751s] GC(1242) CMS: 393214K->393037K(393216K)
[2019-04-15T15:37:15.230+0200][5279,751s] GC(1242) Metaspace: 83909K->83909K(1126400K)
[2019-04-15T15:37:15.230+0200][5279,751s] GC(1242) Pause Full (Allocation Failure) 490M->484M(490M) 1118,210ms
[2019-04-15T15:37:15.230+0200][5279,751s] GC(1242) User=1,28s Sys=0,00s Real=1,12s
[2019-04-15T15:37:15.260+0200][5279,781s] GC(1243) Pause Full (Allocation Failure)
[2019-04-15T15:37:15.261+0200][5279,781s] GC(1243) Phase 1: Mark live objects
[2019-04-15T15:37:15.570+0200][5280,090s] GC(1243) Phase 1: Mark live objects 309,036ms
[2019-04-15T15:37:15.570+0200][5280,090s] GC(1243) Phase 2: Compute new object addresses
[2019-04-15T15:37:15.867+0200][5280,387s] GC(1243) Phase 2: Compute new object addresses 297,045ms
[2019-04-15T15:37:15.867+0200][5280,387s] GC(1243) Phase 3: Adjust pointers
[2019-04-15T15:37:16.166+0200][5280,686s] GC(1243) Phase 3: Adjust pointers 299,008ms
[2019-04-15T15:37:16.166+0200][5280,686s] GC(1243) Phase 4: Move objects
[2019-04-15T15:37:16.365+0200][5280,885s] GC(1243) Phase 4: Move objects 198,570ms
[2019-04-15T15:37:16.366+0200][5280,886s] GC(1243) ParNew: 109247K->101852K(109248K)
[2019-04-15T15:37:16.366+0200][5280,886s] GC(1243) CMS: 393140K->393216K(393216K)
[2019-04-15T15:37:16.366+0200][5280,886s] GC(1243) Metaspace: 83909K->83909K(1126400K)
[2019-04-15T15:37:16.366+0200][5280,886s] GC(1243) Pause Full (Allocation Failure) 490M->483M(490M) 1105,492ms
[2019-04-15T15:37:16.366+0200][5280,886s] GC(1243) User=1,10s Sys=0,00s Real=1,11s
[2019-04-15T15:37:16.366+0200][5280,887s] GC(1244) Pause Initial Mark
[2019-04-15T15:37:16.407+0200][5280,928s] GC(1244) Pause Initial Mark 483M->483M(490M) 40,919ms
[2019-04-15T15:37:16.407+0200][5280,928s] GC(1244) User=0,06s Sys=0,00s Real=0,04s
[2019-04-15T15:37:16.407+0200][5280,928s] GC(1244) Concurrent Mark
[2019-04-15T15:37:16.407+0200][5280,928s] GC(1244) Using 4 workers of 4 for marking
[2019-04-15T15:37:16.540+0200][5281,061s] GC(1245) Pause Full (Allocation Failure)
[2019-04-15T15:37:16.607+0200][5281,127s] GC(1244) Concurrent Mark 199,409ms
[2019-04-15T15:37:16.607+0200][5281,127s] GC(1244) User=0,76s Sys=0,00s Real=0,20s
[2019-04-15T15:37:16.607+0200][5281,127s] GC(1245) Phase 1: Mark live objects
[2019-04-15T15:37:16.850+0200][5281,371s] GC(1245) Phase 1: Mark live objects 243,389ms
[2019-04-15T15:37:16.850+0200][5281,371s] GC(1245) Phase 2: Compute new object addresses
[2019-04-15T15:37:17.084+0200][5281,604s] GC(1245) Phase 2: Compute new object addresses 233,174ms
[2019-04-15T15:37:17.084+0200][5281,604s] GC(1245) Phase 3: Adjust pointers
[2019-04-15T15:37:17.326+0200][5281,847s] GC(1245) Phase 3: Adjust pointers 242,733ms
[2019-04-15T15:37:17.326+0200][5281,847s] GC(1245) Phase 4: Move objects
[2019-04-15T15:37:17.474+0200][5281,995s] GC(1245) Phase 4: Move objects 147,789ms
[2019-04-15T15:37:17.475+0200][5281,995s] GC(1245) ParNew: 109247K->103940K(109248K)
[2019-04-15T15:37:17.475+0200][5281,995s] GC(1245) CMS: 393216K->393215K(393216K)
[2019-04-15T15:37:17.475+0200][5281,995s] GC(1245) Metaspace: 83909K->83909K(1126400K)
[2019-04-15T15:37:17.475+0200][5281,995s] GC(1245) Pause Full (Allocation Failure) 490M->485M(490M) 934,817ms
[2019-04-15T15:37:17.475+0200][5281,995s] GC(1245) User=1,12s Sys=0,00s Real=0,94s
[2019-04-15T15:37:17.506+0200][5282,026s] GC(1246) Pause Full (Allocation Failure)
[2019-04-15T15:37:17.506+0200][5282,027s] GC(1246) Phase 1: Mark live objects
[2019-04-15T15:37:17.678+0200][5282,198s] GC(1246) Phase 1: Mark live objects 171,473ms
[2019-04-15T15:37:17.678+0200][5282,198s] GC(1246) Phase 2: Compute new object addresses
[2019-04-15T15:37:17.859+0200][5282,380s] GC(1246) Phase 2: Compute new object addresses 181,309ms
[2019-04-15T15:37:17.859+0200][5282,380s] GC(1246) Phase 3: Adjust pointers
[2019-04-15T15:37:17.974+0200][5282,495s] GC(1246) Phase 3: Adjust pointers 115,221ms
[2019-04-15T15:37:17.974+0200][5282,495s] GC(1246) Phase 4: Move objects
[2019-04-15T15:37:18.069+0200][5282,589s] GC(1246) Phase 4: Move objects 94,310ms
[2019-04-15T15:37:18.082+0200][5282,602s] GC(1246) ParNew: 109247K->0K(109248K)
[2019-04-15T15:37:18.082+0200][5282,602s] GC(1246) CMS: 393216K->282836K(393216K)
[2019-04-15T15:37:18.082+0200][5282,602s] GC(1246) Metaspace: 83909K->83909K(1126400K)
[2019-04-15T15:37:18.082+0200][5282,602s] GC(1246) Pause Full (Allocation Failure) 490M->276M(490M) 575,765ms
[2019-04-15T15:37:18.082+0200][5282,602s] GC(1246) User=0,57s Sys=0,00s Real=0,57s
[2019-04-15T15:37:18.082+0200][5282,602s] GC(1247) Pause Initial Mark
[2019-04-15T15:37:18.082+0200][5282,603s] GC(1247) Pause Initial Mark 276M->276M(490M) 0,498ms
[2019-04-15T15:37:18.082+0200][5282,603s] GC(1247) User=0,00s Sys=0,00s Real=0,00s
[2019-04-15T15:37:18.082+0200][5282,603s] GC(1247) Concurrent Mark
[2019-04-15T15:37:18.082+0200][5282,603s] GC(1247) Using 4 workers of 4 for marking
[2019-04-15T15:37:18.212+0200][5282,732s] GC(1247) Concurrent Mark 129,166ms
[2019-04-15T15:37:18.212+0200][5282,732s] GC(1247) User=0,47s Sys=0,01s Real=0,13s
[2019-04-15T15:37:18.212+0200][5282,732s] GC(1247) Concurrent Preclean
[2019-04-15T15:37:18.213+0200][5282,733s] GC(1247) Concurrent Preclean 1,050ms
[2019-04-15T15:37:18.213+0200][5282,733s] GC(1247) User=0,00s Sys=0,00s Real=0,00s
[2019-04-15T15:37:18.213+0200][5282,733s] GC(1247) Concurrent Abortable Preclean
[2019-04-15T15:37:18.222+0200][5282,743s] GC(1248) Pause Young (Allocation Failure)
[2019-04-15T15:37:18.222+0200][5282,743s] GC(1248) Using 4 workers of 4 for evacuation
[2019-04-15T15:37:18.257+0200][5282,778s] GC(1248) ParNew: 87424K->21824K(109248K)
[2019-04-15T15:37:18.257+0200][5282,778s] GC(1248) CMS: 282836K->285341K(393216K)
[2019-04-15T15:37:18.257+0200][5282,778s] GC(1248) Metaspace: 83879K->83879K(1126400K)
[2019-04-15T15:37:18.257+0200][5282,778s] GC(1248) Pause Young (Allocation Failure) 361M->299M(490M) 35,062ms
[2019-04-15T15:37:18.257+0200][5282,778s] GC(1248) User=0,09s Sys=0,00s Real=0,04s
[2019-04-15T15:37:18.364+0200][5282,884s] GC(1249) Pause Young (Allocation Failure)
[2019-04-15T15:37:18.364+0200][5282,884s] GC(1249) Using 4 workers of 4 for evacuation
[2019-04-15T15:37:18.457+0200][5282,977s] GC(1249) ParNew: 109248K->21824K(109248K)
[2019-04-15T15:37:18.457+0200][5282,977s] GC(1249) CMS: 285341K->310209K(393216K)
[2019-04-15T15:37:18.457+0200][5282,977s] GC(1249) Metaspace: 83879K->83879K(1126400K)
[2019-04-15T15:37:18.457+0200][5282,977s] GC(1249) Pause Young (Allocation Failure) 385M->324M(490M) 93,054ms
[2019-04-15T15:37:18.457+0200][5282,977s] GC(1249) User=0,21s Sys=0,00s Real=0,10s
[2019-04-15T15:37:18.495+0200][5283,015s] GC(1247) Concurrent Abortable Preclean 281,945ms
[2019-04-15T15:37:18.495+0200][5283,015s] GC(1247) User=0,71s Sys=0,00s Real=0,29s
[2019-04-15T15:37:18.500+0200][5283,020s] GC(1247) Pause Remark
[2019-04-15T15:37:18.500+0200][5283,020s] GC(1250) Pause Young (CMS Final Remark)
[2019-04-15T15:37:18.500+0200][5283,020s] GC(1250) Using 4 workers of 4 for evacuation
[2019-04-15T15:37:18.516+0200][5283,036s] GC(1250) ParNew: 43268K->14499K(109248K)
[2019-04-15T15:37:18.516+0200][5283,036s] GC(1250) CMS: 310209K->310209K(393216K)
[2019-04-15T15:37:18.516+0200][5283,036s] GC(1250) Metaspace: 83879K->83879K(1126400K)
[2019-04-15T15:37:18.516+0200][5283,036s] GC(1250) Pause Young (CMS Final Remark) 345M->317M(490M) 16,065ms
[2019-04-15T15:37:18.516+0200][5283,036s] GC(1250) User=0,04s Sys=0,00s Real=0,02s
[2019-04-15T15:37:18.591+0200][5283,112s] GC(1247) Pause Remark 345M->317M(490M) 91,805ms
[2019-04-15T15:37:18.591+0200][5283,112s] GC(1247) User=0,19s Sys=0,00s Real=0,09s
[2019-04-15T15:37:18.592+0200][5283,112s] GC(1247) Concurrent Sweep
[2019-04-15T15:37:18.973+0200][5283,493s] GC(1247) Concurrent Sweep 381,334ms
[2019-04-15T15:37:18.973+0200][5283,493s] GC(1247) User=1,05s Sys=0,00s Real=0,39s
[2019-04-15T15:37:18.973+0200][5283,493s] GC(1247) Concurrent Reset
[2019-04-15T15:37:18.974+0200][5283,494s] GC(1247) Concurrent Reset 0,550ms
[2019-04-15T15:37:18.974+0200][5283,494s] GC(1247) User=0,00s Sys=0,00s Real=0,00s
[2019-04-15T15:37:18.974+0200][5283,494s] GC(1247) Old: 282836K->309174K(393216K)
[2019-04-15T15:37:19.459+0200][5283,979s] GC(1251) Pause Young (Allocation Failure)
[2019-04-15T15:37:19.459+0200][5283,980s] GC(1251) Using 4 workers of 4 for evacuation
[2019-04-15T15:37:19.486+0200][5284,006s] GC(1251) ParNew: 101923K->21824K(109248K)
[2019-04-15T15:37:19.486+0200][5284,006s] GC(1251) CMS: 309174K->309174K(393216K)
[2019-04-15T15:37:19.486+0200][5284,006s] GC(1251) Metaspace: 83880K->83880K(1126400K)
[2019-04-15T15:37:19.486+0200][5284,006s] GC(1251) Pause Young (Allocation Failure) 401M->323M(490M) 26,894ms
[2019-04-15T15:37:19.486+0200][5284,006s] GC(1251) User=0,08s Sys=0,00s Real=0,03s
[2019-04-15T15:37:19.486+0200][5284,007s] GC(1252) Pause Initial Mark
[2019-04-15T15:37:19.491+0200][5284,011s] GC(1252) Pause Initial Mark 324M->324M(490M) 4,345ms
[2019-04-15T15:37:19.491+0200][5284,011s] GC(1252) User=0,01s Sys=0,00s Real=0,00s
[2019-04-15T15:37:19.491+0200][5284,011s] GC(1252) Concurrent Mark
[2019-04-15T15:37:19.491+0200][5284,011s] GC(1252) Using 4 workers of 4 for marking
[2019-04-15T15:37:19.764+0200][5284,285s] GC(1252) Concurrent Mark 273,538ms
[2019-04-15T15:37:19.764+0200][5284,285s] GC(1252) User=0,94s Sys=0,02s Real=0,27s
[2019-04-15T15:37:19.764+0200][5284,285s] GC(1252) Concurrent Preclean
[2019-04-15T15:37:19.766+0200][5284,287s] GC(1252) Concurrent Preclean 1,980ms
[2019-04-15T15:37:19.766+0200][5284,287s] GC(1252) User=0,00s Sys=0,00s Real=0,01s
[2019-04-15T15:37:19.767+0200][5284,287s] GC(1252) Concurrent Abortable Preclean
[2019-04-15T15:37:20.080+0200][5284,601s] GC(1253) Pause Young (Allocation Failure)
[2019-04-15T15:37:20.081+0200][5284,601s] GC(1253) Using 4 workers of 4 for evacuation
[2019-04-15T15:37:20.131+0200][5284,652s] GC(1253) ParNew: 109248K->21824K(109248K)
[2019-04-15T15:37:20.131+0200][5284,652s] GC(1253) CMS: 309174K->311587K(393216K)
[2019-04-15T15:37:20.131+0200][5284,652s] GC(1253) Metaspace: 83885K->83885K(1126400K)
[2019-04-15T15:37:20.132+0200][5284,652s] GC(1253) Pause Young (Allocation Failure) 408M->325M(490M) 51,032ms
[2019-04-15T15:37:20.132+0200][5284,652s] GC(1253) User=0,12s Sys=0,00s Real=0,05s
[2019-04-15T15:37:20.206+0200][5284,727s] GC(1254) Pause Young (Allocation Failure)
[2019-04-15T15:37:20.207+0200][5284,727s] GC(1254) Using 4 workers of 4 for evacuation
[2019-04-15T15:37:20.255+0200][5284,775s] GC(1254) ParNew: 109248K->21824K(109248K)
[2019-04-15T15:37:20.255+0200][5284,775s] GC(1254) CMS: 311587K->321529K(393216K)
[2019-04-15T15:37:20.255+0200][5284,775s] GC(1254) Metaspace: 83905K->83905K(1126400K)
[2019-04-15T15:37:20.255+0200][5284,775s] GC(1254) Pause Young (Allocation Failure) 410M->335M(490M) 48,117ms
[2019-04-15T15:37:20.255+0200][5284,775s] GC(1254) User=0,12s Sys=0,00s Real=0,05s
[2019-04-15T15:37:20.277+0200][5284,797s] GC(1252) Concurrent Abortable Preclean 510,476ms
[2019-04-15T15:37:20.277+0200][5284,797s] GC(1252) User=1,15s Sys=0,02s Real=0,51s
[2019-04-15T15:37:20.277+0200][5284,798s] GC(1252) Pause Remark
[2019-04-15T15:37:20.277+0200][5284,798s] GC(1255) Pause Young (CMS Final Remark)
[2019-04-15T15:37:20.277+0200][5284,798s] GC(1255) Using 4 workers of 4 for evacuation
[2019-04-15T15:37:20.291+0200][5284,811s] GC(1255) ParNew: 38465K->16109K(109248K)
[2019-04-15T15:37:20.291+0200][5284,811s] GC(1255) CMS: 321529K->321529K(393216K)
[2019-04-15T15:37:20.291+0200][5284,811s] GC(1255) Metaspace: 83905K->83905K(1126400K)
[2019-04-15T15:37:20.291+0200][5284,811s] GC(1255) Pause Young (CMS Final Remark) 351M->329M(490M) 13,673ms
[2019-04-15T15:37:20.291+0200][5284,811s] GC(1255) User=0,04s Sys=0,00s Real=0,01s
[2019-04-15T15:37:20.384+0200][5284,905s] GC(1252) Pause Remark 351M->329M(490M) 107,195ms
[2019-04-15T15:37:20.385+0200][5284,905s] GC(1252) User=0,17s Sys=0,00s Real=0,10s
[2019-04-15T15:37:20.385+0200][5284,905s] GC(1252) Concurrent Sweep
[2019-04-15T15:37:20.650+0200][5285,171s] GC(1252) Concurrent Sweep 265,738ms
[2019-04-15T15:37:20.650+0200][5285,171s] GC(1252) User=0,73s Sys=0,01s Real=0,27s
[2019-04-15T15:37:20.651+0200][5285,171s] GC(1252) Concurrent Reset
[2019-04-15T15:37:20.652+0200][5285,172s] GC(1252) Concurrent Reset 1,492ms
[2019-04-15T15:37:20.652+0200][5285,173s] GC(1252) User=0,00s Sys=0,00s Real=0,00s
[2019-04-15T15:37:20.652+0200][5285,173s] GC(1252) Old: 309174K->316784K(393216K)
[2019-04-15T15:37:20.723+0200][5285,243s] GC(1256) Pause Young (Allocation Failure)
[2019-04-15T15:37:20.723+0200][5285,243s] GC(1256) Using 4 workers of 4 for evacuation
[2019-04-15T15:37:20.732+0200][5285,253s] GC(1256) ParNew: 103388K->16605K(109248K)
[2019-04-15T15:37:20.732+0200][5285,253s] GC(1256) CMS: 316784K->316784K(393216K)
[2019-04-15T15:37:20.732+0200][5285,253s] GC(1256) Metaspace: 83909K->83909K(1126400K)
[2019-04-15T15:37:20.732+0200][5285,253s] GC(1256) Pause Young (Allocation Failure) 410M->325M(490M) 9,316ms
[2019-04-15T15:37:20.732+0200][5285,253s] GC(1256) User=0,03s Sys=0,00s Real=0,01s
[2019-04-15T15:37:20.733+0200][5285,253s] GC(1257) Pause Initial Mark
[2019-04-15T15:37:20.734+0200][5285,254s] GC(1257) Pause Initial Mark 326M->326M(490M) 1,301ms
[2019-04-15T15:37:20.734+0200][5285,254s] GC(1257) User=0,01s Sys=0,00s Real=0,01s
[2019-04-15T15:37:20.734+0200][5285,254s] GC(1257) Concurrent Mark
[2019-04-15T15:37:20.734+0200][5285,254s] GC(1257) Using 4 workers of 4 for marking
[2019-04-15T15:37:20.794+0200][5285,314s] GC(1257) Concurrent Mark 60,049ms
[2019-04-15T15:37:20.794+0200][5285,314s] GC(1257) User=0,21s Sys=0,00s Real=0,06s
[2019-04-15T15:37:20.794+0200][5285,314s] GC(1257) Concurrent Preclean
[2019-04-15T15:37:20.795+0200][5285,316s] GC(1257) Concurrent Preclean 1,205ms
[2019-04-15T15:37:20.795+0200][5285,316s] GC(1257) User=0,01s Sys=0,00s Real=0,00s
[2019-04-15T15:37:20.795+0200][5285,316s] GC(1257) Concurrent Abortable Preclean
[2019-04-15T15:37:21.039+0200][5285,559s] GC(1258) Pause Young (Allocation Failure)
[2019-04-15T15:37:21.039+0200][5285,559s] GC(1258) Using 4 workers of 4 for evacuation
[2019-04-15T15:37:21.051+0200][5285,571s] GC(1258) ParNew: 104029K->20625K(109248K)
[2019-04-15T15:37:21.051+0200][5285,571s] GC(1258) CMS: 316784K->316784K(393216K)
[2019-04-15T15:37:21.051+0200][5285,572s] GC(1258) Metaspace: 83913K->83913K(1126400K)
[2019-04-15T15:37:21.051+0200][5285,572s] GC(1258) Pause Young (Allocation Failure) 410M->329M(490M) 12,493ms
[2019-04-15T15:37:21.051+0200][5285,572s] GC(1258) User=0,03s Sys=0,00s Real=0,01s
[2019-04-15T15:37:21.110+0200][5285,630s] GC(1259) Pause Young (Allocation Failure)
[2019-04-15T15:37:21.110+0200][5285,630s] GC(1259) Using 4 workers of 4 for evacuation
[2019-04-15T15:37:21.128+0200][5285,648s] GC(1259) ParNew: 108025K->21824K(109248K)
[2019-04-15T15:37:21.128+0200][5285,648s] GC(1259) CMS: 316784K->316784K(393216K)
[2019-04-15T15:37:21.128+0200][5285,648s] GC(1259) Metaspace: 83921K->83921K(1126400K)
[2019-04-15T15:37:21.128+0200][5285,649s] GC(1259) Pause Young (Allocation Failure) 414M->330M(490M) 18,477ms
[2019-04-15T15:37:21.128+0200][5285,649s] GC(1259) User=0,05s Sys=0,00s Real=0,02s
[2019-04-15T15:37:21.132+0200][5285,653s] GC(1257) Concurrent Abortable Preclean 337,095ms
[2019-04-15T15:37:21.132+0200][5285,653s] GC(1257) User=0,67s Sys=0,02s Real=0,33s
[2019-04-15T15:37:21.133+0200][5285,653s] GC(1257) Pause Remark
[2019-04-15T15:37:21.133+0200][5285,653s] GC(1260) Pause Young (CMS Final Remark)
[2019-04-15T15:37:21.133+0200][5285,653s] GC(1260) Using 4 workers of 4 for evacuation
[2019-04-15T15:37:21.154+0200][5285,674s] GC(1260) ParNew: 26071K->21824K(109248K)
[2019-04-15T15:37:21.154+0200][5285,674s] GC(1260) CMS: 316784K->317527K(393216K)
[2019-04-15T15:37:21.154+0200][5285,674s] GC(1260) Metaspace: 83921K->83921K(1126400K)
[2019-04-15T15:37:21.154+0200][5285,674s] GC(1260) Pause Young (CMS Final Remark) 334M->331M(490M) 21,098ms
[2019-04-15T15:37:21.154+0200][5285,674s] GC(1260) User=0,06s Sys=0,00s Real=0,03s
[2019-04-15T15:37:21.215+0200][5285,735s] GC(1257) Pause Remark 334M->331M(490M) 81,878ms
[2019-04-15T15:37:21.215+0200][5285,735s] GC(1257) User=0,15s Sys=0,00s Real=0,09s
[2019-04-15T15:37:21.215+0200][5285,735s] GC(1257) Concurrent Sweep
[2019-04-15T15:37:21.549+0200][5286,070s] GC(1261) Pause Young (Allocation Failure)
[2019-04-15T15:37:21.549+0200][5286,070s] GC(1261) Using 4 workers of 4 for evacuation
[2019-04-15T15:37:21.558+0200][5286,079s] GC(1261) ParNew: 109248K->16871K(109248K)
[2019-04-15T15:37:21.558+0200][5286,079s] GC(1261) CMS: 243381K->248401K(393216K)
[2019-04-15T15:37:21.558+0200][5286,079s] GC(1261) Metaspace: 83929K->83929K(1126400K)
[2019-04-15T15:37:21.558+0200][5286,079s] GC(1261) Pause Young (Allocation Failure) 344M->259M(490M) 9,049ms
[2019-04-15T15:37:21.558+0200][5286,079s] GC(1261) User=0,03s Sys=0,00s Real=0,01s
[2019-04-15T15:37:21.747+0200][5286,267s] GC(1257) Concurrent Sweep 532,346ms
[2019-04-15T15:37:21.747+0200][5286,267s] GC(1257) User=1,08s Sys=0,03s Real=0,53s
[2019-04-15T15:37:21.747+0200][5286,267s] GC(1257) Concurrent Reset
[2019-04-15T15:37:21.747+0200][5286,268s] GC(1257) Concurrent Reset 0,298ms
[2019-04-15T15:37:21.747+0200][5286,268s] GC(1257) User=0,00s Sys=0,00s Real=0,00s
[2019-04-15T15:37:21.747+0200][5286,268s] GC(1257) Old: 316784K->132112K(393216K)
[2019-04-15T15:37:21.956+0200][5286,477s] GC(1262) Pause Young (Allocation Failure)
[2019-04-15T15:37:21.956+0200][5286,477s] GC(1262) Using 4 workers of 4 for evacuation
[2019-04-15T15:37:21.973+0200][5286,493s] GC(1262) ParNew: 104295K->9342K(109248K)
[2019-04-15T15:37:21.973+0200][5286,493s] GC(1262) CMS: 132112K->134336K(393216K)
[2019-04-15T15:37:21.973+0200][5286,493s] GC(1262) Metaspace: 83930K->83930K(1126400K)
[2019-04-15T15:37:21.973+0200][5286,493s] GC(1262) Pause Young (Allocation Failure) 230M->140M(490M) 16,893ms
[2019-04-15T15:37:21.973+0200][5286,493s] GC(1262) User=0,04s Sys=0,00s Real=0,02s
[2019-04-15T15:37:22.095+0200][5286,615s] GC(1263) Pause Young (Allocation Failure)
[2019-04-15T15:37:22.095+0200][5286,615s] GC(1263) Using 4 workers of 4 for evacuation
[2019-04-15T15:37:22.115+0200][5286,635s] GC(1263) ParNew: 96766K->11739K(109248K)
[2019-04-15T15:37:22.115+0200][5286,635s] GC(1263) CMS: 134336K->134396K(393216K)
[2019-04-15T15:37:22.115+0200][5286,635s] GC(1263) Metaspace: 83931K->83931K(1126400K)
[2019-04-15T15:37:22.115+0200][5286,635s] GC(1263) Pause Young (Allocation Failure) 225M->142M(490M) 19,969ms
[2019-04-15T15:37:22.115+0200][5286,635s] GC(1263) User=0,05s Sys=0,00s Real=0,02s
[2019-04-15T15:37:22.191+0200][5286,711s] GC(1264) Pause Young (Allocation Failure)
[2019-04-15T15:37:22.191+0200][5286,712s] GC(1264) Using 4 workers of 4 for evacuation
[2019-04-15T15:37:22.214+0200][5286,734s] GC(1264) ParNew: 99163K->15020K(109248K)
[2019-04-15T15:37:22.214+0200][5286,734s] GC(1264) CMS: 134396K->134398K(393216K)
[2019-04-15T15:37:22.214+0200][5286,734s] GC(1264) Metaspace: 83939K->83939K(1126400K)
[2019-04-15T15:37:22.214+0200][5286,734s] GC(1264) Pause Young (Allocation Failure) 228M->145M(490M) 22,688ms
[2019-04-15T15:37:22.214+0200][5286,734s] GC(1264) User=0,05s Sys=0,00s Real=0,03s
[2019-04-15T15:37:22.523+0200][5287,044s] GC(1265) Pause Young (Allocation Failure)
[2019-04-15T15:37:22.523+0200][5287,044s] GC(1265) Using 4 workers of 4 for evacuation
[2019-04-15T15:37:22.532+0200][5287,052s] GC(1265) ParNew: 101973K->12580K(109248K)
[2019-04-15T15:37:22.532+0200][5287,052s] GC(1265) CMS: 134398K->135121K(393216K)
[2019-04-15T15:37:22.532+0200][5287,052s] GC(1265) Metaspace: 83940K->83940K(1126400K)
[2019-04-15T15:37:22.532+0200][5287,052s] GC(1265) Pause Young (Allocation Failure) 230M->144M(490M) 8,419ms
[2019-04-15T15:37:22.532+0200][5287,052s] GC(1265) User=0,03s Sys=0,00s Real=0,01s
[2019-04-15T15:37:22.800+0200][5287,320s] GC(1266) Pause Young (Allocation Failure)
[2019-04-15T15:37:22.800+0200][5287,320s] GC(1266) Using 4 workers of 4 for evacuation
[2019-04-15T15:37:22.809+0200][5287,329s] GC(1266) ParNew: 100004K->13404K(109248K)
[2019-04-15T15:37:22.809+0200][5287,329s] GC(1266) CMS: 135121K->136576K(393216K)
[2019-04-15T15:37:22.809+0200][5287,329s] GC(1266) Metaspace: 83943K->83943K(1126400K)
[2019-04-15T15:37:22.809+0200][5287,329s] GC(1266) Pause Young (Allocation Failure) 229M->146M(490M) 8,790ms
[2019-04-15T15:37:22.809+0200][5287,329s] GC(1266) User=0,03s Sys=0,00s Real=0,01s
[2019-04-15T15:37:22.916+0200][5287,436s] GC(1267) Pause Young (Allocation Failure)
[2019-04-15T15:37:22.916+0200][5287,436s] GC(1267) Using 4 workers of 4 for evacuation
[2019-04-15T15:37:22.925+0200][5287,445s] GC(1267) ParNew: 100828K->17251K(109248K)
[2019-04-15T15:37:22.925+0200][5287,445s] GC(1267) CMS: 136576K->136674K(393216K)
[2019-04-15T15:37:22.925+0200][5287,445s] GC(1267) Metaspace: 83944K->83944K(1126400K)
[2019-04-15T15:37:22.925+0200][5287,445s] GC(1267) Pause Young (Allocation Failure) 231M->150M(490M) 8,707ms
[2019-04-15T15:37:22.925+0200][5287,445s] GC(1267) User=0,03s Sys=0,00s Real=0,00s
[2019-04-15T15:37:23.091+0200][5287,611s] GC(1268) Pause Young (Allocation Failure)
[2019-04-15T15:37:23.091+0200][5287,611s] GC(1268) Using 4 workers of 4 for evacuation
[2019-04-15T15:37:23.099+0200][5287,620s] GC(1268) ParNew: 104675K->11690K(109248K)
[2019-04-15T15:37:23.099+0200][5287,620s] GC(1268) CMS: 136674K->136674K(393216K)
[2019-04-15T15:37:23.099+0200][5287,620s] GC(1268) Metaspace: 83997K->83997K(1126400K)
[2019-04-15T15:37:23.099+0200][5287,620s] GC(1268) Pause Young (Allocation Failure) 235M->144M(490M) 8,520ms
[2019-04-15T15:37:23.099+0200][5287,620s] GC(1268) User=0,02s Sys=0,00s Real=0,01s
[2019-04-15T15:37:23.150+0200][5287,670s] GC(1269) Pause Young (Allocation Failure)
[2019-04-15T15:37:23.150+0200][5287,670s] GC(1269) Using 4 workers of 4 for evacuation
[2019-04-15T15:37:23.163+0200][5287,683s] GC(1269) ParNew: 99114K->17000K(109248K)
[2019-04-15T15:37:23.163+0200][5287,683s] GC(1269) CMS: 136674K->136942K(393216K)
[2019-04-15T15:37:23.163+0200][5287,683s] GC(1269) Metaspace: 84004K->84004K(1126400K)
[2019-04-15T15:37:23.163+0200][5287,683s] GC(1269) Pause Young (Allocation Failure) 230M->150M(490M) 13,047ms
[2019-04-15T15:37:23.163+0200][5287,683s] GC(1269) User=0,04s Sys=0,00s Real=0,01s
[2019-04-15T15:37:23.240+0200][5287,761s] GC(1270) Pause Young (Allocation Failure)
[2019-04-15T15:37:23.240+0200][5287,761s] GC(1270) Using 4 workers of 4 for evacuation
[2019-04-15T15:37:23.263+0200][5287,783s] GC(1270) ParNew: 104424K->20798K(109248K)
[2019-04-15T15:37:23.263+0200][5287,783s] GC(1270) CMS: 136942K->137271K(393216K)
[2019-04-15T15:37:23.263+0200][5287,783s] GC(1270) Metaspace: 84016K->84016K(1126400K)
[2019-04-15T15:37:23.263+0200][5287,783s] GC(1270) Pause Young (Allocation Failure) 235M->154M(490M) 22,565ms
[2019-04-15T15:37:23.263+0200][5287,783s] GC(1270) User=0,06s Sys=0,00s Real=0,02s
[2019-04-15T15:37:23.711+0200][5288,231s] GC(1271) Pause Young (Allocation Failure)
[2019-04-15T15:37:23.711+0200][5288,232s] GC(1271) Using 4 workers of 4 for evacuation
[2019-04-15T15:37:23.735+0200][5288,256s] GC(1271) ParNew: 108153K->16752K(109248K)
[2019-04-15T15:37:23.735+0200][5288,256s] GC(1271) CMS: 137271K->139070K(393216K)
[2019-04-15T15:37:23.735+0200][5288,256s] GC(1271) Metaspace: 84016K->84016K(1126400K)
[2019-04-15T15:37:23.735+0200][5288,256s] GC(1271) Pause Young (Allocation Failure) 239M->152M(490M) 24,465ms
[2019-04-15T15:37:23.735+0200][5288,256s] GC(1271) User=0,04s Sys=0,00s Real=0,03s
[2019-04-15T15:37:23.798+0200][5288,319s] GC(1272) Pause Young (Allocation Failure)
[2019-04-15T15:37:23.798+0200][5288,319s] GC(1272) Using 4 workers of 4 for evacuation
[2019-04-15T15:37:23.818+0200][5288,338s] GC(1272) ParNew: 104176K->15104K(109248K)
[2019-04-15T15:37:23.818+0200][5288,338s] GC(1272) CMS: 139070K->139141K(393216K)
[2019-04-15T15:37:23.818+0200][5288,338s] GC(1272) Metaspace: 84017K->84017K(1126400K)
[2019-04-15T15:37:23.818+0200][5288,338s] GC(1272) Pause Young (Allocation Failure) 237M->150M(490M) 19,385ms
[2019-04-15T15:37:23.818+0200][5288,338s] GC(1272) User=0,04s Sys=0,00s Real=0,02s
[2019-04-15T15:37:23.908+0200][5288,428s] GC(1273) Pause Young (Allocation Failure)
[2019-04-15T15:37:23.908+0200][5288,428s] GC(1273) Using 4 workers of 4 for evacuation
[2019-04-15T15:37:23.921+0200][5288,442s] GC(1273) ParNew: 102528K->17922K(109248K)
[2019-04-15T15:37:23.921+0200][5288,442s] GC(1273) CMS: 139141K->140494K(393216K)
[2019-04-15T15:37:23.921+0200][5288,442s] GC(1273) Metaspace: 84017K->84017K(1126400K)
[2019-04-15T15:37:23.922+0200][5288,442s] GC(1273) Pause Young (Allocation Failure) 236M->154M(490M) 13,616ms
[2019-04-15T15:37:23.922+0200][5288,442s] GC(1273) User=0,04s Sys=0,00s Real=0,01s
[2019-04-15T15:37:23.996+0200][5288,516s] GC(1274) Pause Young (Allocation Failure)
[2019-04-15T15:37:23.996+0200][5288,516s] GC(1274) Using 4 workers of 4 for evacuation
[2019-04-15T15:37:24.007+0200][5288,527s] GC(1274) ParNew: 105346K->17640K(109248K)
[2019-04-15T15:37:24.007+0200][5288,527s] GC(1274) CMS: 140494K->141004K(393216K)
[2019-04-15T15:37:24.007+0200][5288,527s] GC(1274) Metaspace: 84035K->84035K(1126400K)
[2019-04-15T15:37:24.007+0200][5288,527s] GC(1274) Pause Young (Allocation Failure) 240M->154M(490M) 10,998ms
[2019-04-15T15:37:24.007+0200][5288,527s] GC(1274) User=0,03s Sys=0,00s Real=0,01s
[2019-04-15T15:37:24.080+0200][5288,600s] GC(1275) Pause Young (Allocation Failure)
[2019-04-15T15:37:24.080+0200][5288,600s] GC(1275) Using 4 workers of 4 for evacuation
[2019-04-15T15:37:24.099+0200][5288,620s] GC(1275) ParNew: 105064K->19416K(109248K)
[2019-04-15T15:37:24.099+0200][5288,620s] GC(1275) CMS: 141004K->141099K(393216K)
[2019-04-15T15:37:24.099+0200][5288,620s] GC(1275) Metaspace: 84035K->84035K(1126400K)
[2019-04-15T15:37:24.099+0200][5288,620s] GC(1275) Pause Young (Allocation Failure) 240M->156M(490M) 19,605ms
[2019-04-15T15:37:24.099+0200][5288,620s] GC(1275) User=0,04s Sys=0,00s Real=0,02s
[2019-04-15T15:37:24.626+0200][5289,146s] GC(1276) Pause Young (Allocation Failure)
[2019-04-15T15:37:24.626+0200][5289,146s] GC(1276) Using 4 workers of 4 for evacuation
[2019-04-15T15:37:24.652+0200][5289,173s] GC(1276) ParNew: 106840K->15325K(109248K)
[2019-04-15T15:37:24.652+0200][5289,173s] GC(1276) CMS: 141099K->141116K(393216K)
[2019-04-15T15:37:24.652+0200][5289,173s] GC(1276) Metaspace: 84035K->84035K(1126400K)
[2019-04-15T15:37:24.652+0200][5289,173s] GC(1276) Pause Young (Allocation Failure) 242M->152M(490M) 26,628ms
[2019-04-15T15:37:24.653+0200][5289,173s] GC(1276) User=0,05s Sys=0,00s Real=0,02s
[2019-04-15T15:37:25.280+0200][5289,800s] GC(1277) Pause Young (Allocation Failure)
[2019-04-15T15:37:25.280+0200][5289,800s] GC(1277) Using 4 workers of 4 for evacuation
[2019-04-15T15:37:25.309+0200][5289,830s] GC(1277) ParNew: 102749K->15910K(109248K)
[2019-04-15T15:37:25.309+0200][5289,830s] GC(1277) CMS: 141116K->144562K(393216K)
[2019-04-15T15:37:25.309+0200][5289,830s] GC(1277) Metaspace: 84035K->84035K(1126400K)
[2019-04-15T15:37:25.309+0200][5289,830s] GC(1277) Pause Young (Allocation Failure) 238M->156M(490M) 29,630ms
[2019-04-15T15:37:25.309+0200][5289,830s] GC(1277) User=0,05s Sys=0,00s Real=0,03s
[2019-04-15T15:37:25.459+0200][5289,980s] GC(1278) Pause Young (Allocation Failure)
[2019-04-15T15:37:25.459+0200][5289,980s] GC(1278) Using 4 workers of 4 for evacuation
[2019-04-15T15:37:25.467+0200][5289,988s] GC(1278) ParNew: 103334K->21824K(109248K)
[2019-04-15T15:37:25.467+0200][5289,988s] GC(1278) CMS: 144562K->144822K(393216K)
[2019-04-15T15:37:25.467+0200][5289,988s] GC(1278) Metaspace: 84035K->84035K(1126400K)
[2019-04-15T15:37:25.467+0200][5289,988s] GC(1278) Pause Young (Allocation Failure) 242M->162M(490M) 7,902ms
[2019-04-15T15:37:25.467+0200][5289,988s] GC(1278) User=0,02s Sys=0,00s Real=0,01s
[2019-04-15T15:37:25.754+0200][5290,274s] GC(1279) Pause Young (Allocation Failure)
[2019-04-15T15:37:25.754+0200][5290,274s] GC(1279) Using 4 workers of 4 for evacuation
[2019-04-15T15:37:25.766+0200][5290,287s] GC(1279) ParNew: 109248K->15401K(109248K)
[2019-04-15T15:37:25.766+0200][5290,287s] GC(1279) CMS: 144822K->145714K(393216K)
[2019-04-15T15:37:25.766+0200][5290,287s] GC(1279) Metaspace: 84035K->84035K(1126400K)
[2019-04-15T15:37:25.766+0200][5290,287s] GC(1279) Pause Young (Allocation Failure) 248M->157M(490M) 12,527ms
[2019-04-15T15:37:25.766+0200][5290,287s] GC(1279) User=0,03s Sys=0,00s Real=0,01s
[2019-04-15T15:37:26.074+0200][5290,595s] GC(1280) Pause Young (Allocation Failure)
[2019-04-15T15:37:26.074+0200][5290,595s] GC(1280) Using 4 workers of 4 for evacuation
[2019-04-15T15:37:26.119+0200][5290,640s] GC(1280) ParNew: 102825K->16918K(109248K)
[2019-04-15T15:37:26.119+0200][5290,640s] GC(1280) CMS: 145714K->146125K(393216K)
[2019-04-15T15:37:26.119+0200][5290,640s] GC(1280) Metaspace: 84036K->84036K(1126400K)
[2019-04-15T15:37:26.119+0200][5290,640s] GC(1280) Pause Young (Allocation Failure) 242M->159M(490M) 44,997ms
[2019-04-15T15:37:26.119+0200][5290,640s] GC(1280) User=0,06s Sys=0,00s Real=0,04s
[2019-04-15T15:37:26.617+0200][5291,137s] GC(1281) Pause Young (Allocation Failure)
[2019-04-15T15:37:26.617+0200][5291,137s] GC(1281) Using 4 workers of 4 for evacuation
[2019-04-15T15:37:26.627+0200][5291,147s] GC(1281) ParNew: 104180K->20732K(109248K)
[2019-04-15T15:37:26.627+0200][5291,147s] GC(1281) CMS: 146125K->146289K(393216K)
[2019-04-15T15:37:26.627+0200][5291,147s] GC(1281) Metaspace: 84036K->84036K(1126400K)
[2019-04-15T15:37:26.627+0200][5291,147s] GC(1281) Pause Young (Allocation Failure) 244M->163M(490M) 9,680ms
[2019-04-15T15:37:26.627+0200][5291,147s] GC(1281) User=0,03s Sys=0,00s Real=0,01s
[2019-04-15T15:37:27.008+0200][5291,529s] GC(1282) Pause Young (Allocation Failure)
[2019-04-15T15:37:27.008+0200][5291,529s] GC(1282) Using 4 workers of 4 for evacuation
[2019-04-15T15:37:27.047+0200][5291,567s] GC(1282) ParNew: 108156K->18613K(109248K)
[2019-04-15T15:37:27.047+0200][5291,567s] GC(1282) CMS: 146289K->147092K(393216K)
[2019-04-15T15:37:27.047+0200][5291,567s] GC(1282) Metaspace: 84038K->84038K(1126400K)
[2019-04-15T15:37:27.047+0200][5291,568s] GC(1282) Pause Young (Allocation Failure) 248M->161M(490M) 38,961ms
[2019-04-15T15:37:27.048+0200][5291,568s] GC(1282) User=0,04s Sys=0,00s Real=0,04s
[2019-04-15T15:37:27.119+0200][5291,639s] GC(1283) Pause Young (Allocation Failure)
[2019-04-15T15:37:27.119+0200][5291,639s] GC(1283) Using 4 workers of 4 for evacuation
[2019-04-15T15:37:27.148+0200][5291,668s] GC(1283) ParNew: 106037K->21824K(109248K)
[2019-04-15T15:37:27.148+0200][5291,668s] GC(1283) CMS: 147092K->147212K(393216K)
[2019-04-15T15:37:27.148+0200][5291,668s] GC(1283) Metaspace: 84042K->84042K(1126400K)
[2019-04-15T15:37:27.148+0200][5291,668s] GC(1283) Pause Young (Allocation Failure) 247M->165M(490M) 28,903ms
[2019-04-15T15:37:27.148+0200][5291,668s] GC(1283) User=0,05s Sys=0,00s Real=0,03s
[2019-04-15T15:37:27.687+0200][5292,208s] GC(1284) Pause Young (Allocation Failure)
[2019-04-15T15:37:27.687+0200][5292,208s] GC(1284) Using 4 workers of 4 for evacuation
[2019-04-15T15:37:27.715+0200][5292,236s] GC(1284) ParNew: 109248K->18924K(109248K)
[2019-04-15T15:37:27.715+0200][5292,236s] GC(1284) CMS: 147212K->149757K(393216K)
[2019-04-15T15:37:27.715+0200][5292,236s] GC(1284) Metaspace: 84043K->84043K(1126400K)
[2019-04-15T15:37:27.715+0200][5292,236s] GC(1284) Pause Young (Allocation Failure) 250M->164M(490M) 27,884ms
[2019-04-15T15:37:27.715+0200][5292,236s] GC(1284) User=0,10s Sys=0,00s Real=0,03s
[2019-04-15T15:37:28.764+0200][5293,284s] GC(1285) Pause Young (Allocation Failure)
[2019-04-15T15:37:28.764+0200][5293,284s] GC(1285) Using 4 workers of 4 for evacuation
[2019-04-15T15:37:28.778+0200][5293,298s] GC(1285) ParNew: 106348K->21824K(109248K)
[2019-04-15T15:37:28.778+0200][5293,298s] GC(1285) CMS: 149757K->151710K(393216K)
[2019-04-15T15:37:28.778+0200][5293,298s] GC(1285) Metaspace: 84043K->84043K(1126400K)
[2019-04-15T15:37:28.778+0200][5293,298s] GC(1285) Pause Young (Allocation Failure) 250M->169M(490M) 14,110ms
[2019-04-15T15:37:28.778+0200][5293,298s] GC(1285) User=0,05s Sys=0,00s Real=0,02s
[2019-04-15T15:37:29.798+0200][5294,318s] GC(1286) Pause Young (Allocation Failure)
[2019-04-15T15:37:29.798+0200][5294,318s] GC(1286) Using 4 workers of 4 for evacuation
[2019-04-15T15:37:29.837+0200][5294,358s] GC(1286) ParNew: 109248K->21824K(109248K)
[2019-04-15T15:37:29.837+0200][5294,358s] GC(1286) CMS: 151710K->160691K(393216K)
[2019-04-15T15:37:29.838+0200][5294,358s] GC(1286) Metaspace: 84043K->84043K(1126400K)
[2019-04-15T15:37:29.838+0200][5294,358s] GC(1286) Pause Young (Allocation Failure) 254M->178M(490M) 39,762ms
[2019-04-15T15:37:29.838+0200][5294,358s] GC(1286) User=0,08s Sys=0,00s Real=0,04s
[2019-04-15T15:37:30.715+0200][5295,235s] GC(1287) Pause Young (Allocation Failure)
[2019-04-15T15:37:30.715+0200][5295,235s] GC(1287) Using 4 workers of 4 for evacuation
[2019-04-15T15:37:30.743+0200][5295,263s] GC(1287) ParNew: 109248K->21824K(109248K)
[2019-04-15T15:37:30.743+0200][5295,263s] GC(1287) CMS: 160691K->169791K(393216K)
[2019-04-15T15:37:30.743+0200][5295,263s] GC(1287) Metaspace: 84052K->84052K(1126400K)
[2019-04-15T15:37:30.743+0200][5295,263s] GC(1287) Pause Young (Allocation Failure) 263M->187M(490M) 28,320ms
[2019-04-15T15:37:30.743+0200][5295,263s] GC(1287) User=0,08s Sys=0,00s Real=0,02s
[2019-04-15T15:37:31.728+0200][5296,248s] GC(1288) Pause Young (Allocation Failure)
[2019-04-15T15:37:31.728+0200][5296,248s] GC(1288) Using 4 workers of 4 for evacuation
[2019-04-15T15:37:31.755+0200][5296,276s] GC(1288) ParNew: 109248K->21824K(109248K)
[2019-04-15T15:37:31.755+0200][5296,276s] GC(1288) CMS: 169791K->180195K(393216K)
[2019-04-15T15:37:31.756+0200][5296,276s] GC(1288) Metaspace: 84053K->84053K(1126400K)
[2019-04-15T15:37:31.756+0200][5296,276s] GC(1288) Pause Young (Allocation Failure) 272M->197M(490M) 27,822ms
[2019-04-15T15:37:31.756+0200][5296,276s] GC(1288) User=0,09s Sys=0,00s Real=0,03s
[2019-04-15T15:37:32.655+0200][5297,176s] GC(1289) Pause Young (Allocation Failure)
[2019-04-15T15:37:32.655+0200][5297,176s] GC(1289) Using 4 workers of 4 for evacuation
[2019-04-15T15:37:32.683+0200][5297,203s] GC(1289) ParNew: 109042K->21824K(109248K)
[2019-04-15T15:37:32.683+0200][5297,203s] GC(1289) CMS: 180195K->190912K(393216K)
[2019-04-15T15:37:32.683+0200][5297,203s] GC(1289) Metaspace: 84053K->84053K(1126400K)
[2019-04-15T15:37:32.683+0200][5297,203s] GC(1289) Pause Young (Allocation Failure) 282M->207M(490M) 27,526ms
[2019-04-15T15:37:32.683+0200][5297,203s] GC(1289) User=0,09s Sys=0,00s Real=0,02s
[2019-04-15T15:37:33.236+0200][5297,756s] GC(1290) Pause Young (Allocation Failure)
[2019-04-15T15:37:33.236+0200][5297,756s] GC(1290) Using 4 workers of 4 for evacuation
[2019-04-15T15:37:33.255+0200][5297,775s] GC(1290) ParNew: 109248K->21824K(109248K)
[2019-04-15T15:37:33.255+0200][5297,775s] GC(1290) CMS: 190912K->203105K(393216K)
[2019-04-15T15:37:33.255+0200][5297,775s] GC(1290) Metaspace: 84053K->84053K(1126400K)
[2019-04-15T15:37:33.255+0200][5297,775s] GC(1290) Pause Young (Allocation Failure) 293M->219M(490M) 19,269ms
[2019-04-15T15:37:33.255+0200][5297,776s] GC(1290) User=0,07s Sys=0,00s Real=0,02s
[2019-04-15T15:37:33.255+0200][5297,776s] GC(1291) Pause Initial Mark
[2019-04-15T15:37:33.258+0200][5297,779s] GC(1291) Pause Initial Mark 221M->221M(490M) 3,155ms
[2019-04-15T15:37:33.258+0200][5297,779s] GC(1291) User=0,01s Sys=0,00s Real=0,00s
[2019-04-15T15:37:33.259+0200][5297,779s] GC(1291) Concurrent Mark
[2019-04-15T15:37:33.259+0200][5297,779s] GC(1291) Using 4 workers of 4 for marking
[2019-04-15T15:37:33.323+0200][5297,843s] GC(1291) Concurrent Mark 64,273ms
[2019-04-15T15:37:33.323+0200][5297,843s] GC(1291) User=0,25s Sys=0,00s Real=0,06s
[2019-04-15T15:37:33.323+0200][5297,843s] GC(1291) Concurrent Preclean
[2019-04-15T15:37:33.327+0200][5297,847s] GC(1291) Concurrent Preclean 3,760ms
[2019-04-15T15:37:33.327+0200][5297,847s] GC(1291) User=0,01s Sys=0,00s Real=0,01s
[2019-04-15T15:37:33.327+0200][5297,847s] GC(1291) Concurrent Abortable Preclean
[2019-04-15T15:37:33.953+0200][5298,473s] GC(1291) Concurrent Abortable Preclean 626,056ms
[2019-04-15T15:37:33.953+0200][5298,473s] GC(1291) User=1,38s Sys=0,01s Real=0,62s
[2019-04-15T15:37:33.953+0200][5298,473s] GC(1291) Pause Remark
[2019-04-15T15:37:33.953+0200][5298,473s] GC(1292) Pause Young (CMS Final Remark)
[2019-04-15T15:37:33.953+0200][5298,473s] GC(1292) Using 4 workers of 4 for evacuation
[2019-04-15T15:37:33.974+0200][5298,494s] GC(1292) ParNew: 74546K->21824K(109248K)
[2019-04-15T15:37:33.974+0200][5298,494s] GC(1292) CMS: 203105K->212773K(393216K)
[2019-04-15T15:37:33.974+0200][5298,494s] GC(1292) Metaspace: 84054K->84054K(1126400K)
[2019-04-15T15:37:33.974+0200][5298,494s] GC(1292) Pause Young (CMS Final Remark) 271M->229M(490M) 20,715ms
[2019-04-15T15:37:33.974+0200][5298,494s] GC(1292) User=0,07s Sys=0,00s Real=0,02s
[2019-04-15T15:37:34.017+0200][5298,537s] GC(1291) Pause Remark 271M->229M(490M) 63,937ms
[2019-04-15T15:37:34.017+0200][5298,537s] GC(1291) User=0,14s Sys=0,00s Real=0,06s
[2019-04-15T15:37:34.018+0200][5298,539s] GC(1291) Concurrent Sweep
[2019-04-15T15:37:34.108+0200][5298,629s] GC(1291) Concurrent Sweep 89,712ms
[2019-04-15T15:37:34.108+0200][5298,629s] GC(1291) User=0,23s Sys=0,00s Real=0,09s
[2019-04-15T15:37:34.108+0200][5298,629s] GC(1291) Concurrent Reset
[2019-04-15T15:37:34.109+0200][5298,629s] GC(1291) Concurrent Reset 0,437ms
[2019-04-15T15:37:34.109+0200][5298,629s] GC(1291) User=0,01s Sys=0,00s Real=0,00s
[2019-04-15T15:37:34.109+0200][5298,629s] GC(1291) Old: 203105K->195010K(393216K)
[2019-04-15T15:37:34.244+0200][5298,764s] GC(1293) Pause Young (Allocation Failure)
[2019-04-15T15:37:34.244+0200][5298,764s] GC(1293) Using 4 workers of 4 for evacuation
[2019-04-15T15:37:34.264+0200][5298,785s] GC(1293) ParNew: 109149K->21824K(109248K)
[2019-04-15T15:37:34.264+0200][5298,785s] GC(1293) CMS: 195010K->196857K(393216K)
[2019-04-15T15:37:34.264+0200][5298,785s] GC(1293) Metaspace: 84080K->84080K(1126400K)
[2019-04-15T15:37:34.264+0200][5298,785s] GC(1293) Pause Young (Allocation Failure) 297M->213M(490M) 20,758ms
[2019-04-15T15:37:34.265+0200][5298,785s] GC(1293) User=0,06s Sys=0,00s Real=0,02s
[2019-04-15T15:37:34.265+0200][5298,785s] GC(1294) Pause Initial Mark
[2019-04-15T15:37:34.273+0200][5298,793s] GC(1294) Pause Initial Mark 215M->215M(490M) 7,960ms
[2019-04-15T15:37:34.273+0200][5298,793s] GC(1294) User=0,02s Sys=0,00s Real=0,02s
[2019-04-15T15:37:34.273+0200][5298,793s] GC(1294) Concurrent Mark
[2019-04-15T15:37:34.273+0200][5298,793s] GC(1294) Using 4 workers of 4 for marking
[2019-04-15T15:37:34.305+0200][5298,826s] GC(1295) Pause Young (Allocation Failure)
[2019-04-15T15:37:34.305+0200][5298,826s] GC(1295) Using 4 workers of 4 for evacuation
[2019-04-15T15:37:34.337+0200][5298,857s] GC(1295) ParNew: 108851K->21824K(109248K)
[2019-04-15T15:37:34.337+0200][5298,857s] GC(1295) CMS: 196857K->202969K(393216K)
[2019-04-15T15:37:34.337+0200][5298,857s] GC(1295) Metaspace: 84080K->84080K(1126400K)
[2019-04-15T15:37:34.337+0200][5298,857s] GC(1295) Pause Young (Allocation Failure) 298M->219M(490M) 31,810ms
[2019-04-15T15:37:34.337+0200][5298,857s] GC(1295) User=0,06s Sys=0,00s Real=0,03s
[2019-04-15T15:37:34.480+0200][5299,000s] GC(1294) Concurrent Mark 206,880ms
[2019-04-15T15:37:34.480+0200][5299,000s] GC(1294) User=0,58s Sys=0,01s Real=0,20s
[2019-04-15T15:37:34.480+0200][5299,000s] GC(1294) Concurrent Preclean
[2019-04-15T15:37:34.495+0200][5299,015s] GC(1294) Concurrent Preclean 14,737ms
[2019-04-15T15:37:34.495+0200][5299,015s] GC(1294) User=0,06s Sys=0,00s Real=0,02s
[2019-04-15T15:37:34.495+0200][5299,015s] GC(1294) Concurrent Abortable Preclean
[2019-04-15T15:37:35.197+0200][5299,717s] GC(1296) Pause Young (Allocation Failure)
[2019-04-15T15:37:35.197+0200][5299,717s] GC(1296) Using 4 workers of 4 for evacuation
[2019-04-15T15:37:35.243+0200][5299,763s] GC(1296) ParNew: 109248K->21824K(109248K)
[2019-04-15T15:37:35.243+0200][5299,763s] GC(1296) CMS: 202969K->204391K(393216K)
[2019-04-15T15:37:35.243+0200][5299,763s] GC(1296) Metaspace: 84101K->84101K(1126400K)
[2019-04-15T15:37:35.243+0200][5299,763s] GC(1296) Pause Young (Allocation Failure) 304M->220M(490M) 46,184ms
[2019-04-15T15:37:35.243+0200][5299,763s] GC(1296) User=0,06s Sys=0,00s Real=0,04s
[2019-04-15T15:37:35.459+0200][5299,979s] GC(1294) Concurrent Abortable Preclean 964,266ms
[2019-04-15T15:37:35.459+0200][5299,979s] GC(1294) User=2,57s Sys=0,00s Real=0,96s
[2019-04-15T15:37:35.461+0200][5299,982s] GC(1294) Pause Remark
[2019-04-15T15:37:35.461+0200][5299,982s] GC(1297) Pause Young (CMS Final Remark)
[2019-04-15T15:37:35.461+0200][5299,982s] GC(1297) Using 4 workers of 4 for evacuation
[2019-04-15T15:37:35.496+0200][5300,017s] GC(1297) ParNew: 86091K->21824K(109248K)
[2019-04-15T15:37:35.496+0200][5300,017s] GC(1297) CMS: 204391K->205030K(393216K)
[2019-04-15T15:37:35.496+0200][5300,017s] GC(1297) Metaspace: 84101K->84101K(1126400K)
[2019-04-15T15:37:35.496+0200][5300,017s] GC(1297) Pause Young (CMS Final Remark) 283M->221M(490M) 35,055ms
[2019-04-15T15:37:35.496+0200][5300,017s] GC(1297) User=0,06s Sys=0,00s Real=0,04s
[2019-04-15T15:37:35.579+0200][5300,100s] GC(1294) Pause Remark 283M->221M(490M) 117,982ms
[2019-04-15T15:37:35.579+0200][5300,100s] GC(1294) User=0,16s Sys=0,00s Real=0,12s
[2019-04-15T15:37:35.579+0200][5300,100s] GC(1294) Concurrent Sweep
[2019-04-15T15:37:35.660+0200][5300,180s] GC(1294) Concurrent Sweep 80,153ms
[2019-04-15T15:37:35.660+0200][5300,180s] GC(1294) User=0,18s Sys=0,01s Real=0,08s
[2019-04-15T15:37:35.660+0200][5300,180s] GC(1294) Concurrent Reset
[2019-04-15T15:37:35.660+0200][5300,181s] GC(1294) Concurrent Reset 0,447ms
[2019-04-15T15:37:35.660+0200][5300,181s] GC(1294) User=0,00s Sys=0,00s Real=0,00s
[2019-04-15T15:37:35.660+0200][5300,181s] GC(1294) Old: 196857K->190654K(393216K)
[2019-04-15T15:37:35.757+0200][5300,278s] GC(1298) Pause Young (Allocation Failure)
[2019-04-15T15:37:35.757+0200][5300,278s] GC(1298) Using 4 workers of 4 for evacuation
[2019-04-15T15:37:35.770+0200][5300,291s] GC(1298) ParNew: 109248K->21824K(109248K)
[2019-04-15T15:37:35.770+0200][5300,291s] GC(1298) CMS: 190654K->190871K(393216K)
[2019-04-15T15:37:35.770+0200][5300,291s] GC(1298) Metaspace: 84101K->84101K(1126400K)
[2019-04-15T15:37:35.770+0200][5300,291s] GC(1298) Pause Young (Allocation Failure) 292M->207M(490M) 12,942ms
[2019-04-15T15:37:35.770+0200][5300,291s] GC(1298) User=0,05s Sys=0,00s Real=0,01s
[2019-04-15T15:37:35.899+0200][5300,419s] GC(1299) Pause Young (Allocation Failure)
[2019-04-15T15:37:35.899+0200][5300,419s] GC(1299) Using 4 workers of 4 for evacuation
[2019-04-15T15:37:35.913+0200][5300,434s] GC(1299) ParNew: 109248K->21824K(109248K)
[2019-04-15T15:37:35.913+0200][5300,434s] GC(1299) CMS: 190871K->193745K(393216K)
[2019-04-15T15:37:35.913+0200][5300,434s] GC(1299) Metaspace: 84101K->84101K(1126400K)
[2019-04-15T15:37:35.913+0200][5300,434s] GC(1299) Pause Young (Allocation Failure) 293M->210M(490M) 14,674ms
[2019-04-15T15:37:35.913+0200][5300,434s] GC(1299) User=0,05s Sys=0,00s Real=0,02s
[2019-04-15T15:37:36.001+0200][5300,521s] GC(1300) Pause Young (Allocation Failure)
[2019-04-15T15:37:36.001+0200][5300,521s] GC(1300) Using 4 workers of 4 for evacuation
[2019-04-15T15:37:36.036+0200][5300,556s] GC(1300) ParNew: 109248K->21824K(109248K)
[2019-04-15T15:37:36.036+0200][5300,556s] GC(1300) CMS: 193745K->198855K(393216K)
[2019-04-15T15:37:36.036+0200][5300,556s] GC(1300) Metaspace: 84101K->84101K(1126400K)
[2019-04-15T15:37:36.036+0200][5300,556s] GC(1300) Pause Young (Allocation Failure) 295M->215M(490M) 34,937ms
[2019-04-15T15:37:36.036+0200][5300,556s] GC(1300) User=0,07s Sys=0,01s Real=0,04s
[2019-04-15T15:37:36.036+0200][5300,557s] GC(1301) Pause Initial Mark
[2019-04-15T15:37:36.038+0200][5300,559s] GC(1301) Pause Initial Mark 216M->216M(490M) 2,123ms
[2019-04-15T15:37:36.038+0200][5300,559s] GC(1301) User=0,01s Sys=0,00s Real=0,00s
[2019-04-15T15:37:36.038+0200][5300,559s] GC(1301) Concurrent Mark
[2019-04-15T15:37:36.038+0200][5300,559s] GC(1301) Using 4 workers of 4 for marking
[2019-04-15T15:37:36.121+0200][5300,641s] GC(1301) Concurrent Mark 82,606ms
[2019-04-15T15:37:36.121+0200][5300,641s] GC(1301) User=0,31s Sys=0,01s Real=0,08s
[2019-04-15T15:37:36.121+0200][5300,641s] GC(1301) Concurrent Preclean
[2019-04-15T15:37:36.122+0200][5300,643s] GC(1301) Concurrent Preclean 1,525ms
[2019-04-15T15:37:36.123+0200][5300,643s] GC(1301) User=0,00s Sys=0,00s Real=0,00s
[2019-04-15T15:37:36.123+0200][5300,643s] GC(1301) Concurrent Abortable Preclean
[2019-04-15T15:37:36.273+0200][5300,794s] GC(1302) Pause Young (Allocation Failure)
[2019-04-15T15:37:36.273+0200][5300,794s] GC(1302) Using 4 workers of 4 for evacuation
[2019-04-15T15:37:36.296+0200][5300,816s] GC(1302) ParNew: 109194K->18042K(109248K)
[2019-04-15T15:37:36.296+0200][5300,816s] GC(1302) CMS: 198855K->201943K(393216K)
[2019-04-15T15:37:36.296+0200][5300,816s] GC(1302) Metaspace: 84106K->84106K(1126400K)
[2019-04-15T15:37:36.296+0200][5300,816s] GC(1302) Pause Young (Allocation Failure) 300M->214M(490M) 22,422ms
[2019-04-15T15:37:36.296+0200][5300,816s] GC(1302) User=0,08s Sys=0,00s Real=0,02s
[2019-04-15T15:37:36.698+0200][5301,219s] GC(1301) Concurrent Abortable Preclean 575,951ms
[2019-04-15T15:37:36.699+0200][5301,219s] GC(1301) User=1,85s Sys=0,02s Real=0,58s
[2019-04-15T15:37:36.699+0200][5301,219s] GC(1301) Pause Remark
[2019-04-15T15:37:36.699+0200][5301,219s] GC(1303) Pause Young (CMS Final Remark)
[2019-04-15T15:37:36.699+0200][5301,219s] GC(1303) Using 4 workers of 4 for evacuation
[2019-04-15T15:37:36.712+0200][5301,232s] GC(1303) ParNew: 76563K->18377K(109248K)
[2019-04-15T15:37:36.712+0200][5301,232s] GC(1303) CMS: 201943K->202520K(393216K)
[2019-04-15T15:37:36.712+0200][5301,232s] GC(1303) Metaspace: 84106K->84106K(1126400K)
[2019-04-15T15:37:36.712+0200][5301,232s] GC(1303) Pause Young (CMS Final Remark) 271M->215M(490M) 13,208ms
[2019-04-15T15:37:36.712+0200][5301,232s] GC(1303) User=0,04s Sys=0,00s Real=0,01s
[2019-04-15T15:37:36.749+0200][5301,270s] GC(1301) Pause Remark 271M->215M(490M) 50,718ms
[2019-04-15T15:37:36.749+0200][5301,270s] GC(1301) User=0,10s Sys=0,00s Real=0,05s
[2019-04-15T15:37:36.749+0200][5301,270s] GC(1301) Concurrent Sweep
[2019-04-15T15:37:36.820+0200][5301,340s] GC(1301) Concurrent Sweep 70,528ms
[2019-04-15T15:37:36.820+0200][5301,340s] GC(1301) User=0,23s Sys=0,01s Real=0,07s
[2019-04-15T15:37:36.820+0200][5301,341s] GC(1301) Concurrent Reset
[2019-04-15T15:37:36.821+0200][5301,341s] GC(1301) Concurrent Reset 0,581ms
[2019-04-15T15:37:36.821+0200][5301,341s] GC(1301) User=0,00s Sys=0,00s Real=0,00s
[2019-04-15T15:37:36.821+0200][5301,341s] GC(1301) Old: 198855K->195979K(393216K)
[2019-04-15T15:37:37.149+0200][5301,669s] GC(1304) Pause Young (Allocation Failure)
[2019-04-15T15:37:37.149+0200][5301,669s] GC(1304) Using 4 workers of 4 for evacuation
[2019-04-15T15:37:37.162+0200][5301,682s] GC(1304) ParNew: 105801K->21824K(109248K)
[2019-04-15T15:37:37.162+0200][5301,682s] GC(1304) CMS: 195979K->196481K(393216K)
[2019-04-15T15:37:37.162+0200][5301,682s] GC(1304) Metaspace: 84110K->84110K(1126400K)
[2019-04-15T15:37:37.162+0200][5301,683s] GC(1304) Pause Young (Allocation Failure) 294M->213M(490M) 13,381ms
[2019-04-15T15:37:37.162+0200][5301,683s] GC(1304) User=0,05s Sys=0,00s Real=0,01s
[2019-04-15T15:37:37.899+0200][5302,419s] GC(1305) Pause Young (Allocation Failure)
[2019-04-15T15:37:37.899+0200][5302,419s] GC(1305) Using 4 workers of 4 for evacuation
[2019-04-15T15:37:37.918+0200][5302,439s] GC(1305) ParNew: 109248K->21824K(109248K)
[2019-04-15T15:37:37.918+0200][5302,439s] GC(1305) CMS: 196481K->204932K(393216K)
[2019-04-15T15:37:37.918+0200][5302,439s] GC(1305) Metaspace: 84110K->84110K(1126400K)
[2019-04-15T15:37:37.918+0200][5302,439s] GC(1305) Pause Young (Allocation Failure) 298M->221M(490M) 19,277ms
[2019-04-15T15:37:37.918+0200][5302,439s] GC(1305) User=0,07s Sys=0,00s Real=0,02s
[2019-04-15T15:37:37.918+0200][5302,439s] GC(1306) Pause Initial Mark
[2019-04-15T15:37:37.922+0200][5302,442s] GC(1306) Pause Initial Mark 223M->223M(490M) 3,190ms
[2019-04-15T15:37:37.922+0200][5302,442s] GC(1306) User=0,01s Sys=0,00s Real=0,00s
[2019-04-15T15:37:37.922+0200][5302,442s] GC(1306) Concurrent Mark
[2019-04-15T15:37:37.922+0200][5302,442s] GC(1306) Using 4 workers of 4 for marking
[2019-04-15T15:37:37.969+0200][5302,489s] GC(1306) Concurrent Mark 46,939ms
[2019-04-15T15:37:37.969+0200][5302,489s] GC(1306) User=0,18s Sys=0,00s Real=0,05s
[2019-04-15T15:37:37.969+0200][5302,489s] GC(1306) Concurrent Preclean
[2019-04-15T15:37:37.970+0200][5302,490s] GC(1306) Concurrent Preclean 1,163ms
[2019-04-15T15:37:37.970+0200][5302,490s] GC(1306) User=0,00s Sys=0,00s Real=0,00s
[2019-04-15T15:37:37.970+0200][5302,490s] GC(1306) Concurrent Abortable Preclean
[2019-04-15T15:37:38.392+0200][5302,913s] GC(1306) Concurrent Abortable Preclean 422,570ms
[2019-04-15T15:37:38.392+0200][5302,913s] GC(1306) User=0,82s Sys=0,01s Real=0,42s
[2019-04-15T15:37:38.393+0200][5302,913s] GC(1306) Pause Remark
[2019-04-15T15:37:38.393+0200][5302,913s] GC(1307) Pause Young (CMS Final Remark)
[2019-04-15T15:37:38.393+0200][5302,913s] GC(1307) Using 4 workers of 4 for evacuation
[2019-04-15T15:37:38.415+0200][5302,936s] GC(1307) ParNew: 67345K->21824K(109248K)
[2019-04-15T15:37:38.415+0200][5302,936s] GC(1307) CMS: 204932K->210171K(393216K)
[2019-04-15T15:37:38.415+0200][5302,936s] GC(1307) Metaspace: 84110K->84110K(1126400K)
[2019-04-15T15:37:38.415+0200][5302,936s] GC(1307) Pause Young (CMS Final Remark) 265M->226M(490M) 22,756ms
[2019-04-15T15:37:38.415+0200][5302,936s] GC(1307) User=0,07s Sys=0,00s Real=0,03s
[2019-04-15T15:37:38.459+0200][5302,979s] GC(1306) Pause Remark 265M->226M(490M) 66,171ms
[2019-04-15T15:37:38.459+0200][5302,979s] GC(1306) User=0,13s Sys=0,00s Real=0,07s
[2019-04-15T15:37:38.459+0200][5302,979s] GC(1306) Concurrent Sweep
[2019-04-15T15:37:38.534+0200][5303,054s] GC(1306) Concurrent Sweep 74,777ms
[2019-04-15T15:37:38.534+0200][5303,054s] GC(1306) User=0,15s Sys=0,00s Real=0,08s
[2019-04-15T15:37:38.534+0200][5303,054s] GC(1306) Concurrent Reset
[2019-04-15T15:37:38.535+0200][5303,055s] GC(1306) Concurrent Reset 0,769ms
[2019-04-15T15:37:38.535+0200][5303,055s] GC(1306) User=0,00s Sys=0,00s Real=0,00s
[2019-04-15T15:37:38.535+0200][5303,055s] GC(1306) Old: 204932K->136206K(393216K)
[2019-04-15T15:37:39.254+0200][5303,775s] GC(1308) Pause Young (Allocation Failure)
[2019-04-15T15:37:39.254+0200][5303,775s] GC(1308) Using 4 workers of 4 for evacuation
[2019-04-15T15:37:39.275+0200][5303,795s] GC(1308) ParNew: 109248K->21824K(109248K)
[2019-04-15T15:37:39.275+0200][5303,795s] GC(1308) CMS: 136206K->143438K(393216K)
[2019-04-15T15:37:39.275+0200][5303,795s] GC(1308) Metaspace: 84110K->84110K(1126400K)
[2019-04-15T15:37:39.275+0200][5303,795s] GC(1308) Pause Young (Allocation Failure) 239M->161M(490M) 20,594ms
[2019-04-15T15:37:39.275+0200][5303,795s] GC(1308) User=0,07s Sys=0,01s Real=0,02s
[2019-04-15T15:37:40.330+0200][5304,850s] GC(1309) Pause Young (Allocation Failure)
[2019-04-15T15:37:40.330+0200][5304,850s] GC(1309) Using 4 workers of 4 for evacuation
[2019-04-15T15:37:40.382+0200][5304,903s] GC(1309) ParNew: 109248K->21824K(109248K)
[2019-04-15T15:37:40.382+0200][5304,903s] GC(1309) CMS: 143438K->153314K(393216K)
[2019-04-15T15:37:40.382+0200][5304,903s] GC(1309) Metaspace: 84110K->84110K(1126400K)
[2019-04-15T15:37:40.382+0200][5304,903s] GC(1309) Pause Young (Allocation Failure) 246M->171M(490M) 52,810ms
[2019-04-15T15:37:40.382+0200][5304,903s] GC(1309) User=0,12s Sys=0,00s Real=0,05s
[2019-04-15T15:37:41.222+0200][5305,742s] GC(1310) Pause Young (Allocation Failure)
[2019-04-15T15:37:41.222+0200][5305,742s] GC(1310) Using 4 workers of 4 for evacuation
[2019-04-15T15:37:41.255+0200][5305,775s] GC(1310) ParNew: 109248K->21824K(109248K)
[2019-04-15T15:37:41.255+0200][5305,775s] GC(1310) CMS: 153314K->163545K(393216K)
[2019-04-15T15:37:41.255+0200][5305,775s] GC(1310) Metaspace: 84110K->84110K(1126400K)
[2019-04-15T15:37:41.255+0200][5305,775s] GC(1310) Pause Young (Allocation Failure) 256M->181M(490M) 33,052ms
[2019-04-15T15:37:41.255+0200][5305,775s] GC(1310) User=0,09s Sys=0,00s Real=0,04s
[2019-04-15T15:37:42.099+0200][5306,619s] GC(1311) Pause Young (Allocation Failure)
[2019-04-15T15:37:42.099+0200][5306,619s] GC(1311) Using 4 workers of 4 for evacuation
[2019-04-15T15:37:42.134+0200][5306,655s] GC(1311) ParNew: 109248K->21824K(109248K)
[2019-04-15T15:37:42.134+0200][5306,655s] GC(1311) CMS: 163545K->178490K(393216K)
[2019-04-15T15:37:42.134+0200][5306,655s] GC(1311) Metaspace: 84110K->84110K(1126400K)
[2019-04-15T15:37:42.134+0200][5306,655s] GC(1311) Pause Young (Allocation Failure) 266M->195M(490M) 35,615ms
[2019-04-15T15:37:42.134+0200][5306,655s] GC(1311) User=0,10s Sys=0,00s Real=0,04s
[2019-04-15T15:37:42.968+0200][5307,489s] GC(1312) Pause Young (Allocation Failure)
[2019-04-15T15:37:42.968+0200][5307,489s] GC(1312) Using 4 workers of 4 for evacuation
[2019-04-15T15:37:43.004+0200][5307,525s] GC(1312) ParNew: 109248K->21824K(109248K)
[2019-04-15T15:37:43.004+0200][5307,525s] GC(1312) CMS: 178490K->189601K(393216K)
[2019-04-15T15:37:43.004+0200][5307,525s] GC(1312) Metaspace: 84110K->84110K(1126400K)
[2019-04-15T15:37:43.004+0200][5307,525s] GC(1312) Pause Young (Allocation Failure) 280M->206M(490M) 35,926ms
[2019-04-15T15:37:43.004+0200][5307,525s] GC(1312) User=0,11s Sys=0,00s Real=0,03s
[2019-04-15T15:37:43.774+0200][5308,294s] GC(1313) Pause Young (Allocation Failure)
[2019-04-15T15:37:43.774+0200][5308,294s] GC(1313) Using 4 workers of 4 for evacuation
[2019-04-15T15:37:43.796+0200][5308,317s] GC(1313) ParNew: 109248K->21824K(109248K)
[2019-04-15T15:37:43.796+0200][5308,317s] GC(1313) CMS: 189601K->199844K(393216K)
[2019-04-15T15:37:43.796+0200][5308,317s] GC(1313) Metaspace: 84110K->84110K(1126400K)
[2019-04-15T15:37:43.796+0200][5308,317s] GC(1313) Pause Young (Allocation Failure) 291M->216M(490M) 22,742ms
[2019-04-15T15:37:43.796+0200][5308,317s] GC(1313) User=0,08s Sys=0,01s Real=0,02s
[2019-04-15T15:37:43.797+0200][5308,317s] GC(1314) Pause Initial Mark
[2019-04-15T15:37:43.800+0200][5308,321s] GC(1314) Pause Initial Mark 218M->218M(490M) 3,496ms
[2019-04-15T15:37:43.800+0200][5308,321s] GC(1314) User=0,01s Sys=0,00s Real=0,00s
[2019-04-15T15:37:43.800+0200][5308,321s] GC(1314) Concurrent Mark
[2019-04-15T15:37:43.800+0200][5308,321s] GC(1314) Using 4 workers of 4 for marking
[2019-04-15T15:37:43.885+0200][5308,405s] GC(1314) Concurrent Mark 84,867ms
[2019-04-15T15:37:43.885+0200][5308,406s] GC(1314) User=0,31s Sys=0,00s Real=0,09s
[2019-04-15T15:37:43.885+0200][5308,406s] GC(1314) Concurrent Preclean
[2019-04-15T15:37:43.889+0200][5308,409s] GC(1314) Concurrent Preclean 3,602ms
[2019-04-15T15:37:43.889+0200][5308,409s] GC(1314) User=0,00s Sys=0,00s Real=0,00s
[2019-04-15T15:37:43.889+0200][5308,409s] GC(1314) Concurrent Abortable Preclean
[2019-04-15T15:37:44.409+0200][5308,930s] GC(1314) Concurrent Abortable Preclean 520,510ms
[2019-04-15T15:37:44.409+0200][5308,930s] GC(1314) User=1,00s Sys=0,00s Real=0,52s
[2019-04-15T15:37:44.410+0200][5308,930s] GC(1314) Pause Remark
[2019-04-15T15:37:44.410+0200][5308,930s] GC(1315) Pause Young (CMS Final Remark)
[2019-04-15T15:37:44.410+0200][5308,930s] GC(1315) Using 4 workers of 4 for evacuation
[2019-04-15T15:37:44.453+0200][5308,973s] GC(1315) ParNew: 66995K->21824K(109248K)
[2019-04-15T15:37:44.453+0200][5308,973s] GC(1315) CMS: 199844K->209589K(393216K)
[2019-04-15T15:37:44.453+0200][5308,973s] GC(1315) Metaspace: 84110K->84110K(1126400K)
[2019-04-15T15:37:44.453+0200][5308,973s] GC(1315) Pause Young (CMS Final Remark) 260M->225M(490M) 43,150ms
[2019-04-15T15:37:44.453+0200][5308,973s] GC(1315) User=0,10s Sys=0,00s Real=0,05s
[2019-04-15T15:37:44.558+0200][5309,079s] GC(1314) Pause Remark 260M->225M(490M) 148,370ms
[2019-04-15T15:37:44.558+0200][5309,079s] GC(1314) User=0,22s Sys=0,00s Real=0,15s
[2019-04-15T15:37:44.558+0200][5309,079s] GC(1314) Concurrent Sweep
[2019-04-15T15:37:44.617+0200][5309,137s] GC(1314) Concurrent Sweep 58,443ms
[2019-04-15T15:37:44.617+0200][5309,137s] GC(1314) User=0,11s Sys=0,00s Real=0,06s
[2019-04-15T15:37:44.617+0200][5309,137s] GC(1314) Concurrent Reset
[2019-04-15T15:37:44.618+0200][5309,138s] GC(1314) Concurrent Reset 0,880ms
[2019-04-15T15:37:44.618+0200][5309,138s] GC(1314) User=0,00s Sys=0,00s Real=0,00s
[2019-04-15T15:37:44.618+0200][5309,138s] GC(1314) Old: 199844K->194430K(393216K)
[2019-04-15T15:37:45.371+0200][5309,892s] GC(1316) Pause Young (Allocation Failure)
[2019-04-15T15:37:45.371+0200][5309,892s] GC(1316) Using 4 workers of 4 for evacuation
[2019-04-15T15:37:45.397+0200][5309,918s] GC(1316) ParNew: 109248K->21824K(109248K)
[2019-04-15T15:37:45.397+0200][5309,918s] GC(1316) CMS: 194430K->204489K(393216K)
[2019-04-15T15:37:45.397+0200][5309,918s] GC(1316) Metaspace: 84110K->84110K(1126400K)
[2019-04-15T15:37:45.397+0200][5309,918s] GC(1316) Pause Young (Allocation Failure) 296M->221M(490M) 25,982ms
[2019-04-15T15:37:45.397+0200][5309,918s] GC(1316) User=0,08s Sys=0,00s Real=0,03s
[2019-04-15T15:37:45.397+0200][5309,918s] GC(1317) Pause Initial Mark
[2019-04-15T15:37:45.401+0200][5309,921s] GC(1317) Pause Initial Mark 222M->222M(490M) 3,319ms
[2019-04-15T15:37:45.401+0200][5309,921s] GC(1317) User=0,00s Sys=0,00s Real=0,00s
[2019-04-15T15:37:45.401+0200][5309,921s] GC(1317) Concurrent Mark
[2019-04-15T15:37:45.401+0200][5309,921s] GC(1317) Using 4 workers of 4 for marking
[2019-04-15T15:37:45.485+0200][5310,006s] GC(1317) Concurrent Mark 84,700ms
[2019-04-15T15:37:45.486+0200][5310,006s] GC(1317) User=0,34s Sys=0,00s Real=0,09s
[2019-04-15T15:37:45.486+0200][5310,006s] GC(1317) Concurrent Preclean
[2019-04-15T15:37:45.489+0200][5310,010s] GC(1317) Concurrent Preclean 3,814ms
[2019-04-15T15:37:45.489+0200][5310,010s] GC(1317) User=0,00s Sys=0,00s Real=0,00s
[2019-04-15T15:37:45.489+0200][5310,010s] GC(1317) Concurrent Abortable Preclean
[2019-04-15T15:37:45.821+0200][5310,342s] GC(1317) Concurrent Abortable Preclean 331,924ms
[2019-04-15T15:37:45.821+0200][5310,342s] GC(1317) User=0,66s Sys=0,00s Real=0,33s
[2019-04-15T15:37:45.821+0200][5310,342s] GC(1317) Pause Remark
[2019-04-15T15:37:45.822+0200][5310,342s] GC(1318) Pause Young (CMS Final Remark)
[2019-04-15T15:37:45.822+0200][5310,342s] GC(1318) Using 4 workers of 4 for evacuation
[2019-04-15T15:37:45.843+0200][5310,364s] GC(1318) ParNew: 71400K->21824K(109248K)
[2019-04-15T15:37:45.843+0200][5310,364s] GC(1318) CMS: 204489K->211287K(393216K)
[2019-04-15T15:37:45.843+0200][5310,364s] GC(1318) Metaspace: 84110K->84110K(1126400K)
[2019-04-15T15:37:45.843+0200][5310,364s] GC(1318) Pause Young (CMS Final Remark) 269M->227M(490M) 21,966ms
[2019-04-15T15:37:45.844+0200][5310,364s] GC(1318) User=0,08s Sys=0,00s Real=0,02s
[2019-04-15T15:37:45.888+0200][5310,408s] GC(1317) Pause Remark 269M->227M(490M) 66,346ms
[2019-04-15T15:37:45.888+0200][5310,408s] GC(1317) User=0,16s Sys=0,00s Real=0,07s
[2019-04-15T15:37:45.888+0200][5310,408s] GC(1317) Concurrent Sweep
[2019-04-15T15:37:45.926+0200][5310,446s] GC(1317) Concurrent Sweep 37,638ms
[2019-04-15T15:37:45.926+0200][5310,446s] GC(1317) User=0,08s Sys=0,00s Real=0,04s
[2019-04-15T15:37:45.926+0200][5310,446s] GC(1317) Concurrent Reset
[2019-04-15T15:37:45.926+0200][5310,446s] GC(1317) Concurrent Reset 0,316ms
[2019-04-15T15:37:45.926+0200][5310,446s] GC(1317) User=0,00s Sys=0,00s Real=0,00s
[2019-04-15T15:37:45.926+0200][5310,446s] GC(1317) Old: 204489K->205702K(393216K)
[2019-04-15T15:37:46.538+0200][5311,058s] GC(1319) Pause Young (Allocation Failure)
[2019-04-15T15:37:46.538+0200][5311,058s] GC(1319) Using 4 workers of 4 for evacuation
[2019-04-15T15:37:46.562+0200][5311,082s] GC(1319) ParNew: 109248K->21824K(109248K)
[2019-04-15T15:37:46.562+0200][5311,082s] GC(1319) CMS: 205702K->218153K(393216K)
[2019-04-15T15:37:46.562+0200][5311,082s] GC(1319) Metaspace: 84110K->84110K(1126400K)
[2019-04-15T15:37:46.562+0200][5311,082s] GC(1319) Pause Young (Allocation Failure) 307M->234M(490M) 23,941ms
[2019-04-15T15:37:46.562+0200][5311,082s] GC(1319) User=0,09s Sys=0,01s Real=0,02s
[2019-04-15T15:37:46.562+0200][5311,082s] GC(1320) Pause Initial Mark
[2019-04-15T15:37:46.563+0200][5311,084s] GC(1320) Pause Initial Mark 236M->236M(490M) 1,390ms
[2019-04-15T15:37:46.563+0200][5311,084s] GC(1320) User=0,00s Sys=0,00s Real=0,00s
[2019-04-15T15:37:46.563+0200][5311,084s] GC(1320) Concurrent Mark
[2019-04-15T15:37:46.563+0200][5311,084s] GC(1320) Using 4 workers of 4 for marking
[2019-04-15T15:37:46.646+0200][5311,167s] GC(1320) Concurrent Mark 83,185ms
[2019-04-15T15:37:46.646+0200][5311,167s] GC(1320) User=0,32s Sys=0,00s Real=0,09s
[2019-04-15T15:37:46.646+0200][5311,167s] GC(1320) Concurrent Preclean
[2019-04-15T15:37:46.651+0200][5311,171s] GC(1320) Concurrent Preclean 4,551ms
[2019-04-15T15:37:46.651+0200][5311,172s] GC(1320) User=0,01s Sys=0,00s Real=0,00s
[2019-04-15T15:37:46.651+0200][5311,172s] GC(1320) Concurrent Abortable Preclean
[2019-04-15T15:37:47.033+0200][5311,553s] GC(1320) Concurrent Abortable Preclean 381,414ms
[2019-04-15T15:37:47.033+0200][5311,553s] GC(1320) User=0,76s Sys=0,00s Real=0,38s
[2019-04-15T15:37:47.033+0200][5311,553s] GC(1320) Pause Remark
[2019-04-15T15:37:47.033+0200][5311,553s] GC(1321) Pause Young (CMS Final Remark)
[2019-04-15T15:37:47.033+0200][5311,553s] GC(1321) Using 4 workers of 4 for evacuation
[2019-04-15T15:37:47.061+0200][5311,581s] GC(1321) ParNew: 67617K->21824K(109248K)
[2019-04-15T15:37:47.061+0200][5311,581s] GC(1321) CMS: 218153K->224401K(393216K)
[2019-04-15T15:37:47.061+0200][5311,581s] GC(1321) Metaspace: 84110K->84110K(1126400K)
[2019-04-15T15:37:47.061+0200][5311,581s] GC(1321) Pause Young (CMS Final Remark) 279M->240M(490M) 28,248ms
[2019-04-15T15:37:47.061+0200][5311,581s] GC(1321) User=0,09s Sys=0,00s Real=0,03s
[2019-04-15T15:37:47.127+0200][5311,647s] GC(1320) Pause Remark 279M->240M(490M) 93,885ms
[2019-04-15T15:37:47.127+0200][5311,647s] GC(1320) User=0,18s Sys=0,01s Real=0,10s
[2019-04-15T15:37:47.127+0200][5311,647s] GC(1320) Concurrent Sweep
[2019-04-15T15:37:47.185+0200][5311,705s] GC(1320) Concurrent Sweep 58,208ms
[2019-04-15T15:37:47.185+0200][5311,705s] GC(1320) User=0,12s Sys=0,00s Real=0,06s
[2019-04-15T15:37:47.185+0200][5311,705s] GC(1320) Concurrent Reset
[2019-04-15T15:37:47.185+0200][5311,706s] GC(1320) Concurrent Reset 0,434ms
[2019-04-15T15:37:47.186+0200][5311,706s] GC(1320) User=0,00s Sys=0,00s Real=0,00s
[2019-04-15T15:37:47.186+0200][5311,706s] GC(1320) Old: 218153K->220930K(393216K)
[2019-04-15T15:37:49.187+0200][5313,708s] GC(1322) Pause Initial Mark
[2019-04-15T15:37:49.199+0200][5313,720s] GC(1322) Pause Initial Mark 286M->286M(490M) 11,764ms
[2019-04-15T15:37:49.199+0200][5313,720s] GC(1322) User=0,03s Sys=0,00s Real=0,01s
[2019-04-15T15:37:49.199+0200][5313,720s] GC(1322) Concurrent Mark
[2019-04-15T15:37:49.199+0200][5313,720s] GC(1322) Using 4 workers of 4 for marking
[2019-04-15T15:37:49.355+0200][5313,875s] GC(1322) Concurrent Mark 155,359ms
[2019-04-15T15:37:49.355+0200][5313,875s] GC(1322) User=0,45s Sys=0,00s Real=0,16s
[2019-04-15T15:37:49.355+0200][5313,876s] GC(1322) Concurrent Preclean
[2019-04-15T15:37:49.389+0200][5313,909s] GC(1322) Concurrent Preclean 33,461ms
[2019-04-15T15:37:49.389+0200][5313,909s] GC(1322) User=0,04s Sys=0,00s Real=0,03s
[2019-04-15T15:37:49.389+0200][5313,909s] GC(1322) Concurrent Abortable Preclean
[2019-04-15T15:37:50.016+0200][5314,536s] GC(1323) Pause Young (Allocation Failure)
[2019-04-15T15:37:50.016+0200][5314,536s] GC(1323) Using 4 workers of 4 for evacuation
[2019-04-15T15:37:50.045+0200][5314,566s] GC(1323) ParNew: 109248K->21824K(109248K)
[2019-04-15T15:37:50.045+0200][5314,566s] GC(1323) CMS: 220930K->237017K(393216K)
[2019-04-15T15:37:50.045+0200][5314,566s] GC(1323) Metaspace: 84114K->84114K(1126400K)
[2019-04-15T15:37:50.045+0200][5314,566s] GC(1323) Pause Young (Allocation Failure) 322M->252M(490M) 29,365ms
[2019-04-15T15:37:50.045+0200][5314,566s] GC(1323) User=0,08s Sys=0,00s Real=0,03s
[2019-04-15T15:37:50.095+0200][5314,616s] GC(1324) Pause Young (Allocation Failure)
[2019-04-15T15:37:50.095+0200][5314,616s] GC(1324) Using 4 workers of 4 for evacuation
[2019-04-15T15:37:50.108+0200][5314,628s] GC(1324) ParNew: 109224K->21824K(109248K)
[2019-04-15T15:37:50.108+0200][5314,628s] GC(1324) CMS: 237017K->241675K(393216K)
[2019-04-15T15:37:50.108+0200][5314,628s] GC(1324) Metaspace: 84114K->84114K(1126400K)
[2019-04-15T15:37:50.108+0200][5314,628s] GC(1324) Pause Young (Allocation Failure) 338M->257M(490M) 12,687ms
[2019-04-15T15:37:50.108+0200][5314,628s] GC(1324) User=0,04s Sys=0,00s Real=0,01s
[2019-04-15T15:37:50.108+0200][5314,628s] GC(1322) Concurrent Abortable Preclean 719,196ms
[2019-04-15T15:37:50.108+0200][5314,628s] GC(1322) User=1,05s Sys=0,00s Real=0,72s
[2019-04-15T15:37:50.108+0200][5314,628s] GC(1322) Pause Remark
[2019-04-15T15:37:50.108+0200][5314,628s] GC(1325) Pause Young (CMS Final Remark)
[2019-04-15T15:37:50.108+0200][5314,628s] GC(1325) Using 4 workers of 4 for evacuation
[2019-04-15T15:37:50.119+0200][5314,640s] GC(1325) ParNew: 23582K->21824K(109248K)
[2019-04-15T15:37:50.119+0200][5314,640s] GC(1325) CMS: 241675K->243142K(393216K)
[2019-04-15T15:37:50.119+0200][5314,640s] GC(1325) Metaspace: 84114K->84114K(1126400K)
[2019-04-15T15:37:50.119+0200][5314,640s] GC(1325) Pause Young (CMS Final Remark) 259M->258M(490M) 11,134ms
[2019-04-15T15:37:50.119+0200][5314,640s] GC(1325) User=0,03s Sys=0,00s Real=0,01s
[2019-04-15T15:37:50.159+0200][5314,680s] GC(1322) Pause Remark 259M->258M(490M) 51,171ms
[2019-04-15T15:37:50.159+0200][5314,680s] GC(1322) User=0,09s Sys=0,00s Real=0,05s
[2019-04-15T15:37:50.159+0200][5314,680s] GC(1322) Concurrent Sweep
[2019-04-15T15:37:50.232+0200][5314,752s] GC(1322) Concurrent Sweep 72,531ms
[2019-04-15T15:37:50.232+0200][5314,752s] GC(1322) User=0,15s Sys=0,00s Real=0,07s
[2019-04-15T15:37:50.232+0200][5314,752s] GC(1322) Concurrent Reset
[2019-04-15T15:37:50.232+0200][5314,753s] GC(1322) Concurrent Reset 0,489ms
[2019-04-15T15:37:50.232+0200][5314,753s] GC(1322) User=0,00s Sys=0,00s Real=0,00s
[2019-04-15T15:37:50.232+0200][5314,753s] GC(1322) Old: 220930K->228049K(393216K)
[2019-04-15T15:37:50.242+0200][5314,763s] GC(1326) Pause Young (Allocation Failure)
[2019-04-15T15:37:50.242+0200][5314,763s] GC(1326) Using 4 workers of 4 for evacuation
[2019-04-15T15:37:50.252+0200][5314,772s] GC(1326) ParNew: 109248K->18320K(109248K)
[2019-04-15T15:37:50.252+0200][5314,772s] GC(1326) CMS: 228049K->228049K(393216K)
[2019-04-15T15:37:50.252+0200][5314,772s] GC(1326) Metaspace: 84114K->84114K(1126400K)
[2019-04-15T15:37:50.252+0200][5314,772s] GC(1326) Pause Young (Allocation Failure) 329M->240M(490M) 9,129ms
[2019-04-15T15:37:50.252+0200][5314,772s] GC(1326) User=0,03s Sys=0,00s Real=0,01s
[2019-04-15T15:37:50.252+0200][5314,772s] GC(1327) Pause Initial Mark
[2019-04-15T15:37:50.252+0200][5314,773s] GC(1327) Pause Initial Mark 242M->242M(490M) 0,697ms
[2019-04-15T15:37:50.252+0200][5314,773s] GC(1327) User=0,01s Sys=0,00s Real=0,00s
[2019-04-15T15:37:50.252+0200][5314,773s] GC(1327) Concurrent Mark
[2019-04-15T15:37:50.253+0200][5314,773s] GC(1327) Using 4 workers of 4 for marking
[2019-04-15T15:37:50.321+0200][5314,841s] GC(1327) Concurrent Mark 68,374ms
[2019-04-15T15:37:50.321+0200][5314,841s] GC(1327) User=0,27s Sys=0,00s Real=0,07s
[2019-04-15T15:37:50.321+0200][5314,841s] GC(1327) Concurrent Preclean
[2019-04-15T15:37:50.322+0200][5314,842s] GC(1327) Concurrent Preclean 0,996ms
[2019-04-15T15:37:50.322+0200][5314,842s] GC(1327) User=0,00s Sys=0,00s Real=0,00s
[2019-04-15T15:37:50.322+0200][5314,842s] GC(1327) Concurrent Abortable Preclean
[2019-04-15T15:37:50.405+0200][5314,925s] GC(1328) Pause Young (Allocation Failure)
[2019-04-15T15:37:50.405+0200][5314,925s] GC(1328) Using 4 workers of 4 for evacuation
[2019-04-15T15:37:50.413+0200][5314,933s] GC(1328) ParNew: 105744K->18691K(109248K)
[2019-04-15T15:37:50.413+0200][5314,933s] GC(1328) CMS: 228049K->228049K(393216K)
[2019-04-15T15:37:50.413+0200][5314,933s] GC(1328) Metaspace: 84114K->84114K(1126400K)
[2019-04-15T15:37:50.413+0200][5314,933s] GC(1328) Pause Young (Allocation Failure) 325M->240M(490M) 8,262ms
[2019-04-15T15:37:50.413+0200][5314,933s] GC(1328) User=0,03s Sys=0,00s Real=0,02s
[2019-04-15T15:37:50.468+0200][5314,988s] GC(1329) Pause Young (Allocation Failure)
[2019-04-15T15:37:50.468+0200][5314,988s] GC(1329) Using 4 workers of 4 for evacuation
[2019-04-15T15:37:50.477+0200][5314,998s] GC(1329) ParNew: 106115K->16301K(109248K)
[2019-04-15T15:37:50.477+0200][5314,998s] GC(1329) CMS: 228049K->229620K(393216K)
[2019-04-15T15:37:50.477+0200][5314,998s] GC(1329) Metaspace: 84114K->84114K(1126400K)
[2019-04-15T15:37:50.477+0200][5314,998s] GC(1329) Pause Young (Allocation Failure) 326M->240M(490M) 9,841ms
[2019-04-15T15:37:50.477+0200][5314,998s] GC(1329) User=0,03s Sys=0,00s Real=0,01s
[2019-04-15T15:37:50.535+0200][5315,055s] GC(1327) Concurrent Abortable Preclean 212,662ms
[2019-04-15T15:37:50.535+0200][5315,055s] GC(1327) User=0,34s Sys=0,00s Real=0,22s
[2019-04-15T15:37:50.535+0200][5315,055s] GC(1327) Pause Remark
[2019-04-15T15:37:50.535+0200][5315,055s] GC(1330) Pause Young (CMS Final Remark)
[2019-04-15T15:37:50.535+0200][5315,055s] GC(1330) Using 4 workers of 4 for evacuation
[2019-04-15T15:37:50.547+0200][5315,067s] GC(1330) ParNew: 85151K->14099K(109248K)
[2019-04-15T15:37:50.547+0200][5315,067s] GC(1330) CMS: 229620K->231819K(393216K)
[2019-04-15T15:37:50.547+0200][5315,067s] GC(1330) Metaspace: 84115K->84115K(1126400K)
[2019-04-15T15:37:50.547+0200][5315,067s] GC(1330) Pause Young (CMS Final Remark) 307M->240M(490M) 11,842ms
[2019-04-15T15:37:50.547+0200][5315,067s] GC(1330) User=0,04s Sys=0,00s Real=0,01s
[2019-04-15T15:37:50.581+0200][5315,101s] GC(1327) Pause Remark 307M->240M(490M) 45,936ms
[2019-04-15T15:37:50.581+0200][5315,101s] GC(1327) User=0,09s Sys=0,00s Real=0,04s
[2019-04-15T15:37:50.581+0200][5315,101s] GC(1327) Concurrent Sweep
[2019-04-15T15:37:50.629+0200][5315,150s] GC(1327) Concurrent Sweep 48,279ms
[2019-04-15T15:37:50.629+0200][5315,150s] GC(1327) User=0,14s Sys=0,00s Real=0,05s
[2019-04-15T15:37:50.629+0200][5315,150s] GC(1327) Concurrent Reset
[2019-04-15T15:37:50.630+0200][5315,150s] GC(1327) Concurrent Reset 0,335ms
[2019-04-15T15:37:50.630+0200][5315,150s] GC(1327) User=0,00s Sys=0,00s Real=0,00s
[2019-04-15T15:37:50.630+0200][5315,150s] GC(1327) Old: 228049K->225668K(393216K)
[2019-04-15T15:37:51.119+0200][5315,639s] GC(1331) Pause Young (Allocation Failure)
[2019-04-15T15:37:51.119+0200][5315,639s] GC(1331) Using 4 workers of 4 for evacuation
[2019-04-15T15:37:51.132+0200][5315,653s] GC(1331) ParNew: 101523K->13856K(109248K)
[2019-04-15T15:37:51.132+0200][5315,653s] GC(1331) CMS: 225668K->230161K(393216K)
[2019-04-15T15:37:51.132+0200][5315,653s] GC(1331) Metaspace: 84117K->84117K(1126400K)
[2019-04-15T15:37:51.132+0200][5315,653s] GC(1331) Pause Young (Allocation Failure) 319M->238M(490M) 13,514ms
[2019-04-15T15:37:51.132+0200][5315,653s] GC(1331) User=0,04s Sys=0,00s Real=0,01s
[2019-04-15T15:37:51.132+0200][5315,653s] GC(1332) Pause Initial Mark
[2019-04-15T15:37:51.134+0200][5315,654s] GC(1332) Pause Initial Mark 238M->238M(490M) 1,374ms
[2019-04-15T15:37:51.134+0200][5315,654s] GC(1332) User=0,01s Sys=0,00s Real=0,01s
[2019-04-15T15:37:51.134+0200][5315,654s] GC(1332) Concurrent Mark
[2019-04-15T15:37:51.134+0200][5315,654s] GC(1332) Using 4 workers of 4 for marking
[2019-04-15T15:37:51.298+0200][5315,818s] GC(1332) Concurrent Mark 163,620ms
[2019-04-15T15:37:51.298+0200][5315,818s] GC(1332) User=0,50s Sys=0,00s Real=0,16s
[2019-04-15T15:37:51.298+0200][5315,818s] GC(1332) Concurrent Preclean
[2019-04-15T15:37:51.300+0200][5315,820s] GC(1332) Concurrent Preclean 2,423ms
[2019-04-15T15:37:51.300+0200][5315,820s] GC(1332) User=0,01s Sys=0,00s Real=0,00s
[2019-04-15T15:37:51.300+0200][5315,820s] GC(1332) Concurrent Abortable Preclean
[2019-04-15T15:37:51.881+0200][5316,401s] GC(1333) Pause Young (Allocation Failure)
[2019-04-15T15:37:51.881+0200][5316,401s] GC(1333) Using 4 workers of 4 for evacuation
[2019-04-15T15:37:51.912+0200][5316,432s] GC(1333) ParNew: 101280K->10700K(109248K)
[2019-04-15T15:37:51.912+0200][5316,432s] GC(1333) CMS: 230161K->235788K(393216K)
[2019-04-15T15:37:51.912+0200][5316,432s] GC(1333) Metaspace: 84118K->84118K(1126400K)
[2019-04-15T15:37:51.912+0200][5316,432s] GC(1333) Pause Young (Allocation Failure) 323M->240M(490M) 31,252ms
[2019-04-15T15:37:51.912+0200][5316,432s] GC(1333) User=0,07s Sys=0,00s Real=0,03s
[2019-04-15T15:37:52.290+0200][5316,810s] GC(1332) Concurrent Abortable Preclean 989,555ms
[2019-04-15T15:37:52.290+0200][5316,810s] GC(1332) User=2,65s Sys=0,06s Real=0,99s
[2019-04-15T15:37:52.290+0200][5316,810s] GC(1332) Pause Remark
[2019-04-15T15:37:52.290+0200][5316,810s] GC(1334) Pause Young (CMS Final Remark)
[2019-04-15T15:37:52.290+0200][5316,810s] GC(1334) Using 4 workers of 4 for evacuation
[2019-04-15T15:37:52.307+0200][5316,827s] GC(1334) ParNew: 58094K->13955K(109248K)
[2019-04-15T15:37:52.307+0200][5316,827s] GC(1334) CMS: 235788K->235788K(393216K)
[2019-04-15T15:37:52.307+0200][5316,827s] GC(1334) Metaspace: 84118K->84118K(1126400K)
[2019-04-15T15:37:52.307+0200][5316,828s] GC(1334) Pause Young (CMS Final Remark) 286M->243M(490M) 17,075ms
[2019-04-15T15:37:52.307+0200][5316,828s] GC(1334) User=0,05s Sys=0,01s Real=0,02s
[2019-04-15T15:37:52.450+0200][5316,970s] GC(1332) Pause Remark 286M->243M(490M) 160,049ms
[2019-04-15T15:37:52.450+0200][5316,971s] GC(1332) User=0,36s Sys=0,01s Real=0,16s
[2019-04-15T15:37:52.459+0200][5316,979s] GC(1332) Concurrent Sweep
[2019-04-15T15:37:52.783+0200][5317,303s] GC(1332) Concurrent Sweep 323,648ms
[2019-04-15T15:37:52.783+0200][5317,303s] GC(1332) User=0,87s Sys=0,00s Real=0,32s
[2019-04-15T15:37:52.783+0200][5317,303s] GC(1332) Concurrent Reset
[2019-04-15T15:37:52.785+0200][5317,305s] GC(1332) Concurrent Reset 1,795ms
[2019-04-15T15:37:52.785+0200][5317,305s] GC(1332) User=0,01s Sys=0,00s Real=0,00s
[2019-04-15T15:37:52.785+0200][5317,305s] GC(1332) Old: 230161K->195001K(393216K)
[2019-04-15T15:37:52.912+0200][5317,432s] GC(1335) Pause Young (Allocation Failure)
[2019-04-15T15:37:52.912+0200][5317,432s] GC(1335) Using 4 workers of 4 for evacuation
[2019-04-15T15:37:52.922+0200][5317,443s] GC(1335) ParNew: 101379K->14007K(109248K)
[2019-04-15T15:37:52.922+0200][5317,443s] GC(1335) CMS: 195001K->195001K(393216K)
[2019-04-15T15:37:52.922+0200][5317,443s] GC(1335) Metaspace: 84118K->84118K(1126400K)
[2019-04-15T15:37:52.922+0200][5317,443s] GC(1335) Pause Young (Allocation Failure) 289M->204M(490M) 10,472ms
[2019-04-15T15:37:52.922+0200][5317,443s] GC(1335) User=0,03s Sys=0,00s Real=0,01s
[2019-04-15T15:37:53.107+0200][5317,628s] GC(1336) Pause Young (Allocation Failure)
[2019-04-15T15:37:53.107+0200][5317,628s] GC(1336) Using 4 workers of 4 for evacuation
[2019-04-15T15:37:53.118+0200][5317,638s] GC(1336) ParNew: 101431K->18396K(109248K)
[2019-04-15T15:37:53.118+0200][5317,638s] GC(1336) CMS: 195001K->195005K(393216K)
[2019-04-15T15:37:53.118+0200][5317,638s] GC(1336) Metaspace: 84118K->84118K(1126400K)
[2019-04-15T15:37:53.118+0200][5317,638s] GC(1336) Pause Young (Allocation Failure) 289M->208M(490M) 10,205ms
[2019-04-15T15:37:53.118+0200][5317,638s] GC(1336) User=0,03s Sys=0,00s Real=0,01s
[2019-04-15T15:37:53.244+0200][5317,764s] GC(1337) Pause Young (Allocation Failure)
[2019-04-15T15:37:53.244+0200][5317,764s] GC(1337) Using 4 workers of 4 for evacuation
[2019-04-15T15:37:53.255+0200][5317,775s] GC(1337) ParNew: 105820K->21824K(109248K)
[2019-04-15T15:37:53.255+0200][5317,775s] GC(1337) CMS: 195005K->195030K(393216K)
[2019-04-15T15:37:53.255+0200][5317,775s] GC(1337) Metaspace: 84119K->84119K(1126400K)
[2019-04-15T15:37:53.255+0200][5317,775s] GC(1337) Pause Young (Allocation Failure) 293M->211M(490M) 10,754ms
[2019-04-15T15:37:53.255+0200][5317,775s] GC(1337) User=0,04s Sys=0,00s Real=0,02s
[2019-04-15T15:37:53.402+0200][5317,923s] GC(1338) Pause Young (Allocation Failure)
[2019-04-15T15:37:53.402+0200][5317,923s] GC(1338) Using 4 workers of 4 for evacuation
[2019-04-15T15:37:53.424+0200][5317,945s] GC(1338) ParNew: 109037K->21824K(109248K)
[2019-04-15T15:37:53.424+0200][5317,945s] GC(1338) CMS: 195030K->196184K(393216K)
[2019-04-15T15:37:53.424+0200][5317,945s] GC(1338) Metaspace: 84119K->84119K(1126400K)
[2019-04-15T15:37:53.424+0200][5317,945s] GC(1338) Pause Young (Allocation Failure) 296M->212M(490M) 22,235ms
[2019-04-15T15:37:53.424+0200][5317,945s] GC(1338) User=0,07s Sys=0,00s Real=0,02s
[2019-04-15T15:37:53.450+0200][5317,970s] GC(1339) Pause Young (Allocation Failure)
[2019-04-15T15:37:53.450+0200][5317,970s] GC(1339) Using 4 workers of 4 for evacuation
[2019-04-15T15:37:53.468+0200][5317,988s] GC(1339) ParNew: 108863K->21824K(109248K)
[2019-04-15T15:37:53.468+0200][5317,988s] GC(1339) CMS: 196184K->198791K(393216K)
[2019-04-15T15:37:53.468+0200][5317,988s] GC(1339) Metaspace: 84119K->84119K(1126400K)
[2019-04-15T15:37:53.468+0200][5317,988s] GC(1339) Pause Young (Allocation Failure) 297M->215M(490M) 17,697ms
[2019-04-15T15:37:53.468+0200][5317,988s] GC(1339) User=0,06s Sys=0,01s Real=0,02s
[2019-04-15T15:37:53.468+0200][5317,988s] GC(1340) Pause Initial Mark
[2019-04-15T15:37:53.471+0200][5317,992s] GC(1340) Pause Initial Mark 217M->217M(490M) 3,346ms
[2019-04-15T15:37:53.471+0200][5317,992s] GC(1340) User=0,01s Sys=0,00s Real=0,00s
[2019-04-15T15:37:53.471+0200][5317,992s] GC(1340) Concurrent Mark
[2019-04-15T15:37:53.471+0200][5317,992s] GC(1340) Using 4 workers of 4 for marking
[2019-04-15T15:37:53.536+0200][5318,056s] GC(1341) Pause Young (Allocation Failure)
[2019-04-15T15:37:53.536+0200][5318,056s] GC(1341) Using 4 workers of 4 for evacuation
[2019-04-15T15:37:53.550+0200][5318,070s] GC(1341) ParNew: 108850K->17412K(109248K)
[2019-04-15T15:37:53.550+0200][5318,070s] GC(1341) CMS: 198791K->202216K(393216K)
[2019-04-15T15:37:53.550+0200][5318,070s] GC(1341) Metaspace: 84119K->84119K(1126400K)
[2019-04-15T15:37:53.550+0200][5318,070s] GC(1341) Pause Young (Allocation Failure) 300M->214M(490M) 14,335ms
[2019-04-15T15:37:53.550+0200][5318,071s] GC(1341) User=0,05s Sys=0,00s Real=0,01s
[2019-04-15T15:37:53.570+0200][5318,090s] GC(1340) Concurrent Mark 98,348ms
[2019-04-15T15:37:53.570+0200][5318,090s] GC(1340) User=0,36s Sys=0,00s Real=0,10s
[2019-04-15T15:37:53.570+0200][5318,090s] GC(1340) Concurrent Preclean
[2019-04-15T15:37:53.581+0200][5318,101s] GC(1340) Concurrent Preclean 11,045ms
[2019-04-15T15:37:53.581+0200][5318,101s] GC(1340) User=0,04s Sys=0,00s Real=0,01s
[2019-04-15T15:37:53.584+0200][5318,104s] GC(1342) Pause Young (Allocation Failure)
[2019-04-15T15:37:53.584+0200][5318,104s] GC(1342) Using 4 workers of 4 for evacuation
[2019-04-15T15:37:53.604+0200][5318,124s] GC(1342) ParNew: 104836K->12161K(109248K)
[2019-04-15T15:37:53.604+0200][5318,124s] GC(1342) CMS: 202216K->205803K(393216K)
[2019-04-15T15:37:53.604+0200][5318,124s] GC(1342) Metaspace: 84120K->84120K(1126400K)
[2019-04-15T15:37:53.604+0200][5318,124s] GC(1342) Pause Young (Allocation Failure) 299M->212M(490M) 19,703ms
[2019-04-15T15:37:53.604+0200][5318,124s] GC(1342) User=0,07s Sys=0,00s Real=0,02s
[2019-04-15T15:37:53.617+0200][5318,138s] GC(1340) Pause Remark
[2019-04-15T15:37:53.618+0200][5318,138s] GC(1343) Pause Young (CMS Final Remark)
[2019-04-15T15:37:53.618+0200][5318,138s] GC(1343) Using 4 workers of 4 for evacuation
[2019-04-15T15:37:53.638+0200][5318,158s] GC(1343) ParNew: 21868K->11488K(109248K)
[2019-04-15T15:37:53.638+0200][5318,158s] GC(1343) CMS: 205803K->206445K(393216K)
[2019-04-15T15:37:53.638+0200][5318,158s] GC(1343) Metaspace: 84120K->84120K(1126400K)
[2019-04-15T15:37:53.638+0200][5318,158s] GC(1343) Pause Young (CMS Final Remark) 222M->212M(490M) 20,159ms
[2019-04-15T15:37:53.638+0200][5318,158s] GC(1343) User=0,05s Sys=0,00s Real=0,02s
[2019-04-15T15:37:53.712+0200][5318,232s] GC(1340) Pause Remark 222M->212M(490M) 94,443ms
[2019-04-15T15:37:53.712+0200][5318,232s] GC(1340) User=0,14s Sys=0,00s Real=0,09s
[2019-04-15T15:37:53.712+0200][5318,232s] GC(1340) Concurrent Sweep
[2019-04-15T15:37:54.006+0200][5318,526s] GC(1340) Concurrent Sweep 293,999ms
[2019-04-15T15:37:54.006+0200][5318,526s] GC(1340) User=0,92s Sys=0,03s Real=0,30s
[2019-04-15T15:37:54.006+0200][5318,526s] GC(1340) Concurrent Reset
[2019-04-15T15:37:54.007+0200][5318,527s] GC(1340) Concurrent Reset 0,503ms
[2019-04-15T15:37:54.007+0200][5318,527s] GC(1340) User=0,01s Sys=0,00s Real=0,00s
[2019-04-15T15:37:54.007+0200][5318,527s] GC(1340) Old: 198791K->133564K(393216K)
[2019-04-15T15:37:54.473+0200][5318,994s] GC(1344) Pause Young (Allocation Failure)
[2019-04-15T15:37:54.473+0200][5318,994s] GC(1344) Using 4 workers of 4 for evacuation
[2019-04-15T15:37:54.488+0200][5319,008s] GC(1344) ParNew: 98912K->17726K(109248K)
[2019-04-15T15:37:54.488+0200][5319,008s] GC(1344) CMS: 133564K->135458K(393216K)
[2019-04-15T15:37:54.488+0200][5319,008s] GC(1344) Metaspace: 84153K->84153K(1126400K)
[2019-04-15T15:37:54.488+0200][5319,008s] GC(1344) Pause Young (Allocation Failure) 227M->149M(490M) 14,477ms
[2019-04-15T15:37:54.488+0200][5319,008s] GC(1344) User=0,05s Sys=0,00s Real=0,01s
[2019-04-15T15:37:55.123+0200][5319,643s] GC(1345) Pause Young (Allocation Failure)
[2019-04-15T15:37:55.123+0200][5319,643s] GC(1345) Using 4 workers of 4 for evacuation
[2019-04-15T15:37:55.145+0200][5319,666s] GC(1345) ParNew: 105150K->21824K(109248K)
[2019-04-15T15:37:55.145+0200][5319,666s] GC(1345) CMS: 135458K->139962K(393216K)
[2019-04-15T15:37:55.145+0200][5319,666s] GC(1345) Metaspace: 84153K->84153K(1126400K)
[2019-04-15T15:37:55.145+0200][5319,666s] GC(1345) Pause Young (Allocation Failure) 234M->157M(490M) 22,396ms
[2019-04-15T15:37:55.145+0200][5319,666s] GC(1345) User=0,07s Sys=0,00s Real=0,03s
[2019-04-15T15:37:56.027+0200][5320,548s] GC(1346) Pause Young (Allocation Failure)
[2019-04-15T15:37:56.027+0200][5320,548s] GC(1346) Using 4 workers of 4 for evacuation
[2019-04-15T15:37:56.076+0200][5320,596s] GC(1346) ParNew: 109248K->21824K(109248K)
[2019-04-15T15:37:56.076+0200][5320,596s] GC(1346) CMS: 139962K->148398K(393216K)
[2019-04-15T15:37:56.076+0200][5320,596s] GC(1346) Metaspace: 84153K->84153K(1126400K)
[2019-04-15T15:37:56.076+0200][5320,596s] GC(1346) Pause Young (Allocation Failure) 243M->166M(490M) 48,489ms
[2019-04-15T15:37:56.076+0200][5320,596s] GC(1346) User=0,09s Sys=0,00s Real=0,05s
[2019-04-15T15:37:57.067+0200][5321,587s] GC(1347) Pause Young (Allocation Failure)
[2019-04-15T15:37:57.067+0200][5321,588s] GC(1347) Using 4 workers of 4 for evacuation
[2019-04-15T15:37:57.098+0200][5321,619s] GC(1347) ParNew: 109248K->21824K(109248K)
[2019-04-15T15:37:57.099+0200][5321,619s] GC(1347) CMS: 148398K->157493K(393216K)
[2019-04-15T15:37:57.099+0200][5321,619s] GC(1347) Metaspace: 84154K->84154K(1126400K)
[2019-04-15T15:37:57.099+0200][5321,619s] GC(1347) Pause Young (Allocation Failure) 251M->175M(490M) 31,533ms
[2019-04-15T15:37:57.099+0200][5321,619s] GC(1347) User=0,09s Sys=0,00s Real=0,03s
[2019-04-15T15:37:57.968+0200][5322,488s] GC(1348) Pause Young (Allocation Failure)
[2019-04-15T15:37:57.968+0200][5322,488s] GC(1348) Using 4 workers of 4 for evacuation
[2019-04-15T15:37:57.991+0200][5322,511s] GC(1348) ParNew: 109248K->21824K(109248K)
[2019-04-15T15:37:57.991+0200][5322,512s] GC(1348) CMS: 157493K->169498K(393216K)
[2019-04-15T15:37:57.991+0200][5322,512s] GC(1348) Metaspace: 84154K->84154K(1126400K)
[2019-04-15T15:37:57.991+0200][5322,512s] GC(1348) Pause Young (Allocation Failure) 260M->186M(490M) 23,573ms
[2019-04-15T15:37:57.991+0200][5322,512s] GC(1348) User=0,07s Sys=0,01s Real=0,02s
[2019-04-15T15:37:59.116+0200][5323,636s] GC(1349) Pause Young (Allocation Failure)
[2019-04-15T15:37:59.116+0200][5323,636s] GC(1349) Using 4 workers of 4 for evacuation
[2019-04-15T15:37:59.161+0200][5323,681s] GC(1349) ParNew: 109248K->21824K(109248K)
[2019-04-15T15:37:59.161+0200][5323,681s] GC(1349) CMS: 169498K->182750K(393216K)
[2019-04-15T15:37:59.161+0200][5323,681s] GC(1349) Metaspace: 84154K->84154K(1126400K)
[2019-04-15T15:37:59.161+0200][5323,681s] GC(1349) Pause Young (Allocation Failure) 272M->199M(490M) 45,116ms
[2019-04-15T15:37:59.161+0200][5323,681s] GC(1349) User=0,12s Sys=0,00s Real=0,04s
[2019-04-15T15:38:00.522+0200][5325,042s] GC(1350) Pause Young (Allocation Failure)
[2019-04-15T15:38:00.522+0200][5325,042s] GC(1350) Using 4 workers of 4 for evacuation
[2019-04-15T15:38:00.559+0200][5325,080s] GC(1350) ParNew: 109248K->21824K(109248K)
[2019-04-15T15:38:00.559+0200][5325,080s] GC(1350) CMS: 182750K->192795K(393216K)
[2019-04-15T15:38:00.560+0200][5325,080s] GC(1350) Metaspace: 84154K->84154K(1126400K)
[2019-04-15T15:38:00.560+0200][5325,080s] GC(1350) Pause Young (Allocation Failure) 285M->209M(490M) 37,736ms
[2019-04-15T15:38:00.560+0200][5325,080s] GC(1350) User=0,11s Sys=0,00s Real=0,04s
[2019-04-15T15:38:01.581+0200][5326,101s] GC(1351) Pause Young (Allocation Failure)
[2019-04-15T15:38:01.581+0200][5326,101s] GC(1351) Using 4 workers of 4 for evacuation
[2019-04-15T15:38:01.619+0200][5326,140s] GC(1351) ParNew: 109248K->21824K(109248K)
[2019-04-15T15:38:01.620+0200][5326,140s] GC(1351) CMS: 192795K->207698K(393216K)
[2019-04-15T15:38:01.620+0200][5326,140s] GC(1351) Metaspace: 84154K->84154K(1126400K)
[2019-04-15T15:38:01.620+0200][5326,140s] GC(1351) Pause Young (Allocation Failure) 294M->224M(490M) 39,075ms
[2019-04-15T15:38:01.620+0200][5326,140s] GC(1351) User=0,12s Sys=0,00s Real=0,04s
[2019-04-15T15:38:01.620+0200][5326,141s] GC(1352) Pause Initial Mark
[2019-04-15T15:38:01.627+0200][5326,147s] GC(1352) Pause Initial Mark 225M->225M(490M) 6,400ms
[2019-04-15T15:38:01.627+0200][5326,147s] GC(1352) User=0,00s Sys=0,00s Real=0,01s
[2019-04-15T15:38:01.627+0200][5326,147s] GC(1352) Concurrent Mark
[2019-04-15T15:38:01.627+0200][5326,148s] GC(1352) Using 4 workers of 4 for marking
[2019-04-15T15:38:01.796+0200][5326,317s] GC(1352) Concurrent Mark 169,466ms
[2019-04-15T15:38:01.797+0200][5326,317s] GC(1352) User=0,46s Sys=0,00s Real=0,17s
[2019-04-15T15:38:01.797+0200][5326,317s] GC(1352) Concurrent Preclean
[2019-04-15T15:38:01.806+0200][5326,326s] GC(1352) Concurrent Preclean 8,958ms
[2019-04-15T15:38:01.806+0200][5326,326s] GC(1352) User=0,01s Sys=0,00s Real=0,01s
[2019-04-15T15:38:01.806+0200][5326,326s] GC(1352) Concurrent Abortable Preclean
[2019-04-15T15:38:02.468+0200][5326,989s] GC(1353) Pause Young (Allocation Failure)
[2019-04-15T15:38:02.468+0200][5326,989s] GC(1353) Using 4 workers of 4 for evacuation
[2019-04-15T15:38:02.501+0200][5327,021s] GC(1353) ParNew: 109248K->21824K(109248K)
[2019-04-15T15:38:02.501+0200][5327,021s] GC(1353) CMS: 207698K->220334K(393216K)
[2019-04-15T15:38:02.501+0200][5327,021s] GC(1353) Metaspace: 84154K->84154K(1126400K)
[2019-04-15T15:38:02.501+0200][5327,021s] GC(1353) Pause Young (Allocation Failure) 309M->236M(490M) 32,864ms
[2019-04-15T15:38:02.501+0200][5327,021s] GC(1353) User=0,12s Sys=0,00s Real=0,03s
[2019-04-15T15:38:02.899+0200][5327,419s] GC(1352) Concurrent Abortable Preclean 1092,725ms
[2019-04-15T15:38:02.899+0200][5327,419s] GC(1352) User=2,20s Sys=0,01s Real=1,09s
[2019-04-15T15:38:02.899+0200][5327,419s] GC(1352) Pause Remark
[2019-04-15T15:38:02.899+0200][5327,419s] GC(1354) Pause Young (CMS Final Remark)
[2019-04-15T15:38:02.899+0200][5327,419s] GC(1354) Using 4 workers of 4 for evacuation
[2019-04-15T15:38:02.932+0200][5327,453s] GC(1354) ParNew: 69141K->21824K(109248K)
[2019-04-15T15:38:02.932+0200][5327,453s] GC(1354) CMS: 220334K->228595K(393216K)
[2019-04-15T15:38:02.932+0200][5327,453s] GC(1354) Metaspace: 84154K->84154K(1126400K)
[2019-04-15T15:38:02.932+0200][5327,453s] GC(1354) Pause Young (CMS Final Remark) 282M->244M(490M) 33,620ms
[2019-04-15T15:38:02.932+0200][5327,453s] GC(1354) User=0,09s Sys=0,00s Real=0,03s
[2019-04-15T15:38:02.978+0200][5327,499s] GC(1352) Pause Remark 282M->244M(490M) 79,516ms
[2019-04-15T15:38:02.978+0200][5327,499s] GC(1352) User=0,17s Sys=0,00s Real=0,08s
[2019-04-15T15:38:02.978+0200][5327,499s] GC(1352) Concurrent Sweep
[2019-04-15T15:38:03.034+0200][5327,554s] GC(1352) Concurrent Sweep 55,509ms
[2019-04-15T15:38:03.034+0200][5327,554s] GC(1352) User=0,10s Sys=0,00s Real=0,06s
[2019-04-15T15:38:03.034+0200][5327,554s] GC(1352) Concurrent Reset
[2019-04-15T15:38:03.034+0200][5327,555s] GC(1352) Concurrent Reset 0,393ms
[2019-04-15T15:38:03.034+0200][5327,555s] GC(1352) User=0,01s Sys=0,00s Real=0,00s
[2019-04-15T15:38:03.034+0200][5327,555s] GC(1352) Old: 207698K->214510K(393216K)
[2019-04-15T15:38:03.557+0200][5328,078s] GC(1355) Pause Young (Allocation Failure)
[2019-04-15T15:38:03.557+0200][5328,078s] GC(1355) Using 4 workers of 4 for evacuation
[2019-04-15T15:38:03.581+0200][5328,102s] GC(1355) ParNew: 108565K->21824K(109248K)
[2019-04-15T15:38:03.581+0200][5328,102s] GC(1355) CMS: 214510K->224729K(393216K)
[2019-04-15T15:38:03.581+0200][5328,102s] GC(1355) Metaspace: 84154K->84154K(1126400K)
[2019-04-15T15:38:03.581+0200][5328,102s] GC(1355) Pause Young (Allocation Failure) 315M->240M(490M) 23,984ms
[2019-04-15T15:38:03.581+0200][5328,102s] GC(1355) User=0,09s Sys=0,00s Real=0,02s
[2019-04-15T15:38:03.582+0200][5328,102s] GC(1356) Pause Initial Mark
[2019-04-15T15:38:03.584+0200][5328,104s] GC(1356) Pause Initial Mark 242M->242M(490M) 2,268ms
[2019-04-15T15:38:03.584+0200][5328,104s] GC(1356) User=0,01s Sys=0,00s Real=0,00s
[2019-04-15T15:38:03.584+0200][5328,104s] GC(1356) Concurrent Mark
[2019-04-15T15:38:03.584+0200][5328,104s] GC(1356) Using 4 workers of 4 for marking
[2019-04-15T15:38:03.663+0200][5328,184s] GC(1356) Concurrent Mark 79,520ms
[2019-04-15T15:38:03.663+0200][5328,184s] GC(1356) User=0,29s Sys=0,00s Real=0,08s
[2019-04-15T15:38:03.663+0200][5328,184s] GC(1356) Concurrent Preclean
[2019-04-15T15:38:03.665+0200][5328,186s] GC(1356) Concurrent Preclean 1,690ms
[2019-04-15T15:38:03.665+0200][5328,186s] GC(1356) User=0,00s Sys=0,00s Real=0,01s
[2019-04-15T15:38:03.665+0200][5328,186s] GC(1356) Concurrent Abortable Preclean
[2019-04-15T15:38:04.770+0200][5329,290s] GC(1356) Concurrent Abortable Preclean 1104,650ms
[2019-04-15T15:38:04.770+0200][5329,290s] GC(1356) User=1,81s Sys=0,01s Real=1,10s
[2019-04-15T15:38:04.770+0200][5329,291s] GC(1356) Pause Remark
[2019-04-15T15:38:04.770+0200][5329,291s] GC(1357) Pause Young (CMS Final Remark)
[2019-04-15T15:38:04.770+0200][5329,291s] GC(1357) Using 4 workers of 4 for evacuation
[2019-04-15T15:38:04.799+0200][5329,319s] GC(1357) ParNew: 66176K->21824K(109248K)
[2019-04-15T15:38:04.799+0200][5329,319s] GC(1357) CMS: 224729K->247844K(393216K)
[2019-04-15T15:38:04.799+0200][5329,319s] GC(1357) Metaspace: 84154K->84154K(1126400K)
[2019-04-15T15:38:04.799+0200][5329,319s] GC(1357) Pause Young (CMS Final Remark) 284M->263M(490M) 28,589ms
[2019-04-15T15:38:04.799+0200][5329,319s] GC(1357) User=0,08s Sys=0,00s Real=0,03s
[2019-04-15T15:38:04.854+0200][5329,374s] GC(1356) Pause Remark 284M->263M(490M) 83,426ms
[2019-04-15T15:38:04.854+0200][5329,374s] GC(1356) User=0,16s Sys=0,01s Real=0,09s
[2019-04-15T15:38:04.854+0200][5329,375s] GC(1356) Concurrent Sweep
[2019-04-15T15:38:04.933+0200][5329,453s] GC(1356) Concurrent Sweep 78,717ms
[2019-04-15T15:38:04.933+0200][5329,454s] GC(1356) User=0,16s Sys=0,00s Real=0,08s
[2019-04-15T15:38:04.933+0200][5329,454s] GC(1356) Concurrent Reset
[2019-04-15T15:38:04.935+0200][5329,455s] GC(1356) Concurrent Reset 1,043ms
[2019-04-15T15:38:04.935+0200][5329,455s] GC(1356) User=0,00s Sys=0,00s Real=0,00s
[2019-04-15T15:38:04.935+0200][5329,455s] GC(1356) Old: 224729K->239843K(393216K)
[2019-04-15T15:38:05.561+0200][5330,082s] GC(1358) Pause Young (Allocation Failure)
[2019-04-15T15:38:05.561+0200][5330,082s] GC(1358) Using 4 workers of 4 for evacuation
[2019-04-15T15:38:05.573+0200][5330,094s] GC(1358) ParNew: 109248K->21824K(109248K)
[2019-04-15T15:38:05.573+0200][5330,094s] GC(1358) CMS: 239843K->241891K(393216K)
[2019-04-15T15:38:05.573+0200][5330,094s] GC(1358) Metaspace: 84154K->84154K(1126400K)
[2019-04-15T15:38:05.573+0200][5330,094s] GC(1358) Pause Young (Allocation Failure) 340M->257M(490M) 11,715ms
[2019-04-15T15:38:05.573+0200][5330,094s] GC(1358) User=0,04s Sys=0,00s Real=0,02s
[2019-04-15T15:38:05.573+0200][5330,094s] GC(1359) Pause Initial Mark
[2019-04-15T15:38:05.575+0200][5330,095s] GC(1359) Pause Initial Mark 259M->259M(490M) 1,506ms
[2019-04-15T15:38:05.575+0200][5330,095s] GC(1359) User=0,01s Sys=0,00s Real=0,00s
[2019-04-15T15:38:05.575+0200][5330,095s] GC(1359) Concurrent Mark
[2019-04-15T15:38:05.575+0200][5330,095s] GC(1359) Using 4 workers of 4 for marking
[2019-04-15T15:38:05.649+0200][5330,170s] GC(1360) Pause Young (Allocation Failure)
[2019-04-15T15:38:05.649+0200][5330,170s] GC(1360) Using 4 workers of 4 for evacuation
[2019-04-15T15:38:05.663+0200][5330,183s] GC(1360) ParNew: 109248K->21824K(109248K)
[2019-04-15T15:38:05.663+0200][5330,183s] GC(1360) CMS: 241891K->242834K(393216K)
[2019-04-15T15:38:05.663+0200][5330,183s] GC(1360) Metaspace: 84154K->84154K(1126400K)
[2019-04-15T15:38:05.663+0200][5330,183s] GC(1360) Pause Young (Allocation Failure) 342M->258M(490M) 13,490ms
[2019-04-15T15:38:05.663+0200][5330,183s] GC(1360) User=0,05s Sys=0,00s Real=0,01s
[2019-04-15T15:38:05.676+0200][5330,197s] GC(1359) Concurrent Mark 101,437ms
[2019-04-15T15:38:05.676+0200][5330,197s] GC(1359) User=0,38s Sys=0,00s Real=0,10s
[2019-04-15T15:38:05.676+0200][5330,197s] GC(1359) Concurrent Preclean
[2019-04-15T15:38:05.689+0200][5330,209s] GC(1359) Concurrent Preclean 12,404ms
[2019-04-15T15:38:05.689+0200][5330,209s] GC(1359) User=0,02s Sys=0,00s Real=0,01s
[2019-04-15T15:38:05.689+0200][5330,209s] GC(1359) Concurrent Abortable Preclean
[2019-04-15T15:38:05.755+0200][5330,276s] GC(1361) Pause Young (Allocation Failure)
[2019-04-15T15:38:05.755+0200][5330,276s] GC(1361) Using 4 workers of 4 for evacuation
[2019-04-15T15:38:05.767+0200][5330,288s] GC(1361) ParNew: 109248K->21824K(109248K)
[2019-04-15T15:38:05.768+0200][5330,288s] GC(1361) CMS: 242834K->242834K(393216K)
[2019-04-15T15:38:05.768+0200][5330,288s] GC(1361) Metaspace: 84154K->84154K(1126400K)
[2019-04-15T15:38:05.768+0200][5330,288s] GC(1361) Pause Young (Allocation Failure) 343M->258M(490M) 12,151ms
[2019-04-15T15:38:05.768+0200][5330,288s] GC(1361) User=0,04s Sys=0,00s Real=0,01s
[2019-04-15T15:38:05.815+0200][5330,335s] GC(1359) Concurrent Abortable Preclean 126,141ms
[2019-04-15T15:38:05.815+0200][5330,335s] GC(1359) User=0,25s Sys=0,01s Real=0,13s
[2019-04-15T15:38:05.815+0200][5330,336s] GC(1359) Pause Remark
[2019-04-15T15:38:05.815+0200][5330,336s] GC(1362) Pause Young (CMS Final Remark)
[2019-04-15T15:38:05.815+0200][5330,336s] GC(1362) Using 4 workers of 4 for evacuation
[2019-04-15T15:38:05.828+0200][5330,349s] GC(1362) ParNew: 71163K->18995K(109248K)
[2019-04-15T15:38:05.828+0200][5330,349s] GC(1362) CMS: 242834K->242834K(393216K)
[2019-04-15T15:38:05.828+0200][5330,349s] GC(1362) Metaspace: 84155K->84155K(1126400K)
[2019-04-15T15:38:05.828+0200][5330,349s] GC(1362) Pause Young (CMS Final Remark) 306M->255M(490M) 12,912ms
[2019-04-15T15:38:05.828+0200][5330,349s] GC(1362) User=0,05s Sys=0,00s Real=0,01s
[2019-04-15T15:38:05.869+0200][5330,389s] GC(1359) Pause Remark 306M->255M(490M) 53,661ms
[2019-04-15T15:38:05.869+0200][5330,389s] GC(1359) User=0,10s Sys=0,00s Real=0,05s
[2019-04-15T15:38:05.869+0200][5330,389s] GC(1359) Concurrent Sweep
[2019-04-15T15:38:05.932+0200][5330,452s] GC(1363) Pause Young (Allocation Failure)
[2019-04-15T15:38:05.932+0200][5330,452s] GC(1363) Using 4 workers of 4 for evacuation
[2019-04-15T15:38:05.944+0200][5330,464s] GC(1363) ParNew: 106419K->14596K(109248K)
[2019-04-15T15:38:05.944+0200][5330,464s] GC(1363) CMS: 222835K->225443K(393216K)
[2019-04-15T15:38:05.944+0200][5330,464s] GC(1363) Metaspace: 84155K->84155K(1126400K)
[2019-04-15T15:38:05.944+0200][5330,464s] GC(1363) Pause Young (Allocation Failure) 321M->234M(490M) 12,517ms
[2019-04-15T15:38:05.944+0200][5330,464s] GC(1363) User=0,04s Sys=0,00s Real=0,01s
[2019-04-15T15:38:05.950+0200][5330,471s] GC(1359) Concurrent Sweep 81,336ms
[2019-04-15T15:38:05.950+0200][5330,471s] GC(1359) User=0,17s Sys=0,01s Real=0,08s
[2019-04-15T15:38:05.950+0200][5330,471s] GC(1359) Concurrent Reset
[2019-04-15T15:38:05.951+0200][5330,471s] GC(1359) Concurrent Reset 0,479ms
[2019-04-15T15:38:05.951+0200][5330,471s] GC(1359) User=0,00s Sys=0,00s Real=0,00s
[2019-04-15T15:38:05.951+0200][5330,471s] GC(1359) Old: 241891K->222834K(393216K)
[2019-04-15T15:38:06.143+0200][5330,663s] GC(1364) Pause Young (Allocation Failure)
[2019-04-15T15:38:06.143+0200][5330,663s] GC(1364) Using 4 workers of 4 for evacuation
[2019-04-15T15:38:06.160+0200][5330,680s] GC(1364) ParNew: 102020K->15506K(109248K)
[2019-04-15T15:38:06.160+0200][5330,680s] GC(1364) CMS: 222834K->223782K(393216K)
[2019-04-15T15:38:06.160+0200][5330,680s] GC(1364) Metaspace: 84155K->84155K(1126400K)
[2019-04-15T15:38:06.160+0200][5330,680s] GC(1364) Pause Young (Allocation Failure) 317M->233M(490M) 16,992ms
[2019-04-15T15:38:06.160+0200][5330,680s] GC(1364) User=0,06s Sys=0,00s Real=0,02s
[2019-04-15T15:38:06.160+0200][5330,680s] GC(1365) Pause Initial Mark
[2019-04-15T15:38:06.161+0200][5330,681s] GC(1365) Pause Initial Mark 235M->235M(490M) 1,161ms
[2019-04-15T15:38:06.161+0200][5330,682s] GC(1365) User=0,00s Sys=0,00s Real=0,00s
[2019-04-15T15:38:06.161+0200][5330,682s] GC(1365) Concurrent Mark
[2019-04-15T15:38:06.161+0200][5330,682s] GC(1365) Using 4 workers of 4 for marking
[2019-04-15T15:38:06.258+0200][5330,779s] GC(1365) Concurrent Mark 97,338ms
[2019-04-15T15:38:06.259+0200][5330,779s] GC(1365) User=0,35s Sys=0,01s Real=0,10s
[2019-04-15T15:38:06.259+0200][5330,779s] GC(1365) Concurrent Preclean
[2019-04-15T15:38:06.261+0200][5330,781s] GC(1365) Concurrent Preclean 2,155ms
[2019-04-15T15:38:06.261+0200][5330,781s] GC(1365) User=0,01s Sys=0,00s Real=0,00s
[2019-04-15T15:38:06.261+0200][5330,781s] GC(1365) Concurrent Abortable Preclean
[2019-04-15T15:38:06.483+0200][5331,003s] GC(1365) Concurrent Abortable Preclean 221,817ms
[2019-04-15T15:38:06.483+0200][5331,003s] GC(1365) User=0,48s Sys=0,04s Real=0,22s
[2019-04-15T15:38:06.483+0200][5331,003s] GC(1365) Pause Remark
[2019-04-15T15:38:06.483+0200][5331,003s] GC(1366) Pause Young (CMS Final Remark)
[2019-04-15T15:38:06.483+0200][5331,003s] GC(1366) Using 4 workers of 4 for evacuation
[2019-04-15T15:38:06.495+0200][5331,015s] GC(1366) ParNew: 60335K->7721K(109248K)
[2019-04-15T15:38:06.495+0200][5331,015s] GC(1366) CMS: 223782K->231720K(393216K)
[2019-04-15T15:38:06.495+0200][5331,015s] GC(1366) Metaspace: 84160K->84160K(1126400K)
[2019-04-15T15:38:06.495+0200][5331,015s] GC(1366) Pause Young (CMS Final Remark) 277M->233M(490M) 12,100ms
[2019-04-15T15:38:06.495+0200][5331,015s] GC(1366) User=0,04s Sys=0,00s Real=0,02s
[2019-04-15T15:38:06.542+0200][5331,062s] GC(1365) Pause Remark 277M->233M(490M) 59,276ms
[2019-04-15T15:38:06.542+0200][5331,063s] GC(1365) User=0,11s Sys=0,00s Real=0,06s
[2019-04-15T15:38:06.542+0200][5331,063s] GC(1365) Concurrent Sweep
[2019-04-15T15:38:06.636+0200][5331,156s] GC(1365) Concurrent Sweep 93,495ms
[2019-04-15T15:38:06.636+0200][5331,156s] GC(1365) User=0,31s Sys=0,00s Real=0,10s
[2019-04-15T15:38:06.636+0200][5331,156s] GC(1365) Concurrent Reset
[2019-04-15T15:38:06.636+0200][5331,157s] GC(1365) Concurrent Reset 0,479ms
[2019-04-15T15:38:06.636+0200][5331,157s] GC(1365) User=0,00s Sys=0,00s Real=0,00s
[2019-04-15T15:38:06.636+0200][5331,157s] GC(1365) Old: 223782K->193453K(393216K)
[2019-04-15T15:38:07.312+0200][5331,832s] GC(1367) Pause Young (Allocation Failure)
[2019-04-15T15:38:07.312+0200][5331,832s] GC(1367) Using 4 workers of 4 for evacuation
[2019-04-15T15:38:07.324+0200][5331,845s] GC(1367) ParNew: 95145K->17478K(109248K)
[2019-04-15T15:38:07.325+0200][5331,845s] GC(1367) CMS: 193453K->194200K(393216K)
[2019-04-15T15:38:07.325+0200][5331,845s] GC(1367) Metaspace: 84160K->84160K(1126400K)
[2019-04-15T15:38:07.325+0200][5331,845s] GC(1367) Pause Young (Allocation Failure) 281M->206M(490M) 12,780ms
[2019-04-15T15:38:07.325+0200][5331,845s] GC(1367) User=0,05s Sys=0,00s Real=0,01s
[2019-04-15T15:38:08.177+0200][5332,697s] GC(1368) Pause Young (Allocation Failure)
[2019-04-15T15:38:08.177+0200][5332,697s] GC(1368) Using 4 workers of 4 for evacuation
[2019-04-15T15:38:08.197+0200][5332,717s] GC(1368) ParNew: 104902K->21824K(109248K)
[2019-04-15T15:38:08.197+0200][5332,717s] GC(1368) CMS: 194200K->196652K(393216K)
[2019-04-15T15:38:08.197+0200][5332,717s] GC(1368) Metaspace: 84160K->84160K(1126400K)
[2019-04-15T15:38:08.197+0200][5332,717s] GC(1368) Pause Young (Allocation Failure) 292M->213M(490M) 20,240ms
[2019-04-15T15:38:08.197+0200][5332,718s] GC(1368) User=0,06s Sys=0,00s Real=0,02s
[2019-04-15T15:38:08.197+0200][5332,718s] GC(1369) Pause Initial Mark
[2019-04-15T15:38:08.201+0200][5332,721s] GC(1369) Pause Initial Mark 215M->215M(490M) 3,465ms
[2019-04-15T15:38:08.201+0200][5332,721s] GC(1369) User=0,00s Sys=0,00s Real=0,00s
[2019-04-15T15:38:08.201+0200][5332,721s] GC(1369) Concurrent Mark
[2019-04-15T15:38:08.201+0200][5332,721s] GC(1369) Using 4 workers of 4 for marking
[2019-04-15T15:38:08.270+0200][5332,791s] GC(1369) Concurrent Mark 69,653ms
[2019-04-15T15:38:08.271+0200][5332,791s] GC(1369) User=0,23s Sys=0,00s Real=0,07s
[2019-04-15T15:38:08.271+0200][5332,791s] GC(1369) Concurrent Preclean
[2019-04-15T15:38:08.272+0200][5332,793s] GC(1369) Concurrent Preclean 1,747ms
[2019-04-15T15:38:08.272+0200][5332,793s] GC(1369) User=0,00s Sys=0,00s Real=0,00s
[2019-04-15T15:38:08.272+0200][5332,793s] GC(1369) Concurrent Abortable Preclean
[2019-04-15T15:38:08.556+0200][5333,077s] GC(1369) Concurrent Abortable Preclean 283,898ms
[2019-04-15T15:38:08.556+0200][5333,077s] GC(1369) User=0,57s Sys=0,00s Real=0,29s
[2019-04-15T15:38:08.556+0200][5333,077s] GC(1369) Pause Remark
[2019-04-15T15:38:08.556+0200][5333,077s] GC(1370) Pause Young (CMS Final Remark)
[2019-04-15T15:38:08.556+0200][5333,077s] GC(1370) Using 4 workers of 4 for evacuation
[2019-04-15T15:38:08.577+0200][5333,097s] GC(1370) ParNew: 73031K->21824K(109248K)
[2019-04-15T15:38:08.577+0200][5333,097s] GC(1370) CMS: 196652K->204034K(393216K)
[2019-04-15T15:38:08.577+0200][5333,097s] GC(1370) Metaspace: 84160K->84160K(1126400K)
[2019-04-15T15:38:08.577+0200][5333,097s] GC(1370) Pause Young (CMS Final Remark) 263M->220M(490M) 20,454ms
[2019-04-15T15:38:08.577+0200][5333,097s] GC(1370) User=0,07s Sys=0,00s Real=0,02s
[2019-04-15T15:38:08.615+0200][5333,136s] GC(1369) Pause Remark 263M->220M(490M) 58,999ms
[2019-04-15T15:38:08.615+0200][5333,136s] GC(1369) User=0,13s Sys=0,00s Real=0,06s
[2019-04-15T15:38:08.616+0200][5333,136s] GC(1369) Concurrent Sweep
[2019-04-15T15:38:08.692+0200][5333,212s] GC(1369) Concurrent Sweep 76,543ms
[2019-04-15T15:38:08.692+0200][5333,213s] GC(1369) User=0,15s Sys=0,00s Real=0,07s
[2019-04-15T15:38:08.692+0200][5333,213s] GC(1369) Concurrent Reset
[2019-04-15T15:38:08.693+0200][5333,213s] GC(1369) Concurrent Reset 0,448ms
[2019-04-15T15:38:08.693+0200][5333,213s] GC(1369) User=0,00s Sys=0,00s Real=0,00s
[2019-04-15T15:38:08.693+0200][5333,213s] GC(1369) Old: 196652K->131187K(393216K)
[2019-04-15T15:38:09.312+0200][5333,832s] GC(1371) Pause Young (Allocation Failure)
[2019-04-15T15:38:09.312+0200][5333,832s] GC(1371) Using 4 workers of 4 for evacuation
[2019-04-15T15:38:09.332+0200][5333,853s] GC(1371) ParNew: 109248K->21824K(109248K)
[2019-04-15T15:38:09.332+0200][5333,853s] GC(1371) CMS: 131187K->139171K(393216K)
[2019-04-15T15:38:09.332+0200][5333,853s] GC(1371) Metaspace: 84160K->84160K(1126400K)
[2019-04-15T15:38:09.332+0200][5333,853s] GC(1371) Pause Young (Allocation Failure) 234M->157M(490M) 20,454ms
[2019-04-15T15:38:09.332+0200][5333,853s] GC(1371) User=0,08s Sys=0,00s Real=0,02s
[2019-04-15T15:38:10.057+0200][5334,577s] GC(1372) Pause Young (Allocation Failure)
[2019-04-15T15:38:10.057+0200][5334,577s] GC(1372) Using 4 workers of 4 for evacuation
[2019-04-15T15:38:10.082+0200][5334,603s] GC(1372) ParNew: 109248K->21824K(109248K)
[2019-04-15T15:38:10.082+0200][5334,603s] GC(1372) CMS: 139171K->150701K(393216K)
[2019-04-15T15:38:10.082+0200][5334,603s] GC(1372) Metaspace: 84160K->84160K(1126400K)
[2019-04-15T15:38:10.082+0200][5334,603s] GC(1372) Pause Young (Allocation Failure) 242M->168M(490M) 25,527ms
[2019-04-15T15:38:10.082+0200][5334,603s] GC(1372) User=0,09s Sys=0,00s Real=0,02s
[2019-04-15T15:38:10.798+0200][5335,319s] GC(1373) Pause Young (Allocation Failure)
[2019-04-15T15:38:10.798+0200][5335,319s] GC(1373) Using 4 workers of 4 for evacuation
[2019-04-15T15:38:10.820+0200][5335,340s] GC(1373) ParNew: 109006K->21824K(109248K)
[2019-04-15T15:38:10.820+0200][5335,340s] GC(1373) CMS: 150701K->162360K(393216K)
[2019-04-15T15:38:10.820+0200][5335,340s] GC(1373) Metaspace: 84160K->84160K(1126400K)
[2019-04-15T15:38:10.820+0200][5335,340s] GC(1373) Pause Young (Allocation Failure) 253M->179M(490M) 21,344ms
[2019-04-15T15:38:10.820+0200][5335,340s] GC(1373) User=0,07s Sys=0,00s Real=0,02s
[2019-04-15T15:38:11.451+0200][5335,972s] GC(1374) Pause Young (Allocation Failure)
[2019-04-15T15:38:11.451+0200][5335,972s] GC(1374) Using 4 workers of 4 for evacuation
[2019-04-15T15:38:11.473+0200][5335,994s] GC(1374) ParNew: 109248K->21824K(109248K)
[2019-04-15T15:38:11.473+0200][5335,994s] GC(1374) CMS: 162360K->175804K(393216K)
[2019-04-15T15:38:11.473+0200][5335,994s] GC(1374) Metaspace: 84160K->84160K(1126400K)
[2019-04-15T15:38:11.474+0200][5335,994s] GC(1374) Pause Young (Allocation Failure) 265M->192M(490M) 22,233ms
[2019-04-15T15:38:11.474+0200][5335,994s] GC(1374) User=0,07s Sys=0,01s Real=0,03s
[2019-04-15T15:38:12.226+0200][5336,747s] GC(1375) Pause Young (Allocation Failure)
[2019-04-15T15:38:12.226+0200][5336,747s] GC(1375) Using 4 workers of 4 for evacuation
[2019-04-15T15:38:12.255+0200][5336,775s] GC(1375) ParNew: 109098K->21824K(109248K)
[2019-04-15T15:38:12.255+0200][5336,775s] GC(1375) CMS: 175804K->191238K(393216K)
[2019-04-15T15:38:12.255+0200][5336,775s] GC(1375) Metaspace: 84160K->84160K(1126400K)
[2019-04-15T15:38:12.255+0200][5336,775s] GC(1375) Pause Young (Allocation Failure) 278M->208M(490M) 28,451ms
[2019-04-15T15:38:12.255+0200][5336,775s] GC(1375) User=0,09s Sys=0,00s Real=0,03s
[2019-04-15T15:38:13.011+0200][5337,532s] GC(1376) Pause Young (Allocation Failure)
[2019-04-15T15:38:13.011+0200][5337,532s] GC(1376) Using 4 workers of 4 for evacuation
[2019-04-15T15:38:13.038+0200][5337,558s] GC(1376) ParNew: 109248K->21824K(109248K)
[2019-04-15T15:38:13.038+0200][5337,558s] GC(1376) CMS: 191238K->209706K(393216K)
[2019-04-15T15:38:13.038+0200][5337,558s] GC(1376) Metaspace: 84160K->84160K(1126400K)
[2019-04-15T15:38:13.038+0200][5337,558s] GC(1376) Pause Young (Allocation Failure) 293M->226M(490M) 26,456ms
[2019-04-15T15:38:13.038+0200][5337,558s] GC(1376) User=0,08s Sys=0,01s Real=0,03s
[2019-04-15T15:38:13.038+0200][5337,558s] GC(1377) Pause Initial Mark
[2019-04-15T15:38:13.039+0200][5337,560s] GC(1377) Pause Initial Mark 227M->227M(490M) 1,595ms
[2019-04-15T15:38:13.039+0200][5337,560s] GC(1377) User=0,01s Sys=0,00s Real=0,00s
[2019-04-15T15:38:13.040+0200][5337,560s] GC(1377) Concurrent Mark
[2019-04-15T15:38:13.040+0200][5337,560s] GC(1377) Using 4 workers of 4 for marking
[2019-04-15T15:38:13.120+0200][5337,641s] GC(1377) Concurrent Mark 80,733ms
[2019-04-15T15:38:13.120+0200][5337,641s] GC(1377) User=0,31s Sys=0,00s Real=0,08s
[2019-04-15T15:38:13.120+0200][5337,641s] GC(1377) Concurrent Preclean
[2019-04-15T15:38:13.126+0200][5337,646s] GC(1377) Concurrent Preclean 5,724ms
[2019-04-15T15:38:13.126+0200][5337,647s] GC(1377) User=0,01s Sys=0,00s Real=0,01s
[2019-04-15T15:38:13.126+0200][5337,647s] GC(1377) Concurrent Abortable Preclean
[2019-04-15T15:38:13.392+0200][5337,913s] GC(1377) Concurrent Abortable Preclean 266,084ms
[2019-04-15T15:38:13.392+0200][5337,913s] GC(1377) User=0,53s Sys=0,00s Real=0,26s
[2019-04-15T15:38:13.392+0200][5337,913s] GC(1377) Pause Remark
[2019-04-15T15:38:13.392+0200][5337,913s] GC(1378) Pause Young (CMS Final Remark)
[2019-04-15T15:38:13.392+0200][5337,913s] GC(1378) Using 4 workers of 4 for evacuation
[2019-04-15T15:38:13.412+0200][5337,932s] GC(1378) ParNew: 67763K->21824K(109248K)
[2019-04-15T15:38:13.412+0200][5337,932s] GC(1378) CMS: 209706K->214500K(393216K)
[2019-04-15T15:38:13.412+0200][5337,932s] GC(1378) Metaspace: 84160K->84160K(1126400K)
[2019-04-15T15:38:13.412+0200][5337,932s] GC(1378) Pause Young (CMS Final Remark) 270M->230M(490M) 19,237ms
[2019-04-15T15:38:13.412+0200][5337,932s] GC(1378) User=0,06s Sys=0,00s Real=0,02s
[2019-04-15T15:38:13.478+0200][5337,998s] GC(1377) Pause Remark 270M->230M(490M) 85,385ms
[2019-04-15T15:38:13.478+0200][5337,998s] GC(1377) User=0,15s Sys=0,00s Real=0,09s
[2019-04-15T15:38:13.478+0200][5337,998s] GC(1377) Concurrent Sweep
[2019-04-15T15:38:13.556+0200][5338,077s] GC(1377) Concurrent Sweep 78,600ms
[2019-04-15T15:38:13.557+0200][5338,077s] GC(1377) User=0,16s Sys=0,00s Real=0,08s
[2019-04-15T15:38:13.557+0200][5338,077s] GC(1377) Concurrent Reset
[2019-04-15T15:38:13.557+0200][5338,078s] GC(1377) Concurrent Reset 0,511ms
[2019-04-15T15:38:13.557+0200][5338,078s] GC(1377) User=0,00s Sys=0,00s Real=0,00s
[2019-04-15T15:38:13.557+0200][5338,078s] GC(1377) Old: 209706K->191312K(393216K)
[2019-04-15T15:38:14.372+0200][5338,893s] GC(1379) Pause Young (Allocation Failure)
[2019-04-15T15:38:14.372+0200][5338,893s] GC(1379) Using 4 workers of 4 for evacuation
[2019-04-15T15:38:14.401+0200][5338,921s] GC(1379) ParNew: 109248K->21824K(109248K)
[2019-04-15T15:38:14.401+0200][5338,921s] GC(1379) CMS: 191312K->205213K(393216K)
[2019-04-15T15:38:14.401+0200][5338,921s] GC(1379) Metaspace: 84160K->84160K(1126400K)
[2019-04-15T15:38:14.401+0200][5338,921s] GC(1379) Pause Young (Allocation Failure) 293M->221M(490M) 28,585ms
[2019-04-15T15:38:14.401+0200][5338,921s] GC(1379) User=0,09s Sys=0,00s Real=0,03s
[2019-04-15T15:38:14.401+0200][5338,921s] GC(1380) Pause Initial Mark
[2019-04-15T15:38:14.404+0200][5338,925s] GC(1380) Pause Initial Mark 223M->223M(490M) 3,129ms
[2019-04-15T15:38:14.404+0200][5338,925s] GC(1380) User=0,00s Sys=0,00s Real=0,00s
[2019-04-15T15:38:14.404+0200][5338,925s] GC(1380) Concurrent Mark
[2019-04-15T15:38:14.404+0200][5338,925s] GC(1380) Using 4 workers of 4 for marking
[2019-04-15T15:38:14.520+0200][5339,041s] GC(1380) Concurrent Mark 116,023ms
[2019-04-15T15:38:14.520+0200][5339,041s] GC(1380) User=0,33s Sys=0,00s Real=0,12s
[2019-04-15T15:38:14.520+0200][5339,041s] GC(1380) Concurrent Preclean
[2019-04-15T15:38:14.523+0200][5339,043s] GC(1380) Concurrent Preclean 2,524ms
[2019-04-15T15:38:14.523+0200][5339,043s] GC(1380) User=0,00s Sys=0,00s Real=0,00s
[2019-04-15T15:38:14.523+0200][5339,043s] GC(1380) Concurrent Abortable Preclean
[2019-04-15T15:38:15.132+0200][5339,653s] GC(1380) Concurrent Abortable Preclean 609,386ms
[2019-04-15T15:38:15.132+0200][5339,653s] GC(1380) User=1,03s Sys=0,01s Real=0,61s
[2019-04-15T15:38:15.133+0200][5339,653s] GC(1380) Pause Remark
[2019-04-15T15:38:15.133+0200][5339,654s] GC(1381) Pause Young (CMS Final Remark)
[2019-04-15T15:38:15.133+0200][5339,654s] GC(1381) Using 4 workers of 4 for evacuation
[2019-04-15T15:38:15.191+0200][5339,711s] GC(1381) ParNew: 67035K->21824K(109248K)
[2019-04-15T15:38:15.191+0200][5339,711s] GC(1381) CMS: 205213K->210507K(393216K)
[2019-04-15T15:38:15.191+0200][5339,711s] GC(1381) Metaspace: 84160K->84160K(1126400K)
[2019-04-15T15:38:15.191+0200][5339,711s] GC(1381) Pause Young (CMS Final Remark) 265M->226M(490M) 57,767ms
[2019-04-15T15:38:15.191+0200][5339,711s] GC(1381) User=0,08s Sys=0,00s Real=0,05s
[2019-04-15T15:38:15.282+0200][5339,802s] GC(1380) Pause Remark 265M->226M(490M) 148,692ms
[2019-04-15T15:38:15.282+0200][5339,802s] GC(1380) User=0,17s Sys=0,00s Real=0,14s
[2019-04-15T15:38:15.282+0200][5339,802s] GC(1380) Concurrent Sweep
[2019-04-15T15:38:15.343+0200][5339,863s] GC(1380) Concurrent Sweep 61,187ms
[2019-04-15T15:38:15.343+0200][5339,864s] GC(1380) User=0,08s Sys=0,00s Real=0,06s
[2019-04-15T15:38:15.343+0200][5339,864s] GC(1380) Concurrent Reset
[2019-04-15T15:38:15.344+0200][5339,864s] GC(1380) Concurrent Reset 0,509ms
[2019-04-15T15:38:15.344+0200][5339,864s] GC(1380) User=0,00s Sys=0,00s Real=0,00s
[2019-04-15T15:38:15.344+0200][5339,864s] GC(1380) Old: 205213K->203244K(393216K)
[2019-04-15T15:38:16.121+0200][5340,641s] GC(1382) Pause Young (Allocation Failure)
[2019-04-15T15:38:16.121+0200][5340,641s] GC(1382) Using 4 workers of 4 for evacuation
[2019-04-15T15:38:16.159+0200][5340,680s] GC(1382) ParNew: 109248K->21824K(109248K)
[2019-04-15T15:38:16.159+0200][5340,680s] GC(1382) CMS: 203244K->215119K(393216K)
[2019-04-15T15:38:16.159+0200][5340,680s] GC(1382) Metaspace: 84160K->84160K(1126400K)
[2019-04-15T15:38:16.159+0200][5340,680s] GC(1382) Pause Young (Allocation Failure) 305M->231M(490M) 38,704ms
[2019-04-15T15:38:16.159+0200][5340,680s] GC(1382) User=0,10s Sys=0,00s Real=0,04s
[2019-04-15T15:38:16.160+0200][5340,680s] GC(1383) Pause Initial Mark
[2019-04-15T15:38:16.164+0200][5340,684s] GC(1383) Pause Initial Mark 233M->233M(490M) 4,079ms
[2019-04-15T15:38:16.164+0200][5340,684s] GC(1383) User=0,01s Sys=0,00s Real=0,00s
[2019-04-15T15:38:16.164+0200][5340,684s] GC(1383) Concurrent Mark
[2019-04-15T15:38:16.164+0200][5340,684s] GC(1383) Using 4 workers of 4 for marking
[2019-04-15T15:38:16.291+0200][5340,812s] GC(1383) Concurrent Mark 127,389ms
[2019-04-15T15:38:16.291+0200][5340,812s] GC(1383) User=0,36s Sys=0,00s Real=0,13s
[2019-04-15T15:38:16.291+0200][5340,812s] GC(1383) Concurrent Preclean
[2019-04-15T15:38:16.297+0200][5340,817s] GC(1383) Concurrent Preclean 5,445ms
[2019-04-15T15:38:16.297+0200][5340,817s] GC(1383) User=0,00s Sys=0,00s Real=0,01s
[2019-04-15T15:38:16.297+0200][5340,817s] GC(1383) Concurrent Abortable Preclean
[2019-04-15T15:38:17.956+0200][5342,477s] GC(1384) Pause Young (Allocation Failure)
[2019-04-15T15:38:17.957+0200][5342,477s] GC(1384) Using 4 workers of 4 for evacuation
[2019-04-15T15:38:17.987+0200][5342,508s] GC(1384) ParNew: 109248K->21824K(109248K)
[2019-04-15T15:38:17.987+0200][5342,508s] GC(1384) CMS: 215119K->234738K(393216K)
[2019-04-15T15:38:17.987+0200][5342,508s] GC(1384) Metaspace: 84161K->84161K(1126400K)
[2019-04-15T15:38:17.987+0200][5342,508s] GC(1384) Pause Young (Allocation Failure) 316M->250M(490M) 30,989ms
[2019-04-15T15:38:17.987+0200][5342,508s] GC(1384) User=0,09s Sys=0,00s Real=0,03s
[2019-04-15T15:38:18.082+0200][5342,603s] GC(1385) Pause Young (Allocation Failure)
[2019-04-15T15:38:18.082+0200][5342,603s] GC(1385) Using 4 workers of 4 for evacuation
[2019-04-15T15:38:18.097+0200][5342,617s] GC(1385) ParNew: 109248K->21824K(109248K)
[2019-04-15T15:38:18.097+0200][5342,617s] GC(1385) CMS: 234738K->235942K(393216K)
[2019-04-15T15:38:18.097+0200][5342,617s] GC(1385) Metaspace: 84161K->84161K(1126400K)
[2019-04-15T15:38:18.097+0200][5342,617s] GC(1385) Pause Young (Allocation Failure) 335M->251M(490M) 14,845ms
[2019-04-15T15:38:18.097+0200][5342,617s] GC(1385) User=0,05s Sys=0,00s Real=0,02s
[2019-04-15T15:38:18.110+0200][5342,630s] GC(1383) Concurrent Abortable Preclean 1813,412ms
[2019-04-15T15:38:18.110+0200][5342,631s] GC(1383) User=3,16s Sys=0,04s Real=1,81s
[2019-04-15T15:38:18.110+0200][5342,631s] GC(1383) Pause Remark
[2019-04-15T15:38:18.110+0200][5342,631s] GC(1386) Pause Young (CMS Final Remark)
[2019-04-15T15:38:18.110+0200][5342,631s] GC(1386) Using 4 workers of 4 for evacuation
[2019-04-15T15:38:18.132+0200][5342,653s] GC(1386) ParNew: 37704K->21824K(109248K)
[2019-04-15T15:38:18.132+0200][5342,653s] GC(1386) CMS: 235942K->235942K(393216K)
[2019-04-15T15:38:18.132+0200][5342,653s] GC(1386) Metaspace: 84161K->84161K(1126400K)
[2019-04-15T15:38:18.132+0200][5342,653s] GC(1386) Pause Young (CMS Final Remark) 267M->251M(490M) 21,960ms
[2019-04-15T15:38:18.132+0200][5342,653s] GC(1386) User=0,06s Sys=0,00s Real=0,02s
[2019-04-15T15:38:18.174+0200][5342,695s] GC(1383) Pause Remark 267M->251M(490M) 63,838ms
[2019-04-15T15:38:18.174+0200][5342,695s] GC(1383) User=0,12s Sys=0,00s Real=0,07s
[2019-04-15T15:38:18.174+0200][5342,695s] GC(1383) Concurrent Sweep
[2019-04-15T15:38:18.244+0200][5342,765s] GC(1383) Concurrent Sweep 70,168ms
[2019-04-15T15:38:18.244+0200][5342,765s] GC(1383) User=0,13s Sys=0,00s Real=0,06s
[2019-04-15T15:38:18.244+0200][5342,765s] GC(1383) Concurrent Reset
[2019-04-15T15:38:18.245+0200][5342,765s] GC(1383) Concurrent Reset 0,490ms
[2019-04-15T15:38:18.245+0200][5342,765s] GC(1383) User=0,00s Sys=0,00s Real=0,01s
[2019-04-15T15:38:18.245+0200][5342,765s] GC(1383) Old: 215119K->231186K(393216K)
[2019-04-15T15:38:18.256+0200][5342,776s] GC(1387) Pause Young (Allocation Failure)
[2019-04-15T15:38:18.256+0200][5342,776s] GC(1387) Using 4 workers of 4 for evacuation
[2019-04-15T15:38:18.272+0200][5342,793s] GC(1387) ParNew: 109248K->21824K(109248K)
[2019-04-15T15:38:18.272+0200][5342,793s] GC(1387) CMS: 231186K->233178K(393216K)
[2019-04-15T15:38:18.272+0200][5342,793s] GC(1387) Metaspace: 84161K->84161K(1126400K)
[2019-04-15T15:38:18.272+0200][5342,793s] GC(1387) Pause Young (Allocation Failure) 332M->249M(490M) 16,467ms
[2019-04-15T15:38:18.272+0200][5342,793s] GC(1387) User=0,05s Sys=0,00s Real=0,01s
[2019-04-15T15:38:18.273+0200][5342,793s] GC(1388) Pause Initial Mark
[2019-04-15T15:38:18.274+0200][5342,795s] GC(1388) Pause Initial Mark 250M->250M(490M) 1,527ms
[2019-04-15T15:38:18.274+0200][5342,795s] GC(1388) User=0,00s Sys=0,00s Real=0,01s
[2019-04-15T15:38:18.274+0200][5342,795s] GC(1388) Concurrent Mark
[2019-04-15T15:38:18.274+0200][5342,795s] GC(1388) Using 4 workers of 4 for marking
[2019-04-15T15:38:18.385+0200][5342,906s] GC(1388) Concurrent Mark 110,969ms
[2019-04-15T15:38:18.385+0200][5342,906s] GC(1388) User=0,40s Sys=0,00s Real=0,11s
[2019-04-15T15:38:18.385+0200][5342,906s] GC(1388) Concurrent Preclean
[2019-04-15T15:38:18.386+0200][5342,907s] GC(1388) Concurrent Preclean 1,130ms
[2019-04-15T15:38:18.386+0200][5342,907s] GC(1388) User=0,00s Sys=0,00s Real=0,00s
[2019-04-15T15:38:18.386+0200][5342,907s] GC(1388) Concurrent Abortable Preclean
[2019-04-15T15:38:18.393+0200][5342,913s] GC(1389) Pause Young (Allocation Failure)
[2019-04-15T15:38:18.393+0200][5342,913s] GC(1389) Using 4 workers of 4 for evacuation
[2019-04-15T15:38:18.410+0200][5342,930s] GC(1389) ParNew: 109248K->18564K(109248K)
[2019-04-15T15:38:18.410+0200][5342,930s] GC(1389) CMS: 233178K->233178K(393216K)
[2019-04-15T15:38:18.410+0200][5342,930s] GC(1389) Metaspace: 84161K->84161K(1126400K)
[2019-04-15T15:38:18.410+0200][5342,930s] GC(1389) Pause Young (Allocation Failure) 334M->245M(490M) 17,275ms
[2019-04-15T15:38:18.410+0200][5342,930s] GC(1389) User=0,05s Sys=0,00s Real=0,02s
[2019-04-15T15:38:18.485+0200][5343,006s] GC(1390) Pause Young (Allocation Failure)
[2019-04-15T15:38:18.485+0200][5343,006s] GC(1390) Using 4 workers of 4 for evacuation
[2019-04-15T15:38:18.508+0200][5343,028s] GC(1390) ParNew: 105988K->15477K(109248K)
[2019-04-15T15:38:18.508+0200][5343,028s] GC(1390) CMS: 233178K->235032K(393216K)
[2019-04-15T15:38:18.508+0200][5343,029s] GC(1390) Metaspace: 84161K->84161K(1126400K)
[2019-04-15T15:38:18.508+0200][5343,029s] GC(1390) Pause Young (Allocation Failure) 331M->244M(490M) 22,818ms
[2019-04-15T15:38:18.508+0200][5343,029s] GC(1390) User=0,06s Sys=0,00s Real=0,02s
[2019-04-15T15:38:18.509+0200][5343,029s] GC(1388) Concurrent Abortable Preclean 122,504ms
[2019-04-15T15:38:18.509+0200][5343,029s] GC(1388) User=0,25s Sys=0,01s Real=0,12s
[2019-04-15T15:38:18.509+0200][5343,030s] GC(1388) Pause Remark
[2019-04-15T15:38:18.509+0200][5343,030s] GC(1391) Pause Young (CMS Final Remark)
[2019-04-15T15:38:18.509+0200][5343,030s] GC(1391) Using 4 workers of 4 for evacuation
[2019-04-15T15:38:18.529+0200][5343,049s] GC(1391) ParNew: 17248K->14505K(109248K)
[2019-04-15T15:38:18.529+0200][5343,049s] GC(1391) CMS: 235032K->236019K(393216K)
[2019-04-15T15:38:18.529+0200][5343,049s] GC(1391) Metaspace: 84161K->84161K(1126400K)
[2019-04-15T15:38:18.529+0200][5343,049s] GC(1391) Pause Young (CMS Final Remark) 246M->244M(490M) 19,910ms
[2019-04-15T15:38:18.529+0200][5343,050s] GC(1391) User=0,06s Sys=0,00s Real=0,02s
[2019-04-15T15:38:18.570+0200][5343,091s] GC(1388) Pause Remark 246M->244M(490M) 61,005ms
[2019-04-15T15:38:18.570+0200][5343,091s] GC(1388) User=0,11s Sys=0,00s Real=0,06s
[2019-04-15T15:38:18.570+0200][5343,091s] GC(1388) Concurrent Sweep
[2019-04-15T15:38:18.620+0200][5343,140s] GC(1388) Concurrent Sweep 49,814ms
[2019-04-15T15:38:18.620+0200][5343,140s] GC(1388) User=0,10s Sys=0,00s Real=0,05s
[2019-04-15T15:38:18.620+0200][5343,141s] GC(1388) Concurrent Reset
[2019-04-15T15:38:18.620+0200][5343,141s] GC(1388) Concurrent Reset 0,405ms
[2019-04-15T15:38:18.621+0200][5343,141s] GC(1388) User=0,00s Sys=0,00s Real=0,00s
[2019-04-15T15:38:18.621+0200][5343,141s] GC(1388) Old: 233178K->221331K(393216K)
[2019-04-15T15:38:18.852+0200][5343,373s] GC(1392) Pause Young (Allocation Failure)
[2019-04-15T15:38:18.852+0200][5343,373s] GC(1392) Using 4 workers of 4 for evacuation
[2019-04-15T15:38:18.863+0200][5343,384s] GC(1392) ParNew: 101929K->6160K(109248K)
[2019-04-15T15:38:18.863+0200][5343,384s] GC(1392) CMS: 221331K->225868K(393216K)
[2019-04-15T15:38:18.863+0200][5343,384s] GC(1392) Metaspace: 84161K->84161K(1126400K)
[2019-04-15T15:38:18.864+0200][5343,384s] GC(1392) Pause Young (Allocation Failure) 315M->226M(490M) 11,125ms
[2019-04-15T15:38:18.864+0200][5343,384s] GC(1392) User=0,04s Sys=0,00s Real=0,01s
[2019-04-15T15:38:18.864+0200][5343,384s] GC(1393) Pause Initial Mark
[2019-04-15T15:38:18.865+0200][5343,385s] GC(1393) Pause Initial Mark 228M->228M(490M) 0,953ms
[2019-04-15T15:38:18.865+0200][5343,385s] GC(1393) User=0,00s Sys=0,00s Real=0,00s
[2019-04-15T15:38:18.865+0200][5343,385s] GC(1393) Concurrent Mark
[2019-04-15T15:38:18.865+0200][5343,385s] GC(1393) Using 4 workers of 4 for marking
[2019-04-15T15:38:18.956+0200][5343,477s] GC(1393) Concurrent Mark 91,698ms
[2019-04-15T15:38:18.957+0200][5343,477s] GC(1393) User=0,30s Sys=0,00s Real=0,10s
[2019-04-15T15:38:18.957+0200][5343,477s] GC(1393) Concurrent Preclean
[2019-04-15T15:38:18.959+0200][5343,480s] GC(1393) Concurrent Preclean 2,626ms
[2019-04-15T15:38:18.959+0200][5343,480s] GC(1393) User=0,00s Sys=0,00s Real=0,00s
[2019-04-15T15:38:18.959+0200][5343,480s] GC(1393) Concurrent Abortable Preclean
[2019-04-15T15:38:19.200+0200][5343,721s] GC(1393) Concurrent Abortable Preclean 241,129ms
[2019-04-15T15:38:19.200+0200][5343,721s] GC(1393) User=0,47s Sys=0,01s Real=0,24s
[2019-04-15T15:38:19.201+0200][5343,721s] GC(1393) Pause Remark
[2019-04-15T15:38:19.201+0200][5343,721s] GC(1394) Pause Young (CMS Final Remark)
[2019-04-15T15:38:19.201+0200][5343,721s] GC(1394) Using 4 workers of 4 for evacuation
[2019-04-15T15:38:19.212+0200][5343,733s] GC(1394) ParNew: 51553K->7682K(109248K)
[2019-04-15T15:38:19.212+0200][5343,733s] GC(1394) CMS: 225868K->227867K(393216K)
[2019-04-15T15:38:19.212+0200][5343,733s] GC(1394) Metaspace: 84161K->84161K(1126400K)
[2019-04-15T15:38:19.212+0200][5343,733s] GC(1394) Pause Young (CMS Final Remark) 270M->230M(490M) 11,881ms
[2019-04-15T15:38:19.212+0200][5343,733s] GC(1394) User=0,04s Sys=0,00s Real=0,01s
[2019-04-15T15:38:19.257+0200][5343,778s] GC(1393) Pause Remark 270M->230M(490M) 56,922ms
[2019-04-15T15:38:19.257+0200][5343,778s] GC(1393) User=0,10s Sys=0,00s Real=0,06s
[2019-04-15T15:38:19.258+0200][5343,778s] GC(1393) Concurrent Sweep
[2019-04-15T15:38:19.349+0200][5343,870s] GC(1393) Concurrent Sweep 91,795ms
[2019-04-15T15:38:19.349+0200][5343,870s] GC(1393) User=0,19s Sys=0,00s Real=0,09s
[2019-04-15T15:38:19.349+0200][5343,870s] GC(1393) Concurrent Reset
[2019-04-15T15:38:19.350+0200][5343,870s] GC(1393) Concurrent Reset 0,335ms
[2019-04-15T15:38:19.350+0200][5343,870s] GC(1393) User=0,00s Sys=0,00s Real=0,00s
[2019-04-15T15:38:19.350+0200][5343,870s] GC(1393) Old: 225868K->169480K(393216K)
[2019-04-15T15:38:19.824+0200][5344,344s] GC(1395) Pause Young (Allocation Failure)
[2019-04-15T15:38:19.824+0200][5344,344s] GC(1395) Using 4 workers of 4 for evacuation
[2019-04-15T15:38:19.838+0200][5344,358s] GC(1395) ParNew: 95106K->18961K(109248K)
[2019-04-15T15:38:19.838+0200][5344,358s] GC(1395) CMS: 169480K->169480K(393216K)
[2019-04-15T15:38:19.838+0200][5344,358s] GC(1395) Metaspace: 84161K->84161K(1126400K)
[2019-04-15T15:38:19.838+0200][5344,358s] GC(1395) Pause Young (Allocation Failure) 258M->184M(490M) 14,202ms
[2019-04-15T15:38:19.838+0200][5344,358s] GC(1395) User=0,05s Sys=0,00s Real=0,02s
[2019-04-15T15:38:20.412+0200][5344,932s] GC(1396) Pause Young (Allocation Failure)
[2019-04-15T15:38:20.412+0200][5344,932s] GC(1396) Using 4 workers of 4 for evacuation
[2019-04-15T15:38:20.438+0200][5344,958s] GC(1396) ParNew: 106385K->21824K(109248K)
[2019-04-15T15:38:20.438+0200][5344,958s] GC(1396) CMS: 169480K->174946K(393216K)
[2019-04-15T15:38:20.438+0200][5344,958s] GC(1396) Metaspace: 84161K->84161K(1126400K)
[2019-04-15T15:38:20.438+0200][5344,958s] GC(1396) Pause Young (Allocation Failure) 269M->192M(490M) 26,174ms
[2019-04-15T15:38:20.438+0200][5344,958s] GC(1396) User=0,07s Sys=0,01s Real=0,03s
[2019-04-15T15:38:21.119+0200][5345,639s] GC(1397) Pause Young (Allocation Failure)
[2019-04-15T15:38:21.119+0200][5345,639s] GC(1397) Using 4 workers of 4 for evacuation
[2019-04-15T15:38:21.148+0200][5345,669s] GC(1397) ParNew: 109248K->21824K(109248K)
[2019-04-15T15:38:21.148+0200][5345,669s] GC(1397) CMS: 174946K->185998K(393216K)
[2019-04-15T15:38:21.148+0200][5345,669s] GC(1397) Metaspace: 84161K->84161K(1126400K)
[2019-04-15T15:38:21.148+0200][5345,669s] GC(1397) Pause Young (Allocation Failure) 277M->202M(490M) 29,610ms
[2019-04-15T15:38:21.148+0200][5345,669s] GC(1397) User=0,09s Sys=0,00s Real=0,03s
[2019-04-15T15:38:21.481+0200][5346,002s] GC(1398) Pause Young (Allocation Failure)
[2019-04-15T15:38:21.481+0200][5346,002s] GC(1398) Using 4 workers of 4 for evacuation
[2019-04-15T15:38:21.515+0200][5346,035s] GC(1398) ParNew: 109248K->21824K(109248K)
[2019-04-15T15:38:21.515+0200][5346,035s] GC(1398) CMS: 185998K->190311K(393216K)
[2019-04-15T15:38:21.515+0200][5346,035s] GC(1398) Metaspace: 84161K->84161K(1126400K)
[2019-04-15T15:38:21.515+0200][5346,035s] GC(1398) Pause Young (Allocation Failure) 288M->207M(490M) 33,330ms
[2019-04-15T15:38:21.515+0200][5346,035s] GC(1398) User=0,11s Sys=0,00s Real=0,04s
[2019-04-15T15:38:21.924+0200][5346,444s] GC(1399) Pause Young (Allocation Failure)
[2019-04-15T15:38:21.924+0200][5346,444s] GC(1399) Using 4 workers of 4 for evacuation
[2019-04-15T15:38:21.949+0200][5346,469s] GC(1399) ParNew: 109248K->21824K(109248K)
[2019-04-15T15:38:21.949+0200][5346,469s] GC(1399) CMS: 190311K->198623K(393216K)
[2019-04-15T15:38:21.949+0200][5346,469s] GC(1399) Metaspace: 84161K->84161K(1126400K)
[2019-04-15T15:38:21.949+0200][5346,469s] GC(1399) Pause Young (Allocation Failure) 292M->215M(490M) 25,242ms
[2019-04-15T15:38:21.949+0200][5346,469s] GC(1399) User=0,07s Sys=0,00s Real=0,03s
[2019-04-15T15:38:21.949+0200][5346,470s] GC(1400) Pause Initial Mark
[2019-04-15T15:38:21.952+0200][5346,472s] GC(1400) Pause Initial Mark 216M->216M(490M) 2,610ms
[2019-04-15T15:38:21.952+0200][5346,472s] GC(1400) User=0,00s Sys=0,00s Real=0,00s
[2019-04-15T15:38:21.952+0200][5346,472s] GC(1400) Concurrent Mark
[2019-04-15T15:38:21.952+0200][5346,472s] GC(1400) Using 4 workers of 4 for marking
[2019-04-15T15:38:22.054+0200][5346,574s] GC(1400) Concurrent Mark 102,039ms
[2019-04-15T15:38:22.054+0200][5346,575s] GC(1400) User=0,29s Sys=0,00s Real=0,11s
[2019-04-15T15:38:22.054+0200][5346,575s] GC(1400) Concurrent Preclean
[2019-04-15T15:38:22.057+0200][5346,578s] GC(1400) Concurrent Preclean 3,085ms
[2019-04-15T15:38:22.057+0200][5346,578s] GC(1400) User=0,01s Sys=0,00s Real=0,00s
[2019-04-15T15:38:22.057+0200][5346,578s] GC(1400) Concurrent Abortable Preclean
[2019-04-15T15:38:22.265+0200][5346,785s] GC(1400) Concurrent Abortable Preclean 207,736ms
[2019-04-15T15:38:22.265+0200][5346,786s] GC(1400) User=0,61s Sys=0,01s Real=0,21s
[2019-04-15T15:38:22.265+0200][5346,786s] GC(1400) Pause Remark
[2019-04-15T15:38:22.265+0200][5346,786s] GC(1401) Pause Young (CMS Final Remark)
[2019-04-15T15:38:22.265+0200][5346,786s] GC(1401) Using 4 workers of 4 for evacuation
[2019-04-15T15:38:22.283+0200][5346,804s] GC(1401) ParNew: 70545K->21824K(109248K)
[2019-04-15T15:38:22.283+0200][5346,804s] GC(1401) CMS: 198623K->198682K(393216K)
[2019-04-15T15:38:22.283+0200][5346,804s] GC(1401) Metaspace: 84162K->84162K(1126400K)
[2019-04-15T15:38:22.283+0200][5346,804s] GC(1401) Pause Young (CMS Final Remark) 262M->215M(490M) 18,159ms
[2019-04-15T15:38:22.283+0200][5346,804s] GC(1401) User=0,06s Sys=0,00s Real=0,01s
[2019-04-15T15:38:22.328+0200][5346,848s] GC(1400) Pause Remark 262M->215M(490M) 62,711ms
[2019-04-15T15:38:22.328+0200][5346,848s] GC(1400) User=0,13s Sys=0,00s Real=0,06s
[2019-04-15T15:38:22.328+0200][5346,848s] GC(1400) Concurrent Sweep
[2019-04-15T15:38:22.393+0200][5346,913s] GC(1400) Concurrent Sweep 64,588ms
[2019-04-15T15:38:22.393+0200][5346,913s] GC(1400) User=0,16s Sys=0,00s Real=0,06s
[2019-04-15T15:38:22.393+0200][5346,913s] GC(1400) Concurrent Reset
[2019-04-15T15:38:22.393+0200][5346,914s] GC(1400) Concurrent Reset 0,453ms
[2019-04-15T15:38:22.393+0200][5346,914s] GC(1400) User=0,00s Sys=0,00s Real=0,01s
[2019-04-15T15:38:22.393+0200][5346,914s] GC(1400) Old: 198623K->179434K(393216K)
[2019-04-15T15:38:22.818+0200][5347,339s] GC(1402) Pause Young (Allocation Failure)
[2019-04-15T15:38:22.818+0200][5347,339s] GC(1402) Using 4 workers of 4 for evacuation
[2019-04-15T15:38:22.836+0200][5347,356s] GC(1402) ParNew: 109248K->21824K(109248K)
[2019-04-15T15:38:22.836+0200][5347,356s] GC(1402) CMS: 179434K->180851K(393216K)
[2019-04-15T15:38:22.836+0200][5347,356s] GC(1402) Metaspace: 84162K->84162K(1126400K)
[2019-04-15T15:38:22.836+0200][5347,356s] GC(1402) Pause Young (Allocation Failure) 281M->197M(490M) 17,457ms
[2019-04-15T15:38:22.836+0200][5347,356s] GC(1402) User=0,06s Sys=0,00s Real=0,02s
[2019-04-15T15:38:23.441+0200][5347,962s] GC(1403) Pause Young (Allocation Failure)
[2019-04-15T15:38:23.441+0200][5347,962s] GC(1403) Using 4 workers of 4 for evacuation
[2019-04-15T15:38:23.462+0200][5347,982s] GC(1403) ParNew: 109248K->21824K(109248K)
[2019-04-15T15:38:23.462+0200][5347,982s] GC(1403) CMS: 180851K->191310K(393216K)
[2019-04-15T15:38:23.462+0200][5347,982s] GC(1403) Metaspace: 84162K->84162K(1126400K)
[2019-04-15T15:38:23.462+0200][5347,982s] GC(1403) Pause Young (Allocation Failure) 283M->208M(490M) 20,540ms
[2019-04-15T15:38:23.462+0200][5347,982s] GC(1403) User=0,08s Sys=0,00s Real=0,02s
[2019-04-15T15:38:24.099+0200][5348,620s] GC(1404) Pause Young (Allocation Failure)
[2019-04-15T15:38:24.099+0200][5348,620s] GC(1404) Using 4 workers of 4 for evacuation
[2019-04-15T15:38:24.123+0200][5348,643s] GC(1404) ParNew: 109248K->21824K(109248K)
[2019-04-15T15:38:24.123+0200][5348,643s] GC(1404) CMS: 191310K->198645K(393216K)
[2019-04-15T15:38:24.123+0200][5348,643s] GC(1404) Metaspace: 84162K->84162K(1126400K)
[2019-04-15T15:38:24.123+0200][5348,643s] GC(1404) Pause Young (Allocation Failure) 293M->215M(490M) 23,309ms
[2019-04-15T15:38:24.123+0200][5348,643s] GC(1404) User=0,09s Sys=0,00s Real=0,02s
[2019-04-15T15:38:24.123+0200][5348,643s] GC(1405) Pause Initial Mark
[2019-04-15T15:38:24.126+0200][5348,647s] GC(1405) Pause Initial Mark 216M->216M(490M) 3,461ms
[2019-04-15T15:38:24.126+0200][5348,647s] GC(1405) User=0,00s Sys=0,00s Real=0,01s
[2019-04-15T15:38:24.126+0200][5348,647s] GC(1405) Concurrent Mark
[2019-04-15T15:38:24.126+0200][5348,647s] GC(1405) Using 4 workers of 4 for marking
[2019-04-15T15:38:24.170+0200][5348,691s] GC(1405) Concurrent Mark 44,104ms
[2019-04-15T15:38:24.170+0200][5348,691s] GC(1405) User=0,17s Sys=0,00s Real=0,04s
[2019-04-15T15:38:24.171+0200][5348,691s] GC(1405) Concurrent Preclean
[2019-04-15T15:38:24.172+0200][5348,692s] GC(1405) Concurrent Preclean 1,038ms
[2019-04-15T15:38:24.172+0200][5348,692s] GC(1405) User=0,01s Sys=0,00s Real=0,00s
[2019-04-15T15:38:24.172+0200][5348,692s] GC(1405) Pause Remark
[2019-04-15T15:38:24.172+0200][5348,692s] GC(1406) Pause Young (CMS Final Remark)
[2019-04-15T15:38:24.172+0200][5348,692s] GC(1406) Using 4 workers of 4 for evacuation
[2019-04-15T15:38:24.189+0200][5348,709s] GC(1406) ParNew: 23560K->21824K(109248K)
[2019-04-15T15:38:24.189+0200][5348,710s] GC(1406) CMS: 198645K->203967K(393216K)
[2019-04-15T15:38:24.189+0200][5348,710s] GC(1406) Metaspace: 84162K->84162K(1126400K)
[2019-04-15T15:38:24.189+0200][5348,710s] GC(1406) Pause Young (CMS Final Remark) 216M->220M(490M) 17,415ms
[2019-04-15T15:38:24.189+0200][5348,710s] GC(1406) User=0,06s Sys=0,00s Real=0,02s
[2019-04-15T15:38:24.226+0200][5348,746s] GC(1405) Pause Remark 216M->220M(490M) 53,815ms
[2019-04-15T15:38:24.226+0200][5348,746s] GC(1405) User=0,11s Sys=0,00s Real=0,06s
[2019-04-15T15:38:24.226+0200][5348,746s] GC(1405) Concurrent Sweep
[2019-04-15T15:38:24.322+0200][5348,842s] GC(1405) Concurrent Sweep 96,338ms
[2019-04-15T15:38:24.322+0200][5348,842s] GC(1405) User=0,20s Sys=0,00s Real=0,09s
[2019-04-15T15:38:24.322+0200][5348,842s] GC(1405) Concurrent Reset
[2019-04-15T15:38:24.323+0200][5348,843s] GC(1405) Concurrent Reset 0,561ms
[2019-04-15T15:38:24.323+0200][5348,843s] GC(1405) User=0,00s Sys=0,00s Real=0,00s
[2019-04-15T15:38:24.323+0200][5348,843s] GC(1405) Old: 198645K->151441K(393216K)
[2019-04-15T15:38:24.750+0200][5349,270s] GC(1407) Pause Young (Allocation Failure)
[2019-04-15T15:38:24.750+0200][5349,270s] GC(1407) Using 4 workers of 4 for evacuation
[2019-04-15T15:38:24.768+0200][5349,288s] GC(1407) ParNew: 109248K->21824K(109248K)
[2019-04-15T15:38:24.768+0200][5349,288s] GC(1407) CMS: 151441K->157739K(393216K)
[2019-04-15T15:38:24.768+0200][5349,288s] GC(1407) Metaspace: 84162K->84162K(1126400K)
[2019-04-15T15:38:24.768+0200][5349,288s] GC(1407) Pause Young (Allocation Failure) 254M->175M(490M) 18,513ms
[2019-04-15T15:38:24.768+0200][5349,289s] GC(1407) User=0,07s Sys=0,00s Real=0,02s
[2019-04-15T15:38:25.339+0200][5349,860s] GC(1408) Pause Young (Allocation Failure)
[2019-04-15T15:38:25.339+0200][5349,860s] GC(1408) Using 4 workers of 4 for evacuation
[2019-04-15T15:38:25.361+0200][5349,881s] GC(1408) ParNew: 109248K->21824K(109248K)
[2019-04-15T15:38:25.361+0200][5349,882s] GC(1408) CMS: 157739K->167994K(393216K)
[2019-04-15T15:38:25.361+0200][5349,882s] GC(1408) Metaspace: 84162K->84162K(1126400K)
[2019-04-15T15:38:25.361+0200][5349,882s] GC(1408) Pause Young (Allocation Failure) 260M->185M(490M) 21,750ms
[2019-04-15T15:38:25.361+0200][5349,882s] GC(1408) User=0,08s Sys=0,00s Real=0,02s
[2019-04-15T15:38:25.931+0200][5350,452s] GC(1409) Pause Young (Allocation Failure)
[2019-04-15T15:38:25.931+0200][5350,452s] GC(1409) Using 4 workers of 4 for evacuation
[2019-04-15T15:38:25.973+0200][5350,494s] GC(1409) ParNew: 109248K->21824K(109248K)
[2019-04-15T15:38:25.973+0200][5350,494s] GC(1409) CMS: 167994K->182631K(393216K)
[2019-04-15T15:38:25.973+0200][5350,494s] GC(1409) Metaspace: 84162K->84162K(1126400K)
[2019-04-15T15:38:25.973+0200][5350,494s] GC(1409) Pause Young (Allocation Failure) 270M->199M(490M) 42,108ms
[2019-04-15T15:38:25.973+0200][5350,494s] GC(1409) User=0,10s Sys=0,00s Real=0,05s
[2019-04-15T15:38:26.681+0200][5351,201s] GC(1410) Pause Young (Allocation Failure)
[2019-04-15T15:38:26.681+0200][5351,201s] GC(1410) Using 4 workers of 4 for evacuation
[2019-04-15T15:38:26.703+0200][5351,224s] GC(1410) ParNew: 109248K->21824K(109248K)
[2019-04-15T15:38:26.704+0200][5351,224s] GC(1410) CMS: 182631K->192538K(393216K)
[2019-04-15T15:38:26.704+0200][5351,224s] GC(1410) Metaspace: 84162K->84162K(1126400K)
[2019-04-15T15:38:26.704+0200][5351,224s] GC(1410) Pause Young (Allocation Failure) 285M->209M(490M) 23,028ms
[2019-04-15T15:38:26.704+0200][5351,224s] GC(1410) User=0,08s Sys=0,00s Real=0,02s
[2019-04-15T15:38:27.628+0200][5352,148s] GC(1411) Pause Young (Allocation Failure)
[2019-04-15T15:38:27.628+0200][5352,149s] GC(1411) Using 4 workers of 4 for evacuation
[2019-04-15T15:38:27.667+0200][5352,187s] GC(1411) ParNew: 109248K->21824K(109248K)
[2019-04-15T15:38:27.667+0200][5352,187s] GC(1411) CMS: 192538K->206353K(393216K)
[2019-04-15T15:38:27.667+0200][5352,187s] GC(1411) Metaspace: 84162K->84162K(1126400K)
[2019-04-15T15:38:27.667+0200][5352,187s] GC(1411) Pause Young (Allocation Failure) 294M->222M(490M) 38,499ms
[2019-04-15T15:38:27.667+0200][5352,187s] GC(1411) User=0,11s Sys=0,00s Real=0,04s
[2019-04-15T15:38:27.668+0200][5352,188s] GC(1412) Pause Initial Mark
[2019-04-15T15:38:27.670+0200][5352,191s] GC(1412) Pause Initial Mark 224M->224M(490M) 2,800ms
[2019-04-15T15:38:27.671+0200][5352,191s] GC(1412) User=0,00s Sys=0,00s Real=0,00s
[2019-04-15T15:38:27.671+0200][5352,191s] GC(1412) Concurrent Mark
[2019-04-15T15:38:27.671+0200][5352,191s] GC(1412) Using 4 workers of 4 for marking
[2019-04-15T15:38:27.761+0200][5352,281s] GC(1412) Concurrent Mark 90,070ms
[2019-04-15T15:38:27.761+0200][5352,281s] GC(1412) User=0,28s Sys=0,00s Real=0,09s
[2019-04-15T15:38:27.761+0200][5352,281s] GC(1412) Concurrent Preclean
[2019-04-15T15:38:27.766+0200][5352,287s] GC(1412) Concurrent Preclean 5,723ms
[2019-04-15T15:38:27.766+0200][5352,287s] GC(1412) User=0,02s Sys=0,00s Real=0,01s
[2019-04-15T15:38:27.766+0200][5352,287s] GC(1412) Concurrent Abortable Preclean
[2019-04-15T15:38:28.268+0200][5352,788s] GC(1412) Concurrent Abortable Preclean 501,446ms
[2019-04-15T15:38:28.268+0200][5352,788s] GC(1412) User=0,98s Sys=0,00s Real=0,50s
[2019-04-15T15:38:28.268+0200][5352,789s] GC(1412) Pause Remark
[2019-04-15T15:38:28.268+0200][5352,789s] GC(1413) Pause Young (CMS Final Remark)
[2019-04-15T15:38:28.268+0200][5352,789s] GC(1413) Using 4 workers of 4 for evacuation
[2019-04-15T15:38:28.299+0200][5352,819s] GC(1413) ParNew: 74394K->21824K(109248K)
[2019-04-15T15:38:28.299+0200][5352,820s] GC(1413) CMS: 206353K->210909K(393216K)
[2019-04-15T15:38:28.299+0200][5352,820s] GC(1413) Metaspace: 84162K->84162K(1126400K)
[2019-04-15T15:38:28.299+0200][5352,820s] GC(1413) Pause Young (CMS Final Remark) 274M->227M(490M) 30,822ms
[2019-04-15T15:38:28.299+0200][5352,820s] GC(1413) User=0,08s Sys=0,00s Real=0,03s
[2019-04-15T15:38:28.360+0200][5352,881s] GC(1412) Pause Remark 274M->227M(490M) 92,130ms
[2019-04-15T15:38:28.360+0200][5352,881s] GC(1412) User=0,17s Sys=0,00s Real=0,09s
[2019-04-15T15:38:28.360+0200][5352,881s] GC(1412) Concurrent Sweep
[2019-04-15T15:38:28.460+0200][5352,980s] GC(1412) Concurrent Sweep 99,133ms
[2019-04-15T15:38:28.460+0200][5352,980s] GC(1412) User=0,18s Sys=0,01s Real=0,10s
[2019-04-15T15:38:28.460+0200][5352,980s] GC(1412) Concurrent Reset
[2019-04-15T15:38:28.460+0200][5352,981s] GC(1412) Concurrent Reset 0,737ms
[2019-04-15T15:38:28.461+0200][5352,981s] GC(1412) User=0,01s Sys=0,00s Real=0,00s
[2019-04-15T15:38:28.461+0200][5352,981s] GC(1412) Old: 206353K->193820K(393216K)
[2019-04-15T15:38:29.046+0200][5353,567s] GC(1414) Pause Young (Allocation Failure)
[2019-04-15T15:38:29.046+0200][5353,567s] GC(1414) Using 4 workers of 4 for evacuation
[2019-04-15T15:38:29.077+0200][5353,597s] GC(1414) ParNew: 109248K->21824K(109248K)
[2019-04-15T15:38:29.077+0200][5353,597s] GC(1414) CMS: 193820K->208012K(393216K)
[2019-04-15T15:38:29.077+0200][5353,597s] GC(1414) Metaspace: 84162K->84162K(1126400K)
[2019-04-15T15:38:29.077+0200][5353,597s] GC(1414) Pause Young (Allocation Failure) 295M->224M(490M) 30,534ms
[2019-04-15T15:38:29.077+0200][5353,597s] GC(1414) User=0,11s Sys=0,00s Real=0,03s
[2019-04-15T15:38:29.077+0200][5353,598s] GC(1415) Pause Initial Mark
[2019-04-15T15:38:29.082+0200][5353,602s] GC(1415) Pause Initial Mark 226M->226M(490M) 4,774ms
[2019-04-15T15:38:29.082+0200][5353,602s] GC(1415) User=0,01s Sys=0,00s Real=0,00s
[2019-04-15T15:38:29.082+0200][5353,602s] GC(1415) Concurrent Mark
[2019-04-15T15:38:29.082+0200][5353,602s] GC(1415) Using 4 workers of 4 for marking
[2019-04-15T15:38:29.162+0200][5353,682s] GC(1415) Concurrent Mark 79,901ms
[2019-04-15T15:38:29.162+0200][5353,682s] GC(1415) User=0,30s Sys=0,00s Real=0,08s
[2019-04-15T15:38:29.162+0200][5353,682s] GC(1415) Concurrent Preclean
[2019-04-15T15:38:29.164+0200][5353,684s] GC(1415) Concurrent Preclean 1,953ms
[2019-04-15T15:38:29.164+0200][5353,684s] GC(1415) User=0,00s Sys=0,00s Real=0,00s
[2019-04-15T15:38:29.164+0200][5353,684s] GC(1415) Concurrent Abortable Preclean
[2019-04-15T15:38:29.481+0200][5354,001s] GC(1415) Concurrent Abortable Preclean 317,096ms
[2019-04-15T15:38:29.481+0200][5354,001s] GC(1415) User=0,64s Sys=0,00s Real=0,32s
[2019-04-15T15:38:29.481+0200][5354,002s] GC(1415) Pause Remark
[2019-04-15T15:38:29.481+0200][5354,002s] GC(1416) Pause Young (CMS Final Remark)
[2019-04-15T15:38:29.481+0200][5354,002s] GC(1416) Using 4 workers of 4 for evacuation
[2019-04-15T15:38:29.505+0200][5354,026s] GC(1416) ParNew: 68682K->21824K(109248K)
[2019-04-15T15:38:29.505+0200][5354,026s] GC(1416) CMS: 208012K->213895K(393216K)
[2019-04-15T15:38:29.505+0200][5354,026s] GC(1416) Metaspace: 84162K->84162K(1126400K)
[2019-04-15T15:38:29.505+0200][5354,026s] GC(1416) Pause Young (CMS Final Remark) 270M->230M(490M) 24,198ms
[2019-04-15T15:38:29.505+0200][5354,026s] GC(1416) User=0,07s Sys=0,00s Real=0,03s
[2019-04-15T15:38:29.555+0200][5354,075s] GC(1415) Pause Remark 270M->230M(490M) 73,918ms
[2019-04-15T15:38:29.555+0200][5354,076s] GC(1415) User=0,16s Sys=0,00s Real=0,08s
[2019-04-15T15:38:29.555+0200][5354,076s] GC(1415) Concurrent Sweep
[2019-04-15T15:38:29.593+0200][5354,114s] GC(1415) Concurrent Sweep 38,221ms
[2019-04-15T15:38:29.593+0200][5354,114s] GC(1415) User=0,07s Sys=0,00s Real=0,04s
[2019-04-15T15:38:29.593+0200][5354,114s] GC(1415) Concurrent Reset
[2019-04-15T15:38:29.594+0200][5354,114s] GC(1415) Concurrent Reset 0,369ms
[2019-04-15T15:38:29.594+0200][5354,114s] GC(1415) User=0,00s Sys=0,00s Real=0,00s
[2019-04-15T15:38:29.594+0200][5354,114s] GC(1415) Old: 208012K->208122K(393216K)
[2019-04-15T15:38:30.209+0200][5354,729s] GC(1417) Pause Young (Allocation Failure)
[2019-04-15T15:38:30.209+0200][5354,729s] GC(1417) Using 4 workers of 4 for evacuation
[2019-04-15T15:38:30.230+0200][5354,751s] GC(1417) ParNew: 109248K->21824K(109248K)
[2019-04-15T15:38:30.230+0200][5354,751s] GC(1417) CMS: 208122K->218310K(393216K)
[2019-04-15T15:38:30.230+0200][5354,751s] GC(1417) Metaspace: 84162K->84162K(1126400K)
[2019-04-15T15:38:30.230+0200][5354,751s] GC(1417) Pause Young (Allocation Failure) 309M->234M(490M) 21,549ms
[2019-04-15T15:38:30.230+0200][5354,751s] GC(1417) User=0,08s Sys=0,00s Real=0,02s
[2019-04-15T15:38:30.230+0200][5354,751s] GC(1418) Pause Initial Mark
[2019-04-15T15:38:30.234+0200][5354,754s] GC(1418) Pause Initial Mark 236M->236M(490M) 3,449ms
[2019-04-15T15:38:30.234+0200][5354,754s] GC(1418) User=0,01s Sys=0,00s Real=0,01s
[2019-04-15T15:38:30.234+0200][5354,754s] GC(1418) Concurrent Mark
[2019-04-15T15:38:30.234+0200][5354,754s] GC(1418) Using 4 workers of 4 for marking
[2019-04-15T15:38:30.314+0200][5354,834s] GC(1418) Concurrent Mark 79,970ms
[2019-04-15T15:38:30.314+0200][5354,834s] GC(1418) User=0,31s Sys=0,00s Real=0,08s
[2019-04-15T15:38:30.314+0200][5354,834s] GC(1418) Concurrent Preclean
[2019-04-15T15:38:30.317+0200][5354,837s] GC(1418) Concurrent Preclean 2,614ms
[2019-04-15T15:38:30.317+0200][5354,837s] GC(1418) User=0,01s Sys=0,00s Real=0,00s
[2019-04-15T15:38:30.317+0200][5354,837s] GC(1418) Concurrent Abortable Preclean
[2019-04-15T15:38:30.717+0200][5355,238s] GC(1418) Concurrent Abortable Preclean 400,796ms
[2019-04-15T15:38:30.717+0200][5355,238s] GC(1418) User=0,79s Sys=0,01s Real=0,40s
[2019-04-15T15:38:30.718+0200][5355,238s] GC(1418) Pause Remark
[2019-04-15T15:38:30.718+0200][5355,238s] GC(1419) Pause Young (CMS Final Remark)
[2019-04-15T15:38:30.718+0200][5355,238s] GC(1419) Using 4 workers of 4 for evacuation
[2019-04-15T15:38:30.738+0200][5355,259s] GC(1419) ParNew: 66984K->21824K(109248K)
[2019-04-15T15:38:30.738+0200][5355,259s] GC(1419) CMS: 218310K->228622K(393216K)
[2019-04-15T15:38:30.738+0200][5355,259s] GC(1419) Metaspace: 84162K->84162K(1126400K)
[2019-04-15T15:38:30.738+0200][5355,259s] GC(1419) Pause Young (CMS Final Remark) 278M->244M(490M) 20,895ms
[2019-04-15T15:38:30.739+0200][5355,259s] GC(1419) User=0,08s Sys=0,00s Real=0,02s
[2019-04-15T15:38:30.789+0200][5355,310s] GC(1418) Pause Remark 278M->244M(490M) 71,849ms
[2019-04-15T15:38:30.789+0200][5355,310s] GC(1418) User=0,15s Sys=0,00s Real=0,07s
[2019-04-15T15:38:30.789+0200][5355,310s] GC(1418) Concurrent Sweep
[2019-04-15T15:38:30.844+0200][5355,365s] GC(1418) Concurrent Sweep 54,955ms
[2019-04-15T15:38:30.844+0200][5355,365s] GC(1418) User=0,11s Sys=0,00s Real=0,05s
[2019-04-15T15:38:30.845+0200][5355,365s] GC(1418) Concurrent Reset
[2019-04-15T15:38:30.845+0200][5355,365s] GC(1418) Concurrent Reset 0,409ms
[2019-04-15T15:38:30.845+0200][5355,365s] GC(1418) User=0,00s Sys=0,00s Real=0,01s
[2019-04-15T15:38:30.845+0200][5355,365s] GC(1418) Old: 218310K->225332K(393216K)
[2019-04-15T15:38:32.306+0200][5356,826s] GC(1420) Pause Young (Allocation Failure)
[2019-04-15T15:38:32.306+0200][5356,827s] GC(1420) Using 4 workers of 4 for evacuation
[2019-04-15T15:38:32.329+0200][5356,849s] GC(1420) ParNew: 109248K->21824K(109248K)
[2019-04-15T15:38:32.329+0200][5356,849s] GC(1420) CMS: 225332K->242674K(393216K)
[2019-04-15T15:38:32.329+0200][5356,849s] GC(1420) Metaspace: 84162K->84162K(1126400K)
[2019-04-15T15:38:32.329+0200][5356,849s] GC(1420) Pause Young (Allocation Failure) 326M->258M(490M) 22,968ms
[2019-04-15T15:38:32.329+0200][5356,849s] GC(1420) User=0,08s Sys=0,00s Real=0,02s
[2019-04-15T15:38:32.329+0200][5356,850s] GC(1421) Pause Initial Mark
[2019-04-15T15:38:32.331+0200][5356,852s] GC(1421) Pause Initial Mark 260M->260M(490M) 1,961ms
[2019-04-15T15:38:32.331+0200][5356,852s] GC(1421) User=0,00s Sys=0,00s Real=0,00s
[2019-04-15T15:38:32.331+0200][5356,852s] GC(1421) Concurrent Mark
[2019-04-15T15:38:32.331+0200][5356,852s] GC(1421) Using 4 workers of 4 for marking
[2019-04-15T15:38:32.404+0200][5356,925s] GC(1421) Concurrent Mark 73,271ms
[2019-04-15T15:38:32.405+0200][5356,925s] GC(1421) User=0,28s Sys=0,01s Real=0,07s
[2019-04-15T15:38:32.405+0200][5356,925s] GC(1421) Concurrent Preclean
[2019-04-15T15:38:32.405+0200][5356,926s] GC(1421) Concurrent Preclean 0,680ms
[2019-04-15T15:38:32.405+0200][5356,926s] GC(1421) User=0,01s Sys=0,00s Real=0,01s
[2019-04-15T15:38:32.405+0200][5356,926s] GC(1421) Concurrent Abortable Preclean
[2019-04-15T15:38:32.432+0200][5356,952s] GC(1422) Pause Young (Allocation Failure)
[2019-04-15T15:38:32.432+0200][5356,952s] GC(1422) Using 4 workers of 4 for evacuation
[2019-04-15T15:38:32.455+0200][5356,976s] GC(1422) ParNew: 109248K->21824K(109248K)
[2019-04-15T15:38:32.455+0200][5356,976s] GC(1422) CMS: 242674K->248075K(393216K)
[2019-04-15T15:38:32.455+0200][5356,976s] GC(1422) Metaspace: 84162K->84162K(1126400K)
[2019-04-15T15:38:32.455+0200][5356,976s] GC(1422) Pause Young (Allocation Failure) 343M->263M(490M) 23,672ms
[2019-04-15T15:38:32.455+0200][5356,976s] GC(1422) User=0,07s Sys=0,00s Real=0,03s
[2019-04-15T15:38:32.522+0200][5357,042s] GC(1423) Pause Young (Allocation Failure)
[2019-04-15T15:38:32.522+0200][5357,042s] GC(1423) Using 4 workers of 4 for evacuation
[2019-04-15T15:38:32.545+0200][5357,065s] GC(1423) ParNew: 109248K->19555K(109248K)
[2019-04-15T15:38:32.545+0200][5357,065s] GC(1423) CMS: 248075K->248075K(393216K)
[2019-04-15T15:38:32.545+0200][5357,065s] GC(1423) Metaspace: 84162K->84162K(1126400K)
[2019-04-15T15:38:32.545+0200][5357,065s] GC(1423) Pause Young (Allocation Failure) 348M->261M(490M) 23,096ms
[2019-04-15T15:38:32.545+0200][5357,065s] GC(1423) User=0,06s Sys=0,00s Real=0,03s
[2019-04-15T15:38:32.545+0200][5357,065s] GC(1421) Concurrent Abortable Preclean 139,754ms
[2019-04-15T15:38:32.545+0200][5357,065s] GC(1421) User=0,28s Sys=0,00s Real=0,14s
[2019-04-15T15:38:32.545+0200][5357,066s] GC(1421) Pause Remark
[2019-04-15T15:38:32.545+0200][5357,066s] GC(1424) Pause Young (CMS Final Remark)
[2019-04-15T15:38:32.545+0200][5357,066s] GC(1424) Using 4 workers of 4 for evacuation
[2019-04-15T15:38:32.560+0200][5357,080s] GC(1424) ParNew: 21287K->20752K(109248K)
[2019-04-15T15:38:32.560+0200][5357,080s] GC(1424) CMS: 248075K->248075K(393216K)
[2019-04-15T15:38:32.560+0200][5357,080s] GC(1424) Metaspace: 84162K->84162K(1126400K)
[2019-04-15T15:38:32.560+0200][5357,080s] GC(1424) Pause Young (CMS Final Remark) 263M->262M(490M) 14,706ms
[2019-04-15T15:38:32.560+0200][5357,080s] GC(1424) User=0,04s Sys=0,00s Real=0,01s
[2019-04-15T15:38:32.611+0200][5357,131s] GC(1421) Pause Remark 263M->262M(490M) 65,505ms
[2019-04-15T15:38:32.611+0200][5357,131s] GC(1421) User=0,12s Sys=0,00s Real=0,06s
[2019-04-15T15:38:32.611+0200][5357,131s] GC(1421) Concurrent Sweep
[2019-04-15T15:38:32.661+0200][5357,181s] GC(1421) Concurrent Sweep 50,122ms
[2019-04-15T15:38:32.661+0200][5357,181s] GC(1421) User=0,10s Sys=0,00s Real=0,05s
[2019-04-15T15:38:32.661+0200][5357,181s] GC(1421) Concurrent Reset
[2019-04-15T15:38:32.661+0200][5357,182s] GC(1421) Concurrent Reset 0,388ms
[2019-04-15T15:38:32.661+0200][5357,182s] GC(1421) User=0,00s Sys=0,00s Real=0,00s
[2019-04-15T15:38:32.661+0200][5357,182s] GC(1421) Old: 242674K->224148K(393216K)
[2019-04-15T15:38:32.704+0200][5357,224s] GC(1425) Pause Young (Allocation Failure)
[2019-04-15T15:38:32.704+0200][5357,224s] GC(1425) Using 4 workers of 4 for evacuation
[2019-04-15T15:38:32.713+0200][5357,233s] GC(1425) ParNew: 108176K->16607K(109248K)
[2019-04-15T15:38:32.713+0200][5357,233s] GC(1425) CMS: 224148K->224148K(393216K)
[2019-04-15T15:38:32.713+0200][5357,233s] GC(1425) Metaspace: 84162K->84162K(1126400K)
[2019-04-15T15:38:32.713+0200][5357,233s] GC(1425) Pause Young (Allocation Failure) 324M->235M(490M) 9,257ms
[2019-04-15T15:38:32.713+0200][5357,233s] GC(1425) User=0,04s Sys=0,00s Real=0,02s
[2019-04-15T15:38:32.713+0200][5357,234s] GC(1426) Pause Initial Mark
[2019-04-15T15:38:32.714+0200][5357,235s] GC(1426) Pause Initial Mark 236M->236M(490M) 1,083ms
[2019-04-15T15:38:32.714+0200][5357,235s] GC(1426) User=0,00s Sys=0,00s Real=0,00s
[2019-04-15T15:38:32.714+0200][5357,235s] GC(1426) Concurrent Mark
[2019-04-15T15:38:32.714+0200][5357,235s] GC(1426) Using 4 workers of 4 for marking
[2019-04-15T15:38:32.797+0200][5357,317s] GC(1426) Concurrent Mark 82,559ms
[2019-04-15T15:38:32.797+0200][5357,317s] GC(1426) User=0,31s Sys=0,01s Real=0,08s
[2019-04-15T15:38:32.797+0200][5357,317s] GC(1426) Concurrent Preclean
[2019-04-15T15:38:32.798+0200][5357,318s] GC(1426) Concurrent Preclean 1,068ms
[2019-04-15T15:38:32.798+0200][5357,318s] GC(1426) User=0,00s Sys=0,00s Real=0,00s
[2019-04-15T15:38:32.798+0200][5357,318s] GC(1426) Concurrent Abortable Preclean
[2019-04-15T15:38:32.867+0200][5357,388s] GC(1427) Pause Young (Allocation Failure)
[2019-04-15T15:38:32.867+0200][5357,388s] GC(1427) Using 4 workers of 4 for evacuation
[2019-04-15T15:38:32.879+0200][5357,400s] GC(1427) ParNew: 104031K->20142K(109248K)
[2019-04-15T15:38:32.879+0200][5357,400s] GC(1427) CMS: 224148K->224148K(393216K)
[2019-04-15T15:38:32.879+0200][5357,400s] GC(1427) Metaspace: 84162K->84162K(1126400K)
[2019-04-15T15:38:32.879+0200][5357,400s] GC(1427) Pause Young (Allocation Failure) 320M->238M(490M) 12,031ms
[2019-04-15T15:38:32.879+0200][5357,400s] GC(1427) User=0,03s Sys=0,00s Real=0,01s
[2019-04-15T15:38:32.923+0200][5357,444s] GC(1426) Concurrent Abortable Preclean 125,543ms
[2019-04-15T15:38:32.924+0200][5357,444s] GC(1426) User=0,23s Sys=0,00s Real=0,12s
[2019-04-15T15:38:32.924+0200][5357,444s] GC(1426) Pause Remark
[2019-04-15T15:38:32.924+0200][5357,444s] GC(1428) Pause Young (CMS Final Remark)
[2019-04-15T15:38:32.924+0200][5357,444s] GC(1428) Using 4 workers of 4 for evacuation
[2019-04-15T15:38:32.936+0200][5357,457s] GC(1428) ParNew: 64135K->10117K(109248K)
[2019-04-15T15:38:32.936+0200][5357,457s] GC(1428) CMS: 224148K->230479K(393216K)
[2019-04-15T15:38:32.936+0200][5357,457s] GC(1428) Metaspace: 84162K->84162K(1126400K)
[2019-04-15T15:38:32.937+0200][5357,457s] GC(1428) Pause Young (CMS Final Remark) 281M->234M(490M) 12,818ms
[2019-04-15T15:38:32.937+0200][5357,457s] GC(1428) User=0,05s Sys=0,00s Real=0,02s
[2019-04-15T15:38:32.990+0200][5357,510s] GC(1426) Pause Remark 281M->234M(490M) 66,340ms
[2019-04-15T15:38:32.990+0200][5357,510s] GC(1426) User=0,11s Sys=0,00s Real=0,07s
[2019-04-15T15:38:32.990+0200][5357,511s] GC(1426) Concurrent Sweep
[2019-04-15T15:38:33.037+0200][5357,557s] GC(1426) Concurrent Sweep 46,799ms
[2019-04-15T15:38:33.037+0200][5357,557s] GC(1426) User=0,09s Sys=0,00s Real=0,05s
[2019-04-15T15:38:33.037+0200][5357,557s] GC(1426) Concurrent Reset
[2019-04-15T15:38:33.037+0200][5357,558s] GC(1426) Concurrent Reset 0,284ms
[2019-04-15T15:38:33.037+0200][5357,558s] GC(1426) User=0,00s Sys=0,00s Real=0,00s
[2019-04-15T15:38:33.037+0200][5357,558s] GC(1426) Old: 224148K->226495K(393216K)
[2019-04-15T15:38:33.417+0200][5357,937s] GC(1429) Pause Young (Allocation Failure)
[2019-04-15T15:38:33.417+0200][5357,937s] GC(1429) Using 4 workers of 4 for evacuation
[2019-04-15T15:38:33.429+0200][5357,949s] GC(1429) ParNew: 97541K->10258K(109248K)
[2019-04-15T15:38:33.429+0200][5357,949s] GC(1429) CMS: 226495K->228171K(393216K)
[2019-04-15T15:38:33.429+0200][5357,949s] GC(1429) Metaspace: 84162K->84162K(1126400K)
[2019-04-15T15:38:33.429+0200][5357,949s] GC(1429) Pause Young (Allocation Failure) 316M->232M(490M) 12,119ms
[2019-04-15T15:38:33.429+0200][5357,949s] GC(1429) User=0,04s Sys=0,00s Real=0,01s
[2019-04-15T15:38:33.429+0200][5357,949s] GC(1430) Pause Initial Mark
[2019-04-15T15:38:33.430+0200][5357,950s] GC(1430) Pause Initial Mark 234M->234M(490M) 0,899ms
[2019-04-15T15:38:33.430+0200][5357,950s] GC(1430) User=0,00s Sys=0,00s Real=0,00s
[2019-04-15T15:38:33.430+0200][5357,950s] GC(1430) Concurrent Mark
[2019-04-15T15:38:33.430+0200][5357,950s] GC(1430) Using 4 workers of 4 for marking
[2019-04-15T15:38:33.509+0200][5358,030s] GC(1430) Concurrent Mark 79,175ms
[2019-04-15T15:38:33.509+0200][5358,030s] GC(1430) User=0,26s Sys=0,01s Real=0,08s
[2019-04-15T15:38:33.509+0200][5358,030s] GC(1430) Concurrent Preclean
[2019-04-15T15:38:33.512+0200][5358,033s] GC(1430) Concurrent Preclean 3,202ms
[2019-04-15T15:38:33.512+0200][5358,033s] GC(1430) User=0,01s Sys=0,00s Real=0,00s
[2019-04-15T15:38:33.513+0200][5358,033s] GC(1430) Concurrent Abortable Preclean
[2019-04-15T15:38:33.886+0200][5358,407s] GC(1430) Concurrent Abortable Preclean 373,959ms
[2019-04-15T15:38:33.887+0200][5358,407s] GC(1430) User=0,74s Sys=0,01s Real=0,38s
[2019-04-15T15:38:33.887+0200][5358,407s] GC(1430) Pause Remark
[2019-04-15T15:38:33.887+0200][5358,407s] GC(1431) Pause Young (CMS Final Remark)
[2019-04-15T15:38:33.887+0200][5358,407s] GC(1431) Using 4 workers of 4 for evacuation
[2019-04-15T15:38:33.900+0200][5358,420s] GC(1431) ParNew: 55224K->12093K(109248K)
[2019-04-15T15:38:33.900+0200][5358,420s] GC(1431) CMS: 228171K->233125K(393216K)
[2019-04-15T15:38:33.900+0200][5358,420s] GC(1431) Metaspace: 84162K->84162K(1126400K)
[2019-04-15T15:38:33.900+0200][5358,420s] GC(1431) Pause Young (CMS Final Remark) 276M->239M(490M) 13,252ms
[2019-04-15T15:38:33.900+0200][5358,420s] GC(1431) User=0,04s Sys=0,00s Real=0,01s
[2019-04-15T15:38:33.938+0200][5358,459s] GC(1430) Pause Remark 276M->239M(490M) 51,466ms
[2019-04-15T15:38:33.938+0200][5358,459s] GC(1430) User=0,10s Sys=0,00s Real=0,05s
[2019-04-15T15:38:33.938+0200][5358,459s] GC(1430) Concurrent Sweep
[2019-04-15T15:38:34.023+0200][5358,544s] GC(1430) Concurrent Sweep 85,072ms
[2019-04-15T15:38:34.023+0200][5358,544s] GC(1430) User=0,17s Sys=0,00s Real=0,08s
[2019-04-15T15:38:34.023+0200][5358,544s] GC(1430) Concurrent Reset
[2019-04-15T15:38:34.024+0200][5358,544s] GC(1430) Concurrent Reset 0,338ms
[2019-04-15T15:38:34.024+0200][5358,544s] GC(1430) User=0,00s Sys=0,00s Real=0,00s
[2019-04-15T15:38:34.024+0200][5358,544s] GC(1430) Old: 228171K->209159K(393216K)
[2019-04-15T15:38:34.716+0200][5359,237s] GC(1432) Pause Young (Allocation Failure)
[2019-04-15T15:38:34.716+0200][5359,237s] GC(1432) Using 4 workers of 4 for evacuation
[2019-04-15T15:38:34.735+0200][5359,255s] GC(1432) ParNew: 99517K->20070K(109248K)
[2019-04-15T15:38:34.735+0200][5359,255s] GC(1432) CMS: 209159K->209159K(393216K)
[2019-04-15T15:38:34.735+0200][5359,255s] GC(1432) Metaspace: 84162K->84162K(1126400K)
[2019-04-15T15:38:34.735+0200][5359,255s] GC(1432) Pause Young (Allocation Failure) 301M->223M(490M) 18,509ms
[2019-04-15T15:38:34.735+0200][5359,255s] GC(1432) User=0,06s Sys=0,00s Real=0,02s
[2019-04-15T15:38:34.739+0200][5359,259s] GC(1433) Pause Initial Mark
[2019-04-15T15:38:34.743+0200][5359,264s] GC(1433) Pause Initial Mark 225M->225M(490M) 4,073ms
[2019-04-15T15:38:34.743+0200][5359,264s] GC(1433) User=0,01s Sys=0,00s Real=0,00s
[2019-04-15T15:38:34.744+0200][5359,264s] GC(1433) Concurrent Mark
[2019-04-15T15:38:34.744+0200][5359,264s] GC(1433) Using 4 workers of 4 for marking
[2019-04-15T15:38:34.905+0200][5359,425s] GC(1433) Concurrent Mark 161,316ms
[2019-04-15T15:38:34.905+0200][5359,426s] GC(1433) User=0,32s Sys=0,00s Real=0,17s
[2019-04-15T15:38:34.905+0200][5359,426s] GC(1433) Concurrent Preclean
[2019-04-15T15:38:34.910+0200][5359,430s] GC(1433) Concurrent Preclean 4,470ms
[2019-04-15T15:38:34.910+0200][5359,430s] GC(1433) User=0,01s Sys=0,00s Real=0,00s
[2019-04-15T15:38:34.910+0200][5359,430s] GC(1433) Concurrent Abortable Preclean
[2019-04-15T15:38:35.328+0200][5359,849s] GC(1433) Concurrent Abortable Preclean 418,476ms
[2019-04-15T15:38:35.328+0200][5359,849s] GC(1433) User=0,76s Sys=0,01s Real=0,42s
[2019-04-15T15:38:35.328+0200][5359,849s] GC(1433) Pause Remark
[2019-04-15T15:38:35.328+0200][5359,849s] GC(1434) Pause Young (CMS Final Remark)
[2019-04-15T15:38:35.328+0200][5359,849s] GC(1434) Using 4 workers of 4 for evacuation
[2019-04-15T15:38:35.351+0200][5359,871s] GC(1434) ParNew: 73770K->21824K(109248K)
[2019-04-15T15:38:35.351+0200][5359,871s] GC(1434) CMS: 209159K->212955K(393216K)
[2019-04-15T15:38:35.351+0200][5359,871s] GC(1434) Metaspace: 84162K->84162K(1126400K)
[2019-04-15T15:38:35.351+0200][5359,871s] GC(1434) Pause Young (CMS Final Remark) 276M->229M(490M) 22,634ms
[2019-04-15T15:38:35.351+0200][5359,871s] GC(1434) User=0,08s Sys=0,00s Real=0,02s
[2019-04-15T15:38:35.391+0200][5359,911s] GC(1433) Pause Remark 276M->229M(490M) 62,525ms
[2019-04-15T15:38:35.391+0200][5359,911s] GC(1433) User=0,15s Sys=0,00s Real=0,06s
[2019-04-15T15:38:35.391+0200][5359,911s] GC(1433) Concurrent Sweep
[2019-04-15T15:38:35.430+0200][5359,950s] GC(1433) Concurrent Sweep 38,698ms
[2019-04-15T15:38:35.430+0200][5359,950s] GC(1433) User=0,07s Sys=0,00s Real=0,04s
[2019-04-15T15:38:35.430+0200][5359,950s] GC(1433) Concurrent Reset
[2019-04-15T15:38:35.430+0200][5359,950s] GC(1433) Concurrent Reset 0,342ms
[2019-04-15T15:38:35.430+0200][5359,951s] GC(1433) User=0,00s Sys=0,00s Real=0,00s
[2019-04-15T15:38:35.430+0200][5359,951s] GC(1433) Old: 209159K->212145K(393216K)
[2019-04-15T15:38:36.045+0200][5360,565s] GC(1435) Pause Young (Allocation Failure)
[2019-04-15T15:38:36.045+0200][5360,565s] GC(1435) Using 4 workers of 4 for evacuation
[2019-04-15T15:38:36.078+0200][5360,599s] GC(1435) ParNew: 109248K->21824K(109248K)
[2019-04-15T15:38:36.078+0200][5360,599s] GC(1435) CMS: 212145K->221532K(393216K)
[2019-04-15T15:38:36.078+0200][5360,599s] GC(1435) Metaspace: 84162K->84162K(1126400K)
[2019-04-15T15:38:36.078+0200][5360,599s] GC(1435) Pause Young (Allocation Failure) 313M->237M(490M) 33,424ms
[2019-04-15T15:38:36.078+0200][5360,599s] GC(1435) User=0,09s Sys=0,00s Real=0,03s
[2019-04-15T15:38:36.079+0200][5360,599s] GC(1436) Pause Initial Mark
[2019-04-15T15:38:36.081+0200][5360,602s] GC(1436) Pause Initial Mark 239M->239M(490M) 2,655ms
[2019-04-15T15:38:36.081+0200][5360,602s] GC(1436) User=0,01s Sys=0,00s Real=0,00s
[2019-04-15T15:38:36.081+0200][5360,602s] GC(1436) Concurrent Mark
[2019-04-15T15:38:36.081+0200][5360,602s] GC(1436) Using 4 workers of 4 for marking
[2019-04-15T15:38:36.173+0200][5360,694s] GC(1436) Concurrent Mark 91,750ms
[2019-04-15T15:38:36.173+0200][5360,694s] GC(1436) User=0,35s Sys=0,01s Real=0,10s
[2019-04-15T15:38:36.173+0200][5360,694s] GC(1436) Concurrent Preclean
[2019-04-15T15:38:36.175+0200][5360,695s] GC(1436) Concurrent Preclean 1,774ms
[2019-04-15T15:38:36.175+0200][5360,695s] GC(1436) User=0,00s Sys=0,00s Real=0,00s
[2019-04-15T15:38:36.175+0200][5360,695s] GC(1436) Concurrent Abortable Preclean
[2019-04-15T15:38:36.360+0200][5360,880s] GC(1437) Pause Young (Allocation Failure)
[2019-04-15T15:38:36.360+0200][5360,880s] GC(1437) Using 4 workers of 4 for evacuation
[2019-04-15T15:38:36.380+0200][5360,901s] GC(1437) ParNew: 109225K->21824K(109248K)
[2019-04-15T15:38:36.380+0200][5360,901s] GC(1437) CMS: 221532K->224386K(393216K)
[2019-04-15T15:38:36.380+0200][5360,901s] GC(1437) Metaspace: 84162K->84162K(1126400K)
[2019-04-15T15:38:36.380+0200][5360,901s] GC(1437) Pause Young (Allocation Failure) 323M->240M(490M) 20,717ms
[2019-04-15T15:38:36.380+0200][5360,901s] GC(1437) User=0,07s Sys=0,00s Real=0,02s
[2019-04-15T15:38:36.683+0200][5361,204s] GC(1436) Concurrent Abortable Preclean 508,349ms
[2019-04-15T15:38:36.683+0200][5361,204s] GC(1436) User=1,36s Sys=0,02s Real=0,50s
[2019-04-15T15:38:36.684+0200][5361,204s] GC(1436) Pause Remark
[2019-04-15T15:38:36.684+0200][5361,204s] GC(1438) Pause Young (CMS Final Remark)
[2019-04-15T15:38:36.684+0200][5361,204s] GC(1438) Using 4 workers of 4 for evacuation
[2019-04-15T15:38:36.704+0200][5361,225s] GC(1438) ParNew: 79150K->21824K(109248K)
[2019-04-15T15:38:36.704+0200][5361,225s] GC(1438) CMS: 224386K->229126K(393216K)
[2019-04-15T15:38:36.704+0200][5361,225s] GC(1438) Metaspace: 84162K->84162K(1126400K)
[2019-04-15T15:38:36.704+0200][5361,225s] GC(1438) Pause Young (CMS Final Remark) 296M->245M(490M) 20,755ms
[2019-04-15T15:38:36.704+0200][5361,225s] GC(1438) User=0,08s Sys=0,00s Real=0,02s
[2019-04-15T15:38:36.748+0200][5361,268s] GC(1436) Pause Remark 296M->245M(490M) 64,390ms
[2019-04-15T15:38:36.748+0200][5361,268s] GC(1436) User=0,15s Sys=0,00s Real=0,07s
[2019-04-15T15:38:36.748+0200][5361,269s] GC(1436) Concurrent Sweep
[2019-04-15T15:38:36.788+0200][5361,308s] GC(1436) Concurrent Sweep 39,809ms
[2019-04-15T15:38:36.788+0200][5361,308s] GC(1436) User=0,07s Sys=0,01s Real=0,04s
[2019-04-15T15:38:36.788+0200][5361,308s] GC(1436) Concurrent Reset
[2019-04-15T15:38:36.788+0200][5361,309s] GC(1436) Concurrent Reset 0,406ms
[2019-04-15T15:38:36.788+0200][5361,309s] GC(1436) User=0,00s Sys=0,00s Real=0,00s
[2019-04-15T15:38:36.788+0200][5361,309s] GC(1436) Old: 221532K->194125K(393216K)
[2019-04-15T15:38:37.101+0200][5361,621s] GC(1439) Pause Young (Allocation Failure)
[2019-04-15T15:38:37.101+0200][5361,621s] GC(1439) Using 4 workers of 4 for evacuation
[2019-04-15T15:38:37.120+0200][5361,640s] GC(1439) ParNew: 109248K->21824K(109248K)
[2019-04-15T15:38:37.120+0200][5361,640s] GC(1439) CMS: 194125K->198946K(393216K)
[2019-04-15T15:38:37.120+0200][5361,640s] GC(1439) Metaspace: 84162K->84162K(1126400K)
[2019-04-15T15:38:37.120+0200][5361,640s] GC(1439) Pause Young (Allocation Failure) 296M->215M(490M) 18,905ms
[2019-04-15T15:38:37.120+0200][5361,640s] GC(1439) User=0,06s Sys=0,00s Real=0,02s
[2019-04-15T15:38:37.120+0200][5361,640s] GC(1440) Pause Initial Mark
[2019-04-15T15:38:37.122+0200][5361,642s] GC(1440) Pause Initial Mark 217M->217M(490M) 1,798ms
[2019-04-15T15:38:37.122+0200][5361,642s] GC(1440) User=0,01s Sys=0,00s Real=0,00s
[2019-04-15T15:38:37.122+0200][5361,642s] GC(1440) Concurrent Mark
[2019-04-15T15:38:37.122+0200][5361,642s] GC(1440) Using 4 workers of 4 for marking
[2019-04-15T15:38:37.217+0200][5361,738s] GC(1440) Concurrent Mark 95,594ms
[2019-04-15T15:38:37.217+0200][5361,738s] GC(1440) User=0,36s Sys=0,01s Real=0,10s
[2019-04-15T15:38:37.217+0200][5361,738s] GC(1440) Concurrent Preclean
[2019-04-15T15:38:37.220+0200][5361,740s] GC(1440) Concurrent Preclean 2,200ms
[2019-04-15T15:38:37.220+0200][5361,740s] GC(1440) User=0,01s Sys=0,00s Real=0,00s
[2019-04-15T15:38:37.220+0200][5361,740s] GC(1440) Concurrent Abortable Preclean
[2019-04-15T15:38:37.707+0200][5362,228s] GC(1441) Pause Young (Allocation Failure)
[2019-04-15T15:38:37.707+0200][5362,228s] GC(1441) Using 4 workers of 4 for evacuation
[2019-04-15T15:38:37.727+0200][5362,247s] GC(1441) ParNew: 109248K->21824K(109248K)
[2019-04-15T15:38:37.727+0200][5362,247s] GC(1441) CMS: 198946K->202190K(393216K)
[2019-04-15T15:38:37.727+0200][5362,247s] GC(1441) Metaspace: 84162K->84162K(1126400K)
[2019-04-15T15:38:37.727+0200][5362,247s] GC(1441) Pause Young (Allocation Failure) 300M->218M(490M) 19,439ms
[2019-04-15T15:38:37.727+0200][5362,247s] GC(1441) User=0,08s Sys=0,00s Real=0,02s
[2019-04-15T15:38:38.047+0200][5362,567s] GC(1440) Concurrent Abortable Preclean 827,321ms
[2019-04-15T15:38:38.047+0200][5362,568s] GC(1440) User=1,67s Sys=0,01s Real=0,83s
[2019-04-15T15:38:38.047+0200][5362,568s] GC(1440) Pause Remark
[2019-04-15T15:38:38.047+0200][5362,568s] GC(1442) Pause Young (CMS Final Remark)
[2019-04-15T15:38:38.047+0200][5362,568s] GC(1442) Using 4 workers of 4 for evacuation
[2019-04-15T15:38:38.067+0200][5362,588s] GC(1442) ParNew: 69674K->21824K(109248K)
[2019-04-15T15:38:38.067+0200][5362,588s] GC(1442) CMS: 202190K->210004K(393216K)
[2019-04-15T15:38:38.067+0200][5362,588s] GC(1442) Metaspace: 84162K->84162K(1126400K)
[2019-04-15T15:38:38.067+0200][5362,588s] GC(1442) Pause Young (CMS Final Remark) 265M->226M(490M) 20,155ms
[2019-04-15T15:38:38.068+0200][5362,588s] GC(1442) User=0,07s Sys=0,00s Real=0,02s
[2019-04-15T15:38:38.106+0200][5362,627s] GC(1440) Pause Remark 265M->226M(490M) 59,139ms
[2019-04-15T15:38:38.106+0200][5362,627s] GC(1440) User=0,14s Sys=0,00s Real=0,06s
[2019-04-15T15:38:38.107+0200][5362,627s] GC(1440) Concurrent Sweep
[2019-04-15T15:38:38.149+0200][5362,669s] GC(1440) Concurrent Sweep 42,286ms
[2019-04-15T15:38:38.149+0200][5362,669s] GC(1440) User=0,09s Sys=0,00s Real=0,04s
[2019-04-15T15:38:38.149+0200][5362,669s] GC(1440) Concurrent Reset
[2019-04-15T15:38:38.149+0200][5362,670s] GC(1440) Concurrent Reset 0,320ms
[2019-04-15T15:38:38.149+0200][5362,670s] GC(1440) User=0,00s Sys=0,00s Real=0,00s
[2019-04-15T15:38:38.149+0200][5362,670s] GC(1440) Old: 198946K->197344K(393216K)
[2019-04-15T15:38:38.846+0200][5363,366s] GC(1443) Pause Young (Allocation Failure)
[2019-04-15T15:38:38.846+0200][5363,366s] GC(1443) Using 4 workers of 4 for evacuation
[2019-04-15T15:38:38.865+0200][5363,386s] GC(1443) ParNew: 109248K->21824K(109248K)
[2019-04-15T15:38:38.865+0200][5363,386s] GC(1443) CMS: 197344K->200604K(393216K)
[2019-04-15T15:38:38.865+0200][5363,386s] GC(1443) Metaspace: 84162K->84162K(1126400K)
[2019-04-15T15:38:38.865+0200][5363,386s] GC(1443) Pause Young (Allocation Failure) 299M->217M(490M) 19,312ms
[2019-04-15T15:38:38.865+0200][5363,386s] GC(1443) User=0,07s Sys=0,00s Real=0,02s
[2019-04-15T15:38:38.865+0200][5363,386s] GC(1444) Pause Initial Mark
[2019-04-15T15:38:38.869+0200][5363,389s] GC(1444) Pause Initial Mark 219M->219M(490M) 3,595ms
[2019-04-15T15:38:38.869+0200][5363,389s] GC(1444) User=0,00s Sys=0,00s Real=0,00s
[2019-04-15T15:38:38.869+0200][5363,390s] GC(1444) Concurrent Mark
[2019-04-15T15:38:38.869+0200][5363,390s] GC(1444) Using 4 workers of 4 for marking
[2019-04-15T15:38:38.928+0200][5363,448s] GC(1444) Concurrent Mark 58,499ms
[2019-04-15T15:38:38.928+0200][5363,448s] GC(1444) User=0,23s Sys=0,00s Real=0,06s
[2019-04-15T15:38:38.928+0200][5363,448s] GC(1444) Concurrent Preclean
[2019-04-15T15:38:38.930+0200][5363,450s] GC(1444) Concurrent Preclean 1,968ms
[2019-04-15T15:38:38.930+0200][5363,450s] GC(1444) User=0,01s Sys=0,00s Real=0,00s
[2019-04-15T15:38:38.930+0200][5363,450s] GC(1444) Concurrent Abortable Preclean
[2019-04-15T15:38:39.310+0200][5363,831s] GC(1444) Concurrent Abortable Preclean 380,543ms
[2019-04-15T15:38:39.310+0200][5363,831s] GC(1444) User=0,73s Sys=0,02s Real=0,38s
[2019-04-15T15:38:39.311+0200][5363,831s] GC(1444) Pause Remark
[2019-04-15T15:38:39.311+0200][5363,831s] GC(1445) Pause Young (CMS Final Remark)
[2019-04-15T15:38:39.311+0200][5363,831s] GC(1445) Using 4 workers of 4 for evacuation
[2019-04-15T15:38:39.359+0200][5363,880s] GC(1445) ParNew: 77257K->21824K(109248K)
[2019-04-15T15:38:39.359+0200][5363,880s] GC(1445) CMS: 200604K->211584K(393216K)
[2019-04-15T15:38:39.359+0200][5363,880s] GC(1445) Metaspace: 84162K->84162K(1126400K)
[2019-04-15T15:38:39.359+0200][5363,880s] GC(1445) Pause Young (CMS Final Remark) 271M->227M(490M) 48,634ms
[2019-04-15T15:38:39.359+0200][5363,880s] GC(1445) User=0,11s Sys=0,00s Real=0,05s
[2019-04-15T15:38:39.450+0200][5363,971s] GC(1444) Pause Remark 271M->227M(490M) 139,644ms
[2019-04-15T15:38:39.450+0200][5363,971s] GC(1444) User=0,23s Sys=0,00s Real=0,14s
[2019-04-15T15:38:39.450+0200][5363,971s] GC(1444) Concurrent Sweep
[2019-04-15T15:38:39.646+0200][5364,166s] GC(1444) Concurrent Sweep 195,500ms
[2019-04-15T15:38:39.646+0200][5364,166s] GC(1444) User=0,33s Sys=0,00s Real=0,20s
[2019-04-15T15:38:39.646+0200][5364,166s] GC(1444) Concurrent Reset
[2019-04-15T15:38:39.646+0200][5364,167s] GC(1444) Concurrent Reset 0,448ms
[2019-04-15T15:38:39.646+0200][5364,167s] GC(1444) User=0,00s Sys=0,00s Real=0,00s
[2019-04-15T15:38:39.646+0200][5364,167s] GC(1444) Old: 200604K->159515K(393216K)
[2019-04-15T15:38:40.210+0200][5364,731s] GC(1446) Pause Young (Allocation Failure)
[2019-04-15T15:38:40.210+0200][5364,731s] GC(1446) Using 4 workers of 4 for evacuation
[2019-04-15T15:38:40.259+0200][5364,779s] GC(1446) ParNew: 109248K->21824K(109248K)
[2019-04-15T15:38:40.259+0200][5364,779s] GC(1446) CMS: 159515K->167781K(393216K)
[2019-04-15T15:38:40.259+0200][5364,779s] GC(1446) Metaspace: 84162K->84162K(1126400K)
[2019-04-15T15:38:40.259+0200][5364,779s] GC(1446) Pause Young (Allocation Failure) 262M->185M(490M) 48,787ms
[2019-04-15T15:38:40.259+0200][5364,779s] GC(1446) User=0,14s Sys=0,00s Real=0,05s
[2019-04-15T15:38:40.952+0200][5365,472s] GC(1447) Pause Young (Allocation Failure)
[2019-04-15T15:38:40.952+0200][5365,473s] GC(1447) Using 4 workers of 4 for evacuation
[2019-04-15T15:38:41.001+0200][5365,521s] GC(1447) ParNew: 109248K->21824K(109248K)
[2019-04-15T15:38:41.001+0200][5365,522s] GC(1447) CMS: 167781K->177626K(393216K)
[2019-04-15T15:38:41.001+0200][5365,522s] GC(1447) Metaspace: 84162K->84162K(1126400K)
[2019-04-15T15:38:41.001+0200][5365,522s] GC(1447) Pause Young (Allocation Failure) 270M->194M(490M) 49,092ms
[2019-04-15T15:38:41.001+0200][5365,522s] GC(1447) User=0,10s Sys=0,00s Real=0,05s
[2019-04-15T15:38:41.832+0200][5366,353s] GC(1448) Pause Young (Allocation Failure)
[2019-04-15T15:38:41.832+0200][5366,353s] GC(1448) Using 4 workers of 4 for evacuation
[2019-04-15T15:38:41.874+0200][5366,394s] GC(1448) ParNew: 109248K->21824K(109248K)
[2019-04-15T15:38:41.874+0200][5366,394s] GC(1448) CMS: 177626K->190507K(393216K)
[2019-04-15T15:38:41.874+0200][5366,394s] GC(1448) Metaspace: 84162K->84162K(1126400K)
[2019-04-15T15:38:41.874+0200][5366,394s] GC(1448) Pause Young (Allocation Failure) 280M->207M(490M) 41,282ms
[2019-04-15T15:38:41.874+0200][5366,394s] GC(1448) User=0,09s Sys=0,00s Real=0,05s
[2019-04-15T15:38:42.462+0200][5366,982s] GC(1449) Pause Young (Allocation Failure)
[2019-04-15T15:38:42.462+0200][5366,982s] GC(1449) Using 4 workers of 4 for evacuation
[2019-04-15T15:38:42.497+0200][5367,018s] GC(1449) ParNew: 109248K->21824K(109248K)
[2019-04-15T15:38:42.497+0200][5367,018s] GC(1449) CMS: 190507K->203185K(393216K)
[2019-04-15T15:38:42.497+0200][5367,018s] GC(1449) Metaspace: 84162K->84162K(1126400K)
[2019-04-15T15:38:42.498+0200][5367,018s] GC(1449) Pause Young (Allocation Failure) 292M->219M(490M) 35,540ms
[2019-04-15T15:38:42.498+0200][5367,018s] GC(1449) User=0,10s Sys=0,00s Real=0,04s
[2019-04-15T15:38:42.498+0200][5367,018s] GC(1450) Pause Initial Mark
[2019-04-15T15:38:42.501+0200][5367,022s] GC(1450) Pause Initial Mark 221M->221M(490M) 3,389ms
[2019-04-15T15:38:42.501+0200][5367,022s] GC(1450) User=0,01s Sys=0,00s Real=0,00s
[2019-04-15T15:38:42.501+0200][5367,022s] GC(1450) Concurrent Mark
[2019-04-15T15:38:42.501+0200][5367,022s] GC(1450) Using 4 workers of 4 for marking
[2019-04-15T15:38:42.602+0200][5367,123s] GC(1450) Concurrent Mark 100,925ms
[2019-04-15T15:38:42.602+0200][5367,123s] GC(1450) User=0,31s Sys=0,00s Real=0,10s
[2019-04-15T15:38:42.602+0200][5367,123s] GC(1450) Concurrent Preclean
[2019-04-15T15:38:42.608+0200][5367,128s] GC(1450) Concurrent Preclean 5,635ms
[2019-04-15T15:38:42.608+0200][5367,128s] GC(1450) User=0,01s Sys=0,00s Real=0,01s
[2019-04-15T15:38:42.608+0200][5367,128s] GC(1450) Concurrent Abortable Preclean
[2019-04-15T15:38:43.057+0200][5367,578s] GC(1450) Concurrent Abortable Preclean 449,413ms
[2019-04-15T15:38:43.057+0200][5367,578s] GC(1450) User=0,89s Sys=0,00s Real=0,45s
[2019-04-15T15:38:43.058+0200][5367,578s] GC(1450) Pause Remark
[2019-04-15T15:38:43.058+0200][5367,578s] GC(1451) Pause Young (CMS Final Remark)
[2019-04-15T15:38:43.058+0200][5367,578s] GC(1451) Using 4 workers of 4 for evacuation
[2019-04-15T15:38:43.095+0200][5367,616s] GC(1451) ParNew: 71435K->21824K(109248K)
[2019-04-15T15:38:43.095+0200][5367,616s] GC(1451) CMS: 203185K->212435K(393216K)
[2019-04-15T15:38:43.095+0200][5367,616s] GC(1451) Metaspace: 84162K->84162K(1126400K)
[2019-04-15T15:38:43.095+0200][5367,616s] GC(1451) Pause Young (CMS Final Remark) 268M->228M(490M) 37,838ms
[2019-04-15T15:38:43.096+0200][5367,616s] GC(1451) User=0,08s Sys=0,01s Real=0,04s
[2019-04-15T15:38:43.166+0200][5367,686s] GC(1450) Pause Remark 268M->228M(490M) 108,287ms
[2019-04-15T15:38:43.166+0200][5367,686s] GC(1450) User=0,17s Sys=0,01s Real=0,11s
[2019-04-15T15:38:43.166+0200][5367,687s] GC(1450) Concurrent Sweep
[2019-04-15T15:38:43.240+0200][5367,760s] GC(1450) Concurrent Sweep 73,560ms
[2019-04-15T15:38:43.240+0200][5367,760s] GC(1450) User=0,14s Sys=0,00s Real=0,07s
[2019-04-15T15:38:43.240+0200][5367,760s] GC(1450) Concurrent Reset
[2019-04-15T15:38:43.240+0200][5367,761s] GC(1450) Concurrent Reset 0,477ms
[2019-04-15T15:38:43.240+0200][5367,761s] GC(1450) User=0,00s Sys=0,00s Real=0,00s
[2019-04-15T15:38:43.240+0200][5367,761s] GC(1450) Old: 203185K->198970K(393216K)
[2019-04-15T15:38:43.797+0200][5368,317s] GC(1452) Pause Young (Allocation Failure)
[2019-04-15T15:38:43.797+0200][5368,317s] GC(1452) Using 4 workers of 4 for evacuation
[2019-04-15T15:38:43.822+0200][5368,342s] GC(1452) ParNew: 109248K->21824K(109248K)
[2019-04-15T15:38:43.822+0200][5368,342s] GC(1452) CMS: 198970K->210572K(393216K)
[2019-04-15T15:38:43.822+0200][5368,342s] GC(1452) Metaspace: 84162K->84162K(1126400K)
[2019-04-15T15:38:43.822+0200][5368,342s] GC(1452) Pause Young (Allocation Failure) 300M->226M(490M) 24,751ms
[2019-04-15T15:38:43.822+0200][5368,342s] GC(1452) User=0,09s Sys=0,00s Real=0,02s
[2019-04-15T15:38:43.822+0200][5368,342s] GC(1453) Pause Initial Mark
[2019-04-15T15:38:43.825+0200][5368,345s] GC(1453) Pause Initial Mark 228M->228M(490M) 3,095ms
[2019-04-15T15:38:43.825+0200][5368,345s] GC(1453) User=0,01s Sys=0,00s Real=0,01s
[2019-04-15T15:38:43.825+0200][5368,345s] GC(1453) Concurrent Mark
[2019-04-15T15:38:43.825+0200][5368,345s] GC(1453) Using 4 workers of 4 for marking
[2019-04-15T15:38:43.908+0200][5368,429s] GC(1453) Concurrent Mark 83,193ms
[2019-04-15T15:38:43.908+0200][5368,429s] GC(1453) User=0,32s Sys=0,00s Real=0,08s
[2019-04-15T15:38:43.908+0200][5368,429s] GC(1453) Concurrent Preclean
[2019-04-15T15:38:43.911+0200][5368,432s] GC(1453) Concurrent Preclean 2,884ms
[2019-04-15T15:38:43.911+0200][5368,432s] GC(1453) User=0,00s Sys=0,00s Real=0,00s
[2019-04-15T15:38:43.911+0200][5368,432s] GC(1453) Concurrent Abortable Preclean
[2019-04-15T15:38:44.373+0200][5368,893s] GC(1453) Concurrent Abortable Preclean 461,686ms
[2019-04-15T15:38:44.373+0200][5368,893s] GC(1453) User=0,90s Sys=0,01s Real=0,47s
[2019-04-15T15:38:44.373+0200][5368,893s] GC(1453) Pause Remark
[2019-04-15T15:38:44.373+0200][5368,894s] GC(1454) Pause Young (CMS Final Remark)
[2019-04-15T15:38:44.373+0200][5368,894s] GC(1454) Using 4 workers of 4 for evacuation
[2019-04-15T15:38:44.397+0200][5368,917s] GC(1454) ParNew: 68661K->21824K(109248K)
[2019-04-15T15:38:44.397+0200][5368,917s] GC(1454) CMS: 210572K->219992K(393216K)
[2019-04-15T15:38:44.397+0200][5368,917s] GC(1454) Metaspace: 84162K->84162K(1126400K)
[2019-04-15T15:38:44.397+0200][5368,917s] GC(1454) Pause Young (CMS Final Remark) 272M->236M(490M) 23,911ms
[2019-04-15T15:38:44.397+0200][5368,917s] GC(1454) User=0,08s Sys=0,00s Real=0,02s
[2019-04-15T15:38:44.449+0200][5368,970s] GC(1453) Pause Remark 272M->236M(490M) 76,099ms
[2019-04-15T15:38:44.449+0200][5368,970s] GC(1453) User=0,16s Sys=0,00s Real=0,07s
[2019-04-15T15:38:44.449+0200][5368,970s] GC(1453) Concurrent Sweep
[2019-04-15T15:38:44.525+0200][5369,045s] GC(1453) Concurrent Sweep 75,242ms
[2019-04-15T15:38:44.525+0200][5369,045s] GC(1453) User=0,15s Sys=0,00s Real=0,07s
[2019-04-15T15:38:44.525+0200][5369,045s] GC(1453) Concurrent Reset
[2019-04-15T15:38:44.525+0200][5369,045s] GC(1453) Concurrent Reset 0,453ms
[2019-04-15T15:38:44.525+0200][5369,046s] GC(1453) User=0,00s Sys=0,00s Real=0,01s
[2019-04-15T15:38:44.525+0200][5369,046s] GC(1453) Old: 210572K->213043K(393216K)
[2019-04-15T15:38:45.068+0200][5369,589s] GC(1455) Pause Young (Allocation Failure)
[2019-04-15T15:38:45.068+0200][5369,589s] GC(1455) Using 4 workers of 4 for evacuation
[2019-04-15T15:38:45.094+0200][5369,614s] GC(1455) ParNew: 108854K->21824K(109248K)
[2019-04-15T15:38:45.094+0200][5369,614s] GC(1455) CMS: 213043K->224804K(393216K)
[2019-04-15T15:38:45.094+0200][5369,614s] GC(1455) Metaspace: 84162K->84162K(1126400K)
[2019-04-15T15:38:45.094+0200][5369,614s] GC(1455) Pause Young (Allocation Failure) 314M->240M(490M) 25,384ms
[2019-04-15T15:38:45.094+0200][5369,614s] GC(1455) User=0,09s Sys=0,00s Real=0,03s
[2019-04-15T15:38:45.094+0200][5369,614s] GC(1456) Pause Initial Mark
[2019-04-15T15:38:45.098+0200][5369,618s] GC(1456) Pause Initial Mark 241M->241M(490M) 4,002ms
[2019-04-15T15:38:45.098+0200][5369,618s] GC(1456) User=0,01s Sys=0,00s Real=0,00s
[2019-04-15T15:38:45.098+0200][5369,618s] GC(1456) Concurrent Mark
[2019-04-15T15:38:45.098+0200][5369,618s] GC(1456) Using 4 workers of 4 for marking
[2019-04-15T15:38:45.186+0200][5369,706s] GC(1456) Concurrent Mark 88,018ms
[2019-04-15T15:38:45.186+0200][5369,706s] GC(1456) User=0,29s Sys=0,00s Real=0,09s
[2019-04-15T15:38:45.186+0200][5369,706s] GC(1456) Concurrent Preclean
[2019-04-15T15:38:45.189+0200][5369,710s] GC(1456) Concurrent Preclean 3,439ms
[2019-04-15T15:38:45.190+0200][5369,710s] GC(1456) User=0,01s Sys=0,00s Real=0,00s
[2019-04-15T15:38:45.190+0200][5369,710s] GC(1456) Concurrent Abortable Preclean
[2019-04-15T15:38:45.647+0200][5370,167s] GC(1456) Concurrent Abortable Preclean 457,172ms
[2019-04-15T15:38:45.647+0200][5370,167s] GC(1456) User=0,90s Sys=0,00s Real=0,46s
[2019-04-15T15:38:45.647+0200][5370,167s] GC(1456) Pause Remark
[2019-04-15T15:38:45.647+0200][5370,167s] GC(1457) Pause Young (CMS Final Remark)
[2019-04-15T15:38:45.647+0200][5370,167s] GC(1457) Using 4 workers of 4 for evacuation
[2019-04-15T15:38:45.670+0200][5370,191s] GC(1457) ParNew: 67152K->21824K(109248K)
[2019-04-15T15:38:45.670+0200][5370,191s] GC(1457) CMS: 224804K->232586K(393216K)
[2019-04-15T15:38:45.670+0200][5370,191s] GC(1457) Metaspace: 84162K->84162K(1126400K)
[2019-04-15T15:38:45.670+0200][5370,191s] GC(1457) Pause Young (CMS Final Remark) 285M->248M(490M) 23,307ms
[2019-04-15T15:38:45.670+0200][5370,191s] GC(1457) User=0,08s Sys=0,01s Real=0,02s
[2019-04-15T15:38:45.740+0200][5370,261s] GC(1456) Pause Remark 285M->248M(490M) 93,422ms
[2019-04-15T15:38:45.740+0200][5370,261s] GC(1456) User=0,17s Sys=0,01s Real=0,09s
[2019-04-15T15:38:45.740+0200][5370,261s] GC(1456) Concurrent Sweep
[2019-04-15T15:38:45.793+0200][5370,314s] GC(1456) Concurrent Sweep 52,745ms
[2019-04-15T15:38:45.793+0200][5370,314s] GC(1456) User=0,10s Sys=0,00s Real=0,06s
[2019-04-15T15:38:45.793+0200][5370,314s] GC(1456) Concurrent Reset
[2019-04-15T15:38:45.794+0200][5370,314s] GC(1456) Concurrent Reset 0,363ms
[2019-04-15T15:38:45.794+0200][5370,314s] GC(1456) User=0,01s Sys=0,00s Real=0,00s
[2019-04-15T15:38:45.794+0200][5370,314s] GC(1456) Old: 224804K->227393K(393216K)
[2019-04-15T15:38:46.534+0200][5371,054s] GC(1458) Pause Young (Allocation Failure)
[2019-04-15T15:38:46.534+0200][5371,054s] GC(1458) Using 4 workers of 4 for evacuation
[2019-04-15T15:38:46.556+0200][5371,076s] GC(1458) ParNew: 109248K->21824K(109248K)
[2019-04-15T15:38:46.556+0200][5371,076s] GC(1458) CMS: 227393K->240737K(393216K)
[2019-04-15T15:38:46.556+0200][5371,076s] GC(1458) Metaspace: 84162K->84162K(1126400K)
[2019-04-15T15:38:46.556+0200][5371,076s] GC(1458) Pause Young (Allocation Failure) 328M->256M(490M) 22,434ms
[2019-04-15T15:38:46.556+0200][5371,076s] GC(1458) User=0,09s Sys=0,00s Real=0,02s
[2019-04-15T15:38:46.556+0200][5371,077s] GC(1459) Pause Initial Mark
[2019-04-15T15:38:46.558+0200][5371,079s] GC(1459) Pause Initial Mark 258M->258M(490M) 1,880ms
[2019-04-15T15:38:46.558+0200][5371,079s] GC(1459) User=0,00s Sys=0,00s Real=0,00s
[2019-04-15T15:38:46.558+0200][5371,079s] GC(1459) Concurrent Mark
[2019-04-15T15:38:46.558+0200][5371,079s] GC(1459) Using 4 workers of 4 for marking
[2019-04-15T15:38:46.661+0200][5371,181s] GC(1459) Concurrent Mark 102,742ms
[2019-04-15T15:38:46.661+0200][5371,181s] GC(1459) User=0,34s Sys=0,00s Real=0,10s
[2019-04-15T15:38:46.661+0200][5371,181s] GC(1459) Concurrent Preclean
[2019-04-15T15:38:46.665+0200][5371,186s] GC(1459) Concurrent Preclean 4,301ms
[2019-04-15T15:38:46.665+0200][5371,186s] GC(1459) User=0,01s Sys=0,00s Real=0,01s
[2019-04-15T15:38:46.665+0200][5371,186s] GC(1459) Concurrent Abortable Preclean
[2019-04-15T15:38:47.448+0200][5371,969s] GC(1459) Concurrent Abortable Preclean 782,898ms
[2019-04-15T15:38:47.448+0200][5371,969s] GC(1459) User=1,20s Sys=0,00s Real=0,78s
[2019-04-15T15:38:47.449+0200][5371,969s] GC(1459) Pause Remark
[2019-04-15T15:38:47.449+0200][5371,969s] GC(1460) Pause Young (CMS Final Remark)
[2019-04-15T15:38:47.449+0200][5371,969s] GC(1460) Using 4 workers of 4 for evacuation
[2019-04-15T15:38:47.500+0200][5372,021s] GC(1460) ParNew: 68058K->21824K(109248K)
[2019-04-15T15:38:47.500+0200][5372,021s] GC(1460) CMS: 240737K->258194K(393216K)
[2019-04-15T15:38:47.500+0200][5372,021s] GC(1460) Metaspace: 84162K->84162K(1126400K)
[2019-04-15T15:38:47.500+0200][5372,021s] GC(1460) Pause Young (CMS Final Remark) 301M->273M(490M) 51,717ms
[2019-04-15T15:38:47.500+0200][5372,021s] GC(1460) User=0,08s Sys=0,00s Real=0,05s
[2019-04-15T15:38:47.662+0200][5372,183s] GC(1459) Pause Remark 301M->273M(490M) 213,416ms
[2019-04-15T15:38:47.663+0200][5372,183s] GC(1459) User=0,17s Sys=0,00s Real=0,21s
[2019-04-15T15:38:47.663+0200][5372,183s] GC(1459) Concurrent Sweep
[2019-04-15T15:38:47.803+0200][5372,324s] GC(1459) Concurrent Sweep 140,550ms
[2019-04-15T15:38:47.803+0200][5372,324s] GC(1459) User=0,15s Sys=0,01s Real=0,14s
[2019-04-15T15:38:47.803+0200][5372,324s] GC(1459) Concurrent Reset
[2019-04-15T15:38:47.804+0200][5372,324s] GC(1459) Concurrent Reset 0,441ms
[2019-04-15T15:38:47.804+0200][5372,324s] GC(1459) User=0,00s Sys=0,00s Real=0,00s
[2019-04-15T15:38:47.804+0200][5372,324s] GC(1459) Old: 240737K->247927K(393216K)
[2019-04-15T15:38:48.731+0200][5373,252s] GC(1461) Pause Young (Allocation Failure)
[2019-04-15T15:38:48.731+0200][5373,252s] GC(1461) Using 4 workers of 4 for evacuation
[2019-04-15T15:38:48.742+0200][5373,262s] GC(1461) ParNew: 109248K->21824K(109248K)
[2019-04-15T15:38:48.742+0200][5373,262s] GC(1461) CMS: 247927K->249976K(393216K)
[2019-04-15T15:38:48.742+0200][5373,262s] GC(1461) Metaspace: 84162K->84162K(1126400K)
[2019-04-15T15:38:48.742+0200][5373,262s] GC(1461) Pause Young (Allocation Failure) 348M->265M(490M) 10,573ms
[2019-04-15T15:38:48.742+0200][5373,262s] GC(1461) User=0,03s Sys=0,00s Real=0,01s
[2019-04-15T15:38:48.742+0200][5373,263s] GC(1462) Pause Initial Mark
[2019-04-15T15:38:48.744+0200][5373,264s] GC(1462) Pause Initial Mark 267M->267M(490M) 1,617ms
[2019-04-15T15:38:48.744+0200][5373,264s] GC(1462) User=0,01s Sys=0,00s Real=0,00s
[2019-04-15T15:38:48.744+0200][5373,264s] GC(1462) Concurrent Mark
[2019-04-15T15:38:48.744+0200][5373,264s] GC(1462) Using 4 workers of 4 for marking
[2019-04-15T15:38:48.817+0200][5373,337s] GC(1462) Concurrent Mark 72,918ms
[2019-04-15T15:38:48.817+0200][5373,337s] GC(1462) User=0,25s Sys=0,00s Real=0,08s
[2019-04-15T15:38:48.817+0200][5373,337s] GC(1462) Concurrent Preclean
[2019-04-15T15:38:48.818+0200][5373,338s] GC(1462) Concurrent Preclean 0,740ms
[2019-04-15T15:38:48.818+0200][5373,338s] GC(1462) User=0,01s Sys=0,00s Real=0,00s
[2019-04-15T15:38:48.818+0200][5373,338s] GC(1462) Concurrent Abortable Preclean
[2019-04-15T15:38:48.855+0200][5373,376s] GC(1463) Pause Young (Allocation Failure)
[2019-04-15T15:38:48.855+0200][5373,376s] GC(1463) Using 4 workers of 4 for evacuation
[2019-04-15T15:38:48.868+0200][5373,388s] GC(1463) ParNew: 109248K->21824K(109248K)
[2019-04-15T15:38:48.868+0200][5373,388s] GC(1463) CMS: 249976K->250392K(393216K)
[2019-04-15T15:38:48.868+0200][5373,388s] GC(1463) Metaspace: 84162K->84162K(1126400K)
[2019-04-15T15:38:48.868+0200][5373,388s] GC(1463) Pause Young (Allocation Failure) 350M->265M(490M) 12,379ms
[2019-04-15T15:38:48.868+0200][5373,388s] GC(1463) User=0,04s Sys=0,01s Real=0,01s
[2019-04-15T15:38:48.958+0200][5373,478s] GC(1464) Pause Young (Allocation Failure)
[2019-04-15T15:38:48.958+0200][5373,478s] GC(1464) Using 4 workers of 4 for evacuation
[2019-04-15T15:38:48.978+0200][5373,498s] GC(1464) ParNew: 109248K->21824K(109248K)
[2019-04-15T15:38:48.978+0200][5373,498s] GC(1464) CMS: 250392K->250823K(393216K)
[2019-04-15T15:38:48.978+0200][5373,498s] GC(1464) Metaspace: 84162K->84162K(1126400K)
[2019-04-15T15:38:48.978+0200][5373,498s] GC(1464) Pause Young (Allocation Failure) 351M->266M(490M) 19,982ms
[2019-04-15T15:38:48.978+0200][5373,498s] GC(1464) User=0,05s Sys=0,00s Real=0,02s
[2019-04-15T15:38:48.978+0200][5373,498s] GC(1462) Concurrent Abortable Preclean 160,467ms
[2019-04-15T15:38:48.978+0200][5373,498s] GC(1462) User=0,31s Sys=0,01s Real=0,16s
[2019-04-15T15:38:48.981+0200][5373,502s] GC(1462) Pause Remark
[2019-04-15T15:38:48.981+0200][5373,502s] GC(1465) Pause Young (CMS Final Remark)
[2019-04-15T15:38:48.981+0200][5373,502s] GC(1465) Using 4 workers of 4 for evacuation
[2019-04-15T15:38:49.005+0200][5373,525s] GC(1465) ParNew: 23580K->20551K(109248K)
[2019-04-15T15:38:49.005+0200][5373,525s] GC(1465) CMS: 250823K->252098K(393216K)
[2019-04-15T15:38:49.005+0200][5373,525s] GC(1465) Metaspace: 84162K->84162K(1126400K)
[2019-04-15T15:38:49.005+0200][5373,525s] GC(1465) Pause Young (CMS Final Remark) 267M->266M(490M) 23,725ms
[2019-04-15T15:38:49.005+0200][5373,525s] GC(1465) User=0,05s Sys=0,00s Real=0,03s
[2019-04-15T15:38:49.074+0200][5373,594s] GC(1462) Pause Remark 267M->266M(490M) 92,891ms
[2019-04-15T15:38:49.074+0200][5373,595s] GC(1462) User=0,13s Sys=0,00s Real=0,10s
[2019-04-15T15:38:49.074+0200][5373,595s] GC(1462) Concurrent Sweep
[2019-04-15T15:38:49.169+0200][5373,689s] GC(1462) Concurrent Sweep 94,338ms
[2019-04-15T15:38:49.169+0200][5373,689s] GC(1462) User=0,16s Sys=0,02s Real=0,09s
[2019-04-15T15:38:49.169+0200][5373,689s] GC(1462) Concurrent Reset
[2019-04-15T15:38:49.169+0200][5373,690s] GC(1462) Concurrent Reset 0,579ms
[2019-04-15T15:38:49.169+0200][5373,690s] GC(1462) User=0,00s Sys=0,00s Real=0,00s
[2019-04-15T15:38:49.169+0200][5373,690s] GC(1462) Old: 249976K->238515K(393216K)
[2019-04-15T15:38:49.172+0200][5373,693s] GC(1466) Pause Young (Allocation Failure)
[2019-04-15T15:38:49.172+0200][5373,693s] GC(1466) Using 4 workers of 4 for evacuation
[2019-04-15T15:38:49.187+0200][5373,707s] GC(1466) ParNew: 107975K->13908K(109248K)
[2019-04-15T15:38:49.187+0200][5373,707s] GC(1466) CMS: 238515K->241387K(393216K)
[2019-04-15T15:38:49.187+0200][5373,707s] GC(1466) Metaspace: 84162K->84162K(1126400K)
[2019-04-15T15:38:49.187+0200][5373,707s] GC(1466) Pause Young (Allocation Failure) 338M->249M(490M) 14,296ms
[2019-04-15T15:38:49.187+0200][5373,707s] GC(1466) User=0,04s Sys=0,00s Real=0,02s
[2019-04-15T15:38:49.187+0200][5373,707s] GC(1467) Pause Initial Mark
[2019-04-15T15:38:49.188+0200][5373,708s] GC(1467) Pause Initial Mark 251M->251M(490M) 0,810ms
[2019-04-15T15:38:49.188+0200][5373,708s] GC(1467) User=0,00s Sys=0,00s Real=0,00s
[2019-04-15T15:38:49.188+0200][5373,708s] GC(1467) Concurrent Mark
[2019-04-15T15:38:49.188+0200][5373,708s] GC(1467) Using 4 workers of 4 for marking
[2019-04-15T15:38:49.270+0200][5373,791s] GC(1468) Pause Young (Allocation Failure)
[2019-04-15T15:38:49.270+0200][5373,791s] GC(1468) Using 4 workers of 4 for evacuation
[2019-04-15T15:38:49.282+0200][5373,802s] GC(1468) ParNew: 101332K->10430K(109248K)
[2019-04-15T15:38:49.282+0200][5373,802s] GC(1468) CMS: 241387K->242909K(393216K)
[2019-04-15T15:38:49.282+0200][5373,802s] GC(1468) Metaspace: 84162K->84162K(1126400K)
[2019-04-15T15:38:49.282+0200][5373,802s] GC(1468) Pause Young (Allocation Failure) 334M->247M(490M) 11,807ms
[2019-04-15T15:38:49.282+0200][5373,802s] GC(1468) User=0,03s Sys=0,00s Real=0,01s
[2019-04-15T15:38:49.306+0200][5373,826s] GC(1467) Concurrent Mark 117,800ms
[2019-04-15T15:38:49.306+0200][5373,826s] GC(1467) User=0,40s Sys=0,01s Real=0,12s
[2019-04-15T15:38:49.306+0200][5373,826s] GC(1467) Concurrent Preclean
[2019-04-15T15:38:49.314+0200][5373,834s] GC(1467) Concurrent Preclean 8,315ms
[2019-04-15T15:38:49.314+0200][5373,834s] GC(1467) User=0,02s Sys=0,00s Real=0,01s
[2019-04-15T15:38:49.314+0200][5373,834s] GC(1467) Concurrent Abortable Preclean
[2019-04-15T15:38:49.886+0200][5374,406s] GC(1469) Pause Young (Allocation Failure)
[2019-04-15T15:38:49.886+0200][5374,406s] GC(1469) Using 4 workers of 4 for evacuation
[2019-04-15T15:38:49.901+0200][5374,422s] GC(1469) ParNew: 97854K->9590K(109248K)
[2019-04-15T15:38:49.901+0200][5374,422s] GC(1469) CMS: 242909K->248885K(393216K)
[2019-04-15T15:38:49.901+0200][5374,422s] GC(1469) Metaspace: 84172K->84172K(1126400K)
[2019-04-15T15:38:49.901+0200][5374,422s] GC(1469) Pause Young (Allocation Failure) 332M->252M(490M) 15,662ms
[2019-04-15T15:38:49.902+0200][5374,422s] GC(1469) User=0,05s Sys=0,00s Real=0,01s
[2019-04-15T15:38:50.322+0200][5374,843s] GC(1467) Concurrent Abortable Preclean 1008,227ms
[2019-04-15T15:38:50.322+0200][5374,843s] GC(1467) User=1,81s Sys=0,04s Real=1,00s
[2019-04-15T15:38:50.322+0200][5374,843s] GC(1467) Pause Remark
[2019-04-15T15:38:50.322+0200][5374,843s] GC(1470) Pause Young (CMS Final Remark)
[2019-04-15T15:38:50.322+0200][5374,843s] GC(1470) Using 4 workers of 4 for evacuation
[2019-04-15T15:38:50.337+0200][5374,857s] GC(1470) ParNew: 53349K->14393K(109248K)
[2019-04-15T15:38:50.337+0200][5374,857s] GC(1470) CMS: 248885K->250407K(393216K)
[2019-04-15T15:38:50.337+0200][5374,857s] GC(1470) Metaspace: 84172K->84172K(1126400K)
[2019-04-15T15:38:50.337+0200][5374,857s] GC(1470) Pause Young (CMS Final Remark) 295M->258M(490M) 14,338ms
[2019-04-15T15:38:50.337+0200][5374,857s] GC(1470) User=0,05s Sys=0,00s Real=0,02s
[2019-04-15T15:38:50.385+0200][5374,906s] GC(1467) Pause Remark 295M->258M(490M) 62,695ms
[2019-04-15T15:38:50.385+0200][5374,906s] GC(1467) User=0,12s Sys=0,00s Real=0,07s
[2019-04-15T15:38:50.385+0200][5374,906s] GC(1467) Concurrent Sweep
[2019-04-15T15:38:50.455+0200][5374,975s] GC(1467) Concurrent Sweep 69,653ms
[2019-04-15T15:38:50.455+0200][5374,975s] GC(1467) User=0,14s Sys=0,00s Real=0,07s
[2019-04-15T15:38:50.455+0200][5374,975s] GC(1467) Concurrent Reset
[2019-04-15T15:38:50.455+0200][5374,976s] GC(1467) Concurrent Reset 0,481ms
[2019-04-15T15:38:50.455+0200][5374,976s] GC(1467) User=0,00s Sys=0,00s Real=0,00s
[2019-04-15T15:38:50.455+0200][5374,976s] GC(1467) Old: 241387K->241741K(393216K)
[2019-04-15T15:38:51.040+0200][5375,561s] GC(1471) Pause Young (Allocation Failure)
[2019-04-15T15:38:51.040+0200][5375,561s] GC(1471) Using 4 workers of 4 for evacuation
[2019-04-15T15:38:51.061+0200][5375,582s] GC(1471) ParNew: 101817K->21824K(109248K)
[2019-04-15T15:38:51.061+0200][5375,582s] GC(1471) CMS: 241741K->244103K(393216K)
[2019-04-15T15:38:51.061+0200][5375,582s] GC(1471) Metaspace: 84172K->84172K(1126400K)
[2019-04-15T15:38:51.061+0200][5375,582s] GC(1471) Pause Young (Allocation Failure) 335M->259M(490M) 20,991ms
[2019-04-15T15:38:51.061+0200][5375,582s] GC(1471) User=0,07s Sys=0,00s Real=0,02s
[2019-04-15T15:38:51.065+0200][5375,586s] GC(1472) Pause Initial Mark
[2019-04-15T15:38:51.068+0200][5375,588s] GC(1472) Pause Initial Mark 262M->262M(490M) 2,699ms
[2019-04-15T15:38:51.068+0200][5375,588s] GC(1472) User=0,01s Sys=0,00s Real=0,00s
[2019-04-15T15:38:51.068+0200][5375,588s] GC(1472) Concurrent Mark
[2019-04-15T15:38:51.068+0200][5375,588s] GC(1472) Using 4 workers of 4 for marking
[2019-04-15T15:38:51.201+0200][5375,721s] GC(1472) Concurrent Mark 133,175ms
[2019-04-15T15:38:51.201+0200][5375,722s] GC(1472) User=0,39s Sys=0,02s Real=0,13s
[2019-04-15T15:38:51.201+0200][5375,722s] GC(1472) Concurrent Preclean
[2019-04-15T15:38:51.203+0200][5375,723s] GC(1472) Concurrent Preclean 1,645ms
[2019-04-15T15:38:51.203+0200][5375,723s] GC(1472) User=0,00s Sys=0,00s Real=0,00s
[2019-04-15T15:38:51.203+0200][5375,723s] GC(1472) Concurrent Abortable Preclean
[2019-04-15T15:38:51.487+0200][5376,008s] GC(1473) Pause Young (Allocation Failure)
[2019-04-15T15:38:51.488+0200][5376,008s] GC(1473) Using 4 workers of 4 for evacuation
[2019-04-15T15:38:51.512+0200][5376,033s] GC(1473) ParNew: 109248K->21824K(109248K)
[2019-04-15T15:38:51.512+0200][5376,033s] GC(1473) CMS: 244103K->245348K(393216K)
[2019-04-15T15:38:51.512+0200][5376,033s] GC(1473) Metaspace: 84172K->84172K(1126400K)
[2019-04-15T15:38:51.512+0200][5376,033s] GC(1473) Pause Young (Allocation Failure) 345M->260M(490M) 24,793ms
[2019-04-15T15:38:51.512+0200][5376,033s] GC(1473) User=0,08s Sys=0,00s Real=0,02s
[2019-04-15T15:38:51.879+0200][5376,399s] GC(1472) Concurrent Abortable Preclean 676,117ms
[2019-04-15T15:38:51.879+0200][5376,399s] GC(1472) User=1,89s Sys=0,05s Real=0,68s
[2019-04-15T15:38:51.879+0200][5376,400s] GC(1472) Pause Remark
[2019-04-15T15:38:51.879+0200][5376,400s] GC(1474) Pause Young (CMS Final Remark)
[2019-04-15T15:38:51.879+0200][5376,400s] GC(1474) Using 4 workers of 4 for evacuation
[2019-04-15T15:38:51.897+0200][5376,417s] GC(1474) ParNew: 68627K->21824K(109248K)
[2019-04-15T15:38:51.897+0200][5376,417s] GC(1474) CMS: 245348K->246490K(393216K)
[2019-04-15T15:38:51.897+0200][5376,417s] GC(1474) Metaspace: 84176K->84176K(1126400K)
[2019-04-15T15:38:51.897+0200][5376,418s] GC(1474) Pause Young (CMS Final Remark) 306M->262M(490M) 17,894ms
[2019-04-15T15:38:51.897+0200][5376,418s] GC(1474) User=0,05s Sys=0,00s Real=0,02s
[2019-04-15T15:38:51.937+0200][5376,457s] GC(1472) Pause Remark 306M->262M(490M) 57,525ms
[2019-04-15T15:38:51.937+0200][5376,457s] GC(1472) User=0,12s Sys=0,00s Real=0,06s
[2019-04-15T15:38:51.937+0200][5376,457s] GC(1472) Concurrent Sweep
[2019-04-15T15:38:52.061+0200][5376,581s] GC(1472) Concurrent Sweep 124,127ms
[2019-04-15T15:38:52.061+0200][5376,581s] GC(1472) User=0,27s Sys=0,02s Real=0,12s
[2019-04-15T15:38:52.061+0200][5376,581s] GC(1472) Concurrent Reset
[2019-04-15T15:38:52.061+0200][5376,582s] GC(1472) Concurrent Reset 0,399ms
[2019-04-15T15:38:52.061+0200][5376,582s] GC(1472) User=0,00s Sys=0,00s Real=0,00s
[2019-04-15T15:38:52.061+0200][5376,582s] GC(1472) Old: 244103K->188008K(393216K)
[2019-04-15T15:38:52.342+0200][5376,863s] GC(1475) Pause Young (Allocation Failure)
[2019-04-15T15:38:52.342+0200][5376,863s] GC(1475) Using 4 workers of 4 for evacuation
[2019-04-15T15:38:52.358+0200][5376,878s] GC(1475) ParNew: 109248K->21824K(109248K)
[2019-04-15T15:38:52.358+0200][5376,878s] GC(1475) CMS: 188008K->190801K(393216K)
[2019-04-15T15:38:52.358+0200][5376,878s] GC(1475) Metaspace: 84178K->84178K(1126400K)
[2019-04-15T15:38:52.358+0200][5376,878s] GC(1475) Pause Young (Allocation Failure) 290M->207M(490M) 15,482ms
[2019-04-15T15:38:52.358+0200][5376,878s] GC(1475) User=0,05s Sys=0,00s Real=0,02s
[2019-04-15T15:38:52.662+0200][5377,182s] GC(1476) Pause Young (Allocation Failure)
[2019-04-15T15:38:52.662+0200][5377,183s] GC(1476) Using 4 workers of 4 for evacuation
[2019-04-15T15:38:52.679+0200][5377,199s] GC(1476) ParNew: 109248K->21824K(109248K)
[2019-04-15T15:38:52.679+0200][5377,199s] GC(1476) CMS: 190801K->192103K(393216K)
[2019-04-15T15:38:52.679+0200][5377,199s] GC(1476) Metaspace: 84178K->84178K(1126400K)
[2019-04-15T15:38:52.679+0200][5377,199s] GC(1476) Pause Young (Allocation Failure) 293M->208M(490M) 16,577ms
[2019-04-15T15:38:52.679+0200][5377,199s] GC(1476) User=0,05s Sys=0,00s Real=0,02s
[2019-04-15T15:38:52.937+0200][5377,457s] GC(1477) Pause Young (Allocation Failure)
[2019-04-15T15:38:52.937+0200][5377,457s] GC(1477) Using 4 workers of 4 for evacuation
[2019-04-15T15:38:52.964+0200][5377,484s] GC(1477) ParNew: 109248K->21824K(109248K)
[2019-04-15T15:38:52.964+0200][5377,484s] GC(1477) CMS: 192103K->195120K(393216K)
[2019-04-15T15:38:52.964+0200][5377,484s] GC(1477) Metaspace: 84178K->84178K(1126400K)
[2019-04-15T15:38:52.964+0200][5377,484s] GC(1477) Pause Young (Allocation Failure) 294M->211M(490M) 27,023ms
[2019-04-15T15:38:52.964+0200][5377,484s] GC(1477) User=0,07s Sys=0,00s Real=0,02s
[2019-04-15T15:38:53.236+0200][5377,756s] GC(1478) Pause Young (Allocation Failure)
[2019-04-15T15:38:53.236+0200][5377,756s] GC(1478) Using 4 workers of 4 for evacuation
[2019-04-15T15:38:53.255+0200][5377,775s] GC(1478) ParNew: 109248K->21824K(109248K)
[2019-04-15T15:38:53.255+0200][5377,775s] GC(1478) CMS: 195120K->201932K(393216K)
[2019-04-15T15:38:53.255+0200][5377,775s] GC(1478) Metaspace: 84178K->84178K(1126400K)
[2019-04-15T15:38:53.255+0200][5377,775s] GC(1478) Pause Young (Allocation Failure) 297M->218M(490M) 19,106ms
[2019-04-15T15:38:53.255+0200][5377,775s] GC(1478) User=0,06s Sys=0,00s Real=0,02s
[2019-04-15T15:38:53.255+0200][5377,776s] GC(1479) Pause Initial Mark
[2019-04-15T15:38:53.258+0200][5377,779s] GC(1479) Pause Initial Mark 220M->220M(490M) 3,241ms
[2019-04-15T15:38:53.258+0200][5377,779s] GC(1479) User=0,01s Sys=0,00s Real=0,00s
[2019-04-15T15:38:53.259+0200][5377,779s] GC(1479) Concurrent Mark
[2019-04-15T15:38:53.259+0200][5377,779s] GC(1479) Using 4 workers of 4 for marking
[2019-04-15T15:38:53.317+0200][5377,837s] GC(1479) Concurrent Mark 58,354ms
[2019-04-15T15:38:53.317+0200][5377,837s] GC(1479) User=0,21s Sys=0,00s Real=0,06s
[2019-04-15T15:38:53.317+0200][5377,837s] GC(1479) Concurrent Preclean
[2019-04-15T15:38:53.318+0200][5377,838s] GC(1479) Concurrent Preclean 0,995ms
[2019-04-15T15:38:53.318+0200][5377,838s] GC(1479) User=0,00s Sys=0,00s Real=0,00s
[2019-04-15T15:38:53.318+0200][5377,838s] GC(1479) Concurrent Abortable Preclean
[2019-04-15T15:38:53.582+0200][5378,103s] GC(1480) Pause Young (Allocation Failure)
[2019-04-15T15:38:53.582+0200][5378,103s] GC(1480) Using 4 workers of 4 for evacuation
[2019-04-15T15:38:53.596+0200][5378,117s] GC(1480) ParNew: 109248K->21824K(109248K)
[2019-04-15T15:38:53.596+0200][5378,117s] GC(1480) CMS: 201932K->204439K(393216K)
[2019-04-15T15:38:53.596+0200][5378,117s] GC(1480) Metaspace: 84178K->84178K(1126400K)
[2019-04-15T15:38:53.596+0200][5378,117s] GC(1480) Pause Young (Allocation Failure) 303M->220M(490M) 14,016ms
[2019-04-15T15:38:53.596+0200][5378,117s] GC(1480) User=0,04s Sys=0,00s Real=0,02s
[2019-04-15T15:38:53.780+0200][5378,300s] GC(1479) Concurrent Abortable Preclean 461,845ms
[2019-04-15T15:38:53.780+0200][5378,300s] GC(1479) User=1,23s Sys=0,01s Real=0,46s
[2019-04-15T15:38:53.780+0200][5378,300s] GC(1479) Pause Remark
[2019-04-15T15:38:53.780+0200][5378,300s] GC(1481) Pause Young (CMS Final Remark)
[2019-04-15T15:38:53.780+0200][5378,301s] GC(1481) Using 4 workers of 4 for evacuation
[2019-04-15T15:38:53.798+0200][5378,318s] GC(1481) ParNew: 79165K->21824K(109248K)
[2019-04-15T15:38:53.798+0200][5378,318s] GC(1481) CMS: 204439K->205861K(393216K)
[2019-04-15T15:38:53.798+0200][5378,318s] GC(1481) Metaspace: 84178K->84178K(1126400K)
[2019-04-15T15:38:53.798+0200][5378,318s] GC(1481) Pause Young (CMS Final Remark) 276M->222M(490M) 17,795ms
[2019-04-15T15:38:53.798+0200][5378,318s] GC(1481) User=0,05s Sys=0,00s Real=0,02s
[2019-04-15T15:38:53.842+0200][5378,362s] GC(1479) Pause Remark 276M->222M(490M) 61,523ms
[2019-04-15T15:38:53.842+0200][5378,362s] GC(1479) User=0,12s Sys=0,00s Real=0,06s
[2019-04-15T15:38:53.842+0200][5378,362s] GC(1479) Concurrent Sweep
[2019-04-15T15:38:53.968+0200][5378,488s] GC(1479) Concurrent Sweep 126,015ms
[2019-04-15T15:38:53.968+0200][5378,488s] GC(1479) User=0,32s Sys=0,00s Real=0,13s
[2019-04-15T15:38:53.968+0200][5378,488s] GC(1479) Concurrent Reset
[2019-04-15T15:38:53.968+0200][5378,489s] GC(1479) Concurrent Reset 0,434ms
[2019-04-15T15:38:53.968+0200][5378,489s] GC(1479) User=0,00s Sys=0,00s Real=0,00s
[2019-04-15T15:38:53.968+0200][5378,489s] GC(1479) Old: 201932K->155453K(393216K)
[2019-04-15T15:38:54.129+0200][5378,649s] GC(1482) Pause Young (Allocation Failure)
[2019-04-15T15:38:54.129+0200][5378,649s] GC(1482) Using 4 workers of 4 for evacuation
[2019-04-15T15:38:54.147+0200][5378,668s] GC(1482) ParNew: 109248K->21824K(109248K)
[2019-04-15T15:38:54.147+0200][5378,668s] GC(1482) CMS: 155453K->159698K(393216K)
[2019-04-15T15:38:54.147+0200][5378,668s] GC(1482) Metaspace: 84178K->84178K(1126400K)
[2019-04-15T15:38:54.147+0200][5378,668s] GC(1482) Pause Young (Allocation Failure) 258M->177M(490M) 18,278ms
[2019-04-15T15:38:54.147+0200][5378,668s] GC(1482) User=0,07s Sys=0,00s Real=0,02s
[2019-04-15T15:38:54.412+0200][5378,932s] GC(1483) Pause Young (Allocation Failure)
[2019-04-15T15:38:54.412+0200][5378,932s] GC(1483) Using 4 workers of 4 for evacuation
[2019-04-15T15:38:54.430+0200][5378,950s] GC(1483) ParNew: 109248K->21824K(109248K)
[2019-04-15T15:38:54.430+0200][5378,950s] GC(1483) CMS: 159698K->168651K(393216K)
[2019-04-15T15:38:54.430+0200][5378,950s] GC(1483) Metaspace: 84178K->84178K(1126400K)
[2019-04-15T15:38:54.430+0200][5378,950s] GC(1483) Pause Young (Allocation Failure) 262M->186M(490M) 17,870ms
[2019-04-15T15:38:54.430+0200][5378,950s] GC(1483) User=0,06s Sys=0,00s Real=0,02s
[2019-04-15T15:38:54.688+0200][5379,209s] GC(1484) Pause Young (Allocation Failure)
[2019-04-15T15:38:54.688+0200][5379,209s] GC(1484) Using 4 workers of 4 for evacuation
[2019-04-15T15:38:54.702+0200][5379,223s] GC(1484) ParNew: 109248K->21824K(109248K)
[2019-04-15T15:38:54.702+0200][5379,223s] GC(1484) CMS: 168651K->169644K(393216K)
[2019-04-15T15:38:54.702+0200][5379,223s] GC(1484) Metaspace: 84178K->84178K(1126400K)
[2019-04-15T15:38:54.702+0200][5379,223s] GC(1484) Pause Young (Allocation Failure) 271M->186M(490M) 14,163ms
[2019-04-15T15:38:54.702+0200][5379,223s] GC(1484) User=0,05s Sys=0,00s Real=0,01s
[2019-04-15T15:38:54.925+0200][5379,445s] GC(1485) Pause Young (Allocation Failure)
[2019-04-15T15:38:54.925+0200][5379,445s] GC(1485) Using 4 workers of 4 for evacuation
[2019-04-15T15:38:54.942+0200][5379,463s] GC(1485) ParNew: 109248K->21824K(109248K)
[2019-04-15T15:38:54.942+0200][5379,463s] GC(1485) CMS: 169644K->173661K(393216K)
[2019-04-15T15:38:54.942+0200][5379,463s] GC(1485) Metaspace: 84178K->84178K(1126400K)
[2019-04-15T15:38:54.942+0200][5379,463s] GC(1485) Pause Young (Allocation Failure) 272M->190M(490M) 17,595ms
[2019-04-15T15:38:54.942+0200][5379,463s] GC(1485) User=0,06s Sys=0,00s Real=0,02s
[2019-04-15T15:38:55.179+0200][5379,700s] GC(1486) Pause Young (Allocation Failure)
[2019-04-15T15:38:55.179+0200][5379,700s] GC(1486) Using 4 workers of 4 for evacuation
[2019-04-15T15:38:55.195+0200][5379,715s] GC(1486) ParNew: 109248K->21824K(109248K)
[2019-04-15T15:38:55.195+0200][5379,715s] GC(1486) CMS: 173661K->177328K(393216K)
[2019-04-15T15:38:55.195+0200][5379,715s] GC(1486) Metaspace: 84178K->84178K(1126400K)
[2019-04-15T15:38:55.195+0200][5379,716s] GC(1486) Pause Young (Allocation Failure) 276M->194M(490M) 15,779ms
[2019-04-15T15:38:55.195+0200][5379,716s] GC(1486) User=0,06s Sys=0,00s Real=0,02s
[2019-04-15T15:38:55.471+0200][5379,991s] GC(1487) Pause Young (Allocation Failure)
[2019-04-15T15:38:55.471+0200][5379,991s] GC(1487) Using 4 workers of 4 for evacuation
[2019-04-15T15:38:55.496+0200][5380,017s] GC(1487) ParNew: 109248K->21824K(109248K)
[2019-04-15T15:38:55.496+0200][5380,017s] GC(1487) CMS: 177328K->183764K(393216K)
[2019-04-15T15:38:55.496+0200][5380,017s] GC(1487) Metaspace: 84179K->84179K(1126400K)
[2019-04-15T15:38:55.496+0200][5380,017s] GC(1487) Pause Young (Allocation Failure) 279M->200M(490M) 25,963ms
[2019-04-15T15:38:55.497+0200][5380,017s] GC(1487) User=0,07s Sys=0,00s Real=0,03s
[2019-04-15T15:38:55.777+0200][5380,298s] GC(1488) Pause Young (Allocation Failure)
[2019-04-15T15:38:55.777+0200][5380,298s] GC(1488) Using 4 workers of 4 for evacuation
[2019-04-15T15:38:55.793+0200][5380,314s] GC(1488) ParNew: 109248K->21824K(109248K)
[2019-04-15T15:38:55.793+0200][5380,314s] GC(1488) CMS: 183764K->185484K(393216K)
[2019-04-15T15:38:55.793+0200][5380,314s] GC(1488) Metaspace: 84179K->84179K(1126400K)
[2019-04-15T15:38:55.793+0200][5380,314s] GC(1488) Pause Young (Allocation Failure) 286M->202M(490M) 16,172ms
[2019-04-15T15:38:55.793+0200][5380,314s] GC(1488) User=0,06s Sys=0,00s Real=0,02s
[2019-04-15T15:38:56.085+0200][5380,605s] GC(1489) Pause Young (Allocation Failure)
[2019-04-15T15:38:56.085+0200][5380,605s] GC(1489) Using 4 workers of 4 for evacuation
[2019-04-15T15:38:56.103+0200][5380,624s] GC(1489) ParNew: 109248K->21824K(109248K)
[2019-04-15T15:38:56.103+0200][5380,624s] GC(1489) CMS: 185484K->190661K(393216K)
[2019-04-15T15:38:56.103+0200][5380,624s] GC(1489) Metaspace: 84179K->84179K(1126400K)
[2019-04-15T15:38:56.103+0200][5380,624s] GC(1489) Pause Young (Allocation Failure) 287M->207M(490M) 18,450ms
[2019-04-15T15:38:56.103+0200][5380,624s] GC(1489) User=0,06s Sys=0,00s Real=0,01s
[2019-04-15T15:38:56.381+0200][5380,901s] GC(1490) Pause Young (Allocation Failure)
[2019-04-15T15:38:56.381+0200][5380,901s] GC(1490) Using 4 workers of 4 for evacuation
[2019-04-15T15:38:56.399+0200][5380,920s] GC(1490) ParNew: 109248K->21824K(109248K)
[2019-04-15T15:38:56.399+0200][5380,920s] GC(1490) CMS: 190661K->195726K(393216K)
[2019-04-15T15:38:56.399+0200][5380,920s] GC(1490) Metaspace: 84179K->84179K(1126400K)
[2019-04-15T15:38:56.399+0200][5380,920s] GC(1490) Pause Young (Allocation Failure) 292M->212M(490M) 18,247ms
[2019-04-15T15:38:56.399+0200][5380,920s] GC(1490) User=0,06s Sys=0,00s Real=0,02s
[2019-04-15T15:38:56.684+0200][5381,204s] GC(1491) Pause Young (Allocation Failure)
[2019-04-15T15:38:56.684+0200][5381,204s] GC(1491) Using 4 workers of 4 for evacuation
[2019-04-15T15:38:56.703+0200][5381,224s] GC(1491) ParNew: 109248K->21824K(109248K)
[2019-04-15T15:38:56.703+0200][5381,224s] GC(1491) CMS: 195726K->199059K(393216K)
[2019-04-15T15:38:56.703+0200][5381,224s] GC(1491) Metaspace: 84179K->84179K(1126400K)
[2019-04-15T15:38:56.703+0200][5381,224s] GC(1491) Pause Young (Allocation Failure) 297M->215M(490M) 19,352ms
[2019-04-15T15:38:56.703+0200][5381,224s] GC(1491) User=0,06s Sys=0,00s Real=0,02s
[2019-04-15T15:38:56.703+0200][5381,224s] GC(1492) Pause Initial Mark
[2019-04-15T15:38:56.707+0200][5381,228s] GC(1492) Pause Initial Mark 216M->216M(490M) 3,856ms
[2019-04-15T15:38:56.707+0200][5381,228s] GC(1492) User=0,01s Sys=0,00s Real=0,01s
[2019-04-15T15:38:56.707+0200][5381,228s] GC(1492) Concurrent Mark
[2019-04-15T15:38:56.707+0200][5381,228s] GC(1492) Using 4 workers of 4 for marking
[2019-04-15T15:38:56.777+0200][5381,297s] GC(1492) Concurrent Mark 69,629ms
[2019-04-15T15:38:56.777+0200][5381,297s] GC(1492) User=0,27s Sys=0,00s Real=0,07s
[2019-04-15T15:38:56.777+0200][5381,298s] GC(1492) Concurrent Preclean
[2019-04-15T15:38:56.779+0200][5381,299s] GC(1492) Concurrent Preclean 1,802ms
[2019-04-15T15:38:56.779+0200][5381,299s] GC(1492) User=0,00s Sys=0,00s Real=0,00s
[2019-04-15T15:38:56.779+0200][5381,299s] GC(1492) Concurrent Abortable Preclean
[2019-04-15T15:38:57.178+0200][5381,698s] GC(1493) Pause Young (Allocation Failure)
[2019-04-15T15:38:57.178+0200][5381,698s] GC(1493) Using 4 workers of 4 for evacuation
[2019-04-15T15:38:57.197+0200][5381,718s] GC(1493) ParNew: 109248K->21824K(109248K)
[2019-04-15T15:38:57.197+0200][5381,718s] GC(1493) CMS: 199059K->206569K(393216K)
[2019-04-15T15:38:57.197+0200][5381,718s] GC(1493) Metaspace: 84179K->84179K(1126400K)
[2019-04-15T15:38:57.197+0200][5381,718s] GC(1493) Pause Young (Allocation Failure) 301M->223M(490M) 19,658ms
[2019-04-15T15:38:57.197+0200][5381,718s] GC(1493) User=0,07s Sys=0,00s Real=0,02s
[2019-04-15T15:38:57.421+0200][5381,942s] GC(1492) Concurrent Abortable Preclean 642,220ms
[2019-04-15T15:38:57.421+0200][5381,942s] GC(1492) User=1,73s Sys=0,02s Real=0,64s
[2019-04-15T15:38:57.421+0200][5381,942s] GC(1492) Pause Remark
[2019-04-15T15:38:57.421+0200][5381,942s] GC(1494) Pause Young (CMS Final Remark)
[2019-04-15T15:38:57.421+0200][5381,942s] GC(1494) Using 4 workers of 4 for evacuation
[2019-04-15T15:38:57.442+0200][5381,962s] GC(1494) ParNew: 70683K->21824K(109248K)
[2019-04-15T15:38:57.442+0200][5381,962s] GC(1494) CMS: 206569K->210401K(393216K)
[2019-04-15T15:38:57.442+0200][5381,962s] GC(1494) Metaspace: 84179K->84179K(1126400K)
[2019-04-15T15:38:57.442+0200][5381,962s] GC(1494) Pause Young (CMS Final Remark) 270M->226M(490M) 20,493ms
[2019-04-15T15:38:57.442+0200][5381,962s] GC(1494) User=0,06s Sys=0,00s Real=0,02s
[2019-04-15T15:38:57.491+0200][5382,011s] GC(1492) Pause Remark 270M->226M(490M) 69,335ms
[2019-04-15T15:38:57.491+0200][5382,011s] GC(1492) User=0,13s Sys=0,00s Real=0,07s
[2019-04-15T15:38:57.491+0200][5382,011s] GC(1492) Concurrent Sweep
[2019-04-15T15:38:57.546+0200][5382,067s] GC(1492) Concurrent Sweep 55,649ms
[2019-04-15T15:38:57.546+0200][5382,067s] GC(1492) User=0,14s Sys=0,01s Real=0,06s
[2019-04-15T15:38:57.546+0200][5382,067s] GC(1492) Concurrent Reset
[2019-04-15T15:38:57.547+0200][5382,067s] GC(1492) Concurrent Reset 0,397ms
[2019-04-15T15:38:57.547+0200][5382,067s] GC(1492) User=0,00s Sys=0,00s Real=0,00s
[2019-04-15T15:38:57.547+0200][5382,067s] GC(1492) Old: 199059K->199127K(393216K)
[2019-04-15T15:38:57.799+0200][5382,319s] GC(1495) Pause Young (Allocation Failure)
[2019-04-15T15:38:57.799+0200][5382,319s] GC(1495) Using 4 workers of 4 for evacuation
[2019-04-15T15:38:57.817+0200][5382,337s] GC(1495) ParNew: 109248K->21824K(109248K)
[2019-04-15T15:38:57.817+0200][5382,337s] GC(1495) CMS: 199127K->203489K(393216K)
[2019-04-15T15:38:57.817+0200][5382,337s] GC(1495) Metaspace: 84179K->84179K(1126400K)
[2019-04-15T15:38:57.817+0200][5382,337s] GC(1495) Pause Young (Allocation Failure) 301M->220M(490M) 18,259ms
[2019-04-15T15:38:57.817+0200][5382,337s] GC(1495) User=0,06s Sys=0,00s Real=0,02s
[2019-04-15T15:38:57.817+0200][5382,337s] GC(1496) Pause Initial Mark
[2019-04-15T15:38:57.819+0200][5382,340s] GC(1496) Pause Initial Mark 221M->221M(490M) 2,013ms
[2019-04-15T15:38:57.819+0200][5382,340s] GC(1496) User=0,01s Sys=0,00s Real=0,00s
[2019-04-15T15:38:57.819+0200][5382,340s] GC(1496) Concurrent Mark
[2019-04-15T15:38:57.819+0200][5382,340s] GC(1496) Using 4 workers of 4 for marking
[2019-04-15T15:38:57.909+0200][5382,430s] GC(1496) Concurrent Mark 89,984ms
[2019-04-15T15:38:57.909+0200][5382,430s] GC(1496) User=0,32s Sys=0,00s Real=0,09s
[2019-04-15T15:38:57.909+0200][5382,430s] GC(1496) Concurrent Preclean
[2019-04-15T15:38:57.914+0200][5382,435s] GC(1496) Concurrent Preclean 4,900ms
[2019-04-15T15:38:57.914+0200][5382,435s] GC(1496) User=0,02s Sys=0,00s Real=0,01s
[2019-04-15T15:38:57.914+0200][5382,435s] GC(1496) Concurrent Abortable Preclean
[2019-04-15T15:38:58.221+0200][5382,742s] GC(1497) Pause Young (Allocation Failure)
[2019-04-15T15:38:58.221+0200][5382,742s] GC(1497) Using 4 workers of 4 for evacuation
[2019-04-15T15:38:58.237+0200][5382,758s] GC(1497) ParNew: 109248K->21824K(109248K)
[2019-04-15T15:38:58.238+0200][5382,758s] GC(1497) CMS: 203489K->206966K(393216K)
[2019-04-15T15:38:58.238+0200][5382,758s] GC(1497) Metaspace: 84179K->84179K(1126400K)
[2019-04-15T15:38:58.238+0200][5382,758s] GC(1497) Pause Young (Allocation Failure) 305M->223M(490M) 16,222ms
[2019-04-15T15:38:58.238+0200][5382,758s] GC(1497) User=0,06s Sys=0,00s Real=0,02s
[2019-04-15T15:38:58.445+0200][5382,965s] GC(1496) Concurrent Abortable Preclean 530,888ms
[2019-04-15T15:38:58.445+0200][5382,965s] GC(1496) User=1,54s Sys=0,02s Real=0,53s
[2019-04-15T15:38:58.445+0200][5382,966s] GC(1496) Pause Remark
[2019-04-15T15:38:58.445+0200][5382,966s] GC(1498) Pause Young (CMS Final Remark)
[2019-04-15T15:38:58.445+0200][5382,966s] GC(1498) Using 4 workers of 4 for evacuation
[2019-04-15T15:38:58.463+0200][5382,983s] GC(1498) ParNew: 71503K->21824K(109248K)
[2019-04-15T15:38:58.463+0200][5382,983s] GC(1498) CMS: 206966K->210467K(393216K)
[2019-04-15T15:38:58.463+0200][5382,983s] GC(1498) Metaspace: 84179K->84179K(1126400K)
[2019-04-15T15:38:58.463+0200][5382,983s] GC(1498) Pause Young (CMS Final Remark) 271M->226M(490M) 17,617ms
[2019-04-15T15:38:58.463+0200][5382,983s] GC(1498) User=0,05s Sys=0,00s Real=0,01s
[2019-04-15T15:38:58.513+0200][5383,034s] GC(1496) Pause Remark 271M->226M(490M) 68,024ms
[2019-04-15T15:38:58.513+0200][5383,034s] GC(1496) User=0,13s Sys=0,00s Real=0,07s
[2019-04-15T15:38:58.513+0200][5383,034s] GC(1496) Concurrent Sweep
[2019-04-15T15:38:58.550+0200][5383,070s] GC(1496) Concurrent Sweep 36,494ms
[2019-04-15T15:38:58.550+0200][5383,070s] GC(1496) User=0,11s Sys=0,00s Real=0,03s
[2019-04-15T15:38:58.550+0200][5383,070s] GC(1496) Concurrent Reset
[2019-04-15T15:38:58.550+0200][5383,071s] GC(1496) Concurrent Reset 0,318ms
[2019-04-15T15:38:58.550+0200][5383,071s] GC(1496) User=0,00s Sys=0,00s Real=0,00s
[2019-04-15T15:38:58.550+0200][5383,071s] GC(1496) Old: 203489K->206233K(393216K)
[2019-04-15T15:38:58.805+0200][5383,325s] GC(1499) Pause Young (Allocation Failure)
[2019-04-15T15:38:58.805+0200][5383,325s] GC(1499) Using 4 workers of 4 for evacuation
[2019-04-15T15:38:58.822+0200][5383,343s] GC(1499) ParNew: 109248K->21824K(109248K)
[2019-04-15T15:38:58.822+0200][5383,343s] GC(1499) CMS: 206233K->210801K(393216K)
[2019-04-15T15:38:58.822+0200][5383,343s] GC(1499) Metaspace: 84179K->84179K(1126400K)
[2019-04-15T15:38:58.822+0200][5383,343s] GC(1499) Pause Young (Allocation Failure) 308M->227M(490M) 17,909ms
[2019-04-15T15:38:58.822+0200][5383,343s] GC(1499) User=0,06s Sys=0,00s Real=0,02s
[2019-04-15T15:38:58.823+0200][5383,343s] GC(1500) Pause Initial Mark
[2019-04-15T15:38:58.825+0200][5383,345s] GC(1500) Pause Initial Mark 228M->228M(490M) 2,240ms
[2019-04-15T15:38:58.825+0200][5383,345s] GC(1500) User=0,01s Sys=0,00s Real=0,01s
[2019-04-15T15:38:58.825+0200][5383,345s] GC(1500) Concurrent Mark
[2019-04-15T15:38:58.825+0200][5383,345s] GC(1500) Using 4 workers of 4 for marking
[2019-04-15T15:38:59.008+0200][5383,529s] GC(1500) Concurrent Mark 183,342ms
[2019-04-15T15:38:59.008+0200][5383,529s] GC(1500) User=0,56s Sys=0,01s Real=0,18s
[2019-04-15T15:38:59.008+0200][5383,529s] GC(1500) Concurrent Preclean
[2019-04-15T15:38:59.017+0200][5383,537s] GC(1500) Concurrent Preclean 8,389ms
[2019-04-15T15:38:59.017+0200][5383,537s] GC(1500) User=0,02s Sys=0,00s Real=0,01s
[2019-04-15T15:38:59.017+0200][5383,537s] GC(1500) Concurrent Abortable Preclean
[2019-04-15T15:38:59.297+0200][5383,817s] GC(1501) Pause Young (Allocation Failure)
[2019-04-15T15:38:59.297+0200][5383,817s] GC(1501) Using 4 workers of 4 for evacuation
[2019-04-15T15:38:59.327+0200][5383,847s] GC(1501) ParNew: 109248K->21824K(109248K)
[2019-04-15T15:38:59.327+0200][5383,847s] GC(1501) CMS: 210801K->220535K(393216K)
[2019-04-15T15:38:59.327+0200][5383,847s] GC(1501) Metaspace: 84179K->84179K(1126400K)
[2019-04-15T15:38:59.327+0200][5383,847s] GC(1501) Pause Young (Allocation Failure) 312M->236M(490M) 30,215ms
[2019-04-15T15:38:59.327+0200][5383,847s] GC(1501) User=0,08s Sys=0,00s Real=0,03s
[2019-04-15T15:38:59.579+0200][5384,100s] GC(1500) Concurrent Abortable Preclean 562,442ms
[2019-04-15T15:38:59.579+0200][5384,100s] GC(1500) User=1,40s Sys=0,04s Real=0,56s
[2019-04-15T15:38:59.582+0200][5384,103s] GC(1500) Pause Remark
[2019-04-15T15:38:59.582+0200][5384,103s] GC(1502) Pause Young (CMS Final Remark)
[2019-04-15T15:38:59.582+0200][5384,103s] GC(1502) Using 4 workers of 4 for evacuation
[2019-04-15T15:38:59.613+0200][5384,133s] GC(1502) ParNew: 75835K->21824K(109248K)
[2019-04-15T15:38:59.613+0200][5384,133s] GC(1502) CMS: 220535K->222538K(393216K)
[2019-04-15T15:38:59.613+0200][5384,133s] GC(1502) Metaspace: 84179K->84179K(1126400K)
[2019-04-15T15:38:59.613+0200][5384,133s] GC(1502) Pause Young (CMS Final Remark) 289M->238M(490M) 30,539ms
[2019-04-15T15:38:59.613+0200][5384,133s] GC(1502) User=0,06s Sys=0,01s Real=0,03s
[2019-04-15T15:38:59.667+0200][5384,187s] GC(1500) Pause Remark 289M->238M(490M) 84,592ms
[2019-04-15T15:38:59.667+0200][5384,187s] GC(1500) User=0,14s Sys=0,01s Real=0,09s
[2019-04-15T15:38:59.667+0200][5384,187s] GC(1500) Concurrent Sweep
[2019-04-15T15:38:59.764+0200][5384,285s] GC(1500) Concurrent Sweep 97,284ms
[2019-04-15T15:38:59.764+0200][5384,285s] GC(1500) User=0,24s Sys=0,01s Real=0,09s
[2019-04-15T15:38:59.764+0200][5384,285s] GC(1500) Concurrent Reset
[2019-04-15T15:38:59.765+0200][5384,285s] GC(1500) Concurrent Reset 0,613ms
[2019-04-15T15:38:59.765+0200][5384,285s] GC(1500) User=0,00s Sys=0,00s Real=0,01s
[2019-04-15T15:38:59.765+0200][5384,285s] GC(1500) Old: 210801K->217707K(393216K)
[2019-04-15T15:38:59.936+0200][5384,456s] GC(1503) Pause Young (Allocation Failure)
[2019-04-15T15:38:59.936+0200][5384,456s] GC(1503) Using 4 workers of 4 for evacuation
[2019-04-15T15:38:59.956+0200][5384,476s] GC(1503) ParNew: 109248K->21824K(109248K)
[2019-04-15T15:38:59.956+0200][5384,476s] GC(1503) CMS: 217707K->220183K(393216K)
[2019-04-15T15:38:59.956+0200][5384,476s] GC(1503) Metaspace: 84179K->84179K(1126400K)
[2019-04-15T15:38:59.956+0200][5384,476s] GC(1503) Pause Young (Allocation Failure) 319M->236M(490M) 20,143ms
[2019-04-15T15:38:59.956+0200][5384,476s] GC(1503) User=0,04s Sys=0,00s Real=0,02s
[2019-04-15T15:38:59.956+0200][5384,477s] GC(1504) Pause Initial Mark
[2019-04-15T15:38:59.959+0200][5384,480s] GC(1504) Pause Initial Mark 237M->237M(490M) 3,129ms
[2019-04-15T15:38:59.959+0200][5384,480s] GC(1504) User=0,01s Sys=0,00s Real=0,00s
[2019-04-15T15:38:59.960+0200][5384,480s] GC(1504) Concurrent Mark
[2019-04-15T15:38:59.960+0200][5384,480s] GC(1504) Using 4 workers of 4 for marking
[2019-04-15T15:39:00.129+0200][5384,649s] GC(1504) Concurrent Mark 169,404ms
[2019-04-15T15:39:00.129+0200][5384,649s] GC(1504) User=0,39s Sys=0,00s Real=0,17s
[2019-04-15T15:39:00.129+0200][5384,649s] GC(1504) Concurrent Preclean
[2019-04-15T15:39:00.131+0200][5384,651s] GC(1504) Concurrent Preclean 1,881ms
[2019-04-15T15:39:00.131+0200][5384,651s] GC(1504) User=0,01s Sys=0,00s Real=0,00s
[2019-04-15T15:39:00.131+0200][5384,651s] GC(1504) Concurrent Abortable Preclean
[2019-04-15T15:39:00.473+0200][5384,994s] GC(1505) Pause Young (Allocation Failure)
[2019-04-15T15:39:00.473+0200][5384,994s] GC(1505) Using 4 workers of 4 for evacuation
[2019-04-15T15:39:00.499+0200][5385,019s] GC(1505) ParNew: 109248K->21824K(109248K)
[2019-04-15T15:39:00.499+0200][5385,019s] GC(1505) CMS: 220183K->221420K(393216K)
[2019-04-15T15:39:00.499+0200][5385,019s] GC(1505) Metaspace: 84181K->84181K(1126400K)
[2019-04-15T15:39:00.499+0200][5385,019s] GC(1505) Pause Young (Allocation Failure) 321M->237M(490M) 25,491ms
[2019-04-15T15:39:00.499+0200][5385,019s] GC(1505) User=0,06s Sys=0,00s Real=0,02s
[2019-04-15T15:39:00.755+0200][5385,276s] GC(1504) Concurrent Abortable Preclean 624,567ms
[2019-04-15T15:39:00.756+0200][5385,276s] GC(1504) User=1,55s Sys=0,05s Real=0,63s
[2019-04-15T15:39:00.756+0200][5385,276s] GC(1504) Pause Remark
[2019-04-15T15:39:00.756+0200][5385,276s] GC(1506) Pause Young (CMS Final Remark)
[2019-04-15T15:39:00.756+0200][5385,276s] GC(1506) Using 4 workers of 4 for evacuation
[2019-04-15T15:39:00.778+0200][5385,299s] GC(1506) ParNew: 73970K->21824K(109248K)
[2019-04-15T15:39:00.778+0200][5385,299s] GC(1506) CMS: 221420K->225264K(393216K)
[2019-04-15T15:39:00.778+0200][5385,299s] GC(1506) Metaspace: 84188K->84188K(1126400K)
[2019-04-15T15:39:00.778+0200][5385,299s] GC(1506) Pause Young (CMS Final Remark) 288M->241M(490M) 22,718ms
[2019-04-15T15:39:00.778+0200][5385,299s] GC(1506) User=0,05s Sys=0,00s Real=0,02s
[2019-04-15T15:39:00.842+0200][5385,362s] GC(1504) Pause Remark 288M->241M(490M) 85,954ms
[2019-04-15T15:39:00.842+0200][5385,362s] GC(1504) User=0,13s Sys=0,00s Real=0,08s
[2019-04-15T15:39:00.842+0200][5385,362s] GC(1504) Concurrent Sweep
[2019-04-15T15:39:00.966+0200][5385,486s] GC(1504) Concurrent Sweep 124,043ms
[2019-04-15T15:39:00.966+0200][5385,486s] GC(1504) User=0,38s Sys=0,00s Real=0,13s
[2019-04-15T15:39:00.966+0200][5385,486s] GC(1504) Concurrent Reset
[2019-04-15T15:39:00.966+0200][5385,487s] GC(1504) Concurrent Reset 0,462ms
[2019-04-15T15:39:00.966+0200][5385,487s] GC(1504) User=0,00s Sys=0,00s Real=0,00s
[2019-04-15T15:39:00.966+0200][5385,487s] GC(1504) Old: 220183K->220218K(393216K)
[2019-04-15T15:39:01.205+0200][5385,725s] GC(1507) Pause Young (Allocation Failure)
[2019-04-15T15:39:01.205+0200][5385,725s] GC(1507) Using 4 workers of 4 for evacuation
[2019-04-15T15:39:01.216+0200][5385,737s] GC(1507) ParNew: 109248K->21824K(109248K)
[2019-04-15T15:39:01.216+0200][5385,737s] GC(1507) CMS: 220218K->225100K(393216K)
[2019-04-15T15:39:01.216+0200][5385,737s] GC(1507) Metaspace: 84188K->84188K(1126400K)
[2019-04-15T15:39:01.216+0200][5385,737s] GC(1507) Pause Young (Allocation Failure) 321M->241M(490M) 11,933ms
[2019-04-15T15:39:01.217+0200][5385,737s] GC(1507) User=0,04s Sys=0,00s Real=0,02s
[2019-04-15T15:39:01.217+0200][5385,737s] GC(1508) Pause Initial Mark
[2019-04-15T15:39:01.220+0200][5385,740s] GC(1508) Pause Initial Mark 241M->241M(490M) 2,940ms
[2019-04-15T15:39:01.220+0200][5385,740s] GC(1508) User=0,00s Sys=0,00s Real=0,00s
[2019-04-15T15:39:01.220+0200][5385,740s] GC(1508) Concurrent Mark
[2019-04-15T15:39:01.220+0200][5385,740s] GC(1508) Using 4 workers of 4 for marking
[2019-04-15T15:39:01.326+0200][5385,846s] GC(1508) Concurrent Mark 105,966ms
[2019-04-15T15:39:01.326+0200][5385,846s] GC(1508) User=0,36s Sys=0,01s Real=0,11s
[2019-04-15T15:39:01.326+0200][5385,846s] GC(1508) Concurrent Preclean
[2019-04-15T15:39:01.327+0200][5385,848s] GC(1508) Concurrent Preclean 1,525ms
[2019-04-15T15:39:01.327+0200][5385,848s] GC(1508) User=0,00s Sys=0,00s Real=0,00s
[2019-04-15T15:39:01.327+0200][5385,848s] GC(1508) Concurrent Abortable Preclean
[2019-04-15T15:39:01.595+0200][5386,116s] GC(1509) Pause Young (Allocation Failure)
[2019-04-15T15:39:01.595+0200][5386,116s] GC(1509) Using 4 workers of 4 for evacuation
[2019-04-15T15:39:01.607+0200][5386,128s] GC(1509) ParNew: 109248K->16814K(109248K)
[2019-04-15T15:39:01.607+0200][5386,128s] GC(1509) CMS: 225100K->226921K(393216K)
[2019-04-15T15:39:01.607+0200][5386,128s] GC(1509) Metaspace: 84188K->84188K(1126400K)
[2019-04-15T15:39:01.607+0200][5386,128s] GC(1509) Pause Young (Allocation Failure) 326M->238M(490M) 12,025ms
[2019-04-15T15:39:01.607+0200][5386,128s] GC(1509) User=0,04s Sys=0,00s Real=0,01s
[2019-04-15T15:39:01.888+0200][5386,409s] GC(1508) Concurrent Abortable Preclean 560,803ms
[2019-04-15T15:39:01.888+0200][5386,409s] GC(1508) User=1,28s Sys=0,03s Real=0,56s
[2019-04-15T15:39:01.888+0200][5386,409s] GC(1508) Pause Remark
[2019-04-15T15:39:01.888+0200][5386,409s] GC(1510) Pause Young (CMS Final Remark)
[2019-04-15T15:39:01.888+0200][5386,409s] GC(1510) Using 4 workers of 4 for evacuation
[2019-04-15T15:39:01.901+0200][5386,421s] GC(1510) ParNew: 103917K->14465K(109248K)
[2019-04-15T15:39:01.901+0200][5386,422s] GC(1510) CMS: 226921K->228758K(393216K)
[2019-04-15T15:39:01.901+0200][5386,422s] GC(1510) Metaspace: 84189K->84189K(1126400K)
[2019-04-15T15:39:01.901+0200][5386,422s] GC(1510) Pause Young (CMS Final Remark) 323M->237M(490M) 12,740ms
[2019-04-15T15:39:01.901+0200][5386,422s] GC(1510) User=0,04s Sys=0,00s Real=0,01s
[2019-04-15T15:39:01.987+0200][5386,507s] GC(1508) Pause Remark 323M->237M(490M) 98,254ms
[2019-04-15T15:39:01.987+0200][5386,507s] GC(1508) User=0,13s Sys=0,00s Real=0,10s
[2019-04-15T15:39:01.988+0200][5386,509s] GC(1508) Concurrent Sweep
[2019-04-15T15:39:02.139+0200][5386,659s] GC(1508) Concurrent Sweep 150,199ms
[2019-04-15T15:39:02.139+0200][5386,659s] GC(1508) User=0,30s Sys=0,00s Real=0,15s
[2019-04-15T15:39:02.139+0200][5386,659s] GC(1508) Concurrent Reset
[2019-04-15T15:39:02.139+0200][5386,660s] GC(1508) Concurrent Reset 0,722ms
[2019-04-15T15:39:02.139+0200][5386,660s] GC(1508) User=0,01s Sys=0,00s Real=0,00s
[2019-04-15T15:39:02.139+0200][5386,660s] GC(1508) Old: 225100K->227848K(393216K)
[2019-04-15T15:39:02.390+0200][5386,910s] GC(1511) Pause Young (Allocation Failure)
[2019-04-15T15:39:02.390+0200][5386,910s] GC(1511) Using 4 workers of 4 for evacuation
[2019-04-15T15:39:02.418+0200][5386,938s] GC(1511) ParNew: 101889K->15024K(109248K)
[2019-04-15T15:39:02.418+0200][5386,938s] GC(1511) CMS: 227848K->231160K(393216K)
[2019-04-15T15:39:02.418+0200][5386,938s] GC(1511) Metaspace: 84189K->84189K(1126400K)
[2019-04-15T15:39:02.418+0200][5386,938s] GC(1511) Pause Young (Allocation Failure) 322M->240M(490M) 27,982ms
[2019-04-15T15:39:02.418+0200][5386,938s] GC(1511) User=0,06s Sys=0,00s Real=0,03s
[2019-04-15T15:39:02.421+0200][5386,941s] GC(1512) Pause Initial Mark
[2019-04-15T15:39:02.422+0200][5386,942s] GC(1512) Pause Initial Mark 241M->241M(490M) 0,821ms
[2019-04-15T15:39:02.422+0200][5386,942s] GC(1512) User=0,00s Sys=0,00s Real=0,00s
[2019-04-15T15:39:02.422+0200][5386,942s] GC(1512) Concurrent Mark
[2019-04-15T15:39:02.422+0200][5386,942s] GC(1512) Using 4 workers of 4 for marking
[2019-04-15T15:39:02.656+0200][5387,176s] GC(1512) Concurrent Mark 233,964ms
[2019-04-15T15:39:02.656+0200][5387,176s] GC(1512) User=0,55s Sys=0,02s Real=0,24s
[2019-04-15T15:39:02.656+0200][5387,176s] GC(1512) Concurrent Preclean
[2019-04-15T15:39:02.657+0200][5387,178s] GC(1512) Concurrent Preclean 1,560ms
[2019-04-15T15:39:02.657+0200][5387,178s] GC(1512) User=0,00s Sys=0,00s Real=0,00s
[2019-04-15T15:39:02.657+0200][5387,178s] GC(1512) Concurrent Abortable Preclean
[2019-04-15T15:39:02.931+0200][5387,451s] GC(1513) Pause Young (Allocation Failure)
[2019-04-15T15:39:02.931+0200][5387,451s] GC(1513) Using 4 workers of 4 for evacuation
[2019-04-15T15:39:02.948+0200][5387,469s] GC(1513) ParNew: 102448K->9644K(109248K)
[2019-04-15T15:39:02.948+0200][5387,469s] GC(1513) CMS: 231160K->232803K(393216K)
[2019-04-15T15:39:02.948+0200][5387,469s] GC(1513) Metaspace: 84189K->84189K(1126400K)
[2019-04-15T15:39:02.948+0200][5387,469s] GC(1513) Pause Young (Allocation Failure) 325M->236M(490M) 17,741ms
[2019-04-15T15:39:02.948+0200][5387,469s] GC(1513) User=0,03s Sys=0,00s Real=0,02s
[2019-04-15T15:39:03.169+0200][5387,689s] GC(1514) Pause Young (Allocation Failure)
[2019-04-15T15:39:03.169+0200][5387,689s] GC(1514) Using 4 workers of 4 for evacuation
[2019-04-15T15:39:03.173+0200][5387,693s] GC(1512) Concurrent Abortable Preclean 515,654ms
[2019-04-15T15:39:03.173+0200][5387,693s] GC(1512) User=0,98s Sys=0,03s Real=0,52s
[2019-04-15T15:39:03.181+0200][5387,702s] GC(1514) ParNew: 97068K->14541K(109248K)
[2019-04-15T15:39:03.181+0200][5387,702s] GC(1514) CMS: 232803K->233640K(393216K)
[2019-04-15T15:39:03.181+0200][5387,702s] GC(1514) Metaspace: 84191K->84191K(1126400K)
[2019-04-15T15:39:03.181+0200][5387,702s] GC(1514) Pause Young (Allocation Failure) 322M->242M(490M) 12,718ms
[2019-04-15T15:39:03.181+0200][5387,702s] GC(1514) User=0,04s Sys=0,00s Real=0,01s
[2019-04-15T15:39:03.182+0200][5387,702s] GC(1512) Pause Remark
[2019-04-15T15:39:03.182+0200][5387,702s] GC(1515) Pause Young (CMS Final Remark)
[2019-04-15T15:39:03.182+0200][5387,702s] GC(1515) Using 4 workers of 4 for evacuation
[2019-04-15T15:39:03.191+0200][5387,712s] GC(1515) ParNew: 16288K->7694K(109248K)
[2019-04-15T15:39:03.191+0200][5387,712s] GC(1515) CMS: 233640K->236855K(393216K)
[2019-04-15T15:39:03.191+0200][5387,712s] GC(1515) Metaspace: 84191K->84191K(1126400K)
[2019-04-15T15:39:03.191+0200][5387,712s] GC(1515) Pause Young (CMS Final Remark) 244M->238M(490M) 9,834ms
[2019-04-15T15:39:03.191+0200][5387,712s] GC(1515) User=0,02s Sys=0,00s Real=0,01s
[2019-04-15T15:39:03.232+0200][5387,753s] GC(1512) Pause Remark 244M->238M(490M) 50,507ms
[2019-04-15T15:39:03.232+0200][5387,753s] GC(1512) User=0,08s Sys=0,00s Real=0,05s
[2019-04-15T15:39:03.232+0200][5387,753s] GC(1512) Concurrent Sweep
[2019-04-15T15:39:03.332+0200][5387,852s] GC(1512) Concurrent Sweep 99,594ms
[2019-04-15T15:39:03.332+0200][5387,852s] GC(1512) User=0,34s Sys=0,01s Real=0,10s
[2019-04-15T15:39:03.332+0200][5387,852s] GC(1512) Concurrent Reset
[2019-04-15T15:39:03.333+0200][5387,853s] GC(1512) Concurrent Reset 0,619ms
[2019-04-15T15:39:03.333+0200][5387,853s] GC(1512) User=0,01s Sys=0,00s Real=0,00s
[2019-04-15T15:39:03.333+0200][5387,853s] GC(1512) Old: 231160K->235512K(393216K)
[2019-04-15T15:39:03.472+0200][5387,993s] GC(1516) Pause Young (Allocation Failure)
[2019-04-15T15:39:03.472+0200][5387,993s] GC(1516) Using 4 workers of 4 for evacuation
[2019-04-15T15:39:03.479+0200][5388,000s] GC(1516) ParNew: 95118K->10516K(109248K)
[2019-04-15T15:39:03.480+0200][5388,000s] GC(1516) CMS: 235512K->235789K(393216K)
[2019-04-15T15:39:03.480+0200][5388,000s] GC(1516) Metaspace: 84191K->84191K(1126400K)
[2019-04-15T15:39:03.480+0200][5388,000s] GC(1516) Pause Young (Allocation Failure) 322M->240M(490M) 7,412ms
[2019-04-15T15:39:03.480+0200][5388,000s] GC(1516) User=0,02s Sys=0,00s Real=0,01s
[2019-04-15T15:39:03.480+0200][5388,000s] GC(1517) Pause Initial Mark
[2019-04-15T15:39:03.480+0200][5388,001s] GC(1517) Pause Initial Mark 242M->242M(490M) 0,596ms
[2019-04-15T15:39:03.480+0200][5388,001s] GC(1517) User=0,00s Sys=0,00s Real=0,00s
[2019-04-15T15:39:03.480+0200][5388,001s] GC(1517) Concurrent Mark
[2019-04-15T15:39:03.480+0200][5388,001s] GC(1517) Using 4 workers of 4 for marking
[2019-04-15T15:39:03.642+0200][5388,162s] GC(1517) Concurrent Mark 161,345ms
[2019-04-15T15:39:03.642+0200][5388,162s] GC(1517) User=0,58s Sys=0,00s Real=0,16s
[2019-04-15T15:39:03.642+0200][5388,162s] GC(1517) Concurrent Preclean
[2019-04-15T15:39:03.643+0200][5388,164s] GC(1517) Concurrent Preclean 1,374ms
[2019-04-15T15:39:03.643+0200][5388,164s] GC(1517) User=0,01s Sys=0,00s Real=0,00s
[2019-04-15T15:39:03.643+0200][5388,164s] GC(1517) Concurrent Abortable Preclean
[2019-04-15T15:39:03.791+0200][5388,312s] GC(1518) Pause Young (Allocation Failure)
[2019-04-15T15:39:03.791+0200][5388,312s] GC(1518) Using 4 workers of 4 for evacuation
[2019-04-15T15:39:03.817+0200][5388,337s] GC(1518) ParNew: 97940K->8676K(109248K)
[2019-04-15T15:39:03.817+0200][5388,337s] GC(1518) CMS: 235789K->235901K(393216K)
[2019-04-15T15:39:03.817+0200][5388,337s] GC(1518) Metaspace: 84191K->84191K(1126400K)
[2019-04-15T15:39:03.817+0200][5388,337s] GC(1518) Pause Young (Allocation Failure) 325M->238M(490M) 25,215ms
[2019-04-15T15:39:03.817+0200][5388,337s] GC(1518) User=0,07s Sys=0,00s Real=0,03s
[2019-04-15T15:39:04.273+0200][5388,794s] GC(1517) Concurrent Abortable Preclean 630,061ms
[2019-04-15T15:39:04.273+0200][5388,794s] GC(1517) User=1,37s Sys=0,02s Real=0,64s
[2019-04-15T15:39:04.274+0200][5388,794s] GC(1517) Pause Remark
[2019-04-15T15:39:04.274+0200][5388,794s] GC(1519) Pause Young (CMS Final Remark)
[2019-04-15T15:39:04.274+0200][5388,794s] GC(1519) Using 4 workers of 4 for evacuation
[2019-04-15T15:39:04.279+0200][5388,800s] GC(1519) ParNew: 86309K->8990K(109248K)
[2019-04-15T15:39:04.279+0200][5388,800s] GC(1519) CMS: 235901K->236263K(393216K)
[2019-04-15T15:39:04.279+0200][5388,800s] GC(1519) Metaspace: 84191K->84191K(1126400K)
[2019-04-15T15:39:04.279+0200][5388,800s] GC(1519) Pause Young (CMS Final Remark) 314M->239M(490M) 5,824ms
[2019-04-15T15:39:04.279+0200][5388,800s] GC(1519) User=0,02s Sys=0,00s Real=0,00s
[2019-04-15T15:39:04.329+0200][5388,849s] GC(1517) Pause Remark 314M->239M(490M) 55,371ms
[2019-04-15T15:39:04.329+0200][5388,849s] GC(1517) User=0,08s Sys=0,00s Real=0,05s
[2019-04-15T15:39:04.329+0200][5388,850s] GC(1517) Concurrent Sweep
[2019-04-15T15:39:04.375+0200][5388,896s] GC(1517) Concurrent Sweep 46,321ms
[2019-04-15T15:39:04.375+0200][5388,896s] GC(1517) User=0,12s Sys=0,01s Real=0,05s
[2019-04-15T15:39:04.375+0200][5388,896s] GC(1517) Concurrent Reset
[2019-04-15T15:39:04.376+0200][5388,896s] GC(1517) Concurrent Reset 0,348ms
[2019-04-15T15:39:04.376+0200][5388,896s] GC(1517) User=0,00s Sys=0,00s Real=0,00s
[2019-04-15T15:39:04.376+0200][5388,896s] GC(1517) Old: 235789K->228745K(393216K)
[2019-04-15T15:39:04.425+0200][5388,946s] GC(1520) Pause Young (Allocation Failure)
[2019-04-15T15:39:04.425+0200][5388,946s] GC(1520) Using 4 workers of 4 for evacuation
[2019-04-15T15:39:04.433+0200][5388,953s] GC(1520) ParNew: 96414K->8487K(109248K)
[2019-04-15T15:39:04.433+0200][5388,953s] GC(1520) CMS: 228745K->229232K(393216K)
[2019-04-15T15:39:04.433+0200][5388,953s] GC(1520) Metaspace: 84191K->84191K(1126400K)
[2019-04-15T15:39:04.433+0200][5388,953s] GC(1520) Pause Young (Allocation Failure) 317M->232M(490M) 7,213ms
[2019-04-15T15:39:04.433+0200][5388,953s] GC(1520) User=0,02s Sys=0,00s Real=0,00s
[2019-04-15T15:39:04.433+0200][5388,953s] GC(1521) Pause Initial Mark
[2019-04-15T15:39:04.433+0200][5388,954s] GC(1521) Pause Initial Mark 233M->233M(490M) 0,576ms
[2019-04-15T15:39:04.433+0200][5388,954s] GC(1521) User=0,00s Sys=0,00s Real=0,01s
[2019-04-15T15:39:04.433+0200][5388,954s] GC(1521) Concurrent Mark
[2019-04-15T15:39:04.434+0200][5388,954s] GC(1521) Using 4 workers of 4 for marking
[2019-04-15T15:39:04.551+0200][5389,072s] GC(1521) Concurrent Mark 117,630ms
[2019-04-15T15:39:04.551+0200][5389,072s] GC(1521) User=0,41s Sys=0,01s Real=0,11s
[2019-04-15T15:39:04.551+0200][5389,072s] GC(1521) Concurrent Preclean
[2019-04-15T15:39:04.552+0200][5389,073s] GC(1521) Concurrent Preclean 1,315ms
[2019-04-15T15:39:04.553+0200][5389,073s] GC(1521) User=0,00s Sys=0,00s Real=0,00s
[2019-04-15T15:39:04.553+0200][5389,073s] GC(1521) Concurrent Abortable Preclean
[2019-04-15T15:39:04.620+0200][5389,140s] GC(1522) Pause Young (Allocation Failure)
[2019-04-15T15:39:04.620+0200][5389,140s] GC(1522) Using 4 workers of 4 for evacuation
[2019-04-15T15:39:04.629+0200][5389,149s] GC(1522) ParNew: 95911K->7096K(109248K)
[2019-04-15T15:39:04.629+0200][5389,149s] GC(1522) CMS: 229232K->229583K(393216K)
[2019-04-15T15:39:04.629+0200][5389,149s] GC(1522) Metaspace: 84191K->84191K(1126400K)
[2019-04-15T15:39:04.629+0200][5389,149s] GC(1522) Pause Young (Allocation Failure) 317M->231M(490M) 9,050ms
[2019-04-15T15:39:04.629+0200][5389,149s] GC(1522) User=0,03s Sys=0,00s Real=0,01s
[2019-04-15T15:39:04.742+0200][5389,263s] GC(1523) Pause Young (Allocation Failure)
[2019-04-15T15:39:04.742+0200][5389,263s] GC(1523) Using 4 workers of 4 for evacuation
[2019-04-15T15:39:04.747+0200][5389,267s] GC(1521) Concurrent Abortable Preclean 194,424ms
[2019-04-15T15:39:04.747+0200][5389,267s] GC(1521) User=0,59s Sys=0,02s Real=0,20s
[2019-04-15T15:39:04.749+0200][5389,269s] GC(1523) ParNew: 94520K->7782K(109248K)
[2019-04-15T15:39:04.749+0200][5389,269s] GC(1523) CMS: 229583K->230033K(393216K)
[2019-04-15T15:39:04.749+0200][5389,269s] GC(1523) Metaspace: 84191K->84191K(1126400K)
[2019-04-15T15:39:04.749+0200][5389,269s] GC(1523) Pause Young (Allocation Failure) 316M->232M(490M) 6,723ms
[2019-04-15T15:39:04.749+0200][5389,269s] GC(1523) User=0,02s Sys=0,00s Real=0,01s
[2019-04-15T15:39:04.749+0200][5389,270s] GC(1521) Pause Remark
[2019-04-15T15:39:04.749+0200][5389,270s] GC(1524) Pause Young (CMS Final Remark)
[2019-04-15T15:39:04.749+0200][5389,270s] GC(1524) Using 4 workers of 4 for evacuation
[2019-04-15T15:39:04.757+0200][5389,277s] GC(1524) ParNew: 9534K->4814K(109248K)
[2019-04-15T15:39:04.757+0200][5389,277s] GC(1524) CMS: 230033K->231978K(393216K)
[2019-04-15T15:39:04.757+0200][5389,277s] GC(1524) Metaspace: 84191K->84191K(1126400K)
[2019-04-15T15:39:04.757+0200][5389,277s] GC(1524) Pause Young (CMS Final Remark) 233M->231M(490M) 7,672ms
[2019-04-15T15:39:04.757+0200][5389,277s] GC(1524) User=0,02s Sys=0,00s Real=0,01s
[2019-04-15T15:39:04.804+0200][5389,324s] GC(1521) Pause Remark 233M->231M(490M) 54,263ms
[2019-04-15T15:39:04.804+0200][5389,324s] GC(1521) User=0,08s Sys=0,00s Real=0,05s
[2019-04-15T15:39:04.804+0200][5389,324s] GC(1521) Concurrent Sweep
[2019-04-15T15:39:04.879+0200][5389,399s] GC(1521) Concurrent Sweep 75,069ms
[2019-04-15T15:39:04.879+0200][5389,399s] GC(1521) User=0,20s Sys=0,01s Real=0,08s
[2019-04-15T15:39:04.879+0200][5389,399s] GC(1521) Concurrent Reset
[2019-04-15T15:39:04.879+0200][5389,400s] GC(1521) Concurrent Reset 0,440ms
[2019-04-15T15:39:04.879+0200][5389,400s] GC(1521) User=0,00s Sys=0,00s Real=0,00s
[2019-04-15T15:39:04.879+0200][5389,400s] GC(1521) Old: 229232K->221280K(393216K)
[2019-04-15T15:39:04.894+0200][5389,414s] GC(1525) Pause Young (Allocation Failure)
[2019-04-15T15:39:04.894+0200][5389,414s] GC(1525) Using 4 workers of 4 for evacuation
[2019-04-15T15:39:04.905+0200][5389,426s] GC(1525) ParNew: 92238K->3842K(109248K)
[2019-04-15T15:39:04.905+0200][5389,426s] GC(1525) CMS: 221280K->221280K(393216K)
[2019-04-15T15:39:04.905+0200][5389,426s] GC(1525) Metaspace: 84191K->84191K(1126400K)
[2019-04-15T15:39:04.905+0200][5389,426s] GC(1525) Pause Young (Allocation Failure) 306M->219M(490M) 11,254ms
[2019-04-15T15:39:04.905+0200][5389,426s] GC(1525) User=0,02s Sys=0,00s Real=0,01s
[2019-04-15T15:39:04.906+0200][5389,427s] GC(1526) Pause Initial Mark
[2019-04-15T15:39:04.907+0200][5389,427s] GC(1526) Pause Initial Mark 221M->221M(490M) 0,737ms
[2019-04-15T15:39:04.907+0200][5389,427s] GC(1526) User=0,01s Sys=0,00s Real=0,00s
[2019-04-15T15:39:04.907+0200][5389,427s] GC(1526) Concurrent Mark
[2019-04-15T15:39:04.907+0200][5389,427s] GC(1526) Using 4 workers of 4 for marking
[2019-04-15T15:39:05.053+0200][5389,573s] GC(1526) Concurrent Mark 145,697ms
[2019-04-15T15:39:05.053+0200][5389,573s] GC(1526) User=0,42s Sys=0,01s Real=0,14s
[2019-04-15T15:39:05.053+0200][5389,573s] GC(1526) Concurrent Preclean
[2019-04-15T15:39:05.054+0200][5389,575s] GC(1526) Concurrent Preclean 1,670ms
[2019-04-15T15:39:05.054+0200][5389,575s] GC(1526) User=0,00s Sys=0,00s Real=0,01s
[2019-04-15T15:39:05.054+0200][5389,575s] GC(1526) Concurrent Abortable Preclean
[2019-04-15T15:39:05.152+0200][5389,672s] GC(1527) Pause Young (Allocation Failure)
[2019-04-15T15:39:05.152+0200][5389,672s] GC(1527) Using 4 workers of 4 for evacuation
[2019-04-15T15:39:05.159+0200][5389,679s] GC(1526) Concurrent Abortable Preclean 104,555ms
[2019-04-15T15:39:05.159+0200][5389,679s] GC(1526) User=0,20s Sys=0,00s Real=0,10s
[2019-04-15T15:39:05.164+0200][5389,684s] GC(1527) ParNew: 91266K->3306K(109248K)
[2019-04-15T15:39:05.164+0200][5389,684s] GC(1527) CMS: 221280K->224651K(393216K)
[2019-04-15T15:39:05.164+0200][5389,684s] GC(1527) Metaspace: 84191K->84191K(1126400K)
[2019-04-15T15:39:05.164+0200][5389,684s] GC(1527) Pause Young (Allocation Failure) 305M->222M(490M) 11,722ms
[2019-04-15T15:39:05.164+0200][5389,684s] GC(1527) User=0,03s Sys=0,00s Real=0,01s
[2019-04-15T15:39:05.164+0200][5389,685s] GC(1526) Pause Remark
[2019-04-15T15:39:05.164+0200][5389,685s] GC(1528) Pause Young (CMS Final Remark)
[2019-04-15T15:39:05.165+0200][5389,685s] GC(1528) Using 4 workers of 4 for evacuation
[2019-04-15T15:39:05.170+0200][5389,691s] GC(1528) ParNew: 5058K->840K(109248K)
[2019-04-15T15:39:05.170+0200][5389,691s] GC(1528) CMS: 224651K->224661K(393216K)
[2019-04-15T15:39:05.170+0200][5389,691s] GC(1528) Metaspace: 84191K->84191K(1126400K)
[2019-04-15T15:39:05.170+0200][5389,691s] GC(1528) Pause Young (CMS Final Remark) 224M->220M(490M) 5,995ms
[2019-04-15T15:39:05.171+0200][5389,691s] GC(1528) User=0,01s Sys=0,00s Real=0,01s
[2019-04-15T15:39:05.213+0200][5389,733s] GC(1526) Pause Remark 224M->220M(490M) 48,675ms
[2019-04-15T15:39:05.213+0200][5389,734s] GC(1526) User=0,07s Sys=0,00s Real=0,06s
[2019-04-15T15:39:05.213+0200][5389,734s] GC(1526) Concurrent Sweep
[2019-04-15T15:39:05.281+0200][5389,802s] GC(1526) Concurrent Sweep 68,059ms
[2019-04-15T15:39:05.281+0200][5389,802s] GC(1526) User=0,20s Sys=0,00s Real=0,06s
[2019-04-15T15:39:05.281+0200][5389,802s] GC(1526) Concurrent Reset
[2019-04-15T15:39:05.282+0200][5389,802s] GC(1526) Concurrent Reset 0,400ms
[2019-04-15T15:39:05.282+0200][5389,802s] GC(1526) User=0,00s Sys=0,00s Real=0,00s
[2019-04-15T15:39:05.282+0200][5389,802s] GC(1526) Old: 221280K->224649K(393216K)
[2019-04-15T15:39:05.632+0200][5390,153s] GC(1529) Pause Young (Allocation Failure)
[2019-04-15T15:39:05.632+0200][5390,153s] GC(1529) Using 4 workers of 4 for evacuation
[2019-04-15T15:39:05.638+0200][5390,159s] GC(1529) ParNew: 88264K->228K(109248K)
[2019-04-15T15:39:05.638+0200][5390,159s] GC(1529) CMS: 224649K->224683K(393216K)
[2019-04-15T15:39:05.638+0200][5390,159s] GC(1529) Metaspace: 84191K->84191K(1126400K)
[2019-04-15T15:39:05.638+0200][5390,159s] GC(1529) Pause Young (Allocation Failure) 305M->219M(490M) 5,982ms
[2019-04-15T15:39:05.638+0200][5390,159s] GC(1529) User=0,01s Sys=0,00s Real=0,01s
[2019-04-15T15:39:05.638+0200][5390,159s] GC(1530) Pause Initial Mark
[2019-04-15T15:39:05.639+0200][5390,159s] GC(1530) Pause Initial Mark 221M->221M(490M) 0,345ms
[2019-04-15T15:39:05.639+0200][5390,159s] GC(1530) User=0,00s Sys=0,00s Real=0,00s
[2019-04-15T15:39:05.639+0200][5390,159s] GC(1530) Concurrent Mark
[2019-04-15T15:39:05.639+0200][5390,159s] GC(1530) Using 4 workers of 4 for marking
[2019-04-15T15:39:05.775+0200][5390,295s] GC(1530) Concurrent Mark 135,893ms
[2019-04-15T15:39:05.775+0200][5390,295s] GC(1530) User=0,41s Sys=0,02s Real=0,14s
[2019-04-15T15:39:05.775+0200][5390,295s] GC(1530) Concurrent Preclean
[2019-04-15T15:39:05.776+0200][5390,297s] GC(1530) Concurrent Preclean 1,480ms
[2019-04-15T15:39:05.776+0200][5390,297s] GC(1530) User=0,00s Sys=0,00s Real=0,00s
[2019-04-15T15:39:05.776+0200][5390,297s] GC(1530) Concurrent Abortable Preclean
[2019-04-15T15:39:06.068+0200][5390,588s] GC(1531) Pause Young (Allocation Failure)
[2019-04-15T15:39:06.068+0200][5390,588s] GC(1531) Using 4 workers of 4 for evacuation
[2019-04-15T15:39:06.076+0200][5390,596s] GC(1531) ParNew: 87652K->1473K(109248K)
[2019-04-15T15:39:06.076+0200][5390,596s] GC(1531) CMS: 224683K->224683K(393216K)
[2019-04-15T15:39:06.076+0200][5390,596s] GC(1531) Metaspace: 84200K->84200K(1126400K)
[2019-04-15T15:39:06.076+0200][5390,596s] GC(1531) Pause Young (Allocation Failure) 305M->220M(490M) 7,662ms
[2019-04-15T15:39:06.076+0200][5390,596s] GC(1531) User=0,02s Sys=0,00s Real=0,01s
[2019-04-15T15:39:06.231+0200][5390,751s] GC(1532) Pause Young (Allocation Failure)
[2019-04-15T15:39:06.231+0200][5390,752s] GC(1532) Using 4 workers of 4 for evacuation
[2019-04-15T15:39:06.239+0200][5390,760s] GC(1532) ParNew: 88897K->2826K(109248K)
[2019-04-15T15:39:06.239+0200][5390,760s] GC(1532) CMS: 224683K->224683K(393216K)
[2019-04-15T15:39:06.239+0200][5390,760s] GC(1532) Metaspace: 84201K->84201K(1126400K)
[2019-04-15T15:39:06.239+0200][5390,760s] GC(1532) Pause Young (Allocation Failure) 306M->222M(490M) 8,091ms
[2019-04-15T15:39:06.239+0200][5390,760s] GC(1532) User=0,03s Sys=0,00s Real=0,01s
[2019-04-15T15:39:06.239+0200][5390,760s] GC(1530) Concurrent Abortable Preclean 462,864ms
[2019-04-15T15:39:06.239+0200][5390,760s] GC(1530) User=0,63s Sys=0,00s Real=0,46s
[2019-04-15T15:39:06.239+0200][5390,760s] GC(1530) Pause Remark
[2019-04-15T15:39:06.239+0200][5390,760s] GC(1533) Pause Young (CMS Final Remark)
[2019-04-15T15:39:06.239+0200][5390,760s] GC(1533) Using 4 workers of 4 for evacuation
[2019-04-15T15:39:06.248+0200][5390,768s] GC(1533) ParNew: 4162K->2720K(109248K)
[2019-04-15T15:39:06.248+0200][5390,768s] GC(1533) CMS: 224683K->224683K(393216K)
[2019-04-15T15:39:06.248+0200][5390,768s] GC(1533) Metaspace: 84201K->84201K(1126400K)
[2019-04-15T15:39:06.248+0200][5390,768s] GC(1533) Pause Young (CMS Final Remark) 223M->222M(490M) 8,241ms
[2019-04-15T15:39:06.248+0200][5390,768s] GC(1533) User=0,03s Sys=0,00s Real=0,01s
[2019-04-15T15:39:06.293+0200][5390,814s] GC(1530) Pause Remark 223M->222M(490M) 54,073ms
[2019-04-15T15:39:06.293+0200][5390,814s] GC(1530) User=0,12s Sys=0,00s Real=0,06s
[2019-04-15T15:39:06.294+0200][5390,814s] GC(1530) Concurrent Sweep
[2019-04-15T15:39:06.357+0200][5390,878s] GC(1530) Concurrent Sweep 63,920ms
[2019-04-15T15:39:06.357+0200][5390,878s] GC(1530) User=0,13s Sys=0,00s Real=0,06s
[2019-04-15T15:39:06.357+0200][5390,878s] GC(1530) Concurrent Reset
[2019-04-15T15:39:06.358+0200][5390,878s] GC(1530) Concurrent Reset 0,276ms
[2019-04-15T15:39:06.358+0200][5390,878s] GC(1530) User=0,00s Sys=0,00s Real=0,00s
[2019-04-15T15:39:06.358+0200][5390,878s] GC(1530) Old: 224683K->173557K(393216K)
[2019-04-15T15:39:06.406+0200][5390,927s] GC(1534) Pause Young (Allocation Failure)
[2019-04-15T15:39:06.406+0200][5390,927s] GC(1534) Using 4 workers of 4 for evacuation
[2019-04-15T15:39:06.411+0200][5390,932s] GC(1534) ParNew: 90144K->2639K(109248K)
[2019-04-15T15:39:06.412+0200][5390,932s] GC(1534) CMS: 173557K->173557K(393216K)
[2019-04-15T15:39:06.412+0200][5390,932s] GC(1534) Metaspace: 84201K->84201K(1126400K)
[2019-04-15T15:39:06.412+0200][5390,932s] GC(1534) Pause Young (Allocation Failure) 257M->172M(490M) 5,451ms
[2019-04-15T15:39:06.412+0200][5390,932s] GC(1534) User=0,01s Sys=0,00s Real=0,00s
[2019-04-15T15:39:06.536+0200][5391,056s] GC(1535) Pause Young (Allocation Failure)
[2019-04-15T15:39:06.536+0200][5391,056s] GC(1535) Using 4 workers of 4 for evacuation
[2019-04-15T15:39:06.542+0200][5391,062s] GC(1535) ParNew: 90063K->3180K(109248K)
[2019-04-15T15:39:06.542+0200][5391,062s] GC(1535) CMS: 173557K->173557K(393216K)
[2019-04-15T15:39:06.542+0200][5391,062s] GC(1535) Metaspace: 84201K->84201K(1126400K)
[2019-04-15T15:39:06.542+0200][5391,062s] GC(1535) Pause Young (Allocation Failure) 257M->172M(490M) 5,625ms
[2019-04-15T15:39:06.542+0200][5391,062s] GC(1535) User=0,02s Sys=0,00s Real=0,00s
[2019-04-15T15:39:06.659+0200][5391,179s] GC(1536) Pause Young (Allocation Failure)
[2019-04-15T15:39:06.659+0200][5391,179s] GC(1536) Using 4 workers of 4 for evacuation
[2019-04-15T15:39:06.665+0200][5391,185s] GC(1536) ParNew: 90604K->2828K(109248K)
[2019-04-15T15:39:06.665+0200][5391,185s] GC(1536) CMS: 173557K->173564K(393216K)
[2019-04-15T15:39:06.665+0200][5391,185s] GC(1536) Metaspace: 84201K->84201K(1126400K)
[2019-04-15T15:39:06.665+0200][5391,185s] GC(1536) Pause Young (Allocation Failure) 257M->172M(490M) 5,924ms
[2019-04-15T15:39:06.665+0200][5391,185s] GC(1536) User=0,02s Sys=0,00s Real=0,00s
[2019-04-15T15:39:06.774+0200][5391,295s] GC(1537) Pause Young (Allocation Failure)
[2019-04-15T15:39:06.774+0200][5391,295s] GC(1537) Using 4 workers of 4 for evacuation
[2019-04-15T15:39:06.780+0200][5391,301s] GC(1537) ParNew: 90252K->2504K(109248K)
[2019-04-15T15:39:06.780+0200][5391,301s] GC(1537) CMS: 173564K->173564K(393216K)
[2019-04-15T15:39:06.780+0200][5391,301s] GC(1537) Metaspace: 84201K->84201K(1126400K)
[2019-04-15T15:39:06.780+0200][5391,301s] GC(1537) Pause Young (Allocation Failure) 257M->171M(490M) 5,989ms
[2019-04-15T15:39:06.780+0200][5391,301s] GC(1537) User=0,01s Sys=0,00s Real=0,00s
[2019-04-15T15:39:06.886+0200][5391,406s] GC(1538) Pause Young (Allocation Failure)
[2019-04-15T15:39:06.886+0200][5391,406s] GC(1538) Using 4 workers of 4 for evacuation
[2019-04-15T15:39:06.892+0200][5391,412s] GC(1538) ParNew: 89928K->3310K(109248K)
[2019-04-15T15:39:06.892+0200][5391,412s] GC(1538) CMS: 173564K->173568K(393216K)
[2019-04-15T15:39:06.892+0200][5391,412s] GC(1538) Metaspace: 84201K->84201K(1126400K)
[2019-04-15T15:39:06.892+0200][5391,412s] GC(1538) Pause Young (Allocation Failure) 257M->172M(490M) 6,073ms
[2019-04-15T15:39:06.892+0200][5391,412s] GC(1538) User=0,02s Sys=0,00s Real=0,00s
[2019-04-15T15:39:06.984+0200][5391,505s] GC(1539) Pause Young (Allocation Failure)
[2019-04-15T15:39:06.984+0200][5391,505s] GC(1539) Using 4 workers of 4 for evacuation
[2019-04-15T15:39:06.999+0200][5391,519s] GC(1539) ParNew: 90734K->1300K(109248K)
[2019-04-15T15:39:06.999+0200][5391,519s] GC(1539) CMS: 173568K->174899K(393216K)
[2019-04-15T15:39:06.999+0200][5391,519s] GC(1539) Metaspace: 84201K->84201K(1126400K)
[2019-04-15T15:39:06.999+0200][5391,519s] GC(1539) Pause Young (Allocation Failure) 258M->172M(490M) 14,593ms
[2019-04-15T15:39:06.999+0200][5391,519s] GC(1539) User=0,03s Sys=0,00s Real=0,02s
[2019-04-15T15:39:07.077+0200][5391,597s] GC(1540) Pause Young (Allocation Failure)
[2019-04-15T15:39:07.077+0200][5391,597s] GC(1540) Using 4 workers of 4 for evacuation
[2019-04-15T15:39:07.083+0200][5391,604s] GC(1540) ParNew: 88724K->470K(109248K)
[2019-04-15T15:39:07.083+0200][5391,604s] GC(1540) CMS: 174899K->175562K(393216K)
[2019-04-15T15:39:07.083+0200][5391,604s] GC(1540) Metaspace: 84201K->84201K(1126400K)
[2019-04-15T15:39:07.083+0200][5391,604s] GC(1540) Pause Young (Allocation Failure) 257M->171M(490M) 6,641ms
[2019-04-15T15:39:07.084+0200][5391,604s] GC(1540) User=0,02s Sys=0,01s Real=0,00s
[2019-04-15T15:39:07.156+0200][5391,677s] GC(1541) Pause Young (Allocation Failure)
[2019-04-15T15:39:07.156+0200][5391,677s] GC(1541) Using 4 workers of 4 for evacuation
[2019-04-15T15:39:07.170+0200][5391,690s] GC(1541) ParNew: 87894K->300K(109248K)
[2019-04-15T15:39:07.170+0200][5391,690s] GC(1541) CMS: 175562K->175562K(393216K)
[2019-04-15T15:39:07.170+0200][5391,690s] GC(1541) Metaspace: 84201K->84201K(1126400K)
[2019-04-15T15:39:07.170+0200][5391,690s] GC(1541) Pause Young (Allocation Failure) 257M->171M(490M) 13,423ms
[2019-04-15T15:39:07.170+0200][5391,690s] GC(1541) User=0,03s Sys=0,00s Real=0,01s
[2019-04-15T15:39:07.279+0200][5391,799s] GC(1542) Pause Young (Allocation Failure)
[2019-04-15T15:39:07.279+0200][5391,799s] GC(1542) Using 4 workers of 4 for evacuation
[2019-04-15T15:39:07.284+0200][5391,804s] GC(1542) ParNew: 87724K->238K(109248K)
[2019-04-15T15:39:07.284+0200][5391,804s] GC(1542) CMS: 175562K->175594K(393216K)
[2019-04-15T15:39:07.284+0200][5391,804s] GC(1542) Metaspace: 84201K->84201K(1126400K)
[2019-04-15T15:39:07.284+0200][5391,804s] GC(1542) Pause Young (Allocation Failure) 257M->171M(490M) 4,846ms
[2019-04-15T15:39:07.284+0200][5391,804s] GC(1542) User=0,01s Sys=0,00s Real=0,00s
[2019-04-15T15:39:07.348+0200][5391,868s] GC(1543) Pause Young (Allocation Failure)
[2019-04-15T15:39:07.348+0200][5391,868s] GC(1543) Using 4 workers of 4 for evacuation
[2019-04-15T15:39:07.354+0200][5391,874s] GC(1543) ParNew: 87662K->183K(109248K)
[2019-04-15T15:39:07.354+0200][5391,874s] GC(1543) CMS: 175594K->175624K(393216K)
[2019-04-15T15:39:07.354+0200][5391,874s] GC(1543) Metaspace: 84201K->84201K(1126400K)
[2019-04-15T15:39:07.354+0200][5391,874s] GC(1543) Pause Young (Allocation Failure) 257M->171M(490M) 5,822ms
[2019-04-15T15:39:07.354+0200][5391,874s] GC(1543) User=0,02s Sys=0,00s Real=0,01s
[2019-04-15T15:39:07.437+0200][5391,957s] GC(1544) Pause Young (Allocation Failure)
[2019-04-15T15:39:07.437+0200][5391,957s] GC(1544) Using 4 workers of 4 for evacuation
[2019-04-15T15:39:07.442+0200][5391,962s] GC(1544) ParNew: 87607K->198K(109248K)
[2019-04-15T15:39:07.442+0200][5391,962s] GC(1544) CMS: 175624K->175647K(393216K)
[2019-04-15T15:39:07.442+0200][5391,962s] GC(1544) Metaspace: 84201K->84201K(1126400K)
[2019-04-15T15:39:07.442+0200][5391,962s] GC(1544) Pause Young (Allocation Failure) 257M->171M(490M) 5,090ms
[2019-04-15T15:39:07.442+0200][5391,962s] GC(1544) User=0,02s Sys=0,00s Real=0,00s
[2019-04-15T15:39:07.553+0200][5392,074s] GC(1545) Pause Young (Allocation Failure)
[2019-04-15T15:39:07.553+0200][5392,074s] GC(1545) Using 4 workers of 4 for evacuation
[2019-04-15T15:39:07.581+0200][5392,101s] GC(1545) ParNew: 87622K->182K(109248K)
[2019-04-15T15:39:07.581+0200][5392,101s] GC(1545) CMS: 175647K->175659K(393216K)
[2019-04-15T15:39:07.581+0200][5392,101s] GC(1545) Metaspace: 84201K->84201K(1126400K)
[2019-04-15T15:39:07.581+0200][5392,101s] GC(1545) Pause Young (Allocation Failure) 257M->171M(490M) 27,406ms
[2019-04-15T15:39:07.581+0200][5392,101s] GC(1545) User=0,04s Sys=0,00s Real=0,02s
[2019-04-15T15:39:07.703+0200][5392,224s] GC(1546) Pause Young (Allocation Failure)
[2019-04-15T15:39:07.703+0200][5392,224s] GC(1546) Using 4 workers of 4 for evacuation
[2019-04-15T15:39:07.712+0200][5392,233s] GC(1546) ParNew: 87606K->218K(109248K)
[2019-04-15T15:39:07.712+0200][5392,233s] GC(1546) CMS: 175659K->175676K(393216K)
[2019-04-15T15:39:07.712+0200][5392,233s] GC(1546) Metaspace: 84201K->84201K(1126400K)
[2019-04-15T15:39:07.713+0200][5392,233s] GC(1546) Pause Young (Allocation Failure) 257M->171M(490M) 9,386ms
[2019-04-15T15:39:07.713+0200][5392,233s] GC(1546) User=0,02s Sys=0,00s Real=0,01s
[2019-04-15T15:39:07.802+0200][5392,323s] GC(1547) Pause Young (Allocation Failure)
[2019-04-15T15:39:07.803+0200][5392,323s] GC(1547) Using 4 workers of 4 for evacuation
[2019-04-15T15:39:07.813+0200][5392,333s] GC(1547) ParNew: 87642K->417K(109248K)
[2019-04-15T15:39:07.813+0200][5392,333s] GC(1547) CMS: 175676K->175697K(393216K)
[2019-04-15T15:39:07.813+0200][5392,333s] GC(1547) Metaspace: 84201K->84201K(1126400K)
[2019-04-15T15:39:07.813+0200][5392,333s] GC(1547) Pause Young (Allocation Failure) 257M->171M(490M) 10,579ms
[2019-04-15T15:39:07.813+0200][5392,334s] GC(1547) User=0,03s Sys=0,00s Real=0,02s
[2019-04-15T15:39:08.273+0200][5392,794s] GC(1548) Pause Young (Allocation Failure)
[2019-04-15T15:39:08.273+0200][5392,794s] GC(1548) Using 4 workers of 4 for evacuation
[2019-04-15T15:39:08.277+0200][5392,797s] GC(1548) ParNew: 87841K->588K(109248K)
[2019-04-15T15:39:08.277+0200][5392,797s] GC(1548) CMS: 175697K->175698K(393216K)
[2019-04-15T15:39:08.277+0200][5392,797s] GC(1548) Metaspace: 84201K->84201K(1126400K)
[2019-04-15T15:39:08.277+0200][5392,797s] GC(1548) Pause Young (Allocation Failure) 257M->172M(490M) 3,835ms
[2019-04-15T15:39:08.277+0200][5392,797s] GC(1548) User=0,01s Sys=0,00s Real=0,00s
[2019-04-15T15:39:08.774+0200][5393,294s] GC(1549) Pause Young (Allocation Failure)
[2019-04-15T15:39:08.774+0200][5393,294s] GC(1549) Using 4 workers of 4 for evacuation
[2019-04-15T15:39:08.779+0200][5393,299s] GC(1549) ParNew: 88012K->693K(109248K)
[2019-04-15T15:39:08.779+0200][5393,300s] GC(1549) CMS: 175698K->175699K(393216K)
[2019-04-15T15:39:08.779+0200][5393,300s] GC(1549) Metaspace: 84201K->84201K(1126400K)
[2019-04-15T15:39:08.779+0200][5393,300s] GC(1549) Pause Young (Allocation Failure) 257M->172M(490M) 5,142ms
[2019-04-15T15:39:08.779+0200][5393,300s] GC(1549) User=0,02s Sys=0,01s Real=0,00s
[2019-04-15T15:39:09.274+0200][5393,794s] GC(1550) Pause Young (Allocation Failure)
[2019-04-15T15:39:09.274+0200][5393,794s] GC(1550) Using 4 workers of 4 for evacuation
[2019-04-15T15:39:09.278+0200][5393,799s] GC(1550) ParNew: 88117K->711K(109248K)
[2019-04-15T15:39:09.278+0200][5393,799s] GC(1550) CMS: 175699K->175701K(393216K)
[2019-04-15T15:39:09.278+0200][5393,799s] GC(1550) Metaspace: 84201K->84201K(1126400K)
[2019-04-15T15:39:09.278+0200][5393,799s] GC(1550) Pause Young (Allocation Failure) 257M->172M(490M) 4,461ms
[2019-04-15T15:39:09.278+0200][5393,799s] GC(1550) User=0,01s Sys=0,00s Real=0,00s
[2019-04-15T15:39:09.495+0200][5394,016s] GC(1551) Pause Young (Allocation Failure)
[2019-04-15T15:39:09.495+0200][5394,016s] GC(1551) Using 4 workers of 4 for evacuation
[2019-04-15T15:39:09.500+0200][5394,020s] GC(1551) ParNew: 88135K->543K(109248K)
[2019-04-15T15:39:09.500+0200][5394,020s] GC(1551) CMS: 175701K->175701K(393216K)
[2019-04-15T15:39:09.500+0200][5394,020s] GC(1551) Metaspace: 84201K->84201K(1126400K)
[2019-04-15T15:39:09.500+0200][5394,021s] GC(1551) Pause Young (Allocation Failure) 257M->172M(490M) 4,973ms
[2019-04-15T15:39:09.500+0200][5394,021s] GC(1551) User=0,01s Sys=0,00s Real=0,00s
[2019-04-15T15:39:11.303+0200][5395,823s] GC(1552) Pause Young (Allocation Failure)
[2019-04-15T15:39:11.303+0200][5395,823s] GC(1552) Using 4 workers of 4 for evacuation
[2019-04-15T15:39:11.313+0200][5395,834s] GC(1552) ParNew: 87967K->4800K(109248K)
[2019-04-15T15:39:11.313+0200][5395,834s] GC(1552) CMS: 175701K->175701K(393216K)
[2019-04-15T15:39:11.313+0200][5395,834s] GC(1552) Metaspace: 84205K->84205K(1126400K)
[2019-04-15T15:39:11.313+0200][5395,834s] GC(1552) Pause Young (Allocation Failure) 257M->176M(490M) 10,622ms
[2019-04-15T15:39:11.313+0200][5395,834s] GC(1552) User=0,03s Sys=0,00s Real=0,02s
[2019-04-15T15:39:11.827+0200][5396,348s] GC(1553) Pause Young (Allocation Failure)
[2019-04-15T15:39:11.827+0200][5396,348s] GC(1553) Using 4 workers of 4 for evacuation
[2019-04-15T15:39:11.835+0200][5396,356s] GC(1553) ParNew: 92052K->3349K(109248K)
[2019-04-15T15:39:11.835+0200][5396,356s] GC(1553) CMS: 175701K->175701K(393216K)
[2019-04-15T15:39:11.835+0200][5396,356s] GC(1553) Metaspace: 84213K->84213K(1126400K)
[2019-04-15T15:39:11.835+0200][5396,356s] GC(1553) Pause Young (Allocation Failure) 261M->174M(490M) 8,160ms
[2019-04-15T15:39:11.835+0200][5396,356s] GC(1553) User=0,03s Sys=0,00s Real=0,01s
[2019-04-15T15:39:11.852+0200][5396,372s] GC(1554) Pause Young (Allocation Failure)
[2019-04-15T15:39:11.852+0200][5396,372s] GC(1554) Using 4 workers of 4 for evacuation
[2019-04-15T15:39:11.862+0200][5396,383s] GC(1554) ParNew: 90646K->2413K(109248K)
[2019-04-15T15:39:11.862+0200][5396,383s] GC(1554) CMS: 175701K->175706K(393216K)
[2019-04-15T15:39:11.862+0200][5396,383s] GC(1554) Metaspace: 84214K->84214K(1126400K)
[2019-04-15T15:39:11.862+0200][5396,383s] GC(1554) Pause Young (Allocation Failure) 260M->173M(490M) 10,900ms
[2019-04-15T15:39:11.863+0200][5396,383s] GC(1554) User=0,04s Sys=0,00s Real=0,01s
[2019-04-15T15:39:11.876+0200][5396,396s] GC(1555) Pause Young (Allocation Failure)
[2019-04-15T15:39:11.876+0200][5396,396s] GC(1555) Using 4 workers of 4 for evacuation
[2019-04-15T15:39:11.894+0200][5396,415s] GC(1555) ParNew: 89771K->2117K(109248K)
[2019-04-15T15:39:11.894+0200][5396,415s] GC(1555) CMS: 175706K->175902K(393216K)
[2019-04-15T15:39:11.894+0200][5396,415s] GC(1555) Metaspace: 84214K->84214K(1126400K)
[2019-04-15T15:39:11.894+0200][5396,415s] GC(1555) Pause Young (Allocation Failure) 259M->173M(490M) 18,297ms
[2019-04-15T15:39:11.894+0200][5396,415s] GC(1555) User=0,07s Sys=0,00s Real=0,02s
[2019-04-15T15:39:11.907+0200][5396,427s] GC(1556) Pause Young (Allocation Failure)
[2019-04-15T15:39:11.907+0200][5396,427s] GC(1556) Using 4 workers of 4 for evacuation
[2019-04-15T15:39:11.916+0200][5396,436s] GC(1556) ParNew: 89280K->1874K(109248K)
[2019-04-15T15:39:11.916+0200][5396,436s] GC(1556) CMS: 175902K->175943K(393216K)
[2019-04-15T15:39:11.916+0200][5396,436s] GC(1556) Metaspace: 84215K->84215K(1126400K)
[2019-04-15T15:39:11.916+0200][5396,436s] GC(1556) Pause Young (Allocation Failure) 258M->173M(490M) 9,016ms
[2019-04-15T15:39:11.916+0200][5396,436s] GC(1556) User=0,03s Sys=0,00s Real=0,01s
[2019-04-15T15:39:11.954+0200][5396,475s] GC(1557) Pause Young (Allocation Failure)
[2019-04-15T15:39:11.955+0200][5396,475s] GC(1557) Using 4 workers of 4 for evacuation
[2019-04-15T15:39:11.968+0200][5396,489s] GC(1557) ParNew: 89214K->2408K(109248K)
[2019-04-15T15:39:11.968+0200][5396,489s] GC(1557) CMS: 175943K->175943K(393216K)
[2019-04-15T15:39:11.968+0200][5396,489s] GC(1557) Metaspace: 84216K->84216K(1126400K)
[2019-04-15T15:39:11.968+0200][5396,489s] GC(1557) Pause Young (Allocation Failure) 258M->174M(490M) 13,806ms
[2019-04-15T15:39:11.968+0200][5396,489s] GC(1557) User=0,02s Sys=0,00s Real=0,01s
[2019-04-15T15:39:12.009+0200][5396,530s] GC(1558) Pause Young (Allocation Failure)
[2019-04-15T15:39:12.009+0200][5396,530s] GC(1558) Using 4 workers of 4 for evacuation
[2019-04-15T15:39:12.023+0200][5396,544s] GC(1558) ParNew: 89832K->2193K(109248K)
[2019-04-15T15:39:12.023+0200][5396,544s] GC(1558) CMS: 175943K->175943K(393216K)
[2019-04-15T15:39:12.023+0200][5396,544s] GC(1558) Metaspace: 84216K->84216K(1126400K)
[2019-04-15T15:39:12.023+0200][5396,544s] GC(1558) Pause Young (Allocation Failure) 259M->173M(490M) 14,005ms
[2019-04-15T15:39:12.023+0200][5396,544s] GC(1558) User=0,03s Sys=0,00s Real=0,01s
[2019-04-15T15:39:12.222+0200][5396,743s] GC(1559) Pause Young (Allocation Failure)
[2019-04-15T15:39:12.222+0200][5396,743s] GC(1559) Using 4 workers of 4 for evacuation
[2019-04-15T15:39:12.231+0200][5396,751s] GC(1559) ParNew: 89578K->1792K(109248K)
[2019-04-15T15:39:12.231+0200][5396,751s] GC(1559) CMS: 175943K->176188K(393216K)
[2019-04-15T15:39:12.231+0200][5396,751s] GC(1559) Metaspace: 84217K->84217K(1126400K)
[2019-04-15T15:39:12.231+0200][5396,751s] GC(1559) Pause Young (Allocation Failure) 259M->173M(490M) 8,352ms
[2019-04-15T15:39:12.231+0200][5396,751s] GC(1559) User=0,03s Sys=0,00s Real=0,01s
[2019-04-15T15:39:12.241+0200][5396,761s] GC(1560) Pause Young (Allocation Failure)
[2019-04-15T15:39:12.241+0200][5396,761s] GC(1560) Using 4 workers of 4 for evacuation
[2019-04-15T15:39:12.252+0200][5396,772s] GC(1560) ParNew: 89185K->688K(109248K)
[2019-04-15T15:39:12.252+0200][5396,772s] GC(1560) CMS: 176188K->177489K(393216K)
[2019-04-15T15:39:12.252+0200][5396,772s] GC(1560) Metaspace: 84217K->84217K(1126400K)
[2019-04-15T15:39:12.252+0200][5396,772s] GC(1560) Pause Young (Allocation Failure) 259M->174M(490M) 10,791ms
[2019-04-15T15:39:12.252+0200][5396,772s] GC(1560) User=0,03s Sys=0,00s Real=0,01s
[2019-04-15T15:39:13.877+0200][5398,397s] GC(1561) Pause Young (Allocation Failure)
[2019-04-15T15:39:13.877+0200][5398,397s] GC(1561) Using 4 workers of 4 for evacuation
[2019-04-15T15:39:13.885+0200][5398,406s] GC(1561) ParNew: 88112K->269K(109248K)
[2019-04-15T15:39:13.885+0200][5398,406s] GC(1561) CMS: 177489K->177490K(393216K)
[2019-04-15T15:39:13.885+0200][5398,406s] GC(1561) Metaspace: 84217K->84217K(1126400K)
[2019-04-15T15:39:13.885+0200][5398,406s] GC(1561) Pause Young (Allocation Failure) 259M->173M(490M) 8,716ms
[2019-04-15T15:39:13.886+0200][5398,406s] GC(1561) User=0,02s Sys=0,00s Real=0,01s
[2019-04-15T15:51:41.422+0200][6145,942s] GC(1562) Pause Young (Allocation Failure)
[2019-04-15T15:51:41.422+0200][6145,942s] GC(1562) Using 4 workers of 4 for evacuation
[2019-04-15T15:51:41.437+0200][6145,958s] GC(1562) ParNew: 87693K->4061K(109248K)
[2019-04-15T15:51:41.438+0200][6145,958s] GC(1562) CMS: 177490K->177490K(393216K)
[2019-04-15T15:51:41.438+0200][6145,958s] GC(1562) Metaspace: 84788K->84788K(1128448K)
[2019-04-15T15:51:41.438+0200][6145,958s] GC(1562) Pause Young (Allocation Failure) 258M->177M(490M) 15,819ms
[2019-04-15T15:51:41.438+0200][6145,958s] GC(1562) User=0,06s Sys=0,00s Real=0,02s
[2019-04-15T16:02:55.632+0200][6376,321s] Heap
[2019-04-15T16:02:55.632+0200][6376,321s]  par new generation   total 109248K, used 30052K [0x00000000e0000000, 0x00000000e8000000, 0x00000000e8000000)
[2019-04-15T16:02:55.632+0200][6376,321s]   eden space 87424K,  29% used [0x00000000e0000000, 0x00000000e1961c98, 0x00000000e5560000)
[2019-04-15T16:02:55.632+0200][6376,321s]   from space 21824K,  18% used [0x00000000e6ab0000, 0x00000000e6ea7450, 0x00000000e8000000)
[2019-04-15T16:02:55.632+0200][6376,321s]   to   space 21824K,   0% used [0x00000000e5560000, 0x00000000e5560000, 0x00000000e6ab0000)
[2019-04-15T16:02:55.632+0200][6376,321s]  concurrent mark-sweep generation total 393216K, used 177490K [0x00000000e8000000, 0x0000000100000000, 0x0000000100000000)
[2019-04-15T16:02:55.632+0200][6376,321s]  Metaspace       used 85087K, capacity 86280K, committed 87124K, reserved 1128448K
[2019-04-15T16:02:55.632+0200][6376,321s]   class space    used 8221K, capacity 8709K, committed 8824K, reserved 1048576K
