[2019-04-15T13:40:34.088+0200][0.047s] Using Concurrent Mark Sweep
[2019-04-15T13:40:34.088+0200][0.047s] Heap address: 0x00000000e0000000, size: 512 MB, Compressed Oops mode: 32-bit
[2019-04-15T13:40:36.119+0200][2,078s] GC(0) Pause Initial Mark
[2019-04-15T13:40:36.137+0200][2,095s] GC(0) Pause Initial Mark 85M->85M(490M) 17,379ms
[2019-04-15T13:40:36.137+0200][2,095s] GC(0) User=0,02s Sys=0,00s Real=0,02s
[2019-04-15T13:40:36.137+0200][2,095s] GC(0) Concurrent Mark
[2019-04-15T13:40:36.137+0200][2,095s] GC(0) Using 4 workers of 4 for marking
[2019-04-15T13:40:36.139+0200][2,097s] GC(1) Pause Young (Allocation Failure)
[2019-04-15T13:40:36.139+0200][2,097s] GC(1) Using 4 workers of 4 for evacuation
[2019-04-15T13:40:36.158+0200][2,117s] GC(1) ParNew: 87424K->11128K(109248K)
[2019-04-15T13:40:36.159+0200][2,117s] GC(1) CMS: 0K->0K(393216K)
[2019-04-15T13:40:36.159+0200][2,117s] GC(1) Metaspace: 23985K->23985K(1071104K)
[2019-04-15T13:40:36.159+0200][2,117s] GC(1) Pause Young (Allocation Failure) 85M->10M(490M) 19,567ms
[2019-04-15T13:40:36.159+0200][2,117s] GC(1) User=0,04s Sys=0,01s Real=0,02s
[2019-04-15T13:40:36.159+0200][2,118s] GC(0) Concurrent Mark 22,597ms
[2019-04-15T13:40:36.159+0200][2,118s] GC(0) User=0,05s Sys=0,01s Real=0,02s
[2019-04-15T13:40:36.159+0200][2,118s] GC(0) Concurrent Preclean
[2019-04-15T13:40:36.160+0200][2,119s] GC(0) Concurrent Preclean 1,045ms
[2019-04-15T13:40:36.160+0200][2,119s] GC(0) User=0,00s Sys=0,00s Real=0,00s
[2019-04-15T13:40:36.163+0200][2,121s] GC(0) Pause Remark
[2019-04-15T13:40:36.163+0200][2,121s] GC(2) Pause Young (CMS Final Remark)
[2019-04-15T13:40:36.163+0200][2,121s] GC(2) Using 4 workers of 4 for evacuation
[2019-04-15T13:40:36.178+0200][2,136s] GC(2) ParNew: 12771K->14403K(109248K)
[2019-04-15T13:40:36.178+0200][2,136s] GC(2) CMS: 0K->0K(393216K)
[2019-04-15T13:40:36.178+0200][2,136s] GC(2) Metaspace: 24024K->24024K(1071104K)
[2019-04-15T13:40:36.178+0200][2,136s] GC(2) Pause Young (CMS Final Remark) 12M->14M(490M) 15,108ms
[2019-04-15T13:40:36.178+0200][2,136s] GC(2) User=0,04s Sys=0,00s Real=0,02s
[2019-04-15T13:40:36.196+0200][2,154s] GC(0) Pause Remark 12M->14M(490M) 32,897ms
[2019-04-15T13:40:36.196+0200][2,154s] GC(0) User=0,06s Sys=0,00s Real=0,04s
[2019-04-15T13:40:36.196+0200][2,154s] GC(0) Concurrent Sweep
[2019-04-15T13:40:36.196+0200][2,154s] GC(0) Concurrent Sweep 0,034ms
[2019-04-15T13:40:36.196+0200][2,154s] GC(0) User=0,00s Sys=0,00s Real=0,00s
[2019-04-15T13:40:36.196+0200][2,154s] GC(0) Concurrent Reset
[2019-04-15T13:40:36.199+0200][2,157s] GC(0) Concurrent Reset 3,016ms
[2019-04-15T13:40:36.199+0200][2,157s] GC(0) User=0,00s Sys=0,01s Real=0,00s
[2019-04-15T13:40:36.199+0200][2,157s] GC(0) Old: 0K->0K(393216K)
[2019-04-15T13:40:37.400+0200][3,358s] GC(3) Pause Young (Allocation Failure)
[2019-04-15T13:40:37.400+0200][3,358s] GC(3) Using 4 workers of 4 for evacuation
[2019-04-15T13:40:37.419+0200][3,377s] GC(3) ParNew: 101728K->21824K(109248K)
[2019-04-15T13:40:37.419+0200][3,377s] GC(3) CMS: 0K->64K(393216K)
[2019-04-15T13:40:37.419+0200][3,377s] GC(3) Metaspace: 32136K->32136K(1079296K)
[2019-04-15T13:40:37.419+0200][3,377s] GC(3) Pause Young (Allocation Failure) 99M->21M(490M) 18,916ms
[2019-04-15T13:40:37.419+0200][3,377s] GC(3) User=0,05s Sys=0,00s Real=0,02s
[2019-04-15T13:40:39.019+0200][4,977s] GC(4) Pause Young (Allocation Failure)
[2019-04-15T13:40:39.019+0200][4,977s] GC(4) Using 4 workers of 4 for evacuation
[2019-04-15T13:40:39.104+0200][5,062s] GC(4) ParNew: 109248K->21824K(109248K)
[2019-04-15T13:40:39.104+0200][5,062s] GC(4) CMS: 64K->32591K(393216K)
[2019-04-15T13:40:39.104+0200][5,062s] GC(4) Metaspace: 33456K->33456K(1079296K)
[2019-04-15T13:40:39.104+0200][5,062s] GC(4) Pause Young (Allocation Failure) 106M->53M(490M) 85,278ms
[2019-04-15T13:40:39.104+0200][5,062s] GC(4) User=0,09s Sys=0,01s Real=0,08s
[2019-04-15T13:40:53.787+0200][19,746s] GC(5) Pause Young (Allocation Failure)
[2019-04-15T13:40:53.787+0200][19,746s] GC(5) Using 4 workers of 4 for evacuation
[2019-04-15T13:40:53.814+0200][19,773s] GC(5) ParNew: 109248K->21824K(109248K)
[2019-04-15T13:40:53.814+0200][19,773s] GC(5) CMS: 32591K->32591K(393216K)
[2019-04-15T13:40:53.814+0200][19,773s] GC(5) Metaspace: 39470K->39470K(1085440K)
[2019-04-15T13:40:53.814+0200][19,773s] GC(5) Pause Young (Allocation Failure) 138M->53M(490M) 27,078ms
[2019-04-15T13:40:53.815+0200][19,773s] GC(5) User=0,07s Sys=0,00s Real=0,03s
[2019-04-15T13:40:54.414+0200][20,372s] GC(6) Pause Young (Allocation Failure)
[2019-04-15T13:40:54.414+0200][20,372s] GC(6) Using 4 workers of 4 for evacuation
[2019-04-15T13:40:54.429+0200][20,388s] GC(6) ParNew: 109218K->21824K(109248K)
[2019-04-15T13:40:54.429+0200][20,388s] GC(6) CMS: 32591K->33804K(393216K)
[2019-04-15T13:40:54.429+0200][20,388s] GC(6) Metaspace: 41645K->41645K(1087488K)
[2019-04-15T13:40:54.429+0200][20,388s] GC(6) Pause Young (Allocation Failure) 138M->54M(490M) 15,852ms
[2019-04-15T13:40:54.429+0200][20,388s] GC(6) User=0,04s Sys=0,00s Real=0,01s
[2019-04-15T13:40:54.432+0200][20,390s] GC(7) Pause Initial Mark
[2019-04-15T13:40:54.435+0200][20,393s] GC(7) Pause Initial Mark 55M->55M(490M) 2,874ms
[2019-04-15T13:40:54.435+0200][20,393s] GC(7) User=0,01s Sys=0,00s Real=0,01s
[2019-04-15T13:40:54.435+0200][20,394s] GC(7) Concurrent Mark
[2019-04-15T13:40:54.435+0200][20,394s] GC(7) Using 4 workers of 4 for marking
[2019-04-15T13:40:54.475+0200][20,433s] GC(7) Concurrent Mark 39,619ms
[2019-04-15T13:40:54.475+0200][20,433s] GC(7) User=0,11s Sys=0,00s Real=0,04s
[2019-04-15T13:40:54.475+0200][20,433s] GC(7) Concurrent Preclean
[2019-04-15T13:40:54.476+0200][20,434s] GC(7) Concurrent Preclean 1,160ms
[2019-04-15T13:40:54.476+0200][20,434s] GC(7) User=0,01s Sys=0,00s Real=0,00s
[2019-04-15T13:40:54.476+0200][20,434s] GC(7) Concurrent Abortable Preclean
[2019-04-15T13:40:54.658+0200][20,616s] GC(8) Pause Young (Allocation Failure)
[2019-04-15T13:40:54.658+0200][20,616s] GC(8) Using 4 workers of 4 for evacuation
[2019-04-15T13:40:54.676+0200][20,634s] GC(8) ParNew: 109248K->21824K(109248K)
[2019-04-15T13:40:54.676+0200][20,634s] GC(8) CMS: 33804K->35988K(393216K)
[2019-04-15T13:40:54.676+0200][20,634s] GC(8) Metaspace: 42059K->42059K(1087488K)
[2019-04-15T13:40:54.676+0200][20,634s] GC(8) Pause Young (Allocation Failure) 139M->56M(490M) 18,485ms
[2019-04-15T13:40:54.676+0200][20,634s] GC(8) User=0,04s Sys=0,00s Real=0,02s
[2019-04-15T13:40:55.322+0200][21,280s] GC(7) Concurrent Abortable Preclean 845,387ms
[2019-04-15T13:40:55.322+0200][21,280s] GC(7) User=2,22s Sys=0,02s Real=0,84s
[2019-04-15T13:40:55.322+0200][21,280s] GC(7) Pause Remark
[2019-04-15T13:40:55.322+0200][21,280s] GC(9) Pause Young (CMS Final Remark)
[2019-04-15T13:40:55.322+0200][21,280s] GC(9) Using 4 workers of 4 for evacuation
[2019-04-15T13:40:55.356+0200][21,314s] GC(9) ParNew: 101498K->21824K(109248K)
[2019-04-15T13:40:55.356+0200][21,314s] GC(9) CMS: 35988K->37332K(393216K)
[2019-04-15T13:40:55.356+0200][21,314s] GC(9) Metaspace: 43805K->43805K(1089536K)
[2019-04-15T13:40:55.356+0200][21,314s] GC(9) Pause Young (CMS Final Remark) 134M->57M(490M) 34,033ms
[2019-04-15T13:40:55.356+0200][21,314s] GC(9) User=0,06s Sys=0,00s Real=0,04s
[2019-04-15T13:40:55.399+0200][21,357s] GC(7) Pause Remark 134M->57M(490M) 77,469ms
[2019-04-15T13:40:55.399+0200][21,357s] GC(7) User=0,13s Sys=0,00s Real=0,08s
[2019-04-15T13:40:55.399+0200][21,358s] GC(7) Concurrent Sweep
[2019-04-15T13:40:55.405+0200][21,363s] GC(7) Concurrent Sweep 5,456ms
[2019-04-15T13:40:55.405+0200][21,363s] GC(7) User=0,02s Sys=0,00s Real=0,00s
[2019-04-15T13:40:55.405+0200][21,363s] GC(7) Concurrent Reset
[2019-04-15T13:40:55.407+0200][21,365s] GC(7) Concurrent Reset 1,867ms
[2019-04-15T13:40:55.407+0200][21,365s] GC(7) User=0,01s Sys=0,00s Real=0,01s
[2019-04-15T13:40:55.407+0200][21,365s] GC(7) Old: 33804K->37271K(393216K)
[2019-04-15T13:40:55.477+0200][21,435s] GC(10) Pause Young (Allocation Failure)
[2019-04-15T13:40:55.477+0200][21,435s] GC(10) Using 4 workers of 4 for evacuation
[2019-04-15T13:40:55.532+0200][21,490s] GC(10) ParNew: 109248K->21824K(109248K)
[2019-04-15T13:40:55.532+0200][21,490s] GC(10) CMS: 37271K->40298K(393216K)
[2019-04-15T13:40:55.532+0200][21,490s] GC(10) Metaspace: 43810K->43810K(1089536K)
[2019-04-15T13:40:55.532+0200][21,490s] GC(10) Pause Young (Allocation Failure) 143M->60M(490M) 55,100ms
[2019-04-15T13:40:55.532+0200][21,490s] GC(10) User=0,06s Sys=0,00s Real=0,05s
[2019-04-15T13:40:55.931+0200][21,889s] GC(11) Pause Young (Allocation Failure)
[2019-04-15T13:40:55.931+0200][21,889s] GC(11) Using 4 workers of 4 for evacuation
[2019-04-15T13:40:55.972+0200][21,930s] GC(11) ParNew: 109248K->21824K(109248K)
[2019-04-15T13:40:55.972+0200][21,930s] GC(11) CMS: 40298K->40647K(393216K)
[2019-04-15T13:40:55.972+0200][21,930s] GC(11) Metaspace: 45319K->45319K(1091584K)
[2019-04-15T13:40:55.972+0200][21,930s] GC(11) Pause Young (Allocation Failure) 146M->61M(490M) 41,041ms
[2019-04-15T13:40:55.972+0200][21,930s] GC(11) User=0,11s Sys=0,00s Real=0,04s
[2019-04-15T13:40:56.654+0200][22,612s] GC(12) Pause Young (Allocation Failure)
[2019-04-15T13:40:56.654+0200][22,612s] GC(12) Using 4 workers of 4 for evacuation
[2019-04-15T13:40:56.685+0200][22,644s] GC(12) ParNew: 109248K->21824K(109248K)
[2019-04-15T13:40:56.685+0200][22,644s] GC(12) CMS: 40647K->47265K(393216K)
[2019-04-15T13:40:56.685+0200][22,644s] GC(12) Metaspace: 49172K->49172K(1093632K)
[2019-04-15T13:40:56.686+0200][22,644s] GC(12) Pause Young (Allocation Failure) 146M->67M(490M) 31,988ms
[2019-04-15T13:40:56.686+0200][22,644s] GC(12) User=0,09s Sys=0,00s Real=0,03s
[2019-04-15T13:40:58.817+0200][24,775s] GC(13) Pause Young (Allocation Failure)
[2019-04-15T13:40:58.817+0200][24,775s] GC(13) Using 4 workers of 4 for evacuation
[2019-04-15T13:40:58.895+0200][24,853s] GC(13) ParNew: 109248K->21824K(109248K)
[2019-04-15T13:40:58.895+0200][24,853s] GC(13) CMS: 47265K->55842K(393216K)
[2019-04-15T13:40:58.895+0200][24,853s] GC(13) Metaspace: 52554K->52554K(1097728K)
[2019-04-15T13:40:58.895+0200][24,853s] GC(13) Pause Young (Allocation Failure) 152M->75M(490M) 78,258ms
[2019-04-15T13:40:58.895+0200][24,853s] GC(13) User=0,09s Sys=0,01s Real=0,08s
[2019-04-15T13:41:00.689+0200][26,647s] GC(14) Pause Young (Allocation Failure)
[2019-04-15T13:41:00.689+0200][26,647s] GC(14) Using 4 workers of 4 for evacuation
[2019-04-15T13:41:00.773+0200][26,731s] GC(14) ParNew: 109248K->21824K(109248K)
[2019-04-15T13:41:00.773+0200][26,732s] GC(14) CMS: 55842K->63122K(393216K)
[2019-04-15T13:41:00.773+0200][26,732s] GC(14) Metaspace: 58318K->58318K(1101824K)
[2019-04-15T13:41:00.773+0200][26,732s] GC(14) Pause Young (Allocation Failure) 161M->82M(490M) 84,206ms
[2019-04-15T13:41:00.773+0200][26,732s] GC(14) User=0,21s Sys=0,02s Real=0,09s
[2019-04-15T13:41:02.094+0200][28,052s] GC(15) Pause Young (Allocation Failure)
[2019-04-15T13:41:02.094+0200][28,052s] GC(15) Using 4 workers of 4 for evacuation
[2019-04-15T13:41:02.160+0200][28,118s] GC(15) ParNew: 109248K->21824K(109248K)
[2019-04-15T13:41:02.160+0200][28,118s] GC(15) CMS: 63122K->69409K(393216K)
[2019-04-15T13:41:02.160+0200][28,118s] GC(15) Metaspace: 60803K->60803K(1105920K)
[2019-04-15T13:41:02.160+0200][28,118s] GC(15) Pause Young (Allocation Failure) 168M->89M(490M) 66,684ms
[2019-04-15T13:41:02.160+0200][28,119s] GC(15) User=0,16s Sys=0,02s Real=0,06s
[2019-04-15T13:41:02.845+0200][28,803s] GC(16) Pause Young (Allocation Failure)
[2019-04-15T13:41:02.845+0200][28,803s] GC(16) Using 4 workers of 4 for evacuation
[2019-04-15T13:41:02.906+0200][28,864s] GC(16) ParNew: 109248K->21824K(109248K)
[2019-04-15T13:41:02.906+0200][28,864s] GC(16) CMS: 69409K->76806K(393216K)
[2019-04-15T13:41:02.906+0200][28,864s] GC(16) Metaspace: 61355K->61355K(1105920K)
[2019-04-15T13:41:02.906+0200][28,864s] GC(16) Pause Young (Allocation Failure) 174M->96M(490M) 61,242ms
[2019-04-15T13:41:02.906+0200][28,864s] GC(16) User=0,15s Sys=0,01s Real=0,07s
[2019-04-15T13:41:03.343+0200][29,302s] GC(17) Pause Young (Allocation Failure)
[2019-04-15T13:41:03.344+0200][29,302s] GC(17) Using 4 workers of 4 for evacuation
[2019-04-15T13:41:03.393+0200][29,352s] GC(17) ParNew: 109248K->21824K(109248K)
[2019-04-15T13:41:03.393+0200][29,352s] GC(17) CMS: 76806K->81692K(393216K)
[2019-04-15T13:41:03.393+0200][29,352s] GC(17) Metaspace: 61388K->61388K(1105920K)
[2019-04-15T13:41:03.393+0200][29,352s] GC(17) Pause Young (Allocation Failure) 181M->101M(490M) 49,947ms
[2019-04-15T13:41:03.393+0200][29,352s] GC(17) User=0,09s Sys=0,02s Real=0,06s
[2019-04-15T13:41:04.223+0200][30,182s] GC(18) Pause Young (Allocation Failure)
[2019-04-15T13:41:04.224+0200][30,182s] GC(18) Using 4 workers of 4 for evacuation
[2019-04-15T13:41:04.279+0200][30,238s] GC(18) ParNew: 109248K->21824K(109248K)
[2019-04-15T13:41:04.280+0200][30,238s] GC(18) CMS: 81692K->84581K(393216K)
[2019-04-15T13:41:04.280+0200][30,238s] GC(18) Metaspace: 61823K->61823K(1105920K)
[2019-04-15T13:41:04.280+0200][30,238s] GC(18) Pause Young (Allocation Failure) 186M->103M(490M) 56,117ms
[2019-04-15T13:41:04.280+0200][30,238s] GC(18) User=0,10s Sys=0,00s Real=0,06s
[2019-04-15T13:41:06.521+0200][32,480s] GC(19) Pause Young (Allocation Failure)
[2019-04-15T13:41:06.521+0200][32,480s] GC(19) Using 4 workers of 4 for evacuation
[2019-04-15T13:41:06.598+0200][32,556s] GC(19) ParNew: 109248K->21824K(109248K)
[2019-04-15T13:41:06.598+0200][32,556s] GC(19) CMS: 84581K->135337K(393216K)
[2019-04-15T13:41:06.598+0200][32,556s] GC(19) Metaspace: 61974K->61974K(1105920K)
[2019-04-15T13:41:06.598+0200][32,556s] GC(19) Pause Young (Allocation Failure) 189M->153M(490M) 76,886ms
[2019-04-15T13:41:06.598+0200][32,556s] GC(19) User=0,10s Sys=0,02s Real=0,08s
[2019-04-15T13:41:06.795+0200][32,754s] GC(20) Pause Young (Allocation Failure)
[2019-04-15T13:41:06.795+0200][32,754s] GC(20) Using 4 workers of 4 for evacuation
[2019-04-15T13:41:06.884+0200][32,842s] GC(20) ParNew: 109248K->21824K(109248K)
[2019-04-15T13:41:06.884+0200][32,842s] GC(20) CMS: 135337K->215702K(393216K)
[2019-04-15T13:41:06.884+0200][32,842s] GC(20) Metaspace: 61980K->61980K(1105920K)
[2019-04-15T13:41:06.884+0200][32,842s] GC(20) Pause Young (Allocation Failure) 238M->231M(490M) 88,347ms
[2019-04-15T13:41:06.884+0200][32,842s] GC(20) User=0,23s Sys=0,03s Real=0,08s
[2019-04-15T13:41:06.884+0200][32,842s] GC(21) Pause Initial Mark
[2019-04-15T13:41:06.887+0200][32,845s] GC(21) Pause Initial Mark 233M->233M(490M) 2,685ms
[2019-04-15T13:41:06.887+0200][32,845s] GC(21) User=0,00s Sys=0,00s Real=0,01s
[2019-04-15T13:41:06.887+0200][32,845s] GC(21) Concurrent Mark
[2019-04-15T13:41:06.887+0200][32,845s] GC(21) Using 4 workers of 4 for marking
[2019-04-15T13:41:06.977+0200][32,935s] GC(21) Concurrent Mark 90,327ms
[2019-04-15T13:41:06.977+0200][32,935s] GC(21) User=0,24s Sys=0,00s Real=0,09s
[2019-04-15T13:41:06.977+0200][32,935s] GC(21) Concurrent Preclean
[2019-04-15T13:41:06.978+0200][32,936s] GC(21) Concurrent Preclean 1,212ms
[2019-04-15T13:41:06.978+0200][32,936s] GC(21) User=0,00s Sys=0,00s Real=0,00s
[2019-04-15T13:41:06.978+0200][32,936s] GC(21) Concurrent Abortable Preclean
[2019-04-15T13:41:07.261+0200][33,219s] GC(22) Pause Young (Allocation Failure)
[2019-04-15T13:41:07.261+0200][33,219s] GC(22) Using 4 workers of 4 for evacuation
[2019-04-15T13:41:07.277+0200][33,236s] GC(22) ParNew: 109248K->21824K(109248K)
[2019-04-15T13:41:07.277+0200][33,236s] GC(22) CMS: 215702K->219843K(393216K)
[2019-04-15T13:41:07.277+0200][33,236s] GC(22) Metaspace: 62014K->62014K(1105920K)
[2019-04-15T13:41:07.277+0200][33,236s] GC(22) Pause Young (Allocation Failure) 317M->236M(490M) 16,640ms
[2019-04-15T13:41:07.277+0200][33,236s] GC(22) User=0,04s Sys=0,01s Real=0,02s
[2019-04-15T13:41:07.460+0200][33,418s] GC(23) Pause Young (Allocation Failure)
[2019-04-15T13:41:07.460+0200][33,418s] GC(23) Using 4 workers of 4 for evacuation
[2019-04-15T13:41:07.481+0200][33,439s] GC(23) ParNew: 109248K->21824K(109248K)
[2019-04-15T13:41:07.481+0200][33,440s] GC(23) CMS: 219843K->226543K(393216K)
[2019-04-15T13:41:07.481+0200][33,440s] GC(23) Metaspace: 62023K->62023K(1105920K)
[2019-04-15T13:41:07.481+0200][33,440s] GC(23) Pause Young (Allocation Failure) 321M->242M(490M) 21,609ms
[2019-04-15T13:41:07.481+0200][33,440s] GC(23) User=0,05s Sys=0,00s Real=0,02s
[2019-04-15T13:41:07.481+0200][33,440s] GC(21) Concurrent Abortable Preclean 503,128ms
[2019-04-15T13:41:07.481+0200][33,440s] GC(21) User=1,32s Sys=0,03s Real=0,50s
[2019-04-15T13:41:07.483+0200][33,441s] GC(21) Pause Remark
[2019-04-15T13:41:07.483+0200][33,441s] GC(24) Pause Young (CMS Final Remark)
[2019-04-15T13:41:07.483+0200][33,441s] GC(24) Using 4 workers of 4 for evacuation
[2019-04-15T13:41:07.490+0200][33,449s] GC(24) ParNew: 22849K->21824K(109248K)
[2019-04-15T13:41:07.490+0200][33,449s] GC(24) CMS: 226543K->226626K(393216K)
[2019-04-15T13:41:07.490+0200][33,449s] GC(24) Metaspace: 62023K->62023K(1105920K)
[2019-04-15T13:41:07.490+0200][33,449s] GC(24) Pause Young (CMS Final Remark) 243M->242M(490M) 7,468ms
[2019-04-15T13:41:07.490+0200][33,449s] GC(24) User=0,03s Sys=0,00s Real=0,01s
[2019-04-15T13:41:07.534+0200][33,492s] GC(21) Pause Remark 243M->242M(490M) 51,218ms
[2019-04-15T13:41:07.534+0200][33,492s] GC(21) User=0,14s Sys=0,00s Real=0,06s
[2019-04-15T13:41:07.534+0200][33,492s] GC(21) Concurrent Sweep
[2019-04-15T13:41:07.601+0200][33,559s] GC(21) Concurrent Sweep 66,592ms
[2019-04-15T13:41:07.601+0200][33,559s] GC(21) User=0,18s Sys=0,00s Real=0,06s
[2019-04-15T13:41:07.601+0200][33,559s] GC(21) Concurrent Reset
[2019-04-15T13:41:07.601+0200][33,560s] GC(21) Concurrent Reset 0,512ms
[2019-04-15T13:41:07.601+0200][33,560s] GC(21) User=0,00s Sys=0,00s Real=0,00s
[2019-04-15T13:41:07.601+0200][33,560s] GC(21) Old: 215702K->215057K(393216K)
[2019-04-15T13:41:07.718+0200][33,676s] GC(25) Pause Young (Allocation Failure)
[2019-04-15T13:41:07.718+0200][33,676s] GC(25) Using 4 workers of 4 for evacuation
[2019-04-15T13:41:07.747+0200][33,705s] GC(25) ParNew: 109248K->17510K(109248K)
[2019-04-15T13:41:07.747+0200][33,705s] GC(25) CMS: 215057K->220011K(393216K)
[2019-04-15T13:41:07.747+0200][33,705s] GC(25) Metaspace: 62056K->62056K(1105920K)
[2019-04-15T13:41:07.747+0200][33,705s] GC(25) Pause Young (Allocation Failure) 316M->231M(490M) 29,207ms
[2019-04-15T13:41:07.747+0200][33,706s] GC(25) User=0,07s Sys=0,00s Real=0,03s
[2019-04-15T13:41:07.747+0200][33,706s] GC(26) Pause Initial Mark
[2019-04-15T13:41:07.750+0200][33,709s] GC(26) Pause Initial Mark 233M->233M(490M) 2,846ms
[2019-04-15T13:41:07.750+0200][33,709s] GC(26) User=0,01s Sys=0,00s Real=0,00s
[2019-04-15T13:41:07.753+0200][33,711s] GC(26) Concurrent Mark
[2019-04-15T13:41:07.753+0200][33,711s] GC(26) Using 4 workers of 4 for marking
[2019-04-15T13:41:07.809+0200][33,767s] GC(26) Concurrent Mark 55,819ms
[2019-04-15T13:41:07.809+0200][33,767s] GC(26) User=0,18s Sys=0,00s Real=0,05s
[2019-04-15T13:41:07.809+0200][33,767s] GC(26) Concurrent Preclean
[2019-04-15T13:41:07.810+0200][33,768s] GC(26) Concurrent Preclean 1,228ms
[2019-04-15T13:41:07.810+0200][33,769s] GC(26) User=0,00s Sys=0,00s Real=0,00s
[2019-04-15T13:41:07.810+0200][33,769s] GC(26) Concurrent Abortable Preclean
[2019-04-15T13:41:08.179+0200][34,138s] GC(27) Pause Young (Allocation Failure)
[2019-04-15T13:41:08.180+0200][34,138s] GC(27) Using 4 workers of 4 for evacuation
[2019-04-15T13:41:08.207+0200][34,165s] GC(27) ParNew: 104934K->18775K(109248K)
[2019-04-15T13:41:08.207+0200][34,165s] GC(27) CMS: 220011K->220011K(393216K)
[2019-04-15T13:41:08.207+0200][34,165s] GC(27) Metaspace: 62091K->62091K(1105920K)
[2019-04-15T13:41:08.207+0200][34,165s] GC(27) Pause Young (Allocation Failure) 317M->233M(490M) 27,504ms
[2019-04-15T13:41:08.207+0200][34,165s] GC(27) User=0,08s Sys=0,00s Real=0,03s
[2019-04-15T13:41:09.036+0200][34,994s] GC(28) Pause Young (Allocation Failure)
[2019-04-15T13:41:09.036+0200][34,994s] GC(28) Using 4 workers of 4 for evacuation
[2019-04-15T13:41:09.054+0200][35,013s] GC(26) Concurrent Abortable Preclean 1244,045ms
[2019-04-15T13:41:09.054+0200][35,013s] GC(26) User=3,58s Sys=0,01s Real=1,25s
[2019-04-15T13:41:09.086+0200][35,044s] GC(28) ParNew: 106199K->18285K(109248K)
[2019-04-15T13:41:09.086+0200][35,044s] GC(28) CMS: 220011K->222022K(393216K)
[2019-04-15T13:41:09.086+0200][35,044s] GC(28) Metaspace: 62341K->62341K(1105920K)
[2019-04-15T13:41:09.086+0200][35,045s] GC(28) Pause Young (Allocation Failure) 318M->234M(490M) 50,377ms
[2019-04-15T13:41:09.086+0200][35,045s] GC(28) User=0,15s Sys=0,00s Real=0,05s
[2019-04-15T13:41:09.093+0200][35,051s] GC(26) Pause Remark
[2019-04-15T13:41:09.093+0200][35,051s] GC(29) Pause Young (CMS Final Remark)
[2019-04-15T13:41:09.093+0200][35,051s] GC(29) Using 4 workers of 4 for evacuation
[2019-04-15T13:41:09.110+0200][35,069s] GC(29) ParNew: 21220K->16124K(109248K)
[2019-04-15T13:41:09.111+0200][35,069s] GC(29) CMS: 222022K->222579K(393216K)
[2019-04-15T13:41:09.111+0200][35,069s] GC(29) Metaspace: 62341K->62341K(1105920K)
[2019-04-15T13:41:09.111+0200][35,069s] GC(29) Pause Young (CMS Final Remark) 237M->233M(490M) 17,793ms
[2019-04-15T13:41:09.111+0200][35,069s] GC(29) User=0,05s Sys=0,01s Real=0,02s
[2019-04-15T13:41:09.138+0200][35,097s] GC(26) Pause Remark 237M->233M(490M) 45,661ms
[2019-04-15T13:41:09.138+0200][35,097s] GC(26) User=0,09s Sys=0,01s Real=0,05s
[2019-04-15T13:41:09.138+0200][35,097s] GC(26) Concurrent Sweep
[2019-04-15T13:41:09.198+0200][35,156s] GC(26) Concurrent Sweep 59,605ms
[2019-04-15T13:41:09.198+0200][35,156s] GC(26) User=0,18s Sys=0,00s Real=0,06s
[2019-04-15T13:41:09.198+0200][35,156s] GC(26) Concurrent Reset
[2019-04-15T13:41:09.199+0200][35,157s] GC(26) Concurrent Reset 0,433ms
[2019-04-15T13:41:09.199+0200][35,157s] GC(26) User=0,00s Sys=0,00s Real=0,00s
[2019-04-15T13:41:09.199+0200][35,157s] GC(26) Old: 220011K->165328K(393216K)
[2019-04-15T13:41:09.427+0200][35,386s] GC(30) Pause Young (Allocation Failure)
[2019-04-15T13:41:09.427+0200][35,386s] GC(30) Using 4 workers of 4 for evacuation
[2019-04-15T13:41:09.444+0200][35,403s] GC(30) ParNew: 103548K->19629K(109248K)
[2019-04-15T13:41:09.444+0200][35,403s] GC(30) CMS: 165328K->165430K(393216K)
[2019-04-15T13:41:09.444+0200][35,403s] GC(30) Metaspace: 62383K->62383K(1105920K)
[2019-04-15T13:41:09.444+0200][35,403s] GC(30) Pause Young (Allocation Failure) 262M->180M(490M) 17,128ms
[2019-04-15T13:41:09.444+0200][35,403s] GC(30) User=0,05s Sys=0,00s Real=0,01s
[2019-04-15T13:41:10.261+0200][36,219s] GC(31) Pause Young (Allocation Failure)
[2019-04-15T13:41:10.261+0200][36,219s] GC(31) Using 4 workers of 4 for evacuation
[2019-04-15T13:41:10.292+0200][36,250s] GC(31) ParNew: 107053K->21824K(109248K)
[2019-04-15T13:41:10.292+0200][36,250s] GC(31) CMS: 165430K->176976K(393216K)
[2019-04-15T13:41:10.292+0200][36,250s] GC(31) Metaspace: 62403K->62403K(1105920K)
[2019-04-15T13:41:10.292+0200][36,250s] GC(31) Pause Young (Allocation Failure) 266M->194M(490M) 31,422ms
[2019-04-15T13:41:10.292+0200][36,250s] GC(31) User=0,07s Sys=0,01s Real=0,03s
[2019-04-15T13:41:10.877+0200][36,835s] GC(32) Pause Young (Allocation Failure)
[2019-04-15T13:41:10.877+0200][36,835s] GC(32) Using 4 workers of 4 for evacuation
[2019-04-15T13:41:10.922+0200][36,881s] GC(32) ParNew: 109248K->21824K(109248K)
[2019-04-15T13:41:10.922+0200][36,881s] GC(32) CMS: 176976K->256782K(393216K)
[2019-04-15T13:41:10.922+0200][36,881s] GC(32) Metaspace: 62404K->62404K(1105920K)
[2019-04-15T13:41:10.922+0200][36,881s] GC(32) Pause Young (Allocation Failure) 279M->272M(490M) 45,875ms
[2019-04-15T13:41:10.922+0200][36,881s] GC(32) User=0,07s Sys=0,01s Real=0,04s
[2019-04-15T13:41:10.923+0200][36,881s] GC(33) Pause Initial Mark
[2019-04-15T13:41:10.923+0200][36,881s] GC(33) Pause Initial Mark 272M->272M(490M) 0,454ms
[2019-04-15T13:41:10.923+0200][36,881s] GC(33) User=0,00s Sys=0,00s Real=0,00s
[2019-04-15T13:41:10.923+0200][36,881s] GC(33) Concurrent Mark
[2019-04-15T13:41:10.923+0200][36,881s] GC(33) Using 4 workers of 4 for marking
[2019-04-15T13:41:10.971+0200][36,929s] GC(33) Concurrent Mark 48,055ms
[2019-04-15T13:41:10.971+0200][36,930s] GC(33) User=0,11s Sys=0,01s Real=0,05s
[2019-04-15T13:41:10.971+0200][36,930s] GC(33) Concurrent Preclean
[2019-04-15T13:41:10.972+0200][36,931s] GC(33) Concurrent Preclean 1,010ms
[2019-04-15T13:41:10.972+0200][36,931s] GC(33) User=0,00s Sys=0,00s Real=0,00s
[2019-04-15T13:41:10.972+0200][36,931s] GC(33) Concurrent Abortable Preclean
[2019-04-15T13:41:11.512+0200][37,470s] GC(34) Pause Young (Allocation Failure)
[2019-04-15T13:41:11.512+0200][37,470s] GC(34) Using 4 workers of 4 for evacuation
[2019-04-15T13:41:11.579+0200][37,538s] GC(34) ParNew: 109248K->21824K(109248K)
[2019-04-15T13:41:11.579+0200][37,538s] GC(34) CMS: 256782K->340512K(393216K)
[2019-04-15T13:41:11.580+0200][37,538s] GC(34) Metaspace: 62405K->62405K(1105920K)
[2019-04-15T13:41:11.580+0200][37,538s] GC(34) Pause Young (Allocation Failure) 357M->353M(490M) 67,378ms
[2019-04-15T13:41:11.580+0200][37,538s] GC(34) User=0,14s Sys=0,04s Real=0,07s
[2019-04-15T13:41:11.798+0200][37,757s] GC(33) Concurrent Abortable Preclean 826,091ms
[2019-04-15T13:41:11.799+0200][37,757s] GC(33) User=0,61s Sys=0,41s Real=0,83s
[2019-04-15T13:41:11.802+0200][37,760s] GC(33) Pause Remark
[2019-04-15T13:41:11.802+0200][37,760s] GC(35) Pause Young (CMS Final Remark)
[2019-04-15T13:41:11.802+0200][37,760s] GC(35) Using 4 workers of 4 for evacuation
[2019-04-15T13:41:11.802+0200][37,760s] GC(35) ParNew: 66806K->66806K(109248K)
[2019-04-15T13:41:11.802+0200][37,760s] GC(35) CMS: 340512K->340512K(393216K)
[2019-04-15T13:41:11.802+0200][37,760s] GC(35) Metaspace: 62405K->62405K(1105920K)
[2019-04-15T13:41:11.802+0200][37,760s] GC(35) Pause Young (CMS Final Remark) 397M->397M(490M) 0,085ms
[2019-04-15T13:41:11.802+0200][37,760s] GC(35) User=0,00s Sys=0,00s Real=0,00s
[2019-04-15T13:41:11.844+0200][37,802s] GC(33) Pause Remark 397M->397M(490M) 42,229ms
[2019-04-15T13:41:11.844+0200][37,802s] GC(33) User=0,08s Sys=0,00s Real=0,04s
[2019-04-15T13:41:11.844+0200][37,802s] GC(33) Concurrent Sweep
[2019-04-15T13:41:11.929+0200][37,887s] GC(33) Concurrent Sweep 84,645ms
[2019-04-15T13:41:11.929+0200][37,887s] GC(33) User=0,24s Sys=0,01s Real=0,09s
[2019-04-15T13:41:11.931+0200][37,889s] GC(33) Concurrent Reset
[2019-04-15T13:41:11.932+0200][37,890s] GC(33) Concurrent Reset 0,526ms
[2019-04-15T13:41:11.932+0200][37,890s] GC(33) User=0,00s Sys=0,00s Real=0,00s
[2019-04-15T13:41:11.932+0200][37,890s] GC(33) Old: 256782K->285804K(393216K)
[2019-04-15T13:41:11.932+0200][37,890s] GC(36) Pause Young (Allocation Failure)
[2019-04-15T13:41:11.932+0200][37,890s] GC(36) Using 4 workers of 4 for evacuation
[2019-04-15T13:41:11.932+0200][37,890s] GC(37) Pause Full (Allocation Failure)
[2019-04-15T13:41:11.932+0200][37,891s] GC(37) Phase 1: Mark live objects
[2019-04-15T13:41:12.006+0200][37,965s] GC(37) Phase 1: Mark live objects 73,783ms
[2019-04-15T13:41:12.006+0200][37,965s] GC(37) Phase 2: Compute new object addresses
[2019-04-15T13:41:12.042+0200][38,000s] GC(37) Phase 2: Compute new object addresses 35,444ms
[2019-04-15T13:41:12.042+0200][38,000s] GC(37) Phase 3: Adjust pointers
[2019-04-15T13:41:12.085+0200][38,044s] GC(37) Phase 3: Adjust pointers 43,526ms
[2019-04-15T13:41:12.085+0200][38,044s] GC(37) Phase 4: Move objects
[2019-04-15T13:41:12.167+0200][38,125s] GC(37) Phase 4: Move objects 81,428ms
[2019-04-15T13:41:12.167+0200][38,126s] GC(37) Pause Full (Allocation Failure) 385M->362M(490M) 235,596ms
[2019-04-15T13:41:12.167+0200][38,126s] GC(36) ParNew: 109248K->0K(109248K)
[2019-04-15T13:41:12.167+0200][38,126s] GC(36) CMS: 285804K->371637K(393216K)
[2019-04-15T13:41:12.167+0200][38,126s] GC(36) Metaspace: 62405K->62405K(1105920K)
[2019-04-15T13:41:12.168+0200][38,126s] GC(36) Pause Young (Allocation Failure) 385M->362M(490M) 235,704ms
[2019-04-15T13:41:12.168+0200][38,126s] GC(36) User=0,30s Sys=0,00s Real=0,24s
[2019-04-15T13:41:12.177+0200][38,136s] GC(38) Pause Initial Mark
[2019-04-15T13:41:12.178+0200][38,136s] GC(38) Pause Initial Mark 384M->384M(490M) 0,611ms
[2019-04-15T13:41:12.178+0200][38,136s] GC(38) User=0,00s Sys=0,00s Real=0,00s
[2019-04-15T13:41:12.178+0200][38,136s] GC(38) Concurrent Mark
[2019-04-15T13:41:12.178+0200][38,136s] GC(38) Using 4 workers of 4 for marking
[2019-04-15T13:41:12.231+0200][38,189s] GC(38) Concurrent Mark 52,897ms
[2019-04-15T13:41:12.231+0200][38,189s] GC(38) User=0,16s Sys=0,00s Real=0,05s
[2019-04-15T13:41:12.231+0200][38,189s] GC(38) Concurrent Preclean
[2019-04-15T13:41:12.232+0200][38,190s] GC(38) Concurrent Preclean 0,925ms
[2019-04-15T13:41:12.232+0200][38,190s] GC(38) User=0,00s Sys=0,00s Real=0,00s
[2019-04-15T13:41:12.232+0200][38,190s] GC(38) Concurrent Abortable Preclean
[2019-04-15T13:41:12.232+0200][38,190s] GC(38) Concurrent Abortable Preclean 0,011ms
[2019-04-15T13:41:12.232+0200][38,190s] GC(38) User=0,00s Sys=0,00s Real=0,00s
[2019-04-15T13:41:12.232+0200][38,190s] GC(38) Pause Remark
[2019-04-15T13:41:12.232+0200][38,190s] GC(39) Pause Young (CMS Final Remark)
[2019-04-15T13:41:12.232+0200][38,190s] GC(39) Using 4 workers of 4 for evacuation
[2019-04-15T13:41:12.232+0200][38,190s] GC(39) ParNew: 39526K->39526K(109248K)
[2019-04-15T13:41:12.232+0200][38,190s] GC(39) CMS: 371637K->371637K(393216K)
[2019-04-15T13:41:12.232+0200][38,190s] GC(39) Metaspace: 62405K->62405K(1105920K)
[2019-04-15T13:41:12.232+0200][38,190s] GC(39) Pause Young (CMS Final Remark) 401M->401M(490M) 0,052ms
[2019-04-15T13:41:12.232+0200][38,190s] GC(39) User=0,00s Sys=0,00s Real=0,00s
[2019-04-15T13:41:12.264+0200][38,222s] GC(38) Pause Remark 401M->401M(490M) 31,924ms
[2019-04-15T13:41:12.264+0200][38,222s] GC(38) User=0,05s Sys=0,00s Real=0,03s
[2019-04-15T13:41:12.264+0200][38,222s] GC(38) Concurrent Sweep
[2019-04-15T13:41:12.325+0200][38,283s] GC(40) Pause Full (Allocation Failure)
[2019-04-15T13:41:12.326+0200][38,284s] GC(38) Concurrent Sweep 61,436ms
[2019-04-15T13:41:12.326+0200][38,284s] GC(38) User=0,13s Sys=0,01s Real=0,07s
[2019-04-15T13:41:12.326+0200][38,284s] GC(40) Phase 1: Mark live objects
[2019-04-15T13:41:12.386+0200][38,345s] GC(40) Phase 1: Mark live objects 60,746ms
[2019-04-15T13:41:12.386+0200][38,345s] GC(40) Phase 2: Compute new object addresses
[2019-04-15T13:41:12.417+0200][38,376s] GC(40) Phase 2: Compute new object addresses 30,935ms
[2019-04-15T13:41:12.417+0200][38,376s] GC(40) Phase 3: Adjust pointers
[2019-04-15T13:41:12.467+0200][38,425s] GC(40) Phase 3: Adjust pointers 49,271ms
[2019-04-15T13:41:12.467+0200][38,425s] GC(40) Phase 4: Move objects
[2019-04-15T13:41:12.539+0200][38,497s] GC(40) Phase 4: Move objects 72,322ms
[2019-04-15T13:41:12.540+0200][38,498s] GC(40) ParNew: 87424K->82899K(109248K)
[2019-04-15T13:41:12.540+0200][38,498s] GC(40) CMS: 392926K->393212K(393216K)
[2019-04-15T13:41:12.540+0200][38,498s] GC(40) Metaspace: 62405K->62405K(1105920K)
[2019-04-15T13:41:12.540+0200][38,498s] GC(40) Pause Full (Allocation Failure) 469M->464M(490M) 214,777ms
[2019-04-15T13:41:12.540+0200][38,498s] GC(40) User=0,22s Sys=0,00s Real=0,21s
[2019-04-15T13:41:12.540+0200][38,498s] GC(38) Old: 371637K->393212K(393216K)
[2019-04-15T13:41:12.563+0200][38,521s] GC(41) Pause Full (Allocation Failure)
[2019-04-15T13:41:12.563+0200][38,522s] GC(41) Phase 1: Mark live objects
[2019-04-15T13:41:12.615+0200][38,573s] GC(41) Phase 1: Mark live objects 51,727ms
[2019-04-15T13:41:12.615+0200][38,573s] GC(41) Phase 2: Compute new object addresses
[2019-04-15T13:41:12.646+0200][38,605s] GC(41) Phase 2: Compute new object addresses 31,256ms
[2019-04-15T13:41:12.647+0200][38,605s] GC(41) Phase 3: Adjust pointers
[2019-04-15T13:41:12.691+0200][38,650s] GC(41) Phase 3: Adjust pointers 44,925ms
[2019-04-15T13:41:12.691+0200][38,650s] GC(41) Phase 4: Move objects
[2019-04-15T13:41:12.753+0200][38,711s] GC(41) Phase 4: Move objects 61,693ms
[2019-04-15T13:41:12.754+0200][38,712s] GC(41) ParNew: 109246K->108525K(109248K)
[2019-04-15T13:41:12.754+0200][38,712s] GC(41) CMS: 393212K->393214K(393216K)
[2019-04-15T13:41:12.754+0200][38,712s] GC(41) Metaspace: 62405K->62405K(1105920K)
[2019-04-15T13:41:12.754+0200][38,712s] GC(41) Pause Full (Allocation Failure) 490M->489M(490M) 190,986ms
[2019-04-15T13:41:12.754+0200][38,712s] GC(41) User=0,19s Sys=0,00s Real=0,20s
[2019-04-15T13:41:12.754+0200][38,713s] GC(42) Pause Initial Mark
[2019-04-15T13:41:12.757+0200][38,715s] GC(42) Pause Initial Mark 489M->489M(490M) 2,580ms
[2019-04-15T13:41:12.757+0200][38,715s] GC(42) User=0,00s Sys=0,00s Real=0,00s
[2019-04-15T13:41:12.757+0200][38,715s] GC(42) Concurrent Mark
[2019-04-15T13:41:12.757+0200][38,715s] GC(42) Using 4 workers of 4 for marking
[2019-04-15T13:41:12.758+0200][38,716s] GC(43) Pause Full (Allocation Failure)
[2019-04-15T13:41:12.798+0200][38,756s] GC(42) Concurrent Mark 40,771ms
[2019-04-15T13:41:12.798+0200][38,756s] GC(42) User=0,11s Sys=0,00s Real=0,04s
[2019-04-15T13:41:12.798+0200][38,756s] GC(43) Phase 1: Mark live objects
[2019-04-15T13:41:12.852+0200][38,810s] GC(43) Phase 1: Mark live objects 53,695ms
[2019-04-15T13:41:12.852+0200][38,810s] GC(43) Phase 2: Compute new object addresses
[2019-04-15T13:41:12.881+0200][38,840s] GC(43) Phase 2: Compute new object addresses 29,709ms
[2019-04-15T13:41:12.881+0200][38,840s] GC(43) Phase 3: Adjust pointers
[2019-04-15T13:41:12.927+0200][38,885s] GC(43) Phase 3: Adjust pointers 45,417ms
[2019-04-15T13:41:12.927+0200][38,885s] GC(43) Phase 4: Move objects
[2019-04-15T13:41:13.015+0200][38,973s] GC(43) Phase 4: Move objects 87,699ms
[2019-04-15T13:41:13.015+0200][38,974s] GC(43) ParNew: 109245K->108423K(109248K)
[2019-04-15T13:41:13.015+0200][38,974s] GC(43) CMS: 393214K->393213K(393216K)
[2019-04-15T13:41:13.015+0200][38,974s] GC(43) Metaspace: 62405K->62405K(1105920K)
[2019-04-15T13:41:13.015+0200][38,974s] GC(43) Pause Full (Allocation Failure) 490M->489M(490M) 257,893ms
[2019-04-15T13:41:13.015+0200][38,974s] GC(43) User=0,33s Sys=0,00s Real=0,26s
[2019-04-15T13:41:13.016+0200][38,974s] GC(44) Pause Full (Allocation Failure)
[2019-04-15T13:41:13.017+0200][38,975s] GC(44) Phase 1: Mark live objects
[2019-04-15T13:41:13.075+0200][39,034s] GC(44) Phase 1: Mark live objects 58,612ms
[2019-04-15T13:41:13.075+0200][39,034s] GC(44) Phase 2: Compute new object addresses
[2019-04-15T13:41:13.107+0200][39,065s] GC(44) Phase 2: Compute new object addresses 31,466ms
[2019-04-15T13:41:13.107+0200][39,065s] GC(44) Phase 3: Adjust pointers
[2019-04-15T13:41:13.148+0200][39,106s] GC(44) Phase 3: Adjust pointers 40,748ms
[2019-04-15T13:41:13.148+0200][39,106s] GC(44) Phase 4: Move objects
[2019-04-15T13:41:13.149+0200][39,107s] GC(44) Phase 4: Move objects 0,920ms
[2019-04-15T13:41:13.149+0200][39,107s] GC(44) ParNew: 109246K->109233K(109248K)
[2019-04-15T13:41:13.149+0200][39,107s] GC(44) CMS: 393213K->393213K(393216K)
[2019-04-15T13:41:13.149+0200][39,107s] GC(44) Metaspace: 62236K->62236K(1105920K)
[2019-04-15T13:41:13.149+0200][39,107s] GC(44) Pause Full (Allocation Failure) 490M->490M(490M) 132,944ms
[2019-04-15T13:41:13.149+0200][39,107s] GC(44) User=0,13s Sys=0,00s Real=0,13s
[2019-04-15T13:41:13.149+0200][39,108s] GC(45) Pause Full (Allocation Failure)
[2019-04-15T13:41:13.150+0200][39,108s] GC(45) Phase 1: Mark live objects
[2019-04-15T13:41:13.200+0200][39,158s] GC(45) Phase 1: Mark live objects 49,846ms
[2019-04-15T13:41:13.200+0200][39,158s] GC(45) Phase 2: Compute new object addresses
[2019-04-15T13:41:13.230+0200][39,189s] GC(45) Phase 2: Compute new object addresses 30,686ms
[2019-04-15T13:41:13.230+0200][39,189s] GC(45) Phase 3: Adjust pointers
[2019-04-15T13:41:13.274+0200][39,232s] GC(45) Phase 3: Adjust pointers 43,149ms
[2019-04-15T13:41:13.274+0200][39,232s] GC(45) Phase 4: Move objects
[2019-04-15T13:41:13.274+0200][39,232s] GC(45) Phase 4: Move objects 0,093ms
[2019-04-15T13:41:13.274+0200][39,233s] GC(45) ParNew: 109245K->109245K(109248K)
[2019-04-15T13:41:13.274+0200][39,233s] GC(45) CMS: 393213K->393213K(393216K)
[2019-04-15T13:41:13.274+0200][39,233s] GC(45) Metaspace: 62236K->62236K(1105920K)
[2019-04-15T13:41:13.274+0200][39,233s] GC(45) Pause Full (Allocation Failure) 490M->490M(490M) 124,922ms
[2019-04-15T13:41:13.274+0200][39,233s] GC(45) User=0,12s Sys=0,00s Real=0,13s
[2019-04-15T13:41:13.274+0200][39,233s] GC(46) Pause Full (Allocation Failure)
[2019-04-15T13:41:13.275+0200][39,233s] GC(46) Phase 1: Mark live objects
[2019-04-15T13:41:13.327+0200][39,285s] GC(46) Phase 1: Mark live objects 52,292ms
[2019-04-15T13:41:13.327+0200][39,285s] GC(46) Phase 2: Compute new object addresses
[2019-04-15T13:41:13.356+0200][39,315s] GC(46) Phase 2: Compute new object addresses 29,360ms
[2019-04-15T13:41:13.356+0200][39,315s] GC(46) Phase 3: Adjust pointers
[2019-04-15T13:41:13.399+0200][39,357s] GC(46) Phase 3: Adjust pointers 42,535ms
[2019-04-15T13:41:13.399+0200][39,357s] GC(46) Phase 4: Move objects
[2019-04-15T13:41:13.496+0200][39,454s] GC(46) Phase 4: Move objects 96,558ms
[2019-04-15T13:41:13.496+0200][39,455s] GC(46) ParNew: 109245K->107312K(109248K)
[2019-04-15T13:41:13.496+0200][39,455s] GC(46) CMS: 393213K->393213K(393216K)
[2019-04-15T13:41:13.496+0200][39,455s] GC(46) Metaspace: 62236K->62236K(1105920K)
[2019-04-15T13:41:13.497+0200][39,455s] GC(46) Pause Full (Allocation Failure) 490M->488M(490M) 222,161ms
[2019-04-15T13:41:13.497+0200][39,455s] GC(46) User=0,23s Sys=0,00s Real=0,22s
[2019-04-15T13:41:13.497+0200][39,455s] GC(47) Pause Initial Mark
[2019-04-15T13:41:13.499+0200][39,458s] GC(47) Pause Initial Mark 488M->488M(490M) 2,406ms
[2019-04-15T13:41:13.499+0200][39,458s] GC(47) User=0,00s Sys=0,01s Real=0,00s
[2019-04-15T13:41:13.499+0200][39,458s] GC(47) Concurrent Mark
[2019-04-15T13:41:13.499+0200][39,458s] GC(47) Using 4 workers of 4 for marking
[2019-04-15T13:41:13.502+0200][39,460s] GC(48) Pause Full (Allocation Failure)
[2019-04-15T13:41:13.537+0200][39,495s] GC(47) Concurrent Mark 37,198ms
[2019-04-15T13:41:13.537+0200][39,495s] GC(47) User=0,10s Sys=0,00s Real=0,04s
[2019-04-15T13:41:13.537+0200][39,495s] GC(48) Phase 1: Mark live objects
[2019-04-15T13:41:13.585+0200][39,543s] GC(48) Phase 1: Mark live objects 48,080ms
[2019-04-15T13:41:13.585+0200][39,543s] GC(48) Phase 2: Compute new object addresses
[2019-04-15T13:41:13.614+0200][39,572s] GC(48) Phase 2: Compute new object addresses 28,722ms
[2019-04-15T13:41:13.614+0200][39,572s] GC(48) Phase 3: Adjust pointers
[2019-04-15T13:41:13.657+0200][39,615s] GC(48) Phase 3: Adjust pointers 43,176ms
[2019-04-15T13:41:13.657+0200][39,615s] GC(48) Phase 4: Move objects
[2019-04-15T13:41:13.723+0200][39,681s] GC(48) Phase 4: Move objects 66,214ms
[2019-04-15T13:41:13.724+0200][39,682s] GC(48) ParNew: 109248K->109191K(109248K)
[2019-04-15T13:41:13.724+0200][39,682s] GC(48) CMS: 393214K->393213K(393216K)
[2019-04-15T13:41:13.724+0200][39,682s] GC(48) Metaspace: 62003K->62003K(1105920K)
[2019-04-15T13:41:13.724+0200][39,682s] GC(48) Pause Full (Allocation Failure) 490M->490M(490M) 222,326ms
[2019-04-15T13:41:13.724+0200][39,682s] GC(48) User=0,29s Sys=0,00s Real=0,22s
[2019-04-15T13:41:13.724+0200][39,683s] GC(49) Pause Full (Allocation Failure)
[2019-04-15T13:41:13.725+0200][39,683s] GC(49) Phase 1: Mark live objects
[2019-04-15T13:41:13.774+0200][39,733s] GC(49) Phase 1: Mark live objects 49,760ms
[2019-04-15T13:41:13.775+0200][39,733s] GC(49) Phase 2: Compute new object addresses
[2019-04-15T13:41:13.804+0200][39,762s] GC(49) Phase 2: Compute new object addresses 29,679ms
[2019-04-15T13:41:13.804+0200][39,762s] GC(49) Phase 3: Adjust pointers
[2019-04-15T13:41:13.846+0200][39,804s] GC(49) Phase 3: Adjust pointers 41,259ms
[2019-04-15T13:41:13.846+0200][39,804s] GC(49) Phase 4: Move objects
[2019-04-15T13:41:13.862+0200][39,820s] GC(49) Phase 4: Move objects 16,554ms
[2019-04-15T13:41:13.863+0200][39,821s] GC(49) ParNew: 109247K->109234K(109248K)
[2019-04-15T13:41:13.863+0200][39,821s] GC(49) CMS: 393213K->393212K(393216K)
[2019-04-15T13:41:13.863+0200][39,821s] GC(49) Metaspace: 62003K->62003K(1105920K)
[2019-04-15T13:41:13.863+0200][39,821s] GC(49) Pause Full (Allocation Failure) 490M->490M(490M) 138,431ms
[2019-04-15T13:41:13.863+0200][39,821s] GC(49) User=0,14s Sys=0,00s Real=0,14s
[2019-04-15T13:41:13.863+0200][39,821s] GC(50) Pause Full (Allocation Failure)
[2019-04-15T13:41:13.863+0200][39,822s] GC(50) Phase 1: Mark live objects
[2019-04-15T13:41:13.912+0200][39,870s] GC(50) Phase 1: Mark live objects 48,269ms
[2019-04-15T13:41:13.912+0200][39,870s] GC(50) Phase 2: Compute new object addresses
[2019-04-15T13:41:13.942+0200][39,901s] GC(50) Phase 2: Compute new object addresses 30,616ms
[2019-04-15T13:41:13.942+0200][39,901s] GC(50) Phase 3: Adjust pointers
[2019-04-15T13:41:13.983+0200][39,941s] GC(50) Phase 3: Adjust pointers 40,357ms
[2019-04-15T13:41:13.983+0200][39,941s] GC(50) Phase 4: Move objects
[2019-04-15T13:41:13.983+0200][39,941s] GC(50) Phase 4: Move objects 0,217ms
[2019-04-15T13:41:13.984+0200][39,942s] GC(50) ParNew: 109247K->109246K(109248K)
[2019-04-15T13:41:13.984+0200][39,942s] GC(50) CMS: 393212K->393212K(393216K)
[2019-04-15T13:41:13.984+0200][39,942s] GC(50) Metaspace: 62003K->62003K(1105920K)
[2019-04-15T13:41:13.984+0200][39,942s] GC(50) Pause Full (Allocation Failure) 490M->490M(490M) 120,626ms
[2019-04-15T13:41:13.984+0200][39,942s] GC(50) User=0,12s Sys=0,00s Real=0,12s
[2019-04-15T13:41:13.984+0200][39,942s] GC(51) Pause Full (Allocation Failure)
[2019-04-15T13:41:13.984+0200][39,942s] GC(51) Phase 1: Mark live objects
[2019-04-15T13:41:14.039+0200][39,997s] GC(51) Phase 1: Mark live objects 54,698ms
[2019-04-15T13:41:14.039+0200][39,997s] GC(51) Phase 2: Compute new object addresses
[2019-04-15T13:41:14.069+0200][40,027s] GC(51) Phase 2: Compute new object addresses 29,668ms
[2019-04-15T13:41:14.069+0200][40,027s] GC(51) Phase 3: Adjust pointers
[2019-04-15T13:41:14.110+0200][40,069s] GC(51) Phase 3: Adjust pointers 41,792ms
[2019-04-15T13:41:14.110+0200][40,069s] GC(51) Phase 4: Move objects
[2019-04-15T13:41:14.111+0200][40,069s] GC(51) Phase 4: Move objects 0,013ms
[2019-04-15T13:41:14.111+0200][40,069s] GC(51) ParNew: 109246K->109246K(109248K)
[2019-04-15T13:41:14.111+0200][40,069s] GC(51) CMS: 393212K->393212K(393216K)
[2019-04-15T13:41:14.111+0200][40,069s] GC(51) Metaspace: 62003K->62003K(1105920K)
[2019-04-15T13:41:14.111+0200][40,069s] GC(51) Pause Full (Allocation Failure) 490M->490M(490M) 127,418ms
[2019-04-15T13:41:14.111+0200][40,069s] GC(51) User=0,12s Sys=0,00s Real=0,13s
