[2019-04-15T13:31:04.191+0200][0.025s] Using Concurrent Mark Sweep
[2019-04-15T13:31:04.191+0200][0.025s] Heap address: 0x00000000e0000000, size: 512 MB, Compressed Oops mode: 32-bit
[2019-04-15T13:31:06.047+0200][1,880s] GC(0) Pause Young (Allocation Failure)
[2019-04-15T13:31:06.047+0200][1,880s] GC(0) Using 4 workers of 4 for evacuation
[2019-04-15T13:31:06.067+0200][1,900s] GC(0) ParNew: 87424K->11127K(109248K)
[2019-04-15T13:31:06.067+0200][1,900s] GC(0) CMS: 0K->0K(393216K)
[2019-04-15T13:31:06.067+0200][1,900s] GC(0) Metaspace: 24033K->24033K(1071104K)
[2019-04-15T13:31:06.067+0200][1,900s] GC(0) Pause Young (Allocation Failure) 85M->10M(490M) 19,964ms
[2019-04-15T13:31:06.067+0200][1,900s] GC(0) User=0,07s Sys=0,01s Real=0,02s
[2019-04-15T13:31:06.068+0200][1,902s] GC(1) Pause Initial Mark
[2019-04-15T13:31:06.070+0200][1,904s] GC(1) Pause Initial Mark 12M->12M(490M) 2,469ms
[2019-04-15T13:31:06.070+0200][1,904s] GC(1) User=0,01s Sys=0,00s Real=0,00s
[2019-04-15T13:31:06.070+0200][1,904s] GC(1) Concurrent Mark
[2019-04-15T13:31:06.070+0200][1,904s] GC(1) Using 4 workers of 4 for marking
[2019-04-15T13:31:06.073+0200][1,907s] GC(1) Concurrent Mark 2,370ms
[2019-04-15T13:31:06.073+0200][1,907s] GC(1) User=0,00s Sys=0,00s Real=0,00s
[2019-04-15T13:31:06.073+0200][1,907s] GC(1) Concurrent Preclean
[2019-04-15T13:31:06.074+0200][1,908s] GC(1) Concurrent Preclean 0,789ms
[2019-04-15T13:31:06.074+0200][1,908s] GC(1) User=0,00s Sys=0,00s Real=0,00s
[2019-04-15T13:31:06.074+0200][1,908s] GC(1) Pause Remark
[2019-04-15T13:31:06.074+0200][1,908s] GC(2) Pause Young (CMS Final Remark)
[2019-04-15T13:31:06.074+0200][1,908s] GC(2) Using 4 workers of 4 for evacuation
[2019-04-15T13:31:06.090+0200][1,924s] GC(2) ParNew: 12770K->12979K(109248K)
[2019-04-15T13:31:06.090+0200][1,924s] GC(2) CMS: 0K->0K(393216K)
[2019-04-15T13:31:06.090+0200][1,924s] GC(2) Metaspace: 24069K->24069K(1071104K)
[2019-04-15T13:31:06.090+0200][1,924s] GC(2) Pause Young (CMS Final Remark) 12M->12M(490M) 16,319ms
[2019-04-15T13:31:06.090+0200][1,924s] GC(2) User=0,04s Sys=0,00s Real=0,01s
[2019-04-15T13:31:06.107+0200][1,941s] GC(1) Pause Remark 12M->12M(490M) 32,950ms
[2019-04-15T13:31:06.107+0200][1,941s] GC(1) User=0,07s Sys=0,00s Real=0,03s
[2019-04-15T13:31:06.107+0200][1,941s] GC(1) Concurrent Sweep
[2019-04-15T13:31:06.107+0200][1,941s] GC(1) Concurrent Sweep 0,038ms
[2019-04-15T13:31:06.107+0200][1,941s] GC(1) User=0,00s Sys=0,00s Real=0,00s
[2019-04-15T13:31:06.107+0200][1,941s] GC(1) Concurrent Reset
[2019-04-15T13:31:06.110+0200][1,944s] GC(1) Concurrent Reset 3,105ms
[2019-04-15T13:31:06.110+0200][1,944s] GC(1) User=0,00s Sys=0,01s Real=0,00s
[2019-04-15T13:31:06.110+0200][1,944s] GC(1) Old: 0K->0K(393216K)
[2019-04-15T13:31:07.435+0200][3,268s] GC(3) Pause Young (Allocation Failure)
[2019-04-15T13:31:07.435+0200][3,268s] GC(3) Using 4 workers of 4 for evacuation
[2019-04-15T13:31:07.462+0200][3,296s] GC(3) ParNew: 100398K->21320K(109248K)
[2019-04-15T13:31:07.462+0200][3,296s] GC(3) CMS: 0K->0K(393216K)
[2019-04-15T13:31:07.462+0200][3,296s] GC(3) Metaspace: 32133K->32133K(1079296K)
[2019-04-15T13:31:07.462+0200][3,296s] GC(3) Pause Young (Allocation Failure) 98M->20M(490M) 27,365ms
[2019-04-15T13:31:07.462+0200][3,296s] GC(3) User=0,08s Sys=0,01s Real=0,02s
[2019-04-15T13:31:07.861+0200][3,695s] GC(4) Pause Young (Allocation Failure)
[2019-04-15T13:31:07.861+0200][3,695s] GC(4) Using 4 workers of 4 for evacuation
[2019-04-15T13:31:07.890+0200][3,724s] GC(4) ParNew: 108744K->21824K(109248K)
[2019-04-15T13:31:07.891+0200][3,724s] GC(4) CMS: 0K->21426K(393216K)
[2019-04-15T13:31:07.891+0200][3,724s] GC(4) Metaspace: 32616K->32616K(1079296K)
[2019-04-15T13:31:07.891+0200][3,724s] GC(4) Pause Young (Allocation Failure) 106M->42M(490M) 29,180ms
[2019-04-15T13:31:07.891+0200][3,724s] GC(4) User=0,05s Sys=0,02s Real=0,03s
[2019-04-15T13:31:23.858+0200][19,692s] GC(5) Pause Young (Allocation Failure)
[2019-04-15T13:31:23.859+0200][19,692s] GC(5) Using 4 workers of 4 for evacuation
[2019-04-15T13:31:23.921+0200][19,755s] GC(5) ParNew: 109248K->21824K(109248K)
[2019-04-15T13:31:23.921+0200][19,755s] GC(5) CMS: 21426K->34495K(393216K)
[2019-04-15T13:31:23.921+0200][19,755s] GC(5) Metaspace: 39428K->39428K(1085440K)
[2019-04-15T13:31:23.921+0200][19,755s] GC(5) Pause Young (Allocation Failure) 127M->54M(490M) 62,596ms
[2019-04-15T13:31:23.921+0200][19,755s] GC(5) User=0,16s Sys=0,00s Real=0,06s
[2019-04-15T13:31:24.451+0200][20,285s] GC(6) Pause Young (Allocation Failure)
[2019-04-15T13:31:24.451+0200][20,285s] GC(6) Using 4 workers of 4 for evacuation
[2019-04-15T13:31:24.468+0200][20,302s] GC(6) ParNew: 109246K->21824K(109248K)
[2019-04-15T13:31:24.468+0200][20,302s] GC(6) CMS: 34495K->34726K(393216K)
[2019-04-15T13:31:24.468+0200][20,302s] GC(6) Metaspace: 41585K->41585K(1087488K)
[2019-04-15T13:31:24.469+0200][20,302s] GC(6) Pause Young (Allocation Failure) 140M->55M(490M) 17,699ms
[2019-04-15T13:31:24.469+0200][20,302s] GC(6) User=0,05s Sys=0,00s Real=0,02s
[2019-04-15T13:31:24.469+0200][20,303s] GC(7) Pause Initial Mark
[2019-04-15T13:31:24.474+0200][20,308s] GC(7) Pause Initial Mark 56M->56M(490M) 4,692ms
[2019-04-15T13:31:24.474+0200][20,308s] GC(7) User=0,01s Sys=0,00s Real=0,01s
[2019-04-15T13:31:24.474+0200][20,308s] GC(7) Concurrent Mark
[2019-04-15T13:31:24.474+0200][20,308s] GC(7) Using 4 workers of 4 for marking
[2019-04-15T13:31:24.490+0200][20,324s] GC(7) Concurrent Mark 16,469ms
[2019-04-15T13:31:24.490+0200][20,324s] GC(7) User=0,04s Sys=0,00s Real=0,01s
[2019-04-15T13:31:24.490+0200][20,324s] GC(7) Concurrent Preclean
[2019-04-15T13:31:24.492+0200][20,325s] GC(7) Concurrent Preclean 1,154ms
[2019-04-15T13:31:24.492+0200][20,325s] GC(7) User=0,00s Sys=0,00s Real=0,00s
[2019-04-15T13:31:24.492+0200][20,325s] GC(7) Concurrent Abortable Preclean
[2019-04-15T13:31:24.703+0200][20,537s] GC(8) Pause Young (Allocation Failure)
[2019-04-15T13:31:24.704+0200][20,537s] GC(8) Using 4 workers of 4 for evacuation
[2019-04-15T13:31:24.729+0200][20,563s] GC(8) ParNew: 109248K->21824K(109248K)
[2019-04-15T13:31:24.729+0200][20,563s] GC(8) CMS: 34726K->34845K(393216K)
[2019-04-15T13:31:24.729+0200][20,563s] GC(8) Metaspace: 42045K->42045K(1087488K)
[2019-04-15T13:31:24.729+0200][20,563s] GC(8) Pause Young (Allocation Failure) 140M->55M(490M) 25,684ms
[2019-04-15T13:31:24.729+0200][20,563s] GC(8) User=0,07s Sys=0,00s Real=0,03s
[2019-04-15T13:31:25.232+0200][21,066s] GC(7) Concurrent Abortable Preclean 740,781ms
[2019-04-15T13:31:25.232+0200][21,066s] GC(7) User=2,01s Sys=0,05s Real=0,74s
[2019-04-15T13:31:25.236+0200][21,069s] GC(7) Pause Remark
[2019-04-15T13:31:25.236+0200][21,069s] GC(9) Pause Young (CMS Final Remark)
[2019-04-15T13:31:25.236+0200][21,069s] GC(9) Using 4 workers of 4 for evacuation
[2019-04-15T13:31:25.258+0200][21,092s] GC(9) ParNew: 71231K->21824K(109248K)
[2019-04-15T13:31:25.258+0200][21,092s] GC(9) CMS: 34845K->34845K(393216K)
[2019-04-15T13:31:25.258+0200][21,092s] GC(9) Metaspace: 43750K->43750K(1089536K)
[2019-04-15T13:31:25.258+0200][21,092s] GC(9) Pause Young (CMS Final Remark) 103M->55M(490M) 22,290ms
[2019-04-15T13:31:25.258+0200][21,092s] GC(9) User=0,06s Sys=0,00s Real=0,02s
[2019-04-15T13:31:25.283+0200][21,117s] GC(7) Pause Remark 103M->55M(490M) 47,915ms
[2019-04-15T13:31:25.283+0200][21,117s] GC(7) User=0,10s Sys=0,00s Real=0,04s
[2019-04-15T13:31:25.284+0200][21,118s] GC(7) Concurrent Sweep
[2019-04-15T13:31:25.289+0200][21,123s] GC(7) Concurrent Sweep 4,649ms
[2019-04-15T13:31:25.289+0200][21,123s] GC(7) User=0,01s Sys=0,00s Real=0,01s
[2019-04-15T13:31:25.289+0200][21,123s] GC(7) Concurrent Reset
[2019-04-15T13:31:25.289+0200][21,123s] GC(7) Concurrent Reset 0,456ms
[2019-04-15T13:31:25.289+0200][21,123s] GC(7) User=0,00s Sys=0,00s Real=0,00s
[2019-04-15T13:31:25.289+0200][21,123s] GC(7) Old: 34726K->34825K(393216K)
[2019-04-15T13:31:25.420+0200][21,254s] GC(10) Pause Young (Allocation Failure)
[2019-04-15T13:31:25.420+0200][21,254s] GC(10) Using 4 workers of 4 for evacuation
[2019-04-15T13:31:25.445+0200][21,279s] GC(10) ParNew: 109248K->21824K(109248K)
[2019-04-15T13:31:25.445+0200][21,279s] GC(10) CMS: 34825K->35430K(393216K)
[2019-04-15T13:31:25.445+0200][21,279s] GC(10) Metaspace: 43777K->43777K(1089536K)
[2019-04-15T13:31:25.445+0200][21,279s] GC(10) Pause Young (Allocation Failure) 140M->55M(490M) 24,762ms
[2019-04-15T13:31:25.445+0200][21,279s] GC(10) User=0,06s Sys=0,00s Real=0,03s
[2019-04-15T13:31:25.591+0200][21,425s] GC(11) Pause Young (Allocation Failure)
[2019-04-15T13:31:25.591+0200][21,425s] GC(11) Using 4 workers of 4 for evacuation
[2019-04-15T13:31:25.617+0200][21,451s] GC(11) ParNew: 109248K->21824K(109248K)
[2019-04-15T13:31:25.617+0200][21,451s] GC(11) CMS: 35430K->35436K(393216K)
[2019-04-15T13:31:25.617+0200][21,451s] GC(11) Metaspace: 43814K->43814K(1089536K)
[2019-04-15T13:31:25.617+0200][21,451s] GC(11) Pause Young (Allocation Failure) 141M->55M(490M) 26,144ms
[2019-04-15T13:31:25.617+0200][21,451s] GC(11) User=0,06s Sys=0,00s Real=0,03s
[2019-04-15T13:31:26.355+0200][22,189s] GC(12) Pause Young (Allocation Failure)
[2019-04-15T13:31:26.355+0200][22,189s] GC(12) Using 4 workers of 4 for evacuation
[2019-04-15T13:31:26.409+0200][22,243s] GC(12) ParNew: 109248K->21824K(109248K)
[2019-04-15T13:31:26.409+0200][22,243s] GC(12) CMS: 35436K->41029K(393216K)
[2019-04-15T13:31:26.409+0200][22,243s] GC(12) Metaspace: 46906K->46906K(1091584K)
[2019-04-15T13:31:26.409+0200][22,243s] GC(12) Pause Young (Allocation Failure) 141M->61M(490M) 53,843ms
[2019-04-15T13:31:26.409+0200][22,243s] GC(12) User=0,15s Sys=0,00s Real=0,05s
[2019-04-15T13:31:26.951+0200][22,785s] GC(13) Pause Young (Allocation Failure)
[2019-04-15T13:31:26.952+0200][22,785s] GC(13) Using 4 workers of 4 for evacuation
[2019-04-15T13:31:26.981+0200][22,814s] GC(13) ParNew: 109248K->21824K(109248K)
[2019-04-15T13:31:26.981+0200][22,814s] GC(13) CMS: 41029K->48250K(393216K)
[2019-04-15T13:31:26.981+0200][22,814s] GC(13) Metaspace: 50503K->50503K(1095680K)
[2019-04-15T13:31:26.981+0200][22,814s] GC(13) Pause Young (Allocation Failure) 146M->68M(490M) 29,096ms
[2019-04-15T13:31:26.981+0200][22,814s] GC(13) User=0,08s Sys=0,00s Real=0,03s
[2019-04-15T13:31:28.190+0200][24,024s] GC(14) Pause Young (Allocation Failure)
[2019-04-15T13:31:28.190+0200][24,024s] GC(14) Using 4 workers of 4 for evacuation
[2019-04-15T13:31:28.223+0200][24,057s] GC(14) ParNew: 109248K->21824K(109248K)
[2019-04-15T13:31:28.223+0200][24,057s] GC(14) CMS: 48250K->62001K(393216K)
[2019-04-15T13:31:28.223+0200][24,057s] GC(14) Metaspace: 52378K->52378K(1097728K)
[2019-04-15T13:31:28.223+0200][24,057s] GC(14) Pause Young (Allocation Failure) 153M->81M(490M) 32,821ms
[2019-04-15T13:31:28.223+0200][24,057s] GC(14) User=0,09s Sys=0,01s Real=0,03s
[2019-04-15T13:31:31.596+0200][27,430s] GC(15) Pause Young (Allocation Failure)
[2019-04-15T13:31:31.596+0200][27,430s] GC(15) Using 4 workers of 4 for evacuation
[2019-04-15T13:31:31.684+0200][27,518s] GC(15) ParNew: 109248K->21824K(109248K)
[2019-04-15T13:31:31.684+0200][27,518s] GC(15) CMS: 62001K->63930K(393216K)
[2019-04-15T13:31:31.684+0200][27,518s] GC(15) Metaspace: 54920K->54920K(1099776K)
[2019-04-15T13:31:31.684+0200][27,518s] GC(15) Pause Young (Allocation Failure) 167M->83M(490M) 87,624ms
[2019-04-15T13:31:31.684+0200][27,518s] GC(15) User=0,20s Sys=0,00s Real=0,08s
[2019-04-15T13:31:33.419+0200][29,253s] GC(16) Pause Young (Allocation Failure)
[2019-04-15T13:31:33.419+0200][29,253s] GC(16) Using 4 workers of 4 for evacuation
[2019-04-15T13:31:33.509+0200][29,343s] GC(16) ParNew: 109248K->21824K(109248K)
[2019-04-15T13:31:33.509+0200][29,343s] GC(16) CMS: 63930K->74891K(393216K)
[2019-04-15T13:31:33.509+0200][29,343s] GC(16) Metaspace: 59806K->59806K(1103872K)
[2019-04-15T13:31:33.509+0200][29,343s] GC(16) Pause Young (Allocation Failure) 169M->94M(490M) 90,201ms
[2019-04-15T13:31:33.509+0200][29,343s] GC(16) User=0,12s Sys=0,01s Real=0,09s
[2019-04-15T13:31:34.252+0200][30,085s] GC(17) Pause Young (Allocation Failure)
[2019-04-15T13:31:34.252+0200][30,085s] GC(17) Using 4 workers of 4 for evacuation
[2019-04-15T13:31:34.302+0200][30,136s] GC(17) ParNew: 109248K->21824K(109248K)
[2019-04-15T13:31:34.302+0200][30,136s] GC(17) CMS: 74891K->86000K(393216K)
[2019-04-15T13:31:34.302+0200][30,136s] GC(17) Metaspace: 60855K->60855K(1105920K)
[2019-04-15T13:31:34.302+0200][30,136s] GC(17) Pause Young (Allocation Failure) 179M->105M(490M) 50,552ms
[2019-04-15T13:31:34.302+0200][30,136s] GC(17) User=0,12s Sys=0,01s Real=0,05s
[2019-04-15T13:31:34.941+0200][30,775s] GC(18) Pause Young (Allocation Failure)
[2019-04-15T13:31:34.942+0200][30,775s] GC(18) Using 4 workers of 4 for evacuation
[2019-04-15T13:31:35.037+0200][30,871s] GC(18) ParNew: 109248K->21824K(109248K)
[2019-04-15T13:31:35.037+0200][30,871s] GC(18) CMS: 86000K->125522K(393216K)
[2019-04-15T13:31:35.037+0200][30,871s] GC(18) Metaspace: 61054K->61054K(1105920K)
[2019-04-15T13:31:35.037+0200][30,871s] GC(18) Pause Young (Allocation Failure) 190M->143M(490M) 95,895ms
[2019-04-15T13:31:35.037+0200][30,871s] GC(18) User=0,22s Sys=0,01s Real=0,10s
[2019-04-15T13:31:35.578+0200][31,412s] GC(19) Pause Young (Allocation Failure)
[2019-04-15T13:31:35.578+0200][31,412s] GC(19) Using 4 workers of 4 for evacuation
[2019-04-15T13:31:35.613+0200][31,446s] GC(19) ParNew: 109248K->21824K(109248K)
[2019-04-15T13:31:35.613+0200][31,446s] GC(19) CMS: 125522K->141337K(393216K)
[2019-04-15T13:31:35.613+0200][31,446s] GC(19) Metaspace: 61196K->61196K(1105920K)
[2019-04-15T13:31:35.613+0200][31,446s] GC(19) Pause Young (Allocation Failure) 229M->159M(490M) 34,379ms
[2019-04-15T13:31:35.613+0200][31,446s] GC(19) User=0,08s Sys=0,01s Real=0,03s
[2019-04-15T13:31:36.163+0200][31,997s] GC(20) Pause Young (Allocation Failure)
[2019-04-15T13:31:36.163+0200][31,997s] GC(20) Using 4 workers of 4 for evacuation
[2019-04-15T13:31:36.207+0200][32,041s] GC(20) ParNew: 109248K->21824K(109248K)
[2019-04-15T13:31:36.207+0200][32,041s] GC(20) CMS: 141337K->152731K(393216K)
[2019-04-15T13:31:36.207+0200][32,041s] GC(20) Metaspace: 61625K->61625K(1105920K)
[2019-04-15T13:31:36.207+0200][32,041s] GC(20) Pause Young (Allocation Failure) 244M->170M(490M) 43,918ms
[2019-04-15T13:31:36.207+0200][32,041s] GC(20) User=0,08s Sys=0,01s Real=0,05s
[2019-04-15T13:31:36.573+0200][32,407s] GC(21) Pause Young (Allocation Failure)
[2019-04-15T13:31:36.573+0200][32,407s] GC(21) Using 4 workers of 4 for evacuation
[2019-04-15T13:31:36.589+0200][32,423s] GC(21) ParNew: 109248K->21824K(109248K)
[2019-04-15T13:31:36.589+0200][32,423s] GC(21) CMS: 152731K->153003K(393216K)
[2019-04-15T13:31:36.589+0200][32,423s] GC(21) Metaspace: 61688K->61688K(1105920K)
[2019-04-15T13:31:36.589+0200][32,423s] GC(21) Pause Young (Allocation Failure) 255M->170M(490M) 16,629ms
[2019-04-15T13:31:36.589+0200][32,423s] GC(21) User=0,05s Sys=0,00s Real=0,02s
[2019-04-15T13:31:36.925+0200][32,759s] GC(22) Pause Young (Allocation Failure)
[2019-04-15T13:31:36.925+0200][32,759s] GC(22) Using 4 workers of 4 for evacuation
[2019-04-15T13:31:36.949+0200][32,783s] GC(22) ParNew: 109248K->21824K(109248K)
[2019-04-15T13:31:36.949+0200][32,783s] GC(22) CMS: 153003K->155873K(393216K)
[2019-04-15T13:31:36.949+0200][32,783s] GC(22) Metaspace: 61767K->61767K(1105920K)
[2019-04-15T13:31:36.949+0200][32,783s] GC(22) Pause Young (Allocation Failure) 256M->173M(490M) 23,866ms
[2019-04-15T13:31:36.949+0200][32,783s] GC(22) User=0,07s Sys=0,00s Real=0,02s
[2019-04-15T13:31:37.588+0200][33,422s] GC(23) Pause Young (Allocation Failure)
[2019-04-15T13:31:37.588+0200][33,422s] GC(23) Using 4 workers of 4 for evacuation
[2019-04-15T13:31:37.626+0200][33,460s] GC(23) ParNew: 109248K->21824K(109248K)
[2019-04-15T13:31:37.626+0200][33,460s] GC(23) CMS: 155873K->189886K(393216K)
[2019-04-15T13:31:37.626+0200][33,460s] GC(23) Metaspace: 61951K->61951K(1105920K)
[2019-04-15T13:31:37.626+0200][33,460s] GC(23) Pause Young (Allocation Failure) 258M->206M(490M) 38,223ms
[2019-04-15T13:31:37.626+0200][33,460s] GC(23) User=0,08s Sys=0,01s Real=0,04s
[2019-04-15T13:31:38.047+0200][33,881s] GC(24) Pause Young (Allocation Failure)
[2019-04-15T13:31:38.047+0200][33,881s] GC(24) Using 4 workers of 4 for evacuation
[2019-04-15T13:31:38.097+0200][33,931s] GC(24) ParNew: 109248K->21824K(109248K)
[2019-04-15T13:31:38.097+0200][33,931s] GC(24) CMS: 189886K->223343K(393216K)
[2019-04-15T13:31:38.097+0200][33,931s] GC(24) Metaspace: 61980K->61980K(1105920K)
[2019-04-15T13:31:38.097+0200][33,931s] GC(24) Pause Young (Allocation Failure) 292M->239M(490M) 50,280ms
[2019-04-15T13:31:38.097+0200][33,931s] GC(24) User=0,11s Sys=0,02s Real=0,05s
[2019-04-15T13:31:38.102+0200][33,936s] GC(25) Pause Initial Mark
[2019-04-15T13:31:38.107+0200][33,941s] GC(25) Pause Initial Mark 241M->241M(490M) 4,849ms
[2019-04-15T13:31:38.107+0200][33,941s] GC(25) User=0,01s Sys=0,00s Real=0,01s
[2019-04-15T13:31:38.107+0200][33,941s] GC(25) Concurrent Mark
[2019-04-15T13:31:38.107+0200][33,941s] GC(25) Using 4 workers of 4 for marking
[2019-04-15T13:31:38.173+0200][34,007s] GC(25) Concurrent Mark 65,897ms
[2019-04-15T13:31:38.173+0200][34,007s] GC(25) User=0,18s Sys=0,00s Real=0,07s
[2019-04-15T13:31:38.173+0200][34,007s] GC(25) Concurrent Preclean
[2019-04-15T13:31:38.174+0200][34,008s] GC(25) Concurrent Preclean 0,986ms
[2019-04-15T13:31:38.174+0200][34,008s] GC(25) User=0,00s Sys=0,00s Real=0,00s
[2019-04-15T13:31:38.174+0200][34,008s] GC(25) Concurrent Abortable Preclean
[2019-04-15T13:31:38.615+0200][34,449s] GC(25) Concurrent Abortable Preclean 441,244ms
[2019-04-15T13:31:38.615+0200][34,449s] GC(25) User=0,71s Sys=0,02s Real=0,44s
[2019-04-15T13:31:38.616+0200][34,449s] GC(25) Pause Remark
[2019-04-15T13:31:38.616+0200][34,449s] GC(26) Pause Young (CMS Final Remark)
[2019-04-15T13:31:38.616+0200][34,449s] GC(26) Using 4 workers of 4 for evacuation
[2019-04-15T13:31:38.680+0200][34,514s] GC(26) ParNew: 83783K->21824K(109248K)
[2019-04-15T13:31:38.680+0200][34,514s] GC(26) CMS: 223343K->252653K(393216K)
[2019-04-15T13:31:38.680+0200][34,514s] GC(26) Metaspace: 62188K->62188K(1105920K)
[2019-04-15T13:31:38.680+0200][34,514s] GC(26) Pause Young (CMS Final Remark) 299M->268M(490M) 64,247ms
[2019-04-15T13:31:38.680+0200][34,514s] GC(26) User=0,08s Sys=0,00s Real=0,06s
[2019-04-15T13:31:38.802+0200][34,636s] GC(25) Pause Remark 299M->268M(490M) 186,337ms
[2019-04-15T13:31:38.802+0200][34,636s] GC(25) User=0,17s Sys=0,00s Real=0,18s
[2019-04-15T13:31:38.802+0200][34,636s] GC(25) Concurrent Sweep
[2019-04-15T13:31:38.929+0200][34,763s] GC(25) Concurrent Sweep 126,968ms
[2019-04-15T13:31:38.929+0200][34,763s] GC(25) User=0,22s Sys=0,00s Real=0,13s
[2019-04-15T13:31:38.929+0200][34,763s] GC(25) Concurrent Reset
[2019-04-15T13:31:38.930+0200][34,763s] GC(25) Concurrent Reset 0,473ms
[2019-04-15T13:31:38.930+0200][34,763s] GC(25) User=0,00s Sys=0,00s Real=0,00s
[2019-04-15T13:31:38.930+0200][34,763s] GC(25) Old: 223343K->200472K(393216K)
[2019-04-15T13:31:39.306+0200][35,139s] GC(27) Pause Young (Allocation Failure)
[2019-04-15T13:31:39.306+0200][35,139s] GC(27) Using 4 workers of 4 for evacuation
[2019-04-15T13:31:39.335+0200][35,169s] GC(27) ParNew: 109248K->21824K(109248K)
[2019-04-15T13:31:39.335+0200][35,169s] GC(27) CMS: 200472K->206977K(393216K)
[2019-04-15T13:31:39.335+0200][35,169s] GC(27) Metaspace: 62190K->62190K(1105920K)
[2019-04-15T13:31:39.335+0200][35,169s] GC(27) Pause Young (Allocation Failure) 302M->223M(490M) 29,522ms
[2019-04-15T13:31:39.335+0200][35,169s] GC(27) User=0,05s Sys=0,00s Real=0,03s
[2019-04-15T13:31:39.350+0200][35,183s] GC(28) Pause Initial Mark
[2019-04-15T13:31:39.352+0200][35,186s] GC(28) Pause Initial Mark 226M->226M(490M) 2,537ms
[2019-04-15T13:31:39.352+0200][35,186s] GC(28) User=0,01s Sys=0,00s Real=0,00s
[2019-04-15T13:31:39.352+0200][35,186s] GC(28) Concurrent Mark
[2019-04-15T13:31:39.352+0200][35,186s] GC(28) Using 4 workers of 4 for marking
[2019-04-15T13:31:39.466+0200][35,299s] GC(28) Concurrent Mark 113,423ms
[2019-04-15T13:31:39.466+0200][35,300s] GC(28) User=0,24s Sys=0,01s Real=0,12s
[2019-04-15T13:31:39.466+0200][35,300s] GC(28) Concurrent Preclean
[2019-04-15T13:31:39.468+0200][35,302s] GC(28) Concurrent Preclean 2,322ms
[2019-04-15T13:31:39.468+0200][35,302s] GC(28) User=0,00s Sys=0,00s Real=0,00s
[2019-04-15T13:31:39.468+0200][35,302s] GC(28) Concurrent Abortable Preclean
[2019-04-15T13:31:39.781+0200][35,615s] GC(29) Pause Young (Allocation Failure)
[2019-04-15T13:31:39.782+0200][35,615s] GC(29) Using 4 workers of 4 for evacuation
[2019-04-15T13:31:39.834+0200][35,668s] GC(29) ParNew: 109248K->21824K(109248K)
[2019-04-15T13:31:39.834+0200][35,668s] GC(29) CMS: 206977K->206977K(393216K)
[2019-04-15T13:31:39.834+0200][35,668s] GC(29) Metaspace: 62190K->62190K(1105920K)
[2019-04-15T13:31:39.834+0200][35,668s] GC(29) Pause Young (Allocation Failure) 308M->223M(490M) 52,995ms
[2019-04-15T13:31:39.834+0200][35,668s] GC(29) User=0,05s Sys=0,00s Real=0,06s
[2019-04-15T13:31:40.091+0200][35,925s] GC(30) Pause Young (Allocation Failure)
[2019-04-15T13:31:40.091+0200][35,925s] GC(30) Using 4 workers of 4 for evacuation
[2019-04-15T13:31:40.120+0200][35,954s] GC(30) ParNew: 109248K->21824K(109248K)
[2019-04-15T13:31:40.120+0200][35,954s] GC(30) CMS: 206977K->206977K(393216K)
[2019-04-15T13:31:40.120+0200][35,954s] GC(30) Metaspace: 62190K->62190K(1105920K)
[2019-04-15T13:31:40.120+0200][35,954s] GC(30) Pause Young (Allocation Failure) 308M->223M(490M) 29,289ms
[2019-04-15T13:31:40.120+0200][35,954s] GC(30) User=0,07s Sys=0,00s Real=0,03s
[2019-04-15T13:31:40.120+0200][35,954s] GC(28) Concurrent Abortable Preclean 652,004ms
[2019-04-15T13:31:40.120+0200][35,954s] GC(28) User=1,25s Sys=0,01s Real=0,65s
[2019-04-15T13:31:40.121+0200][35,954s] GC(28) Pause Remark
[2019-04-15T13:31:40.121+0200][35,954s] GC(31) Pause Young (CMS Final Remark)
[2019-04-15T13:31:40.121+0200][35,954s] GC(31) Using 4 workers of 4 for evacuation
[2019-04-15T13:31:40.144+0200][35,978s] GC(31) ParNew: 21826K->21824K(109248K)
[2019-04-15T13:31:40.144+0200][35,978s] GC(31) CMS: 206977K->206977K(393216K)
[2019-04-15T13:31:40.144+0200][35,978s] GC(31) Metaspace: 62190K->62190K(1105920K)
[2019-04-15T13:31:40.144+0200][35,978s] GC(31) Pause Young (CMS Final Remark) 223M->223M(490M) 23,597ms
[2019-04-15T13:31:40.144+0200][35,978s] GC(31) User=0,05s Sys=0,00s Real=0,02s
[2019-04-15T13:31:40.202+0200][36,036s] GC(28) Pause Remark 223M->223M(490M) 81,449ms
[2019-04-15T13:31:40.202+0200][36,036s] GC(28) User=0,15s Sys=0,00s Real=0,08s
[2019-04-15T13:31:40.202+0200][36,036s] GC(28) Concurrent Sweep
[2019-04-15T13:31:40.295+0200][36,129s] GC(28) Concurrent Sweep 92,636ms
[2019-04-15T13:31:40.299+0200][36,133s] GC(28) User=0,23s Sys=0,00s Real=0,10s
[2019-04-15T13:31:40.299+0200][36,133s] GC(28) Concurrent Reset
[2019-04-15T13:31:40.299+0200][36,133s] GC(28) Concurrent Reset 0,509ms
[2019-04-15T13:31:40.299+0200][36,133s] GC(28) User=0,00s Sys=0,00s Real=0,00s
[2019-04-15T13:31:40.299+0200][36,133s] GC(28) Old: 206977K->155335K(393216K)
[2019-04-15T13:31:40.387+0200][36,221s] GC(32) Pause Young (Allocation Failure)
[2019-04-15T13:31:40.387+0200][36,221s] GC(32) Using 4 workers of 4 for evacuation
[2019-04-15T13:31:40.405+0200][36,238s] GC(32) ParNew: 109248K->21403K(109248K)
[2019-04-15T13:31:40.405+0200][36,238s] GC(32) CMS: 155335K->156768K(393216K)
[2019-04-15T13:31:40.405+0200][36,238s] GC(32) Metaspace: 62190K->62190K(1105920K)
[2019-04-15T13:31:40.405+0200][36,238s] GC(32) Pause Young (Allocation Failure) 258M->173M(490M) 17,952ms
[2019-04-15T13:31:40.405+0200][36,239s] GC(32) User=0,03s Sys=0,00s Real=0,01s
[2019-04-15T13:31:40.601+0200][36,435s] GC(33) Pause Young (Allocation Failure)
[2019-04-15T13:31:40.601+0200][36,435s] GC(33) Using 4 workers of 4 for evacuation
[2019-04-15T13:31:40.636+0200][36,470s] GC(33) ParNew: 108827K->15513K(109248K)
[2019-04-15T13:31:40.636+0200][36,470s] GC(33) CMS: 156768K->161480K(393216K)
[2019-04-15T13:31:40.636+0200][36,470s] GC(33) Metaspace: 62205K->62205K(1105920K)
[2019-04-15T13:31:40.637+0200][36,470s] GC(33) Pause Young (Allocation Failure) 259M->172M(490M) 35,490ms
[2019-04-15T13:31:40.637+0200][36,470s] GC(33) User=0,05s Sys=0,00s Real=0,04s
[2019-04-15T13:31:40.885+0200][36,719s] GC(34) Pause Young (Allocation Failure)
[2019-04-15T13:31:40.885+0200][36,719s] GC(34) Using 4 workers of 4 for evacuation
[2019-04-15T13:31:40.923+0200][36,756s] GC(34) ParNew: 102937K->11192K(109248K)
[2019-04-15T13:31:40.923+0200][36,756s] GC(34) CMS: 161480K->166323K(393216K)
[2019-04-15T13:31:40.923+0200][36,757s] GC(34) Metaspace: 62205K->62205K(1105920K)
[2019-04-15T13:31:40.923+0200][36,757s] GC(34) Pause Young (Allocation Failure) 258M->173M(490M) 37,540ms
[2019-04-15T13:31:40.923+0200][36,757s] GC(34) User=0,04s Sys=0,00s Real=0,03s
[2019-04-15T13:31:41.154+0200][36,988s] GC(35) Pause Young (Allocation Failure)
[2019-04-15T13:31:41.154+0200][36,988s] GC(35) Using 4 workers of 4 for evacuation
[2019-04-15T13:31:41.175+0200][37,009s] GC(35) ParNew: 98616K->4962K(109248K)
[2019-04-15T13:31:41.175+0200][37,009s] GC(35) CMS: 166323K->170662K(393216K)
[2019-04-15T13:31:41.175+0200][37,009s] GC(35) Metaspace: 62205K->62205K(1105920K)
[2019-04-15T13:31:41.175+0200][37,009s] GC(35) Pause Young (Allocation Failure) 258M->171M(490M) 20,985ms
[2019-04-15T13:31:41.175+0200][37,009s] GC(35) User=0,03s Sys=0,00s Real=0,02s
[2019-04-15T13:31:41.473+0200][37,307s] GC(36) Pause Young (Allocation Failure)
[2019-04-15T13:31:41.473+0200][37,307s] GC(36) Using 4 workers of 4 for evacuation
[2019-04-15T13:31:41.482+0200][37,315s] GC(36) ParNew: 92386K->3001K(109248K)
[2019-04-15T13:31:41.482+0200][37,315s] GC(36) CMS: 170662K->171110K(393216K)
[2019-04-15T13:31:41.482+0200][37,315s] GC(36) Metaspace: 62206K->62206K(1105920K)
[2019-04-15T13:31:41.482+0200][37,315s] GC(36) Pause Young (Allocation Failure) 256M->170M(490M) 8,638ms
[2019-04-15T13:31:41.482+0200][37,315s] GC(36) User=0,02s Sys=0,00s Real=0,00s
[2019-04-15T13:31:41.661+0200][37,495s] GC(37) Pause Young (Allocation Failure)
[2019-04-15T13:31:41.661+0200][37,495s] GC(37) Using 4 workers of 4 for evacuation
[2019-04-15T13:31:41.674+0200][37,507s] GC(37) ParNew: 90425K->2800K(109248K)
[2019-04-15T13:31:41.674+0200][37,507s] GC(37) CMS: 171110K->171150K(393216K)
[2019-04-15T13:31:41.674+0200][37,507s] GC(37) Metaspace: 62206K->62206K(1105920K)
[2019-04-15T13:31:41.674+0200][37,507s] GC(37) Pause Young (Allocation Failure) 255M->169M(490M) 12,111ms
[2019-04-15T13:31:41.674+0200][37,507s] GC(37) User=0,02s Sys=0,00s Real=0,02s
[2019-04-15T13:31:41.813+0200][37,647s] GC(38) Pause Young (Allocation Failure)
[2019-04-15T13:31:41.813+0200][37,647s] GC(38) Using 4 workers of 4 for evacuation
[2019-04-15T13:31:41.823+0200][37,656s] GC(38) ParNew: 90224K->2996K(109248K)
[2019-04-15T13:31:41.823+0200][37,656s] GC(38) CMS: 171150K->171153K(393216K)
[2019-04-15T13:31:41.823+0200][37,656s] GC(38) Metaspace: 62206K->62206K(1105920K)
[2019-04-15T13:31:41.823+0200][37,656s] GC(38) Pause Young (Allocation Failure) 255M->170M(490M) 9,827ms
[2019-04-15T13:31:41.823+0200][37,656s] GC(38) User=0,03s Sys=0,00s Real=0,00s
[2019-04-15T13:31:41.942+0200][37,776s] GC(39) Pause Young (Allocation Failure)
[2019-04-15T13:31:41.942+0200][37,776s] GC(39) Using 4 workers of 4 for evacuation
[2019-04-15T13:31:41.949+0200][37,783s] GC(39) ParNew: 90420K->4010K(109248K)
[2019-04-15T13:31:41.949+0200][37,783s] GC(39) CMS: 171153K->171153K(393216K)
[2019-04-15T13:31:41.949+0200][37,783s] GC(39) Metaspace: 62206K->62206K(1105920K)
[2019-04-15T13:31:41.949+0200][37,783s] GC(39) Pause Young (Allocation Failure) 255M->171M(490M) 6,759ms
[2019-04-15T13:31:41.949+0200][37,783s] GC(39) User=0,02s Sys=0,00s Real=0,01s
[2019-04-15T13:31:42.062+0200][37,896s] GC(40) Pause Young (Allocation Failure)
[2019-04-15T13:31:42.062+0200][37,896s] GC(40) Using 4 workers of 4 for evacuation
[2019-04-15T13:31:42.074+0200][37,908s] GC(40) ParNew: 91434K->3574K(109248K)
[2019-04-15T13:31:42.074+0200][37,908s] GC(40) CMS: 171153K->171157K(393216K)
[2019-04-15T13:31:42.074+0200][37,908s] GC(40) Metaspace: 62206K->62206K(1105920K)
[2019-04-15T13:31:42.074+0200][37,908s] GC(40) Pause Young (Allocation Failure) 256M->170M(490M) 12,070ms
[2019-04-15T13:31:42.074+0200][37,908s] GC(40) User=0,02s Sys=0,00s Real=0,02s
[2019-04-15T13:31:42.158+0200][37,992s] GC(41) Pause Young (Allocation Failure)
[2019-04-15T13:31:42.159+0200][37,992s] GC(41) Using 4 workers of 4 for evacuation
[2019-04-15T13:31:42.166+0200][37,999s] GC(41) ParNew: 90998K->3425K(109248K)
[2019-04-15T13:31:42.166+0200][37,999s] GC(41) CMS: 171157K->171160K(393216K)
[2019-04-15T13:31:42.166+0200][37,999s] GC(41) Metaspace: 62206K->62206K(1105920K)
[2019-04-15T13:31:42.166+0200][37,999s] GC(41) Pause Young (Allocation Failure) 256M->170M(490M) 7,161ms
[2019-04-15T13:31:42.166+0200][37,999s] GC(41) User=0,01s Sys=0,00s Real=0,01s
[2019-04-15T13:31:42.265+0200][38,098s] GC(42) Pause Young (Allocation Failure)
[2019-04-15T13:31:42.265+0200][38,099s] GC(42) Using 4 workers of 4 for evacuation
[2019-04-15T13:31:42.277+0200][38,110s] GC(42) ParNew: 90849K->3638K(109248K)
[2019-04-15T13:31:42.277+0200][38,110s] GC(42) CMS: 171160K->171162K(393216K)
[2019-04-15T13:31:42.277+0200][38,110s] GC(42) Metaspace: 62207K->62207K(1105920K)
[2019-04-15T13:31:42.277+0200][38,110s] GC(42) Pause Young (Allocation Failure) 255M->170M(490M) 11,878ms
[2019-04-15T13:31:42.277+0200][38,110s] GC(42) User=0,02s Sys=0,00s Real=0,02s
[2019-04-15T13:31:42.358+0200][38,192s] GC(43) Pause Young (Allocation Failure)
[2019-04-15T13:31:42.359+0200][38,192s] GC(43) Using 4 workers of 4 for evacuation
[2019-04-15T13:31:42.370+0200][38,203s] GC(43) ParNew: 91062K->4413K(109248K)
[2019-04-15T13:31:42.370+0200][38,203s] GC(43) CMS: 171162K->171165K(393216K)
[2019-04-15T13:31:42.370+0200][38,203s] GC(43) Metaspace: 62207K->62207K(1105920K)
[2019-04-15T13:31:42.370+0200][38,203s] GC(43) Pause Young (Allocation Failure) 256M->171M(490M) 11,212ms
[2019-04-15T13:31:42.370+0200][38,203s] GC(43) User=0,02s Sys=0,00s Real=0,01s
[2019-04-15T13:31:42.488+0200][38,322s] GC(44) Pause Young (Allocation Failure)
[2019-04-15T13:31:42.488+0200][38,322s] GC(44) Using 4 workers of 4 for evacuation
[2019-04-15T13:31:42.498+0200][38,332s] GC(44) ParNew: 91837K->3612K(109248K)
[2019-04-15T13:31:42.498+0200][38,332s] GC(44) CMS: 171165K->171168K(393216K)
[2019-04-15T13:31:42.498+0200][38,332s] GC(44) Metaspace: 62208K->62208K(1105920K)
[2019-04-15T13:31:42.498+0200][38,332s] GC(44) Pause Young (Allocation Failure) 256M->170M(490M) 9,998ms
[2019-04-15T13:31:42.498+0200][38,332s] GC(44) User=0,03s Sys=0,00s Real=0,01s
[2019-04-15T13:31:42.621+0200][38,455s] GC(45) Pause Young (Allocation Failure)
[2019-04-15T13:31:42.621+0200][38,455s] GC(45) Using 4 workers of 4 for evacuation
[2019-04-15T13:31:42.629+0200][38,463s] GC(45) ParNew: 91036K->4520K(109248K)
[2019-04-15T13:31:42.629+0200][38,463s] GC(45) CMS: 171168K->171170K(393216K)
[2019-04-15T13:31:42.629+0200][38,463s] GC(45) Metaspace: 62210K->62210K(1105920K)
[2019-04-15T13:31:42.629+0200][38,463s] GC(45) Pause Young (Allocation Failure) 256M->171M(490M) 8,272ms
[2019-04-15T13:31:42.629+0200][38,463s] GC(45) User=0,03s Sys=0,00s Real=0,01s
[2019-04-15T13:31:42.761+0200][38,595s] GC(46) Pause Young (Allocation Failure)
[2019-04-15T13:31:42.761+0200][38,595s] GC(46) Using 4 workers of 4 for evacuation
[2019-04-15T13:31:42.769+0200][38,603s] GC(46) ParNew: 91944K->3536K(109248K)
[2019-04-15T13:31:42.769+0200][38,603s] GC(46) CMS: 171170K->171193K(393216K)
[2019-04-15T13:31:42.769+0200][38,603s] GC(46) Metaspace: 62210K->62210K(1105920K)
[2019-04-15T13:31:42.769+0200][38,603s] GC(46) Pause Young (Allocation Failure) 256M->170M(490M) 8,459ms
[2019-04-15T13:31:42.769+0200][38,603s] GC(46) User=0,02s Sys=0,00s Real=0,01s
[2019-04-15T13:31:42.951+0200][38,785s] GC(47) Pause Young (Allocation Failure)
[2019-04-15T13:31:42.951+0200][38,785s] GC(47) Using 4 workers of 4 for evacuation
[2019-04-15T13:31:42.966+0200][38,800s] GC(47) ParNew: 90960K->1576K(109248K)
[2019-04-15T13:31:42.966+0200][38,800s] GC(47) CMS: 171193K->173247K(393216K)
[2019-04-15T13:31:42.966+0200][38,800s] GC(47) Metaspace: 62210K->62210K(1105920K)
[2019-04-15T13:31:42.966+0200][38,800s] GC(47) Pause Young (Allocation Failure) 256M->170M(490M) 15,266ms
[2019-04-15T13:31:42.967+0200][38,800s] GC(47) User=0,03s Sys=0,00s Real=0,02s
[2019-04-15T13:31:43.392+0200][39,226s] GC(48) Pause Young (Allocation Failure)
[2019-04-15T13:31:43.392+0200][39,226s] GC(48) Using 4 workers of 4 for evacuation
[2019-04-15T13:31:43.403+0200][39,237s] GC(48) ParNew: 89000K->2117K(109248K)
[2019-04-15T13:31:43.403+0200][39,237s] GC(48) CMS: 173247K->173250K(393216K)
[2019-04-15T13:31:43.403+0200][39,237s] GC(48) Metaspace: 62211K->62211K(1105920K)
[2019-04-15T13:31:43.403+0200][39,237s] GC(48) Pause Young (Allocation Failure) 256M->171M(490M) 11,205ms
[2019-04-15T13:31:43.403+0200][39,237s] GC(48) User=0,02s Sys=0,00s Real=0,01s
[2019-04-15T13:31:43.612+0200][39,446s] GC(49) Pause Young (Allocation Failure)
[2019-04-15T13:31:43.612+0200][39,446s] GC(49) Using 4 workers of 4 for evacuation
[2019-04-15T13:31:43.621+0200][39,455s] GC(49) ParNew: 89541K->1839K(109248K)
[2019-04-15T13:31:43.621+0200][39,455s] GC(49) CMS: 173250K->173252K(393216K)
[2019-04-15T13:31:43.621+0200][39,455s] GC(49) Metaspace: 62211K->62211K(1105920K)
[2019-04-15T13:31:43.622+0200][39,455s] GC(49) Pause Young (Allocation Failure) 256M->170M(490M) 9,752ms
[2019-04-15T13:31:43.622+0200][39,455s] GC(49) User=0,03s Sys=0,00s Real=0,01s
[2019-04-15T13:31:43.845+0200][39,678s] GC(50) Pause Young (Allocation Failure)
[2019-04-15T13:31:43.845+0200][39,678s] GC(50) Using 4 workers of 4 for evacuation
[2019-04-15T13:31:43.860+0200][39,693s] GC(50) ParNew: 89263K->6338K(109248K)
[2019-04-15T13:31:43.860+0200][39,693s] GC(50) CMS: 173252K->173320K(393216K)
[2019-04-15T13:31:43.860+0200][39,693s] GC(50) Metaspace: 62211K->62211K(1105920K)
[2019-04-15T13:31:43.860+0200][39,693s] GC(50) Pause Young (Allocation Failure) 256M->175M(490M) 15,012ms
[2019-04-15T13:31:43.860+0200][39,693s] GC(50) User=0,03s Sys=0,00s Real=0,02s
[2019-04-15T13:31:44.094+0200][39,928s] GC(51) Pause Young (Allocation Failure)
[2019-04-15T13:31:44.095+0200][39,928s] GC(51) Using 4 workers of 4 for evacuation
[2019-04-15T13:31:44.116+0200][39,949s] GC(51) ParNew: 93762K->5639K(109248K)
[2019-04-15T13:31:44.116+0200][39,949s] GC(51) CMS: 173320K->173323K(393216K)
[2019-04-15T13:31:44.116+0200][39,949s] GC(51) Metaspace: 62211K->62211K(1105920K)
[2019-04-15T13:31:44.116+0200][39,949s] GC(51) Pause Young (Allocation Failure) 260M->174M(490M) 21,102ms
[2019-04-15T13:31:44.116+0200][39,949s] GC(51) User=0,03s Sys=0,00s Real=0,02s
[2019-04-15T13:31:44.237+0200][40,070s] GC(52) Pause Young (Allocation Failure)
[2019-04-15T13:31:44.237+0200][40,070s] GC(52) Using 4 workers of 4 for evacuation
[2019-04-15T13:31:44.247+0200][40,081s] GC(52) ParNew: 93063K->5586K(109248K)
[2019-04-15T13:31:44.247+0200][40,081s] GC(52) CMS: 173323K->173325K(393216K)
[2019-04-15T13:31:44.247+0200][40,081s] GC(52) Metaspace: 62211K->62211K(1105920K)
[2019-04-15T13:31:44.247+0200][40,081s] GC(52) Pause Young (Allocation Failure) 260M->174M(490M) 10,493ms
[2019-04-15T13:31:44.247+0200][40,081s] GC(52) User=0,02s Sys=0,00s Real=0,01s
[2019-04-15T13:31:44.390+0200][40,224s] GC(53) Pause Young (Allocation Failure)
[2019-04-15T13:31:44.390+0200][40,224s] GC(53) Using 4 workers of 4 for evacuation
[2019-04-15T13:31:44.422+0200][40,255s] GC(53) ParNew: 93010K->5518K(109248K)
[2019-04-15T13:31:44.422+0200][40,256s] GC(53) CMS: 173325K->173360K(393216K)
[2019-04-15T13:31:44.422+0200][40,256s] GC(53) Metaspace: 62211K->62211K(1105920K)
[2019-04-15T13:31:44.422+0200][40,256s] GC(53) Pause Young (Allocation Failure) 260M->174M(490M) 31,472ms
[2019-04-15T13:31:44.422+0200][40,256s] GC(53) User=0,05s Sys=0,00s Real=0,03s
[2019-04-15T13:31:44.821+0200][40,655s] GC(54) Pause Young (Allocation Failure)
[2019-04-15T13:31:44.821+0200][40,655s] GC(54) Using 4 workers of 4 for evacuation
[2019-04-15T13:31:44.832+0200][40,666s] GC(54) ParNew: 92942K->5976K(109248K)
[2019-04-15T13:31:44.832+0200][40,666s] GC(54) CMS: 173360K->173362K(393216K)
[2019-04-15T13:31:44.832+0200][40,666s] GC(54) Metaspace: 62211K->62211K(1105920K)
[2019-04-15T13:31:44.832+0200][40,666s] GC(54) Pause Young (Allocation Failure) 260M->175M(490M) 10,802ms
[2019-04-15T13:31:44.832+0200][40,666s] GC(54) User=0,02s Sys=0,00s Real=0,01s
[2019-04-15T13:31:44.956+0200][40,790s] GC(55) Pause Young (Allocation Failure)
[2019-04-15T13:31:44.956+0200][40,790s] GC(55) Using 4 workers of 4 for evacuation
[2019-04-15T13:31:44.963+0200][40,797s] GC(55) ParNew: 93400K->6347K(109248K)
[2019-04-15T13:31:44.963+0200][40,797s] GC(55) CMS: 173362K->173365K(393216K)
[2019-04-15T13:31:44.963+0200][40,797s] GC(55) Metaspace: 62211K->62211K(1105920K)
[2019-04-15T13:31:44.963+0200][40,797s] GC(55) Pause Young (Allocation Failure) 260M->175M(490M) 7,044ms
[2019-04-15T13:31:44.963+0200][40,797s] GC(55) User=0,02s Sys=0,00s Real=0,00s
[2019-04-15T13:31:45.072+0200][40,905s] GC(56) Pause Young (Allocation Failure)
[2019-04-15T13:31:45.072+0200][40,905s] GC(56) Using 4 workers of 4 for evacuation
[2019-04-15T13:31:45.086+0200][40,920s] GC(56) ParNew: 93771K->5534K(109248K)
[2019-04-15T13:31:45.086+0200][40,920s] GC(56) CMS: 173365K->173443K(393216K)
[2019-04-15T13:31:45.086+0200][40,920s] GC(56) Metaspace: 62211K->62211K(1105920K)
[2019-04-15T13:31:45.086+0200][40,920s] GC(56) Pause Young (Allocation Failure) 260M->174M(490M) 14,167ms
[2019-04-15T13:31:45.086+0200][40,920s] GC(56) User=0,03s Sys=0,00s Real=0,02s
[2019-04-15T13:31:45.185+0200][41,019s] GC(57) Pause Young (Allocation Failure)
[2019-04-15T13:31:45.185+0200][41,019s] GC(57) Using 4 workers of 4 for evacuation
[2019-04-15T13:31:45.204+0200][41,038s] GC(57) ParNew: 92958K->5970K(109248K)
[2019-04-15T13:31:45.204+0200][41,038s] GC(57) CMS: 173443K->173487K(393216K)
[2019-04-15T13:31:45.204+0200][41,038s] GC(57) Metaspace: 62211K->62211K(1105920K)
[2019-04-15T13:31:45.204+0200][41,038s] GC(57) Pause Young (Allocation Failure) 260M->175M(490M) 19,159ms
[2019-04-15T13:31:45.204+0200][41,038s] GC(57) User=0,04s Sys=0,00s Real=0,01s
[2019-04-15T13:31:45.291+0200][41,125s] GC(58) Pause Young (Allocation Failure)
[2019-04-15T13:31:45.292+0200][41,125s] GC(58) Using 4 workers of 4 for evacuation
[2019-04-15T13:31:45.306+0200][41,140s] GC(58) ParNew: 93394K->2163K(109248K)
[2019-04-15T13:31:45.306+0200][41,140s] GC(58) CMS: 173487K->177590K(393216K)
[2019-04-15T13:31:45.306+0200][41,140s] GC(58) Metaspace: 62211K->62211K(1105920K)
[2019-04-15T13:31:45.306+0200][41,140s] GC(58) Pause Young (Allocation Failure) 260M->175M(490M) 14,986ms
[2019-04-15T13:31:45.306+0200][41,140s] GC(58) User=0,03s Sys=0,00s Real=0,02s
[2019-04-15T13:31:45.431+0200][41,265s] GC(59) Pause Young (Allocation Failure)
[2019-04-15T13:31:45.431+0200][41,265s] GC(59) Using 4 workers of 4 for evacuation
[2019-04-15T13:31:45.446+0200][41,280s] GC(59) ParNew: 89587K->2215K(109248K)
[2019-04-15T13:31:45.446+0200][41,280s] GC(59) CMS: 177590K->177593K(393216K)
[2019-04-15T13:31:45.446+0200][41,280s] GC(59) Metaspace: 62211K->62211K(1105920K)
[2019-04-15T13:31:45.446+0200][41,280s] GC(59) Pause Young (Allocation Failure) 260M->175M(490M) 15,312ms
[2019-04-15T13:31:45.446+0200][41,280s] GC(59) User=0,04s Sys=0,00s Real=0,02s
[2019-04-15T13:31:45.578+0200][41,412s] GC(60) Pause Young (Allocation Failure)
[2019-04-15T13:31:45.578+0200][41,412s] GC(60) Using 4 workers of 4 for evacuation
[2019-04-15T13:31:45.599+0200][41,433s] GC(60) ParNew: 89639K->1951K(109248K)
[2019-04-15T13:31:45.599+0200][41,433s] GC(60) CMS: 177593K->177596K(393216K)
[2019-04-15T13:31:45.599+0200][41,433s] GC(60) Metaspace: 62211K->62211K(1105920K)
[2019-04-15T13:31:45.599+0200][41,433s] GC(60) Pause Young (Allocation Failure) 260M->175M(490M) 21,456ms
[2019-04-15T13:31:45.599+0200][41,433s] GC(60) User=0,06s Sys=0,00s Real=0,02s
[2019-04-15T13:31:45.753+0200][41,587s] GC(61) Pause Young (Allocation Failure)
[2019-04-15T13:31:45.753+0200][41,587s] GC(61) Using 4 workers of 4 for evacuation
[2019-04-15T13:31:45.759+0200][41,593s] GC(61) ParNew: 89375K->2160K(109248K)
[2019-04-15T13:31:45.759+0200][41,593s] GC(61) CMS: 177596K->177599K(393216K)
[2019-04-15T13:31:45.759+0200][41,593s] GC(61) Metaspace: 62211K->62211K(1105920K)
[2019-04-15T13:31:45.759+0200][41,593s] GC(61) Pause Young (Allocation Failure) 260M->175M(490M) 6,441ms
[2019-04-15T13:31:45.759+0200][41,593s] GC(61) User=0,02s Sys=0,00s Real=0,00s
[2019-04-15T13:31:45.869+0200][41,703s] GC(62) Pause Young (Allocation Failure)
[2019-04-15T13:31:45.869+0200][41,703s] GC(62) Using 4 workers of 4 for evacuation
[2019-04-15T13:31:45.883+0200][41,717s] GC(62) ParNew: 89584K->3203K(109248K)
[2019-04-15T13:31:45.883+0200][41,717s] GC(62) CMS: 177599K->177661K(393216K)
[2019-04-15T13:31:45.883+0200][41,717s] GC(62) Metaspace: 62211K->62211K(1105920K)
[2019-04-15T13:31:45.883+0200][41,717s] GC(62) Pause Young (Allocation Failure) 260M->176M(490M) 13,812ms
[2019-04-15T13:31:45.883+0200][41,717s] GC(62) User=0,03s Sys=0,00s Real=0,01s
[2019-04-15T13:31:45.964+0200][41,797s] GC(63) Pause Young (Allocation Failure)
[2019-04-15T13:31:45.964+0200][41,798s] GC(63) Using 4 workers of 4 for evacuation
[2019-04-15T13:31:45.967+0200][41,801s] GC(63) ParNew: 90627K->2309K(109248K)
[2019-04-15T13:31:45.967+0200][41,801s] GC(63) CMS: 177661K->177664K(393216K)
[2019-04-15T13:31:45.967+0200][41,801s] GC(63) Metaspace: 62211K->62211K(1105920K)
[2019-04-15T13:31:45.967+0200][41,801s] GC(63) Pause Young (Allocation Failure) 262M->175M(490M) 3,742ms
[2019-04-15T13:31:45.967+0200][41,801s] GC(63) User=0,02s Sys=0,00s Real=0,01s
[2019-04-15T13:31:46.075+0200][41,908s] GC(64) Pause Young (Allocation Failure)
[2019-04-15T13:31:46.075+0200][41,908s] GC(64) Using 4 workers of 4 for evacuation
[2019-04-15T13:31:46.092+0200][41,926s] GC(64) ParNew: 89733K->1574K(109248K)
[2019-04-15T13:31:46.092+0200][41,926s] GC(64) CMS: 177664K->177666K(393216K)
[2019-04-15T13:31:46.092+0200][41,926s] GC(64) Metaspace: 62211K->62211K(1105920K)
[2019-04-15T13:31:46.092+0200][41,926s] GC(64) Pause Young (Allocation Failure) 261M->175M(490M) 17,618ms
[2019-04-15T13:31:46.092+0200][41,926s] GC(64) User=0,03s Sys=0,00s Real=0,01s
[2019-04-15T13:31:46.854+0200][42,688s] GC(65) Pause Young (Allocation Failure)
[2019-04-15T13:31:46.854+0200][42,688s] GC(65) Using 4 workers of 4 for evacuation
[2019-04-15T13:31:46.869+0200][42,703s] GC(65) ParNew: 88998K->21824K(109248K)
[2019-04-15T13:31:46.869+0200][42,703s] GC(65) CMS: 177666K->188705K(393216K)
[2019-04-15T13:31:46.869+0200][42,703s] GC(65) Metaspace: 62217K->62217K(1105920K)
[2019-04-15T13:31:46.869+0200][42,703s] GC(65) Pause Young (Allocation Failure) 260M->205M(490M) 15,392ms
[2019-04-15T13:31:46.869+0200][42,703s] GC(65) User=0,04s Sys=0,00s Real=0,01s
[2019-04-15T13:31:47.028+0200][42,862s] GC(66) Pause Young (Allocation Failure)
[2019-04-15T13:31:47.028+0200][42,862s] GC(66) Using 4 workers of 4 for evacuation
[2019-04-15T13:31:47.060+0200][42,894s] GC(66) ParNew: 109248K->14192K(109248K)
[2019-04-15T13:31:47.060+0200][42,894s] GC(66) CMS: 188705K->209758K(393216K)
[2019-04-15T13:31:47.060+0200][42,894s] GC(66) Metaspace: 62234K->62234K(1105920K)
[2019-04-15T13:31:47.060+0200][42,894s] GC(66) Pause Young (Allocation Failure) 290M->218M(490M) 32,511ms
[2019-04-15T13:31:47.060+0200][42,894s] GC(66) User=0,10s Sys=0,00s Real=0,03s
[2019-04-15T13:31:47.065+0200][42,899s] GC(67) Pause Initial Mark
[2019-04-15T13:31:47.067+0200][42,901s] GC(67) Pause Initial Mark 221M->221M(490M) 1,875ms
[2019-04-15T13:31:47.067+0200][42,901s] GC(67) User=0,00s Sys=0,00s Real=0,00s
[2019-04-15T13:31:47.067+0200][42,901s] GC(67) Concurrent Mark
[2019-04-15T13:31:47.067+0200][42,901s] GC(67) Using 4 workers of 4 for marking
[2019-04-15T13:31:47.124+0200][42,958s] GC(67) Concurrent Mark 56,778ms
[2019-04-15T13:31:47.124+0200][42,958s] GC(67) User=0,17s Sys=0,00s Real=0,05s
[2019-04-15T13:31:47.124+0200][42,958s] GC(67) Concurrent Preclean
[2019-04-15T13:31:47.125+0200][42,959s] GC(67) Concurrent Preclean 1,343ms
[2019-04-15T13:31:47.125+0200][42,959s] GC(67) User=0,00s Sys=0,00s Real=0,01s
[2019-04-15T13:31:47.125+0200][42,959s] GC(67) Concurrent Abortable Preclean
[2019-04-15T13:31:47.233+0200][43,066s] GC(68) Pause Young (Allocation Failure)
[2019-04-15T13:31:47.233+0200][43,066s] GC(68) Using 4 workers of 4 for evacuation
[2019-04-15T13:31:47.247+0200][43,080s] GC(68) ParNew: 101616K->9414K(109248K)
[2019-04-15T13:31:47.247+0200][43,081s] GC(68) CMS: 209758K->209758K(393216K)
[2019-04-15T13:31:47.247+0200][43,081s] GC(68) Metaspace: 62237K->62237K(1105920K)
[2019-04-15T13:31:47.247+0200][43,081s] GC(68) Pause Young (Allocation Failure) 304M->214M(490M) 14,230ms
[2019-04-15T13:31:47.247+0200][43,081s] GC(68) User=0,03s Sys=0,00s Real=0,02s
[2019-04-15T13:31:47.375+0200][43,209s] GC(69) Pause Young (Allocation Failure)
[2019-04-15T13:31:47.375+0200][43,209s] GC(69) Using 4 workers of 4 for evacuation
[2019-04-15T13:31:47.399+0200][43,233s] GC(69) ParNew: 96838K->10034K(109248K)
[2019-04-15T13:31:47.399+0200][43,233s] GC(69) CMS: 209758K->209758K(393216K)
[2019-04-15T13:31:47.399+0200][43,233s] GC(69) Metaspace: 62238K->62238K(1105920K)
[2019-04-15T13:31:47.399+0200][43,233s] GC(69) Pause Young (Allocation Failure) 299M->214M(490M) 24,025ms
[2019-04-15T13:31:47.399+0200][43,233s] GC(69) User=0,07s Sys=0,01s Real=0,02s
[2019-04-15T13:31:47.499+0200][43,333s] GC(70) Pause Young (Allocation Failure)
[2019-04-15T13:31:47.499+0200][43,333s] GC(70) Using 4 workers of 4 for evacuation
[2019-04-15T13:31:47.508+0200][43,342s] GC(70) ParNew: 97458K->9090K(109248K)
[2019-04-15T13:31:47.508+0200][43,342s] GC(70) CMS: 209758K->209758K(393216K)
[2019-04-15T13:31:47.508+0200][43,342s] GC(70) Metaspace: 62238K->62238K(1105920K)
[2019-04-15T13:31:47.508+0200][43,342s] GC(70) Pause Young (Allocation Failure) 300M->213M(490M) 8,635ms
[2019-04-15T13:31:47.508+0200][43,342s] GC(70) User=0,02s Sys=0,00s Real=0,01s
[2019-04-15T13:31:47.615+0200][43,448s] GC(71) Pause Young (Allocation Failure)
[2019-04-15T13:31:47.615+0200][43,449s] GC(71) Using 4 workers of 4 for evacuation
[2019-04-15T13:31:47.624+0200][43,457s] GC(71) ParNew: 96514K->10769K(109248K)
[2019-04-15T13:31:47.624+0200][43,457s] GC(71) CMS: 209758K->209758K(393216K)
[2019-04-15T13:31:47.624+0200][43,457s] GC(71) Metaspace: 62238K->62238K(1105920K)
[2019-04-15T13:31:47.624+0200][43,457s] GC(71) Pause Young (Allocation Failure) 299M->215M(490M) 9,030ms
[2019-04-15T13:31:47.624+0200][43,458s] GC(71) User=0,02s Sys=0,00s Real=0,00s
[2019-04-15T13:31:47.709+0200][43,543s] GC(72) Pause Young (Allocation Failure)
[2019-04-15T13:31:47.710+0200][43,543s] GC(72) Using 4 workers of 4 for evacuation
[2019-04-15T13:31:47.722+0200][43,555s] GC(72) ParNew: 98193K->9883K(109248K)
[2019-04-15T13:31:47.722+0200][43,555s] GC(72) CMS: 209758K->209758K(393216K)
[2019-04-15T13:31:47.722+0200][43,555s] GC(72) Metaspace: 62238K->62238K(1105920K)
[2019-04-15T13:31:47.722+0200][43,555s] GC(72) Pause Young (Allocation Failure) 300M->214M(490M) 12,284ms
[2019-04-15T13:31:47.722+0200][43,555s] GC(72) User=0,03s Sys=0,00s Real=0,01s
[2019-04-15T13:31:47.724+0200][43,557s] GC(67) Concurrent Abortable Preclean 598,438ms
[2019-04-15T13:31:47.724+0200][43,558s] GC(67) User=1,43s Sys=0,01s Real=0,59s
[2019-04-15T13:31:47.732+0200][43,566s] GC(67) Pause Remark
[2019-04-15T13:31:47.732+0200][43,566s] GC(73) Pause Young (CMS Final Remark)
[2019-04-15T13:31:47.732+0200][43,566s] GC(73) Using 4 workers of 4 for evacuation
[2019-04-15T13:31:47.744+0200][43,577s] GC(73) ParNew: 30640K->8916K(109248K)
[2019-04-15T13:31:47.744+0200][43,577s] GC(73) CMS: 209758K->209758K(393216K)
[2019-04-15T13:31:47.744+0200][43,577s] GC(73) Metaspace: 62239K->62239K(1105920K)
[2019-04-15T13:31:47.744+0200][43,577s] GC(73) Pause Young (CMS Final Remark) 234M->213M(490M) 11,485ms
[2019-04-15T13:31:47.744+0200][43,578s] GC(73) User=0,02s Sys=0,00s Real=0,01s
[2019-04-15T13:31:47.772+0200][43,606s] GC(67) Pause Remark 234M->213M(490M) 39,938ms
[2019-04-15T13:31:47.772+0200][43,606s] GC(67) User=0,08s Sys=0,00s Real=0,04s
[2019-04-15T13:31:47.772+0200][43,606s] GC(67) Concurrent Sweep
[2019-04-15T13:31:47.820+0200][43,654s] GC(67) Concurrent Sweep 47,893ms
[2019-04-15T13:31:47.820+0200][43,654s] GC(67) User=0,12s Sys=0,01s Real=0,05s
[2019-04-15T13:31:47.820+0200][43,654s] GC(67) Concurrent Reset
[2019-04-15T13:31:47.821+0200][43,654s] GC(67) Concurrent Reset 0,468ms
[2019-04-15T13:31:47.821+0200][43,654s] GC(67) User=0,00s Sys=0,00s Real=0,00s
[2019-04-15T13:31:47.821+0200][43,654s] GC(67) Old: 209758K->178306K(393216K)
[2019-04-15T13:31:47.885+0200][43,719s] GC(74) Pause Young (Allocation Failure)
[2019-04-15T13:31:47.885+0200][43,719s] GC(74) Using 4 workers of 4 for evacuation
[2019-04-15T13:31:47.900+0200][43,734s] GC(74) ParNew: 96340K->10109K(109248K)
[2019-04-15T13:31:47.900+0200][43,734s] GC(74) CMS: 178306K->178306K(393216K)
[2019-04-15T13:31:47.900+0200][43,734s] GC(74) Metaspace: 62241K->62241K(1105920K)
[2019-04-15T13:31:47.900+0200][43,734s] GC(74) Pause Young (Allocation Failure) 268M->183M(490M) 14,958ms
[2019-04-15T13:31:47.900+0200][43,734s] GC(74) User=0,04s Sys=0,00s Real=0,01s
[2019-04-15T13:31:47.994+0200][43,828s] GC(75) Pause Young (Allocation Failure)
[2019-04-15T13:31:47.994+0200][43,828s] GC(75) Using 4 workers of 4 for evacuation
[2019-04-15T13:31:48.009+0200][43,843s] GC(75) ParNew: 97506K->4336K(109248K)
[2019-04-15T13:31:48.009+0200][43,843s] GC(75) CMS: 178306K->184392K(393216K)
[2019-04-15T13:31:48.009+0200][43,843s] GC(75) Metaspace: 62245K->62245K(1105920K)
[2019-04-15T13:31:48.009+0200][43,843s] GC(75) Pause Young (Allocation Failure) 269M->184M(490M) 15,051ms
[2019-04-15T13:31:48.009+0200][43,843s] GC(75) User=0,04s Sys=0,00s Real=0,01s
[2019-04-15T13:31:48.135+0200][43,968s] GC(76) Pause Young (Allocation Failure)
[2019-04-15T13:31:48.135+0200][43,968s] GC(76) Using 4 workers of 4 for evacuation
[2019-04-15T13:31:48.161+0200][43,995s] GC(76) ParNew: 91760K->3002K(109248K)
[2019-04-15T13:31:48.161+0200][43,995s] GC(76) CMS: 184392K->184469K(393216K)
[2019-04-15T13:31:48.161+0200][43,995s] GC(76) Metaspace: 62261K->62261K(1105920K)
[2019-04-15T13:31:48.161+0200][43,995s] GC(76) Pause Young (Allocation Failure) 269M->183M(490M) 26,663ms
[2019-04-15T13:31:48.161+0200][43,995s] GC(76) User=0,07s Sys=0,00s Real=0,02s
[2019-04-15T13:31:48.258+0200][44,092s] GC(77) Pause Young (Allocation Failure)
[2019-04-15T13:31:48.258+0200][44,092s] GC(77) Using 4 workers of 4 for evacuation
[2019-04-15T13:31:48.286+0200][44,120s] GC(77) ParNew: 90426K->3876K(109248K)
[2019-04-15T13:31:48.286+0200][44,120s] GC(77) CMS: 184469K->184473K(393216K)
[2019-04-15T13:31:48.286+0200][44,120s] GC(77) Metaspace: 62267K->62267K(1105920K)
[2019-04-15T13:31:48.286+0200][44,120s] GC(77) Pause Young (Allocation Failure) 268M->183M(490M) 27,522ms
[2019-04-15T13:31:48.286+0200][44,120s] GC(77) User=0,08s Sys=0,00s Real=0,03s
[2019-04-15T13:31:48.398+0200][44,231s] GC(78) Pause Young (Allocation Failure)
[2019-04-15T13:31:48.398+0200][44,231s] GC(78) Using 4 workers of 4 for evacuation
[2019-04-15T13:31:48.409+0200][44,243s] GC(78) ParNew: 91300K->4325K(109248K)
[2019-04-15T13:31:48.409+0200][44,243s] GC(78) CMS: 184473K->184478K(393216K)
[2019-04-15T13:31:48.409+0200][44,243s] GC(78) Metaspace: 62267K->62267K(1105920K)
[2019-04-15T13:31:48.409+0200][44,243s] GC(78) Pause Young (Allocation Failure) 269M->184M(490M) 11,914ms
[2019-04-15T13:31:48.409+0200][44,243s] GC(78) User=0,03s Sys=0,00s Real=0,01s
[2019-04-15T13:31:48.512+0200][44,346s] GC(79) Pause Young (Allocation Failure)
[2019-04-15T13:31:48.512+0200][44,346s] GC(79) Using 4 workers of 4 for evacuation
[2019-04-15T13:31:48.539+0200][44,373s] GC(79) ParNew: 91749K->3769K(109248K)
[2019-04-15T13:31:48.539+0200][44,373s] GC(79) CMS: 184478K->184511K(393216K)
[2019-04-15T13:31:48.539+0200][44,373s] GC(79) Metaspace: 62267K->62267K(1105920K)
[2019-04-15T13:31:48.539+0200][44,373s] GC(79) Pause Young (Allocation Failure) 269M->183M(490M) 27,083ms
[2019-04-15T13:31:48.539+0200][44,373s] GC(79) User=0,08s Sys=0,00s Real=0,03s
[2019-04-15T13:31:48.661+0200][44,494s] GC(80) Pause Young (Allocation Failure)
[2019-04-15T13:31:48.661+0200][44,494s] GC(80) Using 4 workers of 4 for evacuation
[2019-04-15T13:31:48.679+0200][44,513s] GC(80) ParNew: 91193K->3938K(109248K)
[2019-04-15T13:31:48.679+0200][44,513s] GC(80) CMS: 184511K->184520K(393216K)
[2019-04-15T13:31:48.679+0200][44,513s] GC(80) Metaspace: 62269K->62269K(1105920K)
[2019-04-15T13:31:48.679+0200][44,513s] GC(80) Pause Young (Allocation Failure) 269M->184M(490M) 18,681ms
[2019-04-15T13:31:48.679+0200][44,513s] GC(80) User=0,05s Sys=0,00s Real=0,02s
[2019-04-15T13:31:48.782+0200][44,616s] GC(81) Pause Young (Allocation Failure)
[2019-04-15T13:31:48.782+0200][44,616s] GC(81) Using 4 workers of 4 for evacuation
[2019-04-15T13:31:48.794+0200][44,628s] GC(81) ParNew: 91362K->3896K(109248K)
[2019-04-15T13:31:48.794+0200][44,628s] GC(81) CMS: 184520K->184526K(393216K)
[2019-04-15T13:31:48.794+0200][44,628s] GC(81) Metaspace: 62269K->62269K(1105920K)
[2019-04-15T13:31:48.794+0200][44,628s] GC(81) Pause Young (Allocation Failure) 269M->184M(490M) 11,937ms
[2019-04-15T13:31:48.794+0200][44,628s] GC(81) User=0,03s Sys=0,00s Real=0,02s
[2019-04-15T13:31:48.886+0200][44,720s] GC(82) Pause Young (Allocation Failure)
[2019-04-15T13:31:48.886+0200][44,720s] GC(82) Using 4 workers of 4 for evacuation
[2019-04-15T13:31:48.911+0200][44,745s] GC(82) ParNew: 91320K->4146K(109248K)
[2019-04-15T13:31:48.911+0200][44,745s] GC(82) CMS: 184526K->184555K(393216K)
[2019-04-15T13:31:48.911+0200][44,745s] GC(82) Metaspace: 62270K->62270K(1105920K)
[2019-04-15T13:31:48.911+0200][44,745s] GC(82) Pause Young (Allocation Failure) 269M->184M(490M) 24,972ms
[2019-04-15T13:31:48.911+0200][44,745s] GC(82) User=0,07s Sys=0,00s Real=0,02s
[2019-04-15T13:31:48.970+0200][44,803s] GC(83) Pause Young (Allocation Failure)
[2019-04-15T13:31:48.970+0200][44,803s] GC(83) Using 4 workers of 4 for evacuation
[2019-04-15T13:31:48.981+0200][44,815s] GC(83) ParNew: 91570K->4082K(109248K)
[2019-04-15T13:31:48.981+0200][44,815s] GC(83) CMS: 184555K->184579K(393216K)
[2019-04-15T13:31:48.981+0200][44,815s] GC(83) Metaspace: 62270K->62270K(1105920K)
[2019-04-15T13:31:48.981+0200][44,815s] GC(83) Pause Young (Allocation Failure) 269M->184M(490M) 11,316ms
[2019-04-15T13:31:48.981+0200][44,815s] GC(83) User=0,03s Sys=0,00s Real=0,01s
[2019-04-15T13:31:49.046+0200][44,880s] GC(84) Pause Young (Allocation Failure)
[2019-04-15T13:31:49.046+0200][44,880s] GC(84) Using 4 workers of 4 for evacuation
[2019-04-15T13:31:49.057+0200][44,891s] GC(84) ParNew: 91506K->3781K(109248K)
[2019-04-15T13:31:49.057+0200][44,891s] GC(84) CMS: 184579K->184591K(393216K)
[2019-04-15T13:31:49.057+0200][44,891s] GC(84) Metaspace: 62270K->62270K(1105920K)
[2019-04-15T13:31:49.057+0200][44,891s] GC(84) Pause Young (Allocation Failure) 269M->183M(490M) 11,170ms
[2019-04-15T13:31:49.057+0200][44,891s] GC(84) User=0,03s Sys=0,00s Real=0,01s
[2019-04-15T13:31:49.121+0200][44,954s] GC(85) Pause Young (Allocation Failure)
[2019-04-15T13:31:49.121+0200][44,954s] GC(85) Using 4 workers of 4 for evacuation
[2019-04-15T13:31:49.134+0200][44,968s] GC(85) ParNew: 91205K->985K(109248K)
[2019-04-15T13:31:49.134+0200][44,968s] GC(85) CMS: 184591K->187488K(393216K)
[2019-04-15T13:31:49.134+0200][44,968s] GC(85) Metaspace: 62270K->62270K(1105920K)
[2019-04-15T13:31:49.134+0200][44,968s] GC(85) Pause Young (Allocation Failure) 269M->184M(490M) 13,806ms
[2019-04-15T13:31:49.134+0200][44,968s] GC(85) User=0,04s Sys=0,00s Real=0,02s
[2019-04-15T13:31:49.190+0200][45,024s] GC(86) Pause Young (Allocation Failure)
[2019-04-15T13:31:49.190+0200][45,024s] GC(86) Using 4 workers of 4 for evacuation
[2019-04-15T13:31:49.202+0200][45,035s] GC(86) ParNew: 88409K->739K(109248K)
[2019-04-15T13:31:49.202+0200][45,035s] GC(86) CMS: 187488K->187492K(393216K)
[2019-04-15T13:31:49.202+0200][45,035s] GC(86) Metaspace: 62270K->62270K(1105920K)
[2019-04-15T13:31:49.202+0200][45,035s] GC(86) Pause Young (Allocation Failure) 269M->183M(490M) 11,355ms
[2019-04-15T13:31:49.202+0200][45,035s] GC(86) User=0,03s Sys=0,00s Real=0,01s
[2019-04-15T13:31:49.286+0200][45,120s] GC(87) Pause Young (Allocation Failure)
[2019-04-15T13:31:49.286+0200][45,120s] GC(87) Using 4 workers of 4 for evacuation
[2019-04-15T13:31:49.294+0200][45,128s] GC(87) ParNew: 88163K->4916K(109248K)
[2019-04-15T13:31:49.294+0200][45,128s] GC(87) CMS: 187492K->187495K(393216K)
[2019-04-15T13:31:49.294+0200][45,128s] GC(87) Metaspace: 62270K->62270K(1105920K)
[2019-04-15T13:31:49.294+0200][45,128s] GC(87) Pause Young (Allocation Failure) 269M->187M(490M) 7,592ms
[2019-04-15T13:31:49.294+0200][45,128s] GC(87) User=0,02s Sys=0,00s Real=0,01s
[2019-04-15T13:31:49.349+0200][45,182s] GC(88) Pause Young (Allocation Failure)
[2019-04-15T13:31:49.349+0200][45,182s] GC(88) Using 4 workers of 4 for evacuation
[2019-04-15T13:31:49.357+0200][45,191s] GC(88) ParNew: 92340K->4791K(109248K)
[2019-04-15T13:31:49.357+0200][45,191s] GC(88) CMS: 187495K->187577K(393216K)
[2019-04-15T13:31:49.358+0200][45,191s] GC(88) Metaspace: 62270K->62270K(1105920K)
[2019-04-15T13:31:49.358+0200][45,191s] GC(88) Pause Young (Allocation Failure) 273M->187M(490M) 8,831ms
[2019-04-15T13:31:49.358+0200][45,191s] GC(88) User=0,03s Sys=0,00s Real=0,01s
[2019-04-15T13:31:49.417+0200][45,251s] GC(89) Pause Young (Allocation Failure)
[2019-04-15T13:31:49.418+0200][45,251s] GC(89) Using 4 workers of 4 for evacuation
[2019-04-15T13:31:49.431+0200][45,264s] GC(89) ParNew: 92215K->4934K(109248K)
[2019-04-15T13:31:49.431+0200][45,264s] GC(89) CMS: 187577K->187579K(393216K)
[2019-04-15T13:31:49.431+0200][45,264s] GC(89) Metaspace: 62270K->62270K(1105920K)
[2019-04-15T13:31:49.431+0200][45,264s] GC(89) Pause Young (Allocation Failure) 273M->188M(490M) 13,227ms
[2019-04-15T13:31:49.431+0200][45,264s] GC(89) User=0,03s Sys=0,00s Real=0,01s
[2019-04-15T13:31:49.512+0200][45,346s] GC(90) Pause Young (Allocation Failure)
[2019-04-15T13:31:49.512+0200][45,346s] GC(90) Using 4 workers of 4 for evacuation
[2019-04-15T13:31:49.522+0200][45,355s] GC(90) ParNew: 92358K->4950K(109248K)
[2019-04-15T13:31:49.522+0200][45,355s] GC(90) CMS: 187579K->187582K(393216K)
[2019-04-15T13:31:49.522+0200][45,355s] GC(90) Metaspace: 62270K->62270K(1105920K)
[2019-04-15T13:31:49.522+0200][45,355s] GC(90) Pause Young (Allocation Failure) 273M->188M(490M) 9,527ms
[2019-04-15T13:31:49.522+0200][45,356s] GC(90) User=0,02s Sys=0,00s Real=0,01s
[2019-04-15T13:31:49.582+0200][45,415s] GC(91) Pause Young (Allocation Failure)
[2019-04-15T13:31:49.582+0200][45,416s] GC(91) Using 4 workers of 4 for evacuation
[2019-04-15T13:31:49.595+0200][45,429s] GC(91) ParNew: 92374K->4760K(109248K)
[2019-04-15T13:31:49.595+0200][45,429s] GC(91) CMS: 187582K->187585K(393216K)
[2019-04-15T13:31:49.595+0200][45,429s] GC(91) Metaspace: 62270K->62270K(1105920K)
[2019-04-15T13:31:49.595+0200][45,429s] GC(91) Pause Young (Allocation Failure) 273M->187M(490M) 13,382ms
[2019-04-15T13:31:49.595+0200][45,429s] GC(91) User=0,02s Sys=0,00s Real=0,02s
[2019-04-15T13:31:49.667+0200][45,501s] GC(92) Pause Young (Allocation Failure)
[2019-04-15T13:31:49.667+0200][45,501s] GC(92) Using 4 workers of 4 for evacuation
[2019-04-15T13:31:49.679+0200][45,513s] GC(92) ParNew: 92184K->4870K(109248K)
[2019-04-15T13:31:49.679+0200][45,513s] GC(92) CMS: 187585K->187588K(393216K)
[2019-04-15T13:31:49.679+0200][45,513s] GC(92) Metaspace: 62270K->62270K(1105920K)
[2019-04-15T13:31:49.679+0200][45,513s] GC(92) Pause Young (Allocation Failure) 273M->187M(490M) 11,753ms
[2019-04-15T13:31:49.679+0200][45,513s] GC(92) User=0,03s Sys=0,00s Real=0,01s
[2019-04-15T13:31:50.099+0200][45,933s] GC(93) Pause Young (Allocation Failure)
[2019-04-15T13:31:50.099+0200][45,933s] GC(93) Using 4 workers of 4 for evacuation
[2019-04-15T13:31:50.133+0200][45,966s] GC(93) ParNew: 92294K->21824K(109248K)
[2019-04-15T13:31:50.133+0200][45,966s] GC(93) CMS: 187588K->195078K(393216K)
[2019-04-15T13:31:50.133+0200][45,966s] GC(93) Metaspace: 62290K->62290K(1105920K)
[2019-04-15T13:31:50.133+0200][45,966s] GC(93) Pause Young (Allocation Failure) 273M->211M(490M) 33,548ms
[2019-04-15T13:31:50.133+0200][45,966s] GC(93) User=0,05s Sys=0,00s Real=0,03s
[2019-04-15T13:31:50.369+0200][46,202s] GC(94) Pause Young (Allocation Failure)
[2019-04-15T13:31:50.369+0200][46,202s] GC(94) Using 4 workers of 4 for evacuation
[2019-04-15T13:31:50.437+0200][46,271s] GC(94) ParNew: 109248K->21824K(109248K)
[2019-04-15T13:31:50.437+0200][46,271s] GC(94) CMS: 195078K->216361K(393216K)
[2019-04-15T13:31:50.437+0200][46,271s] GC(94) Metaspace: 62294K->62294K(1105920K)
[2019-04-15T13:31:50.437+0200][46,271s] GC(94) Pause Young (Allocation Failure) 297M->232M(490M) 68,294ms
[2019-04-15T13:31:50.437+0200][46,271s] GC(94) User=0,19s Sys=0,01s Real=0,07s
[2019-04-15T13:31:50.444+0200][46,277s] GC(95) Pause Initial Mark
[2019-04-15T13:31:50.446+0200][46,280s] GC(95) Pause Initial Mark 236M->236M(490M) 2,804ms
[2019-04-15T13:31:50.447+0200][46,280s] GC(95) User=0,01s Sys=0,00s Real=0,01s
[2019-04-15T13:31:50.447+0200][46,280s] GC(95) Concurrent Mark
[2019-04-15T13:31:50.447+0200][46,280s] GC(95) Using 4 workers of 4 for marking
[2019-04-15T13:31:50.509+0200][46,343s] GC(95) Concurrent Mark 62,281ms
[2019-04-15T13:31:50.509+0200][46,343s] GC(95) User=0,20s Sys=0,00s Real=0,06s
[2019-04-15T13:31:50.509+0200][46,343s] GC(95) Concurrent Preclean
[2019-04-15T13:31:50.511+0200][46,344s] GC(95) Concurrent Preclean 1,544ms
[2019-04-15T13:31:50.511+0200][46,344s] GC(95) User=0,01s Sys=0,00s Real=0,00s
[2019-04-15T13:31:50.511+0200][46,344s] GC(95) Concurrent Abortable Preclean
[2019-04-15T13:31:50.639+0200][46,472s] GC(96) Pause Young (Allocation Failure)
[2019-04-15T13:31:50.639+0200][46,472s] GC(96) Using 4 workers of 4 for evacuation
[2019-04-15T13:31:50.677+0200][46,511s] GC(96) ParNew: 109248K->21824K(109248K)
[2019-04-15T13:31:50.677+0200][46,511s] GC(96) CMS: 216361K->239410K(393216K)
[2019-04-15T13:31:50.677+0200][46,511s] GC(96) Metaspace: 62297K->62297K(1105920K)
[2019-04-15T13:31:50.677+0200][46,511s] GC(96) Pause Young (Allocation Failure) 317M->255M(490M) 38,237ms
[2019-04-15T13:31:50.677+0200][46,511s] GC(96) User=0,10s Sys=0,00s Real=0,04s
[2019-04-15T13:31:50.827+0200][46,660s] GC(95) Concurrent Abortable Preclean 315,976ms
[2019-04-15T13:31:50.827+0200][46,660s] GC(95) User=0,91s Sys=0,02s Real=0,32s
[2019-04-15T13:31:50.827+0200][46,661s] GC(95) Pause Remark
[2019-04-15T13:31:50.827+0200][46,661s] GC(97) Pause Young (CMS Final Remark)
[2019-04-15T13:31:50.827+0200][46,661s] GC(97) Using 4 workers of 4 for evacuation
[2019-04-15T13:31:50.852+0200][46,686s] GC(97) ParNew: 98292K->21824K(109248K)
[2019-04-15T13:31:50.852+0200][46,686s] GC(97) CMS: 239410K->248160K(393216K)
[2019-04-15T13:31:50.852+0200][46,686s] GC(97) Metaspace: 62324K->62324K(1105920K)
[2019-04-15T13:31:50.852+0200][46,686s] GC(97) Pause Young (CMS Final Remark) 329M->263M(490M) 25,104ms
[2019-04-15T13:31:50.852+0200][46,686s] GC(97) User=0,07s Sys=0,00s Real=0,02s
[2019-04-15T13:31:50.890+0200][46,724s] GC(95) Pause Remark 329M->263M(490M) 63,191ms
[2019-04-15T13:31:50.890+0200][46,724s] GC(95) User=0,13s Sys=0,00s Real=0,06s
[2019-04-15T13:31:50.890+0200][46,724s] GC(95) Concurrent Sweep
[2019-04-15T13:31:50.939+0200][46,773s] GC(95) Concurrent Sweep 48,697ms
[2019-04-15T13:31:50.939+0200][46,773s] GC(95) User=0,14s Sys=0,00s Real=0,05s
[2019-04-15T13:31:50.939+0200][46,773s] GC(95) Concurrent Reset
[2019-04-15T13:31:50.939+0200][46,773s] GC(95) Concurrent Reset 0,556ms
[2019-04-15T13:31:50.939+0200][46,773s] GC(95) User=0,00s Sys=0,00s Real=0,00s
[2019-04-15T13:31:50.940+0200][46,773s] GC(95) Old: 216361K->156307K(393216K)
[2019-04-15T13:31:51.072+0200][46,906s] GC(98) Pause Young (Allocation Failure)
[2019-04-15T13:31:51.072+0200][46,906s] GC(98) Using 4 workers of 4 for evacuation
[2019-04-15T13:31:51.092+0200][46,925s] GC(98) ParNew: 109248K->21824K(109248K)
[2019-04-15T13:31:51.092+0200][46,925s] GC(98) CMS: 156307K->156523K(393216K)
[2019-04-15T13:31:51.092+0200][46,925s] GC(98) Metaspace: 62357K->62357K(1105920K)
[2019-04-15T13:31:51.092+0200][46,925s] GC(98) Pause Young (Allocation Failure) 259M->174M(490M) 19,506ms
[2019-04-15T13:31:51.092+0200][46,925s] GC(98) User=0,06s Sys=0,00s Real=0,02s
[2019-04-15T13:31:51.210+0200][47,043s] GC(99) Pause Young (Allocation Failure)
[2019-04-15T13:31:51.210+0200][47,043s] GC(99) Using 4 workers of 4 for evacuation
[2019-04-15T13:31:51.230+0200][47,064s] GC(99) ParNew: 109248K->18034K(109248K)
[2019-04-15T13:31:51.230+0200][47,064s] GC(99) CMS: 156523K->169619K(393216K)
[2019-04-15T13:31:51.230+0200][47,064s] GC(99) Metaspace: 62363K->62363K(1105920K)
[2019-04-15T13:31:51.230+0200][47,064s] GC(99) Pause Young (Allocation Failure) 259M->183M(490M) 20,720ms
[2019-04-15T13:31:51.230+0200][47,064s] GC(99) User=0,06s Sys=0,00s Real=0,02s
[2019-04-15T13:31:51.336+0200][47,170s] GC(100) Pause Young (Allocation Failure)
[2019-04-15T13:31:51.336+0200][47,170s] GC(100) Using 4 workers of 4 for evacuation
[2019-04-15T13:31:51.362+0200][47,196s] GC(100) ParNew: 105458K->18017K(109248K)
[2019-04-15T13:31:51.362+0200][47,196s] GC(100) CMS: 169619K->169619K(393216K)
[2019-04-15T13:31:51.362+0200][47,196s] GC(100) Metaspace: 62363K->62363K(1105920K)
[2019-04-15T13:31:51.362+0200][47,196s] GC(100) Pause Young (Allocation Failure) 268M->183M(490M) 26,178ms
[2019-04-15T13:31:51.363+0200][47,196s] GC(100) User=0,07s Sys=0,00s Real=0,02s
[2019-04-15T13:31:51.470+0200][47,304s] GC(101) Pause Young (Allocation Failure)
[2019-04-15T13:31:51.470+0200][47,304s] GC(101) Using 4 workers of 4 for evacuation
[2019-04-15T13:31:51.496+0200][47,330s] GC(101) ParNew: 105441K->21824K(109248K)
[2019-04-15T13:31:51.496+0200][47,330s] GC(101) CMS: 169619K->169812K(393216K)
[2019-04-15T13:31:51.496+0200][47,330s] GC(101) Metaspace: 62363K->62363K(1105920K)
[2019-04-15T13:31:51.496+0200][47,330s] GC(101) Pause Young (Allocation Failure) 268M->187M(490M) 26,053ms
[2019-04-15T13:31:51.496+0200][47,330s] GC(101) User=0,06s Sys=0,00s Real=0,03s
[2019-04-15T13:31:51.578+0200][47,412s] GC(102) Pause Young (Allocation Failure)
[2019-04-15T13:31:51.578+0200][47,412s] GC(102) Using 4 workers of 4 for evacuation
[2019-04-15T13:31:51.599+0200][47,432s] GC(102) ParNew: 109248K->21824K(109248K)
[2019-04-15T13:31:51.599+0200][47,432s] GC(102) CMS: 169812K->170554K(393216K)
[2019-04-15T13:31:51.599+0200][47,432s] GC(102) Metaspace: 62363K->62363K(1105920K)
[2019-04-15T13:31:51.599+0200][47,432s] GC(102) Pause Young (Allocation Failure) 272M->187M(490M) 20,803ms
[2019-04-15T13:31:51.599+0200][47,432s] GC(102) User=0,06s Sys=0,00s Real=0,02s
[2019-04-15T13:31:51.676+0200][47,510s] GC(103) Pause Young (Allocation Failure)
[2019-04-15T13:31:51.676+0200][47,510s] GC(103) Using 4 workers of 4 for evacuation
[2019-04-15T13:31:51.699+0200][47,533s] GC(103) ParNew: 109248K->21824K(109248K)
[2019-04-15T13:31:51.699+0200][47,533s] GC(103) CMS: 170554K->173485K(393216K)
[2019-04-15T13:31:51.699+0200][47,533s] GC(103) Metaspace: 62363K->62363K(1105920K)
[2019-04-15T13:31:51.699+0200][47,533s] GC(103) Pause Young (Allocation Failure) 273M->190M(490M) 22,990ms
[2019-04-15T13:31:51.699+0200][47,533s] GC(103) User=0,06s Sys=0,00s Real=0,02s
[2019-04-15T13:31:51.801+0200][47,635s] GC(104) Pause Young (Allocation Failure)
[2019-04-15T13:31:51.801+0200][47,635s] GC(104) Using 4 workers of 4 for evacuation
[2019-04-15T13:31:51.848+0200][47,682s] GC(104) ParNew: 109248K->21824K(109248K)
[2019-04-15T13:31:51.848+0200][47,682s] GC(104) CMS: 173485K->178489K(393216K)
[2019-04-15T13:31:51.849+0200][47,682s] GC(104) Metaspace: 62363K->62363K(1105920K)
[2019-04-15T13:31:51.849+0200][47,682s] GC(104) Pause Young (Allocation Failure) 276M->195M(490M) 47,144ms
[2019-04-15T13:31:51.849+0200][47,682s] GC(104) User=0,13s Sys=0,00s Real=0,05s
[2019-04-15T13:31:51.949+0200][47,783s] GC(105) Pause Young (Allocation Failure)
[2019-04-15T13:31:51.949+0200][47,783s] GC(105) Using 4 workers of 4 for evacuation
[2019-04-15T13:31:51.975+0200][47,809s] GC(105) ParNew: 109248K->21824K(109248K)
[2019-04-15T13:31:51.975+0200][47,809s] GC(105) CMS: 178489K->180042K(393216K)
[2019-04-15T13:31:51.975+0200][47,809s] GC(105) Metaspace: 62363K->62363K(1105920K)
[2019-04-15T13:31:51.975+0200][47,809s] GC(105) Pause Young (Allocation Failure) 280M->197M(490M) 25,954ms
[2019-04-15T13:31:51.975+0200][47,809s] GC(105) User=0,07s Sys=0,00s Real=0,03s
[2019-04-15T13:31:52.091+0200][47,925s] GC(106) Pause Young (Allocation Failure)
[2019-04-15T13:31:52.091+0200][47,925s] GC(106) Using 4 workers of 4 for evacuation
[2019-04-15T13:31:52.118+0200][47,952s] GC(106) ParNew: 109248K->21824K(109248K)
[2019-04-15T13:31:52.118+0200][47,952s] GC(106) CMS: 180042K->184117K(393216K)
[2019-04-15T13:31:52.118+0200][47,952s] GC(106) Metaspace: 62363K->62363K(1105920K)
[2019-04-15T13:31:52.119+0200][47,952s] GC(106) Pause Young (Allocation Failure) 282M->201M(490M) 27,659ms
[2019-04-15T13:31:52.119+0200][47,952s] GC(106) User=0,07s Sys=0,00s Real=0,03s
[2019-04-15T13:31:52.191+0200][48,025s] GC(107) Pause Young (Allocation Failure)
[2019-04-15T13:31:52.191+0200][48,025s] GC(107) Using 4 workers of 4 for evacuation
[2019-04-15T13:31:52.213+0200][48,047s] GC(107) ParNew: 109248K->21824K(109248K)
[2019-04-15T13:31:52.213+0200][48,047s] GC(107) CMS: 184117K->186921K(393216K)
[2019-04-15T13:31:52.213+0200][48,047s] GC(107) Metaspace: 62363K->62363K(1105920K)
[2019-04-15T13:31:52.213+0200][48,047s] GC(107) Pause Young (Allocation Failure) 286M->203M(490M) 22,258ms
[2019-04-15T13:31:52.213+0200][48,047s] GC(107) User=0,06s Sys=0,00s Real=0,03s
[2019-04-15T13:31:52.281+0200][48,115s] GC(108) Pause Young (Allocation Failure)
[2019-04-15T13:31:52.281+0200][48,115s] GC(108) Using 4 workers of 4 for evacuation
[2019-04-15T13:31:52.307+0200][48,141s] GC(108) ParNew: 109248K->21824K(109248K)
[2019-04-15T13:31:52.307+0200][48,141s] GC(108) CMS: 186921K->189939K(393216K)
[2019-04-15T13:31:52.307+0200][48,141s] GC(108) Metaspace: 62363K->62363K(1105920K)
[2019-04-15T13:31:52.307+0200][48,141s] GC(108) Pause Young (Allocation Failure) 289M->206M(490M) 26,132ms
[2019-04-15T13:31:52.307+0200][48,141s] GC(108) User=0,07s Sys=0,00s Real=0,03s
[2019-04-15T13:31:52.385+0200][48,218s] GC(109) Pause Young (Allocation Failure)
[2019-04-15T13:31:52.385+0200][48,218s] GC(109) Using 4 workers of 4 for evacuation
[2019-04-15T13:31:52.411+0200][48,244s] GC(109) ParNew: 109248K->21824K(109248K)
[2019-04-15T13:31:52.411+0200][48,244s] GC(109) CMS: 189939K->192183K(393216K)
[2019-04-15T13:31:52.411+0200][48,244s] GC(109) Metaspace: 62363K->62363K(1105920K)
[2019-04-15T13:31:52.411+0200][48,244s] GC(109) Pause Young (Allocation Failure) 292M->208M(490M) 25,904ms
[2019-04-15T13:31:52.411+0200][48,244s] GC(109) User=0,07s Sys=0,00s Real=0,03s
[2019-04-15T13:31:52.491+0200][48,325s] GC(110) Pause Young (Allocation Failure)
[2019-04-15T13:31:52.491+0200][48,325s] GC(110) Using 4 workers of 4 for evacuation
[2019-04-15T13:31:52.513+0200][48,346s] GC(110) ParNew: 109183K->21824K(109248K)
[2019-04-15T13:31:52.513+0200][48,346s] GC(110) CMS: 192183K->195391K(393216K)
[2019-04-15T13:31:52.513+0200][48,346s] GC(110) Metaspace: 62372K->62372K(1105920K)
[2019-04-15T13:31:52.513+0200][48,346s] GC(110) Pause Young (Allocation Failure) 294M->212M(490M) 21,270ms
[2019-04-15T13:31:52.513+0200][48,346s] GC(110) User=0,06s Sys=0,00s Real=0,02s
[2019-04-15T13:31:53.156+0200][48,990s] GC(111) Pause Young (Allocation Failure)
[2019-04-15T13:31:53.156+0200][48,990s] GC(111) Using 4 workers of 4 for evacuation
[2019-04-15T13:31:53.207+0200][49,041s] GC(111) ParNew: 109248K->21824K(109248K)
[2019-04-15T13:31:53.207+0200][49,041s] GC(111) CMS: 195391K->267332K(393216K)
[2019-04-15T13:31:53.207+0200][49,041s] GC(111) Metaspace: 62377K->62377K(1105920K)
[2019-04-15T13:31:53.207+0200][49,041s] GC(111) Pause Young (Allocation Failure) 297M->282M(490M) 50,719ms
[2019-04-15T13:31:53.207+0200][49,041s] GC(111) User=0,09s Sys=0,00s Real=0,05s
[2019-04-15T13:31:53.207+0200][49,041s] GC(112) Pause Initial Mark
[2019-04-15T13:31:53.214+0200][49,048s] GC(112) Pause Initial Mark 282M->282M(490M) 6,718ms
[2019-04-15T13:31:53.214+0200][49,048s] GC(112) User=0,02s Sys=0,00s Real=0,01s
[2019-04-15T13:31:53.214+0200][49,048s] GC(112) Concurrent Mark
[2019-04-15T13:31:53.214+0200][49,048s] GC(112) Using 4 workers of 4 for marking
[2019-04-15T13:31:53.313+0200][49,147s] GC(112) Concurrent Mark 98,890ms
[2019-04-15T13:31:53.313+0200][49,147s] GC(112) User=0,21s Sys=0,01s Real=0,10s
[2019-04-15T13:31:53.313+0200][49,147s] GC(112) Concurrent Preclean
[2019-04-15T13:31:53.314+0200][49,148s] GC(112) Concurrent Preclean 1,397ms
[2019-04-15T13:31:53.314+0200][49,148s] GC(112) User=0,00s Sys=0,00s Real=0,00s
[2019-04-15T13:31:53.314+0200][49,148s] GC(112) Concurrent Abortable Preclean
[2019-04-15T13:31:59.347+0200][55,181s] GC(112) Concurrent Abortable Preclean 6032,431ms
[2019-04-15T13:31:59.347+0200][55,181s] GC(112) User=9,97s Sys=0,09s Real=6,03s
[2019-04-15T13:31:59.347+0200][55,181s] GC(112) Pause Remark
[2019-04-15T13:31:59.347+0200][55,181s] GC(113) Pause Young (CMS Final Remark)
[2019-04-15T13:31:59.347+0200][55,181s] GC(113) Using 4 workers of 4 for evacuation
[2019-04-15T13:31:59.390+0200][55,223s] GC(113) ParNew: 69424K->21824K(109248K)
[2019-04-15T13:31:59.390+0200][55,224s] GC(113) CMS: 267332K->300246K(393216K)
[2019-04-15T13:31:59.390+0200][55,224s] GC(113) Metaspace: 62399K->62399K(1105920K)
[2019-04-15T13:31:59.390+0200][55,224s] GC(113) Pause Young (CMS Final Remark) 328M->314M(490M) 42,669ms
[2019-04-15T13:31:59.390+0200][55,224s] GC(113) User=0,07s Sys=0,02s Real=0,04s
[2019-04-15T13:31:59.423+0200][55,257s] GC(112) Pause Remark 328M->314M(490M) 75,818ms
[2019-04-15T13:31:59.423+0200][55,257s] GC(112) User=0,13s Sys=0,02s Real=0,07s
[2019-04-15T13:31:59.423+0200][55,257s] GC(112) Concurrent Sweep
[2019-04-15T13:31:59.464+0200][55,298s] GC(112) Concurrent Sweep 41,114ms
[2019-04-15T13:31:59.464+0200][55,298s] GC(112) User=0,07s Sys=0,00s Real=0,04s
[2019-04-15T13:31:59.464+0200][55,298s] GC(112) Concurrent Reset
[2019-04-15T13:31:59.464+0200][55,298s] GC(112) Concurrent Reset 0,324ms
[2019-04-15T13:31:59.465+0200][55,298s] GC(112) User=0,01s Sys=0,00s Real=0,00s
[2019-04-15T13:31:59.465+0200][55,298s] GC(112) Old: 267332K->247764K(393216K)
[2019-04-15T13:31:59.706+0200][55,540s] GC(114) Pause Young (Allocation Failure)
[2019-04-15T13:31:59.706+0200][55,540s] GC(114) Using 4 workers of 4 for evacuation
[2019-04-15T13:31:59.758+0200][55,591s] GC(114) ParNew: 109248K->21824K(109248K)
[2019-04-15T13:31:59.758+0200][55,591s] GC(114) CMS: 247764K->320638K(393216K)
[2019-04-15T13:31:59.758+0200][55,591s] GC(114) Metaspace: 62401K->62401K(1105920K)
[2019-04-15T13:31:59.758+0200][55,591s] GC(114) Pause Young (Allocation Failure) 348M->334M(490M) 51,407ms
[2019-04-15T13:31:59.758+0200][55,591s] GC(114) User=0,08s Sys=0,01s Real=0,05s
[2019-04-15T13:31:59.764+0200][55,598s] GC(115) Pause Initial Mark
[2019-04-15T13:31:59.772+0200][55,605s] GC(115) Pause Initial Mark 352M->352M(490M) 7,149ms
[2019-04-15T13:31:59.772+0200][55,605s] GC(115) User=0,01s Sys=0,00s Real=0,01s
[2019-04-15T13:31:59.772+0200][55,605s] GC(115) Concurrent Mark
[2019-04-15T13:31:59.772+0200][55,605s] GC(115) Using 4 workers of 4 for marking
[2019-04-15T13:31:59.855+0200][55,689s] GC(115) Concurrent Mark 83,489ms
[2019-04-15T13:31:59.855+0200][55,689s] GC(115) User=0,23s Sys=0,00s Real=0,09s
[2019-04-15T13:31:59.855+0200][55,689s] GC(115) Concurrent Preclean
[2019-04-15T13:31:59.857+0200][55,690s] GC(115) Concurrent Preclean 1,364ms
[2019-04-15T13:31:59.857+0200][55,690s] GC(115) User=0,01s Sys=0,00s Real=0,00s
[2019-04-15T13:31:59.857+0200][55,690s] GC(115) Concurrent Abortable Preclean
[2019-04-15T13:31:59.857+0200][55,690s] GC(115) Concurrent Abortable Preclean 0,012ms
[2019-04-15T13:31:59.857+0200][55,690s] GC(115) User=0,00s Sys=0,00s Real=0,00s
[2019-04-15T13:31:59.857+0200][55,691s] GC(115) Pause Remark
[2019-04-15T13:31:59.857+0200][55,691s] GC(116) Pause Young (CMS Final Remark)
[2019-04-15T13:31:59.857+0200][55,691s] GC(116) Using 4 workers of 4 for evacuation
[2019-04-15T13:31:59.857+0200][55,691s] GC(116) ParNew: 84448K->84448K(109248K)
[2019-04-15T13:31:59.857+0200][55,691s] GC(116) CMS: 320638K->320638K(393216K)
[2019-04-15T13:31:59.857+0200][55,691s] GC(116) Metaspace: 62401K->62401K(1105920K)
[2019-04-15T13:31:59.857+0200][55,691s] GC(116) Pause Young (CMS Final Remark) 395M->395M(490M) 0,064ms
[2019-04-15T13:31:59.857+0200][55,691s] GC(116) User=0,00s Sys=0,00s Real=0,00s
[2019-04-15T13:31:59.898+0200][55,731s] GC(115) Pause Remark 395M->395M(490M) 40,801ms
[2019-04-15T13:31:59.898+0200][55,731s] GC(115) User=0,08s Sys=0,00s Real=0,04s
[2019-04-15T13:31:59.898+0200][55,731s] GC(115) Concurrent Sweep
[2019-04-15T13:32:00.165+0200][55,999s] GC(115) Concurrent Sweep 267,726ms
[2019-04-15T13:32:00.166+0200][55,999s] GC(115) User=0,69s Sys=0,00s Real=0,27s
[2019-04-15T13:32:00.166+0200][55,999s] GC(115) Concurrent Reset
[2019-04-15T13:32:00.166+0200][56,000s] GC(115) Concurrent Reset 0,360ms
[2019-04-15T13:32:00.166+0200][56,000s] GC(115) User=0,00s Sys=0,00s Real=0,00s
[2019-04-15T13:32:00.166+0200][56,000s] GC(115) Old: 320638K->293155K(393216K)
[2019-04-15T13:32:00.167+0200][56,001s] GC(117) Pause Young (Allocation Failure)
[2019-04-15T13:32:00.167+0200][56,001s] GC(117) Using 4 workers of 4 for evacuation
[2019-04-15T13:32:00.167+0200][56,001s] GC(118) Pause Full (Allocation Failure)
[2019-04-15T13:32:00.168+0200][56,001s] GC(118) Phase 1: Mark live objects
[2019-04-15T13:32:00.229+0200][56,063s] GC(118) Phase 1: Mark live objects 61,663ms
[2019-04-15T13:32:00.229+0200][56,063s] GC(118) Phase 2: Compute new object addresses
[2019-04-15T13:32:00.291+0200][56,125s] GC(118) Phase 2: Compute new object addresses 62,020ms
[2019-04-15T13:32:00.291+0200][56,125s] GC(118) Phase 3: Adjust pointers
[2019-04-15T13:32:00.340+0200][56,173s] GC(118) Phase 3: Adjust pointers 48,205ms
[2019-04-15T13:32:00.340+0200][56,173s] GC(118) Phase 4: Move objects
[2019-04-15T13:32:00.388+0200][56,221s] GC(118) Phase 4: Move objects 48,002ms
[2019-04-15T13:32:00.388+0200][56,222s] GC(118) Pause Full (Allocation Failure) 392M->195M(490M) 221,233ms
[2019-04-15T13:32:00.388+0200][56,222s] GC(117) ParNew: 109248K->0K(109248K)
[2019-04-15T13:32:00.388+0200][56,222s] GC(117) CMS: 293155K->200174K(393216K)
[2019-04-15T13:32:00.388+0200][56,222s] GC(117) Metaspace: 62401K->62401K(1105920K)
[2019-04-15T13:32:00.388+0200][56,222s] GC(117) Pause Young (Allocation Failure) 392M->195M(490M) 221,383ms
[2019-04-15T13:32:00.388+0200][56,222s] GC(117) User=0,33s Sys=0,00s Real=0,22s
[2019-04-15T13:32:00.394+0200][56,227s] GC(119) Pause Initial Mark
[2019-04-15T13:32:00.394+0200][56,228s] GC(119) Pause Initial Mark 197M->197M(490M) 0,464ms
[2019-04-15T13:32:00.394+0200][56,228s] GC(119) User=0,00s Sys=0,00s Real=0,00s
[2019-04-15T13:32:00.402+0200][56,235s] GC(119) Concurrent Mark
[2019-04-15T13:32:00.402+0200][56,235s] GC(119) Using 4 workers of 4 for marking
[2019-04-15T13:32:00.472+0200][56,305s] GC(119) Concurrent Mark 70,035ms
[2019-04-15T13:32:00.472+0200][56,305s] GC(119) User=0,16s Sys=0,01s Real=0,07s
[2019-04-15T13:32:00.472+0200][56,305s] GC(119) Concurrent Preclean
[2019-04-15T13:32:00.473+0200][56,307s] GC(119) Concurrent Preclean 1,575ms
[2019-04-15T13:32:00.473+0200][56,307s] GC(119) User=0,00s Sys=0,00s Real=0,01s
[2019-04-15T13:32:00.473+0200][56,307s] GC(119) Concurrent Abortable Preclean
[2019-04-15T13:32:00.576+0200][56,409s] GC(119) Concurrent Abortable Preclean 102,444ms
[2019-04-15T13:32:00.576+0200][56,409s] GC(119) User=0,20s Sys=0,01s Real=0,10s
[2019-04-15T13:32:00.576+0200][56,410s] GC(119) Pause Remark
[2019-04-15T13:32:00.576+0200][56,410s] GC(120) Pause Young (CMS Final Remark)
[2019-04-15T13:32:00.576+0200][56,410s] GC(120) Using 4 workers of 4 for evacuation
[2019-04-15T13:32:00.601+0200][56,435s] GC(120) ParNew: 44019K->21824K(109248K)
[2019-04-15T13:32:00.601+0200][56,435s] GC(120) CMS: 200174K->205002K(393216K)
[2019-04-15T13:32:00.601+0200][56,435s] GC(120) Metaspace: 62421K->62421K(1105920K)
[2019-04-15T13:32:00.601+0200][56,435s] GC(120) Pause Young (CMS Final Remark) 238M->221M(490M) 25,160ms
[2019-04-15T13:32:00.601+0200][56,435s] GC(120) User=0,07s Sys=0,00s Real=0,02s
[2019-04-15T13:32:00.634+0200][56,467s] GC(119) Pause Remark 238M->221M(490M) 57,653ms
[2019-04-15T13:32:00.634+0200][56,467s] GC(119) User=0,13s Sys=0,00s Real=0,06s
[2019-04-15T13:32:00.635+0200][56,468s] GC(119) Concurrent Sweep
[2019-04-15T13:32:00.689+0200][56,523s] GC(119) Concurrent Sweep 54,755ms
[2019-04-15T13:32:00.690+0200][56,523s] GC(119) User=0,17s Sys=0,00s Real=0,05s
[2019-04-15T13:32:00.690+0200][56,523s] GC(119) Concurrent Reset
[2019-04-15T13:32:00.690+0200][56,524s] GC(119) Concurrent Reset 0,423ms
[2019-04-15T13:32:00.690+0200][56,524s] GC(119) User=0,00s Sys=0,00s Real=0,00s
[2019-04-15T13:32:00.690+0200][56,524s] GC(119) Old: 200174K->204510K(393216K)
[2019-04-15T13:32:00.898+0200][56,732s] GC(121) Pause Young (Allocation Failure)
[2019-04-15T13:32:00.899+0200][56,732s] GC(121) Using 4 workers of 4 for evacuation
[2019-04-15T13:32:00.923+0200][56,757s] GC(121) ParNew: 109248K->21824K(109248K)
[2019-04-15T13:32:00.923+0200][56,757s] GC(121) CMS: 204510K->204770K(393216K)
[2019-04-15T13:32:00.923+0200][56,757s] GC(121) Metaspace: 62465K->62465K(1105920K)
[2019-04-15T13:32:00.923+0200][56,757s] GC(121) Pause Young (Allocation Failure) 306M->221M(490M) 24,475ms
[2019-04-15T13:32:00.923+0200][56,757s] GC(121) User=0,07s Sys=0,00s Real=0,02s
[2019-04-15T13:32:00.932+0200][56,766s] GC(122) Pause Initial Mark
[2019-04-15T13:32:00.938+0200][56,771s] GC(122) Pause Initial Mark 225M->225M(490M) 5,685ms
[2019-04-15T13:32:00.938+0200][56,771s] GC(122) User=0,02s Sys=0,00s Real=0,01s
[2019-04-15T13:32:00.938+0200][56,772s] GC(122) Concurrent Mark
[2019-04-15T13:32:00.938+0200][56,772s] GC(122) Using 4 workers of 4 for marking
[2019-04-15T13:32:01.051+0200][56,885s] GC(122) Concurrent Mark 113,702ms
[2019-04-15T13:32:01.052+0200][56,885s] GC(122) User=0,31s Sys=0,00s Real=0,11s
[2019-04-15T13:32:01.052+0200][56,885s] GC(122) Concurrent Preclean
[2019-04-15T13:32:01.053+0200][56,886s] GC(122) Concurrent Preclean 1,193ms
[2019-04-15T13:32:01.053+0200][56,887s] GC(122) User=0,00s Sys=0,00s Real=0,00s
[2019-04-15T13:32:01.053+0200][56,887s] GC(122) Concurrent Abortable Preclean
[2019-04-15T13:32:01.275+0200][57,108s] GC(123) Pause Young (Allocation Failure)
[2019-04-15T13:32:01.275+0200][57,108s] GC(123) Using 4 workers of 4 for evacuation
[2019-04-15T13:32:01.298+0200][57,132s] GC(123) ParNew: 109248K->21824K(109248K)
[2019-04-15T13:32:01.298+0200][57,132s] GC(123) CMS: 204770K->204770K(393216K)
[2019-04-15T13:32:01.298+0200][57,132s] GC(123) Metaspace: 62470K->62470K(1105920K)
[2019-04-15T13:32:01.298+0200][57,132s] GC(123) Pause Young (Allocation Failure) 306M->221M(490M) 23,760ms
[2019-04-15T13:32:01.298+0200][57,132s] GC(123) User=0,07s Sys=0,00s Real=0,02s
[2019-04-15T13:32:01.503+0200][57,337s] GC(124) Pause Young (Allocation Failure)
[2019-04-15T13:32:01.503+0200][57,337s] GC(124) Using 4 workers of 4 for evacuation
[2019-04-15T13:32:01.519+0200][57,352s] GC(124) ParNew: 109248K->21824K(109248K)
[2019-04-15T13:32:01.519+0200][57,353s] GC(124) CMS: 204770K->205766K(393216K)
[2019-04-15T13:32:01.519+0200][57,353s] GC(124) Metaspace: 62474K->62474K(1105920K)
[2019-04-15T13:32:01.519+0200][57,353s] GC(124) Pause Young (Allocation Failure) 306M->222M(490M) 15,484ms
[2019-04-15T13:32:01.519+0200][57,353s] GC(124) User=0,04s Sys=0,00s Real=0,02s
[2019-04-15T13:32:01.523+0200][57,356s] GC(122) Concurrent Abortable Preclean 469,773ms
[2019-04-15T13:32:01.523+0200][57,356s] GC(122) User=1,33s Sys=0,00s Real=0,47s
[2019-04-15T13:32:01.523+0200][57,356s] GC(122) Pause Remark
[2019-04-15T13:32:01.523+0200][57,356s] GC(125) Pause Young (CMS Final Remark)
[2019-04-15T13:32:01.523+0200][57,357s] GC(125) Using 4 workers of 4 for evacuation
[2019-04-15T13:32:01.538+0200][57,371s] GC(125) ParNew: 26509K->19703K(109248K)
[2019-04-15T13:32:01.538+0200][57,371s] GC(125) CMS: 205766K->221855K(393216K)
[2019-04-15T13:32:01.538+0200][57,371s] GC(125) Metaspace: 62474K->62474K(1105920K)
[2019-04-15T13:32:01.538+0200][57,371s] GC(125) Pause Young (CMS Final Remark) 226M->235M(490M) 14,934ms
[2019-04-15T13:32:01.538+0200][57,371s] GC(125) User=0,05s Sys=0,00s Real=0,02s
[2019-04-15T13:32:01.565+0200][57,398s] GC(122) Pause Remark 226M->235M(490M) 41,933ms
[2019-04-15T13:32:01.565+0200][57,398s] GC(122) User=0,09s Sys=0,00s Real=0,04s
[2019-04-15T13:32:01.565+0200][57,399s] GC(122) Concurrent Sweep
[2019-04-15T13:32:01.607+0200][57,440s] GC(122) Concurrent Sweep 41,797ms
[2019-04-15T13:32:01.607+0200][57,440s] GC(122) User=0,12s Sys=0,00s Real=0,05s
[2019-04-15T13:32:01.607+0200][57,440s] GC(122) Concurrent Reset
[2019-04-15T13:32:01.607+0200][57,441s] GC(122) Concurrent Reset 0,397ms
[2019-04-15T13:32:01.607+0200][57,441s] GC(122) User=0,00s Sys=0,00s Real=0,00s
[2019-04-15T13:32:01.607+0200][57,441s] GC(122) Old: 204770K->112253K(393216K)
[2019-04-15T13:32:01.718+0200][57,552s] GC(126) Pause Young (Allocation Failure)
[2019-04-15T13:32:01.718+0200][57,552s] GC(126) Using 4 workers of 4 for evacuation
[2019-04-15T13:32:01.738+0200][57,572s] GC(126) ParNew: 107127K->9708K(109248K)
[2019-04-15T13:32:01.738+0200][57,572s] GC(126) CMS: 112253K->112253K(393216K)
[2019-04-15T13:32:01.738+0200][57,572s] GC(126) Metaspace: 62496K->62496K(1105920K)
[2019-04-15T13:32:01.738+0200][57,572s] GC(126) Pause Young (Allocation Failure) 214M->119M(490M) 20,305ms
[2019-04-15T13:32:01.738+0200][57,572s] GC(126) User=0,06s Sys=0,00s Real=0,02s
[2019-04-15T13:32:01.866+0200][57,700s] GC(127) Pause Young (Allocation Failure)
[2019-04-15T13:32:01.867+0200][57,700s] GC(127) Using 4 workers of 4 for evacuation
[2019-04-15T13:32:01.889+0200][57,723s] GC(127) ParNew: 97132K->8956K(109248K)
[2019-04-15T13:32:01.889+0200][57,723s] GC(127) CMS: 112253K->112253K(393216K)
[2019-04-15T13:32:01.889+0200][57,723s] GC(127) Metaspace: 62501K->62501K(1105920K)
[2019-04-15T13:32:01.889+0200][57,723s] GC(127) Pause Young (Allocation Failure) 204M->118M(490M) 22,858ms
[2019-04-15T13:32:01.889+0200][57,723s] GC(127) User=0,07s Sys=0,00s Real=0,02s
[2019-04-15T13:32:02.017+0200][57,851s] GC(128) Pause Young (Allocation Failure)
[2019-04-15T13:32:02.017+0200][57,851s] GC(128) Using 4 workers of 4 for evacuation
[2019-04-15T13:32:02.036+0200][57,870s] GC(128) ParNew: 96380K->9562K(109248K)
[2019-04-15T13:32:02.036+0200][57,870s] GC(128) CMS: 112253K->112253K(393216K)
[2019-04-15T13:32:02.036+0200][57,870s] GC(128) Metaspace: 62505K->62505K(1105920K)
[2019-04-15T13:32:02.036+0200][57,870s] GC(128) Pause Young (Allocation Failure) 203M->118M(490M) 19,111ms
[2019-04-15T13:32:02.036+0200][57,870s] GC(128) User=0,04s Sys=0,00s Real=0,02s
[2019-04-15T13:32:02.120+0200][57,953s] GC(129) Pause Young (Allocation Failure)
[2019-04-15T13:32:02.120+0200][57,953s] GC(129) Using 4 workers of 4 for evacuation
[2019-04-15T13:32:02.130+0200][57,964s] GC(129) ParNew: 96986K->11793K(109248K)
[2019-04-15T13:32:02.130+0200][57,964s] GC(129) CMS: 112253K->112253K(393216K)
[2019-04-15T13:32:02.130+0200][57,964s] GC(129) Metaspace: 62521K->62521K(1105920K)
[2019-04-15T13:32:02.130+0200][57,964s] GC(129) Pause Young (Allocation Failure) 204M->121M(490M) 10,331ms
[2019-04-15T13:32:02.130+0200][57,964s] GC(129) User=0,03s Sys=0,00s Real=0,01s
[2019-04-15T13:32:02.206+0200][58,040s] GC(130) Pause Young (Allocation Failure)
[2019-04-15T13:32:02.206+0200][58,040s] GC(130) Using 4 workers of 4 for evacuation
[2019-04-15T13:32:02.218+0200][58,052s] GC(130) ParNew: 99108K->12425K(109248K)
[2019-04-15T13:32:02.218+0200][58,052s] GC(130) CMS: 112253K->112798K(393216K)
[2019-04-15T13:32:02.218+0200][58,052s] GC(130) Metaspace: 62522K->62522K(1105920K)
[2019-04-15T13:32:02.218+0200][58,052s] GC(130) Pause Young (Allocation Failure) 206M->122M(490M) 12,437ms
[2019-04-15T13:32:02.218+0200][58,052s] GC(130) User=0,03s Sys=0,00s Real=0,01s
[2019-04-15T13:32:02.291+0200][58,125s] GC(131) Pause Young (Allocation Failure)
[2019-04-15T13:32:02.291+0200][58,125s] GC(131) Using 4 workers of 4 for evacuation
[2019-04-15T13:32:02.311+0200][58,144s] GC(131) ParNew: 99849K->17747K(109248K)
[2019-04-15T13:32:02.311+0200][58,145s] GC(131) CMS: 112798K->113514K(393216K)
[2019-04-15T13:32:02.311+0200][58,145s] GC(131) Metaspace: 62539K->62539K(1105920K)
[2019-04-15T13:32:02.311+0200][58,145s] GC(131) Pause Young (Allocation Failure) 207M->128M(490M) 19,432ms
[2019-04-15T13:32:02.311+0200][58,145s] GC(131) User=0,07s Sys=0,00s Real=0,02s
[2019-04-15T13:32:02.708+0200][58,541s] GC(132) Pause Young (Allocation Failure)
[2019-04-15T13:32:02.708+0200][58,541s] GC(132) Using 4 workers of 4 for evacuation
[2019-04-15T13:32:02.731+0200][58,565s] GC(132) ParNew: 105171K->21824K(109248K)
[2019-04-15T13:32:02.731+0200][58,565s] GC(132) CMS: 113514K->152932K(393216K)
[2019-04-15T13:32:02.731+0200][58,565s] GC(132) Metaspace: 62545K->62545K(1105920K)
[2019-04-15T13:32:02.731+0200][58,565s] GC(132) Pause Young (Allocation Failure) 213M->170M(490M) 23,639ms
[2019-04-15T13:32:02.731+0200][58,565s] GC(132) User=0,06s Sys=0,00s Real=0,02s
[2019-04-15T13:32:02.903+0200][58,737s] GC(133) Pause Young (Allocation Failure)
[2019-04-15T13:32:02.903+0200][58,737s] GC(133) Using 4 workers of 4 for evacuation
[2019-04-15T13:32:02.939+0200][58,773s] GC(133) ParNew: 109248K->21824K(109248K)
[2019-04-15T13:32:02.939+0200][58,773s] GC(133) CMS: 152932K->233228K(393216K)
[2019-04-15T13:32:02.939+0200][58,773s] GC(133) Metaspace: 62546K->62546K(1105920K)
[2019-04-15T13:32:02.939+0200][58,773s] GC(133) Pause Young (Allocation Failure) 256M->249M(490M) 35,729ms
[2019-04-15T13:32:02.939+0200][58,773s] GC(133) User=0,07s Sys=0,00s Real=0,04s
[2019-04-15T13:32:02.939+0200][58,773s] GC(134) Pause Initial Mark
[2019-04-15T13:32:02.944+0200][58,778s] GC(134) Pause Initial Mark 250M->250M(490M) 5,087ms
[2019-04-15T13:32:02.944+0200][58,778s] GC(134) User=0,01s Sys=0,00s Real=0,00s
[2019-04-15T13:32:02.944+0200][58,778s] GC(134) Concurrent Mark
[2019-04-15T13:32:02.944+0200][58,778s] GC(134) Using 4 workers of 4 for marking
[2019-04-15T13:32:02.995+0200][58,829s] GC(134) Concurrent Mark 50,952ms
[2019-04-15T13:32:02.995+0200][58,829s] GC(134) User=0,17s Sys=0,00s Real=0,06s
[2019-04-15T13:32:02.995+0200][58,829s] GC(134) Concurrent Preclean
[2019-04-15T13:32:02.997+0200][58,830s] GC(134) Concurrent Preclean 1,307ms
[2019-04-15T13:32:02.997+0200][58,830s] GC(134) User=0,00s Sys=0,00s Real=0,00s
[2019-04-15T13:32:02.997+0200][58,830s] GC(134) Concurrent Abortable Preclean
[2019-04-15T13:32:03.074+0200][58,908s] GC(135) Pause Young (Allocation Failure)
[2019-04-15T13:32:03.074+0200][58,908s] GC(135) Using 4 workers of 4 for evacuation
[2019-04-15T13:32:03.098+0200][58,932s] GC(135) ParNew: 109248K->21824K(109248K)
[2019-04-15T13:32:03.098+0200][58,932s] GC(135) CMS: 233228K->258588K(393216K)
[2019-04-15T13:32:03.098+0200][58,932s] GC(135) Metaspace: 62550K->62550K(1105920K)
[2019-04-15T13:32:03.098+0200][58,932s] GC(135) Pause Young (Allocation Failure) 334M->273M(490M) 23,811ms
[2019-04-15T13:32:03.098+0200][58,932s] GC(135) User=0,09s Sys=0,00s Real=0,02s
[2019-04-15T13:32:03.194+0200][59,028s] GC(136) Pause Young (Allocation Failure)
[2019-04-15T13:32:03.194+0200][59,028s] GC(136) Using 4 workers of 4 for evacuation
[2019-04-15T13:32:03.206+0200][59,040s] GC(136) ParNew: 109248K->19791K(109248K)
[2019-04-15T13:32:03.206+0200][59,040s] GC(136) CMS: 258588K->269525K(393216K)
[2019-04-15T13:32:03.206+0200][59,040s] GC(136) Metaspace: 62550K->62550K(1105920K)
[2019-04-15T13:32:03.206+0200][59,040s] GC(136) Pause Young (Allocation Failure) 359M->282M(490M) 11,995ms
[2019-04-15T13:32:03.206+0200][59,040s] GC(136) User=0,03s Sys=0,00s Real=0,01s
[2019-04-15T13:32:03.206+0200][59,040s] GC(134) Concurrent Abortable Preclean 209,292ms
[2019-04-15T13:32:03.206+0200][59,040s] GC(134) User=0,57s Sys=0,00s Real=0,21s
[2019-04-15T13:32:03.206+0200][59,040s] GC(134) Pause Remark
[2019-04-15T13:32:03.206+0200][59,040s] GC(137) Pause Young (CMS Final Remark)
[2019-04-15T13:32:03.206+0200][59,040s] GC(137) Using 4 workers of 4 for evacuation
[2019-04-15T13:32:03.211+0200][59,045s] GC(137) ParNew: 21301K->11579K(109248K)
[2019-04-15T13:32:03.211+0200][59,045s] GC(137) CMS: 269525K->269525K(393216K)
[2019-04-15T13:32:03.211+0200][59,045s] GC(137) Metaspace: 62550K->62550K(1105920K)
[2019-04-15T13:32:03.211+0200][59,045s] GC(137) Pause Young (CMS Final Remark) 284M->274M(490M) 4,776ms
[2019-04-15T13:32:03.211+0200][59,045s] GC(137) User=0,02s Sys=0,00s Real=0,00s
[2019-04-15T13:32:03.235+0200][59,069s] GC(134) Pause Remark 284M->274M(490M) 28,968ms
[2019-04-15T13:32:03.235+0200][59,069s] GC(134) User=0,05s Sys=0,00s Real=0,03s
[2019-04-15T13:32:03.235+0200][59,069s] GC(134) Concurrent Sweep
[2019-04-15T13:32:03.274+0200][59,108s] GC(134) Concurrent Sweep 38,677ms
[2019-04-15T13:32:03.274+0200][59,108s] GC(134) User=0,08s Sys=0,00s Real=0,04s
[2019-04-15T13:32:03.274+0200][59,108s] GC(134) Concurrent Reset
[2019-04-15T13:32:03.274+0200][59,108s] GC(134) Concurrent Reset 0,336ms
[2019-04-15T13:32:03.274+0200][59,108s] GC(134) User=0,00s Sys=0,00s Real=0,00s
[2019-04-15T13:32:03.274+0200][59,108s] GC(134) Old: 233228K->257879K(393216K)
[2019-04-15T13:32:03.319+0200][59,152s] GC(138) Pause Young (Allocation Failure)
[2019-04-15T13:32:03.319+0200][59,152s] GC(138) Using 4 workers of 4 for evacuation
[2019-04-15T13:32:03.328+0200][59,162s] GC(138) ParNew: 99003K->9551K(109248K)
[2019-04-15T13:32:03.328+0200][59,162s] GC(138) CMS: 257879K->257879K(393216K)
[2019-04-15T13:32:03.328+0200][59,162s] GC(138) Metaspace: 62550K->62550K(1105920K)
[2019-04-15T13:32:03.328+0200][59,162s] GC(138) Pause Young (Allocation Failure) 348M->261M(490M) 9,448ms
[2019-04-15T13:32:03.328+0200][59,162s] GC(138) User=0,02s Sys=0,00s Real=0,01s
[2019-04-15T13:32:03.328+0200][59,162s] GC(139) Pause Initial Mark
[2019-04-15T13:32:03.329+0200][59,163s] GC(139) Pause Initial Mark 262M->262M(490M) 0,956ms
[2019-04-15T13:32:03.329+0200][59,163s] GC(139) User=0,00s Sys=0,00s Real=0,00s
[2019-04-15T13:32:03.329+0200][59,163s] GC(139) Concurrent Mark
[2019-04-15T13:32:03.329+0200][59,163s] GC(139) Using 4 workers of 4 for marking
[2019-04-15T13:32:03.377+0200][59,210s] GC(139) Concurrent Mark 47,309ms
[2019-04-15T13:32:03.377+0200][59,210s] GC(139) User=0,16s Sys=0,00s Real=0,05s
[2019-04-15T13:32:03.377+0200][59,210s] GC(139) Concurrent Preclean
[2019-04-15T13:32:03.378+0200][59,212s] GC(139) Concurrent Preclean 1,420ms
[2019-04-15T13:32:03.378+0200][59,212s] GC(139) User=0,00s Sys=0,00s Real=0,00s
[2019-04-15T13:32:03.378+0200][59,212s] GC(139) Concurrent Abortable Preclean
[2019-04-15T13:32:03.418+0200][59,252s] GC(140) Pause Young (Allocation Failure)
[2019-04-15T13:32:03.418+0200][59,252s] GC(140) Using 4 workers of 4 for evacuation
[2019-04-15T13:32:03.426+0200][59,260s] GC(140) ParNew: 96975K->12070K(109248K)
[2019-04-15T13:32:03.426+0200][59,260s] GC(140) CMS: 257879K->257879K(393216K)
[2019-04-15T13:32:03.426+0200][59,260s] GC(140) Metaspace: 62550K->62550K(1105920K)
[2019-04-15T13:32:03.426+0200][59,260s] GC(140) Pause Young (Allocation Failure) 346M->263M(490M) 8,352ms
[2019-04-15T13:32:03.426+0200][59,260s] GC(140) User=0,02s Sys=0,00s Real=0,01s
[2019-04-15T13:32:03.498+0200][59,332s] GC(141) Pause Young (Allocation Failure)
[2019-04-15T13:32:03.498+0200][59,332s] GC(141) Using 4 workers of 4 for evacuation
[2019-04-15T13:32:03.510+0200][59,344s] GC(141) ParNew: 99494K->10565K(109248K)
[2019-04-15T13:32:03.510+0200][59,344s] GC(141) CMS: 257879K->257879K(393216K)
[2019-04-15T13:32:03.510+0200][59,344s] GC(141) Metaspace: 62550K->62550K(1105920K)
[2019-04-15T13:32:03.510+0200][59,344s] GC(141) Pause Young (Allocation Failure) 348M->262M(490M) 11,701ms
[2019-04-15T13:32:03.510+0200][59,344s] GC(141) User=0,02s Sys=0,00s Real=0,01s
[2019-04-15T13:32:03.597+0200][59,431s] GC(142) Pause Young (Allocation Failure)
[2019-04-15T13:32:03.597+0200][59,431s] GC(142) Using 4 workers of 4 for evacuation
[2019-04-15T13:32:03.608+0200][59,441s] GC(142) ParNew: 97989K->15098K(109248K)
[2019-04-15T13:32:03.608+0200][59,441s] GC(142) CMS: 257879K->257879K(393216K)
[2019-04-15T13:32:03.608+0200][59,441s] GC(142) Metaspace: 62551K->62551K(1105920K)
[2019-04-15T13:32:03.608+0200][59,442s] GC(142) Pause Young (Allocation Failure) 347M->266M(490M) 10,698ms
[2019-04-15T13:32:03.608+0200][59,442s] GC(142) User=0,03s Sys=0,00s Real=0,01s
[2019-04-15T13:32:03.682+0200][59,516s] GC(143) Pause Young (Allocation Failure)
[2019-04-15T13:32:03.682+0200][59,516s] GC(143) Using 4 workers of 4 for evacuation
[2019-04-15T13:32:03.698+0200][59,531s] GC(143) ParNew: 102522K->11948K(109248K)
[2019-04-15T13:32:03.698+0200][59,532s] GC(143) CMS: 257879K->258097K(393216K)
[2019-04-15T13:32:03.698+0200][59,532s] GC(143) Metaspace: 62551K->62551K(1105920K)
[2019-04-15T13:32:03.698+0200][59,532s] GC(143) Pause Young (Allocation Failure) 351M->263M(490M) 15,814ms
[2019-04-15T13:32:03.698+0200][59,532s] GC(143) User=0,04s Sys=0,00s Real=0,02s
[2019-04-15T13:32:03.701+0200][59,535s] GC(139) Concurrent Abortable Preclean 323,076ms
[2019-04-15T13:32:03.701+0200][59,535s] GC(139) User=0,55s Sys=0,01s Real=0,32s
[2019-04-15T13:32:03.702+0200][59,535s] GC(139) Pause Remark
[2019-04-15T13:32:03.702+0200][59,535s] GC(144) Pause Young (CMS Final Remark)
[2019-04-15T13:32:03.702+0200][59,535s] GC(144) Using 4 workers of 4 for evacuation
[2019-04-15T13:32:03.723+0200][59,557s] GC(144) ParNew: 17109K->4300K(109248K)
[2019-04-15T13:32:03.723+0200][59,557s] GC(144) CMS: 258097K->265340K(393216K)
[2019-04-15T13:32:03.723+0200][59,557s] GC(144) Metaspace: 62551K->62551K(1105920K)
[2019-04-15T13:32:03.723+0200][59,557s] GC(144) Pause Young (CMS Final Remark) 268M->263M(490M) 21,307ms
[2019-04-15T13:32:03.723+0200][59,557s] GC(144) User=0,05s Sys=0,00s Real=0,02s
[2019-04-15T13:32:03.761+0200][59,595s] GC(139) Pause Remark 268M->263M(490M) 59,463ms
[2019-04-15T13:32:03.761+0200][59,595s] GC(139) User=0,12s Sys=0,00s Real=0,06s
[2019-04-15T13:32:03.761+0200][59,595s] GC(139) Concurrent Sweep
[2019-04-15T13:32:03.820+0200][59,654s] GC(139) Concurrent Sweep 59,004ms
[2019-04-15T13:32:03.820+0200][59,654s] GC(139) User=0,11s Sys=0,00s Real=0,06s
[2019-04-15T13:32:03.820+0200][59,654s] GC(139) Concurrent Reset
[2019-04-15T13:32:03.821+0200][59,654s] GC(139) Concurrent Reset 0,349ms
[2019-04-15T13:32:03.821+0200][59,654s] GC(139) User=0,00s Sys=0,00s Real=0,00s
[2019-04-15T13:32:03.821+0200][59,654s] GC(139) Old: 257879K->239865K(393216K)
[2019-04-15T13:32:03.854+0200][59,688s] GC(145) Pause Young (Allocation Failure)
[2019-04-15T13:32:03.854+0200][59,688s] GC(145) Using 4 workers of 4 for evacuation
[2019-04-15T13:32:03.862+0200][59,696s] GC(145) ParNew: 91724K->4257K(109248K)
[2019-04-15T13:32:03.862+0200][59,696s] GC(145) CMS: 239865K->239914K(393216K)
[2019-04-15T13:32:03.862+0200][59,696s] GC(145) Metaspace: 62551K->62551K(1105920K)
[2019-04-15T13:32:03.862+0200][59,696s] GC(145) Pause Young (Allocation Failure) 323M->238M(490M) 7,961ms
[2019-04-15T13:32:03.862+0200][59,696s] GC(145) User=0,02s Sys=0,00s Real=0,00s
[2019-04-15T13:32:03.863+0200][59,696s] GC(146) Pause Initial Mark
[2019-04-15T13:32:03.863+0200][59,697s] GC(146) Pause Initial Mark 240M->240M(490M) 0,731ms
[2019-04-15T13:32:03.863+0200][59,697s] GC(146) User=0,00s Sys=0,00s Real=0,00s
[2019-04-15T13:32:03.864+0200][59,697s] GC(146) Concurrent Mark
[2019-04-15T13:32:03.864+0200][59,697s] GC(146) Using 4 workers of 4 for marking
[2019-04-15T13:32:03.915+0200][59,749s] GC(146) Concurrent Mark 51,300ms
[2019-04-15T13:32:03.915+0200][59,749s] GC(146) User=0,13s Sys=0,00s Real=0,06s
[2019-04-15T13:32:03.915+0200][59,749s] GC(146) Concurrent Preclean
[2019-04-15T13:32:03.916+0200][59,750s] GC(146) Concurrent Preclean 1,196ms
[2019-04-15T13:32:03.916+0200][59,750s] GC(146) User=0,00s Sys=0,00s Real=0,00s
[2019-04-15T13:32:03.916+0200][59,750s] GC(146) Concurrent Abortable Preclean
[2019-04-15T13:32:03.987+0200][59,821s] GC(147) Pause Young (Allocation Failure)
[2019-04-15T13:32:03.987+0200][59,821s] GC(147) Using 4 workers of 4 for evacuation
[2019-04-15T13:32:04.001+0200][59,835s] GC(147) ParNew: 91681K->4499K(109248K)
[2019-04-15T13:32:04.001+0200][59,835s] GC(147) CMS: 239914K->239914K(393216K)
[2019-04-15T13:32:04.001+0200][59,835s] GC(147) Metaspace: 62551K->62551K(1105920K)
[2019-04-15T13:32:04.001+0200][59,835s] GC(147) Pause Young (Allocation Failure) 323M->238M(490M) 13,915ms
[2019-04-15T13:32:04.001+0200][59,835s] GC(147) User=0,03s Sys=0,00s Real=0,01s
[2019-04-15T13:32:04.079+0200][59,912s] GC(148) Pause Young (Allocation Failure)
[2019-04-15T13:32:04.079+0200][59,912s] GC(148) Using 4 workers of 4 for evacuation
[2019-04-15T13:32:04.086+0200][59,920s] GC(148) ParNew: 91923K->3701K(109248K)
[2019-04-15T13:32:04.086+0200][59,920s] GC(148) CMS: 239914K->239918K(393216K)
[2019-04-15T13:32:04.086+0200][59,920s] GC(148) Metaspace: 62551K->62551K(1105920K)
[2019-04-15T13:32:04.086+0200][59,920s] GC(148) Pause Young (Allocation Failure) 324M->237M(490M) 7,411ms
[2019-04-15T13:32:04.086+0200][59,920s] GC(148) User=0,02s Sys=0,00s Real=0,01s
[2019-04-15T13:32:04.158+0200][59,992s] GC(149) Pause Young (Allocation Failure)
[2019-04-15T13:32:04.158+0200][59,992s] GC(149) Using 4 workers of 4 for evacuation
[2019-04-15T13:32:04.171+0200][60,004s] GC(149) ParNew: 91125K->4217K(109248K)
[2019-04-15T13:32:04.171+0200][60,004s] GC(149) CMS: 239918K->239920K(393216K)
[2019-04-15T13:32:04.171+0200][60,004s] GC(149) Metaspace: 62551K->62551K(1105920K)
[2019-04-15T13:32:04.171+0200][60,004s] GC(149) Pause Young (Allocation Failure) 323M->238M(490M) 12,507ms
[2019-04-15T13:32:04.171+0200][60,004s] GC(149) User=0,03s Sys=0,00s Real=0,01s
[2019-04-15T13:32:04.631+0200][60,464s] GC(146) Concurrent Abortable Preclean 714,544ms
[2019-04-15T13:32:04.631+0200][60,464s] GC(146) User=1,46s Sys=0,01s Real=0,71s
[2019-04-15T13:32:04.631+0200][60,465s] GC(146) Pause Remark
[2019-04-15T13:32:04.631+0200][60,465s] GC(150) Pause Young (CMS Final Remark)
[2019-04-15T13:32:04.631+0200][60,465s] GC(150) Using 4 workers of 4 for evacuation
[2019-04-15T13:32:04.635+0200][60,469s] GC(150) ParNew: 52241K->9281K(109248K)
[2019-04-15T13:32:04.635+0200][60,469s] GC(150) CMS: 239920K->239922K(393216K)
[2019-04-15T13:32:04.635+0200][60,469s] GC(150) Metaspace: 64690K->64690K(1107968K)
[2019-04-15T13:32:04.636+0200][60,469s] GC(150) Pause Young (CMS Final Remark) 285M->243M(490M) 4,474ms
[2019-04-15T13:32:04.636+0200][60,469s] GC(150) User=0,02s Sys=0,00s Real=0,01s
[2019-04-15T13:32:04.660+0200][60,494s] GC(146) Pause Remark 285M->243M(490M) 29,386ms
[2019-04-15T13:32:04.660+0200][60,494s] GC(146) User=0,05s Sys=0,00s Real=0,03s
[2019-04-15T13:32:04.660+0200][60,494s] GC(146) Concurrent Sweep
[2019-04-15T13:32:04.723+0200][60,557s] GC(146) Concurrent Sweep 62,932ms
[2019-04-15T13:32:04.723+0200][60,557s] GC(146) User=0,18s Sys=0,00s Real=0,06s
[2019-04-15T13:32:04.723+0200][60,557s] GC(146) Concurrent Reset
[2019-04-15T13:32:04.724+0200][60,558s] GC(146) Concurrent Reset 0,448ms
[2019-04-15T13:32:04.724+0200][60,558s] GC(146) User=0,00s Sys=0,00s Real=0,00s
[2019-04-15T13:32:04.724+0200][60,558s] GC(146) Old: 239914K->239798K(393216K)
[2019-04-15T13:32:04.895+0200][60,729s] GC(151) Pause Young (Allocation Failure)
[2019-04-15T13:32:04.895+0200][60,729s] GC(151) Using 4 workers of 4 for evacuation
[2019-04-15T13:32:04.929+0200][60,762s] GC(151) ParNew: 96705K->12734K(109248K)
[2019-04-15T13:32:04.929+0200][60,762s] GC(151) CMS: 239798K->239800K(393216K)
[2019-04-15T13:32:04.929+0200][60,762s] GC(151) Metaspace: 65143K->65143K(1110016K)
[2019-04-15T13:32:04.929+0200][60,762s] GC(151) Pause Young (Allocation Failure) 328M->246M(490M) 33,299ms
[2019-04-15T13:32:04.929+0200][60,762s] GC(151) User=0,09s Sys=0,00s Real=0,03s
[2019-04-15T13:32:04.929+0200][60,763s] GC(152) Pause Initial Mark
[2019-04-15T13:32:04.933+0200][60,766s] GC(152) Pause Initial Mark 247M->247M(490M) 3,755ms
[2019-04-15T13:32:04.933+0200][60,766s] GC(152) User=0,01s Sys=0,00s Real=0,00s
[2019-04-15T13:32:04.933+0200][60,767s] GC(152) Concurrent Mark
[2019-04-15T13:32:04.933+0200][60,767s] GC(152) Using 4 workers of 4 for marking
[2019-04-15T13:32:05.040+0200][60,874s] GC(152) Concurrent Mark 107,373ms
[2019-04-15T13:32:05.040+0200][60,874s] GC(152) User=0,31s Sys=0,00s Real=0,11s
[2019-04-15T13:32:05.040+0200][60,874s] GC(152) Concurrent Preclean
[2019-04-15T13:32:05.041+0200][60,875s] GC(152) Concurrent Preclean 1,195ms
[2019-04-15T13:32:05.041+0200][60,875s] GC(152) User=0,00s Sys=0,00s Real=0,00s
[2019-04-15T13:32:05.041+0200][60,875s] GC(152) Concurrent Abortable Preclean
[2019-04-15T13:32:05.221+0200][61,055s] GC(153) Pause Young (Allocation Failure)
[2019-04-15T13:32:05.221+0200][61,055s] GC(153) Using 4 workers of 4 for evacuation
[2019-04-15T13:32:05.245+0200][61,079s] GC(153) ParNew: 100158K->17488K(109248K)
[2019-04-15T13:32:05.245+0200][61,079s] GC(153) CMS: 239800K->239802K(393216K)
[2019-04-15T13:32:05.245+0200][61,079s] GC(153) Metaspace: 65160K->65160K(1110016K)
[2019-04-15T13:32:05.245+0200][61,079s] GC(153) Pause Young (Allocation Failure) 331M->251M(490M) 24,055ms
[2019-04-15T13:32:05.245+0200][61,079s] GC(153) User=0,06s Sys=0,00s Real=0,03s
[2019-04-15T13:32:05.454+0200][61,288s] GC(154) Pause Young (Allocation Failure)
[2019-04-15T13:32:05.454+0200][61,288s] GC(154) Using 4 workers of 4 for evacuation
[2019-04-15T13:32:05.482+0200][61,315s] GC(154) ParNew: 104912K->17525K(109248K)
[2019-04-15T13:32:05.482+0200][61,315s] GC(154) CMS: 239802K->239802K(393216K)
[2019-04-15T13:32:05.482+0200][61,315s] GC(154) Metaspace: 65200K->65200K(1110016K)
[2019-04-15T13:32:05.482+0200][61,316s] GC(154) Pause Young (Allocation Failure) 336M->251M(490M) 27,654ms
[2019-04-15T13:32:05.482+0200][61,316s] GC(154) User=0,07s Sys=0,00s Real=0,02s
[2019-04-15T13:32:05.586+0200][61,420s] GC(152) Concurrent Abortable Preclean 544,332ms
[2019-04-15T13:32:05.586+0200][61,420s] GC(152) User=1,53s Sys=0,01s Real=0,55s
[2019-04-15T13:32:05.586+0200][61,420s] GC(152) Pause Remark
[2019-04-15T13:32:05.650+0200][61,484s] GC(152) Pause Remark 296M->296M(490M) 64,327ms
[2019-04-15T13:32:05.650+0200][61,484s] GC(152) User=0,15s Sys=0,00s Real=0,06s
[2019-04-15T13:32:05.653+0200][61,487s] GC(152) Concurrent Sweep
[2019-04-15T13:32:05.670+0200][61,503s] GC(155) Pause Young (GCLocker Initiated GC)
[2019-04-15T13:32:05.670+0200][61,503s] GC(155) Using 4 workers of 4 for evacuation
[2019-04-15T13:32:05.697+0200][61,531s] GC(155) ParNew: 65401K->16599K(109248K)
[2019-04-15T13:32:05.697+0200][61,531s] GC(155) CMS: 239781K->239782K(393216K)
[2019-04-15T13:32:05.697+0200][61,531s] GC(155) Metaspace: 65228K->65228K(1110016K)
[2019-04-15T13:32:05.697+0200][61,531s] GC(155) Pause Young (GCLocker Initiated GC) 298M->250M(490M) 27,462ms
[2019-04-15T13:32:05.697+0200][61,531s] GC(155) User=0,07s Sys=0,00s Real=0,03s
[2019-04-15T13:32:05.732+0200][61,566s] GC(152) Concurrent Sweep 79,427ms
[2019-04-15T13:32:05.732+0200][61,566s] GC(152) User=0,23s Sys=0,00s Real=0,07s
[2019-04-15T13:32:05.732+0200][61,566s] GC(152) Concurrent Reset
[2019-04-15T13:32:05.733+0200][61,567s] GC(152) Concurrent Reset 0,369ms
[2019-04-15T13:32:05.733+0200][61,567s] GC(152) User=0,00s Sys=0,00s Real=0,01s
[2019-04-15T13:32:05.733+0200][61,567s] GC(152) Old: 239800K->161122K(393216K)
[2019-04-15T13:32:05.856+0200][61,690s] GC(156) Pause Young (Allocation Failure)
[2019-04-15T13:32:05.856+0200][61,690s] GC(156) Using 4 workers of 4 for evacuation
[2019-04-15T13:32:05.880+0200][61,713s] GC(156) ParNew: 104023K->19116K(109248K)
[2019-04-15T13:32:05.880+0200][61,713s] GC(156) CMS: 161122K->161124K(393216K)
[2019-04-15T13:32:05.880+0200][61,713s] GC(156) Metaspace: 65485K->65485K(1110016K)
[2019-04-15T13:32:05.880+0200][61,713s] GC(156) Pause Young (Allocation Failure) 258M->176M(490M) 23,386ms
[2019-04-15T13:32:05.880+0200][61,713s] GC(156) User=0,05s Sys=0,00s Real=0,02s
[2019-04-15T13:32:06.247+0200][62,080s] GC(157) Pause Young (Allocation Failure)
[2019-04-15T13:32:06.247+0200][62,080s] GC(157) Using 4 workers of 4 for evacuation
[2019-04-15T13:32:06.275+0200][62,108s] GC(157) ParNew: 106508K->21824K(109248K)
[2019-04-15T13:32:06.275+0200][62,108s] GC(157) CMS: 161124K->176287K(393216K)
[2019-04-15T13:32:06.275+0200][62,108s] GC(157) Metaspace: 65580K->65580K(1110016K)
[2019-04-15T13:32:06.275+0200][62,108s] GC(157) Pause Young (Allocation Failure) 261M->193M(490M) 28,043ms
[2019-04-15T13:32:06.275+0200][62,108s] GC(157) User=0,07s Sys=0,00s Real=0,03s
[2019-04-15T13:32:06.464+0200][62,298s] GC(158) Pause Young (Allocation Failure)
[2019-04-15T13:32:06.464+0200][62,298s] GC(158) Using 4 workers of 4 for evacuation
[2019-04-15T13:32:06.507+0200][62,341s] GC(158) ParNew: 109248K->21824K(109248K)
[2019-04-15T13:32:06.507+0200][62,341s] GC(158) CMS: 176287K->187372K(393216K)
[2019-04-15T13:32:06.507+0200][62,341s] GC(158) Metaspace: 65587K->65587K(1110016K)
[2019-04-15T13:32:06.507+0200][62,341s] GC(158) Pause Young (Allocation Failure) 278M->204M(490M) 43,333ms
[2019-04-15T13:32:06.507+0200][62,341s] GC(158) User=0,12s Sys=0,00s Real=0,05s
[2019-04-15T13:32:06.751+0200][62,585s] GC(159) Pause Young (Allocation Failure)
[2019-04-15T13:32:06.751+0200][62,585s] GC(159) Using 4 workers of 4 for evacuation
[2019-04-15T13:32:06.784+0200][62,617s] GC(159) ParNew: 109248K->21824K(109248K)
[2019-04-15T13:32:06.784+0200][62,617s] GC(159) CMS: 187372K->189802K(393216K)
[2019-04-15T13:32:06.784+0200][62,617s] GC(159) Metaspace: 65605K->65605K(1110016K)
[2019-04-15T13:32:06.784+0200][62,618s] GC(159) Pause Young (Allocation Failure) 289M->206M(490M) 32,950ms
[2019-04-15T13:32:06.784+0200][62,618s] GC(159) User=0,09s Sys=0,00s Real=0,03s
[2019-04-15T13:32:07.078+0200][62,912s] GC(160) Pause Young (Allocation Failure)
[2019-04-15T13:32:07.078+0200][62,912s] GC(160) Using 4 workers of 4 for evacuation
[2019-04-15T13:32:07.119+0200][62,952s] GC(160) ParNew: 109248K->21824K(109248K)
[2019-04-15T13:32:07.119+0200][62,952s] GC(160) CMS: 189802K->194761K(393216K)
[2019-04-15T13:32:07.119+0200][62,952s] GC(160) Metaspace: 65610K->65610K(1110016K)
[2019-04-15T13:32:07.119+0200][62,952s] GC(160) Pause Young (Allocation Failure) 292M->211M(490M) 40,522ms
[2019-04-15T13:32:07.119+0200][62,952s] GC(160) User=0,12s Sys=0,00s Real=0,04s
[2019-04-15T13:32:07.285+0200][63,119s] GC(161) Pause Young (Allocation Failure)
[2019-04-15T13:32:07.286+0200][63,119s] GC(161) Using 4 workers of 4 for evacuation
[2019-04-15T13:32:07.308+0200][63,141s] GC(161) ParNew: 109248K->21824K(109248K)
[2019-04-15T13:32:07.308+0200][63,141s] GC(161) CMS: 194761K->202359K(393216K)
[2019-04-15T13:32:07.308+0200][63,141s] GC(161) Metaspace: 65642K->65642K(1110016K)
[2019-04-15T13:32:07.308+0200][63,141s] GC(161) Pause Young (Allocation Failure) 296M->218M(490M) 22,185ms
[2019-04-15T13:32:07.308+0200][63,141s] GC(161) User=0,05s Sys=0,00s Real=0,02s
[2019-04-15T13:32:07.310+0200][63,144s] GC(162) Pause Initial Mark
[2019-04-15T13:32:07.315+0200][63,148s] GC(162) Pause Initial Mark 220M->220M(490M) 4,391ms
[2019-04-15T13:32:07.315+0200][63,148s] GC(162) User=0,01s Sys=0,00s Real=0,01s
[2019-04-15T13:32:07.315+0200][63,148s] GC(162) Concurrent Mark
[2019-04-15T13:32:07.315+0200][63,148s] GC(162) Using 4 workers of 4 for marking
[2019-04-15T13:32:07.405+0200][63,239s] GC(162) Concurrent Mark 90,200ms
[2019-04-15T13:32:07.405+0200][63,239s] GC(162) User=0,28s Sys=0,00s Real=0,09s
[2019-04-15T13:32:07.405+0200][63,239s] GC(162) Concurrent Preclean
[2019-04-15T13:32:07.406+0200][63,240s] GC(162) Concurrent Preclean 1,374ms
[2019-04-15T13:32:07.406+0200][63,240s] GC(162) User=0,01s Sys=0,00s Real=0,00s
[2019-04-15T13:32:07.406+0200][63,240s] GC(162) Concurrent Abortable Preclean
[2019-04-15T13:32:07.509+0200][63,343s] GC(163) Pause Young (Allocation Failure)
[2019-04-15T13:32:07.509+0200][63,343s] GC(163) Using 4 workers of 4 for evacuation
[2019-04-15T13:32:07.530+0200][63,364s] GC(163) ParNew: 109248K->21824K(109248K)
[2019-04-15T13:32:07.530+0200][63,364s] GC(163) CMS: 202359K->202359K(393216K)
[2019-04-15T13:32:07.530+0200][63,364s] GC(163) Metaspace: 65658K->65658K(1110016K)
[2019-04-15T13:32:07.530+0200][63,364s] GC(163) Pause Young (Allocation Failure) 304M->218M(490M) 21,376ms
[2019-04-15T13:32:07.530+0200][63,364s] GC(163) User=0,07s Sys=0,00s Real=0,02s
[2019-04-15T13:32:07.703+0200][63,536s] GC(164) Pause Young (Allocation Failure)
[2019-04-15T13:32:07.703+0200][63,536s] GC(164) Using 4 workers of 4 for evacuation
[2019-04-15T13:32:07.737+0200][63,571s] GC(164) ParNew: 109248K->21824K(109248K)
[2019-04-15T13:32:07.737+0200][63,571s] GC(164) CMS: 202359K->203175K(393216K)
[2019-04-15T13:32:07.737+0200][63,571s] GC(164) Metaspace: 65679K->65679K(1110016K)
[2019-04-15T13:32:07.737+0200][63,571s] GC(164) Pause Young (Allocation Failure) 304M->219M(490M) 34,433ms
[2019-04-15T13:32:07.737+0200][63,571s] GC(164) User=0,10s Sys=0,00s Real=0,04s
[2019-04-15T13:32:07.737+0200][63,571s] GC(162) Concurrent Abortable Preclean 330,637ms
[2019-04-15T13:32:07.737+0200][63,571s] GC(162) User=1,04s Sys=0,03s Real=0,33s
[2019-04-15T13:32:07.737+0200][63,571s] GC(162) Pause Remark
[2019-04-15T13:32:07.737+0200][63,571s] GC(165) Pause Young (CMS Final Remark)
[2019-04-15T13:32:07.737+0200][63,571s] GC(165) Using 4 workers of 4 for evacuation
[2019-04-15T13:32:07.757+0200][63,591s] GC(165) ParNew: 23485K->21824K(109248K)
[2019-04-15T13:32:07.757+0200][63,591s] GC(165) CMS: 203175K->203175K(393216K)
[2019-04-15T13:32:07.757+0200][63,591s] GC(165) Metaspace: 65679K->65679K(1110016K)
[2019-04-15T13:32:07.757+0200][63,591s] GC(165) Pause Young (CMS Final Remark) 221M->219M(490M) 19,795ms
[2019-04-15T13:32:07.757+0200][63,591s] GC(165) User=0,05s Sys=0,00s Real=0,02s
[2019-04-15T13:32:07.799+0200][63,633s] GC(162) Pause Remark 221M->219M(490M) 62,029ms
[2019-04-15T13:32:07.799+0200][63,633s] GC(162) User=0,15s Sys=0,00s Real=0,06s
[2019-04-15T13:32:07.799+0200][63,633s] GC(162) Concurrent Sweep
[2019-04-15T13:32:07.876+0200][63,710s] GC(162) Concurrent Sweep 76,818ms
[2019-04-15T13:32:07.876+0200][63,710s] GC(162) User=0,25s Sys=0,00s Real=0,08s
[2019-04-15T13:32:07.876+0200][63,710s] GC(162) Concurrent Reset
[2019-04-15T13:32:07.877+0200][63,710s] GC(162) Concurrent Reset 0,410ms
[2019-04-15T13:32:07.877+0200][63,710s] GC(162) User=0,00s Sys=0,00s Real=0,00s
[2019-04-15T13:32:07.877+0200][63,711s] GC(162) Old: 202359K->95493K(393216K)
[2019-04-15T13:32:07.953+0200][63,787s] GC(166) Pause Young (Allocation Failure)
[2019-04-15T13:32:07.953+0200][63,787s] GC(166) Using 4 workers of 4 for evacuation
[2019-04-15T13:32:07.967+0200][63,801s] GC(166) ParNew: 109248K->17597K(109248K)
[2019-04-15T13:32:07.967+0200][63,801s] GC(166) CMS: 95493K->95652K(393216K)
[2019-04-15T13:32:07.967+0200][63,801s] GC(166) Metaspace: 65935K->65935K(1110016K)
[2019-04-15T13:32:07.967+0200][63,801s] GC(166) Pause Young (Allocation Failure) 199M->110M(490M) 13,852ms
[2019-04-15T13:32:07.967+0200][63,801s] GC(166) User=0,03s Sys=0,00s Real=0,01s
[2019-04-15T13:32:08.055+0200][63,889s] GC(167) Pause Young (Allocation Failure)
[2019-04-15T13:32:08.055+0200][63,889s] GC(167) Using 4 workers of 4 for evacuation
[2019-04-15T13:32:08.071+0200][63,905s] GC(167) ParNew: 105021K->17151K(109248K)
[2019-04-15T13:32:08.071+0200][63,905s] GC(167) CMS: 95652K->95951K(393216K)
[2019-04-15T13:32:08.071+0200][63,905s] GC(167) Metaspace: 66006K->66006K(1110016K)
[2019-04-15T13:32:08.071+0200][63,905s] GC(167) Pause Young (Allocation Failure) 195M->110M(490M) 16,375ms
[2019-04-15T13:32:08.071+0200][63,905s] GC(167) User=0,04s Sys=0,01s Real=0,01s
[2019-04-15T13:32:08.245+0200][64,079s] GC(168) Pause Young (Allocation Failure)
[2019-04-15T13:32:08.245+0200][64,079s] GC(168) Using 4 workers of 4 for evacuation
[2019-04-15T13:32:08.266+0200][64,100s] GC(168) ParNew: 104575K->13912K(109248K)
[2019-04-15T13:32:08.266+0200][64,100s] GC(168) CMS: 95951K->100405K(393216K)
[2019-04-15T13:32:08.266+0200][64,100s] GC(168) Metaspace: 66033K->66033K(1110016K)
[2019-04-15T13:32:08.267+0200][64,100s] GC(168) Pause Young (Allocation Failure) 195M->111M(490M) 21,683ms
[2019-04-15T13:32:08.267+0200][64,100s] GC(168) User=0,06s Sys=0,00s Real=0,03s
[2019-04-15T13:32:08.439+0200][64,273s] GC(169) Pause Young (Allocation Failure)
[2019-04-15T13:32:08.440+0200][64,273s] GC(169) Using 4 workers of 4 for evacuation
[2019-04-15T13:32:08.460+0200][64,293s] GC(169) ParNew: 101336K->5315K(109248K)
[2019-04-15T13:32:08.460+0200][64,293s] GC(169) CMS: 100405K->105537K(393216K)
[2019-04-15T13:32:08.460+0200][64,293s] GC(169) Metaspace: 66039K->66039K(1110016K)
[2019-04-15T13:32:08.460+0200][64,293s] GC(169) Pause Young (Allocation Failure) 197M->108M(490M) 20,145ms
[2019-04-15T13:32:08.460+0200][64,293s] GC(169) User=0,06s Sys=0,00s Real=0,02s
[2019-04-15T13:32:08.584+0200][64,417s] GC(170) Pause Young (Allocation Failure)
[2019-04-15T13:32:08.584+0200][64,417s] GC(170) Using 4 workers of 4 for evacuation
[2019-04-15T13:32:08.594+0200][64,428s] GC(170) ParNew: 92739K->4577K(109248K)
[2019-04-15T13:32:08.594+0200][64,428s] GC(170) CMS: 105537K->106367K(393216K)
[2019-04-15T13:32:08.594+0200][64,428s] GC(170) Metaspace: 66039K->66039K(1110016K)
[2019-04-15T13:32:08.594+0200][64,428s] GC(170) Pause Young (Allocation Failure) 193M->108M(490M) 10,425ms
[2019-04-15T13:32:08.594+0200][64,428s] GC(170) User=0,03s Sys=0,00s Real=0,02s
[2019-04-15T13:32:08.724+0200][64,558s] GC(171) Pause Young (Allocation Failure)
[2019-04-15T13:32:08.724+0200][64,558s] GC(171) Using 4 workers of 4 for evacuation
[2019-04-15T13:32:08.734+0200][64,568s] GC(171) ParNew: 92001K->4479K(109248K)
[2019-04-15T13:32:08.734+0200][64,568s] GC(171) CMS: 106367K->106370K(393216K)
[2019-04-15T13:32:08.734+0200][64,568s] GC(171) Metaspace: 66039K->66039K(1110016K)
[2019-04-15T13:32:08.734+0200][64,568s] GC(171) Pause Young (Allocation Failure) 193M->108M(490M) 10,588ms
[2019-04-15T13:32:08.734+0200][64,568s] GC(171) User=0,03s Sys=0,00s Real=0,02s
[2019-04-15T13:32:08.946+0200][64,780s] GC(172) Pause Young (Allocation Failure)
[2019-04-15T13:32:08.946+0200][64,780s] GC(172) Using 4 workers of 4 for evacuation
[2019-04-15T13:32:08.966+0200][64,799s] GC(172) ParNew: 91903K->10430K(109248K)
[2019-04-15T13:32:08.966+0200][64,799s] GC(172) CMS: 106370K->106415K(393216K)
[2019-04-15T13:32:08.966+0200][64,799s] GC(172) Metaspace: 66091K->66091K(1110016K)
[2019-04-15T13:32:08.966+0200][64,800s] GC(172) Pause Young (Allocation Failure) 193M->114M(490M) 19,737ms
[2019-04-15T13:32:08.966+0200][64,800s] GC(172) User=0,05s Sys=0,00s Real=0,02s
[2019-04-15T13:32:09.178+0200][65,012s] GC(173) Pause Young (Allocation Failure)
[2019-04-15T13:32:09.178+0200][65,012s] GC(173) Using 4 workers of 4 for evacuation
[2019-04-15T13:32:09.198+0200][65,032s] GC(173) ParNew: 97854K->14368K(109248K)
[2019-04-15T13:32:09.198+0200][65,032s] GC(173) CMS: 106415K->106415K(393216K)
[2019-04-15T13:32:09.198+0200][65,032s] GC(173) Metaspace: 66104K->66104K(1110016K)
[2019-04-15T13:32:09.198+0200][65,032s] GC(173) Pause Young (Allocation Failure) 199M->117M(490M) 19,749ms
[2019-04-15T13:32:09.198+0200][65,032s] GC(173) User=0,05s Sys=0,00s Real=0,02s
[2019-04-15T13:32:09.335+0200][65,169s] GC(174) Pause Young (Allocation Failure)
[2019-04-15T13:32:09.335+0200][65,169s] GC(174) Using 4 workers of 4 for evacuation
[2019-04-15T13:32:09.365+0200][65,199s] GC(174) ParNew: 101792K->12762K(109248K)
[2019-04-15T13:32:09.365+0200][65,199s] GC(174) CMS: 106415K->106485K(393216K)
[2019-04-15T13:32:09.365+0200][65,199s] GC(174) Metaspace: 66109K->66109K(1110016K)
[2019-04-15T13:32:09.365+0200][65,199s] GC(174) Pause Young (Allocation Failure) 203M->116M(490M) 29,802ms
[2019-04-15T13:32:09.365+0200][65,199s] GC(174) User=0,09s Sys=0,00s Real=0,03s
[2019-04-15T13:32:09.505+0200][65,339s] GC(175) Pause Young (Allocation Failure)
[2019-04-15T13:32:09.505+0200][65,339s] GC(175) Using 4 workers of 4 for evacuation
[2019-04-15T13:32:09.523+0200][65,357s] GC(175) ParNew: 100186K->13736K(109248K)
[2019-04-15T13:32:09.523+0200][65,357s] GC(175) CMS: 106485K->106493K(393216K)
[2019-04-15T13:32:09.523+0200][65,357s] GC(175) Metaspace: 66138K->66138K(1110016K)
[2019-04-15T13:32:09.523+0200][65,357s] GC(175) Pause Young (Allocation Failure) 201M->117M(490M) 17,856ms
[2019-04-15T13:32:09.523+0200][65,357s] GC(175) User=0,05s Sys=0,00s Real=0,01s
[2019-04-15T13:32:09.617+0200][65,451s] GC(176) Pause Young (Allocation Failure)
[2019-04-15T13:32:09.617+0200][65,451s] GC(176) Using 4 workers of 4 for evacuation
[2019-04-15T13:32:09.629+0200][65,463s] GC(176) ParNew: 101160K->15698K(109248K)
[2019-04-15T13:32:09.629+0200][65,463s] GC(176) CMS: 106493K->106809K(393216K)
[2019-04-15T13:32:09.629+0200][65,463s] GC(176) Metaspace: 66143K->66143K(1110016K)
[2019-04-15T13:32:09.629+0200][65,463s] GC(176) Pause Young (Allocation Failure) 202M->119M(490M) 12,156ms
[2019-04-15T13:32:09.629+0200][65,463s] GC(176) User=0,03s Sys=0,00s Real=0,01s
[2019-04-15T13:32:09.694+0200][65,528s] GC(177) Pause Young (Allocation Failure)
[2019-04-15T13:32:09.694+0200][65,528s] GC(177) Using 4 workers of 4 for evacuation
[2019-04-15T13:32:09.707+0200][65,541s] GC(177) ParNew: 103122K->12487K(109248K)
[2019-04-15T13:32:09.707+0200][65,541s] GC(177) CMS: 106809K->107915K(393216K)
[2019-04-15T13:32:09.707+0200][65,541s] GC(177) Metaspace: 66143K->66143K(1110016K)
[2019-04-15T13:32:09.707+0200][65,541s] GC(177) Pause Young (Allocation Failure) 205M->117M(490M) 12,669ms
[2019-04-15T13:32:09.707+0200][65,541s] GC(177) User=0,04s Sys=0,00s Real=0,01s
[2019-04-15T13:32:09.793+0200][65,627s] GC(178) Pause Young (Allocation Failure)
[2019-04-15T13:32:09.793+0200][65,627s] GC(178) Using 4 workers of 4 for evacuation
[2019-04-15T13:32:09.806+0200][65,639s] GC(178) ParNew: 99899K->11793K(109248K)
[2019-04-15T13:32:09.806+0200][65,639s] GC(178) CMS: 107915K->108942K(393216K)
[2019-04-15T13:32:09.806+0200][65,639s] GC(178) Metaspace: 66144K->66144K(1110016K)
[2019-04-15T13:32:09.806+0200][65,639s] GC(178) Pause Young (Allocation Failure) 202M->117M(490M) 12,744ms
[2019-04-15T13:32:09.806+0200][65,639s] GC(178) User=0,04s Sys=0,00s Real=0,01s
[2019-04-15T13:32:10.428+0200][66,262s] GC(179) Pause Young (Allocation Failure)
[2019-04-15T13:32:10.428+0200][66,262s] GC(179) Using 4 workers of 4 for evacuation
[2019-04-15T13:32:10.458+0200][66,292s] GC(179) ParNew: 99217K->21824K(109248K)
[2019-04-15T13:32:10.458+0200][66,292s] GC(179) CMS: 108942K->150263K(393216K)
[2019-04-15T13:32:10.458+0200][66,292s] GC(179) Metaspace: 66681K->66681K(1110016K)
[2019-04-15T13:32:10.458+0200][66,292s] GC(179) Pause Young (Allocation Failure) 203M->168M(490M) 30,085ms
[2019-04-15T13:32:10.458+0200][66,292s] GC(179) User=0,07s Sys=0,00s Real=0,03s
[2019-04-15T13:32:10.857+0200][66,691s] GC(180) Pause Young (Allocation Failure)
[2019-04-15T13:32:10.857+0200][66,691s] GC(180) Using 4 workers of 4 for evacuation
[2019-04-15T13:32:10.885+0200][66,719s] GC(180) ParNew: 109248K->21824K(109248K)
[2019-04-15T13:32:10.885+0200][66,719s] GC(180) CMS: 150263K->180538K(393216K)
[2019-04-15T13:32:10.885+0200][66,719s] GC(180) Metaspace: 66684K->66684K(1110016K)
[2019-04-15T13:32:10.885+0200][66,719s] GC(180) Pause Young (Allocation Failure) 253M->197M(490M) 27,604ms
[2019-04-15T13:32:10.885+0200][66,719s] GC(180) User=0,06s Sys=0,00s Real=0,03s
[2019-04-15T13:32:11.311+0200][67,145s] GC(181) Pause Young (Allocation Failure)
[2019-04-15T13:32:11.311+0200][67,145s] GC(181) Using 4 workers of 4 for evacuation
[2019-04-15T13:32:11.344+0200][67,177s] GC(181) ParNew: 109248K->21824K(109248K)
[2019-04-15T13:32:11.344+0200][67,177s] GC(181) CMS: 180538K->218333K(393216K)
[2019-04-15T13:32:11.344+0200][67,177s] GC(181) Metaspace: 66697K->66697K(1110016K)
[2019-04-15T13:32:11.344+0200][67,178s] GC(181) Pause Young (Allocation Failure) 282M->234M(490M) 32,355ms
[2019-04-15T13:32:11.344+0200][67,178s] GC(181) User=0,09s Sys=0,00s Real=0,03s
[2019-04-15T13:32:11.349+0200][67,183s] GC(182) Pause Initial Mark
[2019-04-15T13:32:11.351+0200][67,185s] GC(182) Pause Initial Mark 237M->237M(490M) 1,796ms
[2019-04-15T13:32:11.351+0200][67,185s] GC(182) User=0,01s Sys=0,00s Real=0,00s
[2019-04-15T13:32:11.351+0200][67,185s] GC(182) Concurrent Mark
[2019-04-15T13:32:11.351+0200][67,185s] GC(182) Using 4 workers of 4 for marking
[2019-04-15T13:32:11.412+0200][67,245s] GC(182) Concurrent Mark 60,369ms
[2019-04-15T13:32:11.412+0200][67,245s] GC(182) User=0,19s Sys=0,00s Real=0,06s
[2019-04-15T13:32:11.412+0200][67,245s] GC(182) Concurrent Preclean
[2019-04-15T13:32:11.413+0200][67,247s] GC(182) Concurrent Preclean 1,283ms
[2019-04-15T13:32:11.413+0200][67,247s] GC(182) User=0,01s Sys=0,00s Real=0,01s
[2019-04-15T13:32:11.413+0200][67,247s] GC(182) Concurrent Abortable Preclean
[2019-04-15T13:32:11.481+0200][67,314s] GC(183) Pause Young (Allocation Failure)
[2019-04-15T13:32:11.481+0200][67,315s] GC(183) Using 4 workers of 4 for evacuation
[2019-04-15T13:32:11.508+0200][67,342s] GC(183) ParNew: 109248K->21824K(109248K)
[2019-04-15T13:32:11.509+0200][67,342s] GC(183) CMS: 218333K->260242K(393216K)
[2019-04-15T13:32:11.509+0200][67,342s] GC(183) Metaspace: 66697K->66697K(1110016K)
[2019-04-15T13:32:11.509+0200][67,342s] GC(183) Pause Young (Allocation Failure) 319M->275M(490M) 27,801ms
[2019-04-15T13:32:11.509+0200][67,342s] GC(183) User=0,08s Sys=0,00s Real=0,03s
[2019-04-15T13:32:11.603+0200][67,436s] GC(184) Pause Young (Allocation Failure)
[2019-04-15T13:32:11.603+0200][67,436s] GC(184) Using 4 workers of 4 for evacuation
[2019-04-15T13:32:11.630+0200][67,464s] GC(184) ParNew: 109248K->20833K(109248K)
[2019-04-15T13:32:11.631+0200][67,464s] GC(184) CMS: 260242K->280355K(393216K)
[2019-04-15T13:32:11.631+0200][67,464s] GC(184) Metaspace: 66714K->66714K(1110016K)
[2019-04-15T13:32:11.631+0200][67,464s] GC(184) Pause Young (Allocation Failure) 360M->294M(490M) 27,848ms
[2019-04-15T13:32:11.631+0200][67,464s] GC(184) User=0,07s Sys=0,00s Real=0,03s
[2019-04-15T13:32:11.647+0200][67,481s] GC(182) Concurrent Abortable Preclean 234,198ms
[2019-04-15T13:32:11.647+0200][67,481s] GC(182) User=0,62s Sys=0,00s Real=0,23s
[2019-04-15T13:32:11.649+0200][67,483s] GC(182) Pause Remark
[2019-04-15T13:32:11.649+0200][67,483s] GC(185) Pause Young (CMS Final Remark)
[2019-04-15T13:32:11.649+0200][67,483s] GC(185) Using 4 workers of 4 for evacuation
[2019-04-15T13:32:11.660+0200][67,494s] GC(185) ParNew: 27985K->11478K(109248K)
[2019-04-15T13:32:11.660+0200][67,494s] GC(185) CMS: 280355K->280355K(393216K)
[2019-04-15T13:32:11.660+0200][67,494s] GC(185) Metaspace: 66714K->66714K(1110016K)
[2019-04-15T13:32:11.660+0200][67,494s] GC(185) Pause Young (CMS Final Remark) 301M->284M(490M) 10,867ms
[2019-04-15T13:32:11.660+0200][67,494s] GC(185) User=0,02s Sys=0,00s Real=0,01s
[2019-04-15T13:32:11.711+0200][67,545s] GC(182) Pause Remark 301M->284M(490M) 62,098ms
[2019-04-15T13:32:11.711+0200][67,545s] GC(182) User=0,11s Sys=0,00s Real=0,06s
[2019-04-15T13:32:11.711+0200][67,545s] GC(182) Concurrent Sweep
[2019-04-15T13:32:11.767+0200][67,601s] GC(182) Concurrent Sweep 55,954ms
[2019-04-15T13:32:11.767+0200][67,601s] GC(182) User=0,16s Sys=0,00s Real=0,06s
[2019-04-15T13:32:11.767+0200][67,601s] GC(182) Concurrent Reset
[2019-04-15T13:32:11.768+0200][67,602s] GC(182) Concurrent Reset 0,512ms
[2019-04-15T13:32:11.768+0200][67,602s] GC(182) User=0,00s Sys=0,00s Real=0,00s
[2019-04-15T13:32:11.768+0200][67,602s] GC(182) Old: 218333K->213640K(393216K)
[2019-04-15T13:32:11.844+0200][67,677s] GC(186) Pause Young (Allocation Failure)
[2019-04-15T13:32:11.844+0200][67,677s] GC(186) Using 4 workers of 4 for evacuation
[2019-04-15T13:32:11.861+0200][67,695s] GC(186) ParNew: 98902K->14293K(109248K)
[2019-04-15T13:32:11.861+0200][67,695s] GC(186) CMS: 213640K->213640K(393216K)
[2019-04-15T13:32:11.861+0200][67,695s] GC(186) Metaspace: 66716K->66716K(1110016K)
[2019-04-15T13:32:11.861+0200][67,695s] GC(186) Pause Young (Allocation Failure) 305M->222M(490M) 17,260ms
[2019-04-15T13:32:11.861+0200][67,695s] GC(186) User=0,05s Sys=0,00s Real=0,02s
[2019-04-15T13:32:11.862+0200][67,695s] GC(187) Pause Initial Mark
[2019-04-15T13:32:11.864+0200][67,697s] GC(187) Pause Initial Mark 224M->224M(490M) 2,053ms
[2019-04-15T13:32:11.864+0200][67,697s] GC(187) User=0,01s Sys=0,00s Real=0,00s
[2019-04-15T13:32:11.864+0200][67,698s] GC(187) Concurrent Mark
[2019-04-15T13:32:11.864+0200][67,698s] GC(187) Using 4 workers of 4 for marking
[2019-04-15T13:32:11.925+0200][67,759s] GC(187) Concurrent Mark 61,156ms
[2019-04-15T13:32:11.925+0200][67,759s] GC(187) User=0,21s Sys=0,00s Real=0,07s
[2019-04-15T13:32:11.925+0200][67,759s] GC(187) Concurrent Preclean
[2019-04-15T13:32:11.926+0200][67,760s] GC(187) Concurrent Preclean 1,264ms
[2019-04-15T13:32:11.926+0200][67,760s] GC(187) User=0,00s Sys=0,00s Real=0,00s
[2019-04-15T13:32:11.926+0200][67,760s] GC(187) Concurrent Abortable Preclean
[2019-04-15T13:32:12.001+0200][67,835s] GC(188) Pause Young (Allocation Failure)
[2019-04-15T13:32:12.001+0200][67,835s] GC(188) Using 4 workers of 4 for evacuation
[2019-04-15T13:32:12.025+0200][67,858s] GC(188) ParNew: 101717K->15815K(109248K)
[2019-04-15T13:32:12.025+0200][67,858s] GC(188) CMS: 213640K->213640K(393216K)
[2019-04-15T13:32:12.025+0200][67,858s] GC(188) Metaspace: 66717K->66717K(1110016K)
[2019-04-15T13:32:12.025+0200][67,858s] GC(188) Pause Young (Allocation Failure) 307M->224M(490M) 23,909ms
[2019-04-15T13:32:12.025+0200][67,859s] GC(188) User=0,06s Sys=0,00s Real=0,02s
[2019-04-15T13:32:12.122+0200][67,956s] GC(187) Concurrent Abortable Preclean 195,424ms
[2019-04-15T13:32:12.122+0200][67,956s] GC(187) User=0,60s Sys=0,00s Real=0,19s
[2019-04-15T13:32:12.122+0200][67,956s] GC(187) Pause Remark
[2019-04-15T13:32:12.122+0200][67,956s] GC(189) Pause Young (CMS Final Remark)
[2019-04-15T13:32:12.122+0200][67,956s] GC(189) Using 4 workers of 4 for evacuation
[2019-04-15T13:32:12.137+0200][67,971s] GC(189) ParNew: 87877K->16337K(109248K)
[2019-04-15T13:32:12.137+0200][67,971s] GC(189) CMS: 213640K->213640K(393216K)
[2019-04-15T13:32:12.137+0200][67,971s] GC(189) Metaspace: 66723K->66723K(1110016K)
[2019-04-15T13:32:12.137+0200][67,971s] GC(189) Pause Young (CMS Final Remark) 294M->224M(490M) 15,195ms
[2019-04-15T13:32:12.137+0200][67,971s] GC(189) User=0,04s Sys=0,00s Real=0,02s
[2019-04-15T13:32:12.178+0200][68,011s] GC(187) Pause Remark 294M->224M(490M) 55,559ms
[2019-04-15T13:32:12.178+0200][68,011s] GC(187) User=0,13s Sys=0,00s Real=0,06s
[2019-04-15T13:32:12.182+0200][68,016s] GC(187) Concurrent Sweep
[2019-04-15T13:32:12.240+0200][68,074s] GC(187) Concurrent Sweep 58,314ms
[2019-04-15T13:32:12.241+0200][68,074s] GC(187) User=0,15s Sys=0,00s Real=0,06s
[2019-04-15T13:32:12.241+0200][68,074s] GC(187) Concurrent Reset
[2019-04-15T13:32:12.241+0200][68,075s] GC(187) Concurrent Reset 0,386ms
[2019-04-15T13:32:12.241+0200][68,075s] GC(187) User=0,00s Sys=0,00s Real=0,00s
[2019-04-15T13:32:12.241+0200][68,075s] GC(187) Old: 213640K->164896K(393216K)
[2019-04-15T13:32:12.291+0200][68,124s] GC(190) Pause Young (Allocation Failure)
[2019-04-15T13:32:12.291+0200][68,124s] GC(190) Using 4 workers of 4 for evacuation
[2019-04-15T13:32:12.305+0200][68,139s] GC(190) ParNew: 103761K->21824K(109248K)
[2019-04-15T13:32:12.305+0200][68,139s] GC(190) CMS: 164896K->164904K(393216K)
[2019-04-15T13:32:12.305+0200][68,139s] GC(190) Metaspace: 66723K->66723K(1110016K)
[2019-04-15T13:32:12.305+0200][68,139s] GC(190) Pause Young (Allocation Failure) 262M->182M(490M) 14,243ms
[2019-04-15T13:32:12.305+0200][68,139s] GC(190) User=0,03s Sys=0,00s Real=0,02s
[2019-04-15T13:32:12.371+0200][68,205s] GC(191) Pause Young (Allocation Failure)
[2019-04-15T13:32:12.371+0200][68,205s] GC(191) Using 4 workers of 4 for evacuation
[2019-04-15T13:32:12.385+0200][68,219s] GC(191) ParNew: 109248K->18275K(109248K)
[2019-04-15T13:32:12.385+0200][68,219s] GC(191) CMS: 164904K->164904K(393216K)
[2019-04-15T13:32:12.385+0200][68,219s] GC(191) Metaspace: 66727K->66727K(1110016K)
[2019-04-15T13:32:12.385+0200][68,219s] GC(191) Pause Young (Allocation Failure) 267M->178M(490M) 13,850ms
[2019-04-15T13:32:12.385+0200][68,219s] GC(191) User=0,03s Sys=0,00s Real=0,02s
[2019-04-15T13:32:12.447+0200][68,281s] GC(192) Pause Young (Allocation Failure)
[2019-04-15T13:32:12.447+0200][68,281s] GC(192) Using 4 workers of 4 for evacuation
[2019-04-15T13:32:12.460+0200][68,294s] GC(192) ParNew: 105699K->21824K(109248K)
[2019-04-15T13:32:12.460+0200][68,294s] GC(192) CMS: 164904K->164904K(393216K)
[2019-04-15T13:32:12.460+0200][68,294s] GC(192) Metaspace: 66728K->66728K(1110016K)
[2019-04-15T13:32:12.460+0200][68,294s] GC(192) Pause Young (Allocation Failure) 264M->182M(490M) 12,957ms
[2019-04-15T13:32:12.460+0200][68,294s] GC(192) User=0,04s Sys=0,00s Real=0,01s
[2019-04-15T13:32:12.530+0200][68,364s] GC(193) Pause Young (Allocation Failure)
[2019-04-15T13:32:12.531+0200][68,364s] GC(193) Using 4 workers of 4 for evacuation
[2019-04-15T13:32:12.549+0200][68,382s] GC(193) ParNew: 109248K->15809K(109248K)
[2019-04-15T13:32:12.549+0200][68,382s] GC(193) CMS: 164904K->172616K(393216K)
[2019-04-15T13:32:12.549+0200][68,382s] GC(193) Metaspace: 66736K->66736K(1110016K)
[2019-04-15T13:32:12.549+0200][68,382s] GC(193) Pause Young (Allocation Failure) 267M->184M(490M) 18,236ms
[2019-04-15T13:32:12.549+0200][68,382s] GC(193) User=0,04s Sys=0,00s Real=0,02s
[2019-04-15T13:32:12.649+0200][68,482s] GC(194) Pause Young (Allocation Failure)
[2019-04-15T13:32:12.649+0200][68,482s] GC(194) Using 4 workers of 4 for evacuation
[2019-04-15T13:32:12.662+0200][68,496s] GC(194) ParNew: 103233K->14646K(109248K)
[2019-04-15T13:32:12.662+0200][68,496s] GC(194) CMS: 172616K->172660K(393216K)
[2019-04-15T13:32:12.662+0200][68,496s] GC(194) Metaspace: 66736K->66736K(1110016K)
[2019-04-15T13:32:12.663+0200][68,496s] GC(194) Pause Young (Allocation Failure) 269M->182M(490M) 13,998ms
[2019-04-15T13:32:12.663+0200][68,496s] GC(194) User=0,03s Sys=0,00s Real=0,01s
[2019-04-15T13:32:12.726+0200][68,559s] GC(195) Pause Young (Allocation Failure)
[2019-04-15T13:32:12.726+0200][68,559s] GC(195) Using 4 workers of 4 for evacuation
[2019-04-15T13:32:12.747+0200][68,581s] GC(195) ParNew: 102070K->12687K(109248K)
[2019-04-15T13:32:12.747+0200][68,581s] GC(195) CMS: 172660K->174334K(393216K)
[2019-04-15T13:32:12.747+0200][68,581s] GC(195) Metaspace: 66739K->66739K(1110016K)
[2019-04-15T13:32:12.747+0200][68,581s] GC(195) Pause Young (Allocation Failure) 268M->182M(490M) 21,320ms
[2019-04-15T13:32:12.747+0200][68,581s] GC(195) User=0,05s Sys=0,01s Real=0,02s
[2019-04-15T13:32:12.816+0200][68,649s] GC(196) Pause Young (Allocation Failure)
[2019-04-15T13:32:12.816+0200][68,649s] GC(196) Using 4 workers of 4 for evacuation
[2019-04-15T13:32:12.831+0200][68,665s] GC(196) ParNew: 100111K->11429K(109248K)
[2019-04-15T13:32:12.831+0200][68,665s] GC(196) CMS: 174334K->175641K(393216K)
[2019-04-15T13:32:12.831+0200][68,665s] GC(196) Metaspace: 66739K->66739K(1110016K)
[2019-04-15T13:32:12.831+0200][68,665s] GC(196) Pause Young (Allocation Failure) 268M->182M(490M) 15,429ms
[2019-04-15T13:32:12.831+0200][68,665s] GC(196) User=0,03s Sys=0,00s Real=0,01s
[2019-04-15T13:32:12.892+0200][68,726s] GC(197) Pause Young (Allocation Failure)
[2019-04-15T13:32:12.892+0200][68,726s] GC(197) Using 4 workers of 4 for evacuation
[2019-04-15T13:32:12.903+0200][68,737s] GC(197) ParNew: 98853K->11183K(109248K)
[2019-04-15T13:32:12.903+0200][68,737s] GC(197) CMS: 175641K->175937K(393216K)
[2019-04-15T13:32:12.903+0200][68,737s] GC(197) Metaspace: 66739K->66739K(1110016K)
[2019-04-15T13:32:12.903+0200][68,737s] GC(197) Pause Young (Allocation Failure) 268M->182M(490M) 11,224ms
[2019-04-15T13:32:12.903+0200][68,737s] GC(197) User=0,02s Sys=0,00s Real=0,01s
[2019-04-15T13:32:12.966+0200][68,800s] GC(198) Pause Young (Allocation Failure)
[2019-04-15T13:32:12.966+0200][68,800s] GC(198) Using 4 workers of 4 for evacuation
[2019-04-15T13:32:12.980+0200][68,813s] GC(198) ParNew: 98607K->13115K(109248K)
[2019-04-15T13:32:12.980+0200][68,813s] GC(198) CMS: 175937K->177260K(393216K)
[2019-04-15T13:32:12.980+0200][68,813s] GC(198) Metaspace: 66739K->66739K(1110016K)
[2019-04-15T13:32:12.980+0200][68,813s] GC(198) Pause Young (Allocation Failure) 268M->185M(490M) 13,763ms
[2019-04-15T13:32:12.980+0200][68,813s] GC(198) User=0,04s Sys=0,00s Real=0,01s
[2019-04-15T13:32:13.129+0200][68,962s] GC(199) Pause Young (Allocation Failure)
[2019-04-15T13:32:13.129+0200][68,962s] GC(199) Using 4 workers of 4 for evacuation
[2019-04-15T13:32:13.144+0200][68,978s] GC(199) ParNew: 100539K->18108K(109248K)
[2019-04-15T13:32:13.144+0200][68,978s] GC(199) CMS: 177260K->178144K(393216K)
[2019-04-15T13:32:13.144+0200][68,978s] GC(199) Metaspace: 66773K->66773K(1110016K)
[2019-04-15T13:32:13.144+0200][68,978s] GC(199) Pause Young (Allocation Failure) 271M->191M(490M) 15,193ms
[2019-04-15T13:32:13.144+0200][68,978s] GC(199) User=0,03s Sys=0,00s Real=0,01s
[2019-04-15T13:32:13.354+0200][69,188s] GC(200) Pause Young (Allocation Failure)
[2019-04-15T13:32:13.354+0200][69,188s] GC(200) Using 4 workers of 4 for evacuation
[2019-04-15T13:32:13.396+0200][69,229s] GC(200) ParNew: 105532K->21824K(109248K)
[2019-04-15T13:32:13.396+0200][69,229s] GC(200) CMS: 178144K->187292K(393216K)
[2019-04-15T13:32:13.396+0200][69,229s] GC(200) Metaspace: 66774K->66774K(1110016K)
[2019-04-15T13:32:13.396+0200][69,229s] GC(200) Pause Young (Allocation Failure) 277M->204M(490M) 41,580ms
[2019-04-15T13:32:13.396+0200][69,229s] GC(200) User=0,08s Sys=0,00s Real=0,04s
[2019-04-15T13:32:13.542+0200][69,376s] GC(201) Pause Young (Allocation Failure)
[2019-04-15T13:32:13.542+0200][69,376s] GC(201) Using 4 workers of 4 for evacuation
[2019-04-15T13:32:13.573+0200][69,407s] GC(201) ParNew: 109248K->21824K(109248K)
[2019-04-15T13:32:13.573+0200][69,407s] GC(201) CMS: 187292K->204864K(393216K)
[2019-04-15T13:32:13.573+0200][69,407s] GC(201) Metaspace: 66891K->66891K(1110016K)
[2019-04-15T13:32:13.573+0200][69,407s] GC(201) Pause Young (Allocation Failure) 289M->221M(490M) 31,248ms
[2019-04-15T13:32:13.573+0200][69,407s] GC(201) User=0,08s Sys=0,00s Real=0,04s
[2019-04-15T13:32:13.578+0200][69,412s] GC(202) Pause Initial Mark
[2019-04-15T13:32:13.584+0200][69,418s] GC(202) Pause Initial Mark 224M->224M(490M) 5,838ms
[2019-04-15T13:32:13.584+0200][69,418s] GC(202) User=0,01s Sys=0,00s Real=0,00s
[2019-04-15T13:32:13.584+0200][69,418s] GC(202) Concurrent Mark
[2019-04-15T13:32:13.584+0200][69,418s] GC(202) Using 4 workers of 4 for marking
[2019-04-15T13:32:13.645+0200][69,479s] GC(202) Concurrent Mark 60,817ms
[2019-04-15T13:32:13.645+0200][69,479s] GC(202) User=0,22s Sys=0,00s Real=0,07s
[2019-04-15T13:32:13.645+0200][69,479s] GC(202) Concurrent Preclean
[2019-04-15T13:32:13.647+0200][69,480s] GC(202) Concurrent Preclean 1,289ms
[2019-04-15T13:32:13.647+0200][69,480s] GC(202) User=0,00s Sys=0,00s Real=0,00s
[2019-04-15T13:32:13.647+0200][69,480s] GC(202) Concurrent Abortable Preclean
[2019-04-15T13:32:13.689+0200][69,523s] GC(203) Pause Young (Allocation Failure)
[2019-04-15T13:32:13.689+0200][69,523s] GC(203) Using 4 workers of 4 for evacuation
[2019-04-15T13:32:13.706+0200][69,540s] GC(203) ParNew: 109248K->21824K(109248K)
[2019-04-15T13:32:13.706+0200][69,540s] GC(203) CMS: 204864K->205958K(393216K)
[2019-04-15T13:32:13.706+0200][69,540s] GC(203) Metaspace: 66891K->66891K(1110016K)
[2019-04-15T13:32:13.706+0200][69,540s] GC(203) Pause Young (Allocation Failure) 306M->222M(490M) 17,050ms
[2019-04-15T13:32:13.706+0200][69,540s] GC(203) User=0,04s Sys=0,01s Real=0,02s
[2019-04-15T13:32:13.805+0200][69,639s] GC(204) Pause Young (Allocation Failure)
[2019-04-15T13:32:13.805+0200][69,639s] GC(204) Using 4 workers of 4 for evacuation
[2019-04-15T13:32:13.822+0200][69,656s] GC(204) ParNew: 109248K->21824K(109248K)
[2019-04-15T13:32:13.822+0200][69,656s] GC(204) CMS: 205958K->207019K(393216K)
[2019-04-15T13:32:13.822+0200][69,656s] GC(204) Metaspace: 66891K->66891K(1110016K)
[2019-04-15T13:32:13.822+0200][69,656s] GC(204) Pause Young (Allocation Failure) 307M->223M(490M) 17,092ms
[2019-04-15T13:32:13.822+0200][69,656s] GC(204) User=0,04s Sys=0,00s Real=0,02s
[2019-04-15T13:32:13.822+0200][69,656s] GC(202) Concurrent Abortable Preclean 175,353ms
[2019-04-15T13:32:13.822+0200][69,656s] GC(202) User=0,34s Sys=0,01s Real=0,17s
[2019-04-15T13:32:13.824+0200][69,658s] GC(202) Pause Remark
[2019-04-15T13:32:13.824+0200][69,658s] GC(205) Pause Young (CMS Final Remark)
[2019-04-15T13:32:13.824+0200][69,658s] GC(205) Using 4 workers of 4 for evacuation
[2019-04-15T13:32:13.839+0200][69,672s] GC(205) ParNew: 23333K->21824K(109248K)
[2019-04-15T13:32:13.839+0200][69,672s] GC(205) CMS: 207019K->210144K(393216K)
[2019-04-15T13:32:13.839+0200][69,672s] GC(205) Metaspace: 66891K->66891K(1110016K)
[2019-04-15T13:32:13.839+0200][69,672s] GC(205) Pause Young (CMS Final Remark) 224M->226M(490M) 14,127ms
[2019-04-15T13:32:13.839+0200][69,672s] GC(205) User=0,04s Sys=0,00s Real=0,02s
[2019-04-15T13:32:13.869+0200][69,703s] GC(202) Pause Remark 224M->226M(490M) 44,320ms
[2019-04-15T13:32:13.869+0200][69,703s] GC(202) User=0,08s Sys=0,00s Real=0,05s
[2019-04-15T13:32:13.869+0200][69,703s] GC(202) Concurrent Sweep
[2019-04-15T13:32:13.917+0200][69,750s] GC(202) Concurrent Sweep 47,785ms
[2019-04-15T13:32:13.917+0200][69,750s] GC(202) User=0,11s Sys=0,00s Real=0,05s
[2019-04-15T13:32:13.917+0200][69,750s] GC(202) Concurrent Reset
[2019-04-15T13:32:13.917+0200][69,751s] GC(202) Concurrent Reset 0,426ms
[2019-04-15T13:32:13.917+0200][69,751s] GC(202) User=0,00s Sys=0,00s Real=0,00s
[2019-04-15T13:32:13.917+0200][69,751s] GC(202) Old: 204864K->167685K(393216K)
[2019-04-15T13:32:13.961+0200][69,794s] GC(206) Pause Young (Allocation Failure)
[2019-04-15T13:32:13.961+0200][69,794s] GC(206) Using 4 workers of 4 for evacuation
[2019-04-15T13:32:13.982+0200][69,816s] GC(206) ParNew: 109248K->21824K(109248K)
[2019-04-15T13:32:13.982+0200][69,816s] GC(206) CMS: 167685K->168016K(393216K)
[2019-04-15T13:32:13.982+0200][69,816s] GC(206) Metaspace: 66891K->66891K(1110016K)
[2019-04-15T13:32:13.982+0200][69,816s] GC(206) Pause Young (Allocation Failure) 270M->185M(490M) 21,907ms
[2019-04-15T13:32:13.983+0200][69,816s] GC(206) User=0,05s Sys=0,00s Real=0,02s
[2019-04-15T13:32:14.063+0200][69,897s] GC(207) Pause Young (Allocation Failure)
[2019-04-15T13:32:14.063+0200][69,897s] GC(207) Using 4 workers of 4 for evacuation
[2019-04-15T13:32:14.077+0200][69,910s] GC(207) ParNew: 109248K->20792K(109248K)
[2019-04-15T13:32:14.077+0200][69,910s] GC(207) CMS: 168016K->168640K(393216K)
[2019-04-15T13:32:14.077+0200][69,910s] GC(207) Metaspace: 66891K->66891K(1110016K)
[2019-04-15T13:32:14.077+0200][69,910s] GC(207) Pause Young (Allocation Failure) 270M->184M(490M) 13,706ms
[2019-04-15T13:32:14.077+0200][69,910s] GC(207) User=0,03s Sys=0,00s Real=0,02s
[2019-04-15T13:32:14.155+0200][69,988s] GC(208) Pause Young (Allocation Failure)
[2019-04-15T13:32:14.155+0200][69,988s] GC(208) Using 4 workers of 4 for evacuation
[2019-04-15T13:32:14.166+0200][70,000s] GC(208) ParNew: 108216K->20860K(109248K)
[2019-04-15T13:32:14.166+0200][70,000s] GC(208) CMS: 168640K->170768K(393216K)
[2019-04-15T13:32:14.166+0200][70,000s] GC(208) Metaspace: 66891K->66891K(1110016K)
[2019-04-15T13:32:14.166+0200][70,000s] GC(208) Pause Young (Allocation Failure) 270M->187M(490M) 11,779ms
[2019-04-15T13:32:14.166+0200][70,000s] GC(208) User=0,04s Sys=0,00s Real=0,01s
[2019-04-15T13:32:14.241+0200][70,075s] GC(209) Pause Young (Allocation Failure)
[2019-04-15T13:32:14.241+0200][70,075s] GC(209) Using 4 workers of 4 for evacuation
[2019-04-15T13:32:14.253+0200][70,087s] GC(209) ParNew: 108284K->15807K(109248K)
[2019-04-15T13:32:14.253+0200][70,087s] GC(209) CMS: 170768K->173877K(393216K)
[2019-04-15T13:32:14.253+0200][70,087s] GC(209) Metaspace: 66891K->66891K(1110016K)
[2019-04-15T13:32:14.253+0200][70,087s] GC(209) Pause Young (Allocation Failure) 272M->185M(490M) 11,754ms
[2019-04-15T13:32:14.253+0200][70,087s] GC(209) User=0,03s Sys=0,00s Real=0,02s
[2019-04-15T13:32:14.333+0200][70,167s] GC(210) Pause Young (Allocation Failure)
[2019-04-15T13:32:14.333+0200][70,167s] GC(210) Using 4 workers of 4 for evacuation
[2019-04-15T13:32:14.354+0200][70,188s] GC(210) ParNew: 103231K->17508K(109248K)
[2019-04-15T13:32:14.354+0200][70,188s] GC(210) CMS: 173877K->180122K(393216K)
[2019-04-15T13:32:14.354+0200][70,188s] GC(210) Metaspace: 66898K->66898K(1110016K)
[2019-04-15T13:32:14.354+0200][70,188s] GC(210) Pause Young (Allocation Failure) 270M->192M(490M) 20,921ms
[2019-04-15T13:32:14.354+0200][70,188s] GC(210) User=0,04s Sys=0,00s Real=0,02s
[2019-04-15T13:32:14.521+0200][70,354s] GC(211) Pause Young (Allocation Failure)
[2019-04-15T13:32:14.521+0200][70,354s] GC(211) Using 4 workers of 4 for evacuation
[2019-04-15T13:32:14.543+0200][70,377s] GC(211) ParNew: 104932K->21824K(109248K)
[2019-04-15T13:32:14.543+0200][70,377s] GC(211) CMS: 180122K->182127K(393216K)
[2019-04-15T13:32:14.543+0200][70,377s] GC(211) Metaspace: 66914K->66914K(1110016K)
[2019-04-15T13:32:14.543+0200][70,377s] GC(211) Pause Young (Allocation Failure) 278M->199M(490M) 22,615ms
[2019-04-15T13:32:14.543+0200][70,377s] GC(211) User=0,04s Sys=0,00s Real=0,02s
[2019-04-15T13:32:14.635+0200][70,469s] GC(212) Pause Young (Allocation Failure)
[2019-04-15T13:32:14.635+0200][70,469s] GC(212) Using 4 workers of 4 for evacuation
[2019-04-15T13:32:14.646+0200][70,480s] GC(212) ParNew: 109248K->21824K(109248K)
[2019-04-15T13:32:14.646+0200][70,480s] GC(212) CMS: 182127K->184174K(393216K)
[2019-04-15T13:32:14.646+0200][70,480s] GC(212) Metaspace: 66917K->66917K(1110016K)
[2019-04-15T13:32:14.646+0200][70,480s] GC(212) Pause Young (Allocation Failure) 284M->201M(490M) 11,339ms
[2019-04-15T13:32:14.646+0200][70,480s] GC(212) User=0,04s Sys=0,00s Real=0,01s
[2019-04-15T13:32:14.783+0200][70,617s] GC(213) Pause Young (Allocation Failure)
[2019-04-15T13:32:14.783+0200][70,617s] GC(213) Using 4 workers of 4 for evacuation
[2019-04-15T13:32:14.801+0200][70,635s] GC(213) ParNew: 109248K->21824K(109248K)
[2019-04-15T13:32:14.801+0200][70,635s] GC(213) CMS: 184174K->189217K(393216K)
[2019-04-15T13:32:14.801+0200][70,635s] GC(213) Metaspace: 66960K->66960K(1110016K)
[2019-04-15T13:32:14.801+0200][70,635s] GC(213) Pause Young (Allocation Failure) 286M->206M(490M) 17,596ms
[2019-04-15T13:32:14.801+0200][70,635s] GC(213) User=0,05s Sys=0,00s Real=0,02s
[2019-04-15T13:32:14.866+0200][70,700s] GC(214) Pause Young (Allocation Failure)
[2019-04-15T13:32:14.866+0200][70,700s] GC(214) Using 4 workers of 4 for evacuation
[2019-04-15T13:32:14.878+0200][70,712s] GC(214) ParNew: 109248K->21824K(109248K)
[2019-04-15T13:32:14.878+0200][70,712s] GC(214) CMS: 189217K->189390K(393216K)
[2019-04-15T13:32:14.878+0200][70,712s] GC(214) Metaspace: 66960K->66960K(1110016K)
[2019-04-15T13:32:14.878+0200][70,712s] GC(214) Pause Young (Allocation Failure) 291M->206M(490M) 12,299ms
[2019-04-15T13:32:14.878+0200][70,712s] GC(214) User=0,03s Sys=0,00s Real=0,01s
[2019-04-15T13:32:14.983+0200][70,817s] GC(215) Pause Young (Allocation Failure)
[2019-04-15T13:32:14.983+0200][70,817s] GC(215) Using 4 workers of 4 for evacuation
[2019-04-15T13:32:15.002+0200][70,836s] GC(215) ParNew: 109248K->21824K(109248K)
[2019-04-15T13:32:15.002+0200][70,836s] GC(215) CMS: 189390K->192900K(393216K)
[2019-04-15T13:32:15.002+0200][70,836s] GC(215) Metaspace: 66964K->66964K(1110016K)
[2019-04-15T13:32:15.002+0200][70,836s] GC(215) Pause Young (Allocation Failure) 291M->209M(490M) 19,112ms
[2019-04-15T13:32:15.002+0200][70,836s] GC(215) User=0,05s Sys=0,00s Real=0,02s
[2019-04-15T13:32:15.323+0200][71,157s] GC(216) Pause Young (Allocation Failure)
[2019-04-15T13:32:15.323+0200][71,157s] GC(216) Using 4 workers of 4 for evacuation
[2019-04-15T13:32:15.338+0200][71,172s] GC(216) ParNew: 109248K->21824K(109248K)
[2019-04-15T13:32:15.338+0200][71,172s] GC(216) CMS: 192900K->196994K(393216K)
[2019-04-15T13:32:15.338+0200][71,172s] GC(216) Metaspace: 67129K->67129K(1112064K)
[2019-04-15T13:32:15.338+0200][71,172s] GC(216) Pause Young (Allocation Failure) 295M->213M(490M) 14,817ms
[2019-04-15T13:32:15.338+0200][71,172s] GC(216) User=0,04s Sys=0,00s Real=0,02s
[2019-04-15T13:32:15.338+0200][71,172s] GC(217) Pause Initial Mark
[2019-04-15T13:32:15.341+0200][71,175s] GC(217) Pause Initial Mark 215M->215M(490M) 3,087ms
[2019-04-15T13:32:15.341+0200][71,175s] GC(217) User=0,01s Sys=0,00s Real=0,00s
[2019-04-15T13:32:15.341+0200][71,175s] GC(217) Concurrent Mark
[2019-04-15T13:32:15.341+0200][71,175s] GC(217) Using 4 workers of 4 for marking
[2019-04-15T13:32:15.397+0200][71,231s] GC(217) Concurrent Mark 55,469ms
[2019-04-15T13:32:15.397+0200][71,231s] GC(217) User=0,15s Sys=0,00s Real=0,06s
[2019-04-15T13:32:15.397+0200][71,231s] GC(217) Concurrent Preclean
[2019-04-15T13:32:15.398+0200][71,232s] GC(217) Concurrent Preclean 1,305ms
[2019-04-15T13:32:15.398+0200][71,232s] GC(217) User=0,00s Sys=0,00s Real=0,00s
[2019-04-15T13:32:15.398+0200][71,232s] GC(217) Concurrent Abortable Preclean
[2019-04-15T13:32:15.565+0200][71,399s] GC(218) Pause Young (Allocation Failure)
[2019-04-15T13:32:15.565+0200][71,399s] GC(218) Using 4 workers of 4 for evacuation
[2019-04-15T13:32:15.589+0200][71,423s] GC(218) ParNew: 109248K->21824K(109248K)
[2019-04-15T13:32:15.590+0200][71,423s] GC(218) CMS: 196994K->200960K(393216K)
[2019-04-15T13:32:15.590+0200][71,423s] GC(218) Metaspace: 67134K->67134K(1112064K)
[2019-04-15T13:32:15.590+0200][71,423s] GC(218) Pause Young (Allocation Failure) 299M->217M(490M) 24,249ms
[2019-04-15T13:32:15.590+0200][71,423s] GC(218) User=0,07s Sys=0,00s Real=0,02s
[2019-04-15T13:32:15.731+0200][71,564s] GC(219) Pause Young (Allocation Failure)
[2019-04-15T13:32:15.731+0200][71,564s] GC(219) Using 4 workers of 4 for evacuation
[2019-04-15T13:32:15.747+0200][71,580s] GC(219) ParNew: 109248K->21824K(109248K)
[2019-04-15T13:32:15.747+0200][71,580s] GC(219) CMS: 200960K->206878K(393216K)
[2019-04-15T13:32:15.747+0200][71,580s] GC(219) Metaspace: 67136K->67136K(1112064K)
[2019-04-15T13:32:15.747+0200][71,580s] GC(219) Pause Young (Allocation Failure) 302M->223M(490M) 16,062ms
[2019-04-15T13:32:15.747+0200][71,580s] GC(219) User=0,04s Sys=0,00s Real=0,02s
[2019-04-15T13:32:15.852+0200][71,685s] GC(220) Pause Young (Allocation Failure)
[2019-04-15T13:32:15.852+0200][71,685s] GC(220) Using 4 workers of 4 for evacuation
[2019-04-15T13:32:15.868+0200][71,702s] GC(220) ParNew: 109248K->13535K(109248K)
[2019-04-15T13:32:15.868+0200][71,702s] GC(220) CMS: 206878K->216186K(393216K)
[2019-04-15T13:32:15.868+0200][71,702s] GC(220) Metaspace: 67136K->67136K(1112064K)
[2019-04-15T13:32:15.868+0200][71,702s] GC(220) Pause Young (Allocation Failure) 308M->224M(490M) 16,764ms
[2019-04-15T13:32:15.868+0200][71,702s] GC(220) User=0,05s Sys=0,00s Real=0,02s
[2019-04-15T13:32:15.868+0200][71,702s] GC(217) Concurrent Abortable Preclean 470,022ms
[2019-04-15T13:32:15.868+0200][71,702s] GC(217) User=0,91s Sys=0,01s Real=0,47s
[2019-04-15T13:32:15.869+0200][71,703s] GC(217) Pause Remark
[2019-04-15T13:32:15.869+0200][71,703s] GC(221) Pause Young (CMS Final Remark)
[2019-04-15T13:32:15.869+0200][71,703s] GC(221) Using 4 workers of 4 for evacuation
[2019-04-15T13:32:15.882+0200][71,716s] GC(221) ParNew: 14740K->10788K(109248K)
[2019-04-15T13:32:15.882+0200][71,716s] GC(221) CMS: 216186K->216489K(393216K)
[2019-04-15T13:32:15.882+0200][71,716s] GC(221) Metaspace: 67136K->67136K(1112064K)
[2019-04-15T13:32:15.882+0200][71,716s] GC(221) Pause Young (CMS Final Remark) 225M->221M(490M) 12,983ms
[2019-04-15T13:32:15.882+0200][71,716s] GC(221) User=0,02s Sys=0,00s Real=0,01s
[2019-04-15T13:32:15.921+0200][71,755s] GC(217) Pause Remark 225M->221M(490M) 51,910ms
[2019-04-15T13:32:15.921+0200][71,755s] GC(217) User=0,08s Sys=0,01s Real=0,05s
[2019-04-15T13:32:15.921+0200][71,755s] GC(217) Concurrent Sweep
[2019-04-15T13:32:15.993+0200][71,827s] GC(217) Concurrent Sweep 72,127ms
[2019-04-15T13:32:15.993+0200][71,827s] GC(217) User=0,15s Sys=0,00s Real=0,08s
[2019-04-15T13:32:15.993+0200][71,827s] GC(217) Concurrent Reset
[2019-04-15T13:32:15.994+0200][71,827s] GC(217) Concurrent Reset 0,350ms
[2019-04-15T13:32:15.994+0200][71,827s] GC(217) User=0,00s Sys=0,00s Real=0,00s
[2019-04-15T13:32:15.994+0200][71,827s] GC(217) Old: 196994K->165350K(393216K)
[2019-04-15T13:32:16.112+0200][71,946s] GC(222) Pause Young (Allocation Failure)
[2019-04-15T13:32:16.112+0200][71,946s] GC(222) Using 4 workers of 4 for evacuation
[2019-04-15T13:32:16.124+0200][71,958s] GC(222) ParNew: 98212K->12456K(109248K)
[2019-04-15T13:32:16.124+0200][71,958s] GC(222) CMS: 165350K->166535K(393216K)
[2019-04-15T13:32:16.124+0200][71,958s] GC(222) Metaspace: 67144K->67144K(1112064K)
[2019-04-15T13:32:16.124+0200][71,958s] GC(222) Pause Young (Allocation Failure) 257M->174M(490M) 11,832ms
[2019-04-15T13:32:16.124+0200][71,958s] GC(222) User=0,03s Sys=0,00s Real=0,01s
[2019-04-15T13:32:16.229+0200][72,063s] GC(223) Pause Young (Allocation Failure)
[2019-04-15T13:32:16.229+0200][72,063s] GC(223) Using 4 workers of 4 for evacuation
[2019-04-15T13:32:16.244+0200][72,078s] GC(223) ParNew: 99880K->15293K(109248K)
[2019-04-15T13:32:16.244+0200][72,078s] GC(223) CMS: 166535K->166786K(393216K)
[2019-04-15T13:32:16.244+0200][72,078s] GC(223) Metaspace: 67144K->67144K(1112064K)
[2019-04-15T13:32:16.244+0200][72,078s] GC(223) Pause Young (Allocation Failure) 260M->177M(490M) 15,378ms
[2019-04-15T13:32:16.244+0200][72,078s] GC(223) User=0,04s Sys=0,00s Real=0,01s
[2019-04-15T13:32:16.402+0200][72,235s] GC(224) Pause Young (Allocation Failure)
[2019-04-15T13:32:16.402+0200][72,235s] GC(224) Using 4 workers of 4 for evacuation
[2019-04-15T13:32:16.418+0200][72,252s] GC(224) ParNew: 102717K->16394K(109248K)
[2019-04-15T13:32:16.418+0200][72,252s] GC(224) CMS: 166786K->167354K(393216K)
[2019-04-15T13:32:16.418+0200][72,252s] GC(224) Metaspace: 67146K->67146K(1112064K)
[2019-04-15T13:32:16.418+0200][72,252s] GC(224) Pause Young (Allocation Failure) 263M->179M(490M) 16,168ms
[2019-04-15T13:32:16.418+0200][72,252s] GC(224) User=0,04s Sys=0,00s Real=0,02s
[2019-04-15T13:32:16.576+0200][72,409s] GC(225) Pause Young (Allocation Failure)
[2019-04-15T13:32:16.576+0200][72,409s] GC(225) Using 4 workers of 4 for evacuation
[2019-04-15T13:32:16.593+0200][72,426s] GC(225) ParNew: 103818K->16858K(109248K)
[2019-04-15T13:32:16.593+0200][72,426s] GC(225) CMS: 167354K->169358K(393216K)
[2019-04-15T13:32:16.593+0200][72,426s] GC(225) Metaspace: 67157K->67157K(1112064K)
[2019-04-15T13:32:16.593+0200][72,426s] GC(225) Pause Young (Allocation Failure) 264M->181M(490M) 17,176ms
[2019-04-15T13:32:16.593+0200][72,426s] GC(225) User=0,05s Sys=0,00s Real=0,01s
[2019-04-15T13:32:16.698+0200][72,532s] GC(226) Pause Young (Allocation Failure)
[2019-04-15T13:32:16.698+0200][72,532s] GC(226) Using 4 workers of 4 for evacuation
[2019-04-15T13:32:16.711+0200][72,545s] GC(226) ParNew: 104282K->10901K(109248K)
[2019-04-15T13:32:16.712+0200][72,545s] GC(226) CMS: 169358K->171278K(393216K)
[2019-04-15T13:32:16.712+0200][72,545s] GC(226) Metaspace: 67157K->67157K(1112064K)
[2019-04-15T13:32:16.712+0200][72,545s] GC(226) Pause Young (Allocation Failure) 267M->177M(490M) 13,721ms
[2019-04-15T13:32:16.712+0200][72,545s] GC(226) User=0,03s Sys=0,00s Real=0,01s
[2019-04-15T13:32:16.842+0200][72,675s] GC(227) Pause Young (Allocation Failure)
[2019-04-15T13:32:16.842+0200][72,675s] GC(227) Using 4 workers of 4 for evacuation
[2019-04-15T13:32:16.855+0200][72,689s] GC(227) ParNew: 98325K->13536K(109248K)
[2019-04-15T13:32:16.855+0200][72,689s] GC(227) CMS: 171278K->171521K(393216K)
[2019-04-15T13:32:16.855+0200][72,689s] GC(227) Metaspace: 67163K->67163K(1112064K)
[2019-04-15T13:32:16.855+0200][72,689s] GC(227) Pause Young (Allocation Failure) 263M->180M(490M) 13,359ms
[2019-04-15T13:32:16.855+0200][72,689s] GC(227) User=0,03s Sys=0,00s Real=0,02s
[2019-04-15T13:32:16.969+0200][72,803s] GC(228) Pause Young (Allocation Failure)
[2019-04-15T13:32:16.969+0200][72,803s] GC(228) Using 4 workers of 4 for evacuation
[2019-04-15T13:32:16.978+0200][72,812s] GC(228) ParNew: 100960K->10099K(109248K)
[2019-04-15T13:32:16.978+0200][72,812s] GC(228) CMS: 171521K->171899K(393216K)
[2019-04-15T13:32:16.978+0200][72,812s] GC(228) Metaspace: 67163K->67163K(1112064K)
[2019-04-15T13:32:16.978+0200][72,812s] GC(228) Pause Young (Allocation Failure) 266M->177M(490M) 9,011ms
[2019-04-15T13:32:16.978+0200][72,812s] GC(228) User=0,02s Sys=0,01s Real=0,01s
[2019-04-15T13:32:17.126+0200][72,960s] GC(229) Pause Young (Allocation Failure)
[2019-04-15T13:32:17.126+0200][72,960s] GC(229) Using 4 workers of 4 for evacuation
[2019-04-15T13:32:17.137+0200][72,970s] GC(229) ParNew: 97523K->17192K(109248K)
[2019-04-15T13:32:17.137+0200][72,970s] GC(229) CMS: 171899K->171899K(393216K)
[2019-04-15T13:32:17.137+0200][72,970s] GC(229) Metaspace: 67188K->67188K(1112064K)
[2019-04-15T13:32:17.137+0200][72,970s] GC(229) Pause Young (Allocation Failure) 263M->184M(490M) 10,251ms
[2019-04-15T13:32:17.137+0200][72,970s] GC(229) User=0,02s Sys=0,00s Real=0,01s
[2019-04-15T13:32:17.241+0200][73,075s] GC(230) Pause Young (Allocation Failure)
[2019-04-15T13:32:17.242+0200][73,075s] GC(230) Using 4 workers of 4 for evacuation
[2019-04-15T13:32:17.251+0200][73,084s] GC(230) ParNew: 104616K->11356K(109248K)
[2019-04-15T13:32:17.251+0200][73,084s] GC(230) CMS: 171899K->173406K(393216K)
[2019-04-15T13:32:17.251+0200][73,084s] GC(230) Metaspace: 67191K->67191K(1112064K)
[2019-04-15T13:32:17.251+0200][73,084s] GC(230) Pause Young (Allocation Failure) 270M->180M(490M) 9,129ms
[2019-04-15T13:32:17.251+0200][73,084s] GC(230) User=0,02s Sys=0,00s Real=0,01s
[2019-04-15T13:32:17.379+0200][73,213s] GC(231) Pause Young (Allocation Failure)
[2019-04-15T13:32:17.379+0200][73,213s] GC(231) Using 4 workers of 4 for evacuation
[2019-04-15T13:32:17.391+0200][73,225s] GC(231) ParNew: 98780K->15003K(109248K)
[2019-04-15T13:32:17.391+0200][73,225s] GC(231) CMS: 173406K->173406K(393216K)
[2019-04-15T13:32:17.391+0200][73,225s] GC(231) Metaspace: 67191K->67191K(1112064K)
[2019-04-15T13:32:17.391+0200][73,225s] GC(231) Pause Young (Allocation Failure) 265M->183M(490M) 12,116ms
[2019-04-15T13:32:17.391+0200][73,225s] GC(231) User=0,03s Sys=0,00s Real=0,01s
[2019-04-15T13:32:17.498+0200][73,332s] GC(232) Pause Young (Allocation Failure)
[2019-04-15T13:32:17.498+0200][73,332s] GC(232) Using 4 workers of 4 for evacuation
[2019-04-15T13:32:17.509+0200][73,342s] GC(232) ParNew: 102427K->11587K(109248K)
[2019-04-15T13:32:17.509+0200][73,342s] GC(232) CMS: 173406K->173417K(393216K)
[2019-04-15T13:32:17.509+0200][73,342s] GC(232) Metaspace: 67191K->67191K(1112064K)
[2019-04-15T13:32:17.509+0200][73,342s] GC(232) Pause Young (Allocation Failure) 269M->180M(490M) 10,797ms
[2019-04-15T13:32:17.509+0200][73,342s] GC(232) User=0,03s Sys=0,00s Real=0,01s
[2019-04-15T13:32:17.655+0200][73,489s] GC(233) Pause Young (Allocation Failure)
[2019-04-15T13:32:17.655+0200][73,489s] GC(233) Using 4 workers of 4 for evacuation
[2019-04-15T13:32:17.666+0200][73,500s] GC(233) ParNew: 99011K->20354K(109248K)
[2019-04-15T13:32:17.666+0200][73,500s] GC(233) CMS: 173417K->173422K(393216K)
[2019-04-15T13:32:17.666+0200][73,500s] GC(233) Metaspace: 67192K->67192K(1112064K)
[2019-04-15T13:32:17.667+0200][73,500s] GC(233) Pause Young (Allocation Failure) 266M->189M(490M) 11,661ms
[2019-04-15T13:32:17.667+0200][73,500s] GC(233) User=0,02s Sys=0,00s Real=0,01s
[2019-04-15T13:32:17.770+0200][73,603s] GC(234) Pause Young (Allocation Failure)
[2019-04-15T13:32:17.770+0200][73,603s] GC(234) Using 4 workers of 4 for evacuation
[2019-04-15T13:32:17.778+0200][73,612s] GC(234) ParNew: 107778K->9072K(109248K)
[2019-04-15T13:32:17.778+0200][73,612s] GC(234) CMS: 173422K->173422K(393216K)
[2019-04-15T13:32:17.778+0200][73,612s] GC(234) Metaspace: 67192K->67192K(1112064K)
[2019-04-15T13:32:17.778+0200][73,612s] GC(234) Pause Young (Allocation Failure) 274M->178M(490M) 8,759ms
[2019-04-15T13:32:17.778+0200][73,612s] GC(234) User=0,02s Sys=0,00s Real=0,01s
[2019-04-15T13:32:17.888+0200][73,722s] GC(235) Pause Young (Allocation Failure)
[2019-04-15T13:32:17.888+0200][73,722s] GC(235) Using 4 workers of 4 for evacuation
[2019-04-15T13:32:17.907+0200][73,741s] GC(235) ParNew: 96496K->11187K(109248K)
[2019-04-15T13:32:17.907+0200][73,741s] GC(235) CMS: 173422K->173424K(393216K)
[2019-04-15T13:32:17.907+0200][73,741s] GC(235) Metaspace: 67192K->67192K(1112064K)
[2019-04-15T13:32:17.907+0200][73,741s] GC(235) Pause Young (Allocation Failure) 263M->180M(490M) 19,218ms
[2019-04-15T13:32:17.908+0200][73,741s] GC(235) User=0,04s Sys=0,00s Real=0,02s
[2019-04-15T13:32:18.050+0200][73,884s] GC(236) Pause Young (Allocation Failure)
[2019-04-15T13:32:18.050+0200][73,884s] GC(236) Using 4 workers of 4 for evacuation
[2019-04-15T13:32:18.061+0200][73,895s] GC(236) ParNew: 98611K->13290K(109248K)
[2019-04-15T13:32:18.061+0200][73,895s] GC(236) CMS: 173424K->173424K(393216K)
[2019-04-15T13:32:18.061+0200][73,895s] GC(236) Metaspace: 67195K->67195K(1112064K)
[2019-04-15T13:32:18.061+0200][73,895s] GC(236) Pause Young (Allocation Failure) 265M->182M(490M) 11,161ms
[2019-04-15T13:32:18.061+0200][73,895s] GC(236) User=0,03s Sys=0,00s Real=0,01s
[2019-04-15T13:32:18.166+0200][73,999s] GC(237) Pause Young (Allocation Failure)
[2019-04-15T13:32:18.166+0200][74,000s] GC(237) Using 4 workers of 4 for evacuation
[2019-04-15T13:32:18.173+0200][74,007s] GC(237) ParNew: 100714K->10149K(109248K)
[2019-04-15T13:32:18.173+0200][74,007s] GC(237) CMS: 173424K->174859K(393216K)
[2019-04-15T13:32:18.173+0200][74,007s] GC(237) Metaspace: 67195K->67195K(1112064K)
[2019-04-15T13:32:18.173+0200][74,007s] GC(237) Pause Young (Allocation Failure) 267M->180M(490M) 7,738ms
[2019-04-15T13:32:18.173+0200][74,007s] GC(237) User=0,02s Sys=0,00s Real=0,01s
[2019-04-15T13:32:18.278+0200][74,112s] GC(238) Pause Young (Allocation Failure)
[2019-04-15T13:32:18.278+0200][74,112s] GC(238) Using 4 workers of 4 for evacuation
[2019-04-15T13:32:18.286+0200][74,120s] GC(238) ParNew: 97573K->8849K(109248K)
[2019-04-15T13:32:18.286+0200][74,120s] GC(238) CMS: 174859K->174859K(393216K)
[2019-04-15T13:32:18.286+0200][74,120s] GC(238) Metaspace: 67195K->67195K(1112064K)
[2019-04-15T13:32:18.286+0200][74,120s] GC(238) Pause Young (Allocation Failure) 266M->179M(490M) 8,150ms
[2019-04-15T13:32:18.286+0200][74,120s] GC(238) User=0,02s Sys=0,00s Real=0,01s
[2019-04-15T13:32:18.463+0200][74,297s] GC(239) Pause Young (Allocation Failure)
[2019-04-15T13:32:18.463+0200][74,297s] GC(239) Using 4 workers of 4 for evacuation
[2019-04-15T13:32:18.480+0200][74,314s] GC(239) ParNew: 96273K->15370K(109248K)
[2019-04-15T13:32:18.480+0200][74,314s] GC(239) CMS: 174859K->174860K(393216K)
[2019-04-15T13:32:18.480+0200][74,314s] GC(239) Metaspace: 67204K->67204K(1112064K)
[2019-04-15T13:32:18.480+0200][74,314s] GC(239) Pause Young (Allocation Failure) 264M->185M(490M) 16,732ms
[2019-04-15T13:32:18.480+0200][74,314s] GC(239) User=0,04s Sys=0,00s Real=0,02s
[2019-04-15T13:32:18.586+0200][74,420s] GC(240) Pause Young (Allocation Failure)
[2019-04-15T13:32:18.586+0200][74,420s] GC(240) Using 4 workers of 4 for evacuation
[2019-04-15T13:32:18.602+0200][74,436s] GC(240) ParNew: 102794K->8763K(109248K)
[2019-04-15T13:32:18.602+0200][74,436s] GC(240) CMS: 174860K->174860K(393216K)
[2019-04-15T13:32:18.602+0200][74,436s] GC(240) Metaspace: 67204K->67204K(1112064K)
[2019-04-15T13:32:18.602+0200][74,436s] GC(240) Pause Young (Allocation Failure) 271M->179M(490M) 16,000ms
[2019-04-15T13:32:18.602+0200][74,436s] GC(240) User=0,04s Sys=0,00s Real=0,01s
[2019-04-15T13:32:18.741+0200][74,575s] GC(241) Pause Young (Allocation Failure)
[2019-04-15T13:32:18.741+0200][74,575s] GC(241) Using 4 workers of 4 for evacuation
[2019-04-15T13:32:18.752+0200][74,586s] GC(241) ParNew: 96187K->10084K(109248K)
[2019-04-15T13:32:18.752+0200][74,586s] GC(241) CMS: 174860K->174863K(393216K)
[2019-04-15T13:32:18.752+0200][74,586s] GC(241) Metaspace: 67205K->67205K(1112064K)
[2019-04-15T13:32:18.752+0200][74,586s] GC(241) Pause Young (Allocation Failure) 264M->180M(490M) 10,599ms
[2019-04-15T13:32:18.752+0200][74,586s] GC(241) User=0,02s Sys=0,00s Real=0,01s
[2019-04-15T13:32:18.954+0200][74,788s] GC(242) Pause Young (Allocation Failure)
[2019-04-15T13:32:18.954+0200][74,788s] GC(242) Using 4 workers of 4 for evacuation
[2019-04-15T13:32:18.969+0200][74,803s] GC(242) ParNew: 97508K->17262K(109248K)
[2019-04-15T13:32:18.969+0200][74,803s] GC(242) CMS: 174863K->174863K(393216K)
[2019-04-15T13:32:18.969+0200][74,803s] GC(242) Metaspace: 67228K->67228K(1112064K)
[2019-04-15T13:32:18.969+0200][74,803s] GC(242) Pause Young (Allocation Failure) 265M->187M(490M) 15,513ms
[2019-04-15T13:32:18.969+0200][74,803s] GC(242) User=0,04s Sys=0,00s Real=0,01s
[2019-04-15T13:32:19.160+0200][74,994s] GC(243) Pause Young (Allocation Failure)
[2019-04-15T13:32:19.160+0200][74,994s] GC(243) Using 4 workers of 4 for evacuation
[2019-04-15T13:32:19.169+0200][75,003s] GC(243) ParNew: 104686K->14862K(109248K)
[2019-04-15T13:32:19.169+0200][75,003s] GC(243) CMS: 174863K->174867K(393216K)
[2019-04-15T13:32:19.169+0200][75,003s] GC(243) Metaspace: 67249K->67249K(1112064K)
[2019-04-15T13:32:19.169+0200][75,003s] GC(243) Pause Young (Allocation Failure) 272M->185M(490M) 8,912ms
[2019-04-15T13:32:19.169+0200][75,003s] GC(243) User=0,03s Sys=0,00s Real=0,01s
[2019-04-15T13:32:19.399+0200][75,233s] GC(244) Pause Young (Allocation Failure)
[2019-04-15T13:32:19.399+0200][75,233s] GC(244) Using 4 workers of 4 for evacuation
[2019-04-15T13:32:19.410+0200][75,243s] GC(244) ParNew: 102286K->19221K(109248K)
[2019-04-15T13:32:19.410+0200][75,244s] GC(244) CMS: 174867K->174868K(393216K)
[2019-04-15T13:32:19.410+0200][75,244s] GC(244) Metaspace: 67273K->67273K(1112064K)
[2019-04-15T13:32:19.410+0200][75,244s] GC(244) Pause Young (Allocation Failure) 270M->189M(490M) 10,707ms
[2019-04-15T13:32:19.410+0200][75,244s] GC(244) User=0,01s Sys=0,01s Real=0,01s
[2019-04-15T13:32:19.642+0200][75,476s] GC(245) Pause Young (Allocation Failure)
[2019-04-15T13:32:19.642+0200][75,476s] GC(245) Using 4 workers of 4 for evacuation
[2019-04-15T13:32:19.655+0200][75,489s] GC(245) ParNew: 106645K->21824K(109248K)
[2019-04-15T13:32:19.655+0200][75,489s] GC(245) CMS: 174868K->181630K(393216K)
[2019-04-15T13:32:19.655+0200][75,489s] GC(245) Metaspace: 67274K->67274K(1112064K)
[2019-04-15T13:32:19.655+0200][75,489s] GC(245) Pause Young (Allocation Failure) 274M->198M(490M) 13,582ms
[2019-04-15T13:32:19.655+0200][75,489s] GC(245) User=0,03s Sys=0,00s Real=0,02s
[2019-04-15T13:32:19.811+0200][75,645s] GC(246) Pause Young (Allocation Failure)
[2019-04-15T13:32:19.811+0200][75,645s] GC(246) Using 4 workers of 4 for evacuation
[2019-04-15T13:32:19.830+0200][75,664s] GC(246) ParNew: 109248K->19526K(109248K)
[2019-04-15T13:32:19.830+0200][75,664s] GC(246) CMS: 181630K->190055K(393216K)
[2019-04-15T13:32:19.830+0200][75,664s] GC(246) Metaspace: 67277K->67277K(1112064K)
[2019-04-15T13:32:19.830+0200][75,664s] GC(246) Pause Young (Allocation Failure) 284M->204M(490M) 18,805ms
[2019-04-15T13:32:19.830+0200][75,664s] GC(246) User=0,04s Sys=0,00s Real=0,02s
[2019-04-15T13:32:19.953+0200][75,786s] GC(247) Pause Young (Allocation Failure)
[2019-04-15T13:32:19.953+0200][75,786s] GC(247) Using 4 workers of 4 for evacuation
[2019-04-15T13:32:19.962+0200][75,796s] GC(247) ParNew: 106950K->11344K(109248K)
[2019-04-15T13:32:19.963+0200][75,796s] GC(247) CMS: 190055K->190055K(393216K)
[2019-04-15T13:32:19.963+0200][75,796s] GC(247) Metaspace: 67280K->67280K(1112064K)
[2019-04-15T13:32:19.963+0200][75,796s] GC(247) Pause Young (Allocation Failure) 290M->196M(490M) 9,933ms
[2019-04-15T13:32:19.963+0200][75,796s] GC(247) User=0,03s Sys=0,00s Real=0,01s
[2019-04-15T13:32:20.088+0200][75,921s] GC(248) Pause Young (Allocation Failure)
[2019-04-15T13:32:20.088+0200][75,921s] GC(248) Using 4 workers of 4 for evacuation
[2019-04-15T13:32:20.101+0200][75,935s] GC(248) ParNew: 98768K->10978K(109248K)
[2019-04-15T13:32:20.101+0200][75,935s] GC(248) CMS: 190055K->190055K(393216K)
[2019-04-15T13:32:20.101+0200][75,935s] GC(248) Metaspace: 67302K->67302K(1112064K)
[2019-04-15T13:32:20.101+0200][75,935s] GC(248) Pause Young (Allocation Failure) 282M->196M(490M) 13,481ms
[2019-04-15T13:32:20.101+0200][75,935s] GC(248) User=0,02s Sys=0,00s Real=0,01s
[2019-04-15T13:32:20.329+0200][76,163s] GC(249) Pause Young (Allocation Failure)
[2019-04-15T13:32:20.329+0200][76,163s] GC(249) Using 4 workers of 4 for evacuation
[2019-04-15T13:32:20.358+0200][76,192s] GC(249) ParNew: 98402K->21824K(109248K)
[2019-04-15T13:32:20.358+0200][76,192s] GC(249) CMS: 190055K->190055K(393216K)
[2019-04-15T13:32:20.358+0200][76,192s] GC(249) Metaspace: 67314K->67314K(1112064K)
[2019-04-15T13:32:20.358+0200][76,192s] GC(249) Pause Young (Allocation Failure) 281M->206M(490M) 28,710ms
[2019-04-15T13:32:20.358+0200][76,192s] GC(249) User=0,09s Sys=0,00s Real=0,03s
[2019-04-15T13:32:20.606+0200][76,440s] GC(250) Pause Young (Allocation Failure)
[2019-04-15T13:32:20.606+0200][76,440s] GC(250) Using 4 workers of 4 for evacuation
[2019-04-15T13:32:20.627+0200][76,461s] GC(250) ParNew: 109248K->21824K(109248K)
[2019-04-15T13:32:20.627+0200][76,461s] GC(250) CMS: 190055K->194230K(393216K)
[2019-04-15T13:32:20.627+0200][76,461s] GC(250) Metaspace: 67327K->67327K(1112064K)
[2019-04-15T13:32:20.627+0200][76,461s] GC(250) Pause Young (Allocation Failure) 292M->210M(490M) 20,979ms
[2019-04-15T13:32:20.627+0200][76,461s] GC(250) User=0,05s Sys=0,00s Real=0,02s
[2019-04-15T13:32:20.893+0200][76,727s] GC(251) Pause Young (Allocation Failure)
[2019-04-15T13:32:20.893+0200][76,727s] GC(251) Using 4 workers of 4 for evacuation
[2019-04-15T13:32:20.927+0200][76,761s] GC(251) ParNew: 109248K->21824K(109248K)
[2019-04-15T13:32:20.927+0200][76,761s] GC(251) CMS: 194230K->195503K(393216K)
[2019-04-15T13:32:20.927+0200][76,761s] GC(251) Metaspace: 67342K->67342K(1112064K)
[2019-04-15T13:32:20.927+0200][76,761s] GC(251) Pause Young (Allocation Failure) 296M->212M(490M) 33,724ms
[2019-04-15T13:32:20.927+0200][76,761s] GC(251) User=0,09s Sys=0,00s Real=0,03s
[2019-04-15T13:32:21.117+0200][76,951s] GC(252) Pause Young (Allocation Failure)
[2019-04-15T13:32:21.118+0200][76,951s] GC(252) Using 4 workers of 4 for evacuation
[2019-04-15T13:32:21.128+0200][76,962s] GC(252) ParNew: 109248K->19486K(109248K)
[2019-04-15T13:32:21.128+0200][76,962s] GC(252) CMS: 195503K->195503K(393216K)
[2019-04-15T13:32:21.128+0200][76,962s] GC(252) Metaspace: 67349K->67349K(1112064K)
[2019-04-15T13:32:21.128+0200][76,962s] GC(252) Pause Young (Allocation Failure) 297M->209M(490M) 10,564ms
[2019-04-15T13:32:21.128+0200][76,962s] GC(252) User=0,03s Sys=0,00s Real=0,01s
[2019-04-15T13:32:21.346+0200][77,180s] GC(253) Pause Young (Allocation Failure)
[2019-04-15T13:32:21.346+0200][77,180s] GC(253) Using 4 workers of 4 for evacuation
[2019-04-15T13:32:21.365+0200][77,199s] GC(253) ParNew: 106910K->21824K(109248K)
[2019-04-15T13:32:21.365+0200][77,199s] GC(253) CMS: 195503K->195503K(393216K)
[2019-04-15T13:32:21.365+0200][77,199s] GC(253) Metaspace: 67380K->67380K(1112064K)
[2019-04-15T13:32:21.365+0200][77,199s] GC(253) Pause Young (Allocation Failure) 295M->212M(490M) 19,033ms
[2019-04-15T13:32:21.365+0200][77,199s] GC(253) User=0,05s Sys=0,01s Real=0,02s
[2019-04-15T13:32:21.969+0200][77,802s] GC(254) Pause Young (Allocation Failure)
[2019-04-15T13:32:21.969+0200][77,802s] GC(254) Using 4 workers of 4 for evacuation
[2019-04-15T13:32:22.006+0200][77,839s] GC(254) ParNew: 109248K->21824K(109248K)
[2019-04-15T13:32:22.006+0200][77,839s] GC(254) CMS: 195503K->266490K(393216K)
[2019-04-15T13:32:22.006+0200][77,839s] GC(254) Metaspace: 67380K->67380K(1112064K)
[2019-04-15T13:32:22.006+0200][77,839s] GC(254) Pause Young (Allocation Failure) 297M->281M(490M) 36,964ms
[2019-04-15T13:32:22.006+0200][77,839s] GC(254) User=0,05s Sys=0,00s Real=0,04s
[2019-04-15T13:32:22.006+0200][77,839s] GC(255) Pause Initial Mark
[2019-04-15T13:32:22.007+0200][77,841s] GC(255) Pause Initial Mark 281M->281M(490M) 1,522ms
[2019-04-15T13:32:22.007+0200][77,841s] GC(255) User=0,01s Sys=0,00s Real=0,00s
[2019-04-15T13:32:22.007+0200][77,841s] GC(255) Concurrent Mark
[2019-04-15T13:32:22.007+0200][77,841s] GC(255) Using 4 workers of 4 for marking
[2019-04-15T13:32:22.085+0200][77,919s] GC(255) Concurrent Mark 77,656ms
[2019-04-15T13:32:22.085+0200][77,919s] GC(255) User=0,13s Sys=0,01s Real=0,08s
[2019-04-15T13:32:22.085+0200][77,919s] GC(255) Concurrent Preclean
[2019-04-15T13:32:22.086+0200][77,920s] GC(255) Concurrent Preclean 1,188ms
[2019-04-15T13:32:22.086+0200][77,920s] GC(255) User=0,00s Sys=0,00s Real=0,00s
[2019-04-15T13:32:22.086+0200][77,920s] GC(255) Concurrent Abortable Preclean
[2019-04-15T13:32:22.244+0200][78,078s] GC(256) Pause Young (Allocation Failure)
[2019-04-15T13:32:22.244+0200][78,078s] GC(256) Using 4 workers of 4 for evacuation
[2019-04-15T13:32:22.276+0200][78,109s] GC(256) ParNew: 109248K->21824K(109248K)
[2019-04-15T13:32:22.276+0200][78,109s] GC(256) CMS: 266490K->285938K(393216K)
[2019-04-15T13:32:22.276+0200][78,109s] GC(256) Metaspace: 67383K->67383K(1112064K)
[2019-04-15T13:32:22.276+0200][78,109s] GC(256) Pause Young (Allocation Failure) 366M->300M(490M) 31,784ms
[2019-04-15T13:32:22.276+0200][78,109s] GC(256) User=0,09s Sys=0,00s Real=0,04s
[2019-04-15T13:32:22.276+0200][78,109s] GC(255) Concurrent Abortable Preclean 189,460ms
[2019-04-15T13:32:22.276+0200][78,109s] GC(255) User=0,37s Sys=0,02s Real=0,19s
[2019-04-15T13:32:22.283+0200][78,117s] GC(255) Pause Remark
[2019-04-15T13:32:22.283+0200][78,117s] GC(257) Pause Young (CMS Final Remark)
[2019-04-15T13:32:22.283+0200][78,117s] GC(257) Using 4 workers of 4 for evacuation
[2019-04-15T13:32:22.307+0200][78,141s] GC(257) ParNew: 25879K->21824K(109248K)
[2019-04-15T13:32:22.307+0200][78,141s] GC(257) CMS: 285938K->292201K(393216K)
[2019-04-15T13:32:22.307+0200][78,141s] GC(257) Metaspace: 67383K->67383K(1112064K)
[2019-04-15T13:32:22.307+0200][78,141s] GC(257) Pause Young (CMS Final Remark) 304M->306M(490M) 24,009ms
[2019-04-15T13:32:22.307+0200][78,141s] GC(257) User=0,07s Sys=0,00s Real=0,03s
[2019-04-15T13:32:22.349+0200][78,183s] GC(255) Pause Remark 304M->306M(490M) 65,617ms
[2019-04-15T13:32:22.349+0200][78,183s] GC(255) User=0,13s Sys=0,01s Real=0,07s
[2019-04-15T13:32:22.349+0200][78,183s] GC(255) Concurrent Sweep
[2019-04-15T13:32:22.433+0200][78,266s] GC(255) Concurrent Sweep 83,706ms
[2019-04-15T13:32:22.433+0200][78,266s] GC(255) User=0,19s Sys=0,00s Real=0,08s
[2019-04-15T13:32:22.433+0200][78,267s] GC(255) Concurrent Reset
[2019-04-15T13:32:22.433+0200][78,267s] GC(255) Concurrent Reset 0,338ms
[2019-04-15T13:32:22.433+0200][78,267s] GC(255) User=0,01s Sys=0,00s Real=0,01s
[2019-04-15T13:32:22.433+0200][78,267s] GC(255) Old: 266490K->202875K(393216K)
[2019-04-15T13:32:22.460+0200][78,294s] GC(258) Pause Young (Allocation Failure)
[2019-04-15T13:32:22.460+0200][78,294s] GC(258) Using 4 workers of 4 for evacuation
[2019-04-15T13:32:22.479+0200][78,313s] GC(258) ParNew: 109248K->21824K(109248K)
[2019-04-15T13:32:22.479+0200][78,313s] GC(258) CMS: 202875K->203786K(393216K)
[2019-04-15T13:32:22.479+0200][78,313s] GC(258) Metaspace: 67383K->67383K(1112064K)
[2019-04-15T13:32:22.479+0200][78,313s] GC(258) Pause Young (Allocation Failure) 304M->220M(490M) 18,573ms
[2019-04-15T13:32:22.479+0200][78,313s] GC(258) User=0,04s Sys=0,00s Real=0,02s
[2019-04-15T13:32:22.479+0200][78,313s] GC(259) Pause Initial Mark
[2019-04-15T13:32:22.483+0200][78,316s] GC(259) Pause Initial Mark 221M->221M(490M) 3,338ms
[2019-04-15T13:32:22.483+0200][78,316s] GC(259) User=0,01s Sys=0,00s Real=0,00s
[2019-04-15T13:32:22.483+0200][78,316s] GC(259) Concurrent Mark
[2019-04-15T13:32:22.483+0200][78,316s] GC(259) Using 4 workers of 4 for marking
[2019-04-15T13:32:22.553+0200][78,387s] GC(259) Concurrent Mark 70,778ms
[2019-04-15T13:32:22.553+0200][78,387s] GC(259) User=0,21s Sys=0,00s Real=0,08s
[2019-04-15T13:32:22.554+0200][78,387s] GC(259) Concurrent Preclean
[2019-04-15T13:32:22.554+0200][78,388s] GC(259) Concurrent Preclean 0,782ms
[2019-04-15T13:32:22.554+0200][78,388s] GC(259) User=0,00s Sys=0,00s Real=0,00s
[2019-04-15T13:32:22.554+0200][78,388s] GC(259) Concurrent Abortable Preclean
[2019-04-15T13:32:22.661+0200][78,495s] GC(260) Pause Young (Allocation Failure)
[2019-04-15T13:32:22.661+0200][78,495s] GC(260) Using 4 workers of 4 for evacuation
[2019-04-15T13:32:22.723+0200][78,557s] GC(259) Concurrent Abortable Preclean 168,866ms
[2019-04-15T13:32:22.723+0200][78,557s] GC(259) User=0,34s Sys=0,01s Real=0,16s
[2019-04-15T13:32:22.725+0200][78,559s] GC(260) ParNew: 109248K->21824K(109248K)
[2019-04-15T13:32:22.725+0200][78,559s] GC(260) CMS: 203786K->229738K(393216K)
[2019-04-15T13:32:22.725+0200][78,559s] GC(260) Metaspace: 67383K->67383K(1112064K)
[2019-04-15T13:32:22.725+0200][78,559s] GC(260) Pause Young (Allocation Failure) 305M->245M(490M) 63,495ms
[2019-04-15T13:32:22.725+0200][78,559s] GC(260) User=0,18s Sys=0,01s Real=0,07s
[2019-04-15T13:32:22.725+0200][78,559s] GC(259) Pause Remark
[2019-04-15T13:32:22.725+0200][78,559s] GC(261) Pause Young (CMS Final Remark)
[2019-04-15T13:32:22.725+0200][78,559s] GC(261) Using 4 workers of 4 for evacuation
[2019-04-15T13:32:22.748+0200][78,581s] GC(261) ParNew: 23425K->21824K(109248K)
[2019-04-15T13:32:22.748+0200][78,581s] GC(261) CMS: 229738K->234148K(393216K)
[2019-04-15T13:32:22.748+0200][78,581s] GC(261) Metaspace: 67383K->67383K(1112064K)
[2019-04-15T13:32:22.748+0200][78,581s] GC(261) Pause Young (CMS Final Remark) 247M->249M(490M) 22,522ms
[2019-04-15T13:32:22.748+0200][78,581s] GC(261) User=0,05s Sys=0,00s Real=0,02s
[2019-04-15T13:32:22.790+0200][78,623s] GC(259) Pause Remark 247M->249M(490M) 64,418ms
[2019-04-15T13:32:22.790+0200][78,623s] GC(259) User=0,13s Sys=0,00s Real=0,06s
[2019-04-15T13:32:22.790+0200][78,623s] GC(259) Concurrent Sweep
[2019-04-15T13:32:22.823+0200][78,657s] GC(259) Concurrent Sweep 33,676ms
[2019-04-15T13:32:22.823+0200][78,657s] GC(259) User=0,07s Sys=0,00s Real=0,03s
[2019-04-15T13:32:22.823+0200][78,657s] GC(259) Concurrent Reset
[2019-04-15T13:32:22.824+0200][78,657s] GC(259) Concurrent Reset 0,330ms
[2019-04-15T13:32:22.824+0200][78,657s] GC(259) User=0,00s Sys=0,00s Real=0,00s
[2019-04-15T13:32:22.824+0200][78,657s] GC(259) Old: 203786K->211952K(393216K)
[2019-04-15T13:32:22.891+0200][78,725s] GC(262) Pause Young (Allocation Failure)
[2019-04-15T13:32:22.892+0200][78,725s] GC(262) Using 4 workers of 4 for evacuation
[2019-04-15T13:32:22.942+0200][78,776s] GC(262) ParNew: 109248K->21824K(109248K)
[2019-04-15T13:32:22.942+0200][78,776s] GC(262) CMS: 211952K->238392K(393216K)
[2019-04-15T13:32:22.942+0200][78,776s] GC(262) Metaspace: 67383K->67383K(1112064K)
[2019-04-15T13:32:22.942+0200][78,776s] GC(262) Pause Young (Allocation Failure) 313M->254M(490M) 50,867ms
[2019-04-15T13:32:22.942+0200][78,776s] GC(262) User=0,14s Sys=0,00s Real=0,05s
[2019-04-15T13:32:22.943+0200][78,776s] GC(263) Pause Initial Mark
[2019-04-15T13:32:22.948+0200][78,782s] GC(263) Pause Initial Mark 255M->255M(490M) 5,796ms
[2019-04-15T13:32:22.948+0200][78,782s] GC(263) User=0,02s Sys=0,00s Real=0,01s
[2019-04-15T13:32:22.948+0200][78,782s] GC(263) Concurrent Mark
[2019-04-15T13:32:22.948+0200][78,782s] GC(263) Using 4 workers of 4 for marking
[2019-04-15T13:32:23.047+0200][78,881s] GC(263) Concurrent Mark 98,792ms
[2019-04-15T13:32:23.047+0200][78,881s] GC(263) User=0,26s Sys=0,00s Real=0,10s
[2019-04-15T13:32:23.047+0200][78,881s] GC(263) Concurrent Preclean
[2019-04-15T13:32:23.048+0200][78,882s] GC(263) Concurrent Preclean 1,090ms
[2019-04-15T13:32:23.048+0200][78,882s] GC(263) User=0,00s Sys=0,00s Real=0,00s
[2019-04-15T13:32:23.048+0200][78,882s] GC(263) Concurrent Abortable Preclean
[2019-04-15T13:32:23.102+0200][78,936s] GC(264) Pause Young (Allocation Failure)
[2019-04-15T13:32:23.103+0200][78,936s] GC(264) Using 4 workers of 4 for evacuation
[2019-04-15T13:32:23.171+0200][79,005s] GC(264) ParNew: 109248K->21824K(109248K)
[2019-04-15T13:32:23.171+0200][79,005s] GC(264) CMS: 238392K->271460K(393216K)
[2019-04-15T13:32:23.171+0200][79,005s] GC(264) Metaspace: 67383K->67383K(1112064K)
[2019-04-15T13:32:23.171+0200][79,005s] GC(264) Pause Young (Allocation Failure) 339M->286M(490M) 68,835ms
[2019-04-15T13:32:23.171+0200][79,005s] GC(264) User=0,19s Sys=0,00s Real=0,07s
[2019-04-15T13:32:23.315+0200][79,149s] GC(265) Pause Young (Allocation Failure)
[2019-04-15T13:32:23.315+0200][79,149s] GC(265) Using 4 workers of 4 for evacuation
[2019-04-15T13:32:23.364+0200][79,198s] GC(265) ParNew: 109248K->21824K(109248K)
[2019-04-15T13:32:23.364+0200][79,198s] GC(265) CMS: 271460K->302160K(393216K)
[2019-04-15T13:32:23.364+0200][79,198s] GC(265) Metaspace: 67383K->67383K(1112064K)
[2019-04-15T13:32:23.364+0200][79,198s] GC(265) Pause Young (Allocation Failure) 371M->316M(490M) 49,327ms
[2019-04-15T13:32:23.364+0200][79,198s] GC(265) User=0,14s Sys=0,00s Real=0,04s
[2019-04-15T13:32:23.391+0200][79,225s] GC(263) Concurrent Abortable Preclean 342,345ms
[2019-04-15T13:32:23.391+0200][79,225s] GC(263) User=0,77s Sys=0,00s Real=0,34s
[2019-04-15T13:32:23.391+0200][79,225s] GC(263) Pause Remark
[2019-04-15T13:32:23.391+0200][79,225s] GC(266) Pause Young (CMS Final Remark)
[2019-04-15T13:32:23.391+0200][79,225s] GC(266) Using 4 workers of 4 for evacuation
[2019-04-15T13:32:23.429+0200][79,262s] GC(266) ParNew: 38823K->21649K(109248K)
[2019-04-15T13:32:23.429+0200][79,262s] GC(266) CMS: 302160K->323914K(393216K)
[2019-04-15T13:32:23.429+0200][79,262s] GC(266) Metaspace: 67383K->67383K(1112064K)
[2019-04-15T13:32:23.429+0200][79,262s] GC(266) Pause Young (CMS Final Remark) 332M->337M(490M) 37,637ms
[2019-04-15T13:32:23.429+0200][79,262s] GC(266) User=0,11s Sys=0,00s Real=0,04s
[2019-04-15T13:32:23.476+0200][79,310s] GC(263) Pause Remark 332M->337M(490M) 85,154ms
[2019-04-15T13:32:23.476+0200][79,310s] GC(263) User=0,18s Sys=0,00s Real=0,09s
[2019-04-15T13:32:23.477+0200][79,310s] GC(263) Concurrent Sweep
[2019-04-15T13:32:23.560+0200][79,393s] GC(263) Concurrent Sweep 82,993ms
[2019-04-15T13:32:23.560+0200][79,393s] GC(263) User=0,26s Sys=0,00s Real=0,08s
[2019-04-15T13:32:23.560+0200][79,393s] GC(263) Concurrent Reset
[2019-04-15T13:32:23.562+0200][79,396s] GC(263) Concurrent Reset 2,319ms
[2019-04-15T13:32:23.562+0200][79,396s] GC(263) User=0,01s Sys=0,00s Real=0,00s
[2019-04-15T13:32:23.562+0200][79,396s] GC(263) Old: 238392K->323802K(393216K)
[2019-04-15T13:32:23.735+0200][79,569s] GC(267) Pause Young (Allocation Failure)
[2019-04-15T13:32:23.735+0200][79,569s] GC(267) Using 4 workers of 4 for evacuation
[2019-04-15T13:32:23.795+0200][79,628s] GC(267) ParNew: 109073K->21824K(109248K)
[2019-04-15T13:32:23.795+0200][79,628s] GC(267) CMS: 323802K->333514K(393216K)
[2019-04-15T13:32:23.795+0200][79,628s] GC(267) Metaspace: 68791K->68791K(1112064K)
[2019-04-15T13:32:23.795+0200][79,628s] GC(267) Pause Young (Allocation Failure) 422M->347M(490M) 59,808ms
[2019-04-15T13:32:23.795+0200][79,628s] GC(267) User=0,16s Sys=0,00s Real=0,06s
[2019-04-15T13:32:23.804+0200][79,638s] GC(268) Pause Initial Mark
[2019-04-15T13:32:23.810+0200][79,643s] GC(268) Pause Initial Mark 350M->350M(490M) 5,395ms
[2019-04-15T13:32:23.810+0200][79,643s] GC(268) User=0,01s Sys=0,00s Real=0,01s
[2019-04-15T13:32:23.810+0200][79,644s] GC(268) Concurrent Mark
[2019-04-15T13:32:23.810+0200][79,644s] GC(268) Using 4 workers of 4 for marking
[2019-04-15T13:32:23.981+0200][79,815s] GC(268) Concurrent Mark 171,152ms
[2019-04-15T13:32:23.981+0200][79,815s] GC(268) User=0,48s Sys=0,00s Real=0,17s
[2019-04-15T13:32:23.981+0200][79,815s] GC(268) Concurrent Preclean
[2019-04-15T13:32:23.982+0200][79,816s] GC(268) Concurrent Preclean 0,955ms
[2019-04-15T13:32:23.982+0200][79,816s] GC(268) User=0,00s Sys=0,00s Real=0,00s
[2019-04-15T13:32:23.982+0200][79,816s] GC(268) Concurrent Abortable Preclean
[2019-04-15T13:32:24.084+0200][79,918s] GC(269) Pause Young (Allocation Failure)
[2019-04-15T13:32:24.084+0200][79,918s] GC(269) Using 4 workers of 4 for evacuation
[2019-04-15T13:32:24.143+0200][79,977s] GC(269) ParNew: 109248K->21824K(109248K)
[2019-04-15T13:32:24.143+0200][79,977s] GC(269) CMS: 333514K->358320K(393216K)
[2019-04-15T13:32:24.143+0200][79,977s] GC(269) Metaspace: 68791K->68791K(1112064K)
[2019-04-15T13:32:24.143+0200][79,977s] GC(269) Pause Young (Allocation Failure) 432M->371M(490M) 58,674ms
[2019-04-15T13:32:24.143+0200][79,977s] GC(269) User=0,14s Sys=0,01s Real=0,06s
[2019-04-15T13:32:24.185+0200][80,019s] GC(268) Concurrent Abortable Preclean 203,161ms
[2019-04-15T13:32:24.185+0200][80,019s] GC(268) User=0,37s Sys=0,01s Real=0,21s
[2019-04-15T13:32:24.185+0200][80,019s] GC(268) Pause Remark
[2019-04-15T13:32:24.185+0200][80,019s] GC(270) Pause Young (CMS Final Remark)
[2019-04-15T13:32:24.185+0200][80,019s] GC(270) Using 4 workers of 4 for evacuation
[2019-04-15T13:32:24.185+0200][80,019s] GC(270) ParNew: 41772K->41772K(109248K)
[2019-04-15T13:32:24.185+0200][80,019s] GC(270) CMS: 358320K->358320K(393216K)
[2019-04-15T13:32:24.185+0200][80,019s] GC(270) Metaspace: 68791K->68791K(1112064K)
[2019-04-15T13:32:24.185+0200][80,019s] GC(270) Pause Young (CMS Final Remark) 390M->390M(490M) 0,054ms
[2019-04-15T13:32:24.185+0200][80,019s] GC(270) User=0,00s Sys=0,00s Real=0,00s
[2019-04-15T13:32:24.232+0200][80,066s] GC(268) Pause Remark 390M->390M(490M) 46,532ms
[2019-04-15T13:32:24.232+0200][80,066s] GC(268) User=0,09s Sys=0,00s Real=0,04s
[2019-04-15T13:32:24.232+0200][80,066s] GC(268) Concurrent Sweep
[2019-04-15T13:32:24.287+0200][80,121s] GC(268) Concurrent Sweep 55,327ms
[2019-04-15T13:32:24.287+0200][80,121s] GC(268) User=0,11s Sys=0,00s Real=0,06s
[2019-04-15T13:32:24.287+0200][80,121s] GC(268) Concurrent Reset
[2019-04-15T13:32:24.288+0200][80,121s] GC(268) Concurrent Reset 0,325ms
[2019-04-15T13:32:24.288+0200][80,121s] GC(268) User=0,00s Sys=0,00s Real=0,00s
[2019-04-15T13:32:24.288+0200][80,121s] GC(268) Old: 333514K->357390K(393216K)
[2019-04-15T13:32:24.343+0200][80,177s] GC(271) Pause Young (Allocation Failure)
[2019-04-15T13:32:24.343+0200][80,177s] GC(271) Using 4 workers of 4 for evacuation
[2019-04-15T13:32:24.343+0200][80,177s] GC(272) Pause Full (Allocation Failure)
[2019-04-15T13:32:24.343+0200][80,177s] GC(272) Phase 1: Mark live objects
[2019-04-15T13:32:24.487+0200][80,321s] GC(272) Phase 1: Mark live objects 143,661ms
[2019-04-15T13:32:24.487+0200][80,321s] GC(272) Phase 2: Compute new object addresses
[2019-04-15T13:32:24.579+0200][80,413s] GC(272) Phase 2: Compute new object addresses 92,255ms
[2019-04-15T13:32:24.579+0200][80,413s] GC(272) Phase 3: Adjust pointers
[2019-04-15T13:32:24.698+0200][80,532s] GC(272) Phase 3: Adjust pointers 118,827ms
[2019-04-15T13:32:24.698+0200][80,532s] GC(272) Phase 4: Move objects
[2019-04-15T13:32:24.802+0200][80,636s] GC(272) Phase 4: Move objects 103,669ms
[2019-04-15T13:32:24.803+0200][80,636s] GC(272) Pause Full (Allocation Failure) 455M->385M(490M) 459,753ms
[2019-04-15T13:32:24.803+0200][80,636s] GC(271) ParNew: 109248K->1176K(109248K)
[2019-04-15T13:32:24.803+0200][80,636s] GC(271) CMS: 357390K->393212K(393216K)
[2019-04-15T13:32:24.803+0200][80,636s] GC(271) Metaspace: 68791K->68791K(1112064K)
[2019-04-15T13:32:24.803+0200][80,637s] GC(271) Pause Young (Allocation Failure) 455M->385M(490M) 459,888ms
[2019-04-15T13:32:24.803+0200][80,637s] GC(271) User=0,44s Sys=0,02s Real=0,46s
[2019-04-15T13:32:24.805+0200][80,639s] GC(273) Pause Initial Mark
[2019-04-15T13:32:24.806+0200][80,640s] GC(273) Pause Initial Mark 388M->388M(490M) 0,956ms
[2019-04-15T13:32:24.806+0200][80,640s] GC(273) User=0,00s Sys=0,00s Real=0,00s
[2019-04-15T13:32:24.806+0200][80,640s] GC(273) Concurrent Mark
[2019-04-15T13:32:24.806+0200][80,640s] GC(273) Using 4 workers of 4 for marking
[2019-04-15T13:32:24.958+0200][80,792s] GC(273) Concurrent Mark 152,421ms
[2019-04-15T13:32:24.958+0200][80,792s] GC(273) User=0,43s Sys=0,00s Real=0,15s
[2019-04-15T13:32:24.959+0200][80,792s] GC(273) Concurrent Preclean
[2019-04-15T13:32:25.194+0200][81,028s] GC(273) Concurrent Preclean 235,622ms
[2019-04-15T13:32:25.194+0200][81,028s] GC(273) User=0,47s Sys=0,00s Real=0,24s
[2019-04-15T13:32:25.194+0200][81,028s] GC(273) Concurrent Abortable Preclean
[2019-04-15T13:32:25.194+0200][81,028s] GC(273) Concurrent Abortable Preclean 0,009ms
[2019-04-15T13:32:25.194+0200][81,028s] GC(273) User=0,00s Sys=0,00s Real=0,00s
[2019-04-15T13:32:25.194+0200][81,028s] GC(273) Pause Remark
[2019-04-15T13:32:25.194+0200][81,028s] GC(274) Pause Young (CMS Final Remark)
[2019-04-15T13:32:25.194+0200][81,028s] GC(274) Using 4 workers of 4 for evacuation
[2019-04-15T13:32:25.194+0200][81,028s] GC(274) ParNew: 98099K->98099K(109248K)
[2019-04-15T13:32:25.194+0200][81,028s] GC(274) CMS: 393212K->393212K(393216K)
[2019-04-15T13:32:25.194+0200][81,028s] GC(274) Metaspace: 68791K->68791K(1112064K)
[2019-04-15T13:32:25.195+0200][81,028s] GC(274) Pause Young (CMS Final Remark) 479M->479M(490M) 0,086ms
[2019-04-15T13:32:25.195+0200][81,028s] GC(274) User=0,00s Sys=0,00s Real=0,00s
[2019-04-15T13:32:25.315+0200][81,149s] GC(273) Pause Remark 479M->479M(490M) 120,822ms
[2019-04-15T13:32:25.315+0200][81,149s] GC(273) User=0,36s Sys=0,00s Real=0,12s
[2019-04-15T13:32:25.315+0200][81,149s] GC(273) Concurrent Sweep
[2019-04-15T13:32:25.378+0200][81,212s] GC(273) Concurrent Sweep 62,745ms
[2019-04-15T13:32:25.378+0200][81,212s] GC(273) User=0,12s Sys=0,00s Real=0,06s
[2019-04-15T13:32:25.378+0200][81,212s] GC(273) Concurrent Reset
[2019-04-15T13:32:25.378+0200][81,212s] GC(273) Concurrent Reset 0,298ms
[2019-04-15T13:32:25.378+0200][81,212s] GC(273) User=0,00s Sys=0,00s Real=0,00s
[2019-04-15T13:32:25.378+0200][81,212s] GC(273) Old: 393212K->393198K(393216K)
[2019-04-15T13:32:25.452+0200][81,286s] GC(275) Pause Young (Allocation Failure)
[2019-04-15T13:32:25.452+0200][81,286s] GC(275) Using 4 workers of 4 for evacuation
[2019-04-15T13:32:25.452+0200][81,286s] GC(276) Pause Full (Allocation Failure)
[2019-04-15T13:32:25.452+0200][81,286s] GC(276) Phase 1: Mark live objects
[2019-04-15T13:32:25.603+0200][81,437s] GC(276) Phase 1: Mark live objects 151,039ms
[2019-04-15T13:32:25.603+0200][81,437s] GC(276) Phase 2: Compute new object addresses
[2019-04-15T13:32:25.705+0200][81,539s] GC(276) Phase 2: Compute new object addresses 101,775ms
[2019-04-15T13:32:25.705+0200][81,539s] GC(276) Phase 3: Adjust pointers
[2019-04-15T13:32:25.819+0200][81,652s] GC(276) Phase 3: Adjust pointers 113,261ms
[2019-04-15T13:32:25.819+0200][81,652s] GC(276) Phase 4: Move objects
[2019-04-15T13:32:25.914+0200][81,748s] GC(276) Phase 4: Move objects 95,721ms
[2019-04-15T13:32:25.915+0200][81,749s] GC(276) Pause Full (Allocation Failure) 490M->377M(490M) 463,088ms
[2019-04-15T13:32:25.915+0200][81,749s] GC(275) ParNew: 109248K->0K(109248K)
[2019-04-15T13:32:25.915+0200][81,749s] GC(275) CMS: 393198K->386083K(393216K)
[2019-04-15T13:32:25.915+0200][81,749s] GC(275) Metaspace: 68799K->68799K(1112064K)
[2019-04-15T13:32:25.915+0200][81,749s] GC(275) Pause Young (Allocation Failure) 490M->377M(490M) 463,375ms
[2019-04-15T13:32:25.915+0200][81,749s] GC(275) User=0,50s Sys=0,00s Real=0,47s
[2019-04-15T13:32:25.916+0200][81,750s] GC(277) Pause Initial Mark
[2019-04-15T13:32:25.917+0200][81,751s] GC(277) Pause Initial Mark 378M->378M(490M) 0,460ms
[2019-04-15T13:32:25.917+0200][81,751s] GC(277) User=0,00s Sys=0,00s Real=0,00s
[2019-04-15T13:32:25.917+0200][81,751s] GC(277) Concurrent Mark
[2019-04-15T13:32:25.917+0200][81,751s] GC(277) Using 4 workers of 4 for marking
[2019-04-15T13:32:26.158+0200][81,991s] GC(277) Concurrent Mark 240,738ms
[2019-04-15T13:32:26.158+0200][81,992s] GC(277) User=0,80s Sys=0,00s Real=0,24s
[2019-04-15T13:32:26.158+0200][81,992s] GC(277) Concurrent Preclean
[2019-04-15T13:32:26.160+0200][81,994s] GC(277) Concurrent Preclean 2,129ms
[2019-04-15T13:32:26.160+0200][81,994s] GC(277) User=0,01s Sys=0,00s Real=0,00s
[2019-04-15T13:32:26.160+0200][81,994s] GC(277) Concurrent Abortable Preclean
[2019-04-15T13:32:26.160+0200][81,994s] GC(277) Concurrent Abortable Preclean 0,013ms
[2019-04-15T13:32:26.160+0200][81,994s] GC(277) User=0,00s Sys=0,00s Real=0,00s
[2019-04-15T13:32:26.163+0200][81,997s] GC(277) Pause Remark
[2019-04-15T13:32:26.163+0200][81,997s] GC(278) Pause Young (CMS Final Remark)
[2019-04-15T13:32:26.163+0200][81,997s] GC(278) Using 4 workers of 4 for evacuation
[2019-04-15T13:32:26.163+0200][81,997s] GC(278) ParNew: 66788K->66788K(109248K)
[2019-04-15T13:32:26.163+0200][81,997s] GC(278) CMS: 386083K->386083K(393216K)
[2019-04-15T13:32:26.163+0200][81,997s] GC(278) Metaspace: 68441K->68441K(1112064K)
[2019-04-15T13:32:26.163+0200][81,997s] GC(278) Pause Young (CMS Final Remark) 442M->442M(490M) 0,081ms
[2019-04-15T13:32:26.163+0200][81,997s] GC(278) User=0,00s Sys=0,00s Real=0,00s
[2019-04-15T13:32:26.246+0200][82,080s] GC(277) Pause Remark 442M->442M(490M) 82,971ms
[2019-04-15T13:32:26.246+0200][82,080s] GC(277) User=0,21s Sys=0,00s Real=0,09s
[2019-04-15T13:32:26.246+0200][82,080s] GC(277) Concurrent Sweep
[2019-04-15T13:32:26.408+0200][82,241s] GC(279) Pause Full (Allocation Failure)
[2019-04-15T13:32:26.415+0200][82,249s] GC(277) Concurrent Sweep 169,082ms
[2019-04-15T13:32:26.415+0200][82,249s] GC(277) User=0,46s Sys=0,01s Real=0,17s
[2019-04-15T13:32:26.416+0200][82,249s] GC(279) Phase 1: Mark live objects
[2019-04-15T13:32:26.544+0200][82,378s] GC(279) Phase 1: Mark live objects 128,861ms
[2019-04-15T13:32:26.544+0200][82,378s] GC(279) Phase 2: Compute new object addresses
[2019-04-15T13:32:26.644+0200][82,478s] GC(279) Phase 2: Compute new object addresses 99,847ms
[2019-04-15T13:32:26.644+0200][82,478s] GC(279) Phase 3: Adjust pointers
[2019-04-15T13:32:26.753+0200][82,587s] GC(279) Phase 3: Adjust pointers 108,511ms
[2019-04-15T13:32:26.753+0200][82,587s] GC(279) Phase 4: Move objects
[2019-04-15T13:32:26.823+0200][82,657s] GC(279) Phase 4: Move objects 70,252ms
[2019-04-15T13:32:26.824+0200][82,658s] GC(279) ParNew: 87424K->0K(109248K)
[2019-04-15T13:32:26.824+0200][82,658s] GC(279) CMS: 393168K->387244K(393216K)
[2019-04-15T13:32:26.824+0200][82,658s] GC(279) Metaspace: 68441K->68441K(1112064K)
[2019-04-15T13:32:26.824+0200][82,658s] GC(279) Pause Full (Allocation Failure) 469M->378M(490M) 416,254ms
[2019-04-15T13:32:26.824+0200][82,658s] GC(279) User=0,48s Sys=0,01s Real=0,41s
[2019-04-15T13:32:26.824+0200][82,658s] GC(277) Old: 386083K->387244K(393216K)
[2019-04-15T13:32:26.889+0200][82,723s] GC(280) Pause Young (Allocation Failure)
[2019-04-15T13:32:26.889+0200][82,723s] GC(280) Using 4 workers of 4 for evacuation
[2019-04-15T13:32:26.889+0200][82,723s] GC(281) Pause Full (Allocation Failure)
[2019-04-15T13:32:26.890+0200][82,723s] GC(281) Phase 1: Mark live objects
[2019-04-15T13:32:27.024+0200][82,858s] GC(281) Phase 1: Mark live objects 134,362ms
[2019-04-15T13:32:27.024+0200][82,858s] GC(281) Phase 2: Compute new object addresses
[2019-04-15T13:32:27.125+0200][82,959s] GC(281) Phase 2: Compute new object addresses 100,781ms
[2019-04-15T13:32:27.125+0200][82,959s] GC(281) Phase 3: Adjust pointers
[2019-04-15T13:32:27.228+0200][83,062s] GC(281) Phase 3: Adjust pointers 103,394ms
[2019-04-15T13:32:27.228+0200][83,062s] GC(281) Phase 4: Move objects
[2019-04-15T13:32:27.229+0200][83,062s] GC(281) Phase 4: Move objects 0,436ms
[2019-04-15T13:32:27.229+0200][83,063s] GC(281) Pause Full (Allocation Failure) 463M->378M(490M) 340,199ms
[2019-04-15T13:32:27.229+0200][83,063s] GC(280) ParNew: 87424K->0K(109248K)
[2019-04-15T13:32:27.229+0200][83,063s] GC(280) CMS: 387244K->387314K(393216K)
[2019-04-15T13:32:27.229+0200][83,063s] GC(280) Metaspace: 68441K->68441K(1112064K)
[2019-04-15T13:32:27.229+0200][83,063s] GC(280) Pause Young (Allocation Failure) 463M->378M(490M) 340,341ms
[2019-04-15T13:32:27.229+0200][83,063s] GC(280) User=0,34s Sys=0,00s Real=0,34s
[2019-04-15T13:32:27.230+0200][83,064s] GC(282) Pause Initial Mark
[2019-04-15T13:32:27.231+0200][83,064s] GC(282) Pause Initial Mark 379M->379M(490M) 0,465ms
[2019-04-15T13:32:27.231+0200][83,064s] GC(282) User=0,00s Sys=0,00s Real=0,00s
[2019-04-15T13:32:27.231+0200][83,064s] GC(282) Concurrent Mark
[2019-04-15T13:32:27.231+0200][83,064s] GC(282) Using 4 workers of 4 for marking
[2019-04-15T13:32:27.353+0200][83,187s] GC(282) Concurrent Mark 122,308ms
[2019-04-15T13:32:27.353+0200][83,187s] GC(282) User=0,42s Sys=0,00s Real=0,13s
[2019-04-15T13:32:27.353+0200][83,187s] GC(282) Concurrent Preclean
[2019-04-15T13:32:27.354+0200][83,188s] GC(282) Concurrent Preclean 0,919ms
[2019-04-15T13:32:27.354+0200][83,188s] GC(282) User=0,00s Sys=0,00s Real=0,00s
[2019-04-15T13:32:27.354+0200][83,188s] GC(282) Concurrent Abortable Preclean
[2019-04-15T13:32:27.354+0200][83,188s] GC(282) Concurrent Abortable Preclean 0,009ms
[2019-04-15T13:32:27.354+0200][83,188s] GC(282) User=0,00s Sys=0,00s Real=0,00s
[2019-04-15T13:32:27.354+0200][83,188s] GC(282) Pause Remark
[2019-04-15T13:32:27.354+0200][83,188s] GC(283) Pause Young (CMS Final Remark)
[2019-04-15T13:32:27.354+0200][83,188s] GC(283) Using 4 workers of 4 for evacuation
[2019-04-15T13:32:27.354+0200][83,188s] GC(283) ParNew: 56564K->56564K(109248K)
[2019-04-15T13:32:27.354+0200][83,188s] GC(283) CMS: 387314K->387314K(393216K)
[2019-04-15T13:32:27.354+0200][83,188s] GC(283) Metaspace: 68441K->68441K(1112064K)
[2019-04-15T13:32:27.354+0200][83,188s] GC(283) Pause Young (CMS Final Remark) 433M->433M(490M) 0,067ms
[2019-04-15T13:32:27.354+0200][83,188s] GC(283) User=0,00s Sys=0,00s Real=0,00s
[2019-04-15T13:32:27.417+0200][83,251s] GC(282) Pause Remark 433M->433M(490M) 63,195ms
[2019-04-15T13:32:27.417+0200][83,251s] GC(282) User=0,14s Sys=0,00s Real=0,06s
[2019-04-15T13:32:27.417+0200][83,251s] GC(282) Concurrent Sweep
[2019-04-15T13:32:27.567+0200][83,401s] GC(282) Concurrent Sweep 149,401ms
[2019-04-15T13:32:27.567+0200][83,401s] GC(282) User=0,38s Sys=0,00s Real=0,15s
[2019-04-15T13:32:27.567+0200][83,401s] GC(284) Pause Young (Allocation Failure)
[2019-04-15T13:32:27.567+0200][83,401s] GC(284) Using 4 workers of 4 for evacuation
[2019-04-15T13:32:27.567+0200][83,401s] GC(285) Pause Full (Allocation Failure)
[2019-04-15T13:32:27.568+0200][83,401s] GC(285) Phase 1: Mark live objects
[2019-04-15T13:32:27.693+0200][83,526s] GC(285) Phase 1: Mark live objects 125,058ms
[2019-04-15T13:32:27.693+0200][83,526s] GC(285) Phase 2: Compute new object addresses
[2019-04-15T13:32:27.789+0200][83,623s] GC(285) Phase 2: Compute new object addresses 96,452ms
[2019-04-15T13:32:27.789+0200][83,623s] GC(285) Phase 3: Adjust pointers
[2019-04-15T13:32:27.898+0200][83,732s] GC(285) Phase 3: Adjust pointers 108,960ms
[2019-04-15T13:32:27.898+0200][83,732s] GC(285) Phase 4: Move objects
[2019-04-15T13:32:27.971+0200][83,805s] GC(285) Phase 4: Move objects 72,832ms
[2019-04-15T13:32:27.972+0200][83,806s] GC(285) Pause Full (Allocation Failure) 467M->378M(490M) 404,678ms
[2019-04-15T13:32:27.972+0200][83,806s] GC(284) ParNew: 87424K->0K(109248K)
[2019-04-15T13:32:27.972+0200][83,806s] GC(284) CMS: 391202K->387545K(393216K)
[2019-04-15T13:32:27.972+0200][83,806s] GC(284) Metaspace: 68441K->68441K(1112064K)
[2019-04-15T13:32:27.972+0200][83,806s] GC(284) Pause Young (Allocation Failure) 467M->378M(490M) 404,818ms
[2019-04-15T13:32:27.972+0200][83,806s] GC(284) User=0,41s Sys=0,00s Real=0,40s
[2019-04-15T13:32:27.972+0200][83,806s] GC(282) Old: 387314K->387545K(393216K)
[2019-04-15T13:32:28.085+0200][83,918s] GC(286) Pause Young (Allocation Failure)
[2019-04-15T13:32:28.085+0200][83,918s] GC(286) Using 4 workers of 4 for evacuation
[2019-04-15T13:32:28.085+0200][83,918s] GC(287) Pause Full (Allocation Failure)
[2019-04-15T13:32:28.085+0200][83,919s] GC(287) Phase 1: Mark live objects
[2019-04-15T13:32:28.210+0200][84,043s] GC(287) Phase 1: Mark live objects 124,607ms
[2019-04-15T13:32:28.210+0200][84,043s] GC(287) Phase 2: Compute new object addresses
[2019-04-15T13:32:28.305+0200][84,139s] GC(287) Phase 2: Compute new object addresses 95,307ms
[2019-04-15T13:32:28.305+0200][84,139s] GC(287) Phase 3: Adjust pointers
[2019-04-15T13:32:28.415+0200][84,249s] GC(287) Phase 3: Adjust pointers 109,827ms
[2019-04-15T13:32:28.415+0200][84,249s] GC(287) Phase 4: Move objects
[2019-04-15T13:32:28.489+0200][84,322s] GC(287) Phase 4: Move objects 73,678ms
[2019-04-15T13:32:28.489+0200][84,323s] GC(287) Pause Full (Allocation Failure) 463M->378M(490M) 404,585ms
[2019-04-15T13:32:28.489+0200][84,323s] GC(286) ParNew: 87424K->0K(109248K)
[2019-04-15T13:32:28.489+0200][84,323s] GC(286) CMS: 387545K->387998K(393216K)
[2019-04-15T13:32:28.489+0200][84,323s] GC(286) Metaspace: 68442K->68442K(1112064K)
[2019-04-15T13:32:28.489+0200][84,323s] GC(286) Pause Young (Allocation Failure) 463M->378M(490M) 404,725ms
[2019-04-15T13:32:28.489+0200][84,323s] GC(286) User=0,41s Sys=0,00s Real=0,41s
[2019-04-15T13:32:28.490+0200][84,323s] GC(288) Pause Initial Mark
[2019-04-15T13:32:28.490+0200][84,324s] GC(288) Pause Initial Mark 380M->380M(490M) 0,541ms
[2019-04-15T13:32:28.490+0200][84,324s] GC(288) User=0,00s Sys=0,00s Real=0,00s
[2019-04-15T13:32:28.490+0200][84,324s] GC(288) Concurrent Mark
[2019-04-15T13:32:28.490+0200][84,324s] GC(288) Using 4 workers of 4 for marking
[2019-04-15T13:32:28.641+0200][84,475s] GC(288) Concurrent Mark 150,668ms
[2019-04-15T13:32:28.641+0200][84,475s] GC(288) User=0,42s Sys=0,01s Real=0,15s
[2019-04-15T13:32:28.641+0200][84,475s] GC(288) Concurrent Preclean
[2019-04-15T13:32:28.642+0200][84,476s] GC(288) Concurrent Preclean 1,387ms
[2019-04-15T13:32:28.643+0200][84,476s] GC(288) User=0,00s Sys=0,00s Real=0,00s
[2019-04-15T13:32:28.643+0200][84,476s] GC(288) Concurrent Abortable Preclean
[2019-04-15T13:32:28.643+0200][84,476s] GC(288) Concurrent Abortable Preclean 0,012ms
[2019-04-15T13:32:28.643+0200][84,476s] GC(288) User=0,00s Sys=0,00s Real=0,00s
[2019-04-15T13:32:28.643+0200][84,476s] GC(288) Pause Remark
[2019-04-15T13:32:28.643+0200][84,476s] GC(289) Pause Young (CMS Final Remark)
[2019-04-15T13:32:28.643+0200][84,477s] GC(289) Using 4 workers of 4 for evacuation
[2019-04-15T13:32:28.643+0200][84,477s] GC(289) ParNew: 63936K->63936K(109248K)
[2019-04-15T13:32:28.643+0200][84,477s] GC(289) CMS: 387998K->387998K(393216K)
[2019-04-15T13:32:28.643+0200][84,477s] GC(289) Metaspace: 68442K->68442K(1112064K)
[2019-04-15T13:32:28.643+0200][84,477s] GC(289) Pause Young (CMS Final Remark) 441M->441M(490M) 0,079ms
[2019-04-15T13:32:28.643+0200][84,477s] GC(289) User=0,00s Sys=0,00s Real=0,00s
[2019-04-15T13:32:28.708+0200][84,542s] GC(288) Pause Remark 441M->441M(490M) 65,616ms
[2019-04-15T13:32:28.708+0200][84,542s] GC(288) User=0,15s Sys=0,00s Real=0,07s
[2019-04-15T13:32:28.708+0200][84,542s] GC(288) Concurrent Sweep
[2019-04-15T13:32:28.814+0200][84,648s] GC(290) Pause Full (Allocation Failure)
[2019-04-15T13:32:28.836+0200][84,670s] GC(288) Concurrent Sweep 127,741ms
[2019-04-15T13:32:28.836+0200][84,670s] GC(288) User=0,23s Sys=0,00s Real=0,13s
[2019-04-15T13:32:28.836+0200][84,670s] GC(290) Phase 1: Mark live objects
[2019-04-15T13:32:28.965+0200][84,799s] GC(290) Phase 1: Mark live objects 129,176ms
[2019-04-15T13:32:28.966+0200][84,799s] GC(290) Phase 2: Compute new object addresses
[2019-04-15T13:32:29.067+0200][84,901s] GC(290) Phase 2: Compute new object addresses 101,584ms
[2019-04-15T13:32:29.067+0200][84,901s] GC(290) Phase 3: Adjust pointers
[2019-04-15T13:32:29.175+0200][85,009s] GC(290) Phase 3: Adjust pointers 108,201ms
[2019-04-15T13:32:29.175+0200][85,009s] GC(290) Phase 4: Move objects
[2019-04-15T13:32:29.241+0200][85,074s] GC(290) Phase 4: Move objects 65,164ms
[2019-04-15T13:32:29.241+0200][85,075s] GC(290) ParNew: 87424K->0K(109248K)
[2019-04-15T13:32:29.241+0200][85,075s] GC(290) CMS: 393215K->388406K(393216K)
[2019-04-15T13:32:29.241+0200][85,075s] GC(290) Metaspace: 68442K->68442K(1112064K)
[2019-04-15T13:32:29.241+0200][85,075s] GC(290) Pause Full (Allocation Failure) 469M->379M(490M) 427,099ms
[2019-04-15T13:32:29.241+0200][85,075s] GC(290) User=0,42s Sys=0,00s Real=0,42s
[2019-04-15T13:32:29.241+0200][85,075s] GC(288) Old: 387998K->388406K(393216K)
[2019-04-15T13:32:29.305+0200][85,139s] GC(291) Pause Young (Allocation Failure)
[2019-04-15T13:32:29.305+0200][85,139s] GC(291) Using 4 workers of 4 for evacuation
[2019-04-15T13:32:29.305+0200][85,139s] GC(292) Pause Full (Allocation Failure)
[2019-04-15T13:32:29.306+0200][85,140s] GC(292) Phase 1: Mark live objects
[2019-04-15T13:32:29.437+0200][85,271s] GC(292) Phase 1: Mark live objects 131,425ms
[2019-04-15T13:32:29.437+0200][85,271s] GC(292) Phase 2: Compute new object addresses
[2019-04-15T13:32:29.532+0200][85,366s] GC(292) Phase 2: Compute new object addresses 94,564ms
[2019-04-15T13:32:29.532+0200][85,366s] GC(292) Phase 3: Adjust pointers
[2019-04-15T13:32:29.639+0200][85,473s] GC(292) Phase 3: Adjust pointers 107,129ms
[2019-04-15T13:32:29.639+0200][85,473s] GC(292) Phase 4: Move objects
[2019-04-15T13:32:29.720+0200][85,554s] GC(292) Phase 4: Move objects 81,121ms
[2019-04-15T13:32:29.721+0200][85,555s] GC(292) Pause Full (Allocation Failure) 464M->379M(490M) 415,802ms
[2019-04-15T13:32:29.721+0200][85,555s] GC(291) ParNew: 87424K->0K(109248K)
[2019-04-15T13:32:29.721+0200][85,555s] GC(291) CMS: 388406K->388633K(393216K)
[2019-04-15T13:32:29.721+0200][85,555s] GC(291) Metaspace: 68442K->68442K(1112064K)
[2019-04-15T13:32:29.721+0200][85,555s] GC(291) Pause Young (Allocation Failure) 464M->379M(490M) 415,953ms
[2019-04-15T13:32:29.721+0200][85,555s] GC(291) User=0,41s Sys=0,00s Real=0,41s
[2019-04-15T13:32:29.722+0200][85,556s] GC(293) Pause Initial Mark
[2019-04-15T13:32:29.722+0200][85,556s] GC(293) Pause Initial Mark 380M->380M(490M) 0,647ms
[2019-04-15T13:32:29.722+0200][85,556s] GC(293) User=0,00s Sys=0,00s Real=0,00s
[2019-04-15T13:32:29.723+0200][85,556s] GC(293) Concurrent Mark
[2019-04-15T13:32:29.723+0200][85,556s] GC(293) Using 4 workers of 4 for marking
[2019-04-15T13:32:29.873+0200][85,707s] GC(293) Concurrent Mark 150,434ms
[2019-04-15T13:32:29.873+0200][85,707s] GC(293) User=0,43s Sys=0,00s Real=0,16s
[2019-04-15T13:32:29.873+0200][85,707s] GC(293) Concurrent Preclean
[2019-04-15T13:32:29.874+0200][85,708s] GC(293) Concurrent Preclean 1,453ms
[2019-04-15T13:32:29.874+0200][85,708s] GC(293) User=0,00s Sys=0,00s Real=0,00s
[2019-04-15T13:32:29.875+0200][85,708s] GC(293) Concurrent Abortable Preclean
[2019-04-15T13:32:29.875+0200][85,708s] GC(293) Concurrent Abortable Preclean 0,012ms
[2019-04-15T13:32:29.875+0200][85,708s] GC(293) User=0,00s Sys=0,00s Real=0,00s
[2019-04-15T13:32:29.875+0200][85,708s] GC(293) Pause Remark
[2019-04-15T13:32:29.875+0200][85,708s] GC(294) Pause Young (CMS Final Remark)
[2019-04-15T13:32:29.875+0200][85,708s] GC(294) Using 4 workers of 4 for evacuation
[2019-04-15T13:32:29.875+0200][85,708s] GC(294) ParNew: 69389K->69389K(109248K)
[2019-04-15T13:32:29.875+0200][85,708s] GC(294) CMS: 388633K->388633K(393216K)
[2019-04-15T13:32:29.875+0200][85,708s] GC(294) Metaspace: 68442K->68442K(1112064K)
[2019-04-15T13:32:29.875+0200][85,708s] GC(294) Pause Young (CMS Final Remark) 447M->447M(490M) 0,055ms
[2019-04-15T13:32:29.875+0200][85,708s] GC(294) User=0,00s Sys=0,00s Real=0,00s
[2019-04-15T13:32:29.944+0200][85,778s] GC(293) Pause Remark 447M->447M(490M) 69,397ms
[2019-04-15T13:32:29.944+0200][85,778s] GC(293) User=0,16s Sys=0,00s Real=0,06s
[2019-04-15T13:32:29.944+0200][85,778s] GC(293) Concurrent Sweep
[2019-04-15T13:32:30.066+0200][85,900s] GC(295) Pause Full (Allocation Failure)
[2019-04-15T13:32:30.069+0200][85,903s] GC(293) Concurrent Sweep 125,010ms
[2019-04-15T13:32:30.069+0200][85,903s] GC(293) User=0,24s Sys=0,00s Real=0,13s
[2019-04-15T13:32:30.069+0200][85,903s] GC(295) Phase 1: Mark live objects
[2019-04-15T13:32:30.197+0200][86,031s] GC(295) Phase 1: Mark live objects 127,965ms
[2019-04-15T13:32:30.197+0200][86,031s] GC(295) Phase 2: Compute new object addresses
[2019-04-15T13:32:30.295+0200][86,128s] GC(295) Phase 2: Compute new object addresses 97,483ms
[2019-04-15T13:32:30.295+0200][86,129s] GC(295) Phase 3: Adjust pointers
[2019-04-15T13:32:30.405+0200][86,239s] GC(295) Phase 3: Adjust pointers 110,150ms
[2019-04-15T13:32:30.405+0200][86,239s] GC(295) Phase 4: Move objects
[2019-04-15T13:32:30.471+0200][86,305s] GC(295) Phase 4: Move objects 66,510ms
[2019-04-15T13:32:30.472+0200][86,306s] GC(295) ParNew: 87424K->0K(109248K)
[2019-04-15T13:32:30.472+0200][86,306s] GC(295) CMS: 393215K->389174K(393216K)
[2019-04-15T13:32:30.472+0200][86,306s] GC(295) Metaspace: 68442K->68442K(1112064K)
[2019-04-15T13:32:30.472+0200][86,306s] GC(295) Pause Full (Allocation Failure) 469M->380M(490M) 406,258ms
[2019-04-15T13:32:30.472+0200][86,306s] GC(295) User=0,40s Sys=0,00s Real=0,40s
[2019-04-15T13:32:30.472+0200][86,306s] GC(293) Old: 388633K->389174K(393216K)
[2019-04-15T13:32:30.544+0200][86,378s] GC(296) Pause Young (Allocation Failure)
[2019-04-15T13:32:30.544+0200][86,378s] GC(296) Using 4 workers of 4 for evacuation
[2019-04-15T13:32:30.544+0200][86,378s] GC(297) Pause Full (Allocation Failure)
[2019-04-15T13:32:30.545+0200][86,378s] GC(297) Phase 1: Mark live objects
[2019-04-15T13:32:30.670+0200][86,504s] GC(297) Phase 1: Mark live objects 125,554ms
[2019-04-15T13:32:30.670+0200][86,504s] GC(297) Phase 2: Compute new object addresses
[2019-04-15T13:32:30.769+0200][86,603s] GC(297) Phase 2: Compute new object addresses 98,885ms
[2019-04-15T13:32:30.769+0200][86,603s] GC(297) Phase 3: Adjust pointers
[2019-04-15T13:32:30.869+0200][86,703s] GC(297) Phase 3: Adjust pointers 99,853ms
[2019-04-15T13:32:30.869+0200][86,703s] GC(297) Phase 4: Move objects
[2019-04-15T13:32:30.870+0200][86,703s] GC(297) Phase 4: Move objects 0,598ms
[2019-04-15T13:32:30.870+0200][86,704s] GC(297) Pause Full (Allocation Failure) 465M->379M(490M) 325,937ms
[2019-04-15T13:32:30.870+0200][86,704s] GC(296) ParNew: 87424K->0K(109248K)
[2019-04-15T13:32:30.870+0200][86,704s] GC(296) CMS: 389174K->388655K(393216K)
[2019-04-15T13:32:30.870+0200][86,704s] GC(296) Metaspace: 68442K->68442K(1112064K)
[2019-04-15T13:32:30.870+0200][86,704s] GC(296) Pause Young (Allocation Failure) 465M->379M(490M) 326,051ms
[2019-04-15T13:32:30.870+0200][86,704s] GC(296) User=0,32s Sys=0,00s Real=0,33s
[2019-04-15T13:32:30.873+0200][86,707s] GC(298) Pause Initial Mark
[2019-04-15T13:32:30.874+0200][86,708s] GC(298) Pause Initial Mark 383M->383M(490M) 1,039ms
[2019-04-15T13:32:30.874+0200][86,708s] GC(298) User=0,00s Sys=0,00s Real=0,00s
[2019-04-15T13:32:30.874+0200][86,708s] GC(298) Concurrent Mark
[2019-04-15T13:32:30.874+0200][86,708s] GC(298) Using 4 workers of 4 for marking
[2019-04-15T13:32:31.006+0200][86,840s] GC(298) Concurrent Mark 132,131ms
[2019-04-15T13:32:31.006+0200][86,840s] GC(298) User=0,45s Sys=0,00s Real=0,13s
[2019-04-15T13:32:31.006+0200][86,840s] GC(298) Concurrent Preclean
[2019-04-15T13:32:31.008+0200][86,841s] GC(298) Concurrent Preclean 1,367ms
[2019-04-15T13:32:31.008+0200][86,841s] GC(298) User=0,00s Sys=0,00s Real=0,00s
[2019-04-15T13:32:31.008+0200][86,841s] GC(298) Concurrent Abortable Preclean
[2019-04-15T13:32:31.008+0200][86,841s] GC(298) Concurrent Abortable Preclean 0,011ms
[2019-04-15T13:32:31.008+0200][86,841s] GC(298) User=0,00s Sys=0,00s Real=0,00s
[2019-04-15T13:32:31.008+0200][86,842s] GC(298) Pause Remark
[2019-04-15T13:32:31.008+0200][86,842s] GC(299) Pause Young (CMS Final Remark)
[2019-04-15T13:32:31.008+0200][86,842s] GC(299) Using 4 workers of 4 for evacuation
[2019-04-15T13:32:31.008+0200][86,842s] GC(299) ParNew: 81158K->81158K(109248K)
[2019-04-15T13:32:31.008+0200][86,842s] GC(299) CMS: 388655K->388655K(393216K)
[2019-04-15T13:32:31.008+0200][86,842s] GC(299) Metaspace: 68442K->68442K(1112064K)
[2019-04-15T13:32:31.008+0200][86,842s] GC(299) Pause Young (CMS Final Remark) 458M->458M(490M) 0,081ms
[2019-04-15T13:32:31.008+0200][86,842s] GC(299) User=0,00s Sys=0,00s Real=0,00s
[2019-04-15T13:32:31.079+0200][86,912s] GC(298) Pause Remark 458M->458M(490M) 70,829ms
[2019-04-15T13:32:31.079+0200][86,912s] GC(298) User=0,16s Sys=0,00s Real=0,07s
[2019-04-15T13:32:31.079+0200][86,912s] GC(298) Concurrent Sweep
[2019-04-15T13:32:31.157+0200][86,991s] GC(300) Pause Full (Allocation Failure)
[2019-04-15T13:32:31.212+0200][87,045s] GC(298) Concurrent Sweep 132,779ms
[2019-04-15T13:32:31.212+0200][87,045s] GC(298) User=0,21s Sys=0,00s Real=0,13s
[2019-04-15T13:32:31.212+0200][87,045s] GC(300) Phase 1: Mark live objects
[2019-04-15T13:32:31.338+0200][87,172s] GC(300) Phase 1: Mark live objects 126,674ms
[2019-04-15T13:32:31.338+0200][87,172s] GC(300) Phase 2: Compute new object addresses
[2019-04-15T13:32:31.436+0200][87,270s] GC(300) Phase 2: Compute new object addresses 97,476ms
[2019-04-15T13:32:31.436+0200][87,270s] GC(300) Phase 3: Adjust pointers
[2019-04-15T13:32:31.544+0200][87,378s] GC(300) Phase 3: Adjust pointers 108,190ms
[2019-04-15T13:32:31.544+0200][87,378s] GC(300) Phase 4: Move objects
[2019-04-15T13:32:31.605+0200][87,439s] GC(300) Phase 4: Move objects 60,676ms
[2019-04-15T13:32:31.606+0200][87,440s] GC(300) ParNew: 87424K->0K(109248K)
[2019-04-15T13:32:31.606+0200][87,440s] GC(300) CMS: 393215K->389251K(393216K)
[2019-04-15T13:32:31.606+0200][87,440s] GC(300) Metaspace: 68442K->68442K(1112064K)
[2019-04-15T13:32:31.606+0200][87,440s] GC(300) Pause Full (Allocation Failure) 469M->380M(490M) 448,784ms
[2019-04-15T13:32:31.606+0200][87,440s] GC(300) User=0,45s Sys=0,01s Real=0,45s
[2019-04-15T13:32:31.606+0200][87,440s] GC(298) Old: 388655K->389251K(393216K)
[2019-04-15T13:32:31.674+0200][87,508s] GC(301) Pause Young (Allocation Failure)
[2019-04-15T13:32:31.674+0200][87,508s] GC(301) Using 4 workers of 4 for evacuation
[2019-04-15T13:32:31.674+0200][87,508s] GC(302) Pause Full (Allocation Failure)
[2019-04-15T13:32:31.674+0200][87,508s] GC(302) Phase 1: Mark live objects
[2019-04-15T13:32:31.799+0200][87,633s] GC(302) Phase 1: Mark live objects 124,789ms
[2019-04-15T13:32:31.799+0200][87,633s] GC(302) Phase 2: Compute new object addresses
[2019-04-15T13:32:31.899+0200][87,733s] GC(302) Phase 2: Compute new object addresses 100,009ms
[2019-04-15T13:32:31.899+0200][87,733s] GC(302) Phase 3: Adjust pointers
[2019-04-15T13:32:32.000+0200][87,833s] GC(302) Phase 3: Adjust pointers 100,251ms
[2019-04-15T13:32:32.000+0200][87,833s] GC(302) Phase 4: Move objects
[2019-04-15T13:32:32.002+0200][87,835s] GC(302) Phase 4: Move objects 2,001ms
[2019-04-15T13:32:32.002+0200][87,836s] GC(302) Pause Full (Allocation Failure) 465M->380M(490M) 328,132ms
[2019-04-15T13:32:32.002+0200][87,836s] GC(301) ParNew: 87424K->0K(109248K)
[2019-04-15T13:32:32.002+0200][87,836s] GC(301) CMS: 389251K->389573K(393216K)
[2019-04-15T13:32:32.002+0200][87,836s] GC(301) Metaspace: 68442K->68442K(1112064K)
[2019-04-15T13:32:32.002+0200][87,836s] GC(301) Pause Young (Allocation Failure) 465M->380M(490M) 328,252ms
[2019-04-15T13:32:32.002+0200][87,836s] GC(301) User=0,33s Sys=0,00s Real=0,32s
[2019-04-15T13:32:32.003+0200][87,837s] GC(303) Pause Initial Mark
[2019-04-15T13:32:32.003+0200][87,837s] GC(303) Pause Initial Mark 381M->381M(490M) 0,502ms
[2019-04-15T13:32:32.003+0200][87,837s] GC(303) User=0,00s Sys=0,00s Real=0,00s
[2019-04-15T13:32:32.003+0200][87,837s] GC(303) Concurrent Mark
[2019-04-15T13:32:32.003+0200][87,837s] GC(303) Using 4 workers of 4 for marking
[2019-04-15T13:32:32.148+0200][87,982s] GC(303) Concurrent Mark 144,848ms
[2019-04-15T13:32:32.148+0200][87,982s] GC(303) User=0,50s Sys=0,00s Real=0,15s
[2019-04-15T13:32:32.148+0200][87,982s] GC(303) Concurrent Preclean
[2019-04-15T13:32:32.150+0200][87,984s] GC(303) Concurrent Preclean 1,491ms
[2019-04-15T13:32:32.150+0200][87,984s] GC(303) User=0,00s Sys=0,00s Real=0,00s
[2019-04-15T13:32:32.150+0200][87,984s] GC(303) Concurrent Abortable Preclean
[2019-04-15T13:32:32.150+0200][87,984s] GC(303) Concurrent Abortable Preclean 0,011ms
[2019-04-15T13:32:32.150+0200][87,984s] GC(303) User=0,00s Sys=0,00s Real=0,00s
[2019-04-15T13:32:32.150+0200][87,984s] GC(303) Pause Remark
[2019-04-15T13:32:32.150+0200][87,984s] GC(304) Pause Young (CMS Final Remark)
[2019-04-15T13:32:32.150+0200][87,984s] GC(304) Using 4 workers of 4 for evacuation
[2019-04-15T13:32:32.150+0200][87,984s] GC(304) ParNew: 81885K->81885K(109248K)
[2019-04-15T13:32:32.150+0200][87,984s] GC(304) CMS: 389573K->389573K(393216K)
[2019-04-15T13:32:32.150+0200][87,984s] GC(304) Metaspace: 68442K->68442K(1112064K)
[2019-04-15T13:32:32.150+0200][87,984s] GC(304) Pause Young (CMS Final Remark) 460M->460M(490M) 0,065ms
[2019-04-15T13:32:32.150+0200][87,984s] GC(304) User=0,00s Sys=0,00s Real=0,00s
[2019-04-15T13:32:32.230+0200][88,064s] GC(303) Pause Remark 460M->460M(490M) 79,764ms
[2019-04-15T13:32:32.230+0200][88,064s] GC(303) User=0,18s Sys=0,00s Real=0,08s
[2019-04-15T13:32:32.230+0200][88,064s] GC(303) Concurrent Sweep
[2019-04-15T13:32:32.310+0200][88,144s] GC(305) Pause Full (Allocation Failure)
[2019-04-15T13:32:32.345+0200][88,179s] GC(303) Concurrent Sweep 115,324ms
[2019-04-15T13:32:32.345+0200][88,179s] GC(303) User=0,21s Sys=0,00s Real=0,12s
[2019-04-15T13:32:32.345+0200][88,179s] GC(305) Phase 1: Mark live objects
[2019-04-15T13:32:32.472+0200][88,306s] GC(305) Phase 1: Mark live objects 126,976ms
[2019-04-15T13:32:32.472+0200][88,306s] GC(305) Phase 2: Compute new object addresses
[2019-04-15T13:32:32.573+0200][88,407s] GC(305) Phase 2: Compute new object addresses 100,563ms
[2019-04-15T13:32:32.573+0200][88,407s] GC(305) Phase 3: Adjust pointers
[2019-04-15T13:32:32.673+0200][88,507s] GC(305) Phase 3: Adjust pointers 100,088ms
[2019-04-15T13:32:32.673+0200][88,507s] GC(305) Phase 4: Move objects
[2019-04-15T13:32:32.674+0200][88,508s] GC(305) Phase 4: Move objects 0,995ms
[2019-04-15T13:32:32.675+0200][88,508s] GC(305) ParNew: 87424K->0K(109248K)
[2019-04-15T13:32:32.675+0200][88,508s] GC(305) CMS: 393215K->390069K(393216K)
[2019-04-15T13:32:32.675+0200][88,508s] GC(305) Metaspace: 68476K->68476K(1112064K)
[2019-04-15T13:32:32.675+0200][88,509s] GC(305) Pause Full (Allocation Failure) 469M->380M(490M) 364,568ms
[2019-04-15T13:32:32.675+0200][88,509s] GC(305) User=0,36s Sys=0,00s Real=0,37s
[2019-04-15T13:32:32.675+0200][88,509s] GC(303) Old: 389573K->390069K(393216K)
[2019-04-15T13:32:32.751+0200][88,585s] GC(306) Pause Young (Allocation Failure)
[2019-04-15T13:32:32.751+0200][88,585s] GC(306) Using 4 workers of 4 for evacuation
[2019-04-15T13:32:32.751+0200][88,585s] GC(307) Pause Full (Allocation Failure)
[2019-04-15T13:32:32.752+0200][88,585s] GC(307) Phase 1: Mark live objects
[2019-04-15T13:32:32.876+0200][88,710s] GC(307) Phase 1: Mark live objects 124,754ms
[2019-04-15T13:32:32.876+0200][88,710s] GC(307) Phase 2: Compute new object addresses
[2019-04-15T13:32:32.973+0200][88,807s] GC(307) Phase 2: Compute new object addresses 96,326ms
[2019-04-15T13:32:32.973+0200][88,807s] GC(307) Phase 3: Adjust pointers
[2019-04-15T13:32:33.084+0200][88,918s] GC(307) Phase 3: Adjust pointers 111,341ms
[2019-04-15T13:32:33.084+0200][88,918s] GC(307) Phase 4: Move objects
[2019-04-15T13:32:33.150+0200][88,983s] GC(307) Phase 4: Move objects 65,416ms
[2019-04-15T13:32:33.151+0200][88,984s] GC(307) Pause Full (Allocation Failure) 466M->381M(490M) 399,178ms
[2019-04-15T13:32:33.151+0200][88,984s] GC(306) ParNew: 87424K->0K(109248K)
[2019-04-15T13:32:33.151+0200][88,984s] GC(306) CMS: 390069K->390405K(393216K)
[2019-04-15T13:32:33.151+0200][88,984s] GC(306) Metaspace: 68476K->68476K(1112064K)
[2019-04-15T13:32:33.151+0200][88,984s] GC(306) Pause Young (Allocation Failure) 466M->381M(490M) 399,298ms
[2019-04-15T13:32:33.151+0200][88,984s] GC(306) User=0,40s Sys=0,00s Real=0,40s
[2019-04-15T13:32:33.151+0200][88,985s] GC(308) Pause Initial Mark
[2019-04-15T13:32:33.152+0200][88,985s] GC(308) Pause Initial Mark 382M->382M(490M) 0,544ms
[2019-04-15T13:32:33.152+0200][88,985s] GC(308) User=0,00s Sys=0,00s Real=0,00s
[2019-04-15T13:32:33.152+0200][88,985s] GC(308) Concurrent Mark
[2019-04-15T13:32:33.152+0200][88,985s] GC(308) Using 4 workers of 4 for marking
[2019-04-15T13:32:33.268+0200][89,102s] GC(309) Pause Young (Allocation Failure)
[2019-04-15T13:32:33.268+0200][89,102s] GC(309) Using 4 workers of 4 for evacuation
[2019-04-15T13:32:33.269+0200][89,102s] GC(310) Pause Full (Allocation Failure)
[2019-04-15T13:32:33.304+0200][89,138s] GC(308) Concurrent Mark 152,676ms
[2019-04-15T13:32:33.304+0200][89,138s] GC(308) User=0,47s Sys=0,00s Real=0,15s
[2019-04-15T13:32:33.305+0200][89,138s] GC(310) Phase 1: Mark live objects
[2019-04-15T13:32:33.429+0200][89,263s] GC(310) Phase 1: Mark live objects 124,880ms
[2019-04-15T13:32:33.429+0200][89,263s] GC(310) Phase 2: Compute new object addresses
[2019-04-15T13:32:33.526+0200][89,360s] GC(310) Phase 2: Compute new object addresses 96,687ms
[2019-04-15T13:32:33.526+0200][89,360s] GC(310) Phase 3: Adjust pointers
[2019-04-15T13:32:33.635+0200][89,468s] GC(310) Phase 3: Adjust pointers 108,366ms
[2019-04-15T13:32:33.635+0200][89,468s] GC(310) Phase 4: Move objects
[2019-04-15T13:32:33.700+0200][89,534s] GC(310) Phase 4: Move objects 65,282ms
[2019-04-15T13:32:33.701+0200][89,535s] GC(310) Pause Full (Allocation Failure) 466M->381M(490M) 432,294ms
[2019-04-15T13:32:33.701+0200][89,535s] GC(309) ParNew: 87424K->0K(109248K)
[2019-04-15T13:32:33.701+0200][89,535s] GC(309) CMS: 390405K->390150K(393216K)
[2019-04-15T13:32:33.701+0200][89,535s] GC(309) Metaspace: 68476K->68476K(1112064K)
[2019-04-15T13:32:33.701+0200][89,535s] GC(309) Pause Young (Allocation Failure) 466M->381M(490M) 432,563ms
[2019-04-15T13:32:33.701+0200][89,535s] GC(309) User=0,50s Sys=0,00s Real=0,43s
[2019-04-15T13:32:33.766+0200][89,599s] GC(311) Pause Young (Allocation Failure)
[2019-04-15T13:32:33.766+0200][89,599s] GC(311) Using 4 workers of 4 for evacuation
[2019-04-15T13:32:33.766+0200][89,599s] GC(312) Pause Full (Allocation Failure)
[2019-04-15T13:32:33.766+0200][89,600s] GC(312) Phase 1: Mark live objects
[2019-04-15T13:32:33.890+0200][89,724s] GC(312) Phase 1: Mark live objects 124,194ms
[2019-04-15T13:32:33.890+0200][89,724s] GC(312) Phase 2: Compute new object addresses
[2019-04-15T13:32:33.994+0200][89,827s] GC(312) Phase 2: Compute new object addresses 103,457ms
[2019-04-15T13:32:33.994+0200][89,827s] GC(312) Phase 3: Adjust pointers
[2019-04-15T13:32:34.099+0200][89,932s] GC(312) Phase 3: Adjust pointers 104,975ms
[2019-04-15T13:32:34.099+0200][89,932s] GC(312) Phase 4: Move objects
[2019-04-15T13:32:34.099+0200][89,933s] GC(312) Phase 4: Move objects 0,575ms
[2019-04-15T13:32:34.100+0200][89,934s] GC(312) Pause Full (Allocation Failure) 466M->381M(490M) 334,555ms
[2019-04-15T13:32:34.100+0200][89,934s] GC(311) ParNew: 87424K->0K(109248K)
[2019-04-15T13:32:34.100+0200][89,934s] GC(311) CMS: 390150K->390154K(393216K)
[2019-04-15T13:32:34.100+0200][89,934s] GC(311) Metaspace: 68476K->68476K(1112064K)
[2019-04-15T13:32:34.100+0200][89,934s] GC(311) Pause Young (Allocation Failure) 466M->381M(490M) 334,693ms
[2019-04-15T13:32:34.100+0200][89,934s] GC(311) User=0,34s Sys=0,00s Real=0,33s
[2019-04-15T13:32:34.101+0200][89,934s] GC(313) Pause Initial Mark
[2019-04-15T13:32:34.101+0200][89,935s] GC(313) Pause Initial Mark 382M->382M(490M) 0,472ms
[2019-04-15T13:32:34.101+0200][89,935s] GC(313) User=0,00s Sys=0,00s Real=0,00s
[2019-04-15T13:32:34.102+0200][89,935s] GC(313) Concurrent Mark
[2019-04-15T13:32:34.102+0200][89,935s] GC(313) Using 4 workers of 4 for marking
[2019-04-15T13:32:34.212+0200][90,046s] GC(313) Concurrent Mark 110,647ms
[2019-04-15T13:32:34.212+0200][90,046s] GC(313) User=0,40s Sys=0,00s Real=0,11s
[2019-04-15T13:32:34.212+0200][90,046s] GC(313) Concurrent Preclean
[2019-04-15T13:32:34.213+0200][90,047s] GC(313) Concurrent Preclean 0,883ms
[2019-04-15T13:32:34.213+0200][90,047s] GC(313) User=0,00s Sys=0,00s Real=0,01s
[2019-04-15T13:32:34.213+0200][90,047s] GC(313) Concurrent Abortable Preclean
[2019-04-15T13:32:34.213+0200][90,047s] GC(313) Concurrent Abortable Preclean 0,009ms
[2019-04-15T13:32:34.213+0200][90,047s] GC(313) User=0,00s Sys=0,00s Real=0,00s
[2019-04-15T13:32:34.213+0200][90,047s] GC(313) Pause Remark
[2019-04-15T13:32:34.213+0200][90,047s] GC(314) Pause Young (CMS Final Remark)
[2019-04-15T13:32:34.213+0200][90,047s] GC(314) Using 4 workers of 4 for evacuation
[2019-04-15T13:32:34.213+0200][90,047s] GC(314) ParNew: 54015K->54015K(109248K)
[2019-04-15T13:32:34.213+0200][90,047s] GC(314) CMS: 390154K->390154K(393216K)
[2019-04-15T13:32:34.213+0200][90,047s] GC(314) Metaspace: 68476K->68476K(1112064K)
[2019-04-15T13:32:34.213+0200][90,047s] GC(314) Pause Young (CMS Final Remark) 433M->433M(490M) 0,059ms
[2019-04-15T13:32:34.213+0200][90,047s] GC(314) User=0,00s Sys=0,00s Real=0,00s
[2019-04-15T13:32:34.269+0200][90,103s] GC(313) Pause Remark 433M->433M(490M) 55,612ms
[2019-04-15T13:32:34.269+0200][90,103s] GC(313) User=0,12s Sys=0,00s Real=0,05s
[2019-04-15T13:32:34.269+0200][90,103s] GC(313) Concurrent Sweep
[2019-04-15T13:32:34.336+0200][90,170s] GC(315) Pause Full (Allocation Failure)
[2019-04-15T13:32:34.362+0200][90,196s] GC(313) Concurrent Sweep 92,892ms
[2019-04-15T13:32:34.362+0200][90,196s] GC(313) User=0,16s Sys=0,00s Real=0,09s
[2019-04-15T13:32:34.362+0200][90,196s] GC(315) Phase 1: Mark live objects
[2019-04-15T13:32:34.498+0200][90,332s] GC(315) Phase 1: Mark live objects 135,791ms
[2019-04-15T13:32:34.498+0200][90,332s] GC(315) Phase 2: Compute new object addresses
[2019-04-15T13:32:34.597+0200][90,430s] GC(315) Phase 2: Compute new object addresses 98,726ms
[2019-04-15T13:32:34.597+0200][90,430s] GC(315) Phase 3: Adjust pointers
[2019-04-15T13:32:34.697+0200][90,531s] GC(315) Phase 3: Adjust pointers 100,204ms
[2019-04-15T13:32:34.697+0200][90,531s] GC(315) Phase 4: Move objects
[2019-04-15T13:32:34.698+0200][90,531s] GC(315) Phase 4: Move objects 0,619ms
[2019-04-15T13:32:34.699+0200][90,533s] GC(315) ParNew: 87424K->0K(109248K)
[2019-04-15T13:32:34.699+0200][90,533s] GC(315) CMS: 393215K->390254K(393216K)
[2019-04-15T13:32:34.699+0200][90,533s] GC(315) Metaspace: 68476K->68476K(1112064K)
[2019-04-15T13:32:34.699+0200][90,533s] GC(315) Pause Full (Allocation Failure) 469M->381M(490M) 363,082ms
[2019-04-15T13:32:34.699+0200][90,533s] GC(315) User=0,37s Sys=0,00s Real=0,36s
[2019-04-15T13:32:34.699+0200][90,533s] GC(313) Old: 390154K->390254K(393216K)
[2019-04-15T13:32:34.764+0200][90,597s] GC(316) Pause Young (Allocation Failure)
[2019-04-15T13:32:34.764+0200][90,597s] GC(316) Using 4 workers of 4 for evacuation
[2019-04-15T13:32:34.764+0200][90,597s] GC(317) Pause Full (Allocation Failure)
[2019-04-15T13:32:34.764+0200][90,598s] GC(317) Phase 1: Mark live objects
[2019-04-15T13:32:34.894+0200][90,728s] GC(317) Phase 1: Mark live objects 130,214ms
[2019-04-15T13:32:34.894+0200][90,728s] GC(317) Phase 2: Compute new object addresses
[2019-04-15T13:32:34.994+0200][90,827s] GC(317) Phase 2: Compute new object addresses 99,445ms
[2019-04-15T13:32:34.994+0200][90,827s] GC(317) Phase 3: Adjust pointers
[2019-04-15T13:32:35.098+0200][90,932s] GC(317) Phase 3: Adjust pointers 104,149ms
[2019-04-15T13:32:35.098+0200][90,932s] GC(317) Phase 4: Move objects
[2019-04-15T13:32:35.099+0200][90,933s] GC(317) Phase 4: Move objects 0,947ms
[2019-04-15T13:32:35.100+0200][90,933s] GC(317) Pause Full (Allocation Failure) 466M->381M(490M) 336,027ms
[2019-04-15T13:32:35.100+0200][90,933s] GC(316) ParNew: 87424K->0K(109248K)
[2019-04-15T13:32:35.100+0200][90,933s] GC(316) CMS: 390254K->390436K(393216K)
[2019-04-15T13:32:35.100+0200][90,933s] GC(316) Metaspace: 68476K->68476K(1112064K)
[2019-04-15T13:32:35.100+0200][90,933s] GC(316) Pause Young (Allocation Failure) 466M->381M(490M) 336,184ms
[2019-04-15T13:32:35.100+0200][90,933s] GC(316) User=0,33s Sys=0,01s Real=0,34s
[2019-04-15T13:32:35.102+0200][90,936s] GC(318) Pause Initial Mark
[2019-04-15T13:32:35.103+0200][90,937s] GC(318) Pause Initial Mark 384M->384M(490M) 1,140ms
[2019-04-15T13:32:35.103+0200][90,937s] GC(318) User=0,01s Sys=0,00s Real=0,00s
[2019-04-15T13:32:35.103+0200][90,937s] GC(318) Concurrent Mark
[2019-04-15T13:32:35.103+0200][90,937s] GC(318) Using 4 workers of 4 for marking
[2019-04-15T13:32:35.257+0200][91,091s] GC(318) Concurrent Mark 153,551ms
[2019-04-15T13:32:35.257+0200][91,091s] GC(318) User=0,44s Sys=0,00s Real=0,16s
[2019-04-15T13:32:35.257+0200][91,091s] GC(318) Concurrent Preclean
[2019-04-15T13:32:35.259+0200][91,092s] GC(318) Concurrent Preclean 1,673ms
[2019-04-15T13:32:35.259+0200][91,092s] GC(318) User=0,00s Sys=0,00s Real=0,00s
[2019-04-15T13:32:35.259+0200][91,092s] GC(318) Concurrent Abortable Preclean
[2019-04-15T13:32:35.259+0200][91,092s] GC(318) Concurrent Abortable Preclean 0,013ms
[2019-04-15T13:32:35.259+0200][91,092s] GC(318) User=0,00s Sys=0,00s Real=0,00s
[2019-04-15T13:32:35.259+0200][91,093s] GC(318) Pause Remark
[2019-04-15T13:32:35.259+0200][91,093s] GC(319) Pause Young (CMS Final Remark)
[2019-04-15T13:32:35.259+0200][91,093s] GC(319) Using 4 workers of 4 for evacuation
[2019-04-15T13:32:35.259+0200][91,093s] GC(319) ParNew: 64206K->64206K(109248K)
[2019-04-15T13:32:35.259+0200][91,093s] GC(319) CMS: 390436K->390436K(393216K)
[2019-04-15T13:32:35.259+0200][91,093s] GC(319) Metaspace: 68477K->68477K(1112064K)
[2019-04-15T13:32:35.259+0200][91,093s] GC(319) Pause Young (CMS Final Remark) 443M->443M(490M) 0,056ms
[2019-04-15T13:32:35.259+0200][91,093s] GC(319) User=0,00s Sys=0,00s Real=0,00s
[2019-04-15T13:32:35.313+0200][91,147s] GC(318) Pause Remark 443M->443M(490M) 54,521ms
[2019-04-15T13:32:35.313+0200][91,147s] GC(318) User=0,11s Sys=0,00s Real=0,06s
[2019-04-15T13:32:35.313+0200][91,147s] GC(318) Concurrent Sweep
[2019-04-15T13:32:35.375+0200][91,209s] GC(320) Pause Full (Allocation Failure)
[2019-04-15T13:32:35.429+0200][91,263s] GC(318) Concurrent Sweep 115,950ms
[2019-04-15T13:32:35.429+0200][91,263s] GC(318) User=0,18s Sys=0,00s Real=0,11s
[2019-04-15T13:32:35.430+0200][91,263s] GC(320) Phase 1: Mark live objects
[2019-04-15T13:32:35.554+0200][91,388s] GC(320) Phase 1: Mark live objects 124,476ms
[2019-04-15T13:32:35.554+0200][91,388s] GC(320) Phase 2: Compute new object addresses
[2019-04-15T13:32:35.652+0200][91,486s] GC(320) Phase 2: Compute new object addresses 98,332ms
[2019-04-15T13:32:35.652+0200][91,486s] GC(320) Phase 3: Adjust pointers
[2019-04-15T13:32:35.760+0200][91,594s] GC(320) Phase 3: Adjust pointers 107,856ms
[2019-04-15T13:32:35.760+0200][91,594s] GC(320) Phase 4: Move objects
[2019-04-15T13:32:35.826+0200][91,659s] GC(320) Phase 4: Move objects 65,168ms
[2019-04-15T13:32:35.826+0200][91,660s] GC(320) ParNew: 87424K->0K(109248K)
[2019-04-15T13:32:35.826+0200][91,660s] GC(320) CMS: 393215K->390114K(393216K)
[2019-04-15T13:32:35.826+0200][91,660s] GC(320) Metaspace: 68477K->68477K(1112064K)
[2019-04-15T13:32:35.826+0200][91,660s] GC(320) Pause Full (Allocation Failure) 469M->380M(490M) 451,270ms
[2019-04-15T13:32:35.826+0200][91,660s] GC(320) User=0,45s Sys=0,00s Real=0,45s
[2019-04-15T13:32:35.826+0200][91,660s] GC(318) Old: 390436K->390114K(393216K)
[2019-04-15T13:32:35.917+0200][91,751s] GC(321) Pause Young (Allocation Failure)
[2019-04-15T13:32:35.917+0200][91,751s] GC(321) Using 4 workers of 4 for evacuation
[2019-04-15T13:32:35.917+0200][91,751s] GC(322) Pause Full (Allocation Failure)
[2019-04-15T13:32:35.918+0200][91,752s] GC(322) Phase 1: Mark live objects
[2019-04-15T13:32:36.070+0200][91,904s] GC(322) Phase 1: Mark live objects 151,938ms
[2019-04-15T13:32:36.070+0200][91,904s] GC(322) Phase 2: Compute new object addresses
[2019-04-15T13:32:36.182+0200][92,016s] GC(322) Phase 2: Compute new object addresses 112,328ms
[2019-04-15T13:32:36.182+0200][92,016s] GC(322) Phase 3: Adjust pointers
[2019-04-15T13:32:36.349+0200][92,182s] GC(322) Phase 3: Adjust pointers 166,547ms
[2019-04-15T13:32:36.349+0200][92,183s] GC(322) Phase 4: Move objects
[2019-04-15T13:32:36.522+0200][92,356s] GC(322) Phase 4: Move objects 173,546ms
[2019-04-15T13:32:36.523+0200][92,357s] GC(322) Pause Full (Allocation Failure) 466M->379M(490M) 605,780ms
[2019-04-15T13:32:36.523+0200][92,357s] GC(321) ParNew: 87424K->0K(109248K)
[2019-04-15T13:32:36.523+0200][92,357s] GC(321) CMS: 390114K->388532K(393216K)
[2019-04-15T13:32:36.523+0200][92,357s] GC(321) Metaspace: 68479K->68479K(1112064K)
[2019-04-15T13:32:36.523+0200][92,357s] GC(321) Pause Young (Allocation Failure) 466M->379M(490M) 605,947ms
[2019-04-15T13:32:36.523+0200][92,357s] GC(321) User=0,62s Sys=0,01s Real=0,60s
[2019-04-15T13:32:36.533+0200][92,367s] GC(323) Pause Initial Mark
[2019-04-15T13:32:36.538+0200][92,372s] GC(323) Pause Initial Mark 386M->386M(490M) 5,256ms
[2019-04-15T13:32:36.538+0200][92,372s] GC(323) User=0,01s Sys=0,00s Real=0,01s
[2019-04-15T13:32:36.538+0200][92,372s] GC(323) Concurrent Mark
[2019-04-15T13:32:36.538+0200][92,372s] GC(323) Using 4 workers of 4 for marking
[2019-04-15T13:32:36.769+0200][92,603s] GC(323) Concurrent Mark 230,738ms
[2019-04-15T13:32:36.769+0200][92,603s] GC(323) User=0,53s Sys=0,01s Real=0,23s
[2019-04-15T13:32:36.769+0200][92,603s] GC(323) Concurrent Preclean
[2019-04-15T13:32:36.771+0200][92,605s] GC(323) Concurrent Preclean 1,726ms
[2019-04-15T13:32:36.771+0200][92,605s] GC(323) User=0,00s Sys=0,00s Real=0,00s
[2019-04-15T13:32:36.771+0200][92,605s] GC(323) Concurrent Abortable Preclean
[2019-04-15T13:32:36.771+0200][92,605s] GC(323) Concurrent Abortable Preclean 0,012ms
[2019-04-15T13:32:36.771+0200][92,605s] GC(323) User=0,00s Sys=0,00s Real=0,00s
[2019-04-15T13:32:36.771+0200][92,605s] GC(323) Pause Remark
[2019-04-15T13:32:36.771+0200][92,605s] GC(324) Pause Young (CMS Final Remark)
[2019-04-15T13:32:36.771+0200][92,605s] GC(324) Using 4 workers of 4 for evacuation
[2019-04-15T13:32:36.771+0200][92,605s] GC(324) ParNew: 66227K->66227K(109248K)
[2019-04-15T13:32:36.771+0200][92,605s] GC(324) CMS: 388532K->388532K(393216K)
[2019-04-15T13:32:36.771+0200][92,605s] GC(324) Metaspace: 68484K->68484K(1112064K)
[2019-04-15T13:32:36.771+0200][92,605s] GC(324) Pause Young (CMS Final Remark) 444M->444M(490M) 0,087ms
[2019-04-15T13:32:36.771+0200][92,605s] GC(324) User=0,00s Sys=0,00s Real=0,00s
[2019-04-15T13:32:36.922+0200][92,756s] GC(323) Pause Remark 444M->444M(490M) 151,319ms
[2019-04-15T13:32:36.922+0200][92,756s] GC(323) User=0,24s Sys=0,01s Real=0,15s
[2019-04-15T13:32:36.948+0200][92,782s] GC(323) Concurrent Sweep
[2019-04-15T13:32:37.198+0200][93,032s] GC(325) Pause Full (Allocation Failure)
[2019-04-15T13:32:37.274+0200][93,107s] GC(323) Concurrent Sweep 325,673ms
[2019-04-15T13:32:37.274+0200][93,107s] GC(323) User=0,46s Sys=0,00s Real=0,33s
[2019-04-15T13:32:37.274+0200][93,108s] GC(325) Phase 1: Mark live objects
[2019-04-15T13:32:37.640+0200][93,474s] GC(325) Phase 1: Mark live objects 366,574ms
[2019-04-15T13:32:37.640+0200][93,474s] GC(325) Phase 2: Compute new object addresses
[2019-04-15T13:32:37.828+0200][93,662s] GC(325) Phase 2: Compute new object addresses 187,506ms
[2019-04-15T13:32:37.828+0200][93,662s] GC(325) Phase 3: Adjust pointers
[2019-04-15T13:32:38.094+0200][93,928s] GC(325) Phase 3: Adjust pointers 266,405ms
[2019-04-15T13:32:38.095+0200][93,928s] GC(325) Phase 4: Move objects
[2019-04-15T13:32:38.314+0200][94,148s] GC(325) Phase 4: Move objects 219,806ms
[2019-04-15T13:32:38.317+0200][94,151s] GC(325) ParNew: 87424K->0K(109248K)
[2019-04-15T13:32:38.317+0200][94,151s] GC(325) CMS: 393216K->388796K(393216K)
[2019-04-15T13:32:38.317+0200][94,151s] GC(325) Metaspace: 68487K->68487K(1112064K)
[2019-04-15T13:32:38.317+0200][94,151s] GC(325) Pause Full (Allocation Failure) 469M->379M(490M) 1119,109ms
[2019-04-15T13:32:38.317+0200][94,151s] GC(325) User=0,80s Sys=0,01s Real=1,12s
[2019-04-15T13:32:38.321+0200][94,155s] GC(323) Old: 388532K->388796K(393216K)
[2019-04-15T13:32:38.490+0200][94,324s] GC(326) Pause Young (Allocation Failure)
[2019-04-15T13:32:38.490+0200][94,324s] GC(326) Using 4 workers of 4 for evacuation
[2019-04-15T13:32:38.490+0200][94,324s] GC(327) Pause Full (Allocation Failure)
[2019-04-15T13:32:38.490+0200][94,324s] GC(327) Phase 1: Mark live objects
[2019-04-15T13:32:38.726+0200][94,560s] GC(327) Phase 1: Mark live objects 235,863ms
[2019-04-15T13:32:38.726+0200][94,560s] GC(327) Phase 2: Compute new object addresses
[2019-04-15T13:32:38.837+0200][94,671s] GC(327) Phase 2: Compute new object addresses 110,914ms
[2019-04-15T13:32:38.837+0200][94,671s] GC(327) Phase 3: Adjust pointers
[2019-04-15T13:32:39.022+0200][94,856s] GC(327) Phase 3: Adjust pointers 185,134ms
[2019-04-15T13:32:39.022+0200][94,856s] GC(327) Phase 4: Move objects
[2019-04-15T13:32:39.119+0200][94,953s] GC(327) Phase 4: Move objects 96,825ms
[2019-04-15T13:32:39.120+0200][94,954s] GC(327) Pause Full (Allocation Failure) 465M->379M(490M) 630,029ms
[2019-04-15T13:32:39.120+0200][94,954s] GC(326) ParNew: 87424K->0K(109248K)
[2019-04-15T13:32:39.120+0200][94,954s] GC(326) CMS: 388796K->388509K(393216K)
[2019-04-15T13:32:39.120+0200][94,954s] GC(326) Metaspace: 68488K->68488K(1112064K)
[2019-04-15T13:32:39.120+0200][94,954s] GC(326) Pause Young (Allocation Failure) 465M->379M(490M) 630,201ms
[2019-04-15T13:32:39.120+0200][94,954s] GC(326) User=0,61s Sys=0,00s Real=0,63s
[2019-04-15T13:32:39.121+0200][94,955s] GC(328) Pause Initial Mark
[2019-04-15T13:32:39.121+0200][94,955s] GC(328) Pause Initial Mark 380M->380M(490M) 0,614ms
[2019-04-15T13:32:39.122+0200][94,955s] GC(328) User=0,00s Sys=0,00s Real=0,00s
[2019-04-15T13:32:39.122+0200][94,955s] GC(328) Concurrent Mark
[2019-04-15T13:32:39.122+0200][94,955s] GC(328) Using 4 workers of 4 for marking
[2019-04-15T13:32:39.401+0200][95,235s] GC(328) Concurrent Mark 279,467ms
[2019-04-15T13:32:39.401+0200][95,235s] GC(328) User=0,58s Sys=0,00s Real=0,28s
[2019-04-15T13:32:39.401+0200][95,235s] GC(328) Concurrent Preclean
[2019-04-15T13:32:39.403+0200][95,236s] GC(328) Concurrent Preclean 1,485ms
[2019-04-15T13:32:39.403+0200][95,236s] GC(328) User=0,00s Sys=0,00s Real=0,00s
[2019-04-15T13:32:39.403+0200][95,237s] GC(328) Concurrent Abortable Preclean
[2019-04-15T13:32:39.403+0200][95,237s] GC(328) Concurrent Abortable Preclean 0,015ms
[2019-04-15T13:32:39.403+0200][95,237s] GC(328) User=0,00s Sys=0,00s Real=0,00s
[2019-04-15T13:32:39.403+0200][95,237s] GC(328) Pause Remark
[2019-04-15T13:32:39.403+0200][95,237s] GC(329) Pause Young (CMS Final Remark)
[2019-04-15T13:32:39.403+0200][95,237s] GC(329) Using 4 workers of 4 for evacuation
[2019-04-15T13:32:39.403+0200][95,237s] GC(329) ParNew: 81816K->81816K(109248K)
[2019-04-15T13:32:39.403+0200][95,237s] GC(329) CMS: 388509K->388509K(393216K)
[2019-04-15T13:32:39.403+0200][95,237s] GC(329) Metaspace: 68488K->68488K(1112064K)
[2019-04-15T13:32:39.403+0200][95,237s] GC(329) Pause Young (CMS Final Remark) 459M->459M(490M) 0,138ms
[2019-04-15T13:32:39.403+0200][95,237s] GC(329) User=0,00s Sys=0,00s Real=0,00s
[2019-04-15T13:32:39.518+0200][95,351s] GC(328) Pause Remark 459M->459M(490M) 114,527ms
[2019-04-15T13:32:39.518+0200][95,351s] GC(328) User=0,15s Sys=0,00s Real=0,12s
[2019-04-15T13:32:39.527+0200][95,361s] GC(328) Concurrent Sweep
[2019-04-15T13:32:39.668+0200][95,502s] GC(330) Pause Full (Allocation Failure)
[2019-04-15T13:32:39.720+0200][95,554s] GC(328) Concurrent Sweep 192,597ms
[2019-04-15T13:32:39.720+0200][95,554s] GC(328) User=0,21s Sys=0,00s Real=0,19s
[2019-04-15T13:32:39.720+0200][95,554s] GC(330) Phase 1: Mark live objects
[2019-04-15T13:32:40.015+0200][95,849s] GC(330) Phase 1: Mark live objects 295,122ms
[2019-04-15T13:32:40.016+0200][95,849s] GC(330) Phase 2: Compute new object addresses
[2019-04-15T13:32:40.221+0200][96,054s] GC(330) Phase 2: Compute new object addresses 205,217ms
[2019-04-15T13:32:40.221+0200][96,055s] GC(330) Phase 3: Adjust pointers
[2019-04-15T13:32:40.438+0200][96,272s] GC(330) Phase 3: Adjust pointers 217,193ms
[2019-04-15T13:32:40.438+0200][96,272s] GC(330) Phase 4: Move objects
[2019-04-15T13:32:40.521+0200][96,355s] GC(330) Phase 4: Move objects 83,314ms
[2019-04-15T13:32:40.523+0200][96,356s] GC(330) ParNew: 87424K->0K(109248K)
[2019-04-15T13:32:40.523+0200][96,356s] GC(330) CMS: 393215K->388392K(393216K)
[2019-04-15T13:32:40.523+0200][96,356s] GC(330) Metaspace: 68488K->68488K(1112064K)
[2019-04-15T13:32:40.523+0200][96,356s] GC(330) Pause Full (Allocation Failure) 469M->379M(490M) 854,698ms
[2019-04-15T13:32:40.523+0200][96,356s] GC(330) User=0,73s Sys=0,00s Real=0,85s
[2019-04-15T13:32:40.523+0200][96,357s] GC(328) Old: 388509K->388392K(393216K)
[2019-04-15T13:32:40.668+0200][96,502s] GC(331) Pause Young (Allocation Failure)
[2019-04-15T13:32:40.668+0200][96,502s] GC(331) Using 4 workers of 4 for evacuation
[2019-04-15T13:32:40.668+0200][96,502s] GC(332) Pause Full (Allocation Failure)
[2019-04-15T13:32:40.669+0200][96,502s] GC(332) Phase 1: Mark live objects
[2019-04-15T13:32:41.050+0200][96,884s] GC(332) Phase 1: Mark live objects 381,688ms
[2019-04-15T13:32:41.050+0200][96,884s] GC(332) Phase 2: Compute new object addresses
[2019-04-15T13:32:41.229+0200][97,063s] GC(332) Phase 2: Compute new object addresses 178,937ms
[2019-04-15T13:32:41.229+0200][97,063s] GC(332) Phase 3: Adjust pointers
[2019-04-15T13:32:41.443+0200][97,277s] GC(332) Phase 3: Adjust pointers 213,721ms
[2019-04-15T13:32:41.443+0200][97,277s] GC(332) Phase 4: Move objects
[2019-04-15T13:32:41.447+0200][97,281s] GC(332) Phase 4: Move objects 3,411ms
[2019-04-15T13:32:41.448+0200][97,282s] GC(332) Pause Full (Allocation Failure) 464M->381M(490M) 779,763ms
[2019-04-15T13:32:41.448+0200][97,282s] GC(331) ParNew: 87424K->0K(109248K)
[2019-04-15T13:32:41.448+0200][97,282s] GC(331) CMS: 388392K->390467K(393216K)
[2019-04-15T13:32:41.448+0200][97,282s] GC(331) Metaspace: 68488K->68488K(1112064K)
[2019-04-15T13:32:41.448+0200][97,282s] GC(331) Pause Young (Allocation Failure) 464M->381M(490M) 779,930ms
[2019-04-15T13:32:41.448+0200][97,282s] GC(331) User=0,55s Sys=0,01s Real=0,78s
[2019-04-15T13:32:41.452+0200][97,286s] GC(333) Pause Initial Mark
[2019-04-15T13:32:41.454+0200][97,287s] GC(333) Pause Initial Mark 383M->383M(490M) 1,411ms
[2019-04-15T13:32:41.454+0200][97,287s] GC(333) User=0,00s Sys=0,00s Real=0,01s
[2019-04-15T13:32:41.454+0200][97,288s] GC(333) Concurrent Mark
[2019-04-15T13:32:41.454+0200][97,288s] GC(333) Using 4 workers of 4 for marking
[2019-04-15T13:32:41.618+0200][97,452s] GC(333) Concurrent Mark 164,183ms
[2019-04-15T13:32:41.618+0200][97,452s] GC(333) User=0,43s Sys=0,00s Real=0,16s
[2019-04-15T13:32:41.618+0200][97,452s] GC(333) Concurrent Preclean
[2019-04-15T13:32:41.619+0200][97,453s] GC(333) Concurrent Preclean 0,964ms
[2019-04-15T13:32:41.619+0200][97,453s] GC(333) User=0,00s Sys=0,00s Real=0,00s
[2019-04-15T13:32:41.619+0200][97,453s] GC(333) Concurrent Abortable Preclean
[2019-04-15T13:32:41.619+0200][97,453s] GC(333) Concurrent Abortable Preclean 0,009ms
[2019-04-15T13:32:41.619+0200][97,453s] GC(333) User=0,00s Sys=0,00s Real=0,00s
[2019-04-15T13:32:41.619+0200][97,453s] GC(333) Pause Remark
[2019-04-15T13:32:41.619+0200][97,453s] GC(334) Pause Young (CMS Final Remark)
[2019-04-15T13:32:41.619+0200][97,453s] GC(334) Using 4 workers of 4 for evacuation
[2019-04-15T13:32:41.619+0200][97,453s] GC(334) ParNew: 45897K->45897K(109248K)
[2019-04-15T13:32:41.619+0200][97,453s] GC(334) CMS: 390467K->390467K(393216K)
[2019-04-15T13:32:41.619+0200][97,453s] GC(334) Metaspace: 68488K->68488K(1112064K)
[2019-04-15T13:32:41.619+0200][97,453s] GC(334) Pause Young (CMS Final Remark) 426M->426M(490M) 0,054ms
[2019-04-15T13:32:41.619+0200][97,453s] GC(334) User=0,00s Sys=0,00s Real=0,00s
[2019-04-15T13:32:41.686+0200][97,520s] GC(333) Pause Remark 426M->426M(490M) 67,324ms
[2019-04-15T13:32:41.687+0200][97,520s] GC(333) User=0,14s Sys=0,00s Real=0,07s
[2019-04-15T13:32:41.687+0200][97,520s] GC(333) Concurrent Sweep
[2019-04-15T13:32:41.798+0200][97,632s] GC(335) Pause Full (Allocation Failure)
[2019-04-15T13:32:41.821+0200][97,654s] GC(333) Concurrent Sweep 133,909ms
[2019-04-15T13:32:41.821+0200][97,654s] GC(333) User=0,20s Sys=0,00s Real=0,13s
[2019-04-15T13:32:41.821+0200][97,655s] GC(335) Phase 1: Mark live objects
[2019-04-15T13:32:42.030+0200][97,864s] GC(335) Phase 1: Mark live objects 208,867ms
[2019-04-15T13:32:42.030+0200][97,864s] GC(335) Phase 2: Compute new object addresses
[2019-04-15T13:32:42.139+0200][97,973s] GC(335) Phase 2: Compute new object addresses 109,030ms
[2019-04-15T13:32:42.139+0200][97,973s] GC(335) Phase 3: Adjust pointers
[2019-04-15T13:32:42.261+0200][98,095s] GC(335) Phase 3: Adjust pointers 122,117ms
[2019-04-15T13:32:42.261+0200][98,095s] GC(335) Phase 4: Move objects
[2019-04-15T13:32:42.263+0200][98,097s] GC(335) Phase 4: Move objects 2,287ms
[2019-04-15T13:32:42.264+0200][98,098s] GC(335) ParNew: 87424K->0K(109248K)
[2019-04-15T13:32:42.264+0200][98,098s] GC(335) CMS: 393120K->391047K(393216K)
[2019-04-15T13:32:42.264+0200][98,098s] GC(335) Metaspace: 68488K->68488K(1112064K)
[2019-04-15T13:32:42.264+0200][98,098s] GC(335) Pause Full (Allocation Failure) 469M->381M(490M) 466,123ms
[2019-04-15T13:32:42.264+0200][98,098s] GC(335) User=0,46s Sys=0,00s Real=0,46s
[2019-04-15T13:32:42.264+0200][98,098s] GC(333) Old: 390467K->391047K(393216K)
[2019-04-15T13:32:42.332+0200][98,166s] GC(336) Pause Young (Allocation Failure)
[2019-04-15T13:32:42.332+0200][98,166s] GC(336) Using 4 workers of 4 for evacuation
[2019-04-15T13:32:42.332+0200][98,166s] GC(337) Pause Full (Allocation Failure)
[2019-04-15T13:32:42.332+0200][98,166s] GC(337) Phase 1: Mark live objects
[2019-04-15T13:32:42.459+0200][98,292s] GC(337) Phase 1: Mark live objects 126,280ms
[2019-04-15T13:32:42.459+0200][98,292s] GC(337) Phase 2: Compute new object addresses
[2019-04-15T13:32:42.565+0200][98,399s] GC(337) Phase 2: Compute new object addresses 106,628ms
[2019-04-15T13:32:42.565+0200][98,399s] GC(337) Phase 3: Adjust pointers
[2019-04-15T13:32:42.682+0200][98,516s] GC(337) Phase 3: Adjust pointers 116,504ms
[2019-04-15T13:32:42.682+0200][98,516s] GC(337) Phase 4: Move objects
[2019-04-15T13:32:42.682+0200][98,516s] GC(337) Phase 4: Move objects 0,445ms
[2019-04-15T13:32:42.683+0200][98,517s] GC(337) Pause Full (Allocation Failure) 467M->381M(490M) 350,928ms
[2019-04-15T13:32:42.683+0200][98,517s] GC(336) ParNew: 87424K->0K(109248K)
[2019-04-15T13:32:42.683+0200][98,517s] GC(336) CMS: 391047K->391146K(393216K)
[2019-04-15T13:32:42.683+0200][98,517s] GC(336) Metaspace: 68488K->68488K(1112064K)
[2019-04-15T13:32:42.683+0200][98,517s] GC(336) Pause Young (Allocation Failure) 467M->381M(490M) 351,041ms
[2019-04-15T13:32:42.683+0200][98,517s] GC(336) User=0,34s Sys=0,00s Real=0,35s
[2019-04-15T13:32:42.685+0200][98,519s] GC(338) Pause Initial Mark
[2019-04-15T13:32:42.686+0200][98,520s] GC(338) Pause Initial Mark 384M->384M(490M) 1,024ms
[2019-04-15T13:32:42.686+0200][98,520s] GC(338) User=0,00s Sys=0,00s Real=0,00s
[2019-04-15T13:32:42.686+0200][98,520s] GC(338) Concurrent Mark
[2019-04-15T13:32:42.686+0200][98,520s] GC(338) Using 4 workers of 4 for marking
[2019-04-15T13:32:42.841+0200][98,675s] GC(338) Concurrent Mark 155,222ms
[2019-04-15T13:32:42.841+0200][98,675s] GC(338) User=0,44s Sys=0,00s Real=0,15s
[2019-04-15T13:32:42.841+0200][98,675s] GC(338) Concurrent Preclean
[2019-04-15T13:32:42.843+0200][98,676s] GC(338) Concurrent Preclean 1,368ms
[2019-04-15T13:32:42.843+0200][98,676s] GC(338) User=0,00s Sys=0,00s Real=0,00s
[2019-04-15T13:32:42.843+0200][98,676s] GC(338) Concurrent Abortable Preclean
[2019-04-15T13:32:42.843+0200][98,677s] GC(338) Concurrent Abortable Preclean 0,011ms
[2019-04-15T13:32:42.843+0200][98,677s] GC(338) User=0,00s Sys=0,00s Real=0,00s
[2019-04-15T13:32:42.843+0200][98,677s] GC(338) Pause Remark
[2019-04-15T13:32:42.843+0200][98,677s] GC(339) Pause Young (CMS Final Remark)
[2019-04-15T13:32:42.843+0200][98,677s] GC(339) Using 4 workers of 4 for evacuation
[2019-04-15T13:32:42.843+0200][98,677s] GC(339) ParNew: 75189K->75189K(109248K)
[2019-04-15T13:32:42.843+0200][98,677s] GC(339) CMS: 391146K->391146K(393216K)
[2019-04-15T13:32:42.843+0200][98,677s] GC(339) Metaspace: 68488K->68488K(1112064K)
[2019-04-15T13:32:42.843+0200][98,677s] GC(339) Pause Young (CMS Final Remark) 455M->455M(490M) 0,081ms
[2019-04-15T13:32:42.843+0200][98,677s] GC(339) User=0,00s Sys=0,00s Real=0,00s
[2019-04-15T13:32:42.917+0200][98,751s] GC(338) Pause Remark 455M->455M(490M) 73,998ms
[2019-04-15T13:32:42.917+0200][98,751s] GC(338) User=0,16s Sys=0,01s Real=0,08s
[2019-04-15T13:32:42.917+0200][98,751s] GC(338) Concurrent Sweep
[2019-04-15T13:32:42.962+0200][98,796s] GC(340) Pause Full (Allocation Failure)
[2019-04-15T13:32:43.024+0200][98,858s] GC(338) Concurrent Sweep 106,873ms
[2019-04-15T13:32:43.024+0200][98,858s] GC(338) User=0,15s Sys=0,00s Real=0,10s
[2019-04-15T13:32:43.024+0200][98,858s] GC(340) Phase 1: Mark live objects
[2019-04-15T13:32:43.152+0200][98,986s] GC(340) Phase 1: Mark live objects 127,817ms
[2019-04-15T13:32:43.152+0200][98,986s] GC(340) Phase 2: Compute new object addresses
[2019-04-15T13:32:43.253+0200][99,086s] GC(340) Phase 2: Compute new object addresses 100,394ms
[2019-04-15T13:32:43.253+0200][99,086s] GC(340) Phase 3: Adjust pointers
[2019-04-15T13:32:43.352+0200][99,185s] GC(340) Phase 3: Adjust pointers 99,121ms
[2019-04-15T13:32:43.352+0200][99,185s] GC(340) Phase 4: Move objects
[2019-04-15T13:32:43.353+0200][99,186s] GC(340) Phase 4: Move objects 0,869ms
[2019-04-15T13:32:43.353+0200][99,187s] GC(340) ParNew: 87424K->0K(109248K)
[2019-04-15T13:32:43.353+0200][99,187s] GC(340) CMS: 393171K->390973K(393216K)
[2019-04-15T13:32:43.353+0200][99,187s] GC(340) Metaspace: 68488K->68488K(1112064K)
[2019-04-15T13:32:43.353+0200][99,187s] GC(340) Pause Full (Allocation Failure) 469M->381M(490M) 391,188ms
[2019-04-15T13:32:43.353+0200][99,187s] GC(340) User=0,38s Sys=0,00s Real=0,40s
[2019-04-15T13:32:43.353+0200][99,187s] GC(338) Old: 391146K->390973K(393216K)
[2019-04-15T13:32:43.427+0200][99,261s] GC(341) Pause Young (Allocation Failure)
[2019-04-15T13:32:43.427+0200][99,261s] GC(341) Using 4 workers of 4 for evacuation
[2019-04-15T13:32:43.427+0200][99,261s] GC(342) Pause Full (Allocation Failure)
[2019-04-15T13:32:43.428+0200][99,261s] GC(342) Phase 1: Mark live objects
[2019-04-15T13:32:43.552+0200][99,386s] GC(342) Phase 1: Mark live objects 124,692ms
[2019-04-15T13:32:43.552+0200][99,386s] GC(342) Phase 2: Compute new object addresses
[2019-04-15T13:32:43.652+0200][99,485s] GC(342) Phase 2: Compute new object addresses 99,241ms
[2019-04-15T13:32:43.652+0200][99,486s] GC(342) Phase 3: Adjust pointers
[2019-04-15T13:32:43.756+0200][99,589s] GC(342) Phase 3: Adjust pointers 103,908ms
[2019-04-15T13:32:43.756+0200][99,589s] GC(342) Phase 4: Move objects
[2019-04-15T13:32:43.758+0200][99,591s] GC(342) Phase 4: Move objects 1,922ms
[2019-04-15T13:32:43.758+0200][99,592s] GC(342) Pause Full (Allocation Failure) 467M->382M(490M) 330,841ms
[2019-04-15T13:32:43.758+0200][99,592s] GC(341) ParNew: 87424K->0K(109248K)
[2019-04-15T13:32:43.758+0200][99,592s] GC(341) CMS: 390973K->391241K(393216K)
[2019-04-15T13:32:43.758+0200][99,592s] GC(341) Metaspace: 68488K->68488K(1112064K)
[2019-04-15T13:32:43.758+0200][99,592s] GC(341) Pause Young (Allocation Failure) 467M->382M(490M) 330,956ms
[2019-04-15T13:32:43.758+0200][99,592s] GC(341) User=0,33s Sys=0,00s Real=0,33s
[2019-04-15T13:32:43.763+0200][99,597s] GC(343) Pause Initial Mark
[2019-04-15T13:32:43.765+0200][99,599s] GC(343) Pause Initial Mark 389M->389M(490M) 1,664ms
[2019-04-15T13:32:43.765+0200][99,599s] GC(343) User=0,00s Sys=0,00s Real=0,01s
[2019-04-15T13:32:43.765+0200][99,599s] GC(343) Concurrent Mark
[2019-04-15T13:32:43.765+0200][99,599s] GC(343) Using 4 workers of 4 for marking
[2019-04-15T13:32:43.900+0200][99,734s] GC(343) Concurrent Mark 134,723ms
[2019-04-15T13:32:43.900+0200][99,734s] GC(343) User=0,41s Sys=0,00s Real=0,13s
[2019-04-15T13:32:43.900+0200][99,734s] GC(343) Concurrent Preclean
[2019-04-15T13:32:43.901+0200][99,735s] GC(343) Concurrent Preclean 1,071ms
[2019-04-15T13:32:43.901+0200][99,735s] GC(343) User=0,00s Sys=0,00s Real=0,00s
[2019-04-15T13:32:43.901+0200][99,735s] GC(343) Concurrent Abortable Preclean
[2019-04-15T13:32:43.901+0200][99,735s] GC(343) Concurrent Abortable Preclean 0,008ms
[2019-04-15T13:32:43.901+0200][99,735s] GC(343) User=0,00s Sys=0,00s Real=0,00s
[2019-04-15T13:32:43.901+0200][99,735s] GC(343) Pause Remark
[2019-04-15T13:32:43.901+0200][99,735s] GC(344) Pause Young (CMS Final Remark)
[2019-04-15T13:32:43.901+0200][99,735s] GC(344) Using 4 workers of 4 for evacuation
[2019-04-15T13:32:43.901+0200][99,735s] GC(344) ParNew: 50181K->50181K(109248K)
[2019-04-15T13:32:43.901+0200][99,735s] GC(344) CMS: 391241K->391241K(393216K)
[2019-04-15T13:32:43.901+0200][99,735s] GC(344) Metaspace: 68488K->68488K(1112064K)
[2019-04-15T13:32:43.901+0200][99,735s] GC(344) Pause Young (CMS Final Remark) 431M->431M(490M) 0,055ms
[2019-04-15T13:32:43.901+0200][99,735s] GC(344) User=0,00s Sys=0,00s Real=0,00s
[2019-04-15T13:32:43.965+0200][99,799s] GC(343) Pause Remark 431M->431M(490M) 63,911ms
[2019-04-15T13:32:43.965+0200][99,799s] GC(343) User=0,13s Sys=0,00s Real=0,07s
[2019-04-15T13:32:43.965+0200][99,799s] GC(343) Concurrent Sweep
[2019-04-15T13:32:44.086+0200][99,920s] GC(345) Pause Full (Allocation Failure)
[2019-04-15T13:32:44.096+0200][99,930s] GC(343) Concurrent Sweep 130,594ms
[2019-04-15T13:32:44.096+0200][99,930s] GC(343) User=0,24s Sys=0,00s Real=0,13s
[2019-04-15T13:32:44.096+0200][99,930s] GC(345) Phase 1: Mark live objects
[2019-04-15T13:32:44.341+0200][100,175s] GC(345) Phase 1: Mark live objects 245,201ms
[2019-04-15T13:32:44.341+0200][100,175s] GC(345) Phase 2: Compute new object addresses
[2019-04-15T13:32:44.505+0200][100,338s] GC(345) Phase 2: Compute new object addresses 163,411ms
[2019-04-15T13:32:44.505+0200][100,338s] GC(345) Phase 3: Adjust pointers
[2019-04-15T13:32:44.674+0200][100,508s] GC(345) Phase 3: Adjust pointers 169,212ms
[2019-04-15T13:32:44.674+0200][100,508s] GC(345) Phase 4: Move objects
[2019-04-15T13:32:44.675+0200][100,509s] GC(345) Phase 4: Move objects 1,462ms
[2019-04-15T13:32:44.678+0200][100,512s] GC(345) ParNew: 87424K->0K(109248K)
[2019-04-15T13:32:44.678+0200][100,512s] GC(345) CMS: 393215K->390741K(393216K)
[2019-04-15T13:32:44.678+0200][100,512s] GC(345) Metaspace: 68488K->68488K(1112064K)
[2019-04-15T13:32:44.679+0200][100,512s] GC(345) Pause Full (Allocation Failure) 469M->381M(490M) 592,739ms
[2019-04-15T13:32:44.679+0200][100,512s] GC(345) User=0,58s Sys=0,01s Real=0,59s
[2019-04-15T13:32:44.684+0200][100,518s] GC(343) Old: 391241K->390741K(393216K)
[2019-04-15T13:32:44.802+0200][100,635s] GC(346) Pause Young (Allocation Failure)
[2019-04-15T13:32:44.802+0200][100,635s] GC(346) Using 4 workers of 4 for evacuation
[2019-04-15T13:32:44.802+0200][100,635s] GC(347) Pause Full (Allocation Failure)
[2019-04-15T13:32:44.802+0200][100,636s] GC(347) Phase 1: Mark live objects
[2019-04-15T13:32:45.128+0200][100,962s] GC(347) Phase 1: Mark live objects 326,311ms
[2019-04-15T13:32:45.129+0200][100,962s] GC(347) Phase 2: Compute new object addresses
[2019-04-15T13:32:45.248+0200][101,082s] GC(347) Phase 2: Compute new object addresses 119,681ms
[2019-04-15T13:32:45.248+0200][101,082s] GC(347) Phase 3: Adjust pointers
[2019-04-15T13:32:45.353+0200][101,186s] GC(347) Phase 3: Adjust pointers 104,356ms
[2019-04-15T13:32:45.353+0200][101,186s] GC(347) Phase 4: Move objects
[2019-04-15T13:32:45.354+0200][101,188s] GC(347) Phase 4: Move objects 1,306ms
[2019-04-15T13:32:45.355+0200][101,188s] GC(347) Pause Full (Allocation Failure) 466M->381M(490M) 552,986ms
[2019-04-15T13:32:45.355+0200][101,188s] GC(346) ParNew: 87424K->0K(109248K)
[2019-04-15T13:32:45.355+0200][101,188s] GC(346) CMS: 390741K->390520K(393216K)
[2019-04-15T13:32:45.355+0200][101,188s] GC(346) Metaspace: 68488K->68488K(1112064K)
[2019-04-15T13:32:45.355+0200][101,188s] GC(346) Pause Young (Allocation Failure) 466M->381M(490M) 553,136ms
[2019-04-15T13:32:45.355+0200][101,188s] GC(346) User=0,72s Sys=0,00s Real=0,56s
[2019-04-15T13:32:45.365+0200][101,199s] GC(348) Pause Initial Mark
[2019-04-15T13:32:45.367+0200][101,201s] GC(348) Pause Initial Mark 389M->389M(490M) 1,898ms
[2019-04-15T13:32:45.367+0200][101,201s] GC(348) User=0,01s Sys=0,00s Real=0,00s
[2019-04-15T13:32:45.367+0200][101,201s] GC(348) Concurrent Mark
[2019-04-15T13:32:45.367+0200][101,201s] GC(348) Using 4 workers of 4 for marking
[2019-04-15T13:32:45.550+0200][101,384s] GC(348) Concurrent Mark 183,294ms
[2019-04-15T13:32:45.550+0200][101,384s] GC(348) User=0,50s Sys=0,00s Real=0,18s
[2019-04-15T13:32:45.550+0200][101,384s] GC(348) Concurrent Preclean
[2019-04-15T13:32:45.551+0200][101,385s] GC(348) Concurrent Preclean 0,847ms
[2019-04-15T13:32:45.551+0200][101,385s] GC(348) User=0,00s Sys=0,00s Real=0,00s
[2019-04-15T13:32:45.551+0200][101,385s] GC(348) Concurrent Abortable Preclean
[2019-04-15T13:32:45.551+0200][101,385s] GC(348) Concurrent Abortable Preclean 0,009ms
[2019-04-15T13:32:45.551+0200][101,385s] GC(348) User=0,00s Sys=0,00s Real=0,00s
[2019-04-15T13:32:45.551+0200][101,385s] GC(348) Pause Remark
[2019-04-15T13:32:45.551+0200][101,385s] GC(349) Pause Young (CMS Final Remark)
[2019-04-15T13:32:45.551+0200][101,385s] GC(349) Using 4 workers of 4 for evacuation
[2019-04-15T13:32:45.551+0200][101,385s] GC(349) ParNew: 81506K->81506K(109248K)
[2019-04-15T13:32:45.551+0200][101,385s] GC(349) CMS: 390520K->390520K(393216K)
[2019-04-15T13:32:45.551+0200][101,385s] GC(349) Metaspace: 68488K->68488K(1112064K)
[2019-04-15T13:32:45.551+0200][101,385s] GC(349) Pause Young (CMS Final Remark) 460M->460M(490M) 0,062ms
[2019-04-15T13:32:45.551+0200][101,385s] GC(349) User=0,00s Sys=0,00s Real=0,00s
[2019-04-15T13:32:45.682+0200][101,516s] GC(348) Pause Remark 460M->460M(490M) 130,449ms
[2019-04-15T13:32:45.682+0200][101,516s] GC(348) User=0,25s Sys=0,00s Real=0,13s
[2019-04-15T13:32:45.682+0200][101,516s] GC(348) Concurrent Sweep
[2019-04-15T13:32:45.788+0200][101,621s] GC(350) Pause Full (Allocation Failure)
[2019-04-15T13:32:45.824+0200][101,657s] GC(348) Concurrent Sweep 141,700ms
[2019-04-15T13:32:45.824+0200][101,657s] GC(348) User=0,21s Sys=0,01s Real=0,14s
[2019-04-15T13:32:45.824+0200][101,658s] GC(350) Phase 1: Mark live objects
[2019-04-15T13:32:45.959+0200][101,793s] GC(350) Phase 1: Mark live objects 135,263ms
[2019-04-15T13:32:45.959+0200][101,793s] GC(350) Phase 2: Compute new object addresses
[2019-04-15T13:32:46.067+0200][101,901s] GC(350) Phase 2: Compute new object addresses 108,202ms
[2019-04-15T13:32:46.067+0200][101,901s] GC(350) Phase 3: Adjust pointers
[2019-04-15T13:32:46.178+0200][102,012s] GC(350) Phase 3: Adjust pointers 110,491ms
[2019-04-15T13:32:46.178+0200][102,012s] GC(350) Phase 4: Move objects
[2019-04-15T13:32:46.256+0200][102,089s] GC(350) Phase 4: Move objects 77,723ms
[2019-04-15T13:32:46.256+0200][102,090s] GC(350) ParNew: 87424K->0K(109248K)
[2019-04-15T13:32:46.256+0200][102,090s] GC(350) CMS: 393216K->390796K(393216K)
[2019-04-15T13:32:46.256+0200][102,090s] GC(350) Metaspace: 68488K->68488K(1112064K)
[2019-04-15T13:32:46.256+0200][102,090s] GC(350) Pause Full (Allocation Failure) 469M->381M(490M) 468,689ms
[2019-04-15T13:32:46.256+0200][102,090s] GC(350) User=0,47s Sys=0,00s Real=0,47s
[2019-04-15T13:32:46.256+0200][102,090s] GC(348) Old: 390520K->390796K(393216K)
[2019-04-15T13:32:46.333+0200][102,166s] GC(351) Pause Young (Allocation Failure)
[2019-04-15T13:32:46.333+0200][102,166s] GC(351) Using 4 workers of 4 for evacuation
[2019-04-15T13:32:46.333+0200][102,166s] GC(352) Pause Full (Allocation Failure)
[2019-04-15T13:32:46.333+0200][102,167s] GC(352) Phase 1: Mark live objects
[2019-04-15T13:32:46.460+0200][102,294s] GC(352) Phase 1: Mark live objects 127,338ms
[2019-04-15T13:32:46.460+0200][102,294s] GC(352) Phase 2: Compute new object addresses
[2019-04-15T13:32:46.558+0200][102,392s] GC(352) Phase 2: Compute new object addresses 97,868ms
[2019-04-15T13:32:46.558+0200][102,392s] GC(352) Phase 3: Adjust pointers
[2019-04-15T13:32:46.668+0200][102,502s] GC(352) Phase 3: Adjust pointers 109,489ms
[2019-04-15T13:32:46.668+0200][102,502s] GC(352) Phase 4: Move objects
[2019-04-15T13:32:46.734+0200][102,568s] GC(352) Phase 4: Move objects 66,588ms
[2019-04-15T13:32:46.735+0200][102,569s] GC(352) Pause Full (Allocation Failure) 467M->382M(490M) 402,449ms
[2019-04-15T13:32:46.735+0200][102,569s] GC(351) ParNew: 87424K->0K(109248K)
[2019-04-15T13:32:46.735+0200][102,569s] GC(351) CMS: 390796K->391853K(393216K)
[2019-04-15T13:32:46.735+0200][102,569s] GC(351) Metaspace: 68488K->68488K(1112064K)
[2019-04-15T13:32:46.735+0200][102,569s] GC(351) Pause Young (Allocation Failure) 467M->382M(490M) 402,575ms
[2019-04-15T13:32:46.735+0200][102,569s] GC(351) User=0,40s Sys=0,00s Real=0,41s
[2019-04-15T13:32:46.735+0200][102,569s] GC(353) Pause Initial Mark
[2019-04-15T13:32:46.736+0200][102,569s] GC(353) Pause Initial Mark 383M->383M(490M) 0,311ms
[2019-04-15T13:32:46.736+0200][102,569s] GC(353) User=0,00s Sys=0,00s Real=0,00s
[2019-04-15T13:32:46.736+0200][102,569s] GC(353) Concurrent Mark
[2019-04-15T13:32:46.736+0200][102,569s] GC(353) Using 4 workers of 4 for marking
[2019-04-15T13:32:46.865+0200][102,699s] GC(353) Concurrent Mark 129,202ms
[2019-04-15T13:32:46.865+0200][102,699s] GC(353) User=0,39s Sys=0,00s Real=0,13s
[2019-04-15T13:32:46.865+0200][102,699s] GC(353) Concurrent Preclean
[2019-04-15T13:32:46.866+0200][102,700s] GC(353) Concurrent Preclean 0,962ms
[2019-04-15T13:32:46.866+0200][102,700s] GC(353) User=0,00s Sys=0,00s Real=0,00s
[2019-04-15T13:32:46.866+0200][102,700s] GC(353) Concurrent Abortable Preclean
[2019-04-15T13:32:46.866+0200][102,700s] GC(353) Concurrent Abortable Preclean 0,010ms
[2019-04-15T13:32:46.866+0200][102,700s] GC(353) User=0,00s Sys=0,00s Real=0,00s
[2019-04-15T13:32:46.866+0200][102,700s] GC(353) Pause Remark
[2019-04-15T13:32:46.866+0200][102,700s] GC(354) Pause Young (CMS Final Remark)
[2019-04-15T13:32:46.866+0200][102,700s] GC(354) Using 4 workers of 4 for evacuation
[2019-04-15T13:32:46.866+0200][102,700s] GC(354) ParNew: 42797K->42797K(109248K)
[2019-04-15T13:32:46.866+0200][102,700s] GC(354) CMS: 391853K->391853K(393216K)
[2019-04-15T13:32:46.866+0200][102,700s] GC(354) Metaspace: 68488K->68488K(1112064K)
[2019-04-15T13:32:46.866+0200][102,700s] GC(354) Pause Young (CMS Final Remark) 424M->424M(490M) 0,056ms
[2019-04-15T13:32:46.866+0200][102,700s] GC(354) User=0,00s Sys=0,00s Real=0,00s
[2019-04-15T13:32:46.940+0200][102,773s] GC(353) Pause Remark 424M->424M(490M) 73,568ms
[2019-04-15T13:32:46.940+0200][102,773s] GC(353) User=0,16s Sys=0,00s Real=0,07s
[2019-04-15T13:32:46.940+0200][102,774s] GC(353) Concurrent Sweep
[2019-04-15T13:32:46.997+0200][102,831s] GC(355) Pause Full (Allocation Failure)
[2019-04-15T13:32:47.048+0200][102,882s] GC(353) Concurrent Sweep 108,407ms
[2019-04-15T13:32:47.048+0200][102,882s] GC(353) User=0,16s Sys=0,00s Real=0,11s
[2019-04-15T13:32:47.048+0200][102,882s] GC(355) Phase 1: Mark live objects
[2019-04-15T13:32:47.177+0200][103,011s] GC(355) Phase 1: Mark live objects 129,005ms
[2019-04-15T13:32:47.177+0200][103,011s] GC(355) Phase 2: Compute new object addresses
[2019-04-15T13:32:47.284+0200][103,118s] GC(355) Phase 2: Compute new object addresses 107,059ms
[2019-04-15T13:32:47.284+0200][103,118s] GC(355) Phase 3: Adjust pointers
[2019-04-15T13:32:47.385+0200][103,219s] GC(355) Phase 3: Adjust pointers 100,956ms
[2019-04-15T13:32:47.385+0200][103,219s] GC(355) Phase 4: Move objects
[2019-04-15T13:32:47.386+0200][103,220s] GC(355) Phase 4: Move objects 0,692ms
[2019-04-15T13:32:47.387+0200][103,221s] GC(355) ParNew: 87424K->0K(109248K)
[2019-04-15T13:32:47.387+0200][103,221s] GC(355) CMS: 393125K->391831K(393216K)
[2019-04-15T13:32:47.387+0200][103,221s] GC(355) Metaspace: 68488K->68488K(1112064K)
[2019-04-15T13:32:47.387+0200][103,221s] GC(355) Pause Full (Allocation Failure) 469M->382M(490M) 390,088ms
[2019-04-15T13:32:47.387+0200][103,221s] GC(355) User=0,38s Sys=0,00s Real=0,39s
[2019-04-15T13:32:47.387+0200][103,221s] GC(353) Old: 391853K->391831K(393216K)
[2019-04-15T13:32:47.452+0200][103,286s] GC(356) Pause Young (Allocation Failure)
[2019-04-15T13:32:47.452+0200][103,286s] GC(356) Using 4 workers of 4 for evacuation
[2019-04-15T13:32:47.452+0200][103,286s] GC(357) Pause Full (Allocation Failure)
[2019-04-15T13:32:47.452+0200][103,286s] GC(357) Phase 1: Mark live objects
[2019-04-15T13:32:47.580+0200][103,414s] GC(357) Phase 1: Mark live objects 127,561ms
[2019-04-15T13:32:47.580+0200][103,414s] GC(357) Phase 2: Compute new object addresses
[2019-04-15T13:32:47.702+0200][103,536s] GC(357) Phase 2: Compute new object addresses 121,941ms
[2019-04-15T13:32:47.702+0200][103,536s] GC(357) Phase 3: Adjust pointers
[2019-04-15T13:32:47.823+0200][103,657s] GC(357) Phase 3: Adjust pointers 121,231ms
[2019-04-15T13:32:47.823+0200][103,657s] GC(357) Phase 4: Move objects
[2019-04-15T13:32:47.902+0200][103,736s] GC(357) Phase 4: Move objects 78,836ms
[2019-04-15T13:32:47.903+0200][103,736s] GC(357) Pause Full (Allocation Failure) 468M->382M(490M) 450,677ms
[2019-04-15T13:32:47.903+0200][103,736s] GC(356) ParNew: 87424K->0K(109248K)
[2019-04-15T13:32:47.903+0200][103,736s] GC(356) CMS: 391831K->391510K(393216K)
[2019-04-15T13:32:47.903+0200][103,736s] GC(356) Metaspace: 68488K->68488K(1112064K)
[2019-04-15T13:32:47.903+0200][103,736s] GC(356) Pause Young (Allocation Failure) 468M->382M(490M) 450,799ms
[2019-04-15T13:32:47.903+0200][103,736s] GC(356) User=0,44s Sys=0,00s Real=0,45s
[2019-04-15T13:32:47.905+0200][103,739s] GC(358) Pause Initial Mark
[2019-04-15T13:32:47.907+0200][103,741s] GC(358) Pause Initial Mark 385M->385M(490M) 1,933ms
[2019-04-15T13:32:47.907+0200][103,741s] GC(358) User=0,00s Sys=0,00s Real=0,00s
[2019-04-15T13:32:47.907+0200][103,741s] GC(358) Concurrent Mark
[2019-04-15T13:32:47.907+0200][103,741s] GC(358) Using 4 workers of 4 for marking
[2019-04-15T13:32:48.020+0200][103,854s] GC(359) Pause Young (Allocation Failure)
[2019-04-15T13:32:48.020+0200][103,854s] GC(359) Using 4 workers of 4 for evacuation
[2019-04-15T13:32:48.020+0200][103,854s] GC(360) Pause Full (Allocation Failure)
[2019-04-15T13:32:48.070+0200][103,904s] GC(358) Concurrent Mark 162,514ms
[2019-04-15T13:32:48.070+0200][103,904s] GC(358) User=0,48s Sys=0,01s Real=0,16s
[2019-04-15T13:32:48.070+0200][103,904s] GC(360) Phase 1: Mark live objects
[2019-04-15T13:32:48.200+0200][104,033s] GC(360) Phase 1: Mark live objects 129,302ms
[2019-04-15T13:32:48.200+0200][104,033s] GC(360) Phase 2: Compute new object addresses
[2019-04-15T13:32:48.304+0200][104,137s] GC(360) Phase 2: Compute new object addresses 104,023ms
[2019-04-15T13:32:48.304+0200][104,137s] GC(360) Phase 3: Adjust pointers
[2019-04-15T13:32:48.405+0200][104,239s] GC(360) Phase 3: Adjust pointers 101,521ms
[2019-04-15T13:32:48.405+0200][104,239s] GC(360) Phase 4: Move objects
[2019-04-15T13:32:48.406+0200][104,240s] GC(360) Phase 4: Move objects 0,693ms
[2019-04-15T13:32:48.407+0200][104,241s] GC(360) Pause Full (Allocation Failure) 467M->382M(490M) 386,579ms
[2019-04-15T13:32:48.407+0200][104,241s] GC(359) ParNew: 87424K->0K(109248K)
[2019-04-15T13:32:48.407+0200][104,241s] GC(359) CMS: 391510K->391478K(393216K)
[2019-04-15T13:32:48.407+0200][104,241s] GC(359) Metaspace: 68488K->68488K(1112064K)
[2019-04-15T13:32:48.407+0200][104,241s] GC(359) Pause Young (Allocation Failure) 467M->382M(490M) 386,741ms
[2019-04-15T13:32:48.407+0200][104,241s] GC(359) User=0,47s Sys=0,00s Real=0,39s
[2019-04-15T13:32:48.484+0200][104,317s] GC(361) Pause Young (Allocation Failure)
[2019-04-15T13:32:48.484+0200][104,317s] GC(361) Using 4 workers of 4 for evacuation
[2019-04-15T13:32:48.484+0200][104,317s] GC(362) Pause Full (Allocation Failure)
[2019-04-15T13:32:48.484+0200][104,318s] GC(362) Phase 1: Mark live objects
[2019-04-15T13:32:48.612+0200][104,445s] GC(362) Phase 1: Mark live objects 127,653ms
[2019-04-15T13:32:48.612+0200][104,445s] GC(362) Phase 2: Compute new object addresses
[2019-04-15T13:32:48.709+0200][104,543s] GC(362) Phase 2: Compute new object addresses 97,301ms
[2019-04-15T13:32:48.709+0200][104,543s] GC(362) Phase 3: Adjust pointers
[2019-04-15T13:32:48.852+0200][104,686s] GC(362) Phase 3: Adjust pointers 143,291ms
[2019-04-15T13:32:48.852+0200][104,686s] GC(362) Phase 4: Move objects
[2019-04-15T13:32:48.920+0200][104,754s] GC(362) Phase 4: Move objects 67,900ms
[2019-04-15T13:32:48.921+0200][104,755s] GC(362) Pause Full (Allocation Failure) 467M->382M(490M) 437,200ms
[2019-04-15T13:32:48.921+0200][104,755s] GC(361) ParNew: 87424K->0K(109248K)
[2019-04-15T13:32:48.921+0200][104,755s] GC(361) CMS: 391478K->391967K(393216K)
[2019-04-15T13:32:48.921+0200][104,755s] GC(361) Metaspace: 68498K->68498K(1112064K)
[2019-04-15T13:32:48.921+0200][104,755s] GC(361) Pause Young (Allocation Failure) 467M->382M(490M) 437,316ms
[2019-04-15T13:32:48.921+0200][104,755s] GC(361) User=0,42s Sys=0,00s Real=0,44s
[2019-04-15T13:32:48.922+0200][104,756s] GC(363) Pause Initial Mark
[2019-04-15T13:32:48.923+0200][104,757s] GC(363) Pause Initial Mark 385M->385M(490M) 1,154ms
[2019-04-15T13:32:48.923+0200][104,757s] GC(363) User=0,00s Sys=0,00s Real=0,00s
[2019-04-15T13:32:48.924+0200][104,757s] GC(363) Concurrent Mark
[2019-04-15T13:32:48.924+0200][104,757s] GC(363) Using 4 workers of 4 for marking
[2019-04-15T13:32:49.123+0200][104,956s] GC(363) Concurrent Mark 199,154ms
[2019-04-15T13:32:49.123+0200][104,957s] GC(363) User=0,44s Sys=0,01s Real=0,20s
[2019-04-15T13:32:49.123+0200][104,957s] GC(363) Concurrent Preclean
[2019-04-15T13:32:49.125+0200][104,959s] GC(363) Concurrent Preclean 2,038ms
[2019-04-15T13:32:49.125+0200][104,959s] GC(363) User=0,00s Sys=0,00s Real=0,01s
[2019-04-15T13:32:49.125+0200][104,959s] GC(363) Concurrent Abortable Preclean
[2019-04-15T13:32:49.125+0200][104,959s] GC(363) Concurrent Abortable Preclean 0,021ms
[2019-04-15T13:32:49.125+0200][104,959s] GC(363) User=0,00s Sys=0,00s Real=0,00s
[2019-04-15T13:32:49.125+0200][104,959s] GC(363) Pause Remark
[2019-04-15T13:32:49.125+0200][104,959s] GC(364) Pause Young (CMS Final Remark)
[2019-04-15T13:32:49.125+0200][104,959s] GC(364) Using 4 workers of 4 for evacuation
[2019-04-15T13:32:49.126+0200][104,959s] GC(364) ParNew: 79347K->79347K(109248K)
[2019-04-15T13:32:49.126+0200][104,959s] GC(364) CMS: 391967K->391967K(393216K)
[2019-04-15T13:32:49.126+0200][104,959s] GC(364) Metaspace: 68498K->68498K(1112064K)
[2019-04-15T13:32:49.126+0200][104,959s] GC(364) Pause Young (CMS Final Remark) 460M->460M(490M) 0,105ms
[2019-04-15T13:32:49.126+0200][104,959s] GC(364) User=0,00s Sys=0,00s Real=0,00s
[2019-04-15T13:32:49.242+0200][105,075s] GC(363) Pause Remark 460M->460M(490M) 116,300ms
[2019-04-15T13:32:49.242+0200][105,075s] GC(363) User=0,29s Sys=0,00s Real=0,11s
[2019-04-15T13:32:49.242+0200][105,076s] GC(363) Concurrent Sweep
[2019-04-15T13:32:49.282+0200][105,115s] GC(365) Pause Full (Allocation Failure)
[2019-04-15T13:32:49.367+0200][105,201s] GC(363) Concurrent Sweep 125,296ms
[2019-04-15T13:32:49.367+0200][105,201s] GC(363) User=0,15s Sys=0,00s Real=0,13s
[2019-04-15T13:32:49.367+0200][105,201s] GC(365) Phase 1: Mark live objects
[2019-04-15T13:32:49.533+0200][105,367s] GC(365) Phase 1: Mark live objects 165,435ms
[2019-04-15T13:32:49.533+0200][105,367s] GC(365) Phase 2: Compute new object addresses
[2019-04-15T13:32:49.650+0200][105,484s] GC(365) Phase 2: Compute new object addresses 117,368ms
[2019-04-15T13:32:49.650+0200][105,484s] GC(365) Phase 3: Adjust pointers
[2019-04-15T13:32:49.780+0200][105,613s] GC(365) Phase 3: Adjust pointers 129,370ms
[2019-04-15T13:32:49.780+0200][105,613s] GC(365) Phase 4: Move objects
[2019-04-15T13:32:49.889+0200][105,723s] GC(365) Phase 4: Move objects 109,741ms
[2019-04-15T13:32:49.890+0200][105,724s] GC(365) ParNew: 87424K->0K(109248K)
[2019-04-15T13:32:49.890+0200][105,724s] GC(365) CMS: 393121K->391714K(393216K)
[2019-04-15T13:32:49.890+0200][105,724s] GC(365) Metaspace: 68498K->68498K(1112064K)
[2019-04-15T13:32:49.890+0200][105,724s] GC(365) Pause Full (Allocation Failure) 469M->382M(490M) 608,592ms
[2019-04-15T13:32:49.890+0200][105,724s] GC(365) User=0,61s Sys=0,00s Real=0,61s
[2019-04-15T13:32:49.890+0200][105,724s] GC(363) Old: 391967K->391714K(393216K)
[2019-04-15T13:32:49.974+0200][105,808s] GC(366) Pause Young (Allocation Failure)
[2019-04-15T13:32:49.974+0200][105,808s] GC(366) Using 4 workers of 4 for evacuation
[2019-04-15T13:32:49.974+0200][105,808s] GC(367) Pause Full (Allocation Failure)
[2019-04-15T13:32:49.975+0200][105,809s] GC(367) Phase 1: Mark live objects
[2019-04-15T13:32:50.213+0200][106,046s] GC(367) Phase 1: Mark live objects 237,269ms
[2019-04-15T13:32:50.213+0200][106,046s] GC(367) Phase 2: Compute new object addresses
[2019-04-15T13:32:50.348+0200][106,181s] GC(367) Phase 2: Compute new object addresses 134,953ms
[2019-04-15T13:32:50.348+0200][106,181s] GC(367) Phase 3: Adjust pointers
[2019-04-15T13:32:50.522+0200][106,355s] GC(367) Phase 3: Adjust pointers 174,036ms
[2019-04-15T13:32:50.522+0200][106,355s] GC(367) Phase 4: Move objects
[2019-04-15T13:32:50.523+0200][106,357s] GC(367) Phase 4: Move objects 1,063ms
[2019-04-15T13:32:50.524+0200][106,358s] GC(367) Pause Full (Allocation Failure) 467M->382M(490M) 549,869ms
[2019-04-15T13:32:50.524+0200][106,358s] GC(366) ParNew: 87424K->0K(109248K)
[2019-04-15T13:32:50.524+0200][106,358s] GC(366) CMS: 391714K->391586K(393216K)
[2019-04-15T13:32:50.524+0200][106,358s] GC(366) Metaspace: 68498K->68498K(1112064K)
[2019-04-15T13:32:50.524+0200][106,358s] GC(366) Pause Young (Allocation Failure) 467M->382M(490M) 550,185ms
[2019-04-15T13:32:50.525+0200][106,358s] GC(366) User=0,55s Sys=0,00s Real=0,54s
[2019-04-15T13:32:50.525+0200][106,359s] GC(368) Pause Initial Mark
[2019-04-15T13:32:50.526+0200][106,360s] GC(368) Pause Initial Mark 383M->383M(490M) 0,736ms
[2019-04-15T13:32:50.526+0200][106,360s] GC(368) User=0,00s Sys=0,00s Real=0,00s
[2019-04-15T13:32:50.526+0200][106,360s] GC(368) Concurrent Mark
[2019-04-15T13:32:50.526+0200][106,360s] GC(368) Using 4 workers of 4 for marking
[2019-04-15T13:32:50.666+0200][106,500s] GC(368) Concurrent Mark 140,033ms
[2019-04-15T13:32:50.666+0200][106,500s] GC(368) User=0,45s Sys=0,01s Real=0,14s
[2019-04-15T13:32:50.666+0200][106,500s] GC(368) Concurrent Preclean
[2019-04-15T13:32:50.668+0200][106,502s] GC(368) Concurrent Preclean 1,645ms
[2019-04-15T13:32:50.668+0200][106,502s] GC(368) User=0,00s Sys=0,00s Real=0,00s
[2019-04-15T13:32:50.668+0200][106,502s] GC(368) Concurrent Abortable Preclean
[2019-04-15T13:32:50.668+0200][106,502s] GC(368) Concurrent Abortable Preclean 0,013ms
[2019-04-15T13:32:50.668+0200][106,502s] GC(368) User=0,00s Sys=0,00s Real=0,00s
[2019-04-15T13:32:50.668+0200][106,502s] GC(368) Pause Remark
[2019-04-15T13:32:50.728+0200][106,561s] GC(368) Pause Remark 452M->452M(490M) 59,635ms
[2019-04-15T13:32:50.728+0200][106,561s] GC(368) User=0,11s Sys=0,00s Real=0,06s
[2019-04-15T13:32:50.728+0200][106,561s] GC(368) Concurrent Sweep
[2019-04-15T13:32:50.728+0200][106,562s] GC(369) Pause Young (GCLocker Initiated GC)
[2019-04-15T13:32:50.728+0200][106,562s] GC(369) Using 4 workers of 4 for evacuation
[2019-04-15T13:32:50.728+0200][106,562s] GC(369) ParNew: 71306K->71306K(109248K)
[2019-04-15T13:32:50.728+0200][106,562s] GC(369) CMS: 391586K->391586K(393216K)
[2019-04-15T13:32:50.728+0200][106,562s] GC(369) Metaspace: 68498K->68498K(1112064K)
[2019-04-15T13:32:50.728+0200][106,562s] GC(369) Pause Young (GCLocker Initiated GC) 452M->452M(490M) 0,053ms
[2019-04-15T13:32:50.728+0200][106,562s] GC(369) User=0,00s Sys=0,00s Real=0,00s
[2019-04-15T13:32:50.728+0200][106,562s] GC(370) Pause Full (GCLocker Initiated GC)
[2019-04-15T13:32:50.799+0200][106,632s] GC(368) Concurrent Sweep 70,991ms
[2019-04-15T13:32:50.799+0200][106,633s] GC(368) User=0,07s Sys=0,00s Real=0,07s
[2019-04-15T13:32:50.799+0200][106,633s] GC(370) Phase 1: Mark live objects
[2019-04-15T13:32:50.962+0200][106,796s] GC(370) Phase 1: Mark live objects 163,527ms
[2019-04-15T13:32:50.962+0200][106,796s] GC(370) Phase 2: Compute new object addresses
[2019-04-15T13:32:51.074+0200][106,908s] GC(370) Phase 2: Compute new object addresses 111,798ms
[2019-04-15T13:32:51.074+0200][106,908s] GC(370) Phase 3: Adjust pointers
[2019-04-15T13:32:51.215+0200][107,049s] GC(370) Phase 3: Adjust pointers 140,479ms
[2019-04-15T13:32:51.215+0200][107,049s] GC(370) Phase 4: Move objects
[2019-04-15T13:32:51.303+0200][107,137s] GC(370) Phase 4: Move objects 88,459ms
[2019-04-15T13:32:51.304+0200][107,138s] GC(370) ParNew: 71306K->0K(109248K)
[2019-04-15T13:32:51.304+0200][107,138s] GC(370) CMS: 391586K->391150K(393216K)
[2019-04-15T13:32:51.304+0200][107,138s] GC(370) Metaspace: 68498K->68498K(1112064K)
[2019-04-15T13:32:51.304+0200][107,138s] GC(370) Pause Full (GCLocker Initiated GC) 452M->381M(490M) 576,381ms
[2019-04-15T13:32:51.304+0200][107,138s] GC(370) User=0,57s Sys=0,00s Real=0,57s
[2019-04-15T13:32:51.305+0200][107,139s] GC(368) Old: 391586K->391150K(393216K)
[2019-04-15T13:32:51.382+0200][107,215s] GC(371) Pause Young (Allocation Failure)
[2019-04-15T13:32:51.382+0200][107,215s] GC(371) Using 4 workers of 4 for evacuation
[2019-04-15T13:32:51.382+0200][107,216s] GC(372) Pause Full (Allocation Failure)
[2019-04-15T13:32:51.382+0200][107,216s] GC(372) Phase 1: Mark live objects
[2019-04-15T13:32:51.553+0200][107,386s] GC(372) Phase 1: Mark live objects 170,557ms
[2019-04-15T13:32:51.553+0200][107,387s] GC(372) Phase 2: Compute new object addresses
[2019-04-15T13:32:51.666+0200][107,500s] GC(372) Phase 2: Compute new object addresses 113,495ms
[2019-04-15T13:32:51.666+0200][107,500s] GC(372) Phase 3: Adjust pointers
[2019-04-15T13:32:51.797+0200][107,631s] GC(372) Phase 3: Adjust pointers 130,578ms
[2019-04-15T13:32:51.797+0200][107,631s] GC(372) Phase 4: Move objects
[2019-04-15T13:32:51.799+0200][107,632s] GC(372) Phase 4: Move objects 1,614ms
[2019-04-15T13:32:51.801+0200][107,635s] GC(372) Pause Full (Allocation Failure) 467M->382M(490M) 419,176ms
[2019-04-15T13:32:51.801+0200][107,635s] GC(371) ParNew: 87424K->0K(109248K)
[2019-04-15T13:32:51.801+0200][107,635s] GC(371) CMS: 391150K->391835K(393216K)
[2019-04-15T13:32:51.801+0200][107,635s] GC(371) Metaspace: 68498K->68498K(1112064K)
[2019-04-15T13:32:51.801+0200][107,635s] GC(371) Pause Young (Allocation Failure) 467M->382M(490M) 419,310ms
[2019-04-15T13:32:51.801+0200][107,635s] GC(371) User=0,42s Sys=0,00s Real=0,42s
[2019-04-15T13:32:51.801+0200][107,635s] GC(373) Pause Initial Mark
[2019-04-15T13:32:51.801+0200][107,635s] GC(373) Pause Initial Mark 384M->384M(490M) 0,263ms
[2019-04-15T13:32:51.801+0200][107,635s] GC(373) User=0,00s Sys=0,00s Real=0,00s
[2019-04-15T13:32:51.802+0200][107,635s] GC(373) Concurrent Mark
[2019-04-15T13:32:51.802+0200][107,635s] GC(373) Using 4 workers of 4 for marking
[2019-04-15T13:32:51.964+0200][107,798s] GC(373) Concurrent Mark 162,574ms
[2019-04-15T13:32:51.964+0200][107,798s] GC(373) User=0,45s Sys=0,00s Real=0,16s
[2019-04-15T13:32:51.964+0200][107,798s] GC(373) Concurrent Preclean
[2019-04-15T13:32:51.965+0200][107,799s] GC(373) Concurrent Preclean 0,960ms
[2019-04-15T13:32:51.965+0200][107,799s] GC(373) User=0,00s Sys=0,00s Real=0,01s
[2019-04-15T13:32:51.965+0200][107,799s] GC(373) Concurrent Abortable Preclean
[2019-04-15T13:32:51.965+0200][107,799s] GC(373) Concurrent Abortable Preclean 0,008ms
[2019-04-15T13:32:51.965+0200][107,799s] GC(373) User=0,00s Sys=0,00s Real=0,00s
[2019-04-15T13:32:51.965+0200][107,799s] GC(373) Pause Remark
[2019-04-15T13:32:51.965+0200][107,799s] GC(374) Pause Young (CMS Final Remark)
[2019-04-15T13:32:51.965+0200][107,799s] GC(374) Using 4 workers of 4 for evacuation
[2019-04-15T13:32:51.965+0200][107,799s] GC(374) ParNew: 61243K->61243K(109248K)
[2019-04-15T13:32:51.965+0200][107,799s] GC(374) CMS: 391835K->391835K(393216K)
[2019-04-15T13:32:51.965+0200][107,799s] GC(374) Metaspace: 68498K->68498K(1112064K)
[2019-04-15T13:32:51.965+0200][107,799s] GC(374) Pause Young (CMS Final Remark) 442M->442M(490M) 0,055ms
[2019-04-15T13:32:51.965+0200][107,799s] GC(374) User=0,00s Sys=0,00s Real=0,00s
[2019-04-15T13:32:52.111+0200][107,945s] GC(373) Pause Remark 442M->442M(490M) 145,624ms
[2019-04-15T13:32:52.111+0200][107,945s] GC(373) User=0,25s Sys=0,01s Real=0,14s
[2019-04-15T13:32:52.111+0200][107,945s] GC(373) Concurrent Sweep
[2019-04-15T13:32:52.158+0200][107,992s] GC(375) Pause Full (Allocation Failure)
[2019-04-15T13:32:52.233+0200][108,067s] GC(373) Concurrent Sweep 122,349ms
[2019-04-15T13:32:52.233+0200][108,067s] GC(373) User=0,17s Sys=0,00s Real=0,13s
[2019-04-15T13:32:52.234+0200][108,067s] GC(375) Phase 1: Mark live objects
[2019-04-15T13:32:52.412+0200][108,246s] GC(375) Phase 1: Mark live objects 178,484ms
[2019-04-15T13:32:52.412+0200][108,246s] GC(375) Phase 2: Compute new object addresses
[2019-04-15T13:32:52.518+0200][108,352s] GC(375) Phase 2: Compute new object addresses 105,990ms
[2019-04-15T13:32:52.518+0200][108,352s] GC(375) Phase 3: Adjust pointers
[2019-04-15T13:32:52.668+0200][108,502s] GC(375) Phase 3: Adjust pointers 150,055ms
[2019-04-15T13:32:52.668+0200][108,502s] GC(375) Phase 4: Move objects
[2019-04-15T13:32:52.784+0200][108,617s] GC(375) Phase 4: Move objects 115,408ms
[2019-04-15T13:32:52.785+0200][108,618s] GC(375) ParNew: 87424K->0K(109248K)
[2019-04-15T13:32:52.785+0200][108,618s] GC(375) CMS: 393151K->391747K(393216K)
[2019-04-15T13:32:52.785+0200][108,618s] GC(375) Metaspace: 68498K->68498K(1112064K)
[2019-04-15T13:32:52.785+0200][108,618s] GC(375) Pause Full (Allocation Failure) 469M->382M(490M) 626,580ms
[2019-04-15T13:32:52.785+0200][108,618s] GC(375) User=0,62s Sys=0,00s Real=0,62s
[2019-04-15T13:32:52.785+0200][108,619s] GC(373) Old: 391835K->391747K(393216K)
[2019-04-15T13:32:52.871+0200][108,705s] GC(376) Pause Young (Allocation Failure)
[2019-04-15T13:32:52.871+0200][108,705s] GC(376) Using 4 workers of 4 for evacuation
[2019-04-15T13:32:52.871+0200][108,705s] GC(377) Pause Full (Allocation Failure)
[2019-04-15T13:32:52.871+0200][108,705s] GC(377) Phase 1: Mark live objects
[2019-04-15T13:32:53.034+0200][108,868s] GC(377) Phase 1: Mark live objects 162,840ms
[2019-04-15T13:32:53.035+0200][108,868s] GC(377) Phase 2: Compute new object addresses
[2019-04-15T13:32:53.153+0200][108,987s] GC(377) Phase 2: Compute new object addresses 118,840ms
[2019-04-15T13:32:53.153+0200][108,987s] GC(377) Phase 3: Adjust pointers
[2019-04-15T13:32:53.279+0200][109,113s] GC(377) Phase 3: Adjust pointers 125,390ms
[2019-04-15T13:32:53.279+0200][109,113s] GC(377) Phase 4: Move objects
[2019-04-15T13:32:53.279+0200][109,113s] GC(377) Phase 4: Move objects 0,532ms
[2019-04-15T13:32:53.280+0200][109,114s] GC(377) Pause Full (Allocation Failure) 467M->382M(490M) 409,065ms
[2019-04-15T13:32:53.280+0200][109,114s] GC(376) ParNew: 87424K->0K(109248K)
[2019-04-15T13:32:53.280+0200][109,114s] GC(376) CMS: 391747K->391670K(393216K)
[2019-04-15T13:32:53.280+0200][109,114s] GC(376) Metaspace: 68464K->68464K(1112064K)
[2019-04-15T13:32:53.280+0200][109,114s] GC(376) Pause Young (Allocation Failure) 467M->382M(490M) 409,182ms
[2019-04-15T13:32:53.280+0200][109,114s] GC(376) User=0,41s Sys=0,00s Real=0,41s
[2019-04-15T13:32:53.280+0200][109,114s] GC(378) Pause Initial Mark
[2019-04-15T13:32:53.281+0200][109,115s] GC(378) Pause Initial Mark 383M->383M(490M) 0,562ms
[2019-04-15T13:32:53.281+0200][109,115s] GC(378) User=0,00s Sys=0,00s Real=0,00s
[2019-04-15T13:32:53.281+0200][109,115s] GC(378) Concurrent Mark
[2019-04-15T13:32:53.281+0200][109,115s] GC(378) Using 4 workers of 4 for marking
[2019-04-15T13:32:53.458+0200][109,292s] GC(378) Concurrent Mark 176,876ms
[2019-04-15T13:32:53.458+0200][109,292s] GC(378) User=0,48s Sys=0,00s Real=0,18s
[2019-04-15T13:32:53.458+0200][109,292s] GC(378) Concurrent Preclean
[2019-04-15T13:32:53.460+0200][109,294s] GC(378) Concurrent Preclean 1,529ms
[2019-04-15T13:32:53.460+0200][109,294s] GC(378) User=0,01s Sys=0,00s Real=0,00s
[2019-04-15T13:32:53.460+0200][109,294s] GC(378) Concurrent Abortable Preclean
[2019-04-15T13:32:53.460+0200][109,294s] GC(378) Concurrent Abortable Preclean 0,028ms
[2019-04-15T13:32:53.460+0200][109,294s] GC(378) User=0,00s Sys=0,00s Real=0,00s
[2019-04-15T13:32:53.460+0200][109,294s] GC(378) Pause Remark
[2019-04-15T13:32:53.461+0200][109,294s] GC(379) Pause Young (CMS Final Remark)
[2019-04-15T13:32:53.461+0200][109,295s] GC(379) Using 4 workers of 4 for evacuation
[2019-04-15T13:32:53.461+0200][109,295s] GC(379) ParNew: 68323K->68323K(109248K)
[2019-04-15T13:32:53.461+0200][109,295s] GC(379) CMS: 391670K->391670K(393216K)
[2019-04-15T13:32:53.461+0200][109,295s] GC(379) Metaspace: 68464K->68464K(1112064K)
[2019-04-15T13:32:53.461+0200][109,295s] GC(379) Pause Young (CMS Final Remark) 449M->449M(490M) 0,343ms
[2019-04-15T13:32:53.461+0200][109,295s] GC(379) User=0,00s Sys=0,00s Real=0,00s
[2019-04-15T13:32:53.531+0200][109,365s] GC(378) Pause Remark 449M->449M(490M) 70,806ms
[2019-04-15T13:32:53.531+0200][109,365s] GC(378) User=0,14s Sys=0,00s Real=0,07s
[2019-04-15T13:32:53.531+0200][109,365s] GC(378) Concurrent Sweep
[2019-04-15T13:32:53.548+0200][109,382s] GC(380) Pause Full (Allocation Failure)
[2019-04-15T13:32:53.600+0200][109,434s] GC(378) Concurrent Sweep 68,964ms
[2019-04-15T13:32:53.600+0200][109,434s] GC(378) User=0,08s Sys=0,00s Real=0,07s
[2019-04-15T13:32:53.600+0200][109,434s] GC(380) Phase 1: Mark live objects
[2019-04-15T13:32:53.783+0200][109,617s] GC(380) Phase 1: Mark live objects 182,689ms
[2019-04-15T13:32:53.783+0200][109,617s] GC(380) Phase 2: Compute new object addresses
[2019-04-15T13:32:53.902+0200][109,736s] GC(380) Phase 2: Compute new object addresses 118,938ms
[2019-04-15T13:32:53.902+0200][109,736s] GC(380) Phase 3: Adjust pointers
[2019-04-15T13:32:54.072+0200][109,906s] GC(380) Phase 3: Adjust pointers 170,101ms
[2019-04-15T13:32:54.072+0200][109,906s] GC(380) Phase 4: Move objects
[2019-04-15T13:32:54.076+0200][109,909s] GC(380) Phase 4: Move objects 3,264ms
[2019-04-15T13:32:54.077+0200][109,910s] GC(380) ParNew: 80516K->0K(109248K)
[2019-04-15T13:32:54.077+0200][109,910s] GC(380) CMS: 391670K->392204K(393216K)
[2019-04-15T13:32:54.077+0200][109,910s] GC(380) Metaspace: 68464K->68464K(1112064K)
[2019-04-15T13:32:54.077+0200][109,910s] GC(380) Pause Full (Allocation Failure) 461M->383M(490M) 528,932ms
[2019-04-15T13:32:54.077+0200][109,910s] GC(380) User=0,50s Sys=0,00s Real=0,53s
[2019-04-15T13:32:54.080+0200][109,913s] GC(378) Old: 391670K->392204K(393216K)
[2019-04-15T13:32:54.202+0200][110,036s] GC(381) Pause Young (Allocation Failure)
[2019-04-15T13:32:54.202+0200][110,036s] GC(381) Using 4 workers of 4 for evacuation
[2019-04-15T13:32:54.202+0200][110,036s] GC(382) Pause Full (Allocation Failure)
[2019-04-15T13:32:54.202+0200][110,036s] GC(382) Phase 1: Mark live objects
[2019-04-15T13:32:54.455+0200][110,289s] GC(382) Phase 1: Mark live objects 252,434ms
[2019-04-15T13:32:54.455+0200][110,289s] GC(382) Phase 2: Compute new object addresses
[2019-04-15T13:32:54.631+0200][110,464s] GC(382) Phase 2: Compute new object addresses 175,581ms
[2019-04-15T13:32:54.631+0200][110,464s] GC(382) Phase 3: Adjust pointers
[2019-04-15T13:32:54.804+0200][110,638s] GC(382) Phase 3: Adjust pointers 173,611ms
[2019-04-15T13:32:54.804+0200][110,638s] GC(382) Phase 4: Move objects
[2019-04-15T13:32:54.805+0200][110,639s] GC(382) Phase 4: Move objects 0,880ms
[2019-04-15T13:32:54.807+0200][110,640s] GC(382) Pause Full (Allocation Failure) 468M->386M(490M) 604,504ms
[2019-04-15T13:32:54.807+0200][110,640s] GC(381) ParNew: 87424K->8508K(109248K)
[2019-04-15T13:32:54.807+0200][110,640s] GC(381) CMS: 392204K->386812K(393216K)
[2019-04-15T13:32:54.807+0200][110,640s] GC(381) Metaspace: 68464K->68464K(1112064K)
[2019-04-15T13:32:54.807+0200][110,640s] GC(381) Pause Young (Allocation Failure) 468M->386M(490M) 604,651ms
[2019-04-15T13:32:54.807+0200][110,640s] GC(381) User=0,60s Sys=0,00s Real=0,61s
[2019-04-15T13:32:54.807+0200][110,641s] GC(383) Pause Initial Mark
[2019-04-15T13:32:54.807+0200][110,641s] GC(383) Pause Initial Mark 387M->387M(490M) 0,533ms
[2019-04-15T13:32:54.807+0200][110,641s] GC(383) User=0,00s Sys=0,00s Real=0,00s
[2019-04-15T13:32:54.807+0200][110,641s] GC(383) Concurrent Mark
[2019-04-15T13:32:54.808+0200][110,641s] GC(383) Using 4 workers of 4 for marking
[2019-04-15T13:32:54.985+0200][110,819s] GC(383) Concurrent Mark 177,590ms
[2019-04-15T13:32:54.985+0200][110,819s] GC(383) User=0,49s Sys=0,00s Real=0,18s
[2019-04-15T13:32:54.985+0200][110,819s] GC(383) Concurrent Preclean
[2019-04-15T13:32:55.191+0200][111,025s] GC(383) Concurrent Preclean 206,132ms
[2019-04-15T13:32:55.191+0200][111,025s] GC(383) User=0,37s Sys=0,00s Real=0,20s
[2019-04-15T13:32:55.191+0200][111,025s] GC(383) Concurrent Abortable Preclean
[2019-04-15T13:32:55.191+0200][111,025s] GC(383) Concurrent Abortable Preclean 0,007ms
[2019-04-15T13:32:55.191+0200][111,025s] GC(383) User=0,00s Sys=0,00s Real=0,00s
[2019-04-15T13:32:55.192+0200][111,025s] GC(383) Pause Remark
[2019-04-15T13:32:55.192+0200][111,025s] GC(384) Pause Young (CMS Final Remark)
[2019-04-15T13:32:55.192+0200][111,025s] GC(384) Using 4 workers of 4 for evacuation
[2019-04-15T13:32:55.192+0200][111,025s] GC(384) ParNew: 101710K->101710K(109248K)
[2019-04-15T13:32:55.192+0200][111,025s] GC(384) CMS: 386812K->386812K(393216K)
[2019-04-15T13:32:55.192+0200][111,025s] GC(384) Metaspace: 68464K->68464K(1112064K)
[2019-04-15T13:32:55.192+0200][111,025s] GC(384) Pause Young (CMS Final Remark) 477M->477M(490M) 0,054ms
[2019-04-15T13:32:55.192+0200][111,025s] GC(384) User=0,00s Sys=0,00s Real=0,00s
[2019-04-15T13:32:55.280+0200][111,114s] GC(383) Pause Remark 477M->477M(490M) 88,451ms
[2019-04-15T13:32:55.280+0200][111,114s] GC(383) User=0,18s Sys=0,00s Real=0,09s
[2019-04-15T13:32:55.280+0200][111,114s] GC(383) Concurrent Sweep
[2019-04-15T13:32:55.461+0200][111,295s] GC(385) Pause Full (Allocation Failure)
[2019-04-15T13:32:55.462+0200][111,296s] GC(383) Concurrent Sweep 182,010ms
[2019-04-15T13:32:55.462+0200][111,296s] GC(383) User=0,34s Sys=0,00s Real=0,18s
[2019-04-15T13:32:55.462+0200][111,296s] GC(385) Phase 1: Mark live objects
[2019-04-15T13:32:55.645+0200][111,479s] GC(385) Phase 1: Mark live objects 182,716ms
[2019-04-15T13:32:55.645+0200][111,479s] GC(385) Phase 2: Compute new object addresses
[2019-04-15T13:32:55.758+0200][111,592s] GC(385) Phase 2: Compute new object addresses 113,502ms
[2019-04-15T13:32:55.758+0200][111,592s] GC(385) Phase 3: Adjust pointers
[2019-04-15T13:32:55.897+0200][111,731s] GC(385) Phase 3: Adjust pointers 138,319ms
[2019-04-15T13:32:55.897+0200][111,731s] GC(385) Phase 4: Move objects
[2019-04-15T13:32:56.027+0200][111,861s] GC(385) Phase 4: Move objects 130,621ms
[2019-04-15T13:32:56.043+0200][111,877s] GC(385) ParNew: 109248K->0K(109248K)
[2019-04-15T13:32:56.043+0200][111,877s] GC(385) CMS: 393215K->392418K(393216K)
[2019-04-15T13:32:56.043+0200][111,877s] GC(385) Metaspace: 68464K->68464K(1112064K)
[2019-04-15T13:32:56.043+0200][111,877s] GC(385) Pause Full (Allocation Failure) 490M->383M(490M) 582,061ms
[2019-04-15T13:32:56.043+0200][111,877s] GC(385) User=0,57s Sys=0,01s Real=0,58s
[2019-04-15T13:32:56.043+0200][111,877s] GC(383) Old: 386812K->392418K(393216K)
[2019-04-15T13:32:56.194+0200][112,028s] GC(386) Pause Young (Allocation Failure)
[2019-04-15T13:32:56.194+0200][112,028s] GC(386) Using 4 workers of 4 for evacuation
[2019-04-15T13:32:56.194+0200][112,028s] GC(387) Pause Full (Allocation Failure)
[2019-04-15T13:32:56.194+0200][112,028s] GC(387) Phase 1: Mark live objects
[2019-04-15T13:32:56.362+0200][112,196s] GC(387) Phase 1: Mark live objects 167,849ms
[2019-04-15T13:32:56.362+0200][112,196s] GC(387) Phase 2: Compute new object addresses
[2019-04-15T13:32:56.467+0200][112,300s] GC(387) Phase 2: Compute new object addresses 104,378ms
[2019-04-15T13:32:56.467+0200][112,300s] GC(387) Phase 3: Adjust pointers
[2019-04-15T13:32:56.605+0200][112,439s] GC(387) Phase 3: Adjust pointers 138,209ms
[2019-04-15T13:32:56.605+0200][112,439s] GC(387) Phase 4: Move objects
[2019-04-15T13:32:56.708+0200][112,542s] GC(387) Phase 4: Move objects 102,914ms
[2019-04-15T13:32:56.709+0200][112,542s] GC(387) Pause Full (Allocation Failure) 468M->383M(490M) 514,788ms
[2019-04-15T13:32:56.709+0200][112,542s] GC(386) ParNew: 87424K->0K(109248K)
[2019-04-15T13:32:56.709+0200][112,542s] GC(386) CMS: 392418K->392355K(393216K)
[2019-04-15T13:32:56.709+0200][112,542s] GC(386) Metaspace: 68438K->68438K(1112064K)
[2019-04-15T13:32:56.709+0200][112,542s] GC(386) Pause Young (Allocation Failure) 468M->383M(490M) 514,930ms
[2019-04-15T13:32:56.709+0200][112,543s] GC(386) User=0,52s Sys=0,00s Real=0,51s
[2019-04-15T13:32:56.710+0200][112,543s] GC(388) Pause Initial Mark
[2019-04-15T13:32:56.710+0200][112,544s] GC(388) Pause Initial Mark 384M->384M(490M) 0,468ms
[2019-04-15T13:32:56.710+0200][112,544s] GC(388) User=0,00s Sys=0,00s Real=0,00s
[2019-04-15T13:32:56.710+0200][112,544s] GC(388) Concurrent Mark
[2019-04-15T13:32:56.710+0200][112,544s] GC(388) Using 4 workers of 4 for marking
[2019-04-15T13:32:56.884+0200][112,718s] GC(388) Concurrent Mark 174,311ms
[2019-04-15T13:32:56.885+0200][112,718s] GC(388) User=0,43s Sys=0,00s Real=0,17s
[2019-04-15T13:32:56.885+0200][112,718s] GC(388) Concurrent Preclean
[2019-04-15T13:32:56.886+0200][112,720s] GC(388) Concurrent Preclean 1,612ms
[2019-04-15T13:32:56.886+0200][112,720s] GC(388) User=0,01s Sys=0,00s Real=0,01s
[2019-04-15T13:32:56.886+0200][112,720s] GC(388) Concurrent Abortable Preclean
[2019-04-15T13:32:56.886+0200][112,720s] GC(388) Concurrent Abortable Preclean 0,012ms
[2019-04-15T13:32:56.886+0200][112,720s] GC(388) User=0,00s Sys=0,00s Real=0,00s
[2019-04-15T13:32:56.886+0200][112,720s] GC(388) Pause Remark
[2019-04-15T13:32:56.886+0200][112,720s] GC(389) Pause Young (CMS Final Remark)
[2019-04-15T13:32:56.886+0200][112,720s] GC(389) Using 4 workers of 4 for evacuation
[2019-04-15T13:32:56.886+0200][112,720s] GC(389) ParNew: 43785K->43785K(109248K)
[2019-04-15T13:32:56.886+0200][112,720s] GC(389) CMS: 392355K->392355K(393216K)
[2019-04-15T13:32:56.886+0200][112,720s] GC(389) Metaspace: 68438K->68438K(1112064K)
[2019-04-15T13:32:56.886+0200][112,720s] GC(389) Pause Young (CMS Final Remark) 425M->425M(490M) 0,092ms
[2019-04-15T13:32:56.886+0200][112,720s] GC(389) User=0,00s Sys=0,00s Real=0,00s
[2019-04-15T13:32:56.999+0200][112,833s] GC(388) Pause Remark 425M->425M(490M) 112,517ms
[2019-04-15T13:32:56.999+0200][112,833s] GC(388) User=0,18s Sys=0,00s Real=0,11s
[2019-04-15T13:32:57.009+0200][112,843s] GC(388) Concurrent Sweep
[2019-04-15T13:32:57.083+0200][112,917s] GC(390) Pause Full (Allocation Failure)
[2019-04-15T13:32:57.151+0200][112,985s] GC(388) Concurrent Sweep 142,046ms
[2019-04-15T13:32:57.152+0200][112,985s] GC(388) User=0,16s Sys=0,00s Real=0,14s
[2019-04-15T13:32:57.152+0200][112,985s] GC(390) Phase 1: Mark live objects
[2019-04-15T13:32:57.444+0200][113,278s] GC(390) Phase 1: Mark live objects 292,117ms
[2019-04-15T13:32:57.444+0200][113,278s] GC(390) Phase 2: Compute new object addresses
[2019-04-15T13:32:57.594+0200][113,428s] GC(390) Phase 2: Compute new object addresses 150,389ms
[2019-04-15T13:32:57.594+0200][113,428s] GC(390) Phase 3: Adjust pointers
[2019-04-15T13:32:57.793+0200][113,626s] GC(390) Phase 3: Adjust pointers 198,304ms
[2019-04-15T13:32:57.793+0200][113,627s] GC(390) Phase 4: Move objects
[2019-04-15T13:32:57.900+0200][113,734s] GC(390) Phase 4: Move objects 107,052ms
[2019-04-15T13:32:57.902+0200][113,735s] GC(390) ParNew: 87424K->0K(109248K)
[2019-04-15T13:32:57.902+0200][113,735s] GC(390) CMS: 393145K->392315K(393216K)
[2019-04-15T13:32:57.902+0200][113,735s] GC(390) Metaspace: 68438K->68438K(1112064K)
[2019-04-15T13:32:57.902+0200][113,735s] GC(390) Pause Full (Allocation Failure) 469M->383M(490M) 818,503ms
[2019-04-15T13:32:57.902+0200][113,735s] GC(390) User=0,76s Sys=0,00s Real=0,82s
[2019-04-15T13:32:57.902+0200][113,736s] GC(388) Old: 392355K->392315K(393216K)
[2019-04-15T13:32:58.043+0200][113,876s] GC(391) Pause Young (Allocation Failure)
[2019-04-15T13:32:58.043+0200][113,876s] GC(391) Using 4 workers of 4 for evacuation
[2019-04-15T13:32:58.043+0200][113,876s] GC(392) Pause Full (Allocation Failure)
[2019-04-15T13:32:58.045+0200][113,878s] GC(392) Phase 1: Mark live objects
[2019-04-15T13:32:58.306+0200][114,139s] GC(392) Phase 1: Mark live objects 260,956ms
[2019-04-15T13:32:58.306+0200][114,139s] GC(392) Phase 2: Compute new object addresses
[2019-04-15T13:32:58.515+0200][114,348s] GC(392) Phase 2: Compute new object addresses 208,931ms
[2019-04-15T13:32:58.515+0200][114,348s] GC(392) Phase 3: Adjust pointers
[2019-04-15T13:32:58.683+0200][114,516s] GC(392) Phase 3: Adjust pointers 167,850ms
[2019-04-15T13:32:58.683+0200][114,516s] GC(392) Phase 4: Move objects
[2019-04-15T13:32:58.688+0200][114,522s] GC(392) Phase 4: Move objects 5,273ms
[2019-04-15T13:32:58.689+0200][114,522s] GC(392) Pause Full (Allocation Failure) 468M->384M(490M) 646,087ms
[2019-04-15T13:32:58.689+0200][114,523s] GC(391) ParNew: 87424K->386K(109248K)
[2019-04-15T13:32:58.689+0200][114,523s] GC(391) CMS: 392315K->393215K(393216K)
[2019-04-15T13:32:58.689+0200][114,523s] GC(391) Metaspace: 68438K->68438K(1112064K)
[2019-04-15T13:32:58.689+0200][114,523s] GC(391) Pause Young (Allocation Failure) 468M->384M(490M) 646,254ms
[2019-04-15T13:32:58.689+0200][114,523s] GC(391) User=0,57s Sys=0,01s Real=0,65s
[2019-04-15T13:32:58.690+0200][114,524s] GC(393) Pause Initial Mark
[2019-04-15T13:32:58.691+0200][114,525s] GC(393) Pause Initial Mark 385M->385M(490M) 0,836ms
[2019-04-15T13:32:58.691+0200][114,525s] GC(393) User=0,00s Sys=0,01s Real=0,00s
[2019-04-15T13:32:58.691+0200][114,525s] GC(393) Concurrent Mark
[2019-04-15T13:32:58.691+0200][114,525s] GC(393) Using 4 workers of 4 for marking
[2019-04-15T13:32:58.900+0200][114,733s] GC(393) Concurrent Mark 208,591ms
[2019-04-15T13:32:58.900+0200][114,733s] GC(393) User=0,44s Sys=0,00s Real=0,21s
[2019-04-15T13:32:58.900+0200][114,733s] GC(393) Concurrent Preclean
[2019-04-15T13:32:59.145+0200][114,979s] GC(394) Pause Full (Allocation Failure)
[2019-04-15T13:32:59.147+0200][114,981s] GC(393) Concurrent Preclean 247,198ms
[2019-04-15T13:32:59.147+0200][114,981s] GC(393) User=0,46s Sys=0,00s Real=0,25s
[2019-04-15T13:32:59.147+0200][114,981s] GC(394) Phase 1: Mark live objects
[2019-04-15T13:32:59.343+0200][115,177s] GC(394) Phase 1: Mark live objects 195,820ms
[2019-04-15T13:32:59.343+0200][115,177s] GC(394) Phase 2: Compute new object addresses
[2019-04-15T13:32:59.513+0200][115,346s] GC(394) Phase 2: Compute new object addresses 169,518ms
[2019-04-15T13:32:59.513+0200][115,346s] GC(394) Phase 3: Adjust pointers
[2019-04-15T13:32:59.662+0200][115,496s] GC(394) Phase 3: Adjust pointers 149,648ms
[2019-04-15T13:32:59.662+0200][115,496s] GC(394) Phase 4: Move objects
[2019-04-15T13:32:59.665+0200][115,498s] GC(394) Phase 4: Move objects 2,181ms
[2019-04-15T13:32:59.665+0200][115,499s] GC(394) ParNew: 109247K->360K(109248K)
[2019-04-15T13:32:59.665+0200][115,499s] GC(394) CMS: 393215K->393215K(393216K)
[2019-04-15T13:32:59.665+0200][115,499s] GC(394) Metaspace: 68438K->68438K(1112064K)
[2019-04-15T13:32:59.665+0200][115,499s] GC(394) Pause Full (Allocation Failure) 490M->384M(490M) 520,051ms
[2019-04-15T13:32:59.665+0200][115,499s] GC(394) User=0,52s Sys=0,00s Real=0,52s
[2019-04-15T13:32:59.957+0200][115,791s] GC(395) Pause Full (Allocation Failure)
[2019-04-15T13:32:59.958+0200][115,792s] GC(395) Phase 1: Mark live objects
[2019-04-15T13:33:00.138+0200][115,972s] GC(395) Phase 1: Mark live objects 180,683ms
[2019-04-15T13:33:00.139+0200][115,972s] GC(395) Phase 2: Compute new object addresses
[2019-04-15T13:33:00.243+0200][116,077s] GC(395) Phase 2: Compute new object addresses 104,827ms
[2019-04-15T13:33:00.243+0200][116,077s] GC(395) Phase 3: Adjust pointers
[2019-04-15T13:33:00.350+0200][116,184s] GC(395) Phase 3: Adjust pointers 106,677ms
[2019-04-15T13:33:00.350+0200][116,184s] GC(395) Phase 4: Move objects
[2019-04-15T13:33:00.351+0200][116,185s] GC(395) Phase 4: Move objects 0,853ms
[2019-04-15T13:33:00.352+0200][116,185s] GC(395) ParNew: 109248K->940K(109248K)
[2019-04-15T13:33:00.352+0200][116,185s] GC(395) CMS: 393215K->393213K(393216K)
[2019-04-15T13:33:00.352+0200][116,185s] GC(395) Metaspace: 68438K->68438K(1112064K)
[2019-04-15T13:33:00.352+0200][116,185s] GC(395) Pause Full (Allocation Failure) 490M->384M(490M) 394,345ms
[2019-04-15T13:33:00.352+0200][116,185s] GC(395) User=0,39s Sys=0,00s Real=0,39s
[2019-04-15T13:33:00.352+0200][116,186s] GC(396) Pause Initial Mark
[2019-04-15T13:33:00.352+0200][116,186s] GC(396) Pause Initial Mark 386M->386M(490M) 0,534ms
[2019-04-15T13:33:00.352+0200][116,186s] GC(396) User=0,00s Sys=0,00s Real=0,00s
[2019-04-15T13:33:00.352+0200][116,186s] GC(396) Concurrent Mark
[2019-04-15T13:33:00.352+0200][116,186s] GC(396) Using 4 workers of 4 for marking
[2019-04-15T13:33:00.487+0200][116,321s] GC(396) Concurrent Mark 134,902ms
[2019-04-15T13:33:00.487+0200][116,321s] GC(396) User=0,44s Sys=0,00s Real=0,14s
[2019-04-15T13:33:00.487+0200][116,321s] GC(396) Concurrent Preclean
[2019-04-15T13:33:00.631+0200][116,464s] GC(396) Concurrent Preclean 143,206ms
[2019-04-15T13:33:00.631+0200][116,464s] GC(396) User=0,28s Sys=0,00s Real=0,14s
[2019-04-15T13:33:00.631+0200][116,464s] GC(396) Concurrent Abortable Preclean
[2019-04-15T13:33:00.631+0200][116,464s] GC(396) Concurrent Abortable Preclean 0,007ms
[2019-04-15T13:33:00.631+0200][116,464s] GC(396) User=0,00s Sys=0,00s Real=0,00s
[2019-04-15T13:33:00.631+0200][116,464s] GC(396) Pause Remark
[2019-04-15T13:33:00.631+0200][116,465s] GC(397) Pause Young (CMS Final Remark)
[2019-04-15T13:33:00.631+0200][116,465s] GC(397) Using 4 workers of 4 for evacuation
[2019-04-15T13:33:00.631+0200][116,465s] GC(397) ParNew: 98960K->98960K(109248K)
[2019-04-15T13:33:00.631+0200][116,465s] GC(397) CMS: 393213K->393213K(393216K)
[2019-04-15T13:33:00.631+0200][116,465s] GC(397) Metaspace: 68438K->68438K(1112064K)
[2019-04-15T13:33:00.631+0200][116,465s] GC(397) Pause Young (CMS Final Remark) 480M->480M(490M) 0,055ms
[2019-04-15T13:33:00.631+0200][116,465s] GC(397) User=0,00s Sys=0,00s Real=0,00s
[2019-04-15T13:33:00.729+0200][116,563s] GC(396) Pause Remark 480M->480M(490M) 98,419ms
[2019-04-15T13:33:00.729+0200][116,563s] GC(396) User=0,24s Sys=0,00s Real=0,10s
[2019-04-15T13:33:00.729+0200][116,563s] GC(396) Concurrent Sweep
[2019-04-15T13:33:00.824+0200][116,658s] GC(398) Pause Full (Allocation Failure)
[2019-04-15T13:33:00.830+0200][116,663s] GC(396) Concurrent Sweep 100,456ms
[2019-04-15T13:33:00.830+0200][116,663s] GC(396) User=0,19s Sys=0,00s Real=0,10s
[2019-04-15T13:33:00.830+0200][116,664s] GC(398) Phase 1: Mark live objects
[2019-04-15T13:33:00.959+0200][116,792s] GC(398) Phase 1: Mark live objects 128,793ms
[2019-04-15T13:33:00.959+0200][116,792s] GC(398) Phase 2: Compute new object addresses
[2019-04-15T13:33:01.071+0200][116,905s] GC(398) Phase 2: Compute new object addresses 112,384ms
[2019-04-15T13:33:01.071+0200][116,905s] GC(398) Phase 3: Adjust pointers
[2019-04-15T13:33:01.179+0200][117,012s] GC(398) Phase 3: Adjust pointers 107,469ms
[2019-04-15T13:33:01.179+0200][117,012s] GC(398) Phase 4: Move objects
[2019-04-15T13:33:01.269+0200][117,103s] GC(398) Phase 4: Move objects 90,345ms
[2019-04-15T13:33:01.270+0200][117,103s] GC(398) ParNew: 109248K->0K(109248K)
[2019-04-15T13:33:01.270+0200][117,103s] GC(398) CMS: 393215K->392991K(393216K)
[2019-04-15T13:33:01.270+0200][117,103s] GC(398) Metaspace: 68438K->68438K(1112064K)
[2019-04-15T13:33:01.270+0200][117,104s] GC(398) Pause Full (Allocation Failure) 490M->383M(490M) 445,509ms
[2019-04-15T13:33:01.270+0200][117,104s] GC(398) User=0,43s Sys=0,00s Real=0,45s
[2019-04-15T13:33:01.270+0200][117,104s] GC(396) Old: 393213K->392991K(393216K)
[2019-04-15T13:33:01.337+0200][117,171s] GC(399) Pause Young (Allocation Failure)
[2019-04-15T13:33:01.337+0200][117,171s] GC(399) Using 4 workers of 4 for evacuation
[2019-04-15T13:33:01.337+0200][117,171s] GC(400) Pause Full (Allocation Failure)
[2019-04-15T13:33:01.338+0200][117,171s] GC(400) Phase 1: Mark live objects
[2019-04-15T13:33:01.463+0200][117,297s] GC(400) Phase 1: Mark live objects 125,643ms
[2019-04-15T13:33:01.463+0200][117,297s] GC(400) Phase 2: Compute new object addresses
[2019-04-15T13:33:01.567+0200][117,401s] GC(400) Phase 2: Compute new object addresses 103,781ms
[2019-04-15T13:33:01.567+0200][117,401s] GC(400) Phase 3: Adjust pointers
[2019-04-15T13:33:01.666+0200][117,500s] GC(400) Phase 3: Adjust pointers 99,405ms
[2019-04-15T13:33:01.666+0200][117,500s] GC(400) Phase 4: Move objects
[2019-04-15T13:33:01.669+0200][117,502s] GC(400) Phase 4: Move objects 2,226ms
[2019-04-15T13:33:01.669+0200][117,503s] GC(400) Pause Full (Allocation Failure) 469M->384M(490M) 332,128ms
[2019-04-15T13:33:01.669+0200][117,503s] GC(399) ParNew: 87424K->217K(109248K)
[2019-04-15T13:33:01.669+0200][117,503s] GC(399) CMS: 392991K->393215K(393216K)
[2019-04-15T13:33:01.669+0200][117,503s] GC(399) Metaspace: 68438K->68438K(1112064K)
[2019-04-15T13:33:01.669+0200][117,503s] GC(399) Pause Young (Allocation Failure) 469M->384M(490M) 332,250ms
[2019-04-15T13:33:01.669+0200][117,503s] GC(399) User=0,34s Sys=0,00s Real=0,33s
[2019-04-15T13:33:01.670+0200][117,503s] GC(401) Pause Initial Mark
[2019-04-15T13:33:01.670+0200][117,504s] GC(401) Pause Initial Mark 385M->385M(490M) 0,323ms
[2019-04-15T13:33:01.670+0200][117,504s] GC(401) User=0,00s Sys=0,00s Real=0,00s
[2019-04-15T13:33:01.670+0200][117,504s] GC(401) Concurrent Mark
[2019-04-15T13:33:01.670+0200][117,504s] GC(401) Using 4 workers of 4 for marking
[2019-04-15T13:33:01.807+0200][117,641s] GC(401) Concurrent Mark 136,867ms
[2019-04-15T13:33:01.807+0200][117,641s] GC(401) User=0,39s Sys=0,00s Real=0,14s
[2019-04-15T13:33:01.807+0200][117,641s] GC(401) Concurrent Preclean
[2019-04-15T13:33:01.942+0200][117,775s] GC(401) Concurrent Preclean 134,783ms
[2019-04-15T13:33:01.942+0200][117,776s] GC(401) User=0,27s Sys=0,00s Real=0,13s
[2019-04-15T13:33:01.942+0200][117,776s] GC(401) Concurrent Abortable Preclean
[2019-04-15T13:33:01.942+0200][117,776s] GC(401) Concurrent Abortable Preclean 0,008ms
[2019-04-15T13:33:01.942+0200][117,776s] GC(401) User=0,00s Sys=0,00s Real=0,00s
[2019-04-15T13:33:01.942+0200][117,776s] GC(401) Pause Remark
[2019-04-15T13:33:01.942+0200][117,776s] GC(402) Pause Young (CMS Final Remark)
[2019-04-15T13:33:01.942+0200][117,776s] GC(402) Using 4 workers of 4 for evacuation
[2019-04-15T13:33:01.942+0200][117,776s] GC(402) ParNew: 95165K->95165K(109248K)
[2019-04-15T13:33:01.942+0200][117,776s] GC(402) CMS: 393215K->393215K(393216K)
[2019-04-15T13:33:01.942+0200][117,776s] GC(402) Metaspace: 68438K->68438K(1112064K)
[2019-04-15T13:33:01.942+0200][117,776s] GC(402) Pause Young (CMS Final Remark) 476M->476M(490M) 0,122ms
[2019-04-15T13:33:01.942+0200][117,776s] GC(402) User=0,00s Sys=0,00s Real=0,00s
[2019-04-15T13:33:02.014+0200][117,848s] GC(401) Pause Remark 476M->476M(490M) 72,529ms
[2019-04-15T13:33:02.015+0200][117,848s] GC(401) User=0,15s Sys=0,00s Real=0,08s
[2019-04-15T13:33:02.015+0200][117,848s] GC(401) Concurrent Sweep
[2019-04-15T13:33:02.131+0200][117,964s] GC(403) Pause Full (Allocation Failure)
[2019-04-15T13:33:02.136+0200][117,970s] GC(401) Concurrent Sweep 121,236ms
[2019-04-15T13:33:02.136+0200][117,970s] GC(401) User=0,22s Sys=0,00s Real=0,12s
[2019-04-15T13:33:02.136+0200][117,970s] GC(403) Phase 1: Mark live objects
[2019-04-15T13:33:02.300+0200][118,134s] GC(403) Phase 1: Mark live objects 164,262ms
[2019-04-15T13:33:02.300+0200][118,134s] GC(403) Phase 2: Compute new object addresses
[2019-04-15T13:33:02.420+0200][118,254s] GC(403) Phase 2: Compute new object addresses 120,181ms
[2019-04-15T13:33:02.421+0200][118,254s] GC(403) Phase 3: Adjust pointers
[2019-04-15T13:33:02.539+0200][118,372s] GC(403) Phase 3: Adjust pointers 118,046ms
[2019-04-15T13:33:02.539+0200][118,372s] GC(403) Phase 4: Move objects
[2019-04-15T13:33:02.539+0200][118,373s] GC(403) Phase 4: Move objects 0,652ms
[2019-04-15T13:33:02.542+0200][118,376s] GC(403) ParNew: 109247K->0K(109248K)
[2019-04-15T13:33:02.542+0200][118,376s] GC(403) CMS: 393215K->393179K(393216K)
[2019-04-15T13:33:02.542+0200][118,376s] GC(403) Metaspace: 68438K->68438K(1112064K)
[2019-04-15T13:33:02.542+0200][118,376s] GC(403) Pause Full (Allocation Failure) 490M->383M(490M) 411,362ms
[2019-04-15T13:33:02.542+0200][118,376s] GC(403) User=0,41s Sys=0,00s Real=0,41s
[2019-04-15T13:33:02.542+0200][118,376s] GC(401) Old: 393215K->393179K(393216K)
[2019-04-15T13:33:02.615+0200][118,449s] GC(404) Pause Young (Allocation Failure)
[2019-04-15T13:33:02.615+0200][118,449s] GC(404) Using 4 workers of 4 for evacuation
[2019-04-15T13:33:02.615+0200][118,449s] GC(405) Pause Full (Allocation Failure)
[2019-04-15T13:33:02.616+0200][118,449s] GC(405) Phase 1: Mark live objects
[2019-04-15T13:33:02.778+0200][118,611s] GC(405) Phase 1: Mark live objects 161,906ms
[2019-04-15T13:33:02.778+0200][118,611s] GC(405) Phase 2: Compute new object addresses
[2019-04-15T13:33:02.896+0200][118,730s] GC(405) Phase 2: Compute new object addresses 118,517ms
[2019-04-15T13:33:02.896+0200][118,730s] GC(405) Phase 3: Adjust pointers
[2019-04-15T13:33:03.042+0200][118,876s] GC(405) Phase 3: Adjust pointers 145,879ms
[2019-04-15T13:33:03.042+0200][118,876s] GC(405) Phase 4: Move objects
[2019-04-15T13:33:03.045+0200][118,879s] GC(405) Phase 4: Move objects 2,623ms
[2019-04-15T13:33:03.045+0200][118,879s] GC(405) Pause Full (Allocation Failure) 469M->384M(490M) 430,080ms
[2019-04-15T13:33:03.045+0200][118,879s] GC(404) ParNew: 87424K->573K(109248K)
[2019-04-15T13:33:03.045+0200][118,879s] GC(404) CMS: 393179K->393216K(393216K)
[2019-04-15T13:33:03.045+0200][118,879s] GC(404) Metaspace: 68438K->68438K(1112064K)
[2019-04-15T13:33:03.045+0200][118,879s] GC(404) Pause Young (Allocation Failure) 469M->384M(490M) 430,195ms
[2019-04-15T13:33:03.045+0200][118,879s] GC(404) User=0,42s Sys=0,00s Real=0,43s
[2019-04-15T13:33:03.046+0200][118,880s] GC(406) Pause Initial Mark
[2019-04-15T13:33:03.047+0200][118,881s] GC(406) Pause Initial Mark 386M->386M(490M) 0,602ms
[2019-04-15T13:33:03.047+0200][118,881s] GC(406) User=0,00s Sys=0,00s Real=0,00s
[2019-04-15T13:33:03.047+0200][118,881s] GC(406) Concurrent Mark
[2019-04-15T13:33:03.047+0200][118,881s] GC(406) Using 4 workers of 4 for marking
[2019-04-15T13:33:03.253+0200][119,087s] GC(406) Concurrent Mark 206,071ms
[2019-04-15T13:33:03.253+0200][119,087s] GC(406) User=0,49s Sys=0,01s Real=0,21s
[2019-04-15T13:33:03.253+0200][119,087s] GC(406) Concurrent Preclean
[2019-04-15T13:33:03.468+0200][119,302s] GC(407) Pause Full (Allocation Failure)
[2019-04-15T13:33:03.528+0200][119,362s] GC(406) Concurrent Preclean 275,044ms
[2019-04-15T13:33:03.528+0200][119,362s] GC(406) User=0,47s Sys=0,00s Real=0,27s
[2019-04-15T13:33:03.529+0200][119,363s] GC(407) Phase 1: Mark live objects
[2019-04-15T13:33:03.783+0200][119,617s] GC(407) Phase 1: Mark live objects 254,236ms
[2019-04-15T13:33:03.783+0200][119,617s] GC(407) Phase 2: Compute new object addresses
[2019-04-15T13:33:03.939+0200][119,772s] GC(407) Phase 2: Compute new object addresses 155,224ms
[2019-04-15T13:33:03.939+0200][119,772s] GC(407) Phase 3: Adjust pointers
[2019-04-15T13:33:04.157+0200][119,991s] GC(407) Phase 3: Adjust pointers 218,101ms
[2019-04-15T13:33:04.157+0200][119,991s] GC(407) Phase 4: Move objects
[2019-04-15T13:33:04.164+0200][119,998s] GC(407) Phase 4: Move objects 6,863ms
[2019-04-15T13:33:04.165+0200][119,999s] GC(407) ParNew: 109247K->122K(109248K)
[2019-04-15T13:33:04.165+0200][119,999s] GC(407) CMS: 393216K->393215K(393216K)
[2019-04-15T13:33:04.165+0200][119,999s] GC(407) Metaspace: 68438K->68438K(1112064K)
[2019-04-15T13:33:04.165+0200][119,999s] GC(407) Pause Full (Allocation Failure) 490M->384M(490M) 696,942ms
[2019-04-15T13:33:04.165+0200][119,999s] GC(407) User=0,66s Sys=0,01s Real=0,70s
[2019-04-15T13:33:04.543+0200][120,377s] GC(408) Pause Full (Allocation Failure)
[2019-04-15T13:33:04.543+0200][120,377s] GC(408) Phase 1: Mark live objects
[2019-04-15T13:33:04.873+0200][120,706s] GC(408) Phase 1: Mark live objects 329,069ms
[2019-04-15T13:33:04.873+0200][120,706s] GC(408) Phase 2: Compute new object addresses
[2019-04-15T13:33:05.117+0200][120,951s] GC(408) Phase 2: Compute new object addresses 244,832ms
[2019-04-15T13:33:05.118+0200][120,951s] GC(408) Phase 3: Adjust pointers
[2019-04-15T13:33:05.450+0200][121,284s] GC(408) Phase 3: Adjust pointers 332,764ms
[2019-04-15T13:33:05.450+0200][121,284s] GC(408) Phase 4: Move objects
[2019-04-15T13:33:05.455+0200][121,289s] GC(408) Phase 4: Move objects 4,698ms
[2019-04-15T13:33:05.456+0200][121,290s] GC(408) ParNew: 109247K->663K(109248K)
[2019-04-15T13:33:05.456+0200][121,290s] GC(408) CMS: 393216K->393216K(393216K)
[2019-04-15T13:33:05.456+0200][121,290s] GC(408) Metaspace: 68444K->68444K(1112064K)
[2019-04-15T13:33:05.456+0200][121,290s] GC(408) Pause Full (Allocation Failure) 490M->384M(490M) 913,391ms
[2019-04-15T13:33:05.456+0200][121,290s] GC(408) User=0,63s Sys=0,00s Real=0,92s
[2019-04-15T13:33:05.499+0200][121,333s] GC(409) Pause Initial Mark
[2019-04-15T13:33:05.506+0200][121,340s] GC(409) Pause Initial Mark 399M->399M(490M) 7,016ms
[2019-04-15T13:33:05.506+0200][121,340s] GC(409) User=0,01s Sys=0,00s Real=0,01s
[2019-04-15T13:33:05.506+0200][121,340s] GC(409) Concurrent Mark
[2019-04-15T13:33:05.506+0200][121,340s] GC(409) Using 4 workers of 4 for marking
[2019-04-15T13:33:05.872+0200][121,705s] GC(409) Concurrent Mark 365,459ms
[2019-04-15T13:33:05.872+0200][121,705s] GC(409) User=0,54s Sys=0,00s Real=0,36s
[2019-04-15T13:33:05.872+0200][121,705s] GC(409) Concurrent Preclean
[2019-04-15T13:33:06.315+0200][122,149s] GC(410) Pause Full (Allocation Failure)
[2019-04-15T13:33:06.446+0200][122,280s] GC(409) Concurrent Preclean 574,115ms
[2019-04-15T13:33:06.446+0200][122,280s] GC(409) User=0,46s Sys=0,00s Real=0,58s
[2019-04-15T13:33:06.446+0200][122,280s] GC(410) Phase 1: Mark live objects
[2019-04-15T13:33:06.730+0200][122,564s] GC(410) Phase 1: Mark live objects 284,122ms
[2019-04-15T13:33:06.730+0200][122,564s] GC(410) Phase 2: Compute new object addresses
[2019-04-15T13:33:06.970+0200][122,804s] GC(410) Phase 2: Compute new object addresses 239,958ms
[2019-04-15T13:33:06.970+0200][122,804s] GC(410) Phase 3: Adjust pointers
[2019-04-15T13:33:07.175+0200][123,009s] GC(410) Phase 3: Adjust pointers 204,618ms
[2019-04-15T13:33:07.175+0200][123,009s] GC(410) Phase 4: Move objects
[2019-04-15T13:33:07.210+0200][123,044s] GC(410) Phase 4: Move objects 34,741ms
[2019-04-15T13:33:07.211+0200][123,044s] GC(410) ParNew: 109247K->0K(109248K)
[2019-04-15T13:33:07.211+0200][123,045s] GC(410) CMS: 393216K->393013K(393216K)
[2019-04-15T13:33:07.211+0200][123,045s] GC(410) Metaspace: 68449K->68449K(1112064K)
[2019-04-15T13:33:07.211+0200][123,045s] GC(410) Pause Full (Allocation Failure) 490M->383M(490M) 895,891ms
[2019-04-15T13:33:07.211+0200][123,045s] GC(410) User=0,74s Sys=0,00s Real=0,89s
[2019-04-15T13:33:07.359+0200][123,193s] GC(411) Pause Young (Allocation Failure)
[2019-04-15T13:33:07.359+0200][123,193s] GC(411) Using 4 workers of 4 for evacuation
[2019-04-15T13:33:07.359+0200][123,193s] GC(412) Pause Full (Allocation Failure)
[2019-04-15T13:33:07.360+0200][123,193s] GC(412) Phase 1: Mark live objects
[2019-04-15T13:33:07.690+0200][123,524s] GC(412) Phase 1: Mark live objects 330,086ms
[2019-04-15T13:33:07.690+0200][123,524s] GC(412) Phase 2: Compute new object addresses
[2019-04-15T13:33:07.987+0200][123,821s] GC(412) Phase 2: Compute new object addresses 296,901ms
[2019-04-15T13:33:07.987+0200][123,821s] GC(412) Phase 3: Adjust pointers
[2019-04-15T13:33:08.278+0200][124,112s] GC(412) Phase 3: Adjust pointers 291,381ms
[2019-04-15T13:33:08.278+0200][124,112s] GC(412) Phase 4: Move objects
[2019-04-15T13:33:08.280+0200][124,114s] GC(412) Phase 4: Move objects 1,830ms
[2019-04-15T13:33:08.281+0200][124,115s] GC(412) Pause Full (Allocation Failure) 469M->383M(490M) 921,817ms
[2019-04-15T13:33:08.281+0200][124,115s] GC(411) ParNew: 87424K->0K(109248K)
[2019-04-15T13:33:08.281+0200][124,115s] GC(411) CMS: 393013K->392929K(393216K)
[2019-04-15T13:33:08.281+0200][124,115s] GC(411) Metaspace: 68449K->68449K(1112064K)
[2019-04-15T13:33:08.281+0200][124,115s] GC(411) Pause Young (Allocation Failure) 469M->383M(490M) 922,010ms
[2019-04-15T13:33:08.281+0200][124,115s] GC(411) User=0,61s Sys=0,01s Real=0,92s
[2019-04-15T13:33:08.300+0200][124,134s] GC(413) Pause Initial Mark
[2019-04-15T13:33:08.306+0200][124,140s] GC(413) Pause Initial Mark 392M->392M(490M) 5,904ms
[2019-04-15T13:33:08.306+0200][124,140s] GC(413) User=0,00s Sys=0,00s Real=0,01s
[2019-04-15T13:33:08.306+0200][124,140s] GC(413) Concurrent Mark
[2019-04-15T13:33:08.306+0200][124,140s] GC(413) Using 4 workers of 4 for marking
[2019-04-15T13:33:08.574+0200][124,408s] GC(413) Concurrent Mark 267,865ms
[2019-04-15T13:33:08.574+0200][124,408s] GC(413) User=0,50s Sys=0,00s Real=0,27s
[2019-04-15T13:33:08.574+0200][124,408s] GC(413) Concurrent Preclean
[2019-04-15T13:33:08.577+0200][124,411s] GC(413) Concurrent Preclean 3,016ms
[2019-04-15T13:33:08.577+0200][124,411s] GC(413) User=0,01s Sys=0,00s Real=0,00s
[2019-04-15T13:33:08.577+0200][124,411s] GC(414) Pause Young (Allocation Failure)
[2019-04-15T13:33:08.577+0200][124,411s] GC(414) Using 4 workers of 4 for evacuation
[2019-04-15T13:33:08.577+0200][124,411s] GC(415) Pause Full (Allocation Failure)
[2019-04-15T13:33:08.578+0200][124,412s] GC(415) Phase 1: Mark live objects
[2019-04-15T13:33:08.826+0200][124,660s] GC(415) Phase 1: Mark live objects 248,244ms
[2019-04-15T13:33:08.826+0200][124,660s] GC(415) Phase 2: Compute new object addresses
[2019-04-15T13:33:09.006+0200][124,840s] GC(415) Phase 2: Compute new object addresses 179,516ms
[2019-04-15T13:33:09.006+0200][124,840s] GC(415) Phase 3: Adjust pointers
[2019-04-15T13:33:09.246+0200][125,080s] GC(415) Phase 3: Adjust pointers 240,387ms
[2019-04-15T13:33:09.246+0200][125,080s] GC(415) Phase 4: Move objects
[2019-04-15T13:33:09.251+0200][125,085s] GC(415) Phase 4: Move objects 4,643ms
[2019-04-15T13:33:09.252+0200][125,086s] GC(415) Pause Full (Allocation Failure) 469M->384M(490M) 674,374ms
[2019-04-15T13:33:09.252+0200][125,086s] GC(414) ParNew: 87424K->324K(109248K)
[2019-04-15T13:33:09.252+0200][125,086s] GC(414) CMS: 392929K->393215K(393216K)
[2019-04-15T13:33:09.252+0200][125,086s] GC(414) Metaspace: 68449K->68449K(1112064K)
[2019-04-15T13:33:09.252+0200][125,086s] GC(414) Pause Young (Allocation Failure) 469M->384M(490M) 674,524ms
[2019-04-15T13:33:09.252+0200][125,086s] GC(414) User=0,63s Sys=0,00s Real=0,67s
[2019-04-15T13:33:09.649+0200][125,482s] GC(416) Pause Full (Allocation Failure)
[2019-04-15T13:33:09.650+0200][125,483s] GC(416) Phase 1: Mark live objects
[2019-04-15T13:33:09.896+0200][125,730s] GC(416) Phase 1: Mark live objects 246,463ms
[2019-04-15T13:33:09.896+0200][125,730s] GC(416) Phase 2: Compute new object addresses
[2019-04-15T13:33:10.145+0200][125,978s] GC(416) Phase 2: Compute new object addresses 248,355ms
[2019-04-15T13:33:10.145+0200][125,978s] GC(416) Phase 3: Adjust pointers
[2019-04-15T13:33:10.412+0200][126,246s] GC(416) Phase 3: Adjust pointers 267,116ms
[2019-04-15T13:33:10.412+0200][126,246s] GC(416) Phase 4: Move objects
[2019-04-15T13:33:10.419+0200][126,253s] GC(416) Phase 4: Move objects 7,069ms
[2019-04-15T13:33:10.421+0200][126,254s] GC(416) ParNew: 109247K->0K(109248K)
[2019-04-15T13:33:10.421+0200][126,254s] GC(416) CMS: 393215K->393162K(393216K)
[2019-04-15T13:33:10.421+0200][126,254s] GC(416) Metaspace: 68449K->68449K(1112064K)
[2019-04-15T13:33:10.421+0200][126,254s] GC(416) Pause Full (Allocation Failure) 490M->383M(490M) 771,982ms
[2019-04-15T13:33:10.421+0200][126,254s] GC(416) User=0,68s Sys=0,00s Real=0,77s
[2019-04-15T13:33:10.421+0200][126,255s] GC(417) Pause Initial Mark
[2019-04-15T13:33:10.422+0200][126,256s] GC(417) Pause Initial Mark 385M->385M(490M) 0,470ms
[2019-04-15T13:33:10.422+0200][126,256s] GC(417) User=0,00s Sys=0,01s Real=0,00s
[2019-04-15T13:33:10.422+0200][126,256s] GC(417) Concurrent Mark
[2019-04-15T13:33:10.422+0200][126,256s] GC(417) Using 4 workers of 4 for marking
[2019-04-15T13:33:10.658+0200][126,492s] GC(417) Concurrent Mark 236,240ms
[2019-04-15T13:33:10.658+0200][126,492s] GC(417) User=0,54s Sys=0,00s Real=0,24s
[2019-04-15T13:33:10.658+0200][126,492s] GC(417) Concurrent Preclean
[2019-04-15T13:33:10.660+0200][126,494s] GC(417) Concurrent Preclean 1,682ms
[2019-04-15T13:33:10.660+0200][126,494s] GC(417) User=0,00s Sys=0,00s Real=0,00s
[2019-04-15T13:33:10.660+0200][126,494s] GC(417) Concurrent Abortable Preclean
[2019-04-15T13:33:10.660+0200][126,494s] GC(417) Concurrent Abortable Preclean 0,050ms
[2019-04-15T13:33:10.660+0200][126,494s] GC(417) User=0,00s Sys=0,00s Real=0,00s
[2019-04-15T13:33:10.661+0200][126,495s] GC(417) Pause Remark
[2019-04-15T13:33:10.661+0200][126,495s] GC(418) Pause Young (CMS Final Remark)
[2019-04-15T13:33:10.661+0200][126,495s] GC(418) Using 4 workers of 4 for evacuation
[2019-04-15T13:33:10.661+0200][126,495s] GC(418) ParNew: 52439K->52439K(109248K)
[2019-04-15T13:33:10.661+0200][126,495s] GC(418) CMS: 393162K->393162K(393216K)
[2019-04-15T13:33:10.661+0200][126,495s] GC(418) Metaspace: 68461K->68461K(1112064K)
[2019-04-15T13:33:10.661+0200][126,495s] GC(418) Pause Young (CMS Final Remark) 435M->435M(490M) 0,250ms
[2019-04-15T13:33:10.661+0200][126,495s] GC(418) User=0,00s Sys=0,00s Real=0,00s
[2019-04-15T13:33:10.795+0200][126,629s] GC(417) Pause Remark 435M->435M(490M) 134,093ms
[2019-04-15T13:33:10.795+0200][126,629s] GC(417) User=0,18s Sys=0,00s Real=0,14s
[2019-04-15T13:33:10.795+0200][126,629s] GC(417) Concurrent Sweep
[2019-04-15T13:33:10.858+0200][126,692s] GC(419) Pause Full (Allocation Failure)
[2019-04-15T13:33:10.909+0200][126,742s] GC(417) Concurrent Sweep 113,499ms
[2019-04-15T13:33:10.909+0200][126,742s] GC(417) User=0,15s Sys=0,00s Real=0,11s
[2019-04-15T13:33:10.909+0200][126,742s] GC(419) Phase 1: Mark live objects
[2019-04-15T13:33:11.130+0200][126,964s] GC(419) Phase 1: Mark live objects 221,728ms
[2019-04-15T13:33:11.130+0200][126,964s] GC(419) Phase 2: Compute new object addresses
[2019-04-15T13:33:11.268+0200][127,102s] GC(419) Phase 2: Compute new object addresses 137,549ms
[2019-04-15T13:33:11.268+0200][127,102s] GC(419) Phase 3: Adjust pointers
[2019-04-15T13:33:11.411+0200][127,245s] GC(419) Phase 3: Adjust pointers 143,060ms
[2019-04-15T13:33:11.411+0200][127,245s] GC(419) Phase 4: Move objects
[2019-04-15T13:33:11.417+0200][127,251s] GC(419) Phase 4: Move objects 5,870ms
[2019-04-15T13:33:11.419+0200][127,253s] GC(419) ParNew: 87424K->659K(109248K)
[2019-04-15T13:33:11.419+0200][127,253s] GC(419) CMS: 393215K->393215K(393216K)
[2019-04-15T13:33:11.419+0200][127,253s] GC(419) Metaspace: 68461K->68461K(1112064K)
[2019-04-15T13:33:11.419+0200][127,253s] GC(419) Pause Full (Allocation Failure) 469M->384M(490M) 560,834ms
[2019-04-15T13:33:11.419+0200][127,253s] GC(419) User=0,56s Sys=0,00s Real=0,56s
[2019-04-15T13:33:11.420+0200][127,253s] GC(417) Old: 393162K->393215K(393216K)
[2019-04-15T13:33:11.657+0200][127,491s] GC(420) Pause Full (Allocation Failure)
[2019-04-15T13:33:11.658+0200][127,492s] GC(420) Phase 1: Mark live objects
[2019-04-15T13:33:11.841+0200][127,675s] GC(420) Phase 1: Mark live objects 183,059ms
[2019-04-15T13:33:11.841+0200][127,675s] GC(420) Phase 2: Compute new object addresses
[2019-04-15T13:33:11.965+0200][127,799s] GC(420) Phase 2: Compute new object addresses 124,400ms
[2019-04-15T13:33:11.965+0200][127,799s] GC(420) Phase 3: Adjust pointers
[2019-04-15T13:33:12.125+0200][127,959s] GC(420) Phase 3: Adjust pointers 159,674ms
[2019-04-15T13:33:12.125+0200][127,959s] GC(420) Phase 4: Move objects
[2019-04-15T13:33:12.126+0200][127,959s] GC(420) Phase 4: Move objects 0,477ms
[2019-04-15T13:33:12.126+0200][127,960s] GC(420) ParNew: 109247K->0K(109248K)
[2019-04-15T13:33:12.126+0200][127,960s] GC(420) CMS: 393215K->393073K(393216K)
[2019-04-15T13:33:12.126+0200][127,960s] GC(420) Metaspace: 68462K->68462K(1112064K)
[2019-04-15T13:33:12.126+0200][127,960s] GC(420) Pause Full (Allocation Failure) 490M->383M(490M) 468,944ms
[2019-04-15T13:33:12.126+0200][127,960s] GC(420) User=0,46s Sys=0,01s Real=0,47s
[2019-04-15T13:33:12.126+0200][127,960s] GC(421) Pause Initial Mark
[2019-04-15T13:33:12.127+0200][127,961s] GC(421) Pause Initial Mark 385M->385M(490M) 0,297ms
[2019-04-15T13:33:12.127+0200][127,961s] GC(421) User=0,00s Sys=0,00s Real=0,00s
[2019-04-15T13:33:12.127+0200][127,961s] GC(421) Concurrent Mark
[2019-04-15T13:33:12.127+0200][127,961s] GC(421) Using 4 workers of 4 for marking
[2019-04-15T13:33:12.341+0200][128,174s] GC(422) Pause Young (Allocation Failure)
[2019-04-15T13:33:12.341+0200][128,174s] GC(422) Using 4 workers of 4 for evacuation
[2019-04-15T13:33:12.341+0200][128,174s] GC(423) Pause Full (Allocation Failure)
[2019-04-15T13:33:12.366+0200][128,200s] GC(421) Concurrent Mark 239,393ms
[2019-04-15T13:33:12.366+0200][128,200s] GC(421) User=0,59s Sys=0,00s Real=0,24s
[2019-04-15T13:33:12.367+0200][128,200s] GC(423) Phase 1: Mark live objects
[2019-04-15T13:33:12.607+0200][128,440s] GC(423) Phase 1: Mark live objects 240,030ms
[2019-04-15T13:33:12.607+0200][128,440s] GC(423) Phase 2: Compute new object addresses
[2019-04-15T13:33:12.738+0200][128,572s] GC(423) Phase 2: Compute new object addresses 131,211ms
[2019-04-15T13:33:12.738+0200][128,572s] GC(423) Phase 3: Adjust pointers
[2019-04-15T13:33:12.892+0200][128,725s] GC(423) Phase 3: Adjust pointers 153,723ms
[2019-04-15T13:33:12.892+0200][128,726s] GC(423) Phase 4: Move objects
[2019-04-15T13:33:12.894+0200][128,728s] GC(423) Phase 4: Move objects 2,680ms
[2019-04-15T13:33:12.895+0200][128,729s] GC(423) Pause Full (Allocation Failure) 469M->384M(490M) 554,452ms
[2019-04-15T13:33:12.895+0200][128,729s] GC(422) ParNew: 87424K->153K(109248K)
[2019-04-15T13:33:12.895+0200][128,729s] GC(422) CMS: 393073K->393215K(393216K)
[2019-04-15T13:33:12.895+0200][128,729s] GC(422) Metaspace: 68462K->68462K(1112064K)
[2019-04-15T13:33:12.895+0200][128,729s] GC(422) Pause Young (Allocation Failure) 469M->384M(490M) 554,576ms
[2019-04-15T13:33:12.895+0200][128,729s] GC(422) User=0,58s Sys=0,00s Real=0,56s
[2019-04-15T13:33:13.303+0200][129,136s] GC(424) Pause Full (Allocation Failure)
[2019-04-15T13:33:13.305+0200][129,139s] GC(424) Phase 1: Mark live objects
[2019-04-15T13:33:13.545+0200][129,378s] GC(424) Phase 1: Mark live objects 239,377ms
[2019-04-15T13:33:13.545+0200][129,378s] GC(424) Phase 2: Compute new object addresses
[2019-04-15T13:33:13.685+0200][129,519s] GC(424) Phase 2: Compute new object addresses 140,682ms
[2019-04-15T13:33:13.685+0200][129,519s] GC(424) Phase 3: Adjust pointers
[2019-04-15T13:33:13.832+0200][129,666s] GC(424) Phase 3: Adjust pointers 146,992ms
[2019-04-15T13:33:13.832+0200][129,666s] GC(424) Phase 4: Move objects
[2019-04-15T13:33:13.835+0200][129,669s] GC(424) Phase 4: Move objects 2,504ms
[2019-04-15T13:33:13.836+0200][129,669s] GC(424) ParNew: 109247K->477K(109248K)
[2019-04-15T13:33:13.836+0200][129,669s] GC(424) CMS: 393215K->393215K(393216K)
[2019-04-15T13:33:13.836+0200][129,669s] GC(424) Metaspace: 68466K->68466K(1112064K)
[2019-04-15T13:33:13.836+0200][129,669s] GC(424) Pause Full (Allocation Failure) 490M->384M(490M) 533,098ms
[2019-04-15T13:33:13.836+0200][129,669s] GC(424) User=0,53s Sys=0,00s Real=0,54s
[2019-04-15T13:33:13.836+0200][129,670s] GC(425) Pause Initial Mark
[2019-04-15T13:33:13.836+0200][129,670s] GC(425) Pause Initial Mark 386M->386M(490M) 0,397ms
[2019-04-15T13:33:13.836+0200][129,670s] GC(425) User=0,00s Sys=0,00s Real=0,00s
[2019-04-15T13:33:13.836+0200][129,670s] GC(425) Concurrent Mark
[2019-04-15T13:33:13.836+0200][129,670s] GC(425) Using 4 workers of 4 for marking
[2019-04-15T13:33:13.997+0200][129,831s] GC(425) Concurrent Mark 160,681ms
[2019-04-15T13:33:13.997+0200][129,831s] GC(425) User=0,49s Sys=0,01s Real=0,16s
[2019-04-15T13:33:13.997+0200][129,831s] GC(425) Concurrent Preclean
[2019-04-15T13:33:14.230+0200][130,064s] GC(425) Concurrent Preclean 233,007ms
[2019-04-15T13:33:14.230+0200][130,064s] GC(425) User=0,44s Sys=0,00s Real=0,23s
[2019-04-15T13:33:14.230+0200][130,064s] GC(425) Concurrent Abortable Preclean
[2019-04-15T13:33:14.230+0200][130,064s] GC(425) Concurrent Abortable Preclean 0,009ms
[2019-04-15T13:33:14.230+0200][130,064s] GC(425) User=0,00s Sys=0,00s Real=0,00s
[2019-04-15T13:33:14.230+0200][130,064s] GC(425) Pause Remark
[2019-04-15T13:33:14.230+0200][130,064s] GC(426) Pause Young (CMS Final Remark)
[2019-04-15T13:33:14.230+0200][130,064s] GC(426) Using 4 workers of 4 for evacuation
[2019-04-15T13:33:14.230+0200][130,064s] GC(426) ParNew: 104440K->104440K(109248K)
[2019-04-15T13:33:14.230+0200][130,064s] GC(426) CMS: 393215K->393215K(393216K)
[2019-04-15T13:33:14.230+0200][130,064s] GC(426) Metaspace: 68466K->68466K(1112064K)
[2019-04-15T13:33:14.230+0200][130,064s] GC(426) Pause Young (CMS Final Remark) 485M->485M(490M) 0,055ms
[2019-04-15T13:33:14.230+0200][130,064s] GC(426) User=0,00s Sys=0,00s Real=0,00s
[2019-04-15T13:33:14.337+0200][130,171s] GC(425) Pause Remark 485M->485M(490M) 106,610ms
[2019-04-15T13:33:14.337+0200][130,171s] GC(425) User=0,18s Sys=0,00s Real=0,11s
[2019-04-15T13:33:14.337+0200][130,171s] GC(425) Concurrent Sweep
[2019-04-15T13:33:14.384+0200][130,217s] GC(427) Pause Full (Allocation Failure)
[2019-04-15T13:33:14.436+0200][130,269s] GC(425) Concurrent Sweep 98,428ms
[2019-04-15T13:33:14.436+0200][130,269s] GC(425) User=0,14s Sys=0,00s Real=0,10s
[2019-04-15T13:33:14.436+0200][130,270s] GC(427) Phase 1: Mark live objects
[2019-04-15T13:33:14.613+0200][130,446s] GC(427) Phase 1: Mark live objects 176,719ms
[2019-04-15T13:33:14.613+0200][130,446s] GC(427) Phase 2: Compute new object addresses
[2019-04-15T13:33:14.740+0200][130,573s] GC(427) Phase 2: Compute new object addresses 127,010ms
[2019-04-15T13:33:14.740+0200][130,574s] GC(427) Phase 3: Adjust pointers
[2019-04-15T13:33:14.906+0200][130,740s] GC(427) Phase 3: Adjust pointers 166,360ms
[2019-04-15T13:33:14.906+0200][130,740s] GC(427) Phase 4: Move objects
[2019-04-15T13:33:14.908+0200][130,742s] GC(427) Phase 4: Move objects 2,255ms
[2019-04-15T13:33:14.909+0200][130,743s] GC(427) ParNew: 109247K->0K(109248K)
[2019-04-15T13:33:14.909+0200][130,743s] GC(427) CMS: 393215K->392401K(393216K)
[2019-04-15T13:33:14.909+0200][130,743s] GC(427) Metaspace: 68466K->68466K(1112064K)
[2019-04-15T13:33:14.909+0200][130,743s] GC(427) Pause Full (Allocation Failure) 490M->383M(490M) 525,617ms
[2019-04-15T13:33:14.909+0200][130,743s] GC(427) User=0,52s Sys=0,00s Real=0,53s
[2019-04-15T13:33:14.909+0200][130,743s] GC(425) Old: 393215K->392401K(393216K)
[2019-04-15T13:33:15.016+0200][130,849s] GC(428) Pause Young (Allocation Failure)
[2019-04-15T13:33:15.016+0200][130,850s] GC(428) Using 4 workers of 4 for evacuation
[2019-04-15T13:33:15.016+0200][130,850s] GC(429) Pause Full (Allocation Failure)
[2019-04-15T13:33:15.018+0200][130,851s] GC(429) Phase 1: Mark live objects
[2019-04-15T13:33:15.242+0200][131,076s] GC(429) Phase 1: Mark live objects 224,489ms
[2019-04-15T13:33:15.242+0200][131,076s] GC(429) Phase 2: Compute new object addresses
[2019-04-15T13:33:15.379+0200][131,213s] GC(429) Phase 2: Compute new object addresses 136,718ms
[2019-04-15T13:33:15.379+0200][131,213s] GC(429) Phase 3: Adjust pointers
[2019-04-15T13:33:15.684+0200][131,518s] GC(429) Phase 3: Adjust pointers 305,016ms
[2019-04-15T13:33:15.684+0200][131,518s] GC(429) Phase 4: Move objects
[2019-04-15T13:33:15.687+0200][131,521s] GC(429) Phase 4: Move objects 2,684ms
[2019-04-15T13:33:15.688+0200][131,521s] GC(429) Pause Full (Allocation Failure) 468M->383M(490M) 671,771ms
[2019-04-15T13:33:15.688+0200][131,521s] GC(428) ParNew: 87424K->0K(109248K)
[2019-04-15T13:33:15.688+0200][131,521s] GC(428) CMS: 392401K->392683K(393216K)
[2019-04-15T13:33:15.688+0200][131,521s] GC(428) Metaspace: 68466K->68466K(1112064K)
[2019-04-15T13:33:15.688+0200][131,521s] GC(428) Pause Young (Allocation Failure) 468M->383M(490M) 672,058ms
[2019-04-15T13:33:15.688+0200][131,522s] GC(428) User=0,65s Sys=0,00s Real=0,67s
[2019-04-15T13:33:15.688+0200][131,522s] GC(430) Pause Initial Mark
[2019-04-15T13:33:15.689+0200][131,522s] GC(430) Pause Initial Mark 385M->385M(490M) 0,712ms
[2019-04-15T13:33:15.689+0200][131,523s] GC(430) User=0,00s Sys=0,00s Real=0,00s
[2019-04-15T13:33:15.689+0200][131,523s] GC(430) Concurrent Mark
[2019-04-15T13:33:15.689+0200][131,523s] GC(430) Using 4 workers of 4 for marking
[2019-04-15T13:33:15.958+0200][131,792s] GC(430) Concurrent Mark 268,991ms
[2019-04-15T13:33:15.958+0200][131,792s] GC(430) User=0,66s Sys=0,00s Real=0,27s
[2019-04-15T13:33:15.958+0200][131,792s] GC(430) Concurrent Preclean
[2019-04-15T13:33:15.959+0200][131,793s] GC(430) Concurrent Preclean 1,455ms
[2019-04-15T13:33:15.959+0200][131,793s] GC(430) User=0,01s Sys=0,00s Real=0,00s
[2019-04-15T13:33:15.959+0200][131,793s] GC(430) Concurrent Abortable Preclean
[2019-04-15T13:33:15.959+0200][131,793s] GC(430) Concurrent Abortable Preclean 0,013ms
[2019-04-15T13:33:15.959+0200][131,793s] GC(430) User=0,00s Sys=0,00s Real=0,00s
[2019-04-15T13:33:15.961+0200][131,794s] GC(430) Pause Remark
[2019-04-15T13:33:15.961+0200][131,795s] GC(431) Pause Young (CMS Final Remark)
[2019-04-15T13:33:15.961+0200][131,795s] GC(431) Using 4 workers of 4 for evacuation
[2019-04-15T13:33:15.962+0200][131,795s] GC(431) ParNew: 85240K->85240K(109248K)
[2019-04-15T13:33:15.962+0200][131,795s] GC(431) CMS: 392683K->392683K(393216K)
[2019-04-15T13:33:15.962+0200][131,795s] GC(431) Metaspace: 68466K->68466K(1112064K)
[2019-04-15T13:33:15.962+0200][131,796s] GC(431) Pause Young (CMS Final Remark) 466M->466M(490M) 0,733ms
[2019-04-15T13:33:15.962+0200][131,796s] GC(431) User=0,00s Sys=0,00s Real=0,00s
[2019-04-15T13:33:16.086+0200][131,920s] GC(430) Pause Remark 466M->466M(490M) 125,939ms
[2019-04-15T13:33:16.086+0200][131,920s] GC(430) User=0,19s Sys=0,01s Real=0,13s
[2019-04-15T13:33:16.087+0200][131,920s] GC(430) Concurrent Sweep
[2019-04-15T13:33:16.102+0200][131,936s] GC(432) Pause Full (Allocation Failure)
[2019-04-15T13:33:16.204+0200][132,038s] GC(430) Concurrent Sweep 117,475ms
[2019-04-15T13:33:16.204+0200][132,038s] GC(430) User=0,12s Sys=0,00s Real=0,11s
[2019-04-15T13:33:16.204+0200][132,038s] GC(432) Phase 1: Mark live objects
[2019-04-15T13:33:16.399+0200][132,233s] GC(432) Phase 1: Mark live objects 194,792ms
[2019-04-15T13:33:16.399+0200][132,233s] GC(432) Phase 2: Compute new object addresses
[2019-04-15T13:33:16.526+0200][132,360s] GC(432) Phase 2: Compute new object addresses 127,013ms
[2019-04-15T13:33:16.526+0200][132,360s] GC(432) Phase 3: Adjust pointers
[2019-04-15T13:33:16.678+0200][132,512s] GC(432) Phase 3: Adjust pointers 152,040ms
[2019-04-15T13:33:16.678+0200][132,512s] GC(432) Phase 4: Move objects
[2019-04-15T13:33:16.680+0200][132,514s] GC(432) Phase 4: Move objects 1,765ms
[2019-04-15T13:33:16.682+0200][132,516s] GC(432) ParNew: 87424K->0K(109248K)
[2019-04-15T13:33:16.682+0200][132,516s] GC(432) CMS: 393215K->392903K(393216K)
[2019-04-15T13:33:16.682+0200][132,516s] GC(432) Metaspace: 68466K->68466K(1112064K)
[2019-04-15T13:33:16.682+0200][132,516s] GC(432) Pause Full (Allocation Failure) 469M->383M(490M) 580,725ms
[2019-04-15T13:33:16.683+0200][132,516s] GC(432) User=0,58s Sys=0,00s Real=0,58s
[2019-04-15T13:33:16.683+0200][132,516s] GC(430) Old: 392683K->392903K(393216K)
[2019-04-15T13:33:16.824+0200][132,657s] GC(433) Pause Young (Allocation Failure)
[2019-04-15T13:33:16.824+0200][132,657s] GC(433) Using 4 workers of 4 for evacuation
[2019-04-15T13:33:16.824+0200][132,657s] GC(434) Pause Full (Allocation Failure)
[2019-04-15T13:33:16.824+0200][132,658s] GC(434) Phase 1: Mark live objects
[2019-04-15T13:33:17.033+0200][132,866s] GC(434) Phase 1: Mark live objects 208,561ms
[2019-04-15T13:33:17.033+0200][132,866s] GC(434) Phase 2: Compute new object addresses
[2019-04-15T13:33:17.158+0200][132,992s] GC(434) Phase 2: Compute new object addresses 125,223ms
[2019-04-15T13:33:17.158+0200][132,992s] GC(434) Phase 3: Adjust pointers
[2019-04-15T13:33:17.313+0200][133,146s] GC(434) Phase 3: Adjust pointers 154,772ms
[2019-04-15T13:33:17.313+0200][133,146s] GC(434) Phase 4: Move objects
[2019-04-15T13:33:17.314+0200][133,147s] GC(434) Phase 4: Move objects 0,864ms
[2019-04-15T13:33:17.314+0200][133,148s] GC(434) Pause Full (Allocation Failure) 469M->383M(490M) 490,689ms
[2019-04-15T13:33:17.314+0200][133,148s] GC(433) ParNew: 87424K->0K(109248K)
[2019-04-15T13:33:17.314+0200][133,148s] GC(433) CMS: 392903K->392496K(393216K)
[2019-04-15T13:33:17.314+0200][133,148s] GC(433) Metaspace: 68466K->68466K(1112064K)
[2019-04-15T13:33:17.314+0200][133,148s] GC(433) Pause Young (Allocation Failure) 469M->383M(490M) 490,859ms
[2019-04-15T13:33:17.314+0200][133,148s] GC(433) User=0,48s Sys=0,00s Real=0,50s
[2019-04-15T13:33:17.326+0200][133,160s] GC(435) Pause Initial Mark
[2019-04-15T13:33:17.328+0200][133,161s] GC(435) Pause Initial Mark 388M->388M(490M) 1,757ms
[2019-04-15T13:33:17.328+0200][133,161s] GC(435) User=0,01s Sys=0,00s Real=0,00s
[2019-04-15T13:33:17.328+0200][133,162s] GC(435) Concurrent Mark
[2019-04-15T13:33:17.328+0200][133,162s] GC(435) Using 4 workers of 4 for marking
[2019-04-15T13:33:17.582+0200][133,416s] GC(435) Concurrent Mark 254,360ms
[2019-04-15T13:33:17.582+0200][133,416s] GC(435) User=0,60s Sys=0,01s Real=0,25s
[2019-04-15T13:33:17.582+0200][133,416s] GC(435) Concurrent Preclean
[2019-04-15T13:33:17.584+0200][133,418s] GC(435) Concurrent Preclean 1,996ms
[2019-04-15T13:33:17.584+0200][133,418s] GC(435) User=0,00s Sys=0,00s Real=0,00s
[2019-04-15T13:33:17.584+0200][133,418s] GC(435) Concurrent Abortable Preclean
[2019-04-15T13:33:17.584+0200][133,418s] GC(435) Concurrent Abortable Preclean 0,010ms
[2019-04-15T13:33:17.584+0200][133,418s] GC(435) User=0,00s Sys=0,00s Real=0,00s
[2019-04-15T13:33:17.585+0200][133,418s] GC(435) Pause Remark
[2019-04-15T13:33:17.585+0200][133,418s] GC(436) Pause Young (CMS Final Remark)
[2019-04-15T13:33:17.585+0200][133,418s] GC(436) Using 4 workers of 4 for evacuation
[2019-04-15T13:33:17.585+0200][133,418s] GC(436) ParNew: 74260K->74260K(109248K)
[2019-04-15T13:33:17.585+0200][133,418s] GC(436) CMS: 392496K->392496K(393216K)
[2019-04-15T13:33:17.585+0200][133,418s] GC(436) Metaspace: 68466K->68466K(1112064K)
[2019-04-15T13:33:17.585+0200][133,418s] GC(436) Pause Young (CMS Final Remark) 455M->455M(490M) 0,057ms
[2019-04-15T13:33:17.585+0200][133,418s] GC(436) User=0,00s Sys=0,00s Real=0,00s
[2019-04-15T13:33:17.665+0200][133,499s] GC(435) Pause Remark 455M->455M(490M) 80,365ms
[2019-04-15T13:33:17.665+0200][133,499s] GC(435) User=0,14s Sys=0,00s Real=0,09s
[2019-04-15T13:33:17.665+0200][133,499s] GC(435) Concurrent Sweep
[2019-04-15T13:33:17.703+0200][133,537s] GC(437) Pause Full (Allocation Failure)
[2019-04-15T13:33:17.749+0200][133,583s] GC(435) Concurrent Sweep 84,352ms
[2019-04-15T13:33:17.749+0200][133,583s] GC(435) User=0,12s Sys=0,00s Real=0,08s
[2019-04-15T13:33:17.750+0200][133,583s] GC(437) Phase 1: Mark live objects
[2019-04-15T13:33:17.933+0200][133,767s] GC(437) Phase 1: Mark live objects 183,713ms
[2019-04-15T13:33:17.933+0200][133,767s] GC(437) Phase 2: Compute new object addresses
[2019-04-15T13:33:18.060+0200][133,894s] GC(437) Phase 2: Compute new object addresses 126,480ms
[2019-04-15T13:33:18.060+0200][133,894s] GC(437) Phase 3: Adjust pointers
[2019-04-15T13:33:18.203+0200][134,037s] GC(437) Phase 3: Adjust pointers 143,534ms
[2019-04-15T13:33:18.203+0200][134,037s] GC(437) Phase 4: Move objects
[2019-04-15T13:33:18.206+0200][134,039s] GC(437) Phase 4: Move objects 2,070ms
[2019-04-15T13:33:18.206+0200][134,040s] GC(437) ParNew: 87424K->0K(109248K)
[2019-04-15T13:33:18.206+0200][134,040s] GC(437) CMS: 393168K->392490K(393216K)
[2019-04-15T13:33:18.206+0200][134,040s] GC(437) Metaspace: 68466K->68466K(1112064K)
[2019-04-15T13:33:18.206+0200][134,040s] GC(437) Pause Full (Allocation Failure) 469M->383M(490M) 503,253ms
[2019-04-15T13:33:18.206+0200][134,040s] GC(437) User=0,50s Sys=0,01s Real=0,51s
[2019-04-15T13:33:18.206+0200][134,040s] GC(435) Old: 392496K->392490K(393216K)
[2019-04-15T13:33:18.319+0200][134,153s] GC(438) Pause Young (Allocation Failure)
[2019-04-15T13:33:18.319+0200][134,153s] GC(438) Using 4 workers of 4 for evacuation
[2019-04-15T13:33:18.319+0200][134,153s] GC(439) Pause Full (Allocation Failure)
[2019-04-15T13:33:18.320+0200][134,154s] GC(439) Phase 1: Mark live objects
[2019-04-15T13:33:18.517+0200][134,351s] GC(439) Phase 1: Mark live objects 197,171ms
[2019-04-15T13:33:18.518+0200][134,351s] GC(439) Phase 2: Compute new object addresses
[2019-04-15T13:33:18.638+0200][134,471s] GC(439) Phase 2: Compute new object addresses 120,129ms
[2019-04-15T13:33:18.638+0200][134,471s] GC(439) Phase 3: Adjust pointers
[2019-04-15T13:33:18.780+0200][134,614s] GC(439) Phase 3: Adjust pointers 142,503ms
[2019-04-15T13:33:18.780+0200][134,614s] GC(439) Phase 4: Move objects
[2019-04-15T13:33:18.781+0200][134,615s] GC(439) Phase 4: Move objects 0,620ms
[2019-04-15T13:33:18.783+0200][134,617s] GC(439) Pause Full (Allocation Failure) 468M->383M(490M) 463,577ms
[2019-04-15T13:33:18.783+0200][134,617s] GC(438) ParNew: 87424K->0K(109248K)
[2019-04-15T13:33:18.783+0200][134,617s] GC(438) CMS: 392490K->392270K(393216K)
[2019-04-15T13:33:18.783+0200][134,617s] GC(438) Metaspace: 68466K->68466K(1112064K)
[2019-04-15T13:33:18.783+0200][134,617s] GC(438) Pause Young (Allocation Failure) 468M->383M(490M) 463,851ms
[2019-04-15T13:33:18.783+0200][134,617s] GC(438) User=0,46s Sys=0,00s Real=0,46s
[2019-04-15T13:33:18.785+0200][134,619s] GC(440) Pause Initial Mark
[2019-04-15T13:33:18.786+0200][134,620s] GC(440) Pause Initial Mark 385M->385M(490M) 1,272ms
[2019-04-15T13:33:18.787+0200][134,620s] GC(440) User=0,01s Sys=0,00s Real=0,00s
[2019-04-15T13:33:18.787+0200][134,620s] GC(440) Concurrent Mark
[2019-04-15T13:33:18.787+0200][134,620s] GC(440) Using 4 workers of 4 for marking
[2019-04-15T13:33:18.926+0200][134,760s] GC(441) Pause Young (Allocation Failure)
[2019-04-15T13:33:18.926+0200][134,760s] GC(441) Using 4 workers of 4 for evacuation
[2019-04-15T13:33:18.926+0200][134,760s] GC(442) Pause Full (Allocation Failure)
[2019-04-15T13:33:18.989+0200][134,823s] GC(440) Concurrent Mark 202,632ms
[2019-04-15T13:33:18.989+0200][134,823s] GC(440) User=0,49s Sys=0,00s Real=0,20s
[2019-04-15T13:33:18.989+0200][134,823s] GC(442) Phase 1: Mark live objects
[2019-04-15T13:33:19.196+0200][135,030s] GC(442) Phase 1: Mark live objects 206,744ms
[2019-04-15T13:33:19.196+0200][135,030s] GC(442) Phase 2: Compute new object addresses
[2019-04-15T13:33:19.320+0200][135,154s] GC(442) Phase 2: Compute new object addresses 124,046ms
[2019-04-15T13:33:19.320+0200][135,154s] GC(442) Phase 3: Adjust pointers
[2019-04-15T13:33:19.462+0200][135,296s] GC(442) Phase 3: Adjust pointers 141,449ms
[2019-04-15T13:33:19.462+0200][135,296s] GC(442) Phase 4: Move objects
[2019-04-15T13:33:19.463+0200][135,297s] GC(442) Phase 4: Move objects 1,100ms
[2019-04-15T13:33:19.465+0200][135,299s] GC(442) Pause Full (Allocation Failure) 468M->383M(490M) 539,164ms
[2019-04-15T13:33:19.465+0200][135,299s] GC(441) ParNew: 87424K->0K(109248K)
[2019-04-15T13:33:19.465+0200][135,299s] GC(441) CMS: 392270K->392373K(393216K)
[2019-04-15T13:33:19.465+0200][135,299s] GC(441) Metaspace: 68466K->68466K(1112064K)
[2019-04-15T13:33:19.465+0200][135,299s] GC(441) Pause Young (Allocation Failure) 468M->383M(490M) 539,396ms
[2019-04-15T13:33:19.466+0200][135,299s] GC(441) User=0,62s Sys=0,00s Real=0,54s
[2019-04-15T13:33:19.551+0200][135,385s] GC(443) Pause Young (Allocation Failure)
[2019-04-15T13:33:19.551+0200][135,385s] GC(443) Using 4 workers of 4 for evacuation
[2019-04-15T13:33:19.551+0200][135,385s] GC(444) Pause Full (Allocation Failure)
[2019-04-15T13:33:19.551+0200][135,385s] GC(444) Phase 1: Mark live objects
[2019-04-15T13:33:19.735+0200][135,569s] GC(444) Phase 1: Mark live objects 183,554ms
[2019-04-15T13:33:19.735+0200][135,569s] GC(444) Phase 2: Compute new object addresses
[2019-04-15T13:33:19.852+0200][135,685s] GC(444) Phase 2: Compute new object addresses 116,691ms
[2019-04-15T13:33:19.852+0200][135,685s] GC(444) Phase 3: Adjust pointers
[2019-04-15T13:33:19.997+0200][135,831s] GC(444) Phase 3: Adjust pointers 145,393ms
[2019-04-15T13:33:19.997+0200][135,831s] GC(444) Phase 4: Move objects
[2019-04-15T13:33:19.999+0200][135,833s] GC(444) Phase 4: Move objects 2,135ms
[2019-04-15T13:33:20.000+0200][135,834s] GC(444) Pause Full (Allocation Failure) 468M->382M(490M) 448,895ms
[2019-04-15T13:33:20.000+0200][135,834s] GC(443) ParNew: 87424K->0K(109248K)
[2019-04-15T13:33:20.000+0200][135,834s] GC(443) CMS: 392373K->392174K(393216K)
[2019-04-15T13:33:20.000+0200][135,834s] GC(443) Metaspace: 68473K->68473K(1112064K)
[2019-04-15T13:33:20.000+0200][135,834s] GC(443) Pause Young (Allocation Failure) 468M->382M(490M) 449,011ms
[2019-04-15T13:33:20.000+0200][135,834s] GC(443) User=0,44s Sys=0,00s Real=0,45s
[2019-04-15T13:33:20.001+0200][135,835s] GC(445) Pause Initial Mark
[2019-04-15T13:33:20.002+0200][135,835s] GC(445) Pause Initial Mark 384M->384M(490M) 0,665ms
[2019-04-15T13:33:20.002+0200][135,835s] GC(445) User=0,01s Sys=0,00s Real=0,00s
[2019-04-15T13:33:20.002+0200][135,835s] GC(445) Concurrent Mark
[2019-04-15T13:33:20.002+0200][135,835s] GC(445) Using 4 workers of 4 for marking
[2019-04-15T13:33:20.193+0200][136,027s] GC(445) Concurrent Mark 191,461ms
[2019-04-15T13:33:20.193+0200][136,027s] GC(445) User=0,50s Sys=0,01s Real=0,20s
[2019-04-15T13:33:20.193+0200][136,027s] GC(446) Pause Young (Allocation Failure)
[2019-04-15T13:33:20.193+0200][136,027s] GC(446) Using 4 workers of 4 for evacuation
[2019-04-15T13:33:20.193+0200][136,027s] GC(447) Pause Full (Allocation Failure)
[2019-04-15T13:33:20.194+0200][136,028s] GC(447) Phase 1: Mark live objects
[2019-04-15T13:33:20.385+0200][136,218s] GC(447) Phase 1: Mark live objects 190,705ms
[2019-04-15T13:33:20.385+0200][136,218s] GC(447) Phase 2: Compute new object addresses
[2019-04-15T13:33:20.504+0200][136,338s] GC(447) Phase 2: Compute new object addresses 119,380ms
[2019-04-15T13:33:20.504+0200][136,338s] GC(447) Phase 3: Adjust pointers
[2019-04-15T13:33:20.648+0200][136,482s] GC(447) Phase 3: Adjust pointers 143,949ms
[2019-04-15T13:33:20.648+0200][136,482s] GC(447) Phase 4: Move objects
[2019-04-15T13:33:20.651+0200][136,485s] GC(447) Phase 4: Move objects 2,873ms
[2019-04-15T13:33:20.652+0200][136,485s] GC(447) Pause Full (Allocation Failure) 468M->383M(490M) 458,301ms
[2019-04-15T13:33:20.652+0200][136,485s] GC(446) ParNew: 87424K->0K(109248K)
[2019-04-15T13:33:20.652+0200][136,485s] GC(446) CMS: 392174K->392999K(393216K)
[2019-04-15T13:33:20.652+0200][136,485s] GC(446) Metaspace: 68473K->68473K(1112064K)
[2019-04-15T13:33:20.652+0200][136,485s] GC(446) Pause Young (Allocation Failure) 468M->383M(490M) 458,403ms
[2019-04-15T13:33:20.652+0200][136,486s] GC(446) User=0,46s Sys=0,00s Real=0,45s
[2019-04-15T13:33:20.732+0200][136,566s] GC(448) Pause Young (Allocation Failure)
[2019-04-15T13:33:20.732+0200][136,566s] GC(448) Using 4 workers of 4 for evacuation
[2019-04-15T13:33:20.732+0200][136,566s] GC(449) Pause Full (Allocation Failure)
[2019-04-15T13:33:20.732+0200][136,566s] GC(449) Phase 1: Mark live objects
[2019-04-15T13:33:20.916+0200][136,749s] GC(449) Phase 1: Mark live objects 183,382ms
[2019-04-15T13:33:20.916+0200][136,749s] GC(449) Phase 2: Compute new object addresses
[2019-04-15T13:33:21.041+0200][136,875s] GC(449) Phase 2: Compute new object addresses 124,967ms
[2019-04-15T13:33:21.041+0200][136,875s] GC(449) Phase 3: Adjust pointers
[2019-04-15T13:33:21.200+0200][137,034s] GC(449) Phase 3: Adjust pointers 159,251ms
[2019-04-15T13:33:21.200+0200][137,034s] GC(449) Phase 4: Move objects
[2019-04-15T13:33:21.202+0200][137,036s] GC(449) Phase 4: Move objects 2,283ms
[2019-04-15T13:33:21.203+0200][137,037s] GC(449) Pause Full (Allocation Failure) 469M->383M(490M) 471,077ms
[2019-04-15T13:33:21.203+0200][137,037s] GC(448) ParNew: 87424K->0K(109248K)
[2019-04-15T13:33:21.203+0200][137,037s] GC(448) CMS: 392999K->392723K(393216K)
[2019-04-15T13:33:21.203+0200][137,037s] GC(448) Metaspace: 68473K->68473K(1112064K)
[2019-04-15T13:33:21.203+0200][137,037s] GC(448) Pause Young (Allocation Failure) 469M->383M(490M) 471,194ms
[2019-04-15T13:33:21.203+0200][137,037s] GC(448) User=0,46s Sys=0,01s Real=0,47s
[2019-04-15T13:33:21.204+0200][137,037s] GC(450) Pause Initial Mark
[2019-04-15T13:33:21.204+0200][137,038s] GC(450) Pause Initial Mark 385M->385M(490M) 0,465ms
[2019-04-15T13:33:21.204+0200][137,038s] GC(450) User=0,00s Sys=0,00s Real=0,00s
[2019-04-15T13:33:21.204+0200][137,038s] GC(450) Concurrent Mark
[2019-04-15T13:33:21.204+0200][137,038s] GC(450) Using 4 workers of 4 for marking
[2019-04-15T13:33:21.381+0200][137,215s] GC(450) Concurrent Mark 177,026ms
[2019-04-15T13:33:21.381+0200][137,215s] GC(450) User=0,43s Sys=0,00s Real=0,18s
[2019-04-15T13:33:21.381+0200][137,215s] GC(450) Concurrent Preclean
[2019-04-15T13:33:21.382+0200][137,216s] GC(450) Concurrent Preclean 0,839ms
[2019-04-15T13:33:21.382+0200][137,216s] GC(450) User=0,00s Sys=0,00s Real=0,00s
[2019-04-15T13:33:21.382+0200][137,216s] GC(450) Concurrent Abortable Preclean
[2019-04-15T13:33:21.382+0200][137,216s] GC(450) Concurrent Abortable Preclean 0,009ms
[2019-04-15T13:33:21.382+0200][137,216s] GC(450) User=0,00s Sys=0,00s Real=0,00s
[2019-04-15T13:33:21.382+0200][137,216s] GC(450) Pause Remark
[2019-04-15T13:33:21.382+0200][137,216s] GC(451) Pause Young (CMS Final Remark)
[2019-04-15T13:33:21.382+0200][137,216s] GC(451) Using 4 workers of 4 for evacuation
[2019-04-15T13:33:21.382+0200][137,216s] GC(451) ParNew: 51708K->51708K(109248K)
[2019-04-15T13:33:21.382+0200][137,216s] GC(451) CMS: 392723K->392723K(393216K)
[2019-04-15T13:33:21.382+0200][137,216s] GC(451) Metaspace: 68473K->68473K(1112064K)
[2019-04-15T13:33:21.382+0200][137,216s] GC(451) Pause Young (CMS Final Remark) 434M->434M(490M) 0,051ms
[2019-04-15T13:33:21.382+0200][137,216s] GC(451) User=0,00s Sys=0,00s Real=0,00s
[2019-04-15T13:33:21.456+0200][137,290s] GC(450) Pause Remark 434M->434M(490M) 73,910ms
[2019-04-15T13:33:21.456+0200][137,290s] GC(450) User=0,12s Sys=0,00s Real=0,08s
[2019-04-15T13:33:21.456+0200][137,290s] GC(450) Concurrent Sweep
[2019-04-15T13:33:21.527+0200][137,361s] GC(452) Pause Full (Allocation Failure)
[2019-04-15T13:33:21.565+0200][137,399s] GC(450) Concurrent Sweep 109,280ms
[2019-04-15T13:33:21.566+0200][137,399s] GC(450) User=0,16s Sys=0,01s Real=0,11s
[2019-04-15T13:33:21.566+0200][137,399s] GC(452) Phase 1: Mark live objects
[2019-04-15T13:33:21.762+0200][137,596s] GC(452) Phase 1: Mark live objects 196,599ms
[2019-04-15T13:33:21.762+0200][137,596s] GC(452) Phase 2: Compute new object addresses
[2019-04-15T13:33:21.883+0200][137,716s] GC(452) Phase 2: Compute new object addresses 120,160ms
[2019-04-15T13:33:21.883+0200][137,716s] GC(452) Phase 3: Adjust pointers
[2019-04-15T13:33:22.034+0200][137,867s] GC(452) Phase 3: Adjust pointers 150,926ms
[2019-04-15T13:33:22.034+0200][137,867s] GC(452) Phase 4: Move objects
[2019-04-15T13:33:22.036+0200][137,870s] GC(452) Phase 4: Move objects 2,592ms
[2019-04-15T13:33:22.037+0200][137,871s] GC(452) ParNew: 87424K->0K(109248K)
[2019-04-15T13:33:22.037+0200][137,871s] GC(452) CMS: 393177K->392204K(393216K)
[2019-04-15T13:33:22.037+0200][137,871s] GC(452) Metaspace: 68473K->68473K(1112064K)
[2019-04-15T13:33:22.037+0200][137,871s] GC(452) Pause Full (Allocation Failure) 469M->383M(490M) 509,589ms
[2019-04-15T13:33:22.037+0200][137,871s] GC(452) User=0,51s Sys=0,00s Real=0,51s
[2019-04-15T13:33:22.039+0200][137,873s] GC(450) Old: 392723K->392204K(393216K)
[2019-04-15T13:33:22.183+0200][138,016s] GC(453) Pause Young (Allocation Failure)
[2019-04-15T13:33:22.183+0200][138,016s] GC(453) Using 4 workers of 4 for evacuation
[2019-04-15T13:33:22.183+0200][138,016s] GC(454) Pause Full (Allocation Failure)
[2019-04-15T13:33:22.183+0200][138,017s] GC(454) Phase 1: Mark live objects
[2019-04-15T13:33:22.368+0200][138,201s] GC(454) Phase 1: Mark live objects 184,729ms
[2019-04-15T13:33:22.368+0200][138,201s] GC(454) Phase 2: Compute new object addresses
[2019-04-15T13:33:22.488+0200][138,322s] GC(454) Phase 2: Compute new object addresses 120,022ms
[2019-04-15T13:33:22.488+0200][138,322s] GC(454) Phase 3: Adjust pointers
[2019-04-15T13:33:22.717+0200][138,550s] GC(454) Phase 3: Adjust pointers 228,752ms
[2019-04-15T13:33:22.717+0200][138,550s] GC(454) Phase 4: Move objects
[2019-04-15T13:33:22.718+0200][138,552s] GC(454) Phase 4: Move objects 1,340ms
[2019-04-15T13:33:22.723+0200][138,556s] GC(454) Pause Full (Allocation Failure) 468M->383M(490M) 539,900ms
[2019-04-15T13:33:22.723+0200][138,556s] GC(453) ParNew: 87424K->0K(109248K)
[2019-04-15T13:33:22.723+0200][138,556s] GC(453) CMS: 392204K->392334K(393216K)
[2019-04-15T13:33:22.723+0200][138,556s] GC(453) Metaspace: 68473K->68473K(1112064K)
[2019-04-15T13:33:22.723+0200][138,557s] GC(453) Pause Young (Allocation Failure) 468M->383M(490M) 540,315ms
[2019-04-15T13:33:22.723+0200][138,557s] GC(453) User=0,53s Sys=0,00s Real=0,54s
[2019-04-15T13:33:22.739+0200][138,573s] GC(455) Pause Initial Mark
[2019-04-15T13:33:22.742+0200][138,575s] GC(455) Pause Initial Mark 388M->388M(490M) 2,943ms
[2019-04-15T13:33:22.742+0200][138,575s] GC(455) User=0,01s Sys=0,00s Real=0,00s
[2019-04-15T13:33:22.742+0200][138,576s] GC(455) Concurrent Mark
[2019-04-15T13:33:22.742+0200][138,576s] GC(455) Using 4 workers of 4 for marking
[2019-04-15T13:33:22.999+0200][138,832s] GC(456) Pause Young (Allocation Failure)
[2019-04-15T13:33:22.999+0200][138,832s] GC(456) Using 4 workers of 4 for evacuation
[2019-04-15T13:33:22.999+0200][138,832s] GC(457) Pause Full (Allocation Failure)
[2019-04-15T13:33:23.072+0200][138,906s] GC(455) Concurrent Mark 330,633ms
[2019-04-15T13:33:23.072+0200][138,906s] GC(455) User=0,50s Sys=0,00s Real=0,33s
[2019-04-15T13:33:23.073+0200][138,906s] GC(457) Phase 1: Mark live objects
[2019-04-15T13:33:23.418+0200][139,252s] GC(457) Phase 1: Mark live objects 345,573ms
[2019-04-15T13:33:23.418+0200][139,252s] GC(457) Phase 2: Compute new object addresses
[2019-04-15T13:33:23.596+0200][139,429s] GC(457) Phase 2: Compute new object addresses 177,227ms
[2019-04-15T13:33:23.596+0200][139,429s] GC(457) Phase 3: Adjust pointers
[2019-04-15T13:33:23.784+0200][139,617s] GC(457) Phase 3: Adjust pointers 188,068ms
[2019-04-15T13:33:23.784+0200][139,618s] GC(457) Phase 4: Move objects
[2019-04-15T13:33:23.784+0200][139,618s] GC(457) Phase 4: Move objects 0,187ms
[2019-04-15T13:33:23.785+0200][139,618s] GC(457) Pause Full (Allocation Failure) 468M->383M(490M) 785,995ms
[2019-04-15T13:33:23.785+0200][139,618s] GC(456) ParNew: 87424K->0K(109248K)
[2019-04-15T13:33:23.785+0200][139,618s] GC(456) CMS: 392334K->392264K(393216K)
[2019-04-15T13:33:23.785+0200][139,618s] GC(456) Metaspace: 68473K->68473K(1112064K)
[2019-04-15T13:33:23.785+0200][139,619s] GC(456) Pause Young (Allocation Failure) 468M->383M(490M) 786,166ms
[2019-04-15T13:33:23.785+0200][139,619s] GC(456) User=0,76s Sys=0,01s Real=0,78s
[2019-04-15T13:33:23.950+0200][139,784s] GC(458) Pause Young (Allocation Failure)
[2019-04-15T13:33:23.951+0200][139,784s] GC(458) Using 4 workers of 4 for evacuation
[2019-04-15T13:33:23.951+0200][139,784s] GC(459) Pause Full (Allocation Failure)
[2019-04-15T13:33:23.951+0200][139,785s] GC(459) Phase 1: Mark live objects
[2019-04-15T13:33:24.255+0200][140,088s] GC(459) Phase 1: Mark live objects 303,588ms
[2019-04-15T13:33:24.255+0200][140,088s] GC(459) Phase 2: Compute new object addresses
[2019-04-15T13:33:24.407+0200][140,241s] GC(459) Phase 2: Compute new object addresses 152,853ms
[2019-04-15T13:33:24.408+0200][140,241s] GC(459) Phase 3: Adjust pointers
[2019-04-15T13:33:24.564+0200][140,397s] GC(459) Phase 3: Adjust pointers 155,992ms
[2019-04-15T13:33:24.564+0200][140,397s] GC(459) Phase 4: Move objects
[2019-04-15T13:33:24.688+0200][140,522s] GC(459) Phase 4: Move objects 124,574ms
[2019-04-15T13:33:24.690+0200][140,523s] GC(459) Pause Full (Allocation Failure) 468M->383M(490M) 739,103ms
[2019-04-15T13:33:24.690+0200][140,523s] GC(458) ParNew: 87424K->0K(109248K)
[2019-04-15T13:33:24.690+0200][140,523s] GC(458) CMS: 392264K->392794K(393216K)
[2019-04-15T13:33:24.690+0200][140,523s] GC(458) Metaspace: 68503K->68503K(1112064K)
[2019-04-15T13:33:24.690+0200][140,524s] GC(458) Pause Young (Allocation Failure) 468M->383M(490M) 739,260ms
[2019-04-15T13:33:24.690+0200][140,524s] GC(458) User=0,74s Sys=0,00s Real=0,74s
[2019-04-15T13:33:24.711+0200][140,545s] GC(460) Pause Initial Mark
[2019-04-15T13:33:24.715+0200][140,549s] GC(460) Pause Initial Mark 394M->394M(490M) 4,330ms
[2019-04-15T13:33:24.715+0200][140,549s] GC(460) User=0,02s Sys=0,00s Real=0,01s
[2019-04-15T13:33:24.715+0200][140,549s] GC(460) Concurrent Mark
[2019-04-15T13:33:24.715+0200][140,549s] GC(460) Using 4 workers of 4 for marking
[2019-04-15T13:33:24.956+0200][140,790s] GC(460) Concurrent Mark 240,702ms
[2019-04-15T13:33:24.956+0200][140,790s] GC(460) User=0,55s Sys=0,00s Real=0,24s
[2019-04-15T13:33:24.956+0200][140,790s] GC(460) Concurrent Preclean
[2019-04-15T13:33:24.958+0200][140,792s] GC(460) Concurrent Preclean 1,757ms
[2019-04-15T13:33:24.958+0200][140,792s] GC(460) User=0,01s Sys=0,00s Real=0,00s
[2019-04-15T13:33:24.958+0200][140,792s] GC(460) Concurrent Abortable Preclean
[2019-04-15T13:33:24.958+0200][140,792s] GC(460) Concurrent Abortable Preclean 0,012ms
[2019-04-15T13:33:24.958+0200][140,792s] GC(460) User=0,00s Sys=0,00s Real=0,00s
[2019-04-15T13:33:24.958+0200][140,792s] GC(460) Pause Remark
[2019-04-15T13:33:24.958+0200][140,792s] GC(461) Pause Young (CMS Final Remark)
[2019-04-15T13:33:24.958+0200][140,792s] GC(461) Using 4 workers of 4 for evacuation
[2019-04-15T13:33:24.958+0200][140,792s] GC(461) ParNew: 75037K->75037K(109248K)
[2019-04-15T13:33:24.958+0200][140,792s] GC(461) CMS: 392794K->392794K(393216K)
[2019-04-15T13:33:24.958+0200][140,792s] GC(461) Metaspace: 68504K->68504K(1112064K)
[2019-04-15T13:33:24.958+0200][140,792s] GC(461) Pause Young (CMS Final Remark) 456M->456M(490M) 0,080ms
[2019-04-15T13:33:24.958+0200][140,792s] GC(461) User=0,00s Sys=0,00s Real=0,00s
[2019-04-15T13:33:25.131+0200][140,964s] GC(460) Pause Remark 456M->456M(490M) 172,548ms
[2019-04-15T13:33:25.131+0200][140,965s] GC(460) User=0,31s Sys=0,00s Real=0,17s
[2019-04-15T13:33:25.131+0200][140,965s] GC(460) Concurrent Sweep
[2019-04-15T13:33:25.183+0200][141,017s] GC(462) Pause Full (Allocation Failure)
[2019-04-15T13:33:25.335+0200][141,169s] GC(460) Concurrent Sweep 203,851ms
[2019-04-15T13:33:25.336+0200][141,169s] GC(460) User=0,14s Sys=0,00s Real=0,21s
[2019-04-15T13:33:25.336+0200][141,170s] GC(462) Phase 1: Mark live objects
[2019-04-15T13:33:25.687+0200][141,520s] GC(462) Phase 1: Mark live objects 350,120ms
[2019-04-15T13:33:25.687+0200][141,520s] GC(462) Phase 2: Compute new object addresses
[2019-04-15T13:33:25.814+0200][141,647s] GC(462) Phase 2: Compute new object addresses 127,029ms
[2019-04-15T13:33:25.814+0200][141,647s] GC(462) Phase 3: Adjust pointers
[2019-04-15T13:33:25.989+0200][141,823s] GC(462) Phase 3: Adjust pointers 175,180ms
[2019-04-15T13:33:25.989+0200][141,823s] GC(462) Phase 4: Move objects
[2019-04-15T13:33:25.990+0200][141,823s] GC(462) Phase 4: Move objects 0,744ms
[2019-04-15T13:33:25.992+0200][141,825s] GC(462) ParNew: 87424K->0K(109248K)
[2019-04-15T13:33:25.992+0200][141,826s] GC(462) CMS: 393189K->392918K(393216K)
[2019-04-15T13:33:25.992+0200][141,826s] GC(462) Metaspace: 68504K->68504K(1112064K)
[2019-04-15T13:33:25.992+0200][141,826s] GC(462) Pause Full (Allocation Failure) 469M->383M(490M) 808,783ms
[2019-04-15T13:33:25.992+0200][141,826s] GC(462) User=0,70s Sys=0,00s Real=0,81s
[2019-04-15T13:33:25.992+0200][141,826s] GC(460) Old: 392794K->392918K(393216K)
[2019-04-15T13:33:26.087+0200][141,920s] GC(463) Pause Young (Allocation Failure)
[2019-04-15T13:33:26.087+0200][141,920s] GC(463) Using 4 workers of 4 for evacuation
[2019-04-15T13:33:26.087+0200][141,920s] GC(464) Pause Full (Allocation Failure)
[2019-04-15T13:33:26.087+0200][141,921s] GC(464) Phase 1: Mark live objects
[2019-04-15T13:33:26.243+0200][142,077s] GC(464) Phase 1: Mark live objects 156,087ms
[2019-04-15T13:33:26.243+0200][142,077s] GC(464) Phase 2: Compute new object addresses
[2019-04-15T13:33:26.343+0200][142,177s] GC(464) Phase 2: Compute new object addresses 99,660ms
[2019-04-15T13:33:26.343+0200][142,177s] GC(464) Phase 3: Adjust pointers
[2019-04-15T13:33:26.447+0200][142,281s] GC(464) Phase 3: Adjust pointers 104,182ms
[2019-04-15T13:33:26.447+0200][142,281s] GC(464) Phase 4: Move objects
[2019-04-15T13:33:26.448+0200][142,282s] GC(464) Phase 4: Move objects 0,825ms
[2019-04-15T13:33:26.448+0200][142,282s] GC(464) Pause Full (Allocation Failure) 469M->384M(490M) 361,856ms
[2019-04-15T13:33:26.449+0200][142,282s] GC(463) ParNew: 87424K->319K(109248K)
[2019-04-15T13:33:26.449+0200][142,282s] GC(463) CMS: 392918K->393215K(393216K)
[2019-04-15T13:33:26.449+0200][142,282s] GC(463) Metaspace: 68504K->68504K(1112064K)
[2019-04-15T13:33:26.449+0200][142,282s] GC(463) Pause Young (Allocation Failure) 469M->384M(490M) 361,993ms
[2019-04-15T13:33:26.449+0200][142,282s] GC(463) User=0,36s Sys=0,00s Real=0,36s
[2019-04-15T13:33:26.449+0200][142,282s] GC(465) Pause Initial Mark
[2019-04-15T13:33:26.449+0200][142,283s] GC(465) Pause Initial Mark 385M->385M(490M) 0,317ms
[2019-04-15T13:33:26.449+0200][142,283s] GC(465) User=0,00s Sys=0,00s Real=0,00s
[2019-04-15T13:33:26.449+0200][142,283s] GC(465) Concurrent Mark
[2019-04-15T13:33:26.449+0200][142,283s] GC(465) Using 4 workers of 4 for marking
[2019-04-15T13:33:26.630+0200][142,464s] GC(465) Concurrent Mark 180,753ms
[2019-04-15T13:33:26.630+0200][142,464s] GC(465) User=0,47s Sys=0,00s Real=0,18s
[2019-04-15T13:33:26.630+0200][142,464s] GC(465) Concurrent Preclean
[2019-04-15T13:33:26.850+0200][142,684s] GC(466) Pause Full (Allocation Failure)
[2019-04-15T13:33:26.880+0200][142,714s] GC(465) Concurrent Preclean 250,516ms
[2019-04-15T13:33:26.881+0200][142,714s] GC(465) User=0,43s Sys=0,00s Real=0,25s
[2019-04-15T13:33:26.881+0200][142,715s] GC(466) Phase 1: Mark live objects
[2019-04-15T13:33:27.303+0200][143,137s] GC(466) Phase 1: Mark live objects 422,485ms
[2019-04-15T13:33:27.303+0200][143,137s] GC(466) Phase 2: Compute new object addresses
[2019-04-15T13:33:27.527+0200][143,361s] GC(466) Phase 2: Compute new object addresses 223,995ms
[2019-04-15T13:33:27.527+0200][143,361s] GC(466) Phase 3: Adjust pointers
[2019-04-15T13:33:27.692+0200][143,526s] GC(466) Phase 3: Adjust pointers 164,985ms
[2019-04-15T13:33:27.693+0200][143,526s] GC(466) Phase 4: Move objects
[2019-04-15T13:33:27.696+0200][143,529s] GC(466) Phase 4: Move objects 2,971ms
[2019-04-15T13:33:27.696+0200][143,530s] GC(466) ParNew: 109247K->0K(109248K)
[2019-04-15T13:33:27.696+0200][143,530s] GC(466) CMS: 393215K->393207K(393216K)
[2019-04-15T13:33:27.696+0200][143,530s] GC(466) Metaspace: 68504K->68504K(1112064K)
[2019-04-15T13:33:27.696+0200][143,530s] GC(466) Pause Full (Allocation Failure) 490M->383M(490M) 846,022ms
[2019-04-15T13:33:27.697+0200][143,530s] GC(466) User=0,71s Sys=0,00s Real=0,85s
[2019-04-15T13:33:27.778+0200][143,612s] GC(467) Pause Young (Allocation Failure)
[2019-04-15T13:33:27.778+0200][143,612s] GC(467) Using 4 workers of 4 for evacuation
[2019-04-15T13:33:27.778+0200][143,612s] GC(468) Pause Full (Allocation Failure)
[2019-04-15T13:33:27.778+0200][143,612s] GC(468) Phase 1: Mark live objects
[2019-04-15T13:33:27.993+0200][143,827s] GC(468) Phase 1: Mark live objects 215,149ms
[2019-04-15T13:33:27.994+0200][143,827s] GC(468) Phase 2: Compute new object addresses
[2019-04-15T13:33:28.127+0200][143,961s] GC(468) Phase 2: Compute new object addresses 133,918ms
[2019-04-15T13:33:28.127+0200][143,961s] GC(468) Phase 3: Adjust pointers
[2019-04-15T13:33:28.234+0200][144,068s] GC(468) Phase 3: Adjust pointers 107,009ms
[2019-04-15T13:33:28.235+0200][144,068s] GC(468) Phase 4: Move objects
[2019-04-15T13:33:28.241+0200][144,075s] GC(468) Phase 4: Move objects 6,405ms
[2019-04-15T13:33:28.243+0200][144,076s] GC(468) Pause Full (Allocation Failure) 469M->392M(490M) 464,707ms
[2019-04-15T13:33:28.243+0200][144,076s] GC(467) ParNew: 87424K->17198K(109248K)
[2019-04-15T13:33:28.243+0200][144,077s] GC(467) CMS: 393207K->384730K(393216K)
[2019-04-15T13:33:28.243+0200][144,077s] GC(467) Metaspace: 68505K->68505K(1112064K)
[2019-04-15T13:33:28.243+0200][144,077s] GC(467) Pause Young (Allocation Failure) 469M->392M(490M) 464,892ms
[2019-04-15T13:33:28.243+0200][144,077s] GC(467) User=0,42s Sys=0,00s Real=0,46s
[2019-04-15T13:33:28.244+0200][144,078s] GC(469) Pause Initial Mark
[2019-04-15T13:33:28.245+0200][144,079s] GC(469) Pause Initial Mark 394M->394M(490M) 0,927ms
[2019-04-15T13:33:28.245+0200][144,079s] GC(469) User=0,00s Sys=0,00s Real=0,00s
[2019-04-15T13:33:28.245+0200][144,079s] GC(469) Concurrent Mark
[2019-04-15T13:33:28.245+0200][144,079s] GC(469) Using 4 workers of 4 for marking
[2019-04-15T13:33:28.422+0200][144,256s] GC(469) Concurrent Mark 177,132ms
[2019-04-15T13:33:28.422+0200][144,256s] GC(469) User=0,49s Sys=0,01s Real=0,17s
[2019-04-15T13:33:28.422+0200][144,256s] GC(469) Concurrent Preclean
[2019-04-15T13:33:28.604+0200][144,438s] GC(469) Concurrent Preclean 182,174ms
[2019-04-15T13:33:28.605+0200][144,438s] GC(469) User=0,35s Sys=0,00s Real=0,18s
[2019-04-15T13:33:28.605+0200][144,438s] GC(469) Concurrent Abortable Preclean
[2019-04-15T13:33:28.605+0200][144,438s] GC(469) Concurrent Abortable Preclean 0,010ms
[2019-04-15T13:33:28.605+0200][144,438s] GC(469) User=0,00s Sys=0,00s Real=0,00s
[2019-04-15T13:33:28.605+0200][144,439s] GC(469) Pause Remark
[2019-04-15T13:33:28.605+0200][144,439s] GC(470) Pause Young (CMS Final Remark)
[2019-04-15T13:33:28.605+0200][144,439s] GC(470) Using 4 workers of 4 for evacuation
[2019-04-15T13:33:28.605+0200][144,439s] GC(470) ParNew: 108802K->108802K(109248K)
[2019-04-15T13:33:28.605+0200][144,439s] GC(470) CMS: 384730K->384730K(393216K)
[2019-04-15T13:33:28.605+0200][144,439s] GC(470) Metaspace: 68505K->68505K(1112064K)
[2019-04-15T13:33:28.605+0200][144,439s] GC(470) Pause Young (CMS Final Remark) 481M->481M(490M) 0,112ms
[2019-04-15T13:33:28.605+0200][144,439s] GC(470) User=0,00s Sys=0,00s Real=0,01s
[2019-04-15T13:33:28.730+0200][144,563s] GC(469) Pause Remark 481M->481M(490M) 124,821ms
[2019-04-15T13:33:28.730+0200][144,563s] GC(469) User=0,22s Sys=0,00s Real=0,13s
[2019-04-15T13:33:28.730+0200][144,563s] GC(469) Concurrent Sweep
[2019-04-15T13:33:29.029+0200][144,863s] GC(469) Concurrent Sweep 299,390ms
[2019-04-15T13:33:29.029+0200][144,863s] GC(469) User=0,41s Sys=0,00s Real=0,30s
[2019-04-15T13:33:29.030+0200][144,863s] GC(469) Concurrent Reset
[2019-04-15T13:33:29.032+0200][144,866s] GC(469) Concurrent Reset 2,597ms
[2019-04-15T13:33:29.032+0200][144,866s] GC(469) User=0,00s Sys=0,00s Real=0,00s
[2019-04-15T13:33:29.032+0200][144,866s] GC(469) Old: 384730K->391973K(393216K)
[2019-04-15T13:33:29.040+0200][144,874s] GC(471) Pause Young (Allocation Failure)
[2019-04-15T13:33:29.040+0200][144,874s] GC(471) Using 4 workers of 4 for evacuation
[2019-04-15T13:33:29.040+0200][144,874s] GC(472) Pause Full (Allocation Failure)
[2019-04-15T13:33:29.042+0200][144,875s] GC(472) Phase 1: Mark live objects
[2019-04-15T13:33:29.222+0200][145,056s] GC(472) Phase 1: Mark live objects 180,656ms
[2019-04-15T13:33:29.222+0200][145,056s] GC(472) Phase 2: Compute new object addresses
[2019-04-15T13:33:29.327+0200][145,161s] GC(472) Phase 2: Compute new object addresses 104,985ms
[2019-04-15T13:33:29.327+0200][145,161s] GC(472) Phase 3: Adjust pointers
[2019-04-15T13:33:29.428+0200][145,262s] GC(472) Phase 3: Adjust pointers 100,673ms
[2019-04-15T13:33:29.428+0200][145,262s] GC(472) Phase 4: Move objects
[2019-04-15T13:33:29.429+0200][145,263s] GC(472) Phase 4: Move objects 1,038ms
[2019-04-15T13:33:29.430+0200][145,263s] GC(472) Pause Full (Allocation Failure) 489M->391M(490M) 389,342ms
[2019-04-15T13:33:29.430+0200][145,263s] GC(471) ParNew: 109248K->16942K(109248K)
[2019-04-15T13:33:29.430+0200][145,263s] GC(471) CMS: 391973K->383559K(393216K)
[2019-04-15T13:33:29.430+0200][145,263s] GC(471) Metaspace: 68512K->68512K(1112064K)
[2019-04-15T13:33:29.430+0200][145,263s] GC(471) Pause Young (Allocation Failure) 489M->391M(490M) 389,526ms
[2019-04-15T13:33:29.430+0200][145,263s] GC(471) User=0,38s Sys=0,00s Real=0,39s
[2019-04-15T13:33:29.431+0200][145,264s] GC(473) Pause Initial Mark
[2019-04-15T13:33:29.431+0200][145,265s] GC(473) Pause Initial Mark 392M->392M(490M) 0,506ms
[2019-04-15T13:33:29.431+0200][145,265s] GC(473) User=0,00s Sys=0,00s Real=0,00s
[2019-04-15T13:33:29.431+0200][145,265s] GC(473) Concurrent Mark
[2019-04-15T13:33:29.431+0200][145,265s] GC(473) Using 4 workers of 4 for marking
[2019-04-15T13:33:29.570+0200][145,403s] GC(473) Concurrent Mark 138,371ms
[2019-04-15T13:33:29.570+0200][145,403s] GC(473) User=0,40s Sys=0,00s Real=0,14s
[2019-04-15T13:33:29.570+0200][145,403s] GC(473) Concurrent Preclean
[2019-04-15T13:33:29.705+0200][145,539s] GC(473) Concurrent Preclean 135,643ms
[2019-04-15T13:33:29.705+0200][145,539s] GC(473) User=0,27s Sys=0,00s Real=0,14s
[2019-04-15T13:33:29.705+0200][145,539s] GC(473) Concurrent Abortable Preclean
[2019-04-15T13:33:29.705+0200][145,539s] GC(473) Concurrent Abortable Preclean 0,007ms
[2019-04-15T13:33:29.705+0200][145,539s] GC(473) User=0,00s Sys=0,00s Real=0,00s
[2019-04-15T13:33:29.705+0200][145,539s] GC(473) Pause Remark
[2019-04-15T13:33:29.705+0200][145,539s] GC(474) Pause Young (CMS Final Remark)
[2019-04-15T13:33:29.705+0200][145,539s] GC(474) Using 4 workers of 4 for evacuation
[2019-04-15T13:33:29.705+0200][145,539s] GC(474) ParNew: 97032K->97032K(109248K)
[2019-04-15T13:33:29.705+0200][145,539s] GC(474) CMS: 383559K->383559K(393216K)
[2019-04-15T13:33:29.706+0200][145,539s] GC(474) Metaspace: 68512K->68512K(1112064K)
[2019-04-15T13:33:29.706+0200][145,539s] GC(474) Pause Young (CMS Final Remark) 469M->469M(490M) 0,055ms
[2019-04-15T13:33:29.706+0200][145,539s] GC(474) User=0,00s Sys=0,00s Real=0,00s
[2019-04-15T13:33:29.796+0200][145,629s] GC(473) Pause Remark 469M->469M(490M) 90,210ms
[2019-04-15T13:33:29.796+0200][145,629s] GC(473) User=0,22s Sys=0,00s Real=0,09s
[2019-04-15T13:33:29.796+0200][145,629s] GC(473) Concurrent Sweep
[2019-04-15T13:33:29.898+0200][145,732s] GC(473) Concurrent Sweep 102,097ms
[2019-04-15T13:33:29.898+0200][145,732s] GC(473) User=0,20s Sys=0,00s Real=0,10s
[2019-04-15T13:33:29.898+0200][145,732s] GC(473) Concurrent Reset
[2019-04-15T13:33:29.898+0200][145,732s] GC(473) Concurrent Reset 0,390ms
[2019-04-15T13:33:29.898+0200][145,732s] GC(473) User=0,00s Sys=0,00s Real=0,00s
[2019-04-15T13:33:29.898+0200][145,732s] GC(473) Old: 383559K->383548K(393216K)
[2019-04-15T13:33:29.902+0200][145,736s] GC(475) Pause Young (Allocation Failure)
[2019-04-15T13:33:29.902+0200][145,736s] GC(475) Using 4 workers of 4 for evacuation
[2019-04-15T13:33:29.902+0200][145,736s] GC(476) Pause Full (Allocation Failure)
[2019-04-15T13:33:29.903+0200][145,736s] GC(476) Phase 1: Mark live objects
[2019-04-15T13:33:30.092+0200][145,926s] GC(476) Phase 1: Mark live objects 189,510ms
[2019-04-15T13:33:30.092+0200][145,926s] GC(476) Phase 2: Compute new object addresses
[2019-04-15T13:33:30.249+0200][146,083s] GC(476) Phase 2: Compute new object addresses 156,908ms
[2019-04-15T13:33:30.249+0200][146,083s] GC(476) Phase 3: Adjust pointers
[2019-04-15T13:33:30.433+0200][146,267s] GC(476) Phase 3: Adjust pointers 183,915ms
[2019-04-15T13:33:30.433+0200][146,267s] GC(476) Phase 4: Move objects
[2019-04-15T13:33:30.434+0200][146,268s] GC(476) Phase 4: Move objects 1,134ms
[2019-04-15T13:33:30.435+0200][146,269s] GC(476) Pause Full (Allocation Failure) 481M->391M(490M) 533,009ms
[2019-04-15T13:33:30.435+0200][146,269s] GC(475) ParNew: 109248K->17508K(109248K)
[2019-04-15T13:33:30.435+0200][146,269s] GC(475) CMS: 383548K->383441K(393216K)
[2019-04-15T13:33:30.435+0200][146,269s] GC(475) Metaspace: 68512K->68512K(1112064K)
[2019-04-15T13:33:30.435+0200][146,269s] GC(475) Pause Young (Allocation Failure) 481M->391M(490M) 533,203ms
[2019-04-15T13:33:30.435+0200][146,269s] GC(475) User=0,52s Sys=0,00s Real=0,54s
[2019-04-15T13:33:30.441+0200][146,275s] GC(477) Pause Initial Mark
[2019-04-15T13:33:30.445+0200][146,279s] GC(477) Pause Initial Mark 396M->396M(490M) 3,797ms
[2019-04-15T13:33:30.445+0200][146,279s] GC(477) User=0,00s Sys=0,00s Real=0,01s
[2019-04-15T13:33:30.454+0200][146,288s] GC(477) Concurrent Mark
[2019-04-15T13:33:30.454+0200][146,288s] GC(477) Using 4 workers of 4 for marking
[2019-04-15T13:33:30.668+0200][146,501s] GC(477) Concurrent Mark 213,877ms
[2019-04-15T13:33:30.668+0200][146,501s] GC(477) User=0,59s Sys=0,00s Real=0,21s
[2019-04-15T13:33:30.668+0200][146,501s] GC(477) Concurrent Preclean
[2019-04-15T13:33:31.041+0200][146,875s] GC(477) Concurrent Preclean 373,267ms
[2019-04-15T13:33:31.041+0200][146,875s] GC(477) User=0,62s Sys=0,00s Real=0,37s
[2019-04-15T13:33:31.041+0200][146,875s] GC(477) Concurrent Abortable Preclean
[2019-04-15T13:33:31.041+0200][146,875s] GC(477) Concurrent Abortable Preclean 0,007ms
[2019-04-15T13:33:31.041+0200][146,875s] GC(477) User=0,00s Sys=0,00s Real=0,00s
[2019-04-15T13:33:31.041+0200][146,875s] GC(477) Pause Remark
[2019-04-15T13:33:31.041+0200][146,875s] GC(478) Pause Young (CMS Final Remark)
[2019-04-15T13:33:31.041+0200][146,875s] GC(478) Using 4 workers of 4 for evacuation
[2019-04-15T13:33:31.041+0200][146,875s] GC(478) ParNew: 109248K->109248K(109248K)
[2019-04-15T13:33:31.041+0200][146,875s] GC(478) CMS: 391637K->391637K(393216K)
[2019-04-15T13:33:31.041+0200][146,875s] GC(478) Metaspace: 68512K->68512K(1112064K)
[2019-04-15T13:33:31.041+0200][146,875s] GC(478) Pause Young (CMS Final Remark) 489M->489M(490M) 0,055ms
[2019-04-15T13:33:31.041+0200][146,875s] GC(478) User=0,00s Sys=0,00s Real=0,00s
[2019-04-15T13:33:31.158+0200][146,991s] GC(477) Pause Remark 489M->489M(490M) 116,546ms
[2019-04-15T13:33:31.158+0200][146,992s] GC(477) User=0,18s Sys=0,01s Real=0,12s
[2019-04-15T13:33:31.158+0200][146,992s] GC(477) Concurrent Sweep
[2019-04-15T13:33:31.205+0200][147,039s] GC(479) Pause Full (Allocation Failure)
[2019-04-15T13:33:31.271+0200][147,104s] GC(477) Concurrent Sweep 112,652ms
[2019-04-15T13:33:31.271+0200][147,104s] GC(477) User=0,14s Sys=0,00s Real=0,11s
[2019-04-15T13:33:31.271+0200][147,105s] GC(479) Phase 1: Mark live objects
[2019-04-15T13:33:31.411+0200][147,244s] GC(479) Phase 1: Mark live objects 139,567ms
[2019-04-15T13:33:31.411+0200][147,244s] GC(479) Phase 2: Compute new object addresses
[2019-04-15T13:33:31.515+0200][147,349s] GC(479) Phase 2: Compute new object addresses 104,330ms
[2019-04-15T13:33:31.515+0200][147,349s] GC(479) Phase 3: Adjust pointers
[2019-04-15T13:33:31.624+0200][147,458s] GC(479) Phase 3: Adjust pointers 109,068ms
[2019-04-15T13:33:31.624+0200][147,458s] GC(479) Phase 4: Move objects
[2019-04-15T13:33:31.688+0200][147,522s] GC(479) Phase 4: Move objects 64,036ms
[2019-04-15T13:33:31.689+0200][147,523s] GC(479) ParNew: 109248K->16868K(109248K)
[2019-04-15T13:33:31.689+0200][147,523s] GC(479) CMS: 393215K->383802K(393216K)
[2019-04-15T13:33:31.689+0200][147,523s] GC(479) Metaspace: 68512K->68512K(1112064K)
[2019-04-15T13:33:31.689+0200][147,523s] GC(479) Pause Full (Allocation Failure) 490M->391M(490M) 483,806ms
[2019-04-15T13:33:31.689+0200][147,523s] GC(479) User=0,48s Sys=0,00s Real=0,48s
[2019-04-15T13:33:31.693+0200][147,527s] GC(477) Old: 383441K->383802K(393216K)
[2019-04-15T13:33:31.958+0200][147,792s] GC(480) Pause Full (Allocation Failure)
[2019-04-15T13:33:31.958+0200][147,792s] GC(480) Phase 1: Mark live objects
[2019-04-15T13:33:32.329+0200][148,162s] GC(480) Phase 1: Mark live objects 370,348ms
[2019-04-15T13:33:32.329+0200][148,162s] GC(480) Phase 2: Compute new object addresses
[2019-04-15T13:33:32.484+0200][148,318s] GC(480) Phase 2: Compute new object addresses 155,248ms
[2019-04-15T13:33:32.484+0200][148,318s] GC(480) Phase 3: Adjust pointers
[2019-04-15T13:33:32.640+0200][148,474s] GC(480) Phase 3: Adjust pointers 156,363ms
[2019-04-15T13:33:32.640+0200][148,474s] GC(480) Phase 4: Move objects
[2019-04-15T13:33:32.642+0200][148,476s] GC(480) Phase 4: Move objects 1,676ms
[2019-04-15T13:33:32.644+0200][148,477s] GC(480) ParNew: 109248K->17565K(109248K)
[2019-04-15T13:33:32.644+0200][148,477s] GC(480) CMS: 393215K->383643K(393216K)
[2019-04-15T13:33:32.644+0200][148,477s] GC(480) Metaspace: 68512K->68512K(1112064K)
[2019-04-15T13:33:32.644+0200][148,477s] GC(480) Pause Full (Allocation Failure) 490M->391M(490M) 685,917ms
[2019-04-15T13:33:32.644+0200][148,477s] GC(480) User=0,60s Sys=0,00s Real=0,68s
[2019-04-15T13:33:32.644+0200][148,478s] GC(481) Pause Initial Mark
[2019-04-15T13:33:32.647+0200][148,480s] GC(481) Pause Initial Mark 393M->393M(490M) 2,423ms
[2019-04-15T13:33:32.647+0200][148,481s] GC(481) User=0,01s Sys=0,00s Real=0,01s
[2019-04-15T13:33:32.647+0200][148,481s] GC(481) Concurrent Mark
[2019-04-15T13:33:32.647+0200][148,481s] GC(481) Using 4 workers of 4 for marking
[2019-04-15T13:33:32.843+0200][148,677s] GC(481) Concurrent Mark 196,437ms
[2019-04-15T13:33:32.843+0200][148,677s] GC(481) User=0,54s Sys=0,00s Real=0,19s
[2019-04-15T13:33:32.843+0200][148,677s] GC(481) Concurrent Preclean
[2019-04-15T13:33:33.008+0200][148,842s] GC(481) Concurrent Preclean 164,388ms
[2019-04-15T13:33:33.008+0200][148,842s] GC(481) User=0,33s Sys=0,00s Real=0,17s
[2019-04-15T13:33:33.008+0200][148,842s] GC(481) Concurrent Abortable Preclean
[2019-04-15T13:33:33.008+0200][148,842s] GC(481) Concurrent Abortable Preclean 0,007ms
[2019-04-15T13:33:33.008+0200][148,842s] GC(481) User=0,00s Sys=0,00s Real=0,00s
[2019-04-15T13:33:33.008+0200][148,842s] GC(481) Pause Remark
[2019-04-15T13:33:33.008+0200][148,842s] GC(482) Pause Young (CMS Final Remark)
[2019-04-15T13:33:33.008+0200][148,842s] GC(482) Using 4 workers of 4 for evacuation
[2019-04-15T13:33:33.008+0200][148,842s] GC(482) ParNew: 109248K->109248K(109248K)
[2019-04-15T13:33:33.008+0200][148,842s] GC(482) CMS: 385084K->385084K(393216K)
[2019-04-15T13:33:33.008+0200][148,842s] GC(482) Metaspace: 68515K->68515K(1112064K)
[2019-04-15T13:33:33.008+0200][148,842s] GC(482) Pause Young (CMS Final Remark) 482M->482M(490M) 0,059ms
[2019-04-15T13:33:33.008+0200][148,842s] GC(482) User=0,00s Sys=0,00s Real=0,00s
[2019-04-15T13:33:33.111+0200][148,945s] GC(481) Pause Remark 482M->482M(490M) 103,205ms
[2019-04-15T13:33:33.111+0200][148,945s] GC(481) User=0,23s Sys=0,01s Real=0,10s
[2019-04-15T13:33:33.111+0200][148,945s] GC(481) Concurrent Sweep
[2019-04-15T13:33:33.239+0200][149,072s] GC(483) Pause Full (Allocation Failure)
[2019-04-15T13:33:33.325+0200][149,159s] GC(481) Concurrent Sweep 214,018ms
[2019-04-15T13:33:33.325+0200][149,159s] GC(481) User=0,33s Sys=0,00s Real=0,22s
[2019-04-15T13:33:33.326+0200][149,160s] GC(483) Phase 1: Mark live objects
[2019-04-15T13:33:33.578+0200][149,412s] GC(483) Phase 1: Mark live objects 252,706ms
[2019-04-15T13:33:33.578+0200][149,412s] GC(483) Phase 2: Compute new object addresses
[2019-04-15T13:33:33.689+0200][149,522s] GC(483) Phase 2: Compute new object addresses 110,059ms
[2019-04-15T13:33:33.689+0200][149,522s] GC(483) Phase 3: Adjust pointers
[2019-04-15T13:33:33.848+0200][149,681s] GC(483) Phase 3: Adjust pointers 159,001ms
[2019-04-15T13:33:33.848+0200][149,681s] GC(483) Phase 4: Move objects
[2019-04-15T13:33:33.849+0200][149,683s] GC(483) Phase 4: Move objects 1,217ms
[2019-04-15T13:33:33.850+0200][149,683s] GC(483) ParNew: 109248K->17639K(109248K)
[2019-04-15T13:33:33.850+0200][149,683s] GC(483) CMS: 391842K->384386K(393216K)
[2019-04-15T13:33:33.850+0200][149,683s] GC(483) Metaspace: 68515K->68515K(1112064K)
[2019-04-15T13:33:33.850+0200][149,683s] GC(483) Pause Full (Allocation Failure) 489M->392M(490M) 610,899ms
[2019-04-15T13:33:33.850+0200][149,683s] GC(483) User=0,60s Sys=0,00s Real=0,61s
[2019-04-15T13:33:33.851+0200][149,685s] GC(481) Old: 383643K->384386K(393216K)
[2019-04-15T13:33:34.177+0200][150,011s] GC(484) Pause Full (Allocation Failure)
[2019-04-15T13:33:34.178+0200][150,012s] GC(484) Phase 1: Mark live objects
[2019-04-15T13:33:34.346+0200][150,179s] GC(484) Phase 1: Mark live objects 167,756ms
[2019-04-15T13:33:34.346+0200][150,179s] GC(484) Phase 2: Compute new object addresses
[2019-04-15T13:33:34.559+0200][150,393s] GC(484) Phase 2: Compute new object addresses 213,677ms
[2019-04-15T13:33:34.559+0200][150,393s] GC(484) Phase 3: Adjust pointers
[2019-04-15T13:33:34.771+0200][150,605s] GC(484) Phase 3: Adjust pointers 211,863ms
[2019-04-15T13:33:34.771+0200][150,605s] GC(484) Phase 4: Move objects
[2019-04-15T13:33:34.772+0200][150,606s] GC(484) Phase 4: Move objects 0,537ms
[2019-04-15T13:33:34.773+0200][150,607s] GC(484) ParNew: 109247K->17635K(109248K)
[2019-04-15T13:33:34.773+0200][150,607s] GC(484) CMS: 393215K->383933K(393216K)
[2019-04-15T13:33:34.773+0200][150,607s] GC(484) Metaspace: 68517K->68517K(1112064K)
[2019-04-15T13:33:34.773+0200][150,607s] GC(484) Pause Full (Allocation Failure) 490M->392M(490M) 595,587ms
[2019-04-15T13:33:34.773+0200][150,607s] GC(484) User=0,51s Sys=0,00s Real=0,59s
[2019-04-15T13:33:34.776+0200][150,610s] GC(485) Pause Initial Mark
[2019-04-15T13:33:34.777+0200][150,611s] GC(485) Pause Initial Mark 395M->395M(490M) 1,169ms
[2019-04-15T13:33:34.777+0200][150,611s] GC(485) User=0,00s Sys=0,00s Real=0,00s
[2019-04-15T13:33:34.786+0200][150,620s] GC(485) Concurrent Mark
[2019-04-15T13:33:34.786+0200][150,620s] GC(485) Using 4 workers of 4 for marking
[2019-04-15T13:33:35.021+0200][150,855s] GC(485) Concurrent Mark 235,278ms
[2019-04-15T13:33:35.021+0200][150,855s] GC(485) User=0,50s Sys=0,00s Real=0,23s
[2019-04-15T13:33:35.021+0200][150,855s] GC(485) Concurrent Preclean
[2019-04-15T13:33:35.279+0200][151,113s] GC(485) Concurrent Preclean 257,512ms
[2019-04-15T13:33:35.279+0200][151,113s] GC(485) User=0,48s Sys=0,00s Real=0,26s
[2019-04-15T13:33:35.279+0200][151,113s] GC(485) Concurrent Abortable Preclean
[2019-04-15T13:33:35.279+0200][151,113s] GC(485) Concurrent Abortable Preclean 0,008ms
[2019-04-15T13:33:35.279+0200][151,113s] GC(485) User=0,00s Sys=0,00s Real=0,00s
[2019-04-15T13:33:35.279+0200][151,113s] GC(485) Pause Remark
[2019-04-15T13:33:35.279+0200][151,113s] GC(486) Pause Young (CMS Final Remark)
[2019-04-15T13:33:35.279+0200][151,113s] GC(486) Using 4 workers of 4 for evacuation
[2019-04-15T13:33:35.279+0200][151,113s] GC(486) ParNew: 109247K->109247K(109248K)
[2019-04-15T13:33:35.279+0200][151,113s] GC(486) CMS: 386642K->386642K(393216K)
[2019-04-15T13:33:35.279+0200][151,113s] GC(486) Metaspace: 68517K->68517K(1112064K)
[2019-04-15T13:33:35.279+0200][151,113s] GC(486) Pause Young (CMS Final Remark) 484M->484M(490M) 0,066ms
[2019-04-15T13:33:35.279+0200][151,113s] GC(486) User=0,00s Sys=0,00s Real=0,00s
[2019-04-15T13:33:35.338+0200][151,172s] GC(485) Pause Remark 484M->484M(490M) 59,111ms
[2019-04-15T13:33:35.338+0200][151,172s] GC(485) User=0,13s Sys=0,00s Real=0,06s
[2019-04-15T13:33:35.338+0200][151,172s] GC(485) Concurrent Sweep
[2019-04-15T13:33:35.457+0200][151,291s] GC(487) Pause Full (Allocation Failure)
[2019-04-15T13:33:35.547+0200][151,380s] GC(485) Concurrent Sweep 208,313ms
[2019-04-15T13:33:35.547+0200][151,381s] GC(485) User=0,33s Sys=0,00s Real=0,21s
[2019-04-15T13:33:35.547+0200][151,381s] GC(487) Phase 1: Mark live objects
[2019-04-15T13:33:35.673+0200][151,506s] GC(487) Phase 1: Mark live objects 125,698ms
[2019-04-15T13:33:35.673+0200][151,506s] GC(487) Phase 2: Compute new object addresses
[2019-04-15T13:33:35.775+0200][151,609s] GC(487) Phase 2: Compute new object addresses 102,475ms
[2019-04-15T13:33:35.775+0200][151,609s] GC(487) Phase 3: Adjust pointers
[2019-04-15T13:33:35.875+0200][151,709s] GC(487) Phase 3: Adjust pointers 99,663ms
[2019-04-15T13:33:35.875+0200][151,709s] GC(487) Phase 4: Move objects
[2019-04-15T13:33:35.876+0200][151,710s] GC(487) Phase 4: Move objects 1,216ms
[2019-04-15T13:33:35.877+0200][151,710s] GC(487) ParNew: 109247K->17561K(109248K)
[2019-04-15T13:33:35.877+0200][151,711s] GC(487) CMS: 393199K->383926K(393216K)
[2019-04-15T13:33:35.877+0200][151,711s] GC(487) Metaspace: 68517K->68517K(1112064K)
[2019-04-15T13:33:35.877+0200][151,711s] GC(487) Pause Full (Allocation Failure) 490M->392M(490M) 419,312ms
[2019-04-15T13:33:35.877+0200][151,711s] GC(487) User=0,42s Sys=0,00s Real=0,42s
[2019-04-15T13:33:35.877+0200][151,711s] GC(485) Old: 383933K->383926K(393216K)
[2019-04-15T13:33:36.119+0200][151,953s] GC(488) Pause Full (Allocation Failure)
[2019-04-15T13:33:36.120+0200][151,953s] GC(488) Phase 1: Mark live objects
[2019-04-15T13:33:36.245+0200][152,079s] GC(488) Phase 1: Mark live objects 125,432ms
[2019-04-15T13:33:36.245+0200][152,079s] GC(488) Phase 2: Compute new object addresses
[2019-04-15T13:33:36.375+0200][152,209s] GC(488) Phase 2: Compute new object addresses 129,690ms
[2019-04-15T13:33:36.375+0200][152,209s] GC(488) Phase 3: Adjust pointers
[2019-04-15T13:33:36.575+0200][152,408s] GC(488) Phase 3: Adjust pointers 199,601ms
[2019-04-15T13:33:36.575+0200][152,408s] GC(488) Phase 4: Move objects
[2019-04-15T13:33:36.575+0200][152,409s] GC(488) Phase 4: Move objects 0,592ms
[2019-04-15T13:33:36.576+0200][152,410s] GC(488) ParNew: 109247K->17571K(109248K)
[2019-04-15T13:33:36.576+0200][152,410s] GC(488) CMS: 393214K->383692K(393216K)
[2019-04-15T13:33:36.576+0200][152,410s] GC(488) Metaspace: 68517K->68517K(1112064K)
[2019-04-15T13:33:36.576+0200][152,410s] GC(488) Pause Full (Allocation Failure) 490M->391M(490M) 456,557ms
[2019-04-15T13:33:36.576+0200][152,410s] GC(488) User=0,45s Sys=0,00s Real=0,46s
[2019-04-15T13:33:36.576+0200][152,410s] GC(489) Pause Initial Mark
[2019-04-15T13:33:36.578+0200][152,411s] GC(489) Pause Initial Mark 393M->393M(490M) 1,365ms
[2019-04-15T13:33:36.578+0200][152,411s] GC(489) User=0,00s Sys=0,00s Real=0,00s
[2019-04-15T13:33:36.580+0200][152,414s] GC(489) Concurrent Mark
[2019-04-15T13:33:36.580+0200][152,414s] GC(489) Using 4 workers of 4 for marking
[2019-04-15T13:33:36.759+0200][152,593s] GC(489) Concurrent Mark 179,518ms
[2019-04-15T13:33:36.759+0200][152,593s] GC(489) User=0,49s Sys=0,01s Real=0,18s
[2019-04-15T13:33:36.759+0200][152,593s] GC(489) Concurrent Preclean
[2019-04-15T13:33:37.103+0200][152,937s] GC(489) Concurrent Preclean 343,731ms
[2019-04-15T13:33:37.103+0200][152,937s] GC(489) User=0,59s Sys=0,00s Real=0,34s
[2019-04-15T13:33:37.103+0200][152,937s] GC(489) Concurrent Abortable Preclean
[2019-04-15T13:33:37.103+0200][152,937s] GC(489) Concurrent Abortable Preclean 0,006ms
[2019-04-15T13:33:37.103+0200][152,937s] GC(489) User=0,00s Sys=0,00s Real=0,00s
[2019-04-15T13:33:37.103+0200][152,937s] GC(489) Pause Remark
[2019-04-15T13:33:37.103+0200][152,937s] GC(490) Pause Young (CMS Final Remark)
[2019-04-15T13:33:37.103+0200][152,937s] GC(490) Using 4 workers of 4 for evacuation
[2019-04-15T13:33:37.103+0200][152,937s] GC(490) ParNew: 109248K->109248K(109248K)
[2019-04-15T13:33:37.103+0200][152,937s] GC(490) CMS: 388847K->388847K(393216K)
[2019-04-15T13:33:37.103+0200][152,937s] GC(490) Metaspace: 68523K->68523K(1112064K)
[2019-04-15T13:33:37.103+0200][152,937s] GC(490) Pause Young (CMS Final Remark) 486M->486M(490M) 0,064ms
[2019-04-15T13:33:37.103+0200][152,937s] GC(490) User=0,00s Sys=0,00s Real=0,00s
[2019-04-15T13:33:37.179+0200][153,013s] GC(489) Pause Remark 486M->486M(490M) 76,134ms
[2019-04-15T13:33:37.179+0200][153,013s] GC(489) User=0,19s Sys=0,00s Real=0,08s
[2019-04-15T13:33:37.180+0200][153,013s] GC(489) Concurrent Sweep
[2019-04-15T13:33:37.251+0200][153,084s] GC(491) Pause Full (Allocation Failure)
[2019-04-15T13:33:37.329+0200][153,163s] GC(489) Concurrent Sweep 149,577ms
[2019-04-15T13:33:37.329+0200][153,163s] GC(489) User=0,22s Sys=0,00s Real=0,15s
[2019-04-15T13:33:37.330+0200][153,164s] GC(491) Phase 1: Mark live objects
[2019-04-15T13:33:37.507+0200][153,340s] GC(491) Phase 1: Mark live objects 176,733ms
[2019-04-15T13:33:37.507+0200][153,340s] GC(491) Phase 2: Compute new object addresses
[2019-04-15T13:33:37.610+0200][153,444s] GC(491) Phase 2: Compute new object addresses 103,719ms
[2019-04-15T13:33:37.610+0200][153,444s] GC(491) Phase 3: Adjust pointers
[2019-04-15T13:33:37.711+0200][153,545s] GC(491) Phase 3: Adjust pointers 101,085ms
[2019-04-15T13:33:37.711+0200][153,545s] GC(491) Phase 4: Move objects
[2019-04-15T13:33:37.712+0200][153,546s] GC(491) Phase 4: Move objects 0,541ms
[2019-04-15T13:33:37.713+0200][153,546s] GC(491) ParNew: 109248K->17570K(109248K)
[2019-04-15T13:33:37.713+0200][153,546s] GC(491) CMS: 392966K->383605K(393216K)
[2019-04-15T13:33:37.713+0200][153,546s] GC(491) Metaspace: 68523K->68523K(1112064K)
[2019-04-15T13:33:37.713+0200][153,546s] GC(491) Pause Full (Allocation Failure) 490M->391M(490M) 462,017ms
[2019-04-15T13:33:37.713+0200][153,546s] GC(491) User=0,46s Sys=0,00s Real=0,46s
[2019-04-15T13:33:37.713+0200][153,547s] GC(489) Old: 383692K->383605K(393216K)
[2019-04-15T13:33:38.020+0200][153,854s] GC(492) Pause Full (Allocation Failure)
[2019-04-15T13:33:38.020+0200][153,854s] GC(492) Phase 1: Mark live objects
[2019-04-15T13:33:38.157+0200][153,991s] GC(492) Phase 1: Mark live objects 137,210ms
[2019-04-15T13:33:38.157+0200][153,991s] GC(492) Phase 2: Compute new object addresses
[2019-04-15T13:33:38.288+0200][154,121s] GC(492) Phase 2: Compute new object addresses 130,050ms
[2019-04-15T13:33:38.288+0200][154,121s] GC(492) Phase 3: Adjust pointers
[2019-04-15T13:33:38.420+0200][154,254s] GC(492) Phase 3: Adjust pointers 132,221ms
[2019-04-15T13:33:38.420+0200][154,254s] GC(492) Phase 4: Move objects
[2019-04-15T13:33:38.421+0200][154,255s] GC(492) Phase 4: Move objects 1,024ms
[2019-04-15T13:33:38.422+0200][154,256s] GC(492) ParNew: 109247K->17572K(109248K)
[2019-04-15T13:33:38.422+0200][154,256s] GC(492) CMS: 393142K->383969K(393216K)
[2019-04-15T13:33:38.422+0200][154,256s] GC(492) Metaspace: 68523K->68523K(1112064K)
[2019-04-15T13:33:38.422+0200][154,256s] GC(492) Pause Full (Allocation Failure) 490M->392M(490M) 402,060ms
[2019-04-15T13:33:38.422+0200][154,256s] GC(492) User=0,40s Sys=0,00s Real=0,40s
[2019-04-15T13:33:38.423+0200][154,257s] GC(493) Pause Initial Mark
[2019-04-15T13:33:38.425+0200][154,259s] GC(493) Pause Initial Mark 393M->393M(490M) 1,959ms
[2019-04-15T13:33:38.425+0200][154,259s] GC(493) User=0,00s Sys=0,00s Real=0,00s
[2019-04-15T13:33:38.425+0200][154,259s] GC(493) Concurrent Mark
[2019-04-15T13:33:38.425+0200][154,259s] GC(493) Using 4 workers of 4 for marking
[2019-04-15T13:33:38.617+0200][154,451s] GC(493) Concurrent Mark 192,012ms
[2019-04-15T13:33:38.617+0200][154,451s] GC(493) User=0,51s Sys=0,01s Real=0,19s
[2019-04-15T13:33:38.617+0200][154,451s] GC(493) Concurrent Preclean
[2019-04-15T13:33:38.917+0200][154,750s] GC(493) Concurrent Preclean 299,738ms
[2019-04-15T13:33:38.917+0200][154,751s] GC(493) User=0,54s Sys=0,01s Real=0,30s
[2019-04-15T13:33:38.917+0200][154,751s] GC(493) Concurrent Abortable Preclean
[2019-04-15T13:33:38.917+0200][154,751s] GC(493) Concurrent Abortable Preclean 0,010ms
[2019-04-15T13:33:38.917+0200][154,751s] GC(493) User=0,00s Sys=0,00s Real=0,00s
[2019-04-15T13:33:38.917+0200][154,751s] GC(493) Pause Remark
[2019-04-15T13:33:38.917+0200][154,751s] GC(494) Pause Young (CMS Final Remark)
[2019-04-15T13:33:38.917+0200][154,751s] GC(494) Using 4 workers of 4 for evacuation
[2019-04-15T13:33:38.917+0200][154,751s] GC(494) ParNew: 109248K->109248K(109248K)
[2019-04-15T13:33:38.917+0200][154,751s] GC(494) CMS: 386690K->386690K(393216K)
[2019-04-15T13:33:38.917+0200][154,751s] GC(494) Metaspace: 68524K->68524K(1112064K)
[2019-04-15T13:33:38.917+0200][154,751s] GC(494) Pause Young (CMS Final Remark) 484M->484M(490M) 0,109ms
[2019-04-15T13:33:38.917+0200][154,751s] GC(494) User=0,00s Sys=0,00s Real=0,00s
[2019-04-15T13:33:38.982+0200][154,816s] GC(493) Pause Remark 484M->484M(490M) 65,171ms
[2019-04-15T13:33:38.982+0200][154,816s] GC(493) User=0,15s Sys=0,00s Real=0,06s
[2019-04-15T13:33:38.982+0200][154,816s] GC(493) Concurrent Sweep
[2019-04-15T13:33:39.169+0200][155,003s] GC(495) Pause Full (Allocation Failure)
[2019-04-15T13:33:39.213+0200][155,047s] GC(493) Concurrent Sweep 231,098ms
[2019-04-15T13:33:39.214+0200][155,047s] GC(493) User=0,29s Sys=0,01s Real=0,24s
[2019-04-15T13:33:39.214+0200][155,048s] GC(495) Phase 1: Mark live objects
[2019-04-15T13:33:39.442+0200][155,275s] GC(495) Phase 1: Mark live objects 227,708ms
[2019-04-15T13:33:39.442+0200][155,275s] GC(495) Phase 2: Compute new object addresses
[2019-04-15T13:33:39.546+0200][155,380s] GC(495) Phase 2: Compute new object addresses 104,627ms
[2019-04-15T13:33:39.546+0200][155,380s] GC(495) Phase 3: Adjust pointers
[2019-04-15T13:33:39.712+0200][155,546s] GC(495) Phase 3: Adjust pointers 166,057ms
[2019-04-15T13:33:39.712+0200][155,546s] GC(495) Phase 4: Move objects
[2019-04-15T13:33:39.713+0200][155,547s] GC(495) Phase 4: Move objects 0,660ms
[2019-04-15T13:33:39.714+0200][155,547s] GC(495) ParNew: 109248K->17591K(109248K)
[2019-04-15T13:33:39.714+0200][155,547s] GC(495) CMS: 393159K->383591K(393216K)
[2019-04-15T13:33:39.714+0200][155,547s] GC(495) Metaspace: 68524K->68524K(1112064K)
[2019-04-15T13:33:39.714+0200][155,547s] GC(495) Pause Full (Allocation Failure) 490M->391M(490M) 544,280ms
[2019-04-15T13:33:39.714+0200][155,548s] GC(495) User=0,53s Sys=0,00s Real=0,55s
[2019-04-15T13:33:39.714+0200][155,548s] GC(493) Old: 383969K->383591K(393216K)
[2019-04-15T13:33:39.999+0200][155,832s] GC(496) Pause Full (Allocation Failure)
[2019-04-15T13:33:39.999+0200][155,833s] GC(496) Phase 1: Mark live objects
[2019-04-15T13:33:40.169+0200][156,002s] GC(496) Phase 1: Mark live objects 169,406ms
[2019-04-15T13:33:40.169+0200][156,002s] GC(496) Phase 2: Compute new object addresses
[2019-04-15T13:33:40.272+0200][156,106s] GC(496) Phase 2: Compute new object addresses 103,693ms
[2019-04-15T13:33:40.272+0200][156,106s] GC(496) Phase 3: Adjust pointers
[2019-04-15T13:33:40.373+0200][156,207s] GC(496) Phase 3: Adjust pointers 100,751ms
[2019-04-15T13:33:40.373+0200][156,207s] GC(496) Phase 4: Move objects
[2019-04-15T13:33:40.374+0200][156,208s] GC(496) Phase 4: Move objects 0,605ms
[2019-04-15T13:33:40.374+0200][156,208s] GC(496) ParNew: 109247K->17692K(109248K)
[2019-04-15T13:33:40.374+0200][156,208s] GC(496) CMS: 393213K->384202K(393216K)
[2019-04-15T13:33:40.374+0200][156,208s] GC(496) Metaspace: 68533K->68533K(1112064K)
[2019-04-15T13:33:40.374+0200][156,208s] GC(496) Pause Full (Allocation Failure) 490M->392M(490M) 375,691ms
[2019-04-15T13:33:40.374+0200][156,208s] GC(496) User=0,37s Sys=0,00s Real=0,38s
[2019-04-15T13:33:40.375+0200][156,208s] GC(497) Pause Initial Mark
[2019-04-15T13:33:40.376+0200][156,210s] GC(497) Pause Initial Mark 394M->394M(490M) 1,471ms
[2019-04-15T13:33:40.376+0200][156,210s] GC(497) User=0,00s Sys=0,00s Real=0,00s
[2019-04-15T13:33:40.376+0200][156,210s] GC(497) Concurrent Mark
[2019-04-15T13:33:40.376+0200][156,210s] GC(497) Using 4 workers of 4 for marking
[2019-04-15T13:33:40.537+0200][156,371s] GC(497) Concurrent Mark 160,933ms
[2019-04-15T13:33:40.537+0200][156,371s] GC(497) User=0,48s Sys=0,00s Real=0,16s
[2019-04-15T13:33:40.537+0200][156,371s] GC(497) Concurrent Preclean
[2019-04-15T13:33:40.796+0200][156,630s] GC(498) Pause Full (Allocation Failure)
[2019-04-15T13:33:40.860+0200][156,694s] GC(497) Concurrent Preclean 322,787ms
[2019-04-15T13:33:40.860+0200][156,694s] GC(497) User=0,59s Sys=0,00s Real=0,32s
[2019-04-15T13:33:40.860+0200][156,694s] GC(498) Phase 1: Mark live objects
[2019-04-15T13:33:40.986+0200][156,820s] GC(498) Phase 1: Mark live objects 125,703ms
[2019-04-15T13:33:40.986+0200][156,820s] GC(498) Phase 2: Compute new object addresses
[2019-04-15T13:33:41.092+0200][156,926s] GC(498) Phase 2: Compute new object addresses 106,339ms
[2019-04-15T13:33:41.092+0200][156,926s] GC(498) Phase 3: Adjust pointers
[2019-04-15T13:33:41.194+0200][157,028s] GC(498) Phase 3: Adjust pointers 101,618ms
[2019-04-15T13:33:41.194+0200][157,028s] GC(498) Phase 4: Move objects
[2019-04-15T13:33:41.195+0200][157,029s] GC(498) Phase 4: Move objects 1,183ms
[2019-04-15T13:33:41.196+0200][157,030s] GC(498) ParNew: 109247K->17778K(109248K)
[2019-04-15T13:33:41.196+0200][157,030s] GC(498) CMS: 393151K->384021K(393216K)
[2019-04-15T13:33:41.196+0200][157,030s] GC(498) Metaspace: 68533K->68533K(1112064K)
[2019-04-15T13:33:41.196+0200][157,030s] GC(498) Pause Full (Allocation Failure) 490M->392M(490M) 399,624ms
[2019-04-15T13:33:41.196+0200][157,030s] GC(498) User=0,40s Sys=0,00s Real=0,40s
[2019-04-15T13:33:41.498+0200][157,331s] GC(499) Pause Full (Allocation Failure)
[2019-04-15T13:33:41.498+0200][157,332s] GC(499) Phase 1: Mark live objects
[2019-04-15T13:33:41.661+0200][157,494s] GC(499) Phase 1: Mark live objects 162,560ms
[2019-04-15T13:33:41.661+0200][157,494s] GC(499) Phase 2: Compute new object addresses
[2019-04-15T13:33:41.777+0200][157,611s] GC(499) Phase 2: Compute new object addresses 116,165ms
[2019-04-15T13:33:41.777+0200][157,611s] GC(499) Phase 3: Adjust pointers
[2019-04-15T13:33:41.901+0200][157,735s] GC(499) Phase 3: Adjust pointers 123,844ms
[2019-04-15T13:33:41.901+0200][157,735s] GC(499) Phase 4: Move objects
[2019-04-15T13:33:41.902+0200][157,735s] GC(499) Phase 4: Move objects 0,718ms
[2019-04-15T13:33:41.902+0200][157,736s] GC(499) ParNew: 109247K->17881K(109248K)
[2019-04-15T13:33:41.902+0200][157,736s] GC(499) CMS: 393204K->384125K(393216K)
[2019-04-15T13:33:41.902+0200][157,736s] GC(499) Metaspace: 68537K->68537K(1112064K)
[2019-04-15T13:33:41.902+0200][157,736s] GC(499) Pause Full (Allocation Failure) 490M->392M(490M) 404,623ms
[2019-04-15T13:33:41.902+0200][157,736s] GC(499) User=0,41s Sys=0,00s Real=0,40s
[2019-04-15T13:33:41.904+0200][157,738s] GC(500) Pause Initial Mark
[2019-04-15T13:33:41.906+0200][157,739s] GC(500) Pause Initial Mark 394M->394M(490M) 1,434ms
[2019-04-15T13:33:41.906+0200][157,739s] GC(500) User=0,00s Sys=0,00s Real=0,01s
[2019-04-15T13:33:41.908+0200][157,742s] GC(500) Concurrent Mark
[2019-04-15T13:33:41.908+0200][157,742s] GC(500) Using 4 workers of 4 for marking
[2019-04-15T13:33:42.089+0200][157,923s] GC(500) Concurrent Mark 180,942ms
[2019-04-15T13:33:42.089+0200][157,923s] GC(500) User=0,45s Sys=0,00s Real=0,18s
[2019-04-15T13:33:42.089+0200][157,923s] GC(500) Concurrent Preclean
[2019-04-15T13:33:42.389+0200][158,223s] GC(500) Concurrent Preclean 300,235ms
[2019-04-15T13:33:42.389+0200][158,223s] GC(500) User=0,54s Sys=0,00s Real=0,30s
[2019-04-15T13:33:42.389+0200][158,223s] GC(500) Concurrent Abortable Preclean
[2019-04-15T13:33:42.389+0200][158,223s] GC(500) Concurrent Abortable Preclean 0,008ms
[2019-04-15T13:33:42.389+0200][158,223s] GC(500) User=0,00s Sys=0,00s Real=0,00s
[2019-04-15T13:33:42.394+0200][158,227s] GC(500) Pause Remark
[2019-04-15T13:33:42.394+0200][158,227s] GC(501) Pause Young (CMS Final Remark)
[2019-04-15T13:33:42.394+0200][158,227s] GC(501) Using 4 workers of 4 for evacuation
[2019-04-15T13:33:42.394+0200][158,227s] GC(501) ParNew: 109247K->109247K(109248K)
[2019-04-15T13:33:42.394+0200][158,227s] GC(501) CMS: 386138K->386138K(393216K)
[2019-04-15T13:33:42.394+0200][158,227s] GC(501) Metaspace: 68537K->68537K(1112064K)
[2019-04-15T13:33:42.394+0200][158,227s] GC(501) Pause Young (CMS Final Remark) 483M->483M(490M) 0,085ms
[2019-04-15T13:33:42.394+0200][158,227s] GC(501) User=0,00s Sys=0,00s Real=0,00s
[2019-04-15T13:33:42.551+0200][158,385s] GC(500) Pause Remark 483M->483M(490M) 157,585ms
[2019-04-15T13:33:42.551+0200][158,385s] GC(500) User=0,23s Sys=0,00s Real=0,15s
[2019-04-15T13:33:42.551+0200][158,385s] GC(500) Concurrent Sweep
[2019-04-15T13:33:42.813+0200][158,647s] GC(502) Pause Full (Allocation Failure)
[2019-04-15T13:33:42.824+0200][158,658s] GC(500) Concurrent Sweep 273,313ms
[2019-04-15T13:33:42.825+0200][158,658s] GC(500) User=0,39s Sys=0,01s Real=0,27s
[2019-04-15T13:33:42.825+0200][158,659s] GC(502) Phase 1: Mark live objects
[2019-04-15T13:33:43.104+0200][158,938s] GC(502) Phase 1: Mark live objects 279,146ms
[2019-04-15T13:33:43.104+0200][158,938s] GC(502) Phase 2: Compute new object addresses
[2019-04-15T13:33:43.246+0200][159,080s] GC(502) Phase 2: Compute new object addresses 142,231ms
[2019-04-15T13:33:43.246+0200][159,080s] GC(502) Phase 3: Adjust pointers
[2019-04-15T13:33:43.405+0200][159,239s] GC(502) Phase 3: Adjust pointers 158,871ms
[2019-04-15T13:33:43.405+0200][159,239s] GC(502) Phase 4: Move objects
[2019-04-15T13:33:43.406+0200][159,240s] GC(502) Phase 4: Move objects 1,012ms
[2019-04-15T13:33:43.407+0200][159,241s] GC(502) ParNew: 109247K->17841K(109248K)
[2019-04-15T13:33:43.407+0200][159,241s] GC(502) CMS: 393168K->383773K(393216K)
[2019-04-15T13:33:43.407+0200][159,241s] GC(502) Metaspace: 68537K->68537K(1112064K)
[2019-04-15T13:33:43.407+0200][159,241s] GC(502) Pause Full (Allocation Failure) 490M->392M(490M) 594,307ms
[2019-04-15T13:33:43.407+0200][159,241s] GC(502) User=0,58s Sys=0,00s Real=0,59s
[2019-04-15T13:33:43.408+0200][159,242s] GC(500) Old: 384125K->383773K(393216K)
[2019-04-15T13:33:43.748+0200][159,582s] GC(503) Pause Full (Allocation Failure)
[2019-04-15T13:33:43.748+0200][159,582s] GC(503) Phase 1: Mark live objects
[2019-04-15T13:33:43.956+0200][159,790s] GC(503) Phase 1: Mark live objects 207,685ms
[2019-04-15T13:33:43.956+0200][159,790s] GC(503) Phase 2: Compute new object addresses
[2019-04-15T13:33:44.173+0200][160,007s] GC(503) Phase 2: Compute new object addresses 217,034ms
[2019-04-15T13:33:44.173+0200][160,007s] GC(503) Phase 3: Adjust pointers
[2019-04-15T13:33:44.472+0200][160,306s] GC(503) Phase 3: Adjust pointers 299,164ms
[2019-04-15T13:33:44.472+0200][160,306s] GC(503) Phase 4: Move objects
[2019-04-15T13:33:44.473+0200][160,307s] GC(503) Phase 4: Move objects 0,997ms
[2019-04-15T13:33:44.478+0200][160,312s] GC(503) ParNew: 109247K->17879K(109248K)
[2019-04-15T13:33:44.479+0200][160,312s] GC(503) CMS: 393128K->383520K(393216K)
[2019-04-15T13:33:44.479+0200][160,312s] GC(503) Metaspace: 68537K->68537K(1112064K)
[2019-04-15T13:33:44.479+0200][160,312s] GC(503) Pause Full (Allocation Failure) 490M->391M(490M) 730,863ms
[2019-04-15T13:33:44.479+0200][160,313s] GC(503) User=0,61s Sys=0,00s Real=0,73s
[2019-04-15T13:33:44.498+0200][160,332s] GC(504) Pause Initial Mark
[2019-04-15T13:33:44.511+0200][160,345s] GC(504) Pause Initial Mark 402M->402M(490M) 12,697ms
[2019-04-15T13:33:44.511+0200][160,345s] GC(504) User=0,01s Sys=0,00s Real=0,01s
[2019-04-15T13:33:44.511+0200][160,345s] GC(504) Concurrent Mark
[2019-04-15T13:33:44.511+0200][160,345s] GC(504) Using 4 workers of 4 for marking
[2019-04-15T13:33:44.866+0200][160,700s] GC(504) Concurrent Mark 355,017ms
[2019-04-15T13:33:44.866+0200][160,700s] GC(504) User=0,55s Sys=0,00s Real=0,36s
[2019-04-15T13:33:44.866+0200][160,700s] GC(504) Concurrent Preclean
[2019-04-15T13:33:45.235+0200][161,068s] GC(504) Concurrent Preclean 368,249ms
[2019-04-15T13:33:45.236+0200][161,070s] GC(504) User=0,38s Sys=0,00s Real=0,37s
[2019-04-15T13:33:45.236+0200][161,070s] GC(504) Concurrent Abortable Preclean
[2019-04-15T13:33:45.236+0200][161,070s] GC(504) Concurrent Abortable Preclean 0,011ms
[2019-04-15T13:33:45.236+0200][161,070s] GC(504) User=0,00s Sys=0,00s Real=0,00s
[2019-04-15T13:33:45.240+0200][161,073s] GC(504) Pause Remark
[2019-04-15T13:33:45.240+0200][161,074s] GC(505) Pause Young (CMS Final Remark)
[2019-04-15T13:33:45.240+0200][161,074s] GC(505) Using 4 workers of 4 for evacuation
[2019-04-15T13:33:45.240+0200][161,074s] GC(505) ParNew: 104978K->104978K(109248K)
[2019-04-15T13:33:45.240+0200][161,074s] GC(505) CMS: 383520K->383520K(393216K)
[2019-04-15T13:33:45.240+0200][161,074s] GC(505) Metaspace: 68551K->68551K(1112064K)
[2019-04-15T13:33:45.240+0200][161,074s] GC(505) Pause Young (CMS Final Remark) 477M->477M(490M) 0,208ms
[2019-04-15T13:33:45.240+0200][161,074s] GC(505) User=0,00s Sys=0,00s Real=0,00s
[2019-04-15T13:33:45.357+0200][161,191s] GC(504) Pause Remark 477M->477M(490M) 117,740ms
[2019-04-15T13:33:45.357+0200][161,191s] GC(504) User=0,20s Sys=0,00s Real=0,12s
[2019-04-15T13:33:45.357+0200][161,191s] GC(504) Concurrent Sweep
[2019-04-15T13:33:45.603+0200][161,437s] GC(504) Concurrent Sweep 245,413ms
[2019-04-15T13:33:45.603+0200][161,437s] GC(504) User=0,31s Sys=0,00s Real=0,24s
[2019-04-15T13:33:45.603+0200][161,437s] GC(504) Concurrent Reset
[2019-04-15T13:33:45.604+0200][161,438s] GC(506) Pause Young (Allocation Failure)
[2019-04-15T13:33:45.604+0200][161,438s] GC(506) Using 4 workers of 4 for evacuation
[2019-04-15T13:33:45.604+0200][161,438s] GC(507) Pause Full (Allocation Failure)
[2019-04-15T13:33:45.604+0200][161,438s] GC(504) Concurrent Reset 1,347ms
[2019-04-15T13:33:45.605+0200][161,438s] GC(504) User=0,00s Sys=0,00s Real=0,00s
[2019-04-15T13:33:45.605+0200][161,438s] GC(504) Old: 383520K->388215K(393216K)
[2019-04-15T13:33:45.605+0200][161,438s] GC(507) Phase 1: Mark live objects
[2019-04-15T13:33:45.804+0200][161,638s] GC(507) Phase 1: Mark live objects 199,193ms
[2019-04-15T13:33:45.804+0200][161,638s] GC(507) Phase 2: Compute new object addresses
[2019-04-15T13:33:45.934+0200][161,767s] GC(507) Phase 2: Compute new object addresses 129,789ms
[2019-04-15T13:33:45.934+0200][161,767s] GC(507) Phase 3: Adjust pointers
[2019-04-15T13:33:46.130+0200][161,964s] GC(507) Phase 3: Adjust pointers 196,509ms
[2019-04-15T13:33:46.130+0200][161,964s] GC(507) Phase 4: Move objects
[2019-04-15T13:33:46.131+0200][161,964s] GC(507) Phase 4: Move objects 0,393ms
[2019-04-15T13:33:46.131+0200][161,965s] GC(507) Pause Full (Allocation Failure) 485M->391M(490M) 527,303ms
[2019-04-15T13:33:46.131+0200][161,965s] GC(506) ParNew: 109248K->17895K(109248K)
[2019-04-15T13:33:46.131+0200][161,965s] GC(506) CMS: 388215K->383088K(393216K)
[2019-04-15T13:33:46.131+0200][161,965s] GC(506) Metaspace: 68551K->68551K(1112064K)
[2019-04-15T13:33:46.131+0200][161,965s] GC(506) Pause Young (Allocation Failure) 485M->391M(490M) 527,446ms
[2019-04-15T13:33:46.132+0200][161,965s] GC(506) User=0,48s Sys=0,00s Real=0,53s
[2019-04-15T13:33:46.643+0200][162,477s] GC(508) Pause Full (Allocation Failure)
[2019-04-15T13:33:46.643+0200][162,477s] GC(508) Phase 1: Mark live objects
[2019-04-15T13:33:46.864+0200][162,698s] GC(508) Phase 1: Mark live objects 220,686ms
[2019-04-15T13:33:46.864+0200][162,698s] GC(508) Phase 2: Compute new object addresses
[2019-04-15T13:33:47.016+0200][162,850s] GC(508) Phase 2: Compute new object addresses 152,228ms
[2019-04-15T13:33:47.016+0200][162,850s] GC(508) Phase 3: Adjust pointers
[2019-04-15T13:33:47.181+0200][163,015s] GC(508) Phase 3: Adjust pointers 164,863ms
[2019-04-15T13:33:47.181+0200][163,015s] GC(508) Phase 4: Move objects
[2019-04-15T13:33:47.182+0200][163,016s] GC(508) Phase 4: Move objects 0,571ms
[2019-04-15T13:33:47.183+0200][163,016s] GC(508) ParNew: 109248K->18082K(109248K)
[2019-04-15T13:33:47.183+0200][163,016s] GC(508) CMS: 393210K->383693K(393216K)
[2019-04-15T13:33:47.183+0200][163,016s] GC(508) Metaspace: 68551K->68551K(1112064K)
[2019-04-15T13:33:47.183+0200][163,016s] GC(508) Pause Full (Allocation Failure) 490M->392M(490M) 539,863ms
[2019-04-15T13:33:47.183+0200][163,017s] GC(508) User=0,50s Sys=0,01s Real=0,54s
[2019-04-15T13:33:47.185+0200][163,019s] GC(509) Pause Initial Mark
[2019-04-15T13:33:47.187+0200][163,021s] GC(509) Pause Initial Mark 395M->395M(490M) 2,354ms
[2019-04-15T13:33:47.187+0200][163,021s] GC(509) User=0,00s Sys=0,00s Real=0,00s
[2019-04-15T13:33:47.187+0200][163,021s] GC(509) Concurrent Mark
[2019-04-15T13:33:47.187+0200][163,021s] GC(509) Using 4 workers of 4 for marking
[2019-04-15T13:33:47.362+0200][163,196s] GC(509) Concurrent Mark 174,299ms
[2019-04-15T13:33:47.362+0200][163,196s] GC(509) User=0,52s Sys=0,00s Real=0,17s
[2019-04-15T13:33:47.362+0200][163,196s] GC(509) Concurrent Preclean
[2019-04-15T13:33:47.717+0200][163,551s] GC(509) Concurrent Preclean 355,376ms
[2019-04-15T13:33:47.717+0200][163,551s] GC(509) User=0,60s Sys=0,00s Real=0,36s
[2019-04-15T13:33:47.717+0200][163,551s] GC(509) Concurrent Abortable Preclean
[2019-04-15T13:33:47.717+0200][163,551s] GC(509) Concurrent Abortable Preclean 0,018ms
[2019-04-15T13:33:47.717+0200][163,551s] GC(509) User=0,00s Sys=0,00s Real=0,00s
[2019-04-15T13:33:47.717+0200][163,551s] GC(509) Pause Remark
[2019-04-15T13:33:47.717+0200][163,551s] GC(510) Pause Young (CMS Final Remark)
[2019-04-15T13:33:47.717+0200][163,551s] GC(510) Using 4 workers of 4 for evacuation
[2019-04-15T13:33:47.717+0200][163,551s] GC(510) ParNew: 109247K->109247K(109248K)
[2019-04-15T13:33:47.717+0200][163,551s] GC(510) CMS: 385368K->385368K(393216K)
[2019-04-15T13:33:47.717+0200][163,551s] GC(510) Metaspace: 68551K->68551K(1112064K)
[2019-04-15T13:33:47.717+0200][163,551s] GC(510) Pause Young (CMS Final Remark) 483M->483M(490M) 0,053ms
[2019-04-15T13:33:47.717+0200][163,551s] GC(510) User=0,00s Sys=0,00s Real=0,00s
[2019-04-15T13:33:47.873+0200][163,706s] GC(509) Pause Remark 483M->483M(490M) 155,151ms
[2019-04-15T13:33:47.873+0200][163,706s] GC(509) User=0,21s Sys=0,00s Real=0,15s
[2019-04-15T13:33:47.873+0200][163,706s] GC(509) Concurrent Sweep
[2019-04-15T13:33:48.270+0200][164,104s] GC(509) Concurrent Sweep 397,727ms
[2019-04-15T13:33:48.271+0200][164,104s] GC(509) User=0,33s Sys=0,01s Real=0,40s
[2019-04-15T13:33:48.271+0200][164,104s] GC(511) Pause Young (Allocation Failure)
[2019-04-15T13:33:48.271+0200][164,105s] GC(511) Using 4 workers of 4 for evacuation
[2019-04-15T13:33:48.271+0200][164,105s] GC(512) Pause Full (Allocation Failure)
[2019-04-15T13:33:48.271+0200][164,105s] GC(512) Phase 1: Mark live objects
[2019-04-15T13:33:48.612+0200][164,445s] GC(512) Phase 1: Mark live objects 340,314ms
[2019-04-15T13:33:48.612+0200][164,445s] GC(512) Phase 2: Compute new object addresses
[2019-04-15T13:33:48.861+0200][164,695s] GC(512) Phase 2: Compute new object addresses 249,233ms
[2019-04-15T13:33:48.861+0200][164,695s] GC(512) Phase 3: Adjust pointers
[2019-04-15T13:33:49.078+0200][164,912s] GC(512) Phase 3: Adjust pointers 217,299ms
[2019-04-15T13:33:49.078+0200][164,912s] GC(512) Phase 4: Move objects
[2019-04-15T13:33:49.081+0200][164,914s] GC(512) Phase 4: Move objects 2,212ms
[2019-04-15T13:33:49.081+0200][164,915s] GC(512) Pause Full (Allocation Failure) 490M->391M(490M) 810,549ms
[2019-04-15T13:33:49.081+0200][164,915s] GC(511) ParNew: 109247K->18036K(109248K)
[2019-04-15T13:33:49.081+0200][164,915s] GC(511) CMS: 393127K->383051K(393216K)
[2019-04-15T13:33:49.081+0200][164,915s] GC(511) Metaspace: 68551K->68551K(1112064K)
[2019-04-15T13:33:49.081+0200][164,915s] GC(511) Pause Young (Allocation Failure) 490M->391M(490M) 810,699ms
[2019-04-15T13:33:49.081+0200][164,915s] GC(511) User=0,60s Sys=0,00s Real=0,81s
[2019-04-15T13:33:49.082+0200][164,916s] GC(509) Old: 383693K->383051K(393216K)
[2019-04-15T13:33:49.597+0200][165,431s] GC(513) Pause Full (Allocation Failure)
[2019-04-15T13:33:49.598+0200][165,431s] GC(513) Phase 1: Mark live objects
[2019-04-15T13:33:49.829+0200][165,662s] GC(513) Phase 1: Mark live objects 230,852ms
[2019-04-15T13:33:49.829+0200][165,663s] GC(513) Phase 2: Compute new object addresses
[2019-04-15T13:33:50.014+0200][165,848s] GC(513) Phase 2: Compute new object addresses 185,072ms
[2019-04-15T13:33:50.014+0200][165,848s] GC(513) Phase 3: Adjust pointers
[2019-04-15T13:33:50.173+0200][166,007s] GC(513) Phase 3: Adjust pointers 159,433ms
[2019-04-15T13:33:50.173+0200][166,007s] GC(513) Phase 4: Move objects
[2019-04-15T13:33:50.174+0200][166,008s] GC(513) Phase 4: Move objects 0,484ms
[2019-04-15T13:33:50.174+0200][166,008s] GC(513) ParNew: 109248K->17876K(109248K)
[2019-04-15T13:33:50.174+0200][166,008s] GC(513) CMS: 393216K->382758K(393216K)
[2019-04-15T13:33:50.174+0200][166,008s] GC(513) Metaspace: 68551K->68551K(1112064K)
[2019-04-15T13:33:50.175+0200][166,008s] GC(513) Pause Full (Allocation Failure) 490M->391M(490M) 577,228ms
[2019-04-15T13:33:50.175+0200][166,008s] GC(513) User=0,58s Sys=0,00s Real=0,58s
[2019-04-15T13:33:50.175+0200][166,009s] GC(514) Pause Initial Mark
[2019-04-15T13:33:50.177+0200][166,010s] GC(514) Pause Initial Mark 392M->392M(490M) 1,749ms
[2019-04-15T13:33:50.177+0200][166,010s] GC(514) User=0,00s Sys=0,00s Real=0,00s
[2019-04-15T13:33:50.177+0200][166,010s] GC(514) Concurrent Mark
[2019-04-15T13:33:50.177+0200][166,010s] GC(514) Using 4 workers of 4 for marking
[2019-04-15T13:33:50.366+0200][166,200s] GC(514) Concurrent Mark 189,123ms
[2019-04-15T13:33:50.366+0200][166,200s] GC(514) User=0,54s Sys=0,01s Real=0,19s
[2019-04-15T13:33:50.366+0200][166,200s] GC(514) Concurrent Preclean
[2019-04-15T13:33:50.729+0200][166,562s] GC(514) Concurrent Preclean 362,567ms
[2019-04-15T13:33:50.729+0200][166,563s] GC(514) User=0,67s Sys=0,00s Real=0,36s
[2019-04-15T13:33:50.729+0200][166,563s] GC(514) Concurrent Abortable Preclean
[2019-04-15T13:33:50.729+0200][166,563s] GC(514) Concurrent Abortable Preclean 0,008ms
[2019-04-15T13:33:50.729+0200][166,563s] GC(514) User=0,00s Sys=0,00s Real=0,00s
[2019-04-15T13:33:50.729+0200][166,563s] GC(514) Pause Remark
[2019-04-15T13:33:50.729+0200][166,563s] GC(515) Pause Young (CMS Final Remark)
[2019-04-15T13:33:50.729+0200][166,563s] GC(515) Using 4 workers of 4 for evacuation
[2019-04-15T13:33:50.729+0200][166,563s] GC(515) ParNew: 109248K->109248K(109248K)
[2019-04-15T13:33:50.729+0200][166,563s] GC(515) CMS: 391922K->391922K(393216K)
[2019-04-15T13:33:50.729+0200][166,563s] GC(515) Metaspace: 68551K->68551K(1112064K)
[2019-04-15T13:33:50.729+0200][166,563s] GC(515) Pause Young (CMS Final Remark) 489M->489M(490M) 0,059ms
[2019-04-15T13:33:50.729+0200][166,563s] GC(515) User=0,00s Sys=0,00s Real=0,00s
[2019-04-15T13:33:50.840+0200][166,674s] GC(514) Pause Remark 489M->489M(490M) 110,733ms
[2019-04-15T13:33:50.840+0200][166,674s] GC(514) User=0,23s Sys=0,01s Real=0,11s
[2019-04-15T13:33:50.840+0200][166,674s] GC(514) Concurrent Sweep
[2019-04-15T13:33:50.863+0200][166,697s] GC(516) Pause Full (Allocation Failure)
[2019-04-15T13:33:50.935+0200][166,769s] GC(514) Concurrent Sweep 95,250ms
[2019-04-15T13:33:50.936+0200][166,769s] GC(514) User=0,12s Sys=0,00s Real=0,10s
[2019-04-15T13:33:50.936+0200][166,770s] GC(516) Phase 1: Mark live objects
[2019-04-15T13:33:51.105+0200][166,939s] GC(516) Phase 1: Mark live objects 169,198ms
[2019-04-15T13:33:51.105+0200][166,939s] GC(516) Phase 2: Compute new object addresses
[2019-04-15T13:33:51.225+0200][167,058s] GC(516) Phase 2: Compute new object addresses 119,485ms
[2019-04-15T13:33:51.225+0200][167,058s] GC(516) Phase 3: Adjust pointers
[2019-04-15T13:33:51.354+0200][167,188s] GC(516) Phase 3: Adjust pointers 129,560ms
[2019-04-15T13:33:51.354+0200][167,188s] GC(516) Phase 4: Move objects
[2019-04-15T13:33:51.356+0200][167,189s] GC(516) Phase 4: Move objects 1,260ms
[2019-04-15T13:33:51.356+0200][167,190s] GC(516) ParNew: 109248K->18163K(109248K)
[2019-04-15T13:33:51.356+0200][167,190s] GC(516) CMS: 393127K->383011K(393216K)
[2019-04-15T13:33:51.356+0200][167,190s] GC(516) Metaspace: 68551K->68551K(1112064K)
[2019-04-15T13:33:51.356+0200][167,190s] GC(516) Pause Full (Allocation Failure) 490M->391M(490M) 493,472ms
[2019-04-15T13:33:51.356+0200][167,190s] GC(516) User=0,49s Sys=0,00s Real=0,50s
[2019-04-15T13:33:51.357+0200][167,191s] GC(514) Old: 382758K->383011K(393216K)
[2019-04-15T13:33:51.648+0200][167,482s] GC(517) Pause Full (Allocation Failure)
[2019-04-15T13:33:51.650+0200][167,483s] GC(517) Phase 1: Mark live objects
[2019-04-15T13:33:51.831+0200][167,665s] GC(517) Phase 1: Mark live objects 181,237ms
[2019-04-15T13:33:51.831+0200][167,665s] GC(517) Phase 2: Compute new object addresses
[2019-04-15T13:33:51.948+0200][167,782s] GC(517) Phase 2: Compute new object addresses 116,953ms
[2019-04-15T13:33:51.948+0200][167,782s] GC(517) Phase 3: Adjust pointers
[2019-04-15T13:33:52.081+0200][167,915s] GC(517) Phase 3: Adjust pointers 133,323ms
[2019-04-15T13:33:52.081+0200][167,915s] GC(517) Phase 4: Move objects
[2019-04-15T13:33:52.083+0200][167,917s] GC(517) Phase 4: Move objects 1,454ms
[2019-04-15T13:33:52.085+0200][167,918s] GC(517) ParNew: 109248K->18129K(109248K)
[2019-04-15T13:33:52.085+0200][167,918s] GC(517) CMS: 393215K->382538K(393216K)
[2019-04-15T13:33:52.085+0200][167,919s] GC(517) Metaspace: 68553K->68553K(1112064K)
[2019-04-15T13:33:52.085+0200][167,919s] GC(517) Pause Full (Allocation Failure) 490M->391M(490M) 436,497ms
[2019-04-15T13:33:52.085+0200][167,919s] GC(517) User=0,43s Sys=0,00s Real=0,43s
[2019-04-15T13:33:52.085+0200][167,919s] GC(518) Pause Initial Mark
[2019-04-15T13:33:52.088+0200][167,921s] GC(518) Pause Initial Mark 392M->392M(490M) 2,339ms
[2019-04-15T13:33:52.088+0200][167,921s] GC(518) User=0,01s Sys=0,00s Real=0,00s
[2019-04-15T13:33:52.088+0200][167,921s] GC(518) Concurrent Mark
[2019-04-15T13:33:52.088+0200][167,922s] GC(518) Using 4 workers of 4 for marking
[2019-04-15T13:33:52.273+0200][168,107s] GC(518) Concurrent Mark 185,006ms
[2019-04-15T13:33:52.273+0200][168,107s] GC(518) User=0,48s Sys=0,00s Real=0,18s
[2019-04-15T13:33:52.273+0200][168,107s] GC(518) Concurrent Preclean
[2019-04-15T13:33:52.663+0200][168,496s] GC(519) Pause Full (Allocation Failure)
[2019-04-15T13:33:52.667+0200][168,500s] GC(518) Concurrent Preclean 393,774ms
[2019-04-15T13:33:52.667+0200][168,500s] GC(518) User=0,74s Sys=0,00s Real=0,40s
[2019-04-15T13:33:52.667+0200][168,500s] GC(519) Phase 1: Mark live objects
[2019-04-15T13:33:52.842+0200][168,676s] GC(519) Phase 1: Mark live objects 175,345ms
[2019-04-15T13:33:52.842+0200][168,676s] GC(519) Phase 2: Compute new object addresses
[2019-04-15T13:33:52.961+0200][168,795s] GC(519) Phase 2: Compute new object addresses 118,682ms
[2019-04-15T13:33:52.961+0200][168,795s] GC(519) Phase 3: Adjust pointers
[2019-04-15T13:33:53.090+0200][168,923s] GC(519) Phase 3: Adjust pointers 128,776ms
[2019-04-15T13:33:53.090+0200][168,923s] GC(519) Phase 4: Move objects
[2019-04-15T13:33:53.090+0200][168,924s] GC(519) Phase 4: Move objects 0,715ms
[2019-04-15T13:33:53.091+0200][168,925s] GC(519) ParNew: 109247K->18147K(109248K)
[2019-04-15T13:33:53.091+0200][168,925s] GC(519) CMS: 393107K->382882K(393216K)
[2019-04-15T13:33:53.091+0200][168,925s] GC(519) Metaspace: 68553K->68553K(1112064K)
[2019-04-15T13:33:53.091+0200][168,925s] GC(519) Pause Full (Allocation Failure) 490M->391M(490M) 428,317ms
[2019-04-15T13:33:53.091+0200][168,925s] GC(519) User=0,42s Sys=0,00s Real=0,43s
[2019-04-15T13:33:53.387+0200][169,221s] GC(520) Pause Full (Allocation Failure)
[2019-04-15T13:33:53.388+0200][169,221s] GC(520) Phase 1: Mark live objects
[2019-04-15T13:33:53.549+0200][169,383s] GC(520) Phase 1: Mark live objects 161,601ms
[2019-04-15T13:33:53.549+0200][169,383s] GC(520) Phase 2: Compute new object addresses
[2019-04-15T13:33:53.671+0200][169,504s] GC(520) Phase 2: Compute new object addresses 121,418ms
[2019-04-15T13:33:53.671+0200][169,504s] GC(520) Phase 3: Adjust pointers
[2019-04-15T13:33:53.795+0200][169,629s] GC(520) Phase 3: Adjust pointers 124,277ms
[2019-04-15T13:33:53.795+0200][169,629s] GC(520) Phase 4: Move objects
[2019-04-15T13:33:53.796+0200][169,630s] GC(520) Phase 4: Move objects 1,076ms
[2019-04-15T13:33:53.797+0200][169,631s] GC(520) ParNew: 109248K->18208K(109248K)
[2019-04-15T13:33:53.797+0200][169,631s] GC(520) CMS: 393153K->382596K(393216K)
[2019-04-15T13:33:53.797+0200][169,631s] GC(520) Metaspace: 68553K->68553K(1112064K)
[2019-04-15T13:33:53.797+0200][169,631s] GC(520) Pause Full (Allocation Failure) 490M->391M(490M) 409,627ms
[2019-04-15T13:33:53.797+0200][169,631s] GC(520) User=0,40s Sys=0,00s Real=0,41s
[2019-04-15T13:33:53.797+0200][169,631s] GC(521) Pause Initial Mark
[2019-04-15T13:33:53.799+0200][169,633s] GC(521) Pause Initial Mark 393M->393M(490M) 2,097ms
[2019-04-15T13:33:53.799+0200][169,633s] GC(521) User=0,00s Sys=0,01s Real=0,00s
[2019-04-15T13:33:53.799+0200][169,633s] GC(521) Concurrent Mark
[2019-04-15T13:33:53.799+0200][169,633s] GC(521) Using 4 workers of 4 for marking
[2019-04-15T13:33:54.001+0200][169,835s] GC(521) Concurrent Mark 202,144ms
[2019-04-15T13:33:54.001+0200][169,835s] GC(521) User=0,57s Sys=0,00s Real=0,20s
[2019-04-15T13:33:54.001+0200][169,835s] GC(521) Concurrent Preclean
[2019-04-15T13:33:54.346+0200][170,180s] GC(521) Concurrent Preclean 344,377ms
[2019-04-15T13:33:54.346+0200][170,180s] GC(521) User=0,64s Sys=0,00s Real=0,35s
[2019-04-15T13:33:54.346+0200][170,180s] GC(521) Concurrent Abortable Preclean
[2019-04-15T13:33:54.346+0200][170,180s] GC(521) Concurrent Abortable Preclean 0,008ms
[2019-04-15T13:33:54.346+0200][170,180s] GC(521) User=0,00s Sys=0,00s Real=0,00s
[2019-04-15T13:33:54.346+0200][170,180s] GC(521) Pause Remark
[2019-04-15T13:33:54.346+0200][170,180s] GC(522) Pause Young (CMS Final Remark)
[2019-04-15T13:33:54.346+0200][170,180s] GC(522) Using 4 workers of 4 for evacuation
[2019-04-15T13:33:54.346+0200][170,180s] GC(522) ParNew: 109247K->109247K(109248K)
[2019-04-15T13:33:54.346+0200][170,180s] GC(522) CMS: 390393K->390393K(393216K)
[2019-04-15T13:33:54.346+0200][170,180s] GC(522) Metaspace: 68553K->68553K(1112064K)
[2019-04-15T13:33:54.346+0200][170,180s] GC(522) Pause Young (CMS Final Remark) 487M->487M(490M) 0,055ms
[2019-04-15T13:33:54.346+0200][170,180s] GC(522) User=0,00s Sys=0,00s Real=0,00s
[2019-04-15T13:33:54.417+0200][170,251s] GC(521) Pause Remark 487M->487M(490M) 71,035ms
[2019-04-15T13:33:54.417+0200][170,251s] GC(521) User=0,14s Sys=0,00s Real=0,07s
[2019-04-15T13:33:54.417+0200][170,251s] GC(521) Concurrent Sweep
[2019-04-15T13:33:54.474+0200][170,308s] GC(523) Pause Full (Allocation Failure)
[2019-04-15T13:33:54.529+0200][170,362s] GC(521) Concurrent Sweep 111,470ms
[2019-04-15T13:33:54.529+0200][170,362s] GC(521) User=0,17s Sys=0,00s Real=0,11s
[2019-04-15T13:33:54.529+0200][170,363s] GC(523) Phase 1: Mark live objects
[2019-04-15T13:33:54.704+0200][170,537s] GC(523) Phase 1: Mark live objects 174,673ms
[2019-04-15T13:33:54.704+0200][170,537s] GC(523) Phase 2: Compute new object addresses
[2019-04-15T13:33:54.829+0200][170,662s] GC(523) Phase 2: Compute new object addresses 124,967ms
[2019-04-15T13:33:54.829+0200][170,662s] GC(523) Phase 3: Adjust pointers
[2019-04-15T13:33:54.960+0200][170,793s] GC(523) Phase 3: Adjust pointers 130,822ms
[2019-04-15T13:33:54.960+0200][170,793s] GC(523) Phase 4: Move objects
[2019-04-15T13:33:54.961+0200][170,794s] GC(523) Phase 4: Move objects 1,062ms
[2019-04-15T13:33:54.961+0200][170,795s] GC(523) ParNew: 109247K->18129K(109248K)
[2019-04-15T13:33:54.961+0200][170,795s] GC(523) CMS: 393118K->382429K(393216K)
[2019-04-15T13:33:54.961+0200][170,795s] GC(523) Metaspace: 68553K->68553K(1112064K)
[2019-04-15T13:33:54.961+0200][170,795s] GC(523) Pause Full (Allocation Failure) 490M->391M(490M) 487,362ms
[2019-04-15T13:33:54.961+0200][170,795s] GC(523) User=0,48s Sys=0,01s Real=0,48s
[2019-04-15T13:33:54.961+0200][170,795s] GC(521) Old: 382596K->382429K(393216K)
[2019-04-15T13:33:55.267+0200][171,101s] GC(524) Pause Full (Allocation Failure)
[2019-04-15T13:33:55.268+0200][171,101s] GC(524) Phase 1: Mark live objects
[2019-04-15T13:33:55.421+0200][171,254s] GC(524) Phase 1: Mark live objects 153,011ms
[2019-04-15T13:33:55.421+0200][171,254s] GC(524) Phase 2: Compute new object addresses
[2019-04-15T13:33:55.542+0200][171,376s] GC(524) Phase 2: Compute new object addresses 121,127ms
[2019-04-15T13:33:55.542+0200][171,376s] GC(524) Phase 3: Adjust pointers
[2019-04-15T13:33:55.665+0200][171,499s] GC(524) Phase 3: Adjust pointers 123,493ms
[2019-04-15T13:33:55.665+0200][171,499s] GC(524) Phase 4: Move objects
[2019-04-15T13:33:55.667+0200][171,501s] GC(524) Phase 4: Move objects 1,874ms
[2019-04-15T13:33:55.668+0200][171,502s] GC(524) ParNew: 109247K->18139K(109248K)
[2019-04-15T13:33:55.668+0200][171,502s] GC(524) CMS: 393049K->382518K(393216K)
[2019-04-15T13:33:55.668+0200][171,502s] GC(524) Metaspace: 68553K->68553K(1112064K)
[2019-04-15T13:33:55.668+0200][171,502s] GC(524) Pause Full (Allocation Failure) 490M->391M(490M) 400,756ms
[2019-04-15T13:33:55.668+0200][171,502s] GC(524) User=0,40s Sys=0,00s Real=0,40s
[2019-04-15T13:33:55.669+0200][171,503s] GC(525) Pause Initial Mark
[2019-04-15T13:33:55.671+0200][171,504s] GC(525) Pause Initial Mark 392M->392M(490M) 1,826ms
[2019-04-15T13:33:55.671+0200][171,504s] GC(525) User=0,00s Sys=0,00s Real=0,00s
[2019-04-15T13:33:55.671+0200][171,504s] GC(525) Concurrent Mark
[2019-04-15T13:33:55.671+0200][171,504s] GC(525) Using 4 workers of 4 for marking
[2019-04-15T13:33:55.859+0200][171,693s] GC(525) Concurrent Mark 188,741ms
[2019-04-15T13:33:55.859+0200][171,693s] GC(525) User=0,53s Sys=0,00s Real=0,19s
[2019-04-15T13:33:55.859+0200][171,693s] GC(525) Concurrent Preclean
[2019-04-15T13:33:56.180+0200][172,014s] GC(526) Pause Full (Allocation Failure)
[2019-04-15T13:33:56.251+0200][172,085s] GC(525) Concurrent Preclean 391,816ms
[2019-04-15T13:33:56.251+0200][172,085s] GC(525) User=0,68s Sys=0,01s Real=0,39s
[2019-04-15T13:33:56.251+0200][172,085s] GC(526) Phase 1: Mark live objects
[2019-04-15T13:33:56.417+0200][172,251s] GC(526) Phase 1: Mark live objects 165,837ms
[2019-04-15T13:33:56.417+0200][172,251s] GC(526) Phase 2: Compute new object addresses
[2019-04-15T13:33:56.537+0200][172,370s] GC(526) Phase 2: Compute new object addresses 119,170ms
[2019-04-15T13:33:56.537+0200][172,370s] GC(526) Phase 3: Adjust pointers
[2019-04-15T13:33:56.659+0200][172,493s] GC(526) Phase 3: Adjust pointers 122,765ms
[2019-04-15T13:33:56.659+0200][172,493s] GC(526) Phase 4: Move objects
[2019-04-15T13:33:56.660+0200][172,494s] GC(526) Phase 4: Move objects 0,923ms
[2019-04-15T13:33:56.662+0200][172,496s] GC(526) ParNew: 109247K->18154K(109248K)
[2019-04-15T13:33:56.662+0200][172,496s] GC(526) CMS: 393099K->382266K(393216K)
[2019-04-15T13:33:56.662+0200][172,496s] GC(526) Metaspace: 68553K->68553K(1112064K)
[2019-04-15T13:33:56.662+0200][172,496s] GC(526) Pause Full (Allocation Failure) 490M->391M(490M) 481,678ms
[2019-04-15T13:33:56.662+0200][172,496s] GC(526) User=0,47s Sys=0,01s Real=0,48s
[2019-04-15T13:33:56.965+0200][172,799s] GC(527) Pause Full (Allocation Failure)
[2019-04-15T13:33:56.966+0200][172,800s] GC(527) Phase 1: Mark live objects
[2019-04-15T13:33:57.168+0200][173,002s] GC(527) Phase 1: Mark live objects 202,302ms
[2019-04-15T13:33:57.168+0200][173,002s] GC(527) Phase 2: Compute new object addresses
[2019-04-15T13:33:57.285+0200][173,119s] GC(527) Phase 2: Compute new object addresses 116,967ms
[2019-04-15T13:33:57.285+0200][173,119s] GC(527) Phase 3: Adjust pointers
[2019-04-15T13:33:57.418+0200][173,252s] GC(527) Phase 3: Adjust pointers 132,643ms
[2019-04-15T13:33:57.418+0200][173,252s] GC(527) Phase 4: Move objects
[2019-04-15T13:33:57.419+0200][173,252s] GC(527) Phase 4: Move objects 0,599ms
[2019-04-15T13:33:57.419+0200][173,253s] GC(527) ParNew: 109248K->18189K(109248K)
[2019-04-15T13:33:57.419+0200][173,253s] GC(527) CMS: 392507K->382359K(393216K)
[2019-04-15T13:33:57.419+0200][173,253s] GC(527) Metaspace: 68553K->68553K(1112064K)
[2019-04-15T13:33:57.419+0200][173,253s] GC(527) Pause Full (Allocation Failure) 489M->391M(490M) 453,736ms
[2019-04-15T13:33:57.419+0200][173,253s] GC(527) User=0,45s Sys=0,00s Real=0,45s
[2019-04-15T13:33:57.421+0200][173,255s] GC(528) Pause Initial Mark
[2019-04-15T13:33:57.423+0200][173,256s] GC(528) Pause Initial Mark 392M->392M(490M) 1,775ms
[2019-04-15T13:33:57.423+0200][173,256s] GC(528) User=0,00s Sys=0,00s Real=0,00s
[2019-04-15T13:33:57.423+0200][173,257s] GC(528) Concurrent Mark
[2019-04-15T13:33:57.423+0200][173,257s] GC(528) Using 4 workers of 4 for marking
[2019-04-15T13:33:57.583+0200][173,417s] GC(528) Concurrent Mark 160,441ms
[2019-04-15T13:33:57.583+0200][173,417s] GC(528) User=0,48s Sys=0,00s Real=0,16s
[2019-04-15T13:33:57.583+0200][173,417s] GC(528) Concurrent Preclean
[2019-04-15T13:33:57.866+0200][173,700s] GC(528) Concurrent Preclean 282,883ms
[2019-04-15T13:33:57.866+0200][173,700s] GC(528) User=0,54s Sys=0,00s Real=0,29s
[2019-04-15T13:33:57.866+0200][173,700s] GC(528) Concurrent Abortable Preclean
[2019-04-15T13:33:57.866+0200][173,700s] GC(528) Concurrent Abortable Preclean 0,008ms
[2019-04-15T13:33:57.866+0200][173,700s] GC(528) User=0,00s Sys=0,00s Real=0,00s
[2019-04-15T13:33:57.866+0200][173,700s] GC(528) Pause Remark
[2019-04-15T13:33:57.866+0200][173,700s] GC(529) Pause Young (CMS Final Remark)
[2019-04-15T13:33:57.867+0200][173,700s] GC(529) Using 4 workers of 4 for evacuation
[2019-04-15T13:33:57.867+0200][173,700s] GC(529) ParNew: 109247K->109247K(109248K)
[2019-04-15T13:33:57.867+0200][173,700s] GC(529) CMS: 386419K->386419K(393216K)
[2019-04-15T13:33:57.867+0200][173,700s] GC(529) Metaspace: 68553K->68553K(1112064K)
[2019-04-15T13:33:57.867+0200][173,700s] GC(529) Pause Young (CMS Final Remark) 484M->484M(490M) 0,068ms
[2019-04-15T13:33:57.867+0200][173,700s] GC(529) User=0,00s Sys=0,00s Real=0,00s
[2019-04-15T13:33:57.935+0200][173,769s] GC(528) Pause Remark 484M->484M(490M) 68,756ms
[2019-04-15T13:33:57.935+0200][173,769s] GC(528) User=0,14s Sys=0,00s Real=0,07s
[2019-04-15T13:33:57.935+0200][173,769s] GC(528) Concurrent Sweep
[2019-04-15T13:33:58.104+0200][173,938s] GC(530) Pause Full (Allocation Failure)
[2019-04-15T13:33:58.118+0200][173,952s] GC(528) Concurrent Sweep 182,458ms
[2019-04-15T13:33:58.118+0200][173,952s] GC(528) User=0,32s Sys=0,00s Real=0,18s
[2019-04-15T13:33:58.118+0200][173,952s] GC(530) Phase 1: Mark live objects
[2019-04-15T13:33:58.280+0200][174,114s] GC(530) Phase 1: Mark live objects 161,980ms
[2019-04-15T13:33:58.280+0200][174,114s] GC(530) Phase 2: Compute new object addresses
[2019-04-15T13:33:58.397+0200][174,230s] GC(530) Phase 2: Compute new object addresses 116,694ms
[2019-04-15T13:33:58.397+0200][174,230s] GC(530) Phase 3: Adjust pointers
[2019-04-15T13:33:58.517+0200][174,351s] GC(530) Phase 3: Adjust pointers 120,217ms
[2019-04-15T13:33:58.517+0200][174,351s] GC(530) Phase 4: Move objects
[2019-04-15T13:33:58.518+0200][174,351s] GC(530) Phase 4: Move objects 0,545ms
[2019-04-15T13:33:58.518+0200][174,352s] GC(530) ParNew: 109247K->18295K(109248K)
[2019-04-15T13:33:58.518+0200][174,352s] GC(530) CMS: 393139K->382127K(393216K)
[2019-04-15T13:33:58.518+0200][174,352s] GC(530) Metaspace: 68553K->68553K(1112064K)
[2019-04-15T13:33:58.518+0200][174,352s] GC(530) Pause Full (Allocation Failure) 490M->391M(490M) 413,914ms
[2019-04-15T13:33:58.518+0200][174,352s] GC(530) User=0,41s Sys=0,00s Real=0,42s
[2019-04-15T13:33:58.518+0200][174,352s] GC(528) Old: 382359K->382127K(393216K)
[2019-04-15T13:33:58.948+0200][174,782s] GC(531) Pause Full (Allocation Failure)
[2019-04-15T13:33:58.948+0200][174,782s] GC(531) Phase 1: Mark live objects
[2019-04-15T13:33:59.126+0200][174,960s] GC(531) Phase 1: Mark live objects 177,883ms
[2019-04-15T13:33:59.126+0200][174,960s] GC(531) Phase 2: Compute new object addresses
[2019-04-15T13:33:59.248+0200][175,082s] GC(531) Phase 2: Compute new object addresses 121,406ms
[2019-04-15T13:33:59.248+0200][175,082s] GC(531) Phase 3: Adjust pointers
[2019-04-15T13:33:59.367+0200][175,201s] GC(531) Phase 3: Adjust pointers 119,078ms
[2019-04-15T13:33:59.367+0200][175,201s] GC(531) Phase 4: Move objects
[2019-04-15T13:33:59.367+0200][175,201s] GC(531) Phase 4: Move objects 0,309ms
[2019-04-15T13:33:59.368+0200][175,202s] GC(531) ParNew: 109248K->18183K(109248K)
[2019-04-15T13:33:59.368+0200][175,202s] GC(531) CMS: 393201K->381878K(393216K)
[2019-04-15T13:33:59.368+0200][175,202s] GC(531) Metaspace: 68553K->68553K(1112064K)
[2019-04-15T13:33:59.368+0200][175,202s] GC(531) Pause Full (Allocation Failure) 490M->390M(490M) 419,840ms
[2019-04-15T13:33:59.368+0200][175,202s] GC(531) User=0,42s Sys=0,00s Real=0,42s
[2019-04-15T13:33:59.369+0200][175,203s] GC(532) Pause Initial Mark
[2019-04-15T13:33:59.373+0200][175,206s] GC(532) Pause Initial Mark 392M->392M(490M) 3,644ms
[2019-04-15T13:33:59.373+0200][175,207s] GC(532) User=0,00s Sys=0,00s Real=0,00s
[2019-04-15T13:33:59.373+0200][175,207s] GC(532) Concurrent Mark
[2019-04-15T13:33:59.373+0200][175,207s] GC(532) Using 4 workers of 4 for marking
[2019-04-15T13:33:59.625+0200][175,458s] GC(532) Concurrent Mark 251,887ms
[2019-04-15T13:33:59.625+0200][175,458s] GC(532) User=0,45s Sys=0,01s Real=0,25s
[2019-04-15T13:33:59.625+0200][175,459s] GC(532) Concurrent Preclean
[2019-04-15T13:33:59.908+0200][175,742s] GC(532) Concurrent Preclean 283,408ms
[2019-04-15T13:33:59.908+0200][175,742s] GC(532) User=0,43s Sys=0,00s Real=0,29s
[2019-04-15T13:33:59.908+0200][175,742s] GC(532) Concurrent Abortable Preclean
[2019-04-15T13:33:59.908+0200][175,742s] GC(532) Concurrent Abortable Preclean 0,011ms
[2019-04-15T13:33:59.908+0200][175,742s] GC(532) User=0,00s Sys=0,00s Real=0,00s
[2019-04-15T13:33:59.909+0200][175,742s] GC(532) Pause Remark
[2019-04-15T13:33:59.909+0200][175,742s] GC(533) Pause Young (CMS Final Remark)
[2019-04-15T13:33:59.909+0200][175,742s] GC(533) Using 4 workers of 4 for evacuation
[2019-04-15T13:33:59.909+0200][175,742s] GC(533) ParNew: 104233K->104233K(109248K)
[2019-04-15T13:33:59.909+0200][175,742s] GC(533) CMS: 381878K->381878K(393216K)
[2019-04-15T13:33:59.909+0200][175,742s] GC(533) Metaspace: 68555K->68555K(1112064K)
[2019-04-15T13:33:59.909+0200][175,742s] GC(533) Pause Young (CMS Final Remark) 474M->474M(490M) 0,080ms
[2019-04-15T13:33:59.909+0200][175,742s] GC(533) User=0,00s Sys=0,00s Real=0,00s
[2019-04-15T13:34:00.008+0200][175,841s] GC(532) Pause Remark 474M->474M(490M) 99,002ms
[2019-04-15T13:34:00.008+0200][175,841s] GC(532) User=0,14s Sys=0,00s Real=0,10s
[2019-04-15T13:34:00.008+0200][175,841s] GC(532) Concurrent Sweep
[2019-04-15T13:34:00.338+0200][176,172s] GC(532) Concurrent Sweep 330,251ms
[2019-04-15T13:34:00.338+0200][176,172s] GC(532) User=0,53s Sys=0,01s Real=0,33s
[2019-04-15T13:34:00.338+0200][176,172s] GC(534) Pause Young (Allocation Failure)
[2019-04-15T13:34:00.338+0200][176,172s] GC(534) Using 4 workers of 4 for evacuation
[2019-04-15T13:34:00.338+0200][176,172s] GC(535) Pause Full (Allocation Failure)
[2019-04-15T13:34:00.339+0200][176,172s] GC(535) Phase 1: Mark live objects
[2019-04-15T13:34:00.503+0200][176,337s] GC(535) Phase 1: Mark live objects 164,082ms
[2019-04-15T13:34:00.503+0200][176,337s] GC(535) Phase 2: Compute new object addresses
[2019-04-15T13:34:00.618+0200][176,452s] GC(535) Phase 2: Compute new object addresses 115,378ms
[2019-04-15T13:34:00.618+0200][176,452s] GC(535) Phase 3: Adjust pointers
[2019-04-15T13:34:00.740+0200][176,573s] GC(535) Phase 3: Adjust pointers 121,214ms
[2019-04-15T13:34:00.740+0200][176,573s] GC(535) Phase 4: Move objects
[2019-04-15T13:34:00.741+0200][176,575s] GC(535) Phase 4: Move objects 1,678ms
[2019-04-15T13:34:00.743+0200][176,577s] GC(535) Pause Full (Allocation Failure) 488M->390M(490M) 405,170ms
[2019-04-15T13:34:00.743+0200][176,577s] GC(534) ParNew: 109248K->18237K(109248K)
[2019-04-15T13:34:00.744+0200][176,577s] GC(534) CMS: 391012K->382118K(393216K)
[2019-04-15T13:34:00.744+0200][176,577s] GC(534) Metaspace: 68555K->68555K(1112064K)
[2019-04-15T13:34:00.744+0200][176,577s] GC(534) Pause Young (Allocation Failure) 488M->390M(490M) 405,345ms
[2019-04-15T13:34:00.744+0200][176,577s] GC(534) User=0,41s Sys=0,00s Real=0,40s
[2019-04-15T13:34:00.744+0200][176,578s] GC(532) Old: 381878K->382118K(393216K)
[2019-04-15T13:34:01.035+0200][176,869s] GC(536) Pause Full (Allocation Failure)
[2019-04-15T13:34:01.036+0200][176,870s] GC(536) Phase 1: Mark live objects
[2019-04-15T13:34:01.190+0200][177,024s] GC(536) Phase 1: Mark live objects 154,555ms
[2019-04-15T13:34:01.190+0200][177,024s] GC(536) Phase 2: Compute new object addresses
[2019-04-15T13:34:01.308+0200][177,142s] GC(536) Phase 2: Compute new object addresses 117,392ms
[2019-04-15T13:34:01.308+0200][177,142s] GC(536) Phase 3: Adjust pointers
[2019-04-15T13:34:01.468+0200][177,302s] GC(536) Phase 3: Adjust pointers 160,166ms
[2019-04-15T13:34:01.468+0200][177,302s] GC(536) Phase 4: Move objects
[2019-04-15T13:34:01.469+0200][177,303s] GC(536) Phase 4: Move objects 1,114ms
[2019-04-15T13:34:01.470+0200][177,304s] GC(536) ParNew: 109248K->18207K(109248K)
[2019-04-15T13:34:01.470+0200][177,304s] GC(536) CMS: 393216K->382486K(393216K)
[2019-04-15T13:34:01.470+0200][177,304s] GC(536) Metaspace: 68555K->68555K(1112064K)
[2019-04-15T13:34:01.470+0200][177,304s] GC(536) Pause Full (Allocation Failure) 490M->391M(490M) 434,926ms
[2019-04-15T13:34:01.470+0200][177,304s] GC(536) User=0,43s Sys=0,00s Real=0,43s
[2019-04-15T13:34:01.471+0200][177,304s] GC(537) Pause Initial Mark
[2019-04-15T13:34:01.472+0200][177,306s] GC(537) Pause Initial Mark 393M->393M(490M) 1,942ms
[2019-04-15T13:34:01.473+0200][177,306s] GC(537) User=0,01s Sys=0,00s Real=0,00s
[2019-04-15T13:34:01.474+0200][177,308s] GC(537) Concurrent Mark
[2019-04-15T13:34:01.474+0200][177,308s] GC(537) Using 4 workers of 4 for marking
[2019-04-15T13:34:01.673+0200][177,507s] GC(537) Concurrent Mark 198,642ms
[2019-04-15T13:34:01.673+0200][177,507s] GC(537) User=0,43s Sys=0,01s Real=0,20s
[2019-04-15T13:34:01.673+0200][177,507s] GC(537) Concurrent Preclean
[2019-04-15T13:34:02.069+0200][177,903s] GC(537) Concurrent Preclean 396,320ms
[2019-04-15T13:34:02.073+0200][177,907s] GC(537) User=0,67s Sys=0,00s Real=0,40s
[2019-04-15T13:34:02.073+0200][177,907s] GC(537) Concurrent Abortable Preclean
[2019-04-15T13:34:02.073+0200][177,907s] GC(537) Concurrent Abortable Preclean 0,021ms
[2019-04-15T13:34:02.073+0200][177,907s] GC(537) User=0,00s Sys=0,00s Real=0,00s
[2019-04-15T13:34:02.074+0200][177,907s] GC(537) Pause Remark
[2019-04-15T13:34:02.074+0200][177,908s] GC(538) Pause Young (CMS Final Remark)
[2019-04-15T13:34:02.074+0200][177,908s] GC(538) Using 4 workers of 4 for evacuation
[2019-04-15T13:34:02.074+0200][177,908s] GC(538) ParNew: 109248K->109248K(109248K)
[2019-04-15T13:34:02.074+0200][177,908s] GC(538) CMS: 387558K->387558K(393216K)
[2019-04-15T13:34:02.074+0200][177,908s] GC(538) Metaspace: 68555K->68555K(1112064K)
[2019-04-15T13:34:02.074+0200][177,908s] GC(538) Pause Young (CMS Final Remark) 485M->485M(490M) 0,169ms
[2019-04-15T13:34:02.074+0200][177,908s] GC(538) User=0,00s Sys=0,00s Real=0,00s
[2019-04-15T13:34:02.187+0200][178,021s] GC(537) Pause Remark 485M->485M(490M) 113,143ms
[2019-04-15T13:34:02.187+0200][178,021s] GC(537) User=0,20s Sys=0,00s Real=0,11s
[2019-04-15T13:34:02.187+0200][178,021s] GC(537) Concurrent Sweep
[2019-04-15T13:34:02.274+0200][178,108s] GC(539) Pause Full (Allocation Failure)
[2019-04-15T13:34:02.332+0200][178,165s] GC(537) Concurrent Sweep 144,496ms
[2019-04-15T13:34:02.332+0200][178,166s] GC(537) User=0,22s Sys=0,00s Real=0,14s
[2019-04-15T13:34:02.332+0200][178,166s] GC(539) Phase 1: Mark live objects
[2019-04-15T13:34:02.491+0200][178,325s] GC(539) Phase 1: Mark live objects 158,980ms
[2019-04-15T13:34:02.491+0200][178,325s] GC(539) Phase 2: Compute new object addresses
[2019-04-15T13:34:02.606+0200][178,440s] GC(539) Phase 2: Compute new object addresses 115,385ms
[2019-04-15T13:34:02.606+0200][178,440s] GC(539) Phase 3: Adjust pointers
[2019-04-15T13:34:02.730+0200][178,564s] GC(539) Phase 3: Adjust pointers 124,142ms
[2019-04-15T13:34:02.731+0200][178,564s] GC(539) Phase 4: Move objects
[2019-04-15T13:34:02.732+0200][178,565s] GC(539) Phase 4: Move objects 0,999ms
[2019-04-15T13:34:02.732+0200][178,566s] GC(539) ParNew: 109248K->18070K(109248K)
[2019-04-15T13:34:02.732+0200][178,566s] GC(539) CMS: 391659K->382416K(393216K)
[2019-04-15T13:34:02.732+0200][178,566s] GC(539) Metaspace: 68555K->68555K(1112064K)
[2019-04-15T13:34:02.732+0200][178,566s] GC(539) Pause Full (Allocation Failure) 489M->391M(490M) 458,381ms
[2019-04-15T13:34:02.732+0200][178,566s] GC(539) User=0,46s Sys=0,00s Real=0,45s
[2019-04-15T13:34:02.732+0200][178,566s] GC(537) Old: 382486K->382416K(393216K)
[2019-04-15T13:34:03.027+0200][178,861s] GC(540) Pause Full (Allocation Failure)
[2019-04-15T13:34:03.027+0200][178,861s] GC(540) Phase 1: Mark live objects
[2019-04-15T13:34:03.193+0200][179,027s] GC(540) Phase 1: Mark live objects 165,598ms
[2019-04-15T13:34:03.193+0200][179,027s] GC(540) Phase 2: Compute new object addresses
[2019-04-15T13:34:03.307+0200][179,141s] GC(540) Phase 2: Compute new object addresses 114,427ms
[2019-04-15T13:34:03.307+0200][179,141s] GC(540) Phase 3: Adjust pointers
[2019-04-15T13:34:03.430+0200][179,264s] GC(540) Phase 3: Adjust pointers 122,590ms
[2019-04-15T13:34:03.430+0200][179,264s] GC(540) Phase 4: Move objects
[2019-04-15T13:34:03.430+0200][179,264s] GC(540) Phase 4: Move objects 0,283ms
[2019-04-15T13:34:03.431+0200][179,265s] GC(540) ParNew: 109247K->18079K(109248K)
[2019-04-15T13:34:03.431+0200][179,265s] GC(540) CMS: 393166K->381655K(393216K)
[2019-04-15T13:34:03.431+0200][179,265s] GC(540) Metaspace: 68555K->68555K(1112064K)
[2019-04-15T13:34:03.431+0200][179,265s] GC(540) Pause Full (Allocation Failure) 490M->390M(490M) 404,173ms
[2019-04-15T13:34:03.431+0200][179,265s] GC(540) User=0,40s Sys=0,00s Real=0,40s
[2019-04-15T13:34:03.431+0200][179,265s] GC(541) Pause Initial Mark
[2019-04-15T13:34:03.433+0200][179,266s] GC(541) Pause Initial Mark 392M->392M(490M) 1,293ms
[2019-04-15T13:34:03.433+0200][179,266s] GC(541) User=0,01s Sys=0,00s Real=0,00s
[2019-04-15T13:34:03.433+0200][179,266s] GC(541) Concurrent Mark
[2019-04-15T13:34:03.433+0200][179,266s] GC(541) Using 4 workers of 4 for marking
[2019-04-15T13:34:03.609+0200][179,443s] GC(541) Concurrent Mark 176,358ms
[2019-04-15T13:34:03.609+0200][179,443s] GC(541) User=0,46s Sys=0,00s Real=0,18s
[2019-04-15T13:34:03.609+0200][179,443s] GC(541) Concurrent Preclean
[2019-04-15T13:34:03.771+0200][179,605s] GC(541) Concurrent Preclean 162,152ms
[2019-04-15T13:34:03.771+0200][179,605s] GC(541) User=0,31s Sys=0,01s Real=0,16s
[2019-04-15T13:34:03.771+0200][179,605s] GC(541) Concurrent Abortable Preclean
[2019-04-15T13:34:03.771+0200][179,605s] GC(541) Concurrent Abortable Preclean 0,007ms
[2019-04-15T13:34:03.771+0200][179,605s] GC(541) User=0,00s Sys=0,00s Real=0,00s
[2019-04-15T13:34:03.772+0200][179,605s] GC(541) Pause Remark
[2019-04-15T13:34:03.772+0200][179,605s] GC(542) Pause Young (CMS Final Remark)
[2019-04-15T13:34:03.772+0200][179,605s] GC(542) Using 4 workers of 4 for evacuation
[2019-04-15T13:34:03.772+0200][179,605s] GC(542) ParNew: 106064K->106064K(109248K)
[2019-04-15T13:34:03.772+0200][179,605s] GC(542) CMS: 381655K->381655K(393216K)
[2019-04-15T13:34:03.772+0200][179,605s] GC(542) Metaspace: 68555K->68555K(1112064K)
[2019-04-15T13:34:03.772+0200][179,605s] GC(542) Pause Young (CMS Final Remark) 476M->476M(490M) 0,083ms
[2019-04-15T13:34:03.772+0200][179,605s] GC(542) User=0,00s Sys=0,00s Real=0,00s
[2019-04-15T13:34:03.875+0200][179,709s] GC(541) Pause Remark 476M->476M(490M) 103,836ms
[2019-04-15T13:34:03.875+0200][179,709s] GC(541) User=0,24s Sys=0,00s Real=0,11s
[2019-04-15T13:34:03.876+0200][179,709s] GC(541) Concurrent Sweep
[2019-04-15T13:34:04.054+0200][179,888s] GC(541) Concurrent Sweep 178,531ms
[2019-04-15T13:34:04.054+0200][179,888s] GC(541) User=0,32s Sys=0,00s Real=0,18s
[2019-04-15T13:34:04.054+0200][179,888s] GC(543) Pause Young (Allocation Failure)
[2019-04-15T13:34:04.054+0200][179,888s] GC(543) Using 4 workers of 4 for evacuation
[2019-04-15T13:34:04.054+0200][179,888s] GC(544) Pause Full (Allocation Failure)
[2019-04-15T13:34:04.055+0200][179,888s] GC(544) Phase 1: Mark live objects
[2019-04-15T13:34:04.224+0200][180,057s] GC(544) Phase 1: Mark live objects 169,038ms
[2019-04-15T13:34:04.224+0200][180,057s] GC(544) Phase 2: Compute new object addresses
[2019-04-15T13:34:04.347+0200][180,180s] GC(544) Phase 2: Compute new object addresses 122,824ms
[2019-04-15T13:34:04.347+0200][180,180s] GC(544) Phase 3: Adjust pointers
[2019-04-15T13:34:04.468+0200][180,301s] GC(544) Phase 3: Adjust pointers 121,157ms
[2019-04-15T13:34:04.468+0200][180,302s] GC(544) Phase 4: Move objects
[2019-04-15T13:34:04.469+0200][180,302s] GC(544) Phase 4: Move objects 0,829ms
[2019-04-15T13:34:04.470+0200][180,303s] GC(544) Pause Full (Allocation Failure) 486M->390M(490M) 415,215ms
[2019-04-15T13:34:04.470+0200][180,303s] GC(543) ParNew: 109248K->18117K(109248K)
[2019-04-15T13:34:04.470+0200][180,303s] GC(543) CMS: 388588K->382245K(393216K)
[2019-04-15T13:34:04.470+0200][180,303s] GC(543) Metaspace: 68555K->68555K(1112064K)
[2019-04-15T13:34:04.470+0200][180,303s] GC(543) Pause Young (Allocation Failure) 486M->390M(490M) 415,347ms
[2019-04-15T13:34:04.470+0200][180,303s] GC(543) User=0,41s Sys=0,00s Real=0,41s
[2019-04-15T13:34:04.470+0200][180,304s] GC(541) Old: 381655K->382245K(393216K)
[2019-04-15T13:34:04.780+0200][180,614s] GC(545) Pause Full (Allocation Failure)
[2019-04-15T13:34:04.780+0200][180,614s] GC(545) Phase 1: Mark live objects
[2019-04-15T13:34:04.944+0200][180,777s] GC(545) Phase 1: Mark live objects 163,257ms
[2019-04-15T13:34:04.944+0200][180,778s] GC(545) Phase 2: Compute new object addresses
[2019-04-15T13:34:05.063+0200][180,897s] GC(545) Phase 2: Compute new object addresses 119,402ms
[2019-04-15T13:34:05.063+0200][180,897s] GC(545) Phase 3: Adjust pointers
[2019-04-15T13:34:05.185+0200][181,019s] GC(545) Phase 3: Adjust pointers 121,873ms
[2019-04-15T13:34:05.185+0200][181,019s] GC(545) Phase 4: Move objects
[2019-04-15T13:34:05.186+0200][181,020s] GC(545) Phase 4: Move objects 0,872ms
[2019-04-15T13:34:05.187+0200][181,021s] GC(545) ParNew: 109248K->18313K(109248K)
[2019-04-15T13:34:05.187+0200][181,021s] GC(545) CMS: 392905K->381997K(393216K)
[2019-04-15T13:34:05.187+0200][181,021s] GC(545) Metaspace: 68555K->68555K(1112064K)
[2019-04-15T13:34:05.187+0200][181,021s] GC(545) Pause Full (Allocation Failure) 490M->390M(490M) 406,905ms
[2019-04-15T13:34:05.187+0200][181,021s] GC(545) User=0,41s Sys=0,00s Real=0,41s
[2019-04-15T13:34:05.189+0200][181,023s] GC(546) Pause Initial Mark
[2019-04-15T13:34:05.191+0200][181,024s] GC(546) Pause Initial Mark 394M->394M(490M) 1,557ms
[2019-04-15T13:34:05.191+0200][181,024s] GC(546) User=0,00s Sys=0,00s Real=0,00s
[2019-04-15T13:34:05.191+0200][181,024s] GC(546) Concurrent Mark
[2019-04-15T13:34:05.191+0200][181,024s] GC(546) Using 4 workers of 4 for marking
[2019-04-15T13:34:05.370+0200][181,204s] GC(546) Concurrent Mark 179,890ms
[2019-04-15T13:34:05.371+0200][181,204s] GC(546) User=0,55s Sys=0,00s Real=0,18s
[2019-04-15T13:34:05.371+0200][181,204s] GC(546) Concurrent Preclean
[2019-04-15T13:34:05.757+0200][181,591s] GC(546) Concurrent Preclean 386,509ms
[2019-04-15T13:34:05.757+0200][181,591s] GC(546) User=0,74s Sys=0,01s Real=0,39s
[2019-04-15T13:34:05.757+0200][181,591s] GC(546) Concurrent Abortable Preclean
[2019-04-15T13:34:05.757+0200][181,591s] GC(546) Concurrent Abortable Preclean 0,008ms
[2019-04-15T13:34:05.757+0200][181,591s] GC(546) User=0,00s Sys=0,00s Real=0,00s
[2019-04-15T13:34:05.757+0200][181,591s] GC(546) Pause Remark
[2019-04-15T13:34:05.757+0200][181,591s] GC(547) Pause Young (CMS Final Remark)
[2019-04-15T13:34:05.757+0200][181,591s] GC(547) Using 4 workers of 4 for evacuation
[2019-04-15T13:34:05.757+0200][181,591s] GC(547) ParNew: 109248K->109248K(109248K)
[2019-04-15T13:34:05.757+0200][181,591s] GC(547) CMS: 392252K->392252K(393216K)
[2019-04-15T13:34:05.757+0200][181,591s] GC(547) Metaspace: 68555K->68555K(1112064K)
[2019-04-15T13:34:05.757+0200][181,591s] GC(547) Pause Young (CMS Final Remark) 489M->489M(490M) 0,059ms
[2019-04-15T13:34:05.757+0200][181,591s] GC(547) User=0,00s Sys=0,00s Real=0,00s
[2019-04-15T13:34:05.865+0200][181,699s] GC(546) Pause Remark 489M->489M(490M) 108,009ms
[2019-04-15T13:34:05.865+0200][181,699s] GC(546) User=0,22s Sys=0,00s Real=0,11s
[2019-04-15T13:34:05.865+0200][181,699s] GC(546) Concurrent Sweep
[2019-04-15T13:34:05.884+0200][181,718s] GC(548) Pause Full (Allocation Failure)
[2019-04-15T13:34:05.950+0200][181,784s] GC(546) Concurrent Sweep 84,749ms
[2019-04-15T13:34:05.950+0200][181,784s] GC(546) User=0,10s Sys=0,00s Real=0,08s
[2019-04-15T13:34:05.950+0200][181,784s] GC(548) Phase 1: Mark live objects
[2019-04-15T13:34:06.119+0200][181,953s] GC(548) Phase 1: Mark live objects 168,870ms
[2019-04-15T13:34:06.119+0200][181,953s] GC(548) Phase 2: Compute new object addresses
[2019-04-15T13:34:06.235+0200][182,069s] GC(548) Phase 2: Compute new object addresses 115,506ms
[2019-04-15T13:34:06.235+0200][182,069s] GC(548) Phase 3: Adjust pointers
[2019-04-15T13:34:06.358+0200][182,191s] GC(548) Phase 3: Adjust pointers 122,685ms
[2019-04-15T13:34:06.358+0200][182,191s] GC(548) Phase 4: Move objects
[2019-04-15T13:34:06.358+0200][182,192s] GC(548) Phase 4: Move objects 0,548ms
[2019-04-15T13:34:06.359+0200][182,193s] GC(548) ParNew: 109248K->18084K(109248K)
[2019-04-15T13:34:06.359+0200][182,193s] GC(548) CMS: 393209K->381820K(393216K)
[2019-04-15T13:34:06.359+0200][182,193s] GC(548) Metaspace: 68555K->68555K(1112064K)
[2019-04-15T13:34:06.359+0200][182,193s] GC(548) Pause Full (Allocation Failure) 490M->390M(490M) 474,824ms
[2019-04-15T13:34:06.359+0200][182,193s] GC(548) User=0,47s Sys=0,00s Real=0,48s
[2019-04-15T13:34:06.359+0200][182,193s] GC(546) Old: 381997K->381820K(393216K)
[2019-04-15T13:34:06.780+0200][182,614s] GC(549) Pause Full (Allocation Failure)
[2019-04-15T13:34:06.782+0200][182,615s] GC(549) Phase 1: Mark live objects
[2019-04-15T13:34:06.944+0200][182,778s] GC(549) Phase 1: Mark live objects 162,511ms
[2019-04-15T13:34:06.944+0200][182,778s] GC(549) Phase 2: Compute new object addresses
[2019-04-15T13:34:07.072+0200][182,906s] GC(549) Phase 2: Compute new object addresses 127,568ms
[2019-04-15T13:34:07.072+0200][182,906s] GC(549) Phase 3: Adjust pointers
[2019-04-15T13:34:07.211+0200][183,044s] GC(549) Phase 3: Adjust pointers 138,848ms
[2019-04-15T13:34:07.211+0200][183,044s] GC(549) Phase 4: Move objects
[2019-04-15T13:34:07.212+0200][183,045s] GC(549) Phase 4: Move objects 0,783ms
[2019-04-15T13:34:07.212+0200][183,046s] GC(549) ParNew: 109248K->18049K(109248K)
[2019-04-15T13:34:07.212+0200][183,046s] GC(549) CMS: 393212K->382031K(393216K)
[2019-04-15T13:34:07.212+0200][183,046s] GC(549) Metaspace: 68555K->68555K(1112064K)
[2019-04-15T13:34:07.212+0200][183,046s] GC(549) Pause Full (Allocation Failure) 490M->390M(490M) 432,425ms
[2019-04-15T13:34:07.212+0200][183,046s] GC(549) User=0,42s Sys=0,00s Real=0,43s
[2019-04-15T13:34:07.214+0200][183,048s] GC(550) Pause Initial Mark
[2019-04-15T13:34:07.216+0200][183,050s] GC(550) Pause Initial Mark 392M->392M(490M) 1,898ms
[2019-04-15T13:34:07.216+0200][183,050s] GC(550) User=0,01s Sys=0,00s Real=0,00s
[2019-04-15T13:34:07.216+0200][183,050s] GC(550) Concurrent Mark
[2019-04-15T13:34:07.216+0200][183,050s] GC(550) Using 4 workers of 4 for marking
[2019-04-15T13:34:07.400+0200][183,234s] GC(550) Concurrent Mark 184,329ms
[2019-04-15T13:34:07.401+0200][183,234s] GC(550) User=0,46s Sys=0,00s Real=0,18s
[2019-04-15T13:34:07.401+0200][183,234s] GC(550) Concurrent Preclean
[2019-04-15T13:34:07.640+0200][183,474s] GC(550) Concurrent Preclean 239,747ms
[2019-04-15T13:34:07.640+0200][183,474s] GC(550) User=0,45s Sys=0,00s Real=0,24s
[2019-04-15T13:34:07.640+0200][183,474s] GC(550) Concurrent Abortable Preclean
[2019-04-15T13:34:07.640+0200][183,474s] GC(550) Concurrent Abortable Preclean 0,008ms
[2019-04-15T13:34:07.640+0200][183,474s] GC(550) User=0,00s Sys=0,00s Real=0,00s
[2019-04-15T13:34:07.641+0200][183,474s] GC(550) Pause Remark
[2019-04-15T13:34:07.641+0200][183,474s] GC(551) Pause Young (CMS Final Remark)
[2019-04-15T13:34:07.641+0200][183,474s] GC(551) Using 4 workers of 4 for evacuation
[2019-04-15T13:34:07.641+0200][183,474s] GC(551) ParNew: 105203K->105203K(109248K)
[2019-04-15T13:34:07.641+0200][183,474s] GC(551) CMS: 382031K->382031K(393216K)
[2019-04-15T13:34:07.641+0200][183,474s] GC(551) Metaspace: 68555K->68555K(1112064K)
[2019-04-15T13:34:07.641+0200][183,474s] GC(551) Pause Young (CMS Final Remark) 475M->475M(490M) 0,055ms
[2019-04-15T13:34:07.641+0200][183,474s] GC(551) User=0,00s Sys=0,00s Real=0,00s
[2019-04-15T13:34:07.714+0200][183,548s] GC(550) Pause Remark 475M->475M(490M) 73,468ms
[2019-04-15T13:34:07.714+0200][183,548s] GC(550) User=0,15s Sys=0,00s Real=0,08s
[2019-04-15T13:34:07.714+0200][183,548s] GC(550) Concurrent Sweep
[2019-04-15T13:34:07.963+0200][183,796s] GC(550) Concurrent Sweep 248,328ms
[2019-04-15T13:34:07.963+0200][183,797s] GC(550) User=0,42s Sys=0,00s Real=0,24s
[2019-04-15T13:34:07.963+0200][183,797s] GC(552) Pause Young (Allocation Failure)
[2019-04-15T13:34:07.963+0200][183,797s] GC(552) Using 4 workers of 4 for evacuation
[2019-04-15T13:34:07.963+0200][183,797s] GC(553) Pause Full (Allocation Failure)
[2019-04-15T13:34:07.964+0200][183,797s] GC(553) Phase 1: Mark live objects
[2019-04-15T13:34:08.204+0200][184,038s] GC(553) Phase 1: Mark live objects 240,274ms
[2019-04-15T13:34:08.204+0200][184,038s] GC(553) Phase 2: Compute new object addresses
[2019-04-15T13:34:08.322+0200][184,156s] GC(553) Phase 2: Compute new object addresses 118,033ms
[2019-04-15T13:34:08.322+0200][184,156s] GC(553) Phase 3: Adjust pointers
[2019-04-15T13:34:08.466+0200][184,300s] GC(553) Phase 3: Adjust pointers 143,526ms
[2019-04-15T13:34:08.466+0200][184,300s] GC(553) Phase 4: Move objects
[2019-04-15T13:34:08.467+0200][184,301s] GC(553) Phase 4: Move objects 1,216ms
[2019-04-15T13:34:08.469+0200][184,303s] GC(553) Pause Full (Allocation Failure) 486M->390M(490M) 505,951ms
[2019-04-15T13:34:08.469+0200][184,303s] GC(552) ParNew: 109248K->18039K(109248K)
[2019-04-15T13:34:08.469+0200][184,303s] GC(552) CMS: 388775K->381765K(393216K)
[2019-04-15T13:34:08.469+0200][184,303s] GC(552) Metaspace: 68555K->68555K(1112064K)
[2019-04-15T13:34:08.469+0200][184,303s] GC(552) Pause Young (Allocation Failure) 486M->390M(490M) 506,144ms
[2019-04-15T13:34:08.469+0200][184,303s] GC(552) User=0,48s Sys=0,00s Real=0,51s
[2019-04-15T13:34:08.469+0200][184,303s] GC(550) Old: 382031K->381765K(393216K)
[2019-04-15T13:34:08.810+0200][184,644s] GC(554) Pause Full (Allocation Failure)
[2019-04-15T13:34:08.811+0200][184,645s] GC(554) Phase 1: Mark live objects
[2019-04-15T13:34:08.971+0200][184,805s] GC(554) Phase 1: Mark live objects 160,742ms
[2019-04-15T13:34:08.972+0200][184,805s] GC(554) Phase 2: Compute new object addresses
[2019-04-15T13:34:09.119+0200][184,953s] GC(554) Phase 2: Compute new object addresses 147,796ms
[2019-04-15T13:34:09.120+0200][184,953s] GC(554) Phase 3: Adjust pointers
[2019-04-15T13:34:09.272+0200][185,106s] GC(554) Phase 3: Adjust pointers 152,701ms
[2019-04-15T13:34:09.272+0200][185,106s] GC(554) Phase 4: Move objects
[2019-04-15T13:34:09.273+0200][185,107s] GC(554) Phase 4: Move objects 0,822ms
[2019-04-15T13:34:09.274+0200][185,108s] GC(554) ParNew: 109247K->18375K(109248K)
[2019-04-15T13:34:09.274+0200][185,108s] GC(554) CMS: 393215K->382195K(393216K)
[2019-04-15T13:34:09.274+0200][185,108s] GC(554) Metaspace: 68556K->68556K(1112064K)
[2019-04-15T13:34:09.274+0200][185,108s] GC(554) Pause Full (Allocation Failure) 490M->391M(490M) 463,423ms
[2019-04-15T13:34:09.274+0200][185,108s] GC(554) User=0,46s Sys=0,00s Real=0,47s
[2019-04-15T13:34:09.277+0200][185,110s] GC(555) Pause Initial Mark
[2019-04-15T13:34:09.279+0200][185,113s] GC(555) Pause Initial Mark 396M->396M(490M) 2,443ms
[2019-04-15T13:34:09.279+0200][185,113s] GC(555) User=0,00s Sys=0,00s Real=0,00s
[2019-04-15T13:34:09.279+0200][185,113s] GC(555) Concurrent Mark
[2019-04-15T13:34:09.279+0200][185,113s] GC(555) Using 4 workers of 4 for marking
[2019-04-15T13:34:09.471+0200][185,304s] GC(555) Concurrent Mark 191,382ms
[2019-04-15T13:34:09.471+0200][185,304s] GC(555) User=0,47s Sys=0,01s Real=0,19s
[2019-04-15T13:34:09.471+0200][185,304s] GC(555) Concurrent Preclean
[2019-04-15T13:34:09.831+0200][185,664s] GC(555) Concurrent Preclean 359,836ms
[2019-04-15T13:34:09.831+0200][185,664s] GC(555) User=0,55s Sys=0,01s Real=0,36s
[2019-04-15T13:34:09.831+0200][185,664s] GC(555) Concurrent Abortable Preclean
[2019-04-15T13:34:09.831+0200][185,665s] GC(555) Concurrent Abortable Preclean 0,015ms
[2019-04-15T13:34:09.831+0200][185,665s] GC(555) User=0,00s Sys=0,00s Real=0,00s
[2019-04-15T13:34:09.831+0200][185,665s] GC(555) Pause Remark
[2019-04-15T13:34:09.832+0200][185,665s] GC(556) Pause Young (CMS Final Remark)
[2019-04-15T13:34:09.832+0200][185,666s] GC(556) Using 4 workers of 4 for evacuation
[2019-04-15T13:34:09.832+0200][185,666s] GC(556) ParNew: 109118K->109118K(109248K)
[2019-04-15T13:34:09.832+0200][185,666s] GC(556) CMS: 382195K->382195K(393216K)
[2019-04-15T13:34:09.832+0200][185,666s] GC(556) Metaspace: 68556K->68556K(1112064K)
[2019-04-15T13:34:09.832+0200][185,666s] GC(556) Pause Young (CMS Final Remark) 479M->479M(490M) 0,372ms
[2019-04-15T13:34:09.832+0200][185,666s] GC(556) User=0,00s Sys=0,00s Real=0,00s
[2019-04-15T13:34:09.951+0200][185,785s] GC(555) Pause Remark 479M->479M(490M) 119,559ms
[2019-04-15T13:34:09.951+0200][185,785s] GC(555) User=0,27s Sys=0,00s Real=0,12s
[2019-04-15T13:34:09.951+0200][185,785s] GC(555) Concurrent Sweep
[2019-04-15T13:34:10.420+0200][186,254s] GC(555) Concurrent Sweep 468,837ms
[2019-04-15T13:34:10.420+0200][186,254s] GC(555) User=0,50s Sys=0,01s Real=0,47s
[2019-04-15T13:34:10.420+0200][186,254s] GC(555) Concurrent Reset
[2019-04-15T13:34:10.421+0200][186,254s] GC(557) Pause Young (Allocation Failure)
[2019-04-15T13:34:10.421+0200][186,254s] GC(557) Using 4 workers of 4 for evacuation
[2019-04-15T13:34:10.421+0200][186,254s] GC(558) Pause Full (Allocation Failure)
[2019-04-15T13:34:10.421+0200][186,255s] GC(555) Concurrent Reset 0,947ms
[2019-04-15T13:34:10.421+0200][186,255s] GC(555) User=0,00s Sys=0,00s Real=0,00s
[2019-04-15T13:34:10.421+0200][186,255s] GC(558) Phase 1: Mark live objects
[2019-04-15T13:34:10.437+0200][186,271s] GC(555) Old: 382195K->391377K(393216K)
[2019-04-15T13:34:10.733+0200][186,567s] GC(558) Phase 1: Mark live objects 311,861ms
[2019-04-15T13:34:10.733+0200][186,567s] GC(558) Phase 2: Compute new object addresses
[2019-04-15T13:34:11.054+0200][186,888s] GC(558) Phase 2: Compute new object addresses 320,869ms
[2019-04-15T13:34:11.054+0200][186,888s] GC(558) Phase 3: Adjust pointers
[2019-04-15T13:34:11.273+0200][187,107s] GC(558) Phase 3: Adjust pointers 218,996ms
[2019-04-15T13:34:11.273+0200][187,107s] GC(558) Phase 4: Move objects
[2019-04-15T13:34:11.274+0200][187,108s] GC(558) Phase 4: Move objects 1,172ms
[2019-04-15T13:34:11.275+0200][187,109s] GC(558) Pause Full (Allocation Failure) 488M->391M(490M) 854,555ms
[2019-04-15T13:34:11.275+0200][187,109s] GC(557) ParNew: 109247K->18859K(109248K)
[2019-04-15T13:34:11.275+0200][187,109s] GC(557) CMS: 391377K->381867K(393216K)
[2019-04-15T13:34:11.275+0200][187,109s] GC(557) Metaspace: 68556K->68556K(1112064K)
[2019-04-15T13:34:11.275+0200][187,109s] GC(557) Pause Young (Allocation Failure) 488M->391M(490M) 854,701ms
[2019-04-15T13:34:11.275+0200][187,109s] GC(557) User=0,60s Sys=0,00s Real=0,86s
[2019-04-15T13:34:11.904+0200][187,737s] GC(559) Pause Full (Allocation Failure)
[2019-04-15T13:34:11.904+0200][187,738s] GC(559) Phase 1: Mark live objects
[2019-04-15T13:34:12.146+0200][187,979s] GC(559) Phase 1: Mark live objects 241,673ms
[2019-04-15T13:34:12.146+0200][187,979s] GC(559) Phase 2: Compute new object addresses
[2019-04-15T13:34:12.299+0200][188,133s] GC(559) Phase 2: Compute new object addresses 153,087ms
[2019-04-15T13:34:12.299+0200][188,133s] GC(559) Phase 3: Adjust pointers
[2019-04-15T13:34:12.472+0200][188,306s] GC(559) Phase 3: Adjust pointers 173,013ms
[2019-04-15T13:34:12.472+0200][188,306s] GC(559) Phase 4: Move objects
[2019-04-15T13:34:12.473+0200][188,307s] GC(559) Phase 4: Move objects 1,241ms
[2019-04-15T13:34:12.474+0200][188,308s] GC(559) ParNew: 109248K->19103K(109248K)
[2019-04-15T13:34:12.474+0200][188,308s] GC(559) CMS: 393211K->382430K(393216K)
[2019-04-15T13:34:12.474+0200][188,308s] GC(559) Metaspace: 68556K->68556K(1112064K)
[2019-04-15T13:34:12.474+0200][188,308s] GC(559) Pause Full (Allocation Failure) 490M->392M(490M) 570,563ms
[2019-04-15T13:34:12.474+0200][188,308s] GC(559) User=0,54s Sys=0,01s Real=0,58s
[2019-04-15T13:34:12.475+0200][188,308s] GC(560) Pause Initial Mark
[2019-04-15T13:34:12.477+0200][188,311s] GC(560) Pause Initial Mark 393M->393M(490M) 2,938ms
[2019-04-15T13:34:12.478+0200][188,311s] GC(560) User=0,00s Sys=0,00s Real=0,00s
[2019-04-15T13:34:12.478+0200][188,311s] GC(560) Concurrent Mark
[2019-04-15T13:34:12.478+0200][188,311s] GC(560) Using 4 workers of 4 for marking
[2019-04-15T13:34:12.665+0200][188,498s] GC(560) Concurrent Mark 186,938ms
[2019-04-15T13:34:12.665+0200][188,498s] GC(560) User=0,46s Sys=0,00s Real=0,18s
[2019-04-15T13:34:12.665+0200][188,499s] GC(560) Concurrent Preclean
[2019-04-15T13:34:12.920+0200][188,754s] GC(560) Concurrent Preclean 255,110ms
[2019-04-15T13:34:12.920+0200][188,754s] GC(560) User=0,49s Sys=0,00s Real=0,26s
[2019-04-15T13:34:12.920+0200][188,754s] GC(560) Concurrent Abortable Preclean
[2019-04-15T13:34:12.920+0200][188,754s] GC(560) Concurrent Abortable Preclean 0,009ms
[2019-04-15T13:34:12.920+0200][188,754s] GC(560) User=0,00s Sys=0,00s Real=0,00s
[2019-04-15T13:34:12.920+0200][188,754s] GC(560) Pause Remark
[2019-04-15T13:34:12.920+0200][188,754s] GC(561) Pause Young (CMS Final Remark)
[2019-04-15T13:34:12.920+0200][188,754s] GC(561) Using 4 workers of 4 for evacuation
[2019-04-15T13:34:12.920+0200][188,754s] GC(561) ParNew: 108423K->108423K(109248K)
[2019-04-15T13:34:12.920+0200][188,754s] GC(561) CMS: 382430K->382430K(393216K)
[2019-04-15T13:34:12.920+0200][188,754s] GC(561) Metaspace: 68556K->68556K(1112064K)
[2019-04-15T13:34:12.920+0200][188,754s] GC(561) Pause Young (CMS Final Remark) 479M->479M(490M) 0,097ms
[2019-04-15T13:34:12.920+0200][188,754s] GC(561) User=0,00s Sys=0,00s Real=0,00s
[2019-04-15T13:34:13.003+0200][188,837s] GC(560) Pause Remark 479M->479M(490M) 83,044ms
[2019-04-15T13:34:13.003+0200][188,837s] GC(560) User=0,14s Sys=0,00s Real=0,08s
[2019-04-15T13:34:13.003+0200][188,837s] GC(560) Concurrent Sweep
[2019-04-15T13:34:13.277+0200][189,110s] GC(560) Concurrent Sweep 273,375ms
[2019-04-15T13:34:13.277+0200][189,111s] GC(560) User=0,48s Sys=0,01s Real=0,28s
[2019-04-15T13:34:13.279+0200][189,113s] GC(560) Concurrent Reset
[2019-04-15T13:34:13.280+0200][189,113s] GC(560) Concurrent Reset 0,391ms
[2019-04-15T13:34:13.280+0200][189,114s] GC(560) User=0,00s Sys=0,00s Real=0,00s
[2019-04-15T13:34:13.280+0200][189,114s] GC(560) Old: 382430K->392581K(393216K)
[2019-04-15T13:34:13.280+0200][189,114s] GC(562) Pause Young (Allocation Failure)
[2019-04-15T13:34:13.280+0200][189,114s] GC(562) Using 4 workers of 4 for evacuation
[2019-04-15T13:34:13.280+0200][189,114s] GC(563) Pause Full (Allocation Failure)
[2019-04-15T13:34:13.281+0200][189,114s] GC(563) Phase 1: Mark live objects
[2019-04-15T13:34:13.625+0200][189,459s] GC(563) Phase 1: Mark live objects 344,209ms
[2019-04-15T13:34:13.625+0200][189,459s] GC(563) Phase 2: Compute new object addresses
[2019-04-15T13:34:13.825+0200][189,659s] GC(563) Phase 2: Compute new object addresses 200,089ms
[2019-04-15T13:34:13.825+0200][189,659s] GC(563) Phase 3: Adjust pointers
[2019-04-15T13:34:14.091+0200][189,925s] GC(563) Phase 3: Adjust pointers 265,780ms
[2019-04-15T13:34:14.091+0200][189,925s] GC(563) Phase 4: Move objects
[2019-04-15T13:34:14.093+0200][189,926s] GC(563) Phase 4: Move objects 1,606ms
[2019-04-15T13:34:14.094+0200][189,928s] GC(563) Pause Full (Allocation Failure) 490M->391M(490M) 813,611ms
[2019-04-15T13:34:14.094+0200][189,928s] GC(562) ParNew: 109248K->18453K(109248K)
[2019-04-15T13:34:14.094+0200][189,928s] GC(562) CMS: 392581K->381998K(393216K)
[2019-04-15T13:34:14.094+0200][189,928s] GC(562) Metaspace: 68556K->68556K(1112064K)
[2019-04-15T13:34:14.094+0200][189,928s] GC(562) Pause Young (Allocation Failure) 490M->391M(490M) 813,759ms
[2019-04-15T13:34:14.094+0200][189,928s] GC(562) User=0,62s Sys=0,01s Real=0,82s
[2019-04-15T13:34:14.097+0200][189,931s] GC(564) Pause Initial Mark
[2019-04-15T13:34:14.099+0200][189,933s] GC(564) Pause Initial Mark 394M->394M(490M) 2,455ms
[2019-04-15T13:34:14.100+0200][189,933s] GC(564) User=0,00s Sys=0,00s Real=0,00s
[2019-04-15T13:34:14.100+0200][189,933s] GC(564) Concurrent Mark
[2019-04-15T13:34:14.100+0200][189,933s] GC(564) Using 4 workers of 4 for marking
[2019-04-15T13:34:14.357+0200][190,191s] GC(564) Concurrent Mark 257,735ms
[2019-04-15T13:34:14.357+0200][190,191s] GC(564) User=0,53s Sys=0,00s Real=0,26s
[2019-04-15T13:34:14.357+0200][190,191s] GC(564) Concurrent Preclean
[2019-04-15T13:34:14.635+0200][190,468s] GC(564) Concurrent Preclean 277,170ms
[2019-04-15T13:34:14.635+0200][190,468s] GC(564) User=0,45s Sys=0,00s Real=0,28s
[2019-04-15T13:34:14.635+0200][190,468s] GC(564) Concurrent Abortable Preclean
[2019-04-15T13:34:14.635+0200][190,468s] GC(564) Concurrent Abortable Preclean 0,008ms
[2019-04-15T13:34:14.635+0200][190,468s] GC(564) User=0,00s Sys=0,00s Real=0,00s
[2019-04-15T13:34:14.635+0200][190,469s] GC(564) Pause Remark
[2019-04-15T13:34:14.635+0200][190,469s] GC(565) Pause Young (CMS Final Remark)
[2019-04-15T13:34:14.635+0200][190,469s] GC(565) Using 4 workers of 4 for evacuation
[2019-04-15T13:34:14.635+0200][190,469s] GC(565) ParNew: 105682K->105682K(109248K)
[2019-04-15T13:34:14.635+0200][190,469s] GC(565) CMS: 381998K->381998K(393216K)
[2019-04-15T13:34:14.635+0200][190,469s] GC(565) Metaspace: 68556K->68556K(1112064K)
[2019-04-15T13:34:14.635+0200][190,469s] GC(565) Pause Young (CMS Final Remark) 476M->476M(490M) 0,079ms
[2019-04-15T13:34:14.635+0200][190,469s] GC(565) User=0,00s Sys=0,00s Real=0,00s
[2019-04-15T13:34:14.825+0200][190,658s] GC(564) Pause Remark 476M->476M(490M) 189,799ms
[2019-04-15T13:34:14.825+0200][190,658s] GC(564) User=0,23s Sys=0,01s Real=0,18s
[2019-04-15T13:34:14.825+0200][190,658s] GC(564) Concurrent Sweep
[2019-04-15T13:34:15.311+0200][191,144s] GC(564) Concurrent Sweep 485,973ms
[2019-04-15T13:34:15.311+0200][191,145s] GC(564) User=0,47s Sys=0,01s Real=0,49s
[2019-04-15T13:34:15.321+0200][191,155s] GC(566) Pause Young (Allocation Failure)
[2019-04-15T13:34:15.321+0200][191,155s] GC(566) Using 4 workers of 4 for evacuation
[2019-04-15T13:34:15.322+0200][191,155s] GC(567) Pause Full (Allocation Failure)
[2019-04-15T13:34:15.324+0200][191,158s] GC(567) Phase 1: Mark live objects
[2019-04-15T13:34:15.604+0200][191,438s] GC(567) Phase 1: Mark live objects 280,085ms
[2019-04-15T13:34:15.604+0200][191,438s] GC(567) Phase 2: Compute new object addresses
[2019-04-15T13:34:15.791+0200][191,625s] GC(567) Phase 2: Compute new object addresses 186,848ms
[2019-04-15T13:34:15.791+0200][191,625s] GC(567) Phase 3: Adjust pointers
[2019-04-15T13:34:15.992+0200][191,826s] GC(567) Phase 3: Adjust pointers 201,444ms
[2019-04-15T13:34:15.992+0200][191,826s] GC(567) Phase 4: Move objects
[2019-04-15T13:34:15.993+0200][191,827s] GC(567) Phase 4: Move objects 0,983ms
[2019-04-15T13:34:15.994+0200][191,828s] GC(567) Pause Full (Allocation Failure) 489M->391M(490M) 672,507ms
[2019-04-15T13:34:15.994+0200][191,828s] GC(566) ParNew: 109248K->18540K(109248K)
[2019-04-15T13:34:15.994+0200][191,828s] GC(566) CMS: 391956K->382045K(393216K)
[2019-04-15T13:34:15.994+0200][191,828s] GC(566) Metaspace: 68556K->68556K(1112064K)
[2019-04-15T13:34:15.994+0200][191,828s] GC(566) Pause Young (Allocation Failure) 489M->391M(490M) 672,998ms
[2019-04-15T13:34:15.994+0200][191,828s] GC(566) User=0,63s Sys=0,00s Real=0,68s
[2019-04-15T13:34:15.994+0200][191,828s] GC(564) Old: 381998K->382045K(393216K)
[2019-04-15T13:34:16.569+0200][192,402s] GC(568) Pause Full (Allocation Failure)
[2019-04-15T13:34:16.569+0200][192,403s] GC(568) Phase 1: Mark live objects
[2019-04-15T13:34:16.951+0200][192,785s] GC(568) Phase 1: Mark live objects 381,861ms
[2019-04-15T13:34:16.951+0200][192,785s] GC(568) Phase 2: Compute new object addresses
[2019-04-15T13:34:17.124+0200][192,958s] GC(568) Phase 2: Compute new object addresses 172,867ms
[2019-04-15T13:34:17.124+0200][192,958s] GC(568) Phase 3: Adjust pointers
[2019-04-15T13:34:17.283+0200][193,116s] GC(568) Phase 3: Adjust pointers 158,365ms
[2019-04-15T13:34:17.283+0200][193,116s] GC(568) Phase 4: Move objects
[2019-04-15T13:34:17.283+0200][193,117s] GC(568) Phase 4: Move objects 0,795ms
[2019-04-15T13:34:17.286+0200][193,120s] GC(568) ParNew: 109248K->18664K(109248K)
[2019-04-15T13:34:17.286+0200][193,120s] GC(568) CMS: 393215K->381801K(393216K)
[2019-04-15T13:34:17.286+0200][193,120s] GC(568) Metaspace: 68556K->68556K(1112064K)
[2019-04-15T13:34:17.286+0200][193,120s] GC(568) Pause Full (Allocation Failure) 490M->391M(490M) 717,792ms
[2019-04-15T13:34:17.286+0200][193,120s] GC(568) User=0,61s Sys=0,00s Real=0,72s
[2019-04-15T13:34:17.291+0200][193,124s] GC(569) Pause Initial Mark
[2019-04-15T13:34:17.293+0200][193,127s] GC(569) Pause Initial Mark 392M->392M(490M) 2,572ms
[2019-04-15T13:34:17.293+0200][193,127s] GC(569) User=0,00s Sys=0,00s Real=0,01s
[2019-04-15T13:34:17.293+0200][193,127s] GC(569) Concurrent Mark
[2019-04-15T13:34:17.293+0200][193,127s] GC(569) Using 4 workers of 4 for marking
[2019-04-15T13:34:17.464+0200][193,297s] GC(569) Concurrent Mark 170,225ms
[2019-04-15T13:34:17.464+0200][193,297s] GC(569) User=0,50s Sys=0,00s Real=0,16s
[2019-04-15T13:34:17.464+0200][193,297s] GC(569) Concurrent Preclean
[2019-04-15T13:34:17.712+0200][193,546s] GC(569) Concurrent Preclean 248,557ms
[2019-04-15T13:34:17.712+0200][193,546s] GC(569) User=0,40s Sys=0,00s Real=0,25s
[2019-04-15T13:34:17.712+0200][193,546s] GC(569) Concurrent Abortable Preclean
[2019-04-15T13:34:17.712+0200][193,546s] GC(569) Concurrent Abortable Preclean 0,019ms
[2019-04-15T13:34:17.712+0200][193,546s] GC(569) User=0,00s Sys=0,00s Real=0,00s
[2019-04-15T13:34:17.712+0200][193,546s] GC(569) Pause Remark
[2019-04-15T13:34:17.713+0200][193,546s] GC(570) Pause Young (CMS Final Remark)
[2019-04-15T13:34:17.713+0200][193,546s] GC(570) Using 4 workers of 4 for evacuation
[2019-04-15T13:34:17.713+0200][193,546s] GC(570) ParNew: 100756K->100756K(109248K)
[2019-04-15T13:34:17.713+0200][193,546s] GC(570) CMS: 381801K->381801K(393216K)
[2019-04-15T13:34:17.713+0200][193,546s] GC(570) Metaspace: 68556K->68556K(1112064K)
[2019-04-15T13:34:17.713+0200][193,546s] GC(570) Pause Young (CMS Final Remark) 471M->471M(490M) 0,059ms
[2019-04-15T13:34:17.713+0200][193,546s] GC(570) User=0,00s Sys=0,00s Real=0,00s
[2019-04-15T13:34:17.916+0200][193,750s] GC(569) Pause Remark 471M->471M(490M) 203,834ms
[2019-04-15T13:34:17.916+0200][193,750s] GC(569) User=0,35s Sys=0,01s Real=0,21s
[2019-04-15T13:34:17.916+0200][193,750s] GC(569) Concurrent Sweep
[2019-04-15T13:34:18.161+0200][193,994s] GC(569) Concurrent Sweep 244,145ms
[2019-04-15T13:34:18.161+0200][193,994s] GC(569) User=0,44s Sys=0,01s Real=0,24s
[2019-04-15T13:34:18.161+0200][193,995s] GC(571) Pause Young (Allocation Failure)
[2019-04-15T13:34:18.161+0200][193,995s] GC(571) Using 4 workers of 4 for evacuation
[2019-04-15T13:34:18.161+0200][193,995s] GC(572) Pause Full (Allocation Failure)
[2019-04-15T13:34:18.162+0200][193,996s] GC(572) Phase 1: Mark live objects
[2019-04-15T13:34:18.363+0200][194,197s] GC(572) Phase 1: Mark live objects 201,507ms
[2019-04-15T13:34:18.363+0200][194,197s] GC(572) Phase 2: Compute new object addresses
[2019-04-15T13:34:18.498+0200][194,332s] GC(572) Phase 2: Compute new object addresses 134,954ms
[2019-04-15T13:34:18.498+0200][194,332s] GC(572) Phase 3: Adjust pointers
[2019-04-15T13:34:18.656+0200][194,490s] GC(572) Phase 3: Adjust pointers 157,736ms
[2019-04-15T13:34:18.656+0200][194,490s] GC(572) Phase 4: Move objects
[2019-04-15T13:34:18.658+0200][194,491s] GC(572) Phase 4: Move objects 1,443ms
[2019-04-15T13:34:18.660+0200][194,494s] GC(572) Pause Full (Allocation Failure) 484M->390M(490M) 499,354ms
[2019-04-15T13:34:18.661+0200][194,494s] GC(571) ParNew: 109247K->18564K(109248K)
[2019-04-15T13:34:18.661+0200][194,494s] GC(571) CMS: 386957K->381554K(393216K)
[2019-04-15T13:34:18.661+0200][194,494s] GC(571) Metaspace: 68556K->68556K(1112064K)
[2019-04-15T13:34:18.661+0200][194,495s] GC(571) Pause Young (Allocation Failure) 484M->390M(490M) 499,773ms
[2019-04-15T13:34:18.661+0200][194,495s] GC(571) User=0,50s Sys=0,00s Real=0,50s
[2019-04-15T13:34:18.666+0200][194,500s] GC(569) Old: 381801K->381554K(393216K)
[2019-04-15T13:34:19.130+0200][194,963s] GC(573) Pause Full (Allocation Failure)
[2019-04-15T13:34:19.130+0200][194,964s] GC(573) Phase 1: Mark live objects
[2019-04-15T13:34:19.315+0200][195,149s] GC(573) Phase 1: Mark live objects 184,899ms
[2019-04-15T13:34:19.315+0200][195,149s] GC(573) Phase 2: Compute new object addresses
[2019-04-15T13:34:19.445+0200][195,279s] GC(573) Phase 2: Compute new object addresses 129,784ms
[2019-04-15T13:34:19.445+0200][195,279s] GC(573) Phase 3: Adjust pointers
[2019-04-15T13:34:19.589+0200][195,423s] GC(573) Phase 3: Adjust pointers 143,965ms
[2019-04-15T13:34:19.589+0200][195,423s] GC(573) Phase 4: Move objects
[2019-04-15T13:34:19.590+0200][195,424s] GC(573) Phase 4: Move objects 1,152ms
[2019-04-15T13:34:19.592+0200][195,426s] GC(573) ParNew: 109248K->18671K(109248K)
[2019-04-15T13:34:19.592+0200][195,426s] GC(573) CMS: 393215K->381914K(393216K)
[2019-04-15T13:34:19.592+0200][195,426s] GC(573) Metaspace: 68556K->68556K(1112064K)
[2019-04-15T13:34:19.592+0200][195,426s] GC(573) Pause Full (Allocation Failure) 490M->391M(490M) 462,547ms
[2019-04-15T13:34:19.592+0200][195,426s] GC(573) User=0,46s Sys=0,00s Real=0,46s
[2019-04-15T13:34:19.593+0200][195,426s] GC(574) Pause Initial Mark
[2019-04-15T13:34:19.596+0200][195,430s] GC(574) Pause Initial Mark 392M->392M(490M) 3,284ms
[2019-04-15T13:34:19.596+0200][195,430s] GC(574) User=0,01s Sys=0,00s Real=0,01s
[2019-04-15T13:34:19.596+0200][195,430s] GC(574) Concurrent Mark
[2019-04-15T13:34:19.596+0200][195,430s] GC(574) Using 4 workers of 4 for marking
[2019-04-15T13:34:19.789+0200][195,623s] GC(574) Concurrent Mark 193,211ms
[2019-04-15T13:34:19.790+0200][195,623s] GC(574) User=0,51s Sys=0,00s Real=0,19s
[2019-04-15T13:34:19.790+0200][195,623s] GC(574) Concurrent Preclean
[2019-04-15T13:34:19.991+0200][195,825s] GC(574) Concurrent Preclean 201,499ms
[2019-04-15T13:34:19.991+0200][195,825s] GC(574) User=0,37s Sys=0,01s Real=0,20s
[2019-04-15T13:34:19.991+0200][195,825s] GC(574) Concurrent Abortable Preclean
[2019-04-15T13:34:19.991+0200][195,825s] GC(574) Concurrent Abortable Preclean 0,007ms
[2019-04-15T13:34:19.991+0200][195,825s] GC(574) User=0,00s Sys=0,00s Real=0,00s
[2019-04-15T13:34:19.991+0200][195,825s] GC(574) Pause Remark
[2019-04-15T13:34:19.991+0200][195,825s] GC(575) Pause Young (CMS Final Remark)
[2019-04-15T13:34:19.991+0200][195,825s] GC(575) Using 4 workers of 4 for evacuation
[2019-04-15T13:34:19.991+0200][195,825s] GC(575) ParNew: 102151K->102151K(109248K)
[2019-04-15T13:34:19.991+0200][195,825s] GC(575) CMS: 381914K->381914K(393216K)
[2019-04-15T13:34:19.991+0200][195,825s] GC(575) Metaspace: 68557K->68557K(1112064K)
[2019-04-15T13:34:19.991+0200][195,825s] GC(575) Pause Young (CMS Final Remark) 472M->472M(490M) 0,059ms
[2019-04-15T13:34:19.991+0200][195,825s] GC(575) User=0,00s Sys=0,00s Real=0,00s
[2019-04-15T13:34:20.110+0200][195,944s] GC(574) Pause Remark 472M->472M(490M) 118,689ms
[2019-04-15T13:34:20.110+0200][195,944s] GC(574) User=0,23s Sys=0,00s Real=0,12s
[2019-04-15T13:34:20.110+0200][195,944s] GC(574) Concurrent Sweep
[2019-04-15T13:34:20.262+0200][196,095s] GC(574) Concurrent Sweep 151,342ms
[2019-04-15T13:34:20.262+0200][196,095s] GC(574) User=0,30s Sys=0,00s Real=0,15s
[2019-04-15T13:34:20.262+0200][196,096s] GC(576) Pause Young (Allocation Failure)
[2019-04-15T13:34:20.262+0200][196,096s] GC(576) Using 4 workers of 4 for evacuation
[2019-04-15T13:34:20.262+0200][196,096s] GC(577) Pause Full (Allocation Failure)
[2019-04-15T13:34:20.263+0200][196,097s] GC(577) Phase 1: Mark live objects
[2019-04-15T13:34:20.452+0200][196,286s] GC(577) Phase 1: Mark live objects 189,190ms
[2019-04-15T13:34:20.452+0200][196,286s] GC(577) Phase 2: Compute new object addresses
[2019-04-15T13:34:20.575+0200][196,408s] GC(577) Phase 2: Compute new object addresses 122,415ms
[2019-04-15T13:34:20.575+0200][196,408s] GC(577) Phase 3: Adjust pointers
[2019-04-15T13:34:20.723+0200][196,557s] GC(577) Phase 3: Adjust pointers 148,645ms
[2019-04-15T13:34:20.723+0200][196,557s] GC(577) Phase 4: Move objects
[2019-04-15T13:34:20.724+0200][196,557s] GC(577) Phase 4: Move objects 0,409ms
[2019-04-15T13:34:20.724+0200][196,558s] GC(577) Pause Full (Allocation Failure) 483M->391M(490M) 462,249ms
[2019-04-15T13:34:20.724+0200][196,558s] GC(576) ParNew: 109248K->18649K(109248K)
[2019-04-15T13:34:20.724+0200][196,558s] GC(576) CMS: 385929K->381879K(393216K)
[2019-04-15T13:34:20.724+0200][196,558s] GC(576) Metaspace: 68557K->68557K(1112064K)
[2019-04-15T13:34:20.724+0200][196,558s] GC(576) Pause Young (Allocation Failure) 483M->391M(490M) 462,394ms
[2019-04-15T13:34:20.724+0200][196,558s] GC(576) User=0,46s Sys=0,00s Real=0,46s
[2019-04-15T13:34:20.725+0200][196,558s] GC(574) Old: 381914K->381879K(393216K)
[2019-04-15T13:34:21.103+0200][196,937s] GC(578) Pause Full (Allocation Failure)
[2019-04-15T13:34:21.104+0200][196,938s] GC(578) Phase 1: Mark live objects
[2019-04-15T13:34:21.310+0200][197,143s] GC(578) Phase 1: Mark live objects 205,365ms
[2019-04-15T13:34:21.310+0200][197,143s] GC(578) Phase 2: Compute new object addresses
[2019-04-15T13:34:21.449+0200][197,283s] GC(578) Phase 2: Compute new object addresses 139,411ms
[2019-04-15T13:34:21.449+0200][197,283s] GC(578) Phase 3: Adjust pointers
[2019-04-15T13:34:21.586+0200][197,419s] GC(578) Phase 3: Adjust pointers 136,376ms
[2019-04-15T13:34:21.586+0200][197,419s] GC(578) Phase 4: Move objects
[2019-04-15T13:34:21.587+0200][197,421s] GC(578) Phase 4: Move objects 1,899ms
[2019-04-15T13:34:21.590+0200][197,424s] GC(578) ParNew: 109247K->19252K(109248K)
[2019-04-15T13:34:21.590+0200][197,424s] GC(578) CMS: 393215K->382128K(393216K)
[2019-04-15T13:34:21.590+0200][197,424s] GC(578) Metaspace: 68557K->68557K(1112064K)
[2019-04-15T13:34:21.590+0200][197,424s] GC(578) Pause Full (Allocation Failure) 490M->391M(490M) 486,794ms
[2019-04-15T13:34:21.590+0200][197,424s] GC(578) User=0,48s Sys=0,00s Real=0,49s
[2019-04-15T13:34:21.591+0200][197,424s] GC(579) Pause Initial Mark
[2019-04-15T13:34:21.594+0200][197,428s] GC(579) Pause Initial Mark 393M->393M(490M) 3,802ms
[2019-04-15T13:34:21.594+0200][197,428s] GC(579) User=0,01s Sys=0,00s Real=0,01s
[2019-04-15T13:34:21.594+0200][197,428s] GC(579) Concurrent Mark
[2019-04-15T13:34:21.594+0200][197,428s] GC(579) Using 4 workers of 4 for marking
[2019-04-15T13:34:21.823+0200][197,657s] GC(579) Concurrent Mark 228,610ms
[2019-04-15T13:34:21.823+0200][197,657s] GC(579) User=0,65s Sys=0,01s Real=0,22s
[2019-04-15T13:34:21.823+0200][197,657s] GC(579) Concurrent Preclean
[2019-04-15T13:34:22.279+0200][198,113s] GC(579) Concurrent Preclean 455,766ms
[2019-04-15T13:34:22.279+0200][198,113s] GC(579) User=0,80s Sys=0,03s Real=0,46s
[2019-04-15T13:34:22.279+0200][198,113s] GC(579) Concurrent Abortable Preclean
[2019-04-15T13:34:22.279+0200][198,113s] GC(579) Concurrent Abortable Preclean 0,007ms
[2019-04-15T13:34:22.279+0200][198,113s] GC(579) User=0,00s Sys=0,00s Real=0,00s
[2019-04-15T13:34:22.279+0200][198,113s] GC(579) Pause Remark
[2019-04-15T13:34:22.279+0200][198,113s] GC(580) Pause Young (CMS Final Remark)
[2019-04-15T13:34:22.279+0200][198,113s] GC(580) Using 4 workers of 4 for evacuation
[2019-04-15T13:34:22.279+0200][198,113s] GC(580) ParNew: 109248K->109248K(109248K)
[2019-04-15T13:34:22.279+0200][198,113s] GC(580) CMS: 390429K->390429K(393216K)
[2019-04-15T13:34:22.279+0200][198,113s] GC(580) Metaspace: 68560K->68560K(1112064K)
[2019-04-15T13:34:22.279+0200][198,113s] GC(580) Pause Young (CMS Final Remark) 487M->487M(490M) 0,054ms
[2019-04-15T13:34:22.279+0200][198,113s] GC(580) User=0,00s Sys=0,00s Real=0,00s
[2019-04-15T13:34:22.414+0200][198,248s] GC(579) Pause Remark 487M->487M(490M) 134,645ms
[2019-04-15T13:34:22.414+0200][198,248s] GC(579) User=0,26s Sys=0,00s Real=0,14s
[2019-04-15T13:34:22.414+0200][198,248s] GC(579) Concurrent Sweep
[2019-04-15T13:34:22.496+0200][198,330s] GC(581) Pause Full (Allocation Failure)
[2019-04-15T13:34:22.609+0200][198,442s] GC(579) Concurrent Sweep 194,725ms
[2019-04-15T13:34:22.609+0200][198,442s] GC(579) User=0,25s Sys=0,00s Real=0,19s
[2019-04-15T13:34:22.609+0200][198,443s] GC(581) Phase 1: Mark live objects
[2019-04-15T13:34:22.808+0200][198,642s] GC(581) Phase 1: Mark live objects 199,694ms
[2019-04-15T13:34:22.809+0200][198,642s] GC(581) Phase 2: Compute new object addresses
[2019-04-15T13:34:22.945+0200][198,779s] GC(581) Phase 2: Compute new object addresses 136,868ms
[2019-04-15T13:34:22.945+0200][198,779s] GC(581) Phase 3: Adjust pointers
[2019-04-15T13:34:23.109+0200][198,942s] GC(581) Phase 3: Adjust pointers 163,138ms
[2019-04-15T13:34:23.109+0200][198,942s] GC(581) Phase 4: Move objects
[2019-04-15T13:34:23.229+0200][199,062s] GC(581) Phase 4: Move objects 119,815ms
[2019-04-15T13:34:23.231+0200][199,064s] GC(581) ParNew: 109248K->19007K(109248K)
[2019-04-15T13:34:23.231+0200][199,065s] GC(581) CMS: 393137K->381815K(393216K)
[2019-04-15T13:34:23.231+0200][199,065s] GC(581) Metaspace: 68560K->68560K(1112064K)
[2019-04-15T13:34:23.231+0200][199,065s] GC(581) Pause Full (Allocation Failure) 490M->391M(490M) 735,053ms
[2019-04-15T13:34:23.231+0200][199,065s] GC(581) User=0,72s Sys=0,01s Real=0,73s
[2019-04-15T13:34:23.235+0200][199,069s] GC(579) Old: 382128K->381815K(393216K)
[2019-04-15T13:34:23.624+0200][199,457s] GC(582) Pause Full (Allocation Failure)
[2019-04-15T13:34:23.624+0200][199,458s] GC(582) Phase 1: Mark live objects
[2019-04-15T13:34:23.822+0200][199,655s] GC(582) Phase 1: Mark live objects 197,699ms
[2019-04-15T13:34:23.822+0200][199,655s] GC(582) Phase 2: Compute new object addresses
[2019-04-15T13:34:23.951+0200][199,785s] GC(582) Phase 2: Compute new object addresses 129,368ms
[2019-04-15T13:34:23.951+0200][199,785s] GC(582) Phase 3: Adjust pointers
[2019-04-15T13:34:24.104+0200][199,938s] GC(582) Phase 3: Adjust pointers 152,822ms
[2019-04-15T13:34:24.104+0200][199,938s] GC(582) Phase 4: Move objects
[2019-04-15T13:34:24.116+0200][199,949s] GC(582) Phase 4: Move objects 11,606ms
[2019-04-15T13:34:24.117+0200][199,951s] GC(582) ParNew: 109247K->19159K(109248K)
[2019-04-15T13:34:24.117+0200][199,951s] GC(582) CMS: 393193K->382727K(393216K)
[2019-04-15T13:34:24.117+0200][199,951s] GC(582) Metaspace: 68560K->68560K(1112064K)
[2019-04-15T13:34:24.118+0200][199,951s] GC(582) Pause Full (Allocation Failure) 490M->392M(490M) 493,920ms
[2019-04-15T13:34:24.118+0200][199,951s] GC(582) User=0,49s Sys=0,00s Real=0,50s
[2019-04-15T13:34:24.122+0200][199,955s] GC(583) Pause Initial Mark
[2019-04-15T13:34:24.125+0200][199,959s] GC(583) Pause Initial Mark 397M->397M(490M) 3,477ms
[2019-04-15T13:34:24.125+0200][199,959s] GC(583) User=0,00s Sys=0,00s Real=0,01s
[2019-04-15T13:34:24.125+0200][199,959s] GC(583) Concurrent Mark
[2019-04-15T13:34:24.125+0200][199,959s] GC(583) Using 4 workers of 4 for marking
[2019-04-15T13:34:24.345+0200][200,179s] GC(583) Concurrent Mark 220,061ms
[2019-04-15T13:34:24.345+0200][200,179s] GC(583) User=0,62s Sys=0,02s Real=0,22s
[2019-04-15T13:34:24.345+0200][200,179s] GC(583) Concurrent Preclean
[2019-04-15T13:34:24.651+0200][200,485s] GC(583) Concurrent Preclean 306,075ms
[2019-04-15T13:34:24.652+0200][200,486s] GC(583) User=0,58s Sys=0,00s Real=0,30s
[2019-04-15T13:34:24.652+0200][200,486s] GC(583) Concurrent Abortable Preclean
[2019-04-15T13:34:24.652+0200][200,486s] GC(583) Concurrent Abortable Preclean 0,019ms
[2019-04-15T13:34:24.652+0200][200,486s] GC(583) User=0,00s Sys=0,00s Real=0,00s
[2019-04-15T13:34:24.652+0200][200,486s] GC(583) Pause Remark
[2019-04-15T13:34:24.653+0200][200,486s] GC(584) Pause Young (CMS Final Remark)
[2019-04-15T13:34:24.653+0200][200,486s] GC(584) Using 4 workers of 4 for evacuation
[2019-04-15T13:34:24.653+0200][200,486s] GC(584) ParNew: 109247K->109247K(109248K)
[2019-04-15T13:34:24.653+0200][200,486s] GC(584) CMS: 383149K->383149K(393216K)
[2019-04-15T13:34:24.653+0200][200,486s] GC(584) Metaspace: 68579K->68579K(1112064K)
[2019-04-15T13:34:24.653+0200][200,486s] GC(584) Pause Young (CMS Final Remark) 480M->480M(490M) 0,230ms
[2019-04-15T13:34:24.653+0200][200,487s] GC(584) User=0,00s Sys=0,00s Real=0,00s
[2019-04-15T13:34:24.800+0200][200,633s] GC(583) Pause Remark 480M->480M(490M) 147,396ms
[2019-04-15T13:34:24.800+0200][200,634s] GC(583) User=0,31s Sys=0,00s Real=0,15s
[2019-04-15T13:34:24.800+0200][200,634s] GC(583) Concurrent Sweep
[2019-04-15T13:34:25.008+0200][200,842s] GC(583) Concurrent Sweep 208,334ms
[2019-04-15T13:34:25.008+0200][200,842s] GC(583) User=0,38s Sys=0,01s Real=0,21s
[2019-04-15T13:34:25.008+0200][200,842s] GC(585) Pause Young (Allocation Failure)
[2019-04-15T13:34:25.008+0200][200,842s] GC(585) Using 4 workers of 4 for evacuation
[2019-04-15T13:34:25.008+0200][200,842s] GC(586) Pause Full (Allocation Failure)
[2019-04-15T13:34:25.009+0200][200,842s] GC(586) Phase 1: Mark live objects
[2019-04-15T13:34:25.232+0200][201,066s] GC(586) Phase 1: Mark live objects 223,726ms
[2019-04-15T13:34:25.233+0200][201,066s] GC(586) Phase 2: Compute new object addresses
[2019-04-15T13:34:25.367+0200][201,201s] GC(586) Phase 2: Compute new object addresses 134,227ms
[2019-04-15T13:34:25.367+0200][201,201s] GC(586) Phase 3: Adjust pointers
[2019-04-15T13:34:25.541+0200][201,375s] GC(586) Phase 3: Adjust pointers 173,819ms
[2019-04-15T13:34:25.541+0200][201,375s] GC(586) Phase 4: Move objects
[2019-04-15T13:34:25.567+0200][201,401s] GC(586) Phase 4: Move objects 26,414ms
[2019-04-15T13:34:25.568+0200][201,402s] GC(586) Pause Full (Allocation Failure) 489M->392M(490M) 559,742ms
[2019-04-15T13:34:25.568+0200][201,402s] GC(585) ParNew: 109247K->19238K(109248K)
[2019-04-15T13:34:25.568+0200][201,402s] GC(585) CMS: 391779K->382653K(393216K)
[2019-04-15T13:34:25.568+0200][201,402s] GC(585) Metaspace: 68579K->68579K(1112064K)
[2019-04-15T13:34:25.568+0200][201,402s] GC(585) Pause Young (Allocation Failure) 489M->392M(490M) 559,911ms
[2019-04-15T13:34:25.568+0200][201,402s] GC(585) User=0,55s Sys=0,00s Real=0,56s
[2019-04-15T13:34:25.569+0200][201,402s] GC(583) Old: 382727K->382653K(393216K)
[2019-04-15T13:34:25.883+0200][201,716s] GC(587) Pause Full (Allocation Failure)
[2019-04-15T13:34:25.883+0200][201,717s] GC(587) Phase 1: Mark live objects
[2019-04-15T13:34:26.073+0200][201,907s] GC(587) Phase 1: Mark live objects 189,814ms
[2019-04-15T13:34:26.073+0200][201,907s] GC(587) Phase 2: Compute new object addresses
[2019-04-15T13:34:26.194+0200][202,028s] GC(587) Phase 2: Compute new object addresses 121,037ms
[2019-04-15T13:34:26.194+0200][202,028s] GC(587) Phase 3: Adjust pointers
[2019-04-15T13:34:26.341+0200][202,174s] GC(587) Phase 3: Adjust pointers 146,369ms
[2019-04-15T13:34:26.341+0200][202,174s] GC(587) Phase 4: Move objects
[2019-04-15T13:34:26.440+0200][202,274s] GC(587) Phase 4: Move objects 99,022ms
[2019-04-15T13:34:26.441+0200][202,274s] GC(587) ParNew: 109247K->19244K(109248K)
[2019-04-15T13:34:26.441+0200][202,274s] GC(587) CMS: 393215K->382387K(393216K)
[2019-04-15T13:34:26.441+0200][202,274s] GC(587) Metaspace: 68579K->68579K(1112064K)
[2019-04-15T13:34:26.441+0200][202,274s] GC(587) Pause Full (Allocation Failure) 490M->392M(490M) 558,110ms
[2019-04-15T13:34:26.441+0200][202,274s] GC(587) User=0,55s Sys=0,00s Real=0,56s
[2019-04-15T13:34:26.452+0200][202,286s] GC(588) Pause Initial Mark
[2019-04-15T13:34:26.456+0200][202,290s] GC(588) Pause Initial Mark 400M->400M(490M) 4,033ms
[2019-04-15T13:34:26.457+0200][202,290s] GC(588) User=0,01s Sys=0,00s Real=0,01s
[2019-04-15T13:34:26.457+0200][202,290s] GC(588) Concurrent Mark
[2019-04-15T13:34:26.457+0200][202,290s] GC(588) Using 4 workers of 4 for marking
[2019-04-15T13:34:26.687+0200][202,521s] GC(588) Concurrent Mark 230,604ms
[2019-04-15T13:34:26.687+0200][202,521s] GC(588) User=0,56s Sys=0,00s Real=0,23s
[2019-04-15T13:34:26.687+0200][202,521s] GC(588) Concurrent Preclean
[2019-04-15T13:34:26.894+0200][202,728s] GC(588) Concurrent Preclean 206,482ms
[2019-04-15T13:34:26.894+0200][202,728s] GC(588) User=0,40s Sys=0,00s Real=0,21s
[2019-04-15T13:34:26.894+0200][202,728s] GC(588) Concurrent Abortable Preclean
[2019-04-15T13:34:26.894+0200][202,728s] GC(588) Concurrent Abortable Preclean 0,008ms
[2019-04-15T13:34:26.894+0200][202,728s] GC(588) User=0,00s Sys=0,00s Real=0,00s
[2019-04-15T13:34:26.897+0200][202,731s] GC(588) Pause Remark
[2019-04-15T13:34:26.897+0200][202,731s] GC(589) Pause Young (CMS Final Remark)
[2019-04-15T13:34:26.897+0200][202,731s] GC(589) Using 4 workers of 4 for evacuation
[2019-04-15T13:34:26.898+0200][202,731s] GC(589) ParNew: 108352K->108352K(109248K)
[2019-04-15T13:34:26.898+0200][202,731s] GC(589) CMS: 382387K->382387K(393216K)
[2019-04-15T13:34:26.898+0200][202,731s] GC(589) Metaspace: 68579K->68579K(1112064K)
[2019-04-15T13:34:26.898+0200][202,731s] GC(589) Pause Young (CMS Final Remark) 479M->479M(490M) 0,204ms
[2019-04-15T13:34:26.898+0200][202,731s] GC(589) User=0,00s Sys=0,00s Real=0,00s
[2019-04-15T13:34:27.038+0200][202,872s] GC(588) Pause Remark 479M->479M(490M) 140,779ms
[2019-04-15T13:34:27.038+0200][202,872s] GC(588) User=0,26s Sys=0,00s Real=0,14s
[2019-04-15T13:34:27.038+0200][202,872s] GC(588) Concurrent Sweep
[2019-04-15T13:34:27.315+0200][203,149s] GC(588) Concurrent Sweep 277,265ms
[2019-04-15T13:34:27.315+0200][203,149s] GC(588) User=0,48s Sys=0,02s Real=0,28s
[2019-04-15T13:34:27.316+0200][203,149s] GC(590) Pause Young (Allocation Failure)
[2019-04-15T13:34:27.316+0200][203,149s] GC(590) Using 4 workers of 4 for evacuation
[2019-04-15T13:34:27.316+0200][203,149s] GC(591) Pause Full (Allocation Failure)
[2019-04-15T13:34:27.316+0200][203,150s] GC(591) Phase 1: Mark live objects
[2019-04-15T13:34:27.501+0200][203,335s] GC(591) Phase 1: Mark live objects 185,390ms
[2019-04-15T13:34:27.501+0200][203,335s] GC(591) Phase 2: Compute new object addresses
[2019-04-15T13:34:27.625+0200][203,459s] GC(591) Phase 2: Compute new object addresses 123,925ms
[2019-04-15T13:34:27.625+0200][203,459s] GC(591) Phase 3: Adjust pointers
[2019-04-15T13:34:27.781+0200][203,615s] GC(591) Phase 3: Adjust pointers 155,722ms
[2019-04-15T13:34:27.781+0200][203,615s] GC(591) Phase 4: Move objects
[2019-04-15T13:34:27.783+0200][203,616s] GC(591) Phase 4: Move objects 1,453ms
[2019-04-15T13:34:27.784+0200][203,618s] GC(591) Pause Full (Allocation Failure) 488M->391M(490M) 468,203ms
[2019-04-15T13:34:27.784+0200][203,618s] GC(590) ParNew: 109248K->19198K(109248K)
[2019-04-15T13:34:27.784+0200][203,618s] GC(590) CMS: 391422K->381889K(393216K)
[2019-04-15T13:34:27.784+0200][203,618s] GC(590) Metaspace: 68579K->68579K(1112064K)
[2019-04-15T13:34:27.784+0200][203,618s] GC(590) Pause Young (Allocation Failure) 488M->391M(490M) 468,321ms
[2019-04-15T13:34:27.784+0200][203,618s] GC(590) User=0,47s Sys=0,00s Real=0,46s
[2019-04-15T13:34:27.784+0200][203,618s] GC(588) Old: 382387K->381889K(393216K)
[2019-04-15T13:34:28.135+0200][203,969s] GC(592) Pause Full (Allocation Failure)
[2019-04-15T13:34:28.136+0200][203,970s] GC(592) Phase 1: Mark live objects
[2019-04-15T13:34:28.320+0200][204,153s] GC(592) Phase 1: Mark live objects 183,416ms
[2019-04-15T13:34:28.320+0200][204,154s] GC(592) Phase 2: Compute new object addresses
[2019-04-15T13:34:28.432+0200][204,266s] GC(592) Phase 2: Compute new object addresses 112,302ms
[2019-04-15T13:34:28.432+0200][204,266s] GC(592) Phase 3: Adjust pointers
[2019-04-15T13:34:28.554+0200][204,388s] GC(592) Phase 3: Adjust pointers 121,683ms
[2019-04-15T13:34:28.554+0200][204,388s] GC(592) Phase 4: Move objects
[2019-04-15T13:34:28.554+0200][204,388s] GC(592) Phase 4: Move objects 0,159ms
[2019-04-15T13:34:28.555+0200][204,388s] GC(592) ParNew: 109247K->19224K(109248K)
[2019-04-15T13:34:28.555+0200][204,388s] GC(592) CMS: 393215K->381791K(393216K)
[2019-04-15T13:34:28.555+0200][204,388s] GC(592) Metaspace: 68579K->68579K(1112064K)
[2019-04-15T13:34:28.555+0200][204,388s] GC(592) Pause Full (Allocation Failure) 490M->391M(490M) 419,519ms
[2019-04-15T13:34:28.555+0200][204,388s] GC(592) User=0,42s Sys=0,00s Real=0,42s
[2019-04-15T13:34:28.555+0200][204,389s] GC(593) Pause Initial Mark
[2019-04-15T13:34:28.557+0200][204,391s] GC(593) Pause Initial Mark 393M->393M(490M) 2,020ms
[2019-04-15T13:34:28.557+0200][204,391s] GC(593) User=0,00s Sys=0,00s Real=0,00s
[2019-04-15T13:34:28.557+0200][204,391s] GC(593) Concurrent Mark
[2019-04-15T13:34:28.557+0200][204,391s] GC(593) Using 4 workers of 4 for marking
[2019-04-15T13:34:28.691+0200][204,525s] GC(593) Concurrent Mark 134,290ms
[2019-04-15T13:34:28.691+0200][204,525s] GC(593) User=0,48s Sys=0,00s Real=0,13s
[2019-04-15T13:34:28.691+0200][204,525s] GC(593) Concurrent Preclean
[2019-04-15T13:34:28.875+0200][204,709s] GC(593) Concurrent Preclean 183,588ms
[2019-04-15T13:34:28.875+0200][204,709s] GC(593) User=0,36s Sys=0,00s Real=0,19s
[2019-04-15T13:34:28.875+0200][204,709s] GC(593) Concurrent Abortable Preclean
[2019-04-15T13:34:28.875+0200][204,709s] GC(593) Concurrent Abortable Preclean 0,007ms
[2019-04-15T13:34:28.875+0200][204,709s] GC(593) User=0,00s Sys=0,00s Real=0,00s
[2019-04-15T13:34:28.875+0200][204,709s] GC(593) Pause Remark
[2019-04-15T13:34:28.875+0200][204,709s] GC(594) Pause Young (CMS Final Remark)
[2019-04-15T13:34:28.875+0200][204,709s] GC(594) Using 4 workers of 4 for evacuation
[2019-04-15T13:34:28.875+0200][204,709s] GC(594) ParNew: 109247K->109247K(109248K)
[2019-04-15T13:34:28.875+0200][204,709s] GC(594) CMS: 384337K->384337K(393216K)
[2019-04-15T13:34:28.875+0200][204,709s] GC(594) Metaspace: 68582K->68582K(1112064K)
[2019-04-15T13:34:28.875+0200][204,709s] GC(594) Pause Young (CMS Final Remark) 482M->482M(490M) 0,056ms
[2019-04-15T13:34:28.875+0200][204,709s] GC(594) User=0,00s Sys=0,00s Real=0,00s
[2019-04-15T13:34:28.936+0200][204,770s] GC(593) Pause Remark 482M->482M(490M) 60,788ms
[2019-04-15T13:34:28.936+0200][204,770s] GC(593) User=0,17s Sys=0,00s Real=0,06s
[2019-04-15T13:34:28.936+0200][204,770s] GC(593) Concurrent Sweep
[2019-04-15T13:34:29.119+0200][204,952s] GC(595) Pause Full (Allocation Failure)
[2019-04-15T13:34:29.141+0200][204,975s] GC(593) Concurrent Sweep 204,869ms
[2019-04-15T13:34:29.141+0200][204,975s] GC(593) User=0,36s Sys=0,00s Real=0,20s
[2019-04-15T13:34:29.141+0200][204,975s] GC(595) Phase 1: Mark live objects
[2019-04-15T13:34:29.318+0200][205,151s] GC(595) Phase 1: Mark live objects 176,424ms
[2019-04-15T13:34:29.318+0200][205,151s] GC(595) Phase 2: Compute new object addresses
[2019-04-15T13:34:29.431+0200][205,265s] GC(595) Phase 2: Compute new object addresses 113,875ms
[2019-04-15T13:34:29.432+0200][205,265s] GC(595) Phase 3: Adjust pointers
[2019-04-15T13:34:29.552+0200][205,385s] GC(595) Phase 3: Adjust pointers 119,967ms
[2019-04-15T13:34:29.552+0200][205,385s] GC(595) Phase 4: Move objects
[2019-04-15T13:34:29.553+0200][205,386s] GC(595) Phase 4: Move objects 1,163ms
[2019-04-15T13:34:29.553+0200][205,387s] GC(595) ParNew: 109247K->19201K(109248K)
[2019-04-15T13:34:29.553+0200][205,387s] GC(595) CMS: 392734K->382465K(393216K)
[2019-04-15T13:34:29.553+0200][205,387s] GC(595) Metaspace: 68582K->68582K(1112064K)
[2019-04-15T13:34:29.553+0200][205,387s] GC(595) Pause Full (Allocation Failure) 490M->392M(490M) 434,691ms
[2019-04-15T13:34:29.553+0200][205,387s] GC(595) User=0,43s Sys=0,00s Real=0,44s
[2019-04-15T13:34:29.554+0200][205,387s] GC(593) Old: 381791K->382465K(393216K)
[2019-04-15T13:34:29.833+0200][205,667s] GC(596) Pause Full (Allocation Failure)
[2019-04-15T13:34:29.835+0200][205,668s] GC(596) Phase 1: Mark live objects
[2019-04-15T13:34:29.993+0200][205,827s] GC(596) Phase 1: Mark live objects 158,501ms
[2019-04-15T13:34:29.993+0200][205,827s] GC(596) Phase 2: Compute new object addresses
[2019-04-15T13:34:30.109+0200][205,943s] GC(596) Phase 2: Compute new object addresses 116,426ms
[2019-04-15T13:34:30.110+0200][205,943s] GC(596) Phase 3: Adjust pointers
[2019-04-15T13:34:30.227+0200][206,061s] GC(596) Phase 3: Adjust pointers 117,584ms
[2019-04-15T13:34:30.227+0200][206,061s] GC(596) Phase 4: Move objects
[2019-04-15T13:34:30.229+0200][206,063s] GC(596) Phase 4: Move objects 1,568ms
[2019-04-15T13:34:30.230+0200][206,064s] GC(596) ParNew: 109248K->19239K(109248K)
[2019-04-15T13:34:30.230+0200][206,064s] GC(596) CMS: 393216K->382469K(393216K)
[2019-04-15T13:34:30.230+0200][206,064s] GC(596) Metaspace: 68582K->68582K(1112064K)
[2019-04-15T13:34:30.230+0200][206,064s] GC(596) Pause Full (Allocation Failure) 490M->392M(490M) 396,939ms
[2019-04-15T13:34:30.230+0200][206,064s] GC(596) User=0,39s Sys=0,00s Real=0,39s
[2019-04-15T13:34:30.232+0200][206,066s] GC(597) Pause Initial Mark
[2019-04-15T13:34:30.235+0200][206,069s] GC(597) Pause Initial Mark 393M->393M(490M) 3,061ms
[2019-04-15T13:34:30.235+0200][206,069s] GC(597) User=0,01s Sys=0,00s Real=0,01s
[2019-04-15T13:34:30.235+0200][206,069s] GC(597) Concurrent Mark
[2019-04-15T13:34:30.235+0200][206,069s] GC(597) Using 4 workers of 4 for marking
[2019-04-15T13:34:30.376+0200][206,210s] GC(597) Concurrent Mark 140,886ms
[2019-04-15T13:34:30.376+0200][206,210s] GC(597) User=0,45s Sys=0,00s Real=0,14s
[2019-04-15T13:34:30.376+0200][206,210s] GC(597) Concurrent Preclean
[2019-04-15T13:34:30.645+0200][206,479s] GC(597) Concurrent Preclean 268,724ms
[2019-04-15T13:34:30.645+0200][206,479s] GC(597) User=0,52s Sys=0,00s Real=0,27s
[2019-04-15T13:34:30.645+0200][206,479s] GC(597) Concurrent Abortable Preclean
[2019-04-15T13:34:30.645+0200][206,479s] GC(597) Concurrent Abortable Preclean 0,006ms
[2019-04-15T13:34:30.645+0200][206,479s] GC(597) User=0,00s Sys=0,00s Real=0,00s
[2019-04-15T13:34:30.645+0200][206,479s] GC(597) Pause Remark
[2019-04-15T13:34:30.645+0200][206,479s] GC(598) Pause Young (CMS Final Remark)
[2019-04-15T13:34:30.645+0200][206,479s] GC(598) Using 4 workers of 4 for evacuation
[2019-04-15T13:34:30.645+0200][206,479s] GC(598) ParNew: 109248K->109248K(109248K)
[2019-04-15T13:34:30.645+0200][206,479s] GC(598) CMS: 389723K->389723K(393216K)
[2019-04-15T13:34:30.645+0200][206,479s] GC(598) Metaspace: 68582K->68582K(1112064K)
[2019-04-15T13:34:30.645+0200][206,479s] GC(598) Pause Young (CMS Final Remark) 487M->487M(490M) 0,063ms
[2019-04-15T13:34:30.645+0200][206,479s] GC(598) User=0,00s Sys=0,00s Real=0,00s
[2019-04-15T13:34:30.708+0200][206,541s] GC(597) Pause Remark 487M->487M(490M) 62,526ms
[2019-04-15T13:34:30.708+0200][206,542s] GC(597) User=0,16s Sys=0,00s Real=0,06s
[2019-04-15T13:34:30.708+0200][206,542s] GC(597) Concurrent Sweep
[2019-04-15T13:34:30.776+0200][206,610s] GC(599) Pause Full (Allocation Failure)
[2019-04-15T13:34:30.830+0200][206,664s] GC(597) Concurrent Sweep 122,323ms
[2019-04-15T13:34:30.830+0200][206,664s] GC(597) User=0,19s Sys=0,00s Real=0,12s
[2019-04-15T13:34:30.830+0200][206,664s] GC(599) Phase 1: Mark live objects
[2019-04-15T13:34:30.996+0200][206,829s] GC(599) Phase 1: Mark live objects 165,206ms
[2019-04-15T13:34:30.996+0200][206,829s] GC(599) Phase 2: Compute new object addresses
[2019-04-15T13:34:31.106+0200][206,940s] GC(599) Phase 2: Compute new object addresses 110,054ms
[2019-04-15T13:34:31.106+0200][206,940s] GC(599) Phase 3: Adjust pointers
[2019-04-15T13:34:31.224+0200][207,058s] GC(599) Phase 3: Adjust pointers 118,650ms
[2019-04-15T13:34:31.225+0200][207,058s] GC(599) Phase 4: Move objects
[2019-04-15T13:34:31.227+0200][207,060s] GC(599) Phase 4: Move objects 2,159ms
[2019-04-15T13:34:31.228+0200][207,061s] GC(599) ParNew: 109248K->18434K(109248K)
[2019-04-15T13:34:31.228+0200][207,061s] GC(599) CMS: 393175K->382472K(393216K)
[2019-04-15T13:34:31.228+0200][207,061s] GC(599) Metaspace: 68582K->68582K(1112064K)
[2019-04-15T13:34:31.228+0200][207,061s] GC(599) Pause Full (Allocation Failure) 490M->391M(490M) 451,214ms
[2019-04-15T13:34:31.228+0200][207,061s] GC(599) User=0,45s Sys=0,00s Real=0,45s
[2019-04-15T13:34:31.228+0200][207,062s] GC(597) Old: 382469K->382472K(393216K)
[2019-04-15T13:34:31.516+0200][207,349s] GC(600) Pause Full (Allocation Failure)
[2019-04-15T13:34:31.516+0200][207,350s] GC(600) Phase 1: Mark live objects
[2019-04-15T13:34:31.677+0200][207,511s] GC(600) Phase 1: Mark live objects 160,774ms
[2019-04-15T13:34:31.677+0200][207,511s] GC(600) Phase 2: Compute new object addresses
[2019-04-15T13:34:31.783+0200][207,617s] GC(600) Phase 2: Compute new object addresses 106,333ms
[2019-04-15T13:34:31.783+0200][207,617s] GC(600) Phase 3: Adjust pointers
[2019-04-15T13:34:31.904+0200][207,738s] GC(600) Phase 3: Adjust pointers 120,766ms
[2019-04-15T13:34:31.904+0200][207,738s] GC(600) Phase 4: Move objects
[2019-04-15T13:34:31.905+0200][207,739s] GC(600) Phase 4: Move objects 0,796ms
[2019-04-15T13:34:31.906+0200][207,739s] GC(600) ParNew: 109248K->18665K(109248K)
[2019-04-15T13:34:31.906+0200][207,739s] GC(600) CMS: 393041K->382039K(393216K)
[2019-04-15T13:34:31.906+0200][207,739s] GC(600) Metaspace: 68582K->68582K(1112064K)
[2019-04-15T13:34:31.906+0200][207,739s] GC(600) Pause Full (Allocation Failure) 490M->391M(490M) 390,026ms
[2019-04-15T13:34:31.906+0200][207,739s] GC(600) User=0,39s Sys=0,00s Real=0,39s
[2019-04-15T13:34:31.906+0200][207,740s] GC(601) Pause Initial Mark
[2019-04-15T13:34:31.909+0200][207,743s] GC(601) Pause Initial Mark 393M->393M(490M) 3,048ms
[2019-04-15T13:34:31.909+0200][207,743s] GC(601) User=0,00s Sys=0,00s Real=0,00s
[2019-04-15T13:34:31.909+0200][207,743s] GC(601) Concurrent Mark
[2019-04-15T13:34:31.909+0200][207,743s] GC(601) Using 4 workers of 4 for marking
[2019-04-15T13:34:32.061+0200][207,895s] GC(601) Concurrent Mark 151,880ms
[2019-04-15T13:34:32.061+0200][207,895s] GC(601) User=0,49s Sys=0,00s Real=0,15s
[2019-04-15T13:34:32.061+0200][207,895s] GC(601) Concurrent Preclean
[2019-04-15T13:34:32.307+0200][208,140s] GC(601) Concurrent Preclean 245,620ms
[2019-04-15T13:34:32.307+0200][208,141s] GC(601) User=0,47s Sys=0,01s Real=0,25s
[2019-04-15T13:34:32.307+0200][208,141s] GC(601) Concurrent Abortable Preclean
[2019-04-15T13:34:32.307+0200][208,141s] GC(601) Concurrent Abortable Preclean 0,017ms
[2019-04-15T13:34:32.307+0200][208,141s] GC(601) User=0,00s Sys=0,00s Real=0,00s
[2019-04-15T13:34:32.307+0200][208,141s] GC(601) Pause Remark
[2019-04-15T13:34:32.307+0200][208,141s] GC(602) Pause Young (CMS Final Remark)
[2019-04-15T13:34:32.307+0200][208,141s] GC(602) Using 4 workers of 4 for evacuation
[2019-04-15T13:34:32.307+0200][208,141s] GC(602) ParNew: 109248K->109248K(109248K)
[2019-04-15T13:34:32.307+0200][208,141s] GC(602) CMS: 389093K->389093K(393216K)
[2019-04-15T13:34:32.307+0200][208,141s] GC(602) Metaspace: 68582K->68582K(1112064K)
[2019-04-15T13:34:32.307+0200][208,141s] GC(602) Pause Young (CMS Final Remark) 486M->486M(490M) 0,100ms
[2019-04-15T13:34:32.307+0200][208,141s] GC(602) User=0,00s Sys=0,00s Real=0,00s
[2019-04-15T13:34:32.384+0200][208,218s] GC(601) Pause Remark 486M->486M(490M) 77,223ms
[2019-04-15T13:34:32.384+0200][208,218s] GC(601) User=0,19s Sys=0,00s Real=0,07s
[2019-04-15T13:34:32.385+0200][208,218s] GC(601) Concurrent Sweep
[2019-04-15T13:34:32.462+0200][208,296s] GC(603) Pause Full (Allocation Failure)
[2019-04-15T13:34:32.508+0200][208,342s] GC(601) Concurrent Sweep 123,434ms
[2019-04-15T13:34:32.508+0200][208,342s] GC(601) User=0,19s Sys=0,01s Real=0,13s
[2019-04-15T13:34:32.508+0200][208,342s] GC(603) Phase 1: Mark live objects
[2019-04-15T13:34:32.661+0200][208,494s] GC(603) Phase 1: Mark live objects 152,633ms
[2019-04-15T13:34:32.661+0200][208,495s] GC(603) Phase 2: Compute new object addresses
[2019-04-15T13:34:32.787+0200][208,621s] GC(603) Phase 2: Compute new object addresses 126,494ms
[2019-04-15T13:34:32.787+0200][208,621s] GC(603) Phase 3: Adjust pointers
[2019-04-15T13:34:32.974+0200][208,808s] GC(603) Phase 3: Adjust pointers 186,692ms
[2019-04-15T13:34:32.974+0200][208,808s] GC(603) Phase 4: Move objects
[2019-04-15T13:34:32.976+0200][208,810s] GC(603) Phase 4: Move objects 2,179ms
[2019-04-15T13:34:32.977+0200][208,811s] GC(603) ParNew: 109248K->18735K(109248K)
[2019-04-15T13:34:32.977+0200][208,811s] GC(603) CMS: 392919K->382633K(393216K)
[2019-04-15T13:34:32.977+0200][208,811s] GC(603) Metaspace: 68582K->68582K(1112064K)
[2019-04-15T13:34:32.977+0200][208,811s] GC(603) Pause Full (Allocation Failure) 490M->391M(490M) 515,365ms
[2019-04-15T13:34:32.977+0200][208,811s] GC(603) User=0,52s Sys=0,00s Real=0,52s
[2019-04-15T13:34:32.977+0200][208,811s] GC(601) Old: 382039K->382633K(393216K)
[2019-04-15T13:34:33.291+0200][209,125s] GC(604) Pause Full (Allocation Failure)
[2019-04-15T13:34:33.291+0200][209,125s] GC(604) Phase 1: Mark live objects
[2019-04-15T13:34:33.480+0200][209,313s] GC(604) Phase 1: Mark live objects 188,552ms
[2019-04-15T13:34:33.480+0200][209,314s] GC(604) Phase 2: Compute new object addresses
[2019-04-15T13:34:33.634+0200][209,468s] GC(604) Phase 2: Compute new object addresses 154,374ms
[2019-04-15T13:34:33.634+0200][209,468s] GC(604) Phase 3: Adjust pointers
[2019-04-15T13:34:33.851+0200][209,684s] GC(604) Phase 3: Adjust pointers 216,305ms
[2019-04-15T13:34:33.851+0200][209,684s] GC(604) Phase 4: Move objects
[2019-04-15T13:34:33.851+0200][209,685s] GC(604) Phase 4: Move objects 0,559ms
[2019-04-15T13:34:33.852+0200][209,686s] GC(604) ParNew: 109247K->18774K(109248K)
[2019-04-15T13:34:33.852+0200][209,686s] GC(604) CMS: 393213K->381870K(393216K)
[2019-04-15T13:34:33.852+0200][209,686s] GC(604) Metaspace: 68582K->68582K(1112064K)
[2019-04-15T13:34:33.852+0200][209,686s] GC(604) Pause Full (Allocation Failure) 490M->391M(490M) 561,067ms
[2019-04-15T13:34:33.852+0200][209,686s] GC(604) User=0,56s Sys=0,00s Real=0,56s
[2019-04-15T13:34:33.852+0200][209,686s] GC(605) Pause Initial Mark
[2019-04-15T13:34:33.854+0200][209,688s] GC(605) Pause Initial Mark 392M->392M(490M) 1,788ms
[2019-04-15T13:34:33.854+0200][209,688s] GC(605) User=0,00s Sys=0,00s Real=0,01s
[2019-04-15T13:34:33.854+0200][209,688s] GC(605) Concurrent Mark
[2019-04-15T13:34:33.854+0200][209,688s] GC(605) Using 4 workers of 4 for marking
[2019-04-15T13:34:33.990+0200][209,824s] GC(605) Concurrent Mark 136,373ms
[2019-04-15T13:34:33.990+0200][209,824s] GC(605) User=0,43s Sys=0,00s Real=0,13s
[2019-04-15T13:34:33.990+0200][209,824s] GC(605) Concurrent Preclean
[2019-04-15T13:34:34.199+0200][210,033s] GC(605) Concurrent Preclean 208,625ms
[2019-04-15T13:34:34.199+0200][210,033s] GC(605) User=0,38s Sys=0,00s Real=0,21s
[2019-04-15T13:34:34.199+0200][210,033s] GC(605) Concurrent Abortable Preclean
[2019-04-15T13:34:34.199+0200][210,033s] GC(605) Concurrent Abortable Preclean 0,007ms
[2019-04-15T13:34:34.199+0200][210,033s] GC(605) User=0,00s Sys=0,00s Real=0,00s
[2019-04-15T13:34:34.199+0200][210,033s] GC(605) Pause Remark
[2019-04-15T13:34:34.199+0200][210,033s] GC(606) Pause Young (CMS Final Remark)
[2019-04-15T13:34:34.199+0200][210,033s] GC(606) Using 4 workers of 4 for evacuation
[2019-04-15T13:34:34.199+0200][210,033s] GC(606) ParNew: 106732K->106732K(109248K)
[2019-04-15T13:34:34.199+0200][210,033s] GC(606) CMS: 381870K->381870K(393216K)
[2019-04-15T13:34:34.199+0200][210,033s] GC(606) Metaspace: 68582K->68582K(1112064K)
[2019-04-15T13:34:34.199+0200][210,033s] GC(606) Pause Young (CMS Final Remark) 477M->477M(490M) 0,101ms
[2019-04-15T13:34:34.199+0200][210,033s] GC(606) User=0,00s Sys=0,00s Real=0,00s
[2019-04-15T13:34:34.270+0200][210,104s] GC(605) Pause Remark 477M->477M(490M) 71,128ms
[2019-04-15T13:34:34.270+0200][210,104s] GC(605) User=0,17s Sys=0,01s Real=0,07s
[2019-04-15T13:34:34.270+0200][210,104s] GC(605) Concurrent Sweep
[2019-04-15T13:34:34.470+0200][210,304s] GC(605) Concurrent Sweep 199,970ms
[2019-04-15T13:34:34.471+0200][210,304s] GC(605) User=0,40s Sys=0,00s Real=0,20s
[2019-04-15T13:34:34.471+0200][210,304s] GC(607) Pause Young (Allocation Failure)
[2019-04-15T13:34:34.471+0200][210,304s] GC(607) Using 4 workers of 4 for evacuation
[2019-04-15T13:34:34.471+0200][210,304s] GC(608) Pause Full (Allocation Failure)
[2019-04-15T13:34:34.471+0200][210,305s] GC(608) Phase 1: Mark live objects
[2019-04-15T13:34:34.681+0200][210,515s] GC(608) Phase 1: Mark live objects 209,688ms
[2019-04-15T13:34:34.681+0200][210,515s] GC(608) Phase 2: Compute new object addresses
[2019-04-15T13:34:34.803+0200][210,637s] GC(608) Phase 2: Compute new object addresses 122,343ms
[2019-04-15T13:34:34.803+0200][210,637s] GC(608) Phase 3: Adjust pointers
[2019-04-15T13:34:34.935+0200][210,769s] GC(608) Phase 3: Adjust pointers 131,954ms
[2019-04-15T13:34:34.935+0200][210,769s] GC(608) Phase 4: Move objects
[2019-04-15T13:34:34.936+0200][210,770s] GC(608) Phase 4: Move objects 0,614ms
[2019-04-15T13:34:34.938+0200][210,772s] GC(608) Pause Full (Allocation Failure) 488M->391M(490M) 467,552ms
[2019-04-15T13:34:34.938+0200][210,772s] GC(607) ParNew: 109248K->18940K(109248K)
[2019-04-15T13:34:34.938+0200][210,772s] GC(607) CMS: 390828K->381946K(393216K)
[2019-04-15T13:34:34.938+0200][210,772s] GC(607) Metaspace: 68582K->68582K(1112064K)
[2019-04-15T13:34:34.938+0200][210,772s] GC(607) Pause Young (Allocation Failure) 488M->391M(490M) 467,810ms
[2019-04-15T13:34:34.939+0200][210,772s] GC(607) User=0,46s Sys=0,00s Real=0,47s
[2019-04-15T13:34:34.941+0200][210,775s] GC(605) Old: 381870K->381946K(393216K)
[2019-04-15T13:34:35.264+0200][211,097s] GC(609) Pause Full (Allocation Failure)
[2019-04-15T13:34:35.264+0200][211,098s] GC(609) Phase 1: Mark live objects
[2019-04-15T13:34:35.442+0200][211,275s] GC(609) Phase 1: Mark live objects 177,630ms
[2019-04-15T13:34:35.442+0200][211,275s] GC(609) Phase 2: Compute new object addresses
[2019-04-15T13:34:35.563+0200][211,396s] GC(609) Phase 2: Compute new object addresses 120,930ms
[2019-04-15T13:34:35.563+0200][211,396s] GC(609) Phase 3: Adjust pointers
[2019-04-15T13:34:35.701+0200][211,535s] GC(609) Phase 3: Adjust pointers 138,761ms
[2019-04-15T13:34:35.701+0200][211,535s] GC(609) Phase 4: Move objects
[2019-04-15T13:34:35.702+0200][211,535s] GC(609) Phase 4: Move objects 0,186ms
[2019-04-15T13:34:35.702+0200][211,536s] GC(609) ParNew: 109247K->18913K(109248K)
[2019-04-15T13:34:35.702+0200][211,536s] GC(609) CMS: 393216K->381732K(393216K)
[2019-04-15T13:34:35.702+0200][211,536s] GC(609) Metaspace: 68582K->68582K(1112064K)
[2019-04-15T13:34:35.702+0200][211,536s] GC(609) Pause Full (Allocation Failure) 490M->391M(490M) 438,879ms
[2019-04-15T13:34:35.702+0200][211,536s] GC(609) User=0,44s Sys=0,00s Real=0,44s
[2019-04-15T13:34:35.704+0200][211,538s] GC(610) Pause Initial Mark
[2019-04-15T13:34:35.707+0200][211,541s] GC(610) Pause Initial Mark 392M->392M(490M) 3,292ms
[2019-04-15T13:34:35.707+0200][211,541s] GC(610) User=0,00s Sys=0,00s Real=0,01s
[2019-04-15T13:34:35.708+0200][211,541s] GC(610) Concurrent Mark
[2019-04-15T13:34:35.708+0200][211,541s] GC(610) Using 4 workers of 4 for marking
[2019-04-15T13:34:35.838+0200][211,672s] GC(610) Concurrent Mark 130,535ms
[2019-04-15T13:34:35.838+0200][211,672s] GC(610) User=0,43s Sys=0,00s Real=0,13s
[2019-04-15T13:34:35.838+0200][211,672s] GC(610) Concurrent Preclean
[2019-04-15T13:34:36.055+0200][211,889s] GC(610) Concurrent Preclean 217,321ms
[2019-04-15T13:34:36.056+0200][211,889s] GC(610) User=0,43s Sys=0,00s Real=0,22s
[2019-04-15T13:34:36.056+0200][211,889s] GC(610) Concurrent Abortable Preclean
[2019-04-15T13:34:36.056+0200][211,889s] GC(610) Concurrent Abortable Preclean 0,008ms
[2019-04-15T13:34:36.056+0200][211,889s] GC(610) User=0,00s Sys=0,00s Real=0,00s
[2019-04-15T13:34:36.056+0200][211,889s] GC(610) Pause Remark
[2019-04-15T13:34:36.056+0200][211,890s] GC(611) Pause Young (CMS Final Remark)
[2019-04-15T13:34:36.056+0200][211,890s] GC(611) Using 4 workers of 4 for evacuation
[2019-04-15T13:34:36.056+0200][211,890s] GC(611) ParNew: 101702K->101702K(109248K)
[2019-04-15T13:34:36.056+0200][211,890s] GC(611) CMS: 381732K->381732K(393216K)
[2019-04-15T13:34:36.056+0200][211,890s] GC(611) Metaspace: 68582K->68582K(1112064K)
[2019-04-15T13:34:36.056+0200][211,890s] GC(611) Pause Young (CMS Final Remark) 472M->472M(490M) 0,083ms
[2019-04-15T13:34:36.056+0200][211,890s] GC(611) User=0,00s Sys=0,00s Real=0,00s
[2019-04-15T13:34:36.168+0200][212,002s] GC(610) Pause Remark 472M->472M(490M) 112,145ms
[2019-04-15T13:34:36.168+0200][212,002s] GC(610) User=0,20s Sys=0,00s Real=0,11s
[2019-04-15T13:34:36.168+0200][212,002s] GC(610) Concurrent Sweep
[2019-04-15T13:34:36.314+0200][212,147s] GC(610) Concurrent Sweep 145,730ms
[2019-04-15T13:34:36.314+0200][212,148s] GC(610) User=0,28s Sys=0,01s Real=0,15s
[2019-04-15T13:34:36.314+0200][212,148s] GC(612) Pause Young (Allocation Failure)
[2019-04-15T13:34:36.314+0200][212,148s] GC(612) Using 4 workers of 4 for evacuation
[2019-04-15T13:34:36.314+0200][212,148s] GC(613) Pause Full (Allocation Failure)
[2019-04-15T13:34:36.314+0200][212,148s] GC(613) Phase 1: Mark live objects
[2019-04-15T13:34:36.515+0200][212,348s] GC(613) Phase 1: Mark live objects 200,287ms
[2019-04-15T13:34:36.515+0200][212,348s] GC(613) Phase 2: Compute new object addresses
[2019-04-15T13:34:36.634+0200][212,468s] GC(613) Phase 2: Compute new object addresses 119,810ms
[2019-04-15T13:34:36.634+0200][212,468s] GC(613) Phase 3: Adjust pointers
[2019-04-15T13:34:36.783+0200][212,617s] GC(613) Phase 3: Adjust pointers 148,793ms
[2019-04-15T13:34:36.783+0200][212,617s] GC(613) Phase 4: Move objects
[2019-04-15T13:34:36.785+0200][212,619s] GC(613) Phase 4: Move objects 1,584ms
[2019-04-15T13:34:36.787+0200][212,621s] GC(613) Pause Full (Allocation Failure) 481M->391M(490M) 473,357ms
[2019-04-15T13:34:36.787+0200][212,621s] GC(612) ParNew: 109248K->19620K(109248K)
[2019-04-15T13:34:36.787+0200][212,621s] GC(612) CMS: 383511K->381714K(393216K)
[2019-04-15T13:34:36.787+0200][212,621s] GC(612) Metaspace: 68582K->68582K(1112064K)
[2019-04-15T13:34:36.787+0200][212,621s] GC(612) Pause Young (Allocation Failure) 481M->391M(490M) 473,585ms
[2019-04-15T13:34:36.788+0200][212,621s] GC(612) User=0,47s Sys=0,00s Real=0,47s
[2019-04-15T13:34:36.788+0200][212,622s] GC(610) Old: 381732K->381714K(393216K)
[2019-04-15T13:34:37.363+0200][213,197s] GC(614) Pause Full (Allocation Failure)
[2019-04-15T13:34:37.364+0200][213,197s] GC(614) Phase 1: Mark live objects
[2019-04-15T13:34:37.663+0200][213,497s] GC(614) Phase 1: Mark live objects 299,366ms
[2019-04-15T13:34:37.663+0200][213,497s] GC(614) Phase 2: Compute new object addresses
[2019-04-15T13:34:37.824+0200][213,658s] GC(614) Phase 2: Compute new object addresses 160,773ms
[2019-04-15T13:34:37.824+0200][213,658s] GC(614) Phase 3: Adjust pointers
[2019-04-15T13:34:38.001+0200][213,834s] GC(614) Phase 3: Adjust pointers 176,772ms
[2019-04-15T13:34:38.001+0200][213,834s] GC(614) Phase 4: Move objects
[2019-04-15T13:34:38.002+0200][213,835s] GC(614) Phase 4: Move objects 0,970ms
[2019-04-15T13:34:38.003+0200][213,836s] GC(614) ParNew: 109248K->18934K(109248K)
[2019-04-15T13:34:38.003+0200][213,836s] GC(614) CMS: 393215K->382129K(393216K)
[2019-04-15T13:34:38.003+0200][213,836s] GC(614) Metaspace: 68584K->68584K(1112064K)
[2019-04-15T13:34:38.003+0200][213,836s] GC(614) Pause Full (Allocation Failure) 490M->391M(490M) 639,453ms
[2019-04-15T13:34:38.003+0200][213,836s] GC(614) User=0,62s Sys=0,00s Real=0,64s
[2019-04-15T13:34:38.011+0200][213,845s] GC(615) Pause Initial Mark
[2019-04-15T13:34:38.014+0200][213,847s] GC(615) Pause Initial Mark 396M->396M(490M) 2,731ms
[2019-04-15T13:34:38.014+0200][213,847s] GC(615) User=0,01s Sys=0,00s Real=0,01s
[2019-04-15T13:34:38.014+0200][213,847s] GC(615) Concurrent Mark
[2019-04-15T13:34:38.014+0200][213,847s] GC(615) Using 4 workers of 4 for marking
[2019-04-15T13:34:38.273+0200][214,107s] GC(615) Concurrent Mark 259,483ms
[2019-04-15T13:34:38.273+0200][214,107s] GC(615) User=0,55s Sys=0,00s Real=0,26s
[2019-04-15T13:34:38.273+0200][214,107s] GC(615) Concurrent Preclean
[2019-04-15T13:34:38.655+0200][214,489s] GC(615) Concurrent Preclean 381,545ms
[2019-04-15T13:34:38.655+0200][214,489s] GC(615) User=0,65s Sys=0,00s Real=0,38s
[2019-04-15T13:34:38.656+0200][214,489s] GC(615) Concurrent Abortable Preclean
[2019-04-15T13:34:38.656+0200][214,489s] GC(615) Concurrent Abortable Preclean 0,048ms
[2019-04-15T13:34:38.656+0200][214,489s] GC(615) User=0,00s Sys=0,00s Real=0,00s
[2019-04-15T13:34:38.656+0200][214,490s] GC(615) Pause Remark
[2019-04-15T13:34:38.656+0200][214,490s] GC(616) Pause Young (CMS Final Remark)
[2019-04-15T13:34:38.656+0200][214,490s] GC(616) Using 4 workers of 4 for evacuation
[2019-04-15T13:34:38.656+0200][214,490s] GC(616) ParNew: 109248K->109248K(109248K)
[2019-04-15T13:34:38.656+0200][214,490s] GC(616) CMS: 386844K->386844K(393216K)
[2019-04-15T13:34:38.656+0200][214,490s] GC(616) Metaspace: 68584K->68584K(1112064K)
[2019-04-15T13:34:38.656+0200][214,490s] GC(616) Pause Young (CMS Final Remark) 484M->484M(490M) 0,108ms
[2019-04-15T13:34:38.656+0200][214,490s] GC(616) User=0,00s Sys=0,00s Real=0,00s
[2019-04-15T13:34:38.848+0200][214,682s] GC(615) Pause Remark 484M->484M(490M) 192,105ms
[2019-04-15T13:34:38.848+0200][214,682s] GC(615) User=0,25s Sys=0,00s Real=0,19s
[2019-04-15T13:34:38.848+0200][214,682s] GC(615) Concurrent Sweep
[2019-04-15T13:34:39.119+0200][214,953s] GC(617) Pause Full (Allocation Failure)
[2019-04-15T13:34:39.162+0200][214,996s] GC(615) Concurrent Sweep 313,777ms
[2019-04-15T13:34:39.162+0200][214,996s] GC(615) User=0,36s Sys=0,00s Real=0,31s
[2019-04-15T13:34:39.162+0200][214,996s] GC(617) Phase 1: Mark live objects
[2019-04-15T13:34:39.480+0200][215,314s] GC(617) Phase 1: Mark live objects 317,416ms
[2019-04-15T13:34:39.480+0200][215,314s] GC(617) Phase 2: Compute new object addresses
[2019-04-15T13:34:39.873+0200][215,706s] GC(617) Phase 2: Compute new object addresses 392,610ms
[2019-04-15T13:34:39.873+0200][215,707s] GC(617) Phase 3: Adjust pointers
[2019-04-15T13:34:40.385+0200][216,219s] GC(617) Phase 3: Adjust pointers 511,875ms
[2019-04-15T13:34:40.385+0200][216,219s] GC(617) Phase 4: Move objects
[2019-04-15T13:34:40.386+0200][216,220s] GC(617) Phase 4: Move objects 1,254ms
[2019-04-15T13:34:40.387+0200][216,221s] GC(617) ParNew: 109248K->18831K(109248K)
[2019-04-15T13:34:40.387+0200][216,221s] GC(617) CMS: 393121K->382242K(393216K)
[2019-04-15T13:34:40.387+0200][216,221s] GC(617) Metaspace: 68584K->68584K(1112064K)
[2019-04-15T13:34:40.387+0200][216,221s] GC(617) Pause Full (Allocation Failure) 490M->391M(490M) 1267,879ms
[2019-04-15T13:34:40.387+0200][216,221s] GC(617) User=0,71s Sys=0,01s Real=1,27s
[2019-04-15T13:34:40.388+0200][216,221s] GC(615) Old: 382129K->382242K(393216K)
[2019-04-15T13:34:41.132+0200][216,965s] GC(618) Pause Full (Allocation Failure)
[2019-04-15T13:34:41.132+0200][216,966s] GC(618) Phase 1: Mark live objects
[2019-04-15T13:34:41.399+0200][217,232s] GC(618) Phase 1: Mark live objects 266,563ms
[2019-04-15T13:34:41.399+0200][217,233s] GC(618) Phase 2: Compute new object addresses
[2019-04-15T13:34:41.599+0200][217,432s] GC(618) Phase 2: Compute new object addresses 199,935ms
[2019-04-15T13:34:41.599+0200][217,433s] GC(618) Phase 3: Adjust pointers
[2019-04-15T13:34:41.811+0200][217,645s] GC(618) Phase 3: Adjust pointers 212,537ms
[2019-04-15T13:34:41.811+0200][217,645s] GC(618) Phase 4: Move objects
[2019-04-15T13:34:41.812+0200][217,646s] GC(618) Phase 4: Move objects 0,778ms
[2019-04-15T13:34:41.813+0200][217,647s] GC(618) ParNew: 109248K->19221K(109248K)
[2019-04-15T13:34:41.813+0200][217,647s] GC(618) CMS: 393214K->382045K(393216K)
[2019-04-15T13:34:41.813+0200][217,647s] GC(618) Metaspace: 68584K->68584K(1112064K)
[2019-04-15T13:34:41.813+0200][217,647s] GC(618) Pause Full (Allocation Failure) 490M->391M(490M) 681,383ms
[2019-04-15T13:34:41.813+0200][217,647s] GC(618) User=0,66s Sys=0,00s Real=0,69s
[2019-04-15T13:34:41.820+0200][217,653s] GC(619) Pause Initial Mark
[2019-04-15T13:34:41.824+0200][217,658s] GC(619) Pause Initial Mark 395M->395M(490M) 4,622ms
[2019-04-15T13:34:41.824+0200][217,658s] GC(619) User=0,01s Sys=0,00s Real=0,00s
[2019-04-15T13:34:41.824+0200][217,658s] GC(619) Concurrent Mark
[2019-04-15T13:34:41.824+0200][217,658s] GC(619) Using 4 workers of 4 for marking
[2019-04-15T13:34:42.008+0200][217,842s] GC(619) Concurrent Mark 183,709ms
[2019-04-15T13:34:42.008+0200][217,842s] GC(619) User=0,48s Sys=0,00s Real=0,19s
[2019-04-15T13:34:42.008+0200][217,842s] GC(619) Concurrent Preclean
[2019-04-15T13:34:42.273+0200][218,107s] GC(619) Concurrent Preclean 265,055ms
[2019-04-15T13:34:42.273+0200][218,107s] GC(619) User=0,45s Sys=0,00s Real=0,27s
[2019-04-15T13:34:42.273+0200][218,107s] GC(619) Concurrent Abortable Preclean
[2019-04-15T13:34:42.273+0200][218,107s] GC(619) Concurrent Abortable Preclean 0,007ms
[2019-04-15T13:34:42.273+0200][218,107s] GC(619) User=0,00s Sys=0,00s Real=0,00s
[2019-04-15T13:34:42.274+0200][218,107s] GC(619) Pause Remark
[2019-04-15T13:34:42.274+0200][218,107s] GC(620) Pause Young (CMS Final Remark)
[2019-04-15T13:34:42.274+0200][218,107s] GC(620) Using 4 workers of 4 for evacuation
[2019-04-15T13:34:42.274+0200][218,107s] GC(620) ParNew: 100112K->100112K(109248K)
[2019-04-15T13:34:42.274+0200][218,107s] GC(620) CMS: 382045K->382045K(393216K)
[2019-04-15T13:34:42.274+0200][218,107s] GC(620) Metaspace: 68584K->68584K(1112064K)
[2019-04-15T13:34:42.274+0200][218,107s] GC(620) Pause Young (CMS Final Remark) 470M->470M(490M) 0,088ms
[2019-04-15T13:34:42.274+0200][218,107s] GC(620) User=0,00s Sys=0,00s Real=0,00s
[2019-04-15T13:34:42.361+0200][218,195s] GC(619) Pause Remark 470M->470M(490M) 87,829ms
[2019-04-15T13:34:42.361+0200][218,195s] GC(619) User=0,18s Sys=0,00s Real=0,08s
[2019-04-15T13:34:42.362+0200][218,195s] GC(619) Concurrent Sweep
[2019-04-15T13:34:42.578+0200][218,412s] GC(619) Concurrent Sweep 216,595ms
[2019-04-15T13:34:42.578+0200][218,412s] GC(619) User=0,41s Sys=0,01s Real=0,22s
[2019-04-15T13:34:42.578+0200][218,412s] GC(621) Pause Young (Allocation Failure)
[2019-04-15T13:34:42.578+0200][218,412s] GC(621) Using 4 workers of 4 for evacuation
[2019-04-15T13:34:42.579+0200][218,412s] GC(622) Pause Full (Allocation Failure)
[2019-04-15T13:34:42.579+0200][218,413s] GC(622) Phase 1: Mark live objects
[2019-04-15T13:34:42.834+0200][218,668s] GC(622) Phase 1: Mark live objects 255,142ms
[2019-04-15T13:34:42.834+0200][218,668s] GC(622) Phase 2: Compute new object addresses
[2019-04-15T13:34:42.977+0200][218,811s] GC(622) Phase 2: Compute new object addresses 143,359ms
[2019-04-15T13:34:42.977+0200][218,811s] GC(622) Phase 3: Adjust pointers
[2019-04-15T13:34:43.123+0200][218,957s] GC(622) Phase 3: Adjust pointers 145,842ms
[2019-04-15T13:34:43.123+0200][218,957s] GC(622) Phase 4: Move objects
[2019-04-15T13:34:43.124+0200][218,958s] GC(622) Phase 4: Move objects 0,738ms
[2019-04-15T13:34:43.126+0200][218,960s] GC(622) Pause Full (Allocation Failure) 485M->391M(490M) 547,413ms
[2019-04-15T13:34:43.126+0200][218,960s] GC(621) ParNew: 109247K->19445K(109248K)
[2019-04-15T13:34:43.126+0200][218,960s] GC(621) CMS: 388307K->381869K(393216K)
[2019-04-15T13:34:43.126+0200][218,960s] GC(621) Metaspace: 68584K->68584K(1112064K)
[2019-04-15T13:34:43.126+0200][218,960s] GC(621) Pause Young (Allocation Failure) 485M->391M(490M) 547,582ms
[2019-04-15T13:34:43.126+0200][218,960s] GC(621) User=0,54s Sys=0,00s Real=0,55s
[2019-04-15T13:34:43.129+0200][218,962s] GC(619) Old: 382045K->381869K(393216K)
[2019-04-15T13:34:43.480+0200][219,314s] GC(623) Pause Full (Allocation Failure)
[2019-04-15T13:34:43.481+0200][219,314s] GC(623) Phase 1: Mark live objects
[2019-04-15T13:34:43.670+0200][219,504s] GC(623) Phase 1: Mark live objects 189,586ms
[2019-04-15T13:34:43.670+0200][219,504s] GC(623) Phase 2: Compute new object addresses
[2019-04-15T13:34:43.801+0200][219,635s] GC(623) Phase 2: Compute new object addresses 130,876ms
[2019-04-15T13:34:43.801+0200][219,635s] GC(623) Phase 3: Adjust pointers
[2019-04-15T13:34:43.946+0200][219,780s] GC(623) Phase 3: Adjust pointers 144,895ms
[2019-04-15T13:34:43.946+0200][219,780s] GC(623) Phase 4: Move objects
[2019-04-15T13:34:43.949+0200][219,783s] GC(623) Phase 4: Move objects 2,642ms
[2019-04-15T13:34:43.950+0200][219,784s] GC(623) ParNew: 109248K->19580K(109248K)
[2019-04-15T13:34:43.950+0200][219,784s] GC(623) CMS: 393215K->382380K(393216K)
[2019-04-15T13:34:43.950+0200][219,784s] GC(623) Metaspace: 68588K->68588K(1112064K)
[2019-04-15T13:34:43.950+0200][219,784s] GC(623) Pause Full (Allocation Failure) 490M->392M(490M) 469,999ms
[2019-04-15T13:34:43.950+0200][219,784s] GC(623) User=0,46s Sys=0,00s Real=0,47s
[2019-04-15T13:34:43.951+0200][219,784s] GC(624) Pause Initial Mark
[2019-04-15T13:34:43.953+0200][219,787s] GC(624) Pause Initial Mark 394M->394M(490M) 2,619ms
[2019-04-15T13:34:43.953+0200][219,787s] GC(624) User=0,01s Sys=0,00s Real=0,01s
[2019-04-15T13:34:43.953+0200][219,787s] GC(624) Concurrent Mark
[2019-04-15T13:34:43.953+0200][219,787s] GC(624) Using 4 workers of 4 for marking
[2019-04-15T13:34:44.145+0200][219,979s] GC(624) Concurrent Mark 192,165ms
[2019-04-15T13:34:44.146+0200][219,979s] GC(624) User=0,47s Sys=0,00s Real=0,19s
[2019-04-15T13:34:44.146+0200][219,979s] GC(624) Concurrent Preclean
[2019-04-15T13:34:44.346+0200][220,180s] GC(624) Concurrent Preclean 200,535ms
[2019-04-15T13:34:44.346+0200][220,180s] GC(624) User=0,38s Sys=0,00s Real=0,20s
[2019-04-15T13:34:44.346+0200][220,180s] GC(624) Concurrent Abortable Preclean
[2019-04-15T13:34:44.346+0200][220,180s] GC(624) Concurrent Abortable Preclean 0,007ms
[2019-04-15T13:34:44.346+0200][220,180s] GC(624) User=0,00s Sys=0,00s Real=0,00s
[2019-04-15T13:34:44.347+0200][220,180s] GC(624) Pause Remark
[2019-04-15T13:34:44.347+0200][220,180s] GC(625) Pause Young (CMS Final Remark)
[2019-04-15T13:34:44.347+0200][220,180s] GC(625) Using 4 workers of 4 for evacuation
[2019-04-15T13:34:44.347+0200][220,181s] GC(625) ParNew: 99304K->99304K(109248K)
[2019-04-15T13:34:44.347+0200][220,181s] GC(625) CMS: 382380K->382380K(393216K)
[2019-04-15T13:34:44.347+0200][220,181s] GC(625) Metaspace: 68588K->68588K(1112064K)
[2019-04-15T13:34:44.347+0200][220,181s] GC(625) Pause Young (CMS Final Remark) 470M->470M(490M) 0,350ms
[2019-04-15T13:34:44.347+0200][220,181s] GC(625) User=0,00s Sys=0,00s Real=0,00s
[2019-04-15T13:34:44.441+0200][220,274s] GC(624) Pause Remark 470M->470M(490M) 94,098ms
[2019-04-15T13:34:44.441+0200][220,274s] GC(624) User=0,17s Sys=0,01s Real=0,09s
[2019-04-15T13:34:44.441+0200][220,275s] GC(624) Concurrent Sweep
[2019-04-15T13:34:44.559+0200][220,393s] GC(624) Concurrent Sweep 118,304ms
[2019-04-15T13:34:44.559+0200][220,393s] GC(624) User=0,23s Sys=0,00s Real=0,12s
[2019-04-15T13:34:44.559+0200][220,393s] GC(626) Pause Young (Allocation Failure)
[2019-04-15T13:34:44.559+0200][220,393s] GC(626) Using 4 workers of 4 for evacuation
[2019-04-15T13:34:44.559+0200][220,393s] GC(627) Pause Full (Allocation Failure)
[2019-04-15T13:34:44.560+0200][220,393s] GC(627) Phase 1: Mark live objects
[2019-04-15T13:34:44.745+0200][220,579s] GC(627) Phase 1: Mark live objects 185,707ms
[2019-04-15T13:34:44.745+0200][220,579s] GC(627) Phase 2: Compute new object addresses
[2019-04-15T13:34:44.870+0200][220,704s] GC(627) Phase 2: Compute new object addresses 124,892ms
[2019-04-15T13:34:44.870+0200][220,704s] GC(627) Phase 3: Adjust pointers
[2019-04-15T13:34:45.011+0200][220,845s] GC(627) Phase 3: Adjust pointers 141,026ms
[2019-04-15T13:34:45.011+0200][220,845s] GC(627) Phase 4: Move objects
[2019-04-15T13:34:45.013+0200][220,847s] GC(627) Phase 4: Move objects 2,002ms
[2019-04-15T13:34:45.016+0200][220,850s] GC(627) Pause Full (Allocation Failure) 480M->392M(490M) 457,093ms
[2019-04-15T13:34:45.017+0200][220,850s] GC(626) ParNew: 109248K->20301K(109248K)
[2019-04-15T13:34:45.017+0200][220,850s] GC(626) CMS: 383015K->381723K(393216K)
[2019-04-15T13:34:45.017+0200][220,850s] GC(626) Metaspace: 68588K->68588K(1112064K)
[2019-04-15T13:34:45.017+0200][220,850s] GC(626) Pause Young (Allocation Failure) 480M->392M(490M) 457,466ms
[2019-04-15T13:34:45.017+0200][220,850s] GC(626) User=0,46s Sys=0,00s Real=0,46s
[2019-04-15T13:34:45.027+0200][220,861s] GC(624) Old: 382380K->381723K(393216K)
[2019-04-15T13:34:45.451+0200][221,285s] GC(628) Pause Full (Allocation Failure)
[2019-04-15T13:34:45.452+0200][221,286s] GC(628) Phase 1: Mark live objects
[2019-04-15T13:34:45.642+0200][221,475s] GC(628) Phase 1: Mark live objects 189,694ms
[2019-04-15T13:34:45.642+0200][221,476s] GC(628) Phase 2: Compute new object addresses
[2019-04-15T13:34:45.770+0200][221,604s] GC(628) Phase 2: Compute new object addresses 128,294ms
[2019-04-15T13:34:45.770+0200][221,604s] GC(628) Phase 3: Adjust pointers
[2019-04-15T13:34:45.911+0200][221,745s] GC(628) Phase 3: Adjust pointers 141,055ms
[2019-04-15T13:34:45.911+0200][221,745s] GC(628) Phase 4: Move objects
[2019-04-15T13:34:45.914+0200][221,748s] GC(628) Phase 4: Move objects 2,345ms
[2019-04-15T13:34:45.916+0200][221,750s] GC(628) ParNew: 109247K->20061K(109248K)
[2019-04-15T13:34:45.917+0200][221,750s] GC(628) CMS: 393216K->382070K(393216K)
[2019-04-15T13:34:45.917+0200][221,750s] GC(628) Metaspace: 68588K->68588K(1112064K)
[2019-04-15T13:34:45.917+0200][221,750s] GC(628) Pause Full (Allocation Failure) 490M->392M(490M) 465,373ms
[2019-04-15T13:34:45.917+0200][221,750s] GC(628) User=0,46s Sys=0,00s Real=0,47s
[2019-04-15T13:34:45.917+0200][221,751s] GC(629) Pause Initial Mark
[2019-04-15T13:34:45.921+0200][221,754s] GC(629) Pause Initial Mark 394M->394M(490M) 3,362ms
[2019-04-15T13:34:45.921+0200][221,755s] GC(629) User=0,00s Sys=0,01s Real=0,00s
[2019-04-15T13:34:45.921+0200][221,755s] GC(629) Concurrent Mark
[2019-04-15T13:34:45.921+0200][221,755s] GC(629) Using 4 workers of 4 for marking
[2019-04-15T13:34:46.161+0200][221,995s] GC(629) Concurrent Mark 240,164ms
[2019-04-15T13:34:46.161+0200][221,995s] GC(629) User=0,52s Sys=0,00s Real=0,24s
[2019-04-15T13:34:46.162+0200][221,995s] GC(629) Concurrent Preclean
[2019-04-15T13:34:46.403+0200][222,237s] GC(629) Concurrent Preclean 241,711ms
[2019-04-15T13:34:46.403+0200][222,237s] GC(629) User=0,45s Sys=0,01s Real=0,24s
[2019-04-15T13:34:46.403+0200][222,237s] GC(629) Concurrent Abortable Preclean
[2019-04-15T13:34:46.403+0200][222,237s] GC(629) Concurrent Abortable Preclean 0,009ms
[2019-04-15T13:34:46.403+0200][222,237s] GC(629) User=0,00s Sys=0,00s Real=0,00s
[2019-04-15T13:34:46.403+0200][222,237s] GC(629) Pause Remark
[2019-04-15T13:34:46.403+0200][222,237s] GC(630) Pause Young (CMS Final Remark)
[2019-04-15T13:34:46.403+0200][222,237s] GC(630) Using 4 workers of 4 for evacuation
[2019-04-15T13:34:46.404+0200][222,237s] GC(630) ParNew: 108914K->108914K(109248K)
[2019-04-15T13:34:46.404+0200][222,237s] GC(630) CMS: 382070K->382070K(393216K)
[2019-04-15T13:34:46.404+0200][222,237s] GC(630) Metaspace: 68588K->68588K(1112064K)
[2019-04-15T13:34:46.404+0200][222,237s] GC(630) Pause Young (CMS Final Remark) 479M->479M(490M) 0,057ms
[2019-04-15T13:34:46.404+0200][222,237s] GC(630) User=0,00s Sys=0,00s Real=0,00s
[2019-04-15T13:34:46.518+0200][222,352s] GC(629) Pause Remark 479M->479M(490M) 114,343ms
[2019-04-15T13:34:46.518+0200][222,352s] GC(629) User=0,24s Sys=0,00s Real=0,12s
[2019-04-15T13:34:46.518+0200][222,352s] GC(629) Concurrent Sweep
[2019-04-15T13:34:46.722+0200][222,556s] GC(629) Concurrent Sweep 204,370ms
[2019-04-15T13:34:46.722+0200][222,556s] GC(629) User=0,38s Sys=0,01s Real=0,20s
[2019-04-15T13:34:46.723+0200][222,556s] GC(631) Pause Young (Allocation Failure)
[2019-04-15T13:34:46.723+0200][222,556s] GC(631) Using 4 workers of 4 for evacuation
[2019-04-15T13:34:46.723+0200][222,556s] GC(632) Pause Full (Allocation Failure)
[2019-04-15T13:34:46.724+0200][222,557s] GC(632) Phase 1: Mark live objects
[2019-04-15T13:34:46.928+0200][222,762s] GC(632) Phase 1: Mark live objects 204,626ms
[2019-04-15T13:34:46.928+0200][222,762s] GC(632) Phase 2: Compute new object addresses
[2019-04-15T13:34:47.069+0200][222,903s] GC(632) Phase 2: Compute new object addresses 140,715ms
[2019-04-15T13:34:47.069+0200][222,903s] GC(632) Phase 3: Adjust pointers
[2019-04-15T13:34:47.225+0200][223,058s] GC(632) Phase 3: Adjust pointers 155,534ms
[2019-04-15T13:34:47.225+0200][223,058s] GC(632) Phase 4: Move objects
[2019-04-15T13:34:47.226+0200][223,060s] GC(632) Phase 4: Move objects 1,168ms
[2019-04-15T13:34:47.227+0200][223,061s] GC(632) Pause Full (Allocation Failure) 486M->392M(490M) 504,154ms
[2019-04-15T13:34:47.227+0200][223,061s] GC(631) ParNew: 109248K->19458K(109248K)
[2019-04-15T13:34:47.227+0200][223,061s] GC(631) CMS: 388944K->381983K(393216K)
[2019-04-15T13:34:47.227+0200][223,061s] GC(631) Metaspace: 68588K->68588K(1112064K)
[2019-04-15T13:34:47.227+0200][223,061s] GC(631) Pause Young (Allocation Failure) 486M->392M(490M) 504,314ms
[2019-04-15T13:34:47.227+0200][223,061s] GC(631) User=0,50s Sys=0,00s Real=0,51s
[2019-04-15T13:34:47.227+0200][223,061s] GC(629) Old: 382070K->381983K(393216K)
[2019-04-15T13:34:47.304+0200][223,137s] GC(633) Pause Full (Allocation Failure)
[2019-04-15T13:34:47.304+0200][223,138s] GC(633) Phase 1: Mark live objects
[2019-04-15T13:34:47.513+0200][223,346s] GC(633) Phase 1: Mark live objects 208,424ms
[2019-04-15T13:34:47.513+0200][223,346s] GC(633) Phase 2: Compute new object addresses
[2019-04-15T13:34:47.646+0200][223,480s] GC(633) Phase 2: Compute new object addresses 133,762ms
[2019-04-15T13:34:47.646+0200][223,480s] GC(633) Phase 3: Adjust pointers
[2019-04-15T13:34:47.807+0200][223,641s] GC(633) Phase 3: Adjust pointers 160,645ms
[2019-04-15T13:34:47.807+0200][223,641s] GC(633) Phase 4: Move objects
[2019-04-15T13:34:47.808+0200][223,642s] GC(633) Phase 4: Move objects 0,775ms
[2019-04-15T13:34:47.809+0200][223,642s] GC(633) ParNew: 69268K->20124K(109248K)
[2019-04-15T13:34:47.809+0200][223,642s] GC(633) CMS: 381983K->381613K(393216K)
[2019-04-15T13:34:47.809+0200][223,642s] GC(633) Metaspace: 68588K->68588K(1112064K)
[2019-04-15T13:34:47.809+0200][223,642s] GC(633) Pause Full (Allocation Failure) 440M->392M(490M) 504,886ms
[2019-04-15T13:34:47.809+0200][223,642s] GC(633) User=0,50s Sys=0,00s Real=0,51s
[2019-04-15T13:34:47.816+0200][223,650s] GC(634) Pause Initial Mark
[2019-04-15T13:34:47.822+0200][223,656s] GC(634) Pause Initial Mark 424M->424M(490M) 5,966ms
[2019-04-15T13:34:47.822+0200][223,656s] GC(634) User=0,01s Sys=0,00s Real=0,00s
[2019-04-15T13:34:47.822+0200][223,656s] GC(634) Concurrent Mark
[2019-04-15T13:34:47.822+0200][223,656s] GC(634) Using 4 workers of 4 for marking
[2019-04-15T13:34:48.089+0200][223,923s] GC(634) Concurrent Mark 267,140ms
[2019-04-15T13:34:48.089+0200][223,923s] GC(634) User=0,60s Sys=0,00s Real=0,27s
[2019-04-15T13:34:48.089+0200][223,923s] GC(634) Concurrent Preclean
[2019-04-15T13:34:48.466+0200][224,300s] GC(635) Pause Full (Allocation Failure)
[2019-04-15T13:34:48.538+0200][224,372s] GC(634) Concurrent Preclean 448,373ms
[2019-04-15T13:34:48.538+0200][224,372s] GC(634) User=0,76s Sys=0,02s Real=0,45s
[2019-04-15T13:34:48.538+0200][224,372s] GC(635) Phase 1: Mark live objects
[2019-04-15T13:34:48.722+0200][224,556s] GC(635) Phase 1: Mark live objects 183,996ms
[2019-04-15T13:34:48.722+0200][224,556s] GC(635) Phase 2: Compute new object addresses
[2019-04-15T13:34:48.842+0200][224,676s] GC(635) Phase 2: Compute new object addresses 119,899ms
[2019-04-15T13:34:48.842+0200][224,676s] GC(635) Phase 3: Adjust pointers
[2019-04-15T13:34:48.985+0200][224,819s] GC(635) Phase 3: Adjust pointers 143,132ms
[2019-04-15T13:34:48.985+0200][224,819s] GC(635) Phase 4: Move objects
[2019-04-15T13:34:48.994+0200][224,828s] GC(635) Phase 4: Move objects 9,189ms
[2019-04-15T13:34:48.995+0200][224,829s] GC(635) ParNew: 109247K->32959K(109248K)
[2019-04-15T13:34:48.995+0200][224,829s] GC(635) CMS: 393215K->385108K(393216K)
[2019-04-15T13:34:48.995+0200][224,829s] GC(635) Metaspace: 68595K->68595K(1112064K)
[2019-04-15T13:34:48.995+0200][224,829s] GC(635) Pause Full (Allocation Failure) 490M->408M(490M) 528,968ms
[2019-04-15T13:34:48.995+0200][224,829s] GC(635) User=0,53s Sys=0,00s Real=0,53s
[2019-04-15T13:34:49.330+0200][225,164s] GC(636) Pause Full (Allocation Failure)
[2019-04-15T13:34:49.331+0200][225,165s] GC(636) Phase 1: Mark live objects
[2019-04-15T13:34:49.519+0200][225,353s] GC(636) Phase 1: Mark live objects 188,124ms
[2019-04-15T13:34:49.519+0200][225,353s] GC(636) Phase 2: Compute new object addresses
[2019-04-15T13:34:49.645+0200][225,479s] GC(636) Phase 2: Compute new object addresses 125,721ms
[2019-04-15T13:34:49.645+0200][225,479s] GC(636) Phase 3: Adjust pointers
[2019-04-15T13:34:49.789+0200][225,623s] GC(636) Phase 3: Adjust pointers 144,154ms
[2019-04-15T13:34:49.789+0200][225,623s] GC(636) Phase 4: Move objects
[2019-04-15T13:34:49.791+0200][225,625s] GC(636) Phase 4: Move objects 2,002ms
[2019-04-15T13:34:49.792+0200][225,626s] GC(636) ParNew: 109248K->32999K(109248K)
[2019-04-15T13:34:49.792+0200][225,626s] GC(636) CMS: 393207K->385158K(393216K)
[2019-04-15T13:34:49.792+0200][225,626s] GC(636) Metaspace: 68596K->68596K(1112064K)
[2019-04-15T13:34:49.792+0200][225,626s] GC(636) Pause Full (Allocation Failure) 490M->408M(490M) 461,711ms
[2019-04-15T13:34:49.792+0200][225,626s] GC(636) User=0,46s Sys=0,00s Real=0,46s
[2019-04-15T13:34:49.794+0200][225,628s] GC(637) Pause Initial Mark
[2019-04-15T13:34:49.796+0200][225,629s] GC(637) Pause Initial Mark 413M->413M(490M) 1,246ms
[2019-04-15T13:34:49.796+0200][225,629s] GC(637) User=0,01s Sys=0,00s Real=0,00s
[2019-04-15T13:34:49.796+0200][225,629s] GC(637) Concurrent Mark
[2019-04-15T13:34:49.796+0200][225,629s] GC(637) Using 4 workers of 4 for marking
[2019-04-15T13:34:49.978+0200][225,812s] GC(637) Concurrent Mark 182,384ms
[2019-04-15T13:34:49.978+0200][225,812s] GC(637) User=0,45s Sys=0,00s Real=0,18s
[2019-04-15T13:34:49.978+0200][225,812s] GC(637) Concurrent Preclean
[2019-04-15T13:34:50.376+0200][226,210s] GC(637) Concurrent Preclean 397,922ms
[2019-04-15T13:34:50.376+0200][226,210s] GC(637) User=0,74s Sys=0,01s Real=0,40s
[2019-04-15T13:34:50.376+0200][226,210s] GC(637) Concurrent Abortable Preclean
[2019-04-15T13:34:50.376+0200][226,210s] GC(637) Concurrent Abortable Preclean 0,008ms
[2019-04-15T13:34:50.376+0200][226,210s] GC(637) User=0,00s Sys=0,00s Real=0,00s
[2019-04-15T13:34:50.376+0200][226,210s] GC(637) Pause Remark
[2019-04-15T13:34:50.376+0200][226,210s] GC(638) Pause Young (CMS Final Remark)
[2019-04-15T13:34:50.376+0200][226,210s] GC(638) Using 4 workers of 4 for evacuation
[2019-04-15T13:34:50.376+0200][226,210s] GC(638) ParNew: 109248K->109248K(109248K)
[2019-04-15T13:34:50.376+0200][226,210s] GC(638) CMS: 391587K->391587K(393216K)
[2019-04-15T13:34:50.376+0200][226,210s] GC(638) Metaspace: 68596K->68596K(1112064K)
[2019-04-15T13:34:50.376+0200][226,210s] GC(638) Pause Young (CMS Final Remark) 489M->489M(490M) 0,059ms
[2019-04-15T13:34:50.376+0200][226,210s] GC(638) User=0,00s Sys=0,00s Real=0,00s
[2019-04-15T13:34:50.465+0200][226,299s] GC(637) Pause Remark 489M->489M(490M) 88,903ms
[2019-04-15T13:34:50.465+0200][226,299s] GC(637) User=0,20s Sys=0,00s Real=0,09s
[2019-04-15T13:34:50.465+0200][226,299s] GC(637) Concurrent Sweep
[2019-04-15T13:34:50.502+0200][226,336s] GC(639) Pause Full (Allocation Failure)
[2019-04-15T13:34:50.564+0200][226,397s] GC(637) Concurrent Sweep 98,407ms
[2019-04-15T13:34:50.564+0200][226,398s] GC(637) User=0,12s Sys=0,01s Real=0,09s
[2019-04-15T13:34:50.564+0200][226,398s] GC(639) Phase 1: Mark live objects
[2019-04-15T13:34:50.750+0200][226,584s] GC(639) Phase 1: Mark live objects 185,869ms
[2019-04-15T13:34:50.750+0200][226,584s] GC(639) Phase 2: Compute new object addresses
[2019-04-15T13:34:50.875+0200][226,709s] GC(639) Phase 2: Compute new object addresses 125,454ms
[2019-04-15T13:34:50.876+0200][226,709s] GC(639) Phase 3: Adjust pointers
[2019-04-15T13:34:51.028+0200][226,862s] GC(639) Phase 3: Adjust pointers 152,692ms
[2019-04-15T13:34:51.028+0200][226,862s] GC(639) Phase 4: Move objects
[2019-04-15T13:34:51.031+0200][226,865s] GC(639) Phase 4: Move objects 2,571ms
[2019-04-15T13:34:51.034+0200][226,867s] GC(639) ParNew: 109248K->33001K(109248K)
[2019-04-15T13:34:51.034+0200][226,867s] GC(639) CMS: 392983K->384839K(393216K)
[2019-04-15T13:34:51.034+0200][226,867s] GC(639) Metaspace: 68596K->68596K(1112064K)
[2019-04-15T13:34:51.034+0200][226,867s] GC(639) Pause Full (Allocation Failure) 490M->408M(490M) 531,408ms
[2019-04-15T13:34:51.034+0200][226,868s] GC(639) User=0,51s Sys=0,00s Real=0,54s
[2019-04-15T13:34:51.034+0200][226,868s] GC(637) Old: 385158K->384839K(393216K)
[2019-04-15T13:34:51.458+0200][227,292s] GC(640) Pause Full (Allocation Failure)
[2019-04-15T13:34:51.459+0200][227,292s] GC(640) Phase 1: Mark live objects
[2019-04-15T13:34:51.672+0200][227,506s] GC(640) Phase 1: Mark live objects 213,508ms
[2019-04-15T13:34:51.672+0200][227,506s] GC(640) Phase 2: Compute new object addresses
[2019-04-15T13:34:51.805+0200][227,639s] GC(640) Phase 2: Compute new object addresses 132,958ms
[2019-04-15T13:34:51.805+0200][227,639s] GC(640) Phase 3: Adjust pointers
[2019-04-15T13:34:51.968+0200][227,802s] GC(640) Phase 3: Adjust pointers 162,701ms
[2019-04-15T13:34:51.968+0200][227,802s] GC(640) Phase 4: Move objects
[2019-04-15T13:34:51.969+0200][227,802s] GC(640) Phase 4: Move objects 0,808ms
[2019-04-15T13:34:51.969+0200][227,803s] GC(640) ParNew: 109248K->33036K(109248K)
[2019-04-15T13:34:51.969+0200][227,803s] GC(640) CMS: 393202K->384868K(393216K)
[2019-04-15T13:34:51.969+0200][227,803s] GC(640) Metaspace: 68601K->68601K(1112064K)
[2019-04-15T13:34:51.969+0200][227,803s] GC(640) Pause Full (Allocation Failure) 490M->408M(490M) 511,174ms
[2019-04-15T13:34:51.969+0200][227,803s] GC(640) User=0,50s Sys=0,00s Real=0,51s
[2019-04-15T13:34:51.970+0200][227,803s] GC(641) Pause Initial Mark
[2019-04-15T13:34:51.970+0200][227,804s] GC(641) Pause Initial Mark 409M->409M(490M) 0,348ms
[2019-04-15T13:34:51.970+0200][227,804s] GC(641) User=0,00s Sys=0,00s Real=0,00s
[2019-04-15T13:34:51.970+0200][227,804s] GC(641) Concurrent Mark
[2019-04-15T13:34:51.970+0200][227,804s] GC(641) Using 4 workers of 4 for marking
[2019-04-15T13:34:52.181+0200][228,015s] GC(641) Concurrent Mark 211,003ms
[2019-04-15T13:34:52.181+0200][228,015s] GC(641) User=0,49s Sys=0,01s Real=0,21s
[2019-04-15T13:34:52.181+0200][228,015s] GC(641) Concurrent Preclean
[2019-04-15T13:34:52.354+0200][228,187s] GC(641) Concurrent Preclean 172,514ms
[2019-04-15T13:34:52.354+0200][228,187s] GC(641) User=0,33s Sys=0,00s Real=0,18s
[2019-04-15T13:34:52.354+0200][228,187s] GC(641) Concurrent Abortable Preclean
[2019-04-15T13:34:52.354+0200][228,187s] GC(641) Concurrent Abortable Preclean 0,008ms
[2019-04-15T13:34:52.354+0200][228,187s] GC(641) User=0,00s Sys=0,00s Real=0,00s
[2019-04-15T13:34:52.354+0200][228,188s] GC(641) Pause Remark
[2019-04-15T13:34:52.354+0200][228,188s] GC(642) Pause Young (CMS Final Remark)
[2019-04-15T13:34:52.354+0200][228,188s] GC(642) Using 4 workers of 4 for evacuation
[2019-04-15T13:34:52.354+0200][228,188s] GC(642) ParNew: 103043K->103043K(109248K)
[2019-04-15T13:34:52.354+0200][228,188s] GC(642) CMS: 384868K->384868K(393216K)
[2019-04-15T13:34:52.354+0200][228,188s] GC(642) Metaspace: 68601K->68601K(1112064K)
[2019-04-15T13:34:52.354+0200][228,188s] GC(642) Pause Young (CMS Final Remark) 476M->476M(490M) 0,063ms
[2019-04-15T13:34:52.354+0200][228,188s] GC(642) User=0,00s Sys=0,00s Real=0,00s
[2019-04-15T13:34:52.447+0200][228,281s] GC(641) Pause Remark 476M->476M(490M) 93,352ms
[2019-04-15T13:34:52.447+0200][228,281s] GC(641) User=0,17s Sys=0,00s Real=0,09s
[2019-04-15T13:34:52.447+0200][228,281s] GC(641) Concurrent Sweep
[2019-04-15T13:34:52.548+0200][228,382s] GC(641) Concurrent Sweep 101,028ms
[2019-04-15T13:34:52.548+0200][228,382s] GC(641) User=0,19s Sys=0,00s Real=0,10s
[2019-04-15T13:34:52.548+0200][228,382s] GC(643) Pause Young (Allocation Failure)
[2019-04-15T13:34:52.548+0200][228,382s] GC(643) Using 4 workers of 4 for evacuation
[2019-04-15T13:34:52.548+0200][228,382s] GC(644) Pause Full (Allocation Failure)
[2019-04-15T13:34:52.549+0200][228,382s] GC(644) Phase 1: Mark live objects
[2019-04-15T13:34:52.740+0200][228,573s] GC(644) Phase 1: Mark live objects 190,761ms
[2019-04-15T13:34:52.740+0200][228,573s] GC(644) Phase 2: Compute new object addresses
[2019-04-15T13:34:52.869+0200][228,702s] GC(644) Phase 2: Compute new object addresses 129,106ms
[2019-04-15T13:34:52.869+0200][228,702s] GC(644) Phase 3: Adjust pointers
[2019-04-15T13:34:53.039+0200][228,873s] GC(644) Phase 3: Adjust pointers 169,969ms
[2019-04-15T13:34:53.039+0200][228,873s] GC(644) Phase 4: Move objects
[2019-04-15T13:34:53.040+0200][228,873s] GC(644) Phase 4: Move objects 0,587ms
[2019-04-15T13:34:53.040+0200][228,874s] GC(644) Pause Full (Allocation Failure) 483M->407M(490M) 491,997ms
[2019-04-15T13:34:53.040+0200][228,874s] GC(643) ParNew: 109248K->33286K(109248K)
[2019-04-15T13:34:53.040+0200][228,874s] GC(643) CMS: 385581K->384406K(393216K)
[2019-04-15T13:34:53.040+0200][228,874s] GC(643) Metaspace: 68601K->68601K(1112064K)
[2019-04-15T13:34:53.040+0200][228,874s] GC(643) Pause Young (Allocation Failure) 483M->407M(490M) 492,091ms
[2019-04-15T13:34:53.041+0200][228,874s] GC(643) User=0,49s Sys=0,00s Real=0,49s
[2019-04-15T13:34:53.041+0200][228,874s] GC(641) Old: 384868K->384406K(393216K)
[2019-04-15T13:34:53.378+0200][229,212s] GC(645) Pause Full (Allocation Failure)
[2019-04-15T13:34:53.378+0200][229,212s] GC(645) Phase 1: Mark live objects
[2019-04-15T13:34:53.580+0200][229,414s] GC(645) Phase 1: Mark live objects 202,006ms
[2019-04-15T13:34:53.580+0200][229,414s] GC(645) Phase 2: Compute new object addresses
[2019-04-15T13:34:53.719+0200][229,553s] GC(645) Phase 2: Compute new object addresses 139,143ms
[2019-04-15T13:34:53.720+0200][229,553s] GC(645) Phase 3: Adjust pointers
[2019-04-15T13:34:53.882+0200][229,716s] GC(645) Phase 3: Adjust pointers 162,754ms
[2019-04-15T13:34:53.882+0200][229,716s] GC(645) Phase 4: Move objects
[2019-04-15T13:34:53.883+0200][229,717s] GC(645) Phase 4: Move objects 0,877ms
[2019-04-15T13:34:53.884+0200][229,718s] GC(645) ParNew: 109247K->33115K(109248K)
[2019-04-15T13:34:53.884+0200][229,718s] GC(645) CMS: 393215K->384358K(393216K)
[2019-04-15T13:34:53.884+0200][229,718s] GC(645) Metaspace: 68601K->68601K(1112064K)
[2019-04-15T13:34:53.884+0200][229,718s] GC(645) Pause Full (Allocation Failure) 490M->407M(490M) 506,238ms
[2019-04-15T13:34:53.884+0200][229,718s] GC(645) User=0,50s Sys=0,00s Real=0,50s
[2019-04-15T13:34:53.884+0200][229,718s] GC(646) Pause Initial Mark
[2019-04-15T13:34:53.885+0200][229,718s] GC(646) Pause Initial Mark 409M->409M(490M) 0,414ms
[2019-04-15T13:34:53.885+0200][229,718s] GC(646) User=0,01s Sys=0,00s Real=0,00s
[2019-04-15T13:34:53.885+0200][229,718s] GC(646) Concurrent Mark
[2019-04-15T13:34:53.885+0200][229,718s] GC(646) Using 4 workers of 4 for marking
[2019-04-15T13:34:54.102+0200][229,935s] GC(646) Concurrent Mark 217,004ms
[2019-04-15T13:34:54.102+0200][229,935s] GC(646) User=0,52s Sys=0,00s Real=0,22s
[2019-04-15T13:34:54.102+0200][229,936s] GC(646) Concurrent Preclean
[2019-04-15T13:34:54.301+0200][230,135s] GC(646) Concurrent Preclean 199,152ms
[2019-04-15T13:34:54.301+0200][230,135s] GC(646) User=0,37s Sys=0,00s Real=0,20s
[2019-04-15T13:34:54.301+0200][230,135s] GC(646) Concurrent Abortable Preclean
[2019-04-15T13:34:54.301+0200][230,135s] GC(646) Concurrent Abortable Preclean 0,018ms
[2019-04-15T13:34:54.301+0200][230,135s] GC(646) User=0,00s Sys=0,00s Real=0,00s
[2019-04-15T13:34:54.301+0200][230,135s] GC(646) Pause Remark
[2019-04-15T13:34:54.301+0200][230,135s] GC(647) Pause Young (CMS Final Remark)
[2019-04-15T13:34:54.301+0200][230,135s] GC(647) Using 4 workers of 4 for evacuation
[2019-04-15T13:34:54.301+0200][230,135s] GC(647) ParNew: 101570K->101570K(109248K)
[2019-04-15T13:34:54.301+0200][230,135s] GC(647) CMS: 384358K->384358K(393216K)
[2019-04-15T13:34:54.301+0200][230,135s] GC(647) Metaspace: 68601K->68601K(1112064K)
[2019-04-15T13:34:54.301+0200][230,135s] GC(647) Pause Young (CMS Final Remark) 474M->474M(490M) 0,057ms
[2019-04-15T13:34:54.301+0200][230,135s] GC(647) User=0,00s Sys=0,00s Real=0,00s
[2019-04-15T13:34:54.384+0200][230,218s] GC(646) Pause Remark 474M->474M(490M) 82,772ms
[2019-04-15T13:34:54.384+0200][230,218s] GC(646) User=0,17s Sys=0,00s Real=0,08s
[2019-04-15T13:34:54.384+0200][230,218s] GC(646) Concurrent Sweep
[2019-04-15T13:34:54.462+0200][230,296s] GC(646) Concurrent Sweep 78,446ms
[2019-04-15T13:34:54.463+0200][230,296s] GC(646) User=0,15s Sys=0,00s Real=0,08s
[2019-04-15T13:34:54.463+0200][230,296s] GC(646) Concurrent Reset
[2019-04-15T13:34:54.463+0200][230,297s] GC(646) Concurrent Reset 0,372ms
[2019-04-15T13:34:54.463+0200][230,297s] GC(646) User=0,00s Sys=0,00s Real=0,00s
[2019-04-15T13:34:54.463+0200][230,297s] GC(646) Old: 384358K->384353K(393216K)
[2019-04-15T13:34:54.478+0200][230,312s] GC(648) Pause Young (Allocation Failure)
[2019-04-15T13:34:54.478+0200][230,312s] GC(648) Using 4 workers of 4 for evacuation
[2019-04-15T13:34:54.478+0200][230,312s] GC(649) Pause Full (Allocation Failure)
[2019-04-15T13:34:54.479+0200][230,313s] GC(649) Phase 1: Mark live objects
[2019-04-15T13:34:54.686+0200][230,520s] GC(649) Phase 1: Mark live objects 207,478ms
[2019-04-15T13:34:54.686+0200][230,520s] GC(649) Phase 2: Compute new object addresses
[2019-04-15T13:34:54.813+0200][230,647s] GC(649) Phase 2: Compute new object addresses 126,542ms
[2019-04-15T13:34:54.813+0200][230,647s] GC(649) Phase 3: Adjust pointers
[2019-04-15T13:34:54.970+0200][230,803s] GC(649) Phase 3: Adjust pointers 156,635ms
[2019-04-15T13:34:54.970+0200][230,803s] GC(649) Phase 4: Move objects
[2019-04-15T13:34:54.971+0200][230,804s] GC(649) Phase 4: Move objects 0,786ms
[2019-04-15T13:34:54.971+0200][230,805s] GC(649) Pause Full (Allocation Failure) 482M->408M(490M) 493,029ms
[2019-04-15T13:34:54.971+0200][230,805s] GC(648) ParNew: 109247K->34158K(109248K)
[2019-04-15T13:34:54.971+0200][230,805s] GC(648) CMS: 384353K->384298K(393216K)
[2019-04-15T13:34:54.971+0200][230,805s] GC(648) Metaspace: 68601K->68601K(1112064K)
[2019-04-15T13:34:54.971+0200][230,805s] GC(648) Pause Young (Allocation Failure) 482M->408M(490M) 493,199ms
[2019-04-15T13:34:54.971+0200][230,805s] GC(648) User=0,49s Sys=0,00s Real=0,49s
[2019-04-15T13:34:54.973+0200][230,807s] GC(650) Pause Initial Mark
[2019-04-15T13:34:54.976+0200][230,810s] GC(650) Pause Initial Mark 411M->411M(490M) 2,574ms
[2019-04-15T13:34:54.976+0200][230,810s] GC(650) User=0,01s Sys=0,00s Real=0,00s
[2019-04-15T13:34:54.976+0200][230,810s] GC(650) Concurrent Mark
[2019-04-15T13:34:54.976+0200][230,810s] GC(650) Using 4 workers of 4 for marking
[2019-04-15T13:34:55.213+0200][231,047s] GC(650) Concurrent Mark 236,668ms
[2019-04-15T13:34:55.213+0200][231,047s] GC(650) User=0,57s Sys=0,01s Real=0,24s
[2019-04-15T13:34:55.213+0200][231,047s] GC(650) Concurrent Preclean
[2019-04-15T13:34:55.629+0200][231,462s] GC(651) Pause Full (Allocation Failure)
[2019-04-15T13:34:55.637+0200][231,471s] GC(650) Concurrent Preclean 423,762ms
[2019-04-15T13:34:55.637+0200][231,471s] GC(650) User=0,78s Sys=0,01s Real=0,42s
[2019-04-15T13:34:55.637+0200][231,471s] GC(651) Phase 1: Mark live objects
[2019-04-15T13:34:55.827+0200][231,661s] GC(651) Phase 1: Mark live objects 189,932ms
[2019-04-15T13:34:55.827+0200][231,661s] GC(651) Phase 2: Compute new object addresses
[2019-04-15T13:34:55.949+0200][231,783s] GC(651) Phase 2: Compute new object addresses 122,171ms
[2019-04-15T13:34:55.949+0200][231,783s] GC(651) Phase 3: Adjust pointers
[2019-04-15T13:34:56.105+0200][231,938s] GC(651) Phase 3: Adjust pointers 155,324ms
[2019-04-15T13:34:56.105+0200][231,938s] GC(651) Phase 4: Move objects
[2019-04-15T13:34:56.111+0200][231,944s] GC(651) Phase 4: Move objects 6,007ms
[2019-04-15T13:34:56.112+0200][231,946s] GC(651) ParNew: 109248K->34163K(109248K)
[2019-04-15T13:34:56.112+0200][231,946s] GC(651) CMS: 393215K->385114K(393216K)
[2019-04-15T13:34:56.112+0200][231,946s] GC(651) Metaspace: 68601K->68601K(1112064K)
[2019-04-15T13:34:56.112+0200][231,946s] GC(651) Pause Full (Allocation Failure) 490M->409M(490M) 483,503ms
[2019-04-15T13:34:56.112+0200][231,946s] GC(651) User=0,48s Sys=0,00s Real=0,48s
[2019-04-15T13:34:56.444+0200][232,278s] GC(652) Pause Full (Allocation Failure)
[2019-04-15T13:34:56.445+0200][232,279s] GC(652) Phase 1: Mark live objects
[2019-04-15T13:34:56.633+0200][232,467s] GC(652) Phase 1: Mark live objects 187,992ms
[2019-04-15T13:34:56.633+0200][232,467s] GC(652) Phase 2: Compute new object addresses
[2019-04-15T13:34:56.755+0200][232,588s] GC(652) Phase 2: Compute new object addresses 121,833ms
[2019-04-15T13:34:56.755+0200][232,588s] GC(652) Phase 3: Adjust pointers
[2019-04-15T13:34:56.895+0200][232,728s] GC(652) Phase 3: Adjust pointers 140,054ms
[2019-04-15T13:34:56.895+0200][232,729s] GC(652) Phase 4: Move objects
[2019-04-15T13:34:56.895+0200][232,729s] GC(652) Phase 4: Move objects 0,698ms
[2019-04-15T13:34:56.896+0200][232,730s] GC(652) ParNew: 109248K->34194K(109248K)
[2019-04-15T13:34:56.896+0200][232,730s] GC(652) CMS: 393029K->384879K(393216K)
[2019-04-15T13:34:56.896+0200][232,730s] GC(652) Metaspace: 68601K->68601K(1112064K)
[2019-04-15T13:34:56.896+0200][232,730s] GC(652) Pause Full (Allocation Failure) 490M->409M(490M) 451,945ms
[2019-04-15T13:34:56.896+0200][232,730s] GC(652) User=0,45s Sys=0,00s Real=0,46s
[2019-04-15T13:34:56.910+0200][232,743s] GC(653) Pause Initial Mark
[2019-04-15T13:34:56.913+0200][232,746s] GC(653) Pause Initial Mark 420M->420M(490M) 2,878ms
[2019-04-15T13:34:56.913+0200][232,746s] GC(653) User=0,01s Sys=0,00s Real=0,00s
[2019-04-15T13:34:56.913+0200][232,746s] GC(653) Concurrent Mark
[2019-04-15T13:34:56.913+0200][232,746s] GC(653) Using 4 workers of 4 for marking
[2019-04-15T13:34:57.142+0200][232,976s] GC(653) Concurrent Mark 229,651ms
[2019-04-15T13:34:57.142+0200][232,976s] GC(653) User=0,52s Sys=0,01s Real=0,23s
[2019-04-15T13:34:57.142+0200][232,976s] GC(653) Concurrent Preclean
[2019-04-15T13:34:57.493+0200][233,327s] GC(653) Concurrent Preclean 350,945ms
[2019-04-15T13:34:57.493+0200][233,327s] GC(653) User=0,62s Sys=0,01s Real=0,36s
[2019-04-15T13:34:57.493+0200][233,327s] GC(653) Concurrent Abortable Preclean
[2019-04-15T13:34:57.493+0200][233,327s] GC(653) Concurrent Abortable Preclean 0,007ms
[2019-04-15T13:34:57.493+0200][233,327s] GC(653) User=0,00s Sys=0,00s Real=0,00s
[2019-04-15T13:34:57.494+0200][233,327s] GC(653) Pause Remark
[2019-04-15T13:34:57.494+0200][233,327s] GC(654) Pause Young (CMS Final Remark)
[2019-04-15T13:34:57.494+0200][233,327s] GC(654) Using 4 workers of 4 for evacuation
[2019-04-15T13:34:57.494+0200][233,327s] GC(654) ParNew: 109247K->109247K(109248K)
[2019-04-15T13:34:57.494+0200][233,327s] GC(654) CMS: 387610K->387610K(393216K)
[2019-04-15T13:34:57.494+0200][233,327s] GC(654) Metaspace: 68602K->68602K(1112064K)
[2019-04-15T13:34:57.494+0200][233,327s] GC(654) Pause Young (CMS Final Remark) 485M->485M(490M) 0,086ms
[2019-04-15T13:34:57.494+0200][233,327s] GC(654) User=0,00s Sys=0,00s Real=0,00s
[2019-04-15T13:34:57.585+0200][233,418s] GC(653) Pause Remark 485M->485M(490M) 90,952ms
[2019-04-15T13:34:57.585+0200][233,418s] GC(653) User=0,19s Sys=0,01s Real=0,08s
[2019-04-15T13:34:57.585+0200][233,418s] GC(653) Concurrent Sweep
[2019-04-15T13:34:57.747+0200][233,580s] GC(655) Pause Full (Allocation Failure)
[2019-04-15T13:34:57.774+0200][233,608s] GC(653) Concurrent Sweep 189,341ms
[2019-04-15T13:34:57.774+0200][233,608s] GC(653) User=0,31s Sys=0,01s Real=0,20s
[2019-04-15T13:34:57.775+0200][233,608s] GC(655) Phase 1: Mark live objects
[2019-04-15T13:34:57.978+0200][233,811s] GC(655) Phase 1: Mark live objects 203,019ms
[2019-04-15T13:34:57.978+0200][233,811s] GC(655) Phase 2: Compute new object addresses
[2019-04-15T13:34:58.123+0200][233,957s] GC(655) Phase 2: Compute new object addresses 145,757ms
[2019-04-15T13:34:58.123+0200][233,957s] GC(655) Phase 3: Adjust pointers
[2019-04-15T13:34:58.260+0200][234,093s] GC(655) Phase 3: Adjust pointers 136,236ms
[2019-04-15T13:34:58.260+0200][234,094s] GC(655) Phase 4: Move objects
[2019-04-15T13:34:58.263+0200][234,097s] GC(655) Phase 4: Move objects 3,082ms
[2019-04-15T13:34:58.265+0200][234,099s] GC(655) ParNew: 109247K->34305K(109248K)
[2019-04-15T13:34:58.265+0200][234,099s] GC(655) CMS: 393212K->384196K(393216K)
[2019-04-15T13:34:58.266+0200][234,099s] GC(655) Metaspace: 68602K->68602K(1112064K)
[2019-04-15T13:34:58.266+0200][234,099s] GC(655) Pause Full (Allocation Failure) 490M->408M(490M) 519,081ms
[2019-04-15T13:34:58.266+0200][234,099s] GC(655) User=0,51s Sys=0,00s Real=0,52s
[2019-04-15T13:34:58.266+0200][234,100s] GC(653) Old: 384879K->384196K(393216K)
[2019-04-15T13:34:58.602+0200][234,436s] GC(656) Pause Full (Allocation Failure)
[2019-04-15T13:34:58.603+0200][234,436s] GC(656) Phase 1: Mark live objects
[2019-04-15T13:34:58.802+0200][234,636s] GC(656) Phase 1: Mark live objects 199,152ms
[2019-04-15T13:34:58.802+0200][234,636s] GC(656) Phase 2: Compute new object addresses
[2019-04-15T13:34:58.934+0200][234,768s] GC(656) Phase 2: Compute new object addresses 132,366ms
[2019-04-15T13:34:58.934+0200][234,768s] GC(656) Phase 3: Adjust pointers
[2019-04-15T13:34:59.108+0200][234,942s] GC(656) Phase 3: Adjust pointers 173,784ms
[2019-04-15T13:34:59.108+0200][234,942s] GC(656) Phase 4: Move objects
[2019-04-15T13:34:59.109+0200][234,942s] GC(656) Phase 4: Move objects 0,531ms
[2019-04-15T13:34:59.109+0200][234,943s] GC(656) ParNew: 109248K->34435K(109248K)
[2019-04-15T13:34:59.109+0200][234,943s] GC(656) CMS: 393214K->384140K(393216K)
[2019-04-15T13:34:59.109+0200][234,943s] GC(656) Metaspace: 68602K->68602K(1112064K)
[2019-04-15T13:34:59.109+0200][234,943s] GC(656) Pause Full (Allocation Failure) 490M->408M(490M) 507,046ms
[2019-04-15T13:34:59.109+0200][234,943s] GC(656) User=0,50s Sys=0,00s Real=0,51s
[2019-04-15T13:34:59.113+0200][234,946s] GC(657) Pause Initial Mark
[2019-04-15T13:34:59.116+0200][234,949s] GC(657) Pause Initial Mark 413M->413M(490M) 2,945ms
[2019-04-15T13:34:59.116+0200][234,949s] GC(657) User=0,01s Sys=0,00s Real=0,01s
[2019-04-15T13:34:59.116+0200][234,949s] GC(657) Concurrent Mark
[2019-04-15T13:34:59.116+0200][234,949s] GC(657) Using 4 workers of 4 for marking
[2019-04-15T13:34:59.341+0200][235,175s] GC(657) Concurrent Mark 225,273ms
[2019-04-15T13:34:59.341+0200][235,175s] GC(657) User=0,59s Sys=0,00s Real=0,22s
[2019-04-15T13:34:59.341+0200][235,175s] GC(657) Concurrent Preclean
[2019-04-15T13:34:59.535+0200][235,369s] GC(657) Concurrent Preclean 194,151ms
[2019-04-15T13:34:59.536+0200][235,369s] GC(657) User=0,38s Sys=0,00s Real=0,20s
[2019-04-15T13:34:59.536+0200][235,369s] GC(657) Concurrent Abortable Preclean
[2019-04-15T13:34:59.536+0200][235,369s] GC(657) Concurrent Abortable Preclean 0,016ms
[2019-04-15T13:34:59.536+0200][235,369s] GC(657) User=0,00s Sys=0,00s Real=0,00s
[2019-04-15T13:34:59.536+0200][235,370s] GC(657) Pause Remark
[2019-04-15T13:34:59.536+0200][235,370s] GC(658) Pause Young (CMS Final Remark)
[2019-04-15T13:34:59.536+0200][235,370s] GC(658) Using 4 workers of 4 for evacuation
[2019-04-15T13:34:59.536+0200][235,370s] GC(658) ParNew: 109248K->109248K(109248K)
[2019-04-15T13:34:59.536+0200][235,370s] GC(658) CMS: 384408K->384408K(393216K)
[2019-04-15T13:34:59.536+0200][235,370s] GC(658) Metaspace: 68602K->68602K(1112064K)
[2019-04-15T13:34:59.536+0200][235,370s] GC(658) Pause Young (CMS Final Remark) 482M->482M(490M) 0,244ms
[2019-04-15T13:34:59.536+0200][235,370s] GC(658) User=0,00s Sys=0,00s Real=0,00s
[2019-04-15T13:34:59.602+0200][235,436s] GC(657) Pause Remark 482M->482M(490M) 66,162ms
[2019-04-15T13:34:59.602+0200][235,436s] GC(657) User=0,13s Sys=0,00s Real=0,06s
[2019-04-15T13:34:59.602+0200][235,436s] GC(657) Concurrent Sweep
[2019-04-15T13:34:59.808+0200][235,641s] GC(657) Concurrent Sweep 205,074ms
[2019-04-15T13:34:59.808+0200][235,641s] GC(657) User=0,37s Sys=0,00s Real=0,21s
[2019-04-15T13:34:59.808+0200][235,641s] GC(657) Concurrent Reset
[2019-04-15T13:34:59.808+0200][235,642s] GC(659) Pause Young (Allocation Failure)
[2019-04-15T13:34:59.808+0200][235,642s] GC(659) Using 4 workers of 4 for evacuation
[2019-04-15T13:34:59.808+0200][235,642s] GC(660) Pause Full (Allocation Failure)
[2019-04-15T13:34:59.808+0200][235,642s] GC(657) Concurrent Reset 0,723ms
[2019-04-15T13:34:59.808+0200][235,642s] GC(657) User=0,00s Sys=0,00s Real=0,00s
[2019-04-15T13:34:59.808+0200][235,642s] GC(657) Old: 384140K->392777K(393216K)
[2019-04-15T13:34:59.809+0200][235,642s] GC(660) Phase 1: Mark live objects
[2019-04-15T13:35:00.060+0200][235,894s] GC(660) Phase 1: Mark live objects 251,465ms
[2019-04-15T13:35:00.060+0200][235,894s] GC(660) Phase 2: Compute new object addresses
[2019-04-15T13:35:00.203+0200][236,037s] GC(660) Phase 2: Compute new object addresses 142,955ms
[2019-04-15T13:35:00.203+0200][236,037s] GC(660) Phase 3: Adjust pointers
[2019-04-15T13:35:00.359+0200][236,193s] GC(660) Phase 3: Adjust pointers 156,421ms
[2019-04-15T13:35:00.359+0200][236,193s] GC(660) Phase 4: Move objects
[2019-04-15T13:35:00.361+0200][236,195s] GC(660) Phase 4: Move objects 1,464ms
[2019-04-15T13:35:00.362+0200][236,195s] GC(660) Pause Full (Allocation Failure) 490M->409M(490M) 553,768ms
[2019-04-15T13:35:00.362+0200][236,195s] GC(659) ParNew: 109248K->34389K(109248K)
[2019-04-15T13:35:00.362+0200][236,195s] GC(659) CMS: 392777K->384439K(393216K)
[2019-04-15T13:35:00.362+0200][236,195s] GC(659) Metaspace: 68602K->68602K(1112064K)
[2019-04-15T13:35:00.362+0200][236,195s] GC(659) Pause Young (Allocation Failure) 490M->409M(490M) 553,866ms
[2019-04-15T13:35:00.362+0200][236,195s] GC(659) User=0,55s Sys=0,00s Real=0,55s
[2019-04-15T13:35:00.715+0200][236,549s] GC(661) Pause Full (Allocation Failure)
[2019-04-15T13:35:00.715+0200][236,549s] GC(661) Phase 1: Mark live objects
[2019-04-15T13:35:00.927+0200][236,760s] GC(661) Phase 1: Mark live objects 211,206ms
[2019-04-15T13:35:00.927+0200][236,760s] GC(661) Phase 2: Compute new object addresses
[2019-04-15T13:35:01.063+0200][236,897s] GC(661) Phase 2: Compute new object addresses 136,063ms
[2019-04-15T13:35:01.063+0200][236,897s] GC(661) Phase 3: Adjust pointers
[2019-04-15T13:35:01.229+0200][237,063s] GC(661) Phase 3: Adjust pointers 166,607ms
[2019-04-15T13:35:01.230+0200][237,063s] GC(661) Phase 4: Move objects
[2019-04-15T13:35:01.231+0200][237,065s] GC(661) Phase 4: Move objects 1,234ms
[2019-04-15T13:35:01.232+0200][237,065s] GC(661) ParNew: 109247K->34428K(109248K)
[2019-04-15T13:35:01.232+0200][237,065s] GC(661) CMS: 393215K->383778K(393216K)
[2019-04-15T13:35:01.232+0200][237,065s] GC(661) Metaspace: 68602K->68602K(1112064K)
[2019-04-15T13:35:01.232+0200][237,065s] GC(661) Pause Full (Allocation Failure) 490M->408M(490M) 516,914ms
[2019-04-15T13:35:01.232+0200][237,066s] GC(661) User=0,50s Sys=0,01s Real=0,51s
[2019-04-15T13:35:01.240+0200][237,074s] GC(662) Pause Initial Mark
[2019-04-15T13:35:01.242+0200][237,076s] GC(662) Pause Initial Mark 414M->414M(490M) 1,843ms
[2019-04-15T13:35:01.242+0200][237,076s] GC(662) User=0,01s Sys=0,00s Real=0,00s
[2019-04-15T13:35:01.242+0200][237,076s] GC(662) Concurrent Mark
[2019-04-15T13:35:01.242+0200][237,076s] GC(662) Using 4 workers of 4 for marking
[2019-04-15T13:35:01.446+0200][237,280s] GC(662) Concurrent Mark 203,358ms
[2019-04-15T13:35:01.446+0200][237,280s] GC(662) User=0,54s Sys=0,00s Real=0,21s
[2019-04-15T13:35:01.446+0200][237,280s] GC(662) Concurrent Preclean
[2019-04-15T13:35:01.672+0200][237,505s] GC(662) Concurrent Preclean 225,446ms
[2019-04-15T13:35:01.672+0200][237,505s] GC(662) User=0,42s Sys=0,00s Real=0,22s
[2019-04-15T13:35:01.672+0200][237,505s] GC(662) Concurrent Abortable Preclean
[2019-04-15T13:35:01.672+0200][237,505s] GC(662) Concurrent Abortable Preclean 0,017ms
[2019-04-15T13:35:01.672+0200][237,505s] GC(662) User=0,00s Sys=0,00s Real=0,00s
[2019-04-15T13:35:01.672+0200][237,506s] GC(662) Pause Remark
[2019-04-15T13:35:01.672+0200][237,506s] GC(663) Pause Young (CMS Final Remark)
[2019-04-15T13:35:01.672+0200][237,506s] GC(663) Using 4 workers of 4 for evacuation
[2019-04-15T13:35:01.672+0200][237,506s] GC(663) ParNew: 105732K->105732K(109248K)
[2019-04-15T13:35:01.672+0200][237,506s] GC(663) CMS: 383778K->383778K(393216K)
[2019-04-15T13:35:01.672+0200][237,506s] GC(663) Metaspace: 68602K->68602K(1112064K)
[2019-04-15T13:35:01.672+0200][237,506s] GC(663) Pause Young (CMS Final Remark) 478M->478M(490M) 0,055ms
[2019-04-15T13:35:01.672+0200][237,506s] GC(663) User=0,00s Sys=0,00s Real=0,00s
[2019-04-15T13:35:01.757+0200][237,591s] GC(662) Pause Remark 478M->478M(490M) 85,397ms
[2019-04-15T13:35:01.757+0200][237,591s] GC(662) User=0,18s Sys=0,01s Real=0,09s
[2019-04-15T13:35:01.757+0200][237,591s] GC(662) Concurrent Sweep
[2019-04-15T13:35:02.023+0200][237,856s] GC(664) Pause Full (Allocation Failure)
[2019-04-15T13:35:02.045+0200][237,879s] GC(662) Concurrent Sweep 287,850ms
[2019-04-15T13:35:02.045+0200][237,879s] GC(662) User=0,48s Sys=0,00s Real=0,29s
[2019-04-15T13:35:02.045+0200][237,879s] GC(664) Phase 1: Mark live objects
[2019-04-15T13:35:02.257+0200][238,090s] GC(664) Phase 1: Mark live objects 211,384ms
[2019-04-15T13:35:02.257+0200][238,090s] GC(664) Phase 2: Compute new object addresses
[2019-04-15T13:35:02.389+0200][238,222s] GC(664) Phase 2: Compute new object addresses 131,904ms
[2019-04-15T13:35:02.389+0200][238,222s] GC(664) Phase 3: Adjust pointers
[2019-04-15T13:35:02.534+0200][238,368s] GC(664) Phase 3: Adjust pointers 145,463ms
[2019-04-15T13:35:02.534+0200][238,368s] GC(664) Phase 4: Move objects
[2019-04-15T13:35:02.535+0200][238,369s] GC(664) Phase 4: Move objects 0,732ms
[2019-04-15T13:35:02.536+0200][238,370s] GC(664) ParNew: 109247K->34424K(109248K)
[2019-04-15T13:35:02.536+0200][238,370s] GC(664) CMS: 393189K->383194K(393216K)
[2019-04-15T13:35:02.536+0200][238,370s] GC(664) Metaspace: 68602K->68602K(1112064K)
[2019-04-15T13:35:02.536+0200][238,370s] GC(664) Pause Full (Allocation Failure) 490M->407M(490M) 513,750ms
[2019-04-15T13:35:02.537+0200][238,370s] GC(664) User=0,51s Sys=0,00s Real=0,52s
[2019-04-15T13:35:02.537+0200][238,371s] GC(662) Old: 383778K->383194K(393216K)
[2019-04-15T13:35:02.941+0200][238,775s] GC(665) Pause Full (Allocation Failure)
[2019-04-15T13:35:02.942+0200][238,776s] GC(665) Phase 1: Mark live objects
[2019-04-15T13:35:03.157+0200][238,991s] GC(665) Phase 1: Mark live objects 215,569ms
[2019-04-15T13:35:03.157+0200][238,991s] GC(665) Phase 2: Compute new object addresses
[2019-04-15T13:35:03.301+0200][239,134s] GC(665) Phase 2: Compute new object addresses 143,172ms
[2019-04-15T13:35:03.301+0200][239,134s] GC(665) Phase 3: Adjust pointers
[2019-04-15T13:35:03.447+0200][239,280s] GC(665) Phase 3: Adjust pointers 145,927ms
[2019-04-15T13:35:03.447+0200][239,280s] GC(665) Phase 4: Move objects
[2019-04-15T13:35:03.448+0200][239,281s] GC(665) Phase 4: Move objects 0,958ms
[2019-04-15T13:35:03.449+0200][239,283s] GC(665) ParNew: 109248K->34436K(109248K)
[2019-04-15T13:35:03.450+0200][239,283s] GC(665) CMS: 393215K->383312K(393216K)
[2019-04-15T13:35:03.450+0200][239,283s] GC(665) Metaspace: 68602K->68602K(1112064K)
[2019-04-15T13:35:03.450+0200][239,283s] GC(665) Pause Full (Allocation Failure) 490M->407M(490M) 508,155ms
[2019-04-15T13:35:03.450+0200][239,283s] GC(665) User=0,50s Sys=0,00s Real=0,51s
[2019-04-15T13:35:03.451+0200][239,284s] GC(666) Pause Initial Mark
[2019-04-15T13:35:03.453+0200][239,287s] GC(666) Pause Initial Mark 409M->409M(490M) 2,700ms
[2019-04-15T13:35:03.453+0200][239,287s] GC(666) User=0,00s Sys=0,00s Real=0,01s
[2019-04-15T13:35:03.454+0200][239,287s] GC(666) Concurrent Mark
[2019-04-15T13:35:03.454+0200][239,287s] GC(666) Using 4 workers of 4 for marking
[2019-04-15T13:35:03.680+0200][239,514s] GC(666) Concurrent Mark 226,618ms
[2019-04-15T13:35:03.680+0200][239,514s] GC(666) User=0,55s Sys=0,00s Real=0,22s
[2019-04-15T13:35:03.680+0200][239,514s] GC(666) Concurrent Preclean
[2019-04-15T13:35:03.970+0200][239,804s] GC(666) Concurrent Preclean 290,008ms
[2019-04-15T13:35:03.970+0200][239,804s] GC(666) User=0,46s Sys=0,00s Real=0,29s
[2019-04-15T13:35:03.970+0200][239,804s] GC(666) Concurrent Abortable Preclean
[2019-04-15T13:35:03.970+0200][239,804s] GC(666) Concurrent Abortable Preclean 0,007ms
[2019-04-15T13:35:03.970+0200][239,804s] GC(666) User=0,00s Sys=0,00s Real=0,00s
[2019-04-15T13:35:03.970+0200][239,804s] GC(666) Pause Remark
[2019-04-15T13:35:03.971+0200][239,804s] GC(667) Pause Young (CMS Final Remark)
[2019-04-15T13:35:03.971+0200][239,804s] GC(667) Using 4 workers of 4 for evacuation
[2019-04-15T13:35:03.971+0200][239,804s] GC(667) ParNew: 109248K->109248K(109248K)
[2019-04-15T13:35:03.971+0200][239,804s] GC(667) CMS: 384873K->384873K(393216K)
[2019-04-15T13:35:03.971+0200][239,804s] GC(667) Metaspace: 68602K->68602K(1112064K)
[2019-04-15T13:35:03.971+0200][239,804s] GC(667) Pause Young (CMS Final Remark) 482M->482M(490M) 0,054ms
[2019-04-15T13:35:03.971+0200][239,804s] GC(667) User=0,00s Sys=0,00s Real=0,00s
[2019-04-15T13:35:04.111+0200][239,945s] GC(666) Pause Remark 482M->482M(490M) 140,596ms
[2019-04-15T13:35:04.111+0200][239,945s] GC(666) User=0,21s Sys=0,01s Real=0,14s
[2019-04-15T13:35:04.111+0200][239,945s] GC(666) Concurrent Sweep
[2019-04-15T13:35:04.404+0200][240,237s] GC(666) Concurrent Sweep 292,304ms
[2019-04-15T13:35:04.404+0200][240,238s] GC(666) User=0,38s Sys=0,02s Real=0,29s
[2019-04-15T13:35:04.404+0200][240,238s] GC(666) Concurrent Reset
[2019-04-15T13:35:04.404+0200][240,238s] GC(668) Pause Young (Allocation Failure)
[2019-04-15T13:35:04.404+0200][240,238s] GC(668) Using 4 workers of 4 for evacuation
[2019-04-15T13:35:04.404+0200][240,238s] GC(669) Pause Full (Allocation Failure)
[2019-04-15T13:35:04.405+0200][240,239s] GC(666) Concurrent Reset 1,479ms
[2019-04-15T13:35:04.405+0200][240,239s] GC(666) User=0,00s Sys=0,00s Real=0,01s
[2019-04-15T13:35:04.405+0200][240,239s] GC(666) Old: 383312K->390987K(393216K)
[2019-04-15T13:35:04.406+0200][240,239s] GC(669) Phase 1: Mark live objects
[2019-04-15T13:35:04.672+0200][240,505s] GC(669) Phase 1: Mark live objects 266,155ms
[2019-04-15T13:35:04.672+0200][240,506s] GC(669) Phase 2: Compute new object addresses
[2019-04-15T13:35:04.820+0200][240,653s] GC(669) Phase 2: Compute new object addresses 147,834ms
[2019-04-15T13:35:04.820+0200][240,653s] GC(669) Phase 3: Adjust pointers
[2019-04-15T13:35:04.989+0200][240,823s] GC(669) Phase 3: Adjust pointers 169,327ms
[2019-04-15T13:35:04.989+0200][240,823s] GC(669) Phase 4: Move objects
[2019-04-15T13:35:04.990+0200][240,823s] GC(669) Phase 4: Move objects 0,723ms
[2019-04-15T13:35:04.991+0200][240,824s] GC(669) Pause Full (Allocation Failure) 488M->408M(490M) 586,121ms
[2019-04-15T13:35:04.991+0200][240,824s] GC(668) ParNew: 109248K->34783K(109248K)
[2019-04-15T13:35:04.991+0200][240,824s] GC(668) CMS: 390987K->383588K(393216K)
[2019-04-15T13:35:04.991+0200][240,824s] GC(668) Metaspace: 68602K->68602K(1112064K)
[2019-04-15T13:35:04.991+0200][240,824s] GC(668) Pause Young (Allocation Failure) 488M->408M(490M) 586,279ms
[2019-04-15T13:35:04.991+0200][240,824s] GC(668) User=0,57s Sys=0,00s Real=0,59s
[2019-04-15T13:35:05.420+0200][241,254s] GC(670) Pause Full (Allocation Failure)
[2019-04-15T13:35:05.421+0200][241,255s] GC(670) Phase 1: Mark live objects
[2019-04-15T13:35:05.651+0200][241,484s] GC(670) Phase 1: Mark live objects 229,706ms
[2019-04-15T13:35:05.651+0200][241,484s] GC(670) Phase 2: Compute new object addresses
[2019-04-15T13:35:05.805+0200][241,638s] GC(670) Phase 2: Compute new object addresses 153,997ms
[2019-04-15T13:35:05.805+0200][241,638s] GC(670) Phase 3: Adjust pointers
[2019-04-15T13:35:05.989+0200][241,822s] GC(670) Phase 3: Adjust pointers 184,051ms
[2019-04-15T13:35:05.989+0200][241,823s] GC(670) Phase 4: Move objects
[2019-04-15T13:35:05.990+0200][241,824s] GC(670) Phase 4: Move objects 0,999ms
[2019-04-15T13:35:05.991+0200][241,824s] GC(670) ParNew: 109248K->34702K(109248K)
[2019-04-15T13:35:05.991+0200][241,824s] GC(670) CMS: 393215K->383326K(393216K)
[2019-04-15T13:35:05.991+0200][241,824s] GC(670) Metaspace: 68602K->68602K(1112064K)
[2019-04-15T13:35:05.991+0200][241,824s] GC(670) Pause Full (Allocation Failure) 490M->408M(490M) 570,170ms
[2019-04-15T13:35:05.991+0200][241,824s] GC(670) User=0,54s Sys=0,02s Real=0,57s
[2019-04-15T13:35:05.992+0200][241,826s] GC(671) Pause Initial Mark
[2019-04-15T13:35:05.994+0200][241,827s] GC(671) Pause Initial Mark 409M->409M(490M) 1,798ms
[2019-04-15T13:35:05.994+0200][241,827s] GC(671) User=0,00s Sys=0,00s Real=0,01s
[2019-04-15T13:35:05.994+0200][241,827s] GC(671) Concurrent Mark
[2019-04-15T13:35:05.994+0200][241,827s] GC(671) Using 4 workers of 4 for marking
[2019-04-15T13:35:06.223+0200][242,057s] GC(671) Concurrent Mark 229,151ms
[2019-04-15T13:35:06.223+0200][242,057s] GC(671) User=0,60s Sys=0,00s Real=0,22s
[2019-04-15T13:35:06.223+0200][242,057s] GC(671) Concurrent Preclean
[2019-04-15T13:35:06.608+0200][242,442s] GC(671) Concurrent Preclean 385,597ms
[2019-04-15T13:35:06.609+0200][242,442s] GC(671) User=0,60s Sys=0,01s Real=0,39s
[2019-04-15T13:35:06.609+0200][242,442s] GC(671) Concurrent Abortable Preclean
[2019-04-15T13:35:06.609+0200][242,442s] GC(671) Concurrent Abortable Preclean 0,011ms
[2019-04-15T13:35:06.609+0200][242,442s] GC(671) User=0,00s Sys=0,00s Real=0,00s
[2019-04-15T13:35:06.610+0200][242,444s] GC(671) Pause Remark
[2019-04-15T13:35:06.610+0200][242,444s] GC(672) Pause Young (CMS Final Remark)
[2019-04-15T13:35:06.610+0200][242,444s] GC(672) Using 4 workers of 4 for evacuation
[2019-04-15T13:35:06.610+0200][242,444s] GC(672) ParNew: 109248K->109248K(109248K)
[2019-04-15T13:35:06.610+0200][242,444s] GC(672) CMS: 387717K->387717K(393216K)
[2019-04-15T13:35:06.610+0200][242,444s] GC(672) Metaspace: 68602K->68602K(1112064K)
[2019-04-15T13:35:06.610+0200][242,444s] GC(672) Pause Young (CMS Final Remark) 485M->485M(490M) 0,062ms
[2019-04-15T13:35:06.610+0200][242,444s] GC(672) User=0,00s Sys=0,00s Real=0,00s
[2019-04-15T13:35:06.733+0200][242,567s] GC(671) Pause Remark 485M->485M(490M) 122,868ms
[2019-04-15T13:35:06.733+0200][242,567s] GC(671) User=0,19s Sys=0,00s Real=0,13s
[2019-04-15T13:35:06.733+0200][242,567s] GC(671) Concurrent Sweep
[2019-04-15T13:35:06.981+0200][242,814s] GC(673) Pause Full (Allocation Failure)
[2019-04-15T13:35:07.000+0200][242,834s] GC(671) Concurrent Sweep 266,606ms
[2019-04-15T13:35:07.000+0200][242,834s] GC(671) User=0,31s Sys=0,01s Real=0,26s
[2019-04-15T13:35:07.000+0200][242,834s] GC(673) Phase 1: Mark live objects
[2019-04-15T13:35:07.393+0200][243,227s] GC(673) Phase 1: Mark live objects 393,133ms
[2019-04-15T13:35:07.393+0200][243,227s] GC(673) Phase 2: Compute new object addresses
[2019-04-15T13:35:07.599+0200][243,433s] GC(673) Phase 2: Compute new object addresses 205,452ms
[2019-04-15T13:35:07.599+0200][243,433s] GC(673) Phase 3: Adjust pointers
[2019-04-15T13:35:07.836+0200][243,670s] GC(673) Phase 3: Adjust pointers 236,745ms
[2019-04-15T13:35:07.836+0200][243,670s] GC(673) Phase 4: Move objects
[2019-04-15T13:35:07.839+0200][243,673s] GC(673) Phase 4: Move objects 2,969ms
[2019-04-15T13:35:07.844+0200][243,678s] GC(673) ParNew: 109248K->35100K(109248K)
[2019-04-15T13:35:07.844+0200][243,678s] GC(673) CMS: 393204K->383141K(393216K)
[2019-04-15T13:35:07.844+0200][243,678s] GC(673) Metaspace: 68602K->68602K(1112064K)
[2019-04-15T13:35:07.844+0200][243,678s] GC(673) Pause Full (Allocation Failure) 490M->408M(490M) 863,392ms
[2019-04-15T13:35:07.844+0200][243,678s] GC(673) User=0,71s Sys=0,00s Real=0,86s
[2019-04-15T13:35:07.848+0200][243,681s] GC(671) Old: 383326K->383141K(393216K)
[2019-04-15T13:35:08.860+0200][244,694s] GC(674) Pause Full (Allocation Failure)
[2019-04-15T13:35:08.861+0200][244,694s] GC(674) Phase 1: Mark live objects
[2019-04-15T13:35:09.257+0200][245,091s] GC(674) Phase 1: Mark live objects 396,655ms
[2019-04-15T13:35:09.257+0200][245,091s] GC(674) Phase 2: Compute new object addresses
[2019-04-15T13:35:09.459+0200][245,293s] GC(674) Phase 2: Compute new object addresses 201,520ms
[2019-04-15T13:35:09.459+0200][245,293s] GC(674) Phase 3: Adjust pointers
[2019-04-15T13:35:09.668+0200][245,502s] GC(674) Phase 3: Adjust pointers 209,035ms
[2019-04-15T13:35:09.668+0200][245,502s] GC(674) Phase 4: Move objects
[2019-04-15T13:35:09.669+0200][245,503s] GC(674) Phase 4: Move objects 1,421ms
[2019-04-15T13:35:09.670+0200][245,504s] GC(674) ParNew: 109248K->35263K(109248K)
[2019-04-15T13:35:09.670+0200][245,504s] GC(674) CMS: 393214K->383405K(393216K)
[2019-04-15T13:35:09.670+0200][245,504s] GC(674) Metaspace: 68602K->68602K(1112064K)
[2019-04-15T13:35:09.670+0200][245,504s] GC(674) Pause Full (Allocation Failure) 490M->408M(490M) 810,204ms
[2019-04-15T13:35:09.670+0200][245,504s] GC(674) User=0,74s Sys=0,00s Real=0,81s
[2019-04-15T13:35:09.674+0200][245,507s] GC(675) Pause Initial Mark
[2019-04-15T13:35:09.676+0200][245,510s] GC(675) Pause Initial Mark 412M->412M(490M) 2,663ms
[2019-04-15T13:35:09.676+0200][245,510s] GC(675) User=0,00s Sys=0,00s Real=0,00s
[2019-04-15T13:35:09.676+0200][245,510s] GC(675) Concurrent Mark
[2019-04-15T13:35:09.676+0200][245,510s] GC(675) Using 4 workers of 4 for marking
[2019-04-15T13:35:09.998+0200][245,832s] GC(675) Concurrent Mark 321,360ms
[2019-04-15T13:35:09.998+0200][245,832s] GC(675) User=0,57s Sys=0,00s Real=0,32s
[2019-04-15T13:35:09.998+0200][245,832s] GC(675) Concurrent Preclean
[2019-04-15T13:35:10.395+0200][246,229s] GC(675) Concurrent Preclean 396,650ms
[2019-04-15T13:35:10.395+0200][246,229s] GC(675) User=0,49s Sys=0,01s Real=0,40s
[2019-04-15T13:35:10.395+0200][246,229s] GC(675) Concurrent Abortable Preclean
[2019-04-15T13:35:10.395+0200][246,229s] GC(675) Concurrent Abortable Preclean 0,019ms
[2019-04-15T13:35:10.395+0200][246,229s] GC(675) User=0,00s Sys=0,00s Real=0,00s
[2019-04-15T13:35:10.396+0200][246,230s] GC(675) Pause Remark
[2019-04-15T13:35:10.396+0200][246,230s] GC(676) Pause Young (CMS Final Remark)
[2019-04-15T13:35:10.396+0200][246,230s] GC(676) Using 4 workers of 4 for evacuation
[2019-04-15T13:35:10.396+0200][246,230s] GC(676) ParNew: 108377K->108377K(109248K)
[2019-04-15T13:35:10.396+0200][246,230s] GC(676) CMS: 383405K->383405K(393216K)
[2019-04-15T13:35:10.396+0200][246,230s] GC(676) Metaspace: 68602K->68602K(1112064K)
[2019-04-15T13:35:10.396+0200][246,230s] GC(676) Pause Young (CMS Final Remark) 480M->480M(490M) 0,333ms
[2019-04-15T13:35:10.397+0200][246,230s] GC(676) User=0,00s Sys=0,00s Real=0,00s
[2019-04-15T13:35:10.612+0200][246,445s] GC(675) Pause Remark 480M->480M(490M) 215,622ms
[2019-04-15T13:35:10.612+0200][246,445s] GC(675) User=0,31s Sys=0,00s Real=0,21s
[2019-04-15T13:35:10.612+0200][246,445s] GC(675) Concurrent Sweep
[2019-04-15T13:35:11.063+0200][246,897s] GC(675) Concurrent Sweep 451,186ms
[2019-04-15T13:35:11.063+0200][246,897s] GC(675) User=0,43s Sys=0,02s Real=0,45s
[2019-04-15T13:35:11.063+0200][246,897s] GC(675) Concurrent Reset
[2019-04-15T13:35:11.065+0200][246,899s] GC(675) Concurrent Reset 1,774ms
[2019-04-15T13:35:11.065+0200][246,899s] GC(675) User=0,01s Sys=0,00s Real=0,01s
[2019-04-15T13:35:11.065+0200][246,899s] GC(675) Old: 383405K->392203K(393216K)
[2019-04-15T13:35:11.066+0200][246,899s] GC(677) Pause Young (Allocation Failure)
[2019-04-15T13:35:11.066+0200][246,900s] GC(677) Using 4 workers of 4 for evacuation
[2019-04-15T13:35:11.066+0200][246,900s] GC(678) Pause Full (Allocation Failure)
[2019-04-15T13:35:11.067+0200][246,900s] GC(678) Phase 1: Mark live objects
[2019-04-15T13:35:11.349+0200][247,183s] GC(678) Phase 1: Mark live objects 282,329ms
[2019-04-15T13:35:11.349+0200][247,183s] GC(678) Phase 2: Compute new object addresses
[2019-04-15T13:35:11.500+0200][247,334s] GC(678) Phase 2: Compute new object addresses 151,318ms
[2019-04-15T13:35:11.501+0200][247,334s] GC(678) Phase 3: Adjust pointers
[2019-04-15T13:35:11.755+0200][247,589s] GC(678) Phase 3: Adjust pointers 254,691ms
[2019-04-15T13:35:11.755+0200][247,589s] GC(678) Phase 4: Move objects
[2019-04-15T13:35:11.757+0200][247,590s] GC(678) Phase 4: Move objects 1,364ms
[2019-04-15T13:35:11.760+0200][247,593s] GC(678) Pause Full (Allocation Failure) 489M->408M(490M) 693,681ms
[2019-04-15T13:35:11.760+0200][247,594s] GC(677) ParNew: 109248K->35317K(109248K)
[2019-04-15T13:35:11.760+0200][247,594s] GC(677) CMS: 392203K->383203K(393216K)
[2019-04-15T13:35:11.760+0200][247,594s] GC(677) Metaspace: 68602K->68602K(1112064K)
[2019-04-15T13:35:11.760+0200][247,594s] GC(677) Pause Young (Allocation Failure) 489M->408M(490M) 694,287ms
[2019-04-15T13:35:11.760+0200][247,594s] GC(677) User=0,64s Sys=0,00s Real=0,69s
[2019-04-15T13:35:11.760+0200][247,594s] GC(679) Pause Initial Mark
[2019-04-15T13:35:11.764+0200][247,598s] GC(679) Pause Initial Mark 410M->410M(490M) 3,351ms
[2019-04-15T13:35:11.764+0200][247,598s] GC(679) User=0,01s Sys=0,00s Real=0,00s
[2019-04-15T13:35:11.775+0200][247,609s] GC(679) Concurrent Mark
[2019-04-15T13:35:11.775+0200][247,609s] GC(679) Using 4 workers of 4 for marking
[2019-04-15T13:35:12.040+0200][247,874s] GC(679) Concurrent Mark 265,683ms
[2019-04-15T13:35:12.041+0200][247,875s] GC(679) User=0,51s Sys=0,00s Real=0,26s
[2019-04-15T13:35:12.041+0200][247,875s] GC(679) Concurrent Preclean
[2019-04-15T13:35:12.299+0200][248,133s] GC(679) Concurrent Preclean 258,005ms
[2019-04-15T13:35:12.299+0200][248,133s] GC(679) User=0,43s Sys=0,02s Real=0,26s
[2019-04-15T13:35:12.299+0200][248,133s] GC(679) Concurrent Abortable Preclean
[2019-04-15T13:35:12.299+0200][248,133s] GC(679) Concurrent Abortable Preclean 0,008ms
[2019-04-15T13:35:12.299+0200][248,133s] GC(679) User=0,00s Sys=0,00s Real=0,00s
[2019-04-15T13:35:12.299+0200][248,133s] GC(679) Pause Remark
[2019-04-15T13:35:12.299+0200][248,133s] GC(680) Pause Young (CMS Final Remark)
[2019-04-15T13:35:12.299+0200][248,133s] GC(680) Using 4 workers of 4 for evacuation
[2019-04-15T13:35:12.299+0200][248,133s] GC(680) ParNew: 107352K->107352K(109248K)
[2019-04-15T13:35:12.299+0200][248,133s] GC(680) CMS: 383203K->383203K(393216K)
[2019-04-15T13:35:12.299+0200][248,133s] GC(680) Metaspace: 68603K->68603K(1112064K)
[2019-04-15T13:35:12.299+0200][248,133s] GC(680) Pause Young (CMS Final Remark) 479M->479M(490M) 0,089ms
[2019-04-15T13:35:12.299+0200][248,133s] GC(680) User=0,00s Sys=0,00s Real=0,00s
[2019-04-15T13:35:12.452+0200][248,285s] GC(679) Pause Remark 479M->479M(490M) 152,370ms
[2019-04-15T13:35:12.452+0200][248,285s] GC(679) User=0,22s Sys=0,00s Real=0,15s
[2019-04-15T13:35:12.452+0200][248,285s] GC(679) Concurrent Sweep
[2019-04-15T13:35:12.717+0200][248,551s] GC(679) Concurrent Sweep 265,146ms
[2019-04-15T13:35:12.720+0200][248,554s] GC(679) User=0,38s Sys=0,00s Real=0,27s
[2019-04-15T13:35:12.721+0200][248,554s] GC(681) Pause Young (Allocation Failure)
[2019-04-15T13:35:12.721+0200][248,554s] GC(681) Using 4 workers of 4 for evacuation
[2019-04-15T13:35:12.721+0200][248,554s] GC(682) Pause Full (Allocation Failure)
[2019-04-15T13:35:12.721+0200][248,555s] GC(682) Phase 1: Mark live objects
[2019-04-15T13:35:12.964+0200][248,798s] GC(682) Phase 1: Mark live objects 243,196ms
[2019-04-15T13:35:12.964+0200][248,798s] GC(682) Phase 2: Compute new object addresses
[2019-04-15T13:35:13.143+0200][248,977s] GC(682) Phase 2: Compute new object addresses 178,628ms
[2019-04-15T13:35:13.143+0200][248,977s] GC(682) Phase 3: Adjust pointers
[2019-04-15T13:35:13.426+0200][249,260s] GC(682) Phase 3: Adjust pointers 282,943ms
[2019-04-15T13:35:13.427+0200][249,260s] GC(682) Phase 4: Move objects
[2019-04-15T13:35:13.429+0200][249,263s] GC(682) Phase 4: Move objects 2,220ms
[2019-04-15T13:35:13.430+0200][249,264s] GC(682) Pause Full (Allocation Failure) 489M->408M(490M) 709,851ms
[2019-04-15T13:35:13.431+0200][249,264s] GC(681) ParNew: 109248K->35333K(109248K)
[2019-04-15T13:35:13.431+0200][249,264s] GC(681) CMS: 391650K->383038K(393216K)
[2019-04-15T13:35:13.431+0200][249,264s] GC(681) Metaspace: 68603K->68603K(1112064K)
[2019-04-15T13:35:13.431+0200][249,264s] GC(681) Pause Young (Allocation Failure) 489M->408M(490M) 710,008ms
[2019-04-15T13:35:13.431+0200][249,264s] GC(681) User=0,63s Sys=0,00s Real=0,71s
[2019-04-15T13:35:13.431+0200][249,265s] GC(679) Old: 383203K->383038K(393216K)
[2019-04-15T13:35:13.871+0200][249,705s] GC(683) Pause Full (Allocation Failure)
[2019-04-15T13:35:13.871+0200][249,705s] GC(683) Phase 1: Mark live objects
[2019-04-15T13:35:14.203+0200][250,036s] GC(683) Phase 1: Mark live objects 331,206ms
[2019-04-15T13:35:14.203+0200][250,036s] GC(683) Phase 2: Compute new object addresses
[2019-04-15T13:35:14.349+0200][250,183s] GC(683) Phase 2: Compute new object addresses 146,091ms
[2019-04-15T13:35:14.349+0200][250,183s] GC(683) Phase 3: Adjust pointers
[2019-04-15T13:35:14.545+0200][250,379s] GC(683) Phase 3: Adjust pointers 196,313ms
[2019-04-15T13:35:14.545+0200][250,379s] GC(683) Phase 4: Move objects
[2019-04-15T13:35:14.546+0200][250,380s] GC(683) Phase 4: Move objects 1,123ms
[2019-04-15T13:35:14.547+0200][250,381s] GC(683) ParNew: 109247K->35310K(109248K)
[2019-04-15T13:35:14.547+0200][250,381s] GC(683) CMS: 393215K->383367K(393216K)
[2019-04-15T13:35:14.547+0200][250,381s] GC(683) Metaspace: 68603K->68603K(1112064K)
[2019-04-15T13:35:14.547+0200][250,381s] GC(683) Pause Full (Allocation Failure) 490M->408M(490M) 676,515ms
[2019-04-15T13:35:14.547+0200][250,381s] GC(683) User=0,61s Sys=0,01s Real=0,68s
[2019-04-15T13:35:14.561+0200][250,395s] GC(684) Pause Initial Mark
[2019-04-15T13:35:14.564+0200][250,398s] GC(684) Pause Initial Mark 413M->413M(490M) 2,807ms
[2019-04-15T13:35:14.564+0200][250,398s] GC(684) User=0,01s Sys=0,00s Real=0,00s
[2019-04-15T13:35:14.572+0200][250,405s] GC(684) Concurrent Mark
[2019-04-15T13:35:14.572+0200][250,405s] GC(684) Using 4 workers of 4 for marking
[2019-04-15T13:35:14.885+0200][250,719s] GC(684) Concurrent Mark 313,154ms
[2019-04-15T13:35:14.885+0200][250,719s] GC(684) User=0,46s Sys=0,00s Real=0,31s
[2019-04-15T13:35:14.885+0200][250,719s] GC(684) Concurrent Preclean
[2019-04-15T13:35:15.359+0200][251,192s] GC(684) Concurrent Preclean 473,758ms
[2019-04-15T13:35:15.361+0200][251,195s] GC(684) User=0,37s Sys=0,00s Real=0,48s
[2019-04-15T13:35:15.361+0200][251,195s] GC(684) Concurrent Abortable Preclean
[2019-04-15T13:35:15.361+0200][251,195s] GC(684) Concurrent Abortable Preclean 0,048ms
[2019-04-15T13:35:15.361+0200][251,195s] GC(684) User=0,00s Sys=0,00s Real=0,00s
[2019-04-15T13:35:15.379+0200][251,213s] GC(684) Pause Remark
[2019-04-15T13:35:15.379+0200][251,213s] GC(685) Pause Young (CMS Final Remark)
[2019-04-15T13:35:15.379+0200][251,213s] GC(685) Using 4 workers of 4 for evacuation
[2019-04-15T13:35:15.379+0200][251,213s] GC(685) ParNew: 99371K->99371K(109248K)
[2019-04-15T13:35:15.379+0200][251,213s] GC(685) CMS: 383367K->383367K(393216K)
[2019-04-15T13:35:15.379+0200][251,213s] GC(685) Metaspace: 68603K->68603K(1112064K)
[2019-04-15T13:35:15.379+0200][251,213s] GC(685) Pause Young (CMS Final Remark) 471M->471M(490M) 0,093ms
[2019-04-15T13:35:15.379+0200][251,213s] GC(685) User=0,00s Sys=0,00s Real=0,00s
[2019-04-15T13:35:15.538+0200][251,371s] GC(684) Pause Remark 471M->471M(490M) 158,690ms
[2019-04-15T13:35:15.538+0200][251,372s] GC(684) User=0,17s Sys=0,01s Real=0,16s
[2019-04-15T13:35:15.538+0200][251,372s] GC(684) Concurrent Sweep
[2019-04-15T13:35:15.652+0200][251,486s] GC(684) Concurrent Sweep 114,241ms
[2019-04-15T13:35:15.653+0200][251,486s] GC(684) User=0,15s Sys=0,00s Real=0,11s
[2019-04-15T13:35:15.653+0200][251,486s] GC(684) Concurrent Reset
[2019-04-15T13:35:15.653+0200][251,487s] GC(684) Concurrent Reset 0,482ms
[2019-04-15T13:35:15.653+0200][251,487s] GC(684) User=0,00s Sys=0,00s Real=0,01s
[2019-04-15T13:35:15.653+0200][251,487s] GC(684) Old: 383367K->383314K(393216K)
[2019-04-15T13:35:15.768+0200][251,601s] GC(686) Pause Young (Allocation Failure)
[2019-04-15T13:35:15.768+0200][251,602s] GC(686) Using 4 workers of 4 for evacuation
[2019-04-15T13:35:15.768+0200][251,602s] GC(687) Pause Full (Allocation Failure)
[2019-04-15T13:35:15.768+0200][251,602s] GC(687) Phase 1: Mark live objects
[2019-04-15T13:35:16.133+0200][251,967s] GC(687) Phase 1: Mark live objects 365,024ms
[2019-04-15T13:35:16.133+0200][251,967s] GC(687) Phase 2: Compute new object addresses
[2019-04-15T13:35:16.275+0200][252,109s] GC(687) Phase 2: Compute new object addresses 141,907ms
[2019-04-15T13:35:16.275+0200][252,109s] GC(687) Phase 3: Adjust pointers
[2019-04-15T13:35:16.486+0200][252,320s] GC(687) Phase 3: Adjust pointers 210,561ms
[2019-04-15T13:35:16.486+0200][252,320s] GC(687) Phase 4: Move objects
[2019-04-15T13:35:16.488+0200][252,321s] GC(687) Phase 4: Move objects 1,532ms
[2019-04-15T13:35:16.489+0200][252,322s] GC(687) Pause Full (Allocation Failure) 481M->408M(490M) 720,832ms
[2019-04-15T13:35:16.489+0200][252,322s] GC(686) ParNew: 109247K->36126K(109248K)
[2019-04-15T13:35:16.489+0200][252,322s] GC(686) CMS: 383314K->382667K(393216K)
[2019-04-15T13:35:16.489+0200][252,322s] GC(686) Metaspace: 68603K->68603K(1112064K)
[2019-04-15T13:35:16.489+0200][252,323s] GC(686) Pause Young (Allocation Failure) 481M->408M(490M) 721,033ms
[2019-04-15T13:35:16.489+0200][252,323s] GC(686) User=0,58s Sys=0,00s Real=0,72s
[2019-04-15T13:35:16.489+0200][252,323s] GC(688) Pause Initial Mark
[2019-04-15T13:35:16.493+0200][252,327s] GC(688) Pause Initial Mark 410M->410M(490M) 3,775ms
[2019-04-15T13:35:16.493+0200][252,327s] GC(688) User=0,01s Sys=0,00s Real=0,01s
[2019-04-15T13:35:16.505+0200][252,339s] GC(688) Concurrent Mark
[2019-04-15T13:35:16.505+0200][252,339s] GC(688) Using 4 workers of 4 for marking
[2019-04-15T13:35:16.743+0200][252,577s] GC(688) Concurrent Mark 237,759ms
[2019-04-15T13:35:16.743+0200][252,577s] GC(688) User=0,50s Sys=0,01s Real=0,23s
[2019-04-15T13:35:16.743+0200][252,577s] GC(688) Concurrent Preclean
[2019-04-15T13:35:17.093+0200][252,927s] GC(688) Concurrent Preclean 349,894ms
[2019-04-15T13:35:17.093+0200][252,927s] GC(688) User=0,49s Sys=0,01s Real=0,36s
[2019-04-15T13:35:17.093+0200][252,927s] GC(688) Concurrent Abortable Preclean
[2019-04-15T13:35:17.093+0200][252,927s] GC(688) Concurrent Abortable Preclean 0,009ms
[2019-04-15T13:35:17.093+0200][252,927s] GC(688) User=0,00s Sys=0,00s Real=0,00s
[2019-04-15T13:35:17.093+0200][252,927s] GC(688) Pause Remark
[2019-04-15T13:35:17.093+0200][252,927s] GC(689) Pause Young (CMS Final Remark)
[2019-04-15T13:35:17.093+0200][252,927s] GC(689) Using 4 workers of 4 for evacuation
[2019-04-15T13:35:17.093+0200][252,927s] GC(689) ParNew: 109247K->109247K(109248K)
[2019-04-15T13:35:17.093+0200][252,927s] GC(689) CMS: 384645K->384645K(393216K)
[2019-04-15T13:35:17.093+0200][252,927s] GC(689) Metaspace: 68603K->68603K(1112064K)
[2019-04-15T13:35:17.093+0200][252,927s] GC(689) Pause Young (CMS Final Remark) 482M->482M(490M) 0,093ms
[2019-04-15T13:35:17.093+0200][252,927s] GC(689) User=0,00s Sys=0,00s Real=0,00s
[2019-04-15T13:35:17.217+0200][253,051s] GC(688) Pause Remark 482M->482M(490M) 123,801ms
[2019-04-15T13:35:17.217+0200][253,051s] GC(688) User=0,20s Sys=0,01s Real=0,12s
[2019-04-15T13:35:17.217+0200][253,051s] GC(688) Concurrent Sweep
[2019-04-15T13:35:17.485+0200][253,319s] GC(688) Concurrent Sweep 268,124ms
[2019-04-15T13:35:17.485+0200][253,319s] GC(688) User=0,40s Sys=0,00s Real=0,27s
[2019-04-15T13:35:17.485+0200][253,319s] GC(690) Pause Young (Allocation Failure)
[2019-04-15T13:35:17.485+0200][253,319s] GC(690) Using 4 workers of 4 for evacuation
[2019-04-15T13:35:17.485+0200][253,319s] GC(691) Pause Full (Allocation Failure)
[2019-04-15T13:35:17.486+0200][253,319s] GC(691) Phase 1: Mark live objects
[2019-04-15T13:35:17.713+0200][253,547s] GC(691) Phase 1: Mark live objects 227,068ms
[2019-04-15T13:35:17.713+0200][253,547s] GC(691) Phase 2: Compute new object addresses
[2019-04-15T13:35:17.856+0200][253,689s] GC(691) Phase 2: Compute new object addresses 142,822ms
[2019-04-15T13:35:17.856+0200][253,689s] GC(691) Phase 3: Adjust pointers
[2019-04-15T13:35:18.060+0200][253,894s] GC(691) Phase 3: Adjust pointers 204,510ms
[2019-04-15T13:35:18.060+0200][253,894s] GC(691) Phase 4: Move objects
[2019-04-15T13:35:18.061+0200][253,895s] GC(691) Phase 4: Move objects 0,944ms
[2019-04-15T13:35:18.062+0200][253,896s] GC(691) Pause Full (Allocation Failure) 490M->406M(490M) 576,680ms
[2019-04-15T13:35:18.062+0200][253,896s] GC(690) ParNew: 109247K->34467K(109248K)
[2019-04-15T13:35:18.062+0200][253,896s] GC(690) CMS: 392890K->382233K(393216K)
[2019-04-15T13:35:18.062+0200][253,896s] GC(690) Metaspace: 68603K->68603K(1112064K)
[2019-04-15T13:35:18.062+0200][253,896s] GC(690) Pause Young (Allocation Failure) 490M->406M(490M) 576,792ms
[2019-04-15T13:35:18.062+0200][253,896s] GC(690) User=0,56s Sys=0,00s Real=0,57s
[2019-04-15T13:35:18.063+0200][253,896s] GC(688) Old: 382667K->382233K(393216K)
[2019-04-15T13:35:18.522+0200][254,355s] GC(692) Pause Full (Allocation Failure)
[2019-04-15T13:35:18.523+0200][254,356s] GC(692) Phase 1: Mark live objects
[2019-04-15T13:35:18.883+0200][254,717s] GC(692) Phase 1: Mark live objects 360,292ms
[2019-04-15T13:35:18.883+0200][254,717s] GC(692) Phase 2: Compute new object addresses
[2019-04-15T13:35:19.052+0200][254,885s] GC(692) Phase 2: Compute new object addresses 168,591ms
[2019-04-15T13:35:19.052+0200][254,885s] GC(692) Phase 3: Adjust pointers
[2019-04-15T13:35:19.268+0200][255,101s] GC(692) Phase 3: Adjust pointers 215,944ms
[2019-04-15T13:35:19.268+0200][255,102s] GC(692) Phase 4: Move objects
[2019-04-15T13:35:19.414+0200][255,248s] GC(692) Phase 4: Move objects 146,686ms
[2019-04-15T13:35:19.415+0200][255,249s] GC(692) ParNew: 109248K->34421K(109248K)
[2019-04-15T13:35:19.415+0200][255,249s] GC(692) CMS: 393215K->382519K(393216K)
[2019-04-15T13:35:19.415+0200][255,249s] GC(692) Metaspace: 68610K->68610K(1112064K)
[2019-04-15T13:35:19.415+0200][255,249s] GC(692) Pause Full (Allocation Failure) 490M->407M(490M) 893,545ms
[2019-04-15T13:35:19.415+0200][255,249s] GC(692) User=0,76s Sys=0,00s Real=0,90s
[2019-04-15T13:35:19.417+0200][255,251s] GC(693) Pause Initial Mark
[2019-04-15T13:35:19.419+0200][255,253s] GC(693) Pause Initial Mark 410M->410M(490M) 1,773ms
[2019-04-15T13:35:19.419+0200][255,253s] GC(693) User=0,01s Sys=0,00s Real=0,00s
[2019-04-15T13:35:19.419+0200][255,253s] GC(693) Concurrent Mark
[2019-04-15T13:35:19.419+0200][255,253s] GC(693) Using 4 workers of 4 for marking
[2019-04-15T13:35:19.627+0200][255,461s] GC(693) Concurrent Mark 208,167ms
[2019-04-15T13:35:19.627+0200][255,461s] GC(693) User=0,50s Sys=0,00s Real=0,21s
[2019-04-15T13:35:19.627+0200][255,461s] GC(693) Concurrent Preclean
[2019-04-15T13:35:20.191+0200][256,025s] GC(693) Concurrent Preclean 563,056ms
[2019-04-15T13:35:20.191+0200][256,025s] GC(693) User=0,70s Sys=0,02s Real=0,56s
[2019-04-15T13:35:20.191+0200][256,025s] GC(693) Concurrent Abortable Preclean
[2019-04-15T13:35:20.191+0200][256,025s] GC(693) Concurrent Abortable Preclean 0,010ms
[2019-04-15T13:35:20.191+0200][256,025s] GC(693) User=0,00s Sys=0,00s Real=0,00s
[2019-04-15T13:35:20.192+0200][256,025s] GC(693) Pause Remark
[2019-04-15T13:35:20.192+0200][256,025s] GC(694) Pause Young (CMS Final Remark)
[2019-04-15T13:35:20.192+0200][256,025s] GC(694) Using 4 workers of 4 for evacuation
[2019-04-15T13:35:20.192+0200][256,026s] GC(694) ParNew: 109248K->109248K(109248K)
[2019-04-15T13:35:20.192+0200][256,026s] GC(694) CMS: 391218K->391218K(393216K)
[2019-04-15T13:35:20.192+0200][256,026s] GC(694) Metaspace: 68610K->68610K(1112064K)
[2019-04-15T13:35:20.192+0200][256,026s] GC(694) Pause Young (CMS Final Remark) 488M->488M(490M) 0,093ms
[2019-04-15T13:35:20.192+0200][256,026s] GC(694) User=0,00s Sys=0,00s Real=0,00s
[2019-04-15T13:35:20.328+0200][256,161s] GC(693) Pause Remark 488M->488M(490M) 135,929ms
[2019-04-15T13:35:20.328+0200][256,162s] GC(693) User=0,26s Sys=0,00s Real=0,14s
[2019-04-15T13:35:20.328+0200][256,162s] GC(693) Concurrent Sweep
[2019-04-15T13:35:20.360+0200][256,193s] GC(695) Pause Full (Allocation Failure)
[2019-04-15T13:35:20.483+0200][256,316s] GC(693) Concurrent Sweep 154,665ms
[2019-04-15T13:35:20.483+0200][256,317s] GC(693) User=0,14s Sys=0,00s Real=0,15s
[2019-04-15T13:35:20.483+0200][256,317s] GC(695) Phase 1: Mark live objects
[2019-04-15T13:35:20.685+0200][256,519s] GC(695) Phase 1: Mark live objects 202,239ms
[2019-04-15T13:35:20.685+0200][256,519s] GC(695) Phase 2: Compute new object addresses
[2019-04-15T13:35:20.860+0200][256,694s] GC(695) Phase 2: Compute new object addresses 175,104ms
[2019-04-15T13:35:20.860+0200][256,694s] GC(695) Phase 3: Adjust pointers
[2019-04-15T13:35:21.058+0200][256,891s] GC(695) Phase 3: Adjust pointers 197,035ms
[2019-04-15T13:35:21.058+0200][256,891s] GC(695) Phase 4: Move objects
[2019-04-15T13:35:21.092+0200][256,926s] GC(695) Phase 4: Move objects 34,131ms
[2019-04-15T13:35:21.093+0200][256,927s] GC(695) ParNew: 109248K->34420K(109248K)
[2019-04-15T13:35:21.093+0200][256,927s] GC(695) CMS: 392165K->382233K(393216K)
[2019-04-15T13:35:21.093+0200][256,927s] GC(695) Metaspace: 68610K->68610K(1112064K)
[2019-04-15T13:35:21.093+0200][256,927s] GC(695) Pause Full (Allocation Failure) 489M->406M(490M) 733,335ms
[2019-04-15T13:35:21.093+0200][256,927s] GC(695) User=0,69s Sys=0,00s Real=0,74s
[2019-04-15T13:35:21.094+0200][256,927s] GC(693) Old: 382519K->382233K(393216K)
[2019-04-15T13:35:21.586+0200][257,419s] GC(696) Pause Full (Allocation Failure)
[2019-04-15T13:35:21.587+0200][257,420s] GC(696) Phase 1: Mark live objects
[2019-04-15T13:35:21.915+0200][257,749s] GC(696) Phase 1: Mark live objects 328,192ms
[2019-04-15T13:35:21.915+0200][257,749s] GC(696) Phase 2: Compute new object addresses
[2019-04-15T13:35:22.071+0200][257,905s] GC(696) Phase 2: Compute new object addresses 156,383ms
[2019-04-15T13:35:22.071+0200][257,905s] GC(696) Phase 3: Adjust pointers
[2019-04-15T13:35:22.280+0200][258,114s] GC(696) Phase 3: Adjust pointers 208,759ms
[2019-04-15T13:35:22.280+0200][258,114s] GC(696) Phase 4: Move objects
[2019-04-15T13:35:22.281+0200][258,115s] GC(696) Phase 4: Move objects 0,881ms
[2019-04-15T13:35:22.282+0200][258,116s] GC(696) ParNew: 109248K->34452K(109248K)
[2019-04-15T13:35:22.282+0200][258,116s] GC(696) CMS: 393179K->382197K(393216K)
[2019-04-15T13:35:22.282+0200][258,116s] GC(696) Metaspace: 68610K->68610K(1112064K)
[2019-04-15T13:35:22.282+0200][258,116s] GC(696) Pause Full (Allocation Failure) 490M->406M(490M) 696,821ms
[2019-04-15T13:35:22.282+0200][258,116s] GC(696) User=0,60s Sys=0,01s Real=0,69s
[2019-04-15T13:35:22.283+0200][258,117s] GC(697) Pause Initial Mark
[2019-04-15T13:35:22.285+0200][258,119s] GC(697) Pause Initial Mark 408M->408M(490M) 2,411ms
[2019-04-15T13:35:22.285+0200][258,119s] GC(697) User=0,00s Sys=0,00s Real=0,01s
[2019-04-15T13:35:22.296+0200][258,130s] GC(697) Concurrent Mark
[2019-04-15T13:35:22.296+0200][258,130s] GC(697) Using 4 workers of 4 for marking
[2019-04-15T13:35:22.558+0200][258,392s] GC(697) Concurrent Mark 262,036ms
[2019-04-15T13:35:22.558+0200][258,392s] GC(697) User=0,56s Sys=0,00s Real=0,26s
[2019-04-15T13:35:22.558+0200][258,392s] GC(697) Concurrent Preclean
[2019-04-15T13:35:22.792+0200][258,626s] GC(697) Concurrent Preclean 233,671ms
[2019-04-15T13:35:22.793+0200][258,626s] GC(697) User=0,38s Sys=0,01s Real=0,23s
[2019-04-15T13:35:22.793+0200][258,626s] GC(697) Concurrent Abortable Preclean
[2019-04-15T13:35:22.793+0200][258,626s] GC(697) Concurrent Abortable Preclean 0,024ms
[2019-04-15T13:35:22.793+0200][258,626s] GC(697) User=0,00s Sys=0,00s Real=0,00s
[2019-04-15T13:35:22.794+0200][258,628s] GC(697) Pause Remark
[2019-04-15T13:35:22.794+0200][258,628s] GC(698) Pause Young (CMS Final Remark)
[2019-04-15T13:35:22.794+0200][258,628s] GC(698) Using 4 workers of 4 for evacuation
[2019-04-15T13:35:22.795+0200][258,628s] GC(698) ParNew: 108358K->108358K(109248K)
[2019-04-15T13:35:22.795+0200][258,628s] GC(698) CMS: 382197K->382197K(393216K)
[2019-04-15T13:35:22.795+0200][258,628s] GC(698) Metaspace: 68610K->68610K(1112064K)
[2019-04-15T13:35:22.795+0200][258,628s] GC(698) Pause Young (CMS Final Remark) 479M->479M(490M) 0,228ms
[2019-04-15T13:35:22.795+0200][258,628s] GC(698) User=0,00s Sys=0,00s Real=0,00s
[2019-04-15T13:35:22.906+0200][258,739s] GC(697) Pause Remark 479M->479M(490M) 111,413ms
[2019-04-15T13:35:22.906+0200][258,739s] GC(697) User=0,15s Sys=0,00s Real=0,11s
[2019-04-15T13:35:22.906+0200][258,739s] GC(697) Concurrent Sweep
[2019-04-15T13:35:23.188+0200][259,021s] GC(699) Pause Full (Allocation Failure)
[2019-04-15T13:35:23.215+0200][259,048s] GC(697) Concurrent Sweep 308,938ms
[2019-04-15T13:35:23.215+0200][259,048s] GC(697) User=0,49s Sys=0,00s Real=0,31s
[2019-04-15T13:35:23.215+0200][259,049s] GC(699) Phase 1: Mark live objects
[2019-04-15T13:35:23.400+0200][259,234s] GC(699) Phase 1: Mark live objects 185,515ms
[2019-04-15T13:35:23.400+0200][259,234s] GC(699) Phase 2: Compute new object addresses
[2019-04-15T13:35:23.519+0200][259,352s] GC(699) Phase 2: Compute new object addresses 118,316ms
[2019-04-15T13:35:23.519+0200][259,353s] GC(699) Phase 3: Adjust pointers
[2019-04-15T13:35:23.655+0200][259,489s] GC(699) Phase 3: Adjust pointers 136,621ms
[2019-04-15T13:35:23.655+0200][259,489s] GC(699) Phase 4: Move objects
[2019-04-15T13:35:23.657+0200][259,490s] GC(699) Phase 4: Move objects 1,101ms
[2019-04-15T13:35:23.657+0200][259,491s] GC(699) ParNew: 109248K->34514K(109248K)
[2019-04-15T13:35:23.657+0200][259,491s] GC(699) CMS: 392158K->382922K(393216K)
[2019-04-15T13:35:23.657+0200][259,491s] GC(699) Metaspace: 68610K->68610K(1112064K)
[2019-04-15T13:35:23.657+0200][259,491s] GC(699) Pause Full (Allocation Failure) 489M->407M(490M) 469,741ms
[2019-04-15T13:35:23.657+0200][259,491s] GC(699) User=0,47s Sys=0,00s Real=0,47s
[2019-04-15T13:35:23.658+0200][259,492s] GC(697) Old: 382197K->382922K(393216K)
[2019-04-15T13:35:23.995+0200][259,829s] GC(700) Pause Full (Allocation Failure)
[2019-04-15T13:35:23.995+0200][259,829s] GC(700) Phase 1: Mark live objects
[2019-04-15T13:35:24.255+0200][260,089s] GC(700) Phase 1: Mark live objects 259,451ms
[2019-04-15T13:35:24.255+0200][260,089s] GC(700) Phase 2: Compute new object addresses
[2019-04-15T13:35:24.372+0200][260,206s] GC(700) Phase 2: Compute new object addresses 117,206ms
[2019-04-15T13:35:24.372+0200][260,206s] GC(700) Phase 3: Adjust pointers
[2019-04-15T13:35:24.511+0200][260,345s] GC(700) Phase 3: Adjust pointers 138,558ms
[2019-04-15T13:35:24.511+0200][260,345s] GC(700) Phase 4: Move objects
[2019-04-15T13:35:24.511+0200][260,345s] GC(700) Phase 4: Move objects 0,575ms
[2019-04-15T13:35:24.512+0200][260,346s] GC(700) ParNew: 109248K->34502K(109248K)
[2019-04-15T13:35:24.512+0200][260,346s] GC(700) CMS: 393215K->382336K(393216K)
[2019-04-15T13:35:24.512+0200][260,346s] GC(700) Metaspace: 68610K->68610K(1112064K)
[2019-04-15T13:35:24.512+0200][260,346s] GC(700) Pause Full (Allocation Failure) 490M->407M(490M) 517,325ms
[2019-04-15T13:35:24.512+0200][260,346s] GC(700) User=0,50s Sys=0,00s Real=0,51s
[2019-04-15T13:35:24.521+0200][260,355s] GC(701) Pause Initial Mark
[2019-04-15T13:35:24.527+0200][260,361s] GC(701) Pause Initial Mark 414M->414M(490M) 6,274ms
[2019-04-15T13:35:24.527+0200][260,361s] GC(701) User=0,00s Sys=0,00s Real=0,01s
[2019-04-15T13:35:24.527+0200][260,361s] GC(701) Concurrent Mark
[2019-04-15T13:35:24.527+0200][260,361s] GC(701) Using 4 workers of 4 for marking
[2019-04-15T13:35:24.738+0200][260,571s] GC(701) Concurrent Mark 210,102ms
[2019-04-15T13:35:24.738+0200][260,571s] GC(701) User=0,52s Sys=0,00s Real=0,21s
[2019-04-15T13:35:24.738+0200][260,571s] GC(701) Concurrent Preclean
[2019-04-15T13:35:25.039+0200][260,873s] GC(701) Concurrent Preclean 301,593ms
[2019-04-15T13:35:25.039+0200][260,873s] GC(701) User=0,55s Sys=0,00s Real=0,30s
[2019-04-15T13:35:25.039+0200][260,873s] GC(701) Concurrent Abortable Preclean
[2019-04-15T13:35:25.039+0200][260,873s] GC(701) Concurrent Abortable Preclean 0,008ms
[2019-04-15T13:35:25.039+0200][260,873s] GC(701) User=0,00s Sys=0,00s Real=0,00s
[2019-04-15T13:35:25.039+0200][260,873s] GC(701) Pause Remark
[2019-04-15T13:35:25.040+0200][260,873s] GC(702) Pause Young (CMS Final Remark)
[2019-04-15T13:35:25.040+0200][260,873s] GC(702) Using 4 workers of 4 for evacuation
[2019-04-15T13:35:25.040+0200][260,873s] GC(702) ParNew: 109247K->109247K(109248K)
[2019-04-15T13:35:25.040+0200][260,873s] GC(702) CMS: 384570K->384570K(393216K)
[2019-04-15T13:35:25.040+0200][260,873s] GC(702) Metaspace: 68620K->68620K(1112064K)
[2019-04-15T13:35:25.040+0200][260,873s] GC(702) Pause Young (CMS Final Remark) 482M->482M(490M) 0,089ms
[2019-04-15T13:35:25.040+0200][260,873s] GC(702) User=0,00s Sys=0,00s Real=0,00s
[2019-04-15T13:35:25.123+0200][260,957s] GC(701) Pause Remark 482M->482M(490M) 83,644ms
[2019-04-15T13:35:25.123+0200][260,957s] GC(701) User=0,15s Sys=0,00s Real=0,08s
[2019-04-15T13:35:25.123+0200][260,957s] GC(701) Concurrent Sweep
[2019-04-15T13:35:25.300+0200][261,134s] GC(703) Pause Full (Allocation Failure)
[2019-04-15T13:35:25.318+0200][261,152s] GC(701) Concurrent Sweep 194,907ms
[2019-04-15T13:35:25.318+0200][261,152s] GC(701) User=0,35s Sys=0,00s Real=0,20s
[2019-04-15T13:35:25.318+0200][261,152s] GC(703) Phase 1: Mark live objects
[2019-04-15T13:35:25.582+0200][261,416s] GC(703) Phase 1: Mark live objects 263,638ms
[2019-04-15T13:35:25.582+0200][261,416s] GC(703) Phase 2: Compute new object addresses
[2019-04-15T13:35:25.711+0200][261,545s] GC(703) Phase 2: Compute new object addresses 128,700ms
[2019-04-15T13:35:25.711+0200][261,545s] GC(703) Phase 3: Adjust pointers
[2019-04-15T13:35:25.879+0200][261,713s] GC(703) Phase 3: Adjust pointers 168,203ms
[2019-04-15T13:35:25.879+0200][261,713s] GC(703) Phase 4: Move objects
[2019-04-15T13:35:25.986+0200][261,820s] GC(703) Phase 4: Move objects 106,651ms
[2019-04-15T13:35:25.988+0200][261,822s] GC(703) ParNew: 109247K->34441K(109248K)
[2019-04-15T13:35:25.989+0200][261,822s] GC(703) CMS: 393187K->382351K(393216K)
[2019-04-15T13:35:25.989+0200][261,822s] GC(703) Metaspace: 68620K->68620K(1112064K)
[2019-04-15T13:35:25.989+0200][261,823s] GC(703) Pause Full (Allocation Failure) 490M->407M(490M) 688,835ms
[2019-04-15T13:35:25.989+0200][261,823s] GC(703) User=0,68s Sys=0,00s Real=0,69s
[2019-04-15T13:35:25.991+0200][261,825s] GC(701) Old: 382336K->382351K(393216K)
[2019-04-15T13:35:26.337+0200][262,171s] GC(704) Pause Full (Allocation Failure)
[2019-04-15T13:35:26.338+0200][262,172s] GC(704) Phase 1: Mark live objects
[2019-04-15T13:35:26.502+0200][262,336s] GC(704) Phase 1: Mark live objects 164,260ms
[2019-04-15T13:35:26.502+0200][262,336s] GC(704) Phase 2: Compute new object addresses
[2019-04-15T13:35:26.637+0200][262,471s] GC(704) Phase 2: Compute new object addresses 134,904ms
[2019-04-15T13:35:26.637+0200][262,471s] GC(704) Phase 3: Adjust pointers
[2019-04-15T13:35:26.870+0200][262,704s] GC(704) Phase 3: Adjust pointers 232,798ms
[2019-04-15T13:35:26.870+0200][262,704s] GC(704) Phase 4: Move objects
[2019-04-15T13:35:26.974+0200][262,808s] GC(704) Phase 4: Move objects 104,382ms
[2019-04-15T13:35:26.981+0200][262,814s] GC(704) ParNew: 109248K->34459K(109248K)
[2019-04-15T13:35:26.981+0200][262,814s] GC(704) CMS: 393124K->382852K(393216K)
[2019-04-15T13:35:26.981+0200][262,814s] GC(704) Metaspace: 68621K->68621K(1112064K)
[2019-04-15T13:35:26.981+0200][262,815s] GC(704) Pause Full (Allocation Failure) 490M->407M(490M) 643,332ms
[2019-04-15T13:35:26.981+0200][262,815s] GC(704) User=0,55s Sys=0,00s Real=0,64s
[2019-04-15T13:35:27.001+0200][262,835s] GC(705) Pause Initial Mark
[2019-04-15T13:35:27.006+0200][262,840s] GC(705) Pause Initial Mark 415M->415M(490M) 4,968ms
[2019-04-15T13:35:27.006+0200][262,840s] GC(705) User=0,01s Sys=0,00s Real=0,01s
[2019-04-15T13:35:27.006+0200][262,840s] GC(705) Concurrent Mark
[2019-04-15T13:35:27.006+0200][262,840s] GC(705) Using 4 workers of 4 for marking
[2019-04-15T13:35:27.413+0200][263,247s] GC(705) Concurrent Mark 406,774ms
[2019-04-15T13:35:27.413+0200][263,247s] GC(705) User=0,68s Sys=0,00s Real=0,41s
[2019-04-15T13:35:27.413+0200][263,247s] GC(705) Concurrent Preclean
[2019-04-15T13:35:27.947+0200][263,781s] GC(706) Pause Full (Allocation Failure)
[2019-04-15T13:35:28.032+0200][263,866s] GC(705) Concurrent Preclean 618,983ms
[2019-04-15T13:35:28.032+0200][263,866s] GC(705) User=0,56s Sys=0,01s Real=0,61s
[2019-04-15T13:35:28.032+0200][263,866s] GC(706) Phase 1: Mark live objects
[2019-04-15T13:35:28.286+0200][264,120s] GC(706) Phase 1: Mark live objects 253,368ms
[2019-04-15T13:35:28.286+0200][264,120s] GC(706) Phase 2: Compute new object addresses
[2019-04-15T13:35:28.474+0200][264,308s] GC(706) Phase 2: Compute new object addresses 188,384ms
[2019-04-15T13:35:28.474+0200][264,308s] GC(706) Phase 3: Adjust pointers
[2019-04-15T13:35:28.685+0200][264,519s] GC(706) Phase 3: Adjust pointers 210,295ms
[2019-04-15T13:35:28.685+0200][264,519s] GC(706) Phase 4: Move objects
[2019-04-15T13:35:28.686+0200][264,519s] GC(706) Phase 4: Move objects 0,800ms
[2019-04-15T13:35:28.690+0200][264,523s] GC(706) ParNew: 109248K->34480K(109248K)
[2019-04-15T13:35:28.690+0200][264,523s] GC(706) CMS: 393174K->382068K(393216K)
[2019-04-15T13:35:28.690+0200][264,523s] GC(706) Metaspace: 68621K->68621K(1112064K)
[2019-04-15T13:35:28.690+0200][264,523s] GC(706) Pause Full (Allocation Failure) 490M->406M(490M) 742,349ms
[2019-04-15T13:35:28.690+0200][264,523s] GC(706) User=0,69s Sys=0,00s Real=0,74s
[2019-04-15T13:35:29.169+0200][265,003s] GC(707) Pause Full (Allocation Failure)
[2019-04-15T13:35:29.171+0200][265,005s] GC(707) Phase 1: Mark live objects
[2019-04-15T13:35:29.335+0200][265,168s] GC(707) Phase 1: Mark live objects 163,713ms
[2019-04-15T13:35:29.335+0200][265,168s] GC(707) Phase 2: Compute new object addresses
[2019-04-15T13:35:29.451+0200][265,285s] GC(707) Phase 2: Compute new object addresses 116,494ms
[2019-04-15T13:35:29.451+0200][265,285s] GC(707) Phase 3: Adjust pointers
[2019-04-15T13:35:29.621+0200][265,455s] GC(707) Phase 3: Adjust pointers 169,542ms
[2019-04-15T13:35:29.621+0200][265,455s] GC(707) Phase 4: Move objects
[2019-04-15T13:35:29.622+0200][265,456s] GC(707) Phase 4: Move objects 0,967ms
[2019-04-15T13:35:29.624+0200][265,457s] GC(707) ParNew: 109248K->34446K(109248K)
[2019-04-15T13:35:29.624+0200][265,457s] GC(707) CMS: 393209K->382592K(393216K)
[2019-04-15T13:35:29.624+0200][265,457s] GC(707) Metaspace: 68621K->68621K(1112064K)
[2019-04-15T13:35:29.624+0200][265,457s] GC(707) Pause Full (Allocation Failure) 490M->407M(490M) 454,471ms
[2019-04-15T13:35:29.624+0200][265,457s] GC(707) User=0,46s Sys=0,00s Real=0,45s
[2019-04-15T13:35:29.625+0200][265,459s] GC(708) Pause Initial Mark
[2019-04-15T13:35:29.627+0200][265,461s] GC(708) Pause Initial Mark 408M->408M(490M) 2,046ms
[2019-04-15T13:35:29.627+0200][265,461s] GC(708) User=0,00s Sys=0,00s Real=0,00s
[2019-04-15T13:35:29.627+0200][265,461s] GC(708) Concurrent Mark
[2019-04-15T13:35:29.627+0200][265,461s] GC(708) Using 4 workers of 4 for marking
[2019-04-15T13:35:29.810+0200][265,644s] GC(708) Concurrent Mark 183,242ms
[2019-04-15T13:35:29.810+0200][265,644s] GC(708) User=0,48s Sys=0,00s Real=0,18s
[2019-04-15T13:35:29.810+0200][265,644s] GC(708) Concurrent Preclean
[2019-04-15T13:35:30.028+0200][265,862s] GC(708) Concurrent Preclean 217,808ms
[2019-04-15T13:35:30.028+0200][265,862s] GC(708) User=0,39s Sys=0,00s Real=0,22s
[2019-04-15T13:35:30.028+0200][265,862s] GC(708) Concurrent Abortable Preclean
[2019-04-15T13:35:30.028+0200][265,862s] GC(708) Concurrent Abortable Preclean 0,007ms
[2019-04-15T13:35:30.028+0200][265,862s] GC(708) User=0,00s Sys=0,00s Real=0,00s
[2019-04-15T13:35:30.028+0200][265,862s] GC(708) Pause Remark
[2019-04-15T13:35:30.029+0200][265,862s] GC(709) Pause Young (CMS Final Remark)
[2019-04-15T13:35:30.029+0200][265,862s] GC(709) Using 4 workers of 4 for evacuation
[2019-04-15T13:35:30.029+0200][265,862s] GC(709) ParNew: 102394K->102394K(109248K)
[2019-04-15T13:35:30.029+0200][265,862s] GC(709) CMS: 382592K->382592K(393216K)
[2019-04-15T13:35:30.029+0200][265,862s] GC(709) Metaspace: 68621K->68621K(1112064K)
[2019-04-15T13:35:30.029+0200][265,862s] GC(709) Pause Young (CMS Final Remark) 473M->473M(490M) 0,089ms
[2019-04-15T13:35:30.029+0200][265,862s] GC(709) User=0,00s Sys=0,00s Real=0,00s
[2019-04-15T13:35:30.124+0200][265,958s] GC(708) Pause Remark 473M->473M(490M) 95,950ms
[2019-04-15T13:35:30.124+0200][265,958s] GC(708) User=0,20s Sys=0,00s Real=0,09s
[2019-04-15T13:35:30.125+0200][265,958s] GC(708) Concurrent Sweep
[2019-04-15T13:35:30.344+0200][266,178s] GC(708) Concurrent Sweep 219,308ms
[2019-04-15T13:35:30.344+0200][266,178s] GC(708) User=0,37s Sys=0,00s Real=0,22s
[2019-04-15T13:35:30.344+0200][266,178s] GC(710) Pause Young (Allocation Failure)
[2019-04-15T13:35:30.344+0200][266,178s] GC(710) Using 4 workers of 4 for evacuation
[2019-04-15T13:35:30.344+0200][266,178s] GC(711) Pause Full (Allocation Failure)
[2019-04-15T13:35:30.344+0200][266,178s] GC(711) Phase 1: Mark live objects
[2019-04-15T13:35:30.546+0200][266,379s] GC(711) Phase 1: Mark live objects 201,276ms
[2019-04-15T13:35:30.546+0200][266,380s] GC(711) Phase 2: Compute new object addresses
[2019-04-15T13:35:30.691+0200][266,525s] GC(711) Phase 2: Compute new object addresses 145,069ms
[2019-04-15T13:35:30.691+0200][266,525s] GC(711) Phase 3: Adjust pointers
[2019-04-15T13:35:30.834+0200][266,667s] GC(711) Phase 3: Adjust pointers 142,823ms
[2019-04-15T13:35:30.834+0200][266,668s] GC(711) Phase 4: Move objects
[2019-04-15T13:35:30.834+0200][266,668s] GC(711) Phase 4: Move objects 0,258ms
[2019-04-15T13:35:30.836+0200][266,669s] GC(711) Pause Full (Allocation Failure) 485M->406M(490M) 491,544ms
[2019-04-15T13:35:30.836+0200][266,669s] GC(710) ParNew: 109247K->34546K(109248K)
[2019-04-15T13:35:30.836+0200][266,669s] GC(710) CMS: 387946K->382042K(393216K)
[2019-04-15T13:35:30.836+0200][266,669s] GC(710) Metaspace: 68621K->68621K(1112064K)
[2019-04-15T13:35:30.836+0200][266,670s] GC(710) Pause Young (Allocation Failure) 485M->406M(490M) 491,707ms
[2019-04-15T13:35:30.836+0200][266,670s] GC(710) User=0,49s Sys=0,01s Real=0,50s
[2019-04-15T13:35:30.836+0200][266,670s] GC(708) Old: 382592K->382042K(393216K)
[2019-04-15T13:35:31.207+0200][267,041s] GC(712) Pause Full (Allocation Failure)
[2019-04-15T13:35:31.208+0200][267,041s] GC(712) Phase 1: Mark live objects
[2019-04-15T13:35:31.383+0200][267,217s] GC(712) Phase 1: Mark live objects 175,412ms
[2019-04-15T13:35:31.383+0200][267,217s] GC(712) Phase 2: Compute new object addresses
[2019-04-15T13:35:31.520+0200][267,354s] GC(712) Phase 2: Compute new object addresses 136,622ms
[2019-04-15T13:35:31.520+0200][267,354s] GC(712) Phase 3: Adjust pointers
[2019-04-15T13:35:31.698+0200][267,532s] GC(712) Phase 3: Adjust pointers 177,953ms
[2019-04-15T13:35:31.698+0200][267,532s] GC(712) Phase 4: Move objects
[2019-04-15T13:35:31.699+0200][267,533s] GC(712) Phase 4: Move objects 1,077ms
[2019-04-15T13:35:31.700+0200][267,534s] GC(712) ParNew: 109248K->34515K(109248K)
[2019-04-15T13:35:31.700+0200][267,534s] GC(712) CMS: 393215K->382435K(393216K)
[2019-04-15T13:35:31.700+0200][267,534s] GC(712) Metaspace: 68621K->68621K(1112064K)
[2019-04-15T13:35:31.700+0200][267,534s] GC(712) Pause Full (Allocation Failure) 490M->407M(490M) 492,564ms
[2019-04-15T13:35:31.700+0200][267,534s] GC(712) User=0,48s Sys=0,00s Real=0,49s
[2019-04-15T13:35:31.700+0200][267,534s] GC(713) Pause Initial Mark
[2019-04-15T13:35:31.703+0200][267,537s] GC(713) Pause Initial Mark 408M->408M(490M) 2,279ms
[2019-04-15T13:35:31.703+0200][267,537s] GC(713) User=0,00s Sys=0,01s Real=0,00s
[2019-04-15T13:35:31.703+0200][267,537s] GC(713) Concurrent Mark
[2019-04-15T13:35:31.703+0200][267,537s] GC(713) Using 4 workers of 4 for marking
[2019-04-15T13:35:31.933+0200][267,767s] GC(713) Concurrent Mark 229,752ms
[2019-04-15T13:35:31.933+0200][267,767s] GC(713) User=0,52s Sys=0,00s Real=0,24s
[2019-04-15T13:35:31.933+0200][267,767s] GC(713) Concurrent Preclean
[2019-04-15T13:35:32.400+0200][268,234s] GC(714) Pause Full (Allocation Failure)
[2019-04-15T13:35:32.404+0200][268,238s] GC(713) Concurrent Preclean 470,875ms
[2019-04-15T13:35:32.404+0200][268,238s] GC(713) User=0,82s Sys=0,02s Real=0,46s
[2019-04-15T13:35:32.404+0200][268,238s] GC(714) Phase 1: Mark live objects
[2019-04-15T13:35:32.578+0200][268,412s] GC(714) Phase 1: Mark live objects 174,340ms
[2019-04-15T13:35:32.579+0200][268,412s] GC(714) Phase 2: Compute new object addresses
[2019-04-15T13:35:32.715+0200][268,548s] GC(714) Phase 2: Compute new object addresses 136,001ms
[2019-04-15T13:35:32.715+0200][268,548s] GC(714) Phase 3: Adjust pointers
[2019-04-15T13:35:32.846+0200][268,680s] GC(714) Phase 3: Adjust pointers 131,566ms
[2019-04-15T13:35:32.846+0200][268,680s] GC(714) Phase 4: Move objects
[2019-04-15T13:35:32.847+0200][268,680s] GC(714) Phase 4: Move objects 0,214ms
[2019-04-15T13:35:32.847+0200][268,681s] GC(714) ParNew: 109247K->34673K(109248K)
[2019-04-15T13:35:32.847+0200][268,681s] GC(714) CMS: 393211K->382080K(393216K)
[2019-04-15T13:35:32.847+0200][268,681s] GC(714) Metaspace: 68621K->68621K(1112064K)
[2019-04-15T13:35:32.847+0200][268,681s] GC(714) Pause Full (Allocation Failure) 490M->406M(490M) 447,472ms
[2019-04-15T13:35:32.847+0200][268,681s] GC(714) User=0,44s Sys=0,00s Real=0,45s
[2019-04-15T13:35:33.280+0200][269,114s] GC(715) Pause Full (Allocation Failure)
[2019-04-15T13:35:33.280+0200][269,114s] GC(715) Phase 1: Mark live objects
[2019-04-15T13:35:33.497+0200][269,331s] GC(715) Phase 1: Mark live objects 217,066ms
[2019-04-15T13:35:33.497+0200][269,331s] GC(715) Phase 2: Compute new object addresses
[2019-04-15T13:35:33.651+0200][269,485s] GC(715) Phase 2: Compute new object addresses 153,499ms
[2019-04-15T13:35:33.651+0200][269,485s] GC(715) Phase 3: Adjust pointers
[2019-04-15T13:35:33.803+0200][269,637s] GC(715) Phase 3: Adjust pointers 152,221ms
[2019-04-15T13:35:33.803+0200][269,637s] GC(715) Phase 4: Move objects
[2019-04-15T13:35:33.804+0200][269,638s] GC(715) Phase 4: Move objects 0,990ms
[2019-04-15T13:35:33.805+0200][269,639s] GC(715) ParNew: 109248K->34633K(109248K)
[2019-04-15T13:35:33.805+0200][269,639s] GC(715) CMS: 393215K->382449K(393216K)
[2019-04-15T13:35:33.805+0200][269,639s] GC(715) Metaspace: 68621K->68621K(1112064K)
[2019-04-15T13:35:33.805+0200][269,639s] GC(715) Pause Full (Allocation Failure) 490M->407M(490M) 525,312ms
[2019-04-15T13:35:33.805+0200][269,639s] GC(715) User=0,51s Sys=0,01s Real=0,53s
[2019-04-15T13:35:33.806+0200][269,640s] GC(716) Pause Initial Mark
[2019-04-15T13:35:33.810+0200][269,643s] GC(716) Pause Initial Mark 408M->408M(490M) 3,635ms
[2019-04-15T13:35:33.810+0200][269,643s] GC(716) User=0,01s Sys=0,00s Real=0,00s
[2019-04-15T13:35:33.810+0200][269,644s] GC(716) Concurrent Mark
[2019-04-15T13:35:33.810+0200][269,644s] GC(716) Using 4 workers of 4 for marking
[2019-04-15T13:35:34.095+0200][269,929s] GC(716) Concurrent Mark 285,149ms
[2019-04-15T13:35:34.095+0200][269,929s] GC(716) User=0,58s Sys=0,00s Real=0,29s
[2019-04-15T13:35:34.095+0200][269,929s] GC(716) Concurrent Preclean
[2019-04-15T13:35:34.703+0200][270,537s] GC(716) Concurrent Preclean 608,009ms
[2019-04-15T13:35:34.703+0200][270,537s] GC(716) User=0,67s Sys=0,00s Real=0,60s
[2019-04-15T13:35:34.703+0200][270,537s] GC(716) Concurrent Abortable Preclean
[2019-04-15T13:35:34.703+0200][270,537s] GC(716) Concurrent Abortable Preclean 0,010ms
[2019-04-15T13:35:34.703+0200][270,537s] GC(716) User=0,00s Sys=0,00s Real=0,00s
[2019-04-15T13:35:34.703+0200][270,537s] GC(716) Pause Remark
[2019-04-15T13:35:34.703+0200][270,537s] GC(717) Pause Young (CMS Final Remark)
[2019-04-15T13:35:34.703+0200][270,537s] GC(717) Using 4 workers of 4 for evacuation
[2019-04-15T13:35:34.703+0200][270,537s] GC(717) ParNew: 109248K->109248K(109248K)
[2019-04-15T13:35:34.703+0200][270,537s] GC(717) CMS: 388114K->388114K(393216K)
[2019-04-15T13:35:34.703+0200][270,537s] GC(717) Metaspace: 68621K->68621K(1112064K)
[2019-04-15T13:35:34.704+0200][270,537s] GC(717) Pause Young (CMS Final Remark) 485M->485M(490M) 0,054ms
[2019-04-15T13:35:34.704+0200][270,537s] GC(717) User=0,00s Sys=0,00s Real=0,00s
[2019-04-15T13:35:34.834+0200][270,667s] GC(716) Pause Remark 485M->485M(490M) 130,169ms
[2019-04-15T13:35:34.834+0200][270,667s] GC(716) User=0,16s Sys=0,00s Real=0,14s
[2019-04-15T13:35:34.834+0200][270,667s] GC(716) Concurrent Sweep
[2019-04-15T13:35:34.996+0200][270,830s] GC(718) Pause Full (Allocation Failure)
[2019-04-15T13:35:35.070+0200][270,904s] GC(716) Concurrent Sweep 236,334ms
[2019-04-15T13:35:35.070+0200][270,904s] GC(716) User=0,27s Sys=0,00s Real=0,23s
[2019-04-15T13:35:35.070+0200][270,904s] GC(718) Phase 1: Mark live objects
[2019-04-15T13:35:35.291+0200][271,124s] GC(718) Phase 1: Mark live objects 220,428ms
[2019-04-15T13:35:35.291+0200][271,124s] GC(718) Phase 2: Compute new object addresses
[2019-04-15T13:35:35.420+0200][271,254s] GC(718) Phase 2: Compute new object addresses 129,054ms
[2019-04-15T13:35:35.420+0200][271,254s] GC(718) Phase 3: Adjust pointers
[2019-04-15T13:35:35.587+0200][271,421s] GC(718) Phase 3: Adjust pointers 167,244ms
[2019-04-15T13:35:35.588+0200][271,421s] GC(718) Phase 4: Move objects
[2019-04-15T13:35:35.589+0200][271,423s] GC(718) Phase 4: Move objects 1,413ms
[2019-04-15T13:35:35.592+0200][271,425s] GC(718) ParNew: 109248K->34171K(109248K)
[2019-04-15T13:35:35.592+0200][271,425s] GC(718) CMS: 392738K->381683K(393216K)
[2019-04-15T13:35:35.592+0200][271,425s] GC(718) Metaspace: 68621K->68621K(1112064K)
[2019-04-15T13:35:35.592+0200][271,426s] GC(718) Pause Full (Allocation Failure) 490M->406M(490M) 595,793ms
[2019-04-15T13:35:35.592+0200][271,426s] GC(718) User=0,56s Sys=0,00s Real=0,59s
[2019-04-15T13:35:35.593+0200][271,426s] GC(716) Old: 382449K->381683K(393216K)
[2019-04-15T13:35:35.995+0200][271,828s] GC(719) Pause Full (Allocation Failure)
[2019-04-15T13:35:35.995+0200][271,829s] GC(719) Phase 1: Mark live objects
[2019-04-15T13:35:36.213+0200][272,047s] GC(719) Phase 1: Mark live objects 217,932ms
[2019-04-15T13:35:36.213+0200][272,047s] GC(719) Phase 2: Compute new object addresses
[2019-04-15T13:35:36.341+0200][272,175s] GC(719) Phase 2: Compute new object addresses 127,713ms
[2019-04-15T13:35:36.341+0200][272,175s] GC(719) Phase 3: Adjust pointers
[2019-04-15T13:35:36.502+0200][272,336s] GC(719) Phase 3: Adjust pointers 161,335ms
[2019-04-15T13:35:36.502+0200][272,336s] GC(719) Phase 4: Move objects
[2019-04-15T13:35:36.503+0200][272,337s] GC(719) Phase 4: Move objects 0,435ms
[2019-04-15T13:35:36.504+0200][272,338s] GC(719) ParNew: 109247K->34088K(109248K)
[2019-04-15T13:35:36.505+0200][272,338s] GC(719) CMS: 393190K->381940K(393216K)
[2019-04-15T13:35:36.505+0200][272,338s] GC(719) Metaspace: 68621K->68621K(1112064K)
[2019-04-15T13:35:36.505+0200][272,338s] GC(719) Pause Full (Allocation Failure) 490M->406M(490M) 509,850ms
[2019-04-15T13:35:36.505+0200][272,338s] GC(719) User=0,50s Sys=0,00s Real=0,50s
[2019-04-15T13:35:36.505+0200][272,339s] GC(720) Pause Initial Mark
[2019-04-15T13:35:36.506+0200][272,340s] GC(720) Pause Initial Mark 407M->407M(490M) 1,123ms
[2019-04-15T13:35:36.506+0200][272,340s] GC(720) User=0,00s Sys=0,00s Real=0,01s
[2019-04-15T13:35:36.506+0200][272,340s] GC(720) Concurrent Mark
[2019-04-15T13:35:36.506+0200][272,340s] GC(720) Using 4 workers of 4 for marking
[2019-04-15T13:35:36.714+0200][272,548s] GC(720) Concurrent Mark 207,902ms
[2019-04-15T13:35:36.714+0200][272,548s] GC(720) User=0,46s Sys=0,00s Real=0,21s
[2019-04-15T13:35:36.714+0200][272,548s] GC(720) Concurrent Preclean
[2019-04-15T13:35:36.984+0200][272,818s] GC(720) Concurrent Preclean 269,862ms
[2019-04-15T13:35:36.984+0200][272,818s] GC(720) User=0,47s Sys=0,00s Real=0,26s
[2019-04-15T13:35:36.984+0200][272,818s] GC(720) Concurrent Abortable Preclean
[2019-04-15T13:35:36.984+0200][272,818s] GC(720) Concurrent Abortable Preclean 0,007ms
[2019-04-15T13:35:36.984+0200][272,818s] GC(720) User=0,00s Sys=0,00s Real=0,00s
[2019-04-15T13:35:36.984+0200][272,818s] GC(720) Pause Remark
[2019-04-15T13:35:36.984+0200][272,818s] GC(721) Pause Young (CMS Final Remark)
[2019-04-15T13:35:36.984+0200][272,818s] GC(721) Using 4 workers of 4 for evacuation
[2019-04-15T13:35:36.984+0200][272,818s] GC(721) ParNew: 109247K->109247K(109248K)
[2019-04-15T13:35:36.984+0200][272,818s] GC(721) CMS: 383091K->383091K(393216K)
[2019-04-15T13:35:36.984+0200][272,818s] GC(721) Metaspace: 68621K->68621K(1112064K)
[2019-04-15T13:35:36.984+0200][272,818s] GC(721) Pause Young (CMS Final Remark) 480M->480M(490M) 0,055ms
[2019-04-15T13:35:36.984+0200][272,818s] GC(721) User=0,00s Sys=0,00s Real=0,00s
[2019-04-15T13:35:37.118+0200][272,952s] GC(720) Pause Remark 480M->480M(490M) 133,718ms
[2019-04-15T13:35:37.118+0200][272,952s] GC(720) User=0,17s Sys=0,00s Real=0,14s
[2019-04-15T13:35:37.118+0200][272,952s] GC(720) Concurrent Sweep
[2019-04-15T13:35:37.391+0200][273,225s] GC(722) Pause Full (Allocation Failure)
[2019-04-15T13:35:37.400+0200][273,234s] GC(720) Concurrent Sweep 282,076ms
[2019-04-15T13:35:37.400+0200][273,234s] GC(720) User=0,42s Sys=0,01s Real=0,28s
[2019-04-15T13:35:37.400+0200][273,234s] GC(722) Phase 1: Mark live objects
[2019-04-15T13:35:37.667+0200][273,501s] GC(722) Phase 1: Mark live objects 266,480ms
[2019-04-15T13:35:37.667+0200][273,501s] GC(722) Phase 2: Compute new object addresses
[2019-04-15T13:35:37.787+0200][273,621s] GC(722) Phase 2: Compute new object addresses 120,360ms
[2019-04-15T13:35:37.787+0200][273,621s] GC(722) Phase 3: Adjust pointers
[2019-04-15T13:35:37.908+0200][273,742s] GC(722) Phase 3: Adjust pointers 120,968ms
[2019-04-15T13:35:37.908+0200][273,742s] GC(722) Phase 4: Move objects
[2019-04-15T13:35:37.909+0200][273,743s] GC(722) Phase 4: Move objects 0,530ms
[2019-04-15T13:35:37.909+0200][273,743s] GC(722) ParNew: 109247K->34102K(109248K)
[2019-04-15T13:35:37.909+0200][273,743s] GC(722) CMS: 392329K->382284K(393216K)
[2019-04-15T13:35:37.909+0200][273,743s] GC(722) Metaspace: 68621K->68621K(1112064K)
[2019-04-15T13:35:37.909+0200][273,743s] GC(722) Pause Full (Allocation Failure) 489M->406M(490M) 518,627ms
[2019-04-15T13:35:37.910+0200][273,743s] GC(722) User=0,49s Sys=0,00s Real=0,52s
[2019-04-15T13:35:37.910+0200][273,743s] GC(720) Old: 381940K->382284K(393216K)
[2019-04-15T13:35:38.319+0200][274,152s] GC(723) Pause Full (Allocation Failure)
[2019-04-15T13:35:38.320+0200][274,154s] GC(723) Phase 1: Mark live objects
[2019-04-15T13:35:38.609+0200][274,443s] GC(723) Phase 1: Mark live objects 289,727ms
[2019-04-15T13:35:38.610+0200][274,443s] GC(723) Phase 2: Compute new object addresses
[2019-04-15T13:35:38.753+0200][274,587s] GC(723) Phase 2: Compute new object addresses 143,228ms
[2019-04-15T13:35:38.753+0200][274,587s] GC(723) Phase 3: Adjust pointers
[2019-04-15T13:35:38.961+0200][274,795s] GC(723) Phase 3: Adjust pointers 208,287ms
[2019-04-15T13:35:38.961+0200][274,795s] GC(723) Phase 4: Move objects
[2019-04-15T13:35:38.962+0200][274,796s] GC(723) Phase 4: Move objects 0,636ms
[2019-04-15T13:35:38.963+0200][274,797s] GC(723) ParNew: 109247K->34144K(109248K)
[2019-04-15T13:35:38.963+0200][274,797s] GC(723) CMS: 393214K->382178K(393216K)
[2019-04-15T13:35:38.963+0200][274,797s] GC(723) Metaspace: 68622K->68622K(1112064K)
[2019-04-15T13:35:38.963+0200][274,797s] GC(723) Pause Full (Allocation Failure) 490M->406M(490M) 644,144ms
[2019-04-15T13:35:38.963+0200][274,797s] GC(723) User=0,59s Sys=0,00s Real=0,64s
[2019-04-15T13:35:38.964+0200][274,798s] GC(724) Pause Initial Mark
[2019-04-15T13:35:38.966+0200][274,800s] GC(724) Pause Initial Mark 408M->408M(490M) 1,571ms
[2019-04-15T13:35:38.966+0200][274,800s] GC(724) User=0,00s Sys=0,00s Real=0,01s
[2019-04-15T13:35:38.966+0200][274,800s] GC(724) Concurrent Mark
[2019-04-15T13:35:38.966+0200][274,800s] GC(724) Using 4 workers of 4 for marking
[2019-04-15T13:35:39.240+0200][275,073s] GC(724) Concurrent Mark 273,554ms
[2019-04-15T13:35:39.240+0200][275,073s] GC(724) User=0,50s Sys=0,00s Real=0,27s
[2019-04-15T13:35:39.240+0200][275,074s] GC(724) Concurrent Preclean
[2019-04-15T13:35:39.509+0200][275,343s] GC(724) Concurrent Preclean 269,452ms
[2019-04-15T13:35:39.509+0200][275,343s] GC(724) User=0,41s Sys=0,00s Real=0,27s
[2019-04-15T13:35:39.509+0200][275,343s] GC(724) Concurrent Abortable Preclean
[2019-04-15T13:35:39.509+0200][275,343s] GC(724) Concurrent Abortable Preclean 0,008ms
[2019-04-15T13:35:39.509+0200][275,343s] GC(724) User=0,00s Sys=0,00s Real=0,00s
[2019-04-15T13:35:39.510+0200][275,343s] GC(724) Pause Remark
[2019-04-15T13:35:39.510+0200][275,343s] GC(725) Pause Young (CMS Final Remark)
[2019-04-15T13:35:39.510+0200][275,343s] GC(725) Using 4 workers of 4 for evacuation
[2019-04-15T13:35:39.510+0200][275,343s] GC(725) ParNew: 108882K->108882K(109248K)
[2019-04-15T13:35:39.510+0200][275,343s] GC(725) CMS: 382178K->382178K(393216K)
[2019-04-15T13:35:39.510+0200][275,343s] GC(725) Metaspace: 68622K->68622K(1112064K)
[2019-04-15T13:35:39.510+0200][275,343s] GC(725) Pause Young (CMS Final Remark) 479M->479M(490M) 0,082ms
[2019-04-15T13:35:39.510+0200][275,343s] GC(725) User=0,00s Sys=0,00s Real=0,00s
[2019-04-15T13:35:39.665+0200][275,499s] GC(724) Pause Remark 479M->479M(490M) 155,717ms
[2019-04-15T13:35:39.665+0200][275,499s] GC(724) User=0,21s Sys=0,01s Real=0,16s
[2019-04-15T13:35:39.665+0200][275,499s] GC(724) Concurrent Sweep
[2019-04-15T13:35:40.039+0200][275,872s] GC(724) Concurrent Sweep 373,322ms
[2019-04-15T13:35:40.039+0200][275,873s] GC(724) User=0,40s Sys=0,01s Real=0,37s
[2019-04-15T13:35:40.041+0200][275,875s] GC(726) Pause Young (Allocation Failure)
[2019-04-15T13:35:40.041+0200][275,875s] GC(726) Using 4 workers of 4 for evacuation
[2019-04-15T13:35:40.041+0200][275,875s] GC(727) Pause Full (Allocation Failure)
[2019-04-15T13:35:40.042+0200][275,875s] GC(727) Phase 1: Mark live objects
[2019-04-15T13:35:40.564+0200][276,398s] GC(727) Phase 1: Mark live objects 522,598ms
[2019-04-15T13:35:40.570+0200][276,404s] GC(727) Phase 2: Compute new object addresses
[2019-04-15T13:35:40.966+0200][276,800s] GC(727) Phase 2: Compute new object addresses 395,977ms
[2019-04-15T13:35:40.966+0200][276,800s] GC(727) Phase 3: Adjust pointers
[2019-04-15T13:35:41.267+0200][277,100s] GC(727) Phase 3: Adjust pointers 300,401ms
[2019-04-15T13:35:41.267+0200][277,100s] GC(727) Phase 4: Move objects
[2019-04-15T13:35:41.269+0200][277,103s] GC(727) Phase 4: Move objects 2,374ms
[2019-04-15T13:35:41.271+0200][277,105s] GC(727) Pause Full (Allocation Failure) 488M->406M(490M) 1229,615ms
[2019-04-15T13:35:41.271+0200][277,105s] GC(726) ParNew: 109248K->34140K(109248K)
[2019-04-15T13:35:41.271+0200][277,105s] GC(726) CMS: 390576K->382460K(393216K)
[2019-04-15T13:35:41.271+0200][277,105s] GC(726) Metaspace: 68622K->68622K(1112064K)
[2019-04-15T13:35:41.271+0200][277,105s] GC(726) Pause Young (Allocation Failure) 488M->406M(490M) 1229,784ms
[2019-04-15T13:35:41.271+0200][277,105s] GC(726) User=0,66s Sys=0,00s Real=1,23s
[2019-04-15T13:35:41.272+0200][277,106s] GC(724) Old: 382178K->382460K(393216K)
[2019-04-15T13:35:42.033+0200][277,866s] GC(728) Pause Full (Allocation Failure)
[2019-04-15T13:35:42.033+0200][277,867s] GC(728) Phase 1: Mark live objects
[2019-04-15T13:35:42.440+0200][278,274s] GC(728) Phase 1: Mark live objects 407,039ms
[2019-04-15T13:35:42.440+0200][278,274s] GC(728) Phase 2: Compute new object addresses
[2019-04-15T13:35:42.694+0200][278,527s] GC(728) Phase 2: Compute new object addresses 253,373ms
[2019-04-15T13:35:42.694+0200][278,528s] GC(728) Phase 3: Adjust pointers
[2019-04-15T13:35:43.116+0200][278,950s] GC(728) Phase 3: Adjust pointers 422,484ms
[2019-04-15T13:35:43.117+0200][278,950s] GC(728) Phase 4: Move objects
[2019-04-15T13:35:43.119+0200][278,953s] GC(728) Phase 4: Move objects 2,094ms
[2019-04-15T13:35:43.122+0200][278,956s] GC(728) ParNew: 109247K->34215K(109248K)
[2019-04-15T13:35:43.122+0200][278,956s] GC(728) CMS: 393215K->382307K(393216K)
[2019-04-15T13:35:43.122+0200][278,956s] GC(728) Metaspace: 68622K->68622K(1112064K)
[2019-04-15T13:35:43.122+0200][278,956s] GC(728) Pause Full (Allocation Failure) 490M->406M(490M) 1089,487ms
[2019-04-15T13:35:43.122+0200][278,956s] GC(728) User=0,61s Sys=0,00s Real=1,09s
[2019-04-15T13:35:43.123+0200][278,957s] GC(729) Pause Initial Mark
[2019-04-15T13:35:43.126+0200][278,960s] GC(729) Pause Initial Mark 408M->408M(490M) 2,655ms
[2019-04-15T13:35:43.126+0200][278,960s] GC(729) User=0,01s Sys=0,00s Real=0,01s
[2019-04-15T13:35:43.143+0200][278,977s] GC(729) Concurrent Mark
[2019-04-15T13:35:43.143+0200][278,977s] GC(729) Using 4 workers of 4 for marking
[2019-04-15T13:35:43.505+0200][279,338s] GC(729) Concurrent Mark 361,605ms
[2019-04-15T13:35:43.505+0200][279,338s] GC(729) User=0,61s Sys=0,01s Real=0,36s
[2019-04-15T13:35:43.505+0200][279,338s] GC(729) Concurrent Preclean
[2019-04-15T13:35:44.387+0200][280,221s] GC(729) Concurrent Preclean 882,486ms
[2019-04-15T13:35:44.389+0200][280,222s] GC(729) User=0,65s Sys=0,01s Real=0,89s
[2019-04-15T13:35:44.389+0200][280,222s] GC(729) Concurrent Abortable Preclean
[2019-04-15T13:35:44.389+0200][280,222s] GC(729) Concurrent Abortable Preclean 0,012ms
[2019-04-15T13:35:44.389+0200][280,222s] GC(729) User=0,00s Sys=0,00s Real=0,00s
[2019-04-15T13:35:44.389+0200][280,223s] GC(729) Pause Remark
[2019-04-15T13:35:44.389+0200][280,223s] GC(730) Pause Young (CMS Final Remark)
[2019-04-15T13:35:44.389+0200][280,223s] GC(730) Using 4 workers of 4 for evacuation
[2019-04-15T13:35:44.389+0200][280,223s] GC(730) ParNew: 109248K->109248K(109248K)
[2019-04-15T13:35:44.389+0200][280,223s] GC(730) CMS: 392276K->392276K(393216K)
[2019-04-15T13:35:44.389+0200][280,223s] GC(730) Metaspace: 68622K->68622K(1112064K)
[2019-04-15T13:35:44.389+0200][280,223s] GC(730) Pause Young (CMS Final Remark) 489M->489M(490M) 0,097ms
[2019-04-15T13:35:44.389+0200][280,223s] GC(730) User=0,00s Sys=0,00s Real=0,00s
[2019-04-15T13:35:44.633+0200][280,467s] GC(729) Pause Remark 489M->489M(490M) 244,259ms
[2019-04-15T13:35:44.633+0200][280,467s] GC(729) User=0,16s Sys=0,00s Real=0,25s
[2019-04-15T13:35:44.633+0200][280,467s] GC(729) Concurrent Sweep
[2019-04-15T13:35:44.714+0200][280,548s] GC(731) Pause Full (Allocation Failure)
[2019-04-15T13:35:44.901+0200][280,734s] GC(729) Concurrent Sweep 267,456ms
[2019-04-15T13:35:44.901+0200][280,735s] GC(729) User=0,14s Sys=0,00s Real=0,26s
[2019-04-15T13:35:44.901+0200][280,735s] GC(731) Phase 1: Mark live objects
[2019-04-15T13:35:45.448+0200][281,281s] GC(731) Phase 1: Mark live objects 546,420ms
[2019-04-15T13:35:45.461+0200][281,295s] GC(731) Phase 2: Compute new object addresses
[2019-04-15T13:35:45.766+0200][281,599s] GC(731) Phase 2: Compute new object addresses 304,414ms
[2019-04-15T13:35:45.766+0200][281,600s] GC(731) Phase 3: Adjust pointers
[2019-04-15T13:35:46.085+0200][281,919s] GC(731) Phase 3: Adjust pointers 319,066ms
[2019-04-15T13:35:46.087+0200][281,921s] GC(731) Phase 4: Move objects
[2019-04-15T13:35:46.088+0200][281,921s] GC(731) Phase 4: Move objects 0,706ms
[2019-04-15T13:35:46.088+0200][281,922s] GC(731) ParNew: 109248K->34091K(109248K)
[2019-04-15T13:35:46.088+0200][281,922s] GC(731) CMS: 393190K->382122K(393216K)
[2019-04-15T13:35:46.088+0200][281,922s] GC(731) Metaspace: 68622K->68622K(1112064K)
[2019-04-15T13:35:46.088+0200][281,922s] GC(731) Pause Full (Allocation Failure) 490M->406M(490M) 1374,246ms
[2019-04-15T13:35:46.088+0200][281,922s] GC(731) User=0,75s Sys=0,00s Real=1,37s
[2019-04-15T13:35:46.088+0200][281,922s] GC(729) Old: 382307K->382122K(393216K)
[2019-04-15T13:35:46.838+0200][282,672s] GC(732) Pause Full (Allocation Failure)
[2019-04-15T13:35:46.839+0200][282,672s] GC(732) Phase 1: Mark live objects
[2019-04-15T13:35:47.337+0200][283,171s] GC(732) Phase 1: Mark live objects 498,755ms
[2019-04-15T13:35:47.339+0200][283,173s] GC(732) Phase 2: Compute new object addresses
[2019-04-15T13:35:47.610+0200][283,444s] GC(732) Phase 2: Compute new object addresses 271,542ms
[2019-04-15T13:35:47.611+0200][283,445s] GC(732) Phase 3: Adjust pointers
[2019-04-15T13:35:47.814+0200][283,648s] GC(732) Phase 3: Adjust pointers 203,327ms
[2019-04-15T13:35:47.814+0200][283,648s] GC(732) Phase 4: Move objects
[2019-04-15T13:35:47.816+0200][283,649s] GC(732) Phase 4: Move objects 1,360ms
[2019-04-15T13:35:47.819+0200][283,652s] GC(732) ParNew: 109247K->34133K(109248K)
[2019-04-15T13:35:47.819+0200][283,652s] GC(732) CMS: 393204K->382279K(393216K)
[2019-04-15T13:35:47.819+0200][283,652s] GC(732) Metaspace: 68622K->68622K(1112064K)
[2019-04-15T13:35:47.819+0200][283,653s] GC(732) Pause Full (Allocation Failure) 490M->406M(490M) 980,622ms
[2019-04-15T13:35:47.819+0200][283,653s] GC(732) User=0,61s Sys=0,01s Real=0,98s
[2019-04-15T13:35:47.843+0200][283,677s] GC(733) Pause Initial Mark
[2019-04-15T13:35:47.851+0200][283,685s] GC(733) Pause Initial Mark 413M->413M(490M) 7,883ms
[2019-04-15T13:35:47.851+0200][283,685s] GC(733) User=0,01s Sys=0,00s Real=0,01s
[2019-04-15T13:35:47.851+0200][283,685s] GC(733) Concurrent Mark
[2019-04-15T13:35:47.851+0200][283,685s] GC(733) Using 4 workers of 4 for marking
[2019-04-15T13:35:48.127+0200][283,961s] GC(733) Concurrent Mark 275,599ms
[2019-04-15T13:35:48.127+0200][283,961s] GC(733) User=0,48s Sys=0,00s Real=0,28s
[2019-04-15T13:35:48.127+0200][283,961s] GC(733) Concurrent Preclean
[2019-04-15T13:35:48.551+0200][284,385s] GC(733) Concurrent Preclean 423,917ms
[2019-04-15T13:35:48.551+0200][284,385s] GC(733) User=0,42s Sys=0,01s Real=0,42s
[2019-04-15T13:35:48.551+0200][284,385s] GC(733) Concurrent Abortable Preclean
[2019-04-15T13:35:48.551+0200][284,385s] GC(733) Concurrent Abortable Preclean 0,010ms
[2019-04-15T13:35:48.551+0200][284,385s] GC(733) User=0,00s Sys=0,00s Real=0,00s
[2019-04-15T13:35:48.552+0200][284,385s] GC(733) Pause Remark
[2019-04-15T13:35:48.552+0200][284,385s] GC(734) Pause Young (CMS Final Remark)
[2019-04-15T13:35:48.552+0200][284,385s] GC(734) Using 4 workers of 4 for evacuation
[2019-04-15T13:35:48.552+0200][284,386s] GC(734) ParNew: 107836K->107836K(109248K)
[2019-04-15T13:35:48.552+0200][284,386s] GC(734) CMS: 382279K->382279K(393216K)
[2019-04-15T13:35:48.552+0200][284,386s] GC(734) Metaspace: 68623K->68623K(1112064K)
[2019-04-15T13:35:48.552+0200][284,386s] GC(734) Pause Young (CMS Final Remark) 478M->478M(490M) 0,283ms
[2019-04-15T13:35:48.552+0200][284,386s] GC(734) User=0,00s Sys=0,00s Real=0,00s
[2019-04-15T13:35:48.713+0200][284,547s] GC(733) Pause Remark 478M->478M(490M) 161,874ms
[2019-04-15T13:35:48.714+0200][284,547s] GC(733) User=0,23s Sys=0,00s Real=0,17s
[2019-04-15T13:35:48.714+0200][284,547s] GC(733) Concurrent Sweep
[2019-04-15T13:35:49.084+0200][284,917s] GC(733) Concurrent Sweep 369,998ms
[2019-04-15T13:35:49.084+0200][284,917s] GC(733) User=0,34s Sys=0,01s Real=0,36s
[2019-04-15T13:35:49.084+0200][284,917s] GC(733) Concurrent Reset
[2019-04-15T13:35:49.084+0200][284,918s] GC(733) Concurrent Reset 0,538ms
[2019-04-15T13:35:49.091+0200][284,925s] GC(733) User=0,00s Sys=0,00s Real=0,01s
[2019-04-15T13:35:49.091+0200][284,925s] GC(735) Pause Young (Allocation Failure)
[2019-04-15T13:35:49.091+0200][284,925s] GC(735) Using 4 workers of 4 for evacuation
[2019-04-15T13:35:49.091+0200][284,925s] GC(736) Pause Full (Allocation Failure)
[2019-04-15T13:35:49.092+0200][284,925s] GC(736) Phase 1: Mark live objects
[2019-04-15T13:35:49.097+0200][284,930s] GC(733) Old: 382279K->390076K(393216K)
[2019-04-15T13:35:49.339+0200][285,173s] GC(736) Phase 1: Mark live objects 247,731ms
[2019-04-15T13:35:49.340+0200][285,173s] GC(736) Phase 2: Compute new object addresses
[2019-04-15T13:35:49.497+0200][285,330s] GC(736) Phase 2: Compute new object addresses 157,185ms
[2019-04-15T13:35:49.497+0200][285,331s] GC(736) Phase 3: Adjust pointers
[2019-04-15T13:35:49.639+0200][285,473s] GC(736) Phase 3: Adjust pointers 142,530ms
[2019-04-15T13:35:49.639+0200][285,473s] GC(736) Phase 4: Move objects
[2019-04-15T13:35:49.640+0200][285,473s] GC(736) Phase 4: Move objects 0,230ms
[2019-04-15T13:35:49.640+0200][285,474s] GC(736) Pause Full (Allocation Failure) 487M->406M(490M) 548,980ms
[2019-04-15T13:35:49.640+0200][285,474s] GC(735) ParNew: 109248K->34196K(109248K)
[2019-04-15T13:35:49.640+0200][285,474s] GC(735) CMS: 390076K->381781K(393216K)
[2019-04-15T13:35:49.640+0200][285,474s] GC(735) Metaspace: 68623K->68623K(1112064K)
[2019-04-15T13:35:49.640+0200][285,474s] GC(735) Pause Young (Allocation Failure) 487M->406M(490M) 549,097ms
[2019-04-15T13:35:49.640+0200][285,474s] GC(735) User=0,48s Sys=0,00s Real=0,55s
[2019-04-15T13:35:49.973+0200][285,807s] GC(737) Pause Full (Allocation Failure)
[2019-04-15T13:35:49.974+0200][285,808s] GC(737) Phase 1: Mark live objects
[2019-04-15T13:35:50.213+0200][286,047s] GC(737) Phase 1: Mark live objects 239,019ms
[2019-04-15T13:35:50.213+0200][286,047s] GC(737) Phase 2: Compute new object addresses
[2019-04-15T13:35:50.336+0200][286,169s] GC(737) Phase 2: Compute new object addresses 122,531ms
[2019-04-15T13:35:50.336+0200][286,169s] GC(737) Phase 3: Adjust pointers
[2019-04-15T13:35:50.461+0200][286,295s] GC(737) Phase 3: Adjust pointers 125,832ms
[2019-04-15T13:35:50.461+0200][286,295s] GC(737) Phase 4: Move objects
[2019-04-15T13:35:50.462+0200][286,296s] GC(737) Phase 4: Move objects 0,653ms
[2019-04-15T13:35:50.463+0200][286,296s] GC(737) ParNew: 109248K->34577K(109248K)
[2019-04-15T13:35:50.463+0200][286,296s] GC(737) CMS: 393215K->382393K(393216K)
[2019-04-15T13:35:50.463+0200][286,296s] GC(737) Metaspace: 68623K->68623K(1112064K)
[2019-04-15T13:35:50.463+0200][286,297s] GC(737) Pause Full (Allocation Failure) 490M->407M(490M) 490,008ms
[2019-04-15T13:35:50.463+0200][286,297s] GC(737) User=0,47s Sys=0,00s Real=0,49s
[2019-04-15T13:35:50.463+0200][286,297s] GC(738) Pause Initial Mark
[2019-04-15T13:35:50.465+0200][286,299s] GC(738) Pause Initial Mark 408M->408M(490M) 1,318ms
[2019-04-15T13:35:50.465+0200][286,299s] GC(738) User=0,00s Sys=0,00s Real=0,00s
[2019-04-15T13:35:50.465+0200][286,299s] GC(738) Concurrent Mark
[2019-04-15T13:35:50.465+0200][286,299s] GC(738) Using 4 workers of 4 for marking
[2019-04-15T13:35:50.651+0200][286,485s] GC(738) Concurrent Mark 185,906ms
[2019-04-15T13:35:50.651+0200][286,485s] GC(738) User=0,47s Sys=0,00s Real=0,19s
[2019-04-15T13:35:50.651+0200][286,485s] GC(738) Concurrent Preclean
[2019-04-15T13:35:51.155+0200][286,989s] GC(739) Pause Full (Allocation Failure)
[2019-04-15T13:35:51.174+0200][287,008s] GC(738) Concurrent Preclean 523,485ms
[2019-04-15T13:35:51.175+0200][287,008s] GC(738) User=0,81s Sys=0,00s Real=0,53s
[2019-04-15T13:35:51.175+0200][287,008s] GC(739) Phase 1: Mark live objects
[2019-04-15T13:35:51.399+0200][287,232s] GC(739) Phase 1: Mark live objects 223,881ms
[2019-04-15T13:35:51.399+0200][287,232s] GC(739) Phase 2: Compute new object addresses
[2019-04-15T13:35:51.531+0200][287,365s] GC(739) Phase 2: Compute new object addresses 132,098ms
[2019-04-15T13:35:51.531+0200][287,365s] GC(739) Phase 3: Adjust pointers
[2019-04-15T13:35:51.654+0200][287,487s] GC(739) Phase 3: Adjust pointers 122,822ms
[2019-04-15T13:35:51.654+0200][287,487s] GC(739) Phase 4: Move objects
[2019-04-15T13:35:51.654+0200][287,488s] GC(739) Phase 4: Move objects 0,608ms
[2019-04-15T13:35:51.655+0200][287,489s] GC(739) ParNew: 109248K->34669K(109248K)
[2019-04-15T13:35:51.655+0200][287,489s] GC(739) CMS: 393053K->382092K(393216K)
[2019-04-15T13:35:51.655+0200][287,489s] GC(739) Metaspace: 68623K->68623K(1112064K)
[2019-04-15T13:35:51.655+0200][287,489s] GC(739) Pause Full (Allocation Failure) 490M->406M(490M) 499,562ms
[2019-04-15T13:35:51.655+0200][287,489s] GC(739) User=0,50s Sys=0,00s Real=0,50s
[2019-04-15T13:35:52.002+0200][287,836s] GC(740) Pause Full (Allocation Failure)
[2019-04-15T13:35:52.003+0200][287,836s] GC(740) Phase 1: Mark live objects
[2019-04-15T13:35:52.244+0200][288,078s] GC(740) Phase 1: Mark live objects 241,397ms
[2019-04-15T13:35:52.244+0200][288,078s] GC(740) Phase 2: Compute new object addresses
[2019-04-15T13:35:52.456+0200][288,290s] GC(740) Phase 2: Compute new object addresses 212,070ms
[2019-04-15T13:35:52.456+0200][288,290s] GC(740) Phase 3: Adjust pointers
[2019-04-15T13:35:52.668+0200][288,502s] GC(740) Phase 3: Adjust pointers 211,576ms
[2019-04-15T13:35:52.668+0200][288,502s] GC(740) Phase 4: Move objects
[2019-04-15T13:35:52.671+0200][288,505s] GC(740) Phase 4: Move objects 2,810ms
[2019-04-15T13:35:52.675+0200][288,508s] GC(740) ParNew: 109248K->34823K(109248K)
[2019-04-15T13:35:52.675+0200][288,508s] GC(740) CMS: 393173K->382847K(393216K)
[2019-04-15T13:35:52.675+0200][288,508s] GC(740) Metaspace: 68623K->68623K(1112064K)
[2019-04-15T13:35:52.675+0200][288,509s] GC(740) Pause Full (Allocation Failure) 490M->407M(490M) 672,565ms
[2019-04-15T13:35:52.675+0200][288,509s] GC(740) User=0,63s Sys=0,01s Real=0,68s
[2019-04-15T13:35:52.697+0200][288,530s] GC(741) Pause Initial Mark
[2019-04-15T13:35:52.699+0200][288,533s] GC(741) Pause Initial Mark 416M->416M(490M) 2,768ms
[2019-04-15T13:35:52.699+0200][288,533s] GC(741) User=0,01s Sys=0,00s Real=0,00s
[2019-04-15T13:35:52.699+0200][288,533s] GC(741) Concurrent Mark
[2019-04-15T13:35:52.699+0200][288,533s] GC(741) Using 4 workers of 4 for marking
[2019-04-15T13:35:52.998+0200][288,831s] GC(741) Concurrent Mark 298,101ms
[2019-04-15T13:35:52.998+0200][288,831s] GC(741) User=0,56s Sys=0,00s Real=0,30s
[2019-04-15T13:35:52.998+0200][288,832s] GC(741) Concurrent Preclean
[2019-04-15T13:35:53.259+0200][289,093s] GC(741) Concurrent Preclean 261,167ms
[2019-04-15T13:35:53.259+0200][289,093s] GC(741) User=0,42s Sys=0,01s Real=0,26s
[2019-04-15T13:35:53.259+0200][289,093s] GC(741) Concurrent Abortable Preclean
[2019-04-15T13:35:53.259+0200][289,093s] GC(741) Concurrent Abortable Preclean 0,007ms
[2019-04-15T13:35:53.259+0200][289,093s] GC(741) User=0,00s Sys=0,00s Real=0,00s
[2019-04-15T13:35:53.259+0200][289,093s] GC(741) Pause Remark
[2019-04-15T13:35:53.259+0200][289,093s] GC(742) Pause Young (CMS Final Remark)
[2019-04-15T13:35:53.259+0200][289,093s] GC(742) Using 4 workers of 4 for evacuation
[2019-04-15T13:35:53.259+0200][289,093s] GC(742) ParNew: 109247K->109247K(109248K)
[2019-04-15T13:35:53.259+0200][289,093s] GC(742) CMS: 384012K->384012K(393216K)
[2019-04-15T13:35:53.259+0200][289,093s] GC(742) Metaspace: 68624K->68624K(1112064K)
[2019-04-15T13:35:53.259+0200][289,093s] GC(742) Pause Young (CMS Final Remark) 481M->481M(490M) 0,081ms
[2019-04-15T13:35:53.259+0200][289,093s] GC(742) User=0,00s Sys=0,00s Real=0,00s
[2019-04-15T13:35:53.344+0200][289,178s] GC(741) Pause Remark 481M->481M(490M) 84,916ms
[2019-04-15T13:35:53.344+0200][289,178s] GC(741) User=0,16s Sys=0,00s Real=0,08s
[2019-04-15T13:35:53.344+0200][289,178s] GC(741) Concurrent Sweep
[2019-04-15T13:35:53.548+0200][289,382s] GC(743) Pause Full (Allocation Failure)
[2019-04-15T13:35:53.560+0200][289,394s] GC(741) Concurrent Sweep 215,696ms
[2019-04-15T13:35:53.560+0200][289,394s] GC(741) User=0,38s Sys=0,00s Real=0,22s
[2019-04-15T13:35:53.560+0200][289,394s] GC(743) Phase 1: Mark live objects
[2019-04-15T13:35:53.773+0200][289,607s] GC(743) Phase 1: Mark live objects 213,191ms
[2019-04-15T13:35:53.773+0200][289,607s] GC(743) Phase 2: Compute new object addresses
[2019-04-15T13:35:53.935+0200][289,769s] GC(743) Phase 2: Compute new object addresses 161,656ms
[2019-04-15T13:35:53.935+0200][289,769s] GC(743) Phase 3: Adjust pointers
[2019-04-15T13:35:54.065+0200][289,899s] GC(743) Phase 3: Adjust pointers 130,062ms
[2019-04-15T13:35:54.065+0200][289,899s] GC(743) Phase 4: Move objects
[2019-04-15T13:35:54.067+0200][289,900s] GC(743) Phase 4: Move objects 1,521ms
[2019-04-15T13:35:54.068+0200][289,902s] GC(743) ParNew: 109247K->34766K(109248K)
[2019-04-15T13:35:54.068+0200][289,902s] GC(743) CMS: 393111K->382132K(393216K)
[2019-04-15T13:35:54.068+0200][289,902s] GC(743) Metaspace: 68624K->68624K(1112064K)
[2019-04-15T13:35:54.068+0200][289,902s] GC(743) Pause Full (Allocation Failure) 490M->407M(490M) 519,666ms
[2019-04-15T13:35:54.068+0200][289,902s] GC(743) User=0,47s Sys=0,01s Real=0,52s
[2019-04-15T13:35:54.068+0200][289,902s] GC(741) Old: 382847K->382132K(393216K)
[2019-04-15T13:35:54.386+0200][290,220s] GC(744) Pause Full (Allocation Failure)
[2019-04-15T13:35:54.387+0200][290,221s] GC(744) Phase 1: Mark live objects
[2019-04-15T13:35:54.839+0200][290,673s] GC(744) Phase 1: Mark live objects 451,831ms
[2019-04-15T13:35:54.839+0200][290,673s] GC(744) Phase 2: Compute new object addresses
[2019-04-15T13:35:54.969+0200][290,803s] GC(744) Phase 2: Compute new object addresses 129,641ms
[2019-04-15T13:35:54.969+0200][290,803s] GC(744) Phase 3: Adjust pointers
[2019-04-15T13:35:55.116+0200][290,950s] GC(744) Phase 3: Adjust pointers 147,160ms
[2019-04-15T13:35:55.116+0200][290,950s] GC(744) Phase 4: Move objects
[2019-04-15T13:35:55.117+0200][290,951s] GC(744) Phase 4: Move objects 0,702ms
[2019-04-15T13:35:55.118+0200][290,951s] GC(744) ParNew: 109247K->34786K(109248K)
[2019-04-15T13:35:55.118+0200][290,951s] GC(744) CMS: 392998K->382651K(393216K)
[2019-04-15T13:35:55.118+0200][290,951s] GC(744) Metaspace: 68624K->68624K(1112064K)
[2019-04-15T13:35:55.118+0200][290,951s] GC(744) Pause Full (Allocation Failure) 490M->407M(490M) 731,624ms
[2019-04-15T13:35:55.118+0200][290,951s] GC(744) User=0,55s Sys=0,00s Real=0,73s
[2019-04-15T13:35:55.118+0200][290,952s] GC(745) Pause Initial Mark
[2019-04-15T13:35:55.119+0200][290,953s] GC(745) Pause Initial Mark 409M->409M(490M) 1,588ms
[2019-04-15T13:35:55.119+0200][290,953s] GC(745) User=0,00s Sys=0,00s Real=0,00s
[2019-04-15T13:35:55.119+0200][290,953s] GC(745) Concurrent Mark
[2019-04-15T13:35:55.119+0200][290,953s] GC(745) Using 4 workers of 4 for marking
[2019-04-15T13:35:55.255+0200][291,089s] GC(745) Concurrent Mark 135,872ms
[2019-04-15T13:35:55.255+0200][291,089s] GC(745) User=0,45s Sys=0,00s Real=0,14s
[2019-04-15T13:35:55.255+0200][291,089s] GC(745) Concurrent Preclean
[2019-04-15T13:35:55.588+0200][291,422s] GC(745) Concurrent Preclean 332,632ms
[2019-04-15T13:35:55.588+0200][291,422s] GC(745) User=0,62s Sys=0,01s Real=0,33s
[2019-04-15T13:35:55.588+0200][291,422s] GC(745) Concurrent Abortable Preclean
[2019-04-15T13:35:55.588+0200][291,422s] GC(745) Concurrent Abortable Preclean 0,009ms
[2019-04-15T13:35:55.588+0200][291,422s] GC(745) User=0,00s Sys=0,00s Real=0,00s
[2019-04-15T13:35:55.588+0200][291,422s] GC(745) Pause Remark
[2019-04-15T13:35:55.588+0200][291,422s] GC(746) Pause Young (CMS Final Remark)
[2019-04-15T13:35:55.588+0200][291,422s] GC(746) Using 4 workers of 4 for evacuation
[2019-04-15T13:35:55.588+0200][291,422s] GC(746) ParNew: 109248K->109248K(109248K)
[2019-04-15T13:35:55.588+0200][291,422s] GC(746) CMS: 388860K->388860K(393216K)
[2019-04-15T13:35:55.588+0200][291,422s] GC(746) Metaspace: 68624K->68624K(1112064K)
[2019-04-15T13:35:55.588+0200][291,422s] GC(746) Pause Young (CMS Final Remark) 486M->486M(490M) 0,084ms
[2019-04-15T13:35:55.588+0200][291,422s] GC(746) User=0,00s Sys=0,00s Real=0,00s
[2019-04-15T13:35:55.683+0200][291,517s] GC(745) Pause Remark 486M->486M(490M) 95,045ms
[2019-04-15T13:35:55.683+0200][291,517s] GC(745) User=0,18s Sys=0,00s Real=0,09s
[2019-04-15T13:35:55.683+0200][291,517s] GC(745) Concurrent Sweep
[2019-04-15T13:35:55.787+0200][291,620s] GC(747) Pause Full (Allocation Failure)
[2019-04-15T13:35:55.871+0200][291,705s] GC(745) Concurrent Sweep 187,654ms
[2019-04-15T13:35:55.871+0200][291,705s] GC(745) User=0,25s Sys=0,00s Real=0,19s
[2019-04-15T13:35:55.871+0200][291,705s] GC(747) Phase 1: Mark live objects
[2019-04-15T13:35:56.058+0200][291,891s] GC(747) Phase 1: Mark live objects 186,239ms
[2019-04-15T13:35:56.058+0200][291,891s] GC(747) Phase 2: Compute new object addresses
[2019-04-15T13:35:56.177+0200][292,010s] GC(747) Phase 2: Compute new object addresses 118,992ms
[2019-04-15T13:35:56.177+0200][292,010s] GC(747) Phase 3: Adjust pointers
[2019-04-15T13:35:56.303+0200][292,137s] GC(747) Phase 3: Adjust pointers 126,445ms
[2019-04-15T13:35:56.303+0200][292,137s] GC(747) Phase 4: Move objects
[2019-04-15T13:35:56.305+0200][292,139s] GC(747) Phase 4: Move objects 2,208ms
[2019-04-15T13:35:56.306+0200][292,140s] GC(747) ParNew: 109248K->34831K(109248K)
[2019-04-15T13:35:56.306+0200][292,140s] GC(747) CMS: 393095K->382623K(393216K)
[2019-04-15T13:35:56.306+0200][292,140s] GC(747) Metaspace: 68625K->68625K(1112064K)
[2019-04-15T13:35:56.306+0200][292,140s] GC(747) Pause Full (Allocation Failure) 490M->407M(490M) 519,456ms
[2019-04-15T13:35:56.306+0200][292,140s] GC(747) User=0,52s Sys=0,00s Real=0,52s
[2019-04-15T13:35:56.306+0200][292,140s] GC(745) Old: 382651K->382623K(393216K)
[2019-04-15T13:35:56.746+0200][292,579s] GC(748) Pause Full (Allocation Failure)
[2019-04-15T13:35:56.746+0200][292,580s] GC(748) Phase 1: Mark live objects
[2019-04-15T13:35:56.915+0200][292,749s] GC(748) Phase 1: Mark live objects 169,201ms
[2019-04-15T13:35:56.915+0200][292,749s] GC(748) Phase 2: Compute new object addresses
[2019-04-15T13:35:57.035+0200][292,869s] GC(748) Phase 2: Compute new object addresses 120,064ms
[2019-04-15T13:35:57.035+0200][292,869s] GC(748) Phase 3: Adjust pointers
[2019-04-15T13:35:57.207+0200][293,040s] GC(748) Phase 3: Adjust pointers 171,410ms
[2019-04-15T13:35:57.207+0200][293,041s] GC(748) Phase 4: Move objects
[2019-04-15T13:35:57.208+0200][293,041s] GC(748) Phase 4: Move objects 0,902ms
[2019-04-15T13:35:57.208+0200][293,042s] GC(748) ParNew: 109247K->34998K(109248K)
[2019-04-15T13:35:57.208+0200][293,042s] GC(748) CMS: 393189K->382619K(393216K)
[2019-04-15T13:35:57.208+0200][293,042s] GC(748) Metaspace: 68625K->68625K(1112064K)
[2019-04-15T13:35:57.208+0200][293,042s] GC(748) Pause Full (Allocation Failure) 490M->407M(490M) 462,778ms
[2019-04-15T13:35:57.208+0200][293,042s] GC(748) User=0,46s Sys=0,00s Real=0,46s
[2019-04-15T13:35:57.210+0200][293,044s] GC(749) Pause Initial Mark
[2019-04-15T13:35:57.213+0200][293,047s] GC(749) Pause Initial Mark 409M->409M(490M) 2,481ms
[2019-04-15T13:35:57.213+0200][293,047s] GC(749) User=0,01s Sys=0,00s Real=0,01s
[2019-04-15T13:35:57.213+0200][293,047s] GC(749) Concurrent Mark
[2019-04-15T13:35:57.213+0200][293,047s] GC(749) Using 4 workers of 4 for marking
[2019-04-15T13:35:57.530+0200][293,364s] GC(749) Concurrent Mark 317,316ms
[2019-04-15T13:35:57.531+0200][293,364s] GC(749) User=0,58s Sys=0,01s Real=0,31s
[2019-04-15T13:35:57.531+0200][293,364s] GC(749) Concurrent Preclean
[2019-04-15T13:35:57.991+0200][293,824s] GC(749) Concurrent Preclean 460,036ms
[2019-04-15T13:35:57.991+0200][293,824s] GC(749) User=0,64s Sys=0,00s Real=0,46s
[2019-04-15T13:35:57.991+0200][293,824s] GC(749) Concurrent Abortable Preclean
[2019-04-15T13:35:57.991+0200][293,824s] GC(749) Concurrent Abortable Preclean 0,008ms
[2019-04-15T13:35:57.991+0200][293,824s] GC(749) User=0,00s Sys=0,00s Real=0,00s
[2019-04-15T13:35:57.991+0200][293,825s] GC(749) Pause Remark
[2019-04-15T13:35:57.991+0200][293,825s] GC(750) Pause Young (CMS Final Remark)
[2019-04-15T13:35:57.991+0200][293,825s] GC(750) Using 4 workers of 4 for evacuation
[2019-04-15T13:35:57.991+0200][293,825s] GC(750) ParNew: 109248K->109248K(109248K)
[2019-04-15T13:35:57.991+0200][293,825s] GC(750) CMS: 383739K->383739K(393216K)
[2019-04-15T13:35:57.991+0200][293,825s] GC(750) Metaspace: 68625K->68625K(1112064K)
[2019-04-15T13:35:57.991+0200][293,825s] GC(750) Pause Young (CMS Final Remark) 481M->481M(490M) 0,056ms
[2019-04-15T13:35:57.991+0200][293,825s] GC(750) User=0,00s Sys=0,00s Real=0,00s
[2019-04-15T13:35:58.079+0200][293,913s] GC(749) Pause Remark 481M->481M(490M) 88,417ms
[2019-04-15T13:35:58.079+0200][293,913s] GC(749) User=0,14s Sys=0,00s Real=0,09s
[2019-04-15T13:35:58.079+0200][293,913s] GC(749) Concurrent Sweep
[2019-04-15T13:35:58.281+0200][294,115s] GC(749) Concurrent Sweep 202,176ms
[2019-04-15T13:35:58.282+0200][294,115s] GC(749) User=0,38s Sys=0,01s Real=0,20s
[2019-04-15T13:35:58.282+0200][294,115s] GC(751) Pause Young (Allocation Failure)
[2019-04-15T13:35:58.282+0200][294,116s] GC(751) Using 4 workers of 4 for evacuation
[2019-04-15T13:35:58.282+0200][294,116s] GC(752) Pause Full (Allocation Failure)
[2019-04-15T13:35:58.282+0200][294,116s] GC(752) Phase 1: Mark live objects
[2019-04-15T13:35:58.441+0200][294,274s] GC(752) Phase 1: Mark live objects 158,520ms
[2019-04-15T13:35:58.441+0200][294,274s] GC(752) Phase 2: Compute new object addresses
[2019-04-15T13:35:58.558+0200][294,392s] GC(752) Phase 2: Compute new object addresses 117,562ms
[2019-04-15T13:35:58.558+0200][294,392s] GC(752) Phase 3: Adjust pointers
[2019-04-15T13:35:58.689+0200][294,523s] GC(752) Phase 3: Adjust pointers 130,620ms
[2019-04-15T13:35:58.689+0200][294,523s] GC(752) Phase 4: Move objects
[2019-04-15T13:35:58.689+0200][294,523s] GC(752) Phase 4: Move objects 0,381ms
[2019-04-15T13:35:58.690+0200][294,524s] GC(752) Pause Full (Allocation Failure) 489M->406M(490M) 408,386ms
[2019-04-15T13:35:58.690+0200][294,524s] GC(751) ParNew: 109248K->34812K(109248K)
[2019-04-15T13:35:58.690+0200][294,524s] GC(751) CMS: 391756K->381774K(393216K)
[2019-04-15T13:35:58.690+0200][294,524s] GC(751) Metaspace: 68625K->68625K(1112064K)
[2019-04-15T13:35:58.690+0200][294,524s] GC(751) Pause Young (Allocation Failure) 489M->406M(490M) 408,530ms
[2019-04-15T13:35:58.690+0200][294,524s] GC(751) User=0,41s Sys=0,00s Real=0,41s
[2019-04-15T13:35:58.691+0200][294,524s] GC(749) Old: 382619K->381774K(393216K)
[2019-04-15T13:35:58.991+0200][294,825s] GC(753) Pause Full (Allocation Failure)
[2019-04-15T13:35:58.991+0200][294,825s] GC(753) Phase 1: Mark live objects
[2019-04-15T13:35:59.185+0200][295,019s] GC(753) Phase 1: Mark live objects 193,916ms
[2019-04-15T13:35:59.185+0200][295,019s] GC(753) Phase 2: Compute new object addresses
[2019-04-15T13:35:59.315+0200][295,149s] GC(753) Phase 2: Compute new object addresses 129,763ms
[2019-04-15T13:35:59.315+0200][295,149s] GC(753) Phase 3: Adjust pointers
[2019-04-15T13:35:59.460+0200][295,294s] GC(753) Phase 3: Adjust pointers 145,297ms
[2019-04-15T13:35:59.460+0200][295,294s] GC(753) Phase 4: Move objects
[2019-04-15T13:35:59.461+0200][295,295s] GC(753) Phase 4: Move objects 0,436ms
[2019-04-15T13:35:59.463+0200][295,296s] GC(753) ParNew: 109248K->34987K(109248K)
[2019-04-15T13:35:59.463+0200][295,296s] GC(753) CMS: 393215K->381852K(393216K)
[2019-04-15T13:35:59.463+0200][295,296s] GC(753) Metaspace: 68626K->68626K(1112064K)
[2019-04-15T13:35:59.463+0200][295,296s] GC(753) Pause Full (Allocation Failure) 490M->407M(490M) 471,797ms
[2019-04-15T13:35:59.463+0200][295,296s] GC(753) User=0,46s Sys=0,00s Real=0,47s
[2019-04-15T13:35:59.463+0200][295,297s] GC(754) Pause Initial Mark
[2019-04-15T13:35:59.464+0200][295,298s] GC(754) Pause Initial Mark 408M->408M(490M) 1,499ms
[2019-04-15T13:35:59.465+0200][295,298s] GC(754) User=0,01s Sys=0,00s Real=0,00s
[2019-04-15T13:35:59.465+0200][295,298s] GC(754) Concurrent Mark
[2019-04-15T13:35:59.465+0200][295,298s] GC(754) Using 4 workers of 4 for marking
[2019-04-15T13:35:59.629+0200][295,463s] GC(754) Concurrent Mark 164,463ms
[2019-04-15T13:35:59.629+0200][295,463s] GC(754) User=0,49s Sys=0,00s Real=0,17s
[2019-04-15T13:35:59.629+0200][295,463s] GC(754) Concurrent Preclean
[2019-04-15T13:36:00.003+0200][295,837s] GC(755) Pause Full (Allocation Failure)
[2019-04-15T13:36:00.016+0200][295,849s] GC(754) Concurrent Preclean 386,579ms
[2019-04-15T13:36:00.016+0200][295,850s] GC(754) User=0,72s Sys=0,00s Real=0,39s
[2019-04-15T13:36:00.016+0200][295,850s] GC(755) Phase 1: Mark live objects
[2019-04-15T13:36:00.220+0200][296,054s] GC(755) Phase 1: Mark live objects 204,550ms
[2019-04-15T13:36:00.220+0200][296,054s] GC(755) Phase 2: Compute new object addresses
[2019-04-15T13:36:00.354+0200][296,188s] GC(755) Phase 2: Compute new object addresses 133,270ms
[2019-04-15T13:36:00.354+0200][296,188s] GC(755) Phase 3: Adjust pointers
[2019-04-15T13:36:00.479+0200][296,313s] GC(755) Phase 3: Adjust pointers 125,578ms
[2019-04-15T13:36:00.479+0200][296,313s] GC(755) Phase 4: Move objects
[2019-04-15T13:36:00.480+0200][296,314s] GC(755) Phase 4: Move objects 0,844ms
[2019-04-15T13:36:00.481+0200][296,315s] GC(755) ParNew: 109248K->34984K(109248K)
[2019-04-15T13:36:00.481+0200][296,315s] GC(755) CMS: 393048K->382192K(393216K)
[2019-04-15T13:36:00.481+0200][296,315s] GC(755) Metaspace: 68626K->68626K(1112064K)
[2019-04-15T13:36:00.481+0200][296,315s] GC(755) Pause Full (Allocation Failure) 490M->407M(490M) 478,156ms
[2019-04-15T13:36:00.481+0200][296,315s] GC(755) User=0,47s Sys=0,00s Real=0,48s
[2019-04-15T13:36:00.807+0200][296,641s] GC(756) Pause Full (Allocation Failure)
[2019-04-15T13:36:00.809+0200][296,643s] GC(756) Phase 1: Mark live objects
[2019-04-15T13:36:00.991+0200][296,825s] GC(756) Phase 1: Mark live objects 182,202ms
[2019-04-15T13:36:00.991+0200][296,825s] GC(756) Phase 2: Compute new object addresses
[2019-04-15T13:36:01.121+0200][296,955s] GC(756) Phase 2: Compute new object addresses 129,578ms
[2019-04-15T13:36:01.121+0200][296,955s] GC(756) Phase 3: Adjust pointers
[2019-04-15T13:36:01.254+0200][297,088s] GC(756) Phase 3: Adjust pointers 132,944ms
[2019-04-15T13:36:01.254+0200][297,088s] GC(756) Phase 4: Move objects
[2019-04-15T13:36:01.255+0200][297,088s] GC(756) Phase 4: Move objects 0,498ms
[2019-04-15T13:36:01.255+0200][297,089s] GC(756) ParNew: 109248K->34991K(109248K)
[2019-04-15T13:36:01.255+0200][297,089s] GC(756) CMS: 393117K->382285K(393216K)
[2019-04-15T13:36:01.255+0200][297,089s] GC(756) Metaspace: 68626K->68626K(1112064K)
[2019-04-15T13:36:01.255+0200][297,089s] GC(756) Pause Full (Allocation Failure) 490M->407M(490M) 448,284ms
[2019-04-15T13:36:01.255+0200][297,089s] GC(756) User=0,45s Sys=0,00s Real=0,45s
[2019-04-15T13:36:01.257+0200][297,091s] GC(757) Pause Initial Mark
[2019-04-15T13:36:01.260+0200][297,094s] GC(757) Pause Initial Mark 410M->410M(490M) 2,730ms
[2019-04-15T13:36:01.260+0200][297,094s] GC(757) User=0,00s Sys=0,00s Real=0,00s
[2019-04-15T13:36:01.260+0200][297,094s] GC(757) Concurrent Mark
[2019-04-15T13:36:01.260+0200][297,094s] GC(757) Using 4 workers of 4 for marking
[2019-04-15T13:36:01.466+0200][297,300s] GC(757) Concurrent Mark 205,681ms
[2019-04-15T13:36:01.466+0200][297,300s] GC(757) User=0,50s Sys=0,00s Real=0,21s
[2019-04-15T13:36:01.466+0200][297,300s] GC(757) Concurrent Preclean
[2019-04-15T13:36:01.635+0200][297,469s] GC(757) Concurrent Preclean 169,403ms
[2019-04-15T13:36:01.635+0200][297,469s] GC(757) User=0,32s Sys=0,01s Real=0,17s
[2019-04-15T13:36:01.635+0200][297,469s] GC(757) Concurrent Abortable Preclean
[2019-04-15T13:36:01.635+0200][297,469s] GC(757) Concurrent Abortable Preclean 0,007ms
[2019-04-15T13:36:01.635+0200][297,469s] GC(757) User=0,00s Sys=0,00s Real=0,00s
[2019-04-15T13:36:01.635+0200][297,469s] GC(757) Pause Remark
[2019-04-15T13:36:01.635+0200][297,469s] GC(758) Pause Young (CMS Final Remark)
[2019-04-15T13:36:01.635+0200][297,469s] GC(758) Using 4 workers of 4 for evacuation
[2019-04-15T13:36:01.636+0200][297,469s] GC(758) ParNew: 105884K->105884K(109248K)
[2019-04-15T13:36:01.636+0200][297,469s] GC(758) CMS: 382285K->382285K(393216K)
[2019-04-15T13:36:01.636+0200][297,469s] GC(758) Metaspace: 68628K->68628K(1112064K)
[2019-04-15T13:36:01.636+0200][297,469s] GC(758) Pause Young (CMS Final Remark) 476M->476M(490M) 0,055ms
[2019-04-15T13:36:01.636+0200][297,469s] GC(758) User=0,00s Sys=0,00s Real=0,00s
[2019-04-15T13:36:01.737+0200][297,570s] GC(757) Pause Remark 476M->476M(490M) 101,132ms
[2019-04-15T13:36:01.737+0200][297,570s] GC(757) User=0,19s Sys=0,01s Real=0,10s
[2019-04-15T13:36:01.737+0200][297,570s] GC(757) Concurrent Sweep
[2019-04-15T13:36:01.965+0200][297,799s] GC(757) Concurrent Sweep 228,170ms
[2019-04-15T13:36:01.965+0200][297,799s] GC(757) User=0,43s Sys=0,00s Real=0,23s
[2019-04-15T13:36:01.965+0200][297,799s] GC(759) Pause Young (Allocation Failure)
[2019-04-15T13:36:01.965+0200][297,799s] GC(759) Using 4 workers of 4 for evacuation
[2019-04-15T13:36:01.965+0200][297,799s] GC(760) Pause Full (Allocation Failure)
[2019-04-15T13:36:01.967+0200][297,800s] GC(760) Phase 1: Mark live objects
[2019-04-15T13:36:02.158+0200][297,992s] GC(760) Phase 1: Mark live objects 191,568ms
[2019-04-15T13:36:02.158+0200][297,992s] GC(760) Phase 2: Compute new object addresses
[2019-04-15T13:36:02.276+0200][298,110s] GC(760) Phase 2: Compute new object addresses 117,785ms
[2019-04-15T13:36:02.276+0200][298,110s] GC(760) Phase 3: Adjust pointers
[2019-04-15T13:36:02.397+0200][298,231s] GC(760) Phase 3: Adjust pointers 120,839ms
[2019-04-15T13:36:02.397+0200][298,231s] GC(760) Phase 4: Move objects
[2019-04-15T13:36:02.399+0200][298,233s] GC(760) Phase 4: Move objects 1,624ms
[2019-04-15T13:36:02.402+0200][298,235s] GC(760) Pause Full (Allocation Failure) 489M->407M(490M) 436,048ms
[2019-04-15T13:36:02.402+0200][298,235s] GC(759) ParNew: 109248K->34941K(109248K)
[2019-04-15T13:36:02.402+0200][298,235s] GC(759) CMS: 392267K->381875K(393216K)
[2019-04-15T13:36:02.402+0200][298,235s] GC(759) Metaspace: 68628K->68628K(1112064K)
[2019-04-15T13:36:02.402+0200][298,235s] GC(759) Pause Young (Allocation Failure) 489M->407M(490M) 436,388ms
[2019-04-15T13:36:02.402+0200][298,236s] GC(759) User=0,43s Sys=0,00s Real=0,43s
[2019-04-15T13:36:02.402+0200][298,236s] GC(757) Old: 382285K->381875K(393216K)
[2019-04-15T13:36:02.715+0200][298,548s] GC(761) Pause Full (Allocation Failure)
[2019-04-15T13:36:02.715+0200][298,549s] GC(761) Phase 1: Mark live objects
[2019-04-15T13:36:02.925+0200][298,759s] GC(761) Phase 1: Mark live objects 209,900ms
[2019-04-15T13:36:02.925+0200][298,759s] GC(761) Phase 2: Compute new object addresses
[2019-04-15T13:36:03.042+0200][298,876s] GC(761) Phase 2: Compute new object addresses 117,274ms
[2019-04-15T13:36:03.042+0200][298,876s] GC(761) Phase 3: Adjust pointers
[2019-04-15T13:36:03.178+0200][299,012s] GC(761) Phase 3: Adjust pointers 135,604ms
[2019-04-15T13:36:03.178+0200][299,012s] GC(761) Phase 4: Move objects
[2019-04-15T13:36:03.178+0200][299,012s] GC(761) Phase 4: Move objects 0,467ms
[2019-04-15T13:36:03.179+0200][299,013s] GC(761) ParNew: 109248K->34910K(109248K)
[2019-04-15T13:36:03.179+0200][299,013s] GC(761) CMS: 393215K->381848K(393216K)
[2019-04-15T13:36:03.179+0200][299,013s] GC(761) Metaspace: 68628K->68628K(1112064K)
[2019-04-15T13:36:03.179+0200][299,013s] GC(761) Pause Full (Allocation Failure) 490M->406M(490M) 464,445ms
[2019-04-15T13:36:03.179+0200][299,013s] GC(761) User=0,45s Sys=0,00s Real=0,46s
[2019-04-15T13:36:03.180+0200][299,014s] GC(762) Pause Initial Mark
[2019-04-15T13:36:03.181+0200][299,015s] GC(762) Pause Initial Mark 408M->408M(490M) 1,611ms
[2019-04-15T13:36:03.181+0200][299,015s] GC(762) User=0,00s Sys=0,00s Real=0,00s
[2019-04-15T13:36:03.181+0200][299,015s] GC(762) Concurrent Mark
[2019-04-15T13:36:03.181+0200][299,015s] GC(762) Using 4 workers of 4 for marking
[2019-04-15T13:36:03.380+0200][299,213s] GC(762) Concurrent Mark 198,043ms
[2019-04-15T13:36:03.380+0200][299,214s] GC(762) User=0,51s Sys=0,00s Real=0,20s
[2019-04-15T13:36:03.380+0200][299,214s] GC(762) Concurrent Preclean
[2019-04-15T13:36:03.798+0200][299,632s] GC(763) Pause Full (Allocation Failure)
[2019-04-15T13:36:03.822+0200][299,656s] GC(762) Concurrent Preclean 442,062ms
[2019-04-15T13:36:03.822+0200][299,656s] GC(762) User=0,78s Sys=0,00s Real=0,44s
[2019-04-15T13:36:03.824+0200][299,657s] GC(763) Phase 1: Mark live objects
[2019-04-15T13:36:04.041+0200][299,874s] GC(763) Phase 1: Mark live objects 216,912ms
[2019-04-15T13:36:04.041+0200][299,875s] GC(763) Phase 2: Compute new object addresses
[2019-04-15T13:36:04.218+0200][300,052s] GC(763) Phase 2: Compute new object addresses 177,094ms
[2019-04-15T13:36:04.218+0200][300,052s] GC(763) Phase 3: Adjust pointers
[2019-04-15T13:36:04.367+0200][300,201s] GC(763) Phase 3: Adjust pointers 149,477ms
[2019-04-15T13:36:04.367+0200][300,201s] GC(763) Phase 4: Move objects
[2019-04-15T13:36:04.368+0200][300,202s] GC(763) Phase 4: Move objects 0,589ms
[2019-04-15T13:36:04.369+0200][300,202s] GC(763) ParNew: 109247K->34919K(109248K)
[2019-04-15T13:36:04.369+0200][300,202s] GC(763) CMS: 393167K->382043K(393216K)
[2019-04-15T13:36:04.369+0200][300,202s] GC(763) Metaspace: 68630K->68630K(1112064K)
[2019-04-15T13:36:04.369+0200][300,202s] GC(763) Pause Full (Allocation Failure) 490M->407M(490M) 570,218ms
[2019-04-15T13:36:04.369+0200][300,202s] GC(763) User=0,56s Sys=0,00s Real=0,57s
[2019-04-15T13:36:04.697+0200][300,530s] GC(764) Pause Full (Allocation Failure)
[2019-04-15T13:36:04.697+0200][300,531s] GC(764) Phase 1: Mark live objects
[2019-04-15T13:36:04.874+0200][300,708s] GC(764) Phase 1: Mark live objects 176,974ms
[2019-04-15T13:36:04.874+0200][300,708s] GC(764) Phase 2: Compute new object addresses
[2019-04-15T13:36:04.994+0200][300,828s] GC(764) Phase 2: Compute new object addresses 120,009ms
[2019-04-15T13:36:04.994+0200][300,828s] GC(764) Phase 3: Adjust pointers
[2019-04-15T13:36:05.166+0200][301,000s] GC(764) Phase 3: Adjust pointers 171,908ms
[2019-04-15T13:36:05.166+0200][301,000s] GC(764) Phase 4: Move objects
[2019-04-15T13:36:05.167+0200][301,001s] GC(764) Phase 4: Move objects 0,970ms
[2019-04-15T13:36:05.168+0200][301,002s] GC(764) ParNew: 109247K->34961K(109248K)
[2019-04-15T13:36:05.168+0200][301,002s] GC(764) CMS: 393003K->382670K(393216K)
[2019-04-15T13:36:05.168+0200][301,002s] GC(764) Metaspace: 68630K->68630K(1112064K)
[2019-04-15T13:36:05.168+0200][301,002s] GC(764) Pause Full (Allocation Failure) 490M->407M(490M) 471,391ms
[2019-04-15T13:36:05.168+0200][301,002s] GC(764) User=0,47s Sys=0,00s Real=0,47s
[2019-04-15T13:36:05.168+0200][301,002s] GC(765) Pause Initial Mark
[2019-04-15T13:36:05.171+0200][301,004s] GC(765) Pause Initial Mark 409M->409M(490M) 2,357ms
[2019-04-15T13:36:05.171+0200][301,004s] GC(765) User=0,00s Sys=0,00s Real=0,00s
[2019-04-15T13:36:05.171+0200][301,004s] GC(765) Concurrent Mark
[2019-04-15T13:36:05.171+0200][301,004s] GC(765) Using 4 workers of 4 for marking
[2019-04-15T13:36:05.389+0200][301,223s] GC(765) Concurrent Mark 218,315ms
[2019-04-15T13:36:05.389+0200][301,223s] GC(765) User=0,53s Sys=0,01s Real=0,22s
[2019-04-15T13:36:05.389+0200][301,223s] GC(765) Concurrent Preclean
[2019-04-15T13:36:05.745+0200][301,578s] GC(766) Pause Full (Allocation Failure)
[2019-04-15T13:36:05.760+0200][301,594s] GC(765) Concurrent Preclean 371,278ms
[2019-04-15T13:36:05.760+0200][301,594s] GC(765) User=0,69s Sys=0,00s Real=0,37s
[2019-04-15T13:36:05.761+0200][301,594s] GC(766) Phase 1: Mark live objects
[2019-04-15T13:36:05.932+0200][301,765s] GC(766) Phase 1: Mark live objects 170,924ms
[2019-04-15T13:36:05.932+0200][301,765s] GC(766) Phase 2: Compute new object addresses
[2019-04-15T13:36:06.055+0200][301,889s] GC(766) Phase 2: Compute new object addresses 123,302ms
[2019-04-15T13:36:06.055+0200][301,889s] GC(766) Phase 3: Adjust pointers
[2019-04-15T13:36:06.190+0200][302,024s] GC(766) Phase 3: Adjust pointers 135,267ms
[2019-04-15T13:36:06.190+0200][302,024s] GC(766) Phase 4: Move objects
[2019-04-15T13:36:06.191+0200][302,025s] GC(766) Phase 4: Move objects 0,976ms
[2019-04-15T13:36:06.193+0200][302,026s] GC(766) ParNew: 109248K->35014K(109248K)
[2019-04-15T13:36:06.193+0200][302,026s] GC(766) CMS: 393134K->381961K(393216K)
[2019-04-15T13:36:06.193+0200][302,026s] GC(766) Metaspace: 68631K->68631K(1112064K)
[2019-04-15T13:36:06.193+0200][302,026s] GC(766) Pause Full (Allocation Failure) 490M->407M(490M) 447,923ms
[2019-04-15T13:36:06.193+0200][302,026s] GC(766) User=0,45s Sys=0,00s Real=0,45s
[2019-04-15T13:36:06.496+0200][302,330s] GC(767) Pause Full (Allocation Failure)
[2019-04-15T13:36:06.497+0200][302,330s] GC(767) Phase 1: Mark live objects
[2019-04-15T13:36:06.667+0200][302,501s] GC(767) Phase 1: Mark live objects 170,879ms
[2019-04-15T13:36:06.668+0200][302,501s] GC(767) Phase 2: Compute new object addresses
[2019-04-15T13:36:06.782+0200][302,616s] GC(767) Phase 2: Compute new object addresses 114,772ms
[2019-04-15T13:36:06.782+0200][302,616s] GC(767) Phase 3: Adjust pointers
[2019-04-15T13:36:06.905+0200][302,739s] GC(767) Phase 3: Adjust pointers 122,431ms
[2019-04-15T13:36:06.905+0200][302,739s] GC(767) Phase 4: Move objects
[2019-04-15T13:36:06.906+0200][302,739s] GC(767) Phase 4: Move objects 0,656ms
[2019-04-15T13:36:06.907+0200][302,741s] GC(767) ParNew: 109248K->34998K(109248K)
[2019-04-15T13:36:06.907+0200][302,741s] GC(767) CMS: 393188K->382269K(393216K)
[2019-04-15T13:36:06.907+0200][302,741s] GC(767) Metaspace: 68642K->68642K(1112064K)
[2019-04-15T13:36:06.907+0200][302,741s] GC(767) Pause Full (Allocation Failure) 490M->407M(490M) 410,768ms
[2019-04-15T13:36:06.907+0200][302,741s] GC(767) User=0,41s Sys=0,00s Real=0,41s
[2019-04-15T13:36:06.907+0200][302,741s] GC(768) Pause Initial Mark
[2019-04-15T13:36:06.909+0200][302,743s] GC(768) Pause Initial Mark 409M->409M(490M) 1,785ms
[2019-04-15T13:36:06.909+0200][302,743s] GC(768) User=0,00s Sys=0,00s Real=0,00s
[2019-04-15T13:36:06.909+0200][302,743s] GC(768) Concurrent Mark
[2019-04-15T13:36:06.909+0200][302,743s] GC(768) Using 4 workers of 4 for marking
[2019-04-15T13:36:07.151+0200][302,985s] GC(768) Concurrent Mark 241,995ms
[2019-04-15T13:36:07.151+0200][302,985s] GC(768) User=0,58s Sys=0,01s Real=0,24s
[2019-04-15T13:36:07.151+0200][302,985s] GC(768) Concurrent Preclean
[2019-04-15T13:36:07.356+0200][303,190s] GC(768) Concurrent Preclean 205,020ms
[2019-04-15T13:36:07.356+0200][303,190s] GC(768) User=0,40s Sys=0,00s Real=0,21s
[2019-04-15T13:36:07.357+0200][303,190s] GC(768) Concurrent Abortable Preclean
[2019-04-15T13:36:07.357+0200][303,190s] GC(768) Concurrent Abortable Preclean 0,008ms
[2019-04-15T13:36:07.357+0200][303,190s] GC(768) User=0,00s Sys=0,00s Real=0,00s
[2019-04-15T13:36:07.357+0200][303,190s] GC(768) Pause Remark
[2019-04-15T13:36:07.357+0200][303,190s] GC(769) Pause Young (CMS Final Remark)
[2019-04-15T13:36:07.357+0200][303,190s] GC(769) Using 4 workers of 4 for evacuation
[2019-04-15T13:36:07.357+0200][303,190s] GC(769) ParNew: 109248K->109248K(109248K)
[2019-04-15T13:36:07.357+0200][303,190s] GC(769) CMS: 384134K->384134K(393216K)
[2019-04-15T13:36:07.357+0200][303,190s] GC(769) Metaspace: 68642K->68642K(1112064K)
[2019-04-15T13:36:07.357+0200][303,191s] GC(769) Pause Young (CMS Final Remark) 481M->481M(490M) 0,090ms
[2019-04-15T13:36:07.357+0200][303,191s] GC(769) User=0,00s Sys=0,00s Real=0,00s
[2019-04-15T13:36:07.436+0200][303,269s] GC(768) Pause Remark 481M->481M(490M) 78,913ms
[2019-04-15T13:36:07.436+0200][303,269s] GC(768) User=0,17s Sys=0,00s Real=0,08s
[2019-04-15T13:36:07.436+0200][303,269s] GC(768) Concurrent Sweep
[2019-04-15T13:36:07.652+0200][303,486s] GC(770) Pause Full (Allocation Failure)
[2019-04-15T13:36:07.667+0200][303,501s] GC(768) Concurrent Sweep 231,578ms
[2019-04-15T13:36:07.667+0200][303,501s] GC(768) User=0,41s Sys=0,00s Real=0,23s
[2019-04-15T13:36:07.668+0200][303,502s] GC(770) Phase 1: Mark live objects
[2019-04-15T13:36:07.838+0200][303,672s] GC(770) Phase 1: Mark live objects 170,107ms
[2019-04-15T13:36:07.838+0200][303,672s] GC(770) Phase 2: Compute new object addresses
[2019-04-15T13:36:07.950+0200][303,784s] GC(770) Phase 2: Compute new object addresses 112,201ms
[2019-04-15T13:36:07.950+0200][303,784s] GC(770) Phase 3: Adjust pointers
[2019-04-15T13:36:08.095+0200][303,929s] GC(770) Phase 3: Adjust pointers 145,001ms
[2019-04-15T13:36:08.095+0200][303,929s] GC(770) Phase 4: Move objects
[2019-04-15T13:36:08.096+0200][303,930s] GC(770) Phase 4: Move objects 0,902ms
[2019-04-15T13:36:08.097+0200][303,931s] GC(770) ParNew: 109248K->34716K(109248K)
[2019-04-15T13:36:08.097+0200][303,931s] GC(770) CMS: 393130K->382433K(393216K)
[2019-04-15T13:36:08.097+0200][303,931s] GC(770) Metaspace: 68642K->68642K(1112064K)
[2019-04-15T13:36:08.097+0200][303,931s] GC(770) Pause Full (Allocation Failure) 490M->407M(490M) 445,142ms
[2019-04-15T13:36:08.097+0200][303,931s] GC(770) User=0,43s Sys=0,01s Real=0,45s
[2019-04-15T13:36:08.097+0200][303,931s] GC(768) Old: 382269K->382433K(393216K)
[2019-04-15T13:36:08.404+0200][304,238s] GC(771) Pause Full (Allocation Failure)
[2019-04-15T13:36:08.404+0200][304,238s] GC(771) Phase 1: Mark live objects
[2019-04-15T13:36:08.567+0200][304,401s] GC(771) Phase 1: Mark live objects 162,664ms
[2019-04-15T13:36:08.567+0200][304,401s] GC(771) Phase 2: Compute new object addresses
[2019-04-15T13:36:08.681+0200][304,515s] GC(771) Phase 2: Compute new object addresses 114,089ms
[2019-04-15T13:36:08.681+0200][304,515s] GC(771) Phase 3: Adjust pointers
[2019-04-15T13:36:08.807+0200][304,641s] GC(771) Phase 3: Adjust pointers 126,139ms
[2019-04-15T13:36:08.807+0200][304,641s] GC(771) Phase 4: Move objects
[2019-04-15T13:36:08.809+0200][304,643s] GC(771) Phase 4: Move objects 1,638ms
[2019-04-15T13:36:08.811+0200][304,644s] GC(771) ParNew: 109248K->34751K(109248K)
[2019-04-15T13:36:08.811+0200][304,644s] GC(771) CMS: 393215K->382221K(393216K)
[2019-04-15T13:36:08.811+0200][304,644s] GC(771) Metaspace: 68642K->68642K(1112064K)
[2019-04-15T13:36:08.811+0200][304,645s] GC(771) Pause Full (Allocation Failure) 490M->407M(490M) 406,875ms
[2019-04-15T13:36:08.811+0200][304,645s] GC(771) User=0,41s Sys=0,00s Real=0,41s
[2019-04-15T13:36:08.811+0200][304,645s] GC(772) Pause Initial Mark
[2019-04-15T13:36:08.813+0200][304,647s] GC(772) Pause Initial Mark 408M->408M(490M) 1,831ms
[2019-04-15T13:36:08.813+0200][304,647s] GC(772) User=0,00s Sys=0,00s Real=0,01s
[2019-04-15T13:36:08.813+0200][304,647s] GC(772) Concurrent Mark
[2019-04-15T13:36:08.813+0200][304,647s] GC(772) Using 4 workers of 4 for marking
[2019-04-15T13:36:09.001+0200][304,835s] GC(772) Concurrent Mark 187,715ms
[2019-04-15T13:36:09.001+0200][304,835s] GC(772) User=0,49s Sys=0,00s Real=0,18s
[2019-04-15T13:36:09.001+0200][304,835s] GC(772) Concurrent Preclean
[2019-04-15T13:36:09.270+0200][305,104s] GC(772) Concurrent Preclean 269,188ms
[2019-04-15T13:36:09.270+0200][305,104s] GC(772) User=0,50s Sys=0,00s Real=0,27s
[2019-04-15T13:36:09.270+0200][305,104s] GC(772) Concurrent Abortable Preclean
[2019-04-15T13:36:09.270+0200][305,104s] GC(772) Concurrent Abortable Preclean 0,007ms
[2019-04-15T13:36:09.270+0200][305,104s] GC(772) User=0,00s Sys=0,00s Real=0,00s
[2019-04-15T13:36:09.273+0200][305,107s] GC(772) Pause Remark
[2019-04-15T13:36:09.273+0200][305,107s] GC(773) Pause Young (CMS Final Remark)
[2019-04-15T13:36:09.273+0200][305,107s] GC(773) Using 4 workers of 4 for evacuation
[2019-04-15T13:36:09.273+0200][305,107s] GC(773) ParNew: 109247K->109247K(109248K)
[2019-04-15T13:36:09.273+0200][305,107s] GC(773) CMS: 384321K->384321K(393216K)
[2019-04-15T13:36:09.273+0200][305,107s] GC(773) Metaspace: 68642K->68642K(1112064K)
[2019-04-15T13:36:09.273+0200][305,107s] GC(773) Pause Young (CMS Final Remark) 482M->482M(490M) 0,104ms
[2019-04-15T13:36:09.273+0200][305,107s] GC(773) User=0,00s Sys=0,00s Real=0,00s
[2019-04-15T13:36:09.341+0200][305,175s] GC(772) Pause Remark 482M->482M(490M) 67,873ms
[2019-04-15T13:36:09.341+0200][305,175s] GC(772) User=0,13s Sys=0,00s Real=0,06s
[2019-04-15T13:36:09.341+0200][305,175s] GC(772) Concurrent Sweep
[2019-04-15T13:36:09.547+0200][305,381s] GC(772) Concurrent Sweep 205,614ms
[2019-04-15T13:36:09.547+0200][305,381s] GC(772) User=0,36s Sys=0,00s Real=0,21s
[2019-04-15T13:36:09.547+0200][305,381s] GC(774) Pause Young (Allocation Failure)
[2019-04-15T13:36:09.547+0200][305,381s] GC(774) Using 4 workers of 4 for evacuation
[2019-04-15T13:36:09.547+0200][305,381s] GC(775) Pause Full (Allocation Failure)
[2019-04-15T13:36:09.547+0200][305,381s] GC(775) Phase 1: Mark live objects
[2019-04-15T13:36:09.745+0200][305,579s] GC(775) Phase 1: Mark live objects 197,449ms
[2019-04-15T13:36:09.745+0200][305,579s] GC(775) Phase 2: Compute new object addresses
[2019-04-15T13:36:09.864+0200][305,697s] GC(775) Phase 2: Compute new object addresses 118,675ms
[2019-04-15T13:36:09.864+0200][305,697s] GC(775) Phase 3: Adjust pointers
[2019-04-15T13:36:09.995+0200][305,829s] GC(775) Phase 3: Adjust pointers 131,049ms
[2019-04-15T13:36:09.995+0200][305,829s] GC(775) Phase 4: Move objects
[2019-04-15T13:36:09.996+0200][305,830s] GC(775) Phase 4: Move objects 1,016ms
[2019-04-15T13:36:09.996+0200][305,830s] GC(775) Pause Full (Allocation Failure) 489M->407M(490M) 449,363ms
[2019-04-15T13:36:09.997+0200][305,830s] GC(774) ParNew: 109247K->34408K(109248K)
[2019-04-15T13:36:09.997+0200][305,830s] GC(774) CMS: 392465K->382673K(393216K)
[2019-04-15T13:36:09.997+0200][305,830s] GC(774) Metaspace: 68642K->68642K(1112064K)
[2019-04-15T13:36:09.997+0200][305,830s] GC(774) Pause Young (Allocation Failure) 489M->407M(490M) 449,496ms
[2019-04-15T13:36:09.997+0200][305,830s] GC(774) User=0,45s Sys=0,00s Real=0,45s
[2019-04-15T13:36:09.997+0200][305,831s] GC(772) Old: 382221K->382673K(393216K)
[2019-04-15T13:36:10.324+0200][306,158s] GC(776) Pause Full (Allocation Failure)
[2019-04-15T13:36:10.325+0200][306,158s] GC(776) Phase 1: Mark live objects
[2019-04-15T13:36:10.496+0200][306,330s] GC(776) Phase 1: Mark live objects 171,618ms
[2019-04-15T13:36:10.496+0200][306,330s] GC(776) Phase 2: Compute new object addresses
[2019-04-15T13:36:10.609+0200][306,442s] GC(776) Phase 2: Compute new object addresses 112,425ms
[2019-04-15T13:36:10.609+0200][306,442s] GC(776) Phase 3: Adjust pointers
[2019-04-15T13:36:10.734+0200][306,567s] GC(776) Phase 3: Adjust pointers 124,913ms
[2019-04-15T13:36:10.734+0200][306,567s] GC(776) Phase 4: Move objects
[2019-04-15T13:36:10.735+0200][306,569s] GC(776) Phase 4: Move objects 1,343ms
[2019-04-15T13:36:10.736+0200][306,570s] GC(776) ParNew: 109247K->34543K(109248K)
[2019-04-15T13:36:10.736+0200][306,570s] GC(776) CMS: 393216K->382540K(393216K)
[2019-04-15T13:36:10.736+0200][306,570s] GC(776) Metaspace: 68642K->68642K(1112064K)
[2019-04-15T13:36:10.736+0200][306,570s] GC(776) Pause Full (Allocation Failure) 490M->407M(490M) 412,364ms
[2019-04-15T13:36:10.737+0200][306,570s] GC(776) User=0,41s Sys=0,00s Real=0,42s
[2019-04-15T13:36:10.741+0200][306,575s] GC(777) Pause Initial Mark
[2019-04-15T13:36:10.744+0200][306,578s] GC(777) Pause Initial Mark 412M->412M(490M) 2,550ms
[2019-04-15T13:36:10.744+0200][306,578s] GC(777) User=0,01s Sys=0,01s Real=0,00s
[2019-04-15T13:36:10.744+0200][306,578s] GC(777) Concurrent Mark
[2019-04-15T13:36:10.744+0200][306,578s] GC(777) Using 4 workers of 4 for marking
[2019-04-15T13:36:10.932+0200][306,766s] GC(777) Concurrent Mark 188,507ms
[2019-04-15T13:36:10.932+0200][306,766s] GC(777) User=0,55s Sys=0,00s Real=0,19s
[2019-04-15T13:36:10.933+0200][306,766s] GC(777) Concurrent Preclean
[2019-04-15T13:36:11.334+0200][307,167s] GC(777) Concurrent Preclean 401,073ms
[2019-04-15T13:36:11.334+0200][307,167s] GC(777) User=0,73s Sys=0,01s Real=0,41s
[2019-04-15T13:36:11.334+0200][307,167s] GC(777) Concurrent Abortable Preclean
[2019-04-15T13:36:11.334+0200][307,167s] GC(777) Concurrent Abortable Preclean 0,007ms
[2019-04-15T13:36:11.334+0200][307,167s] GC(777) User=0,00s Sys=0,00s Real=0,00s
[2019-04-15T13:36:11.334+0200][307,168s] GC(777) Pause Remark
[2019-04-15T13:36:11.334+0200][307,168s] GC(778) Pause Young (CMS Final Remark)
[2019-04-15T13:36:11.334+0200][307,168s] GC(778) Using 4 workers of 4 for evacuation
[2019-04-15T13:36:11.334+0200][307,168s] GC(778) ParNew: 109248K->109248K(109248K)
[2019-04-15T13:36:11.334+0200][307,168s] GC(778) CMS: 392652K->392652K(393216K)
[2019-04-15T13:36:11.334+0200][307,168s] GC(778) Metaspace: 68642K->68642K(1112064K)
[2019-04-15T13:36:11.334+0200][307,168s] GC(778) Pause Young (CMS Final Remark) 490M->490M(490M) 0,066ms
[2019-04-15T13:36:11.334+0200][307,168s] GC(778) User=0,00s Sys=0,00s Real=0,00s
[2019-04-15T13:36:11.399+0200][307,233s] GC(777) Pause Remark 490M->490M(490M) 65,658ms
[2019-04-15T13:36:11.400+0200][307,233s] GC(777) User=0,13s Sys=0,01s Real=0,06s
[2019-04-15T13:36:11.400+0200][307,234s] GC(777) Concurrent Sweep
[2019-04-15T13:36:11.410+0200][307,244s] GC(779) Pause Full (Allocation Failure)
[2019-04-15T13:36:11.535+0200][307,369s] GC(777) Concurrent Sweep 135,077ms
[2019-04-15T13:36:11.535+0200][307,369s] GC(777) User=0,14s Sys=0,00s Real=0,14s
[2019-04-15T13:36:11.535+0200][307,369s] GC(779) Phase 1: Mark live objects
[2019-04-15T13:36:11.712+0200][307,546s] GC(779) Phase 1: Mark live objects 177,432ms
[2019-04-15T13:36:11.713+0200][307,546s] GC(779) Phase 2: Compute new object addresses
[2019-04-15T13:36:11.832+0200][307,666s] GC(779) Phase 2: Compute new object addresses 119,332ms
[2019-04-15T13:36:11.832+0200][307,666s] GC(779) Phase 3: Adjust pointers
[2019-04-15T13:36:11.958+0200][307,791s] GC(779) Phase 3: Adjust pointers 125,700ms
[2019-04-15T13:36:11.958+0200][307,791s] GC(779) Phase 4: Move objects
[2019-04-15T13:36:11.958+0200][307,792s] GC(779) Phase 4: Move objects 0,745ms
[2019-04-15T13:36:11.959+0200][307,793s] GC(779) ParNew: 109248K->34220K(109248K)
[2019-04-15T13:36:11.959+0200][307,793s] GC(779) CMS: 393190K->382179K(393216K)
[2019-04-15T13:36:11.959+0200][307,793s] GC(779) Metaspace: 68642K->68642K(1112064K)
[2019-04-15T13:36:11.959+0200][307,793s] GC(779) Pause Full (Allocation Failure) 490M->406M(490M) 548,703ms
[2019-04-15T13:36:11.959+0200][307,793s] GC(779) User=0,55s Sys=0,00s Real=0,55s
[2019-04-15T13:36:11.959+0200][307,793s] GC(777) Old: 382540K->382179K(393216K)
[2019-04-15T13:36:12.342+0200][308,176s] GC(780) Pause Full (Allocation Failure)
[2019-04-15T13:36:12.343+0200][308,177s] GC(780) Phase 1: Mark live objects
[2019-04-15T13:36:12.501+0200][308,335s] GC(780) Phase 1: Mark live objects 158,601ms
[2019-04-15T13:36:12.502+0200][308,335s] GC(780) Phase 2: Compute new object addresses
[2019-04-15T13:36:12.615+0200][308,448s] GC(780) Phase 2: Compute new object addresses 113,167ms
[2019-04-15T13:36:12.615+0200][308,448s] GC(780) Phase 3: Adjust pointers
[2019-04-15T13:36:12.744+0200][308,577s] GC(780) Phase 3: Adjust pointers 128,964ms
[2019-04-15T13:36:12.744+0200][308,577s] GC(780) Phase 4: Move objects
[2019-04-15T13:36:12.744+0200][308,578s] GC(780) Phase 4: Move objects 0,765ms
[2019-04-15T13:36:12.745+0200][308,579s] GC(780) ParNew: 109248K->34198K(109248K)
[2019-04-15T13:36:12.745+0200][308,579s] GC(780) CMS: 393192K->382715K(393216K)
[2019-04-15T13:36:12.745+0200][308,579s] GC(780) Metaspace: 68642K->68642K(1112064K)
[2019-04-15T13:36:12.745+0200][308,579s] GC(780) Pause Full (Allocation Failure) 490M->407M(490M) 402,789ms
[2019-04-15T13:36:12.745+0200][308,579s] GC(780) User=0,40s Sys=0,00s Real=0,41s
[2019-04-15T13:36:12.746+0200][308,580s] GC(781) Pause Initial Mark
[2019-04-15T13:36:12.749+0200][308,582s] GC(781) Pause Initial Mark 408M->408M(490M) 2,337ms
[2019-04-15T13:36:12.749+0200][308,582s] GC(781) User=0,00s Sys=0,00s Real=0,00s
[2019-04-15T13:36:12.749+0200][308,582s] GC(781) Concurrent Mark
[2019-04-15T13:36:12.749+0200][308,582s] GC(781) Using 4 workers of 4 for marking
[2019-04-15T13:36:12.939+0200][308,773s] GC(781) Concurrent Mark 190,462ms
[2019-04-15T13:36:12.939+0200][308,773s] GC(781) User=0,52s Sys=0,00s Real=0,19s
[2019-04-15T13:36:12.939+0200][308,773s] GC(781) Concurrent Preclean
[2019-04-15T13:36:13.209+0200][309,043s] GC(781) Concurrent Preclean 270,067ms
[2019-04-15T13:36:13.209+0200][309,043s] GC(781) User=0,47s Sys=0,00s Real=0,27s
[2019-04-15T13:36:13.209+0200][309,043s] GC(781) Concurrent Abortable Preclean
[2019-04-15T13:36:13.209+0200][309,043s] GC(781) Concurrent Abortable Preclean 0,009ms
[2019-04-15T13:36:13.209+0200][309,043s] GC(781) User=0,00s Sys=0,00s Real=0,00s
[2019-04-15T13:36:13.210+0200][309,043s] GC(781) Pause Remark
[2019-04-15T13:36:13.210+0200][309,043s] GC(782) Pause Young (CMS Final Remark)
[2019-04-15T13:36:13.210+0200][309,043s] GC(782) Using 4 workers of 4 for evacuation
[2019-04-15T13:36:13.210+0200][309,043s] GC(782) ParNew: 109247K->109247K(109248K)
[2019-04-15T13:36:13.210+0200][309,043s] GC(782) CMS: 384679K->384679K(393216K)
[2019-04-15T13:36:13.210+0200][309,043s] GC(782) Metaspace: 68642K->68642K(1112064K)
[2019-04-15T13:36:13.210+0200][309,043s] GC(782) Pause Young (CMS Final Remark) 482M->482M(490M) 0,086ms
[2019-04-15T13:36:13.210+0200][309,043s] GC(782) User=0,00s Sys=0,00s Real=0,00s
[2019-04-15T13:36:13.278+0200][309,112s] GC(781) Pause Remark 482M->482M(490M) 68,467ms
[2019-04-15T13:36:13.278+0200][309,112s] GC(781) User=0,12s Sys=0,00s Real=0,07s
[2019-04-15T13:36:13.278+0200][309,112s] GC(781) Concurrent Sweep
[2019-04-15T13:36:13.474+0200][309,307s] GC(783) Pause Full (Allocation Failure)
[2019-04-15T13:36:13.491+0200][309,325s] GC(781) Concurrent Sweep 213,361ms
[2019-04-15T13:36:13.491+0200][309,325s] GC(781) User=0,35s Sys=0,00s Real=0,21s
[2019-04-15T13:36:13.492+0200][309,325s] GC(783) Phase 1: Mark live objects
[2019-04-15T13:36:13.673+0200][309,506s] GC(783) Phase 1: Mark live objects 181,073ms
[2019-04-15T13:36:13.673+0200][309,506s] GC(783) Phase 2: Compute new object addresses
[2019-04-15T13:36:13.786+0200][309,620s] GC(783) Phase 2: Compute new object addresses 113,558ms
[2019-04-15T13:36:13.786+0200][309,620s] GC(783) Phase 3: Adjust pointers
[2019-04-15T13:36:13.911+0200][309,745s] GC(783) Phase 3: Adjust pointers 124,716ms
[2019-04-15T13:36:13.911+0200][309,745s] GC(783) Phase 4: Move objects
[2019-04-15T13:36:13.912+0200][309,746s] GC(783) Phase 4: Move objects 1,255ms
[2019-04-15T13:36:13.915+0200][309,749s] GC(783) ParNew: 109247K->34252K(109248K)
[2019-04-15T13:36:13.915+0200][309,749s] GC(783) CMS: 393148K->382194K(393216K)
[2019-04-15T13:36:13.915+0200][309,749s] GC(783) Metaspace: 68642K->68642K(1112064K)
[2019-04-15T13:36:13.915+0200][309,749s] GC(783) Pause Full (Allocation Failure) 490M->406M(490M) 441,354ms
[2019-04-15T13:36:13.915+0200][309,749s] GC(783) User=0,44s Sys=0,00s Real=0,44s
[2019-04-15T13:36:13.915+0200][309,749s] GC(781) Old: 382715K->382194K(393216K)
[2019-04-15T13:36:14.216+0200][310,050s] GC(784) Pause Full (Allocation Failure)
[2019-04-15T13:36:14.217+0200][310,050s] GC(784) Phase 1: Mark live objects
[2019-04-15T13:36:14.377+0200][310,211s] GC(784) Phase 1: Mark live objects 160,211ms
[2019-04-15T13:36:14.377+0200][310,211s] GC(784) Phase 2: Compute new object addresses
[2019-04-15T13:36:14.494+0200][310,327s] GC(784) Phase 2: Compute new object addresses 116,689ms
[2019-04-15T13:36:14.494+0200][310,327s] GC(784) Phase 3: Adjust pointers
[2019-04-15T13:36:14.622+0200][310,456s] GC(784) Phase 3: Adjust pointers 128,183ms
[2019-04-15T13:36:14.622+0200][310,456s] GC(784) Phase 4: Move objects
[2019-04-15T13:36:14.623+0200][310,457s] GC(784) Phase 4: Move objects 1,274ms
[2019-04-15T13:36:14.625+0200][310,458s] GC(784) ParNew: 109248K->34233K(109248K)
[2019-04-15T13:36:14.625+0200][310,458s] GC(784) CMS: 393215K->382334K(393216K)
[2019-04-15T13:36:14.625+0200][310,458s] GC(784) Metaspace: 68642K->68642K(1112064K)
[2019-04-15T13:36:14.625+0200][310,458s] GC(784) Pause Full (Allocation Failure) 490M->406M(490M) 408,351ms
[2019-04-15T13:36:14.625+0200][310,458s] GC(784) User=0,41s Sys=0,00s Real=0,40s
[2019-04-15T13:36:14.625+0200][310,459s] GC(785) Pause Initial Mark
[2019-04-15T13:36:14.626+0200][310,460s] GC(785) Pause Initial Mark 408M->408M(490M) 1,054ms
[2019-04-15T13:36:14.626+0200][310,460s] GC(785) User=0,00s Sys=0,00s Real=0,01s
[2019-04-15T13:36:14.626+0200][310,460s] GC(785) Concurrent Mark
[2019-04-15T13:36:14.626+0200][310,460s] GC(785) Using 4 workers of 4 for marking
[2019-04-15T13:36:14.821+0200][310,654s] GC(785) Concurrent Mark 194,771ms
[2019-04-15T13:36:14.821+0200][310,655s] GC(785) User=0,52s Sys=0,00s Real=0,19s
[2019-04-15T13:36:14.821+0200][310,655s] GC(785) Concurrent Preclean
[2019-04-15T13:36:14.979+0200][310,812s] GC(785) Concurrent Preclean 157,694ms
[2019-04-15T13:36:14.979+0200][310,812s] GC(785) User=0,31s Sys=0,00s Real=0,16s
[2019-04-15T13:36:14.979+0200][310,812s] GC(785) Concurrent Abortable Preclean
[2019-04-15T13:36:14.979+0200][310,812s] GC(785) Concurrent Abortable Preclean 0,008ms
[2019-04-15T13:36:14.979+0200][310,812s] GC(785) User=0,00s Sys=0,00s Real=0,00s
[2019-04-15T13:36:14.979+0200][310,813s] GC(785) Pause Remark
[2019-04-15T13:36:14.979+0200][310,813s] GC(786) Pause Young (CMS Final Remark)
[2019-04-15T13:36:14.979+0200][310,813s] GC(786) Using 4 workers of 4 for evacuation
[2019-04-15T13:36:14.979+0200][310,813s] GC(786) ParNew: 107863K->107863K(109248K)
[2019-04-15T13:36:14.979+0200][310,813s] GC(786) CMS: 382334K->382334K(393216K)
[2019-04-15T13:36:14.979+0200][310,813s] GC(786) Metaspace: 68642K->68642K(1112064K)
[2019-04-15T13:36:14.979+0200][310,813s] GC(786) Pause Young (CMS Final Remark) 478M->478M(490M) 0,082ms
[2019-04-15T13:36:14.979+0200][310,813s] GC(786) User=0,00s Sys=0,00s Real=0,00s
[2019-04-15T13:36:15.060+0200][310,894s] GC(785) Pause Remark 478M->478M(490M) 81,020ms
[2019-04-15T13:36:15.060+0200][310,894s] GC(785) User=0,14s Sys=0,01s Real=0,08s
[2019-04-15T13:36:15.060+0200][310,894s] GC(785) Concurrent Sweep
[2019-04-15T13:36:15.240+0200][311,074s] GC(785) Concurrent Sweep 180,104ms
[2019-04-15T13:36:15.241+0200][311,074s] GC(785) User=0,33s Sys=0,00s Real=0,18s
[2019-04-15T13:36:15.241+0200][311,075s] GC(787) Pause Young (Allocation Failure)
[2019-04-15T13:36:15.241+0200][311,075s] GC(787) Using 4 workers of 4 for evacuation
[2019-04-15T13:36:15.241+0200][311,075s] GC(788) Pause Full (Allocation Failure)
[2019-04-15T13:36:15.241+0200][311,075s] GC(788) Phase 1: Mark live objects
[2019-04-15T13:36:15.415+0200][311,249s] GC(788) Phase 1: Mark live objects 174,146ms
[2019-04-15T13:36:15.415+0200][311,249s] GC(788) Phase 2: Compute new object addresses
[2019-04-15T13:36:15.533+0200][311,367s] GC(788) Phase 2: Compute new object addresses 117,938ms
[2019-04-15T13:36:15.533+0200][311,367s] GC(788) Phase 3: Adjust pointers
[2019-04-15T13:36:15.665+0200][311,499s] GC(788) Phase 3: Adjust pointers 131,940ms
[2019-04-15T13:36:15.665+0200][311,499s] GC(788) Phase 4: Move objects
[2019-04-15T13:36:15.666+0200][311,500s] GC(788) Phase 4: Move objects 0,749ms
[2019-04-15T13:36:15.667+0200][311,501s] GC(788) Pause Full (Allocation Failure) 486M->407M(490M) 425,959ms
[2019-04-15T13:36:15.667+0200][311,501s] GC(787) ParNew: 109248K->34469K(109248K)
[2019-04-15T13:36:15.667+0200][311,501s] GC(787) CMS: 389219K->382383K(393216K)
[2019-04-15T13:36:15.667+0200][311,501s] GC(787) Metaspace: 68642K->68642K(1112064K)
[2019-04-15T13:36:15.667+0200][311,501s] GC(787) Pause Young (Allocation Failure) 486M->407M(490M) 426,087ms
[2019-04-15T13:36:15.667+0200][311,501s] GC(787) User=0,41s Sys=0,01s Real=0,43s
[2019-04-15T13:36:15.667+0200][311,501s] GC(785) Old: 382334K->382383K(393216K)
[2019-04-15T13:36:15.994+0200][311,828s] GC(789) Pause Full (Allocation Failure)
[2019-04-15T13:36:15.995+0200][311,828s] GC(789) Phase 1: Mark live objects
[2019-04-15T13:36:16.328+0200][312,162s] GC(789) Phase 1: Mark live objects 333,299ms
[2019-04-15T13:36:16.328+0200][312,162s] GC(789) Phase 2: Compute new object addresses
[2019-04-15T13:36:16.495+0200][312,329s] GC(789) Phase 2: Compute new object addresses 167,367ms
[2019-04-15T13:36:16.495+0200][312,329s] GC(789) Phase 3: Adjust pointers
[2019-04-15T13:36:16.632+0200][312,466s] GC(789) Phase 3: Adjust pointers 136,575ms
[2019-04-15T13:36:16.632+0200][312,466s] GC(789) Phase 4: Move objects
[2019-04-15T13:36:16.634+0200][312,468s] GC(789) Phase 4: Move objects 1,818ms
[2019-04-15T13:36:16.637+0200][312,470s] GC(789) ParNew: 109248K->34193K(109248K)
[2019-04-15T13:36:16.637+0200][312,471s] GC(789) CMS: 393210K->382457K(393216K)
[2019-04-15T13:36:16.637+0200][312,471s] GC(789) Metaspace: 68642K->68642K(1112064K)
[2019-04-15T13:36:16.637+0200][312,471s] GC(789) Pause Full (Allocation Failure) 490M->406M(490M) 643,061ms
[2019-04-15T13:36:16.637+0200][312,471s] GC(789) User=0,57s Sys=0,00s Real=0,64s
[2019-04-15T13:36:16.637+0200][312,471s] GC(790) Pause Initial Mark
[2019-04-15T13:36:16.639+0200][312,472s] GC(790) Pause Initial Mark 408M->408M(490M) 1,472ms
[2019-04-15T13:36:16.639+0200][312,472s] GC(790) User=0,00s Sys=0,00s Real=0,00s
[2019-04-15T13:36:16.639+0200][312,473s] GC(790) Concurrent Mark
[2019-04-15T13:36:16.639+0200][312,473s] GC(790) Using 4 workers of 4 for marking
[2019-04-15T13:36:16.825+0200][312,658s] GC(790) Concurrent Mark 185,453ms
[2019-04-15T13:36:16.825+0200][312,658s] GC(790) User=0,49s Sys=0,00s Real=0,18s
[2019-04-15T13:36:16.825+0200][312,658s] GC(790) Concurrent Preclean
[2019-04-15T13:36:17.117+0200][312,951s] GC(790) Concurrent Preclean 292,126ms
[2019-04-15T13:36:17.117+0200][312,951s] GC(790) User=0,56s Sys=0,00s Real=0,30s
[2019-04-15T13:36:17.117+0200][312,951s] GC(790) Concurrent Abortable Preclean
[2019-04-15T13:36:17.117+0200][312,951s] GC(790) Concurrent Abortable Preclean 0,011ms
[2019-04-15T13:36:17.117+0200][312,951s] GC(790) User=0,00s Sys=0,00s Real=0,00s
[2019-04-15T13:36:17.117+0200][312,951s] GC(790) Pause Remark
[2019-04-15T13:36:17.117+0200][312,951s] GC(791) Pause Young (CMS Final Remark)
[2019-04-15T13:36:17.117+0200][312,951s] GC(791) Using 4 workers of 4 for evacuation
[2019-04-15T13:36:17.117+0200][312,951s] GC(791) ParNew: 109248K->109248K(109248K)
[2019-04-15T13:36:17.117+0200][312,951s] GC(791) CMS: 385775K->385775K(393216K)
[2019-04-15T13:36:17.117+0200][312,951s] GC(791) Metaspace: 68642K->68642K(1112064K)
[2019-04-15T13:36:17.117+0200][312,951s] GC(791) Pause Young (CMS Final Remark) 483M->483M(490M) 0,083ms
[2019-04-15T13:36:17.117+0200][312,951s] GC(791) User=0,00s Sys=0,00s Real=0,00s
[2019-04-15T13:36:17.200+0200][313,034s] GC(790) Pause Remark 483M->483M(490M) 83,165ms
[2019-04-15T13:36:17.200+0200][313,034s] GC(790) User=0,18s Sys=0,00s Real=0,08s
[2019-04-15T13:36:17.200+0200][313,034s] GC(790) Concurrent Sweep
[2019-04-15T13:36:17.344+0200][313,178s] GC(792) Pause Full (Allocation Failure)
[2019-04-15T13:36:17.374+0200][313,207s] GC(790) Concurrent Sweep 173,256ms
[2019-04-15T13:36:17.374+0200][313,207s] GC(790) User=0,31s Sys=0,00s Real=0,18s
[2019-04-15T13:36:17.374+0200][313,208s] GC(792) Phase 1: Mark live objects
[2019-04-15T13:36:17.544+0200][313,378s] GC(792) Phase 1: Mark live objects 170,235ms
[2019-04-15T13:36:17.544+0200][313,378s] GC(792) Phase 2: Compute new object addresses
[2019-04-15T13:36:17.671+0200][313,505s] GC(792) Phase 2: Compute new object addresses 126,875ms
[2019-04-15T13:36:17.671+0200][313,505s] GC(792) Phase 3: Adjust pointers
[2019-04-15T13:36:17.795+0200][313,629s] GC(792) Phase 3: Adjust pointers 124,220ms
[2019-04-15T13:36:17.795+0200][313,629s] GC(792) Phase 4: Move objects
[2019-04-15T13:36:17.796+0200][313,630s] GC(792) Phase 4: Move objects 0,369ms
[2019-04-15T13:36:17.798+0200][313,632s] GC(792) ParNew: 109248K->34101K(109248K)
[2019-04-15T13:36:17.798+0200][313,632s] GC(792) CMS: 393171K->381964K(393216K)
[2019-04-15T13:36:17.798+0200][313,632s] GC(792) Metaspace: 68642K->68642K(1112064K)
[2019-04-15T13:36:17.798+0200][313,632s] GC(792) Pause Full (Allocation Failure) 490M->406M(490M) 454,130ms
[2019-04-15T13:36:17.798+0200][313,632s] GC(792) User=0,45s Sys=0,00s Real=0,46s
[2019-04-15T13:36:17.799+0200][313,632s] GC(790) Old: 382457K->381964K(393216K)
[2019-04-15T13:36:18.168+0200][314,002s] GC(793) Pause Full (Allocation Failure)
[2019-04-15T13:36:18.168+0200][314,002s] GC(793) Phase 1: Mark live objects
[2019-04-15T13:36:18.339+0200][314,172s] GC(793) Phase 1: Mark live objects 170,126ms
[2019-04-15T13:36:18.339+0200][314,172s] GC(793) Phase 2: Compute new object addresses
[2019-04-15T13:36:18.460+0200][314,294s] GC(793) Phase 2: Compute new object addresses 121,292ms
[2019-04-15T13:36:18.460+0200][314,294s] GC(793) Phase 3: Adjust pointers
[2019-04-15T13:36:18.602+0200][314,435s] GC(793) Phase 3: Adjust pointers 141,801ms
[2019-04-15T13:36:18.602+0200][314,436s] GC(793) Phase 4: Move objects
[2019-04-15T13:36:18.602+0200][314,436s] GC(793) Phase 4: Move objects 0,397ms
[2019-04-15T13:36:18.603+0200][314,437s] GC(793) ParNew: 109247K->34123K(109248K)
[2019-04-15T13:36:18.603+0200][314,437s] GC(793) CMS: 393215K->381829K(393216K)
[2019-04-15T13:36:18.603+0200][314,437s] GC(793) Metaspace: 68642K->68642K(1112064K)
[2019-04-15T13:36:18.603+0200][314,437s] GC(793) Pause Full (Allocation Failure) 490M->406M(490M) 434,892ms
[2019-04-15T13:36:18.603+0200][314,437s] GC(793) User=0,43s Sys=0,00s Real=0,43s
[2019-04-15T13:36:18.605+0200][314,439s] GC(794) Pause Initial Mark
[2019-04-15T13:36:18.607+0200][314,440s] GC(794) Pause Initial Mark 409M->409M(490M) 1,544ms
[2019-04-15T13:36:18.607+0200][314,440s] GC(794) User=0,00s Sys=0,00s Real=0,00s
[2019-04-15T13:36:18.607+0200][314,441s] GC(794) Concurrent Mark
[2019-04-15T13:36:18.607+0200][314,441s] GC(794) Using 4 workers of 4 for marking
[2019-04-15T13:36:18.839+0200][314,673s] GC(794) Concurrent Mark 232,091ms
[2019-04-15T13:36:18.839+0200][314,673s] GC(794) User=0,53s Sys=0,00s Real=0,23s
[2019-04-15T13:36:18.839+0200][314,673s] GC(794) Concurrent Preclean
[2019-04-15T13:36:19.046+0200][314,880s] GC(794) Concurrent Preclean 207,121ms
[2019-04-15T13:36:19.047+0200][314,880s] GC(794) User=0,37s Sys=0,00s Real=0,21s
[2019-04-15T13:36:19.047+0200][314,880s] GC(794) Concurrent Abortable Preclean
[2019-04-15T13:36:19.047+0200][314,880s] GC(794) Concurrent Abortable Preclean 0,008ms
[2019-04-15T13:36:19.047+0200][314,880s] GC(794) User=0,00s Sys=0,00s Real=0,00s
[2019-04-15T13:36:19.047+0200][314,881s] GC(794) Pause Remark
[2019-04-15T13:36:19.047+0200][314,881s] GC(795) Pause Young (CMS Final Remark)
[2019-04-15T13:36:19.047+0200][314,881s] GC(795) Using 4 workers of 4 for evacuation
[2019-04-15T13:36:19.047+0200][314,881s] GC(795) ParNew: 107483K->107483K(109248K)
[2019-04-15T13:36:19.047+0200][314,881s] GC(795) CMS: 381829K->381829K(393216K)
[2019-04-15T13:36:19.047+0200][314,881s] GC(795) Metaspace: 68642K->68642K(1112064K)
[2019-04-15T13:36:19.047+0200][314,881s] GC(795) Pause Young (CMS Final Remark) 477M->477M(490M) 0,105ms
[2019-04-15T13:36:19.047+0200][314,881s] GC(795) User=0,00s Sys=0,00s Real=0,00s
[2019-04-15T13:36:19.115+0200][314,949s] GC(794) Pause Remark 477M->477M(490M) 68,491ms
[2019-04-15T13:36:19.115+0200][314,949s] GC(794) User=0,13s Sys=0,00s Real=0,07s
[2019-04-15T13:36:19.115+0200][314,949s] GC(794) Concurrent Sweep
[2019-04-15T13:36:19.271+0200][315,104s] GC(794) Concurrent Sweep 155,198ms
[2019-04-15T13:36:19.271+0200][315,104s] GC(794) User=0,30s Sys=0,00s Real=0,15s
[2019-04-15T13:36:19.271+0200][315,105s] GC(796) Pause Young (Allocation Failure)
[2019-04-15T13:36:19.271+0200][315,105s] GC(796) Using 4 workers of 4 for evacuation
[2019-04-15T13:36:19.271+0200][315,105s] GC(797) Pause Full (Allocation Failure)
[2019-04-15T13:36:19.271+0200][315,105s] GC(797) Phase 1: Mark live objects
[2019-04-15T13:36:19.431+0200][315,265s] GC(797) Phase 1: Mark live objects 159,792ms
[2019-04-15T13:36:19.431+0200][315,265s] GC(797) Phase 2: Compute new object addresses
[2019-04-15T13:36:19.550+0200][315,384s] GC(797) Phase 2: Compute new object addresses 119,251ms
[2019-04-15T13:36:19.550+0200][315,384s] GC(797) Phase 3: Adjust pointers
[2019-04-15T13:36:19.680+0200][315,514s] GC(797) Phase 3: Adjust pointers 129,577ms
[2019-04-15T13:36:19.680+0200][315,514s] GC(797) Phase 4: Move objects
[2019-04-15T13:36:19.680+0200][315,514s] GC(797) Phase 4: Move objects 0,418ms
[2019-04-15T13:36:19.681+0200][315,515s] GC(797) Pause Full (Allocation Failure) 484M->406M(490M) 410,192ms
[2019-04-15T13:36:19.681+0200][315,515s] GC(796) ParNew: 109248K->34145K(109248K)
[2019-04-15T13:36:19.681+0200][315,515s] GC(796) CMS: 386876K->381954K(393216K)
[2019-04-15T13:36:19.681+0200][315,515s] GC(796) Metaspace: 68642K->68642K(1112064K)
[2019-04-15T13:36:19.681+0200][315,515s] GC(796) Pause Young (Allocation Failure) 484M->406M(490M) 410,285ms
[2019-04-15T13:36:19.681+0200][315,515s] GC(796) User=0,40s Sys=0,00s Real=0,41s
[2019-04-15T13:36:19.681+0200][315,515s] GC(794) Old: 381829K->381954K(393216K)
[2019-04-15T13:36:20.022+0200][315,856s] GC(798) Pause Full (Allocation Failure)
[2019-04-15T13:36:20.022+0200][315,856s] GC(798) Phase 1: Mark live objects
[2019-04-15T13:36:20.193+0200][316,026s] GC(798) Phase 1: Mark live objects 170,404ms
[2019-04-15T13:36:20.193+0200][316,027s] GC(798) Phase 2: Compute new object addresses
[2019-04-15T13:36:20.312+0200][316,145s] GC(798) Phase 2: Compute new object addresses 118,854ms
[2019-04-15T13:36:20.312+0200][316,146s] GC(798) Phase 3: Adjust pointers
[2019-04-15T13:36:20.434+0200][316,268s] GC(798) Phase 3: Adjust pointers 122,016ms
[2019-04-15T13:36:20.434+0200][316,268s] GC(798) Phase 4: Move objects
[2019-04-15T13:36:20.434+0200][316,268s] GC(798) Phase 4: Move objects 0,666ms
[2019-04-15T13:36:20.435+0200][316,269s] GC(798) ParNew: 109248K->34170K(109248K)
[2019-04-15T13:36:20.435+0200][316,269s] GC(798) CMS: 393133K->382695K(393216K)
[2019-04-15T13:36:20.435+0200][316,269s] GC(798) Metaspace: 68642K->68642K(1112064K)
[2019-04-15T13:36:20.435+0200][316,269s] GC(798) Pause Full (Allocation Failure) 490M->407M(490M) 413,341ms
[2019-04-15T13:36:20.435+0200][316,269s] GC(798) User=0,41s Sys=0,01s Real=0,42s
[2019-04-15T13:36:20.437+0200][316,271s] GC(799) Pause Initial Mark
[2019-04-15T13:36:20.438+0200][316,272s] GC(799) Pause Initial Mark 410M->410M(490M) 1,462ms
[2019-04-15T13:36:20.438+0200][316,272s] GC(799) User=0,01s Sys=0,00s Real=0,00s
[2019-04-15T13:36:20.439+0200][316,272s] GC(799) Concurrent Mark
[2019-04-15T13:36:20.439+0200][316,272s] GC(799) Using 4 workers of 4 for marking
[2019-04-15T13:36:20.639+0200][316,472s] GC(799) Concurrent Mark 200,164ms
[2019-04-15T13:36:20.639+0200][316,473s] GC(799) User=0,51s Sys=0,00s Real=0,20s
[2019-04-15T13:36:20.639+0200][316,473s] GC(799) Concurrent Preclean
[2019-04-15T13:36:21.002+0200][316,835s] GC(800) Pause Full (Allocation Failure)
[2019-04-15T13:36:21.009+0200][316,842s] GC(799) Concurrent Preclean 369,884ms
[2019-04-15T13:36:21.009+0200][316,842s] GC(799) User=0,67s Sys=0,01s Real=0,37s
[2019-04-15T13:36:21.009+0200][316,843s] GC(800) Phase 1: Mark live objects
[2019-04-15T13:36:21.187+0200][317,020s] GC(800) Phase 1: Mark live objects 177,881ms
[2019-04-15T13:36:21.187+0200][317,020s] GC(800) Phase 2: Compute new object addresses
[2019-04-15T13:36:21.302+0200][317,135s] GC(800) Phase 2: Compute new object addresses 114,749ms
[2019-04-15T13:36:21.302+0200][317,135s] GC(800) Phase 3: Adjust pointers
[2019-04-15T13:36:21.433+0200][317,266s] GC(800) Phase 3: Adjust pointers 131,154ms
[2019-04-15T13:36:21.433+0200][317,266s] GC(800) Phase 4: Move objects
[2019-04-15T13:36:21.433+0200][317,267s] GC(800) Phase 4: Move objects 0,491ms
[2019-04-15T13:36:21.434+0200][317,268s] GC(800) ParNew: 109247K->34204K(109248K)
[2019-04-15T13:36:21.434+0200][317,268s] GC(800) CMS: 393191K->382258K(393216K)
[2019-04-15T13:36:21.434+0200][317,268s] GC(800) Metaspace: 68642K->68642K(1112064K)
[2019-04-15T13:36:21.434+0200][317,268s] GC(800) Pause Full (Allocation Failure) 490M->406M(490M) 432,316ms
[2019-04-15T13:36:21.434+0200][317,268s] GC(800) User=0,42s Sys=0,00s Real=0,44s
[2019-04-15T13:36:21.744+0200][317,578s] GC(801) Pause Full (Allocation Failure)
[2019-04-15T13:36:21.745+0200][317,578s] GC(801) Phase 1: Mark live objects
[2019-04-15T13:36:21.912+0200][317,746s] GC(801) Phase 1: Mark live objects 167,524ms
[2019-04-15T13:36:21.912+0200][317,746s] GC(801) Phase 2: Compute new object addresses
[2019-04-15T13:36:22.032+0200][317,865s] GC(801) Phase 2: Compute new object addresses 119,411ms
[2019-04-15T13:36:22.032+0200][317,866s] GC(801) Phase 3: Adjust pointers
[2019-04-15T13:36:22.216+0200][318,050s] GC(801) Phase 3: Adjust pointers 184,210ms
[2019-04-15T13:36:22.216+0200][318,050s] GC(801) Phase 4: Move objects
[2019-04-15T13:36:22.217+0200][318,051s] GC(801) Phase 4: Move objects 0,954ms
[2019-04-15T13:36:22.218+0200][318,052s] GC(801) ParNew: 109248K->34228K(109248K)
[2019-04-15T13:36:22.218+0200][318,052s] GC(801) CMS: 393200K->382404K(393216K)
[2019-04-15T13:36:22.218+0200][318,052s] GC(801) Metaspace: 68642K->68642K(1112064K)
[2019-04-15T13:36:22.218+0200][318,052s] GC(801) Pause Full (Allocation Failure) 490M->406M(490M) 473,861ms
[2019-04-15T13:36:22.218+0200][318,052s] GC(801) User=0,47s Sys=0,00s Real=0,48s
[2019-04-15T13:36:22.219+0200][318,053s] GC(802) Pause Initial Mark
[2019-04-15T13:36:22.221+0200][318,055s] GC(802) Pause Initial Mark 408M->408M(490M) 1,587ms
[2019-04-15T13:36:22.221+0200][318,055s] GC(802) User=0,00s Sys=0,00s Real=0,00s
[2019-04-15T13:36:22.221+0200][318,055s] GC(802) Concurrent Mark
[2019-04-15T13:36:22.221+0200][318,055s] GC(802) Using 4 workers of 4 for marking
[2019-04-15T13:36:22.406+0200][318,240s] GC(802) Concurrent Mark 185,236ms
[2019-04-15T13:36:22.406+0200][318,240s] GC(802) User=0,45s Sys=0,00s Real=0,19s
[2019-04-15T13:36:22.406+0200][318,240s] GC(802) Concurrent Preclean
[2019-04-15T13:36:22.845+0200][318,679s] GC(803) Pause Full (Allocation Failure)
[2019-04-15T13:36:22.855+0200][318,688s] GC(802) Concurrent Preclean 448,318ms
[2019-04-15T13:36:22.855+0200][318,689s] GC(802) User=0,85s Sys=0,00s Real=0,45s
[2019-04-15T13:36:22.855+0200][318,689s] GC(803) Phase 1: Mark live objects
[2019-04-15T13:36:23.030+0200][318,864s] GC(803) Phase 1: Mark live objects 175,270ms
[2019-04-15T13:36:23.030+0200][318,864s] GC(803) Phase 2: Compute new object addresses
[2019-04-15T13:36:23.149+0200][318,983s] GC(803) Phase 2: Compute new object addresses 119,148ms
[2019-04-15T13:36:23.149+0200][318,983s] GC(803) Phase 3: Adjust pointers
[2019-04-15T13:36:23.284+0200][319,117s] GC(803) Phase 3: Adjust pointers 134,143ms
[2019-04-15T13:36:23.284+0200][319,117s] GC(803) Phase 4: Move objects
[2019-04-15T13:36:23.284+0200][319,118s] GC(803) Phase 4: Move objects 0,596ms
[2019-04-15T13:36:23.285+0200][319,119s] GC(803) ParNew: 109248K->34316K(109248K)
[2019-04-15T13:36:23.285+0200][319,119s] GC(803) CMS: 393172K->382075K(393216K)
[2019-04-15T13:36:23.285+0200][319,119s] GC(803) Metaspace: 68642K->68642K(1112064K)
[2019-04-15T13:36:23.285+0200][319,119s] GC(803) Pause Full (Allocation Failure) 490M->406M(490M) 439,561ms
[2019-04-15T13:36:23.285+0200][319,119s] GC(803) User=0,44s Sys=0,01s Real=0,44s
[2019-04-15T13:36:23.596+0200][319,430s] GC(804) Pause Full (Allocation Failure)
[2019-04-15T13:36:23.597+0200][319,430s] GC(804) Phase 1: Mark live objects
[2019-04-15T13:36:23.764+0200][319,598s] GC(804) Phase 1: Mark live objects 167,080ms
[2019-04-15T13:36:23.764+0200][319,598s] GC(804) Phase 2: Compute new object addresses
[2019-04-15T13:36:23.878+0200][319,712s] GC(804) Phase 2: Compute new object addresses 114,027ms
[2019-04-15T13:36:23.878+0200][319,712s] GC(804) Phase 3: Adjust pointers
[2019-04-15T13:36:24.001+0200][319,834s] GC(804) Phase 3: Adjust pointers 122,560ms
[2019-04-15T13:36:24.001+0200][319,834s] GC(804) Phase 4: Move objects
[2019-04-15T13:36:24.001+0200][319,835s] GC(804) Phase 4: Move objects 0,633ms
[2019-04-15T13:36:24.002+0200][319,836s] GC(804) ParNew: 109248K->34545K(109248K)
[2019-04-15T13:36:24.002+0200][319,836s] GC(804) CMS: 393215K->381859K(393216K)
[2019-04-15T13:36:24.002+0200][319,836s] GC(804) Metaspace: 68642K->68642K(1112064K)
[2019-04-15T13:36:24.002+0200][319,836s] GC(804) Pause Full (Allocation Failure) 490M->406M(490M) 405,960ms
[2019-04-15T13:36:24.002+0200][319,836s] GC(804) User=0,40s Sys=0,00s Real=0,40s
[2019-04-15T13:36:24.003+0200][319,837s] GC(805) Pause Initial Mark
[2019-04-15T13:36:24.005+0200][319,838s] GC(805) Pause Initial Mark 408M->408M(490M) 1,467ms
[2019-04-15T13:36:24.005+0200][319,838s] GC(805) User=0,00s Sys=0,00s Real=0,00s
[2019-04-15T13:36:24.005+0200][319,838s] GC(805) Concurrent Mark
[2019-04-15T13:36:24.005+0200][319,838s] GC(805) Using 4 workers of 4 for marking
[2019-04-15T13:36:24.217+0200][320,051s] GC(805) Concurrent Mark 212,301ms
[2019-04-15T13:36:24.217+0200][320,051s] GC(805) User=0,52s Sys=0,00s Real=0,22s
[2019-04-15T13:36:24.217+0200][320,051s] GC(805) Concurrent Preclean
[2019-04-15T13:36:24.402+0200][320,236s] GC(805) Concurrent Preclean 185,326ms
[2019-04-15T13:36:24.403+0200][320,236s] GC(805) User=0,35s Sys=0,00s Real=0,18s
[2019-04-15T13:36:24.403+0200][320,236s] GC(805) Concurrent Abortable Preclean
[2019-04-15T13:36:24.403+0200][320,236s] GC(805) Concurrent Abortable Preclean 0,014ms
[2019-04-15T13:36:24.403+0200][320,236s] GC(805) User=0,00s Sys=0,00s Real=0,00s
[2019-04-15T13:36:24.403+0200][320,237s] GC(805) Pause Remark
[2019-04-15T13:36:24.403+0200][320,237s] GC(806) Pause Young (CMS Final Remark)
[2019-04-15T13:36:24.403+0200][320,237s] GC(806) Using 4 workers of 4 for evacuation
[2019-04-15T13:36:24.403+0200][320,237s] GC(806) ParNew: 108582K->108582K(109248K)
[2019-04-15T13:36:24.403+0200][320,237s] GC(806) CMS: 381859K->381859K(393216K)
[2019-04-15T13:36:24.403+0200][320,237s] GC(806) Metaspace: 68642K->68642K(1112064K)
[2019-04-15T13:36:24.403+0200][320,237s] GC(806) Pause Young (CMS Final Remark) 478M->478M(490M) 0,102ms
[2019-04-15T13:36:24.403+0200][320,237s] GC(806) User=0,00s Sys=0,00s Real=0,00s
[2019-04-15T13:36:24.479+0200][320,313s] GC(805) Pause Remark 478M->478M(490M) 75,992ms
[2019-04-15T13:36:24.479+0200][320,313s] GC(805) User=0,15s Sys=0,00s Real=0,08s
[2019-04-15T13:36:24.479+0200][320,313s] GC(805) Concurrent Sweep
[2019-04-15T13:36:24.691+0200][320,525s] GC(805) Concurrent Sweep 212,104ms
[2019-04-15T13:36:24.691+0200][320,525s] GC(805) User=0,41s Sys=0,01s Real=0,21s
[2019-04-15T13:36:24.691+0200][320,525s] GC(805) Concurrent Reset
[2019-04-15T13:36:24.692+0200][320,525s] GC(807) Pause Young (Allocation Failure)
[2019-04-15T13:36:24.692+0200][320,525s] GC(807) Using 4 workers of 4 for evacuation
[2019-04-15T13:36:24.692+0200][320,525s] GC(808) Pause Full (Allocation Failure)
[2019-04-15T13:36:24.692+0200][320,526s] GC(805) Concurrent Reset 0,835ms
[2019-04-15T13:36:24.692+0200][320,526s] GC(805) User=0,01s Sys=0,00s Real=0,00s
[2019-04-15T13:36:24.692+0200][320,526s] GC(805) Old: 381859K->388552K(393216K)
[2019-04-15T13:36:24.692+0200][320,526s] GC(808) Phase 1: Mark live objects
[2019-04-15T13:36:24.865+0200][320,699s] GC(808) Phase 1: Mark live objects 172,739ms
[2019-04-15T13:36:24.865+0200][320,699s] GC(808) Phase 2: Compute new object addresses
[2019-04-15T13:36:24.978+0200][320,812s] GC(808) Phase 2: Compute new object addresses 113,459ms
[2019-04-15T13:36:24.979+0200][320,812s] GC(808) Phase 3: Adjust pointers
[2019-04-15T13:36:25.104+0200][320,938s] GC(808) Phase 3: Adjust pointers 125,270ms
[2019-04-15T13:36:25.104+0200][320,938s] GC(808) Phase 4: Move objects
[2019-04-15T13:36:25.105+0200][320,939s] GC(808) Phase 4: Move objects 1,138ms
[2019-04-15T13:36:25.107+0200][320,941s] GC(808) Pause Full (Allocation Failure) 486M->407M(490M) 415,408ms
[2019-04-15T13:36:25.107+0200][320,941s] GC(807) ParNew: 109248K->34938K(109248K)
[2019-04-15T13:36:25.107+0200][320,941s] GC(807) CMS: 388552K->381910K(393216K)
[2019-04-15T13:36:25.107+0200][320,941s] GC(807) Metaspace: 68662K->68662K(1112064K)
[2019-04-15T13:36:25.107+0200][320,941s] GC(807) Pause Young (Allocation Failure) 486M->407M(490M) 415,599ms
[2019-04-15T13:36:25.107+0200][320,941s] GC(807) User=0,41s Sys=0,00s Real=0,42s
[2019-04-15T13:36:25.410+0200][321,243s] GC(809) Pause Full (Allocation Failure)
[2019-04-15T13:36:25.410+0200][321,244s] GC(809) Phase 1: Mark live objects
[2019-04-15T13:36:25.574+0200][321,408s] GC(809) Phase 1: Mark live objects 163,433ms
[2019-04-15T13:36:25.574+0200][321,408s] GC(809) Phase 2: Compute new object addresses
[2019-04-15T13:36:25.689+0200][321,523s] GC(809) Phase 2: Compute new object addresses 115,398ms
[2019-04-15T13:36:25.689+0200][321,523s] GC(809) Phase 3: Adjust pointers
[2019-04-15T13:36:25.836+0200][321,669s] GC(809) Phase 3: Adjust pointers 146,117ms
[2019-04-15T13:36:25.836+0200][321,669s] GC(809) Phase 4: Move objects
[2019-04-15T13:36:25.938+0200][321,771s] GC(809) Phase 4: Move objects 101,960ms
[2019-04-15T13:36:25.939+0200][321,773s] GC(809) ParNew: 109248K->34907K(109248K)
[2019-04-15T13:36:25.939+0200][321,773s] GC(809) CMS: 393211K->382093K(393216K)
[2019-04-15T13:36:25.939+0200][321,773s] GC(809) Metaspace: 68672K->68672K(1112064K)
[2019-04-15T13:36:25.939+0200][321,773s] GC(809) Pause Full (Allocation Failure) 490M->407M(490M) 529,825ms
[2019-04-15T13:36:25.939+0200][321,773s] GC(809) User=0,52s Sys=0,01s Real=0,53s
[2019-04-15T13:36:25.940+0200][321,773s] GC(810) Pause Initial Mark
[2019-04-15T13:36:25.943+0200][321,776s] GC(810) Pause Initial Mark 408M->408M(490M) 2,871ms
[2019-04-15T13:36:25.943+0200][321,776s] GC(810) User=0,00s Sys=0,00s Real=0,00s
[2019-04-15T13:36:25.943+0200][321,776s] GC(810) Concurrent Mark
[2019-04-15T13:36:25.943+0200][321,777s] GC(810) Using 4 workers of 4 for marking
[2019-04-15T13:36:26.106+0200][321,940s] GC(810) Concurrent Mark 163,212ms
[2019-04-15T13:36:26.106+0200][321,940s] GC(810) User=0,48s Sys=0,00s Real=0,17s
[2019-04-15T13:36:26.106+0200][321,940s] GC(810) Concurrent Preclean
[2019-04-15T13:36:26.483+0200][322,316s] GC(810) Concurrent Preclean 376,289ms
[2019-04-15T13:36:26.483+0200][322,316s] GC(810) User=0,72s Sys=0,01s Real=0,37s
[2019-04-15T13:36:26.483+0200][322,316s] GC(810) Concurrent Abortable Preclean
[2019-04-15T13:36:26.483+0200][322,316s] GC(810) Concurrent Abortable Preclean 0,008ms
[2019-04-15T13:36:26.483+0200][322,316s] GC(810) User=0,00s Sys=0,00s Real=0,00s
[2019-04-15T13:36:26.483+0200][322,317s] GC(810) Pause Remark
[2019-04-15T13:36:26.483+0200][322,317s] GC(811) Pause Young (CMS Final Remark)
[2019-04-15T13:36:26.483+0200][322,317s] GC(811) Using 4 workers of 4 for evacuation
[2019-04-15T13:36:26.483+0200][322,317s] GC(811) ParNew: 109248K->109248K(109248K)
[2019-04-15T13:36:26.483+0200][322,317s] GC(811) CMS: 391758K->391758K(393216K)
[2019-04-15T13:36:26.483+0200][322,317s] GC(811) Metaspace: 68672K->68672K(1112064K)
[2019-04-15T13:36:26.483+0200][322,317s] GC(811) Pause Young (CMS Final Remark) 489M->489M(490M) 0,086ms
[2019-04-15T13:36:26.483+0200][322,317s] GC(811) User=0,00s Sys=0,00s Real=0,00s
[2019-04-15T13:36:26.555+0200][322,389s] GC(810) Pause Remark 489M->489M(490M) 72,296ms
[2019-04-15T13:36:26.555+0200][322,389s] GC(810) User=0,12s Sys=0,00s Real=0,08s
[2019-04-15T13:36:26.555+0200][322,389s] GC(810) Concurrent Sweep
[2019-04-15T13:36:26.585+0200][322,419s] GC(812) Pause Full (Allocation Failure)
[2019-04-15T13:36:26.648+0200][322,482s] GC(810) Concurrent Sweep 93,169ms
[2019-04-15T13:36:26.648+0200][322,482s] GC(810) User=0,12s Sys=0,00s Real=0,09s
[2019-04-15T13:36:26.649+0200][322,482s] GC(812) Phase 1: Mark live objects
[2019-04-15T13:36:26.810+0200][322,644s] GC(812) Phase 1: Mark live objects 161,944ms
[2019-04-15T13:36:26.811+0200][322,644s] GC(812) Phase 2: Compute new object addresses
[2019-04-15T13:36:26.926+0200][322,760s] GC(812) Phase 2: Compute new object addresses 115,420ms
[2019-04-15T13:36:26.926+0200][322,760s] GC(812) Phase 3: Adjust pointers
[2019-04-15T13:36:27.061+0200][322,895s] GC(812) Phase 3: Adjust pointers 134,877ms
[2019-04-15T13:36:27.061+0200][322,895s] GC(812) Phase 4: Move objects
[2019-04-15T13:36:27.062+0200][322,895s] GC(812) Phase 4: Move objects 0,657ms
[2019-04-15T13:36:27.062+0200][322,896s] GC(812) ParNew: 109248K->34875K(109248K)
[2019-04-15T13:36:27.062+0200][322,896s] GC(812) CMS: 393160K->382327K(393216K)
[2019-04-15T13:36:27.062+0200][322,896s] GC(812) Metaspace: 68672K->68672K(1112064K)
[2019-04-15T13:36:27.062+0200][322,896s] GC(812) Pause Full (Allocation Failure) 490M->407M(490M) 477,127ms
[2019-04-15T13:36:27.062+0200][322,896s] GC(812) User=0,48s Sys=0,00s Real=0,47s
[2019-04-15T13:36:27.062+0200][322,896s] GC(810) Old: 382093K->382327K(393216K)
[2019-04-15T13:36:27.391+0200][323,225s] GC(813) Pause Full (Allocation Failure)
[2019-04-15T13:36:27.391+0200][323,225s] GC(813) Phase 1: Mark live objects
[2019-04-15T13:36:27.555+0200][323,389s] GC(813) Phase 1: Mark live objects 163,606ms
[2019-04-15T13:36:27.555+0200][323,389s] GC(813) Phase 2: Compute new object addresses
[2019-04-15T13:36:27.672+0200][323,505s] GC(813) Phase 2: Compute new object addresses 116,618ms
[2019-04-15T13:36:27.672+0200][323,505s] GC(813) Phase 3: Adjust pointers
[2019-04-15T13:36:27.796+0200][323,630s] GC(813) Phase 3: Adjust pointers 124,780ms
[2019-04-15T13:36:27.796+0200][323,630s] GC(813) Phase 4: Move objects
[2019-04-15T13:36:27.797+0200][323,631s] GC(813) Phase 4: Move objects 0,706ms
[2019-04-15T13:36:27.798+0200][323,632s] GC(813) ParNew: 109248K->35114K(109248K)
[2019-04-15T13:36:27.798+0200][323,632s] GC(813) CMS: 392822K->382373K(393216K)
[2019-04-15T13:36:27.798+0200][323,632s] GC(813) Metaspace: 68672K->68672K(1112064K)
[2019-04-15T13:36:27.798+0200][323,632s] GC(813) Pause Full (Allocation Failure) 490M->407M(490M) 406,960ms
[2019-04-15T13:36:27.798+0200][323,632s] GC(813) User=0,41s Sys=0,00s Real=0,41s
[2019-04-15T13:36:27.799+0200][323,633s] GC(814) Pause Initial Mark
[2019-04-15T13:36:27.801+0200][323,635s] GC(814) Pause Initial Mark 409M->409M(490M) 2,636ms
[2019-04-15T13:36:27.801+0200][323,635s] GC(814) User=0,00s Sys=0,00s Real=0,00s
[2019-04-15T13:36:27.801+0200][323,635s] GC(814) Concurrent Mark
[2019-04-15T13:36:27.801+0200][323,635s] GC(814) Using 4 workers of 4 for marking
[2019-04-15T13:36:27.977+0200][323,811s] GC(814) Concurrent Mark 175,688ms
[2019-04-15T13:36:27.977+0200][323,811s] GC(814) User=0,48s Sys=0,00s Real=0,18s
[2019-04-15T13:36:27.977+0200][323,811s] GC(814) Concurrent Preclean
[2019-04-15T13:36:28.385+0200][324,218s] GC(815) Pause Full (Allocation Failure)
[2019-04-15T13:36:28.418+0200][324,251s] GC(814) Concurrent Preclean 440,475ms
[2019-04-15T13:36:28.418+0200][324,252s] GC(814) User=0,80s Sys=0,01s Real=0,44s
[2019-04-15T13:36:28.418+0200][324,252s] GC(815) Phase 1: Mark live objects
[2019-04-15T13:36:28.599+0200][324,433s] GC(815) Phase 1: Mark live objects 181,435ms
[2019-04-15T13:36:28.599+0200][324,433s] GC(815) Phase 2: Compute new object addresses
[2019-04-15T13:36:28.708+0200][324,542s] GC(815) Phase 2: Compute new object addresses 108,870ms
[2019-04-15T13:36:28.708+0200][324,542s] GC(815) Phase 3: Adjust pointers
[2019-04-15T13:36:28.831+0200][324,665s] GC(815) Phase 3: Adjust pointers 122,582ms
[2019-04-15T13:36:28.831+0200][324,665s] GC(815) Phase 4: Move objects
[2019-04-15T13:36:28.832+0200][324,666s] GC(815) Phase 4: Move objects 1,465ms
[2019-04-15T13:36:28.834+0200][324,668s] GC(815) ParNew: 109248K->35052K(109248K)
[2019-04-15T13:36:28.834+0200][324,668s] GC(815) CMS: 393147K->382051K(393216K)
[2019-04-15T13:36:28.834+0200][324,668s] GC(815) Metaspace: 68672K->68672K(1112064K)
[2019-04-15T13:36:28.834+0200][324,668s] GC(815) Pause Full (Allocation Failure) 490M->407M(490M) 449,423ms
[2019-04-15T13:36:28.834+0200][324,668s] GC(815) User=0,45s Sys=0,00s Real=0,46s
[2019-04-15T13:36:29.143+0200][324,977s] GC(816) Pause Full (Allocation Failure)
[2019-04-15T13:36:29.144+0200][324,978s] GC(816) Phase 1: Mark live objects
[2019-04-15T13:36:29.296+0200][325,130s] GC(816) Phase 1: Mark live objects 152,353ms
[2019-04-15T13:36:29.296+0200][325,130s] GC(816) Phase 2: Compute new object addresses
[2019-04-15T13:36:29.415+0200][325,248s] GC(816) Phase 2: Compute new object addresses 118,375ms
[2019-04-15T13:36:29.415+0200][325,248s] GC(816) Phase 3: Adjust pointers
[2019-04-15T13:36:29.541+0200][325,375s] GC(816) Phase 3: Adjust pointers 126,705ms
[2019-04-15T13:36:29.541+0200][325,375s] GC(816) Phase 4: Move objects
[2019-04-15T13:36:29.542+0200][325,376s] GC(816) Phase 4: Move objects 0,689ms
[2019-04-15T13:36:29.543+0200][325,376s] GC(816) ParNew: 109248K->35010K(109248K)
[2019-04-15T13:36:29.543+0200][325,376s] GC(816) CMS: 393183K->382285K(393216K)
[2019-04-15T13:36:29.543+0200][325,376s] GC(816) Metaspace: 68672K->68672K(1112064K)
[2019-04-15T13:36:29.543+0200][325,376s] GC(816) Pause Full (Allocation Failure) 490M->407M(490M) 399,291ms
[2019-04-15T13:36:29.543+0200][325,376s] GC(816) User=0,40s Sys=0,00s Real=0,40s
[2019-04-15T13:36:29.544+0200][325,378s] GC(817) Pause Initial Mark
[2019-04-15T13:36:29.547+0200][325,380s] GC(817) Pause Initial Mark 409M->409M(490M) 2,502ms
[2019-04-15T13:36:29.547+0200][325,380s] GC(817) User=0,00s Sys=0,00s Real=0,01s
[2019-04-15T13:36:29.547+0200][325,380s] GC(817) Concurrent Mark
[2019-04-15T13:36:29.547+0200][325,380s] GC(817) Using 4 workers of 4 for marking
[2019-04-15T13:36:29.731+0200][325,565s] GC(817) Concurrent Mark 184,561ms
[2019-04-15T13:36:29.731+0200][325,565s] GC(817) User=0,48s Sys=0,01s Real=0,18s
[2019-04-15T13:36:29.731+0200][325,565s] GC(817) Concurrent Preclean
[2019-04-15T13:36:29.892+0200][325,726s] GC(817) Concurrent Preclean 160,549ms
[2019-04-15T13:36:29.892+0200][325,726s] GC(817) User=0,32s Sys=0,00s Real=0,16s
[2019-04-15T13:36:29.892+0200][325,726s] GC(817) Concurrent Abortable Preclean
[2019-04-15T13:36:29.892+0200][325,726s] GC(817) Concurrent Abortable Preclean 0,011ms
[2019-04-15T13:36:29.892+0200][325,726s] GC(817) User=0,00s Sys=0,00s Real=0,00s
[2019-04-15T13:36:29.892+0200][325,726s] GC(817) Pause Remark
[2019-04-15T13:36:29.892+0200][325,726s] GC(818) Pause Young (CMS Final Remark)
[2019-04-15T13:36:29.892+0200][325,726s] GC(818) Using 4 workers of 4 for evacuation
[2019-04-15T13:36:29.892+0200][325,726s] GC(818) ParNew: 104116K->104116K(109248K)
[2019-04-15T13:36:29.892+0200][325,726s] GC(818) CMS: 382285K->382285K(393216K)
[2019-04-15T13:36:29.892+0200][325,726s] GC(818) Metaspace: 68675K->68675K(1112064K)
[2019-04-15T13:36:29.892+0200][325,726s] GC(818) Pause Young (CMS Final Remark) 475M->475M(490M) 0,110ms
[2019-04-15T13:36:29.892+0200][325,726s] GC(818) User=0,01s Sys=0,00s Real=0,00s
[2019-04-15T13:36:29.969+0200][325,803s] GC(817) Pause Remark 475M->475M(490M) 77,084ms
[2019-04-15T13:36:29.969+0200][325,803s] GC(817) User=0,15s Sys=0,00s Real=0,08s
[2019-04-15T13:36:29.969+0200][325,803s] GC(817) Concurrent Sweep
[2019-04-15T13:36:30.147+0200][325,981s] GC(817) Concurrent Sweep 177,632ms
[2019-04-15T13:36:30.147+0200][325,981s] GC(817) User=0,31s Sys=0,00s Real=0,18s
[2019-04-15T13:36:30.148+0200][325,982s] GC(819) Pause Young (Allocation Failure)
[2019-04-15T13:36:30.148+0200][325,982s] GC(819) Using 4 workers of 4 for evacuation
[2019-04-15T13:36:30.148+0200][325,982s] GC(820) Pause Full (Allocation Failure)
[2019-04-15T13:36:30.148+0200][325,982s] GC(820) Phase 1: Mark live objects
[2019-04-15T13:36:30.328+0200][326,162s] GC(820) Phase 1: Mark live objects 179,568ms
[2019-04-15T13:36:30.328+0200][326,162s] GC(820) Phase 2: Compute new object addresses
[2019-04-15T13:36:30.442+0200][326,275s] GC(820) Phase 2: Compute new object addresses 113,606ms
[2019-04-15T13:36:30.442+0200][326,275s] GC(820) Phase 3: Adjust pointers
[2019-04-15T13:36:30.568+0200][326,402s] GC(820) Phase 3: Adjust pointers 126,839ms
[2019-04-15T13:36:30.568+0200][326,402s] GC(820) Phase 4: Move objects
[2019-04-15T13:36:30.569+0200][326,403s] GC(820) Phase 4: Move objects 0,807ms
[2019-04-15T13:36:30.571+0200][326,405s] GC(820) Pause Full (Allocation Failure) 485M->407M(490M) 423,326ms
[2019-04-15T13:36:30.571+0200][326,405s] GC(819) ParNew: 109248K->35085K(109248K)
[2019-04-15T13:36:30.571+0200][326,405s] GC(819) CMS: 387882K->381870K(393216K)
[2019-04-15T13:36:30.571+0200][326,405s] GC(819) Metaspace: 68675K->68675K(1112064K)
[2019-04-15T13:36:30.571+0200][326,405s] GC(819) Pause Young (Allocation Failure) 485M->407M(490M) 423,519ms
[2019-04-15T13:36:30.571+0200][326,405s] GC(819) User=0,42s Sys=0,00s Real=0,42s
[2019-04-15T13:36:30.572+0200][326,406s] GC(817) Old: 382285K->381870K(393216K)
[2019-04-15T13:36:31.011+0200][326,845s] GC(821) Pause Full (Allocation Failure)
[2019-04-15T13:36:31.012+0200][326,846s] GC(821) Phase 1: Mark live objects
[2019-04-15T13:36:31.238+0200][327,072s] GC(821) Phase 1: Mark live objects 226,236ms
[2019-04-15T13:36:31.238+0200][327,072s] GC(821) Phase 2: Compute new object addresses
[2019-04-15T13:36:31.353+0200][327,187s] GC(821) Phase 2: Compute new object addresses 115,220ms
[2019-04-15T13:36:31.354+0200][327,187s] GC(821) Phase 3: Adjust pointers
[2019-04-15T13:36:31.476+0200][327,310s] GC(821) Phase 3: Adjust pointers 122,324ms
[2019-04-15T13:36:31.476+0200][327,310s] GC(821) Phase 4: Move objects
[2019-04-15T13:36:31.476+0200][327,310s] GC(821) Phase 4: Move objects 0,369ms
[2019-04-15T13:36:31.478+0200][327,312s] GC(821) ParNew: 109247K->34981K(109248K)
[2019-04-15T13:36:31.478+0200][327,312s] GC(821) CMS: 393215K->382162K(393216K)
[2019-04-15T13:36:31.478+0200][327,312s] GC(821) Metaspace: 68675K->68675K(1112064K)
[2019-04-15T13:36:31.478+0200][327,312s] GC(821) Pause Full (Allocation Failure) 490M->407M(490M) 466,869ms
[2019-04-15T13:36:31.478+0200][327,312s] GC(821) User=0,46s Sys=0,00s Real=0,47s
[2019-04-15T13:36:31.481+0200][327,315s] GC(822) Pause Initial Mark
[2019-04-15T13:36:31.483+0200][327,317s] GC(822) Pause Initial Mark 410M->410M(490M) 2,386ms
[2019-04-15T13:36:31.483+0200][327,317s] GC(822) User=0,01s Sys=0,00s Real=0,00s
[2019-04-15T13:36:31.484+0200][327,318s] GC(822) Concurrent Mark
[2019-04-15T13:36:31.484+0200][327,318s] GC(822) Using 4 workers of 4 for marking
[2019-04-15T13:36:31.655+0200][327,489s] GC(822) Concurrent Mark 170,779ms
[2019-04-15T13:36:31.655+0200][327,489s] GC(822) User=0,43s Sys=0,00s Real=0,18s
[2019-04-15T13:36:31.655+0200][327,489s] GC(822) Concurrent Preclean
[2019-04-15T13:36:31.941+0200][327,775s] GC(822) Concurrent Preclean 285,834ms
[2019-04-15T13:36:31.941+0200][327,775s] GC(822) User=0,56s Sys=0,00s Real=0,28s
[2019-04-15T13:36:31.941+0200][327,775s] GC(822) Concurrent Abortable Preclean
[2019-04-15T13:36:31.941+0200][327,775s] GC(822) Concurrent Abortable Preclean 0,007ms
[2019-04-15T13:36:31.941+0200][327,775s] GC(822) User=0,00s Sys=0,00s Real=0,00s
[2019-04-15T13:36:31.941+0200][327,775s] GC(822) Pause Remark
[2019-04-15T13:36:31.941+0200][327,775s] GC(823) Pause Young (CMS Final Remark)
[2019-04-15T13:36:31.941+0200][327,775s] GC(823) Using 4 workers of 4 for evacuation
[2019-04-15T13:36:31.941+0200][327,775s] GC(823) ParNew: 109248K->109248K(109248K)
[2019-04-15T13:36:31.941+0200][327,775s] GC(823) CMS: 385857K->385857K(393216K)
[2019-04-15T13:36:31.941+0200][327,775s] GC(823) Metaspace: 68675K->68675K(1112064K)
[2019-04-15T13:36:31.941+0200][327,775s] GC(823) Pause Young (CMS Final Remark) 483M->483M(490M) 0,052ms
[2019-04-15T13:36:31.941+0200][327,775s] GC(823) User=0,00s Sys=0,00s Real=0,00s
[2019-04-15T13:36:32.035+0200][327,869s] GC(822) Pause Remark 483M->483M(490M) 93,990ms
[2019-04-15T13:36:32.035+0200][327,869s] GC(822) User=0,16s Sys=0,00s Real=0,10s
[2019-04-15T13:36:32.035+0200][327,869s] GC(822) Concurrent Sweep
[2019-04-15T13:36:32.201+0200][328,034s] GC(824) Pause Full (Allocation Failure)
[2019-04-15T13:36:32.212+0200][328,046s] GC(822) Concurrent Sweep 176,920ms
[2019-04-15T13:36:32.212+0200][328,046s] GC(822) User=0,32s Sys=0,00s Real=0,17s
[2019-04-15T13:36:32.213+0200][328,046s] GC(824) Phase 1: Mark live objects
[2019-04-15T13:36:32.373+0200][328,206s] GC(824) Phase 1: Mark live objects 160,022ms
[2019-04-15T13:36:32.373+0200][328,206s] GC(824) Phase 2: Compute new object addresses
[2019-04-15T13:36:32.488+0200][328,322s] GC(824) Phase 2: Compute new object addresses 115,419ms
[2019-04-15T13:36:32.488+0200][328,322s] GC(824) Phase 3: Adjust pointers
[2019-04-15T13:36:32.614+0200][328,447s] GC(824) Phase 3: Adjust pointers 125,478ms
[2019-04-15T13:36:32.614+0200][328,448s] GC(824) Phase 4: Move objects
[2019-04-15T13:36:32.615+0200][328,449s] GC(824) Phase 4: Move objects 1,387ms
[2019-04-15T13:36:32.617+0200][328,450s] GC(824) ParNew: 109248K->34983K(109248K)
[2019-04-15T13:36:32.617+0200][328,450s] GC(824) CMS: 393206K->382305K(393216K)
[2019-04-15T13:36:32.617+0200][328,450s] GC(824) Metaspace: 68675K->68675K(1112064K)
[2019-04-15T13:36:32.617+0200][328,450s] GC(824) Pause Full (Allocation Failure) 490M->407M(490M) 416,068ms
[2019-04-15T13:36:32.617+0200][328,450s] GC(824) User=0,42s Sys=0,00s Real=0,42s
[2019-04-15T13:36:32.618+0200][328,452s] GC(822) Old: 382162K->382305K(393216K)
[2019-04-15T13:36:32.924+0200][328,758s] GC(825) Pause Full (Allocation Failure)
[2019-04-15T13:36:32.924+0200][328,758s] GC(825) Phase 1: Mark live objects
[2019-04-15T13:36:33.086+0200][328,920s] GC(825) Phase 1: Mark live objects 161,816ms
[2019-04-15T13:36:33.086+0200][328,920s] GC(825) Phase 2: Compute new object addresses
[2019-04-15T13:36:33.204+0200][329,038s] GC(825) Phase 2: Compute new object addresses 117,975ms
[2019-04-15T13:36:33.204+0200][329,038s] GC(825) Phase 3: Adjust pointers
[2019-04-15T13:36:33.328+0200][329,162s] GC(825) Phase 3: Adjust pointers 123,841ms
[2019-04-15T13:36:33.328+0200][329,162s] GC(825) Phase 4: Move objects
[2019-04-15T13:36:33.328+0200][329,162s] GC(825) Phase 4: Move objects 0,443ms
[2019-04-15T13:36:33.329+0200][329,163s] GC(825) ParNew: 109248K->34977K(109248K)
[2019-04-15T13:36:33.329+0200][329,163s] GC(825) CMS: 393216K->382068K(393216K)
[2019-04-15T13:36:33.329+0200][329,163s] GC(825) Metaspace: 68675K->68675K(1112064K)
[2019-04-15T13:36:33.329+0200][329,163s] GC(825) Pause Full (Allocation Failure) 490M->407M(490M) 405,623ms
[2019-04-15T13:36:33.329+0200][329,163s] GC(825) User=0,39s Sys=0,01s Real=0,41s
[2019-04-15T13:36:33.331+0200][329,165s] GC(826) Pause Initial Mark
[2019-04-15T13:36:33.333+0200][329,167s] GC(826) Pause Initial Mark 408M->408M(490M) 2,227ms
[2019-04-15T13:36:33.333+0200][329,167s] GC(826) User=0,00s Sys=0,00s Real=0,01s
[2019-04-15T13:36:33.333+0200][329,167s] GC(826) Concurrent Mark
[2019-04-15T13:36:33.333+0200][329,167s] GC(826) Using 4 workers of 4 for marking
[2019-04-15T13:36:33.547+0200][329,381s] GC(826) Concurrent Mark 213,769ms
[2019-04-15T13:36:33.547+0200][329,381s] GC(826) User=0,54s Sys=0,01s Real=0,21s
[2019-04-15T13:36:33.547+0200][329,381s] GC(826) Concurrent Preclean
[2019-04-15T13:36:33.716+0200][329,550s] GC(826) Concurrent Preclean 169,271ms
[2019-04-15T13:36:33.716+0200][329,550s] GC(826) User=0,33s Sys=0,00s Real=0,17s
[2019-04-15T13:36:33.716+0200][329,550s] GC(826) Concurrent Abortable Preclean
[2019-04-15T13:36:33.716+0200][329,550s] GC(826) Concurrent Abortable Preclean 0,007ms
[2019-04-15T13:36:33.716+0200][329,550s] GC(826) User=0,00s Sys=0,00s Real=0,00s
[2019-04-15T13:36:33.716+0200][329,550s] GC(826) Pause Remark
[2019-04-15T13:36:33.716+0200][329,550s] GC(827) Pause Young (CMS Final Remark)
[2019-04-15T13:36:33.716+0200][329,550s] GC(827) Using 4 workers of 4 for evacuation
[2019-04-15T13:36:33.717+0200][329,550s] GC(827) ParNew: 109248K->109248K(109248K)
[2019-04-15T13:36:33.717+0200][329,550s] GC(827) CMS: 382494K->382494K(393216K)
[2019-04-15T13:36:33.717+0200][329,550s] GC(827) Metaspace: 68675K->68675K(1112064K)
[2019-04-15T13:36:33.717+0200][329,550s] GC(827) Pause Young (CMS Final Remark) 480M->480M(490M) 0,081ms
[2019-04-15T13:36:33.717+0200][329,550s] GC(827) User=0,00s Sys=0,00s Real=0,00s
[2019-04-15T13:36:33.787+0200][329,621s] GC(826) Pause Remark 480M->480M(490M) 70,603ms
[2019-04-15T13:36:33.787+0200][329,621s] GC(826) User=0,12s Sys=0,00s Real=0,07s
[2019-04-15T13:36:33.787+0200][329,621s] GC(826) Concurrent Sweep
[2019-04-15T13:36:34.028+0200][329,862s] GC(826) Concurrent Sweep 241,272ms
[2019-04-15T13:36:34.028+0200][329,862s] GC(826) User=0,44s Sys=0,00s Real=0,24s
[2019-04-15T13:36:34.029+0200][329,862s] GC(826) Concurrent Reset
[2019-04-15T13:36:34.029+0200][329,863s] GC(826) Concurrent Reset 0,527ms
[2019-04-15T13:36:34.029+0200][329,863s] GC(826) User=0,00s Sys=0,00s Real=0,00s
[2019-04-15T13:36:34.029+0200][329,863s] GC(826) Old: 382068K->392508K(393216K)
[2019-04-15T13:36:34.034+0200][329,868s] GC(828) Pause Young (Allocation Failure)
[2019-04-15T13:36:34.034+0200][329,868s] GC(828) Using 4 workers of 4 for evacuation
[2019-04-15T13:36:34.034+0200][329,868s] GC(829) Pause Full (Allocation Failure)
[2019-04-15T13:36:34.034+0200][329,868s] GC(829) Phase 1: Mark live objects
[2019-04-15T13:36:34.211+0200][330,045s] GC(829) Phase 1: Mark live objects 176,821ms
[2019-04-15T13:36:34.211+0200][330,045s] GC(829) Phase 2: Compute new object addresses
[2019-04-15T13:36:34.328+0200][330,162s] GC(829) Phase 2: Compute new object addresses 116,760ms
[2019-04-15T13:36:34.328+0200][330,162s] GC(829) Phase 3: Adjust pointers
[2019-04-15T13:36:34.458+0200][330,291s] GC(829) Phase 3: Adjust pointers 129,479ms
[2019-04-15T13:36:34.458+0200][330,291s] GC(829) Phase 4: Move objects
[2019-04-15T13:36:34.458+0200][330,292s] GC(829) Phase 4: Move objects 0,505ms
[2019-04-15T13:36:34.459+0200][330,293s] GC(829) Pause Full (Allocation Failure) 489M->407M(490M) 424,884ms
[2019-04-15T13:36:34.459+0200][330,293s] GC(828) ParNew: 109248K->34966K(109248K)
[2019-04-15T13:36:34.459+0200][330,293s] GC(828) CMS: 392508K->381935K(393216K)
[2019-04-15T13:36:34.459+0200][330,293s] GC(828) Metaspace: 68675K->68675K(1112064K)
[2019-04-15T13:36:34.459+0200][330,293s] GC(828) Pause Young (Allocation Failure) 489M->407M(490M) 425,053ms
[2019-04-15T13:36:34.459+0200][330,293s] GC(828) User=0,42s Sys=0,00s Real=0,42s
[2019-04-15T13:36:34.460+0200][330,293s] GC(830) Pause Initial Mark
[2019-04-15T13:36:34.463+0200][330,297s] GC(830) Pause Initial Mark 408M->408M(490M) 3,289ms
[2019-04-15T13:36:34.463+0200][330,297s] GC(830) User=0,00s Sys=0,00s Real=0,00s
[2019-04-15T13:36:34.463+0200][330,297s] GC(830) Concurrent Mark
[2019-04-15T13:36:34.463+0200][330,297s] GC(830) Using 4 workers of 4 for marking
[2019-04-15T13:36:34.653+0200][330,487s] GC(830) Concurrent Mark 189,795ms
[2019-04-15T13:36:34.653+0200][330,487s] GC(830) User=0,52s Sys=0,00s Real=0,20s
[2019-04-15T13:36:34.653+0200][330,487s] GC(830) Concurrent Preclean
[2019-04-15T13:36:34.949+0200][330,782s] GC(830) Concurrent Preclean 295,533ms
[2019-04-15T13:36:34.949+0200][330,782s] GC(830) User=0,58s Sys=0,00s Real=0,29s
[2019-04-15T13:36:34.949+0200][330,782s] GC(830) Concurrent Abortable Preclean
[2019-04-15T13:36:34.949+0200][330,782s] GC(830) Concurrent Abortable Preclean 0,007ms
[2019-04-15T13:36:34.949+0200][330,782s] GC(830) User=0,00s Sys=0,00s Real=0,00s
[2019-04-15T13:36:34.949+0200][330,783s] GC(830) Pause Remark
[2019-04-15T13:36:34.949+0200][330,783s] GC(831) Pause Young (CMS Final Remark)
[2019-04-15T13:36:34.949+0200][330,783s] GC(831) Using 4 workers of 4 for evacuation
[2019-04-15T13:36:34.949+0200][330,783s] GC(831) ParNew: 109247K->109247K(109248K)
[2019-04-15T13:36:34.949+0200][330,783s] GC(831) CMS: 386596K->386596K(393216K)
[2019-04-15T13:36:34.949+0200][330,783s] GC(831) Metaspace: 68675K->68675K(1112064K)
[2019-04-15T13:36:34.949+0200][330,783s] GC(831) Pause Young (CMS Final Remark) 484M->484M(490M) 0,052ms
[2019-04-15T13:36:34.949+0200][330,783s] GC(831) User=0,00s Sys=0,00s Real=0,00s
[2019-04-15T13:36:35.052+0200][330,886s] GC(830) Pause Remark 484M->484M(490M) 103,380ms
[2019-04-15T13:36:35.053+0200][330,886s] GC(830) User=0,16s Sys=0,00s Real=0,10s
[2019-04-15T13:36:35.053+0200][330,887s] GC(830) Concurrent Sweep
[2019-04-15T13:36:35.216+0200][331,050s] GC(832) Pause Full (Allocation Failure)
[2019-04-15T13:36:35.247+0200][331,080s] GC(830) Concurrent Sweep 193,617ms
[2019-04-15T13:36:35.247+0200][331,080s] GC(830) User=0,33s Sys=0,01s Real=0,19s
[2019-04-15T13:36:35.247+0200][331,081s] GC(832) Phase 1: Mark live objects
[2019-04-15T13:36:35.412+0200][331,246s] GC(832) Phase 1: Mark live objects 165,104ms
[2019-04-15T13:36:35.412+0200][331,246s] GC(832) Phase 2: Compute new object addresses
[2019-04-15T13:36:35.528+0200][331,362s] GC(832) Phase 2: Compute new object addresses 116,127ms
[2019-04-15T13:36:35.528+0200][331,362s] GC(832) Phase 3: Adjust pointers
[2019-04-15T13:36:35.660+0200][331,494s] GC(832) Phase 3: Adjust pointers 131,874ms
[2019-04-15T13:36:35.660+0200][331,494s] GC(832) Phase 4: Move objects
[2019-04-15T13:36:35.662+0200][331,495s] GC(832) Phase 4: Move objects 1,395ms
[2019-04-15T13:36:35.663+0200][331,496s] GC(832) ParNew: 109247K->34928K(109248K)
[2019-04-15T13:36:35.663+0200][331,496s] GC(832) CMS: 393189K->382269K(393216K)
[2019-04-15T13:36:35.663+0200][331,496s] GC(832) Metaspace: 68675K->68675K(1112064K)
[2019-04-15T13:36:35.663+0200][331,496s] GC(832) Pause Full (Allocation Failure) 490M->407M(490M) 446,527ms
[2019-04-15T13:36:35.663+0200][331,496s] GC(832) User=0,44s Sys=0,00s Real=0,44s
[2019-04-15T13:36:35.663+0200][331,497s] GC(830) Old: 381935K->382269K(393216K)
[2019-04-15T13:36:36.014+0200][331,847s] GC(833) Pause Full (Allocation Failure)
[2019-04-15T13:36:36.014+0200][331,848s] GC(833) Phase 1: Mark live objects
[2019-04-15T13:36:36.184+0200][332,018s] GC(833) Phase 1: Mark live objects 169,706ms
[2019-04-15T13:36:36.184+0200][332,018s] GC(833) Phase 2: Compute new object addresses
[2019-04-15T13:36:36.299+0200][332,133s] GC(833) Phase 2: Compute new object addresses 115,209ms
[2019-04-15T13:36:36.299+0200][332,133s] GC(833) Phase 3: Adjust pointers
[2019-04-15T13:36:36.435+0200][332,269s] GC(833) Phase 3: Adjust pointers 135,317ms
[2019-04-15T13:36:36.435+0200][332,269s] GC(833) Phase 4: Move objects
[2019-04-15T13:36:36.436+0200][332,270s] GC(833) Phase 4: Move objects 1,236ms
[2019-04-15T13:36:36.437+0200][332,271s] GC(833) ParNew: 109248K->35319K(109248K)
[2019-04-15T13:36:36.437+0200][332,271s] GC(833) CMS: 393215K->382819K(393216K)
[2019-04-15T13:36:36.437+0200][332,271s] GC(833) Metaspace: 68675K->68675K(1112064K)
[2019-04-15T13:36:36.437+0200][332,271s] GC(833) Pause Full (Allocation Failure) 490M->408M(490M) 423,219ms
[2019-04-15T13:36:36.437+0200][332,271s] GC(833) User=0,42s Sys=0,00s Real=0,42s
[2019-04-15T13:36:36.438+0200][332,272s] GC(834) Pause Initial Mark
[2019-04-15T13:36:36.441+0200][332,274s] GC(834) Pause Initial Mark 409M->409M(490M) 2,440ms
[2019-04-15T13:36:36.441+0200][332,274s] GC(834) User=0,01s Sys=0,00s Real=0,00s
[2019-04-15T13:36:36.441+0200][332,275s] GC(834) Concurrent Mark
[2019-04-15T13:36:36.441+0200][332,275s] GC(834) Using 4 workers of 4 for marking
[2019-04-15T13:36:36.647+0200][332,481s] GC(834) Concurrent Mark 206,088ms
[2019-04-15T13:36:36.647+0200][332,481s] GC(834) User=0,52s Sys=0,01s Real=0,21s
[2019-04-15T13:36:36.647+0200][332,481s] GC(834) Concurrent Preclean
[2019-04-15T13:36:37.011+0200][332,845s] GC(835) Pause Full (Allocation Failure)
[2019-04-15T13:36:37.088+0200][332,922s] GC(834) Concurrent Preclean 440,996ms
[2019-04-15T13:36:37.088+0200][332,922s] GC(834) User=0,77s Sys=0,00s Real=0,44s
[2019-04-15T13:36:37.088+0200][332,922s] GC(835) Phase 1: Mark live objects
[2019-04-15T13:36:37.260+0200][333,093s] GC(835) Phase 1: Mark live objects 171,184ms
[2019-04-15T13:36:37.260+0200][333,093s] GC(835) Phase 2: Compute new object addresses
[2019-04-15T13:36:37.383+0200][333,217s] GC(835) Phase 2: Compute new object addresses 123,244ms
[2019-04-15T13:36:37.383+0200][333,217s] GC(835) Phase 3: Adjust pointers
[2019-04-15T13:36:37.517+0200][333,351s] GC(835) Phase 3: Adjust pointers 134,348ms
[2019-04-15T13:36:37.517+0200][333,351s] GC(835) Phase 4: Move objects
[2019-04-15T13:36:37.518+0200][333,352s] GC(835) Phase 4: Move objects 1,061ms
[2019-04-15T13:36:37.520+0200][333,354s] GC(835) ParNew: 109247K->35292K(109248K)
[2019-04-15T13:36:37.521+0200][333,354s] GC(835) CMS: 393214K->382310K(393216K)
[2019-04-15T13:36:37.521+0200][333,354s] GC(835) Metaspace: 68675K->68675K(1112064K)
[2019-04-15T13:36:37.521+0200][333,354s] GC(835) Pause Full (Allocation Failure) 490M->407M(490M) 509,303ms
[2019-04-15T13:36:37.521+0200][333,354s] GC(835) User=0,50s Sys=0,00s Real=0,51s
[2019-04-15T13:36:37.842+0200][333,676s] GC(836) Pause Full (Allocation Failure)
[2019-04-15T13:36:37.843+0200][333,676s] GC(836) Phase 1: Mark live objects
[2019-04-15T13:36:38.012+0200][333,846s] GC(836) Phase 1: Mark live objects 169,402ms
[2019-04-15T13:36:38.012+0200][333,846s] GC(836) Phase 2: Compute new object addresses
[2019-04-15T13:36:38.143+0200][333,977s] GC(836) Phase 2: Compute new object addresses 130,768ms
[2019-04-15T13:36:38.143+0200][333,977s] GC(836) Phase 3: Adjust pointers
[2019-04-15T13:36:38.275+0200][334,109s] GC(836) Phase 3: Adjust pointers 131,977ms
[2019-04-15T13:36:38.275+0200][334,109s] GC(836) Phase 4: Move objects
[2019-04-15T13:36:38.276+0200][334,109s] GC(836) Phase 4: Move objects 0,577ms
[2019-04-15T13:36:38.276+0200][334,110s] GC(836) ParNew: 109248K->35269K(109248K)
[2019-04-15T13:36:38.276+0200][334,110s] GC(836) CMS: 393180K->382186K(393216K)
[2019-04-15T13:36:38.277+0200][334,110s] GC(836) Metaspace: 68675K->68675K(1112064K)
[2019-04-15T13:36:38.277+0200][334,110s] GC(836) Pause Full (Allocation Failure) 490M->407M(490M) 434,225ms
[2019-04-15T13:36:38.277+0200][334,110s] GC(836) User=0,43s Sys=0,00s Real=0,44s
[2019-04-15T13:36:38.277+0200][334,110s] GC(837) Pause Initial Mark
[2019-04-15T13:36:38.279+0200][334,112s] GC(837) Pause Initial Mark 409M->409M(490M) 1,843ms
[2019-04-15T13:36:38.279+0200][334,112s] GC(837) User=0,00s Sys=0,00s Real=0,00s
[2019-04-15T13:36:38.279+0200][334,112s] GC(837) Concurrent Mark
[2019-04-15T13:36:38.279+0200][334,112s] GC(837) Using 4 workers of 4 for marking
[2019-04-15T13:36:38.465+0200][334,299s] GC(837) Concurrent Mark 186,279ms
[2019-04-15T13:36:38.465+0200][334,299s] GC(837) User=0,46s Sys=0,00s Real=0,19s
[2019-04-15T13:36:38.465+0200][334,299s] GC(837) Concurrent Preclean
[2019-04-15T13:36:38.659+0200][334,492s] GC(837) Concurrent Preclean 193,641ms
[2019-04-15T13:36:38.659+0200][334,492s] GC(837) User=0,37s Sys=0,00s Real=0,19s
[2019-04-15T13:36:38.659+0200][334,492s] GC(837) Concurrent Abortable Preclean
[2019-04-15T13:36:38.659+0200][334,492s] GC(837) Concurrent Abortable Preclean 0,008ms
[2019-04-15T13:36:38.659+0200][334,492s] GC(837) User=0,00s Sys=0,00s Real=0,00s
[2019-04-15T13:36:38.659+0200][334,493s] GC(837) Pause Remark
[2019-04-15T13:36:38.659+0200][334,493s] GC(838) Pause Young (CMS Final Remark)
[2019-04-15T13:36:38.659+0200][334,493s] GC(838) Using 4 workers of 4 for evacuation
[2019-04-15T13:36:38.659+0200][334,493s] GC(838) ParNew: 105872K->105872K(109248K)
[2019-04-15T13:36:38.659+0200][334,493s] GC(838) CMS: 382186K->382186K(393216K)
[2019-04-15T13:36:38.659+0200][334,493s] GC(838) Metaspace: 68675K->68675K(1112064K)
[2019-04-15T13:36:38.659+0200][334,493s] GC(838) Pause Young (CMS Final Remark) 476M->476M(490M) 0,054ms
[2019-04-15T13:36:38.659+0200][334,493s] GC(838) User=0,00s Sys=0,00s Real=0,00s
[2019-04-15T13:36:38.757+0200][334,591s] GC(837) Pause Remark 476M->476M(490M) 98,651ms
[2019-04-15T13:36:38.757+0200][334,591s] GC(837) User=0,21s Sys=0,01s Real=0,10s
[2019-04-15T13:36:38.758+0200][334,591s] GC(837) Concurrent Sweep
[2019-04-15T13:36:38.959+0200][334,793s] GC(837) Concurrent Sweep 201,541ms
[2019-04-15T13:36:38.959+0200][334,793s] GC(837) User=0,38s Sys=0,00s Real=0,20s
[2019-04-15T13:36:38.959+0200][334,793s] GC(839) Pause Young (Allocation Failure)
[2019-04-15T13:36:38.959+0200][334,793s] GC(839) Using 4 workers of 4 for evacuation
[2019-04-15T13:36:38.959+0200][334,793s] GC(840) Pause Full (Allocation Failure)
[2019-04-15T13:36:38.960+0200][334,793s] GC(840) Phase 1: Mark live objects
[2019-04-15T13:36:39.137+0200][334,970s] GC(840) Phase 1: Mark live objects 176,925ms
[2019-04-15T13:36:39.137+0200][334,970s] GC(840) Phase 2: Compute new object addresses
[2019-04-15T13:36:39.249+0200][335,083s] GC(840) Phase 2: Compute new object addresses 112,881ms
[2019-04-15T13:36:39.250+0200][335,083s] GC(840) Phase 3: Adjust pointers
[2019-04-15T13:36:39.373+0200][335,207s] GC(840) Phase 3: Adjust pointers 123,894ms
[2019-04-15T13:36:39.373+0200][335,207s] GC(840) Phase 4: Move objects
[2019-04-15T13:36:39.375+0200][335,209s] GC(840) Phase 4: Move objects 1,621ms
[2019-04-15T13:36:39.376+0200][335,210s] GC(840) Pause Full (Allocation Failure) 487M->408M(490M) 416,633ms
[2019-04-15T13:36:39.376+0200][335,210s] GC(839) ParNew: 109248K->35366K(109248K)
[2019-04-15T13:36:39.376+0200][335,210s] GC(839) CMS: 390120K->382973K(393216K)
[2019-04-15T13:36:39.376+0200][335,210s] GC(839) Metaspace: 68675K->68675K(1112064K)
[2019-04-15T13:36:39.376+0200][335,210s] GC(839) Pause Young (Allocation Failure) 487M->408M(490M) 416,728ms
[2019-04-15T13:36:39.376+0200][335,210s] GC(839) User=0,41s Sys=0,00s Real=0,42s
[2019-04-15T13:36:39.376+0200][335,210s] GC(837) Old: 382186K->382973K(393216K)
[2019-04-15T13:36:39.679+0200][335,513s] GC(841) Pause Full (Allocation Failure)
[2019-04-15T13:36:39.679+0200][335,513s] GC(841) Phase 1: Mark live objects
[2019-04-15T13:36:39.839+0200][335,672s] GC(841) Phase 1: Mark live objects 159,106ms
[2019-04-15T13:36:39.839+0200][335,672s] GC(841) Phase 2: Compute new object addresses
[2019-04-15T13:36:39.958+0200][335,792s] GC(841) Phase 2: Compute new object addresses 119,495ms
[2019-04-15T13:36:39.958+0200][335,792s] GC(841) Phase 3: Adjust pointers
[2019-04-15T13:36:40.086+0200][335,920s] GC(841) Phase 3: Adjust pointers 128,021ms
[2019-04-15T13:36:40.086+0200][335,920s] GC(841) Phase 4: Move objects
[2019-04-15T13:36:40.087+0200][335,921s] GC(841) Phase 4: Move objects 0,753ms
[2019-04-15T13:36:40.088+0200][335,921s] GC(841) ParNew: 109248K->35400K(109248K)
[2019-04-15T13:36:40.088+0200][335,921s] GC(841) CMS: 393215K->382397K(393216K)
[2019-04-15T13:36:40.088+0200][335,921s] GC(841) Metaspace: 68675K->68675K(1112064K)
[2019-04-15T13:36:40.088+0200][335,921s] GC(841) Pause Full (Allocation Failure) 490M->408M(490M) 408,561ms
[2019-04-15T13:36:40.088+0200][335,921s] GC(841) User=0,40s Sys=0,00s Real=0,41s
[2019-04-15T13:36:40.088+0200][335,922s] GC(842) Pause Initial Mark
[2019-04-15T13:36:40.090+0200][335,924s] GC(842) Pause Initial Mark 409M->409M(490M) 2,083ms
[2019-04-15T13:36:40.090+0200][335,924s] GC(842) User=0,00s Sys=0,00s Real=0,00s
[2019-04-15T13:36:40.090+0200][335,924s] GC(842) Concurrent Mark
[2019-04-15T13:36:40.090+0200][335,924s] GC(842) Using 4 workers of 4 for marking
[2019-04-15T13:36:40.300+0200][336,134s] GC(842) Concurrent Mark 209,852ms
[2019-04-15T13:36:40.300+0200][336,134s] GC(842) User=0,52s Sys=0,01s Real=0,21s
[2019-04-15T13:36:40.300+0200][336,134s] GC(842) Concurrent Preclean
[2019-04-15T13:36:40.461+0200][336,295s] GC(842) Concurrent Preclean 161,122ms
[2019-04-15T13:36:40.461+0200][336,295s] GC(842) User=0,31s Sys=0,00s Real=0,16s
[2019-04-15T13:36:40.461+0200][336,295s] GC(842) Concurrent Abortable Preclean
[2019-04-15T13:36:40.461+0200][336,295s] GC(842) Concurrent Abortable Preclean 0,009ms
[2019-04-15T13:36:40.461+0200][336,295s] GC(842) User=0,00s Sys=0,00s Real=0,00s
[2019-04-15T13:36:40.461+0200][336,295s] GC(842) Pause Remark
[2019-04-15T13:36:40.461+0200][336,295s] GC(843) Pause Young (CMS Final Remark)
[2019-04-15T13:36:40.461+0200][336,295s] GC(843) Using 4 workers of 4 for evacuation
[2019-04-15T13:36:40.462+0200][336,295s] GC(843) ParNew: 104077K->104077K(109248K)
[2019-04-15T13:36:40.462+0200][336,295s] GC(843) CMS: 382397K->382397K(393216K)
[2019-04-15T13:36:40.462+0200][336,295s] GC(843) Metaspace: 68675K->68675K(1112064K)
[2019-04-15T13:36:40.462+0200][336,295s] GC(843) Pause Young (CMS Final Remark) 475M->475M(490M) 0,078ms
[2019-04-15T13:36:40.462+0200][336,295s] GC(843) User=0,00s Sys=0,00s Real=0,00s
[2019-04-15T13:36:40.526+0200][336,359s] GC(842) Pause Remark 475M->475M(490M) 64,236ms
[2019-04-15T13:36:40.526+0200][336,359s] GC(842) User=0,12s Sys=0,00s Real=0,07s
[2019-04-15T13:36:40.526+0200][336,359s] GC(842) Concurrent Sweep
[2019-04-15T13:36:40.614+0200][336,448s] GC(842) Concurrent Sweep 88,299ms
[2019-04-15T13:36:40.614+0200][336,448s] GC(842) User=0,17s Sys=0,00s Real=0,09s
[2019-04-15T13:36:40.614+0200][336,448s] GC(844) Pause Young (Allocation Failure)
[2019-04-15T13:36:40.614+0200][336,448s] GC(844) Using 4 workers of 4 for evacuation
[2019-04-15T13:36:40.614+0200][336,448s] GC(845) Pause Full (Allocation Failure)
[2019-04-15T13:36:40.615+0200][336,448s] GC(845) Phase 1: Mark live objects
[2019-04-15T13:36:40.784+0200][336,618s] GC(845) Phase 1: Mark live objects 169,582ms
[2019-04-15T13:36:40.784+0200][336,618s] GC(845) Phase 2: Compute new object addresses
[2019-04-15T13:36:40.898+0200][336,732s] GC(845) Phase 2: Compute new object addresses 113,853ms
[2019-04-15T13:36:40.898+0200][336,732s] GC(845) Phase 3: Adjust pointers
[2019-04-15T13:36:41.019+0200][336,853s] GC(845) Phase 3: Adjust pointers 120,771ms
[2019-04-15T13:36:41.019+0200][336,853s] GC(845) Phase 4: Move objects
[2019-04-15T13:36:41.020+0200][336,853s] GC(845) Phase 4: Move objects 0,502ms
[2019-04-15T13:36:41.020+0200][336,854s] GC(845) Pause Full (Allocation Failure) 481M->408M(490M) 406,158ms
[2019-04-15T13:36:41.020+0200][336,854s] GC(844) ParNew: 109248K->35793K(109248K)
[2019-04-15T13:36:41.020+0200][336,854s] GC(844) CMS: 383490K->382049K(393216K)
[2019-04-15T13:36:41.020+0200][336,854s] GC(844) Metaspace: 68675K->68675K(1112064K)
[2019-04-15T13:36:41.021+0200][336,854s] GC(844) Pause Young (Allocation Failure) 481M->408M(490M) 406,300ms
[2019-04-15T13:36:41.021+0200][336,854s] GC(844) User=0,40s Sys=0,01s Real=0,40s
[2019-04-15T13:36:41.021+0200][336,855s] GC(842) Old: 382397K->382049K(393216K)
[2019-04-15T13:36:41.333+0200][337,166s] GC(846) Pause Full (Allocation Failure)
[2019-04-15T13:36:41.333+0200][337,167s] GC(846) Phase 1: Mark live objects
[2019-04-15T13:36:41.513+0200][337,347s] GC(846) Phase 1: Mark live objects 180,084ms
[2019-04-15T13:36:41.513+0200][337,347s] GC(846) Phase 2: Compute new object addresses
[2019-04-15T13:36:41.627+0200][337,461s] GC(846) Phase 2: Compute new object addresses 113,851ms
[2019-04-15T13:36:41.627+0200][337,461s] GC(846) Phase 3: Adjust pointers
[2019-04-15T13:36:41.747+0200][337,581s] GC(846) Phase 3: Adjust pointers 119,723ms
[2019-04-15T13:36:41.747+0200][337,581s] GC(846) Phase 4: Move objects
[2019-04-15T13:36:41.747+0200][337,581s] GC(846) Phase 4: Move objects 0,278ms
[2019-04-15T13:36:41.748+0200][337,582s] GC(846) ParNew: 109248K->35428K(109248K)
[2019-04-15T13:36:41.748+0200][337,582s] GC(846) CMS: 393215K->382093K(393216K)
[2019-04-15T13:36:41.748+0200][337,582s] GC(846) Metaspace: 68675K->68675K(1112064K)
[2019-04-15T13:36:41.748+0200][337,582s] GC(846) Pause Full (Allocation Failure) 490M->407M(490M) 415,204ms
[2019-04-15T13:36:41.748+0200][337,582s] GC(846) User=0,42s Sys=0,00s Real=0,42s
[2019-04-15T13:36:41.748+0200][337,582s] GC(847) Pause Initial Mark
[2019-04-15T13:36:41.751+0200][337,585s] GC(847) Pause Initial Mark 409M->409M(490M) 3,025ms
[2019-04-15T13:36:41.751+0200][337,585s] GC(847) User=0,00s Sys=0,00s Real=0,00s
[2019-04-15T13:36:41.751+0200][337,585s] GC(847) Concurrent Mark
[2019-04-15T13:36:41.751+0200][337,585s] GC(847) Using 4 workers of 4 for marking
[2019-04-15T13:36:41.913+0200][337,747s] GC(847) Concurrent Mark 161,954ms
[2019-04-15T13:36:41.913+0200][337,747s] GC(847) User=0,52s Sys=0,00s Real=0,17s
[2019-04-15T13:36:41.913+0200][337,747s] GC(847) Concurrent Preclean
[2019-04-15T13:36:42.084+0200][337,918s] GC(847) Concurrent Preclean 170,673ms
[2019-04-15T13:36:42.084+0200][337,918s] GC(847) User=0,33s Sys=0,00s Real=0,16s
[2019-04-15T13:36:42.084+0200][337,918s] GC(847) Concurrent Abortable Preclean
[2019-04-15T13:36:42.084+0200][337,918s] GC(847) Concurrent Abortable Preclean 0,007ms
[2019-04-15T13:36:42.084+0200][337,918s] GC(847) User=0,00s Sys=0,00s Real=0,00s
[2019-04-15T13:36:42.084+0200][337,918s] GC(847) Pause Remark
[2019-04-15T13:36:42.084+0200][337,918s] GC(848) Pause Young (CMS Final Remark)
[2019-04-15T13:36:42.084+0200][337,918s] GC(848) Using 4 workers of 4 for evacuation
[2019-04-15T13:36:42.084+0200][337,918s] GC(848) ParNew: 106241K->106241K(109248K)
[2019-04-15T13:36:42.084+0200][337,918s] GC(848) CMS: 382093K->382093K(393216K)
[2019-04-15T13:36:42.084+0200][337,918s] GC(848) Metaspace: 68675K->68675K(1112064K)
[2019-04-15T13:36:42.084+0200][337,918s] GC(848) Pause Young (CMS Final Remark) 476M->476M(490M) 0,083ms
[2019-04-15T13:36:42.084+0200][337,918s] GC(848) User=0,00s Sys=0,00s Real=0,00s
[2019-04-15T13:36:42.151+0200][337,984s] GC(847) Pause Remark 476M->476M(490M) 66,437ms
[2019-04-15T13:36:42.151+0200][337,984s] GC(847) User=0,12s Sys=0,00s Real=0,07s
[2019-04-15T13:36:42.151+0200][337,984s] GC(847) Concurrent Sweep
[2019-04-15T13:36:42.282+0200][338,116s] GC(847) Concurrent Sweep 131,317ms
[2019-04-15T13:36:42.282+0200][338,116s] GC(847) User=0,25s Sys=0,00s Real=0,13s
[2019-04-15T13:36:42.282+0200][338,116s] GC(849) Pause Young (Allocation Failure)
[2019-04-15T13:36:42.282+0200][338,116s] GC(849) Using 4 workers of 4 for evacuation
[2019-04-15T13:36:42.282+0200][338,116s] GC(850) Pause Full (Allocation Failure)
[2019-04-15T13:36:42.283+0200][338,116s] GC(850) Phase 1: Mark live objects
[2019-04-15T13:36:42.445+0200][338,279s] GC(850) Phase 1: Mark live objects 162,519ms
[2019-04-15T13:36:42.445+0200][338,279s] GC(850) Phase 2: Compute new object addresses
[2019-04-15T13:36:42.562+0200][338,396s] GC(850) Phase 2: Compute new object addresses 117,296ms
[2019-04-15T13:36:42.562+0200][338,396s] GC(850) Phase 3: Adjust pointers
[2019-04-15T13:36:42.683+0200][338,516s] GC(850) Phase 3: Adjust pointers 120,218ms
[2019-04-15T13:36:42.683+0200][338,516s] GC(850) Phase 4: Move objects
[2019-04-15T13:36:42.683+0200][338,517s] GC(850) Phase 4: Move objects 0,535ms
[2019-04-15T13:36:42.684+0200][338,518s] GC(850) Pause Full (Allocation Failure) 483M->408M(490M) 401,673ms
[2019-04-15T13:36:42.684+0200][338,518s] GC(849) ParNew: 109247K->35618K(109248K)
[2019-04-15T13:36:42.684+0200][338,518s] GC(849) CMS: 385737K->382442K(393216K)
[2019-04-15T13:36:42.684+0200][338,518s] GC(849) Metaspace: 68675K->68675K(1112064K)
[2019-04-15T13:36:42.684+0200][338,518s] GC(849) Pause Young (Allocation Failure) 483M->408M(490M) 401,764ms
[2019-04-15T13:36:42.684+0200][338,518s] GC(849) User=0,40s Sys=0,00s Real=0,40s
[2019-04-15T13:36:42.684+0200][338,518s] GC(847) Old: 382093K->382442K(393216K)
[2019-04-15T13:36:42.987+0200][338,820s] GC(851) Pause Full (Allocation Failure)
[2019-04-15T13:36:42.987+0200][338,821s] GC(851) Phase 1: Mark live objects
[2019-04-15T13:36:43.186+0200][339,020s] GC(851) Phase 1: Mark live objects 199,206ms
[2019-04-15T13:36:43.186+0200][339,020s] GC(851) Phase 2: Compute new object addresses
[2019-04-15T13:36:43.308+0200][339,142s] GC(851) Phase 2: Compute new object addresses 121,660ms
[2019-04-15T13:36:43.308+0200][339,142s] GC(851) Phase 3: Adjust pointers
[2019-04-15T13:36:43.432+0200][339,266s] GC(851) Phase 3: Adjust pointers 124,120ms
[2019-04-15T13:36:43.432+0200][339,266s] GC(851) Phase 4: Move objects
[2019-04-15T13:36:43.433+0200][339,266s] GC(851) Phase 4: Move objects 0,469ms
[2019-04-15T13:36:43.433+0200][339,267s] GC(851) ParNew: 109248K->35517K(109248K)
[2019-04-15T13:36:43.433+0200][339,267s] GC(851) CMS: 393215K->382460K(393216K)
[2019-04-15T13:36:43.433+0200][339,267s] GC(851) Metaspace: 68675K->68675K(1112064K)
[2019-04-15T13:36:43.433+0200][339,267s] GC(851) Pause Full (Allocation Failure) 490M->408M(490M) 446,805ms
[2019-04-15T13:36:43.433+0200][339,267s] GC(851) User=0,43s Sys=0,00s Real=0,45s
[2019-04-15T13:36:43.434+0200][339,268s] GC(852) Pause Initial Mark
[2019-04-15T13:36:43.437+0200][339,271s] GC(852) Pause Initial Mark 409M->409M(490M) 3,061ms
[2019-04-15T13:36:43.437+0200][339,271s] GC(852) User=0,00s Sys=0,00s Real=0,00s
[2019-04-15T13:36:43.438+0200][339,271s] GC(852) Concurrent Mark
[2019-04-15T13:36:43.438+0200][339,271s] GC(852) Using 4 workers of 4 for marking
[2019-04-15T13:36:43.596+0200][339,430s] GC(852) Concurrent Mark 158,881ms
[2019-04-15T13:36:43.597+0200][339,430s] GC(852) User=0,51s Sys=0,00s Real=0,16s
[2019-04-15T13:36:43.597+0200][339,430s] GC(852) Concurrent Preclean
[2019-04-15T13:36:43.907+0200][339,741s] GC(852) Concurrent Preclean 310,393ms
[2019-04-15T13:36:43.907+0200][339,741s] GC(852) User=0,60s Sys=0,00s Real=0,31s
[2019-04-15T13:36:43.907+0200][339,741s] GC(852) Concurrent Abortable Preclean
[2019-04-15T13:36:43.907+0200][339,741s] GC(852) Concurrent Abortable Preclean 0,040ms
[2019-04-15T13:36:43.907+0200][339,741s] GC(852) User=0,00s Sys=0,00s Real=0,00s
[2019-04-15T13:36:43.908+0200][339,742s] GC(852) Pause Remark
[2019-04-15T13:36:43.908+0200][339,742s] GC(853) Pause Young (CMS Final Remark)
[2019-04-15T13:36:43.908+0200][339,742s] GC(853) Using 4 workers of 4 for evacuation
[2019-04-15T13:36:43.908+0200][339,742s] GC(853) ParNew: 109248K->109248K(109248K)
[2019-04-15T13:36:43.908+0200][339,742s] GC(853) CMS: 387544K->387544K(393216K)
[2019-04-15T13:36:43.908+0200][339,742s] GC(853) Metaspace: 68679K->68679K(1112064K)
[2019-04-15T13:36:43.908+0200][339,742s] GC(853) Pause Young (CMS Final Remark) 485M->485M(490M) 0,324ms
[2019-04-15T13:36:43.908+0200][339,742s] GC(853) User=0,00s Sys=0,00s Real=0,00s
[2019-04-15T13:36:43.978+0200][339,811s] GC(852) Pause Remark 485M->485M(490M) 69,922ms
[2019-04-15T13:36:43.978+0200][339,812s] GC(852) User=0,13s Sys=0,00s Real=0,07s
[2019-04-15T13:36:43.978+0200][339,812s] GC(852) Concurrent Sweep
[2019-04-15T13:36:44.128+0200][339,962s] GC(854) Pause Full (Allocation Failure)
[2019-04-15T13:36:44.158+0200][339,992s] GC(852) Concurrent Sweep 180,445ms
[2019-04-15T13:36:44.158+0200][339,992s] GC(852) User=0,29s Sys=0,00s Real=0,18s
[2019-04-15T13:36:44.158+0200][339,992s] GC(854) Phase 1: Mark live objects
[2019-04-15T13:36:44.332+0200][340,165s] GC(854) Phase 1: Mark live objects 173,304ms
[2019-04-15T13:36:44.332+0200][340,165s] GC(854) Phase 2: Compute new object addresses
[2019-04-15T13:36:44.451+0200][340,285s] GC(854) Phase 2: Compute new object addresses 119,744ms
[2019-04-15T13:36:44.452+0200][340,285s] GC(854) Phase 3: Adjust pointers
[2019-04-15T13:36:44.571+0200][340,405s] GC(854) Phase 3: Adjust pointers 119,739ms
[2019-04-15T13:36:44.571+0200][340,405s] GC(854) Phase 4: Move objects
[2019-04-15T13:36:44.573+0200][340,407s] GC(854) Phase 4: Move objects 1,907ms
[2019-04-15T13:36:44.575+0200][340,409s] GC(854) ParNew: 109248K->34906K(109248K)
[2019-04-15T13:36:44.575+0200][340,409s] GC(854) CMS: 393205K->382190K(393216K)
[2019-04-15T13:36:44.575+0200][340,409s] GC(854) Metaspace: 68679K->68679K(1112064K)
[2019-04-15T13:36:44.575+0200][340,409s] GC(854) Pause Full (Allocation Failure) 490M->407M(490M) 446,960ms
[2019-04-15T13:36:44.575+0200][340,409s] GC(854) User=0,44s Sys=0,00s Real=0,45s
[2019-04-15T13:36:44.576+0200][340,410s] GC(852) Old: 382460K->382190K(393216K)
[2019-04-15T13:36:44.919+0200][340,753s] GC(855) Pause Full (Allocation Failure)
[2019-04-15T13:36:44.920+0200][340,754s] GC(855) Phase 1: Mark live objects
[2019-04-15T13:36:45.090+0200][340,923s] GC(855) Phase 1: Mark live objects 169,638ms
[2019-04-15T13:36:45.090+0200][340,923s] GC(855) Phase 2: Compute new object addresses
[2019-04-15T13:36:45.205+0200][341,038s] GC(855) Phase 2: Compute new object addresses 114,973ms
[2019-04-15T13:36:45.205+0200][341,038s] GC(855) Phase 3: Adjust pointers
[2019-04-15T13:36:45.328+0200][341,162s] GC(855) Phase 3: Adjust pointers 123,202ms
[2019-04-15T13:36:45.328+0200][341,162s] GC(855) Phase 4: Move objects
[2019-04-15T13:36:45.328+0200][341,162s] GC(855) Phase 4: Move objects 0,302ms
[2019-04-15T13:36:45.329+0200][341,163s] GC(855) ParNew: 109247K->34950K(109248K)
[2019-04-15T13:36:45.329+0200][341,163s] GC(855) CMS: 393215K->382229K(393216K)
[2019-04-15T13:36:45.329+0200][341,163s] GC(855) Metaspace: 68679K->68679K(1112064K)
[2019-04-15T13:36:45.329+0200][341,163s] GC(855) Pause Full (Allocation Failure) 490M->407M(490M) 409,347ms
[2019-04-15T13:36:45.329+0200][341,163s] GC(855) User=0,41s Sys=0,01s Real=0,41s
[2019-04-15T13:36:45.334+0200][341,167s] GC(856) Pause Initial Mark
[2019-04-15T13:36:45.337+0200][341,170s] GC(856) Pause Initial Mark 412M->412M(490M) 3,012ms
[2019-04-15T13:36:45.337+0200][341,170s] GC(856) User=0,00s Sys=0,01s Real=0,00s
[2019-04-15T13:36:45.337+0200][341,170s] GC(856) Concurrent Mark
[2019-04-15T13:36:45.337+0200][341,170s] GC(856) Using 4 workers of 4 for marking
[2019-04-15T13:36:45.529+0200][341,363s] GC(856) Concurrent Mark 192,222ms
[2019-04-15T13:36:45.529+0200][341,363s] GC(856) User=0,50s Sys=0,00s Real=0,19s
[2019-04-15T13:36:45.529+0200][341,363s] GC(856) Concurrent Preclean
[2019-04-15T13:36:45.691+0200][341,525s] GC(856) Concurrent Preclean 162,147ms
[2019-04-15T13:36:45.691+0200][341,525s] GC(856) User=0,31s Sys=0,00s Real=0,16s
[2019-04-15T13:36:45.691+0200][341,525s] GC(856) Concurrent Abortable Preclean
[2019-04-15T13:36:45.691+0200][341,525s] GC(856) Concurrent Abortable Preclean 0,011ms
[2019-04-15T13:36:45.691+0200][341,525s] GC(856) User=0,00s Sys=0,00s Real=0,00s
[2019-04-15T13:36:45.692+0200][341,525s] GC(856) Pause Remark
[2019-04-15T13:36:45.692+0200][341,525s] GC(857) Pause Young (CMS Final Remark)
[2019-04-15T13:36:45.692+0200][341,525s] GC(857) Using 4 workers of 4 for evacuation
[2019-04-15T13:36:45.692+0200][341,525s] GC(857) ParNew: 105062K->105062K(109248K)
[2019-04-15T13:36:45.692+0200][341,525s] GC(857) CMS: 382229K->382229K(393216K)
[2019-04-15T13:36:45.692+0200][341,526s] GC(857) Metaspace: 68679K->68679K(1112064K)
[2019-04-15T13:36:45.692+0200][341,526s] GC(857) Pause Young (CMS Final Remark) 475M->475M(490M) 0,148ms
[2019-04-15T13:36:45.692+0200][341,526s] GC(857) User=0,00s Sys=0,00s Real=0,00s
[2019-04-15T13:36:45.746+0200][341,580s] GC(856) Pause Remark 475M->475M(490M) 54,564ms
[2019-04-15T13:36:45.746+0200][341,580s] GC(856) User=0,10s Sys=0,00s Real=0,06s
[2019-04-15T13:36:45.746+0200][341,580s] GC(856) Concurrent Sweep
[2019-04-15T13:36:46.002+0200][341,836s] GC(858) Pause Full (Allocation Failure)
[2019-04-15T13:36:46.036+0200][341,870s] GC(856) Concurrent Sweep 289,802ms
[2019-04-15T13:36:46.036+0200][341,870s] GC(856) User=0,52s Sys=0,00s Real=0,29s
[2019-04-15T13:36:46.036+0200][341,870s] GC(858) Phase 1: Mark live objects
[2019-04-15T13:36:46.201+0200][342,035s] GC(858) Phase 1: Mark live objects 165,107ms
[2019-04-15T13:36:46.201+0200][342,035s] GC(858) Phase 2: Compute new object addresses
[2019-04-15T13:36:46.311+0200][342,145s] GC(858) Phase 2: Compute new object addresses 109,979ms
[2019-04-15T13:36:46.311+0200][342,145s] GC(858) Phase 3: Adjust pointers
[2019-04-15T13:36:46.447+0200][342,280s] GC(858) Phase 3: Adjust pointers 135,236ms
[2019-04-15T13:36:46.447+0200][342,280s] GC(858) Phase 4: Move objects
[2019-04-15T13:36:46.543+0200][342,377s] GC(858) Phase 4: Move objects 96,408ms
[2019-04-15T13:36:46.544+0200][342,378s] GC(858) ParNew: 109248K->34574K(109248K)
[2019-04-15T13:36:46.544+0200][342,378s] GC(858) CMS: 393198K->382767K(393216K)
[2019-04-15T13:36:46.544+0200][342,378s] GC(858) Metaspace: 68679K->68679K(1112064K)
[2019-04-15T13:36:46.544+0200][342,378s] GC(858) Pause Full (Allocation Failure) 490M->407M(490M) 541,923ms
[2019-04-15T13:36:46.544+0200][342,378s] GC(858) User=0,54s Sys=0,00s Real=0,54s
[2019-04-15T13:36:46.544+0200][342,378s] GC(856) Old: 382229K->382767K(393216K)
[2019-04-15T13:36:46.996+0200][342,829s] GC(859) Pause Full (Allocation Failure)
[2019-04-15T13:36:46.996+0200][342,830s] GC(859) Phase 1: Mark live objects
[2019-04-15T13:36:47.253+0200][343,087s] GC(859) Phase 1: Mark live objects 257,067ms
[2019-04-15T13:36:47.253+0200][343,087s] GC(859) Phase 2: Compute new object addresses
[2019-04-15T13:36:47.379+0200][343,213s] GC(859) Phase 2: Compute new object addresses 126,221ms
[2019-04-15T13:36:47.379+0200][343,213s] GC(859) Phase 3: Adjust pointers
[2019-04-15T13:36:47.504+0200][343,337s] GC(859) Phase 3: Adjust pointers 124,294ms
[2019-04-15T13:36:47.504+0200][343,337s] GC(859) Phase 4: Move objects
[2019-04-15T13:36:47.504+0200][343,338s] GC(859) Phase 4: Move objects 0,662ms
[2019-04-15T13:36:47.506+0200][343,340s] GC(859) ParNew: 109247K->34652K(109248K)
[2019-04-15T13:36:47.506+0200][343,340s] GC(859) CMS: 393215K->382006K(393216K)
[2019-04-15T13:36:47.506+0200][343,340s] GC(859) Metaspace: 68679K->68679K(1112064K)
[2019-04-15T13:36:47.506+0200][343,340s] GC(859) Pause Full (Allocation Failure) 490M->406M(490M) 510,945ms
[2019-04-15T13:36:47.506+0200][343,340s] GC(859) User=0,45s Sys=0,01s Real=0,51s
[2019-04-15T13:36:47.508+0200][343,341s] GC(860) Pause Initial Mark
[2019-04-15T13:36:47.510+0200][343,344s] GC(860) Pause Initial Mark 408M->408M(490M) 2,288ms
[2019-04-15T13:36:47.510+0200][343,344s] GC(860) User=0,01s Sys=0,00s Real=0,00s
[2019-04-15T13:36:47.510+0200][343,344s] GC(860) Concurrent Mark
[2019-04-15T13:36:47.510+0200][343,344s] GC(860) Using 4 workers of 4 for marking
[2019-04-15T13:36:47.720+0200][343,554s] GC(860) Concurrent Mark 209,878ms
[2019-04-15T13:36:47.720+0200][343,554s] GC(860) User=0,56s Sys=0,01s Real=0,21s
[2019-04-15T13:36:47.720+0200][343,554s] GC(860) Concurrent Preclean
[2019-04-15T13:36:48.118+0200][343,952s] GC(861) Pause Full (Allocation Failure)
[2019-04-15T13:36:48.125+0200][343,959s] GC(860) Concurrent Preclean 404,802ms
[2019-04-15T13:36:48.125+0200][343,959s] GC(860) User=0,74s Sys=0,02s Real=0,40s
[2019-04-15T13:36:48.125+0200][343,959s] GC(861) Phase 1: Mark live objects
[2019-04-15T13:36:48.295+0200][344,129s] GC(861) Phase 1: Mark live objects 169,968ms
[2019-04-15T13:36:48.295+0200][344,129s] GC(861) Phase 2: Compute new object addresses
[2019-04-15T13:36:48.411+0200][344,245s] GC(861) Phase 2: Compute new object addresses 116,050ms
[2019-04-15T13:36:48.411+0200][344,245s] GC(861) Phase 3: Adjust pointers
[2019-04-15T13:36:48.533+0200][344,367s] GC(861) Phase 3: Adjust pointers 122,223ms
[2019-04-15T13:36:48.533+0200][344,367s] GC(861) Phase 4: Move objects
[2019-04-15T13:36:48.536+0200][344,370s] GC(861) Phase 4: Move objects 2,746ms
[2019-04-15T13:36:48.538+0200][344,372s] GC(861) ParNew: 109247K->34743K(109248K)
[2019-04-15T13:36:48.538+0200][344,372s] GC(861) CMS: 393199K->382654K(393216K)
[2019-04-15T13:36:48.538+0200][344,372s] GC(861) Metaspace: 68679K->68679K(1112064K)
[2019-04-15T13:36:48.538+0200][344,372s] GC(861) Pause Full (Allocation Failure) 490M->407M(490M) 420,006ms
[2019-04-15T13:36:48.538+0200][344,372s] GC(861) User=0,42s Sys=0,00s Real=0,42s
[2019-04-15T13:36:48.844+0200][344,678s] GC(862) Pause Full (Allocation Failure)
[2019-04-15T13:36:48.845+0200][344,678s] GC(862) Phase 1: Mark live objects
[2019-04-15T13:36:49.009+0200][344,843s] GC(862) Phase 1: Mark live objects 164,517ms
[2019-04-15T13:36:49.009+0200][344,843s] GC(862) Phase 2: Compute new object addresses
[2019-04-15T13:36:49.130+0200][344,964s] GC(862) Phase 2: Compute new object addresses 121,111ms
[2019-04-15T13:36:49.130+0200][344,964s] GC(862) Phase 3: Adjust pointers
[2019-04-15T13:36:49.256+0200][345,090s] GC(862) Phase 3: Adjust pointers 125,794ms
[2019-04-15T13:36:49.256+0200][345,090s] GC(862) Phase 4: Move objects
[2019-04-15T13:36:49.257+0200][345,091s] GC(862) Phase 4: Move objects 0,753ms
[2019-04-15T13:36:49.258+0200][345,091s] GC(862) ParNew: 109248K->34779K(109248K)
[2019-04-15T13:36:49.258+0200][345,091s] GC(862) CMS: 393212K->382226K(393216K)
[2019-04-15T13:36:49.258+0200][345,091s] GC(862) Metaspace: 68679K->68679K(1112064K)
[2019-04-15T13:36:49.258+0200][345,091s] GC(862) Pause Full (Allocation Failure) 490M->407M(490M) 413,489ms
[2019-04-15T13:36:49.258+0200][345,091s] GC(862) User=0,41s Sys=0,00s Real=0,42s
[2019-04-15T13:36:49.261+0200][345,095s] GC(863) Pause Initial Mark
[2019-04-15T13:36:49.263+0200][345,097s] GC(863) Pause Initial Mark 412M->412M(490M) 2,322ms
[2019-04-15T13:36:49.263+0200][345,097s] GC(863) User=0,00s Sys=0,00s Real=0,00s
[2019-04-15T13:36:49.264+0200][345,097s] GC(863) Concurrent Mark
[2019-04-15T13:36:49.264+0200][345,097s] GC(863) Using 4 workers of 4 for marking
[2019-04-15T13:36:49.458+0200][345,292s] GC(863) Concurrent Mark 194,374ms
[2019-04-15T13:36:49.458+0200][345,292s] GC(863) User=0,55s Sys=0,00s Real=0,20s
[2019-04-15T13:36:49.458+0200][345,292s] GC(863) Concurrent Preclean
[2019-04-15T13:36:49.629+0200][345,463s] GC(863) Concurrent Preclean 171,245ms
[2019-04-15T13:36:49.629+0200][345,463s] GC(863) User=0,34s Sys=0,00s Real=0,17s
[2019-04-15T13:36:49.629+0200][345,463s] GC(863) Concurrent Abortable Preclean
[2019-04-15T13:36:49.629+0200][345,463s] GC(863) Concurrent Abortable Preclean 0,009ms
[2019-04-15T13:36:49.629+0200][345,463s] GC(863) User=0,00s Sys=0,00s Real=0,00s
[2019-04-15T13:36:49.630+0200][345,463s] GC(863) Pause Remark
[2019-04-15T13:36:49.630+0200][345,463s] GC(864) Pause Young (CMS Final Remark)
[2019-04-15T13:36:49.630+0200][345,463s] GC(864) Using 4 workers of 4 for evacuation
[2019-04-15T13:36:49.630+0200][345,463s] GC(864) ParNew: 109248K->109248K(109248K)
[2019-04-15T13:36:49.630+0200][345,463s] GC(864) CMS: 383261K->383261K(393216K)
[2019-04-15T13:36:49.630+0200][345,463s] GC(864) Metaspace: 68679K->68679K(1112064K)
[2019-04-15T13:36:49.630+0200][345,463s] GC(864) Pause Young (CMS Final Remark) 480M->480M(490M) 0,070ms
[2019-04-15T13:36:49.630+0200][345,463s] GC(864) User=0,00s Sys=0,00s Real=0,00s
[2019-04-15T13:36:49.702+0200][345,536s] GC(863) Pause Remark 480M->480M(490M) 72,662ms
[2019-04-15T13:36:49.702+0200][345,536s] GC(863) User=0,14s Sys=0,00s Real=0,07s
[2019-04-15T13:36:49.702+0200][345,536s] GC(863) Concurrent Sweep
[2019-04-15T13:36:49.916+0200][345,750s] GC(863) Concurrent Sweep 213,537ms
[2019-04-15T13:36:49.916+0200][345,750s] GC(863) User=0,39s Sys=0,01s Real=0,22s
[2019-04-15T13:36:49.916+0200][345,750s] GC(865) Pause Young (Allocation Failure)
[2019-04-15T13:36:49.916+0200][345,750s] GC(865) Using 4 workers of 4 for evacuation
[2019-04-15T13:36:49.916+0200][345,750s] GC(866) Pause Full (Allocation Failure)
[2019-04-15T13:36:49.917+0200][345,751s] GC(866) Phase 1: Mark live objects
[2019-04-15T13:36:50.092+0200][345,926s] GC(866) Phase 1: Mark live objects 175,089ms
[2019-04-15T13:36:50.092+0200][345,926s] GC(866) Phase 2: Compute new object addresses
[2019-04-15T13:36:50.201+0200][346,035s] GC(866) Phase 2: Compute new object addresses 108,581ms
[2019-04-15T13:36:50.201+0200][346,035s] GC(866) Phase 3: Adjust pointers
[2019-04-15T13:36:50.335+0200][346,169s] GC(866) Phase 3: Adjust pointers 134,223ms
[2019-04-15T13:36:50.335+0200][346,169s] GC(866) Phase 4: Move objects
[2019-04-15T13:36:50.429+0200][346,263s] GC(866) Phase 4: Move objects 93,958ms
[2019-04-15T13:36:50.430+0200][346,264s] GC(866) Pause Full (Allocation Failure) 490M->407M(490M) 513,593ms
[2019-04-15T13:36:50.430+0200][346,264s] GC(865) ParNew: 109248K->34655K(109248K)
[2019-04-15T13:36:50.430+0200][346,264s] GC(865) CMS: 392525K->382683K(393216K)
[2019-04-15T13:36:50.430+0200][346,264s] GC(865) Metaspace: 68679K->68679K(1112064K)
[2019-04-15T13:36:50.430+0200][346,264s] GC(865) Pause Young (Allocation Failure) 490M->407M(490M) 513,733ms
[2019-04-15T13:36:50.430+0200][346,264s] GC(865) User=0,51s Sys=0,00s Real=0,51s
[2019-04-15T13:36:50.430+0200][346,264s] GC(863) Old: 382226K->382683K(393216K)
[2019-04-15T13:36:50.722+0200][346,556s] GC(867) Pause Full (Allocation Failure)
[2019-04-15T13:36:50.723+0200][346,556s] GC(867) Phase 1: Mark live objects
[2019-04-15T13:36:50.880+0200][346,713s] GC(867) Phase 1: Mark live objects 157,071ms
[2019-04-15T13:36:50.880+0200][346,713s] GC(867) Phase 2: Compute new object addresses
[2019-04-15T13:36:50.998+0200][346,832s] GC(867) Phase 2: Compute new object addresses 118,799ms
[2019-04-15T13:36:50.998+0200][346,832s] GC(867) Phase 3: Adjust pointers
[2019-04-15T13:36:51.125+0200][346,959s] GC(867) Phase 3: Adjust pointers 126,838ms
[2019-04-15T13:36:51.125+0200][346,959s] GC(867) Phase 4: Move objects
[2019-04-15T13:36:51.126+0200][346,959s] GC(867) Phase 4: Move objects 0,286ms
[2019-04-15T13:36:51.126+0200][346,960s] GC(867) ParNew: 109248K->34603K(109248K)
[2019-04-15T13:36:51.126+0200][346,960s] GC(867) CMS: 393215K->382224K(393216K)
[2019-04-15T13:36:51.126+0200][346,960s] GC(867) Metaspace: 68679K->68679K(1112064K)
[2019-04-15T13:36:51.126+0200][346,960s] GC(867) Pause Full (Allocation Failure) 490M->407M(490M) 404,153ms
[2019-04-15T13:36:51.126+0200][346,960s] GC(867) User=0,39s Sys=0,00s Real=0,41s
[2019-04-15T13:36:51.128+0200][346,962s] GC(868) Pause Initial Mark
[2019-04-15T13:36:51.130+0200][346,963s] GC(868) Pause Initial Mark 408M->408M(490M) 1,812ms
[2019-04-15T13:36:51.130+0200][346,963s] GC(868) User=0,00s Sys=0,00s Real=0,00s
[2019-04-15T13:36:51.130+0200][346,964s] GC(868) Concurrent Mark
[2019-04-15T13:36:51.130+0200][346,964s] GC(868) Using 4 workers of 4 for marking
[2019-04-15T13:36:51.311+0200][347,145s] GC(868) Concurrent Mark 181,051ms
[2019-04-15T13:36:51.311+0200][347,145s] GC(868) User=0,47s Sys=0,01s Real=0,18s
[2019-04-15T13:36:51.311+0200][347,145s] GC(868) Concurrent Preclean
[2019-04-15T13:36:51.721+0200][347,555s] GC(869) Pause Full (Allocation Failure)
[2019-04-15T13:36:51.764+0200][347,598s] GC(868) Concurrent Preclean 452,782ms
[2019-04-15T13:36:51.764+0200][347,598s] GC(868) User=0,81s Sys=0,01s Real=0,45s
[2019-04-15T13:36:51.764+0200][347,598s] GC(869) Phase 1: Mark live objects
[2019-04-15T13:36:51.946+0200][347,780s] GC(869) Phase 1: Mark live objects 181,641ms
[2019-04-15T13:36:51.946+0200][347,780s] GC(869) Phase 2: Compute new object addresses
[2019-04-15T13:36:52.070+0200][347,903s] GC(869) Phase 2: Compute new object addresses 123,648ms
[2019-04-15T13:36:52.070+0200][347,903s] GC(869) Phase 3: Adjust pointers
[2019-04-15T13:36:52.205+0200][348,039s] GC(869) Phase 3: Adjust pointers 135,434ms
[2019-04-15T13:36:52.205+0200][348,039s] GC(869) Phase 4: Move objects
[2019-04-15T13:36:52.206+0200][348,040s] GC(869) Phase 4: Move objects 0,642ms
[2019-04-15T13:36:52.206+0200][348,040s] GC(869) ParNew: 109247K->34641K(109248K)
[2019-04-15T13:36:52.206+0200][348,040s] GC(869) CMS: 393190K->382113K(393216K)
[2019-04-15T13:36:52.206+0200][348,040s] GC(869) Metaspace: 68679K->68679K(1112064K)
[2019-04-15T13:36:52.206+0200][348,040s] GC(869) Pause Full (Allocation Failure) 490M->406M(490M) 485,703ms
[2019-04-15T13:36:52.206+0200][348,040s] GC(869) User=0,48s Sys=0,01s Real=0,49s
[2019-04-15T13:36:52.513+0200][348,347s] GC(870) Pause Full (Allocation Failure)
[2019-04-15T13:36:52.513+0200][348,347s] GC(870) Phase 1: Mark live objects
[2019-04-15T13:36:52.676+0200][348,510s] GC(870) Phase 1: Mark live objects 162,649ms
[2019-04-15T13:36:52.676+0200][348,510s] GC(870) Phase 2: Compute new object addresses
[2019-04-15T13:36:52.798+0200][348,632s] GC(870) Phase 2: Compute new object addresses 121,818ms
[2019-04-15T13:36:52.798+0200][348,632s] GC(870) Phase 3: Adjust pointers
[2019-04-15T13:36:52.921+0200][348,755s] GC(870) Phase 3: Adjust pointers 122,977ms
[2019-04-15T13:36:52.921+0200][348,755s] GC(870) Phase 4: Move objects
[2019-04-15T13:36:52.922+0200][348,755s] GC(870) Phase 4: Move objects 0,751ms
[2019-04-15T13:36:52.922+0200][348,756s] GC(870) ParNew: 109248K->34615K(109248K)
[2019-04-15T13:36:52.922+0200][348,756s] GC(870) CMS: 393212K->382240K(393216K)
[2019-04-15T13:36:52.922+0200][348,756s] GC(870) Metaspace: 68679K->68679K(1112064K)
[2019-04-15T13:36:52.922+0200][348,756s] GC(870) Pause Full (Allocation Failure) 490M->407M(490M) 409,546ms
[2019-04-15T13:36:52.922+0200][348,756s] GC(870) User=0,40s Sys=0,00s Real=0,40s
[2019-04-15T13:36:52.924+0200][348,758s] GC(871) Pause Initial Mark
[2019-04-15T13:36:52.927+0200][348,761s] GC(871) Pause Initial Mark 410M->410M(490M) 2,468ms
[2019-04-15T13:36:52.927+0200][348,761s] GC(871) User=0,01s Sys=0,00s Real=0,01s
[2019-04-15T13:36:52.927+0200][348,761s] GC(871) Concurrent Mark
[2019-04-15T13:36:52.927+0200][348,761s] GC(871) Using 4 workers of 4 for marking
[2019-04-15T13:36:53.106+0200][348,940s] GC(871) Concurrent Mark 179,299ms
[2019-04-15T13:36:53.107+0200][348,940s] GC(871) User=0,47s Sys=0,00s Real=0,18s
[2019-04-15T13:36:53.107+0200][348,940s] GC(871) Concurrent Preclean
[2019-04-15T13:36:53.264+0200][349,098s] GC(871) Concurrent Preclean 157,855ms
[2019-04-15T13:36:53.264+0200][349,098s] GC(871) User=0,30s Sys=0,01s Real=0,15s
[2019-04-15T13:36:53.264+0200][349,098s] GC(871) Concurrent Abortable Preclean
[2019-04-15T13:36:53.264+0200][349,098s] GC(871) Concurrent Abortable Preclean 0,007ms
[2019-04-15T13:36:53.265+0200][349,098s] GC(871) User=0,00s Sys=0,00s Real=0,00s
[2019-04-15T13:36:53.265+0200][349,098s] GC(871) Pause Remark
[2019-04-15T13:36:53.265+0200][349,098s] GC(872) Pause Young (CMS Final Remark)
[2019-04-15T13:36:53.265+0200][349,098s] GC(872) Using 4 workers of 4 for evacuation
[2019-04-15T13:36:53.265+0200][349,098s] GC(872) ParNew: 102843K->102843K(109248K)
[2019-04-15T13:36:53.265+0200][349,098s] GC(872) CMS: 382240K->382240K(393216K)
[2019-04-15T13:36:53.265+0200][349,098s] GC(872) Metaspace: 68679K->68679K(1112064K)
[2019-04-15T13:36:53.265+0200][349,098s] GC(872) Pause Young (CMS Final Remark) 473M->473M(490M) 0,058ms
[2019-04-15T13:36:53.265+0200][349,098s] GC(872) User=0,00s Sys=0,00s Real=0,00s
[2019-04-15T13:36:53.321+0200][349,155s] GC(871) Pause Remark 473M->473M(490M) 56,813ms
[2019-04-15T13:36:53.321+0200][349,155s] GC(871) User=0,11s Sys=0,00s Real=0,06s
[2019-04-15T13:36:53.322+0200][349,155s] GC(871) Concurrent Sweep
[2019-04-15T13:36:53.533+0200][349,366s] GC(871) Concurrent Sweep 211,011ms
[2019-04-15T13:36:53.533+0200][349,366s] GC(871) User=0,38s Sys=0,00s Real=0,21s
[2019-04-15T13:36:53.533+0200][349,367s] GC(873) Pause Young (Allocation Failure)
[2019-04-15T13:36:53.533+0200][349,367s] GC(873) Using 4 workers of 4 for evacuation
[2019-04-15T13:36:53.533+0200][349,367s] GC(874) Pause Full (Allocation Failure)
[2019-04-15T13:36:53.534+0200][349,368s] GC(874) Phase 1: Mark live objects
[2019-04-15T13:36:53.717+0200][349,551s] GC(874) Phase 1: Mark live objects 183,136ms
[2019-04-15T13:36:53.717+0200][349,551s] GC(874) Phase 2: Compute new object addresses
[2019-04-15T13:36:53.830+0200][349,664s] GC(874) Phase 2: Compute new object addresses 112,778ms
[2019-04-15T13:36:53.830+0200][349,664s] GC(874) Phase 3: Adjust pointers
[2019-04-15T13:36:53.953+0200][349,786s] GC(874) Phase 3: Adjust pointers 122,728ms
[2019-04-15T13:36:53.953+0200][349,786s] GC(874) Phase 4: Move objects
[2019-04-15T13:36:53.953+0200][349,787s] GC(874) Phase 4: Move objects 0,449ms
[2019-04-15T13:36:53.954+0200][349,788s] GC(874) Pause Full (Allocation Failure) 486M->407M(490M) 420,691ms
[2019-04-15T13:36:53.954+0200][349,788s] GC(873) ParNew: 109248K->34625K(109248K)
[2019-04-15T13:36:53.954+0200][349,788s] GC(873) CMS: 388832K->382272K(393216K)
[2019-04-15T13:36:53.954+0200][349,788s] GC(873) Metaspace: 68679K->68679K(1112064K)
[2019-04-15T13:36:53.954+0200][349,788s] GC(873) Pause Young (Allocation Failure) 486M->407M(490M) 420,829ms
[2019-04-15T13:36:53.954+0200][349,788s] GC(873) User=0,42s Sys=0,00s Real=0,42s
[2019-04-15T13:36:53.954+0200][349,788s] GC(871) Old: 382240K->382272K(393216K)
[2019-04-15T13:36:54.301+0200][350,135s] GC(875) Pause Full (Allocation Failure)
[2019-04-15T13:36:54.301+0200][350,135s] GC(875) Phase 1: Mark live objects
[2019-04-15T13:36:54.471+0200][350,305s] GC(875) Phase 1: Mark live objects 169,857ms
[2019-04-15T13:36:54.471+0200][350,305s] GC(875) Phase 2: Compute new object addresses
[2019-04-15T13:36:54.589+0200][350,423s] GC(875) Phase 2: Compute new object addresses 118,006ms
[2019-04-15T13:36:54.589+0200][350,423s] GC(875) Phase 3: Adjust pointers
[2019-04-15T13:36:54.710+0200][350,544s] GC(875) Phase 3: Adjust pointers 120,801ms
[2019-04-15T13:36:54.710+0200][350,544s] GC(875) Phase 4: Move objects
[2019-04-15T13:36:54.711+0200][350,545s] GC(875) Phase 4: Move objects 0,772ms
[2019-04-15T13:36:54.712+0200][350,546s] GC(875) ParNew: 109247K->34613K(109248K)
[2019-04-15T13:36:54.712+0200][350,546s] GC(875) CMS: 393215K->382243K(393216K)
[2019-04-15T13:36:54.712+0200][350,546s] GC(875) Metaspace: 68679K->68679K(1112064K)
[2019-04-15T13:36:54.712+0200][350,546s] GC(875) Pause Full (Allocation Failure) 490M->407M(490M) 411,091ms
[2019-04-15T13:36:54.712+0200][350,546s] GC(875) User=0,40s Sys=0,00s Real=0,41s
[2019-04-15T13:36:54.712+0200][350,546s] GC(876) Pause Initial Mark
[2019-04-15T13:36:54.714+0200][350,547s] GC(876) Pause Initial Mark 408M->408M(490M) 1,429ms
[2019-04-15T13:36:54.714+0200][350,547s] GC(876) User=0,00s Sys=0,00s Real=0,01s
[2019-04-15T13:36:54.714+0200][350,547s] GC(876) Concurrent Mark
[2019-04-15T13:36:54.714+0200][350,547s] GC(876) Using 4 workers of 4 for marking
[2019-04-15T13:36:54.935+0200][350,768s] GC(876) Concurrent Mark 221,119ms
[2019-04-15T13:36:54.935+0200][350,769s] GC(876) User=0,54s Sys=0,01s Real=0,22s
[2019-04-15T13:36:54.935+0200][350,769s] GC(876) Concurrent Preclean
[2019-04-15T13:36:55.319+0200][351,153s] GC(876) Concurrent Preclean 384,584ms
[2019-04-15T13:36:55.320+0200][351,153s] GC(876) User=0,59s Sys=0,00s Real=0,38s
[2019-04-15T13:36:55.320+0200][351,154s] GC(876) Concurrent Abortable Preclean
[2019-04-15T13:36:55.320+0200][351,154s] GC(876) Concurrent Abortable Preclean 0,011ms
[2019-04-15T13:36:55.320+0200][351,154s] GC(876) User=0,00s Sys=0,00s Real=0,00s
[2019-04-15T13:36:55.320+0200][351,154s] GC(876) Pause Remark
[2019-04-15T13:36:55.320+0200][351,154s] GC(877) Pause Young (CMS Final Remark)
[2019-04-15T13:36:55.320+0200][351,154s] GC(877) Using 4 workers of 4 for evacuation
[2019-04-15T13:36:55.320+0200][351,154s] GC(877) ParNew: 109248K->109248K(109248K)
[2019-04-15T13:36:55.320+0200][351,154s] GC(877) CMS: 389160K->389160K(393216K)
[2019-04-15T13:36:55.320+0200][351,154s] GC(877) Metaspace: 68679K->68679K(1112064K)
[2019-04-15T13:36:55.320+0200][351,154s] GC(877) Pause Young (CMS Final Remark) 486M->486M(490M) 0,063ms
[2019-04-15T13:36:55.320+0200][351,154s] GC(877) User=0,00s Sys=0,00s Real=0,00s
[2019-04-15T13:36:55.428+0200][351,262s] GC(876) Pause Remark 486M->486M(490M) 108,349ms
[2019-04-15T13:36:55.428+0200][351,262s] GC(876) User=0,14s Sys=0,01s Real=0,11s
[2019-04-15T13:36:55.428+0200][351,262s] GC(876) Concurrent Sweep
[2019-04-15T13:36:55.515+0200][351,348s] GC(878) Pause Full (Allocation Failure)
[2019-04-15T13:36:55.569+0200][351,403s] GC(876) Concurrent Sweep 140,350ms
[2019-04-15T13:36:55.569+0200][351,403s] GC(876) User=0,21s Sys=0,00s Real=0,14s
[2019-04-15T13:36:55.569+0200][351,403s] GC(878) Phase 1: Mark live objects
[2019-04-15T13:36:55.769+0200][351,603s] GC(878) Phase 1: Mark live objects 200,303ms
[2019-04-15T13:36:55.769+0200][351,603s] GC(878) Phase 2: Compute new object addresses
[2019-04-15T13:36:55.919+0200][351,752s] GC(878) Phase 2: Compute new object addresses 149,410ms
[2019-04-15T13:36:55.919+0200][351,753s] GC(878) Phase 3: Adjust pointers
[2019-04-15T13:36:56.064+0200][351,897s] GC(878) Phase 3: Adjust pointers 144,739ms
[2019-04-15T13:36:56.064+0200][351,898s] GC(878) Phase 4: Move objects
[2019-04-15T13:36:56.066+0200][351,899s] GC(878) Phase 4: Move objects 1,960ms
[2019-04-15T13:36:56.067+0200][351,900s] GC(878) ParNew: 109248K->34180K(109248K)
[2019-04-15T13:36:56.067+0200][351,900s] GC(878) CMS: 393190K->382570K(393216K)
[2019-04-15T13:36:56.067+0200][351,900s] GC(878) Metaspace: 68679K->68679K(1112064K)
[2019-04-15T13:36:56.067+0200][351,900s] GC(878) Pause Full (Allocation Failure) 490M->406M(490M) 552,015ms
[2019-04-15T13:36:56.067+0200][351,900s] GC(878) User=0,54s Sys=0,00s Real=0,55s
[2019-04-15T13:36:56.067+0200][351,901s] GC(876) Old: 382243K->382570K(393216K)
[2019-04-15T13:36:56.442+0200][352,276s] GC(879) Pause Full (Allocation Failure)
[2019-04-15T13:36:56.443+0200][352,277s] GC(879) Phase 1: Mark live objects
[2019-04-15T13:36:56.637+0200][352,471s] GC(879) Phase 1: Mark live objects 194,337ms
[2019-04-15T13:36:56.637+0200][352,471s] GC(879) Phase 2: Compute new object addresses
[2019-04-15T13:36:56.755+0200][352,589s] GC(879) Phase 2: Compute new object addresses 117,878ms
[2019-04-15T13:36:56.755+0200][352,589s] GC(879) Phase 3: Adjust pointers
[2019-04-15T13:36:56.911+0200][352,745s] GC(879) Phase 3: Adjust pointers 155,948ms
[2019-04-15T13:36:56.911+0200][352,745s] GC(879) Phase 4: Move objects
[2019-04-15T13:36:56.912+0200][352,746s] GC(879) Phase 4: Move objects 0,653ms
[2019-04-15T13:36:56.913+0200][352,746s] GC(879) ParNew: 109248K->34132K(109248K)
[2019-04-15T13:36:56.913+0200][352,746s] GC(879) CMS: 393074K->382882K(393216K)
[2019-04-15T13:36:56.913+0200][352,746s] GC(879) Metaspace: 68679K->68679K(1112064K)
[2019-04-15T13:36:56.913+0200][352,746s] GC(879) Pause Full (Allocation Failure) 490M->407M(490M) 470,175ms
[2019-04-15T13:36:56.913+0200][352,746s] GC(879) User=0,47s Sys=0,00s Real=0,47s
[2019-04-15T13:36:56.913+0200][352,747s] GC(880) Pause Initial Mark
[2019-04-15T13:36:56.914+0200][352,748s] GC(880) Pause Initial Mark 408M->408M(490M) 1,162ms
[2019-04-15T13:36:56.914+0200][352,748s] GC(880) User=0,00s Sys=0,00s Real=0,01s
[2019-04-15T13:36:56.914+0200][352,748s] GC(880) Concurrent Mark
[2019-04-15T13:36:56.914+0200][352,748s] GC(880) Using 4 workers of 4 for marking
[2019-04-15T13:36:57.076+0200][352,909s] GC(880) Concurrent Mark 161,488ms
[2019-04-15T13:36:57.076+0200][352,909s] GC(880) User=0,48s Sys=0,00s Real=0,16s
[2019-04-15T13:36:57.076+0200][352,909s] GC(880) Concurrent Preclean
[2019-04-15T13:36:57.360+0200][353,193s] GC(880) Concurrent Preclean 283,904ms
[2019-04-15T13:36:57.360+0200][353,193s] GC(880) User=0,55s Sys=0,00s Real=0,28s
[2019-04-15T13:36:57.360+0200][353,193s] GC(880) Concurrent Abortable Preclean
[2019-04-15T13:36:57.360+0200][353,193s] GC(880) Concurrent Abortable Preclean 0,012ms
[2019-04-15T13:36:57.360+0200][353,193s] GC(880) User=0,00s Sys=0,00s Real=0,00s
[2019-04-15T13:36:57.360+0200][353,194s] GC(880) Pause Remark
[2019-04-15T13:36:57.360+0200][353,194s] GC(881) Pause Young (CMS Final Remark)
[2019-04-15T13:36:57.360+0200][353,194s] GC(881) Using 4 workers of 4 for evacuation
[2019-04-15T13:36:57.360+0200][353,194s] GC(881) ParNew: 109247K->109247K(109248K)
[2019-04-15T13:36:57.360+0200][353,194s] GC(881) CMS: 385440K->385440K(393216K)
[2019-04-15T13:36:57.360+0200][353,194s] GC(881) Metaspace: 68679K->68679K(1112064K)
[2019-04-15T13:36:57.360+0200][353,194s] GC(881) Pause Young (CMS Final Remark) 483M->483M(490M) 0,107ms
[2019-04-15T13:36:57.360+0200][353,194s] GC(881) User=0,00s Sys=0,00s Real=0,00s
[2019-04-15T13:36:57.448+0200][353,281s] GC(880) Pause Remark 483M->483M(490M) 87,773ms
[2019-04-15T13:36:57.448+0200][353,281s] GC(880) User=0,16s Sys=0,00s Real=0,09s
[2019-04-15T13:36:57.448+0200][353,282s] GC(880) Concurrent Sweep
[2019-04-15T13:36:57.609+0200][353,442s] GC(882) Pause Full (Allocation Failure)
[2019-04-15T13:36:57.630+0200][353,463s] GC(880) Concurrent Sweep 181,877ms
[2019-04-15T13:36:57.630+0200][353,464s] GC(880) User=0,32s Sys=0,00s Real=0,18s
[2019-04-15T13:36:57.630+0200][353,464s] GC(882) Phase 1: Mark live objects
[2019-04-15T13:36:57.820+0200][353,654s] GC(882) Phase 1: Mark live objects 189,868ms
[2019-04-15T13:36:57.820+0200][353,654s] GC(882) Phase 2: Compute new object addresses
[2019-04-15T13:36:57.940+0200][353,774s] GC(882) Phase 2: Compute new object addresses 120,408ms
[2019-04-15T13:36:57.940+0200][353,774s] GC(882) Phase 3: Adjust pointers
[2019-04-15T13:36:58.077+0200][353,911s] GC(882) Phase 3: Adjust pointers 136,615ms
[2019-04-15T13:36:58.077+0200][353,911s] GC(882) Phase 4: Move objects
[2019-04-15T13:36:58.079+0200][353,913s] GC(882) Phase 4: Move objects 2,330ms
[2019-04-15T13:36:58.081+0200][353,915s] GC(882) ParNew: 109247K->34139K(109248K)
[2019-04-15T13:36:58.081+0200][353,915s] GC(882) CMS: 392225K->382471K(393216K)
[2019-04-15T13:36:58.081+0200][353,915s] GC(882) Metaspace: 68679K->68679K(1112064K)
[2019-04-15T13:36:58.081+0200][353,915s] GC(882) Pause Full (Allocation Failure) 489M->406M(490M) 472,678ms
[2019-04-15T13:36:58.081+0200][353,915s] GC(882) User=0,47s Sys=0,00s Real=0,47s
[2019-04-15T13:36:58.082+0200][353,916s] GC(880) Old: 382882K->382471K(393216K)
[2019-04-15T13:36:58.387+0200][354,220s] GC(883) Pause Full (Allocation Failure)
[2019-04-15T13:36:58.388+0200][354,221s] GC(883) Phase 1: Mark live objects
[2019-04-15T13:36:58.546+0200][354,380s] GC(883) Phase 1: Mark live objects 158,704ms
[2019-04-15T13:36:58.546+0200][354,380s] GC(883) Phase 2: Compute new object addresses
[2019-04-15T13:36:58.661+0200][354,495s] GC(883) Phase 2: Compute new object addresses 114,823ms
[2019-04-15T13:36:58.661+0200][354,495s] GC(883) Phase 3: Adjust pointers
[2019-04-15T13:36:58.785+0200][354,618s] GC(883) Phase 3: Adjust pointers 123,406ms
[2019-04-15T13:36:58.785+0200][354,618s] GC(883) Phase 4: Move objects
[2019-04-15T13:36:58.785+0200][354,619s] GC(883) Phase 4: Move objects 0,524ms
[2019-04-15T13:36:58.786+0200][354,620s] GC(883) ParNew: 109248K->34035K(109248K)
[2019-04-15T13:36:58.786+0200][354,620s] GC(883) CMS: 393215K->382287K(393216K)
[2019-04-15T13:36:58.786+0200][354,620s] GC(883) Metaspace: 68679K->68679K(1112064K)
[2019-04-15T13:36:58.786+0200][354,620s] GC(883) Pause Full (Allocation Failure) 490M->406M(490M) 399,336ms
[2019-04-15T13:36:58.786+0200][354,620s] GC(883) User=0,40s Sys=0,00s Real=0,40s
[2019-04-15T13:36:58.787+0200][354,621s] GC(884) Pause Initial Mark
[2019-04-15T13:36:58.789+0200][354,622s] GC(884) Pause Initial Mark 408M->408M(490M) 1,652ms
[2019-04-15T13:36:58.789+0200][354,622s] GC(884) User=0,00s Sys=0,00s Real=0,00s
[2019-04-15T13:36:58.789+0200][354,622s] GC(884) Concurrent Mark
[2019-04-15T13:36:58.789+0200][354,622s] GC(884) Using 4 workers of 4 for marking
[2019-04-15T13:36:58.963+0200][354,797s] GC(884) Concurrent Mark 174,165ms
[2019-04-15T13:36:58.963+0200][354,797s] GC(884) User=0,53s Sys=0,00s Real=0,17s
[2019-04-15T13:36:58.963+0200][354,797s] GC(884) Concurrent Preclean
[2019-04-15T13:36:59.375+0200][355,209s] GC(885) Pause Full (Allocation Failure)
[2019-04-15T13:36:59.410+0200][355,244s] GC(884) Concurrent Preclean 447,474ms
[2019-04-15T13:36:59.410+0200][355,244s] GC(884) User=0,82s Sys=0,01s Real=0,45s
[2019-04-15T13:36:59.411+0200][355,244s] GC(885) Phase 1: Mark live objects
[2019-04-15T13:36:59.578+0200][355,412s] GC(885) Phase 1: Mark live objects 167,410ms
[2019-04-15T13:36:59.578+0200][355,412s] GC(885) Phase 2: Compute new object addresses
[2019-04-15T13:36:59.689+0200][355,523s] GC(885) Phase 2: Compute new object addresses 110,622ms
[2019-04-15T13:36:59.689+0200][355,523s] GC(885) Phase 3: Adjust pointers
[2019-04-15T13:36:59.814+0200][355,648s] GC(885) Phase 3: Adjust pointers 124,840ms
[2019-04-15T13:36:59.814+0200][355,648s] GC(885) Phase 4: Move objects
[2019-04-15T13:36:59.815+0200][355,648s] GC(885) Phase 4: Move objects 0,872ms
[2019-04-15T13:36:59.815+0200][355,649s] GC(885) ParNew: 109248K->34746K(109248K)
[2019-04-15T13:36:59.815+0200][355,649s] GC(885) CMS: 393192K->382454K(393216K)
[2019-04-15T13:36:59.815+0200][355,649s] GC(885) Metaspace: 68679K->68679K(1112064K)
[2019-04-15T13:36:59.815+0200][355,649s] GC(885) Pause Full (Allocation Failure) 490M->407M(490M) 440,065ms
[2019-04-15T13:36:59.815+0200][355,649s] GC(885) User=0,43s Sys=0,00s Real=0,44s
[2019-04-15T13:37:00.138+0200][355,972s] GC(886) Pause Full (Allocation Failure)
[2019-04-15T13:37:00.138+0200][355,972s] GC(886) Phase 1: Mark live objects
[2019-04-15T13:37:00.333+0200][356,166s] GC(886) Phase 1: Mark live objects 194,129ms
[2019-04-15T13:37:00.333+0200][356,166s] GC(886) Phase 2: Compute new object addresses
[2019-04-15T13:37:00.455+0200][356,289s] GC(886) Phase 2: Compute new object addresses 122,561ms
[2019-04-15T13:37:00.455+0200][356,289s] GC(886) Phase 3: Adjust pointers
[2019-04-15T13:37:00.580+0200][356,414s] GC(886) Phase 3: Adjust pointers 125,020ms
[2019-04-15T13:37:00.580+0200][356,414s] GC(886) Phase 4: Move objects
[2019-04-15T13:37:00.581+0200][356,415s] GC(886) Phase 4: Move objects 0,739ms
[2019-04-15T13:37:00.582+0200][356,416s] GC(886) ParNew: 109248K->34992K(109248K)
[2019-04-15T13:37:00.582+0200][356,416s] GC(886) CMS: 393213K->382448K(393216K)
[2019-04-15T13:37:00.582+0200][356,416s] GC(886) Metaspace: 68679K->68679K(1112064K)
[2019-04-15T13:37:00.582+0200][356,416s] GC(886) Pause Full (Allocation Failure) 490M->407M(490M) 444,360ms
[2019-04-15T13:37:00.582+0200][356,416s] GC(886) User=0,44s Sys=0,00s Real=0,44s
[2019-04-15T13:37:00.583+0200][356,417s] GC(887) Pause Initial Mark
[2019-04-15T13:37:00.587+0200][356,421s] GC(887) Pause Initial Mark 409M->409M(490M) 4,325ms
[2019-04-15T13:37:00.587+0200][356,421s] GC(887) User=0,00s Sys=0,00s Real=0,01s
[2019-04-15T13:37:00.587+0200][356,421s] GC(887) Concurrent Mark
[2019-04-15T13:37:00.587+0200][356,421s] GC(887) Using 4 workers of 4 for marking
[2019-04-15T13:37:00.770+0200][356,604s] GC(887) Concurrent Mark 182,802ms
[2019-04-15T13:37:00.770+0200][356,604s] GC(887) User=0,53s Sys=0,00s Real=0,18s
[2019-04-15T13:37:00.770+0200][356,604s] GC(887) Concurrent Preclean
[2019-04-15T13:37:01.138+0200][356,972s] GC(887) Concurrent Preclean 367,815ms
[2019-04-15T13:37:01.138+0200][356,972s] GC(887) User=0,70s Sys=0,00s Real=0,37s
[2019-04-15T13:37:01.138+0200][356,972s] GC(887) Concurrent Abortable Preclean
[2019-04-15T13:37:01.138+0200][356,972s] GC(887) Concurrent Abortable Preclean 0,009ms
[2019-04-15T13:37:01.138+0200][356,972s] GC(887) User=0,00s Sys=0,00s Real=0,00s
[2019-04-15T13:37:01.138+0200][356,972s] GC(887) Pause Remark
[2019-04-15T13:37:01.138+0200][356,972s] GC(888) Pause Young (CMS Final Remark)
[2019-04-15T13:37:01.138+0200][356,972s] GC(888) Using 4 workers of 4 for evacuation
[2019-04-15T13:37:01.138+0200][356,972s] GC(888) ParNew: 109248K->109248K(109248K)
[2019-04-15T13:37:01.138+0200][356,972s] GC(888) CMS: 390973K->390973K(393216K)
[2019-04-15T13:37:01.138+0200][356,972s] GC(888) Metaspace: 68679K->68679K(1112064K)
[2019-04-15T13:37:01.138+0200][356,972s] GC(888) Pause Young (CMS Final Remark) 488M->488M(490M) 0,067ms
[2019-04-15T13:37:01.138+0200][356,972s] GC(888) User=0,00s Sys=0,00s Real=0,00s
[2019-04-15T13:37:01.214+0200][357,048s] GC(887) Pause Remark 488M->488M(490M) 76,002ms
[2019-04-15T13:37:01.214+0200][357,048s] GC(887) User=0,13s Sys=0,00s Real=0,08s
[2019-04-15T13:37:01.214+0200][357,048s] GC(887) Concurrent Sweep
[2019-04-15T13:37:01.264+0200][357,098s] GC(889) Pause Full (Allocation Failure)
[2019-04-15T13:37:01.361+0200][357,195s] GC(887) Concurrent Sweep 146,630ms
[2019-04-15T13:37:01.361+0200][357,195s] GC(887) User=0,19s Sys=0,00s Real=0,14s
[2019-04-15T13:37:01.361+0200][357,195s] GC(889) Phase 1: Mark live objects
[2019-04-15T13:37:01.530+0200][357,364s] GC(889) Phase 1: Mark live objects 168,965ms
[2019-04-15T13:37:01.530+0200][357,364s] GC(889) Phase 2: Compute new object addresses
[2019-04-15T13:37:01.642+0200][357,476s] GC(889) Phase 2: Compute new object addresses 111,804ms
[2019-04-15T13:37:01.642+0200][357,476s] GC(889) Phase 3: Adjust pointers
[2019-04-15T13:37:01.780+0200][357,614s] GC(889) Phase 3: Adjust pointers 137,730ms
[2019-04-15T13:37:01.780+0200][357,614s] GC(889) Phase 4: Move objects
[2019-04-15T13:37:01.781+0200][357,615s] GC(889) Phase 4: Move objects 1,304ms
[2019-04-15T13:37:01.782+0200][357,616s] GC(889) ParNew: 109248K->34931K(109248K)
[2019-04-15T13:37:01.782+0200][357,616s] GC(889) CMS: 393215K->382449K(393216K)
[2019-04-15T13:37:01.782+0200][357,616s] GC(889) Metaspace: 68679K->68679K(1112064K)
[2019-04-15T13:37:01.782+0200][357,616s] GC(889) Pause Full (Allocation Failure) 490M->407M(490M) 517,998ms
[2019-04-15T13:37:01.782+0200][357,616s] GC(889) User=0,51s Sys=0,00s Real=0,52s
[2019-04-15T13:37:01.782+0200][357,616s] GC(887) Old: 382448K->382449K(393216K)
[2019-04-15T13:37:02.094+0200][357,927s] GC(890) Pause Full (Allocation Failure)
[2019-04-15T13:37:02.094+0200][357,928s] GC(890) Phase 1: Mark live objects
[2019-04-15T13:37:02.252+0200][358,086s] GC(890) Phase 1: Mark live objects 158,277ms
[2019-04-15T13:37:02.252+0200][358,086s] GC(890) Phase 2: Compute new object addresses
[2019-04-15T13:37:02.372+0200][358,206s] GC(890) Phase 2: Compute new object addresses 119,865ms
[2019-04-15T13:37:02.372+0200][358,206s] GC(890) Phase 3: Adjust pointers
[2019-04-15T13:37:02.489+0200][358,323s] GC(890) Phase 3: Adjust pointers 117,161ms
[2019-04-15T13:37:02.490+0200][358,323s] GC(890) Phase 4: Move objects
[2019-04-15T13:37:02.492+0200][358,326s] GC(890) Phase 4: Move objects 2,174ms
[2019-04-15T13:37:02.494+0200][358,327s] GC(890) ParNew: 109247K->34969K(109248K)
[2019-04-15T13:37:02.494+0200][358,328s] GC(890) CMS: 393207K->382578K(393216K)
[2019-04-15T13:37:02.494+0200][358,328s] GC(890) Metaspace: 68679K->68679K(1112064K)
[2019-04-15T13:37:02.494+0200][358,328s] GC(890) Pause Full (Allocation Failure) 490M->407M(490M) 400,219ms
[2019-04-15T13:37:02.494+0200][358,328s] GC(890) User=0,40s Sys=0,00s Real=0,40s
[2019-04-15T13:37:02.494+0200][358,328s] GC(891) Pause Initial Mark
[2019-04-15T13:37:02.497+0200][358,330s] GC(891) Pause Initial Mark 409M->409M(490M) 2,154ms
[2019-04-15T13:37:02.497+0200][358,330s] GC(891) User=0,01s Sys=0,00s Real=0,00s
[2019-04-15T13:37:02.497+0200][358,330s] GC(891) Concurrent Mark
[2019-04-15T13:37:02.497+0200][358,330s] GC(891) Using 4 workers of 4 for marking
[2019-04-15T13:37:02.648+0200][358,481s] GC(891) Concurrent Mark 150,825ms
[2019-04-15T13:37:02.648+0200][358,481s] GC(891) User=0,44s Sys=0,00s Real=0,15s
[2019-04-15T13:37:02.648+0200][358,481s] GC(891) Concurrent Preclean
[2019-04-15T13:37:03.005+0200][358,839s] GC(891) Concurrent Preclean 357,806ms
[2019-04-15T13:37:03.005+0200][358,839s] GC(891) User=0,68s Sys=0,01s Real=0,36s
[2019-04-15T13:37:03.006+0200][358,839s] GC(891) Concurrent Abortable Preclean
[2019-04-15T13:37:03.006+0200][358,839s] GC(891) Concurrent Abortable Preclean 0,009ms
[2019-04-15T13:37:03.006+0200][358,839s] GC(891) User=0,00s Sys=0,00s Real=0,00s
[2019-04-15T13:37:03.006+0200][358,840s] GC(891) Pause Remark
[2019-04-15T13:37:03.006+0200][358,840s] GC(892) Pause Young (CMS Final Remark)
[2019-04-15T13:37:03.006+0200][358,840s] GC(892) Using 4 workers of 4 for evacuation
[2019-04-15T13:37:03.006+0200][358,840s] GC(892) ParNew: 109248K->109248K(109248K)
[2019-04-15T13:37:03.006+0200][358,840s] GC(892) CMS: 389777K->389777K(393216K)
[2019-04-15T13:37:03.006+0200][358,840s] GC(892) Metaspace: 68679K->68679K(1112064K)
[2019-04-15T13:37:03.006+0200][358,840s] GC(892) Pause Young (CMS Final Remark) 487M->487M(490M) 0,105ms
[2019-04-15T13:37:03.006+0200][358,840s] GC(892) User=0,00s Sys=0,00s Real=0,00s
[2019-04-15T13:37:03.108+0200][358,942s] GC(891) Pause Remark 487M->487M(490M) 102,506ms
[2019-04-15T13:37:03.108+0200][358,942s] GC(891) User=0,21s Sys=0,00s Real=0,10s
[2019-04-15T13:37:03.108+0200][358,942s] GC(891) Concurrent Sweep
[2019-04-15T13:37:03.194+0200][359,028s] GC(893) Pause Full (Allocation Failure)
[2019-04-15T13:37:03.292+0200][359,126s] GC(891) Concurrent Sweep 183,866ms
[2019-04-15T13:37:03.292+0200][359,126s] GC(891) User=0,24s Sys=0,00s Real=0,18s
[2019-04-15T13:37:03.292+0200][359,126s] GC(893) Phase 1: Mark live objects
[2019-04-15T13:37:03.472+0200][359,306s] GC(893) Phase 1: Mark live objects 179,376ms
[2019-04-15T13:37:03.472+0200][359,306s] GC(893) Phase 2: Compute new object addresses
[2019-04-15T13:37:03.585+0200][359,419s] GC(893) Phase 2: Compute new object addresses 113,274ms
[2019-04-15T13:37:03.585+0200][359,419s] GC(893) Phase 3: Adjust pointers
[2019-04-15T13:37:03.709+0200][359,543s] GC(893) Phase 3: Adjust pointers 124,107ms
[2019-04-15T13:37:03.709+0200][359,543s] GC(893) Phase 4: Move objects
[2019-04-15T13:37:03.710+0200][359,544s] GC(893) Phase 4: Move objects 0,995ms
[2019-04-15T13:37:03.711+0200][359,545s] GC(893) ParNew: 109248K->34983K(109248K)
[2019-04-15T13:37:03.711+0200][359,545s] GC(893) CMS: 392802K->383022K(393216K)
[2019-04-15T13:37:03.711+0200][359,545s] GC(893) Metaspace: 68679K->68679K(1112064K)
[2019-04-15T13:37:03.711+0200][359,545s] GC(893) Pause Full (Allocation Failure) 490M->408M(490M) 516,562ms
[2019-04-15T13:37:03.711+0200][359,545s] GC(893) User=0,51s Sys=0,00s Real=0,51s
[2019-04-15T13:37:03.711+0200][359,545s] GC(891) Old: 382578K->383022K(393216K)
[2019-04-15T13:37:03.996+0200][359,830s] GC(894) Pause Full (Allocation Failure)
[2019-04-15T13:37:03.997+0200][359,830s] GC(894) Phase 1: Mark live objects
[2019-04-15T13:37:04.193+0200][360,027s] GC(894) Phase 1: Mark live objects 196,866ms
[2019-04-15T13:37:04.193+0200][360,027s] GC(894) Phase 2: Compute new object addresses
[2019-04-15T13:37:04.303+0200][360,136s] GC(894) Phase 2: Compute new object addresses 109,168ms
[2019-04-15T13:37:04.303+0200][360,136s] GC(894) Phase 3: Adjust pointers
[2019-04-15T13:37:04.429+0200][360,263s] GC(894) Phase 3: Adjust pointers 126,723ms
[2019-04-15T13:37:04.429+0200][360,263s] GC(894) Phase 4: Move objects
[2019-04-15T13:37:04.430+0200][360,264s] GC(894) Phase 4: Move objects 0,561ms
[2019-04-15T13:37:04.431+0200][360,264s] GC(894) ParNew: 109247K->34993K(109248K)
[2019-04-15T13:37:04.431+0200][360,264s] GC(894) CMS: 393210K->382639K(393216K)
[2019-04-15T13:37:04.431+0200][360,264s] GC(894) Metaspace: 68679K->68679K(1112064K)
[2019-04-15T13:37:04.431+0200][360,264s] GC(894) Pause Full (Allocation Failure) 490M->407M(490M) 434,501ms
[2019-04-15T13:37:04.431+0200][360,264s] GC(894) User=0,41s Sys=0,00s Real=0,43s
[2019-04-15T13:37:04.433+0200][360,267s] GC(895) Pause Initial Mark
[2019-04-15T13:37:04.436+0200][360,269s] GC(895) Pause Initial Mark 409M->409M(490M) 2,446ms
[2019-04-15T13:37:04.436+0200][360,269s] GC(895) User=0,00s Sys=0,00s Real=0,00s
[2019-04-15T13:37:04.437+0200][360,271s] GC(895) Concurrent Mark
[2019-04-15T13:37:04.437+0200][360,271s] GC(895) Using 4 workers of 4 for marking
[2019-04-15T13:37:04.627+0200][360,461s] GC(895) Concurrent Mark 189,817ms
[2019-04-15T13:37:04.627+0200][360,461s] GC(895) User=0,53s Sys=0,00s Real=0,19s
[2019-04-15T13:37:04.627+0200][360,461s] GC(895) Concurrent Preclean
[2019-04-15T13:37:04.807+0200][360,641s] GC(895) Concurrent Preclean 179,753ms
[2019-04-15T13:37:04.807+0200][360,641s] GC(895) User=0,34s Sys=0,00s Real=0,18s
[2019-04-15T13:37:04.807+0200][360,641s] GC(895) Concurrent Abortable Preclean
[2019-04-15T13:37:04.807+0200][360,641s] GC(895) Concurrent Abortable Preclean 0,007ms
[2019-04-15T13:37:04.807+0200][360,641s] GC(895) User=0,00s Sys=0,00s Real=0,00s
[2019-04-15T13:37:04.807+0200][360,641s] GC(895) Pause Remark
[2019-04-15T13:37:04.807+0200][360,641s] GC(896) Pause Young (CMS Final Remark)
[2019-04-15T13:37:04.807+0200][360,641s] GC(896) Using 4 workers of 4 for evacuation
[2019-04-15T13:37:04.807+0200][360,641s] GC(896) ParNew: 107524K->107524K(109248K)
[2019-04-15T13:37:04.807+0200][360,641s] GC(896) CMS: 382639K->382639K(393216K)
[2019-04-15T13:37:04.807+0200][360,641s] GC(896) Metaspace: 68679K->68679K(1112064K)
[2019-04-15T13:37:04.807+0200][360,641s] GC(896) Pause Young (CMS Final Remark) 478M->478M(490M) 0,055ms
[2019-04-15T13:37:04.807+0200][360,641s] GC(896) User=0,00s Sys=0,00s Real=0,00s
[2019-04-15T13:37:04.911+0200][360,745s] GC(895) Pause Remark 478M->478M(490M) 104,265ms
[2019-04-15T13:37:04.911+0200][360,745s] GC(895) User=0,20s Sys=0,00s Real=0,10s
[2019-04-15T13:37:04.911+0200][360,745s] GC(895) Concurrent Sweep
[2019-04-15T13:37:05.171+0200][361,005s] GC(897) Pause Full (Allocation Failure)
[2019-04-15T13:37:05.202+0200][361,036s] GC(895) Concurrent Sweep 290,805ms
[2019-04-15T13:37:05.202+0200][361,036s] GC(895) User=0,49s Sys=0,01s Real=0,29s
[2019-04-15T13:37:05.202+0200][361,036s] GC(897) Phase 1: Mark live objects
[2019-04-15T13:37:05.359+0200][361,193s] GC(897) Phase 1: Mark live objects 157,094ms
[2019-04-15T13:37:05.359+0200][361,193s] GC(897) Phase 2: Compute new object addresses
[2019-04-15T13:37:05.475+0200][361,309s] GC(897) Phase 2: Compute new object addresses 115,344ms
[2019-04-15T13:37:05.475+0200][361,309s] GC(897) Phase 3: Adjust pointers
[2019-04-15T13:37:05.608+0200][361,442s] GC(897) Phase 3: Adjust pointers 133,050ms
[2019-04-15T13:37:05.608+0200][361,442s] GC(897) Phase 4: Move objects
[2019-04-15T13:37:05.609+0200][361,443s] GC(897) Phase 4: Move objects 0,819ms
[2019-04-15T13:37:05.609+0200][361,443s] GC(897) ParNew: 109248K->35006K(109248K)
[2019-04-15T13:37:05.609+0200][361,443s] GC(897) CMS: 392287K->383010K(393216K)
[2019-04-15T13:37:05.609+0200][361,443s] GC(897) Metaspace: 68679K->68679K(1112064K)
[2019-04-15T13:37:05.609+0200][361,443s] GC(897) Pause Full (Allocation Failure) 489M->408M(490M) 438,457ms
[2019-04-15T13:37:05.609+0200][361,443s] GC(897) User=0,43s Sys=0,01s Real=0,44s
[2019-04-15T13:37:05.610+0200][361,444s] GC(895) Old: 382639K->383010K(393216K)
[2019-04-15T13:37:05.899+0200][361,732s] GC(898) Pause Full (Allocation Failure)
[2019-04-15T13:37:05.900+0200][361,734s] GC(898) Phase 1: Mark live objects
[2019-04-15T13:37:06.062+0200][361,895s] GC(898) Phase 1: Mark live objects 161,860ms
[2019-04-15T13:37:06.062+0200][361,895s] GC(898) Phase 2: Compute new object addresses
[2019-04-15T13:37:06.178+0200][362,012s] GC(898) Phase 2: Compute new object addresses 116,223ms
[2019-04-15T13:37:06.178+0200][362,012s] GC(898) Phase 3: Adjust pointers
[2019-04-15T13:37:06.294+0200][362,128s] GC(898) Phase 3: Adjust pointers 116,580ms
[2019-04-15T13:37:06.295+0200][362,128s] GC(898) Phase 4: Move objects
[2019-04-15T13:37:06.296+0200][362,129s] GC(898) Phase 4: Move objects 0,994ms
[2019-04-15T13:37:06.298+0200][362,131s] GC(898) ParNew: 109248K->35139K(109248K)
[2019-04-15T13:37:06.298+0200][362,131s] GC(898) CMS: 393215K->382624K(393216K)
[2019-04-15T13:37:06.298+0200][362,131s] GC(898) Metaspace: 68679K->68679K(1112064K)
[2019-04-15T13:37:06.298+0200][362,132s] GC(898) Pause Full (Allocation Failure) 490M->407M(490M) 399,115ms
[2019-04-15T13:37:06.298+0200][362,132s] GC(898) User=0,39s Sys=0,00s Real=0,40s
[2019-04-15T13:37:06.301+0200][362,135s] GC(899) Pause Initial Mark
[2019-04-15T13:37:06.304+0200][362,138s] GC(899) Pause Initial Mark 411M->411M(490M) 2,910ms
[2019-04-15T13:37:06.304+0200][362,138s] GC(899) User=0,00s Sys=0,00s Real=0,00s
[2019-04-15T13:37:06.304+0200][362,138s] GC(899) Concurrent Mark
[2019-04-15T13:37:06.304+0200][362,138s] GC(899) Using 4 workers of 4 for marking
[2019-04-15T13:37:06.489+0200][362,322s] GC(899) Concurrent Mark 184,291ms
[2019-04-15T13:37:06.489+0200][362,322s] GC(899) User=0,51s Sys=0,00s Real=0,19s
[2019-04-15T13:37:06.489+0200][362,322s] GC(899) Concurrent Preclean
[2019-04-15T13:37:06.818+0200][362,652s] GC(899) Concurrent Preclean 329,687ms
[2019-04-15T13:37:06.818+0200][362,652s] GC(899) User=0,62s Sys=0,00s Real=0,33s
[2019-04-15T13:37:06.819+0200][362,652s] GC(899) Concurrent Abortable Preclean
[2019-04-15T13:37:06.819+0200][362,652s] GC(899) Concurrent Abortable Preclean 0,009ms
[2019-04-15T13:37:06.819+0200][362,652s] GC(899) User=0,00s Sys=0,00s Real=0,00s
[2019-04-15T13:37:06.819+0200][362,652s] GC(899) Pause Remark
[2019-04-15T13:37:06.819+0200][362,652s] GC(900) Pause Young (CMS Final Remark)
[2019-04-15T13:37:06.819+0200][362,652s] GC(900) Using 4 workers of 4 for evacuation
[2019-04-15T13:37:06.819+0200][362,652s] GC(900) ParNew: 109248K->109248K(109248K)
[2019-04-15T13:37:06.819+0200][362,652s] GC(900) CMS: 389215K->389215K(393216K)
[2019-04-15T13:37:06.819+0200][362,652s] GC(900) Metaspace: 68679K->68679K(1112064K)
[2019-04-15T13:37:06.819+0200][362,652s] GC(900) Pause Young (CMS Final Remark) 486M->486M(490M) 0,055ms
[2019-04-15T13:37:06.819+0200][362,652s] GC(900) User=0,00s Sys=0,00s Real=0,00s
[2019-04-15T13:37:06.962+0200][362,796s] GC(899) Pause Remark 486M->486M(490M) 143,383ms
[2019-04-15T13:37:06.962+0200][362,796s] GC(899) User=0,24s Sys=0,00s Real=0,14s
[2019-04-15T13:37:06.962+0200][362,796s] GC(899) Concurrent Sweep
[2019-04-15T13:37:07.057+0200][362,891s] GC(901) Pause Full (Allocation Failure)
[2019-04-15T13:37:07.098+0200][362,932s] GC(899) Concurrent Sweep 135,596ms
[2019-04-15T13:37:07.098+0200][362,932s] GC(899) User=0,19s Sys=0,01s Real=0,14s
[2019-04-15T13:37:07.098+0200][362,932s] GC(901) Phase 1: Mark live objects
[2019-04-15T13:37:07.261+0200][363,094s] GC(901) Phase 1: Mark live objects 162,632ms
[2019-04-15T13:37:07.261+0200][363,095s] GC(901) Phase 2: Compute new object addresses
[2019-04-15T13:37:07.376+0200][363,210s] GC(901) Phase 2: Compute new object addresses 115,407ms
[2019-04-15T13:37:07.376+0200][363,210s] GC(901) Phase 3: Adjust pointers
[2019-04-15T13:37:07.500+0200][363,334s] GC(901) Phase 3: Adjust pointers 124,008ms
[2019-04-15T13:37:07.500+0200][363,334s] GC(901) Phase 4: Move objects
[2019-04-15T13:37:07.501+0200][363,335s] GC(901) Phase 4: Move objects 0,902ms
[2019-04-15T13:37:07.502+0200][363,336s] GC(901) ParNew: 109248K->35144K(109248K)
[2019-04-15T13:37:07.502+0200][363,336s] GC(901) CMS: 392397K->382639K(393216K)
[2019-04-15T13:37:07.502+0200][363,336s] GC(901) Metaspace: 68679K->68679K(1112064K)
[2019-04-15T13:37:07.502+0200][363,336s] GC(901) Pause Full (Allocation Failure) 489M->407M(490M) 444,980ms
[2019-04-15T13:37:07.502+0200][363,336s] GC(901) User=0,44s Sys=0,01s Real=0,44s
[2019-04-15T13:37:07.502+0200][363,336s] GC(899) Old: 382624K->382639K(393216K)
[2019-04-15T13:37:07.857+0200][363,690s] GC(902) Pause Full (Allocation Failure)
[2019-04-15T13:37:07.857+0200][363,691s] GC(902) Phase 1: Mark live objects
[2019-04-15T13:37:08.010+0200][363,844s] GC(902) Phase 1: Mark live objects 152,991ms
[2019-04-15T13:37:08.010+0200][363,844s] GC(902) Phase 2: Compute new object addresses
[2019-04-15T13:37:08.138+0200][363,972s] GC(902) Phase 2: Compute new object addresses 127,768ms
[2019-04-15T13:37:08.138+0200][363,972s] GC(902) Phase 3: Adjust pointers
[2019-04-15T13:37:08.262+0200][364,095s] GC(902) Phase 3: Adjust pointers 123,598ms
[2019-04-15T13:37:08.262+0200][364,095s] GC(902) Phase 4: Move objects
[2019-04-15T13:37:08.262+0200][364,096s] GC(902) Phase 4: Move objects 0,628ms
[2019-04-15T13:37:08.264+0200][364,098s] GC(902) ParNew: 109248K->35214K(109248K)
[2019-04-15T13:37:08.264+0200][364,098s] GC(902) CMS: 393196K->382327K(393216K)
[2019-04-15T13:37:08.264+0200][364,098s] GC(902) Metaspace: 68679K->68679K(1112064K)
[2019-04-15T13:37:08.264+0200][364,098s] GC(902) Pause Full (Allocation Failure) 490M->407M(490M) 407,412ms
[2019-04-15T13:37:08.264+0200][364,098s] GC(902) User=0,40s Sys=0,00s Real=0,40s
[2019-04-15T13:37:08.265+0200][364,099s] GC(903) Pause Initial Mark
[2019-04-15T13:37:08.268+0200][364,102s] GC(903) Pause Initial Mark 409M->409M(490M) 3,204ms
[2019-04-15T13:37:08.268+0200][364,102s] GC(903) User=0,00s Sys=0,00s Real=0,00s
[2019-04-15T13:37:08.268+0200][364,102s] GC(903) Concurrent Mark
[2019-04-15T13:37:08.268+0200][364,102s] GC(903) Using 4 workers of 4 for marking
[2019-04-15T13:37:08.425+0200][364,259s] GC(903) Concurrent Mark 156,496ms
[2019-04-15T13:37:08.425+0200][364,259s] GC(903) User=0,45s Sys=0,00s Real=0,16s
[2019-04-15T13:37:08.425+0200][364,259s] GC(903) Concurrent Preclean
[2019-04-15T13:37:08.837+0200][364,670s] GC(904) Pause Full (Allocation Failure)
[2019-04-15T13:37:08.845+0200][364,679s] GC(903) Concurrent Preclean 419,670ms
[2019-04-15T13:37:08.845+0200][364,679s] GC(903) User=0,79s Sys=0,00s Real=0,42s
[2019-04-15T13:37:08.845+0200][364,679s] GC(904) Phase 1: Mark live objects
[2019-04-15T13:37:09.004+0200][364,837s] GC(904) Phase 1: Mark live objects 158,383ms
[2019-04-15T13:37:09.004+0200][364,838s] GC(904) Phase 2: Compute new object addresses
[2019-04-15T13:37:09.120+0200][364,954s] GC(904) Phase 2: Compute new object addresses 116,293ms
[2019-04-15T13:37:09.120+0200][364,954s] GC(904) Phase 3: Adjust pointers
[2019-04-15T13:37:09.248+0200][365,081s] GC(904) Phase 3: Adjust pointers 127,408ms
[2019-04-15T13:37:09.248+0200][365,081s] GC(904) Phase 4: Move objects
[2019-04-15T13:37:09.249+0200][365,082s] GC(904) Phase 4: Move objects 1,110ms
[2019-04-15T13:37:09.251+0200][365,085s] GC(904) ParNew: 109247K->35182K(109248K)
[2019-04-15T13:37:09.251+0200][365,085s] GC(904) CMS: 393148K->382693K(393216K)
[2019-04-15T13:37:09.251+0200][365,085s] GC(904) Metaspace: 68679K->68679K(1112064K)
[2019-04-15T13:37:09.251+0200][365,085s] GC(904) Pause Full (Allocation Failure) 490M->408M(490M) 414,315ms
[2019-04-15T13:37:09.251+0200][365,085s] GC(904) User=0,41s Sys=0,00s Real=0,41s
[2019-04-15T13:37:09.541+0200][365,374s] GC(905) Pause Full (Allocation Failure)
[2019-04-15T13:37:09.541+0200][365,375s] GC(905) Phase 1: Mark live objects
[2019-04-15T13:37:09.741+0200][365,575s] GC(905) Phase 1: Mark live objects 200,308ms
[2019-04-15T13:37:09.741+0200][365,575s] GC(905) Phase 2: Compute new object addresses
[2019-04-15T13:37:09.855+0200][365,689s] GC(905) Phase 2: Compute new object addresses 113,661ms
[2019-04-15T13:37:09.855+0200][365,689s] GC(905) Phase 3: Adjust pointers
[2019-04-15T13:37:09.987+0200][365,820s] GC(905) Phase 3: Adjust pointers 131,324ms
[2019-04-15T13:37:09.987+0200][365,820s] GC(905) Phase 4: Move objects
[2019-04-15T13:37:09.987+0200][365,821s] GC(905) Phase 4: Move objects 0,679ms
[2019-04-15T13:37:09.988+0200][365,822s] GC(905) ParNew: 109248K->35205K(109248K)
[2019-04-15T13:37:09.988+0200][365,822s] GC(905) CMS: 393180K->382927K(393216K)
[2019-04-15T13:37:09.988+0200][365,822s] GC(905) Metaspace: 68679K->68679K(1112064K)
[2019-04-15T13:37:09.988+0200][365,822s] GC(905) Pause Full (Allocation Failure) 490M->408M(490M) 447,235ms
[2019-04-15T13:37:09.988+0200][365,822s] GC(905) User=0,45s Sys=0,01s Real=0,45s
[2019-04-15T13:37:09.989+0200][365,823s] GC(906) Pause Initial Mark
[2019-04-15T13:37:09.992+0200][365,825s] GC(906) Pause Initial Mark 409M->409M(490M) 2,522ms
[2019-04-15T13:37:09.992+0200][365,825s] GC(906) User=0,00s Sys=0,00s Real=0,00s
[2019-04-15T13:37:09.992+0200][365,825s] GC(906) Concurrent Mark
[2019-04-15T13:37:09.992+0200][365,825s] GC(906) Using 4 workers of 4 for marking
[2019-04-15T13:37:10.182+0200][366,015s] GC(906) Concurrent Mark 189,881ms
[2019-04-15T13:37:10.182+0200][366,016s] GC(906) User=0,44s Sys=0,00s Real=0,19s
[2019-04-15T13:37:10.182+0200][366,016s] GC(906) Concurrent Preclean
[2019-04-15T13:37:10.446+0200][366,280s] GC(906) Concurrent Preclean 264,387ms
[2019-04-15T13:37:10.446+0200][366,280s] GC(906) User=0,52s Sys=0,00s Real=0,27s
[2019-04-15T13:37:10.446+0200][366,280s] GC(906) Concurrent Abortable Preclean
[2019-04-15T13:37:10.446+0200][366,280s] GC(906) Concurrent Abortable Preclean 0,009ms
[2019-04-15T13:37:10.446+0200][366,280s] GC(906) User=0,00s Sys=0,00s Real=0,00s
[2019-04-15T13:37:10.447+0200][366,280s] GC(906) Pause Remark
[2019-04-15T13:37:10.447+0200][366,280s] GC(907) Pause Young (CMS Final Remark)
[2019-04-15T13:37:10.447+0200][366,280s] GC(907) Using 4 workers of 4 for evacuation
[2019-04-15T13:37:10.447+0200][366,280s] GC(907) ParNew: 109248K->109248K(109248K)
[2019-04-15T13:37:10.447+0200][366,280s] GC(907) CMS: 383107K->383107K(393216K)
[2019-04-15T13:37:10.447+0200][366,280s] GC(907) Metaspace: 68679K->68679K(1112064K)
[2019-04-15T13:37:10.447+0200][366,280s] GC(907) Pause Young (CMS Final Remark) 480M->480M(490M) 0,087ms
[2019-04-15T13:37:10.447+0200][366,280s] GC(907) User=0,00s Sys=0,00s Real=0,00s
[2019-04-15T13:37:10.530+0200][366,364s] GC(906) Pause Remark 480M->480M(490M) 83,591ms
[2019-04-15T13:37:10.530+0200][366,364s] GC(906) User=0,16s Sys=0,00s Real=0,08s
[2019-04-15T13:37:10.530+0200][366,364s] GC(906) Concurrent Sweep
[2019-04-15T13:37:10.748+0200][366,582s] GC(906) Concurrent Sweep 218,035ms
[2019-04-15T13:37:10.748+0200][366,582s] GC(906) User=0,37s Sys=0,01s Real=0,22s
[2019-04-15T13:37:10.748+0200][366,582s] GC(908) Pause Young (Allocation Failure)
[2019-04-15T13:37:10.749+0200][366,582s] GC(908) Using 4 workers of 4 for evacuation
[2019-04-15T13:37:10.749+0200][366,582s] GC(909) Pause Full (Allocation Failure)
[2019-04-15T13:37:10.749+0200][366,583s] GC(909) Phase 1: Mark live objects
[2019-04-15T13:37:10.920+0200][366,754s] GC(909) Phase 1: Mark live objects 171,594ms
[2019-04-15T13:37:10.920+0200][366,754s] GC(909) Phase 2: Compute new object addresses
[2019-04-15T13:37:11.035+0200][366,869s] GC(909) Phase 2: Compute new object addresses 114,346ms
[2019-04-15T13:37:11.035+0200][366,869s] GC(909) Phase 3: Adjust pointers
[2019-04-15T13:37:11.158+0200][366,992s] GC(909) Phase 3: Adjust pointers 123,024ms
[2019-04-15T13:37:11.158+0200][366,992s] GC(909) Phase 4: Move objects
[2019-04-15T13:37:11.159+0200][366,992s] GC(909) Phase 4: Move objects 0,746ms
[2019-04-15T13:37:11.160+0200][366,994s] GC(909) Pause Full (Allocation Failure) 488M->407M(490M) 411,335ms
[2019-04-15T13:37:11.160+0200][366,994s] GC(908) ParNew: 109248K->35121K(109248K)
[2019-04-15T13:37:11.160+0200][366,994s] GC(908) CMS: 390534K->382210K(393216K)
[2019-04-15T13:37:11.160+0200][366,994s] GC(908) Metaspace: 68679K->68679K(1112064K)
[2019-04-15T13:37:11.160+0200][366,994s] GC(908) Pause Young (Allocation Failure) 488M->407M(490M) 411,446ms
[2019-04-15T13:37:11.160+0200][366,994s] GC(908) User=0,40s Sys=0,00s Real=0,41s
[2019-04-15T13:37:11.160+0200][366,994s] GC(906) Old: 382927K->382210K(393216K)
[2019-04-15T13:37:11.464+0200][367,298s] GC(910) Pause Full (Allocation Failure)
[2019-04-15T13:37:11.465+0200][367,299s] GC(910) Phase 1: Mark live objects
[2019-04-15T13:37:11.622+0200][367,456s] GC(910) Phase 1: Mark live objects 156,861ms
[2019-04-15T13:37:11.622+0200][367,456s] GC(910) Phase 2: Compute new object addresses
[2019-04-15T13:37:11.741+0200][367,575s] GC(910) Phase 2: Compute new object addresses 119,127ms
[2019-04-15T13:37:11.741+0200][367,575s] GC(910) Phase 3: Adjust pointers
[2019-04-15T13:37:11.864+0200][367,698s] GC(910) Phase 3: Adjust pointers 123,057ms
[2019-04-15T13:37:11.864+0200][367,698s] GC(910) Phase 4: Move objects
[2019-04-15T13:37:11.865+0200][367,699s] GC(910) Phase 4: Move objects 0,540ms
[2019-04-15T13:37:11.866+0200][367,699s] GC(910) ParNew: 109248K->35151K(109248K)
[2019-04-15T13:37:11.866+0200][367,699s] GC(910) CMS: 393215K->382291K(393216K)
[2019-04-15T13:37:11.866+0200][367,699s] GC(910) Metaspace: 68679K->68679K(1112064K)
[2019-04-15T13:37:11.866+0200][367,699s] GC(910) Pause Full (Allocation Failure) 490M->407M(490M) 401,465ms
[2019-04-15T13:37:11.866+0200][367,699s] GC(910) User=0,41s Sys=0,00s Real=0,41s
[2019-04-15T13:37:11.866+0200][367,700s] GC(911) Pause Initial Mark
[2019-04-15T13:37:11.868+0200][367,701s] GC(911) Pause Initial Mark 409M->409M(490M) 1,774ms
[2019-04-15T13:37:11.868+0200][367,701s] GC(911) User=0,00s Sys=0,00s Real=0,00s
[2019-04-15T13:37:11.868+0200][367,701s] GC(911) Concurrent Mark
[2019-04-15T13:37:11.868+0200][367,701s] GC(911) Using 4 workers of 4 for marking
[2019-04-15T13:37:12.061+0200][367,895s] GC(911) Concurrent Mark 193,601ms
[2019-04-15T13:37:12.061+0200][367,895s] GC(911) User=0,49s Sys=0,01s Real=0,19s
[2019-04-15T13:37:12.061+0200][367,895s] GC(911) Concurrent Preclean
[2019-04-15T13:37:12.275+0200][368,109s] GC(911) Concurrent Preclean 213,605ms
[2019-04-15T13:37:12.275+0200][368,109s] GC(911) User=0,41s Sys=0,00s Real=0,22s
[2019-04-15T13:37:12.275+0200][368,109s] GC(911) Concurrent Abortable Preclean
[2019-04-15T13:37:12.275+0200][368,109s] GC(911) Concurrent Abortable Preclean 0,022ms
[2019-04-15T13:37:12.275+0200][368,109s] GC(911) User=0,00s Sys=0,00s Real=0,00s
[2019-04-15T13:37:12.276+0200][368,110s] GC(911) Pause Remark
[2019-04-15T13:37:12.276+0200][368,110s] GC(912) Pause Young (CMS Final Remark)
[2019-04-15T13:37:12.276+0200][368,110s] GC(912) Using 4 workers of 4 for evacuation
[2019-04-15T13:37:12.276+0200][368,110s] GC(912) ParNew: 109248K->109248K(109248K)
[2019-04-15T13:37:12.276+0200][368,110s] GC(912) CMS: 382556K->382556K(393216K)
[2019-04-15T13:37:12.276+0200][368,110s] GC(912) Metaspace: 68679K->68679K(1112064K)
[2019-04-15T13:37:12.276+0200][368,110s] GC(912) Pause Young (CMS Final Remark) 480M->480M(490M) 0,095ms
[2019-04-15T13:37:12.276+0200][368,110s] GC(912) User=0,00s Sys=0,00s Real=0,00s
[2019-04-15T13:37:12.344+0200][368,177s] GC(911) Pause Remark 480M->480M(490M) 67,791ms
[2019-04-15T13:37:12.344+0200][368,177s] GC(911) User=0,14s Sys=0,00s Real=0,06s
[2019-04-15T13:37:12.344+0200][368,177s] GC(911) Concurrent Sweep
[2019-04-15T13:37:12.548+0200][368,382s] GC(911) Concurrent Sweep 204,620ms
[2019-04-15T13:37:12.548+0200][368,382s] GC(911) User=0,38s Sys=0,00s Real=0,21s
[2019-04-15T13:37:12.549+0200][368,382s] GC(913) Pause Young (Allocation Failure)
[2019-04-15T13:37:12.549+0200][368,382s] GC(913) Using 4 workers of 4 for evacuation
[2019-04-15T13:37:12.549+0200][368,382s] GC(914) Pause Full (Allocation Failure)
[2019-04-15T13:37:12.549+0200][368,383s] GC(914) Phase 1: Mark live objects
[2019-04-15T13:37:12.789+0200][368,623s] GC(914) Phase 1: Mark live objects 239,962ms
[2019-04-15T13:37:12.789+0200][368,623s] GC(914) Phase 2: Compute new object addresses
[2019-04-15T13:37:12.961+0200][368,795s] GC(914) Phase 2: Compute new object addresses 172,260ms
[2019-04-15T13:37:12.961+0200][368,795s] GC(914) Phase 3: Adjust pointers
[2019-04-15T13:37:13.092+0200][368,926s] GC(914) Phase 3: Adjust pointers 130,770ms
[2019-04-15T13:37:13.092+0200][368,926s] GC(914) Phase 4: Move objects
[2019-04-15T13:37:13.094+0200][368,928s] GC(914) Phase 4: Move objects 1,940ms
[2019-04-15T13:37:13.095+0200][368,929s] GC(914) Pause Full (Allocation Failure) 488M->408M(490M) 546,271ms
[2019-04-15T13:37:13.095+0200][368,929s] GC(913) ParNew: 109248K->35165K(109248K)
[2019-04-15T13:37:13.095+0200][368,929s] GC(913) CMS: 391354K->382868K(393216K)
[2019-04-15T13:37:13.095+0200][368,929s] GC(913) Metaspace: 68679K->68679K(1112064K)
[2019-04-15T13:37:13.095+0200][368,929s] GC(913) Pause Young (Allocation Failure) 488M->408M(490M) 546,389ms
[2019-04-15T13:37:13.095+0200][368,929s] GC(913) User=0,53s Sys=0,00s Real=0,55s
[2019-04-15T13:37:13.098+0200][368,932s] GC(911) Old: 382291K->382868K(393216K)
[2019-04-15T13:37:13.395+0200][369,229s] GC(915) Pause Full (Allocation Failure)
[2019-04-15T13:37:13.396+0200][369,230s] GC(915) Phase 1: Mark live objects
[2019-04-15T13:37:13.553+0200][369,387s] GC(915) Phase 1: Mark live objects 157,265ms
[2019-04-15T13:37:13.553+0200][369,387s] GC(915) Phase 2: Compute new object addresses
[2019-04-15T13:37:13.668+0200][369,502s] GC(915) Phase 2: Compute new object addresses 114,319ms
[2019-04-15T13:37:13.668+0200][369,502s] GC(915) Phase 3: Adjust pointers
[2019-04-15T13:37:13.791+0200][369,625s] GC(915) Phase 3: Adjust pointers 123,692ms
[2019-04-15T13:37:13.792+0200][369,625s] GC(915) Phase 4: Move objects
[2019-04-15T13:37:13.792+0200][369,626s] GC(915) Phase 4: Move objects 0,780ms
[2019-04-15T13:37:13.794+0200][369,628s] GC(915) ParNew: 109248K->35191K(109248K)
[2019-04-15T13:37:13.794+0200][369,628s] GC(915) CMS: 393210K->382249K(393216K)
[2019-04-15T13:37:13.794+0200][369,628s] GC(915) Metaspace: 68679K->68679K(1112064K)
[2019-04-15T13:37:13.794+0200][369,628s] GC(915) Pause Full (Allocation Failure) 490M->407M(490M) 398,427ms
[2019-04-15T13:37:13.794+0200][369,628s] GC(915) User=0,40s Sys=0,00s Real=0,40s
[2019-04-15T13:37:13.799+0200][369,633s] GC(916) Pause Initial Mark
[2019-04-15T13:37:13.802+0200][369,635s] GC(916) Pause Initial Mark 415M->415M(490M) 2,741ms
[2019-04-15T13:37:13.802+0200][369,635s] GC(916) User=0,01s Sys=0,00s Real=0,00s
[2019-04-15T13:37:13.802+0200][369,635s] GC(916) Concurrent Mark
[2019-04-15T13:37:13.802+0200][369,635s] GC(916) Using 4 workers of 4 for marking
[2019-04-15T13:37:14.022+0200][369,855s] GC(916) Concurrent Mark 219,918ms
[2019-04-15T13:37:14.022+0200][369,855s] GC(916) User=0,54s Sys=0,00s Real=0,22s
[2019-04-15T13:37:14.022+0200][369,855s] GC(916) Concurrent Preclean
[2019-04-15T13:37:14.399+0200][370,232s] GC(917) Pause Full (Allocation Failure)
[2019-04-15T13:37:14.485+0200][370,318s] GC(916) Concurrent Preclean 463,013ms
[2019-04-15T13:37:14.485+0200][370,318s] GC(916) User=0,77s Sys=0,02s Real=0,46s
[2019-04-15T13:37:14.485+0200][370,319s] GC(917) Phase 1: Mark live objects
[2019-04-15T13:37:14.659+0200][370,492s] GC(917) Phase 1: Mark live objects 173,737ms
[2019-04-15T13:37:14.659+0200][370,492s] GC(917) Phase 2: Compute new object addresses
[2019-04-15T13:37:14.773+0200][370,607s] GC(917) Phase 2: Compute new object addresses 114,572ms
[2019-04-15T13:37:14.773+0200][370,607s] GC(917) Phase 3: Adjust pointers
[2019-04-15T13:37:14.898+0200][370,732s] GC(917) Phase 3: Adjust pointers 125,084ms
[2019-04-15T13:37:14.898+0200][370,732s] GC(917) Phase 4: Move objects
[2019-04-15T13:37:14.899+0200][370,733s] GC(917) Phase 4: Move objects 0,658ms
[2019-04-15T13:37:14.900+0200][370,733s] GC(917) ParNew: 109248K->35152K(109248K)
[2019-04-15T13:37:14.900+0200][370,733s] GC(917) CMS: 393207K->382803K(393216K)
[2019-04-15T13:37:14.900+0200][370,733s] GC(917) Metaspace: 68683K->68683K(1112064K)
[2019-04-15T13:37:14.900+0200][370,734s] GC(917) Pause Full (Allocation Failure) 490M->408M(490M) 501,136ms
[2019-04-15T13:37:14.900+0200][370,734s] GC(917) User=0,50s Sys=0,00s Real=0,50s
[2019-04-15T13:37:15.258+0200][371,092s] GC(918) Pause Full (Allocation Failure)
[2019-04-15T13:37:15.258+0200][371,092s] GC(918) Phase 1: Mark live objects
[2019-04-15T13:37:15.427+0200][371,261s] GC(918) Phase 1: Mark live objects 168,505ms
[2019-04-15T13:37:15.427+0200][371,261s] GC(918) Phase 2: Compute new object addresses
[2019-04-15T13:37:15.543+0200][371,377s] GC(918) Phase 2: Compute new object addresses 115,886ms
[2019-04-15T13:37:15.543+0200][371,377s] GC(918) Phase 3: Adjust pointers
[2019-04-15T13:37:15.690+0200][371,524s] GC(918) Phase 3: Adjust pointers 146,823ms
[2019-04-15T13:37:15.690+0200][371,524s] GC(918) Phase 4: Move objects
[2019-04-15T13:37:15.691+0200][371,524s] GC(918) Phase 4: Move objects 0,840ms
[2019-04-15T13:37:15.692+0200][371,526s] GC(918) ParNew: 109248K->35306K(109248K)
[2019-04-15T13:37:15.692+0200][371,526s] GC(918) CMS: 393213K->382535K(393216K)
[2019-04-15T13:37:15.692+0200][371,526s] GC(918) Metaspace: 68683K->68683K(1112064K)
[2019-04-15T13:37:15.692+0200][371,526s] GC(918) Pause Full (Allocation Failure) 490M->408M(490M) 434,238ms
[2019-04-15T13:37:15.692+0200][371,526s] GC(918) User=0,44s Sys=0,00s Real=0,43s
[2019-04-15T13:37:15.695+0200][371,529s] GC(919) Pause Initial Mark
[2019-04-15T13:37:15.699+0200][371,533s] GC(919) Pause Initial Mark 409M->409M(490M) 3,586ms
[2019-04-15T13:37:15.699+0200][371,533s] GC(919) User=0,01s Sys=0,00s Real=0,00s
[2019-04-15T13:37:15.699+0200][371,533s] GC(919) Concurrent Mark
[2019-04-15T13:37:15.699+0200][371,533s] GC(919) Using 4 workers of 4 for marking
[2019-04-15T13:37:15.881+0200][371,715s] GC(919) Concurrent Mark 181,654ms
[2019-04-15T13:37:15.881+0200][371,715s] GC(919) User=0,49s Sys=0,01s Real=0,18s
[2019-04-15T13:37:15.881+0200][371,715s] GC(919) Concurrent Preclean
[2019-04-15T13:37:16.241+0200][372,075s] GC(919) Concurrent Preclean 359,941ms
[2019-04-15T13:37:16.241+0200][372,075s] GC(919) User=0,64s Sys=0,00s Real=0,36s
[2019-04-15T13:37:16.241+0200][372,075s] GC(919) Concurrent Abortable Preclean
[2019-04-15T13:37:16.241+0200][372,075s] GC(919) Concurrent Abortable Preclean 0,007ms
[2019-04-15T13:37:16.241+0200][372,075s] GC(919) User=0,00s Sys=0,00s Real=0,00s
[2019-04-15T13:37:16.242+0200][372,076s] GC(919) Pause Remark
[2019-04-15T13:37:16.242+0200][372,076s] GC(920) Pause Young (CMS Final Remark)
[2019-04-15T13:37:16.242+0200][372,076s] GC(920) Using 4 workers of 4 for evacuation
[2019-04-15T13:37:16.242+0200][372,076s] GC(920) ParNew: 109247K->109247K(109248K)
[2019-04-15T13:37:16.242+0200][372,076s] GC(920) CMS: 389713K->389713K(393216K)
[2019-04-15T13:37:16.242+0200][372,076s] GC(920) Metaspace: 68683K->68683K(1112064K)
[2019-04-15T13:37:16.242+0200][372,076s] GC(920) Pause Young (CMS Final Remark) 487M->487M(490M) 0,111ms
[2019-04-15T13:37:16.242+0200][372,076s] GC(920) User=0,00s Sys=0,00s Real=0,00s
[2019-04-15T13:37:16.322+0200][372,156s] GC(919) Pause Remark 487M->487M(490M) 79,912ms
[2019-04-15T13:37:16.322+0200][372,156s] GC(919) User=0,17s Sys=0,00s Real=0,08s
[2019-04-15T13:37:16.322+0200][372,156s] GC(919) Concurrent Sweep
[2019-04-15T13:37:16.402+0200][372,236s] GC(921) Pause Full (Allocation Failure)
[2019-04-15T13:37:16.445+0200][372,279s] GC(919) Concurrent Sweep 123,211ms
[2019-04-15T13:37:16.445+0200][372,279s] GC(919) User=0,20s Sys=0,00s Real=0,13s
[2019-04-15T13:37:16.445+0200][372,279s] GC(921) Phase 1: Mark live objects
[2019-04-15T13:37:16.659+0200][372,493s] GC(921) Phase 1: Mark live objects 213,684ms
[2019-04-15T13:37:16.659+0200][372,493s] GC(921) Phase 2: Compute new object addresses
[2019-04-15T13:37:16.777+0200][372,610s] GC(921) Phase 2: Compute new object addresses 117,661ms
[2019-04-15T13:37:16.777+0200][372,610s] GC(921) Phase 3: Adjust pointers
[2019-04-15T13:37:16.923+0200][372,757s] GC(921) Phase 3: Adjust pointers 146,204ms
[2019-04-15T13:37:16.923+0200][372,757s] GC(921) Phase 4: Move objects
[2019-04-15T13:37:16.924+0200][372,758s] GC(921) Phase 4: Move objects 0,982ms
[2019-04-15T13:37:16.925+0200][372,758s] GC(921) ParNew: 109247K->35419K(109248K)
[2019-04-15T13:37:16.925+0200][372,758s] GC(921) CMS: 393135K->382719K(393216K)
[2019-04-15T13:37:16.925+0200][372,758s] GC(921) Metaspace: 68683K->68683K(1112064K)
[2019-04-15T13:37:16.925+0200][372,758s] GC(921) Pause Full (Allocation Failure) 490M->408M(490M) 522,750ms
[2019-04-15T13:37:16.925+0200][372,758s] GC(921) User=0,52s Sys=0,00s Real=0,52s
[2019-04-15T13:37:16.925+0200][372,759s] GC(919) Old: 382535K->382719K(393216K)
[2019-04-15T13:37:17.233+0200][373,067s] GC(922) Pause Full (Allocation Failure)
[2019-04-15T13:37:17.234+0200][373,067s] GC(922) Phase 1: Mark live objects
[2019-04-15T13:37:17.415+0200][373,249s] GC(922) Phase 1: Mark live objects 181,855ms
[2019-04-15T13:37:17.416+0200][373,249s] GC(922) Phase 2: Compute new object addresses
[2019-04-15T13:37:17.539+0200][373,372s] GC(922) Phase 2: Compute new object addresses 123,014ms
[2019-04-15T13:37:17.539+0200][373,372s] GC(922) Phase 3: Adjust pointers
[2019-04-15T13:37:17.666+0200][373,500s] GC(922) Phase 3: Adjust pointers 127,510ms
[2019-04-15T13:37:17.666+0200][373,500s] GC(922) Phase 4: Move objects
[2019-04-15T13:37:17.666+0200][373,500s] GC(922) Phase 4: Move objects 0,312ms
[2019-04-15T13:37:17.667+0200][373,501s] GC(922) ParNew: 109247K->35432K(109248K)
[2019-04-15T13:37:17.667+0200][373,501s] GC(922) CMS: 393215K->382311K(393216K)
[2019-04-15T13:37:17.667+0200][373,501s] GC(922) Metaspace: 68683K->68683K(1112064K)
[2019-04-15T13:37:17.667+0200][373,501s] GC(922) Pause Full (Allocation Failure) 490M->407M(490M) 433,954ms
[2019-04-15T13:37:17.667+0200][373,501s] GC(922) User=0,43s Sys=0,00s Real=0,43s
[2019-04-15T13:37:17.667+0200][373,501s] GC(923) Pause Initial Mark
[2019-04-15T13:37:17.670+0200][373,504s] GC(923) Pause Initial Mark 409M->409M(490M) 2,507ms
[2019-04-15T13:37:17.670+0200][373,504s] GC(923) User=0,00s Sys=0,00s Real=0,00s
[2019-04-15T13:37:17.677+0200][373,511s] GC(923) Concurrent Mark
[2019-04-15T13:37:17.677+0200][373,511s] GC(923) Using 4 workers of 4 for marking
[2019-04-15T13:37:17.846+0200][373,679s] GC(923) Concurrent Mark 168,672ms
[2019-04-15T13:37:17.846+0200][373,679s] GC(923) User=0,50s Sys=0,00s Real=0,17s
[2019-04-15T13:37:17.846+0200][373,680s] GC(923) Concurrent Preclean
[2019-04-15T13:37:18.230+0200][374,064s] GC(924) Pause Full (Allocation Failure)
[2019-04-15T13:37:18.270+0200][374,104s] GC(923) Concurrent Preclean 424,385ms
[2019-04-15T13:37:18.270+0200][374,104s] GC(923) User=0,77s Sys=0,01s Real=0,42s
[2019-04-15T13:37:18.270+0200][374,104s] GC(924) Phase 1: Mark live objects
[2019-04-15T13:37:18.448+0200][374,282s] GC(924) Phase 1: Mark live objects 178,033ms
[2019-04-15T13:37:18.449+0200][374,282s] GC(924) Phase 2: Compute new object addresses
[2019-04-15T13:37:18.566+0200][374,400s] GC(924) Phase 2: Compute new object addresses 117,607ms
[2019-04-15T13:37:18.566+0200][374,400s] GC(924) Phase 3: Adjust pointers
[2019-04-15T13:37:18.708+0200][374,541s] GC(924) Phase 3: Adjust pointers 141,273ms
[2019-04-15T13:37:18.708+0200][374,541s] GC(924) Phase 4: Move objects
[2019-04-15T13:37:18.710+0200][374,543s] GC(924) Phase 4: Move objects 2,073ms
[2019-04-15T13:37:18.712+0200][374,546s] GC(924) ParNew: 109248K->35666K(109248K)
[2019-04-15T13:37:18.712+0200][374,546s] GC(924) CMS: 392166K->382787K(393216K)
[2019-04-15T13:37:18.712+0200][374,546s] GC(924) Metaspace: 68683K->68683K(1112064K)
[2019-04-15T13:37:18.712+0200][374,546s] GC(924) Pause Full (Allocation Failure) 489M->408M(490M) 481,575ms
[2019-04-15T13:37:18.712+0200][374,546s] GC(924) User=0,48s Sys=0,00s Real=0,48s
[2019-04-15T13:37:19.004+0200][374,838s] GC(925) Pause Full (Allocation Failure)
[2019-04-15T13:37:19.004+0200][374,838s] GC(925) Phase 1: Mark live objects
[2019-04-15T13:37:19.198+0200][375,031s] GC(925) Phase 1: Mark live objects 193,254ms
[2019-04-15T13:37:19.198+0200][375,031s] GC(925) Phase 2: Compute new object addresses
[2019-04-15T13:37:19.315+0200][375,149s] GC(925) Phase 2: Compute new object addresses 117,669ms
[2019-04-15T13:37:19.315+0200][375,149s] GC(925) Phase 3: Adjust pointers
[2019-04-15T13:37:19.451+0200][375,284s] GC(925) Phase 3: Adjust pointers 135,124ms
[2019-04-15T13:37:19.451+0200][375,284s] GC(925) Phase 4: Move objects
[2019-04-15T13:37:19.452+0200][375,286s] GC(925) Phase 4: Move objects 1,614ms
[2019-04-15T13:37:19.454+0200][375,288s] GC(925) ParNew: 109248K->35480K(109248K)
[2019-04-15T13:37:19.454+0200][375,288s] GC(925) CMS: 393209K->382443K(393216K)
[2019-04-15T13:37:19.454+0200][375,288s] GC(925) Metaspace: 68683K->68683K(1112064K)
[2019-04-15T13:37:19.454+0200][375,288s] GC(925) Pause Full (Allocation Failure) 490M->408M(490M) 449,895ms
[2019-04-15T13:37:19.454+0200][375,288s] GC(925) User=0,44s Sys=0,00s Real=0,46s
[2019-04-15T13:37:19.457+0200][375,291s] GC(926) Pause Initial Mark
[2019-04-15T13:37:19.460+0200][375,294s] GC(926) Pause Initial Mark 411M->411M(490M) 2,770ms
[2019-04-15T13:37:19.460+0200][375,294s] GC(926) User=0,01s Sys=0,00s Real=0,00s
[2019-04-15T13:37:19.460+0200][375,294s] GC(926) Concurrent Mark
[2019-04-15T13:37:19.460+0200][375,294s] GC(926) Using 4 workers of 4 for marking
[2019-04-15T13:37:19.631+0200][375,465s] GC(926) Concurrent Mark 170,778ms
[2019-04-15T13:37:19.631+0200][375,465s] GC(926) User=0,51s Sys=0,00s Real=0,17s
[2019-04-15T13:37:19.631+0200][375,465s] GC(926) Concurrent Preclean
[2019-04-15T13:37:19.971+0200][375,805s] GC(927) Pause Full (Allocation Failure)
[2019-04-15T13:37:20.063+0200][375,897s] GC(926) Concurrent Preclean 432,052ms
[2019-04-15T13:37:20.063+0200][375,897s] GC(926) User=0,75s Sys=0,00s Real=0,43s
[2019-04-15T13:37:20.063+0200][375,897s] GC(927) Phase 1: Mark live objects
[2019-04-15T13:37:20.265+0200][376,099s] GC(927) Phase 1: Mark live objects 201,931ms
[2019-04-15T13:37:20.265+0200][376,099s] GC(927) Phase 2: Compute new object addresses
[2019-04-15T13:37:20.376+0200][376,210s] GC(927) Phase 2: Compute new object addresses 111,054ms
[2019-04-15T13:37:20.376+0200][376,210s] GC(927) Phase 3: Adjust pointers
[2019-04-15T13:37:20.501+0200][376,335s] GC(927) Phase 3: Adjust pointers 124,829ms
[2019-04-15T13:37:20.501+0200][376,335s] GC(927) Phase 4: Move objects
[2019-04-15T13:37:20.504+0200][376,337s] GC(927) Phase 4: Move objects 2,416ms
[2019-04-15T13:37:20.505+0200][376,338s] GC(927) ParNew: 109248K->35612K(109248K)
[2019-04-15T13:37:20.505+0200][376,338s] GC(927) CMS: 393153K->382780K(393216K)
[2019-04-15T13:37:20.505+0200][376,338s] GC(927) Metaspace: 68683K->68683K(1112064K)
[2019-04-15T13:37:20.505+0200][376,338s] GC(927) Pause Full (Allocation Failure) 490M->408M(490M) 533,390ms
[2019-04-15T13:37:20.505+0200][376,338s] GC(927) User=0,53s Sys=0,00s Real=0,53s
[2019-04-15T13:37:20.813+0200][376,647s] GC(928) Pause Full (Allocation Failure)
[2019-04-15T13:37:20.814+0200][376,648s] GC(928) Phase 1: Mark live objects
[2019-04-15T13:37:21.044+0200][376,878s] GC(928) Phase 1: Mark live objects 230,270ms
[2019-04-15T13:37:21.044+0200][376,878s] GC(928) Phase 2: Compute new object addresses
[2019-04-15T13:37:21.179+0200][377,013s] GC(928) Phase 2: Compute new object addresses 135,277ms
[2019-04-15T13:37:21.180+0200][377,013s] GC(928) Phase 3: Adjust pointers
[2019-04-15T13:37:21.311+0200][377,144s] GC(928) Phase 3: Adjust pointers 130,980ms
[2019-04-15T13:37:21.311+0200][377,144s] GC(928) Phase 4: Move objects
[2019-04-15T13:37:21.311+0200][377,145s] GC(928) Phase 4: Move objects 0,338ms
[2019-04-15T13:37:21.312+0200][377,145s] GC(928) ParNew: 109248K->35549K(109248K)
[2019-04-15T13:37:21.312+0200][377,145s] GC(928) CMS: 393198K->382467K(393216K)
[2019-04-15T13:37:21.312+0200][377,145s] GC(928) Metaspace: 68683K->68683K(1112064K)
[2019-04-15T13:37:21.312+0200][377,145s] GC(928) Pause Full (Allocation Failure) 490M->408M(490M) 498,089ms
[2019-04-15T13:37:21.312+0200][377,145s] GC(928) User=0,48s Sys=0,00s Real=0,49s
[2019-04-15T13:37:21.312+0200][377,146s] GC(929) Pause Initial Mark
[2019-04-15T13:37:21.315+0200][377,149s] GC(929) Pause Initial Mark 409M->409M(490M) 3,055ms
[2019-04-15T13:37:21.315+0200][377,149s] GC(929) User=0,01s Sys=0,00s Real=0,01s
[2019-04-15T13:37:21.315+0200][377,149s] GC(929) Concurrent Mark
[2019-04-15T13:37:21.315+0200][377,149s] GC(929) Using 4 workers of 4 for marking
[2019-04-15T13:37:21.476+0200][377,310s] GC(929) Concurrent Mark 161,056ms
[2019-04-15T13:37:21.476+0200][377,310s] GC(929) User=0,47s Sys=0,00s Real=0,16s
[2019-04-15T13:37:21.476+0200][377,310s] GC(929) Concurrent Preclean
[2019-04-15T13:37:21.705+0200][377,539s] GC(929) Concurrent Preclean 228,834ms
[2019-04-15T13:37:21.705+0200][377,539s] GC(929) User=0,45s Sys=0,00s Real=0,23s
[2019-04-15T13:37:21.705+0200][377,539s] GC(929) Concurrent Abortable Preclean
[2019-04-15T13:37:21.705+0200][377,539s] GC(929) Concurrent Abortable Preclean 0,009ms
[2019-04-15T13:37:21.705+0200][377,539s] GC(929) User=0,00s Sys=0,00s Real=0,00s
[2019-04-15T13:37:21.705+0200][377,539s] GC(929) Pause Remark
[2019-04-15T13:37:21.705+0200][377,539s] GC(930) Pause Young (CMS Final Remark)
[2019-04-15T13:37:21.705+0200][377,539s] GC(930) Using 4 workers of 4 for evacuation
[2019-04-15T13:37:21.705+0200][377,539s] GC(930) ParNew: 108119K->108119K(109248K)
[2019-04-15T13:37:21.705+0200][377,539s] GC(930) CMS: 382467K->382467K(393216K)
[2019-04-15T13:37:21.705+0200][377,539s] GC(930) Metaspace: 68683K->68683K(1112064K)
[2019-04-15T13:37:21.705+0200][377,539s] GC(930) Pause Young (CMS Final Remark) 479M->479M(490M) 0,059ms
[2019-04-15T13:37:21.705+0200][377,539s] GC(930) User=0,00s Sys=0,00s Real=0,00s
[2019-04-15T13:37:21.789+0200][377,623s] GC(929) Pause Remark 479M->479M(490M) 83,824ms
[2019-04-15T13:37:21.789+0200][377,623s] GC(929) User=0,17s Sys=0,00s Real=0,08s
[2019-04-15T13:37:21.789+0200][377,623s] GC(929) Concurrent Sweep
[2019-04-15T13:37:21.995+0200][377,829s] GC(931) Pause Full (Allocation Failure)
[2019-04-15T13:37:21.999+0200][377,832s] GC(929) Concurrent Sweep 209,626ms
[2019-04-15T13:37:21.999+0200][377,833s] GC(929) User=0,40s Sys=0,00s Real=0,21s
[2019-04-15T13:37:21.999+0200][377,833s] GC(931) Phase 1: Mark live objects
[2019-04-15T13:37:22.164+0200][377,998s] GC(931) Phase 1: Mark live objects 164,788ms
[2019-04-15T13:37:22.164+0200][377,998s] GC(931) Phase 2: Compute new object addresses
[2019-04-15T13:37:22.282+0200][378,116s] GC(931) Phase 2: Compute new object addresses 118,273ms
[2019-04-15T13:37:22.282+0200][378,116s] GC(931) Phase 3: Adjust pointers
[2019-04-15T13:37:22.405+0200][378,239s] GC(931) Phase 3: Adjust pointers 122,814ms
[2019-04-15T13:37:22.405+0200][378,239s] GC(931) Phase 4: Move objects
[2019-04-15T13:37:22.408+0200][378,242s] GC(931) Phase 4: Move objects 2,973ms
[2019-04-15T13:37:22.410+0200][378,244s] GC(931) ParNew: 109248K->34784K(109248K)
[2019-04-15T13:37:22.410+0200][378,244s] GC(931) CMS: 392688K->382814K(393216K)
[2019-04-15T13:37:22.410+0200][378,244s] GC(931) Metaspace: 68683K->68683K(1112064K)
[2019-04-15T13:37:22.410+0200][378,244s] GC(931) Pause Full (Allocation Failure) 490M->407M(490M) 414,787ms
[2019-04-15T13:37:22.410+0200][378,244s] GC(931) User=0,41s Sys=0,00s Real=0,41s
[2019-04-15T13:37:22.410+0200][378,244s] GC(929) Old: 382467K->382814K(393216K)
[2019-04-15T13:37:22.694+0200][378,528s] GC(932) Pause Full (Allocation Failure)
[2019-04-15T13:37:22.694+0200][378,528s] GC(932) Phase 1: Mark live objects
[2019-04-15T13:37:22.862+0200][378,695s] GC(932) Phase 1: Mark live objects 167,263ms
[2019-04-15T13:37:22.862+0200][378,695s] GC(932) Phase 2: Compute new object addresses
[2019-04-15T13:37:22.984+0200][378,818s] GC(932) Phase 2: Compute new object addresses 122,467ms
[2019-04-15T13:37:22.984+0200][378,818s] GC(932) Phase 3: Adjust pointers
[2019-04-15T13:37:23.109+0200][378,943s] GC(932) Phase 3: Adjust pointers 124,512ms
[2019-04-15T13:37:23.109+0200][378,943s] GC(932) Phase 4: Move objects
[2019-04-15T13:37:23.109+0200][378,943s] GC(932) Phase 4: Move objects 0,430ms
[2019-04-15T13:37:23.111+0200][378,945s] GC(932) ParNew: 109248K->34822K(109248K)
[2019-04-15T13:37:23.111+0200][378,945s] GC(932) CMS: 393215K->381943K(393216K)
[2019-04-15T13:37:23.111+0200][378,945s] GC(932) Metaspace: 68683K->68683K(1112064K)
[2019-04-15T13:37:23.111+0200][378,945s] GC(932) Pause Full (Allocation Failure) 490M->406M(490M) 417,031ms
[2019-04-15T13:37:23.111+0200][378,945s] GC(932) User=0,41s Sys=0,01s Real=0,41s
[2019-04-15T13:37:23.111+0200][378,945s] GC(933) Pause Initial Mark
[2019-04-15T13:37:23.113+0200][378,947s] GC(933) Pause Initial Mark 408M->408M(490M) 1,520ms
[2019-04-15T13:37:23.113+0200][378,947s] GC(933) User=0,00s Sys=0,00s Real=0,00s
[2019-04-15T13:37:23.113+0200][378,947s] GC(933) Concurrent Mark
[2019-04-15T13:37:23.113+0200][378,947s] GC(933) Using 4 workers of 4 for marking
[2019-04-15T13:37:23.299+0200][379,133s] GC(933) Concurrent Mark 186,085ms
[2019-04-15T13:37:23.299+0200][379,133s] GC(933) User=0,49s Sys=0,00s Real=0,19s
[2019-04-15T13:37:23.299+0200][379,133s] GC(933) Concurrent Preclean
[2019-04-15T13:37:23.692+0200][379,526s] GC(934) Pause Full (Allocation Failure)
[2019-04-15T13:37:23.696+0200][379,530s] GC(933) Concurrent Preclean 396,829ms
[2019-04-15T13:37:23.696+0200][379,530s] GC(933) User=0,74s Sys=0,00s Real=0,40s
[2019-04-15T13:37:23.696+0200][379,530s] GC(934) Phase 1: Mark live objects
[2019-04-15T13:37:23.868+0200][379,702s] GC(934) Phase 1: Mark live objects 172,396ms
[2019-04-15T13:37:23.868+0200][379,702s] GC(934) Phase 2: Compute new object addresses
[2019-04-15T13:37:23.984+0200][379,818s] GC(934) Phase 2: Compute new object addresses 115,622ms
[2019-04-15T13:37:23.984+0200][379,818s] GC(934) Phase 3: Adjust pointers
[2019-04-15T13:37:24.119+0200][379,953s] GC(934) Phase 3: Adjust pointers 135,263ms
[2019-04-15T13:37:24.119+0200][379,953s] GC(934) Phase 4: Move objects
[2019-04-15T13:37:24.120+0200][379,954s] GC(934) Phase 4: Move objects 0,881ms
[2019-04-15T13:37:24.121+0200][379,955s] GC(934) ParNew: 109248K->34953K(109248K)
[2019-04-15T13:37:24.121+0200][379,955s] GC(934) CMS: 392156K->382467K(393216K)
[2019-04-15T13:37:24.121+0200][379,955s] GC(934) Metaspace: 68683K->68683K(1112064K)
[2019-04-15T13:37:24.121+0200][379,955s] GC(934) Pause Full (Allocation Failure) 489M->407M(490M) 428,519ms
[2019-04-15T13:37:24.121+0200][379,955s] GC(934) User=0,43s Sys=0,00s Real=0,43s
[2019-04-15T13:37:24.437+0200][380,271s] GC(935) Pause Full (Allocation Failure)
[2019-04-15T13:37:24.438+0200][380,272s] GC(935) Phase 1: Mark live objects
[2019-04-15T13:37:24.659+0200][380,492s] GC(935) Phase 1: Mark live objects 220,975ms
[2019-04-15T13:37:24.659+0200][380,493s] GC(935) Phase 2: Compute new object addresses
[2019-04-15T13:37:24.770+0200][380,603s] GC(935) Phase 2: Compute new object addresses 110,720ms
[2019-04-15T13:37:24.770+0200][380,603s] GC(935) Phase 3: Adjust pointers
[2019-04-15T13:37:24.897+0200][380,731s] GC(935) Phase 3: Adjust pointers 127,575ms
[2019-04-15T13:37:24.897+0200][380,731s] GC(935) Phase 4: Move objects
[2019-04-15T13:37:24.898+0200][380,732s] GC(935) Phase 4: Move objects 0,845ms
[2019-04-15T13:37:24.899+0200][380,733s] GC(935) ParNew: 109248K->34806K(109248K)
[2019-04-15T13:37:24.899+0200][380,733s] GC(935) CMS: 393016K->382740K(393216K)
[2019-04-15T13:37:24.899+0200][380,733s] GC(935) Metaspace: 68683K->68683K(1112064K)
[2019-04-15T13:37:24.899+0200][380,733s] GC(935) Pause Full (Allocation Failure) 490M->407M(490M) 461,522ms
[2019-04-15T13:37:24.899+0200][380,733s] GC(935) User=0,46s Sys=0,00s Real=0,46s
[2019-04-15T13:37:24.904+0200][380,738s] GC(936) Pause Initial Mark
[2019-04-15T13:37:24.907+0200][380,741s] GC(936) Pause Initial Mark 416M->416M(490M) 2,632ms
[2019-04-15T13:37:24.907+0200][380,741s] GC(936) User=0,00s Sys=0,00s Real=0,01s
[2019-04-15T13:37:24.907+0200][380,741s] GC(936) Concurrent Mark
[2019-04-15T13:37:24.907+0200][380,741s] GC(936) Using 4 workers of 4 for marking
[2019-04-15T13:37:25.160+0200][380,994s] GC(936) Concurrent Mark 252,708ms
[2019-04-15T13:37:25.160+0200][380,994s] GC(936) User=0,70s Sys=0,00s Real=0,25s
[2019-04-15T13:37:25.160+0200][380,994s] GC(936) Concurrent Preclean
[2019-04-15T13:37:25.456+0200][381,289s] GC(937) Pause Full (Allocation Failure)
[2019-04-15T13:37:25.506+0200][381,340s] GC(936) Concurrent Preclean 346,565ms
[2019-04-15T13:37:25.507+0200][381,340s] GC(936) User=0,64s Sys=0,01s Real=0,35s
[2019-04-15T13:37:25.507+0200][381,340s] GC(937) Phase 1: Mark live objects
[2019-04-15T13:37:25.680+0200][381,514s] GC(937) Phase 1: Mark live objects 173,740ms
[2019-04-15T13:37:25.680+0200][381,514s] GC(937) Phase 2: Compute new object addresses
[2019-04-15T13:37:25.794+0200][381,627s] GC(937) Phase 2: Compute new object addresses 113,194ms
[2019-04-15T13:37:25.794+0200][381,627s] GC(937) Phase 3: Adjust pointers
[2019-04-15T13:37:25.929+0200][381,762s] GC(937) Phase 3: Adjust pointers 134,834ms
[2019-04-15T13:37:25.929+0200][381,762s] GC(937) Phase 4: Move objects
[2019-04-15T13:37:26.039+0200][381,873s] GC(937) Phase 4: Move objects 110,644ms
[2019-04-15T13:37:26.040+0200][381,874s] GC(937) ParNew: 109248K->34938K(109248K)
[2019-04-15T13:37:26.040+0200][381,874s] GC(937) CMS: 393157K->382185K(393216K)
[2019-04-15T13:37:26.040+0200][381,874s] GC(937) Metaspace: 68703K->68703K(1112064K)
[2019-04-15T13:37:26.040+0200][381,874s] GC(937) Pause Full (Allocation Failure) 490M->407M(490M) 584,461ms
[2019-04-15T13:37:26.040+0200][381,874s] GC(937) User=0,58s Sys=0,00s Real=0,58s
[2019-04-15T13:37:26.437+0200][382,271s] GC(938) Pause Full (Allocation Failure)
[2019-04-15T13:37:26.437+0200][382,271s] GC(938) Phase 1: Mark live objects
[2019-04-15T13:37:26.648+0200][382,482s] GC(938) Phase 1: Mark live objects 210,856ms
[2019-04-15T13:37:26.648+0200][382,482s] GC(938) Phase 2: Compute new object addresses
[2019-04-15T13:37:26.771+0200][382,604s] GC(938) Phase 2: Compute new object addresses 122,592ms
[2019-04-15T13:37:26.771+0200][382,605s] GC(938) Phase 3: Adjust pointers
[2019-04-15T13:37:26.897+0200][382,730s] GC(938) Phase 3: Adjust pointers 125,756ms
[2019-04-15T13:37:26.897+0200][382,730s] GC(938) Phase 4: Move objects
[2019-04-15T13:37:26.897+0200][382,731s] GC(938) Phase 4: Move objects 0,403ms
[2019-04-15T13:37:26.898+0200][382,732s] GC(938) ParNew: 109248K->34903K(109248K)
[2019-04-15T13:37:26.898+0200][382,732s] GC(938) CMS: 393192K->382134K(393216K)
[2019-04-15T13:37:26.898+0200][382,732s] GC(938) Metaspace: 68703K->68703K(1112064K)
[2019-04-15T13:37:26.898+0200][382,732s] GC(938) Pause Full (Allocation Failure) 490M->407M(490M) 461,602ms
[2019-04-15T13:37:26.898+0200][382,732s] GC(938) User=0,45s Sys=0,01s Real=0,46s
[2019-04-15T13:37:26.901+0200][382,735s] GC(939) Pause Initial Mark
[2019-04-15T13:37:26.903+0200][382,737s] GC(939) Pause Initial Mark 410M->410M(490M) 1,920ms
[2019-04-15T13:37:26.903+0200][382,737s] GC(939) User=0,00s Sys=0,00s Real=0,00s
[2019-04-15T13:37:26.903+0200][382,737s] GC(939) Concurrent Mark
[2019-04-15T13:37:26.903+0200][382,737s] GC(939) Using 4 workers of 4 for marking
[2019-04-15T13:37:27.096+0200][382,929s] GC(939) Concurrent Mark 192,528ms
[2019-04-15T13:37:27.096+0200][382,929s] GC(939) User=0,47s Sys=0,00s Real=0,20s
[2019-04-15T13:37:27.096+0200][382,929s] GC(939) Concurrent Preclean
[2019-04-15T13:37:27.489+0200][383,323s] GC(939) Concurrent Preclean 393,406ms
[2019-04-15T13:37:27.489+0200][383,323s] GC(939) User=0,75s Sys=0,01s Real=0,39s
[2019-04-15T13:37:27.489+0200][383,323s] GC(939) Concurrent Abortable Preclean
[2019-04-15T13:37:27.489+0200][383,323s] GC(939) Concurrent Abortable Preclean 0,006ms
[2019-04-15T13:37:27.489+0200][383,323s] GC(939) User=0,00s Sys=0,00s Real=0,00s
[2019-04-15T13:37:27.489+0200][383,323s] GC(939) Pause Remark
[2019-04-15T13:37:27.489+0200][383,323s] GC(940) Pause Young (CMS Final Remark)
[2019-04-15T13:37:27.489+0200][383,323s] GC(940) Using 4 workers of 4 for evacuation
[2019-04-15T13:37:27.489+0200][383,323s] GC(940) ParNew: 109248K->109248K(109248K)
[2019-04-15T13:37:27.489+0200][383,323s] GC(940) CMS: 390714K->390714K(393216K)
[2019-04-15T13:37:27.489+0200][383,323s] GC(940) Metaspace: 68703K->68703K(1112064K)
[2019-04-15T13:37:27.489+0200][383,323s] GC(940) Pause Young (CMS Final Remark) 488M->488M(490M) 0,052ms
[2019-04-15T13:37:27.489+0200][383,323s] GC(940) User=0,00s Sys=0,00s Real=0,00s
[2019-04-15T13:37:27.548+0200][383,381s] GC(939) Pause Remark 488M->488M(490M) 58,375ms
[2019-04-15T13:37:27.548+0200][383,381s] GC(939) User=0,14s Sys=0,00s Real=0,06s
[2019-04-15T13:37:27.548+0200][383,381s] GC(939) Concurrent Sweep
[2019-04-15T13:37:27.590+0200][383,424s] GC(941) Pause Full (Allocation Failure)
[2019-04-15T13:37:27.642+0200][383,476s] GC(939) Concurrent Sweep 94,856ms
[2019-04-15T13:37:27.643+0200][383,476s] GC(939) User=0,14s Sys=0,00s Real=0,09s
[2019-04-15T13:37:27.643+0200][383,476s] GC(941) Phase 1: Mark live objects
[2019-04-15T13:37:27.823+0200][383,657s] GC(941) Phase 1: Mark live objects 180,777ms
[2019-04-15T13:37:27.823+0200][383,657s] GC(941) Phase 2: Compute new object addresses
[2019-04-15T13:37:27.948+0200][383,782s] GC(941) Phase 2: Compute new object addresses 124,305ms
[2019-04-15T13:37:27.948+0200][383,782s] GC(941) Phase 3: Adjust pointers
[2019-04-15T13:37:28.124+0200][383,958s] GC(941) Phase 3: Adjust pointers 176,600ms
[2019-04-15T13:37:28.124+0200][383,958s] GC(941) Phase 4: Move objects
[2019-04-15T13:37:28.125+0200][383,959s] GC(941) Phase 4: Move objects 0,635ms
[2019-04-15T13:37:28.126+0200][383,960s] GC(941) ParNew: 109248K->34870K(109248K)
[2019-04-15T13:37:28.127+0200][383,960s] GC(941) CMS: 393200K->382090K(393216K)
[2019-04-15T13:37:28.127+0200][383,960s] GC(941) Metaspace: 68703K->68703K(1112064K)
[2019-04-15T13:37:28.127+0200][383,960s] GC(941) Pause Full (Allocation Failure) 490M->407M(490M) 536,245ms
[2019-04-15T13:37:28.127+0200][383,960s] GC(941) User=0,54s Sys=0,00s Real=0,54s
[2019-04-15T13:37:28.127+0200][383,961s] GC(939) Old: 382134K->382090K(393216K)
[2019-04-15T13:37:28.433+0200][384,266s] GC(942) Pause Full (Allocation Failure)
[2019-04-15T13:37:28.433+0200][384,267s] GC(942) Phase 1: Mark live objects
[2019-04-15T13:37:28.602+0200][384,436s] GC(942) Phase 1: Mark live objects 169,081ms
[2019-04-15T13:37:28.602+0200][384,436s] GC(942) Phase 2: Compute new object addresses
[2019-04-15T13:37:28.762+0200][384,596s] GC(942) Phase 2: Compute new object addresses 160,085ms
[2019-04-15T13:37:28.762+0200][384,596s] GC(942) Phase 3: Adjust pointers
[2019-04-15T13:37:28.930+0200][384,764s] GC(942) Phase 3: Adjust pointers 167,633ms
[2019-04-15T13:37:28.930+0200][384,764s] GC(942) Phase 4: Move objects
[2019-04-15T13:37:28.930+0200][384,764s] GC(942) Phase 4: Move objects 0,238ms
[2019-04-15T13:37:28.931+0200][384,765s] GC(942) ParNew: 109248K->34891K(109248K)
[2019-04-15T13:37:28.931+0200][384,765s] GC(942) CMS: 393215K->382062K(393216K)
[2019-04-15T13:37:28.931+0200][384,765s] GC(942) Metaspace: 68703K->68703K(1112064K)
[2019-04-15T13:37:28.931+0200][384,765s] GC(942) Pause Full (Allocation Failure) 490M->407M(490M) 498,322ms
[2019-04-15T13:37:28.931+0200][384,765s] GC(942) User=0,49s Sys=0,00s Real=0,50s
[2019-04-15T13:37:28.931+0200][384,765s] GC(943) Pause Initial Mark
[2019-04-15T13:37:28.933+0200][384,767s] GC(943) Pause Initial Mark 408M->408M(490M) 1,585ms
[2019-04-15T13:37:28.933+0200][384,767s] GC(943) User=0,01s Sys=0,00s Real=0,01s
[2019-04-15T13:37:28.933+0200][384,767s] GC(943) Concurrent Mark
[2019-04-15T13:37:28.933+0200][384,767s] GC(943) Using 4 workers of 4 for marking
[2019-04-15T13:37:29.090+0200][384,924s] GC(943) Concurrent Mark 156,891ms
[2019-04-15T13:37:29.090+0200][384,924s] GC(943) User=0,47s Sys=0,00s Real=0,15s
[2019-04-15T13:37:29.090+0200][384,924s] GC(943) Concurrent Preclean
[2019-04-15T13:37:29.456+0200][385,290s] GC(943) Concurrent Preclean 366,396ms
[2019-04-15T13:37:29.456+0200][385,290s] GC(943) User=0,65s Sys=0,01s Real=0,37s
[2019-04-15T13:37:29.456+0200][385,290s] GC(943) Concurrent Abortable Preclean
[2019-04-15T13:37:29.456+0200][385,290s] GC(943) Concurrent Abortable Preclean 0,007ms
[2019-04-15T13:37:29.456+0200][385,290s] GC(943) User=0,00s Sys=0,00s Real=0,00s
[2019-04-15T13:37:29.456+0200][385,290s] GC(943) Pause Remark
[2019-04-15T13:37:29.457+0200][385,290s] GC(944) Pause Young (CMS Final Remark)
[2019-04-15T13:37:29.457+0200][385,290s] GC(944) Using 4 workers of 4 for evacuation
[2019-04-15T13:37:29.457+0200][385,290s] GC(944) ParNew: 109247K->109247K(109248K)
[2019-04-15T13:37:29.457+0200][385,290s] GC(944) CMS: 391444K->391444K(393216K)
[2019-04-15T13:37:29.457+0200][385,290s] GC(944) Metaspace: 68703K->68703K(1112064K)
[2019-04-15T13:37:29.457+0200][385,290s] GC(944) Pause Young (CMS Final Remark) 488M->488M(490M) 0,054ms
[2019-04-15T13:37:29.457+0200][385,290s] GC(944) User=0,00s Sys=0,00s Real=0,00s
[2019-04-15T13:37:29.523+0200][385,357s] GC(943) Pause Remark 488M->488M(490M) 66,673ms
[2019-04-15T13:37:29.523+0200][385,357s] GC(943) User=0,14s Sys=0,00s Real=0,06s
[2019-04-15T13:37:29.523+0200][385,357s] GC(943) Concurrent Sweep
[2019-04-15T13:37:29.564+0200][385,398s] GC(945) Pause Full (Allocation Failure)
[2019-04-15T13:37:29.636+0200][385,469s] GC(943) Concurrent Sweep 112,424ms
[2019-04-15T13:37:29.636+0200][385,469s] GC(943) User=0,14s Sys=0,00s Real=0,12s
[2019-04-15T13:37:29.636+0200][385,470s] GC(945) Phase 1: Mark live objects
[2019-04-15T13:37:29.808+0200][385,642s] GC(945) Phase 1: Mark live objects 172,090ms
[2019-04-15T13:37:29.808+0200][385,642s] GC(945) Phase 2: Compute new object addresses
[2019-04-15T13:37:29.930+0200][385,764s] GC(945) Phase 2: Compute new object addresses 122,142ms
[2019-04-15T13:37:29.930+0200][385,764s] GC(945) Phase 3: Adjust pointers
[2019-04-15T13:37:30.068+0200][385,902s] GC(945) Phase 3: Adjust pointers 138,197ms
[2019-04-15T13:37:30.068+0200][385,902s] GC(945) Phase 4: Move objects
[2019-04-15T13:37:30.069+0200][385,903s] GC(945) Phase 4: Move objects 0,343ms
[2019-04-15T13:37:30.069+0200][385,903s] GC(945) ParNew: 109247K->34836K(109248K)
[2019-04-15T13:37:30.069+0200][385,903s] GC(945) CMS: 393159K->382088K(393216K)
[2019-04-15T13:37:30.069+0200][385,903s] GC(945) Metaspace: 68703K->68703K(1112064K)
[2019-04-15T13:37:30.070+0200][385,903s] GC(945) Pause Full (Allocation Failure) 490M->407M(490M) 505,434ms
[2019-04-15T13:37:30.070+0200][385,903s] GC(945) User=0,50s Sys=0,00s Real=0,51s
[2019-04-15T13:37:30.070+0200][385,903s] GC(943) Old: 382062K->382088K(393216K)
[2019-04-15T13:37:30.381+0200][386,215s] GC(946) Pause Full (Allocation Failure)
[2019-04-15T13:37:30.382+0200][386,216s] GC(946) Phase 1: Mark live objects
[2019-04-15T13:37:30.554+0200][386,387s] GC(946) Phase 1: Mark live objects 171,571ms
[2019-04-15T13:37:30.554+0200][386,387s] GC(946) Phase 2: Compute new object addresses
[2019-04-15T13:37:30.669+0200][386,503s] GC(946) Phase 2: Compute new object addresses 115,315ms
[2019-04-15T13:37:30.669+0200][386,503s] GC(946) Phase 3: Adjust pointers
[2019-04-15T13:37:30.794+0200][386,628s] GC(946) Phase 3: Adjust pointers 125,087ms
[2019-04-15T13:37:30.794+0200][386,628s] GC(946) Phase 4: Move objects
[2019-04-15T13:37:30.795+0200][386,628s] GC(946) Phase 4: Move objects 0,562ms
[2019-04-15T13:37:30.795+0200][386,629s] GC(946) ParNew: 109248K->34861K(109248K)
[2019-04-15T13:37:30.795+0200][386,629s] GC(946) CMS: 393204K->382643K(393216K)
[2019-04-15T13:37:30.795+0200][386,629s] GC(946) Metaspace: 68703K->68703K(1112064K)
[2019-04-15T13:37:30.795+0200][386,629s] GC(946) Pause Full (Allocation Failure) 490M->407M(490M) 414,170ms
[2019-04-15T13:37:30.795+0200][386,629s] GC(946) User=0,41s Sys=0,00s Real=0,42s
[2019-04-15T13:37:30.796+0200][386,629s] GC(947) Pause Initial Mark
[2019-04-15T13:37:30.797+0200][386,631s] GC(947) Pause Initial Mark 409M->409M(490M) 1,534ms
[2019-04-15T13:37:30.797+0200][386,631s] GC(947) User=0,00s Sys=0,00s Real=0,00s
[2019-04-15T13:37:30.797+0200][386,631s] GC(947) Concurrent Mark
[2019-04-15T13:37:30.797+0200][386,631s] GC(947) Using 4 workers of 4 for marking
[2019-04-15T13:37:30.961+0200][386,795s] GC(947) Concurrent Mark 163,735ms
[2019-04-15T13:37:30.961+0200][386,795s] GC(947) User=0,49s Sys=0,01s Real=0,16s
[2019-04-15T13:37:30.961+0200][386,795s] GC(947) Concurrent Preclean
[2019-04-15T13:37:31.159+0200][386,993s] GC(947) Concurrent Preclean 197,729ms
[2019-04-15T13:37:31.159+0200][386,993s] GC(947) User=0,33s Sys=0,00s Real=0,20s
[2019-04-15T13:37:31.159+0200][386,993s] GC(947) Concurrent Abortable Preclean
[2019-04-15T13:37:31.159+0200][386,993s] GC(947) Concurrent Abortable Preclean 0,008ms
[2019-04-15T13:37:31.159+0200][386,993s] GC(947) User=0,00s Sys=0,00s Real=0,00s
[2019-04-15T13:37:31.159+0200][386,993s] GC(947) Pause Remark
[2019-04-15T13:37:31.159+0200][386,993s] GC(948) Pause Young (CMS Final Remark)
[2019-04-15T13:37:31.159+0200][386,993s] GC(948) Using 4 workers of 4 for evacuation
[2019-04-15T13:37:31.159+0200][386,993s] GC(948) ParNew: 105849K->105849K(109248K)
[2019-04-15T13:37:31.159+0200][386,993s] GC(948) CMS: 382643K->382643K(393216K)
[2019-04-15T13:37:31.159+0200][386,993s] GC(948) Metaspace: 68703K->68703K(1112064K)
[2019-04-15T13:37:31.159+0200][386,993s] GC(948) Pause Young (CMS Final Remark) 477M->477M(490M) 0,055ms
[2019-04-15T13:37:31.159+0200][386,993s] GC(948) User=0,00s Sys=0,00s Real=0,00s
[2019-04-15T13:37:31.271+0200][387,105s] GC(947) Pause Remark 477M->477M(490M) 111,895ms
[2019-04-15T13:37:31.271+0200][387,105s] GC(947) User=0,24s Sys=0,00s Real=0,11s
[2019-04-15T13:37:31.271+0200][387,105s] GC(947) Concurrent Sweep
[2019-04-15T13:37:31.415+0200][387,249s] GC(947) Concurrent Sweep 143,944ms
[2019-04-15T13:37:31.415+0200][387,249s] GC(947) User=0,25s Sys=0,00s Real=0,15s
[2019-04-15T13:37:31.415+0200][387,249s] GC(949) Pause Young (Allocation Failure)
[2019-04-15T13:37:31.415+0200][387,249s] GC(949) Using 4 workers of 4 for evacuation
[2019-04-15T13:37:31.415+0200][387,249s] GC(950) Pause Full (Allocation Failure)
[2019-04-15T13:37:31.416+0200][387,249s] GC(950) Phase 1: Mark live objects
[2019-04-15T13:37:31.597+0200][387,431s] GC(950) Phase 1: Mark live objects 181,853ms
[2019-04-15T13:37:31.597+0200][387,431s] GC(950) Phase 2: Compute new object addresses
[2019-04-15T13:37:31.718+0200][387,552s] GC(950) Phase 2: Compute new object addresses 120,515ms
[2019-04-15T13:37:31.718+0200][387,552s] GC(950) Phase 3: Adjust pointers
[2019-04-15T13:37:31.847+0200][387,681s] GC(950) Phase 3: Adjust pointers 128,789ms
[2019-04-15T13:37:31.847+0200][387,681s] GC(950) Phase 4: Move objects
[2019-04-15T13:37:31.848+0200][387,681s] GC(950) Phase 4: Move objects 0,615ms
[2019-04-15T13:37:31.850+0200][387,683s] GC(950) Pause Full (Allocation Failure) 483M->407M(490M) 434,295ms
[2019-04-15T13:37:31.850+0200][387,683s] GC(949) ParNew: 109248K->34891K(109248K)
[2019-04-15T13:37:31.850+0200][387,683s] GC(949) CMS: 385915K->381900K(393216K)
[2019-04-15T13:37:31.850+0200][387,683s] GC(949) Metaspace: 68703K->68703K(1112064K)
[2019-04-15T13:37:31.850+0200][387,683s] GC(949) Pause Young (Allocation Failure) 483M->407M(490M) 434,480ms
[2019-04-15T13:37:31.850+0200][387,683s] GC(949) User=0,44s Sys=0,00s Real=0,43s
[2019-04-15T13:37:31.850+0200][387,684s] GC(947) Old: 382643K->381900K(393216K)
[2019-04-15T13:37:32.200+0200][388,033s] GC(951) Pause Full (Allocation Failure)
[2019-04-15T13:37:32.201+0200][388,034s] GC(951) Phase 1: Mark live objects
[2019-04-15T13:37:32.385+0200][388,219s] GC(951) Phase 1: Mark live objects 184,130ms
[2019-04-15T13:37:32.385+0200][388,219s] GC(951) Phase 2: Compute new object addresses
[2019-04-15T13:37:32.502+0200][388,336s] GC(951) Phase 2: Compute new object addresses 117,372ms
[2019-04-15T13:37:32.502+0200][388,336s] GC(951) Phase 3: Adjust pointers
[2019-04-15T13:37:32.627+0200][388,461s] GC(951) Phase 3: Adjust pointers 124,930ms
[2019-04-15T13:37:32.627+0200][388,461s] GC(951) Phase 4: Move objects
[2019-04-15T13:37:32.628+0200][388,462s] GC(951) Phase 4: Move objects 0,670ms
[2019-04-15T13:37:32.628+0200][388,462s] GC(951) ParNew: 109248K->34864K(109248K)
[2019-04-15T13:37:32.629+0200][388,462s] GC(951) CMS: 393215K->382600K(393216K)
[2019-04-15T13:37:32.629+0200][388,462s] GC(951) Metaspace: 68703K->68703K(1112064K)
[2019-04-15T13:37:32.629+0200][388,462s] GC(951) Pause Full (Allocation Failure) 490M->407M(490M) 428,928ms
[2019-04-15T13:37:32.629+0200][388,462s] GC(951) User=0,43s Sys=0,00s Real=0,43s
[2019-04-15T13:37:32.629+0200][388,463s] GC(952) Pause Initial Mark
[2019-04-15T13:37:32.630+0200][388,464s] GC(952) Pause Initial Mark 409M->409M(490M) 1,610ms
[2019-04-15T13:37:32.630+0200][388,464s] GC(952) User=0,00s Sys=0,00s Real=0,00s
[2019-04-15T13:37:32.630+0200][388,464s] GC(952) Concurrent Mark
[2019-04-15T13:37:32.630+0200][388,464s] GC(952) Using 4 workers of 4 for marking
[2019-04-15T13:37:32.843+0200][388,677s] GC(952) Concurrent Mark 212,957ms
[2019-04-15T13:37:32.844+0200][388,677s] GC(952) User=0,54s Sys=0,00s Real=0,21s
[2019-04-15T13:37:32.844+0200][388,677s] GC(952) Concurrent Preclean
[2019-04-15T13:37:33.150+0200][388,984s] GC(952) Concurrent Preclean 306,512ms
[2019-04-15T13:37:33.150+0200][388,984s] GC(952) User=0,56s Sys=0,00s Real=0,31s
[2019-04-15T13:37:33.150+0200][388,984s] GC(952) Concurrent Abortable Preclean
[2019-04-15T13:37:33.150+0200][388,984s] GC(952) Concurrent Abortable Preclean 0,009ms
[2019-04-15T13:37:33.150+0200][388,984s] GC(952) User=0,00s Sys=0,00s Real=0,00s
[2019-04-15T13:37:33.150+0200][388,984s] GC(952) Pause Remark
[2019-04-15T13:37:33.150+0200][388,984s] GC(953) Pause Young (CMS Final Remark)
[2019-04-15T13:37:33.150+0200][388,984s] GC(953) Using 4 workers of 4 for evacuation
[2019-04-15T13:37:33.150+0200][388,984s] GC(953) ParNew: 109248K->109248K(109248K)
[2019-04-15T13:37:33.150+0200][388,984s] GC(953) CMS: 389173K->389173K(393216K)
[2019-04-15T13:37:33.150+0200][388,984s] GC(953) Metaspace: 68703K->68703K(1112064K)
[2019-04-15T13:37:33.150+0200][388,984s] GC(953) Pause Young (CMS Final Remark) 486M->486M(490M) 0,087ms
[2019-04-15T13:37:33.150+0200][388,984s] GC(953) User=0,00s Sys=0,00s Real=0,00s
[2019-04-15T13:37:33.250+0200][389,083s] GC(952) Pause Remark 486M->486M(490M) 99,232ms
[2019-04-15T13:37:33.250+0200][389,083s] GC(952) User=0,19s Sys=0,00s Real=0,10s
[2019-04-15T13:37:33.250+0200][389,083s] GC(952) Concurrent Sweep
[2019-04-15T13:37:33.331+0200][389,165s] GC(954) Pause Full (Allocation Failure)
[2019-04-15T13:37:33.429+0200][389,262s] GC(952) Concurrent Sweep 178,903ms
[2019-04-15T13:37:33.429+0200][389,262s] GC(952) User=0,26s Sys=0,00s Real=0,18s
[2019-04-15T13:37:33.429+0200][389,263s] GC(954) Phase 1: Mark live objects
[2019-04-15T13:37:33.600+0200][389,434s] GC(954) Phase 1: Mark live objects 171,165ms
[2019-04-15T13:37:33.600+0200][389,434s] GC(954) Phase 2: Compute new object addresses
[2019-04-15T13:37:33.716+0200][389,549s] GC(954) Phase 2: Compute new object addresses 115,458ms
[2019-04-15T13:37:33.716+0200][389,549s] GC(954) Phase 3: Adjust pointers
[2019-04-15T13:37:33.844+0200][389,678s] GC(954) Phase 3: Adjust pointers 128,767ms
[2019-04-15T13:37:33.844+0200][389,678s] GC(954) Phase 4: Move objects
[2019-04-15T13:37:33.845+0200][389,679s] GC(954) Phase 4: Move objects 0,908ms
[2019-04-15T13:37:33.846+0200][389,680s] GC(954) ParNew: 109248K->34764K(109248K)
[2019-04-15T13:37:33.846+0200][389,680s] GC(954) CMS: 393207K->382641K(393216K)
[2019-04-15T13:37:33.846+0200][389,680s] GC(954) Metaspace: 68703K->68703K(1112064K)
[2019-04-15T13:37:33.846+0200][389,680s] GC(954) Pause Full (Allocation Failure) 490M->407M(490M) 514,991ms
[2019-04-15T13:37:33.846+0200][389,680s] GC(954) User=0,51s Sys=0,00s Real=0,52s
[2019-04-15T13:37:33.846+0200][389,680s] GC(952) Old: 382600K->382641K(393216K)
[2019-04-15T13:37:34.156+0200][389,990s] GC(955) Pause Full (Allocation Failure)
[2019-04-15T13:37:34.156+0200][389,990s] GC(955) Phase 1: Mark live objects
[2019-04-15T13:37:34.331+0200][390,165s] GC(955) Phase 1: Mark live objects 174,374ms
[2019-04-15T13:37:34.331+0200][390,165s] GC(955) Phase 2: Compute new object addresses
[2019-04-15T13:37:34.442+0200][390,276s] GC(955) Phase 2: Compute new object addresses 111,256ms
[2019-04-15T13:37:34.442+0200][390,276s] GC(955) Phase 3: Adjust pointers
[2019-04-15T13:37:34.567+0200][390,401s] GC(955) Phase 3: Adjust pointers 124,638ms
[2019-04-15T13:37:34.567+0200][390,401s] GC(955) Phase 4: Move objects
[2019-04-15T13:37:34.567+0200][390,401s] GC(955) Phase 4: Move objects 0,129ms
[2019-04-15T13:37:34.568+0200][390,401s] GC(955) ParNew: 109247K->34692K(109248K)
[2019-04-15T13:37:34.568+0200][390,401s] GC(955) CMS: 393215K->381967K(393216K)
[2019-04-15T13:37:34.568+0200][390,401s] GC(955) Metaspace: 68703K->68703K(1112064K)
[2019-04-15T13:37:34.568+0200][390,401s] GC(955) Pause Full (Allocation Failure) 490M->406M(490M) 411,727ms
[2019-04-15T13:37:34.568+0200][390,401s] GC(955) User=0,41s Sys=0,00s Real=0,41s
[2019-04-15T13:37:34.568+0200][390,402s] GC(956) Pause Initial Mark
[2019-04-15T13:37:34.569+0200][390,403s] GC(956) Pause Initial Mark 408M->408M(490M) 1,587ms
[2019-04-15T13:37:34.570+0200][390,403s] GC(956) User=0,01s Sys=0,00s Real=0,00s
[2019-04-15T13:37:34.570+0200][390,403s] GC(956) Concurrent Mark
[2019-04-15T13:37:34.570+0200][390,403s] GC(956) Using 4 workers of 4 for marking
[2019-04-15T13:37:34.775+0200][390,609s] GC(956) Concurrent Mark 205,279ms
[2019-04-15T13:37:34.775+0200][390,609s] GC(956) User=0,52s Sys=0,00s Real=0,21s
[2019-04-15T13:37:34.775+0200][390,609s] GC(956) Concurrent Preclean
[2019-04-15T13:37:35.061+0200][390,895s] GC(956) Concurrent Preclean 286,475ms
[2019-04-15T13:37:35.061+0200][390,895s] GC(956) User=0,53s Sys=0,01s Real=0,28s
[2019-04-15T13:37:35.061+0200][390,895s] GC(956) Concurrent Abortable Preclean
[2019-04-15T13:37:35.062+0200][390,895s] GC(956) Concurrent Abortable Preclean 0,007ms
[2019-04-15T13:37:35.062+0200][390,895s] GC(956) User=0,00s Sys=0,00s Real=0,00s
[2019-04-15T13:37:35.062+0200][390,895s] GC(956) Pause Remark
[2019-04-15T13:37:35.062+0200][390,895s] GC(957) Pause Young (CMS Final Remark)
[2019-04-15T13:37:35.062+0200][390,895s] GC(957) Using 4 workers of 4 for evacuation
[2019-04-15T13:37:35.062+0200][390,895s] GC(957) ParNew: 109248K->109248K(109248K)
[2019-04-15T13:37:35.062+0200][390,895s] GC(957) CMS: 384930K->384930K(393216K)
[2019-04-15T13:37:35.062+0200][390,895s] GC(957) Metaspace: 68703K->68703K(1112064K)
[2019-04-15T13:37:35.062+0200][390,895s] GC(957) Pause Young (CMS Final Remark) 482M->482M(490M) 0,055ms
[2019-04-15T13:37:35.062+0200][390,895s] GC(957) User=0,00s Sys=0,00s Real=0,00s
[2019-04-15T13:37:35.136+0200][390,970s] GC(956) Pause Remark 482M->482M(490M) 74,554ms
[2019-04-15T13:37:35.136+0200][390,970s] GC(956) User=0,14s Sys=0,00s Real=0,08s
[2019-04-15T13:37:35.137+0200][390,970s] GC(956) Concurrent Sweep
[2019-04-15T13:37:35.313+0200][391,147s] GC(958) Pause Full (Allocation Failure)
[2019-04-15T13:37:35.338+0200][391,172s] GC(956) Concurrent Sweep 201,893ms
[2019-04-15T13:37:35.338+0200][391,172s] GC(956) User=0,36s Sys=0,01s Real=0,20s
[2019-04-15T13:37:35.339+0200][391,172s] GC(958) Phase 1: Mark live objects
[2019-04-15T13:37:35.505+0200][391,338s] GC(958) Phase 1: Mark live objects 166,027ms
[2019-04-15T13:37:35.505+0200][391,338s] GC(958) Phase 2: Compute new object addresses
[2019-04-15T13:37:35.624+0200][391,457s] GC(958) Phase 2: Compute new object addresses 118,866ms
[2019-04-15T13:37:35.624+0200][391,457s] GC(958) Phase 3: Adjust pointers
[2019-04-15T13:37:35.752+0200][391,586s] GC(958) Phase 3: Adjust pointers 128,250ms
[2019-04-15T13:37:35.752+0200][391,586s] GC(958) Phase 4: Move objects
[2019-04-15T13:37:35.755+0200][391,589s] GC(958) Phase 4: Move objects 2,909ms
[2019-04-15T13:37:35.756+0200][391,590s] GC(958) ParNew: 109248K->34501K(109248K)
[2019-04-15T13:37:35.756+0200][391,590s] GC(958) CMS: 393154K->382623K(393216K)
[2019-04-15T13:37:35.756+0200][391,590s] GC(958) Metaspace: 68703K->68703K(1112064K)
[2019-04-15T13:37:35.756+0200][391,590s] GC(958) Pause Full (Allocation Failure) 490M->407M(490M) 442,843ms
[2019-04-15T13:37:35.756+0200][391,590s] GC(958) User=0,44s Sys=0,00s Real=0,44s
[2019-04-15T13:37:35.756+0200][391,590s] GC(956) Old: 381967K->382623K(393216K)
[2019-04-15T13:37:36.093+0200][391,927s] GC(959) Pause Full (Allocation Failure)
[2019-04-15T13:37:36.094+0200][391,928s] GC(959) Phase 1: Mark live objects
[2019-04-15T13:37:36.257+0200][392,090s] GC(959) Phase 1: Mark live objects 162,682ms
[2019-04-15T13:37:36.257+0200][392,090s] GC(959) Phase 2: Compute new object addresses
[2019-04-15T13:37:36.371+0200][392,205s] GC(959) Phase 2: Compute new object addresses 114,940ms
[2019-04-15T13:37:36.372+0200][392,205s] GC(959) Phase 3: Adjust pointers
[2019-04-15T13:37:36.508+0200][392,342s] GC(959) Phase 3: Adjust pointers 136,212ms
[2019-04-15T13:37:36.508+0200][392,342s] GC(959) Phase 4: Move objects
[2019-04-15T13:37:36.510+0200][392,344s] GC(959) Phase 4: Move objects 2,456ms
[2019-04-15T13:37:36.512+0200][392,346s] GC(959) ParNew: 109248K->35107K(109248K)
[2019-04-15T13:37:36.512+0200][392,346s] GC(959) CMS: 393195K->382107K(393216K)
[2019-04-15T13:37:36.512+0200][392,346s] GC(959) Metaspace: 68703K->68703K(1112064K)
[2019-04-15T13:37:36.512+0200][392,346s] GC(959) Pause Full (Allocation Failure) 490M->407M(490M) 419,511ms
[2019-04-15T13:37:36.513+0200][392,346s] GC(959) User=0,42s Sys=0,00s Real=0,41s
[2019-04-15T13:37:36.513+0200][392,347s] GC(960) Pause Initial Mark
[2019-04-15T13:37:36.515+0200][392,348s] GC(960) Pause Initial Mark 409M->409M(490M) 1,468ms
[2019-04-15T13:37:36.515+0200][392,348s] GC(960) User=0,00s Sys=0,00s Real=0,00s
[2019-04-15T13:37:36.515+0200][392,348s] GC(960) Concurrent Mark
[2019-04-15T13:37:36.515+0200][392,348s] GC(960) Using 4 workers of 4 for marking
[2019-04-15T13:37:36.735+0200][392,569s] GC(960) Concurrent Mark 220,510ms
[2019-04-15T13:37:36.735+0200][392,569s] GC(960) User=0,58s Sys=0,00s Real=0,22s
[2019-04-15T13:37:36.735+0200][392,569s] GC(960) Concurrent Preclean
[2019-04-15T13:37:37.115+0200][392,949s] GC(961) Pause Full (Allocation Failure)
[2019-04-15T13:37:37.139+0200][392,973s] GC(960) Concurrent Preclean 404,017ms
[2019-04-15T13:37:37.140+0200][392,973s] GC(960) User=0,68s Sys=0,01s Real=0,40s
[2019-04-15T13:37:37.140+0200][392,973s] GC(961) Phase 1: Mark live objects
[2019-04-15T13:37:37.304+0200][393,138s] GC(961) Phase 1: Mark live objects 164,732ms
[2019-04-15T13:37:37.304+0200][393,138s] GC(961) Phase 2: Compute new object addresses
[2019-04-15T13:37:37.425+0200][393,259s] GC(961) Phase 2: Compute new object addresses 120,899ms
[2019-04-15T13:37:37.425+0200][393,259s] GC(961) Phase 3: Adjust pointers
[2019-04-15T13:37:37.546+0200][393,380s] GC(961) Phase 3: Adjust pointers 120,784ms
[2019-04-15T13:37:37.546+0200][393,380s] GC(961) Phase 4: Move objects
[2019-04-15T13:37:37.547+0200][393,380s] GC(961) Phase 4: Move objects 0,369ms
[2019-04-15T13:37:37.547+0200][393,381s] GC(961) ParNew: 109248K->34548K(109248K)
[2019-04-15T13:37:37.547+0200][393,381s] GC(961) CMS: 393215K->382129K(393216K)
[2019-04-15T13:37:37.547+0200][393,381s] GC(961) Metaspace: 68703K->68703K(1112064K)
[2019-04-15T13:37:37.547+0200][393,381s] GC(961) Pause Full (Allocation Failure) 490M->406M(490M) 432,050ms
[2019-04-15T13:37:37.547+0200][393,381s] GC(961) User=0,43s Sys=0,00s Real=0,43s
[2019-04-15T13:37:37.880+0200][393,714s] GC(962) Pause Full (Allocation Failure)
[2019-04-15T13:37:37.881+0200][393,715s] GC(962) Phase 1: Mark live objects
[2019-04-15T13:37:38.054+0200][393,887s] GC(962) Phase 1: Mark live objects 172,705ms
[2019-04-15T13:37:38.054+0200][393,887s] GC(962) Phase 2: Compute new object addresses
[2019-04-15T13:37:38.174+0200][394,008s] GC(962) Phase 2: Compute new object addresses 120,208ms
[2019-04-15T13:37:38.174+0200][394,008s] GC(962) Phase 3: Adjust pointers
[2019-04-15T13:37:38.307+0200][394,141s] GC(962) Phase 3: Adjust pointers 133,417ms
[2019-04-15T13:37:38.307+0200][394,141s] GC(962) Phase 4: Move objects
[2019-04-15T13:37:38.308+0200][394,142s] GC(962) Phase 4: Move objects 0,720ms
[2019-04-15T13:37:38.310+0200][394,144s] GC(962) ParNew: 109248K->34521K(109248K)
[2019-04-15T13:37:38.310+0200][394,144s] GC(962) CMS: 393216K->382070K(393216K)
[2019-04-15T13:37:38.310+0200][394,144s] GC(962) Metaspace: 68703K->68703K(1112064K)
[2019-04-15T13:37:38.310+0200][394,144s] GC(962) Pause Full (Allocation Failure) 490M->406M(490M) 429,823ms
[2019-04-15T13:37:38.310+0200][394,144s] GC(962) User=0,42s Sys=0,00s Real=0,43s
[2019-04-15T13:37:38.311+0200][394,144s] GC(963) Pause Initial Mark
[2019-04-15T13:37:38.312+0200][394,146s] GC(963) Pause Initial Mark 408M->408M(490M) 1,537ms
[2019-04-15T13:37:38.312+0200][394,146s] GC(963) User=0,00s Sys=0,00s Real=0,00s
[2019-04-15T13:37:38.312+0200][394,146s] GC(963) Concurrent Mark
[2019-04-15T13:37:38.312+0200][394,146s] GC(963) Using 4 workers of 4 for marking
[2019-04-15T13:37:38.509+0200][394,343s] GC(963) Concurrent Mark 196,921ms
[2019-04-15T13:37:38.509+0200][394,343s] GC(963) User=0,53s Sys=0,00s Real=0,20s
[2019-04-15T13:37:38.509+0200][394,343s] GC(963) Concurrent Preclean
[2019-04-15T13:37:38.719+0200][394,553s] GC(963) Concurrent Preclean 209,870ms
[2019-04-15T13:37:38.719+0200][394,553s] GC(963) User=0,38s Sys=0,01s Real=0,21s
[2019-04-15T13:37:38.719+0200][394,553s] GC(963) Concurrent Abortable Preclean
[2019-04-15T13:37:38.719+0200][394,553s] GC(963) Concurrent Abortable Preclean 0,007ms
[2019-04-15T13:37:38.719+0200][394,553s] GC(963) User=0,00s Sys=0,00s Real=0,00s
[2019-04-15T13:37:38.719+0200][394,553s] GC(963) Pause Remark
[2019-04-15T13:37:38.719+0200][394,553s] GC(964) Pause Young (CMS Final Remark)
[2019-04-15T13:37:38.719+0200][394,553s] GC(964) Using 4 workers of 4 for evacuation
[2019-04-15T13:37:38.719+0200][394,553s] GC(964) ParNew: 109248K->109248K(109248K)
[2019-04-15T13:37:38.719+0200][394,553s] GC(964) CMS: 383136K->383136K(393216K)
[2019-04-15T13:37:38.719+0200][394,553s] GC(964) Metaspace: 68703K->68703K(1112064K)
[2019-04-15T13:37:38.719+0200][394,553s] GC(964) Pause Young (CMS Final Remark) 480M->480M(490M) 0,054ms
[2019-04-15T13:37:38.719+0200][394,553s] GC(964) User=0,00s Sys=0,00s Real=0,00s
[2019-04-15T13:37:38.830+0200][394,663s] GC(963) Pause Remark 480M->480M(490M) 110,291ms
[2019-04-15T13:37:38.830+0200][394,663s] GC(963) User=0,23s Sys=0,00s Real=0,11s
[2019-04-15T13:37:38.830+0200][394,664s] GC(963) Concurrent Sweep
[2019-04-15T13:37:39.046+0200][394,880s] GC(963) Concurrent Sweep 216,197ms
[2019-04-15T13:37:39.046+0200][394,880s] GC(963) User=0,37s Sys=0,00s Real=0,22s
[2019-04-15T13:37:39.046+0200][394,880s] GC(965) Pause Young (Allocation Failure)
[2019-04-15T13:37:39.046+0200][394,880s] GC(965) Using 4 workers of 4 for evacuation
[2019-04-15T13:37:39.046+0200][394,880s] GC(966) Pause Full (Allocation Failure)
[2019-04-15T13:37:39.047+0200][394,880s] GC(966) Phase 1: Mark live objects
[2019-04-15T13:37:39.215+0200][395,048s] GC(966) Phase 1: Mark live objects 168,023ms
[2019-04-15T13:37:39.215+0200][395,048s] GC(966) Phase 2: Compute new object addresses
[2019-04-15T13:37:39.337+0200][395,171s] GC(966) Phase 2: Compute new object addresses 122,654ms
[2019-04-15T13:37:39.337+0200][395,171s] GC(966) Phase 3: Adjust pointers
[2019-04-15T13:37:39.473+0200][395,307s] GC(966) Phase 3: Adjust pointers 135,538ms
[2019-04-15T13:37:39.473+0200][395,307s] GC(966) Phase 4: Move objects
[2019-04-15T13:37:39.475+0200][395,309s] GC(966) Phase 4: Move objects 1,724ms
[2019-04-15T13:37:39.477+0200][395,310s] GC(966) Pause Full (Allocation Failure) 489M->406M(490M) 430,418ms
[2019-04-15T13:37:39.477+0200][395,310s] GC(965) ParNew: 109248K->34142K(109248K)
[2019-04-15T13:37:39.477+0200][395,310s] GC(965) CMS: 391508K->382287K(393216K)
[2019-04-15T13:37:39.477+0200][395,310s] GC(965) Metaspace: 68703K->68703K(1112064K)
[2019-04-15T13:37:39.477+0200][395,310s] GC(965) Pause Young (Allocation Failure) 489M->406M(490M) 430,522ms
[2019-04-15T13:37:39.477+0200][395,310s] GC(965) User=0,43s Sys=0,00s Real=0,43s
[2019-04-15T13:37:39.477+0200][395,311s] GC(963) Old: 382070K->382287K(393216K)
[2019-04-15T13:37:39.928+0200][395,762s] GC(967) Pause Full (Allocation Failure)
[2019-04-15T13:37:39.929+0200][395,763s] GC(967) Phase 1: Mark live objects
[2019-04-15T13:37:40.126+0200][395,960s] GC(967) Phase 1: Mark live objects 196,992ms
[2019-04-15T13:37:40.126+0200][395,960s] GC(967) Phase 2: Compute new object addresses
[2019-04-15T13:37:40.310+0200][396,144s] GC(967) Phase 2: Compute new object addresses 184,204ms
[2019-04-15T13:37:40.310+0200][396,144s] GC(967) Phase 3: Adjust pointers
[2019-04-15T13:37:40.452+0200][396,286s] GC(967) Phase 3: Adjust pointers 141,849ms
[2019-04-15T13:37:40.452+0200][396,286s] GC(967) Phase 4: Move objects
[2019-04-15T13:37:40.452+0200][396,286s] GC(967) Phase 4: Move objects 0,488ms
[2019-04-15T13:37:40.453+0200][396,287s] GC(967) ParNew: 109248K->34122K(109248K)
[2019-04-15T13:37:40.453+0200][396,287s] GC(967) CMS: 393215K->382020K(393216K)
[2019-04-15T13:37:40.453+0200][396,287s] GC(967) Metaspace: 68703K->68703K(1112064K)
[2019-04-15T13:37:40.453+0200][396,287s] GC(967) Pause Full (Allocation Failure) 490M->406M(490M) 524,860ms
[2019-04-15T13:37:40.453+0200][396,287s] GC(967) User=0,51s Sys=0,00s Real=0,53s
[2019-04-15T13:37:40.457+0200][396,291s] GC(968) Pause Initial Mark
[2019-04-15T13:37:40.459+0200][396,292s] GC(968) Pause Initial Mark 411M->411M(490M) 1,684ms
[2019-04-15T13:37:40.459+0200][396,292s] GC(968) User=0,01s Sys=0,00s Real=0,00s
[2019-04-15T13:37:40.459+0200][396,293s] GC(968) Concurrent Mark
[2019-04-15T13:37:40.459+0200][396,293s] GC(968) Using 4 workers of 4 for marking
[2019-04-15T13:37:40.645+0200][396,479s] GC(968) Concurrent Mark 186,169ms
[2019-04-15T13:37:40.645+0200][396,479s] GC(968) User=0,49s Sys=0,00s Real=0,19s
[2019-04-15T13:37:40.645+0200][396,479s] GC(968) Concurrent Preclean
[2019-04-15T13:37:40.946+0200][396,780s] GC(968) Concurrent Preclean 300,889ms
[2019-04-15T13:37:40.946+0200][396,780s] GC(968) User=0,57s Sys=0,00s Real=0,30s
[2019-04-15T13:37:40.946+0200][396,780s] GC(968) Concurrent Abortable Preclean
[2019-04-15T13:37:40.946+0200][396,780s] GC(968) Concurrent Abortable Preclean 0,008ms
[2019-04-15T13:37:40.946+0200][396,780s] GC(968) User=0,00s Sys=0,00s Real=0,00s
[2019-04-15T13:37:40.946+0200][396,780s] GC(968) Pause Remark
[2019-04-15T13:37:40.946+0200][396,780s] GC(969) Pause Young (CMS Final Remark)
[2019-04-15T13:37:40.946+0200][396,780s] GC(969) Using 4 workers of 4 for evacuation
[2019-04-15T13:37:40.946+0200][396,780s] GC(969) ParNew: 109247K->109247K(109248K)
[2019-04-15T13:37:40.946+0200][396,780s] GC(969) CMS: 385375K->385375K(393216K)
[2019-04-15T13:37:40.946+0200][396,780s] GC(969) Metaspace: 68703K->68703K(1112064K)
[2019-04-15T13:37:40.946+0200][396,780s] GC(969) Pause Young (CMS Final Remark) 483M->483M(490M) 0,093ms
[2019-04-15T13:37:40.946+0200][396,780s] GC(969) User=0,00s Sys=0,00s Real=0,00s
[2019-04-15T13:37:41.036+0200][396,869s] GC(968) Pause Remark 483M->483M(490M) 89,377ms
[2019-04-15T13:37:41.036+0200][396,869s] GC(968) User=0,14s Sys=0,01s Real=0,09s
[2019-04-15T13:37:41.036+0200][396,869s] GC(968) Concurrent Sweep
[2019-04-15T13:37:41.227+0200][397,060s] GC(970) Pause Full (Allocation Failure)
[2019-04-15T13:37:41.259+0200][397,093s] GC(968) Concurrent Sweep 223,572ms
[2019-04-15T13:37:41.259+0200][397,093s] GC(968) User=0,32s Sys=0,00s Real=0,22s
[2019-04-15T13:37:41.259+0200][397,093s] GC(970) Phase 1: Mark live objects
[2019-04-15T13:37:41.461+0200][397,295s] GC(970) Phase 1: Mark live objects 201,812ms
[2019-04-15T13:37:41.461+0200][397,295s] GC(970) Phase 2: Compute new object addresses
[2019-04-15T13:37:41.585+0200][397,419s] GC(970) Phase 2: Compute new object addresses 124,203ms
[2019-04-15T13:37:41.586+0200][397,419s] GC(970) Phase 3: Adjust pointers
[2019-04-15T13:37:41.711+0200][397,545s] GC(970) Phase 3: Adjust pointers 125,780ms
[2019-04-15T13:37:41.711+0200][397,545s] GC(970) Phase 4: Move objects
[2019-04-15T13:37:41.712+0200][397,545s] GC(970) Phase 4: Move objects 0,352ms
[2019-04-15T13:37:41.712+0200][397,546s] GC(970) ParNew: 109247K->34107K(109248K)
[2019-04-15T13:37:41.712+0200][397,546s] GC(970) CMS: 392874K->382093K(393216K)
[2019-04-15T13:37:41.712+0200][397,546s] GC(970) Metaspace: 68703K->68703K(1112064K)
[2019-04-15T13:37:41.712+0200][397,546s] GC(970) Pause Full (Allocation Failure) 490M->406M(490M) 485,808ms
[2019-04-15T13:37:41.712+0200][397,546s] GC(970) User=0,48s Sys=0,00s Real=0,48s
[2019-04-15T13:37:41.713+0200][397,546s] GC(968) Old: 382020K->382093K(393216K)
[2019-04-15T13:37:42.043+0200][397,877s] GC(971) Pause Full (Allocation Failure)
[2019-04-15T13:37:42.043+0200][397,877s] GC(971) Phase 1: Mark live objects
[2019-04-15T13:37:42.228+0200][398,062s] GC(971) Phase 1: Mark live objects 184,925ms
[2019-04-15T13:37:42.228+0200][398,062s] GC(971) Phase 2: Compute new object addresses
[2019-04-15T13:37:42.347+0200][398,181s] GC(971) Phase 2: Compute new object addresses 119,174ms
[2019-04-15T13:37:42.347+0200][398,181s] GC(971) Phase 3: Adjust pointers
[2019-04-15T13:37:42.487+0200][398,321s] GC(971) Phase 3: Adjust pointers 139,941ms
[2019-04-15T13:37:42.487+0200][398,321s] GC(971) Phase 4: Move objects
[2019-04-15T13:37:42.488+0200][398,322s] GC(971) Phase 4: Move objects 0,474ms
[2019-04-15T13:37:42.489+0200][398,322s] GC(971) ParNew: 109248K->34053K(109248K)
[2019-04-15T13:37:42.489+0200][398,322s] GC(971) CMS: 393160K->382266K(393216K)
[2019-04-15T13:37:42.489+0200][398,322s] GC(971) Metaspace: 68703K->68703K(1112064K)
[2019-04-15T13:37:42.489+0200][398,322s] GC(971) Pause Full (Allocation Failure) 490M->406M(490M) 445,828ms
[2019-04-15T13:37:42.489+0200][398,322s] GC(971) User=0,43s Sys=0,01s Real=0,45s
[2019-04-15T13:37:42.489+0200][398,323s] GC(972) Pause Initial Mark
[2019-04-15T13:37:42.490+0200][398,324s] GC(972) Pause Initial Mark 408M->408M(490M) 1,523ms
[2019-04-15T13:37:42.490+0200][398,324s] GC(972) User=0,00s Sys=0,00s Real=0,00s
[2019-04-15T13:37:42.490+0200][398,324s] GC(972) Concurrent Mark
[2019-04-15T13:37:42.490+0200][398,324s] GC(972) Using 4 workers of 4 for marking
[2019-04-15T13:37:42.679+0200][398,513s] GC(972) Concurrent Mark 188,513ms
[2019-04-15T13:37:42.679+0200][398,513s] GC(972) User=0,47s Sys=0,00s Real=0,19s
[2019-04-15T13:37:42.679+0200][398,513s] GC(972) Concurrent Preclean
[2019-04-15T13:37:43.128+0200][398,962s] GC(972) Concurrent Preclean 448,856ms
[2019-04-15T13:37:43.128+0200][398,962s] GC(972) User=0,78s Sys=0,01s Real=0,45s
[2019-04-15T13:37:43.128+0200][398,962s] GC(972) Concurrent Abortable Preclean
[2019-04-15T13:37:43.128+0200][398,962s] GC(972) Concurrent Abortable Preclean 0,007ms
[2019-04-15T13:37:43.128+0200][398,962s] GC(972) User=0,00s Sys=0,00s Real=0,00s
[2019-04-15T13:37:43.128+0200][398,962s] GC(972) Pause Remark
[2019-04-15T13:37:43.128+0200][398,962s] GC(973) Pause Young (CMS Final Remark)
[2019-04-15T13:37:43.128+0200][398,962s] GC(973) Using 4 workers of 4 for evacuation
[2019-04-15T13:37:43.128+0200][398,962s] GC(973) ParNew: 109247K->109247K(109248K)
[2019-04-15T13:37:43.128+0200][398,962s] GC(973) CMS: 391941K->391941K(393216K)
[2019-04-15T13:37:43.128+0200][398,962s] GC(973) Metaspace: 68703K->68703K(1112064K)
[2019-04-15T13:37:43.128+0200][398,962s] GC(973) Pause Young (CMS Final Remark) 489M->489M(490M) 0,059ms
[2019-04-15T13:37:43.128+0200][398,962s] GC(973) User=0,00s Sys=0,00s Real=0,00s
[2019-04-15T13:37:43.190+0200][399,024s] GC(972) Pause Remark 489M->489M(490M) 62,071ms
[2019-04-15T13:37:43.190+0200][399,024s] GC(972) User=0,13s Sys=0,00s Real=0,06s
[2019-04-15T13:37:43.190+0200][399,024s] GC(972) Concurrent Sweep
[2019-04-15T13:37:43.215+0200][399,049s] GC(974) Pause Full (Allocation Failure)
[2019-04-15T13:37:43.334+0200][399,167s] GC(972) Concurrent Sweep 143,319ms
[2019-04-15T13:37:43.334+0200][399,167s] GC(972) User=0,17s Sys=0,00s Real=0,15s
[2019-04-15T13:37:43.334+0200][399,168s] GC(974) Phase 1: Mark live objects
[2019-04-15T13:37:43.535+0200][399,369s] GC(974) Phase 1: Mark live objects 200,959ms
[2019-04-15T13:37:43.535+0200][399,369s] GC(974) Phase 2: Compute new object addresses
[2019-04-15T13:37:43.652+0200][399,486s] GC(974) Phase 2: Compute new object addresses 117,241ms
[2019-04-15T13:37:43.652+0200][399,486s] GC(974) Phase 3: Adjust pointers
[2019-04-15T13:37:43.776+0200][399,610s] GC(974) Phase 3: Adjust pointers 123,728ms
[2019-04-15T13:37:43.776+0200][399,610s] GC(974) Phase 4: Move objects
[2019-04-15T13:37:43.777+0200][399,610s] GC(974) Phase 4: Move objects 0,670ms
[2019-04-15T13:37:43.777+0200][399,611s] GC(974) ParNew: 109247K->34075K(109248K)
[2019-04-15T13:37:43.777+0200][399,611s] GC(974) CMS: 393136K->382310K(393216K)
[2019-04-15T13:37:43.777+0200][399,611s] GC(974) Metaspace: 68703K->68703K(1112064K)
[2019-04-15T13:37:43.777+0200][399,611s] GC(974) Pause Full (Allocation Failure) 490M->406M(490M) 561,860ms
[2019-04-15T13:37:43.777+0200][399,611s] GC(974) User=0,56s Sys=0,00s Real=0,56s
[2019-04-15T13:37:43.778+0200][399,611s] GC(972) Old: 382266K->382310K(393216K)
[2019-04-15T13:37:44.264+0200][400,098s] GC(975) Pause Full (Allocation Failure)
[2019-04-15T13:37:44.265+0200][400,099s] GC(975) Phase 1: Mark live objects
[2019-04-15T13:37:44.441+0200][400,275s] GC(975) Phase 1: Mark live objects 176,070ms
[2019-04-15T13:37:44.441+0200][400,275s] GC(975) Phase 2: Compute new object addresses
[2019-04-15T13:37:44.566+0200][400,400s] GC(975) Phase 2: Compute new object addresses 125,165ms
[2019-04-15T13:37:44.566+0200][400,400s] GC(975) Phase 3: Adjust pointers
[2019-04-15T13:37:44.688+0200][400,522s] GC(975) Phase 3: Adjust pointers 122,021ms
[2019-04-15T13:37:44.688+0200][400,522s] GC(975) Phase 4: Move objects
[2019-04-15T13:37:44.689+0200][400,523s] GC(975) Phase 4: Move objects 0,569ms
[2019-04-15T13:37:44.690+0200][400,523s] GC(975) ParNew: 109248K->34052K(109248K)
[2019-04-15T13:37:44.690+0200][400,523s] GC(975) CMS: 393193K->382388K(393216K)
[2019-04-15T13:37:44.690+0200][400,523s] GC(975) Metaspace: 68703K->68703K(1112064K)
[2019-04-15T13:37:44.690+0200][400,523s] GC(975) Pause Full (Allocation Failure) 490M->406M(490M) 425,279ms
[2019-04-15T13:37:44.690+0200][400,523s] GC(975) User=0,42s Sys=0,00s Real=0,43s
[2019-04-15T13:37:44.690+0200][400,524s] GC(976) Pause Initial Mark
[2019-04-15T13:37:44.691+0200][400,525s] GC(976) Pause Initial Mark 408M->408M(490M) 1,535ms
[2019-04-15T13:37:44.691+0200][400,525s] GC(976) User=0,01s Sys=0,00s Real=0,00s
[2019-04-15T13:37:44.691+0200][400,525s] GC(976) Concurrent Mark
[2019-04-15T13:37:44.691+0200][400,525s] GC(976) Using 4 workers of 4 for marking
[2019-04-15T13:37:44.885+0200][400,719s] GC(976) Concurrent Mark 193,549ms
[2019-04-15T13:37:44.885+0200][400,719s] GC(976) User=0,59s Sys=0,00s Real=0,20s
[2019-04-15T13:37:44.885+0200][400,719s] GC(976) Concurrent Preclean
[2019-04-15T13:37:45.253+0200][401,086s] GC(977) Pause Full (Allocation Failure)
[2019-04-15T13:37:45.276+0200][401,110s] GC(976) Concurrent Preclean 390,837ms
[2019-04-15T13:37:45.276+0200][401,110s] GC(976) User=0,68s Sys=0,01s Real=0,39s
[2019-04-15T13:37:45.276+0200][401,110s] GC(977) Phase 1: Mark live objects
[2019-04-15T13:37:45.494+0200][401,328s] GC(977) Phase 1: Mark live objects 218,059ms
[2019-04-15T13:37:45.494+0200][401,328s] GC(977) Phase 2: Compute new object addresses
[2019-04-15T13:37:45.614+0200][401,447s] GC(977) Phase 2: Compute new object addresses 119,167ms
[2019-04-15T13:37:45.614+0200][401,447s] GC(977) Phase 3: Adjust pointers
[2019-04-15T13:37:45.740+0200][401,574s] GC(977) Phase 3: Adjust pointers 126,162ms
[2019-04-15T13:37:45.740+0200][401,574s] GC(977) Phase 4: Move objects
[2019-04-15T13:37:45.740+0200][401,574s] GC(977) Phase 4: Move objects 0,456ms
[2019-04-15T13:37:45.741+0200][401,575s] GC(977) ParNew: 109248K->34102K(109248K)
[2019-04-15T13:37:45.741+0200][401,575s] GC(977) CMS: 393213K->382328K(393216K)
[2019-04-15T13:37:45.741+0200][401,575s] GC(977) Metaspace: 68703K->68703K(1112064K)
[2019-04-15T13:37:45.741+0200][401,575s] GC(977) Pause Full (Allocation Failure) 490M->406M(490M) 488,386ms
[2019-04-15T13:37:45.741+0200][401,575s] GC(977) User=0,48s Sys=0,00s Real=0,49s
[2019-04-15T13:37:46.118+0200][401,952s] GC(978) Pause Full (Allocation Failure)
[2019-04-15T13:37:46.119+0200][401,953s] GC(978) Phase 1: Mark live objects
[2019-04-15T13:37:46.287+0200][402,121s] GC(978) Phase 1: Mark live objects 168,000ms
[2019-04-15T13:37:46.287+0200][402,121s] GC(978) Phase 2: Compute new object addresses
[2019-04-15T13:37:46.410+0200][402,244s] GC(978) Phase 2: Compute new object addresses 123,106ms
[2019-04-15T13:37:46.410+0200][402,244s] GC(978) Phase 3: Adjust pointers
[2019-04-15T13:37:46.538+0200][402,371s] GC(978) Phase 3: Adjust pointers 127,262ms
[2019-04-15T13:37:46.538+0200][402,371s] GC(978) Phase 4: Move objects
[2019-04-15T13:37:46.538+0200][402,372s] GC(978) Phase 4: Move objects 0,528ms
[2019-04-15T13:37:46.539+0200][402,372s] GC(978) ParNew: 109248K->34124K(109248K)
[2019-04-15T13:37:46.539+0200][402,373s] GC(978) CMS: 393173K->382182K(393216K)
[2019-04-15T13:37:46.539+0200][402,373s] GC(978) Metaspace: 68703K->68703K(1112064K)
[2019-04-15T13:37:46.539+0200][402,373s] GC(978) Pause Full (Allocation Failure) 490M->406M(490M) 420,804ms
[2019-04-15T13:37:46.539+0200][402,373s] GC(978) User=0,42s Sys=0,00s Real=0,42s
[2019-04-15T13:37:46.539+0200][402,373s] GC(979) Pause Initial Mark
[2019-04-15T13:37:46.541+0200][402,374s] GC(979) Pause Initial Mark 408M->408M(490M) 1,652ms
[2019-04-15T13:37:46.541+0200][402,374s] GC(979) User=0,01s Sys=0,00s Real=0,00s
[2019-04-15T13:37:46.541+0200][402,374s] GC(979) Concurrent Mark
[2019-04-15T13:37:46.541+0200][402,374s] GC(979) Using 4 workers of 4 for marking
[2019-04-15T13:37:46.733+0200][402,567s] GC(979) Concurrent Mark 192,393ms
[2019-04-15T13:37:46.733+0200][402,567s] GC(979) User=0,47s Sys=0,01s Real=0,20s
[2019-04-15T13:37:46.734+0200][402,567s] GC(979) Concurrent Preclean
[2019-04-15T13:37:46.937+0200][402,771s] GC(979) Concurrent Preclean 203,373ms
[2019-04-15T13:37:46.937+0200][402,771s] GC(979) User=0,36s Sys=0,01s Real=0,20s
[2019-04-15T13:37:46.937+0200][402,771s] GC(979) Concurrent Abortable Preclean
[2019-04-15T13:37:46.937+0200][402,771s] GC(979) Concurrent Abortable Preclean 0,007ms
[2019-04-15T13:37:46.937+0200][402,771s] GC(979) User=0,00s Sys=0,00s Real=0,00s
[2019-04-15T13:37:46.937+0200][402,771s] GC(979) Pause Remark
[2019-04-15T13:37:46.937+0200][402,771s] GC(980) Pause Young (CMS Final Remark)
[2019-04-15T13:37:46.937+0200][402,771s] GC(980) Using 4 workers of 4 for evacuation
[2019-04-15T13:37:46.937+0200][402,771s] GC(980) ParNew: 100230K->100230K(109248K)
[2019-04-15T13:37:46.937+0200][402,771s] GC(980) CMS: 382182K->382182K(393216K)
[2019-04-15T13:37:46.937+0200][402,771s] GC(980) Metaspace: 68703K->68703K(1112064K)
[2019-04-15T13:37:46.937+0200][402,771s] GC(980) Pause Young (CMS Final Remark) 471M->471M(490M) 0,055ms
[2019-04-15T13:37:46.937+0200][402,771s] GC(980) User=0,00s Sys=0,00s Real=0,00s
[2019-04-15T13:37:47.059+0200][402,893s] GC(979) Pause Remark 471M->471M(490M) 121,927ms
[2019-04-15T13:37:47.059+0200][402,893s] GC(979) User=0,20s Sys=0,00s Real=0,12s
[2019-04-15T13:37:47.060+0200][402,894s] GC(979) Concurrent Sweep
[2019-04-15T13:37:47.200+0200][403,034s] GC(979) Concurrent Sweep 140,378ms
[2019-04-15T13:37:47.200+0200][403,034s] GC(979) User=0,27s Sys=0,00s Real=0,14s
[2019-04-15T13:37:47.201+0200][403,035s] GC(981) Pause Young (Allocation Failure)
[2019-04-15T13:37:47.201+0200][403,035s] GC(981) Using 4 workers of 4 for evacuation
[2019-04-15T13:37:47.201+0200][403,035s] GC(982) Pause Full (Allocation Failure)
[2019-04-15T13:37:47.202+0200][403,036s] GC(982) Phase 1: Mark live objects
[2019-04-15T13:37:47.389+0200][403,223s] GC(982) Phase 1: Mark live objects 187,454ms
[2019-04-15T13:37:47.389+0200][403,223s] GC(982) Phase 2: Compute new object addresses
[2019-04-15T13:37:47.502+0200][403,336s] GC(982) Phase 2: Compute new object addresses 112,499ms
[2019-04-15T13:37:47.502+0200][403,336s] GC(982) Phase 3: Adjust pointers
[2019-04-15T13:37:47.636+0200][403,469s] GC(982) Phase 3: Adjust pointers 133,490ms
[2019-04-15T13:37:47.636+0200][403,469s] GC(982) Phase 4: Move objects
[2019-04-15T13:37:47.636+0200][403,470s] GC(982) Phase 4: Move objects 0,733ms
[2019-04-15T13:37:47.637+0200][403,471s] GC(982) Pause Full (Allocation Failure) 482M->406M(490M) 436,441ms
[2019-04-15T13:37:47.637+0200][403,471s] GC(981) ParNew: 109248K->34486K(109248K)
[2019-04-15T13:37:47.637+0200][403,471s] GC(981) CMS: 384324K->382059K(393216K)
[2019-04-15T13:37:47.637+0200][403,471s] GC(981) Metaspace: 68703K->68703K(1112064K)
[2019-04-15T13:37:47.637+0200][403,471s] GC(981) Pause Young (Allocation Failure) 482M->406M(490M) 436,677ms
[2019-04-15T13:37:47.638+0200][403,471s] GC(981) User=0,43s Sys=0,00s Real=0,44s
[2019-04-15T13:37:47.638+0200][403,471s] GC(979) Old: 382182K->382059K(393216K)
[2019-04-15T13:37:47.961+0200][403,795s] GC(983) Pause Full (Allocation Failure)
[2019-04-15T13:37:47.962+0200][403,796s] GC(983) Phase 1: Mark live objects
[2019-04-15T13:37:48.144+0200][403,978s] GC(983) Phase 1: Mark live objects 182,495ms
[2019-04-15T13:37:48.145+0200][403,978s] GC(983) Phase 2: Compute new object addresses
[2019-04-15T13:37:48.265+0200][404,099s] GC(983) Phase 2: Compute new object addresses 120,400ms
[2019-04-15T13:37:48.265+0200][404,099s] GC(983) Phase 3: Adjust pointers
[2019-04-15T13:37:48.401+0200][404,235s] GC(983) Phase 3: Adjust pointers 135,855ms
[2019-04-15T13:37:48.401+0200][404,235s] GC(983) Phase 4: Move objects
[2019-04-15T13:37:48.401+0200][404,235s] GC(983) Phase 4: Move objects 0,232ms
[2019-04-15T13:37:48.402+0200][404,236s] GC(983) ParNew: 109247K->34176K(109248K)
[2019-04-15T13:37:48.402+0200][404,236s] GC(983) CMS: 393215K->382101K(393216K)
[2019-04-15T13:37:48.402+0200][404,236s] GC(983) Metaspace: 68703K->68703K(1112064K)
[2019-04-15T13:37:48.402+0200][404,236s] GC(983) Pause Full (Allocation Failure) 490M->406M(490M) 440,398ms
[2019-04-15T13:37:48.402+0200][404,236s] GC(983) User=0,44s Sys=0,00s Real=0,44s
[2019-04-15T13:37:48.405+0200][404,239s] GC(984) Pause Initial Mark
[2019-04-15T13:37:48.407+0200][404,240s] GC(984) Pause Initial Mark 411M->411M(490M) 1,514ms
[2019-04-15T13:37:48.407+0200][404,240s] GC(984) User=0,01s Sys=0,00s Real=0,00s
[2019-04-15T13:37:48.407+0200][404,240s] GC(984) Concurrent Mark
[2019-04-15T13:37:48.407+0200][404,240s] GC(984) Using 4 workers of 4 for marking
[2019-04-15T13:37:48.588+0200][404,422s] GC(984) Concurrent Mark 181,449ms
[2019-04-15T13:37:48.588+0200][404,422s] GC(984) User=0,56s Sys=0,00s Real=0,18s
[2019-04-15T13:37:48.588+0200][404,422s] GC(984) Concurrent Preclean
[2019-04-15T13:37:48.981+0200][404,814s] GC(985) Pause Full (Allocation Failure)
[2019-04-15T13:37:49.025+0200][404,859s] GC(984) Concurrent Preclean 437,302ms
[2019-04-15T13:37:49.025+0200][404,859s] GC(984) User=0,78s Sys=0,02s Real=0,44s
[2019-04-15T13:37:49.026+0200][404,859s] GC(985) Phase 1: Mark live objects
[2019-04-15T13:37:49.182+0200][405,016s] GC(985) Phase 1: Mark live objects 156,446ms
[2019-04-15T13:37:49.182+0200][405,016s] GC(985) Phase 2: Compute new object addresses
[2019-04-15T13:37:49.296+0200][405,130s] GC(985) Phase 2: Compute new object addresses 114,216ms
[2019-04-15T13:37:49.296+0200][405,130s] GC(985) Phase 3: Adjust pointers
[2019-04-15T13:37:49.423+0200][405,256s] GC(985) Phase 3: Adjust pointers 126,126ms
[2019-04-15T13:37:49.423+0200][405,256s] GC(985) Phase 4: Move objects
[2019-04-15T13:37:49.425+0200][405,258s] GC(985) Phase 4: Move objects 2,164ms
[2019-04-15T13:37:49.426+0200][405,259s] GC(985) ParNew: 109247K->34438K(109248K)
[2019-04-15T13:37:49.426+0200][405,259s] GC(985) CMS: 393198K->382316K(393216K)
[2019-04-15T13:37:49.426+0200][405,259s] GC(985) Metaspace: 68703K->68703K(1112064K)
[2019-04-15T13:37:49.426+0200][405,259s] GC(985) Pause Full (Allocation Failure) 490M->406M(490M) 445,052ms
[2019-04-15T13:37:49.426+0200][405,259s] GC(985) User=0,44s Sys=0,01s Real=0,45s
[2019-04-15T13:37:49.724+0200][405,558s] GC(986) Pause Full (Allocation Failure)
[2019-04-15T13:37:49.725+0200][405,559s] GC(986) Phase 1: Mark live objects
[2019-04-15T13:37:49.895+0200][405,729s] GC(986) Phase 1: Mark live objects 169,537ms
[2019-04-15T13:37:49.895+0200][405,729s] GC(986) Phase 2: Compute new object addresses
[2019-04-15T13:37:50.016+0200][405,850s] GC(986) Phase 2: Compute new object addresses 121,332ms
[2019-04-15T13:37:50.016+0200][405,850s] GC(986) Phase 3: Adjust pointers
[2019-04-15T13:37:50.161+0200][405,995s] GC(986) Phase 3: Adjust pointers 144,594ms
[2019-04-15T13:37:50.161+0200][405,995s] GC(986) Phase 4: Move objects
[2019-04-15T13:37:50.161+0200][405,995s] GC(986) Phase 4: Move objects 0,305ms
[2019-04-15T13:37:50.162+0200][405,996s] GC(986) ParNew: 109248K->34194K(109248K)
[2019-04-15T13:37:50.162+0200][405,996s] GC(986) CMS: 393127K->382129K(393216K)
[2019-04-15T13:37:50.162+0200][405,996s] GC(986) Metaspace: 68703K->68703K(1112064K)
[2019-04-15T13:37:50.162+0200][405,996s] GC(986) Pause Full (Allocation Failure) 490M->406M(490M) 437,448ms
[2019-04-15T13:37:50.162+0200][405,996s] GC(986) User=0,43s Sys=0,00s Real=0,44s
[2019-04-15T13:37:50.165+0200][405,999s] GC(987) Pause Initial Mark
[2019-04-15T13:37:50.166+0200][406,000s] GC(987) Pause Initial Mark 409M->409M(490M) 1,298ms
[2019-04-15T13:37:50.166+0200][406,000s] GC(987) User=0,00s Sys=0,00s Real=0,00s
[2019-04-15T13:37:50.166+0200][406,000s] GC(987) Concurrent Mark
[2019-04-15T13:37:50.166+0200][406,000s] GC(987) Using 4 workers of 4 for marking
[2019-04-15T13:37:50.333+0200][406,167s] GC(987) Concurrent Mark 166,501ms
[2019-04-15T13:37:50.333+0200][406,167s] GC(987) User=0,53s Sys=0,00s Real=0,17s
[2019-04-15T13:37:50.333+0200][406,167s] GC(987) Concurrent Preclean
[2019-04-15T13:37:50.517+0200][406,351s] GC(987) Concurrent Preclean 184,341ms
[2019-04-15T13:37:50.517+0200][406,351s] GC(987) User=0,34s Sys=0,00s Real=0,18s
[2019-04-15T13:37:50.517+0200][406,351s] GC(987) Concurrent Abortable Preclean
[2019-04-15T13:37:50.517+0200][406,351s] GC(987) Concurrent Abortable Preclean 0,007ms
[2019-04-15T13:37:50.517+0200][406,351s] GC(987) User=0,00s Sys=0,00s Real=0,00s
[2019-04-15T13:37:50.518+0200][406,351s] GC(987) Pause Remark
[2019-04-15T13:37:50.518+0200][406,351s] GC(988) Pause Young (CMS Final Remark)
[2019-04-15T13:37:50.518+0200][406,351s] GC(988) Using 4 workers of 4 for evacuation
[2019-04-15T13:37:50.518+0200][406,351s] GC(988) ParNew: 108430K->108430K(109248K)
[2019-04-15T13:37:50.518+0200][406,351s] GC(988) CMS: 382129K->382129K(393216K)
[2019-04-15T13:37:50.518+0200][406,351s] GC(988) Metaspace: 68703K->68703K(1112064K)
[2019-04-15T13:37:50.518+0200][406,351s] GC(988) Pause Young (CMS Final Remark) 479M->479M(490M) 0,056ms
[2019-04-15T13:37:50.518+0200][406,351s] GC(988) User=0,00s Sys=0,00s Real=0,00s
[2019-04-15T13:37:50.588+0200][406,422s] GC(987) Pause Remark 479M->479M(490M) 70,404ms
[2019-04-15T13:37:50.588+0200][406,422s] GC(987) User=0,14s Sys=0,00s Real=0,07s
[2019-04-15T13:37:50.588+0200][406,422s] GC(987) Concurrent Sweep
[2019-04-15T13:37:50.797+0200][406,631s] GC(987) Concurrent Sweep 209,205ms
[2019-04-15T13:37:50.797+0200][406,631s] GC(987) User=0,38s Sys=0,00s Real=0,21s
[2019-04-15T13:37:50.797+0200][406,631s] GC(989) Pause Young (Allocation Failure)
[2019-04-15T13:37:50.797+0200][406,631s] GC(989) Using 4 workers of 4 for evacuation
[2019-04-15T13:37:50.797+0200][406,631s] GC(990) Pause Full (Allocation Failure)
[2019-04-15T13:37:50.798+0200][406,632s] GC(990) Phase 1: Mark live objects
[2019-04-15T13:37:50.982+0200][406,816s] GC(990) Phase 1: Mark live objects 184,591ms
[2019-04-15T13:37:50.982+0200][406,816s] GC(990) Phase 2: Compute new object addresses
[2019-04-15T13:37:51.099+0200][406,932s] GC(990) Phase 2: Compute new object addresses 116,121ms
[2019-04-15T13:37:51.099+0200][406,932s] GC(990) Phase 3: Adjust pointers
[2019-04-15T13:37:51.222+0200][407,055s] GC(990) Phase 3: Adjust pointers 123,168ms
[2019-04-15T13:37:51.222+0200][407,056s] GC(990) Phase 4: Move objects
[2019-04-15T13:37:51.222+0200][407,056s] GC(990) Phase 4: Move objects 0,283ms
[2019-04-15T13:37:51.223+0200][407,057s] GC(990) Pause Full (Allocation Failure) 487M->406M(490M) 425,564ms
[2019-04-15T13:37:51.223+0200][407,057s] GC(989) ParNew: 109248K->34191K(109248K)
[2019-04-15T13:37:51.223+0200][407,057s] GC(989) CMS: 389618K->381969K(393216K)
[2019-04-15T13:37:51.223+0200][407,057s] GC(989) Metaspace: 68703K->68703K(1112064K)
[2019-04-15T13:37:51.223+0200][407,057s] GC(989) Pause Young (Allocation Failure) 487M->406M(490M) 425,688ms
[2019-04-15T13:37:51.223+0200][407,057s] GC(989) User=0,42s Sys=0,00s Real=0,42s
[2019-04-15T13:37:51.224+0200][407,057s] GC(987) Old: 382129K->381969K(393216K)
[2019-04-15T13:37:51.278+0200][407,112s] GC(991) Pause Full (Allocation Failure)
[2019-04-15T13:37:51.279+0200][407,112s] GC(991) Phase 1: Mark live objects
[2019-04-15T13:37:51.444+0200][407,277s] GC(991) Phase 1: Mark live objects 165,133ms
[2019-04-15T13:37:51.444+0200][407,278s] GC(991) Phase 2: Compute new object addresses
[2019-04-15T13:37:51.544+0200][407,378s] GC(991) Phase 2: Compute new object addresses 99,930ms
[2019-04-15T13:37:51.544+0200][407,378s] GC(991) Phase 3: Adjust pointers
[2019-04-15T13:37:51.686+0200][407,520s] GC(991) Phase 3: Adjust pointers 142,047ms
[2019-04-15T13:37:51.686+0200][407,520s] GC(991) Phase 4: Move objects
[2019-04-15T13:37:51.686+0200][407,520s] GC(991) Phase 4: Move objects 0,507ms
[2019-04-15T13:37:51.687+0200][407,521s] GC(991) ParNew: 71122K->34861K(109248K)
[2019-04-15T13:37:51.687+0200][407,521s] GC(991) CMS: 381969K->381775K(393216K)
[2019-04-15T13:37:51.687+0200][407,521s] GC(991) Metaspace: 68703K->68703K(1112064K)
[2019-04-15T13:37:51.687+0200][407,521s] GC(991) Pause Full (Allocation Failure) 442M->406M(490M) 409,119ms
[2019-04-15T13:37:51.687+0200][407,521s] GC(991) User=0,41s Sys=0,00s Real=0,41s
[2019-04-15T13:37:51.687+0200][407,521s] GC(992) Pause Full (Allocation Failure)
[2019-04-15T13:37:51.689+0200][407,523s] GC(992) Phase 1: Mark live objects
[2019-04-15T13:37:51.868+0200][407,701s] GC(992) Phase 1: Mark live objects 178,620ms
[2019-04-15T13:37:51.868+0200][407,701s] GC(992) Phase 2: Compute new object addresses
[2019-04-15T13:37:51.962+0200][407,796s] GC(992) Phase 2: Compute new object addresses 94,080ms
[2019-04-15T13:37:51.962+0200][407,796s] GC(992) Phase 3: Adjust pointers
[2019-04-15T13:37:52.123+0200][407,957s] GC(992) Phase 3: Adjust pointers 160,965ms
[2019-04-15T13:37:52.123+0200][407,957s] GC(992) Phase 4: Move objects
[2019-04-15T13:37:52.235+0200][408,069s] GC(992) Phase 4: Move objects 111,885ms
[2019-04-15T13:37:52.247+0200][408,080s] GC(992) ParNew: 34861K->34290K(109248K)
[2019-04-15T13:37:52.247+0200][408,080s] GC(992) CMS: 381775K->381673K(393216K)
[2019-04-15T13:37:52.247+0200][408,080s] GC(992) Metaspace: 68703K->68703K(1112064K)
[2019-04-15T13:37:52.247+0200][408,080s] GC(992) Pause Full (Allocation Failure) 406M->406M(490M) 559,292ms
[2019-04-15T13:37:52.247+0200][408,080s] GC(992) User=0,56s Sys=0,00s Real=0,56s
