[2019-04-15T20:45:42.441+0200][0.007s] Using Concurrent Mark Sweep
[2019-04-15T20:45:42.442+0200][0.007s] Heap address: 0x00000000e0000000, size: 512 MB, Compressed Oops mode: 32-bit
[2019-04-15T20:45:43.674+0200][1,240s] GC(0) Pause Young (Allocation Failure)
[2019-04-15T20:45:43.674+0200][1,240s] GC(0) Using 4 workers of 4 for evacuation
[2019-04-15T20:45:43.685+0200][1,251s] GC(0) ParNew: 87424K->11065K(109248K)
[2019-04-15T20:45:43.685+0200][1,251s] GC(0) CMS: 0K->0K(393216K)
[2019-04-15T20:45:43.685+0200][1,251s] GC(0) Metaspace: 23873K->23873K(1071104K)
[2019-04-15T20:45:43.685+0200][1,251s] GC(0) Pause Young (Allocation Failure) 85M->10M(490M) 10,500ms
[2019-04-15T20:45:43.685+0200][1,251s] GC(0) User=0,04s Sys=0,00s Real=0,01s
[2019-04-15T20:45:43.685+0200][1,251s] GC(1) Pause Initial Mark
[2019-04-15T20:45:43.687+0200][1,253s] GC(1) Pause Initial Mark 12M->12M(490M) 1,816ms
[2019-04-15T20:45:43.687+0200][1,253s] GC(1) User=0,00s Sys=0,00s Real=0,01s
[2019-04-15T20:45:43.687+0200][1,253s] GC(1) Concurrent Mark
[2019-04-15T20:45:43.687+0200][1,253s] GC(1) Using 4 workers of 4 for marking
[2019-04-15T20:45:43.691+0200][1,257s] GC(1) Concurrent Mark 3,971ms
[2019-04-15T20:45:43.691+0200][1,257s] GC(1) User=0,01s Sys=0,00s Real=0,00s
[2019-04-15T20:45:43.691+0200][1,257s] GC(1) Concurrent Preclean
[2019-04-15T20:45:43.692+0200][1,258s] GC(1) Concurrent Preclean 1,006ms
[2019-04-15T20:45:43.692+0200][1,258s] GC(1) User=0,00s Sys=0,00s Real=0,00s
[2019-04-15T20:45:43.692+0200][1,258s] GC(1) Pause Remark
[2019-04-15T20:45:43.692+0200][1,258s] GC(2) Pause Young (CMS Final Remark)
[2019-04-15T20:45:43.692+0200][1,258s] GC(2) Using 4 workers of 4 for evacuation
[2019-04-15T20:45:43.700+0200][1,266s] GC(2) ParNew: 12691K->13348K(109248K)
[2019-04-15T20:45:43.700+0200][1,266s] GC(2) CMS: 0K->0K(393216K)
[2019-04-15T20:45:43.700+0200][1,266s] GC(2) Metaspace: 23899K->23899K(1071104K)
[2019-04-15T20:45:43.700+0200][1,266s] GC(2) Pause Young (CMS Final Remark) 12M->13M(490M) 7,866ms
[2019-04-15T20:45:43.700+0200][1,266s] GC(2) User=0,01s Sys=0,01s Real=0,01s
[2019-04-15T20:45:43.711+0200][1,277s] GC(1) Pause Remark 12M->13M(490M) 18,915ms
[2019-04-15T20:45:43.711+0200][1,277s] GC(1) User=0,04s Sys=0,01s Real=0,02s
[2019-04-15T20:45:43.711+0200][1,277s] GC(1) Concurrent Sweep
[2019-04-15T20:45:43.712+0200][1,277s] GC(1) Concurrent Sweep 0,235ms
[2019-04-15T20:45:43.712+0200][1,277s] GC(1) User=0,00s Sys=0,00s Real=0,00s
[2019-04-15T20:45:43.712+0200][1,277s] GC(1) Concurrent Reset
[2019-04-15T20:45:43.714+0200][1,280s] GC(1) Concurrent Reset 2,672ms
[2019-04-15T20:45:43.714+0200][1,280s] GC(1) User=0,00s Sys=0,01s Real=0,00s
[2019-04-15T20:45:43.714+0200][1,280s] GC(1) Old: 0K->0K(393216K)
[2019-04-15T20:45:44.585+0200][2,151s] GC(3) Pause Young (Allocation Failure)
[2019-04-15T20:45:44.585+0200][2,151s] GC(3) Using 4 workers of 4 for evacuation
[2019-04-15T20:45:44.609+0200][2,175s] GC(3) ParNew: 100728K->20620K(109248K)
[2019-04-15T20:45:44.609+0200][2,175s] GC(3) CMS: 0K->0K(393216K)
[2019-04-15T20:45:44.609+0200][2,175s] GC(3) Metaspace: 32261K->32261K(1079296K)
[2019-04-15T20:45:44.609+0200][2,175s] GC(3) Pause Young (Allocation Failure) 98M->20M(490M) 24,385ms
[2019-04-15T20:45:44.609+0200][2,175s] GC(3) User=0,08s Sys=0,00s Real=0,03s
[2019-04-15T20:45:44.662+0200][2,228s] GC(4) Pause Young (Allocation Failure)
[2019-04-15T20:45:44.662+0200][2,228s] GC(4) Using 4 workers of 4 for evacuation
[2019-04-15T20:45:44.691+0200][2,257s] GC(4) ParNew: 107940K->21824K(109248K)
[2019-04-15T20:45:44.691+0200][2,257s] GC(4) CMS: 0K->19732K(393216K)
[2019-04-15T20:45:44.691+0200][2,257s] GC(4) Metaspace: 32311K->32311K(1079296K)
[2019-04-15T20:45:44.691+0200][2,257s] GC(4) Pause Young (Allocation Failure) 105M->40M(490M) 29,327ms
[2019-04-15T20:45:44.692+0200][2,257s] GC(4) User=0,09s Sys=0,02s Real=0,03s
[2019-04-15T20:45:45.459+0200][3,025s] GC(5) Pause Young (Allocation Failure)
[2019-04-15T20:45:45.459+0200][3,025s] GC(5) Using 4 workers of 4 for evacuation
[2019-04-15T20:45:45.473+0200][3,038s] GC(5) ParNew: 109248K->21824K(109248K)
[2019-04-15T20:45:45.473+0200][3,038s] GC(5) CMS: 19732K->26560K(393216K)
[2019-04-15T20:45:45.473+0200][3,038s] GC(5) Metaspace: 37374K->37374K(1083392K)
[2019-04-15T20:45:45.473+0200][3,038s] GC(5) Pause Young (Allocation Failure) 125M->47M(490M) 13,817ms
[2019-04-15T20:45:45.473+0200][3,038s] GC(5) User=0,04s Sys=0,01s Real=0,01s
[2019-04-15T20:45:46.060+0200][3,626s] GC(6) Pause Young (Allocation Failure)
[2019-04-15T20:45:46.060+0200][3,626s] GC(6) Using 4 workers of 4 for evacuation
[2019-04-15T20:45:46.088+0200][3,654s] GC(6) ParNew: 109248K->21824K(109248K)
[2019-04-15T20:45:46.088+0200][3,654s] GC(6) CMS: 26560K->32887K(393216K)
[2019-04-15T20:45:46.088+0200][3,654s] GC(6) Metaspace: 40768K->40768K(1087488K)
[2019-04-15T20:45:46.088+0200][3,654s] GC(6) Pause Young (Allocation Failure) 132M->53M(490M) 28,331ms
[2019-04-15T20:45:46.088+0200][3,654s] GC(6) User=0,10s Sys=0,01s Real=0,03s
[2019-04-15T20:45:46.089+0200][3,654s] GC(7) Pause Initial Mark
[2019-04-15T20:45:46.091+0200][3,657s] GC(7) Pause Initial Mark 54M->54M(490M) 2,136ms
[2019-04-15T20:45:46.091+0200][3,657s] GC(7) User=0,01s Sys=0,00s Real=0,00s
[2019-04-15T20:45:46.091+0200][3,657s] GC(7) Concurrent Mark
[2019-04-15T20:45:46.091+0200][3,657s] GC(7) Using 4 workers of 4 for marking
[2019-04-15T20:45:46.111+0200][3,676s] GC(7) Concurrent Mark 19,741ms
[2019-04-15T20:45:46.111+0200][3,676s] GC(7) User=0,07s Sys=0,00s Real=0,02s
[2019-04-15T20:45:46.111+0200][3,676s] GC(7) Concurrent Preclean
[2019-04-15T20:45:46.111+0200][3,677s] GC(7) Concurrent Preclean 0,601ms
[2019-04-15T20:45:46.111+0200][3,677s] GC(7) User=0,00s Sys=0,00s Real=0,00s
[2019-04-15T20:45:46.111+0200][3,677s] GC(7) Concurrent Abortable Preclean
[2019-04-15T20:45:46.271+0200][3,837s] GC(8) Pause Young (Allocation Failure)
[2019-04-15T20:45:46.271+0200][3,837s] GC(8) Using 4 workers of 4 for evacuation
[2019-04-15T20:45:46.293+0200][3,859s] GC(8) ParNew: 109248K->21824K(109248K)
[2019-04-15T20:45:46.293+0200][3,859s] GC(8) CMS: 32887K->35623K(393216K)
[2019-04-15T20:45:46.293+0200][3,859s] GC(8) Metaspace: 41868K->41868K(1087488K)
[2019-04-15T20:45:46.293+0200][3,859s] GC(8) Pause Young (Allocation Failure) 138M->56M(490M) 22,041ms
[2019-04-15T20:45:46.293+0200][3,859s] GC(8) User=0,09s Sys=0,00s Real=0,02s
[2019-04-15T20:45:46.413+0200][3,979s] GC(7) Concurrent Abortable Preclean 301,653ms
[2019-04-15T20:45:46.413+0200][3,979s] GC(7) User=1,04s Sys=0,01s Real=0,30s
[2019-04-15T20:45:46.413+0200][3,979s] GC(7) Pause Remark
[2019-04-15T20:45:46.413+0200][3,979s] GC(9) Pause Young (CMS Final Remark)
[2019-04-15T20:45:46.413+0200][3,979s] GC(9) Using 4 workers of 4 for evacuation
[2019-04-15T20:45:46.426+0200][3,992s] GC(9) ParNew: 77271K->21824K(109248K)
[2019-04-15T20:45:46.427+0200][3,992s] GC(9) CMS: 35623K->37657K(393216K)
[2019-04-15T20:45:46.427+0200][3,992s] GC(9) Metaspace: 42460K->42460K(1087488K)
[2019-04-15T20:45:46.427+0200][3,992s] GC(9) Pause Young (CMS Final Remark) 110M->58M(490M) 13,475ms
[2019-04-15T20:45:46.427+0200][3,992s] GC(9) User=0,05s Sys=0,00s Real=0,02s
[2019-04-15T20:45:46.449+0200][4,014s] GC(7) Pause Remark 110M->58M(490M) 35,632ms
[2019-04-15T20:45:46.449+0200][4,015s] GC(7) User=0,11s Sys=0,00s Real=0,04s
[2019-04-15T20:45:46.449+0200][4,015s] GC(7) Concurrent Sweep
[2019-04-15T20:45:46.454+0200][4,020s] GC(7) Concurrent Sweep 5,439ms
[2019-04-15T20:45:46.454+0200][4,020s] GC(7) User=0,02s Sys=0,00s Real=0,00s
[2019-04-15T20:45:46.454+0200][4,020s] GC(7) Concurrent Reset
[2019-04-15T20:45:46.455+0200][4,021s] GC(7) Concurrent Reset 0,433ms
[2019-04-15T20:45:46.455+0200][4,021s] GC(7) User=0,00s Sys=0,00s Real=0,00s
[2019-04-15T20:45:46.455+0200][4,021s] GC(7) Old: 32887K->37428K(393216K)
[2019-04-15T20:45:46.798+0200][4,364s] GC(10) Pause Young (Allocation Failure)
[2019-04-15T20:45:46.799+0200][4,364s] GC(10) Using 4 workers of 4 for evacuation
[2019-04-15T20:45:46.808+0200][4,374s] GC(10) ParNew: 109248K->21824K(109248K)
[2019-04-15T20:45:46.808+0200][4,374s] GC(10) CMS: 37428K->37559K(393216K)
[2019-04-15T20:45:46.808+0200][4,374s] GC(10) Metaspace: 43824K->43824K(1089536K)
[2019-04-15T20:45:46.808+0200][4,374s] GC(10) Pause Young (Allocation Failure) 143M->57M(490M) 10,039ms
[2019-04-15T20:45:46.809+0200][4,374s] GC(10) User=0,04s Sys=0,00s Real=0,01s
[2019-04-15T20:45:46.865+0200][4,431s] GC(11) Pause Young (Allocation Failure)
[2019-04-15T20:45:46.865+0200][4,431s] GC(11) Using 4 workers of 4 for evacuation
[2019-04-15T20:45:46.875+0200][4,441s] GC(11) ParNew: 109248K->21824K(109248K)
[2019-04-15T20:45:46.875+0200][4,441s] GC(11) CMS: 37559K->38729K(393216K)
[2019-04-15T20:45:46.875+0200][4,441s] GC(11) Metaspace: 43862K->43862K(1089536K)
[2019-04-15T20:45:46.875+0200][4,441s] GC(11) Pause Young (Allocation Failure) 143M->59M(490M) 10,146ms
[2019-04-15T20:45:46.875+0200][4,441s] GC(11) User=0,04s Sys=0,00s Real=0,01s
[2019-04-15T20:45:47.252+0200][4,818s] GC(12) Pause Young (Allocation Failure)
[2019-04-15T20:45:47.252+0200][4,818s] GC(12) Using 4 workers of 4 for evacuation
[2019-04-15T20:45:47.270+0200][4,836s] GC(12) ParNew: 109248K->21824K(109248K)
[2019-04-15T20:45:47.270+0200][4,836s] GC(12) CMS: 38729K->41994K(393216K)
[2019-04-15T20:45:47.270+0200][4,836s] GC(12) Metaspace: 46219K->46219K(1091584K)
[2019-04-15T20:45:47.270+0200][4,836s] GC(12) Pause Young (Allocation Failure) 144M->62M(490M) 18,233ms
[2019-04-15T20:45:47.270+0200][4,836s] GC(12) User=0,05s Sys=0,00s Real=0,02s
[2019-04-15T20:45:47.737+0200][5,302s] GC(13) Pause Young (Allocation Failure)
[2019-04-15T20:45:47.737+0200][5,303s] GC(13) Using 4 workers of 4 for evacuation
[2019-04-15T20:45:47.769+0200][5,335s] GC(13) ParNew: 109248K->21824K(109248K)
[2019-04-15T20:45:47.769+0200][5,335s] GC(13) CMS: 41994K->46037K(393216K)
[2019-04-15T20:45:47.769+0200][5,335s] GC(13) Metaspace: 49761K->49761K(1095680K)
[2019-04-15T20:45:47.769+0200][5,335s] GC(13) Pause Young (Allocation Failure) 147M->66M(490M) 32,301ms
[2019-04-15T20:45:47.769+0200][5,335s] GC(13) User=0,09s Sys=0,00s Real=0,04s
[2019-04-15T20:46:50.407+0200][67,973s] GC(14) Pause Young (Allocation Failure)
[2019-04-15T20:46:50.407+0200][67,973s] GC(14) Using 4 workers of 4 for evacuation
[2019-04-15T20:46:50.447+0200][68,012s] GC(14) ParNew: 108414K->21824K(109248K)
[2019-04-15T20:46:50.447+0200][68,012s] GC(14) CMS: 46037K->52135K(393216K)
[2019-04-15T20:46:50.447+0200][68,012s] GC(14) Metaspace: 54653K->54653K(1099776K)
[2019-04-15T20:46:50.447+0200][68,012s] GC(14) Pause Young (Allocation Failure) 150M->72M(490M) 39,678ms
[2019-04-15T20:46:50.447+0200][68,012s] GC(14) User=0,09s Sys=0,00s Real=0,04s
[2019-04-15T21:12:18.942+0200][1596,507s] GC(15) Pause Young (Allocation Failure)
[2019-04-15T21:12:18.942+0200][1596,508s] GC(15) Using 4 workers of 4 for evacuation
[2019-04-15T21:12:18.964+0200][1596,530s] GC(15) ParNew: 109248K->21824K(109248K)
[2019-04-15T21:12:18.964+0200][1596,530s] GC(15) CMS: 52135K->60358K(393216K)
[2019-04-15T21:12:18.964+0200][1596,530s] GC(15) Metaspace: 56534K->56534K(1101824K)
[2019-04-15T21:12:18.964+0200][1596,530s] GC(15) Pause Young (Allocation Failure) 157M->80M(490M) 22,350ms
[2019-04-15T21:12:18.964+0200][1596,530s] GC(15) User=0,07s Sys=0,00s Real=0,02s
[2019-04-15T21:35:13.483+0200][2967,049s] GC(16) Pause Young (Allocation Failure)
[2019-04-15T21:35:13.484+0200][2967,049s] GC(16) Using 4 workers of 4 for evacuation
[2019-04-15T21:35:13.528+0200][2967,094s] GC(16) ParNew: 109248K->21824K(109248K)
[2019-04-15T21:35:13.528+0200][2967,094s] GC(16) CMS: 60358K->70618K(393216K)
[2019-04-15T21:35:13.528+0200][2967,094s] GC(16) Metaspace: 57336K->57336K(1101824K)
[2019-04-15T21:35:13.528+0200][2967,094s] GC(16) Pause Young (Allocation Failure) 165M->90M(490M) 44,930ms
[2019-04-15T21:35:13.528+0200][2967,094s] GC(16) User=0,11s Sys=0,00s Real=0,05s
[2019-04-15T21:35:14.630+0200][2968,196s] GC(17) Pause Young (Allocation Failure)
[2019-04-15T21:35:14.630+0200][2968,196s] GC(17) Using 4 workers of 4 for evacuation
[2019-04-15T21:35:14.673+0200][2968,239s] GC(17) ParNew: 109248K->21824K(109248K)
[2019-04-15T21:35:14.673+0200][2968,239s] GC(17) CMS: 70618K->77809K(393216K)
[2019-04-15T21:35:14.673+0200][2968,239s] GC(17) Metaspace: 57387K->57387K(1101824K)
[2019-04-15T21:35:14.673+0200][2968,239s] GC(17) Pause Young (Allocation Failure) 175M->97M(490M) 42,569ms
[2019-04-15T21:35:14.673+0200][2968,239s] GC(17) User=0,10s Sys=0,00s Real=0,04s
[2019-04-15T21:35:15.082+0200][2968,648s] GC(18) Pause Young (Allocation Failure)
[2019-04-15T21:35:15.082+0200][2968,648s] GC(18) Using 4 workers of 4 for evacuation
[2019-04-15T21:35:15.095+0200][2968,661s] GC(18) ParNew: 109248K->19038K(109248K)
[2019-04-15T21:35:15.095+0200][2968,661s] GC(18) CMS: 77809K->77809K(393216K)
[2019-04-15T21:35:15.095+0200][2968,661s] GC(18) Metaspace: 57390K->57390K(1101824K)
[2019-04-15T21:35:15.095+0200][2968,661s] GC(18) Pause Young (Allocation Failure) 182M->94M(490M) 13,262ms
[2019-04-15T21:35:15.095+0200][2968,661s] GC(18) User=0,04s Sys=0,00s Real=0,01s
[2019-04-15T21:35:15.449+0200][2969,015s] GC(19) Pause Young (Allocation Failure)
[2019-04-15T21:35:15.450+0200][2969,015s] GC(19) Using 4 workers of 4 for evacuation
[2019-04-15T21:35:15.465+0200][2969,031s] GC(19) ParNew: 106462K->15299K(109248K)
[2019-04-15T21:35:15.465+0200][2969,031s] GC(19) CMS: 77809K->77809K(393216K)
[2019-04-15T21:35:15.465+0200][2969,031s] GC(19) Metaspace: 57390K->57390K(1101824K)
[2019-04-15T21:35:15.465+0200][2969,031s] GC(19) Pause Young (Allocation Failure) 179M->90M(490M) 15,965ms
[2019-04-15T21:35:15.465+0200][2969,031s] GC(19) User=0,05s Sys=0,00s Real=0,02s
[2019-04-15T21:35:15.843+0200][2969,409s] GC(20) Pause Young (Allocation Failure)
[2019-04-15T21:35:15.843+0200][2969,409s] GC(20) Using 4 workers of 4 for evacuation
[2019-04-15T21:35:15.858+0200][2969,424s] GC(20) ParNew: 102723K->18372K(109248K)
[2019-04-15T21:35:15.858+0200][2969,424s] GC(20) CMS: 77809K->77809K(393216K)
[2019-04-15T21:35:15.858+0200][2969,424s] GC(20) Metaspace: 57390K->57390K(1101824K)
[2019-04-15T21:35:15.858+0200][2969,424s] GC(20) Pause Young (Allocation Failure) 176M->93M(490M) 15,420ms
[2019-04-15T21:35:15.858+0200][2969,424s] GC(20) User=0,04s Sys=0,00s Real=0,02s
[2019-04-15T21:35:16.202+0200][2969,768s] GC(21) Pause Young (Allocation Failure)
[2019-04-15T21:35:16.202+0200][2969,768s] GC(21) Using 4 workers of 4 for evacuation
[2019-04-15T21:35:16.221+0200][2969,787s] GC(21) ParNew: 105796K->11062K(109248K)
[2019-04-15T21:35:16.221+0200][2969,787s] GC(21) CMS: 77809K->82729K(393216K)
[2019-04-15T21:35:16.221+0200][2969,787s] GC(21) Metaspace: 57390K->57390K(1101824K)
[2019-04-15T21:35:16.221+0200][2969,787s] GC(21) Pause Young (Allocation Failure) 179M->91M(490M) 18,881ms
[2019-04-15T21:35:16.221+0200][2969,787s] GC(21) User=0,05s Sys=0,00s Real=0,02s
[2019-04-15T21:35:16.486+0200][2970,052s] GC(22) Pause Young (Allocation Failure)
[2019-04-15T21:35:16.486+0200][2970,052s] GC(22) Using 4 workers of 4 for evacuation
[2019-04-15T21:35:16.538+0200][2970,104s] GC(22) ParNew: 98486K->21824K(109248K)
[2019-04-15T21:35:16.539+0200][2970,104s] GC(22) CMS: 82729K->98681K(393216K)
[2019-04-15T21:35:16.539+0200][2970,104s] GC(22) Metaspace: 57390K->57390K(1101824K)
[2019-04-15T21:35:16.539+0200][2970,104s] GC(22) Pause Young (Allocation Failure) 176M->117M(490M) 52,107ms
[2019-04-15T21:35:16.539+0200][2970,104s] GC(22) User=0,17s Sys=0,01s Real=0,05s
[2019-04-15T21:35:17.050+0200][2970,616s] GC(23) Pause Young (Allocation Failure)
[2019-04-15T21:35:17.051+0200][2970,616s] GC(23) Using 4 workers of 4 for evacuation
[2019-04-15T21:35:17.078+0200][2970,644s] GC(23) ParNew: 109248K->21824K(109248K)
[2019-04-15T21:35:17.078+0200][2970,644s] GC(23) CMS: 98681K->102761K(393216K)
[2019-04-15T21:35:17.078+0200][2970,644s] GC(23) Metaspace: 57390K->57390K(1101824K)
[2019-04-15T21:35:17.078+0200][2970,644s] GC(23) Pause Young (Allocation Failure) 203M->121M(490M) 27,363ms
[2019-04-15T21:35:17.078+0200][2970,644s] GC(23) User=0,09s Sys=0,00s Real=0,03s
[2019-04-15T21:35:17.318+0200][2970,884s] GC(24) Pause Young (Allocation Failure)
[2019-04-15T21:35:17.318+0200][2970,884s] GC(24) Using 4 workers of 4 for evacuation
[2019-04-15T21:35:17.322+0200][2970,888s] GC(24) ParNew: 109248K->17495K(109248K)
[2019-04-15T21:35:17.322+0200][2970,888s] GC(24) CMS: 102761K->103422K(393216K)
[2019-04-15T21:35:17.323+0200][2970,888s] GC(24) Metaspace: 57390K->57390K(1101824K)
[2019-04-15T21:35:17.323+0200][2970,888s] GC(24) Pause Young (Allocation Failure) 207M->118M(490M) 4,618ms
[2019-04-15T21:35:17.323+0200][2970,888s] GC(24) User=0,02s Sys=0,00s Real=0,00s
[2019-04-15T21:35:17.648+0200][2971,214s] GC(25) Pause Young (Allocation Failure)
[2019-04-15T21:35:17.648+0200][2971,214s] GC(25) Using 4 workers of 4 for evacuation
[2019-04-15T21:35:17.654+0200][2971,220s] GC(25) ParNew: 104919K->6586K(109248K)
[2019-04-15T21:35:17.654+0200][2971,220s] GC(25) CMS: 103422K->103422K(393216K)
[2019-04-15T21:35:17.654+0200][2971,220s] GC(25) Metaspace: 57390K->57390K(1101824K)
[2019-04-15T21:35:17.654+0200][2971,220s] GC(25) Pause Young (Allocation Failure) 203M->107M(490M) 5,788ms
[2019-04-15T21:35:17.654+0200][2971,220s] GC(25) User=0,01s Sys=0,00s Real=0,00s
[2019-04-15T21:35:17.936+0200][2971,502s] GC(26) Pause Young (Allocation Failure)
[2019-04-15T21:35:17.936+0200][2971,502s] GC(26) Using 4 workers of 4 for evacuation
[2019-04-15T21:35:17.942+0200][2971,508s] GC(26) ParNew: 94010K->5141K(109248K)
[2019-04-15T21:35:17.942+0200][2971,508s] GC(26) CMS: 103422K->103422K(393216K)
[2019-04-15T21:35:17.942+0200][2971,508s] GC(26) Metaspace: 57390K->57390K(1101824K)
[2019-04-15T21:35:17.942+0200][2971,508s] GC(26) Pause Young (Allocation Failure) 192M->106M(490M) 6,383ms
[2019-04-15T21:35:17.942+0200][2971,508s] GC(26) User=0,02s Sys=0,00s Real=0,01s
[2019-04-15T21:35:18.222+0200][2971,788s] GC(27) Pause Young (Allocation Failure)
[2019-04-15T21:35:18.223+0200][2971,788s] GC(27) Using 4 workers of 4 for evacuation
[2019-04-15T21:35:18.231+0200][2971,797s] GC(27) ParNew: 92565K->4490K(109248K)
[2019-04-15T21:35:18.231+0200][2971,797s] GC(27) CMS: 103422K->103422K(393216K)
[2019-04-15T21:35:18.231+0200][2971,797s] GC(27) Metaspace: 57390K->57390K(1101824K)
[2019-04-15T21:35:18.231+0200][2971,797s] GC(27) Pause Young (Allocation Failure) 191M->105M(490M) 8,645ms
[2019-04-15T21:35:18.231+0200][2971,797s] GC(27) User=0,02s Sys=0,00s Real=0,01s
[2019-04-15T21:35:18.432+0200][2971,998s] GC(28) Pause Young (Allocation Failure)
[2019-04-15T21:35:18.432+0200][2971,998s] GC(28) Using 4 workers of 4 for evacuation
[2019-04-15T21:35:18.438+0200][2972,004s] GC(28) ParNew: 91914K->4414K(109248K)
[2019-04-15T21:35:18.438+0200][2972,004s] GC(28) CMS: 103422K->103422K(393216K)
[2019-04-15T21:35:18.438+0200][2972,004s] GC(28) Metaspace: 57390K->57390K(1101824K)
[2019-04-15T21:35:18.438+0200][2972,004s] GC(28) Pause Young (Allocation Failure) 190M->105M(490M) 6,002ms
[2019-04-15T21:35:18.438+0200][2972,004s] GC(28) User=0,02s Sys=0,00s Real=0,01s
[2019-04-15T21:35:18.675+0200][2972,241s] GC(29) Pause Young (Allocation Failure)
[2019-04-15T21:35:18.675+0200][2972,241s] GC(29) Using 4 workers of 4 for evacuation
[2019-04-15T21:35:18.684+0200][2972,250s] GC(29) ParNew: 91838K->4359K(109248K)
[2019-04-15T21:35:18.684+0200][2972,250s] GC(29) CMS: 103422K->103422K(393216K)
[2019-04-15T21:35:18.684+0200][2972,250s] GC(29) Metaspace: 57390K->57390K(1101824K)
[2019-04-15T21:35:18.684+0200][2972,250s] GC(29) Pause Young (Allocation Failure) 190M->105M(490M) 8,714ms
[2019-04-15T21:35:18.684+0200][2972,250s] GC(29) User=0,03s Sys=0,00s Real=0,01s
[2019-04-15T21:35:18.965+0200][2972,531s] GC(30) Pause Young (Allocation Failure)
[2019-04-15T21:35:18.965+0200][2972,531s] GC(30) Using 4 workers of 4 for evacuation
[2019-04-15T21:35:18.971+0200][2972,537s] GC(30) ParNew: 91783K->4541K(109248K)
[2019-04-15T21:35:18.971+0200][2972,537s] GC(30) CMS: 103422K->103422K(393216K)
[2019-04-15T21:35:18.971+0200][2972,537s] GC(30) Metaspace: 57390K->57390K(1101824K)
[2019-04-15T21:35:18.971+0200][2972,537s] GC(30) Pause Young (Allocation Failure) 190M->105M(490M) 6,145ms
[2019-04-15T21:35:18.971+0200][2972,537s] GC(30) User=0,01s Sys=0,00s Real=0,01s
[2019-04-15T21:35:19.166+0200][2972,732s] GC(31) Pause Young (Allocation Failure)
[2019-04-15T21:35:19.166+0200][2972,732s] GC(31) Using 4 workers of 4 for evacuation
[2019-04-15T21:35:19.171+0200][2972,737s] GC(31) ParNew: 91965K->4378K(109248K)
[2019-04-15T21:35:19.171+0200][2972,737s] GC(31) CMS: 103422K->103422K(393216K)
[2019-04-15T21:35:19.171+0200][2972,737s] GC(31) Metaspace: 57390K->57390K(1101824K)
[2019-04-15T21:35:19.171+0200][2972,737s] GC(31) Pause Young (Allocation Failure) 190M->105M(490M) 5,223ms
[2019-04-15T21:35:19.171+0200][2972,737s] GC(31) User=0,01s Sys=0,00s Real=0,00s
[2019-04-15T21:35:19.359+0200][2972,925s] GC(32) Pause Young (Allocation Failure)
[2019-04-15T21:35:19.359+0200][2972,925s] GC(32) Using 4 workers of 4 for evacuation
[2019-04-15T21:35:19.366+0200][2972,932s] GC(32) ParNew: 91802K->434K(109248K)
[2019-04-15T21:35:19.366+0200][2972,932s] GC(32) CMS: 103422K->107494K(393216K)
[2019-04-15T21:35:19.366+0200][2972,932s] GC(32) Metaspace: 57390K->57390K(1101824K)
[2019-04-15T21:35:19.366+0200][2972,932s] GC(32) Pause Young (Allocation Failure) 190M->105M(490M) 7,100ms
[2019-04-15T21:35:19.366+0200][2972,932s] GC(32) User=0,02s Sys=0,00s Real=0,01s
[2019-04-15T21:35:19.578+0200][2973,144s] GC(33) Pause Young (Allocation Failure)
[2019-04-15T21:35:19.579+0200][2973,144s] GC(33) Using 4 workers of 4 for evacuation
[2019-04-15T21:35:19.585+0200][2973,151s] GC(33) ParNew: 87858K->348K(109248K)
[2019-04-15T21:35:19.585+0200][2973,151s] GC(33) CMS: 107494K->107494K(393216K)
[2019-04-15T21:35:19.585+0200][2973,151s] GC(33) Metaspace: 57390K->57390K(1101824K)
[2019-04-15T21:35:19.585+0200][2973,151s] GC(33) Pause Young (Allocation Failure) 190M->105M(490M) 6,624ms
[2019-04-15T21:35:19.585+0200][2973,151s] GC(33) User=0,01s Sys=0,00s Real=0,00s
[2019-04-15T21:35:19.813+0200][2973,379s] GC(34) Pause Young (Allocation Failure)
[2019-04-15T21:35:19.813+0200][2973,379s] GC(34) Using 4 workers of 4 for evacuation
[2019-04-15T21:35:19.819+0200][2973,385s] GC(34) ParNew: 87772K->353K(109248K)
[2019-04-15T21:35:19.819+0200][2973,385s] GC(34) CMS: 107494K->107495K(393216K)
[2019-04-15T21:35:19.819+0200][2973,385s] GC(34) Metaspace: 57390K->57390K(1101824K)
[2019-04-15T21:35:19.819+0200][2973,385s] GC(34) Pause Young (Allocation Failure) 190M->105M(490M) 5,506ms
[2019-04-15T21:35:19.819+0200][2973,385s] GC(34) User=0,02s Sys=0,00s Real=0,01s
[2019-04-15T21:35:20.018+0200][2973,583s] GC(35) Pause Young (Allocation Failure)
[2019-04-15T21:35:20.018+0200][2973,584s] GC(35) Using 4 workers of 4 for evacuation
[2019-04-15T21:35:20.029+0200][2973,594s] GC(35) ParNew: 87777K->386K(109248K)
[2019-04-15T21:35:20.029+0200][2973,594s] GC(35) CMS: 107495K->107495K(393216K)
[2019-04-15T21:35:20.029+0200][2973,594s] GC(35) Metaspace: 57390K->57390K(1101824K)
[2019-04-15T21:35:20.029+0200][2973,594s] GC(35) Pause Young (Allocation Failure) 190M->105M(490M) 10,919ms
[2019-04-15T21:35:20.029+0200][2973,594s] GC(35) User=0,01s Sys=0,00s Real=0,01s
[2019-04-15T21:35:20.243+0200][2973,809s] GC(36) Pause Young (Allocation Failure)
[2019-04-15T21:35:20.243+0200][2973,809s] GC(36) Using 4 workers of 4 for evacuation
[2019-04-15T21:35:20.253+0200][2973,818s] GC(36) ParNew: 87810K->323K(109248K)
[2019-04-15T21:35:20.253+0200][2973,818s] GC(36) CMS: 107495K->107496K(393216K)
[2019-04-15T21:35:20.253+0200][2973,818s] GC(36) Metaspace: 57390K->57390K(1101824K)
[2019-04-15T21:35:20.253+0200][2973,818s] GC(36) Pause Young (Allocation Failure) 190M->105M(490M) 9,397ms
[2019-04-15T21:35:20.253+0200][2973,818s] GC(36) User=0,03s Sys=0,00s Real=0,01s
[2019-04-15T21:35:20.451+0200][2974,017s] GC(37) Pause Young (Allocation Failure)
[2019-04-15T21:35:20.451+0200][2974,017s] GC(37) Using 4 workers of 4 for evacuation
[2019-04-15T21:35:20.458+0200][2974,024s] GC(37) ParNew: 87747K->394K(109248K)
[2019-04-15T21:35:20.458+0200][2974,024s] GC(37) CMS: 107496K->107497K(393216K)
[2019-04-15T21:35:20.458+0200][2974,024s] GC(37) Metaspace: 57390K->57390K(1101824K)
[2019-04-15T21:35:20.458+0200][2974,024s] GC(37) Pause Young (Allocation Failure) 190M->105M(490M) 7,062ms
[2019-04-15T21:35:20.458+0200][2974,024s] GC(37) User=0,01s Sys=0,00s Real=0,01s
[2019-04-15T21:35:20.791+0200][2974,357s] GC(38) Pause Young (Allocation Failure)
[2019-04-15T21:35:20.791+0200][2974,357s] GC(38) Using 4 workers of 4 for evacuation
[2019-04-15T21:35:20.798+0200][2974,363s] GC(38) ParNew: 87818K->331K(109248K)
[2019-04-15T21:35:20.798+0200][2974,364s] GC(38) CMS: 107497K->107498K(393216K)
[2019-04-15T21:35:20.798+0200][2974,364s] GC(38) Metaspace: 57390K->57390K(1101824K)
[2019-04-15T21:35:20.798+0200][2974,364s] GC(38) Pause Young (Allocation Failure) 190M->105M(490M) 6,468ms
[2019-04-15T21:35:20.798+0200][2974,364s] GC(38) User=0,02s Sys=0,00s Real=0,01s
[2019-04-15T21:35:21.153+0200][2974,719s] GC(39) Pause Young (Allocation Failure)
[2019-04-15T21:35:21.153+0200][2974,719s] GC(39) Using 4 workers of 4 for evacuation
[2019-04-15T21:35:21.159+0200][2974,725s] GC(39) ParNew: 87755K->377K(109248K)
[2019-04-15T21:35:21.159+0200][2974,725s] GC(39) CMS: 107498K->107498K(393216K)
[2019-04-15T21:35:21.159+0200][2974,725s] GC(39) Metaspace: 57390K->57390K(1101824K)
[2019-04-15T21:35:21.159+0200][2974,725s] GC(39) Pause Young (Allocation Failure) 190M->105M(490M) 6,594ms
[2019-04-15T21:35:21.159+0200][2974,725s] GC(39) User=0,02s Sys=0,00s Real=0,01s
[2019-04-15T21:35:21.481+0200][2975,046s] GC(40) Pause Young (Allocation Failure)
[2019-04-15T21:35:21.481+0200][2975,046s] GC(40) Using 4 workers of 4 for evacuation
[2019-04-15T21:35:21.488+0200][2975,053s] GC(40) ParNew: 87801K->318K(109248K)
[2019-04-15T21:35:21.488+0200][2975,053s] GC(40) CMS: 107498K->107499K(393216K)
[2019-04-15T21:35:21.488+0200][2975,053s] GC(40) Metaspace: 57390K->57390K(1101824K)
[2019-04-15T21:35:21.488+0200][2975,054s] GC(40) Pause Young (Allocation Failure) 190M->105M(490M) 7,072ms
[2019-04-15T21:35:21.488+0200][2975,054s] GC(40) User=0,02s Sys=0,00s Real=0,01s
[2019-04-15T21:35:21.697+0200][2975,263s] GC(41) Pause Young (Allocation Failure)
[2019-04-15T21:35:21.697+0200][2975,263s] GC(41) Using 4 workers of 4 for evacuation
[2019-04-15T21:35:21.703+0200][2975,269s] GC(41) ParNew: 87742K->445K(109248K)
[2019-04-15T21:35:21.703+0200][2975,269s] GC(41) CMS: 107499K->107499K(393216K)
[2019-04-15T21:35:21.703+0200][2975,269s] GC(41) Metaspace: 57390K->57390K(1101824K)
[2019-04-15T21:35:21.703+0200][2975,269s] GC(41) Pause Young (Allocation Failure) 190M->105M(490M) 5,775ms
[2019-04-15T21:35:21.703+0200][2975,269s] GC(41) User=0,02s Sys=0,00s Real=0,01s
[2019-04-15T21:35:21.876+0200][2975,442s] GC(42) Pause Young (Allocation Failure)
[2019-04-15T21:35:21.876+0200][2975,442s] GC(42) Using 4 workers of 4 for evacuation
[2019-04-15T21:35:21.957+0200][2975,523s] GC(42) ParNew: 87869K->21824K(109248K)
[2019-04-15T21:35:21.957+0200][2975,523s] GC(42) CMS: 107499K->114282K(393216K)
[2019-04-15T21:35:21.957+0200][2975,523s] GC(42) Metaspace: 57391K->57391K(1101824K)
[2019-04-15T21:35:21.957+0200][2975,523s] GC(42) Pause Young (Allocation Failure) 190M->132M(490M) 81,017ms
[2019-04-15T21:35:21.957+0200][2975,523s] GC(42) User=0,24s Sys=0,01s Real=0,08s
[2019-04-15T21:35:22.267+0200][2975,833s] GC(43) Pause Young (Allocation Failure)
[2019-04-15T21:35:22.267+0200][2975,833s] GC(43) Using 4 workers of 4 for evacuation
[2019-04-15T21:35:22.313+0200][2975,879s] GC(43) ParNew: 109248K->17398K(109248K)
[2019-04-15T21:35:22.313+0200][2975,879s] GC(43) CMS: 114282K->137793K(393216K)
[2019-04-15T21:35:22.313+0200][2975,879s] GC(43) Metaspace: 57391K->57391K(1101824K)
[2019-04-15T21:35:22.313+0200][2975,879s] GC(43) Pause Young (Allocation Failure) 218M->151M(490M) 45,786ms
[2019-04-15T21:35:22.313+0200][2975,879s] GC(43) User=0,16s Sys=0,01s Real=0,04s
[2019-04-15T21:35:22.656+0200][2976,222s] GC(44) Pause Young (Allocation Failure)
[2019-04-15T21:35:22.656+0200][2976,222s] GC(44) Using 4 workers of 4 for evacuation
[2019-04-15T21:35:22.661+0200][2976,227s] GC(44) ParNew: 104822K->6566K(109248K)
[2019-04-15T21:35:22.661+0200][2976,227s] GC(44) CMS: 137793K->137793K(393216K)
[2019-04-15T21:35:22.661+0200][2976,227s] GC(44) Metaspace: 57391K->57391K(1101824K)
[2019-04-15T21:35:22.661+0200][2976,227s] GC(44) Pause Young (Allocation Failure) 236M->140M(490M) 4,651ms
[2019-04-15T21:35:22.661+0200][2976,227s] GC(44) User=0,02s Sys=0,00s Real=0,01s
[2019-04-15T21:35:22.841+0200][2976,407s] GC(45) Pause Young (Allocation Failure)
[2019-04-15T21:35:22.841+0200][2976,407s] GC(45) Using 4 workers of 4 for evacuation
[2019-04-15T21:35:22.846+0200][2976,412s] GC(45) ParNew: 93990K->5133K(109248K)
[2019-04-15T21:35:22.846+0200][2976,412s] GC(45) CMS: 137793K->137793K(393216K)
[2019-04-15T21:35:22.846+0200][2976,412s] GC(45) Metaspace: 57391K->57391K(1101824K)
[2019-04-15T21:35:22.846+0200][2976,412s] GC(45) Pause Young (Allocation Failure) 226M->139M(490M) 4,928ms
[2019-04-15T21:35:22.846+0200][2976,412s] GC(45) User=0,02s Sys=0,00s Real=0,01s
[2019-04-15T21:35:23.056+0200][2976,621s] GC(46) Pause Young (Allocation Failure)
[2019-04-15T21:35:23.056+0200][2976,622s] GC(46) Using 4 workers of 4 for evacuation
[2019-04-15T21:35:23.062+0200][2976,628s] GC(46) ParNew: 92557K->4551K(109248K)
[2019-04-15T21:35:23.062+0200][2976,628s] GC(46) CMS: 137793K->137793K(393216K)
[2019-04-15T21:35:23.062+0200][2976,628s] GC(46) Metaspace: 57391K->57391K(1101824K)
[2019-04-15T21:35:23.062+0200][2976,628s] GC(46) Pause Young (Allocation Failure) 224M->139M(490M) 6,313ms
[2019-04-15T21:35:23.062+0200][2976,628s] GC(46) User=0,03s Sys=0,00s Real=0,01s
[2019-04-15T21:35:23.259+0200][2976,825s] GC(47) Pause Young (Allocation Failure)
[2019-04-15T21:35:23.259+0200][2976,825s] GC(47) Using 4 workers of 4 for evacuation
[2019-04-15T21:35:23.277+0200][2976,843s] GC(47) ParNew: 91975K->4381K(109248K)
[2019-04-15T21:35:23.277+0200][2976,843s] GC(47) CMS: 137793K->137793K(393216K)
[2019-04-15T21:35:23.277+0200][2976,843s] GC(47) Metaspace: 57391K->57391K(1101824K)
[2019-04-15T21:35:23.277+0200][2976,843s] GC(47) Pause Young (Allocation Failure) 224M->138M(490M) 18,123ms
[2019-04-15T21:35:23.277+0200][2976,843s] GC(47) User=0,02s Sys=0,00s Real=0,01s
[2019-04-15T21:35:23.425+0200][2976,991s] GC(48) Pause Young (Allocation Failure)
[2019-04-15T21:35:23.425+0200][2976,991s] GC(48) Using 4 workers of 4 for evacuation
[2019-04-15T21:35:23.473+0200][2977,039s] GC(48) ParNew: 91805K->21824K(109248K)
[2019-04-15T21:35:23.473+0200][2977,039s] GC(48) CMS: 137793K->148643K(393216K)
[2019-04-15T21:35:23.473+0200][2977,039s] GC(48) Metaspace: 57393K->57393K(1101824K)
[2019-04-15T21:35:23.473+0200][2977,039s] GC(48) Pause Young (Allocation Failure) 224M->166M(490M) 47,666ms
[2019-04-15T21:35:23.473+0200][2977,039s] GC(48) User=0,13s Sys=0,00s Real=0,05s
[2019-04-15T21:35:23.821+0200][2977,387s] GC(49) Pause Young (Allocation Failure)
[2019-04-15T21:35:23.821+0200][2977,387s] GC(49) Using 4 workers of 4 for evacuation
[2019-04-15T21:35:23.853+0200][2977,419s] GC(49) ParNew: 109248K->21824K(109248K)
[2019-04-15T21:35:23.854+0200][2977,419s] GC(49) CMS: 148643K->152717K(393216K)
[2019-04-15T21:35:23.854+0200][2977,419s] GC(49) Metaspace: 57479K->57479K(1101824K)
[2019-04-15T21:35:23.854+0200][2977,419s] GC(49) Pause Young (Allocation Failure) 251M->170M(490M) 32,552ms
[2019-04-15T21:35:23.854+0200][2977,419s] GC(49) User=0,11s Sys=0,00s Real=0,03s
[2019-04-15T21:35:24.155+0200][2977,721s] GC(50) Pause Young (Allocation Failure)
[2019-04-15T21:35:24.155+0200][2977,721s] GC(50) Using 4 workers of 4 for evacuation
[2019-04-15T21:35:24.176+0200][2977,742s] GC(50) ParNew: 109248K->21824K(109248K)
[2019-04-15T21:35:24.176+0200][2977,742s] GC(50) CMS: 152717K->153491K(393216K)
[2019-04-15T21:35:24.176+0200][2977,742s] GC(50) Metaspace: 57479K->57479K(1101824K)
[2019-04-15T21:35:24.176+0200][2977,742s] GC(50) Pause Young (Allocation Failure) 255M->171M(490M) 20,575ms
[2019-04-15T21:35:24.176+0200][2977,742s] GC(50) User=0,07s Sys=0,00s Real=0,02s
[2019-04-15T21:35:24.449+0200][2978,015s] GC(51) Pause Young (Allocation Failure)
[2019-04-15T21:35:24.449+0200][2978,015s] GC(51) Using 4 workers of 4 for evacuation
[2019-04-15T21:35:24.455+0200][2978,021s] GC(51) ParNew: 106617K->15695K(109248K)
[2019-04-15T21:35:24.455+0200][2978,021s] GC(51) CMS: 153491K->153518K(393216K)
[2019-04-15T21:35:24.455+0200][2978,021s] GC(51) Metaspace: 57479K->57479K(1101824K)
[2019-04-15T21:35:24.455+0200][2978,021s] GC(51) Pause Young (Allocation Failure) 254M->165M(490M) 6,178ms
[2019-04-15T21:35:24.455+0200][2978,021s] GC(51) User=0,02s Sys=0,00s Real=0,00s
[2019-04-15T21:35:24.650+0200][2978,216s] GC(52) Pause Young (Allocation Failure)
[2019-04-15T21:35:24.650+0200][2978,216s] GC(52) Using 4 workers of 4 for evacuation
[2019-04-15T21:35:24.697+0200][2978,263s] GC(52) ParNew: 103119K->21824K(109248K)
[2019-04-15T21:35:24.697+0200][2978,263s] GC(52) CMS: 153518K->164389K(393216K)
[2019-04-15T21:35:24.697+0200][2978,263s] GC(52) Metaspace: 57480K->57480K(1101824K)
[2019-04-15T21:35:24.697+0200][2978,263s] GC(52) Pause Young (Allocation Failure) 250M->181M(490M) 46,754ms
[2019-04-15T21:35:24.697+0200][2978,263s] GC(52) User=0,16s Sys=0,01s Real=0,04s
[2019-04-15T21:35:24.966+0200][2978,532s] GC(53) Pause Young (Allocation Failure)
[2019-04-15T21:35:24.966+0200][2978,532s] GC(53) Using 4 workers of 4 for evacuation
[2019-04-15T21:35:24.995+0200][2978,561s] GC(53) ParNew: 109248K->21824K(109248K)
[2019-04-15T21:35:24.995+0200][2978,561s] GC(53) CMS: 164389K->168518K(393216K)
[2019-04-15T21:35:24.995+0200][2978,561s] GC(53) Metaspace: 57480K->57480K(1101824K)
[2019-04-15T21:35:24.995+0200][2978,561s] GC(53) Pause Young (Allocation Failure) 267M->185M(490M) 29,626ms
[2019-04-15T21:35:24.996+0200][2978,561s] GC(53) User=0,10s Sys=0,00s Real=0,02s
[2019-04-15T21:35:25.251+0200][2978,817s] GC(54) Pause Young (Allocation Failure)
[2019-04-15T21:35:25.252+0200][2978,817s] GC(54) Using 4 workers of 4 for evacuation
[2019-04-15T21:35:25.271+0200][2978,837s] GC(54) ParNew: 109248K->21824K(109248K)
[2019-04-15T21:35:25.271+0200][2978,837s] GC(54) CMS: 168518K->169147K(393216K)
[2019-04-15T21:35:25.271+0200][2978,837s] GC(54) Metaspace: 57480K->57480K(1101824K)
[2019-04-15T21:35:25.271+0200][2978,837s] GC(54) Pause Young (Allocation Failure) 271M->186M(490M) 19,446ms
[2019-04-15T21:35:25.271+0200][2978,837s] GC(54) User=0,07s Sys=0,01s Real=0,02s
[2019-04-15T21:35:25.537+0200][2979,103s] GC(55) Pause Young (Allocation Failure)
[2019-04-15T21:35:25.537+0200][2979,103s] GC(55) Using 4 workers of 4 for evacuation
[2019-04-15T21:35:25.574+0200][2979,140s] GC(55) ParNew: 109248K->12846K(109248K)
[2019-04-15T21:35:25.574+0200][2979,140s] GC(55) CMS: 169147K->185958K(393216K)
[2019-04-15T21:35:25.574+0200][2979,140s] GC(55) Metaspace: 57480K->57480K(1101824K)
[2019-04-15T21:35:25.574+0200][2979,140s] GC(55) Pause Young (Allocation Failure) 271M->194M(490M) 36,658ms
[2019-04-15T21:35:25.574+0200][2979,140s] GC(55) User=0,13s Sys=0,01s Real=0,03s
[2019-04-15T21:35:25.783+0200][2979,349s] GC(56) Pause Young (Allocation Failure)
[2019-04-15T21:35:25.784+0200][2979,349s] GC(56) Using 4 workers of 4 for evacuation
[2019-04-15T21:35:25.831+0200][2979,397s] GC(56) ParNew: 100270K->21824K(109248K)
[2019-04-15T21:35:25.831+0200][2979,397s] GC(56) CMS: 185958K->196811K(393216K)
[2019-04-15T21:35:25.831+0200][2979,397s] GC(56) Metaspace: 57480K->57480K(1101824K)
[2019-04-15T21:35:25.831+0200][2979,397s] GC(56) Pause Young (Allocation Failure) 279M->213M(490M) 47,650ms
[2019-04-15T21:35:25.831+0200][2979,397s] GC(56) User=0,14s Sys=0,02s Real=0,05s
[2019-04-15T21:35:25.831+0200][2979,397s] GC(57) Pause Initial Mark
[2019-04-15T21:35:25.840+0200][2979,406s] GC(57) Pause Initial Mark 214M->214M(490M) 8,601ms
[2019-04-15T21:35:25.840+0200][2979,406s] GC(57) User=0,01s Sys=0,00s Real=0,01s
[2019-04-15T21:35:25.840+0200][2979,406s] GC(57) Concurrent Mark
[2019-04-15T21:35:25.840+0200][2979,406s] GC(57) Using 4 workers of 4 for marking
[2019-04-15T21:35:25.900+0200][2979,466s] GC(57) Concurrent Mark 59,712ms
[2019-04-15T21:35:25.900+0200][2979,466s] GC(57) User=0,21s Sys=0,00s Real=0,06s
[2019-04-15T21:35:25.900+0200][2979,466s] GC(57) Concurrent Preclean
[2019-04-15T21:35:25.901+0200][2979,467s] GC(57) Concurrent Preclean 1,395ms
[2019-04-15T21:35:25.901+0200][2979,467s] GC(57) User=0,01s Sys=0,00s Real=0,00s
[2019-04-15T21:35:25.901+0200][2979,467s] GC(57) Concurrent Abortable Preclean
[2019-04-15T21:35:26.128+0200][2979,694s] GC(58) Pause Young (Allocation Failure)
[2019-04-15T21:35:26.128+0200][2979,694s] GC(58) Using 4 workers of 4 for evacuation
[2019-04-15T21:35:26.173+0200][2979,738s] GC(58) ParNew: 109248K->8280K(109248K)
[2019-04-15T21:35:26.173+0200][2979,738s] GC(58) CMS: 196811K->218453K(393216K)
[2019-04-15T21:35:26.173+0200][2979,738s] GC(58) Metaspace: 57480K->57480K(1101824K)
[2019-04-15T21:35:26.173+0200][2979,738s] GC(58) Pause Young (Allocation Failure) 298M->221M(490M) 44,814ms
[2019-04-15T21:35:26.173+0200][2979,738s] GC(58) User=0,16s Sys=0,00s Real=0,04s
[2019-04-15T21:35:26.311+0200][2979,876s] GC(57) Concurrent Abortable Preclean 409,452ms
[2019-04-15T21:35:26.311+0200][2979,876s] GC(57) User=1,42s Sys=0,02s Real=0,41s
[2019-04-15T21:35:26.313+0200][2979,879s] GC(57) Pause Remark
[2019-04-15T21:35:26.313+0200][2979,879s] GC(59) Pause Young (CMS Final Remark)
[2019-04-15T21:35:26.313+0200][2979,879s] GC(59) Using 4 workers of 4 for evacuation
[2019-04-15T21:35:26.318+0200][2979,884s] GC(59) ParNew: 59591K->2784K(109248K)
[2019-04-15T21:35:26.318+0200][2979,884s] GC(59) CMS: 218453K->218453K(393216K)
[2019-04-15T21:35:26.318+0200][2979,884s] GC(59) Metaspace: 57480K->57480K(1101824K)
[2019-04-15T21:35:26.318+0200][2979,884s] GC(59) Pause Young (CMS Final Remark) 271M->216M(490M) 5,198ms
[2019-04-15T21:35:26.319+0200][2979,884s] GC(59) User=0,02s Sys=0,00s Real=0,01s
[2019-04-15T21:35:26.344+0200][2979,909s] GC(57) Pause Remark 271M->216M(490M) 30,287ms
[2019-04-15T21:35:26.344+0200][2979,909s] GC(57) User=0,06s Sys=0,00s Real=0,03s
[2019-04-15T21:35:26.344+0200][2979,910s] GC(57) Concurrent Sweep
[2019-04-15T21:35:26.721+0200][2980,286s] GC(60) Pause Young (Allocation Failure)
[2019-04-15T21:35:26.721+0200][2980,286s] GC(60) Using 4 workers of 4 for evacuation
[2019-04-15T21:35:26.738+0200][2980,303s] GC(60) ParNew: 90208K->4764K(109248K)
[2019-04-15T21:35:26.738+0200][2980,303s] GC(60) CMS: 120787K->120787K(393216K)
[2019-04-15T21:35:26.738+0200][2980,303s] GC(60) Metaspace: 57481K->57481K(1101824K)
[2019-04-15T21:35:26.738+0200][2980,303s] GC(60) Pause Young (Allocation Failure) 206M->122M(490M) 17,126ms
[2019-04-15T21:35:26.738+0200][2980,303s] GC(60) User=0,03s Sys=0,01s Real=0,02s
[2019-04-15T21:35:26.741+0200][2980,306s] GC(57) Concurrent Sweep 396,665ms
[2019-04-15T21:35:26.741+0200][2980,307s] GC(57) User=1,10s Sys=0,08s Real=0,40s
[2019-04-15T21:35:26.741+0200][2980,307s] GC(57) Concurrent Reset
[2019-04-15T21:35:26.743+0200][2980,308s] GC(57) Concurrent Reset 1,832ms
[2019-04-15T21:35:26.743+0200][2980,308s] GC(57) User=0,00s Sys=0,00s Real=0,00s
[2019-04-15T21:35:26.743+0200][2980,308s] GC(57) Old: 196811K->120787K(393216K)
[2019-04-15T21:35:27.150+0200][2980,716s] GC(61) Pause Young (Allocation Failure)
[2019-04-15T21:35:27.150+0200][2980,716s] GC(61) Using 4 workers of 4 for evacuation
[2019-04-15T21:35:27.159+0200][2980,725s] GC(61) ParNew: 92188K->4487K(109248K)
[2019-04-15T21:35:27.159+0200][2980,725s] GC(61) CMS: 120787K->120787K(393216K)
[2019-04-15T21:35:27.159+0200][2980,725s] GC(61) Metaspace: 57115K->57115K(1101824K)
[2019-04-15T21:35:27.159+0200][2980,725s] GC(61) Pause Young (Allocation Failure) 207M->122M(490M) 9,623ms
[2019-04-15T21:35:27.159+0200][2980,725s] GC(61) User=0,02s Sys=0,00s Real=0,01s
[2019-04-15T21:35:27.430+0200][2980,995s] GC(62) Pause Young (Allocation Failure)
[2019-04-15T21:35:27.430+0200][2980,995s] GC(62) Using 4 workers of 4 for evacuation
[2019-04-15T21:35:27.435+0200][2981,001s] GC(62) ParNew: 91911K->4433K(109248K)
[2019-04-15T21:35:27.435+0200][2981,001s] GC(62) CMS: 120787K->120787K(393216K)
[2019-04-15T21:35:27.435+0200][2981,001s] GC(62) Metaspace: 57115K->57115K(1101824K)
[2019-04-15T21:35:27.435+0200][2981,001s] GC(62) Pause Young (Allocation Failure) 207M->122M(490M) 5,534ms
[2019-04-15T21:35:27.435+0200][2981,001s] GC(62) User=0,01s Sys=0,00s Real=0,00s
[2019-04-15T21:35:27.756+0200][2981,322s] GC(63) Pause Young (Allocation Failure)
[2019-04-15T21:35:27.756+0200][2981,322s] GC(63) Using 4 workers of 4 for evacuation
[2019-04-15T21:35:27.769+0200][2981,334s] GC(63) ParNew: 91857K->4433K(109248K)
[2019-04-15T21:35:27.769+0200][2981,334s] GC(63) CMS: 120787K->120787K(393216K)
[2019-04-15T21:35:27.769+0200][2981,334s] GC(63) Metaspace: 57115K->57115K(1101824K)
[2019-04-15T21:35:27.769+0200][2981,334s] GC(63) Pause Young (Allocation Failure) 207M->122M(490M) 12,371ms
[2019-04-15T21:35:27.769+0200][2981,334s] GC(63) User=0,02s Sys=0,00s Real=0,02s
[2019-04-15T21:35:28.011+0200][2981,577s] GC(64) Pause Young (Allocation Failure)
[2019-04-15T21:35:28.011+0200][2981,577s] GC(64) Using 4 workers of 4 for evacuation
[2019-04-15T21:35:28.020+0200][2981,586s] GC(64) ParNew: 91857K->4580K(109248K)
[2019-04-15T21:35:28.020+0200][2981,586s] GC(64) CMS: 120787K->120787K(393216K)
[2019-04-15T21:35:28.020+0200][2981,586s] GC(64) Metaspace: 57115K->57115K(1101824K)
[2019-04-15T21:35:28.020+0200][2981,586s] GC(64) Pause Young (Allocation Failure) 207M->122M(490M) 9,063ms
[2019-04-15T21:35:28.020+0200][2981,586s] GC(64) User=0,02s Sys=0,00s Real=0,01s
[2019-04-15T21:35:28.250+0200][2981,816s] GC(65) Pause Young (Allocation Failure)
[2019-04-15T21:35:28.250+0200][2981,816s] GC(65) Using 4 workers of 4 for evacuation
[2019-04-15T21:35:28.258+0200][2981,824s] GC(65) ParNew: 92004K->4412K(109248K)
[2019-04-15T21:35:28.258+0200][2981,824s] GC(65) CMS: 120787K->120787K(393216K)
[2019-04-15T21:35:28.258+0200][2981,824s] GC(65) Metaspace: 57115K->57115K(1101824K)
[2019-04-15T21:35:28.258+0200][2981,824s] GC(65) Pause Young (Allocation Failure) 207M->122M(490M) 8,142ms
[2019-04-15T21:35:28.258+0200][2981,824s] GC(65) User=0,02s Sys=0,00s Real=0,01s
[2019-04-15T21:35:28.509+0200][2982,075s] GC(66) Pause Young (Allocation Failure)
[2019-04-15T21:35:28.509+0200][2982,075s] GC(66) Using 4 workers of 4 for evacuation
[2019-04-15T21:35:28.517+0200][2982,082s] GC(66) ParNew: 91836K->4528K(109248K)
[2019-04-15T21:35:28.517+0200][2982,082s] GC(66) CMS: 120787K->120787K(393216K)
[2019-04-15T21:35:28.517+0200][2982,082s] GC(66) Metaspace: 57115K->57115K(1101824K)
[2019-04-15T21:35:28.517+0200][2982,083s] GC(66) Pause Young (Allocation Failure) 207M->122M(490M) 7,927ms
[2019-04-15T21:35:28.517+0200][2982,083s] GC(66) User=0,02s Sys=0,00s Real=0,00s
[2019-04-15T21:35:28.712+0200][2982,278s] GC(67) Pause Young (Allocation Failure)
[2019-04-15T21:35:28.712+0200][2982,278s] GC(67) Using 4 workers of 4 for evacuation
[2019-04-15T21:35:28.717+0200][2982,283s] GC(67) ParNew: 91952K->4404K(109248K)
[2019-04-15T21:35:28.717+0200][2982,283s] GC(67) CMS: 120787K->120787K(393216K)
[2019-04-15T21:35:28.717+0200][2982,283s] GC(67) Metaspace: 57115K->57115K(1101824K)
[2019-04-15T21:35:28.717+0200][2982,283s] GC(67) Pause Young (Allocation Failure) 207M->122M(490M) 5,665ms
[2019-04-15T21:35:28.717+0200][2982,283s] GC(67) User=0,02s Sys=0,00s Real=0,01s
[2019-04-15T21:35:28.973+0200][2982,539s] GC(68) Pause Young (Allocation Failure)
[2019-04-15T21:35:28.973+0200][2982,539s] GC(68) Using 4 workers of 4 for evacuation
[2019-04-15T21:35:28.979+0200][2982,545s] GC(68) ParNew: 91828K->4564K(109248K)
[2019-04-15T21:35:28.979+0200][2982,545s] GC(68) CMS: 120787K->120808K(393216K)
[2019-04-15T21:35:28.979+0200][2982,545s] GC(68) Metaspace: 57115K->57115K(1101824K)
[2019-04-15T21:35:28.979+0200][2982,545s] GC(68) Pause Young (Allocation Failure) 207M->122M(490M) 6,204ms
[2019-04-15T21:35:28.979+0200][2982,545s] GC(68) User=0,02s Sys=0,00s Real=0,01s
[2019-04-15T21:35:29.173+0200][2982,739s] GC(69) Pause Young (Allocation Failure)
[2019-04-15T21:35:29.173+0200][2982,739s] GC(69) Using 4 workers of 4 for evacuation
[2019-04-15T21:35:29.178+0200][2982,744s] GC(69) ParNew: 91988K->4418K(109248K)
[2019-04-15T21:35:29.178+0200][2982,744s] GC(69) CMS: 120808K->120808K(393216K)
[2019-04-15T21:35:29.178+0200][2982,744s] GC(69) Metaspace: 57115K->57115K(1101824K)
[2019-04-15T21:35:29.178+0200][2982,744s] GC(69) Pause Young (Allocation Failure) 207M->122M(490M) 5,089ms
[2019-04-15T21:35:29.178+0200][2982,744s] GC(69) User=0,01s Sys=0,00s Real=0,01s
[2019-04-15T21:35:29.370+0200][2982,936s] GC(70) Pause Young (Allocation Failure)
[2019-04-15T21:35:29.370+0200][2982,936s] GC(70) Using 4 workers of 4 for evacuation
[2019-04-15T21:35:29.375+0200][2982,941s] GC(70) ParNew: 91842K->424K(109248K)
[2019-04-15T21:35:29.375+0200][2982,941s] GC(70) CMS: 120808K->124877K(393216K)
[2019-04-15T21:35:29.375+0200][2982,941s] GC(70) Metaspace: 57115K->57115K(1101824K)
[2019-04-15T21:35:29.375+0200][2982,941s] GC(70) Pause Young (Allocation Failure) 207M->122M(490M) 5,551ms
[2019-04-15T21:35:29.375+0200][2982,941s] GC(70) User=0,02s Sys=0,00s Real=0,00s
[2019-04-15T21:35:29.562+0200][2983,128s] GC(71) Pause Young (Allocation Failure)
[2019-04-15T21:35:29.562+0200][2983,128s] GC(71) Using 4 workers of 4 for evacuation
[2019-04-15T21:35:29.569+0200][2983,135s] GC(71) ParNew: 87848K->354K(109248K)
[2019-04-15T21:35:29.569+0200][2983,135s] GC(71) CMS: 124877K->124895K(393216K)
[2019-04-15T21:35:29.569+0200][2983,135s] GC(71) Metaspace: 57115K->57115K(1101824K)
[2019-04-15T21:35:29.569+0200][2983,135s] GC(71) Pause Young (Allocation Failure) 207M->122M(490M) 6,731ms
[2019-04-15T21:35:29.569+0200][2983,135s] GC(71) User=0,02s Sys=0,00s Real=0,01s
[2019-04-15T21:35:29.759+0200][2983,325s] GC(72) Pause Young (Allocation Failure)
[2019-04-15T21:35:29.759+0200][2983,325s] GC(72) Using 4 workers of 4 for evacuation
[2019-04-15T21:35:29.766+0200][2983,332s] GC(72) ParNew: 87778K->321K(109248K)
[2019-04-15T21:35:29.766+0200][2983,332s] GC(72) CMS: 124895K->124896K(393216K)
[2019-04-15T21:35:29.766+0200][2983,332s] GC(72) Metaspace: 57115K->57115K(1101824K)
[2019-04-15T21:35:29.766+0200][2983,332s] GC(72) Pause Young (Allocation Failure) 207M->122M(490M) 6,638ms
[2019-04-15T21:35:29.766+0200][2983,332s] GC(72) User=0,02s Sys=0,00s Real=0,01s
[2019-04-15T21:35:29.957+0200][2983,523s] GC(73) Pause Young (Allocation Failure)
[2019-04-15T21:35:29.957+0200][2983,523s] GC(73) Using 4 workers of 4 for evacuation
[2019-04-15T21:35:29.963+0200][2983,529s] GC(73) ParNew: 87745K->334K(109248K)
[2019-04-15T21:35:29.963+0200][2983,529s] GC(73) CMS: 124896K->124896K(393216K)
[2019-04-15T21:35:29.963+0200][2983,529s] GC(73) Metaspace: 57115K->57115K(1101824K)
[2019-04-15T21:35:29.963+0200][2983,529s] GC(73) Pause Young (Allocation Failure) 207M->122M(490M) 6,028ms
[2019-04-15T21:35:29.963+0200][2983,529s] GC(73) User=0,02s Sys=0,00s Real=0,01s
[2019-04-15T21:35:30.149+0200][2983,715s] GC(74) Pause Young (Allocation Failure)
[2019-04-15T21:35:30.149+0200][2983,715s] GC(74) Using 4 workers of 4 for evacuation
[2019-04-15T21:35:30.156+0200][2983,722s] GC(74) ParNew: 87758K->378K(109248K)
[2019-04-15T21:35:30.156+0200][2983,722s] GC(74) CMS: 124896K->124896K(393216K)
[2019-04-15T21:35:30.156+0200][2983,722s] GC(74) Metaspace: 57115K->57115K(1101824K)
[2019-04-15T21:35:30.156+0200][2983,722s] GC(74) Pause Young (Allocation Failure) 207M->122M(490M) 6,455ms
[2019-04-15T21:35:30.156+0200][2983,722s] GC(74) User=0,02s Sys=0,00s Real=0,00s
[2019-04-15T21:35:30.346+0200][2983,912s] GC(75) Pause Young (Allocation Failure)
[2019-04-15T21:35:30.346+0200][2983,912s] GC(75) Using 4 workers of 4 for evacuation
[2019-04-15T21:35:30.353+0200][2983,919s] GC(75) ParNew: 87802K->335K(109248K)
[2019-04-15T21:35:30.353+0200][2983,919s] GC(75) CMS: 124896K->124897K(393216K)
[2019-04-15T21:35:30.353+0200][2983,919s] GC(75) Metaspace: 57115K->57115K(1101824K)
[2019-04-15T21:35:30.353+0200][2983,919s] GC(75) Pause Young (Allocation Failure) 207M->122M(490M) 6,859ms
[2019-04-15T21:35:30.353+0200][2983,919s] GC(75) User=0,02s Sys=0,00s Real=0,00s
[2019-04-15T21:35:30.562+0200][2984,128s] GC(76) Pause Young (Allocation Failure)
[2019-04-15T21:35:30.562+0200][2984,128s] GC(76) Using 4 workers of 4 for evacuation
[2019-04-15T21:35:30.569+0200][2984,135s] GC(76) ParNew: 87759K->356K(109248K)
[2019-04-15T21:35:30.569+0200][2984,135s] GC(76) CMS: 124897K->124897K(393216K)
[2019-04-15T21:35:30.569+0200][2984,135s] GC(76) Metaspace: 57115K->57115K(1101824K)
[2019-04-15T21:35:30.569+0200][2984,135s] GC(76) Pause Young (Allocation Failure) 207M->122M(490M) 6,993ms
[2019-04-15T21:35:30.569+0200][2984,135s] GC(76) User=0,02s Sys=0,00s Real=0,01s
[2019-04-15T21:35:30.774+0200][2984,340s] GC(77) Pause Young (Allocation Failure)
[2019-04-15T21:35:30.775+0200][2984,340s] GC(77) Using 4 workers of 4 for evacuation
[2019-04-15T21:35:30.782+0200][2984,347s] GC(77) ParNew: 87780K->353K(109248K)
[2019-04-15T21:35:30.782+0200][2984,347s] GC(77) CMS: 124897K->124897K(393216K)
[2019-04-15T21:35:30.782+0200][2984,347s] GC(77) Metaspace: 57115K->57115K(1101824K)
[2019-04-15T21:35:30.782+0200][2984,347s] GC(77) Pause Young (Allocation Failure) 207M->122M(490M) 7,139ms
[2019-04-15T21:35:30.782+0200][2984,347s] GC(77) User=0,02s Sys=0,00s Real=0,01s
[2019-04-15T21:35:30.971+0200][2984,537s] GC(78) Pause Young (Allocation Failure)
[2019-04-15T21:35:30.971+0200][2984,537s] GC(78) Using 4 workers of 4 for evacuation
[2019-04-15T21:35:30.976+0200][2984,542s] GC(78) ParNew: 87777K->351K(109248K)
[2019-04-15T21:35:30.976+0200][2984,542s] GC(78) CMS: 124897K->124897K(393216K)
[2019-04-15T21:35:30.976+0200][2984,542s] GC(78) Metaspace: 57115K->57115K(1101824K)
[2019-04-15T21:35:30.976+0200][2984,542s] GC(78) Pause Young (Allocation Failure) 207M->122M(490M) 5,178ms
[2019-04-15T21:35:30.976+0200][2984,542s] GC(78) User=0,02s Sys=0,00s Real=0,00s
[2019-04-15T21:35:31.160+0200][2984,726s] GC(79) Pause Young (Allocation Failure)
[2019-04-15T21:35:31.160+0200][2984,726s] GC(79) Using 4 workers of 4 for evacuation
[2019-04-15T21:35:31.165+0200][2984,731s] GC(79) ParNew: 87775K->352K(109248K)
[2019-04-15T21:35:31.165+0200][2984,731s] GC(79) CMS: 124897K->124897K(393216K)
[2019-04-15T21:35:31.165+0200][2984,731s] GC(79) Metaspace: 57115K->57115K(1101824K)
[2019-04-15T21:35:31.165+0200][2984,731s] GC(79) Pause Young (Allocation Failure) 207M->122M(490M) 5,073ms
[2019-04-15T21:35:31.165+0200][2984,731s] GC(79) User=0,01s Sys=0,00s Real=0,00s
[2019-04-15T21:35:31.362+0200][2984,928s] GC(80) Pause Young (Allocation Failure)
[2019-04-15T21:35:31.362+0200][2984,928s] GC(80) Using 4 workers of 4 for evacuation
[2019-04-15T21:35:31.368+0200][2984,934s] GC(80) ParNew: 87776K->288K(109248K)
[2019-04-15T21:35:31.368+0200][2984,934s] GC(80) CMS: 124897K->124897K(393216K)
[2019-04-15T21:35:31.368+0200][2984,934s] GC(80) Metaspace: 57115K->57115K(1101824K)
[2019-04-15T21:35:31.368+0200][2984,934s] GC(80) Pause Young (Allocation Failure) 207M->122M(490M) 6,222ms
[2019-04-15T21:35:31.368+0200][2984,934s] GC(80) User=0,01s Sys=0,00s Real=0,01s
[2019-04-15T21:35:31.556+0200][2985,122s] GC(81) Pause Young (Allocation Failure)
[2019-04-15T21:35:31.556+0200][2985,122s] GC(81) Using 4 workers of 4 for evacuation
[2019-04-15T21:35:31.562+0200][2985,128s] GC(81) ParNew: 87712K->447K(109248K)
[2019-04-15T21:35:31.562+0200][2985,128s] GC(81) CMS: 124897K->124897K(393216K)
[2019-04-15T21:35:31.562+0200][2985,128s] GC(81) Metaspace: 57115K->57115K(1101824K)
[2019-04-15T21:35:31.562+0200][2985,128s] GC(81) Pause Young (Allocation Failure) 207M->122M(490M) 5,680ms
[2019-04-15T21:35:31.562+0200][2985,128s] GC(81) User=0,01s Sys=0,00s Real=0,01s
[2019-04-15T21:35:31.766+0200][2985,332s] GC(82) Pause Young (Allocation Failure)
[2019-04-15T21:35:31.766+0200][2985,332s] GC(82) Using 4 workers of 4 for evacuation
[2019-04-15T21:35:31.771+0200][2985,337s] GC(82) ParNew: 87871K->360K(109248K)
[2019-04-15T21:35:31.771+0200][2985,337s] GC(82) CMS: 124897K->124898K(393216K)
[2019-04-15T21:35:31.771+0200][2985,337s] GC(82) Metaspace: 57115K->57115K(1101824K)
[2019-04-15T21:35:31.771+0200][2985,337s] GC(82) Pause Young (Allocation Failure) 207M->122M(490M) 5,356ms
[2019-04-15T21:35:31.771+0200][2985,337s] GC(82) User=0,01s Sys=0,00s Real=0,00s
[2019-04-15T21:35:31.991+0200][2985,556s] GC(83) Pause Young (Allocation Failure)
[2019-04-15T21:35:31.991+0200][2985,556s] GC(83) Using 4 workers of 4 for evacuation
[2019-04-15T21:35:31.998+0200][2985,563s] GC(83) ParNew: 87784K->346K(109248K)
[2019-04-15T21:35:31.998+0200][2985,563s] GC(83) CMS: 124898K->124898K(393216K)
[2019-04-15T21:35:31.998+0200][2985,563s] GC(83) Metaspace: 57115K->57115K(1101824K)
[2019-04-15T21:35:31.998+0200][2985,563s] GC(83) Pause Young (Allocation Failure) 207M->122M(490M) 7,008ms
[2019-04-15T21:35:31.998+0200][2985,563s] GC(83) User=0,02s Sys=0,00s Real=0,01s
[2019-04-15T21:35:32.186+0200][2985,752s] GC(84) Pause Young (Allocation Failure)
[2019-04-15T21:35:32.186+0200][2985,752s] GC(84) Using 4 workers of 4 for evacuation
[2019-04-15T21:35:32.193+0200][2985,759s] GC(84) ParNew: 87770K->352K(109248K)
[2019-04-15T21:35:32.193+0200][2985,759s] GC(84) CMS: 124898K->124898K(393216K)
[2019-04-15T21:35:32.193+0200][2985,759s] GC(84) Metaspace: 57115K->57115K(1101824K)
[2019-04-15T21:35:32.193+0200][2985,759s] GC(84) Pause Young (Allocation Failure) 207M->122M(490M) 6,710ms
[2019-04-15T21:35:32.193+0200][2985,759s] GC(84) User=0,02s Sys=0,00s Real=0,00s
[2019-04-15T21:35:32.382+0200][2985,948s] GC(85) Pause Young (Allocation Failure)
[2019-04-15T21:35:32.382+0200][2985,948s] GC(85) Using 4 workers of 4 for evacuation
[2019-04-15T21:35:32.389+0200][2985,954s] GC(85) ParNew: 87776K->360K(109248K)
[2019-04-15T21:35:32.389+0200][2985,954s] GC(85) CMS: 124898K->124898K(393216K)
[2019-04-15T21:35:32.389+0200][2985,954s] GC(85) Metaspace: 57115K->57115K(1101824K)
[2019-04-15T21:35:32.389+0200][2985,954s] GC(85) Pause Young (Allocation Failure) 207M->122M(490M) 6,325ms
[2019-04-15T21:35:32.389+0200][2985,954s] GC(85) User=0,02s Sys=0,00s Real=0,01s
[2019-04-15T21:35:32.593+0200][2986,158s] GC(86) Pause Young (Allocation Failure)
[2019-04-15T21:35:32.593+0200][2986,159s] GC(86) Using 4 workers of 4 for evacuation
[2019-04-15T21:35:32.599+0200][2986,165s] GC(86) ParNew: 87784K->355K(109248K)
[2019-04-15T21:35:32.599+0200][2986,165s] GC(86) CMS: 124898K->124898K(393216K)
[2019-04-15T21:35:32.599+0200][2986,165s] GC(86) Metaspace: 57115K->57115K(1101824K)
[2019-04-15T21:35:32.599+0200][2986,165s] GC(86) Pause Young (Allocation Failure) 207M->122M(490M) 6,762ms
[2019-04-15T21:35:32.599+0200][2986,165s] GC(86) User=0,02s Sys=0,00s Real=0,01s
[2019-04-15T21:35:32.789+0200][2986,355s] GC(87) Pause Young (Allocation Failure)
[2019-04-15T21:35:32.789+0200][2986,355s] GC(87) Using 4 workers of 4 for evacuation
[2019-04-15T21:35:32.797+0200][2986,362s] GC(87) ParNew: 87779K->377K(109248K)
[2019-04-15T21:35:32.797+0200][2986,362s] GC(87) CMS: 124898K->124898K(393216K)
[2019-04-15T21:35:32.797+0200][2986,362s] GC(87) Metaspace: 57115K->57115K(1101824K)
[2019-04-15T21:35:32.797+0200][2986,362s] GC(87) Pause Young (Allocation Failure) 207M->122M(490M) 7,594ms
[2019-04-15T21:35:32.797+0200][2986,362s] GC(87) User=0,01s Sys=0,00s Real=0,00s
[2019-04-15T21:35:32.996+0200][2986,562s] GC(88) Pause Young (Allocation Failure)
[2019-04-15T21:35:32.996+0200][2986,562s] GC(88) Using 4 workers of 4 for evacuation
[2019-04-15T21:35:33.003+0200][2986,569s] GC(88) ParNew: 87801K->374K(109248K)
[2019-04-15T21:35:33.003+0200][2986,569s] GC(88) CMS: 124898K->124898K(393216K)
[2019-04-15T21:35:33.003+0200][2986,569s] GC(88) Metaspace: 57115K->57115K(1101824K)
[2019-04-15T21:35:33.003+0200][2986,569s] GC(88) Pause Young (Allocation Failure) 207M->122M(490M) 7,283ms
[2019-04-15T21:35:33.003+0200][2986,569s] GC(88) User=0,02s Sys=0,00s Real=0,01s
[2019-04-15T21:35:33.209+0200][2986,775s] GC(89) Pause Young (Allocation Failure)
[2019-04-15T21:35:33.209+0200][2986,775s] GC(89) Using 4 workers of 4 for evacuation
[2019-04-15T21:35:33.214+0200][2986,780s] GC(89) ParNew: 87798K->373K(109248K)
[2019-04-15T21:35:33.214+0200][2986,780s] GC(89) CMS: 124898K->124898K(393216K)
[2019-04-15T21:35:33.214+0200][2986,780s] GC(89) Metaspace: 57115K->57115K(1101824K)
[2019-04-15T21:35:33.214+0200][2986,780s] GC(89) Pause Young (Allocation Failure) 207M->122M(490M) 4,591ms
[2019-04-15T21:35:33.214+0200][2986,780s] GC(89) User=0,02s Sys=0,00s Real=0,00s
[2019-04-15T21:35:33.479+0200][2987,045s] GC(90) Pause Young (Allocation Failure)
[2019-04-15T21:35:33.479+0200][2987,045s] GC(90) Using 4 workers of 4 for evacuation
[2019-04-15T21:35:33.484+0200][2987,050s] GC(90) ParNew: 87797K->372K(109248K)
[2019-04-15T21:35:33.484+0200][2987,050s] GC(90) CMS: 124898K->124898K(393216K)
[2019-04-15T21:35:33.484+0200][2987,050s] GC(90) Metaspace: 57133K->57133K(1101824K)
[2019-04-15T21:35:33.484+0200][2987,050s] GC(90) Pause Young (Allocation Failure) 207M->122M(490M) 5,242ms
[2019-04-15T21:35:33.484+0200][2987,050s] GC(90) User=0,01s Sys=0,00s Real=0,00s
[2019-04-15T21:35:52.029+0200][3005,595s] GC(91) Pause Young (Allocation Failure)
[2019-04-15T21:35:52.029+0200][3005,595s] GC(91) Using 4 workers of 4 for evacuation
[2019-04-15T21:35:52.041+0200][3005,607s] GC(91) ParNew: 87796K->420K(109248K)
[2019-04-15T21:35:52.041+0200][3005,607s] GC(91) CMS: 124898K->124913K(393216K)
[2019-04-15T21:35:52.041+0200][3005,607s] GC(91) Metaspace: 57150K->57150K(1101824K)
[2019-04-15T21:35:52.041+0200][3005,607s] GC(91) Pause Young (Allocation Failure) 207M->122M(490M) 12,073ms
[2019-04-15T21:35:52.041+0200][3005,607s] GC(91) User=0,03s Sys=0,00s Real=0,01s
[2019-04-15T21:35:58.542+0200][3012,108s] GC(92) Pause Young (Allocation Failure)
[2019-04-15T21:35:58.542+0200][3012,108s] GC(92) Using 4 workers of 4 for evacuation
[2019-04-15T21:35:58.596+0200][3012,162s] GC(92) ParNew: 87844K->21824K(109248K)
[2019-04-15T21:35:58.596+0200][3012,162s] GC(92) CMS: 124913K->135864K(393216K)
[2019-04-15T21:35:58.596+0200][3012,162s] GC(92) Metaspace: 57160K->57160K(1101824K)
[2019-04-15T21:35:58.596+0200][3012,162s] GC(92) Pause Young (Allocation Failure) 207M->153M(490M) 54,406ms
[2019-04-15T21:35:58.596+0200][3012,162s] GC(92) User=0,14s Sys=0,01s Real=0,05s
[2019-04-15T21:35:58.989+0200][3012,555s] GC(93) Pause Young (Allocation Failure)
[2019-04-15T21:35:58.989+0200][3012,555s] GC(93) Using 4 workers of 4 for evacuation
[2019-04-15T21:35:59.030+0200][3012,595s] GC(93) ParNew: 109248K->14420K(109248K)
[2019-04-15T21:35:59.030+0200][3012,595s] GC(93) CMS: 135864K->157633K(393216K)
[2019-04-15T21:35:59.030+0200][3012,596s] GC(93) Metaspace: 57160K->57160K(1101824K)
[2019-04-15T21:35:59.030+0200][3012,596s] GC(93) Pause Young (Allocation Failure) 239M->168M(490M) 40,853ms
[2019-04-15T21:35:59.030+0200][3012,596s] GC(93) User=0,10s Sys=0,01s Real=0,04s
[2019-04-15T21:35:59.467+0200][3013,033s] GC(94) Pause Young (Allocation Failure)
[2019-04-15T21:35:59.468+0200][3013,034s] GC(94) Using 4 workers of 4 for evacuation
[2019-04-15T21:35:59.479+0200][3013,045s] GC(94) ParNew: 101844K->6007K(109248K)
[2019-04-15T21:35:59.479+0200][3013,045s] GC(94) CMS: 157633K->157633K(393216K)
[2019-04-15T21:35:59.479+0200][3013,045s] GC(94) Metaspace: 57160K->57160K(1101824K)
[2019-04-15T21:35:59.479+0200][3013,045s] GC(94) Pause Young (Allocation Failure) 253M->159M(490M) 11,970ms
[2019-04-15T21:35:59.479+0200][3013,045s] GC(94) User=0,02s Sys=0,00s Real=0,01s
[2019-04-15T21:35:59.773+0200][3013,339s] GC(95) Pause Young (Allocation Failure)
[2019-04-15T21:35:59.773+0200][3013,339s] GC(95) Using 4 workers of 4 for evacuation
[2019-04-15T21:35:59.781+0200][3013,347s] GC(95) ParNew: 93431K->4726K(109248K)
[2019-04-15T21:35:59.781+0200][3013,347s] GC(95) CMS: 157633K->157633K(393216K)
[2019-04-15T21:35:59.781+0200][3013,347s] GC(95) Metaspace: 57162K->57162K(1101824K)
[2019-04-15T21:35:59.781+0200][3013,347s] GC(95) Pause Young (Allocation Failure) 245M->158M(490M) 8,309ms
[2019-04-15T21:35:59.781+0200][3013,347s] GC(95) User=0,01s Sys=0,00s Real=0,01s
[2019-04-15T21:36:00.014+0200][3013,580s] GC(96) Pause Young (Allocation Failure)
[2019-04-15T21:36:00.014+0200][3013,580s] GC(96) Using 4 workers of 4 for evacuation
[2019-04-15T21:36:00.023+0200][3013,589s] GC(96) ParNew: 92150K->4472K(109248K)
[2019-04-15T21:36:00.024+0200][3013,590s] GC(96) CMS: 157633K->157633K(393216K)
[2019-04-15T21:36:00.024+0200][3013,590s] GC(96) Metaspace: 57162K->57162K(1101824K)
[2019-04-15T21:36:00.024+0200][3013,590s] GC(96) Pause Young (Allocation Failure) 243M->158M(490M) 9,421ms
[2019-04-15T21:36:00.024+0200][3013,590s] GC(96) User=0,01s Sys=0,00s Real=0,01s
[2019-04-15T21:36:00.275+0200][3013,841s] GC(97) Pause Young (Allocation Failure)
[2019-04-15T21:36:00.275+0200][3013,841s] GC(97) Using 4 workers of 4 for evacuation
[2019-04-15T21:36:00.281+0200][3013,847s] GC(97) ParNew: 91896K->4410K(109248K)
[2019-04-15T21:36:00.281+0200][3013,847s] GC(97) CMS: 157633K->157633K(393216K)
[2019-04-15T21:36:00.281+0200][3013,847s] GC(97) Metaspace: 57162K->57162K(1101824K)
[2019-04-15T21:36:00.281+0200][3013,847s] GC(97) Pause Young (Allocation Failure) 243M->158M(490M) 6,277ms
[2019-04-15T21:36:00.281+0200][3013,847s] GC(97) User=0,02s Sys=0,00s Real=0,01s
[2019-04-15T21:36:00.518+0200][3014,084s] GC(98) Pause Young (Allocation Failure)
[2019-04-15T21:36:00.518+0200][3014,084s] GC(98) Using 4 workers of 4 for evacuation
[2019-04-15T21:36:00.528+0200][3014,094s] GC(98) ParNew: 91834K->4457K(109248K)
[2019-04-15T21:36:00.528+0200][3014,094s] GC(98) CMS: 157633K->157633K(393216K)
[2019-04-15T21:36:00.528+0200][3014,094s] GC(98) Metaspace: 57162K->57162K(1101824K)
[2019-04-15T21:36:00.528+0200][3014,094s] GC(98) Pause Young (Allocation Failure) 243M->158M(490M) 9,527ms
[2019-04-15T21:36:00.528+0200][3014,094s] GC(98) User=0,01s Sys=0,01s Real=0,01s
[2019-04-15T21:36:00.797+0200][3014,363s] GC(99) Pause Young (Allocation Failure)
[2019-04-15T21:36:00.797+0200][3014,363s] GC(99) Using 4 workers of 4 for evacuation
[2019-04-15T21:36:00.808+0200][3014,374s] GC(99) ParNew: 91881K->4424K(109248K)
[2019-04-15T21:36:00.808+0200][3014,374s] GC(99) CMS: 157633K->157633K(393216K)
[2019-04-15T21:36:00.808+0200][3014,374s] GC(99) Metaspace: 57162K->57162K(1101824K)
[2019-04-15T21:36:00.808+0200][3014,374s] GC(99) Pause Young (Allocation Failure) 243M->158M(490M) 10,847ms
[2019-04-15T21:36:00.808+0200][3014,374s] GC(99) User=0,02s Sys=0,00s Real=0,02s
[2019-04-15T21:36:01.060+0200][3014,626s] GC(100) Pause Young (Allocation Failure)
[2019-04-15T21:36:01.060+0200][3014,626s] GC(100) Using 4 workers of 4 for evacuation
[2019-04-15T21:36:01.068+0200][3014,634s] GC(100) ParNew: 91848K->4457K(109248K)
[2019-04-15T21:36:01.068+0200][3014,634s] GC(100) CMS: 157633K->157633K(393216K)
[2019-04-15T21:36:01.068+0200][3014,634s] GC(100) Metaspace: 57162K->57162K(1101824K)
[2019-04-15T21:36:01.068+0200][3014,634s] GC(100) Pause Young (Allocation Failure) 243M->158M(490M) 8,596ms
[2019-04-15T21:36:01.068+0200][3014,634s] GC(100) User=0,02s Sys=0,00s Real=0,01s
[2019-04-15T21:36:01.321+0200][3014,887s] GC(101) Pause Young (Allocation Failure)
[2019-04-15T21:36:01.321+0200][3014,887s] GC(101) Using 4 workers of 4 for evacuation
[2019-04-15T21:36:01.329+0200][3014,895s] GC(101) ParNew: 91881K->4402K(109248K)
[2019-04-15T21:36:01.329+0200][3014,895s] GC(101) CMS: 157633K->157633K(393216K)
[2019-04-15T21:36:01.329+0200][3014,895s] GC(101) Metaspace: 57162K->57162K(1101824K)
[2019-04-15T21:36:01.329+0200][3014,895s] GC(101) Pause Young (Allocation Failure) 243M->158M(490M) 7,993ms
[2019-04-15T21:36:01.329+0200][3014,895s] GC(101) User=0,02s Sys=0,01s Real=0,01s
[2019-04-15T21:36:01.577+0200][3015,143s] GC(102) Pause Young (Allocation Failure)
[2019-04-15T21:36:01.577+0200][3015,143s] GC(102) Using 4 workers of 4 for evacuation
[2019-04-15T21:36:01.585+0200][3015,151s] GC(102) ParNew: 91826K->4588K(109248K)
[2019-04-15T21:36:01.585+0200][3015,151s] GC(102) CMS: 157633K->157633K(393216K)
[2019-04-15T21:36:01.585+0200][3015,151s] GC(102) Metaspace: 57162K->57162K(1101824K)
[2019-04-15T21:36:01.585+0200][3015,151s] GC(102) Pause Young (Allocation Failure) 243M->158M(490M) 7,766ms
[2019-04-15T21:36:01.585+0200][3015,151s] GC(102) User=0,02s Sys=0,00s Real=0,00s
[2019-04-15T21:36:01.916+0200][3015,482s] GC(103) Pause Young (Allocation Failure)
[2019-04-15T21:36:01.916+0200][3015,482s] GC(103) Using 4 workers of 4 for evacuation
[2019-04-15T21:36:01.925+0200][3015,490s] GC(103) ParNew: 92012K->365K(109248K)
[2019-04-15T21:36:01.925+0200][3015,491s] GC(103) CMS: 157633K->161714K(393216K)
[2019-04-15T21:36:01.925+0200][3015,491s] GC(103) Metaspace: 57162K->57162K(1101824K)
[2019-04-15T21:36:01.925+0200][3015,491s] GC(103) Pause Young (Allocation Failure) 243M->158M(490M) 9,063ms
[2019-04-15T21:36:01.925+0200][3015,491s] GC(103) User=0,01s Sys=0,01s Real=0,01s
[2019-04-15T21:36:02.146+0200][3015,711s] GC(104) Pause Young (Allocation Failure)
[2019-04-15T21:36:02.146+0200][3015,712s] GC(104) Using 4 workers of 4 for evacuation
[2019-04-15T21:36:02.155+0200][3015,720s] GC(104) ParNew: 87789K->310K(109248K)
[2019-04-15T21:36:02.155+0200][3015,720s] GC(104) CMS: 161714K->161714K(393216K)
[2019-04-15T21:36:02.155+0200][3015,720s] GC(104) Metaspace: 57162K->57162K(1101824K)
[2019-04-15T21:36:02.155+0200][3015,720s] GC(104) Pause Young (Allocation Failure) 243M->158M(490M) 8,967ms
[2019-04-15T21:36:02.155+0200][3015,720s] GC(104) User=0,03s Sys=0,00s Real=0,00s
[2019-04-15T21:36:02.383+0200][3015,949s] GC(105) Pause Young (Allocation Failure)
[2019-04-15T21:36:02.383+0200][3015,949s] GC(105) Using 4 workers of 4 for evacuation
[2019-04-15T21:36:02.387+0200][3015,953s] GC(105) ParNew: 87734K->445K(109248K)
[2019-04-15T21:36:02.387+0200][3015,953s] GC(105) CMS: 161714K->161714K(393216K)
[2019-04-15T21:36:02.387+0200][3015,953s] GC(105) Metaspace: 57162K->57162K(1101824K)
[2019-04-15T21:36:02.387+0200][3015,953s] GC(105) Pause Young (Allocation Failure) 243M->158M(490M) 4,176ms
[2019-04-15T21:36:02.387+0200][3015,953s] GC(105) User=0,01s Sys=0,01s Real=0,01s
[2019-04-15T21:36:02.640+0200][3016,206s] GC(106) Pause Young (Allocation Failure)
[2019-04-15T21:36:02.640+0200][3016,206s] GC(106) Using 4 workers of 4 for evacuation
[2019-04-15T21:36:02.650+0200][3016,216s] GC(106) ParNew: 87869K->359K(109248K)
[2019-04-15T21:36:02.650+0200][3016,216s] GC(106) CMS: 161714K->161714K(393216K)
[2019-04-15T21:36:02.650+0200][3016,216s] GC(106) Metaspace: 57162K->57162K(1101824K)
[2019-04-15T21:36:02.650+0200][3016,216s] GC(106) Pause Young (Allocation Failure) 243M->158M(490M) 9,866ms
[2019-04-15T21:36:02.650+0200][3016,216s] GC(106) User=0,01s Sys=0,00s Real=0,01s
[2019-04-15T21:36:02.921+0200][3016,486s] GC(107) Pause Young (Allocation Failure)
[2019-04-15T21:36:02.921+0200][3016,487s] GC(107) Using 4 workers of 4 for evacuation
[2019-04-15T21:36:02.927+0200][3016,493s] GC(107) ParNew: 87783K->314K(109248K)
[2019-04-15T21:36:02.927+0200][3016,493s] GC(107) CMS: 161714K->161714K(393216K)
[2019-04-15T21:36:02.927+0200][3016,493s] GC(107) Metaspace: 57162K->57162K(1101824K)
[2019-04-15T21:36:02.927+0200][3016,493s] GC(107) Pause Young (Allocation Failure) 243M->158M(490M) 6,880ms
[2019-04-15T21:36:02.928+0200][3016,493s] GC(107) User=0,02s Sys=0,00s Real=0,01s
[2019-04-15T21:36:03.298+0200][3016,864s] GC(108) Pause Young (Allocation Failure)
[2019-04-15T21:36:03.298+0200][3016,864s] GC(108) Using 4 workers of 4 for evacuation
[2019-04-15T21:36:03.305+0200][3016,870s] GC(108) ParNew: 87738K->391K(109248K)
[2019-04-15T21:36:03.305+0200][3016,870s] GC(108) CMS: 161714K->161715K(393216K)
[2019-04-15T21:36:03.305+0200][3016,870s] GC(108) Metaspace: 57162K->57162K(1101824K)
[2019-04-15T21:36:03.305+0200][3016,870s] GC(108) Pause Young (Allocation Failure) 243M->158M(490M) 6,768ms
[2019-04-15T21:36:03.305+0200][3016,870s] GC(108) User=0,01s Sys=0,00s Real=0,00s
[2019-04-15T21:36:03.530+0200][3017,096s] GC(109) Pause Young (Allocation Failure)
[2019-04-15T21:36:03.530+0200][3017,096s] GC(109) Using 4 workers of 4 for evacuation
[2019-04-15T21:36:03.539+0200][3017,105s] GC(109) ParNew: 87815K->299K(109248K)
[2019-04-15T21:36:03.539+0200][3017,105s] GC(109) CMS: 161715K->161715K(393216K)
[2019-04-15T21:36:03.539+0200][3017,105s] GC(109) Metaspace: 57162K->57162K(1101824K)
[2019-04-15T21:36:03.539+0200][3017,105s] GC(109) Pause Young (Allocation Failure) 243M->158M(490M) 9,289ms
[2019-04-15T21:36:03.539+0200][3017,105s] GC(109) User=0,02s Sys=0,00s Real=0,01s
[2019-04-15T21:36:03.859+0200][3017,425s] GC(110) Pause Young (Allocation Failure)
[2019-04-15T21:36:03.859+0200][3017,425s] GC(110) Using 4 workers of 4 for evacuation
[2019-04-15T21:36:03.867+0200][3017,433s] GC(110) ParNew: 87723K->332K(109248K)
[2019-04-15T21:36:03.868+0200][3017,433s] GC(110) CMS: 161715K->161715K(393216K)
[2019-04-15T21:36:03.868+0200][3017,433s] GC(110) Metaspace: 57162K->57162K(1101824K)
[2019-04-15T21:36:03.868+0200][3017,433s] GC(110) Pause Young (Allocation Failure) 243M->158M(490M) 8,702ms
[2019-04-15T21:36:03.868+0200][3017,433s] GC(110) User=0,02s Sys=0,00s Real=0,01s
[2019-04-15T21:36:04.198+0200][3017,764s] GC(111) Pause Young (Allocation Failure)
[2019-04-15T21:36:04.198+0200][3017,764s] GC(111) Using 4 workers of 4 for evacuation
[2019-04-15T21:36:04.208+0200][3017,774s] GC(111) ParNew: 87756K->302K(109248K)
[2019-04-15T21:36:04.208+0200][3017,774s] GC(111) CMS: 161715K->161715K(393216K)
[2019-04-15T21:36:04.208+0200][3017,774s] GC(111) Metaspace: 57162K->57162K(1101824K)
[2019-04-15T21:36:04.208+0200][3017,774s] GC(111) Pause Young (Allocation Failure) 243M->158M(490M) 10,165ms
[2019-04-15T21:36:04.208+0200][3017,774s] GC(111) User=0,03s Sys=0,00s Real=0,01s
[2019-04-15T21:36:04.444+0200][3018,010s] GC(112) Pause Young (Allocation Failure)
[2019-04-15T21:36:04.444+0200][3018,010s] GC(112) Using 4 workers of 4 for evacuation
[2019-04-15T21:36:04.451+0200][3018,016s] GC(112) ParNew: 87726K->401K(109248K)
[2019-04-15T21:36:04.451+0200][3018,016s] GC(112) CMS: 161715K->161715K(393216K)
[2019-04-15T21:36:04.451+0200][3018,016s] GC(112) Metaspace: 57162K->57162K(1101824K)
[2019-04-15T21:36:04.451+0200][3018,016s] GC(112) Pause Young (Allocation Failure) 243M->158M(490M) 6,979ms
[2019-04-15T21:36:04.451+0200][3018,016s] GC(112) User=0,02s Sys=0,00s Real=0,01s
[2019-04-15T21:36:04.731+0200][3018,297s] GC(113) Pause Young (Allocation Failure)
[2019-04-15T21:36:04.731+0200][3018,297s] GC(113) Using 4 workers of 4 for evacuation
[2019-04-15T21:36:04.741+0200][3018,307s] GC(113) ParNew: 87825K->333K(109248K)
[2019-04-15T21:36:04.741+0200][3018,307s] GC(113) CMS: 161715K->161715K(393216K)
[2019-04-15T21:36:04.741+0200][3018,307s] GC(113) Metaspace: 57162K->57162K(1101824K)
[2019-04-15T21:36:04.741+0200][3018,307s] GC(113) Pause Young (Allocation Failure) 243M->158M(490M) 9,580ms
[2019-04-15T21:36:04.741+0200][3018,307s] GC(113) User=0,02s Sys=0,00s Real=0,01s
[2019-04-15T21:36:05.110+0200][3018,676s] GC(114) Pause Young (Allocation Failure)
[2019-04-15T21:36:05.110+0200][3018,676s] GC(114) Using 4 workers of 4 for evacuation
[2019-04-15T21:36:05.118+0200][3018,684s] GC(114) ParNew: 87757K->315K(109248K)
[2019-04-15T21:36:05.118+0200][3018,684s] GC(114) CMS: 161715K->161715K(393216K)
[2019-04-15T21:36:05.118+0200][3018,684s] GC(114) Metaspace: 57162K->57162K(1101824K)
[2019-04-15T21:36:05.118+0200][3018,684s] GC(114) Pause Young (Allocation Failure) 243M->158M(490M) 8,052ms
[2019-04-15T21:36:05.118+0200][3018,684s] GC(114) User=0,02s Sys=0,00s Real=0,01s
[2019-04-15T21:36:05.355+0200][3018,921s] GC(115) Pause Young (Allocation Failure)
[2019-04-15T21:36:05.355+0200][3018,921s] GC(115) Using 4 workers of 4 for evacuation
[2019-04-15T21:36:05.360+0200][3018,926s] GC(115) ParNew: 87739K->334K(109248K)
[2019-04-15T21:36:05.360+0200][3018,926s] GC(115) CMS: 161715K->161715K(393216K)
[2019-04-15T21:36:05.360+0200][3018,926s] GC(115) Metaspace: 57162K->57162K(1101824K)
[2019-04-15T21:36:05.360+0200][3018,926s] GC(115) Pause Young (Allocation Failure) 243M->158M(490M) 4,700ms
[2019-04-15T21:36:05.360+0200][3018,926s] GC(115) User=0,01s Sys=0,00s Real=0,01s
[2019-04-15T21:36:05.589+0200][3019,155s] GC(116) Pause Young (Allocation Failure)
[2019-04-15T21:36:05.590+0200][3019,156s] GC(116) Using 4 workers of 4 for evacuation
[2019-04-15T21:36:05.595+0200][3019,161s] GC(116) ParNew: 87758K->341K(109248K)
[2019-04-15T21:36:05.595+0200][3019,161s] GC(116) CMS: 161715K->161715K(393216K)
[2019-04-15T21:36:05.595+0200][3019,161s] GC(116) Metaspace: 57162K->57162K(1101824K)
[2019-04-15T21:36:05.595+0200][3019,161s] GC(116) Pause Young (Allocation Failure) 243M->158M(490M) 5,675ms
[2019-04-15T21:36:05.595+0200][3019,161s] GC(116) User=0,01s Sys=0,00s Real=0,00s
[2019-04-15T21:36:05.837+0200][3019,403s] GC(117) Pause Young (Allocation Failure)
[2019-04-15T21:36:05.837+0200][3019,403s] GC(117) Using 4 workers of 4 for evacuation
[2019-04-15T21:36:05.845+0200][3019,410s] GC(117) ParNew: 87765K->301K(109248K)
[2019-04-15T21:36:05.845+0200][3019,410s] GC(117) CMS: 161715K->161715K(393216K)
[2019-04-15T21:36:05.845+0200][3019,410s] GC(117) Metaspace: 57162K->57162K(1101824K)
[2019-04-15T21:36:05.845+0200][3019,410s] GC(117) Pause Young (Allocation Failure) 243M->158M(490M) 7,291ms
[2019-04-15T21:36:05.845+0200][3019,411s] GC(117) User=0,02s Sys=0,00s Real=0,00s
[2019-04-15T21:36:06.076+0200][3019,641s] GC(118) Pause Young (Allocation Failure)
[2019-04-15T21:36:06.076+0200][3019,641s] GC(118) Using 4 workers of 4 for evacuation
[2019-04-15T21:36:06.082+0200][3019,648s] GC(118) ParNew: 87725K->450K(109248K)
[2019-04-15T21:36:06.082+0200][3019,648s] GC(118) CMS: 161715K->161715K(393216K)
[2019-04-15T21:36:06.082+0200][3019,648s] GC(118) Metaspace: 57162K->57162K(1101824K)
[2019-04-15T21:36:06.082+0200][3019,648s] GC(118) Pause Young (Allocation Failure) 243M->158M(490M) 6,601ms
[2019-04-15T21:36:06.082+0200][3019,648s] GC(118) User=0,02s Sys=0,00s Real=0,01s
[2019-04-15T21:36:06.362+0200][3019,928s] GC(119) Pause Young (Allocation Failure)
[2019-04-15T21:36:06.362+0200][3019,928s] GC(119) Using 4 workers of 4 for evacuation
[2019-04-15T21:36:06.364+0200][3019,929s] GC(119) ParNew: 87874K->330K(109248K)
[2019-04-15T21:36:06.364+0200][3019,929s] GC(119) CMS: 161715K->161716K(393216K)
[2019-04-15T21:36:06.364+0200][3019,929s] GC(119) Metaspace: 57162K->57162K(1101824K)
[2019-04-15T21:36:06.364+0200][3019,930s] GC(119) Pause Young (Allocation Failure) 243M->158M(490M) 2,027ms
[2019-04-15T21:36:06.364+0200][3019,930s] GC(119) User=0,01s Sys=0,00s Real=0,00s
[2019-04-15T21:36:06.631+0200][3020,196s] GC(120) Pause Young (Allocation Failure)
[2019-04-15T21:36:06.631+0200][3020,197s] GC(120) Using 4 workers of 4 for evacuation
[2019-04-15T21:36:06.650+0200][3020,216s] GC(120) ParNew: 87754K->345K(109248K)
[2019-04-15T21:36:06.650+0200][3020,216s] GC(120) CMS: 161716K->161716K(393216K)
[2019-04-15T21:36:06.650+0200][3020,216s] GC(120) Metaspace: 57162K->57162K(1101824K)
[2019-04-15T21:36:06.650+0200][3020,216s] GC(120) Pause Young (Allocation Failure) 243M->158M(490M) 19,579ms
[2019-04-15T21:36:06.650+0200][3020,216s] GC(120) User=0,02s Sys=0,01s Real=0,02s
[2019-04-15T21:36:06.983+0200][3020,549s] GC(121) Pause Young (Allocation Failure)
[2019-04-15T21:36:06.983+0200][3020,549s] GC(121) Using 4 workers of 4 for evacuation
[2019-04-15T21:36:06.989+0200][3020,555s] GC(121) ParNew: 87769K->318K(109248K)
[2019-04-15T21:36:06.989+0200][3020,555s] GC(121) CMS: 161716K->161716K(393216K)
[2019-04-15T21:36:06.989+0200][3020,555s] GC(121) Metaspace: 57162K->57162K(1101824K)
[2019-04-15T21:36:06.989+0200][3020,555s] GC(121) Pause Young (Allocation Failure) 243M->158M(490M) 6,452ms
[2019-04-15T21:36:06.989+0200][3020,555s] GC(121) User=0,02s Sys=0,00s Real=0,01s
[2019-04-15T21:36:07.237+0200][3020,803s] GC(122) Pause Young (Allocation Failure)
[2019-04-15T21:36:07.237+0200][3020,803s] GC(122) Using 4 workers of 4 for evacuation
[2019-04-15T21:36:07.243+0200][3020,808s] GC(122) ParNew: 87742K->392K(109248K)
[2019-04-15T21:36:07.243+0200][3020,808s] GC(122) CMS: 161716K->161716K(393216K)
[2019-04-15T21:36:07.243+0200][3020,808s] GC(122) Metaspace: 57162K->57162K(1101824K)
[2019-04-15T21:36:07.243+0200][3020,809s] GC(122) Pause Young (Allocation Failure) 243M->158M(490M) 5,867ms
[2019-04-15T21:36:07.243+0200][3020,809s] GC(122) User=0,02s Sys=0,00s Real=0,01s
[2019-04-15T21:36:07.493+0200][3021,059s] GC(123) Pause Young (Allocation Failure)
[2019-04-15T21:36:07.493+0200][3021,059s] GC(123) Using 4 workers of 4 for evacuation
[2019-04-15T21:36:07.505+0200][3021,071s] GC(123) ParNew: 87816K->329K(109248K)
[2019-04-15T21:36:07.505+0200][3021,071s] GC(123) CMS: 161716K->161716K(393216K)
[2019-04-15T21:36:07.505+0200][3021,071s] GC(123) Metaspace: 57162K->57162K(1101824K)
[2019-04-15T21:36:07.505+0200][3021,071s] GC(123) Pause Young (Allocation Failure) 243M->158M(490M) 11,885ms
[2019-04-15T21:36:07.505+0200][3021,071s] GC(123) User=0,02s Sys=0,00s Real=0,01s
[2019-04-15T21:36:07.804+0200][3021,370s] GC(124) Pause Young (Allocation Failure)
[2019-04-15T21:36:07.804+0200][3021,370s] GC(124) Using 4 workers of 4 for evacuation
[2019-04-15T21:36:07.805+0200][3021,371s] GC(124) ParNew: 87753K->444K(109248K)
[2019-04-15T21:36:07.805+0200][3021,371s] GC(124) CMS: 161716K->161716K(393216K)
[2019-04-15T21:36:07.806+0200][3021,371s] GC(124) Metaspace: 57164K->57164K(1101824K)
[2019-04-15T21:36:07.806+0200][3021,371s] GC(124) Pause Young (Allocation Failure) 243M->158M(490M) 1,817ms
[2019-04-15T21:36:07.806+0200][3021,371s] GC(124) User=0,00s Sys=0,00s Real=0,01s
[2019-04-15T21:36:09.147+0200][3022,713s] GC(125) Pause Young (Allocation Failure)
[2019-04-15T21:36:09.148+0200][3022,713s] GC(125) Using 4 workers of 4 for evacuation
[2019-04-15T21:36:09.176+0200][3022,742s] GC(125) ParNew: 87868K->13578K(109248K)
[2019-04-15T21:36:09.176+0200][3022,742s] GC(125) CMS: 161716K->161716K(393216K)
[2019-04-15T21:36:09.176+0200][3022,742s] GC(125) Metaspace: 57164K->57164K(1101824K)
[2019-04-15T21:36:09.176+0200][3022,742s] GC(125) Pause Young (Allocation Failure) 243M->171M(490M) 28,674ms
[2019-04-15T21:36:09.176+0200][3022,742s] GC(125) User=0,07s Sys=0,00s Real=0,02s
[2019-04-15T21:36:10.004+0200][3023,570s] GC(126) Pause Young (Allocation Failure)
[2019-04-15T21:36:10.004+0200][3023,570s] GC(126) Using 4 workers of 4 for evacuation
[2019-04-15T21:36:10.058+0200][3023,624s] GC(126) ParNew: 101002K->21824K(109248K)
[2019-04-15T21:36:10.058+0200][3023,624s] GC(126) CMS: 161716K->172614K(393216K)
[2019-04-15T21:36:10.058+0200][3023,624s] GC(126) Metaspace: 57170K->57170K(1101824K)
[2019-04-15T21:36:10.058+0200][3023,624s] GC(126) Pause Young (Allocation Failure) 256M->189M(490M) 54,337ms
[2019-04-15T21:36:10.058+0200][3023,624s] GC(126) User=0,16s Sys=0,00s Real=0,06s
[2019-04-15T21:36:10.486+0200][3024,052s] GC(127) Pause Young (Allocation Failure)
[2019-04-15T21:36:10.486+0200][3024,052s] GC(127) Using 4 workers of 4 for evacuation
[2019-04-15T21:36:10.527+0200][3024,093s] GC(127) ParNew: 109248K->13103K(109248K)
[2019-04-15T21:36:10.527+0200][3024,093s] GC(127) CMS: 172614K->194185K(393216K)
[2019-04-15T21:36:10.527+0200][3024,093s] GC(127) Metaspace: 57171K->57171K(1101824K)
[2019-04-15T21:36:10.527+0200][3024,093s] GC(127) Pause Young (Allocation Failure) 275M->202M(490M) 41,311ms
[2019-04-15T21:36:10.527+0200][3024,093s] GC(127) User=0,12s Sys=0,00s Real=0,04s
[2019-04-15T21:36:10.947+0200][3024,512s] GC(128) Pause Young (Allocation Failure)
[2019-04-15T21:36:10.947+0200][3024,512s] GC(128) Using 4 workers of 4 for evacuation
[2019-04-15T21:36:10.953+0200][3024,519s] GC(128) ParNew: 100527K->6327K(109248K)
[2019-04-15T21:36:10.953+0200][3024,519s] GC(128) CMS: 194185K->194185K(393216K)
[2019-04-15T21:36:10.953+0200][3024,519s] GC(128) Metaspace: 57171K->57171K(1101824K)
[2019-04-15T21:36:10.953+0200][3024,519s] GC(128) Pause Young (Allocation Failure) 287M->195M(490M) 6,294ms
[2019-04-15T21:36:10.953+0200][3024,519s] GC(128) User=0,01s Sys=0,00s Real=0,00s
[2019-04-15T21:36:11.223+0200][3024,789s] GC(129) Pause Young (Allocation Failure)
[2019-04-15T21:36:11.223+0200][3024,789s] GC(129) Using 4 workers of 4 for evacuation
[2019-04-15T21:36:11.231+0200][3024,797s] GC(129) ParNew: 93751K->5033K(109248K)
[2019-04-15T21:36:11.231+0200][3024,797s] GC(129) CMS: 194185K->194185K(393216K)
[2019-04-15T21:36:11.231+0200][3024,797s] GC(129) Metaspace: 57171K->57171K(1101824K)
[2019-04-15T21:36:11.231+0200][3024,797s] GC(129) Pause Young (Allocation Failure) 281M->194M(490M) 7,892ms
[2019-04-15T21:36:11.231+0200][3024,797s] GC(129) User=0,02s Sys=0,00s Real=0,01s
[2019-04-15T21:36:11.500+0200][3025,065s] GC(130) Pause Young (Allocation Failure)
[2019-04-15T21:36:11.500+0200][3025,065s] GC(130) Using 4 workers of 4 for evacuation
[2019-04-15T21:36:11.506+0200][3025,072s] GC(130) ParNew: 92457K->4509K(109248K)
[2019-04-15T21:36:11.506+0200][3025,072s] GC(130) CMS: 194185K->194185K(393216K)
[2019-04-15T21:36:11.506+0200][3025,072s] GC(130) Metaspace: 57171K->57171K(1101824K)
[2019-04-15T21:36:11.507+0200][3025,072s] GC(130) Pause Young (Allocation Failure) 279M->194M(490M) 6,964ms
[2019-04-15T21:36:11.507+0200][3025,073s] GC(130) User=0,02s Sys=0,00s Real=0,01s
[2019-04-15T21:36:11.780+0200][3025,346s] GC(131) Pause Young (Allocation Failure)
[2019-04-15T21:36:11.780+0200][3025,346s] GC(131) Using 4 workers of 4 for evacuation
[2019-04-15T21:36:11.786+0200][3025,352s] GC(131) ParNew: 91933K->4388K(109248K)
[2019-04-15T21:36:11.786+0200][3025,352s] GC(131) CMS: 194185K->194185K(393216K)
[2019-04-15T21:36:11.786+0200][3025,352s] GC(131) Metaspace: 57171K->57171K(1101824K)
[2019-04-15T21:36:11.786+0200][3025,352s] GC(131) Pause Young (Allocation Failure) 279M->193M(490M) 6,201ms
[2019-04-15T21:36:11.786+0200][3025,352s] GC(131) User=0,02s Sys=0,00s Real=0,01s
[2019-04-15T21:36:12.057+0200][3025,623s] GC(132) Pause Young (Allocation Failure)
[2019-04-15T21:36:12.057+0200][3025,623s] GC(132) Using 4 workers of 4 for evacuation
[2019-04-15T21:36:12.067+0200][3025,633s] GC(132) ParNew: 91812K->4436K(109248K)
[2019-04-15T21:36:12.067+0200][3025,633s] GC(132) CMS: 194185K->194185K(393216K)
[2019-04-15T21:36:12.067+0200][3025,633s] GC(132) Metaspace: 57171K->57171K(1101824K)
[2019-04-15T21:36:12.067+0200][3025,633s] GC(132) Pause Young (Allocation Failure) 279M->193M(490M) 10,147ms
[2019-04-15T21:36:12.067+0200][3025,633s] GC(132) User=0,02s Sys=0,00s Real=0,02s
[2019-04-15T21:36:12.334+0200][3025,900s] GC(133) Pause Young (Allocation Failure)
[2019-04-15T21:36:12.334+0200][3025,900s] GC(133) Using 4 workers of 4 for evacuation
[2019-04-15T21:36:12.346+0200][3025,912s] GC(133) ParNew: 91860K->4408K(109248K)
[2019-04-15T21:36:12.346+0200][3025,912s] GC(133) CMS: 194185K->194185K(393216K)
[2019-04-15T21:36:12.346+0200][3025,912s] GC(133) Metaspace: 57171K->57171K(1101824K)
[2019-04-15T21:36:12.346+0200][3025,912s] GC(133) Pause Young (Allocation Failure) 279M->193M(490M) 11,689ms
[2019-04-15T21:36:12.346+0200][3025,912s] GC(133) User=0,02s Sys=0,00s Real=0,02s
[2019-04-15T21:36:12.610+0200][3026,175s] GC(134) Pause Young (Allocation Failure)
[2019-04-15T21:36:12.610+0200][3026,176s] GC(134) Using 4 workers of 4 for evacuation
[2019-04-15T21:36:12.617+0200][3026,183s] GC(134) ParNew: 91832K->4445K(109248K)
[2019-04-15T21:36:12.617+0200][3026,183s] GC(134) CMS: 194185K->194185K(393216K)
[2019-04-15T21:36:12.617+0200][3026,183s] GC(134) Metaspace: 57171K->57171K(1101824K)
[2019-04-15T21:36:12.617+0200][3026,183s] GC(134) Pause Young (Allocation Failure) 279M->193M(490M) 7,846ms
[2019-04-15T21:36:12.618+0200][3026,183s] GC(134) User=0,02s Sys=0,00s Real=0,01s
[2019-04-15T21:36:12.896+0200][3026,462s] GC(135) Pause Young (Allocation Failure)
[2019-04-15T21:36:12.896+0200][3026,462s] GC(135) Using 4 workers of 4 for evacuation
[2019-04-15T21:36:12.903+0200][3026,469s] GC(135) ParNew: 91869K->4434K(109248K)
[2019-04-15T21:36:12.903+0200][3026,469s] GC(135) CMS: 194185K->194185K(393216K)
[2019-04-15T21:36:12.903+0200][3026,469s] GC(135) Metaspace: 57171K->57171K(1101824K)
[2019-04-15T21:36:12.903+0200][3026,469s] GC(135) Pause Young (Allocation Failure) 279M->193M(490M) 7,353ms
[2019-04-15T21:36:12.903+0200][3026,469s] GC(135) User=0,02s Sys=0,00s Real=0,01s
[2019-04-15T21:36:13.180+0200][3026,746s] GC(136) Pause Young (Allocation Failure)
[2019-04-15T21:36:13.180+0200][3026,746s] GC(136) Using 4 workers of 4 for evacuation
[2019-04-15T21:36:13.192+0200][3026,758s] GC(136) ParNew: 91858K->316K(109248K)
[2019-04-15T21:36:13.192+0200][3026,758s] GC(136) CMS: 194185K->198255K(393216K)
[2019-04-15T21:36:13.192+0200][3026,758s] GC(136) Metaspace: 57171K->57171K(1101824K)
[2019-04-15T21:36:13.192+0200][3026,758s] GC(136) Pause Young (Allocation Failure) 279M->193M(490M) 12,074ms
[2019-04-15T21:36:13.192+0200][3026,758s] GC(136) User=0,02s Sys=0,00s Real=0,01s
[2019-04-15T21:36:13.192+0200][3026,758s] GC(137) Pause Initial Mark
[2019-04-15T21:36:13.193+0200][3026,759s] GC(137) Pause Initial Mark 194M->194M(490M) 0,469ms
[2019-04-15T21:36:13.193+0200][3026,759s] GC(137) User=0,00s Sys=0,00s Real=0,00s
[2019-04-15T21:36:13.193+0200][3026,759s] GC(137) Concurrent Mark
[2019-04-15T21:36:13.193+0200][3026,759s] GC(137) Using 4 workers of 4 for marking
[2019-04-15T21:36:13.248+0200][3026,814s] GC(137) Concurrent Mark 55,417ms
[2019-04-15T21:36:13.248+0200][3026,814s] GC(137) User=0,17s Sys=0,00s Real=0,06s
[2019-04-15T21:36:13.248+0200][3026,814s] GC(137) Concurrent Preclean
[2019-04-15T21:36:13.250+0200][3026,816s] GC(137) Concurrent Preclean 1,730ms
[2019-04-15T21:36:13.250+0200][3026,816s] GC(137) User=0,00s Sys=0,00s Real=0,00s
[2019-04-15T21:36:13.250+0200][3026,816s] GC(137) Concurrent Abortable Preclean
[2019-04-15T21:36:13.511+0200][3027,077s] GC(138) Pause Young (Allocation Failure)
[2019-04-15T21:36:13.511+0200][3027,077s] GC(138) Using 4 workers of 4 for evacuation
[2019-04-15T21:36:13.521+0200][3027,086s] GC(138) ParNew: 87740K->397K(109248K)
[2019-04-15T21:36:13.521+0200][3027,087s] GC(138) CMS: 198255K->198255K(393216K)
[2019-04-15T21:36:13.521+0200][3027,087s] GC(138) Metaspace: 57171K->57171K(1101824K)
[2019-04-15T21:36:13.521+0200][3027,087s] GC(138) Pause Young (Allocation Failure) 279M->193M(490M) 9,814ms
[2019-04-15T21:36:13.521+0200][3027,087s] GC(138) User=0,02s Sys=0,00s Real=0,01s
[2019-04-15T21:36:13.823+0200][3027,389s] GC(139) Pause Young (Allocation Failure)
[2019-04-15T21:36:13.823+0200][3027,389s] GC(139) Using 4 workers of 4 for evacuation
[2019-04-15T21:36:13.830+0200][3027,396s] GC(139) ParNew: 87821K->301K(109248K)
[2019-04-15T21:36:13.830+0200][3027,396s] GC(139) CMS: 198255K->198255K(393216K)
[2019-04-15T21:36:13.830+0200][3027,396s] GC(139) Metaspace: 57171K->57171K(1101824K)
[2019-04-15T21:36:13.830+0200][3027,396s] GC(139) Pause Young (Allocation Failure) 279M->193M(490M) 7,317ms
[2019-04-15T21:36:13.830+0200][3027,396s] GC(139) User=0,01s Sys=0,01s Real=0,01s
[2019-04-15T21:36:13.830+0200][3027,396s] GC(137) Concurrent Abortable Preclean 580,282ms
[2019-04-15T21:36:13.830+0200][3027,396s] GC(137) User=1,11s Sys=0,05s Real=0,58s
[2019-04-15T21:36:13.830+0200][3027,396s] GC(137) Pause Remark
[2019-04-15T21:36:13.831+0200][3027,396s] GC(140) Pause Young (CMS Final Remark)
[2019-04-15T21:36:13.831+0200][3027,396s] GC(140) Using 4 workers of 4 for evacuation
[2019-04-15T21:36:13.847+0200][3027,413s] GC(140) ParNew: 2042K->444K(109248K)
[2019-04-15T21:36:13.847+0200][3027,413s] GC(140) CMS: 198255K->198255K(393216K)
[2019-04-15T21:36:13.847+0200][3027,413s] GC(140) Metaspace: 57171K->57171K(1101824K)
[2019-04-15T21:36:13.847+0200][3027,413s] GC(140) Pause Young (CMS Final Remark) 195M->194M(490M) 16,881ms
[2019-04-15T21:36:13.847+0200][3027,413s] GC(140) User=0,03s Sys=0,00s Real=0,02s
[2019-04-15T21:36:13.879+0200][3027,445s] GC(137) Pause Remark 195M->194M(490M) 48,414ms
[2019-04-15T21:36:13.879+0200][3027,445s] GC(137) User=0,08s Sys=0,00s Real=0,05s
[2019-04-15T21:36:13.879+0200][3027,445s] GC(137) Concurrent Sweep
[2019-04-15T21:36:14.129+0200][3027,695s] GC(137) Concurrent Sweep 250,002ms
[2019-04-15T21:36:14.129+0200][3027,695s] GC(137) User=0,67s Sys=0,01s Real=0,25s
[2019-04-15T21:36:14.129+0200][3027,695s] GC(137) Concurrent Reset
[2019-04-15T21:36:14.130+0200][3027,695s] GC(137) Concurrent Reset 0,472ms
[2019-04-15T21:36:14.130+0200][3027,695s] GC(137) User=0,00s Sys=0,00s Real=0,00s
[2019-04-15T21:36:14.130+0200][3027,695s] GC(137) Old: 198255K->84456K(393216K)
[2019-04-15T21:36:14.209+0200][3027,775s] GC(141) Pause Young (Allocation Failure)
[2019-04-15T21:36:14.209+0200][3027,775s] GC(141) Using 4 workers of 4 for evacuation
[2019-04-15T21:36:14.216+0200][3027,782s] GC(141) ParNew: 87868K->328K(109248K)
[2019-04-15T21:36:14.216+0200][3027,782s] GC(141) CMS: 84456K->84457K(393216K)
[2019-04-15T21:36:14.216+0200][3027,782s] GC(141) Metaspace: 57171K->57171K(1101824K)
[2019-04-15T21:36:14.216+0200][3027,782s] GC(141) Pause Young (Allocation Failure) 168M->82M(490M) 6,887ms
[2019-04-15T21:36:14.216+0200][3027,782s] GC(141) User=0,02s Sys=0,00s Real=0,00s
[2019-04-15T21:36:14.492+0200][3028,058s] GC(142) Pause Young (Allocation Failure)
[2019-04-15T21:36:14.492+0200][3028,058s] GC(142) Using 4 workers of 4 for evacuation
[2019-04-15T21:36:14.499+0200][3028,065s] GC(142) ParNew: 87752K->387K(109248K)
[2019-04-15T21:36:14.499+0200][3028,065s] GC(142) CMS: 84457K->84457K(393216K)
[2019-04-15T21:36:14.499+0200][3028,065s] GC(142) Metaspace: 57171K->57171K(1101824K)
[2019-04-15T21:36:14.499+0200][3028,065s] GC(142) Pause Young (Allocation Failure) 168M->82M(490M) 7,059ms
[2019-04-15T21:36:14.499+0200][3028,065s] GC(142) User=0,02s Sys=0,00s Real=0,01s
[2019-04-15T21:36:14.777+0200][3028,343s] GC(143) Pause Young (Allocation Failure)
[2019-04-15T21:36:14.777+0200][3028,343s] GC(143) Using 4 workers of 4 for evacuation
[2019-04-15T21:36:14.789+0200][3028,355s] GC(143) ParNew: 87811K->298K(109248K)
[2019-04-15T21:36:14.789+0200][3028,355s] GC(143) CMS: 84457K->84457K(393216K)
[2019-04-15T21:36:14.789+0200][3028,355s] GC(143) Metaspace: 57171K->57171K(1101824K)
[2019-04-15T21:36:14.789+0200][3028,355s] GC(143) Pause Young (Allocation Failure) 168M->82M(490M) 12,144ms
[2019-04-15T21:36:14.789+0200][3028,355s] GC(143) User=0,02s Sys=0,00s Real=0,02s
[2019-04-15T21:36:15.100+0200][3028,666s] GC(144) Pause Young (Allocation Failure)
[2019-04-15T21:36:15.100+0200][3028,666s] GC(144) Using 4 workers of 4 for evacuation
[2019-04-15T21:36:15.110+0200][3028,676s] GC(144) ParNew: 87722K->388K(109248K)
[2019-04-15T21:36:15.110+0200][3028,676s] GC(144) CMS: 84457K->84457K(393216K)
[2019-04-15T21:36:15.110+0200][3028,676s] GC(144) Metaspace: 57171K->57171K(1101824K)
[2019-04-15T21:36:15.110+0200][3028,676s] GC(144) Pause Young (Allocation Failure) 168M->82M(490M) 10,267ms
[2019-04-15T21:36:15.110+0200][3028,676s] GC(144) User=0,01s Sys=0,00s Real=0,01s
[2019-04-15T21:36:15.401+0200][3028,967s] GC(145) Pause Young (Allocation Failure)
[2019-04-15T21:36:15.401+0200][3028,967s] GC(145) Using 4 workers of 4 for evacuation
[2019-04-15T21:36:15.413+0200][3028,979s] GC(145) ParNew: 87812K->358K(109248K)
[2019-04-15T21:36:15.413+0200][3028,979s] GC(145) CMS: 84457K->84457K(393216K)
[2019-04-15T21:36:15.413+0200][3028,979s] GC(145) Metaspace: 57171K->57171K(1101824K)
[2019-04-15T21:36:15.413+0200][3028,979s] GC(145) Pause Young (Allocation Failure) 168M->82M(490M) 11,595ms
[2019-04-15T21:36:15.413+0200][3028,979s] GC(145) User=0,02s Sys=0,00s Real=0,01s
[2019-04-15T21:36:15.668+0200][3029,234s] GC(146) Pause Young (Allocation Failure)
[2019-04-15T21:36:15.668+0200][3029,234s] GC(146) Using 4 workers of 4 for evacuation
[2019-04-15T21:36:15.678+0200][3029,244s] GC(146) ParNew: 87782K->346K(109248K)
[2019-04-15T21:36:15.678+0200][3029,244s] GC(146) CMS: 84457K->84457K(393216K)
[2019-04-15T21:36:15.678+0200][3029,244s] GC(146) Metaspace: 57171K->57171K(1101824K)
[2019-04-15T21:36:15.678+0200][3029,244s] GC(146) Pause Young (Allocation Failure) 168M->82M(490M) 9,929ms
[2019-04-15T21:36:15.678+0200][3029,244s] GC(146) User=0,02s Sys=0,00s Real=0,01s
[2019-04-15T21:36:16.030+0200][3029,596s] GC(147) Pause Young (Allocation Failure)
[2019-04-15T21:36:16.030+0200][3029,596s] GC(147) Using 4 workers of 4 for evacuation
[2019-04-15T21:36:16.040+0200][3029,606s] GC(147) ParNew: 87770K->349K(109248K)
[2019-04-15T21:36:16.041+0200][3029,606s] GC(147) CMS: 84457K->84457K(393216K)
[2019-04-15T21:36:16.041+0200][3029,606s] GC(147) Metaspace: 57171K->57171K(1101824K)
[2019-04-15T21:36:16.041+0200][3029,606s] GC(147) Pause Young (Allocation Failure) 168M->82M(490M) 10,223ms
[2019-04-15T21:36:16.041+0200][3029,606s] GC(147) User=0,02s Sys=0,00s Real=0,01s
[2019-04-15T21:36:16.385+0200][3029,951s] GC(148) Pause Young (Allocation Failure)
[2019-04-15T21:36:16.385+0200][3029,951s] GC(148) Using 4 workers of 4 for evacuation
[2019-04-15T21:36:16.395+0200][3029,961s] GC(148) ParNew: 87773K->319K(109248K)
[2019-04-15T21:36:16.396+0200][3029,961s] GC(148) CMS: 84457K->84457K(393216K)
[2019-04-15T21:36:16.396+0200][3029,961s] GC(148) Metaspace: 57171K->57171K(1101824K)
[2019-04-15T21:36:16.396+0200][3029,961s] GC(148) Pause Young (Allocation Failure) 168M->82M(490M) 10,216ms
[2019-04-15T21:36:16.396+0200][3029,961s] GC(148) User=0,02s Sys=0,00s Real=0,00s
[2019-04-15T21:36:16.877+0200][3030,442s] GC(149) Pause Young (Allocation Failure)
[2019-04-15T21:36:16.877+0200][3030,442s] GC(149) Using 4 workers of 4 for evacuation
[2019-04-15T21:36:16.883+0200][3030,448s] GC(149) ParNew: 87743K->448K(109248K)
[2019-04-15T21:36:16.883+0200][3030,449s] GC(149) CMS: 84457K->84457K(393216K)
[2019-04-15T21:36:16.883+0200][3030,449s] GC(149) Metaspace: 57171K->57171K(1101824K)
[2019-04-15T21:36:16.883+0200][3030,449s] GC(149) Pause Young (Allocation Failure) 168M->82M(490M) 6,203ms
[2019-04-15T21:36:16.883+0200][3030,449s] GC(149) User=0,02s Sys=0,00s Real=0,01s
[2019-04-15T21:36:17.275+0200][3030,841s] GC(150) Pause Young (Allocation Failure)
[2019-04-15T21:36:17.275+0200][3030,841s] GC(150) Using 4 workers of 4 for evacuation
[2019-04-15T21:36:17.286+0200][3030,852s] GC(150) ParNew: 87872K->330K(109248K)
[2019-04-15T21:36:17.286+0200][3030,852s] GC(150) CMS: 84457K->84457K(393216K)
[2019-04-15T21:36:17.286+0200][3030,852s] GC(150) Metaspace: 57171K->57171K(1101824K)
[2019-04-15T21:36:17.286+0200][3030,852s] GC(150) Pause Young (Allocation Failure) 168M->82M(490M) 10,739ms
[2019-04-15T21:36:17.286+0200][3030,852s] GC(150) User=0,02s Sys=0,00s Real=0,02s
[2019-04-15T21:36:17.528+0200][3031,094s] GC(151) Pause Young (Allocation Failure)
[2019-04-15T21:36:17.528+0200][3031,094s] GC(151) Using 4 workers of 4 for evacuation
[2019-04-15T21:36:17.536+0200][3031,102s] GC(151) ParNew: 87754K->314K(109248K)
[2019-04-15T21:36:17.536+0200][3031,102s] GC(151) CMS: 84457K->84457K(393216K)
[2019-04-15T21:36:17.536+0200][3031,102s] GC(151) Metaspace: 57171K->57171K(1101824K)
[2019-04-15T21:36:17.536+0200][3031,102s] GC(151) Pause Young (Allocation Failure) 168M->82M(490M) 7,918ms
[2019-04-15T21:36:17.536+0200][3031,102s] GC(151) User=0,02s Sys=0,00s Real=0,00s
[2019-04-15T21:36:17.849+0200][3031,415s] GC(152) Pause Young (Allocation Failure)
[2019-04-15T21:36:17.849+0200][3031,415s] GC(152) Using 4 workers of 4 for evacuation
[2019-04-15T21:36:17.860+0200][3031,425s] GC(152) ParNew: 87738K->389K(109248K)
[2019-04-15T21:36:17.860+0200][3031,425s] GC(152) CMS: 84457K->84457K(393216K)
[2019-04-15T21:36:17.860+0200][3031,425s] GC(152) Metaspace: 57171K->57171K(1101824K)
[2019-04-15T21:36:17.860+0200][3031,425s] GC(152) Pause Young (Allocation Failure) 168M->82M(490M) 10,286ms
[2019-04-15T21:36:17.860+0200][3031,425s] GC(152) User=0,02s Sys=0,00s Real=0,01s
[2019-04-15T21:36:18.090+0200][3031,656s] GC(153) Pause Young (Allocation Failure)
[2019-04-15T21:36:18.090+0200][3031,656s] GC(153) Using 4 workers of 4 for evacuation
[2019-04-15T21:36:18.096+0200][3031,661s] GC(153) ParNew: 87813K->299K(109248K)
[2019-04-15T21:36:18.096+0200][3031,661s] GC(153) CMS: 84457K->84457K(393216K)
[2019-04-15T21:36:18.096+0200][3031,661s] GC(153) Metaspace: 57171K->57171K(1101824K)
[2019-04-15T21:36:18.096+0200][3031,661s] GC(153) Pause Young (Allocation Failure) 168M->82M(490M) 5,421ms
[2019-04-15T21:36:18.096+0200][3031,661s] GC(153) User=0,02s Sys=0,00s Real=0,00s
[2019-04-15T21:36:18.335+0200][3031,901s] GC(154) Pause Young (Allocation Failure)
[2019-04-15T21:36:18.336+0200][3031,901s] GC(154) Using 4 workers of 4 for evacuation
[2019-04-15T21:36:18.341+0200][3031,907s] GC(154) ParNew: 87723K->387K(109248K)
[2019-04-15T21:36:18.341+0200][3031,907s] GC(154) CMS: 84457K->84457K(393216K)
[2019-04-15T21:36:18.341+0200][3031,907s] GC(154) Metaspace: 57171K->57171K(1101824K)
[2019-04-15T21:36:18.341+0200][3031,907s] GC(154) Pause Young (Allocation Failure) 168M->82M(490M) 5,999ms
[2019-04-15T21:36:18.341+0200][3031,907s] GC(154) User=0,01s Sys=0,00s Real=0,01s
[2019-04-15T21:36:18.565+0200][3032,131s] GC(155) Pause Young (Allocation Failure)
[2019-04-15T21:36:18.565+0200][3032,131s] GC(155) Using 4 workers of 4 for evacuation
[2019-04-15T21:36:18.580+0200][3032,145s] GC(155) ParNew: 87811K->298K(109248K)
[2019-04-15T21:36:18.580+0200][3032,145s] GC(155) CMS: 84457K->84458K(393216K)
[2019-04-15T21:36:18.580+0200][3032,145s] GC(155) Metaspace: 57171K->57171K(1101824K)
[2019-04-15T21:36:18.580+0200][3032,145s] GC(155) Pause Young (Allocation Failure) 168M->82M(490M) 14,354ms
[2019-04-15T21:36:18.580+0200][3032,145s] GC(155) User=0,03s Sys=0,00s Real=0,02s
[2019-04-15T21:36:18.837+0200][3032,403s] GC(156) Pause Young (Allocation Failure)
[2019-04-15T21:36:18.837+0200][3032,403s] GC(156) Using 4 workers of 4 for evacuation
[2019-04-15T21:36:18.843+0200][3032,409s] GC(156) ParNew: 87722K->387K(109248K)
[2019-04-15T21:36:18.843+0200][3032,409s] GC(156) CMS: 84458K->84458K(393216K)
[2019-04-15T21:36:18.843+0200][3032,409s] GC(156) Metaspace: 57171K->57171K(1101824K)
[2019-04-15T21:36:18.843+0200][3032,409s] GC(156) Pause Young (Allocation Failure) 168M->82M(490M) 5,857ms
[2019-04-15T21:36:18.843+0200][3032,409s] GC(156) User=0,01s Sys=0,00s Real=0,01s
[2019-04-15T21:36:19.092+0200][3032,658s] GC(157) Pause Young (Allocation Failure)
[2019-04-15T21:36:19.092+0200][3032,658s] GC(157) Using 4 workers of 4 for evacuation
[2019-04-15T21:36:19.098+0200][3032,664s] GC(157) ParNew: 87811K->357K(109248K)
[2019-04-15T21:36:19.098+0200][3032,664s] GC(157) CMS: 84458K->84458K(393216K)
[2019-04-15T21:36:19.098+0200][3032,664s] GC(157) Metaspace: 57171K->57171K(1101824K)
[2019-04-15T21:36:19.099+0200][3032,664s] GC(157) Pause Young (Allocation Failure) 168M->82M(490M) 6,239ms
[2019-04-15T21:36:19.099+0200][3032,665s] GC(157) User=0,01s Sys=0,00s Real=0,01s
[2019-04-15T21:36:19.499+0200][3033,065s] GC(158) Pause Young (Allocation Failure)
[2019-04-15T21:36:19.500+0200][3033,065s] GC(158) Using 4 workers of 4 for evacuation
[2019-04-15T21:36:19.507+0200][3033,073s] GC(158) ParNew: 87781K->346K(109248K)
[2019-04-15T21:36:19.507+0200][3033,073s] GC(158) CMS: 84458K->84458K(393216K)
[2019-04-15T21:36:19.507+0200][3033,073s] GC(158) Metaspace: 57171K->57171K(1101824K)
[2019-04-15T21:36:19.507+0200][3033,073s] GC(158) Pause Young (Allocation Failure) 168M->82M(490M) 7,778ms
[2019-04-15T21:36:19.507+0200][3033,073s] GC(158) User=0,02s Sys=0,00s Real=0,01s
[2019-04-15T21:37:13.096+0200][3086,662s] GC(159) Pause Young (Allocation Failure)
[2019-04-15T21:37:13.096+0200][3086,662s] GC(159) Using 4 workers of 4 for evacuation
[2019-04-15T21:37:13.116+0200][3086,682s] GC(159) ParNew: 87770K->12251K(109248K)
[2019-04-15T21:37:13.116+0200][3086,682s] GC(159) CMS: 84458K->84458K(393216K)
[2019-04-15T21:37:13.116+0200][3086,682s] GC(159) Metaspace: 57173K->57173K(1101824K)
[2019-04-15T21:37:13.116+0200][3086,682s] GC(159) Pause Young (Allocation Failure) 168M->94M(490M) 20,613ms
[2019-04-15T21:37:13.116+0200][3086,682s] GC(159) User=0,05s Sys=0,00s Real=0,02s
[2019-04-15T21:37:13.866+0200][3087,432s] GC(160) Pause Young (Allocation Failure)
[2019-04-15T21:37:13.866+0200][3087,432s] GC(160) Using 4 workers of 4 for evacuation
[2019-04-15T21:37:13.872+0200][3087,438s] GC(160) ParNew: 99675K->10135K(109248K)
[2019-04-15T21:37:13.872+0200][3087,438s] GC(160) CMS: 84458K->84458K(393216K)
[2019-04-15T21:37:13.872+0200][3087,438s] GC(160) Metaspace: 57173K->57173K(1101824K)
[2019-04-15T21:37:13.872+0200][3087,438s] GC(160) Pause Young (Allocation Failure) 179M->92M(490M) 6,211ms
[2019-04-15T21:37:13.872+0200][3087,438s] GC(160) User=0,02s Sys=0,00s Real=0,00s
[2019-04-15T21:37:14.242+0200][3087,807s] GC(161) Pause Young (Allocation Failure)
[2019-04-15T21:37:14.242+0200][3087,807s] GC(161) Using 4 workers of 4 for evacuation
[2019-04-15T21:37:14.247+0200][3087,813s] GC(161) ParNew: 97559K->5210K(109248K)
[2019-04-15T21:37:14.247+0200][3087,813s] GC(161) CMS: 84458K->84458K(393216K)
[2019-04-15T21:37:14.247+0200][3087,813s] GC(161) Metaspace: 57173K->57173K(1101824K)
[2019-04-15T21:37:14.247+0200][3087,813s] GC(161) Pause Young (Allocation Failure) 177M->87M(490M) 5,631ms
[2019-04-15T21:37:14.247+0200][3087,813s] GC(161) User=0,02s Sys=0,00s Real=0,01s
[2019-04-15T21:37:14.519+0200][3088,085s] GC(162) Pause Young (Allocation Failure)
[2019-04-15T21:37:14.519+0200][3088,085s] GC(162) Using 4 workers of 4 for evacuation
[2019-04-15T21:37:14.524+0200][3088,090s] GC(162) ParNew: 92634K->4692K(109248K)
[2019-04-15T21:37:14.524+0200][3088,090s] GC(162) CMS: 84458K->84458K(393216K)
[2019-04-15T21:37:14.524+0200][3088,090s] GC(162) Metaspace: 57173K->57173K(1101824K)
[2019-04-15T21:37:14.524+0200][3088,090s] GC(162) Pause Young (Allocation Failure) 172M->87M(490M) 4,911ms
[2019-04-15T21:37:14.524+0200][3088,090s] GC(162) User=0,02s Sys=0,00s Real=0,00s
[2019-04-15T21:37:14.821+0200][3088,387s] GC(163) Pause Young (Allocation Failure)
[2019-04-15T21:37:14.821+0200][3088,387s] GC(163) Using 4 workers of 4 for evacuation
[2019-04-15T21:37:14.827+0200][3088,393s] GC(163) ParNew: 92116K->4476K(109248K)
[2019-04-15T21:37:14.827+0200][3088,393s] GC(163) CMS: 84458K->84458K(393216K)
[2019-04-15T21:37:14.827+0200][3088,393s] GC(163) Metaspace: 57173K->57173K(1101824K)
[2019-04-15T21:37:14.827+0200][3088,393s] GC(163) Pause Young (Allocation Failure) 172M->86M(490M) 5,572ms
[2019-04-15T21:37:14.827+0200][3088,393s] GC(163) User=0,01s Sys=0,00s Real=0,01s
[2019-04-15T21:37:15.130+0200][3088,695s] GC(164) Pause Young (Allocation Failure)
[2019-04-15T21:37:15.130+0200][3088,696s] GC(164) Using 4 workers of 4 for evacuation
[2019-04-15T21:37:15.137+0200][3088,703s] GC(164) ParNew: 91900K->4573K(109248K)
[2019-04-15T21:37:15.137+0200][3088,703s] GC(164) CMS: 84458K->84458K(393216K)
[2019-04-15T21:37:15.137+0200][3088,703s] GC(164) Metaspace: 57173K->57173K(1101824K)
[2019-04-15T21:37:15.137+0200][3088,703s] GC(164) Pause Young (Allocation Failure) 172M->86M(490M) 7,717ms
[2019-04-15T21:37:15.137+0200][3088,703s] GC(164) User=0,01s Sys=0,00s Real=0,01s
[2019-04-15T21:37:15.424+0200][3088,989s] GC(165) Pause Young (Allocation Failure)
[2019-04-15T21:37:15.424+0200][3088,990s] GC(165) Using 4 workers of 4 for evacuation
[2019-04-15T21:37:15.431+0200][3088,997s] GC(165) ParNew: 91997K->4465K(109248K)
[2019-04-15T21:37:15.431+0200][3088,997s] GC(165) CMS: 84458K->84459K(393216K)
[2019-04-15T21:37:15.431+0200][3088,997s] GC(165) Metaspace: 57173K->57173K(1101824K)
[2019-04-15T21:37:15.431+0200][3088,997s] GC(165) Pause Young (Allocation Failure) 172M->86M(490M) 7,382ms
[2019-04-15T21:37:15.431+0200][3088,997s] GC(165) User=0,02s Sys=0,00s Real=0,01s
[2019-04-15T21:37:15.726+0200][3089,292s] GC(166) Pause Young (Allocation Failure)
[2019-04-15T21:37:15.726+0200][3089,292s] GC(166) Using 4 workers of 4 for evacuation
[2019-04-15T21:37:15.732+0200][3089,298s] GC(166) ParNew: 91889K->4475K(109248K)
[2019-04-15T21:37:15.732+0200][3089,298s] GC(166) CMS: 84459K->84479K(393216K)
[2019-04-15T21:37:15.733+0200][3089,298s] GC(166) Metaspace: 57173K->57173K(1101824K)
[2019-04-15T21:37:15.733+0200][3089,298s] GC(166) Pause Young (Allocation Failure) 172M->86M(490M) 6,662ms
[2019-04-15T21:37:15.733+0200][3089,298s] GC(166) User=0,02s Sys=0,00s Real=0,00s
[2019-04-15T21:37:16.023+0200][3089,589s] GC(167) Pause Young (Allocation Failure)
[2019-04-15T21:37:16.023+0200][3089,589s] GC(167) Using 4 workers of 4 for evacuation
[2019-04-15T21:37:16.034+0200][3089,599s] GC(167) ParNew: 91899K->4383K(109248K)
[2019-04-15T21:37:16.034+0200][3089,599s] GC(167) CMS: 84479K->84523K(393216K)
[2019-04-15T21:37:16.034+0200][3089,599s] GC(167) Metaspace: 57173K->57173K(1101824K)
[2019-04-15T21:37:16.034+0200][3089,599s] GC(167) Pause Young (Allocation Failure) 172M->86M(490M) 10,450ms
[2019-04-15T21:37:16.034+0200][3089,599s] GC(167) User=0,02s Sys=0,00s Real=0,01s
[2019-04-15T21:37:16.365+0200][3089,931s] GC(168) Pause Young (Allocation Failure)
[2019-04-15T21:37:16.365+0200][3089,931s] GC(168) Using 4 workers of 4 for evacuation
[2019-04-15T21:37:16.370+0200][3089,936s] GC(168) ParNew: 91807K->388K(109248K)
[2019-04-15T21:37:16.371+0200][3089,936s] GC(168) CMS: 84523K->88593K(393216K)
[2019-04-15T21:37:16.371+0200][3089,936s] GC(168) Metaspace: 57173K->57173K(1101824K)
[2019-04-15T21:37:16.371+0200][3089,936s] GC(168) Pause Young (Allocation Failure) 172M->86M(490M) 5,716ms
[2019-04-15T21:37:16.371+0200][3089,936s] GC(168) User=0,02s Sys=0,00s Real=0,01s
[2019-04-15T21:37:16.709+0200][3090,275s] GC(169) Pause Young (Allocation Failure)
[2019-04-15T21:37:16.709+0200][3090,275s] GC(169) Using 4 workers of 4 for evacuation
[2019-04-15T21:37:16.715+0200][3090,281s] GC(169) ParNew: 87812K->321K(109248K)
[2019-04-15T21:37:16.715+0200][3090,281s] GC(169) CMS: 88593K->88594K(393216K)
[2019-04-15T21:37:16.715+0200][3090,281s] GC(169) Metaspace: 57173K->57173K(1101824K)
[2019-04-15T21:37:16.715+0200][3090,281s] GC(169) Pause Young (Allocation Failure) 172M->86M(490M) 6,313ms
[2019-04-15T21:37:16.715+0200][3090,281s] GC(169) User=0,02s Sys=0,00s Real=0,00s
[2019-04-15T21:37:17.036+0200][3090,602s] GC(170) Pause Young (Allocation Failure)
[2019-04-15T21:37:17.036+0200][3090,602s] GC(170) Using 4 workers of 4 for evacuation
[2019-04-15T21:37:17.042+0200][3090,608s] GC(170) ParNew: 87745K->392K(109248K)
[2019-04-15T21:37:17.042+0200][3090,608s] GC(170) CMS: 88594K->88594K(393216K)
[2019-04-15T21:37:17.042+0200][3090,608s] GC(170) Metaspace: 57173K->57173K(1101824K)
[2019-04-15T21:37:17.042+0200][3090,608s] GC(170) Pause Young (Allocation Failure) 172M->86M(490M) 6,169ms
[2019-04-15T21:37:17.042+0200][3090,608s] GC(170) User=0,02s Sys=0,00s Real=0,01s
[2019-04-15T21:37:17.330+0200][3090,896s] GC(171) Pause Young (Allocation Failure)
[2019-04-15T21:37:17.330+0200][3090,896s] GC(171) Using 4 workers of 4 for evacuation
[2019-04-15T21:37:17.346+0200][3090,912s] GC(171) ParNew: 87816K->11650K(109248K)
[2019-04-15T21:37:17.347+0200][3090,912s] GC(171) CMS: 88594K->88594K(393216K)
[2019-04-15T21:37:17.347+0200][3090,912s] GC(171) Metaspace: 57173K->57173K(1101824K)
[2019-04-15T21:37:17.347+0200][3090,912s] GC(171) Pause Young (Allocation Failure) 172M->97M(490M) 16,249ms
[2019-04-15T21:37:17.347+0200][3090,912s] GC(171) User=0,04s Sys=0,00s Real=0,02s
[2019-04-15T21:37:17.614+0200][3091,180s] GC(172) Pause Young (Allocation Failure)
[2019-04-15T21:37:17.614+0200][3091,180s] GC(172) Using 4 workers of 4 for evacuation
[2019-04-15T21:37:17.658+0200][3091,224s] GC(172) ParNew: 99074K->21824K(109248K)
[2019-04-15T21:37:17.658+0200][3091,224s] GC(172) CMS: 88594K->95353K(393216K)
[2019-04-15T21:37:17.658+0200][3091,224s] GC(172) Metaspace: 57177K->57177K(1101824K)
[2019-04-15T21:37:17.658+0200][3091,224s] GC(172) Pause Young (Allocation Failure) 183M->114M(490M) 44,288ms
[2019-04-15T21:37:17.658+0200][3091,224s] GC(172) User=0,15s Sys=0,00s Real=0,05s
[2019-04-15T21:37:17.954+0200][3091,520s] GC(173) Pause Young (Allocation Failure)
[2019-04-15T21:37:17.954+0200][3091,520s] GC(173) Using 4 workers of 4 for evacuation
[2019-04-15T21:37:18.026+0200][3091,591s] GC(173) ParNew: 109248K->21824K(109248K)
[2019-04-15T21:37:18.026+0200][3091,591s] GC(173) CMS: 95353K->129769K(393216K)
[2019-04-15T21:37:18.026+0200][3091,591s] GC(173) Metaspace: 57177K->57177K(1101824K)
[2019-04-15T21:37:18.026+0200][3091,591s] GC(173) Pause Young (Allocation Failure) 199M->148M(490M) 71,149ms
[2019-04-15T21:37:18.026+0200][3091,591s] GC(173) User=0,26s Sys=0,00s Real=0,08s
[2019-04-15T21:37:18.283+0200][3091,849s] GC(174) Pause Young (Allocation Failure)
[2019-04-15T21:37:18.283+0200][3091,849s] GC(174) Using 4 workers of 4 for evacuation
[2019-04-15T21:37:18.344+0200][3091,910s] GC(174) ParNew: 109248K->21824K(109248K)
[2019-04-15T21:37:18.344+0200][3091,910s] GC(174) CMS: 129769K->149459K(393216K)
[2019-04-15T21:37:18.344+0200][3091,910s] GC(174) Metaspace: 57177K->57177K(1101824K)
[2019-04-15T21:37:18.344+0200][3091,910s] GC(174) Pause Young (Allocation Failure) 233M->167M(490M) 60,797ms
[2019-04-15T21:37:18.344+0200][3091,910s] GC(174) User=0,19s Sys=0,00s Real=0,06s
[2019-04-15T21:37:18.646+0200][3092,212s] GC(175) Pause Young (Allocation Failure)
[2019-04-15T21:37:18.646+0200][3092,212s] GC(175) Using 4 workers of 4 for evacuation
[2019-04-15T21:37:18.685+0200][3092,251s] GC(175) ParNew: 109248K->21634K(109248K)
[2019-04-15T21:37:18.685+0200][3092,251s] GC(175) CMS: 149459K->158322K(393216K)
[2019-04-15T21:37:18.685+0200][3092,251s] GC(175) Metaspace: 57177K->57177K(1101824K)
[2019-04-15T21:37:18.685+0200][3092,251s] GC(175) Pause Young (Allocation Failure) 252M->175M(490M) 39,061ms
[2019-04-15T21:37:18.685+0200][3092,251s] GC(175) User=0,11s Sys=0,01s Real=0,03s
[2019-04-15T21:37:18.999+0200][3092,565s] GC(176) Pause Young (Allocation Failure)
[2019-04-15T21:37:18.999+0200][3092,565s] GC(176) Using 4 workers of 4 for evacuation
[2019-04-15T21:37:19.020+0200][3092,586s] GC(176) ParNew: 109058K->21824K(109248K)
[2019-04-15T21:37:19.020+0200][3092,586s] GC(176) CMS: 158322K->158826K(393216K)
[2019-04-15T21:37:19.020+0200][3092,586s] GC(176) Metaspace: 57177K->57177K(1101824K)
[2019-04-15T21:37:19.020+0200][3092,586s] GC(176) Pause Young (Allocation Failure) 261M->176M(490M) 21,186ms
[2019-04-15T21:37:19.020+0200][3092,586s] GC(176) User=0,08s Sys=0,00s Real=0,02s
[2019-04-15T21:37:19.300+0200][3092,866s] GC(177) Pause Young (Allocation Failure)
[2019-04-15T21:37:19.300+0200][3092,866s] GC(177) Using 4 workers of 4 for evacuation
[2019-04-15T21:37:19.328+0200][3092,894s] GC(177) ParNew: 108111K->15916K(109248K)
[2019-04-15T21:37:19.328+0200][3092,894s] GC(177) CMS: 158826K->171029K(393216K)
[2019-04-15T21:37:19.328+0200][3092,894s] GC(177) Metaspace: 57177K->57177K(1101824K)
[2019-04-15T21:37:19.328+0200][3092,894s] GC(177) Pause Young (Allocation Failure) 260M->182M(490M) 28,172ms
[2019-04-15T21:37:19.328+0200][3092,894s] GC(177) User=0,09s Sys=0,00s Real=0,03s
[2019-04-15T21:37:19.508+0200][3093,074s] GC(178) Pause Young (Allocation Failure)
[2019-04-15T21:37:19.508+0200][3093,074s] GC(178) Using 4 workers of 4 for evacuation
[2019-04-15T21:37:19.518+0200][3093,084s] GC(178) ParNew: 103340K->10072K(109248K)
[2019-04-15T21:37:19.518+0200][3093,084s] GC(178) CMS: 171029K->171029K(393216K)
[2019-04-15T21:37:19.518+0200][3093,084s] GC(178) Metaspace: 57177K->57177K(1101824K)
[2019-04-15T21:37:19.518+0200][3093,084s] GC(178) Pause Young (Allocation Failure) 267M->176M(490M) 10,140ms
[2019-04-15T21:37:19.518+0200][3093,084s] GC(178) User=0,02s Sys=0,00s Real=0,01s
[2019-04-15T21:37:19.696+0200][3093,262s] GC(179) Pause Young (Allocation Failure)
[2019-04-15T21:37:19.696+0200][3093,262s] GC(179) Using 4 workers of 4 for evacuation
[2019-04-15T21:37:19.702+0200][3093,268s] GC(179) ParNew: 97496K->8617K(109248K)
[2019-04-15T21:37:19.702+0200][3093,268s] GC(179) CMS: 171029K->171029K(393216K)
[2019-04-15T21:37:19.702+0200][3093,268s] GC(179) Metaspace: 57177K->57177K(1101824K)
[2019-04-15T21:37:19.702+0200][3093,268s] GC(179) Pause Young (Allocation Failure) 262M->175M(490M) 6,260ms
[2019-04-15T21:37:19.702+0200][3093,268s] GC(179) User=0,02s Sys=0,00s Real=0,01s
[2019-04-15T21:37:19.868+0200][3093,434s] GC(180) Pause Young (Allocation Failure)
[2019-04-15T21:37:19.869+0200][3093,434s] GC(180) Using 4 workers of 4 for evacuation
[2019-04-15T21:37:19.873+0200][3093,439s] GC(180) ParNew: 96041K->8559K(109248K)
[2019-04-15T21:37:19.873+0200][3093,439s] GC(180) CMS: 171029K->171029K(393216K)
[2019-04-15T21:37:19.873+0200][3093,439s] GC(180) Metaspace: 57177K->57177K(1101824K)
[2019-04-15T21:37:19.873+0200][3093,439s] GC(180) Pause Young (Allocation Failure) 260M->175M(490M) 4,907ms
[2019-04-15T21:37:19.873+0200][3093,439s] GC(180) User=0,02s Sys=0,00s Real=0,00s
[2019-04-15T21:37:20.033+0200][3093,599s] GC(181) Pause Young (Allocation Failure)
[2019-04-15T21:37:20.033+0200][3093,599s] GC(181) Using 4 workers of 4 for evacuation
[2019-04-15T21:37:20.039+0200][3093,605s] GC(181) ParNew: 95983K->8492K(109248K)
[2019-04-15T21:37:20.040+0200][3093,605s] GC(181) CMS: 171029K->171029K(393216K)
[2019-04-15T21:37:20.040+0200][3093,605s] GC(181) Metaspace: 57177K->57177K(1101824K)
[2019-04-15T21:37:20.040+0200][3093,605s] GC(181) Pause Young (Allocation Failure) 260M->175M(490M) 6,116ms
[2019-04-15T21:37:20.040+0200][3093,605s] GC(181) User=0,02s Sys=0,00s Real=0,01s
[2019-04-15T21:37:20.204+0200][3093,770s] GC(182) Pause Young (Allocation Failure)
[2019-04-15T21:37:20.204+0200][3093,770s] GC(182) Using 4 workers of 4 for evacuation
[2019-04-15T21:37:20.213+0200][3093,778s] GC(182) ParNew: 95916K->8502K(109248K)
[2019-04-15T21:37:20.213+0200][3093,778s] GC(182) CMS: 171029K->171029K(393216K)
[2019-04-15T21:37:20.213+0200][3093,778s] GC(182) Metaspace: 57177K->57177K(1101824K)
[2019-04-15T21:37:20.213+0200][3093,778s] GC(182) Pause Young (Allocation Failure) 260M->175M(490M) 8,347ms
[2019-04-15T21:37:20.213+0200][3093,778s] GC(182) User=0,02s Sys=0,00s Real=0,01s
[2019-04-15T21:37:20.386+0200][3093,952s] GC(183) Pause Young (Allocation Failure)
[2019-04-15T21:37:20.386+0200][3093,952s] GC(183) Using 4 workers of 4 for evacuation
[2019-04-15T21:37:20.395+0200][3093,961s] GC(183) ParNew: 95926K->8495K(109248K)
[2019-04-15T21:37:20.395+0200][3093,961s] GC(183) CMS: 171029K->171029K(393216K)
[2019-04-15T21:37:20.395+0200][3093,961s] GC(183) Metaspace: 57177K->57177K(1101824K)
[2019-04-15T21:37:20.395+0200][3093,961s] GC(183) Pause Young (Allocation Failure) 260M->175M(490M) 9,023ms
[2019-04-15T21:37:20.395+0200][3093,961s] GC(183) User=0,02s Sys=0,00s Real=0,00s
[2019-04-15T21:37:20.564+0200][3094,130s] GC(184) Pause Young (Allocation Failure)
[2019-04-15T21:37:20.564+0200][3094,130s] GC(184) Using 4 workers of 4 for evacuation
[2019-04-15T21:37:20.570+0200][3094,136s] GC(184) ParNew: 95919K->8458K(109248K)
[2019-04-15T21:37:20.570+0200][3094,136s] GC(184) CMS: 171029K->171030K(393216K)
[2019-04-15T21:37:20.570+0200][3094,136s] GC(184) Metaspace: 57177K->57177K(1101824K)
[2019-04-15T21:37:20.570+0200][3094,136s] GC(184) Pause Young (Allocation Failure) 260M->175M(490M) 5,801ms
[2019-04-15T21:37:20.570+0200][3094,136s] GC(184) User=0,02s Sys=0,00s Real=0,01s
[2019-04-15T21:37:20.729+0200][3094,295s] GC(185) Pause Young (Allocation Failure)
[2019-04-15T21:37:20.729+0200][3094,295s] GC(185) Using 4 workers of 4 for evacuation
[2019-04-15T21:37:20.736+0200][3094,302s] GC(185) ParNew: 95882K->4489K(109248K)
[2019-04-15T21:37:20.736+0200][3094,302s] GC(185) CMS: 171030K->175100K(393216K)
[2019-04-15T21:37:20.736+0200][3094,302s] GC(185) Metaspace: 57177K->57177K(1101824K)
[2019-04-15T21:37:20.736+0200][3094,302s] GC(185) Pause Young (Allocation Failure) 260M->175M(490M) 6,970ms
[2019-04-15T21:37:20.736+0200][3094,302s] GC(185) User=0,02s Sys=0,00s Real=0,00s
[2019-04-15T21:37:20.881+0200][3094,447s] GC(186) Pause Young (Allocation Failure)
[2019-04-15T21:37:20.881+0200][3094,447s] GC(186) Using 4 workers of 4 for evacuation
[2019-04-15T21:37:20.886+0200][3094,452s] GC(186) ParNew: 91913K->369K(109248K)
[2019-04-15T21:37:20.886+0200][3094,452s] GC(186) CMS: 175100K->179171K(393216K)
[2019-04-15T21:37:20.886+0200][3094,452s] GC(186) Metaspace: 57177K->57177K(1101824K)
[2019-04-15T21:37:20.886+0200][3094,452s] GC(186) Pause Young (Allocation Failure) 260M->175M(490M) 5,510ms
[2019-04-15T21:37:20.886+0200][3094,452s] GC(186) User=0,02s Sys=0,00s Real=0,01s
[2019-04-15T21:37:21.037+0200][3094,603s] GC(187) Pause Young (Allocation Failure)
[2019-04-15T21:37:21.038+0200][3094,603s] GC(187) Using 4 workers of 4 for evacuation
[2019-04-15T21:37:21.043+0200][3094,609s] GC(187) ParNew: 87793K->324K(109248K)
[2019-04-15T21:37:21.043+0200][3094,609s] GC(187) CMS: 179171K->179171K(393216K)
[2019-04-15T21:37:21.043+0200][3094,609s] GC(187) Metaspace: 57177K->57177K(1101824K)
[2019-04-15T21:37:21.044+0200][3094,609s] GC(187) Pause Young (Allocation Failure) 260M->175M(490M) 6,017ms
[2019-04-15T21:37:21.044+0200][3094,609s] GC(187) User=0,01s Sys=0,00s Real=0,00s
[2019-04-15T21:37:21.191+0200][3094,757s] GC(188) Pause Young (Allocation Failure)
[2019-04-15T21:37:21.191+0200][3094,757s] GC(188) Using 4 workers of 4 for evacuation
[2019-04-15T21:37:21.197+0200][3094,763s] GC(188) ParNew: 87748K->391K(109248K)
[2019-04-15T21:37:21.197+0200][3094,763s] GC(188) CMS: 179171K->179171K(393216K)
[2019-04-15T21:37:21.197+0200][3094,763s] GC(188) Metaspace: 57177K->57177K(1101824K)
[2019-04-15T21:37:21.197+0200][3094,763s] GC(188) Pause Young (Allocation Failure) 260M->175M(490M) 5,857ms
[2019-04-15T21:37:21.197+0200][3094,763s] GC(188) User=0,02s Sys=0,00s Real=0,00s
[2019-04-15T21:37:21.345+0200][3094,911s] GC(189) Pause Young (Allocation Failure)
[2019-04-15T21:37:21.345+0200][3094,911s] GC(189) Using 4 workers of 4 for evacuation
[2019-04-15T21:37:21.351+0200][3094,917s] GC(189) ParNew: 87815K->329K(109248K)
[2019-04-15T21:37:21.351+0200][3094,917s] GC(189) CMS: 179171K->179172K(393216K)
[2019-04-15T21:37:21.351+0200][3094,917s] GC(189) Metaspace: 57177K->57177K(1101824K)
[2019-04-15T21:37:21.351+0200][3094,917s] GC(189) Pause Young (Allocation Failure) 260M->175M(490M) 6,004ms
[2019-04-15T21:37:21.351+0200][3094,917s] GC(189) User=0,01s Sys=0,00s Real=0,01s
[2019-04-15T21:37:21.497+0200][3095,063s] GC(190) Pause Young (Allocation Failure)
[2019-04-15T21:37:21.497+0200][3095,063s] GC(190) Using 4 workers of 4 for evacuation
[2019-04-15T21:37:21.503+0200][3095,069s] GC(190) ParNew: 87753K->346K(109248K)
[2019-04-15T21:37:21.503+0200][3095,069s] GC(190) CMS: 179172K->179172K(393216K)
[2019-04-15T21:37:21.503+0200][3095,069s] GC(190) Metaspace: 57177K->57177K(1101824K)
[2019-04-15T21:37:21.503+0200][3095,069s] GC(190) Pause Young (Allocation Failure) 260M->175M(490M) 6,170ms
[2019-04-15T21:37:21.503+0200][3095,069s] GC(190) User=0,01s Sys=0,00s Real=0,01s
[2019-04-15T21:37:21.656+0200][3095,222s] GC(191) Pause Young (Allocation Failure)
[2019-04-15T21:37:21.656+0200][3095,222s] GC(191) Using 4 workers of 4 for evacuation
[2019-04-15T21:37:21.663+0200][3095,229s] GC(191) ParNew: 87770K->349K(109248K)
[2019-04-15T21:37:21.663+0200][3095,229s] GC(191) CMS: 179172K->179172K(393216K)
[2019-04-15T21:37:21.663+0200][3095,229s] GC(191) Metaspace: 57177K->57177K(1101824K)
[2019-04-15T21:37:21.663+0200][3095,229s] GC(191) Pause Young (Allocation Failure) 260M->175M(490M) 7,061ms
[2019-04-15T21:37:21.663+0200][3095,229s] GC(191) User=0,02s Sys=0,00s Real=0,01s
[2019-04-15T21:37:21.810+0200][3095,376s] GC(192) Pause Young (Allocation Failure)
[2019-04-15T21:37:21.810+0200][3095,376s] GC(192) Using 4 workers of 4 for evacuation
[2019-04-15T21:37:21.818+0200][3095,384s] GC(192) ParNew: 87773K->350K(109248K)
[2019-04-15T21:37:21.818+0200][3095,384s] GC(192) CMS: 179172K->179172K(393216K)
[2019-04-15T21:37:21.818+0200][3095,384s] GC(192) Metaspace: 57177K->57177K(1101824K)
[2019-04-15T21:37:21.818+0200][3095,384s] GC(192) Pause Young (Allocation Failure) 260M->175M(490M) 7,527ms
[2019-04-15T21:37:21.818+0200][3095,384s] GC(192) User=0,02s Sys=0,00s Real=0,01s
[2019-04-15T21:37:21.971+0200][3095,537s] GC(193) Pause Young (Allocation Failure)
[2019-04-15T21:37:21.971+0200][3095,537s] GC(193) Using 4 workers of 4 for evacuation
[2019-04-15T21:37:21.977+0200][3095,543s] GC(193) ParNew: 87774K->319K(109248K)
[2019-04-15T21:37:21.977+0200][3095,543s] GC(193) CMS: 179172K->179172K(393216K)
[2019-04-15T21:37:21.977+0200][3095,543s] GC(193) Metaspace: 57177K->57177K(1101824K)
[2019-04-15T21:37:21.977+0200][3095,543s] GC(193) Pause Young (Allocation Failure) 260M->175M(490M) 6,046ms
[2019-04-15T21:37:21.978+0200][3095,543s] GC(193) User=0,02s Sys=0,00s Real=0,01s
[2019-04-15T21:37:22.124+0200][3095,690s] GC(194) Pause Young (Allocation Failure)
[2019-04-15T21:37:22.124+0200][3095,690s] GC(194) Using 4 workers of 4 for evacuation
[2019-04-15T21:37:22.133+0200][3095,699s] GC(194) ParNew: 87743K->335K(109248K)
[2019-04-15T21:37:22.133+0200][3095,699s] GC(194) CMS: 179172K->179172K(393216K)
[2019-04-15T21:37:22.133+0200][3095,699s] GC(194) Metaspace: 57177K->57177K(1101824K)
[2019-04-15T21:37:22.133+0200][3095,699s] GC(194) Pause Young (Allocation Failure) 260M->175M(490M) 8,962ms
[2019-04-15T21:37:22.133+0200][3095,699s] GC(194) User=0,02s Sys=0,00s Real=0,01s
[2019-04-15T21:37:22.280+0200][3095,846s] GC(195) Pause Young (Allocation Failure)
[2019-04-15T21:37:22.280+0200][3095,846s] GC(195) Using 4 workers of 4 for evacuation
[2019-04-15T21:37:22.286+0200][3095,852s] GC(195) ParNew: 87759K->379K(109248K)
[2019-04-15T21:37:22.286+0200][3095,852s] GC(195) CMS: 179172K->179172K(393216K)
[2019-04-15T21:37:22.286+0200][3095,852s] GC(195) Metaspace: 57177K->57177K(1101824K)
[2019-04-15T21:37:22.286+0200][3095,852s] GC(195) Pause Young (Allocation Failure) 260M->175M(490M) 5,573ms
[2019-04-15T21:37:22.286+0200][3095,852s] GC(195) User=0,02s Sys=0,00s Real=0,01s
[2019-04-15T21:37:22.431+0200][3095,997s] GC(196) Pause Young (Allocation Failure)
[2019-04-15T21:37:22.431+0200][3095,997s] GC(196) Using 4 workers of 4 for evacuation
[2019-04-15T21:37:22.436+0200][3096,002s] GC(196) ParNew: 87803K->369K(109248K)
[2019-04-15T21:37:22.436+0200][3096,002s] GC(196) CMS: 179172K->179172K(393216K)
[2019-04-15T21:37:22.436+0200][3096,002s] GC(196) Metaspace: 57177K->57177K(1101824K)
[2019-04-15T21:37:22.436+0200][3096,002s] GC(196) Pause Young (Allocation Failure) 260M->175M(490M) 4,839ms
[2019-04-15T21:37:22.436+0200][3096,002s] GC(196) User=0,01s Sys=0,00s Real=0,00s
[2019-04-15T21:37:22.584+0200][3096,150s] GC(197) Pause Young (Allocation Failure)
[2019-04-15T21:37:22.584+0200][3096,150s] GC(197) Using 4 workers of 4 for evacuation
[2019-04-15T21:37:22.592+0200][3096,158s] GC(197) ParNew: 87793K->324K(109248K)
[2019-04-15T21:37:22.592+0200][3096,158s] GC(197) CMS: 179172K->179172K(393216K)
[2019-04-15T21:37:22.592+0200][3096,158s] GC(197) Metaspace: 57177K->57177K(1101824K)
[2019-04-15T21:37:22.592+0200][3096,158s] GC(197) Pause Young (Allocation Failure) 260M->175M(490M) 7,680ms
[2019-04-15T21:37:22.592+0200][3096,158s] GC(197) User=0,02s Sys=0,00s Real=0,01s
[2019-04-15T21:37:22.741+0200][3096,307s] GC(198) Pause Young (Allocation Failure)
[2019-04-15T21:37:22.741+0200][3096,307s] GC(198) Using 4 workers of 4 for evacuation
[2019-04-15T21:37:22.747+0200][3096,313s] GC(198) ParNew: 87748K->393K(109248K)
[2019-04-15T21:37:22.747+0200][3096,313s] GC(198) CMS: 179172K->179172K(393216K)
[2019-04-15T21:37:22.747+0200][3096,313s] GC(198) Metaspace: 57177K->57177K(1101824K)
[2019-04-15T21:37:22.747+0200][3096,313s] GC(198) Pause Young (Allocation Failure) 260M->175M(490M) 6,010ms
[2019-04-15T21:37:22.747+0200][3096,313s] GC(198) User=0,01s Sys=0,00s Real=0,01s
[2019-04-15T21:37:22.893+0200][3096,459s] GC(199) Pause Young (Allocation Failure)
[2019-04-15T21:37:22.893+0200][3096,459s] GC(199) Using 4 workers of 4 for evacuation
[2019-04-15T21:37:22.901+0200][3096,466s] GC(199) ParNew: 87817K->331K(109248K)
[2019-04-15T21:37:22.901+0200][3096,466s] GC(199) CMS: 179172K->179172K(393216K)
[2019-04-15T21:37:22.901+0200][3096,467s] GC(199) Metaspace: 57177K->57177K(1101824K)
[2019-04-15T21:37:22.901+0200][3096,467s] GC(199) Pause Young (Allocation Failure) 260M->175M(490M) 7,451ms
[2019-04-15T21:37:22.901+0200][3096,467s] GC(199) User=0,02s Sys=0,00s Real=0,01s
[2019-04-15T21:37:23.048+0200][3096,613s] GC(200) Pause Young (Allocation Failure)
[2019-04-15T21:37:23.048+0200][3096,613s] GC(200) Using 4 workers of 4 for evacuation
[2019-04-15T21:37:23.053+0200][3096,619s] GC(200) ParNew: 87755K->315K(109248K)
[2019-04-15T21:37:23.054+0200][3096,619s] GC(200) CMS: 179172K->179172K(393216K)
[2019-04-15T21:37:23.054+0200][3096,619s] GC(200) Metaspace: 57177K->57177K(1101824K)
[2019-04-15T21:37:23.054+0200][3096,619s] GC(200) Pause Young (Allocation Failure) 260M->175M(490M) 5,931ms
[2019-04-15T21:37:23.054+0200][3096,619s] GC(200) User=0,01s Sys=0,00s Real=0,00s
[2019-04-15T21:37:23.201+0200][3096,766s] GC(201) Pause Young (Allocation Failure)
[2019-04-15T21:37:23.201+0200][3096,766s] GC(201) Using 4 workers of 4 for evacuation
[2019-04-15T21:37:23.207+0200][3096,773s] GC(201) ParNew: 87739K->392K(109248K)
[2019-04-15T21:37:23.207+0200][3096,773s] GC(201) CMS: 179172K->179173K(393216K)
[2019-04-15T21:37:23.207+0200][3096,773s] GC(201) Metaspace: 57177K->57177K(1101824K)
[2019-04-15T21:37:23.207+0200][3096,773s] GC(201) Pause Young (Allocation Failure) 260M->175M(490M) 6,756ms
[2019-04-15T21:37:23.207+0200][3096,773s] GC(201) User=0,01s Sys=0,00s Real=0,01s
[2019-04-15T21:37:23.356+0200][3096,922s] GC(202) Pause Young (Allocation Failure)
[2019-04-15T21:37:23.356+0200][3096,922s] GC(202) Using 4 workers of 4 for evacuation
[2019-04-15T21:37:23.364+0200][3096,930s] GC(202) ParNew: 87816K->300K(109248K)
[2019-04-15T21:37:23.364+0200][3096,930s] GC(202) CMS: 179173K->179174K(393216K)
[2019-04-15T21:37:23.364+0200][3096,930s] GC(202) Metaspace: 57177K->57177K(1101824K)
[2019-04-15T21:37:23.364+0200][3096,930s] GC(202) Pause Young (Allocation Failure) 260M->175M(490M) 7,932ms
[2019-04-15T21:37:23.364+0200][3096,930s] GC(202) User=0,02s Sys=0,00s Real=0,01s
[2019-04-15T21:37:23.504+0200][3097,070s] GC(203) Pause Young (Allocation Failure)
[2019-04-15T21:37:23.504+0200][3097,070s] GC(203) Using 4 workers of 4 for evacuation
[2019-04-15T21:37:23.511+0200][3097,077s] GC(203) ParNew: 87724K->388K(109248K)
[2019-04-15T21:37:23.511+0200][3097,077s] GC(203) CMS: 179174K->179174K(393216K)
[2019-04-15T21:37:23.511+0200][3097,077s] GC(203) Metaspace: 57177K->57177K(1101824K)
[2019-04-15T21:37:23.511+0200][3097,077s] GC(203) Pause Young (Allocation Failure) 260M->175M(490M) 6,939ms
[2019-04-15T21:37:23.511+0200][3097,077s] GC(203) User=0,01s Sys=0,00s Real=0,01s
[2019-04-15T21:37:23.652+0200][3097,217s] GC(204) Pause Young (Allocation Failure)
[2019-04-15T21:37:23.652+0200][3097,217s] GC(204) Using 4 workers of 4 for evacuation
[2019-04-15T21:37:23.657+0200][3097,223s] GC(204) ParNew: 87812K->327K(109248K)
[2019-04-15T21:37:23.658+0200][3097,223s] GC(204) CMS: 179174K->179174K(393216K)
[2019-04-15T21:37:23.658+0200][3097,223s] GC(204) Metaspace: 57177K->57177K(1101824K)
[2019-04-15T21:37:23.658+0200][3097,223s] GC(204) Pause Young (Allocation Failure) 260M->175M(490M) 5,962ms
[2019-04-15T21:37:23.658+0200][3097,223s] GC(204) User=0,02s Sys=0,00s Real=0,01s
[2019-04-15T21:37:23.800+0200][3097,366s] GC(205) Pause Young (Allocation Failure)
[2019-04-15T21:37:23.800+0200][3097,366s] GC(205) Using 4 workers of 4 for evacuation
[2019-04-15T21:37:23.806+0200][3097,372s] GC(205) ParNew: 87751K->387K(109248K)
[2019-04-15T21:37:23.806+0200][3097,372s] GC(205) CMS: 179174K->179174K(393216K)
[2019-04-15T21:37:23.806+0200][3097,372s] GC(205) Metaspace: 57177K->57177K(1101824K)
[2019-04-15T21:37:23.806+0200][3097,372s] GC(205) Pause Young (Allocation Failure) 260M->175M(490M) 5,473ms
[2019-04-15T21:37:23.806+0200][3097,372s] GC(205) User=0,02s Sys=0,00s Real=0,01s
[2019-04-15T21:37:23.956+0200][3097,522s] GC(206) Pause Young (Allocation Failure)
[2019-04-15T21:37:23.956+0200][3097,522s] GC(206) Using 4 workers of 4 for evacuation
[2019-04-15T21:37:23.962+0200][3097,528s] GC(206) ParNew: 87811K->357K(109248K)
[2019-04-15T21:37:23.962+0200][3097,528s] GC(206) CMS: 179174K->179174K(393216K)
[2019-04-15T21:37:23.962+0200][3097,528s] GC(206) Metaspace: 57177K->57177K(1101824K)
[2019-04-15T21:37:23.962+0200][3097,528s] GC(206) Pause Young (Allocation Failure) 260M->175M(490M) 6,304ms
[2019-04-15T21:37:23.962+0200][3097,528s] GC(206) User=0,01s Sys=0,00s Real=0,01s
[2019-04-15T21:37:24.102+0200][3097,667s] GC(207) Pause Young (Allocation Failure)
[2019-04-15T21:37:24.102+0200][3097,667s] GC(207) Using 4 workers of 4 for evacuation
[2019-04-15T21:37:24.112+0200][3097,678s] GC(207) ParNew: 87781K->345K(109248K)
[2019-04-15T21:37:24.112+0200][3097,678s] GC(207) CMS: 179174K->179174K(393216K)
[2019-04-15T21:37:24.112+0200][3097,678s] GC(207) Metaspace: 57177K->57177K(1101824K)
[2019-04-15T21:37:24.112+0200][3097,678s] GC(207) Pause Young (Allocation Failure) 260M->175M(490M) 10,288ms
[2019-04-15T21:37:24.112+0200][3097,678s] GC(207) User=0,02s Sys=0,00s Real=0,01s
[2019-04-15T21:37:24.258+0200][3097,824s] GC(208) Pause Young (Allocation Failure)
[2019-04-15T21:37:24.259+0200][3097,824s] GC(208) Using 4 workers of 4 for evacuation
[2019-04-15T21:37:24.266+0200][3097,832s] GC(208) ParNew: 87769K->318K(109248K)
[2019-04-15T21:37:24.266+0200][3097,832s] GC(208) CMS: 179174K->179174K(393216K)
[2019-04-15T21:37:24.266+0200][3097,832s] GC(208) Metaspace: 57177K->57177K(1101824K)
[2019-04-15T21:37:24.266+0200][3097,832s] GC(208) Pause Young (Allocation Failure) 260M->175M(490M) 7,596ms
[2019-04-15T21:37:24.266+0200][3097,832s] GC(208) User=0,02s Sys=0,00s Real=0,01s
[2019-04-15T21:37:24.411+0200][3097,976s] GC(209) Pause Young (Allocation Failure)
[2019-04-15T21:37:24.411+0200][3097,976s] GC(209) Using 4 workers of 4 for evacuation
[2019-04-15T21:37:24.417+0200][3097,983s] GC(209) ParNew: 87742K->448K(109248K)
[2019-04-15T21:37:24.417+0200][3097,983s] GC(209) CMS: 179174K->179174K(393216K)
[2019-04-15T21:37:24.417+0200][3097,983s] GC(209) Metaspace: 57177K->57177K(1101824K)
[2019-04-15T21:37:24.417+0200][3097,983s] GC(209) Pause Young (Allocation Failure) 260M->175M(490M) 6,481ms
[2019-04-15T21:37:24.417+0200][3097,983s] GC(209) User=0,02s Sys=0,00s Real=0,00s
[2019-04-15T21:37:24.560+0200][3098,126s] GC(210) Pause Young (Allocation Failure)
[2019-04-15T21:37:24.560+0200][3098,126s] GC(210) Using 4 workers of 4 for evacuation
[2019-04-15T21:37:24.567+0200][3098,133s] GC(210) ParNew: 87872K->329K(109248K)
[2019-04-15T21:37:24.567+0200][3098,133s] GC(210) CMS: 179174K->179174K(393216K)
[2019-04-15T21:37:24.567+0200][3098,133s] GC(210) Metaspace: 57177K->57177K(1101824K)
[2019-04-15T21:37:24.567+0200][3098,133s] GC(210) Pause Young (Allocation Failure) 260M->175M(490M) 7,044ms
[2019-04-15T21:37:24.567+0200][3098,133s] GC(210) User=0,02s Sys=0,00s Real=0,01s
[2019-04-15T21:37:24.718+0200][3098,284s] GC(211) Pause Young (Allocation Failure)
[2019-04-15T21:37:24.718+0200][3098,284s] GC(211) Using 4 workers of 4 for evacuation
[2019-04-15T21:37:24.724+0200][3098,290s] GC(211) ParNew: 87753K->444K(109248K)
[2019-04-15T21:37:24.724+0200][3098,290s] GC(211) CMS: 179174K->179174K(393216K)
[2019-04-15T21:37:24.724+0200][3098,290s] GC(211) Metaspace: 57177K->57177K(1101824K)
[2019-04-15T21:37:24.724+0200][3098,290s] GC(211) Pause Young (Allocation Failure) 260M->175M(490M) 6,064ms
[2019-04-15T21:37:24.724+0200][3098,290s] GC(211) User=0,01s Sys=0,00s Real=0,00s
[2019-04-15T21:37:24.871+0200][3098,437s] GC(212) Pause Young (Allocation Failure)
[2019-04-15T21:37:24.871+0200][3098,437s] GC(212) Using 4 workers of 4 for evacuation
[2019-04-15T21:37:24.877+0200][3098,443s] GC(212) ParNew: 87868K->299K(109248K)
[2019-04-15T21:37:24.877+0200][3098,443s] GC(212) CMS: 179174K->179174K(393216K)
[2019-04-15T21:37:24.877+0200][3098,443s] GC(212) Metaspace: 57177K->57177K(1101824K)
[2019-04-15T21:37:24.877+0200][3098,443s] GC(212) Pause Young (Allocation Failure) 260M->175M(490M) 5,942ms
[2019-04-15T21:37:24.877+0200][3098,443s] GC(212) User=0,01s Sys=0,00s Real=0,00s
[2019-04-15T21:37:25.027+0200][3098,593s] GC(213) Pause Young (Allocation Failure)
[2019-04-15T21:37:25.027+0200][3098,593s] GC(213) Using 4 workers of 4 for evacuation
[2019-04-15T21:37:25.034+0200][3098,600s] GC(213) ParNew: 87723K->388K(109248K)
[2019-04-15T21:37:25.034+0200][3098,600s] GC(213) CMS: 179174K->179174K(393216K)
[2019-04-15T21:37:25.034+0200][3098,600s] GC(213) Metaspace: 57177K->57177K(1101824K)
[2019-04-15T21:37:25.034+0200][3098,600s] GC(213) Pause Young (Allocation Failure) 260M->175M(490M) 7,435ms
[2019-04-15T21:37:25.034+0200][3098,600s] GC(213) User=0,02s Sys=0,00s Real=0,00s
[2019-04-15T21:37:25.185+0200][3098,751s] GC(214) Pause Young (Allocation Failure)
[2019-04-15T21:37:25.185+0200][3098,751s] GC(214) Using 4 workers of 4 for evacuation
[2019-04-15T21:37:25.192+0200][3098,758s] GC(214) ParNew: 87812K->328K(109248K)
[2019-04-15T21:37:25.192+0200][3098,758s] GC(214) CMS: 179174K->179174K(393216K)
[2019-04-15T21:37:25.192+0200][3098,758s] GC(214) Metaspace: 57177K->57177K(1101824K)
[2019-04-15T21:37:25.192+0200][3098,758s] GC(214) Pause Young (Allocation Failure) 260M->175M(490M) 7,101ms
[2019-04-15T21:37:25.192+0200][3098,758s] GC(214) User=0,02s Sys=0,00s Real=0,01s
[2019-04-15T21:37:25.338+0200][3098,904s] GC(215) Pause Young (Allocation Failure)
[2019-04-15T21:37:25.338+0200][3098,904s] GC(215) Using 4 workers of 4 for evacuation
[2019-04-15T21:37:25.344+0200][3098,910s] GC(215) ParNew: 87752K->444K(109248K)
[2019-04-15T21:37:25.344+0200][3098,910s] GC(215) CMS: 179174K->179175K(393216K)
[2019-04-15T21:37:25.344+0200][3098,910s] GC(215) Metaspace: 57177K->57177K(1101824K)
[2019-04-15T21:37:25.344+0200][3098,910s] GC(215) Pause Young (Allocation Failure) 260M->175M(490M) 6,282ms
[2019-04-15T21:37:25.344+0200][3098,910s] GC(215) User=0,01s Sys=0,00s Real=0,00s
[2019-04-15T21:37:25.537+0200][3099,103s] GC(216) Pause Young (Allocation Failure)
[2019-04-15T21:37:25.537+0200][3099,103s] GC(216) Using 4 workers of 4 for evacuation
[2019-04-15T21:37:25.544+0200][3099,109s] GC(216) ParNew: 87868K->448K(109248K)
[2019-04-15T21:37:25.544+0200][3099,109s] GC(216) CMS: 179175K->179175K(393216K)
[2019-04-15T21:37:25.544+0200][3099,109s] GC(216) Metaspace: 57177K->57177K(1101824K)
[2019-04-15T21:37:25.544+0200][3099,109s] GC(216) Pause Young (Allocation Failure) 260M->175M(490M) 6,747ms
[2019-04-15T21:37:25.544+0200][3099,109s] GC(216) User=0,02s Sys=0,00s Real=0,01s
[2019-04-15T21:37:25.822+0200][3099,387s] GC(217) Pause Young (Allocation Failure)
[2019-04-15T21:37:25.822+0200][3099,387s] GC(217) Using 4 workers of 4 for evacuation
[2019-04-15T21:37:25.833+0200][3099,399s] GC(217) ParNew: 87872K->709K(109248K)
[2019-04-15T21:37:25.833+0200][3099,399s] GC(217) CMS: 179175K->179175K(393216K)
[2019-04-15T21:37:25.833+0200][3099,399s] GC(217) Metaspace: 57177K->57177K(1101824K)
[2019-04-15T21:37:25.833+0200][3099,399s] GC(217) Pause Young (Allocation Failure) 260M->175M(490M) 11,858ms
[2019-04-15T21:37:25.833+0200][3099,399s] GC(217) User=0,03s Sys=0,00s Real=0,01s
[2019-04-15T21:37:26.084+0200][3099,650s] GC(218) Pause Young (Allocation Failure)
[2019-04-15T21:37:26.084+0200][3099,650s] GC(218) Using 4 workers of 4 for evacuation
[2019-04-15T21:37:26.091+0200][3099,657s] GC(218) ParNew: 88133K->826K(109248K)
[2019-04-15T21:37:26.091+0200][3099,657s] GC(218) CMS: 179175K->179175K(393216K)
[2019-04-15T21:37:26.091+0200][3099,657s] GC(218) Metaspace: 57177K->57177K(1101824K)
[2019-04-15T21:37:26.091+0200][3099,657s] GC(218) Pause Young (Allocation Failure) 261M->175M(490M) 7,040ms
[2019-04-15T21:37:26.091+0200][3099,657s] GC(218) User=0,03s Sys=0,00s Real=0,01s
[2019-04-15T21:37:26.307+0200][3099,873s] GC(219) Pause Young (Allocation Failure)
[2019-04-15T21:37:26.307+0200][3099,873s] GC(219) Using 4 workers of 4 for evacuation
[2019-04-15T21:37:26.321+0200][3099,887s] GC(219) ParNew: 88250K->374K(109248K)
[2019-04-15T21:37:26.321+0200][3099,887s] GC(219) CMS: 179175K->179175K(393216K)
[2019-04-15T21:37:26.321+0200][3099,887s] GC(219) Metaspace: 57177K->57177K(1101824K)
[2019-04-15T21:37:26.321+0200][3099,887s] GC(219) Pause Young (Allocation Failure) 261M->175M(490M) 14,420ms
[2019-04-15T21:37:26.321+0200][3099,887s] GC(219) User=0,03s Sys=0,01s Real=0,01s
[2019-04-15T21:37:26.529+0200][3100,095s] GC(220) Pause Young (Allocation Failure)
[2019-04-15T21:37:26.529+0200][3100,095s] GC(220) Using 4 workers of 4 for evacuation
[2019-04-15T21:37:26.536+0200][3100,101s] GC(220) ParNew: 87798K->363K(109248K)
[2019-04-15T21:37:26.536+0200][3100,101s] GC(220) CMS: 179175K->179175K(393216K)
[2019-04-15T21:37:26.536+0200][3100,101s] GC(220) Metaspace: 57177K->57177K(1101824K)
[2019-04-15T21:37:26.536+0200][3100,101s] GC(220) Pause Young (Allocation Failure) 260M->175M(490M) 6,184ms
[2019-04-15T21:37:26.536+0200][3100,101s] GC(220) User=0,02s Sys=0,00s Real=0,00s
[2019-04-15T21:37:26.696+0200][3100,262s] GC(221) Pause Young (Allocation Failure)
[2019-04-15T21:37:26.697+0200][3100,262s] GC(221) Using 4 workers of 4 for evacuation
[2019-04-15T21:37:26.703+0200][3100,268s] GC(221) ParNew: 87787K->450K(109248K)
[2019-04-15T21:37:26.703+0200][3100,268s] GC(221) CMS: 179175K->179175K(393216K)
[2019-04-15T21:37:26.703+0200][3100,268s] GC(221) Metaspace: 57177K->57177K(1101824K)
[2019-04-15T21:37:26.703+0200][3100,268s] GC(221) Pause Young (Allocation Failure) 260M->175M(490M) 6,145ms
[2019-04-15T21:37:26.703+0200][3100,268s] GC(221) User=0,02s Sys=0,00s Real=0,01s
[2019-04-15T21:37:26.847+0200][3100,413s] GC(222) Pause Young (Allocation Failure)
[2019-04-15T21:37:26.847+0200][3100,413s] GC(222) Using 4 workers of 4 for evacuation
[2019-04-15T21:37:26.854+0200][3100,420s] GC(222) ParNew: 87874K->372K(109248K)
[2019-04-15T21:37:26.854+0200][3100,420s] GC(222) CMS: 179175K->179175K(393216K)
[2019-04-15T21:37:26.854+0200][3100,420s] GC(222) Metaspace: 57177K->57177K(1101824K)
[2019-04-15T21:37:26.854+0200][3100,420s] GC(222) Pause Young (Allocation Failure) 260M->175M(490M) 7,366ms
[2019-04-15T21:37:26.854+0200][3100,420s] GC(222) User=0,02s Sys=0,00s Real=0,00s
[2019-04-15T21:37:26.997+0200][3100,563s] GC(223) Pause Young (Allocation Failure)
[2019-04-15T21:37:26.997+0200][3100,563s] GC(223) Using 4 workers of 4 for evacuation
[2019-04-15T21:37:27.004+0200][3100,570s] GC(223) ParNew: 87796K->356K(109248K)
[2019-04-15T21:37:27.004+0200][3100,570s] GC(223) CMS: 179175K->179175K(393216K)
[2019-04-15T21:37:27.004+0200][3100,570s] GC(223) Metaspace: 57177K->57177K(1101824K)
[2019-04-15T21:37:27.004+0200][3100,570s] GC(223) Pause Young (Allocation Failure) 260M->175M(490M) 7,055ms
[2019-04-15T21:37:27.004+0200][3100,570s] GC(223) User=0,02s Sys=0,00s Real=0,01s
[2019-04-15T21:37:27.150+0200][3100,715s] GC(224) Pause Young (Allocation Failure)
[2019-04-15T21:37:27.150+0200][3100,716s] GC(224) Using 4 workers of 4 for evacuation
[2019-04-15T21:37:27.161+0200][3100,727s] GC(224) ParNew: 87780K->336K(109248K)
[2019-04-15T21:37:27.162+0200][3100,727s] GC(224) CMS: 179175K->179175K(393216K)
[2019-04-15T21:37:27.162+0200][3100,727s] GC(224) Metaspace: 57177K->57177K(1101824K)
[2019-04-15T21:37:27.162+0200][3100,727s] GC(224) Pause Young (Allocation Failure) 260M->175M(490M) 11,895ms
[2019-04-15T21:37:27.162+0200][3100,727s] GC(224) User=0,03s Sys=0,00s Real=0,01s
[2019-04-15T21:37:27.309+0200][3100,875s] GC(225) Pause Young (Allocation Failure)
[2019-04-15T21:37:27.309+0200][3100,875s] GC(225) Using 4 workers of 4 for evacuation
[2019-04-15T21:37:27.315+0200][3100,881s] GC(225) ParNew: 87760K->408K(109248K)
[2019-04-15T21:37:27.315+0200][3100,881s] GC(225) CMS: 179175K->179176K(393216K)
[2019-04-15T21:37:27.315+0200][3100,881s] GC(225) Metaspace: 57177K->57177K(1101824K)
[2019-04-15T21:37:27.315+0200][3100,881s] GC(225) Pause Young (Allocation Failure) 260M->175M(490M) 5,882ms
[2019-04-15T21:37:27.315+0200][3100,881s] GC(225) User=0,02s Sys=0,00s Real=0,00s
[2019-04-15T21:37:27.460+0200][3101,026s] GC(226) Pause Young (Allocation Failure)
[2019-04-15T21:37:27.460+0200][3101,026s] GC(226) Using 4 workers of 4 for evacuation
[2019-04-15T21:37:27.467+0200][3101,033s] GC(226) ParNew: 87832K->351K(109248K)
[2019-04-15T21:37:27.467+0200][3101,033s] GC(226) CMS: 179176K->179177K(393216K)
[2019-04-15T21:37:27.467+0200][3101,033s] GC(226) Metaspace: 57177K->57177K(1101824K)
[2019-04-15T21:37:27.467+0200][3101,033s] GC(226) Pause Young (Allocation Failure) 260M->175M(490M) 7,191ms
[2019-04-15T21:37:27.467+0200][3101,033s] GC(226) User=0,02s Sys=0,00s Real=0,01s
[2019-04-15T21:37:27.615+0200][3101,181s] GC(227) Pause Young (Allocation Failure)
[2019-04-15T21:37:27.615+0200][3101,181s] GC(227) Using 4 workers of 4 for evacuation
[2019-04-15T21:37:27.623+0200][3101,189s] GC(227) ParNew: 87775K->389K(109248K)
[2019-04-15T21:37:27.623+0200][3101,189s] GC(227) CMS: 179177K->179209K(393216K)
[2019-04-15T21:37:27.623+0200][3101,189s] GC(227) Metaspace: 57177K->57177K(1101824K)
[2019-04-15T21:37:27.623+0200][3101,189s] GC(227) Pause Young (Allocation Failure) 260M->175M(490M) 7,607ms
[2019-04-15T21:37:27.623+0200][3101,189s] GC(227) User=0,02s Sys=0,00s Real=0,01s
[2019-04-15T21:37:27.776+0200][3101,342s] GC(228) Pause Young (Allocation Failure)
[2019-04-15T21:37:27.776+0200][3101,342s] GC(228) Using 4 workers of 4 for evacuation
[2019-04-15T21:37:27.783+0200][3101,348s] GC(228) ParNew: 87813K->321K(109248K)
[2019-04-15T21:37:27.783+0200][3101,348s] GC(228) CMS: 179209K->179209K(393216K)
[2019-04-15T21:37:27.783+0200][3101,348s] GC(228) Metaspace: 57177K->57177K(1101824K)
[2019-04-15T21:37:27.783+0200][3101,348s] GC(228) Pause Young (Allocation Failure) 260M->175M(490M) 6,681ms
[2019-04-15T21:37:27.783+0200][3101,348s] GC(228) User=0,02s Sys=0,00s Real=0,01s
[2019-04-15T21:37:27.929+0200][3101,495s] GC(229) Pause Young (Allocation Failure)
[2019-04-15T21:37:27.929+0200][3101,495s] GC(229) Using 4 workers of 4 for evacuation
[2019-04-15T21:37:27.935+0200][3101,501s] GC(229) ParNew: 87745K->391K(109248K)
[2019-04-15T21:37:27.935+0200][3101,501s] GC(229) CMS: 179209K->179209K(393216K)
[2019-04-15T21:37:27.935+0200][3101,501s] GC(229) Metaspace: 57177K->57177K(1101824K)
[2019-04-15T21:37:27.936+0200][3101,501s] GC(229) Pause Young (Allocation Failure) 260M->175M(490M) 6,458ms
[2019-04-15T21:37:27.936+0200][3101,501s] GC(229) User=0,02s Sys=0,00s Real=0,00s
[2019-04-15T21:37:28.082+0200][3101,648s] GC(230) Pause Young (Allocation Failure)
[2019-04-15T21:37:28.082+0200][3101,648s] GC(230) Using 4 workers of 4 for evacuation
[2019-04-15T21:37:28.090+0200][3101,656s] GC(230) ParNew: 87815K->329K(109248K)
[2019-04-15T21:37:28.090+0200][3101,656s] GC(230) CMS: 179209K->179209K(393216K)
[2019-04-15T21:37:28.090+0200][3101,656s] GC(230) Metaspace: 57177K->57177K(1101824K)
[2019-04-15T21:37:28.090+0200][3101,656s] GC(230) Pause Young (Allocation Failure) 260M->175M(490M) 8,644ms
[2019-04-15T21:37:28.090+0200][3101,656s] GC(230) User=0,02s Sys=0,00s Real=0,01s
[2019-04-15T21:37:28.237+0200][3101,803s] GC(231) Pause Young (Allocation Failure)
[2019-04-15T21:37:28.237+0200][3101,803s] GC(231) Using 4 workers of 4 for evacuation
[2019-04-15T21:37:28.243+0200][3101,809s] GC(231) ParNew: 87753K->388K(109248K)
[2019-04-15T21:37:28.243+0200][3101,809s] GC(231) CMS: 179209K->179209K(393216K)
[2019-04-15T21:37:28.243+0200][3101,809s] GC(231) Metaspace: 57177K->57177K(1101824K)
[2019-04-15T21:37:28.243+0200][3101,809s] GC(231) Pause Young (Allocation Failure) 260M->175M(490M) 6,245ms
[2019-04-15T21:37:28.243+0200][3101,809s] GC(231) User=0,02s Sys=0,00s Real=0,01s
[2019-04-15T21:37:28.385+0200][3101,951s] GC(232) Pause Young (Allocation Failure)
[2019-04-15T21:37:28.385+0200][3101,951s] GC(232) Using 4 workers of 4 for evacuation
[2019-04-15T21:37:28.392+0200][3101,958s] GC(232) ParNew: 87812K->329K(109248K)
[2019-04-15T21:37:28.392+0200][3101,958s] GC(232) CMS: 179209K->179209K(393216K)
[2019-04-15T21:37:28.392+0200][3101,958s] GC(232) Metaspace: 57177K->57177K(1101824K)
[2019-04-15T21:37:28.392+0200][3101,958s] GC(232) Pause Young (Allocation Failure) 260M->175M(490M) 6,463ms
[2019-04-15T21:37:28.392+0200][3101,958s] GC(232) User=0,02s Sys=0,00s Real=0,00s
[2019-04-15T21:37:28.542+0200][3102,108s] GC(233) Pause Young (Allocation Failure)
[2019-04-15T21:37:28.542+0200][3102,108s] GC(233) Using 4 workers of 4 for evacuation
[2019-04-15T21:37:28.550+0200][3102,115s] GC(233) ParNew: 87753K->832K(109248K)
[2019-04-15T21:37:28.550+0200][3102,115s] GC(233) CMS: 179209K->179209K(393216K)
[2019-04-15T21:37:28.550+0200][3102,115s] GC(233) Metaspace: 57177K->57177K(1101824K)
[2019-04-15T21:37:28.550+0200][3102,115s] GC(233) Pause Young (Allocation Failure) 260M->175M(490M) 7,364ms
[2019-04-15T21:37:28.550+0200][3102,115s] GC(233) User=0,02s Sys=0,00s Real=0,01s
[2019-04-15T21:37:28.790+0200][3102,356s] GC(234) Pause Young (Allocation Failure)
[2019-04-15T21:37:28.790+0200][3102,356s] GC(234) Using 4 workers of 4 for evacuation
[2019-04-15T21:37:28.794+0200][3102,360s] GC(234) ParNew: 88256K->794K(109248K)
[2019-04-15T21:37:28.795+0200][3102,360s] GC(234) CMS: 179209K->179209K(393216K)
[2019-04-15T21:37:28.795+0200][3102,360s] GC(234) Metaspace: 57177K->57177K(1101824K)
[2019-04-15T21:37:28.795+0200][3102,360s] GC(234) Pause Young (Allocation Failure) 261M->175M(490M) 4,420ms
[2019-04-15T21:37:28.795+0200][3102,360s] GC(234) User=0,01s Sys=0,00s Real=0,00s
[2019-04-15T21:37:28.939+0200][3102,504s] GC(235) Pause Young (Allocation Failure)
[2019-04-15T21:37:28.939+0200][3102,504s] GC(235) Using 4 workers of 4 for evacuation
[2019-04-15T21:37:28.947+0200][3102,513s] GC(235) ParNew: 88218K->379K(109248K)
[2019-04-15T21:37:28.947+0200][3102,513s] GC(235) CMS: 179209K->179209K(393216K)
[2019-04-15T21:37:28.947+0200][3102,513s] GC(235) Metaspace: 57178K->57178K(1101824K)
[2019-04-15T21:37:28.947+0200][3102,513s] GC(235) Pause Young (Allocation Failure) 261M->175M(490M) 8,330ms
[2019-04-15T21:37:28.947+0200][3102,513s] GC(235) User=0,02s Sys=0,00s Real=0,01s
[2019-04-15T21:37:29.097+0200][3102,663s] GC(236) Pause Young (Allocation Failure)
[2019-04-15T21:37:29.098+0200][3102,663s] GC(236) Using 4 workers of 4 for evacuation
[2019-04-15T21:37:29.108+0200][3102,674s] GC(236) ParNew: 87803K->1115K(109248K)
[2019-04-15T21:37:29.108+0200][3102,674s] GC(236) CMS: 179209K->179209K(393216K)
[2019-04-15T21:37:29.108+0200][3102,674s] GC(236) Metaspace: 57178K->57178K(1101824K)
[2019-04-15T21:37:29.108+0200][3102,674s] GC(236) Pause Young (Allocation Failure) 260M->176M(490M) 10,850ms
[2019-04-15T21:37:29.108+0200][3102,674s] GC(236) User=0,03s Sys=0,00s Real=0,01s
[2019-04-15T21:37:29.271+0200][3102,837s] GC(237) Pause Young (Allocation Failure)
[2019-04-15T21:37:29.271+0200][3102,837s] GC(237) Using 4 workers of 4 for evacuation
[2019-04-15T21:37:29.278+0200][3102,844s] GC(237) ParNew: 88539K->1015K(109248K)
[2019-04-15T21:37:29.278+0200][3102,844s] GC(237) CMS: 179209K->179210K(393216K)
[2019-04-15T21:37:29.278+0200][3102,844s] GC(237) Metaspace: 57178K->57178K(1101824K)
[2019-04-15T21:37:29.278+0200][3102,844s] GC(237) Pause Young (Allocation Failure) 261M->176M(490M) 6,984ms
[2019-04-15T21:37:29.278+0200][3102,844s] GC(237) User=0,02s Sys=0,00s Real=0,01s
[2019-04-15T21:37:29.425+0200][3102,991s] GC(238) Pause Young (Allocation Failure)
[2019-04-15T21:37:29.425+0200][3102,991s] GC(238) Using 4 workers of 4 for evacuation
[2019-04-15T21:37:29.430+0200][3102,996s] GC(238) ParNew: 88439K->488K(109248K)
[2019-04-15T21:37:29.430+0200][3102,996s] GC(238) CMS: 179210K->179211K(393216K)
[2019-04-15T21:37:29.430+0200][3102,996s] GC(238) Metaspace: 57178K->57178K(1101824K)
[2019-04-15T21:37:29.430+0200][3102,996s] GC(238) Pause Young (Allocation Failure) 261M->175M(490M) 5,616ms
[2019-04-15T21:37:29.430+0200][3102,996s] GC(238) User=0,01s Sys=0,00s Real=0,01s
[2019-04-15T21:37:29.570+0200][3103,135s] GC(239) Pause Young (Allocation Failure)
[2019-04-15T21:37:29.570+0200][3103,136s] GC(239) Using 4 workers of 4 for evacuation
[2019-04-15T21:37:29.578+0200][3103,143s] GC(239) ParNew: 87912K->1203K(109248K)
[2019-04-15T21:37:29.578+0200][3103,143s] GC(239) CMS: 179211K->179211K(393216K)
[2019-04-15T21:37:29.578+0200][3103,143s] GC(239) Metaspace: 57178K->57178K(1101824K)
[2019-04-15T21:37:29.578+0200][3103,143s] GC(239) Pause Young (Allocation Failure) 260M->176M(490M) 8,011ms
[2019-04-15T21:37:29.578+0200][3103,143s] GC(239) User=0,02s Sys=0,00s Real=0,01s
[2019-04-15T21:37:29.732+0200][3103,298s] GC(240) Pause Young (Allocation Failure)
[2019-04-15T21:37:29.732+0200][3103,298s] GC(240) Using 4 workers of 4 for evacuation
[2019-04-15T21:37:29.746+0200][3103,312s] GC(240) ParNew: 88627K->643K(109248K)
[2019-04-15T21:37:29.746+0200][3103,312s] GC(240) CMS: 179211K->179211K(393216K)
[2019-04-15T21:37:29.746+0200][3103,312s] GC(240) Metaspace: 57178K->57178K(1101824K)
[2019-04-15T21:37:29.746+0200][3103,312s] GC(240) Pause Young (Allocation Failure) 261M->175M(490M) 14,019ms
[2019-04-15T21:37:29.746+0200][3103,312s] GC(240) User=0,03s Sys=0,00s Real=0,02s
[2019-04-15T21:37:29.921+0200][3103,487s] GC(241) Pause Young (Allocation Failure)
[2019-04-15T21:37:29.921+0200][3103,487s] GC(241) Using 4 workers of 4 for evacuation
[2019-04-15T21:37:29.926+0200][3103,492s] GC(241) ParNew: 88067K->564K(109248K)
[2019-04-15T21:37:29.926+0200][3103,492s] GC(241) CMS: 179211K->179211K(393216K)
[2019-04-15T21:37:29.926+0200][3103,492s] GC(241) Metaspace: 57178K->57178K(1101824K)
[2019-04-15T21:37:29.926+0200][3103,492s] GC(241) Pause Young (Allocation Failure) 261M->175M(490M) 5,355ms
[2019-04-15T21:37:29.926+0200][3103,492s] GC(241) User=0,01s Sys=0,00s Real=0,01s
[2019-04-15T21:37:30.085+0200][3103,651s] GC(242) Pause Young (Allocation Failure)
[2019-04-15T21:37:30.085+0200][3103,651s] GC(242) Using 4 workers of 4 for evacuation
[2019-04-15T21:37:30.092+0200][3103,657s] GC(242) ParNew: 87988K->401K(109248K)
[2019-04-15T21:37:30.092+0200][3103,657s] GC(242) CMS: 179211K->179211K(393216K)
[2019-04-15T21:37:30.092+0200][3103,658s] GC(242) Metaspace: 57178K->57178K(1101824K)
[2019-04-15T21:37:30.092+0200][3103,658s] GC(242) Pause Young (Allocation Failure) 260M->175M(490M) 6,899ms
[2019-04-15T21:37:30.092+0200][3103,658s] GC(242) User=0,02s Sys=0,00s Real=0,01s
[2019-04-15T21:37:30.238+0200][3103,804s] GC(243) Pause Young (Allocation Failure)
[2019-04-15T21:37:30.238+0200][3103,804s] GC(243) Using 4 workers of 4 for evacuation
[2019-04-15T21:37:30.243+0200][3103,809s] GC(243) ParNew: 87825K->463K(109248K)
[2019-04-15T21:37:30.243+0200][3103,809s] GC(243) CMS: 179211K->179211K(393216K)
[2019-04-15T21:37:30.243+0200][3103,809s] GC(243) Metaspace: 57178K->57178K(1101824K)
[2019-04-15T21:37:30.243+0200][3103,809s] GC(243) Pause Young (Allocation Failure) 260M->175M(490M) 5,622ms
[2019-04-15T21:37:30.243+0200][3103,809s] GC(243) User=0,01s Sys=0,00s Real=0,00s
[2019-04-15T21:37:30.385+0200][3103,950s] GC(244) Pause Young (Allocation Failure)
[2019-04-15T21:37:30.385+0200][3103,950s] GC(244) Using 4 workers of 4 for evacuation
[2019-04-15T21:37:30.392+0200][3103,957s] GC(244) ParNew: 87887K->474K(109248K)
[2019-04-15T21:37:30.392+0200][3103,957s] GC(244) CMS: 179211K->179239K(393216K)
[2019-04-15T21:37:30.392+0200][3103,957s] GC(244) Metaspace: 57179K->57179K(1101824K)
[2019-04-15T21:37:30.392+0200][3103,957s] GC(244) Pause Young (Allocation Failure) 260M->175M(490M) 7,082ms
[2019-04-15T21:37:30.392+0200][3103,957s] GC(244) User=0,02s Sys=0,00s Real=0,01s
[2019-04-15T21:37:30.537+0200][3104,103s] GC(245) Pause Young (Allocation Failure)
[2019-04-15T21:37:30.537+0200][3104,103s] GC(245) Using 4 workers of 4 for evacuation
[2019-04-15T21:37:30.544+0200][3104,110s] GC(245) ParNew: 87898K->609K(109248K)
[2019-04-15T21:37:30.544+0200][3104,110s] GC(245) CMS: 179239K->179240K(393216K)
[2019-04-15T21:37:30.544+0200][3104,110s] GC(245) Metaspace: 57179K->57179K(1101824K)
[2019-04-15T21:37:30.544+0200][3104,110s] GC(245) Pause Young (Allocation Failure) 260M->175M(490M) 7,064ms
[2019-04-15T21:37:30.544+0200][3104,110s] GC(245) User=0,02s Sys=0,00s Real=0,00s
[2019-04-15T21:37:30.698+0200][3104,264s] GC(246) Pause Young (Allocation Failure)
[2019-04-15T21:37:30.698+0200][3104,264s] GC(246) Using 4 workers of 4 for evacuation
[2019-04-15T21:37:30.708+0200][3104,274s] GC(246) ParNew: 88033K->474K(109248K)
[2019-04-15T21:37:30.708+0200][3104,274s] GC(246) CMS: 179240K->179268K(393216K)
[2019-04-15T21:37:30.708+0200][3104,274s] GC(246) Metaspace: 57179K->57179K(1101824K)
[2019-04-15T21:37:30.708+0200][3104,274s] GC(246) Pause Young (Allocation Failure) 261M->175M(490M) 9,835ms
[2019-04-15T21:37:30.708+0200][3104,274s] GC(246) User=0,02s Sys=0,00s Real=0,01s
[2019-04-15T21:37:30.858+0200][3104,423s] GC(247) Pause Young (Allocation Failure)
[2019-04-15T21:37:30.858+0200][3104,423s] GC(247) Using 4 workers of 4 for evacuation
[2019-04-15T21:37:30.863+0200][3104,429s] GC(247) ParNew: 87898K->461K(109248K)
[2019-04-15T21:37:30.863+0200][3104,429s] GC(247) CMS: 179268K->179269K(393216K)
[2019-04-15T21:37:30.863+0200][3104,429s] GC(247) Metaspace: 57179K->57179K(1101824K)
[2019-04-15T21:37:30.863+0200][3104,429s] GC(247) Pause Young (Allocation Failure) 260M->175M(490M) 5,759ms
[2019-04-15T21:37:30.863+0200][3104,429s] GC(247) User=0,01s Sys=0,00s Real=0,00s
[2019-04-15T21:37:31.017+0200][3104,583s] GC(248) Pause Young (Allocation Failure)
[2019-04-15T21:37:31.017+0200][3104,583s] GC(248) Using 4 workers of 4 for evacuation
[2019-04-15T21:37:31.024+0200][3104,590s] GC(248) ParNew: 87885K->562K(109248K)
[2019-04-15T21:37:31.024+0200][3104,590s] GC(248) CMS: 179269K->179294K(393216K)
[2019-04-15T21:37:31.024+0200][3104,590s] GC(248) Metaspace: 57179K->57179K(1101824K)
[2019-04-15T21:37:31.024+0200][3104,590s] GC(248) Pause Young (Allocation Failure) 260M->175M(490M) 6,779ms
[2019-04-15T21:37:31.024+0200][3104,590s] GC(248) User=0,02s Sys=0,00s Real=0,01s
[2019-04-15T21:37:31.177+0200][3104,743s] GC(249) Pause Young (Allocation Failure)
[2019-04-15T21:37:31.177+0200][3104,743s] GC(249) Using 4 workers of 4 for evacuation
[2019-04-15T21:37:31.184+0200][3104,750s] GC(249) ParNew: 87986K->432K(109248K)
[2019-04-15T21:37:31.184+0200][3104,750s] GC(249) CMS: 179294K->179294K(393216K)
[2019-04-15T21:37:31.184+0200][3104,750s] GC(249) Metaspace: 57179K->57179K(1101824K)
[2019-04-15T21:37:31.184+0200][3104,750s] GC(249) Pause Young (Allocation Failure) 261M->175M(490M) 7,431ms
[2019-04-15T21:37:31.184+0200][3104,750s] GC(249) User=0,02s Sys=0,00s Real=0,01s
[2019-04-15T21:37:31.350+0200][3104,916s] GC(250) Pause Young (Allocation Failure)
[2019-04-15T21:37:31.350+0200][3104,916s] GC(250) Using 4 workers of 4 for evacuation
[2019-04-15T21:37:31.357+0200][3104,922s] GC(250) ParNew: 87856K->430K(109248K)
[2019-04-15T21:37:31.357+0200][3104,922s] GC(250) CMS: 179294K->179295K(393216K)
[2019-04-15T21:37:31.357+0200][3104,922s] GC(250) Metaspace: 57179K->57179K(1101824K)
[2019-04-15T21:37:31.357+0200][3104,922s] GC(250) Pause Young (Allocation Failure) 260M->175M(490M) 6,826ms
[2019-04-15T21:37:31.357+0200][3104,922s] GC(250) User=0,02s Sys=0,00s Real=0,00s
[2019-04-15T21:37:31.511+0200][3105,077s] GC(251) Pause Young (Allocation Failure)
[2019-04-15T21:37:31.511+0200][3105,077s] GC(251) Using 4 workers of 4 for evacuation
[2019-04-15T21:37:31.517+0200][3105,083s] GC(251) ParNew: 87854K->519K(109248K)
[2019-04-15T21:37:31.517+0200][3105,083s] GC(251) CMS: 179295K->179313K(393216K)
[2019-04-15T21:37:31.517+0200][3105,083s] GC(251) Metaspace: 57179K->57179K(1101824K)
[2019-04-15T21:37:31.517+0200][3105,083s] GC(251) Pause Young (Allocation Failure) 260M->175M(490M) 5,902ms
[2019-04-15T21:37:31.517+0200][3105,083s] GC(251) User=0,02s Sys=0,00s Real=0,00s
[2019-04-15T21:37:31.682+0200][3105,248s] GC(252) Pause Young (Allocation Failure)
[2019-04-15T21:37:31.682+0200][3105,248s] GC(252) Using 4 workers of 4 for evacuation
[2019-04-15T21:37:31.690+0200][3105,255s] GC(252) ParNew: 87943K->396K(109248K)
[2019-04-15T21:37:31.690+0200][3105,256s] GC(252) CMS: 179313K->179385K(393216K)
[2019-04-15T21:37:31.690+0200][3105,256s] GC(252) Metaspace: 57179K->57179K(1101824K)
[2019-04-15T21:37:31.690+0200][3105,256s] GC(252) Pause Young (Allocation Failure) 260M->175M(490M) 7,530ms
[2019-04-15T21:37:31.690+0200][3105,256s] GC(252) User=0,02s Sys=0,00s Real=0,01s
[2019-04-15T21:37:31.842+0200][3105,408s] GC(253) Pause Young (Allocation Failure)
[2019-04-15T21:37:31.842+0200][3105,408s] GC(253) Using 4 workers of 4 for evacuation
[2019-04-15T21:37:31.850+0200][3105,415s] GC(253) ParNew: 87820K->327K(109248K)
[2019-04-15T21:37:31.850+0200][3105,416s] GC(253) CMS: 179385K->179396K(393216K)
[2019-04-15T21:37:31.850+0200][3105,416s] GC(253) Metaspace: 57179K->57179K(1101824K)
[2019-04-15T21:37:31.850+0200][3105,416s] GC(253) Pause Young (Allocation Failure) 260M->175M(490M) 7,999ms
[2019-04-15T21:37:31.850+0200][3105,416s] GC(253) User=0,02s Sys=0,00s Real=0,01s
[2019-04-15T21:37:32.006+0200][3105,572s] GC(254) Pause Young (Allocation Failure)
[2019-04-15T21:37:32.006+0200][3105,572s] GC(254) Using 4 workers of 4 for evacuation
[2019-04-15T21:37:32.012+0200][3105,578s] GC(254) ParNew: 87751K->420K(109248K)
[2019-04-15T21:37:32.012+0200][3105,578s] GC(254) CMS: 179396K->179396K(393216K)
[2019-04-15T21:37:32.012+0200][3105,578s] GC(254) Metaspace: 57179K->57179K(1101824K)
[2019-04-15T21:37:32.012+0200][3105,578s] GC(254) Pause Young (Allocation Failure) 260M->175M(490M) 6,403ms
[2019-04-15T21:37:32.012+0200][3105,578s] GC(254) User=0,01s Sys=0,00s Real=0,00s
[2019-04-15T21:37:32.165+0200][3105,730s] GC(255) Pause Young (Allocation Failure)
[2019-04-15T21:37:32.165+0200][3105,730s] GC(255) Using 4 workers of 4 for evacuation
[2019-04-15T21:37:32.173+0200][3105,739s] GC(255) ParNew: 87844K->330K(109248K)
[2019-04-15T21:37:32.173+0200][3105,739s] GC(255) CMS: 179396K->179396K(393216K)
[2019-04-15T21:37:32.173+0200][3105,739s] GC(255) Metaspace: 57179K->57179K(1101824K)
[2019-04-15T21:37:32.174+0200][3105,739s] GC(255) Pause Young (Allocation Failure) 260M->175M(490M) 8,930ms
[2019-04-15T21:37:32.174+0200][3105,739s] GC(255) User=0,03s Sys=0,00s Real=0,01s
[2019-04-15T21:37:32.325+0200][3105,891s] GC(256) Pause Young (Allocation Failure)
[2019-04-15T21:37:32.325+0200][3105,891s] GC(256) Using 4 workers of 4 for evacuation
[2019-04-15T21:37:32.331+0200][3105,897s] GC(256) ParNew: 87754K->409K(109248K)
[2019-04-15T21:37:32.331+0200][3105,897s] GC(256) CMS: 179396K->179396K(393216K)
[2019-04-15T21:37:32.331+0200][3105,897s] GC(256) Metaspace: 57179K->57179K(1101824K)
[2019-04-15T21:37:32.331+0200][3105,897s] GC(256) Pause Young (Allocation Failure) 260M->175M(490M) 5,861ms
[2019-04-15T21:37:32.331+0200][3105,897s] GC(256) User=0,02s Sys=0,00s Real=0,01s
[2019-04-15T21:37:32.485+0200][3106,051s] GC(257) Pause Young (Allocation Failure)
[2019-04-15T21:37:32.485+0200][3106,051s] GC(257) Using 4 workers of 4 for evacuation
[2019-04-15T21:37:32.493+0200][3106,058s] GC(257) ParNew: 87833K->406K(109248K)
[2019-04-15T21:37:32.493+0200][3106,058s] GC(257) CMS: 179396K->179396K(393216K)
[2019-04-15T21:37:32.493+0200][3106,058s] GC(257) Metaspace: 57179K->57179K(1101824K)
[2019-04-15T21:37:32.493+0200][3106,058s] GC(257) Pause Young (Allocation Failure) 260M->175M(490M) 7,892ms
[2019-04-15T21:37:32.493+0200][3106,058s] GC(257) User=0,02s Sys=0,00s Real=0,01s
[2019-04-15T21:37:32.654+0200][3106,220s] GC(258) Pause Young (Allocation Failure)
[2019-04-15T21:37:32.654+0200][3106,220s] GC(258) Using 4 workers of 4 for evacuation
[2019-04-15T21:37:32.659+0200][3106,225s] GC(258) ParNew: 87830K->371K(109248K)
[2019-04-15T21:37:32.659+0200][3106,225s] GC(258) CMS: 179396K->179407K(393216K)
[2019-04-15T21:37:32.659+0200][3106,225s] GC(258) Metaspace: 57179K->57179K(1101824K)
[2019-04-15T21:37:32.659+0200][3106,225s] GC(258) Pause Young (Allocation Failure) 260M->175M(490M) 5,264ms
[2019-04-15T21:37:32.659+0200][3106,225s] GC(258) User=0,01s Sys=0,00s Real=0,01s
[2019-04-15T21:37:32.812+0200][3106,377s] GC(259) Pause Young (Allocation Failure)
[2019-04-15T21:37:32.812+0200][3106,378s] GC(259) Using 4 workers of 4 for evacuation
[2019-04-15T21:37:32.820+0200][3106,386s] GC(259) ParNew: 87795K->370K(109248K)
[2019-04-15T21:37:32.820+0200][3106,386s] GC(259) CMS: 179407K->179417K(393216K)
[2019-04-15T21:37:32.820+0200][3106,386s] GC(259) Metaspace: 57179K->57179K(1101824K)
[2019-04-15T21:37:32.820+0200][3106,386s] GC(259) Pause Young (Allocation Failure) 260M->175M(490M) 8,746ms
[2019-04-15T21:37:32.820+0200][3106,386s] GC(259) User=0,02s Sys=0,00s Real=0,01s
[2019-04-15T21:37:32.974+0200][3106,539s] GC(260) Pause Young (Allocation Failure)
[2019-04-15T21:37:32.974+0200][3106,539s] GC(260) Using 4 workers of 4 for evacuation
[2019-04-15T21:37:32.979+0200][3106,545s] GC(260) ParNew: 87794K->341K(109248K)
[2019-04-15T21:37:32.979+0200][3106,545s] GC(260) CMS: 179417K->179417K(393216K)
[2019-04-15T21:37:32.979+0200][3106,545s] GC(260) Metaspace: 57179K->57179K(1101824K)
[2019-04-15T21:37:32.979+0200][3106,545s] GC(260) Pause Young (Allocation Failure) 260M->175M(490M) 5,221ms
[2019-04-15T21:37:32.979+0200][3106,545s] GC(260) User=0,02s Sys=0,00s Real=0,01s
[2019-04-15T21:37:33.135+0200][3106,701s] GC(261) Pause Young (Allocation Failure)
[2019-04-15T21:37:33.136+0200][3106,701s] GC(261) Using 4 workers of 4 for evacuation
[2019-04-15T21:37:33.142+0200][3106,708s] GC(261) ParNew: 87765K->362K(109248K)
[2019-04-15T21:37:33.142+0200][3106,708s] GC(261) CMS: 179417K->179417K(393216K)
[2019-04-15T21:37:33.142+0200][3106,708s] GC(261) Metaspace: 57179K->57179K(1101824K)
[2019-04-15T21:37:33.142+0200][3106,708s] GC(261) Pause Young (Allocation Failure) 260M->175M(490M) 6,504ms
[2019-04-15T21:37:33.142+0200][3106,708s] GC(261) User=0,01s Sys=0,00s Real=0,01s
[2019-04-15T21:37:33.296+0200][3106,862s] GC(262) Pause Young (Allocation Failure)
[2019-04-15T21:37:33.296+0200][3106,862s] GC(262) Using 4 workers of 4 for evacuation
[2019-04-15T21:37:33.303+0200][3106,868s] GC(262) ParNew: 87786K->499K(109248K)
[2019-04-15T21:37:33.303+0200][3106,869s] GC(262) CMS: 179417K->179417K(393216K)
[2019-04-15T21:37:33.303+0200][3106,869s] GC(262) Metaspace: 57179K->57179K(1101824K)
[2019-04-15T21:37:33.303+0200][3106,869s] GC(262) Pause Young (Allocation Failure) 260M->175M(490M) 6,760ms
[2019-04-15T21:37:33.303+0200][3106,869s] GC(262) User=0,02s Sys=0,00s Real=0,01s
[2019-04-15T21:37:33.448+0200][3107,014s] GC(263) Pause Young (Allocation Failure)
[2019-04-15T21:37:33.449+0200][3107,014s] GC(263) Using 4 workers of 4 for evacuation
[2019-04-15T21:37:33.454+0200][3107,020s] GC(263) ParNew: 87923K->356K(109248K)
[2019-04-15T21:37:33.454+0200][3107,020s] GC(263) CMS: 179417K->179418K(393216K)
[2019-04-15T21:37:33.454+0200][3107,020s] GC(263) Metaspace: 57179K->57179K(1101824K)
[2019-04-15T21:37:33.454+0200][3107,020s] GC(263) Pause Young (Allocation Failure) 261M->175M(490M) 5,962ms
[2019-04-15T21:37:33.454+0200][3107,020s] GC(263) User=0,01s Sys=0,00s Real=0,00s
[2019-04-15T21:37:33.600+0200][3107,166s] GC(264) Pause Young (Allocation Failure)
[2019-04-15T21:37:33.600+0200][3107,166s] GC(264) Using 4 workers of 4 for evacuation
[2019-04-15T21:37:33.607+0200][3107,173s] GC(264) ParNew: 87780K->375K(109248K)
[2019-04-15T21:37:33.607+0200][3107,173s] GC(264) CMS: 179418K->179418K(393216K)
[2019-04-15T21:37:33.607+0200][3107,173s] GC(264) Metaspace: 57179K->57179K(1101824K)
[2019-04-15T21:37:33.607+0200][3107,173s] GC(264) Pause Young (Allocation Failure) 260M->175M(490M) 7,182ms
[2019-04-15T21:37:33.607+0200][3107,173s] GC(264) User=0,02s Sys=0,00s Real=0,01s
[2019-04-15T21:37:33.759+0200][3107,325s] GC(265) Pause Young (Allocation Failure)
[2019-04-15T21:37:33.759+0200][3107,325s] GC(265) Using 4 workers of 4 for evacuation
[2019-04-15T21:37:33.764+0200][3107,330s] GC(265) ParNew: 87799K->506K(109248K)
[2019-04-15T21:37:33.764+0200][3107,330s] GC(265) CMS: 179418K->179429K(393216K)
[2019-04-15T21:37:33.764+0200][3107,330s] GC(265) Metaspace: 57179K->57179K(1101824K)
[2019-04-15T21:37:33.764+0200][3107,330s] GC(265) Pause Young (Allocation Failure) 260M->175M(490M) 4,708ms
[2019-04-15T21:37:33.764+0200][3107,330s] GC(265) User=0,02s Sys=0,00s Real=0,00s
[2019-04-15T21:37:33.914+0200][3107,480s] GC(266) Pause Young (Allocation Failure)
[2019-04-15T21:37:33.914+0200][3107,480s] GC(266) Using 4 workers of 4 for evacuation
[2019-04-15T21:37:33.921+0200][3107,487s] GC(266) ParNew: 87930K->359K(109248K)
[2019-04-15T21:37:33.921+0200][3107,487s] GC(266) CMS: 179429K->179439K(393216K)
[2019-04-15T21:37:33.921+0200][3107,487s] GC(266) Metaspace: 57179K->57179K(1101824K)
[2019-04-15T21:37:33.921+0200][3107,487s] GC(266) Pause Young (Allocation Failure) 261M->175M(490M) 6,696ms
[2019-04-15T21:37:33.921+0200][3107,487s] GC(266) User=0,02s Sys=0,00s Real=0,01s
[2019-04-15T21:37:34.071+0200][3107,637s] GC(267) Pause Young (Allocation Failure)
[2019-04-15T21:37:34.071+0200][3107,637s] GC(267) Using 4 workers of 4 for evacuation
[2019-04-15T21:37:34.077+0200][3107,643s] GC(267) ParNew: 87783K->347K(109248K)
[2019-04-15T21:37:34.077+0200][3107,643s] GC(267) CMS: 179439K->179439K(393216K)
[2019-04-15T21:37:34.077+0200][3107,643s] GC(267) Metaspace: 57179K->57179K(1101824K)
[2019-04-15T21:37:34.077+0200][3107,643s] GC(267) Pause Young (Allocation Failure) 260M->175M(490M) 5,605ms
[2019-04-15T21:37:34.077+0200][3107,643s] GC(267) User=0,02s Sys=0,00s Real=0,00s
[2019-04-15T21:37:34.225+0200][3107,791s] GC(268) Pause Young (Allocation Failure)
[2019-04-15T21:37:34.226+0200][3107,791s] GC(268) Using 4 workers of 4 for evacuation
[2019-04-15T21:37:34.234+0200][3107,799s] GC(268) ParNew: 87771K->353K(109248K)
[2019-04-15T21:37:34.234+0200][3107,799s] GC(268) CMS: 179439K->179439K(393216K)
[2019-04-15T21:37:34.234+0200][3107,799s] GC(268) Metaspace: 57179K->57179K(1101824K)
[2019-04-15T21:37:34.234+0200][3107,799s] GC(268) Pause Young (Allocation Failure) 260M->175M(490M) 8,107ms
[2019-04-15T21:37:34.234+0200][3107,799s] GC(268) User=0,02s Sys=0,00s Real=0,00s
[2019-04-15T21:37:34.381+0200][3107,947s] GC(269) Pause Young (Allocation Failure)
[2019-04-15T21:37:34.381+0200][3107,947s] GC(269) Using 4 workers of 4 for evacuation
[2019-04-15T21:37:34.386+0200][3107,952s] GC(269) ParNew: 87777K->467K(109248K)
[2019-04-15T21:37:34.386+0200][3107,952s] GC(269) CMS: 179439K->179450K(393216K)
[2019-04-15T21:37:34.386+0200][3107,952s] GC(269) Metaspace: 57179K->57179K(1101824K)
[2019-04-15T21:37:34.386+0200][3107,952s] GC(269) Pause Young (Allocation Failure) 260M->175M(490M) 5,686ms
[2019-04-15T21:37:34.386+0200][3107,952s] GC(269) User=0,01s Sys=0,00s Real=0,01s
[2019-04-15T21:37:34.538+0200][3108,103s] GC(270) Pause Young (Allocation Failure)
[2019-04-15T21:37:34.538+0200][3108,104s] GC(270) Using 4 workers of 4 for evacuation
[2019-04-15T21:37:34.545+0200][3108,110s] GC(270) ParNew: 87891K->434K(109248K)
[2019-04-15T21:37:34.545+0200][3108,110s] GC(270) CMS: 179450K->179460K(393216K)
[2019-04-15T21:37:34.545+0200][3108,110s] GC(270) Metaspace: 57179K->57179K(1101824K)
[2019-04-15T21:37:34.545+0200][3108,110s] GC(270) Pause Young (Allocation Failure) 261M->175M(490M) 7,006ms
[2019-04-15T21:37:34.545+0200][3108,110s] GC(270) User=0,01s Sys=0,00s Real=0,00s
[2019-04-15T21:37:34.691+0200][3108,257s] GC(271) Pause Young (Allocation Failure)
[2019-04-15T21:37:34.691+0200][3108,257s] GC(271) Using 4 workers of 4 for evacuation
[2019-04-15T21:37:34.695+0200][3108,261s] GC(271) ParNew: 87858K->569K(109248K)
[2019-04-15T21:37:34.695+0200][3108,261s] GC(271) CMS: 179460K->179460K(393216K)
[2019-04-15T21:37:34.695+0200][3108,261s] GC(271) Metaspace: 57179K->57179K(1101824K)
[2019-04-15T21:37:34.695+0200][3108,261s] GC(271) Pause Young (Allocation Failure) 261M->175M(490M) 3,927ms
[2019-04-15T21:37:34.695+0200][3108,261s] GC(271) User=0,01s Sys=0,00s Real=0,00s
[2019-04-15T21:37:34.824+0200][3108,390s] GC(272) Pause Young (Allocation Failure)
[2019-04-15T21:37:34.824+0200][3108,390s] GC(272) Using 4 workers of 4 for evacuation
[2019-04-15T21:37:34.832+0200][3108,398s] GC(272) ParNew: 87993K->600K(109248K)
[2019-04-15T21:37:34.832+0200][3108,398s] GC(272) CMS: 179460K->179460K(393216K)
[2019-04-15T21:37:34.832+0200][3108,398s] GC(272) Metaspace: 57179K->57179K(1101824K)
[2019-04-15T21:37:34.832+0200][3108,398s] GC(272) Pause Young (Allocation Failure) 261M->175M(490M) 7,338ms
[2019-04-15T21:37:34.832+0200][3108,398s] GC(272) User=0,01s Sys=0,00s Real=0,01s
[2019-04-15T21:37:34.975+0200][3108,541s] GC(273) Pause Young (Allocation Failure)
[2019-04-15T21:37:34.975+0200][3108,541s] GC(273) Using 4 workers of 4 for evacuation
[2019-04-15T21:37:34.982+0200][3108,548s] GC(273) ParNew: 88024K->579K(109248K)
[2019-04-15T21:37:34.982+0200][3108,548s] GC(273) CMS: 179460K->179460K(393216K)
[2019-04-15T21:37:34.982+0200][3108,548s] GC(273) Metaspace: 57179K->57179K(1101824K)
[2019-04-15T21:37:34.982+0200][3108,548s] GC(273) Pause Young (Allocation Failure) 261M->175M(490M) 7,447ms
[2019-04-15T21:37:34.982+0200][3108,548s] GC(273) User=0,02s Sys=0,00s Real=0,01s
[2019-04-15T21:37:35.111+0200][3108,676s] GC(274) Pause Young (Allocation Failure)
[2019-04-15T21:37:35.111+0200][3108,676s] GC(274) Using 4 workers of 4 for evacuation
[2019-04-15T21:37:35.117+0200][3108,683s] GC(274) ParNew: 88003K->751K(109248K)
[2019-04-15T21:37:35.118+0200][3108,683s] GC(274) CMS: 179460K->179461K(393216K)
[2019-04-15T21:37:35.118+0200][3108,683s] GC(274) Metaspace: 57179K->57179K(1101824K)
[2019-04-15T21:37:35.118+0200][3108,683s] GC(274) Pause Young (Allocation Failure) 261M->175M(490M) 7,017ms
[2019-04-15T21:37:35.118+0200][3108,683s] GC(274) User=0,01s Sys=0,01s Real=0,01s
[2019-04-15T21:37:35.253+0200][3108,819s] GC(275) Pause Young (Allocation Failure)
[2019-04-15T21:37:35.253+0200][3108,819s] GC(275) Using 4 workers of 4 for evacuation
[2019-04-15T21:37:35.260+0200][3108,826s] GC(275) ParNew: 88175K->618K(109248K)
[2019-04-15T21:37:35.260+0200][3108,826s] GC(275) CMS: 179461K->179461K(393216K)
[2019-04-15T21:37:35.260+0200][3108,826s] GC(275) Metaspace: 57180K->57180K(1101824K)
[2019-04-15T21:37:35.260+0200][3108,826s] GC(275) Pause Young (Allocation Failure) 261M->175M(490M) 6,897ms
[2019-04-15T21:37:35.260+0200][3108,826s] GC(275) User=0,02s Sys=0,00s Real=0,01s
[2019-04-15T21:37:35.389+0200][3108,955s] GC(276) Pause Young (Allocation Failure)
[2019-04-15T21:37:35.389+0200][3108,955s] GC(276) Using 4 workers of 4 for evacuation
[2019-04-15T21:37:35.395+0200][3108,961s] GC(276) ParNew: 88042K->596K(109248K)
[2019-04-15T21:37:35.395+0200][3108,961s] GC(276) CMS: 179461K->179461K(393216K)
[2019-04-15T21:37:35.395+0200][3108,961s] GC(276) Metaspace: 57180K->57180K(1101824K)
[2019-04-15T21:37:35.395+0200][3108,961s] GC(276) Pause Young (Allocation Failure) 261M->175M(490M) 6,619ms
[2019-04-15T21:37:35.395+0200][3108,961s] GC(276) User=0,02s Sys=0,00s Real=0,00s
[2019-04-15T21:37:35.539+0200][3109,105s] GC(277) Pause Young (Allocation Failure)
[2019-04-15T21:37:35.539+0200][3109,105s] GC(277) Using 4 workers of 4 for evacuation
[2019-04-15T21:37:35.543+0200][3109,109s] GC(277) ParNew: 88020K->523K(109248K)
[2019-04-15T21:37:35.543+0200][3109,109s] GC(277) CMS: 179461K->179461K(393216K)
[2019-04-15T21:37:35.543+0200][3109,109s] GC(277) Metaspace: 57181K->57181K(1101824K)
[2019-04-15T21:37:35.543+0200][3109,109s] GC(277) Pause Young (Allocation Failure) 261M->175M(490M) 4,218ms
[2019-04-15T21:37:35.543+0200][3109,109s] GC(277) User=0,02s Sys=0,00s Real=0,00s
[2019-04-15T21:37:35.693+0200][3109,259s] GC(278) Pause Young (Allocation Failure)
[2019-04-15T21:37:35.693+0200][3109,259s] GC(278) Using 4 workers of 4 for evacuation
[2019-04-15T21:37:35.700+0200][3109,266s] GC(278) ParNew: 87947K->418K(109248K)
[2019-04-15T21:37:35.700+0200][3109,266s] GC(278) CMS: 179461K->179461K(393216K)
[2019-04-15T21:37:35.700+0200][3109,266s] GC(278) Metaspace: 57181K->57181K(1101824K)
[2019-04-15T21:37:35.700+0200][3109,266s] GC(278) Pause Young (Allocation Failure) 261M->175M(490M) 7,434ms
[2019-04-15T21:37:35.700+0200][3109,266s] GC(278) User=0,02s Sys=0,00s Real=0,01s
[2019-04-15T21:37:35.901+0200][3109,467s] GC(279) Pause Young (Allocation Failure)
[2019-04-15T21:37:35.901+0200][3109,467s] GC(279) Using 4 workers of 4 for evacuation
[2019-04-15T21:37:35.906+0200][3109,472s] GC(279) ParNew: 87842K->438K(109248K)
[2019-04-15T21:37:35.906+0200][3109,472s] GC(279) CMS: 179461K->179461K(393216K)
[2019-04-15T21:37:35.906+0200][3109,472s] GC(279) Metaspace: 57181K->57181K(1101824K)
[2019-04-15T21:37:35.906+0200][3109,472s] GC(279) Pause Young (Allocation Failure) 261M->175M(490M) 5,463ms
[2019-04-15T21:37:35.906+0200][3109,472s] GC(279) User=0,01s Sys=0,00s Real=0,01s
[2019-04-15T21:37:36.106+0200][3109,672s] GC(280) Pause Young (Allocation Failure)
[2019-04-15T21:37:36.106+0200][3109,672s] GC(280) Using 4 workers of 4 for evacuation
[2019-04-15T21:37:36.118+0200][3109,683s] GC(280) ParNew: 87862K->401K(109248K)
[2019-04-15T21:37:36.118+0200][3109,683s] GC(280) CMS: 179461K->179493K(393216K)
[2019-04-15T21:37:36.118+0200][3109,683s] GC(280) Metaspace: 57181K->57181K(1101824K)
[2019-04-15T21:37:36.118+0200][3109,683s] GC(280) Pause Young (Allocation Failure) 261M->175M(490M) 11,931ms
[2019-04-15T21:37:36.118+0200][3109,683s] GC(280) User=0,03s Sys=0,00s Real=0,01s
[2019-04-15T21:37:36.319+0200][3109,885s] GC(281) Pause Young (Allocation Failure)
[2019-04-15T21:37:36.320+0200][3109,885s] GC(281) Using 4 workers of 4 for evacuation
[2019-04-15T21:37:36.330+0200][3109,896s] GC(281) ParNew: 87825K->450K(109248K)
[2019-04-15T21:37:36.330+0200][3109,896s] GC(281) CMS: 179493K->179493K(393216K)
[2019-04-15T21:37:36.330+0200][3109,896s] GC(281) Metaspace: 57181K->57181K(1101824K)
[2019-04-15T21:37:36.330+0200][3109,896s] GC(281) Pause Young (Allocation Failure) 261M->175M(490M) 10,468ms
[2019-04-15T21:37:36.330+0200][3109,896s] GC(281) User=0,02s Sys=0,00s Real=0,01s
[2019-04-15T21:37:36.529+0200][3110,095s] GC(282) Pause Young (Allocation Failure)
[2019-04-15T21:37:36.529+0200][3110,095s] GC(282) Using 4 workers of 4 for evacuation
[2019-04-15T21:37:36.539+0200][3110,105s] GC(282) ParNew: 87874K->480K(109248K)
[2019-04-15T21:37:36.539+0200][3110,105s] GC(282) CMS: 179493K->179493K(393216K)
[2019-04-15T21:37:36.539+0200][3110,105s] GC(282) Metaspace: 57181K->57181K(1101824K)
[2019-04-15T21:37:36.539+0200][3110,105s] GC(282) Pause Young (Allocation Failure) 261M->175M(490M) 9,444ms
[2019-04-15T21:37:36.539+0200][3110,105s] GC(282) User=0,02s Sys=0,00s Real=0,01s
[2019-04-15T21:37:36.741+0200][3110,307s] GC(283) Pause Young (Allocation Failure)
[2019-04-15T21:37:36.741+0200][3110,307s] GC(283) Using 4 workers of 4 for evacuation
[2019-04-15T21:37:36.755+0200][3110,321s] GC(283) ParNew: 87904K->412K(109248K)
[2019-04-15T21:37:36.755+0200][3110,321s] GC(283) CMS: 179493K->179525K(393216K)
[2019-04-15T21:37:36.755+0200][3110,321s] GC(283) Metaspace: 57181K->57181K(1101824K)
[2019-04-15T21:37:36.755+0200][3110,321s] GC(283) Pause Young (Allocation Failure) 261M->175M(490M) 13,562ms
[2019-04-15T21:37:36.755+0200][3110,321s] GC(283) User=0,02s Sys=0,01s Real=0,01s
[2019-04-15T21:38:05.402+0200][3138,968s] GC(284) Pause Young (Allocation Failure)
[2019-04-15T21:38:05.408+0200][3138,974s] GC(284) Using 4 workers of 4 for evacuation
[2019-04-15T21:38:05.444+0200][3139,010s] GC(284) ParNew: 87836K->430K(109248K)
[2019-04-15T21:38:05.444+0200][3139,010s] GC(284) CMS: 179525K->179525K(393216K)
[2019-04-15T21:38:05.444+0200][3139,010s] GC(284) Metaspace: 57185K->57185K(1101824K)
[2019-04-15T21:38:05.444+0200][3139,010s] GC(284) Pause Young (Allocation Failure) 261M->175M(490M) 42,352ms
[2019-04-15T21:38:05.444+0200][3139,010s] GC(284) User=0,01s Sys=0,03s Real=0,04s
[2019-04-15T21:38:07.612+0200][3141,178s] GC(285) Pause Young (Allocation Failure)
[2019-04-15T21:38:07.612+0200][3141,178s] GC(285) Using 4 workers of 4 for evacuation
[2019-04-15T21:38:07.626+0200][3141,192s] GC(285) ParNew: 87854K->317K(109248K)
[2019-04-15T21:38:07.626+0200][3141,192s] GC(285) CMS: 179525K->179557K(393216K)
[2019-04-15T21:38:07.626+0200][3141,192s] GC(285) Metaspace: 57185K->57185K(1101824K)
[2019-04-15T21:38:07.626+0200][3141,192s] GC(285) Pause Young (Allocation Failure) 261M->175M(490M) 13,883ms
[2019-04-15T21:38:07.626+0200][3141,192s] GC(285) User=0,03s Sys=0,00s Real=0,02s
[2019-04-15T21:38:07.981+0200][3141,546s] GC(286) Pause Young (Allocation Failure)
[2019-04-15T21:38:07.981+0200][3141,547s] GC(286) Using 4 workers of 4 for evacuation
[2019-04-15T21:38:07.992+0200][3141,558s] GC(286) ParNew: 87741K->418K(109248K)
[2019-04-15T21:38:07.992+0200][3141,558s] GC(286) CMS: 179557K->179557K(393216K)
[2019-04-15T21:38:07.992+0200][3141,558s] GC(286) Metaspace: 57185K->57185K(1101824K)
[2019-04-15T21:38:07.992+0200][3141,558s] GC(286) Pause Young (Allocation Failure) 261M->175M(490M) 11,267ms
[2019-04-15T21:38:07.992+0200][3141,558s] GC(286) User=0,02s Sys=0,00s Real=0,01s
[2019-04-15T21:38:08.229+0200][3141,794s] GC(287) Pause Young (Allocation Failure)
[2019-04-15T21:38:08.229+0200][3141,795s] GC(287) Using 4 workers of 4 for evacuation
[2019-04-15T21:38:08.237+0200][3141,803s] GC(287) ParNew: 87842K->945K(109248K)
[2019-04-15T21:38:08.238+0200][3141,803s] GC(287) CMS: 179557K->179578K(393216K)
[2019-04-15T21:38:08.238+0200][3141,803s] GC(287) Metaspace: 57185K->57185K(1101824K)
[2019-04-15T21:38:08.238+0200][3141,803s] GC(287) Pause Young (Allocation Failure) 261M->176M(490M) 8,979ms
[2019-04-15T21:38:08.238+0200][3141,803s] GC(287) User=0,02s Sys=0,00s Real=0,01s
[2019-04-15T21:38:09.000+0200][3142,565s] GC(288) Pause Young (Allocation Failure)
[2019-04-15T21:38:09.000+0200][3142,566s] GC(288) Using 4 workers of 4 for evacuation
[2019-04-15T21:38:09.009+0200][3142,575s] GC(288) ParNew: 88369K->1055K(109248K)
[2019-04-15T21:38:09.009+0200][3142,575s] GC(288) CMS: 179578K->179578K(393216K)
[2019-04-15T21:38:09.009+0200][3142,575s] GC(288) Metaspace: 57185K->57185K(1101824K)
[2019-04-15T21:38:09.009+0200][3142,575s] GC(288) Pause Young (Allocation Failure) 261M->176M(490M) 9,591ms
[2019-04-15T21:38:09.009+0200][3142,575s] GC(288) User=0,02s Sys=0,00s Real=0,01s
[2019-04-15T21:38:09.177+0200][3142,743s] GC(289) Pause Young (Allocation Failure)
[2019-04-15T21:38:09.178+0200][3142,743s] GC(289) Using 4 workers of 4 for evacuation
[2019-04-15T21:38:09.201+0200][3142,767s] GC(289) ParNew: 88479K->2667K(109248K)
[2019-04-15T21:38:09.201+0200][3142,767s] GC(289) CMS: 179578K->179578K(393216K)
[2019-04-15T21:38:09.201+0200][3142,767s] GC(289) Metaspace: 57185K->57185K(1101824K)
[2019-04-15T21:38:09.201+0200][3142,767s] GC(289) Pause Young (Allocation Failure) 261M->177M(490M) 23,704ms
[2019-04-15T21:38:09.201+0200][3142,767s] GC(289) User=0,04s Sys=0,00s Real=0,02s
[2019-04-15T21:38:09.411+0200][3142,977s] GC(290) Pause Young (Allocation Failure)
[2019-04-15T21:38:09.411+0200][3142,977s] GC(290) Using 4 workers of 4 for evacuation
[2019-04-15T21:38:09.436+0200][3143,002s] GC(290) ParNew: 90091K->4823K(109248K)
[2019-04-15T21:38:09.436+0200][3143,002s] GC(290) CMS: 179578K->179578K(393216K)
[2019-04-15T21:38:09.436+0200][3143,002s] GC(290) Metaspace: 57185K->57185K(1101824K)
[2019-04-15T21:38:09.436+0200][3143,002s] GC(290) Pause Young (Allocation Failure) 263M->180M(490M) 25,001ms
[2019-04-15T21:38:09.436+0200][3143,002s] GC(290) User=0,04s Sys=0,00s Real=0,02s
[2019-04-15T21:38:09.952+0200][3143,517s] GC(291) Pause Young (Allocation Failure)
[2019-04-15T21:38:09.952+0200][3143,518s] GC(291) Using 4 workers of 4 for evacuation
[2019-04-15T21:38:09.961+0200][3143,527s] GC(291) ParNew: 92247K->1415K(109248K)
[2019-04-15T21:38:09.961+0200][3143,527s] GC(291) CMS: 179578K->179578K(393216K)
[2019-04-15T21:38:09.961+0200][3143,527s] GC(291) Metaspace: 57185K->57185K(1101824K)
[2019-04-15T21:38:09.961+0200][3143,527s] GC(291) Pause Young (Allocation Failure) 265M->176M(490M) 9,617ms
[2019-04-15T21:38:09.961+0200][3143,527s] GC(291) User=0,01s Sys=0,00s Real=0,01s
[2019-04-15T21:38:10.166+0200][3143,731s] GC(292) Pause Young (Allocation Failure)
[2019-04-15T21:38:10.166+0200][3143,732s] GC(292) Using 4 workers of 4 for evacuation
[2019-04-15T21:38:10.174+0200][3143,739s] GC(292) ParNew: 88839K->1305K(109248K)
[2019-04-15T21:38:10.174+0200][3143,739s] GC(292) CMS: 179578K->179588K(393216K)
[2019-04-15T21:38:10.174+0200][3143,739s] GC(292) Metaspace: 57185K->57185K(1101824K)
[2019-04-15T21:38:10.174+0200][3143,739s] GC(292) Pause Young (Allocation Failure) 262M->176M(490M) 8,013ms
[2019-04-15T21:38:10.174+0200][3143,739s] GC(292) User=0,02s Sys=0,00s Real=0,00s
[2019-04-15T21:38:10.363+0200][3143,929s] GC(293) Pause Young (Allocation Failure)
[2019-04-15T21:38:10.363+0200][3143,929s] GC(293) Using 4 workers of 4 for evacuation
[2019-04-15T21:38:10.373+0200][3143,939s] GC(293) ParNew: 88729K->1131K(109248K)
[2019-04-15T21:38:10.373+0200][3143,939s] GC(293) CMS: 179588K->179589K(393216K)
[2019-04-15T21:38:10.374+0200][3143,939s] GC(293) Metaspace: 57185K->57185K(1101824K)
[2019-04-15T21:38:10.374+0200][3143,939s] GC(293) Pause Young (Allocation Failure) 262M->176M(490M) 10,241ms
[2019-04-15T21:38:10.374+0200][3143,939s] GC(293) User=0,02s Sys=0,00s Real=0,01s
[2019-04-15T21:38:10.594+0200][3144,160s] GC(294) Pause Young (Allocation Failure)
[2019-04-15T21:38:10.594+0200][3144,160s] GC(294) Using 4 workers of 4 for evacuation
[2019-04-15T21:38:10.605+0200][3144,171s] GC(294) ParNew: 88555K->925K(109248K)
[2019-04-15T21:38:10.605+0200][3144,171s] GC(294) CMS: 179589K->179589K(393216K)
[2019-04-15T21:38:10.605+0200][3144,171s] GC(294) Metaspace: 57185K->57185K(1101824K)
[2019-04-15T21:38:10.605+0200][3144,171s] GC(294) Pause Young (Allocation Failure) 261M->176M(490M) 11,195ms
[2019-04-15T21:38:10.605+0200][3144,171s] GC(294) User=0,03s Sys=0,00s Real=0,02s
[2019-04-15T21:38:10.836+0200][3144,402s] GC(295) Pause Young (Allocation Failure)
[2019-04-15T21:38:10.836+0200][3144,402s] GC(295) Using 4 workers of 4 for evacuation
[2019-04-15T21:38:10.847+0200][3144,413s] GC(295) ParNew: 88349K->1081K(109248K)
[2019-04-15T21:38:10.847+0200][3144,413s] GC(295) CMS: 179589K->179617K(393216K)
[2019-04-15T21:38:10.847+0200][3144,413s] GC(295) Metaspace: 57185K->57185K(1101824K)
[2019-04-15T21:38:10.847+0200][3144,413s] GC(295) Pause Young (Allocation Failure) 261M->176M(490M) 10,999ms
[2019-04-15T21:38:10.847+0200][3144,413s] GC(295) User=0,02s Sys=0,00s Real=0,02s
[2019-04-15T21:38:11.078+0200][3144,643s] GC(296) Pause Young (Allocation Failure)
[2019-04-15T21:38:11.078+0200][3144,643s] GC(296) Using 4 workers of 4 for evacuation
[2019-04-15T21:38:11.087+0200][3144,653s] GC(296) ParNew: 88505K->1173K(109248K)
[2019-04-15T21:38:11.088+0200][3144,653s] GC(296) CMS: 179617K->179645K(393216K)
[2019-04-15T21:38:11.088+0200][3144,653s] GC(296) Metaspace: 57185K->57185K(1101824K)
[2019-04-15T21:38:11.088+0200][3144,653s] GC(296) Pause Young (Allocation Failure) 261M->176M(490M) 9,940ms
[2019-04-15T21:38:11.088+0200][3144,653s] GC(296) User=0,02s Sys=0,00s Real=0,01s
[2019-04-15T21:38:11.334+0200][3144,900s] GC(297) Pause Young (Allocation Failure)
[2019-04-15T21:38:11.334+0200][3144,900s] GC(297) Using 4 workers of 4 for evacuation
[2019-04-15T21:38:11.344+0200][3144,909s] GC(297) ParNew: 88597K->810K(109248K)
[2019-04-15T21:38:11.344+0200][3144,909s] GC(297) CMS: 179645K->179705K(393216K)
[2019-04-15T21:38:11.344+0200][3144,909s] GC(297) Metaspace: 57185K->57185K(1101824K)
[2019-04-15T21:38:11.344+0200][3144,909s] GC(297) Pause Young (Allocation Failure) 261M->176M(490M) 9,666ms
[2019-04-15T21:38:11.344+0200][3144,909s] GC(297) User=0,02s Sys=0,00s Real=0,01s
[2019-04-15T21:38:11.577+0200][3145,143s] GC(298) Pause Young (Allocation Failure)
[2019-04-15T21:38:11.578+0200][3145,143s] GC(298) Using 4 workers of 4 for evacuation
[2019-04-15T21:38:11.590+0200][3145,156s] GC(298) ParNew: 88234K->775K(109248K)
[2019-04-15T21:38:11.590+0200][3145,156s] GC(298) CMS: 179705K->179756K(393216K)
[2019-04-15T21:38:11.590+0200][3145,156s] GC(298) Metaspace: 57185K->57185K(1101824K)
[2019-04-15T21:38:11.590+0200][3145,156s] GC(298) Pause Young (Allocation Failure) 261M->176M(490M) 12,773ms
[2019-04-15T21:38:11.590+0200][3145,156s] GC(298) User=0,03s Sys=0,00s Real=0,01s
[2019-04-15T21:38:11.827+0200][3145,393s] GC(299) Pause Young (Allocation Failure)
[2019-04-15T21:38:11.827+0200][3145,393s] GC(299) Using 4 workers of 4 for evacuation
[2019-04-15T21:38:11.837+0200][3145,403s] GC(299) ParNew: 88199K->934K(109248K)
[2019-04-15T21:38:11.837+0200][3145,403s] GC(299) CMS: 179756K->179783K(393216K)
[2019-04-15T21:38:11.837+0200][3145,403s] GC(299) Metaspace: 57185K->57185K(1101824K)
[2019-04-15T21:38:11.837+0200][3145,403s] GC(299) Pause Young (Allocation Failure) 261M->176M(490M) 10,586ms
[2019-04-15T21:38:11.837+0200][3145,403s] GC(299) User=0,02s Sys=0,00s Real=0,01s
[2019-04-15T21:38:12.084+0200][3145,650s] GC(300) Pause Young (Allocation Failure)
[2019-04-15T21:38:12.084+0200][3145,650s] GC(300) Using 4 workers of 4 for evacuation
[2019-04-15T21:38:12.093+0200][3145,658s] GC(300) ParNew: 88358K->675K(109248K)
[2019-04-15T21:38:12.093+0200][3145,659s] GC(300) CMS: 179783K->179892K(393216K)
[2019-04-15T21:38:12.093+0200][3145,659s] GC(300) Metaspace: 57185K->57185K(1101824K)
[2019-04-15T21:38:12.093+0200][3145,659s] GC(300) Pause Young (Allocation Failure) 261M->176M(490M) 8,846ms
[2019-04-15T21:38:12.093+0200][3145,659s] GC(300) User=0,02s Sys=0,00s Real=0,01s
[2019-04-15T21:38:12.338+0200][3145,903s] GC(301) Pause Young (Allocation Failure)
[2019-04-15T21:38:12.338+0200][3145,904s] GC(301) Using 4 workers of 4 for evacuation
[2019-04-15T21:38:12.349+0200][3145,915s] GC(301) ParNew: 88099K->511K(109248K)
[2019-04-15T21:38:12.349+0200][3145,915s] GC(301) CMS: 179892K->180025K(393216K)
[2019-04-15T21:38:12.349+0200][3145,915s] GC(301) Metaspace: 57185K->57185K(1101824K)
[2019-04-15T21:38:12.349+0200][3145,915s] GC(301) Pause Young (Allocation Failure) 261M->176M(490M) 11,241ms
[2019-04-15T21:38:12.349+0200][3145,915s] GC(301) User=0,02s Sys=0,00s Real=0,01s
[2019-04-15T21:38:12.590+0200][3146,156s] GC(302) Pause Young (Allocation Failure)
[2019-04-15T21:38:12.590+0200][3146,156s] GC(302) Using 4 workers of 4 for evacuation
[2019-04-15T21:38:12.600+0200][3146,166s] GC(302) ParNew: 87935K->689K(109248K)
[2019-04-15T21:38:12.600+0200][3146,166s] GC(302) CMS: 180025K->180037K(393216K)
[2019-04-15T21:38:12.600+0200][3146,166s] GC(302) Metaspace: 57185K->57185K(1101824K)
[2019-04-15T21:38:12.600+0200][3146,166s] GC(302) Pause Young (Allocation Failure) 261M->176M(490M) 10,529ms
[2019-04-15T21:38:12.600+0200][3146,166s] GC(302) User=0,02s Sys=0,00s Real=0,01s
[2019-04-15T21:38:12.833+0200][3146,399s] GC(303) Pause Young (Allocation Failure)
[2019-04-15T21:38:12.833+0200][3146,399s] GC(303) Using 4 workers of 4 for evacuation
[2019-04-15T21:38:12.848+0200][3146,414s] GC(303) ParNew: 88113K->504K(109248K)
[2019-04-15T21:38:12.848+0200][3146,414s] GC(303) CMS: 180037K->180097K(393216K)
[2019-04-15T21:38:12.848+0200][3146,414s] GC(303) Metaspace: 57185K->57185K(1101824K)
[2019-04-15T21:38:12.848+0200][3146,414s] GC(303) Pause Young (Allocation Failure) 261M->176M(490M) 15,426ms
[2019-04-15T21:38:12.848+0200][3146,414s] GC(303) User=0,03s Sys=0,00s Real=0,02s
[2019-04-15T21:38:13.081+0200][3146,647s] GC(304) Pause Young (Allocation Failure)
[2019-04-15T21:38:13.081+0200][3146,647s] GC(304) Using 4 workers of 4 for evacuation
[2019-04-15T21:38:13.089+0200][3146,655s] GC(304) ParNew: 87928K->404K(109248K)
[2019-04-15T21:38:13.089+0200][3146,655s] GC(304) CMS: 180097K->180128K(393216K)
[2019-04-15T21:38:13.089+0200][3146,655s] GC(304) Metaspace: 57185K->57185K(1101824K)
[2019-04-15T21:38:13.089+0200][3146,655s] GC(304) Pause Young (Allocation Failure) 261M->176M(490M) 8,268ms
[2019-04-15T21:38:13.089+0200][3146,655s] GC(304) User=0,01s Sys=0,00s Real=0,01s
[2019-04-15T21:38:13.310+0200][3146,876s] GC(305) Pause Young (Allocation Failure)
[2019-04-15T21:38:13.310+0200][3146,876s] GC(305) Using 4 workers of 4 for evacuation
[2019-04-15T21:38:13.318+0200][3146,884s] GC(305) ParNew: 87828K->458K(109248K)
[2019-04-15T21:38:13.318+0200][3146,884s] GC(305) CMS: 180128K->180128K(393216K)
[2019-04-15T21:38:13.318+0200][3146,884s] GC(305) Metaspace: 57185K->57185K(1101824K)
[2019-04-15T21:38:13.318+0200][3146,884s] GC(305) Pause Young (Allocation Failure) 261M->176M(490M) 7,921ms
[2019-04-15T21:38:13.318+0200][3146,884s] GC(305) User=0,01s Sys=0,00s Real=0,01s
[2019-04-15T21:38:13.513+0200][3147,079s] GC(306) Pause Young (Allocation Failure)
[2019-04-15T21:38:13.514+0200][3147,079s] GC(306) Using 4 workers of 4 for evacuation
[2019-04-15T21:38:13.520+0200][3147,086s] GC(306) ParNew: 87882K->505K(109248K)
[2019-04-15T21:38:13.520+0200][3147,086s] GC(306) CMS: 180128K->180149K(393216K)
[2019-04-15T21:38:13.520+0200][3147,086s] GC(306) Metaspace: 57185K->57185K(1101824K)
[2019-04-15T21:38:13.520+0200][3147,086s] GC(306) Pause Young (Allocation Failure) 261M->176M(490M) 6,270ms
[2019-04-15T21:38:13.520+0200][3147,086s] GC(306) User=0,01s Sys=0,00s Real=0,01s
[2019-04-15T21:38:13.715+0200][3147,280s] GC(307) Pause Young (Allocation Failure)
[2019-04-15T21:38:13.715+0200][3147,281s] GC(307) Using 4 workers of 4 for evacuation
[2019-04-15T21:38:13.726+0200][3147,292s] GC(307) ParNew: 87929K->481K(109248K)
[2019-04-15T21:38:13.726+0200][3147,292s] GC(307) CMS: 180149K->180159K(393216K)
[2019-04-15T21:38:13.726+0200][3147,292s] GC(307) Metaspace: 57185K->57185K(1101824K)
[2019-04-15T21:38:13.726+0200][3147,292s] GC(307) Pause Young (Allocation Failure) 261M->176M(490M) 11,628ms
[2019-04-15T21:38:13.726+0200][3147,292s] GC(307) User=0,02s Sys=0,00s Real=0,02s
[2019-04-15T21:38:14.014+0200][3147,580s] GC(308) Pause Young (Allocation Failure)
[2019-04-15T21:38:14.014+0200][3147,580s] GC(308) Using 4 workers of 4 for evacuation
[2019-04-15T21:38:14.022+0200][3147,588s] GC(308) ParNew: 87905K->499K(109248K)
[2019-04-15T21:38:14.022+0200][3147,588s] GC(308) CMS: 180159K->180170K(393216K)
[2019-04-15T21:38:14.022+0200][3147,588s] GC(308) Metaspace: 57185K->57185K(1101824K)
[2019-04-15T21:38:14.022+0200][3147,588s] GC(308) Pause Young (Allocation Failure) 261M->176M(490M) 8,460ms
[2019-04-15T21:38:14.022+0200][3147,588s] GC(308) User=0,02s Sys=0,00s Real=0,01s
[2019-04-15T21:38:14.265+0200][3147,831s] GC(309) Pause Young (Allocation Failure)
[2019-04-15T21:38:14.265+0200][3147,831s] GC(309) Using 4 workers of 4 for evacuation
[2019-04-15T21:38:14.273+0200][3147,838s] GC(309) ParNew: 87923K->484K(109248K)
[2019-04-15T21:38:14.273+0200][3147,838s] GC(309) CMS: 180170K->180190K(393216K)
[2019-04-15T21:38:14.273+0200][3147,838s] GC(309) Metaspace: 57185K->57185K(1101824K)
[2019-04-15T21:38:14.273+0200][3147,838s] GC(309) Pause Young (Allocation Failure) 261M->176M(490M) 7,210ms
[2019-04-15T21:38:14.273+0200][3147,838s] GC(309) User=0,02s Sys=0,00s Real=0,00s
[2019-04-15T21:38:14.503+0200][3148,068s] GC(310) Pause Young (Allocation Failure)
[2019-04-15T21:38:14.503+0200][3148,068s] GC(310) Using 4 workers of 4 for evacuation
[2019-04-15T21:38:14.512+0200][3148,078s] GC(310) ParNew: 87908K->520K(109248K)
[2019-04-15T21:38:14.512+0200][3148,078s] GC(310) CMS: 180190K->180201K(393216K)
[2019-04-15T21:38:14.512+0200][3148,078s] GC(310) Metaspace: 57185K->57185K(1101824K)
[2019-04-15T21:38:14.512+0200][3148,078s] GC(310) Pause Young (Allocation Failure) 261M->176M(490M) 9,383ms
[2019-04-15T21:38:14.512+0200][3148,078s] GC(310) User=0,02s Sys=0,00s Real=0,01s
[2019-04-15T21:38:14.759+0200][3148,325s] GC(311) Pause Young (Allocation Failure)
[2019-04-15T21:38:14.759+0200][3148,325s] GC(311) Using 4 workers of 4 for evacuation
[2019-04-15T21:38:14.767+0200][3148,333s] GC(311) ParNew: 87944K->453K(109248K)
[2019-04-15T21:38:14.767+0200][3148,333s] GC(311) CMS: 180201K->180211K(393216K)
[2019-04-15T21:38:14.767+0200][3148,333s] GC(311) Metaspace: 57185K->57185K(1101824K)
[2019-04-15T21:38:14.767+0200][3148,333s] GC(311) Pause Young (Allocation Failure) 261M->176M(490M) 7,415ms
[2019-04-15T21:38:14.767+0200][3148,333s] GC(311) User=0,01s Sys=0,00s Real=0,01s
[2019-04-15T21:38:14.958+0200][3148,523s] GC(312) Pause Young (Allocation Failure)
[2019-04-15T21:38:14.958+0200][3148,524s] GC(312) Using 4 workers of 4 for evacuation
[2019-04-15T21:38:14.965+0200][3148,531s] GC(312) ParNew: 87877K->404K(109248K)
[2019-04-15T21:38:14.965+0200][3148,531s] GC(312) CMS: 180211K->180233K(393216K)
[2019-04-15T21:38:14.965+0200][3148,531s] GC(312) Metaspace: 57185K->57185K(1101824K)
[2019-04-15T21:38:14.965+0200][3148,531s] GC(312) Pause Young (Allocation Failure) 261M->176M(490M) 7,177ms
[2019-04-15T21:38:14.965+0200][3148,531s] GC(312) User=0,02s Sys=0,00s Real=0,00s
[2019-04-15T21:38:15.151+0200][3148,717s] GC(313) Pause Young (Allocation Failure)
[2019-04-15T21:38:15.151+0200][3148,717s] GC(313) Using 4 workers of 4 for evacuation
[2019-04-15T21:38:15.158+0200][3148,724s] GC(313) ParNew: 87828K->410K(109248K)
[2019-04-15T21:38:15.158+0200][3148,724s] GC(313) CMS: 180233K->180264K(393216K)
[2019-04-15T21:38:15.158+0200][3148,724s] GC(313) Metaspace: 57185K->57185K(1101824K)
[2019-04-15T21:38:15.159+0200][3148,724s] GC(313) Pause Young (Allocation Failure) 261M->176M(490M) 7,476ms
[2019-04-15T21:38:15.159+0200][3148,724s] GC(313) User=0,02s Sys=0,00s Real=0,01s
[2019-04-15T21:38:15.354+0200][3148,919s] GC(314) Pause Young (Allocation Failure)
[2019-04-15T21:38:15.354+0200][3148,919s] GC(314) Using 4 workers of 4 for evacuation
[2019-04-15T21:38:15.362+0200][3148,928s] GC(314) ParNew: 87834K->394K(109248K)
[2019-04-15T21:38:15.362+0200][3148,928s] GC(314) CMS: 180264K->180264K(393216K)
[2019-04-15T21:38:15.362+0200][3148,928s] GC(314) Metaspace: 57185K->57185K(1101824K)
[2019-04-15T21:38:15.362+0200][3148,928s] GC(314) Pause Young (Allocation Failure) 261M->176M(490M) 8,676ms
[2019-04-15T21:38:15.362+0200][3148,928s] GC(314) User=0,01s Sys=0,00s Real=0,01s
[2019-04-15T21:38:15.604+0200][3149,169s] GC(315) Pause Young (Allocation Failure)
[2019-04-15T21:38:15.604+0200][3149,169s] GC(315) Using 4 workers of 4 for evacuation
[2019-04-15T21:38:15.621+0200][3149,187s] GC(315) ParNew: 87818K->503K(109248K)
[2019-04-15T21:38:15.621+0200][3149,187s] GC(315) CMS: 180264K->180285K(393216K)
[2019-04-15T21:38:15.621+0200][3149,187s] GC(315) Metaspace: 57185K->57185K(1101824K)
[2019-04-15T21:38:15.621+0200][3149,187s] GC(315) Pause Young (Allocation Failure) 261M->176M(490M) 17,254ms
[2019-04-15T21:38:15.621+0200][3149,187s] GC(315) User=0,04s Sys=0,00s Real=0,02s
[2019-04-15T21:38:15.823+0200][3149,389s] GC(316) Pause Young (Allocation Failure)
[2019-04-15T21:38:15.823+0200][3149,389s] GC(316) Using 4 workers of 4 for evacuation
[2019-04-15T21:38:15.831+0200][3149,397s] GC(316) ParNew: 87927K->321K(109248K)
[2019-04-15T21:38:15.831+0200][3149,397s] GC(316) CMS: 180285K->180306K(393216K)
[2019-04-15T21:38:15.831+0200][3149,397s] GC(316) Metaspace: 57185K->57185K(1101824K)
[2019-04-15T21:38:15.831+0200][3149,397s] GC(316) Pause Young (Allocation Failure) 261M->176M(490M) 8,140ms
[2019-04-15T21:38:15.831+0200][3149,397s] GC(316) User=0,02s Sys=0,00s Real=0,01s
[2019-04-15T21:39:22.177+0200][3215,743s] GC(317) Pause Young (Allocation Failure)
[2019-04-15T21:39:22.180+0200][3215,746s] GC(317) Using 4 workers of 4 for evacuation
[2019-04-15T21:39:23.369+0200][3216,935s] GC(317) ParNew: 84984K->21824K(109248K)
[2019-04-15T21:39:23.369+0200][3216,935s] GC(317) CMS: 180306K->224990K(393216K)
[2019-04-15T21:39:23.369+0200][3216,935s] GC(317) Metaspace: 57187K->57187K(1101824K)
[2019-04-15T21:39:23.369+0200][3216,935s] GC(317) Pause Young (Allocation Failure) 259M->241M(490M) 1192,337ms
[2019-04-15T21:39:23.370+0200][3216,935s] GC(317) User=1,12s Sys=0,18s Real=1,20s
[2019-04-15T21:39:23.371+0200][3216,937s] GC(318) Pause Initial Mark
[2019-04-15T21:39:23.412+0200][3216,978s] GC(318) Pause Initial Mark 244M->244M(490M) 40,902ms
[2019-04-15T21:39:23.412+0200][3216,978s] GC(318) User=0,05s Sys=0,00s Real=0,04s
[2019-04-15T21:39:23.412+0200][3216,978s] GC(318) Concurrent Mark
[2019-04-15T21:39:23.412+0200][3216,978s] GC(318) Using 4 workers of 4 for marking
[2019-04-15T21:39:23.837+0200][3217,403s] GC(318) Concurrent Mark 425,299ms
[2019-04-15T21:39:23.837+0200][3217,403s] GC(318) User=0,90s Sys=0,11s Real=0,43s
[2019-04-15T21:39:23.837+0200][3217,403s] GC(318) Concurrent Preclean
[2019-04-15T21:39:23.839+0200][3217,405s] GC(318) Concurrent Preclean 1,953ms
[2019-04-15T21:39:23.839+0200][3217,405s] GC(318) User=0,00s Sys=0,00s Real=0,00s
[2019-04-15T21:39:23.839+0200][3217,405s] GC(318) Concurrent Abortable Preclean
[2019-04-15T21:39:24.276+0200][3217,842s] GC(319) Pause Young (Allocation Failure)
[2019-04-15T21:39:24.276+0200][3217,842s] GC(319) Using 4 workers of 4 for evacuation
[2019-04-15T21:39:24.335+0200][3217,901s] GC(319) ParNew: 109248K->15398K(109248K)
[2019-04-15T21:39:24.335+0200][3217,901s] GC(319) CMS: 224990K->225100K(393216K)
[2019-04-15T21:39:24.335+0200][3217,901s] GC(319) Metaspace: 57187K->57187K(1101824K)
[2019-04-15T21:39:24.335+0200][3217,901s] GC(319) Pause Young (Allocation Failure) 326M->234M(490M) 59,155ms
[2019-04-15T21:39:24.335+0200][3217,901s] GC(319) User=0,12s Sys=0,02s Real=0,06s
[2019-04-15T21:39:24.337+0200][3217,902s] GC(318) Concurrent Abortable Preclean 497,148ms
[2019-04-15T21:39:24.337+0200][3217,902s] GC(318) User=1,12s Sys=0,03s Real=0,49s
[2019-04-15T21:39:24.338+0200][3217,904s] GC(318) Pause Remark
[2019-04-15T21:39:24.339+0200][3217,904s] GC(320) Pause Young (CMS Final Remark)
[2019-04-15T21:39:24.339+0200][3217,904s] GC(320) Using 4 workers of 4 for evacuation
[2019-04-15T21:39:24.347+0200][3217,913s] GC(320) ParNew: 16783K->9945K(109248K)
[2019-04-15T21:39:24.347+0200][3217,913s] GC(320) CMS: 225100K->225100K(393216K)
[2019-04-15T21:39:24.347+0200][3217,913s] GC(320) Metaspace: 57187K->57187K(1101824K)
[2019-04-15T21:39:24.347+0200][3217,913s] GC(320) Pause Young (CMS Final Remark) 236M->229M(490M) 8,485ms
[2019-04-15T21:39:24.347+0200][3217,913s] GC(320) User=0,02s Sys=0,00s Real=0,01s
[2019-04-15T21:39:25.218+0200][3218,783s] GC(318) Pause Remark 236M->229M(490M) 879,155ms
[2019-04-15T21:39:25.218+0200][3218,783s] GC(318) User=0,07s Sys=0,09s Real=0,88s
[2019-04-15T21:39:25.218+0200][3218,784s] GC(318) Concurrent Sweep
[2019-04-15T21:39:25.420+0200][3218,986s] GC(321) Pause Young (Allocation Failure)
[2019-04-15T21:39:25.420+0200][3218,986s] GC(321) Using 4 workers of 4 for evacuation
[2019-04-15T21:39:25.465+0200][3219,030s] GC(321) ParNew: 97369K->8709K(109248K)
[2019-04-15T21:39:25.465+0200][3219,030s] GC(321) CMS: 204320K->204320K(393216K)
[2019-04-15T21:39:25.465+0200][3219,030s] GC(321) Metaspace: 57187K->57187K(1101824K)
[2019-04-15T21:39:25.465+0200][3219,030s] GC(321) Pause Young (Allocation Failure) 294M->208M(490M) 44,359ms
[2019-04-15T21:39:25.465+0200][3219,030s] GC(321) User=0,09s Sys=0,00s Real=0,04s
[2019-04-15T21:39:25.677+0200][3219,243s] GC(322) Pause Young (Allocation Failure)
[2019-04-15T21:39:25.677+0200][3219,243s] GC(322) Using 4 workers of 4 for evacuation
[2019-04-15T21:39:25.688+0200][3219,254s] GC(322) ParNew: 96133K->8521K(109248K)
[2019-04-15T21:39:25.688+0200][3219,254s] GC(322) CMS: 185688K->185688K(393216K)
[2019-04-15T21:39:25.688+0200][3219,254s] GC(322) Metaspace: 57187K->57187K(1101824K)
[2019-04-15T21:39:25.688+0200][3219,254s] GC(322) Pause Young (Allocation Failure) 275M->189M(490M) 10,809ms
[2019-04-15T21:39:25.688+0200][3219,254s] GC(322) User=0,02s Sys=0,00s Real=0,01s
[2019-04-15T21:39:25.925+0200][3219,491s] GC(323) Pause Young (Allocation Failure)
[2019-04-15T21:39:25.926+0200][3219,491s] GC(323) Using 4 workers of 4 for evacuation
[2019-04-15T21:39:25.934+0200][3219,500s] GC(323) ParNew: 95945K->8506K(109248K)
[2019-04-15T21:39:25.934+0200][3219,500s] GC(323) CMS: 171816K->171816K(393216K)
[2019-04-15T21:39:25.934+0200][3219,500s] GC(323) Metaspace: 57187K->57187K(1101824K)
[2019-04-15T21:39:25.934+0200][3219,500s] GC(323) Pause Young (Allocation Failure) 261M->176M(490M) 8,522ms
[2019-04-15T21:39:25.934+0200][3219,500s] GC(323) User=0,02s Sys=0,00s Real=0,00s
[2019-04-15T21:39:26.211+0200][3219,776s] GC(318) Concurrent Sweep 992,772ms
[2019-04-15T21:39:26.211+0200][3219,776s] GC(318) User=1,73s Sys=0,14s Real=0,99s
[2019-04-15T21:39:26.211+0200][3219,776s] GC(318) Concurrent Reset
[2019-04-15T21:39:26.225+0200][3219,791s] GC(318) Concurrent Reset 14,205ms
[2019-04-15T21:39:26.225+0200][3219,791s] GC(318) User=0,01s Sys=0,00s Real=0,01s
[2019-04-15T21:39:26.225+0200][3219,791s] GC(318) Old: 224990K->123873K(393216K)
[2019-04-15T21:39:29.056+0200][3222,622s] GC(324) Pause Young (Allocation Failure)
[2019-04-15T21:39:29.057+0200][3222,623s] GC(324) Using 4 workers of 4 for evacuation
[2019-04-15T21:39:29.065+0200][3222,630s] GC(324) ParNew: 95930K->8472K(109248K)
[2019-04-15T21:39:29.065+0200][3222,630s] GC(324) CMS: 123873K->123873K(393216K)
[2019-04-15T21:39:29.065+0200][3222,630s] GC(324) Metaspace: 57187K->57187K(1101824K)
[2019-04-15T21:39:29.065+0200][3222,630s] GC(324) Pause Young (Allocation Failure) 214M->129M(490M) 8,236ms
[2019-04-15T21:39:29.065+0200][3222,631s] GC(324) User=0,01s Sys=0,00s Real=0,01s
[2019-04-15T21:40:12.613+0200][3266,179s] GC(325) Pause Young (Allocation Failure)
[2019-04-15T21:40:12.615+0200][3266,181s] GC(325) Using 4 workers of 4 for evacuation
[2019-04-15T21:40:12.834+0200][3266,400s] GC(325) ParNew: 95896K->8576K(109248K)
[2019-04-15T21:40:12.835+0200][3266,400s] GC(325) CMS: 123873K->123873K(393216K)
[2019-04-15T21:40:12.835+0200][3266,400s] GC(325) Metaspace: 57188K->57188K(1101824K)
[2019-04-15T21:40:12.835+0200][3266,400s] GC(325) Pause Young (Allocation Failure) 214M->129M(490M) 221,233ms
[2019-04-15T21:40:12.835+0200][3266,400s] GC(325) User=0,20s Sys=0,03s Real=0,22s
[2019-04-15T21:40:14.225+0200][3267,791s] GC(326) Pause Young (Allocation Failure)
[2019-04-15T21:40:14.225+0200][3267,791s] GC(326) Using 4 workers of 4 for evacuation
[2019-04-15T21:40:14.240+0200][3267,806s] GC(326) ParNew: 96000K->8457K(109248K)
[2019-04-15T21:40:14.240+0200][3267,806s] GC(326) CMS: 123873K->123873K(393216K)
[2019-04-15T21:40:14.240+0200][3267,806s] GC(326) Metaspace: 57188K->57188K(1101824K)
[2019-04-15T21:40:14.240+0200][3267,806s] GC(326) Pause Young (Allocation Failure) 214M->129M(490M) 14,639ms
[2019-04-15T21:40:14.240+0200][3267,806s] GC(326) User=0,02s Sys=0,00s Real=0,01s
[2019-04-15T21:40:38.177+0200][3291,742s] GC(327) Pause Young (Allocation Failure)
[2019-04-15T21:40:38.177+0200][3291,743s] GC(327) Using 4 workers of 4 for evacuation
[2019-04-15T21:40:38.247+0200][3291,813s] GC(327) ParNew: 95881K->475K(109248K)
[2019-04-15T21:40:38.247+0200][3291,813s] GC(327) CMS: 123873K->132013K(393216K)
[2019-04-15T21:40:38.247+0200][3291,813s] GC(327) Metaspace: 57188K->57188K(1101824K)
[2019-04-15T21:40:38.247+0200][3291,813s] GC(327) Pause Young (Allocation Failure) 214M->129M(490M) 70,412ms
[2019-04-15T21:40:38.247+0200][3291,813s] GC(327) User=0,08s Sys=0,01s Real=0,08s
[2019-04-15T21:40:38.662+0200][3292,228s] GC(328) Pause Young (Allocation Failure)
[2019-04-15T21:40:38.662+0200][3292,228s] GC(328) Using 4 workers of 4 for evacuation
[2019-04-15T21:40:38.687+0200][3292,253s] GC(328) ParNew: 87899K->376K(109248K)
[2019-04-15T21:40:38.687+0200][3292,253s] GC(328) CMS: 132013K->132013K(393216K)
[2019-04-15T21:40:38.687+0200][3292,253s] GC(328) Metaspace: 57188K->57188K(1101824K)
[2019-04-15T21:40:38.687+0200][3292,253s] GC(328) Pause Young (Allocation Failure) 214M->129M(490M) 25,098ms
[2019-04-15T21:40:38.687+0200][3292,253s] GC(328) User=0,04s Sys=0,00s Real=0,03s
[2019-04-15T21:40:38.993+0200][3292,559s] GC(329) Pause Young (Allocation Failure)
[2019-04-15T21:40:38.993+0200][3292,559s] GC(329) Using 4 workers of 4 for evacuation
[2019-04-15T21:40:39.011+0200][3292,577s] GC(329) ParNew: 87800K->343K(109248K)
[2019-04-15T21:40:39.011+0200][3292,577s] GC(329) CMS: 132013K->132014K(393216K)
[2019-04-15T21:40:39.011+0200][3292,577s] GC(329) Metaspace: 57188K->57188K(1101824K)
[2019-04-15T21:40:39.011+0200][3292,577s] GC(329) Pause Young (Allocation Failure) 214M->129M(490M) 18,166ms
[2019-04-15T21:40:39.011+0200][3292,577s] GC(329) User=0,03s Sys=0,00s Real=0,02s
[2019-04-15T21:40:39.936+0200][3293,501s] GC(330) Pause Young (Allocation Failure)
[2019-04-15T21:40:39.936+0200][3293,501s] GC(330) Using 4 workers of 4 for evacuation
[2019-04-15T21:40:39.947+0200][3293,512s] GC(330) ParNew: 87767K->482K(109248K)
[2019-04-15T21:40:39.947+0200][3293,512s] GC(330) CMS: 132014K->132014K(393216K)
[2019-04-15T21:40:39.947+0200][3293,512s] GC(330) Metaspace: 57188K->57188K(1101824K)
[2019-04-15T21:40:39.947+0200][3293,512s] GC(330) Pause Young (Allocation Failure) 214M->129M(490M) 11,096ms
[2019-04-15T21:40:39.947+0200][3293,512s] GC(330) User=0,02s Sys=0,00s Real=0,02s
[2019-04-15T21:47:28.616+0200][3702,182s] GC(331) Pause Young (Allocation Failure)
[2019-04-15T21:47:28.616+0200][3702,182s] GC(331) Using 4 workers of 4 for evacuation
[2019-04-15T21:47:28.631+0200][3702,197s] GC(331) ParNew: 87906K->2952K(109248K)
[2019-04-15T21:47:28.631+0200][3702,197s] GC(331) CMS: 132014K->132014K(393216K)
[2019-04-15T21:47:28.631+0200][3702,197s] GC(331) Metaspace: 57628K->57628K(1101824K)
[2019-04-15T21:47:28.631+0200][3702,197s] GC(331) Pause Young (Allocation Failure) 214M->131M(490M) 14,781ms
[2019-04-15T21:47:28.631+0200][3702,197s] GC(331) User=0,03s Sys=0,00s Real=0,02s
[2019-04-15T22:19:31.461+0200][5625,027s] GC(332) Pause Young (Allocation Failure)
[2019-04-15T22:19:31.461+0200][5625,027s] GC(332) Using 4 workers of 4 for evacuation
[2019-04-15T22:19:31.469+0200][5625,035s] GC(332) ParNew: 90376K->4838K(109248K)
[2019-04-15T22:19:31.469+0200][5625,035s] GC(332) CMS: 132014K->132014K(393216K)
[2019-04-15T22:19:31.470+0200][5625,035s] GC(332) Metaspace: 58000K->58000K(1103872K)
[2019-04-15T22:19:31.470+0200][5625,035s] GC(332) Pause Young (Allocation Failure) 217M->133M(490M) 8,288ms
[2019-04-15T22:19:31.470+0200][5625,035s] GC(332) User=0,02s Sys=0,00s Real=0,01s
[2019-04-15T22:58:58.326+0200][7991,892s] GC(333) Pause Young (Allocation Failure)
[2019-04-15T22:58:58.327+0200][7991,893s] GC(333) Using 4 workers of 4 for evacuation
[2019-04-15T22:58:58.367+0200][7991,932s] GC(333) ParNew: 92262K->4366K(109248K)
[2019-04-15T22:58:58.367+0200][7991,932s] GC(333) CMS: 132014K->132023K(393216K)
[2019-04-15T22:58:58.367+0200][7991,933s] GC(333) Metaspace: 58052K->58052K(1103872K)
[2019-04-15T22:58:58.367+0200][7991,933s] GC(333) Pause Young (Allocation Failure) 219M->133M(490M) 40,298ms
[2019-04-15T22:58:58.367+0200][7991,933s] GC(333) User=0,08s Sys=0,00s Real=0,04s
[2019-04-15T23:28:02.984+0200][9736,549s] GC(334) Pause Young (Allocation Failure)
[2019-04-15T23:28:02.984+0200][9736,549s] GC(334) Using 4 workers of 4 for evacuation
[2019-04-15T23:28:03.017+0200][9736,583s] GC(334) ParNew: 91790K->21420K(109248K)
[2019-04-15T23:28:03.017+0200][9736,583s] GC(334) CMS: 132023K->132023K(393216K)
[2019-04-15T23:28:03.017+0200][9736,583s] GC(334) Metaspace: 58185K->58185K(1103872K)
[2019-04-15T23:28:03.017+0200][9736,583s] GC(334) Pause Young (Allocation Failure) 218M->149M(490M) 33,558ms
[2019-04-15T23:28:03.017+0200][9736,583s] GC(334) User=0,07s Sys=0,00s Real=0,03s
[2019-04-15T23:28:03.785+0200][9737,351s] GC(335) Pause Young (Allocation Failure)
[2019-04-15T23:28:03.785+0200][9737,351s] GC(335) Using 4 workers of 4 for evacuation
[2019-04-15T23:28:03.816+0200][9737,382s] GC(335) ParNew: 108844K->16964K(109248K)
[2019-04-15T23:28:03.816+0200][9737,382s] GC(335) CMS: 132023K->132862K(393216K)
[2019-04-15T23:28:03.816+0200][9737,382s] GC(335) Metaspace: 58185K->58185K(1103872K)
[2019-04-15T23:28:03.816+0200][9737,382s] GC(335) Pause Young (Allocation Failure) 235M->146M(490M) 30,982ms
[2019-04-15T23:28:03.816+0200][9737,382s] GC(335) User=0,06s Sys=0,01s Real=0,03s
[2019-04-15T23:28:04.142+0200][9737,708s] GC(336) Pause Young (Allocation Failure)
[2019-04-15T23:28:04.142+0200][9737,708s] GC(336) Using 4 workers of 4 for evacuation
[2019-04-15T23:28:04.148+0200][9737,714s] GC(336) ParNew: 104388K->6557K(109248K)
[2019-04-15T23:28:04.148+0200][9737,714s] GC(336) CMS: 132862K->132862K(393216K)
[2019-04-15T23:28:04.148+0200][9737,714s] GC(336) Metaspace: 58185K->58185K(1103872K)
[2019-04-15T23:28:04.148+0200][9737,714s] GC(336) Pause Young (Allocation Failure) 231M->136M(490M) 6,325ms
[2019-04-15T23:28:04.148+0200][9737,714s] GC(336) User=0,01s Sys=0,00s Real=0,01s
[2019-04-15T23:28:04.485+0200][9738,051s] GC(337) Pause Young (Allocation Failure)
[2019-04-15T23:28:04.485+0200][9738,051s] GC(337) Using 4 workers of 4 for evacuation
[2019-04-15T23:28:04.491+0200][9738,057s] GC(337) ParNew: 93981K->5931K(109248K)
[2019-04-15T23:28:04.491+0200][9738,057s] GC(337) CMS: 132862K->132862K(393216K)
[2019-04-15T23:28:04.491+0200][9738,057s] GC(337) Metaspace: 58185K->58185K(1103872K)
[2019-04-15T23:28:04.491+0200][9738,057s] GC(337) Pause Young (Allocation Failure) 221M->135M(490M) 5,904ms
[2019-04-15T23:28:04.491+0200][9738,057s] GC(337) User=0,02s Sys=0,00s Real=0,01s
[2019-04-15T23:28:04.807+0200][9738,373s] GC(338) Pause Young (Allocation Failure)
[2019-04-15T23:28:04.807+0200][9738,373s] GC(338) Using 4 workers of 4 for evacuation
[2019-04-15T23:28:04.812+0200][9738,378s] GC(338) ParNew: 93355K->5734K(109248K)
[2019-04-15T23:28:04.812+0200][9738,378s] GC(338) CMS: 132862K->132862K(393216K)
[2019-04-15T23:28:04.812+0200][9738,378s] GC(338) Metaspace: 58185K->58185K(1103872K)
[2019-04-15T23:28:04.812+0200][9738,378s] GC(338) Pause Young (Allocation Failure) 220M->135M(490M) 5,603ms
[2019-04-15T23:28:04.812+0200][9738,378s] GC(338) User=0,02s Sys=0,00s Real=0,00s
[2019-04-15T23:28:05.133+0200][9738,699s] GC(339) Pause Young (Allocation Failure)
[2019-04-15T23:28:05.133+0200][9738,699s] GC(339) Using 4 workers of 4 for evacuation
[2019-04-15T23:28:05.139+0200][9738,705s] GC(339) ParNew: 93158K->5753K(109248K)
[2019-04-15T23:28:05.139+0200][9738,705s] GC(339) CMS: 132862K->132862K(393216K)
[2019-04-15T23:28:05.139+0200][9738,705s] GC(339) Metaspace: 58185K->58185K(1103872K)
[2019-04-15T23:28:05.139+0200][9738,705s] GC(339) Pause Young (Allocation Failure) 220M->135M(490M) 5,673ms
[2019-04-15T23:28:05.139+0200][9738,705s] GC(339) User=0,02s Sys=0,00s Real=0,01s
[2019-04-15T23:28:05.468+0200][9739,034s] GC(340) Pause Young (Allocation Failure)
[2019-04-15T23:28:05.468+0200][9739,034s] GC(340) Using 4 workers of 4 for evacuation
[2019-04-15T23:28:05.474+0200][9739,040s] GC(340) ParNew: 93177K->5631K(109248K)
[2019-04-15T23:28:05.474+0200][9739,040s] GC(340) CMS: 132862K->132992K(393216K)
[2019-04-15T23:28:05.474+0200][9739,040s] GC(340) Metaspace: 58185K->58185K(1103872K)
[2019-04-15T23:28:05.474+0200][9739,040s] GC(340) Pause Young (Allocation Failure) 220M->135M(490M) 6,747ms
[2019-04-15T23:28:05.474+0200][9739,040s] GC(340) User=0,02s Sys=0,00s Real=0,00s
[2019-04-15T23:28:05.810+0200][9739,376s] GC(341) Pause Young (Allocation Failure)
[2019-04-15T23:28:05.810+0200][9739,376s] GC(341) Using 4 workers of 4 for evacuation
[2019-04-15T23:28:05.827+0200][9739,393s] GC(341) ParNew: 93055K->4931K(109248K)
[2019-04-15T23:28:05.828+0200][9739,393s] GC(341) CMS: 132992K->133464K(393216K)
[2019-04-15T23:28:05.828+0200][9739,393s] GC(341) Metaspace: 58185K->58185K(1103872K)
[2019-04-15T23:28:05.828+0200][9739,393s] GC(341) Pause Young (Allocation Failure) 220M->135M(490M) 17,778ms
[2019-04-15T23:28:05.828+0200][9739,393s] GC(341) User=0,04s Sys=0,00s Real=0,02s
[2019-04-15T23:28:06.156+0200][9739,722s] GC(342) Pause Young (Allocation Failure)
[2019-04-15T23:28:06.156+0200][9739,722s] GC(342) Using 4 workers of 4 for evacuation
[2019-04-15T23:28:06.163+0200][9739,728s] GC(342) ParNew: 92355K->4649K(109248K)
[2019-04-15T23:28:06.163+0200][9739,728s] GC(342) CMS: 133464K->133866K(393216K)
[2019-04-15T23:28:06.163+0200][9739,729s] GC(342) Metaspace: 58185K->58185K(1103872K)
[2019-04-15T23:28:06.163+0200][9739,729s] GC(342) Pause Young (Allocation Failure) 220M->135M(490M) 6,893ms
[2019-04-15T23:28:06.163+0200][9739,729s] GC(342) User=0,02s Sys=0,00s Real=0,01s
[2019-04-15T23:28:06.490+0200][9740,056s] GC(343) Pause Young (Allocation Failure)
[2019-04-15T23:28:06.490+0200][9740,056s] GC(343) Using 4 workers of 4 for evacuation
[2019-04-15T23:28:06.524+0200][9740,090s] GC(343) ParNew: 92073K->345K(109248K)
[2019-04-15T23:28:06.524+0200][9740,090s] GC(343) CMS: 133866K->137936K(393216K)
[2019-04-15T23:28:06.524+0200][9740,090s] GC(343) Metaspace: 58185K->58185K(1103872K)
[2019-04-15T23:28:06.524+0200][9740,090s] GC(343) Pause Young (Allocation Failure) 220M->135M(490M) 34,059ms
[2019-04-15T23:28:06.524+0200][9740,090s] GC(343) User=0,10s Sys=0,01s Real=0,03s
[2019-04-15T23:28:06.866+0200][9740,432s] GC(344) Pause Young (Allocation Failure)
[2019-04-15T23:28:06.866+0200][9740,432s] GC(344) Using 4 workers of 4 for evacuation
[2019-04-15T23:28:06.870+0200][9740,436s] GC(344) ParNew: 87769K->334K(109248K)
[2019-04-15T23:28:06.870+0200][9740,436s] GC(344) CMS: 137936K->137936K(393216K)
[2019-04-15T23:28:06.870+0200][9740,436s] GC(344) Metaspace: 58185K->58185K(1103872K)
[2019-04-15T23:28:06.870+0200][9740,436s] GC(344) Pause Young (Allocation Failure) 220M->135M(490M) 4,625ms
[2019-04-15T23:28:06.870+0200][9740,436s] GC(344) User=0,01s Sys=0,00s Real=0,00s
[2019-04-15T23:28:07.208+0200][9740,774s] GC(345) Pause Young (Allocation Failure)
[2019-04-15T23:28:07.208+0200][9740,774s] GC(345) Using 4 workers of 4 for evacuation
[2019-04-15T23:28:07.214+0200][9740,779s] GC(345) ParNew: 87758K->322K(109248K)
[2019-04-15T23:28:07.214+0200][9740,780s] GC(345) CMS: 137936K->137936K(393216K)
[2019-04-15T23:28:07.214+0200][9740,780s] GC(345) Metaspace: 58185K->58185K(1103872K)
[2019-04-15T23:28:07.214+0200][9740,780s] GC(345) Pause Young (Allocation Failure) 220M->135M(490M) 5,418ms
[2019-04-15T23:28:07.214+0200][9740,780s] GC(345) User=0,01s Sys=0,00s Real=0,00s
[2019-04-15T23:28:07.581+0200][9741,146s] GC(346) Pause Young (Allocation Failure)
[2019-04-15T23:28:07.581+0200][9741,146s] GC(346) Using 4 workers of 4 for evacuation
[2019-04-15T23:28:07.586+0200][9741,152s] GC(346) ParNew: 87746K->391K(109248K)
[2019-04-15T23:28:07.586+0200][9741,152s] GC(346) CMS: 137936K->137936K(393216K)
[2019-04-15T23:28:07.586+0200][9741,152s] GC(346) Metaspace: 58185K->58185K(1103872K)
[2019-04-15T23:28:07.586+0200][9741,152s] GC(346) Pause Young (Allocation Failure) 220M->135M(490M) 5,245ms
[2019-04-15T23:28:07.586+0200][9741,152s] GC(346) User=0,02s Sys=0,00s Real=0,01s
[2019-04-15T23:28:07.919+0200][9741,485s] GC(347) Pause Young (Allocation Failure)
[2019-04-15T23:28:07.919+0200][9741,485s] GC(347) Using 4 workers of 4 for evacuation
[2019-04-15T23:28:07.923+0200][9741,489s] GC(347) ParNew: 87815K->359K(109248K)
[2019-04-15T23:28:07.923+0200][9741,489s] GC(347) CMS: 137936K->137936K(393216K)
[2019-04-15T23:28:07.923+0200][9741,489s] GC(347) Metaspace: 58185K->58185K(1103872K)
[2019-04-15T23:28:07.923+0200][9741,489s] GC(347) Pause Young (Allocation Failure) 220M->135M(490M) 4,534ms
[2019-04-15T23:28:07.923+0200][9741,489s] GC(347) User=0,01s Sys=0,00s Real=0,00s
[2019-04-15T23:28:08.256+0200][9741,821s] GC(348) Pause Young (Allocation Failure)
[2019-04-15T23:28:08.256+0200][9741,821s] GC(348) Using 4 workers of 4 for evacuation
[2019-04-15T23:28:08.261+0200][9741,827s] GC(348) ParNew: 87783K->314K(109248K)
[2019-04-15T23:28:08.261+0200][9741,827s] GC(348) CMS: 137936K->137936K(393216K)
[2019-04-15T23:28:08.261+0200][9741,827s] GC(348) Metaspace: 58185K->58185K(1103872K)
[2019-04-15T23:28:08.261+0200][9741,827s] GC(348) Pause Young (Allocation Failure) 220M->135M(490M) 5,480ms
[2019-04-15T23:28:08.261+0200][9741,827s] GC(348) User=0,01s Sys=0,00s Real=0,01s
[2019-04-15T23:28:08.586+0200][9742,152s] GC(349) Pause Young (Allocation Failure)
[2019-04-15T23:28:08.586+0200][9742,152s] GC(349) Using 4 workers of 4 for evacuation
[2019-04-15T23:28:08.591+0200][9742,157s] GC(349) ParNew: 87738K->389K(109248K)
[2019-04-15T23:28:08.591+0200][9742,157s] GC(349) CMS: 137936K->137936K(393216K)
[2019-04-15T23:28:08.591+0200][9742,157s] GC(349) Metaspace: 58185K->58185K(1103872K)
[2019-04-15T23:28:08.591+0200][9742,157s] GC(349) Pause Young (Allocation Failure) 220M->135M(490M) 5,080ms
[2019-04-15T23:28:08.591+0200][9742,157s] GC(349) User=0,01s Sys=0,00s Real=0,00s
[2019-04-15T23:28:08.933+0200][9742,499s] GC(350) Pause Young (Allocation Failure)
[2019-04-15T23:28:08.933+0200][9742,499s] GC(350) Using 4 workers of 4 for evacuation
[2019-04-15T23:28:08.937+0200][9742,503s] GC(350) ParNew: 87813K->298K(109248K)
[2019-04-15T23:28:08.937+0200][9742,503s] GC(350) CMS: 137936K->137936K(393216K)
[2019-04-15T23:28:08.937+0200][9742,503s] GC(350) Metaspace: 58185K->58185K(1103872K)
[2019-04-15T23:28:08.937+0200][9742,503s] GC(350) Pause Young (Allocation Failure) 220M->134M(490M) 3,633ms
[2019-04-15T23:28:08.937+0200][9742,503s] GC(350) User=0,02s Sys=0,00s Real=0,00s
[2019-04-15T23:28:09.259+0200][9742,825s] GC(351) Pause Young (Allocation Failure)
[2019-04-15T23:28:09.259+0200][9742,825s] GC(351) Using 4 workers of 4 for evacuation
[2019-04-15T23:28:09.264+0200][9742,830s] GC(351) ParNew: 87722K->388K(109248K)
[2019-04-15T23:28:09.264+0200][9742,830s] GC(351) CMS: 137936K->137937K(393216K)
[2019-04-15T23:28:09.264+0200][9742,830s] GC(351) Metaspace: 58185K->58185K(1103872K)
[2019-04-15T23:28:09.264+0200][9742,830s] GC(351) Pause Young (Allocation Failure) 220M->135M(490M) 4,537ms
[2019-04-15T23:28:09.264+0200][9742,830s] GC(351) User=0,02s Sys=0,00s Real=0,00s
[2019-04-15T23:28:09.585+0200][9743,150s] GC(352) Pause Young (Allocation Failure)
[2019-04-15T23:28:09.585+0200][9743,151s] GC(352) Using 4 workers of 4 for evacuation
[2019-04-15T23:28:09.589+0200][9743,155s] GC(352) ParNew: 87812K->297K(109248K)
[2019-04-15T23:28:09.589+0200][9743,155s] GC(352) CMS: 137937K->137937K(393216K)
[2019-04-15T23:28:09.589+0200][9743,155s] GC(352) Metaspace: 58185K->58185K(1103872K)
[2019-04-15T23:28:09.589+0200][9743,155s] GC(352) Pause Young (Allocation Failure) 220M->134M(490M) 4,423ms
[2019-04-15T23:28:09.589+0200][9743,155s] GC(352) User=0,01s Sys=0,00s Real=0,01s
[2019-04-15T23:28:09.912+0200][9743,478s] GC(353) Pause Young (Allocation Failure)
[2019-04-15T23:28:09.912+0200][9743,478s] GC(353) Using 4 workers of 4 for evacuation
[2019-04-15T23:28:09.916+0200][9743,482s] GC(353) ParNew: 87721K->386K(109248K)
[2019-04-15T23:28:09.916+0200][9743,482s] GC(353) CMS: 137937K->137937K(393216K)
[2019-04-15T23:28:09.916+0200][9743,482s] GC(353) Metaspace: 58185K->58185K(1103872K)
[2019-04-15T23:28:09.916+0200][9743,482s] GC(353) Pause Young (Allocation Failure) 220M->135M(490M) 4,484ms
[2019-04-15T23:28:09.916+0200][9743,482s] GC(353) User=0,01s Sys=0,00s Real=0,00s
[2019-04-15T23:28:10.249+0200][9743,815s] GC(354) Pause Young (Allocation Failure)
[2019-04-15T23:28:10.249+0200][9743,815s] GC(354) Using 4 workers of 4 for evacuation
[2019-04-15T23:28:10.260+0200][9743,825s] GC(354) ParNew: 87810K->5736K(109248K)
[2019-04-15T23:28:10.260+0200][9743,825s] GC(354) CMS: 137937K->137937K(393216K)
[2019-04-15T23:28:10.260+0200][9743,825s] GC(354) Metaspace: 58187K->58187K(1103872K)
[2019-04-15T23:28:10.260+0200][9743,825s] GC(354) Pause Young (Allocation Failure) 220M->140M(490M) 10,337ms
[2019-04-15T23:28:10.260+0200][9743,825s] GC(354) User=0,03s Sys=0,00s Real=0,01s
[2019-04-15T23:28:10.581+0200][9744,147s] GC(355) Pause Young (Allocation Failure)
[2019-04-15T23:28:10.581+0200][9744,147s] GC(355) Using 4 workers of 4 for evacuation
[2019-04-15T23:28:10.586+0200][9744,152s] GC(355) ParNew: 93160K->3171K(109248K)
[2019-04-15T23:28:10.586+0200][9744,152s] GC(355) CMS: 137937K->137937K(393216K)
[2019-04-15T23:28:10.586+0200][9744,152s] GC(355) Metaspace: 58187K->58187K(1103872K)
[2019-04-15T23:28:10.586+0200][9744,152s] GC(355) Pause Young (Allocation Failure) 225M->137M(490M) 4,823ms
[2019-04-15T23:28:10.586+0200][9744,152s] GC(355) User=0,02s Sys=0,00s Real=0,01s
[2019-04-15T23:28:10.914+0200][9744,479s] GC(356) Pause Young (Allocation Failure)
[2019-04-15T23:28:10.914+0200][9744,480s] GC(356) Using 4 workers of 4 for evacuation
[2019-04-15T23:28:10.919+0200][9744,485s] GC(356) ParNew: 90595K->540K(109248K)
[2019-04-15T23:28:10.919+0200][9744,485s] GC(356) CMS: 137937K->137937K(393216K)
[2019-04-15T23:28:10.919+0200][9744,485s] GC(356) Metaspace: 58187K->58187K(1103872K)
[2019-04-15T23:28:10.919+0200][9744,485s] GC(356) Pause Young (Allocation Failure) 223M->135M(490M) 5,406ms
[2019-04-15T23:28:10.919+0200][9744,485s] GC(356) User=0,01s Sys=0,00s Real=0,01s
[2019-04-15T23:28:11.251+0200][9744,817s] GC(357) Pause Young (Allocation Failure)
[2019-04-15T23:28:11.251+0200][9744,817s] GC(357) Using 4 workers of 4 for evacuation
[2019-04-15T23:28:11.256+0200][9744,822s] GC(357) ParNew: 87964K->397K(109248K)
[2019-04-15T23:28:11.256+0200][9744,822s] GC(357) CMS: 137937K->137938K(393216K)
[2019-04-15T23:28:11.256+0200][9744,822s] GC(357) Metaspace: 58187K->58187K(1103872K)
[2019-04-15T23:28:11.256+0200][9744,822s] GC(357) Pause Young (Allocation Failure) 220M->135M(490M) 4,712ms
[2019-04-15T23:28:11.256+0200][9744,822s] GC(357) User=0,01s Sys=0,00s Real=0,00s
[2019-04-15T23:28:11.597+0200][9745,163s] GC(358) Pause Young (Allocation Failure)
[2019-04-15T23:28:11.597+0200][9745,163s] GC(358) Using 4 workers of 4 for evacuation
[2019-04-15T23:28:11.604+0200][9745,169s] GC(358) ParNew: 87821K->3330K(109248K)
[2019-04-15T23:28:11.604+0200][9745,169s] GC(358) CMS: 137938K->137938K(393216K)
[2019-04-15T23:28:11.604+0200][9745,169s] GC(358) Metaspace: 58187K->58187K(1103872K)
[2019-04-15T23:28:11.604+0200][9745,169s] GC(358) Pause Young (Allocation Failure) 220M->137M(490M) 6,575ms
[2019-04-15T23:28:11.604+0200][9745,169s] GC(358) User=0,01s Sys=0,00s Real=0,01s
[2019-04-15T23:28:11.963+0200][9745,529s] GC(359) Pause Young (Allocation Failure)
[2019-04-15T23:28:11.963+0200][9745,529s] GC(359) Using 4 workers of 4 for evacuation
[2019-04-15T23:28:11.968+0200][9745,534s] GC(359) ParNew: 90754K->1854K(109248K)
[2019-04-15T23:28:11.968+0200][9745,534s] GC(359) CMS: 137938K->137938K(393216K)
[2019-04-15T23:28:11.968+0200][9745,534s] GC(359) Metaspace: 58187K->58187K(1103872K)
[2019-04-15T23:28:11.968+0200][9745,534s] GC(359) Pause Young (Allocation Failure) 223M->136M(490M) 5,300ms
[2019-04-15T23:28:11.968+0200][9745,534s] GC(359) User=0,01s Sys=0,00s Real=0,01s
[2019-04-15T23:28:12.366+0200][9745,932s] GC(360) Pause Young (Allocation Failure)
[2019-04-15T23:28:12.366+0200][9745,932s] GC(360) Using 4 workers of 4 for evacuation
[2019-04-15T23:28:12.371+0200][9745,937s] GC(360) ParNew: 89278K->826K(109248K)
[2019-04-15T23:28:12.371+0200][9745,937s] GC(360) CMS: 137938K->137938K(393216K)
[2019-04-15T23:28:12.371+0200][9745,937s] GC(360) Metaspace: 58187K->58187K(1103872K)
[2019-04-15T23:28:12.371+0200][9745,937s] GC(360) Pause Young (Allocation Failure) 221M->135M(490M) 4,618ms
[2019-04-15T23:28:12.371+0200][9745,937s] GC(360) User=0,01s Sys=0,00s Real=0,00s
[2019-04-15T23:28:12.794+0200][9746,360s] GC(361) Pause Young (Allocation Failure)
[2019-04-15T23:28:12.794+0200][9746,360s] GC(361) Using 4 workers of 4 for evacuation
[2019-04-15T23:28:12.799+0200][9746,364s] GC(361) ParNew: 88250K->595K(109248K)
[2019-04-15T23:28:12.799+0200][9746,365s] GC(361) CMS: 137938K->137938K(393216K)
[2019-04-15T23:28:12.799+0200][9746,365s] GC(361) Metaspace: 58187K->58187K(1103872K)
[2019-04-15T23:28:12.799+0200][9746,365s] GC(361) Pause Young (Allocation Failure) 220M->135M(490M) 4,711ms
[2019-04-15T23:28:12.799+0200][9746,365s] GC(361) User=0,02s Sys=0,00s Real=0,01s
[2019-04-15T23:30:03.684+0200][9857,250s] GC(362) Pause Young (Allocation Failure)
[2019-04-15T23:30:03.684+0200][9857,250s] GC(362) Using 4 workers of 4 for evacuation
[2019-04-15T23:30:03.691+0200][9857,256s] GC(362) ParNew: 88019K->1950K(109248K)
[2019-04-15T23:30:03.691+0200][9857,256s] GC(362) CMS: 137938K->137938K(393216K)
[2019-04-15T23:30:03.691+0200][9857,256s] GC(362) Metaspace: 58196K->58196K(1103872K)
[2019-04-15T23:30:03.691+0200][9857,256s] GC(362) Pause Young (Allocation Failure) 220M->136M(490M) 6,575ms
[2019-04-15T23:30:03.691+0200][9857,257s] GC(362) User=0,02s Sys=0,00s Real=0,01s
[2019-04-15T23:31:11.992+0200][9925,558s] GC(363) Pause Young (Allocation Failure)
[2019-04-15T23:31:11.992+0200][9925,558s] GC(363) Using 4 workers of 4 for evacuation
[2019-04-15T23:31:12.003+0200][9925,568s] GC(363) ParNew: 89374K->1645K(109248K)
[2019-04-15T23:31:12.003+0200][9925,568s] GC(363) CMS: 137938K->137938K(393216K)
[2019-04-15T23:31:12.003+0200][9925,568s] GC(363) Metaspace: 58218K->58218K(1103872K)
[2019-04-15T23:31:12.003+0200][9925,568s] GC(363) Pause Young (Allocation Failure) 221M->136M(490M) 10,643ms
[2019-04-15T23:31:12.003+0200][9925,568s] GC(363) User=0,02s Sys=0,00s Real=0,01s
[2019-04-15T23:31:12.371+0200][9925,937s] GC(364) Pause Young (Allocation Failure)
[2019-04-15T23:31:12.371+0200][9925,937s] GC(364) Using 4 workers of 4 for evacuation
[2019-04-15T23:31:12.384+0200][9925,950s] GC(364) ParNew: 89069K->1728K(109248K)
[2019-04-15T23:31:12.384+0200][9925,950s] GC(364) CMS: 137938K->137938K(393216K)
[2019-04-15T23:31:12.384+0200][9925,950s] GC(364) Metaspace: 58218K->58218K(1103872K)
[2019-04-15T23:31:12.384+0200][9925,950s] GC(364) Pause Young (Allocation Failure) 221M->136M(490M) 13,216ms
[2019-04-15T23:31:12.384+0200][9925,950s] GC(364) User=0,03s Sys=0,00s Real=0,01s
[2019-04-15T23:46:20.341+0200][10833,907s] GC(365) Pause Young (Allocation Failure)
[2019-04-15T23:46:20.342+0200][10833,907s] GC(365) Using 4 workers of 4 for evacuation
[2019-04-15T23:46:20.377+0200][10833,943s] GC(365) ParNew: 89152K->16037K(109248K)
[2019-04-15T23:46:20.377+0200][10833,943s] GC(365) CMS: 137938K->137938K(393216K)
[2019-04-15T23:46:20.377+0200][10833,943s] GC(365) Metaspace: 58551K->58551K(1103872K)
[2019-04-15T23:46:20.377+0200][10833,943s] GC(365) Pause Young (Allocation Failure) 221M->150M(490M) 35,524ms
[2019-04-15T23:46:20.377+0200][10833,943s] GC(365) User=0,09s Sys=0,00s Real=0,03s
[2019-04-15T23:46:21.031+0200][10834,597s] GC(366) Pause Young (Allocation Failure)
[2019-04-15T23:46:21.031+0200][10834,597s] GC(366) Using 4 workers of 4 for evacuation
[2019-04-15T23:46:21.036+0200][10834,602s] GC(366) ParNew: 103461K->12887K(109248K)
[2019-04-15T23:46:21.036+0200][10834,602s] GC(366) CMS: 137938K->137996K(393216K)
[2019-04-15T23:46:21.036+0200][10834,602s] GC(366) Metaspace: 58558K->58558K(1103872K)
[2019-04-15T23:46:21.036+0200][10834,602s] GC(366) Pause Young (Allocation Failure) 235M->147M(490M) 4,650ms
[2019-04-15T23:46:21.036+0200][10834,602s] GC(366) User=0,02s Sys=0,00s Real=0,00s
[2019-04-15T23:46:21.280+0200][10834,846s] GC(367) Pause Young (Allocation Failure)
[2019-04-15T23:46:21.280+0200][10834,846s] GC(367) Using 4 workers of 4 for evacuation
[2019-04-15T23:46:21.286+0200][10834,852s] GC(367) ParNew: 100311K->7031K(109248K)
[2019-04-15T23:46:21.286+0200][10834,852s] GC(367) CMS: 137996K->138084K(393216K)
[2019-04-15T23:46:21.286+0200][10834,852s] GC(367) Metaspace: 58558K->58558K(1103872K)
[2019-04-15T23:46:21.286+0200][10834,852s] GC(367) Pause Young (Allocation Failure) 232M->141M(490M) 6,180ms
[2019-04-15T23:46:21.286+0200][10834,852s] GC(367) User=0,01s Sys=0,00s Real=0,01s
[2019-04-15T23:46:21.530+0200][10835,096s] GC(368) Pause Young (Allocation Failure)
[2019-04-15T23:46:21.530+0200][10835,096s] GC(368) Using 4 workers of 4 for evacuation
[2019-04-15T23:46:21.535+0200][10835,101s] GC(368) ParNew: 94455K->6054K(109248K)
[2019-04-15T23:46:21.535+0200][10835,101s] GC(368) CMS: 138084K->138095K(393216K)
[2019-04-15T23:46:21.535+0200][10835,101s] GC(368) Metaspace: 58558K->58558K(1103872K)
[2019-04-15T23:46:21.535+0200][10835,101s] GC(368) Pause Young (Allocation Failure) 227M->140M(490M) 5,743ms
[2019-04-15T23:46:21.535+0200][10835,101s] GC(368) User=0,02s Sys=0,00s Real=0,00s
[2019-04-15T23:46:21.784+0200][10835,349s] GC(369) Pause Young (Allocation Failure)
[2019-04-15T23:46:21.784+0200][10835,349s] GC(369) Using 4 workers of 4 for evacuation
[2019-04-15T23:46:21.789+0200][10835,355s] GC(369) ParNew: 93478K->6496K(109248K)
[2019-04-15T23:46:21.789+0200][10835,355s] GC(369) CMS: 138095K->138116K(393216K)
[2019-04-15T23:46:21.789+0200][10835,355s] GC(369) Metaspace: 58558K->58558K(1103872K)
[2019-04-15T23:46:21.789+0200][10835,355s] GC(369) Pause Young (Allocation Failure) 226M->141M(490M) 5,628ms
[2019-04-15T23:46:21.789+0200][10835,355s] GC(369) User=0,02s Sys=0,00s Real=0,01s
[2019-04-15T23:46:22.033+0200][10835,599s] GC(370) Pause Young (Allocation Failure)
[2019-04-15T23:46:22.033+0200][10835,599s] GC(370) Using 4 workers of 4 for evacuation
[2019-04-15T23:46:22.038+0200][10835,604s] GC(370) ParNew: 93920K->5916K(109248K)
[2019-04-15T23:46:22.039+0200][10835,604s] GC(370) CMS: 138116K->138190K(393216K)
[2019-04-15T23:46:22.039+0200][10835,604s] GC(370) Metaspace: 58558K->58558K(1103872K)
[2019-04-15T23:46:22.039+0200][10835,604s] GC(370) Pause Young (Allocation Failure) 226M->140M(490M) 5,791ms
[2019-04-15T23:46:22.039+0200][10835,604s] GC(370) User=0,02s Sys=0,00s Real=0,01s
[2019-04-15T23:46:22.281+0200][10835,847s] GC(371) Pause Young (Allocation Failure)
[2019-04-15T23:46:22.281+0200][10835,847s] GC(371) Using 4 workers of 4 for evacuation
[2019-04-15T23:46:22.288+0200][10835,854s] GC(371) ParNew: 93340K->5948K(109248K)
[2019-04-15T23:46:22.288+0200][10835,854s] GC(371) CMS: 138190K->138215K(393216K)
[2019-04-15T23:46:22.288+0200][10835,854s] GC(371) Metaspace: 58558K->58558K(1103872K)
[2019-04-15T23:46:22.288+0200][10835,854s] GC(371) Pause Young (Allocation Failure) 226M->140M(490M) 6,571ms
[2019-04-15T23:46:22.288+0200][10835,854s] GC(371) User=0,02s Sys=0,00s Real=0,01s
[2019-04-15T23:46:22.574+0200][10836,140s] GC(372) Pause Young (Allocation Failure)
[2019-04-15T23:46:22.574+0200][10836,140s] GC(372) Using 4 workers of 4 for evacuation
[2019-04-15T23:46:22.578+0200][10836,144s] GC(372) ParNew: 93372K->6196K(109248K)
[2019-04-15T23:46:22.578+0200][10836,144s] GC(372) CMS: 138215K->138215K(393216K)
[2019-04-15T23:46:22.578+0200][10836,144s] GC(372) Metaspace: 58558K->58558K(1103872K)
[2019-04-15T23:46:22.578+0200][10836,144s] GC(372) Pause Young (Allocation Failure) 226M->141M(490M) 4,349ms
[2019-04-15T23:46:22.578+0200][10836,144s] GC(372) User=0,01s Sys=0,00s Real=0,01s
[2019-04-15T23:46:22.837+0200][10836,403s] GC(373) Pause Young (Allocation Failure)
[2019-04-15T23:46:22.837+0200][10836,403s] GC(373) Using 4 workers of 4 for evacuation
[2019-04-15T23:46:22.844+0200][10836,410s] GC(373) ParNew: 93620K->4992K(109248K)
[2019-04-15T23:46:22.844+0200][10836,410s] GC(373) CMS: 138215K->139387K(393216K)
[2019-04-15T23:46:22.844+0200][10836,410s] GC(373) Metaspace: 58558K->58558K(1103872K)
[2019-04-15T23:46:22.844+0200][10836,410s] GC(373) Pause Young (Allocation Failure) 226M->140M(490M) 7,509ms
[2019-04-15T23:46:22.844+0200][10836,410s] GC(373) User=0,02s Sys=0,00s Real=0,01s
[2019-04-15T23:46:23.116+0200][10836,682s] GC(374) Pause Young (Allocation Failure)
[2019-04-15T23:46:23.117+0200][10836,682s] GC(374) Using 4 workers of 4 for evacuation
[2019-04-15T23:46:23.156+0200][10836,721s] GC(374) ParNew: 92416K->449K(109248K)
[2019-04-15T23:46:23.156+0200][10836,721s] GC(374) CMS: 139387K->143457K(393216K)
[2019-04-15T23:46:23.156+0200][10836,721s] GC(374) Metaspace: 58558K->58558K(1103872K)
[2019-04-15T23:46:23.156+0200][10836,721s] GC(374) Pause Young (Allocation Failure) 226M->140M(490M) 39,160ms
[2019-04-15T23:46:23.156+0200][10836,721s] GC(374) User=0,10s Sys=0,01s Real=0,04s
[2019-04-15T23:46:23.446+0200][10837,012s] GC(375) Pause Young (Allocation Failure)
[2019-04-15T23:46:23.446+0200][10837,012s] GC(375) Using 4 workers of 4 for evacuation
[2019-04-15T23:46:23.450+0200][10837,016s] GC(375) ParNew: 87873K->330K(109248K)
[2019-04-15T23:46:23.450+0200][10837,016s] GC(375) CMS: 143457K->143457K(393216K)
[2019-04-15T23:46:23.450+0200][10837,016s] GC(375) Metaspace: 58558K->58558K(1103872K)
[2019-04-15T23:46:23.450+0200][10837,016s] GC(375) Pause Young (Allocation Failure) 225M->140M(490M) 3,967ms
[2019-04-15T23:46:23.450+0200][10837,016s] GC(375) User=0,01s Sys=0,00s Real=0,00s
[2019-04-15T23:46:23.742+0200][10837,308s] GC(376) Pause Young (Allocation Failure)
[2019-04-15T23:46:23.742+0200][10837,308s] GC(376) Using 4 workers of 4 for evacuation
[2019-04-15T23:46:23.748+0200][10837,314s] GC(376) ParNew: 87754K->345K(109248K)
[2019-04-15T23:46:23.748+0200][10837,314s] GC(376) CMS: 143457K->143457K(393216K)
[2019-04-15T23:46:23.748+0200][10837,314s] GC(376) Metaspace: 58558K->58558K(1103872K)
[2019-04-15T23:46:23.748+0200][10837,314s] GC(376) Pause Young (Allocation Failure) 225M->140M(490M) 6,104ms
[2019-04-15T23:46:23.748+0200][10837,314s] GC(376) User=0,02s Sys=0,00s Real=0,01s
[2019-04-15T23:46:24.054+0200][10837,620s] GC(377) Pause Young (Allocation Failure)
[2019-04-15T23:46:24.054+0200][10837,620s] GC(377) Using 4 workers of 4 for evacuation
[2019-04-15T23:46:24.059+0200][10837,625s] GC(377) ParNew: 87769K->317K(109248K)
[2019-04-15T23:46:24.059+0200][10837,625s] GC(377) CMS: 143457K->143457K(393216K)
[2019-04-15T23:46:24.059+0200][10837,625s] GC(377) Metaspace: 58558K->58558K(1103872K)
[2019-04-15T23:46:24.059+0200][10837,625s] GC(377) Pause Young (Allocation Failure) 225M->140M(490M) 5,183ms
[2019-04-15T23:46:24.059+0200][10837,625s] GC(377) User=0,01s Sys=0,00s Real=0,01s
[2019-04-15T23:46:24.310+0200][10837,876s] GC(378) Pause Young (Allocation Failure)
[2019-04-15T23:46:24.310+0200][10837,876s] GC(378) Using 4 workers of 4 for evacuation
[2019-04-15T23:46:24.314+0200][10837,880s] GC(378) ParNew: 87741K->390K(109248K)
[2019-04-15T23:46:24.314+0200][10837,880s] GC(378) CMS: 143457K->143457K(393216K)
[2019-04-15T23:46:24.314+0200][10837,880s] GC(378) Metaspace: 58558K->58558K(1103872K)
[2019-04-15T23:46:24.314+0200][10837,880s] GC(378) Pause Young (Allocation Failure) 225M->140M(490M) 4,144ms
[2019-04-15T23:46:24.314+0200][10837,880s] GC(378) User=0,01s Sys=0,00s Real=0,00s
[2019-04-15T23:46:24.507+0200][10838,073s] GC(379) Pause Young (Allocation Failure)
[2019-04-15T23:46:24.507+0200][10838,073s] GC(379) Using 4 workers of 4 for evacuation
[2019-04-15T23:46:24.557+0200][10838,123s] GC(379) ParNew: 87814K->21824K(109248K)
[2019-04-15T23:46:24.557+0200][10838,123s] GC(379) CMS: 143457K->150221K(393216K)
[2019-04-15T23:46:24.557+0200][10838,123s] GC(379) Metaspace: 58559K->58559K(1103872K)
[2019-04-15T23:46:24.557+0200][10838,123s] GC(379) Pause Young (Allocation Failure) 225M->168M(490M) 50,597ms
[2019-04-15T23:46:24.557+0200][10838,123s] GC(379) User=0,10s Sys=0,01s Real=0,05s
[2019-04-15T23:46:24.839+0200][10838,405s] GC(380) Pause Young (Allocation Failure)
[2019-04-15T23:46:24.839+0200][10838,405s] GC(380) Using 4 workers of 4 for evacuation
[2019-04-15T23:46:24.884+0200][10838,450s] GC(380) ParNew: 109248K->17401K(109248K)
[2019-04-15T23:46:24.884+0200][10838,450s] GC(380) CMS: 150221K->171782K(393216K)
[2019-04-15T23:46:24.884+0200][10838,450s] GC(380) Metaspace: 58559K->58559K(1103872K)
[2019-04-15T23:46:24.884+0200][10838,450s] GC(380) Pause Young (Allocation Failure) 253M->184M(490M) 44,691ms
[2019-04-15T23:46:24.884+0200][10838,450s] GC(380) User=0,14s Sys=0,00s Real=0,04s
[2019-04-15T23:46:25.084+0200][10838,650s] GC(381) Pause Young (Allocation Failure)
[2019-04-15T23:46:25.084+0200][10838,650s] GC(381) Using 4 workers of 4 for evacuation
[2019-04-15T23:46:25.089+0200][10838,655s] GC(381) ParNew: 104825K->7407K(109248K)
[2019-04-15T23:46:25.089+0200][10838,655s] GC(381) CMS: 171782K->171782K(393216K)
[2019-04-15T23:46:25.089+0200][10838,655s] GC(381) Metaspace: 58559K->58559K(1103872K)
[2019-04-15T23:46:25.089+0200][10838,655s] GC(381) Pause Young (Allocation Failure) 270M->174M(490M) 4,549ms
[2019-04-15T23:46:25.089+0200][10838,655s] GC(381) User=0,01s Sys=0,00s Real=0,01s
[2019-04-15T23:46:25.215+0200][10838,781s] GC(382) Pause Young (Allocation Failure)
[2019-04-15T23:46:25.215+0200][10838,781s] GC(382) Using 4 workers of 4 for evacuation
[2019-04-15T23:46:25.219+0200][10838,785s] GC(382) ParNew: 94831K->4911K(109248K)
[2019-04-15T23:46:25.219+0200][10838,785s] GC(382) CMS: 171782K->171782K(393216K)
[2019-04-15T23:46:25.219+0200][10838,785s] GC(382) Metaspace: 58559K->58559K(1103872K)
[2019-04-15T23:46:25.219+0200][10838,785s] GC(382) Pause Young (Allocation Failure) 260M->172M(490M) 4,278ms
[2019-04-15T23:46:25.219+0200][10838,785s] GC(382) User=0,02s Sys=0,00s Real=0,01s
[2019-04-15T23:46:25.342+0200][10838,908s] GC(383) Pause Young (Allocation Failure)
[2019-04-15T23:46:25.342+0200][10838,908s] GC(383) Using 4 workers of 4 for evacuation
[2019-04-15T23:46:25.346+0200][10838,912s] GC(383) ParNew: 92335K->4548K(109248K)
[2019-04-15T23:46:25.346+0200][10838,912s] GC(383) CMS: 171782K->171782K(393216K)
[2019-04-15T23:46:25.346+0200][10838,912s] GC(383) Metaspace: 58559K->58559K(1103872K)
[2019-04-15T23:46:25.346+0200][10838,912s] GC(383) Pause Young (Allocation Failure) 257M->172M(490M) 3,916ms
[2019-04-15T23:46:25.346+0200][10838,912s] GC(383) User=0,01s Sys=0,00s Real=0,01s
[2019-04-15T23:46:25.499+0200][10839,064s] GC(384) Pause Young (Allocation Failure)
[2019-04-15T23:46:25.499+0200][10839,064s] GC(384) Using 4 workers of 4 for evacuation
[2019-04-15T23:46:25.504+0200][10839,069s] GC(384) ParNew: 91972K->4411K(109248K)
[2019-04-15T23:46:25.504+0200][10839,069s] GC(384) CMS: 171782K->171782K(393216K)
[2019-04-15T23:46:25.504+0200][10839,069s] GC(384) Metaspace: 58559K->58559K(1103872K)
[2019-04-15T23:46:25.504+0200][10839,069s] GC(384) Pause Young (Allocation Failure) 257M->172M(490M) 5,021ms
[2019-04-15T23:46:25.504+0200][10839,069s] GC(384) User=0,01s Sys=0,00s Real=0,00s
[2019-04-15T23:46:25.663+0200][10839,229s] GC(385) Pause Young (Allocation Failure)
[2019-04-15T23:46:25.663+0200][10839,229s] GC(385) Using 4 workers of 4 for evacuation
[2019-04-15T23:46:25.669+0200][10839,235s] GC(385) ParNew: 91835K->4365K(109248K)
[2019-04-15T23:46:25.669+0200][10839,235s] GC(385) CMS: 171782K->171782K(393216K)
[2019-04-15T23:46:25.669+0200][10839,235s] GC(385) Metaspace: 58559K->58559K(1103872K)
[2019-04-15T23:46:25.669+0200][10839,235s] GC(385) Pause Young (Allocation Failure) 257M->172M(490M) 5,729ms
[2019-04-15T23:46:25.669+0200][10839,235s] GC(385) User=0,02s Sys=0,00s Real=0,01s
[2019-04-15T23:46:25.806+0200][10839,371s] GC(386) Pause Young (Allocation Failure)
[2019-04-15T23:46:25.806+0200][10839,371s] GC(386) Using 4 workers of 4 for evacuation
[2019-04-15T23:46:25.810+0200][10839,376s] GC(386) ParNew: 91789K->4464K(109248K)
[2019-04-15T23:46:25.810+0200][10839,376s] GC(386) CMS: 171782K->171782K(393216K)
[2019-04-15T23:46:25.810+0200][10839,376s] GC(386) Metaspace: 58559K->58559K(1103872K)
[2019-04-15T23:46:25.810+0200][10839,376s] GC(386) Pause Young (Allocation Failure) 257M->172M(490M) 4,842ms
[2019-04-15T23:46:25.810+0200][10839,376s] GC(386) User=0,01s Sys=0,00s Real=0,00s
[2019-04-15T23:46:25.933+0200][10839,499s] GC(387) Pause Young (Allocation Failure)
[2019-04-15T23:46:25.933+0200][10839,499s] GC(387) Using 4 workers of 4 for evacuation
[2019-04-15T23:46:25.938+0200][10839,504s] GC(387) ParNew: 91888K->4375K(109248K)
[2019-04-15T23:46:25.938+0200][10839,504s] GC(387) CMS: 171782K->171782K(393216K)
[2019-04-15T23:46:25.938+0200][10839,504s] GC(387) Metaspace: 58559K->58559K(1103872K)
[2019-04-15T23:46:25.938+0200][10839,504s] GC(387) Pause Young (Allocation Failure) 257M->172M(490M) 4,863ms
[2019-04-15T23:46:25.938+0200][10839,504s] GC(387) User=0,02s Sys=0,00s Real=0,01s
[2019-04-15T23:46:26.086+0200][10839,651s] GC(388) Pause Young (Allocation Failure)
[2019-04-15T23:46:26.086+0200][10839,652s] GC(388) Using 4 workers of 4 for evacuation
[2019-04-15T23:46:26.090+0200][10839,656s] GC(388) ParNew: 91799K->4485K(109248K)
[2019-04-15T23:46:26.090+0200][10839,656s] GC(388) CMS: 171782K->171782K(393216K)
[2019-04-15T23:46:26.090+0200][10839,656s] GC(388) Metaspace: 58559K->58559K(1103872K)
[2019-04-15T23:46:26.090+0200][10839,656s] GC(388) Pause Young (Allocation Failure) 257M->172M(490M) 4,717ms
[2019-04-15T23:46:26.090+0200][10839,656s] GC(388) User=0,02s Sys=0,00s Real=0,00s
[2019-04-15T23:46:26.243+0200][10839,809s] GC(389) Pause Young (Allocation Failure)
[2019-04-15T23:46:26.243+0200][10839,809s] GC(389) Using 4 workers of 4 for evacuation
[2019-04-15T23:46:26.268+0200][10839,834s] GC(389) ParNew: 91909K->333K(109248K)
[2019-04-15T23:46:26.268+0200][10839,834s] GC(389) CMS: 171782K->175853K(393216K)
[2019-04-15T23:46:26.268+0200][10839,834s] GC(389) Metaspace: 58559K->58559K(1103872K)
[2019-04-15T23:46:26.268+0200][10839,834s] GC(389) Pause Young (Allocation Failure) 257M->172M(490M) 25,091ms
[2019-04-15T23:46:26.268+0200][10839,834s] GC(389) User=0,06s Sys=0,00s Real=0,03s
[2019-04-15T23:46:26.448+0200][10840,014s] GC(390) Pause Young (Allocation Failure)
[2019-04-15T23:46:26.448+0200][10840,014s] GC(390) Using 4 workers of 4 for evacuation
[2019-04-15T23:46:26.454+0200][10840,019s] GC(390) ParNew: 87757K->322K(109248K)
[2019-04-15T23:46:26.454+0200][10840,019s] GC(390) CMS: 175853K->175853K(393216K)
[2019-04-15T23:46:26.454+0200][10840,019s] GC(390) Metaspace: 58559K->58559K(1103872K)
[2019-04-15T23:46:26.454+0200][10840,019s] GC(390) Pause Young (Allocation Failure) 257M->172M(490M) 5,578ms
[2019-04-15T23:46:26.454+0200][10840,019s] GC(390) User=0,02s Sys=0,00s Real=0,00s
[2019-04-15T23:46:26.606+0200][10840,172s] GC(391) Pause Young (Allocation Failure)
[2019-04-15T23:46:26.606+0200][10840,172s] GC(391) Using 4 workers of 4 for evacuation
[2019-04-15T23:46:26.615+0200][10840,181s] GC(391) ParNew: 87746K->391K(109248K)
[2019-04-15T23:46:26.615+0200][10840,181s] GC(391) CMS: 175853K->175853K(393216K)
[2019-04-15T23:46:26.615+0200][10840,181s] GC(391) Metaspace: 58559K->58559K(1103872K)
[2019-04-15T23:46:26.615+0200][10840,181s] GC(391) Pause Young (Allocation Failure) 257M->172M(490M) 8,935ms
[2019-04-15T23:46:26.615+0200][10840,181s] GC(391) User=0,02s Sys=0,00s Real=0,00s
[2019-04-15T23:46:26.783+0200][10840,349s] GC(392) Pause Young (Allocation Failure)
[2019-04-15T23:46:26.783+0200][10840,349s] GC(392) Using 4 workers of 4 for evacuation
[2019-04-15T23:46:26.788+0200][10840,353s] GC(392) ParNew: 87815K->328K(109248K)
[2019-04-15T23:46:26.788+0200][10840,353s] GC(392) CMS: 175853K->175853K(393216K)
[2019-04-15T23:46:26.788+0200][10840,353s] GC(392) Metaspace: 58559K->58559K(1103872K)
[2019-04-15T23:46:26.788+0200][10840,353s] GC(392) Pause Young (Allocation Failure) 257M->172M(490M) 4,470ms
[2019-04-15T23:46:26.788+0200][10840,353s] GC(392) User=0,01s Sys=0,00s Real=0,01s
[2019-04-15T23:46:26.917+0200][10840,483s] GC(393) Pause Young (Allocation Failure)
[2019-04-15T23:46:26.917+0200][10840,483s] GC(393) Using 4 workers of 4 for evacuation
[2019-04-15T23:46:26.921+0200][10840,487s] GC(393) ParNew: 87752K->312K(109248K)
[2019-04-15T23:46:26.921+0200][10840,487s] GC(393) CMS: 175853K->175853K(393216K)
[2019-04-15T23:46:26.921+0200][10840,487s] GC(393) Metaspace: 58559K->58559K(1103872K)
[2019-04-15T23:46:26.921+0200][10840,487s] GC(393) Pause Young (Allocation Failure) 257M->172M(490M) 4,200ms
[2019-04-15T23:46:26.921+0200][10840,487s] GC(393) User=0,01s Sys=0,00s Real=0,01s
[2019-04-15T23:46:27.053+0200][10840,619s] GC(394) Pause Young (Allocation Failure)
[2019-04-15T23:46:27.053+0200][10840,619s] GC(394) Using 4 workers of 4 for evacuation
[2019-04-15T23:46:27.058+0200][10840,624s] GC(394) ParNew: 87736K->443K(109248K)
[2019-04-15T23:46:27.058+0200][10840,624s] GC(394) CMS: 175853K->175853K(393216K)
[2019-04-15T23:46:27.058+0200][10840,624s] GC(394) Metaspace: 58559K->58559K(1103872K)
[2019-04-15T23:46:27.058+0200][10840,624s] GC(394) Pause Young (Allocation Failure) 257M->172M(490M) 4,676ms
[2019-04-15T23:46:27.058+0200][10840,624s] GC(394) User=0,01s Sys=0,00s Real=0,01s
[2019-04-15T23:46:27.207+0200][10840,773s] GC(395) Pause Young (Allocation Failure)
[2019-04-15T23:46:27.208+0200][10840,774s] GC(395) Using 4 workers of 4 for evacuation
[2019-04-15T23:46:27.211+0200][10840,776s] GC(395) ParNew: 87867K->326K(109248K)
[2019-04-15T23:46:27.211+0200][10840,776s] GC(395) CMS: 175853K->175853K(393216K)
[2019-04-15T23:46:27.211+0200][10840,776s] GC(395) Metaspace: 58559K->58559K(1103872K)
[2019-04-15T23:46:27.211+0200][10840,776s] GC(395) Pause Young (Allocation Failure) 257M->172M(490M) 3,084ms
[2019-04-15T23:46:27.211+0200][10840,776s] GC(395) User=0,01s Sys=0,00s Real=0,00s
[2019-04-15T23:46:27.365+0200][10840,931s] GC(396) Pause Young (Allocation Failure)
[2019-04-15T23:46:27.366+0200][10840,931s] GC(396) Using 4 workers of 4 for evacuation
[2019-04-15T23:46:27.370+0200][10840,936s] GC(396) ParNew: 87750K->441K(109248K)
[2019-04-15T23:46:27.370+0200][10840,936s] GC(396) CMS: 175853K->175853K(393216K)
[2019-04-15T23:46:27.370+0200][10840,936s] GC(396) Metaspace: 58559K->58559K(1103872K)
[2019-04-15T23:46:27.370+0200][10840,936s] GC(396) Pause Young (Allocation Failure) 257M->172M(490M) 4,862ms
[2019-04-15T23:46:27.370+0200][10840,936s] GC(396) User=0,01s Sys=0,00s Real=0,00s
[2019-04-15T23:46:27.517+0200][10841,083s] GC(397) Pause Young (Allocation Failure)
[2019-04-15T23:46:27.517+0200][10841,083s] GC(397) Using 4 workers of 4 for evacuation
[2019-04-15T23:46:27.522+0200][10841,088s] GC(397) ParNew: 87865K->297K(109248K)
[2019-04-15T23:46:27.522+0200][10841,088s] GC(397) CMS: 175853K->175853K(393216K)
[2019-04-15T23:46:27.522+0200][10841,088s] GC(397) Metaspace: 58559K->58559K(1103872K)
[2019-04-15T23:46:27.522+0200][10841,088s] GC(397) Pause Young (Allocation Failure) 257M->172M(490M) 5,036ms
[2019-04-15T23:46:27.522+0200][10841,088s] GC(397) User=0,01s Sys=0,00s Real=0,01s
[2019-04-15T23:46:27.691+0200][10841,257s] GC(398) Pause Young (Allocation Failure)
[2019-04-15T23:46:27.691+0200][10841,257s] GC(398) Using 4 workers of 4 for evacuation
[2019-04-15T23:46:27.696+0200][10841,262s] GC(398) ParNew: 87721K->441K(109248K)
[2019-04-15T23:46:27.696+0200][10841,262s] GC(398) CMS: 175853K->175853K(393216K)
[2019-04-15T23:46:27.696+0200][10841,262s] GC(398) Metaspace: 58559K->58559K(1103872K)
[2019-04-15T23:46:27.696+0200][10841,262s] GC(398) Pause Young (Allocation Failure) 257M->172M(490M) 5,310ms
[2019-04-15T23:46:27.696+0200][10841,262s] GC(398) User=0,02s Sys=0,00s Real=0,00s
[2019-04-15T23:46:27.860+0200][10841,426s] GC(399) Pause Young (Allocation Failure)
[2019-04-15T23:46:27.860+0200][10841,426s] GC(399) Using 4 workers of 4 for evacuation
[2019-04-15T23:46:27.866+0200][10841,432s] GC(399) ParNew: 87865K->297K(109248K)
[2019-04-15T23:46:27.866+0200][10841,432s] GC(399) CMS: 175853K->175853K(393216K)
[2019-04-15T23:46:27.866+0200][10841,432s] GC(399) Metaspace: 58559K->58559K(1103872K)
[2019-04-15T23:46:27.866+0200][10841,432s] GC(399) Pause Young (Allocation Failure) 257M->172M(490M) 6,246ms
[2019-04-15T23:46:27.866+0200][10841,432s] GC(399) User=0,01s Sys=0,00s Real=0,01s
[2019-04-15T23:46:28.047+0200][10841,613s] GC(400) Pause Young (Allocation Failure)
[2019-04-15T23:46:28.047+0200][10841,613s] GC(400) Using 4 workers of 4 for evacuation
[2019-04-15T23:46:28.053+0200][10841,619s] GC(400) ParNew: 87721K->664K(109248K)
[2019-04-15T23:46:28.053+0200][10841,619s] GC(400) CMS: 175853K->175853K(393216K)
[2019-04-15T23:46:28.053+0200][10841,619s] GC(400) Metaspace: 58559K->58559K(1103872K)
[2019-04-15T23:46:28.053+0200][10841,619s] GC(400) Pause Young (Allocation Failure) 257M->172M(490M) 6,426ms
[2019-04-15T23:46:28.053+0200][10841,619s] GC(400) User=0,02s Sys=0,00s Real=0,00s
[2019-04-15T23:46:28.213+0200][10841,779s] GC(401) Pause Young (Allocation Failure)
[2019-04-15T23:46:28.213+0200][10841,779s] GC(401) Using 4 workers of 4 for evacuation
[2019-04-15T23:46:28.218+0200][10841,784s] GC(401) ParNew: 88088K->681K(109248K)
[2019-04-15T23:46:28.218+0200][10841,784s] GC(401) CMS: 175853K->175853K(393216K)
[2019-04-15T23:46:28.218+0200][10841,784s] GC(401) Metaspace: 58559K->58559K(1103872K)
[2019-04-15T23:46:28.218+0200][10841,784s] GC(401) Pause Young (Allocation Failure) 257M->172M(490M) 5,439ms
[2019-04-15T23:46:28.218+0200][10841,784s] GC(401) User=0,02s Sys=0,00s Real=0,01s
[2019-04-15T23:46:28.376+0200][10841,942s] GC(402) Pause Young (Allocation Failure)
[2019-04-15T23:46:28.376+0200][10841,942s] GC(402) Using 4 workers of 4 for evacuation
[2019-04-15T23:46:28.381+0200][10841,947s] GC(402) ParNew: 88105K->641K(109248K)
[2019-04-15T23:46:28.381+0200][10841,947s] GC(402) CMS: 175853K->175853K(393216K)
[2019-04-15T23:46:28.381+0200][10841,947s] GC(402) Metaspace: 58559K->58559K(1103872K)
[2019-04-15T23:46:28.381+0200][10841,947s] GC(402) Pause Young (Allocation Failure) 257M->172M(490M) 4,350ms
[2019-04-15T23:46:28.381+0200][10841,947s] GC(402) User=0,01s Sys=0,00s Real=0,01s
[2019-04-15T23:46:28.536+0200][10842,102s] GC(403) Pause Young (Allocation Failure)
[2019-04-15T23:46:28.536+0200][10842,102s] GC(403) Using 4 workers of 4 for evacuation
[2019-04-15T23:46:28.541+0200][10842,107s] GC(403) ParNew: 88065K->374K(109248K)
[2019-04-15T23:46:28.541+0200][10842,107s] GC(403) CMS: 175853K->175854K(393216K)
[2019-04-15T23:46:28.541+0200][10842,107s] GC(403) Metaspace: 58559K->58559K(1103872K)
[2019-04-15T23:46:28.541+0200][10842,107s] GC(403) Pause Young (Allocation Failure) 257M->172M(490M) 5,064ms
[2019-04-15T23:46:28.541+0200][10842,107s] GC(403) User=0,01s Sys=0,00s Real=0,01s
[2019-04-15T23:46:28.726+0200][10842,292s] GC(404) Pause Young (Allocation Failure)
[2019-04-15T23:46:28.726+0200][10842,292s] GC(404) Using 4 workers of 4 for evacuation
[2019-04-15T23:46:28.736+0200][10842,302s] GC(404) ParNew: 87798K->341K(109248K)
[2019-04-15T23:46:28.736+0200][10842,302s] GC(404) CMS: 175854K->175854K(393216K)
[2019-04-15T23:46:28.736+0200][10842,302s] GC(404) Metaspace: 58559K->58559K(1103872K)
[2019-04-15T23:46:28.736+0200][10842,302s] GC(404) Pause Young (Allocation Failure) 257M->172M(490M) 10,264ms
[2019-04-15T23:46:28.736+0200][10842,302s] GC(404) User=0,03s Sys=0,00s Real=0,00s
[2019-04-15T23:46:28.908+0200][10842,474s] GC(405) Pause Young (Allocation Failure)
[2019-04-15T23:46:28.908+0200][10842,474s] GC(405) Using 4 workers of 4 for evacuation
[2019-04-15T23:46:28.915+0200][10842,481s] GC(405) ParNew: 87765K->355K(109248K)
[2019-04-15T23:46:28.915+0200][10842,481s] GC(405) CMS: 175854K->175854K(393216K)
[2019-04-15T23:46:28.915+0200][10842,481s] GC(405) Metaspace: 58559K->58559K(1103872K)
[2019-04-15T23:46:28.915+0200][10842,481s] GC(405) Pause Young (Allocation Failure) 257M->172M(490M) 6,707ms
[2019-04-15T23:46:28.915+0200][10842,481s] GC(405) User=0,01s Sys=0,00s Real=0,00s
[2019-04-15T23:46:29.087+0200][10842,653s] GC(406) Pause Young (Allocation Failure)
[2019-04-15T23:46:29.087+0200][10842,653s] GC(406) Using 4 workers of 4 for evacuation
[2019-04-15T23:46:29.092+0200][10842,658s] GC(406) ParNew: 87779K->318K(109248K)
[2019-04-15T23:46:29.092+0200][10842,658s] GC(406) CMS: 175854K->175854K(393216K)
[2019-04-15T23:46:29.092+0200][10842,658s] GC(406) Metaspace: 58559K->58559K(1103872K)
[2019-04-15T23:46:29.092+0200][10842,658s] GC(406) Pause Young (Allocation Failure) 257M->172M(490M) 5,237ms
[2019-04-15T23:46:29.092+0200][10842,658s] GC(406) User=0,01s Sys=0,00s Real=0,00s
[2019-04-15T23:46:29.255+0200][10842,821s] GC(407) Pause Young (Allocation Failure)
[2019-04-15T23:46:29.255+0200][10842,821s] GC(407) Using 4 workers of 4 for evacuation
[2019-04-15T23:46:29.262+0200][10842,827s] GC(407) ParNew: 87742K->447K(109248K)
[2019-04-15T23:46:29.262+0200][10842,828s] GC(407) CMS: 175854K->175854K(393216K)
[2019-04-15T23:46:29.262+0200][10842,828s] GC(407) Metaspace: 58559K->58559K(1103872K)
[2019-04-15T23:46:29.262+0200][10842,828s] GC(407) Pause Young (Allocation Failure) 257M->172M(490M) 6,787ms
[2019-04-15T23:46:29.262+0200][10842,828s] GC(407) User=0,02s Sys=0,00s Real=0,01s
[2019-04-15T23:46:29.406+0200][10842,972s] GC(408) Pause Young (Allocation Failure)
[2019-04-15T23:46:29.406+0200][10842,972s] GC(408) Using 4 workers of 4 for evacuation
[2019-04-15T23:46:29.411+0200][10842,977s] GC(408) ParNew: 87871K->538K(109248K)
[2019-04-15T23:46:29.411+0200][10842,977s] GC(408) CMS: 175854K->175854K(393216K)
[2019-04-15T23:46:29.411+0200][10842,977s] GC(408) Metaspace: 58559K->58559K(1103872K)
[2019-04-15T23:46:29.411+0200][10842,977s] GC(408) Pause Young (Allocation Failure) 257M->172M(490M) 4,546ms
[2019-04-15T23:46:29.411+0200][10842,977s] GC(408) User=0,01s Sys=0,00s Real=0,00s
[2019-04-15T23:46:29.545+0200][10843,111s] GC(409) Pause Young (Allocation Failure)
[2019-04-15T23:46:29.545+0200][10843,111s] GC(409) Using 4 workers of 4 for evacuation
[2019-04-15T23:46:29.550+0200][10843,116s] GC(409) ParNew: 87962K->472K(109248K)
[2019-04-15T23:46:29.550+0200][10843,116s] GC(409) CMS: 175854K->175855K(393216K)
[2019-04-15T23:46:29.550+0200][10843,116s] GC(409) Metaspace: 58559K->58559K(1103872K)
[2019-04-15T23:46:29.550+0200][10843,116s] GC(409) Pause Young (Allocation Failure) 257M->172M(490M) 5,303ms
[2019-04-15T23:46:29.550+0200][10843,116s] GC(409) User=0,02s Sys=0,00s Real=0,01s
[2019-04-15T23:46:29.770+0200][10843,335s] GC(410) Pause Young (Allocation Failure)
[2019-04-15T23:46:29.770+0200][10843,336s] GC(410) Using 4 workers of 4 for evacuation
[2019-04-15T23:46:29.776+0200][10843,341s] GC(410) ParNew: 87896K->498K(109248K)
[2019-04-15T23:46:29.776+0200][10843,341s] GC(410) CMS: 175855K->175855K(393216K)
[2019-04-15T23:46:29.776+0200][10843,341s] GC(410) Metaspace: 58559K->58559K(1103872K)
[2019-04-15T23:46:29.776+0200][10843,341s] GC(410) Pause Young (Allocation Failure) 257M->172M(490M) 5,929ms
[2019-04-15T23:46:29.776+0200][10843,341s] GC(410) User=0,01s Sys=0,00s Real=0,00s
[2019-04-15T23:46:30.020+0200][10843,586s] GC(411) Pause Young (Allocation Failure)
[2019-04-15T23:46:30.020+0200][10843,586s] GC(411) Using 4 workers of 4 for evacuation
[2019-04-15T23:46:30.029+0200][10843,595s] GC(411) ParNew: 87922K->838K(109248K)
[2019-04-15T23:46:30.029+0200][10843,595s] GC(411) CMS: 175855K->175855K(393216K)
[2019-04-15T23:46:30.029+0200][10843,595s] GC(411) Metaspace: 58559K->58559K(1103872K)
[2019-04-15T23:46:30.029+0200][10843,595s] GC(411) Pause Young (Allocation Failure) 257M->172M(490M) 9,116ms
[2019-04-15T23:46:30.029+0200][10843,595s] GC(411) User=0,02s Sys=0,00s Real=0,01s
[2019-04-15T23:46:30.264+0200][10843,830s] GC(412) Pause Young (Allocation Failure)
[2019-04-15T23:46:30.264+0200][10843,830s] GC(412) Using 4 workers of 4 for evacuation
[2019-04-15T23:46:30.269+0200][10843,835s] GC(412) ParNew: 88262K->395K(109248K)
[2019-04-15T23:46:30.269+0200][10843,835s] GC(412) CMS: 175855K->175855K(393216K)
[2019-04-15T23:46:30.269+0200][10843,835s] GC(412) Metaspace: 58559K->58559K(1103872K)
[2019-04-15T23:46:30.269+0200][10843,835s] GC(412) Pause Young (Allocation Failure) 257M->172M(490M) 5,014ms
[2019-04-15T23:46:30.269+0200][10843,835s] GC(412) User=0,01s Sys=0,00s Real=0,01s
[2019-04-15T23:46:30.451+0200][10844,017s] GC(413) Pause Young (Allocation Failure)
[2019-04-15T23:46:30.451+0200][10844,017s] GC(413) Using 4 workers of 4 for evacuation
[2019-04-15T23:46:30.466+0200][10844,031s] GC(413) ParNew: 87819K->711K(109248K)
[2019-04-15T23:46:30.466+0200][10844,031s] GC(413) CMS: 175855K->175855K(393216K)
[2019-04-15T23:46:30.466+0200][10844,031s] GC(413) Metaspace: 58559K->58559K(1103872K)
[2019-04-15T23:46:30.466+0200][10844,031s] GC(413) Pause Young (Allocation Failure) 257M->172M(490M) 14,496ms
[2019-04-15T23:46:30.466+0200][10844,031s] GC(413) User=0,03s Sys=0,00s Real=0,02s
[2019-04-15T23:46:30.662+0200][10844,228s] GC(414) Pause Young (Allocation Failure)
[2019-04-15T23:46:30.662+0200][10844,228s] GC(414) Using 4 workers of 4 for evacuation
[2019-04-15T23:46:30.666+0200][10844,232s] GC(414) ParNew: 88135K->682K(109248K)
[2019-04-15T23:46:30.666+0200][10844,232s] GC(414) CMS: 175855K->175856K(393216K)
[2019-04-15T23:46:30.666+0200][10844,232s] GC(414) Metaspace: 58559K->58559K(1103872K)
[2019-04-15T23:46:30.666+0200][10844,232s] GC(414) Pause Young (Allocation Failure) 257M->172M(490M) 4,386ms
[2019-04-15T23:46:30.666+0200][10844,232s] GC(414) User=0,01s Sys=0,00s Real=0,01s
[2019-04-15T23:46:30.847+0200][10844,413s] GC(415) Pause Young (Allocation Failure)
[2019-04-15T23:46:30.848+0200][10844,413s] GC(415) Using 4 workers of 4 for evacuation
[2019-04-15T23:46:30.852+0200][10844,418s] GC(415) ParNew: 88106K->425K(109248K)
[2019-04-15T23:46:30.852+0200][10844,418s] GC(415) CMS: 175856K->175856K(393216K)
[2019-04-15T23:46:30.852+0200][10844,418s] GC(415) Metaspace: 58559K->58559K(1103872K)
[2019-04-15T23:46:30.852+0200][10844,418s] GC(415) Pause Young (Allocation Failure) 257M->172M(490M) 4,319ms
[2019-04-15T23:46:30.852+0200][10844,418s] GC(415) User=0,02s Sys=0,00s Real=0,00s
[2019-04-15T23:46:31.020+0200][10844,585s] GC(416) Pause Young (Allocation Failure)
[2019-04-15T23:46:31.020+0200][10844,585s] GC(416) Using 4 workers of 4 for evacuation
[2019-04-15T23:46:31.027+0200][10844,593s] GC(416) ParNew: 87849K->359K(109248K)
[2019-04-15T23:46:31.027+0200][10844,593s] GC(416) CMS: 175856K->175856K(393216K)
[2019-04-15T23:46:31.027+0200][10844,593s] GC(416) Metaspace: 58559K->58559K(1103872K)
[2019-04-15T23:46:31.027+0200][10844,593s] GC(416) Pause Young (Allocation Failure) 257M->172M(490M) 7,337ms
[2019-04-15T23:46:31.027+0200][10844,593s] GC(416) User=0,02s Sys=0,00s Real=0,01s
[2019-04-15T23:46:31.217+0200][10844,782s] GC(417) Pause Young (Allocation Failure)
[2019-04-15T23:46:31.217+0200][10844,783s] GC(417) Using 4 workers of 4 for evacuation
[2019-04-15T23:46:31.222+0200][10844,788s] GC(417) ParNew: 87783K->457K(109248K)
[2019-04-15T23:46:31.222+0200][10844,788s] GC(417) CMS: 175856K->175856K(393216K)
[2019-04-15T23:46:31.222+0200][10844,788s] GC(417) Metaspace: 58559K->58559K(1103872K)
[2019-04-15T23:46:31.222+0200][10844,788s] GC(417) Pause Young (Allocation Failure) 257M->172M(490M) 5,132ms
[2019-04-15T23:46:31.222+0200][10844,788s] GC(417) User=0,02s Sys=0,00s Real=0,01s
[2019-04-15T23:46:31.379+0200][10844,945s] GC(418) Pause Young (Allocation Failure)
[2019-04-15T23:46:31.379+0200][10844,945s] GC(418) Using 4 workers of 4 for evacuation
[2019-04-15T23:46:31.384+0200][10844,949s] GC(418) ParNew: 87881K->422K(109248K)
[2019-04-15T23:46:31.384+0200][10844,949s] GC(418) CMS: 175856K->175884K(393216K)
[2019-04-15T23:46:31.384+0200][10844,949s] GC(418) Metaspace: 58559K->58559K(1103872K)
[2019-04-15T23:46:31.384+0200][10844,949s] GC(418) Pause Young (Allocation Failure) 257M->172M(490M) 4,829ms
[2019-04-15T23:46:31.384+0200][10844,950s] GC(418) User=0,02s Sys=0,00s Real=0,00s
[2019-04-15T23:46:31.545+0200][10845,111s] GC(419) Pause Young (Allocation Failure)
[2019-04-15T23:46:31.545+0200][10845,111s] GC(419) Using 4 workers of 4 for evacuation
[2019-04-15T23:46:31.549+0200][10845,115s] GC(419) ParNew: 87846K->418K(109248K)
[2019-04-15T23:46:31.549+0200][10845,115s] GC(419) CMS: 175884K->175884K(393216K)
[2019-04-15T23:46:31.549+0200][10845,115s] GC(419) Metaspace: 58559K->58559K(1103872K)
[2019-04-15T23:46:31.549+0200][10845,115s] GC(419) Pause Young (Allocation Failure) 257M->172M(490M) 3,866ms
[2019-04-15T23:46:31.549+0200][10845,115s] GC(419) User=0,01s Sys=0,00s Real=0,01s
[2019-04-15T23:46:31.710+0200][10845,276s] GC(420) Pause Young (Allocation Failure)
[2019-04-15T23:46:31.710+0200][10845,276s] GC(420) Using 4 workers of 4 for evacuation
[2019-04-15T23:46:31.716+0200][10845,282s] GC(420) ParNew: 87842K->404K(109248K)
[2019-04-15T23:46:31.716+0200][10845,282s] GC(420) CMS: 175884K->175908K(393216K)
[2019-04-15T23:46:31.716+0200][10845,282s] GC(420) Metaspace: 58559K->58559K(1103872K)
[2019-04-15T23:46:31.716+0200][10845,282s] GC(420) Pause Young (Allocation Failure) 257M->172M(490M) 5,672ms
[2019-04-15T23:46:31.716+0200][10845,282s] GC(420) User=0,02s Sys=0,00s Real=0,00s
[2019-04-15T23:46:31.926+0200][10845,492s] GC(421) Pause Young (Allocation Failure)
[2019-04-15T23:46:31.926+0200][10845,492s] GC(421) Using 4 workers of 4 for evacuation
[2019-04-15T23:46:31.931+0200][10845,496s] GC(421) ParNew: 87828K->407K(109248K)
[2019-04-15T23:46:31.931+0200][10845,496s] GC(421) CMS: 175908K->175908K(393216K)
[2019-04-15T23:46:31.931+0200][10845,496s] GC(421) Metaspace: 58559K->58559K(1103872K)
[2019-04-15T23:46:31.931+0200][10845,496s] GC(421) Pause Young (Allocation Failure) 257M->172M(490M) 4,845ms
[2019-04-15T23:46:31.931+0200][10845,496s] GC(421) User=0,01s Sys=0,00s Real=0,00s
[2019-04-15T23:46:32.084+0200][10845,650s] GC(422) Pause Young (Allocation Failure)
[2019-04-15T23:46:32.084+0200][10845,650s] GC(422) Using 4 workers of 4 for evacuation
[2019-04-15T23:46:32.089+0200][10845,655s] GC(422) ParNew: 87831K->405K(109248K)
[2019-04-15T23:46:32.089+0200][10845,655s] GC(422) CMS: 175908K->175928K(393216K)
[2019-04-15T23:46:32.089+0200][10845,655s] GC(422) Metaspace: 58559K->58559K(1103872K)
[2019-04-15T23:46:32.089+0200][10845,655s] GC(422) Pause Young (Allocation Failure) 257M->172M(490M) 5,478ms
[2019-04-15T23:46:32.089+0200][10845,655s] GC(422) User=0,02s Sys=0,00s Real=0,01s
[2019-04-15T23:46:32.246+0200][10845,812s] GC(423) Pause Young (Allocation Failure)
[2019-04-15T23:46:32.246+0200][10845,812s] GC(423) Using 4 workers of 4 for evacuation
[2019-04-15T23:46:32.250+0200][10845,816s] GC(423) ParNew: 87829K->358K(109248K)
[2019-04-15T23:46:32.250+0200][10845,816s] GC(423) CMS: 175928K->175929K(393216K)
[2019-04-15T23:46:32.250+0200][10845,816s] GC(423) Metaspace: 58559K->58559K(1103872K)
[2019-04-15T23:46:32.250+0200][10845,816s] GC(423) Pause Young (Allocation Failure) 257M->172M(490M) 4,240ms
[2019-04-15T23:46:32.250+0200][10845,816s] GC(423) User=0,01s Sys=0,00s Real=0,00s
[2019-04-15T23:46:32.426+0200][10845,992s] GC(424) Pause Young (Allocation Failure)
[2019-04-15T23:46:32.426+0200][10845,992s] GC(424) Using 4 workers of 4 for evacuation
[2019-04-15T23:46:32.431+0200][10845,997s] GC(424) ParNew: 87782K->467K(109248K)
[2019-04-15T23:46:32.431+0200][10845,997s] GC(424) CMS: 175929K->175929K(393216K)
[2019-04-15T23:46:32.431+0200][10845,997s] GC(424) Metaspace: 58559K->58559K(1103872K)
[2019-04-15T23:46:32.431+0200][10845,997s] GC(424) Pause Young (Allocation Failure) 257M->172M(490M) 4,746ms
[2019-04-15T23:46:32.431+0200][10845,997s] GC(424) User=0,02s Sys=0,00s Real=0,00s
[2019-04-15T23:46:32.589+0200][10846,154s] GC(425) Pause Young (Allocation Failure)
[2019-04-15T23:46:32.589+0200][10846,155s] GC(425) Using 4 workers of 4 for evacuation
[2019-04-15T23:46:32.593+0200][10846,159s] GC(425) ParNew: 87891K->413K(109248K)
[2019-04-15T23:46:32.594+0200][10846,159s] GC(425) CMS: 175929K->175940K(393216K)
[2019-04-15T23:46:32.594+0200][10846,159s] GC(425) Metaspace: 58559K->58559K(1103872K)
[2019-04-15T23:46:32.594+0200][10846,159s] GC(425) Pause Young (Allocation Failure) 257M->172M(490M) 4,879ms
[2019-04-15T23:46:32.594+0200][10846,159s] GC(425) User=0,01s Sys=0,00s Real=0,00s
[2019-04-15T23:46:32.782+0200][10846,348s] GC(426) Pause Young (Allocation Failure)
[2019-04-15T23:46:32.782+0200][10846,348s] GC(426) Using 4 workers of 4 for evacuation
[2019-04-15T23:46:32.788+0200][10846,354s] GC(426) ParNew: 87837K->334K(109248K)
[2019-04-15T23:46:32.788+0200][10846,354s] GC(426) CMS: 175940K->175951K(393216K)
[2019-04-15T23:46:32.788+0200][10846,354s] GC(426) Metaspace: 58559K->58559K(1103872K)
[2019-04-15T23:46:32.788+0200][10846,354s] GC(426) Pause Young (Allocation Failure) 257M->172M(490M) 5,403ms
[2019-04-15T23:46:32.788+0200][10846,354s] GC(426) User=0,01s Sys=0,00s Real=0,01s
[2019-04-15T23:46:32.931+0200][10846,497s] GC(427) Pause Young (Allocation Failure)
[2019-04-15T23:46:32.931+0200][10846,497s] GC(427) Using 4 workers of 4 for evacuation
[2019-04-15T23:46:32.937+0200][10846,503s] GC(427) ParNew: 87758K->423K(109248K)
[2019-04-15T23:46:32.937+0200][10846,503s] GC(427) CMS: 175951K->175951K(393216K)
[2019-04-15T23:46:32.937+0200][10846,503s] GC(427) Metaspace: 58559K->58559K(1103872K)
[2019-04-15T23:46:32.937+0200][10846,503s] GC(427) Pause Young (Allocation Failure) 257M->172M(490M) 5,584ms
[2019-04-15T23:46:32.937+0200][10846,503s] GC(427) User=0,01s Sys=0,01s Real=0,00s
[2019-04-15T23:46:33.100+0200][10846,666s] GC(428) Pause Young (Allocation Failure)
[2019-04-15T23:46:33.100+0200][10846,666s] GC(428) Using 4 workers of 4 for evacuation
[2019-04-15T23:46:33.107+0200][10846,673s] GC(428) ParNew: 87847K->368K(109248K)
[2019-04-15T23:46:33.107+0200][10846,673s] GC(428) CMS: 175951K->175961K(393216K)
[2019-04-15T23:46:33.107+0200][10846,673s] GC(428) Metaspace: 58559K->58559K(1103872K)
[2019-04-15T23:46:33.107+0200][10846,673s] GC(428) Pause Young (Allocation Failure) 257M->172M(490M) 6,833ms
[2019-04-15T23:46:33.107+0200][10846,673s] GC(428) User=0,01s Sys=0,00s Real=0,01s
[2019-04-15T23:46:33.380+0200][10846,946s] GC(429) Pause Young (Allocation Failure)
[2019-04-15T23:46:33.380+0200][10846,946s] GC(429) Using 4 workers of 4 for evacuation
[2019-04-15T23:46:33.387+0200][10846,953s] GC(429) ParNew: 87792K->362K(109248K)
[2019-04-15T23:46:33.387+0200][10846,953s] GC(429) CMS: 175961K->175971K(393216K)
[2019-04-15T23:46:33.387+0200][10846,953s] GC(429) Metaspace: 58559K->58559K(1103872K)
[2019-04-15T23:46:33.387+0200][10846,953s] GC(429) Pause Young (Allocation Failure) 257M->172M(490M) 7,573ms
[2019-04-15T23:46:33.387+0200][10846,953s] GC(429) User=0,01s Sys=0,00s Real=0,01s
[2019-04-15T23:46:33.657+0200][10847,223s] GC(430) Pause Young (Allocation Failure)
[2019-04-15T23:46:33.657+0200][10847,223s] GC(430) Using 4 workers of 4 for evacuation
[2019-04-15T23:46:33.670+0200][10847,236s] GC(430) ParNew: 87786K->5751K(109248K)
[2019-04-15T23:46:33.670+0200][10847,236s] GC(430) CMS: 175971K->175982K(393216K)
[2019-04-15T23:46:33.670+0200][10847,236s] GC(430) Metaspace: 58559K->58559K(1103872K)
[2019-04-15T23:46:33.670+0200][10847,236s] GC(430) Pause Young (Allocation Failure) 257M->177M(490M) 13,013ms
[2019-04-15T23:46:33.670+0200][10847,236s] GC(430) User=0,02s Sys=0,00s Real=0,02s
[2019-04-15T23:47:01.507+0200][10875,073s] GC(431) Pause Young (Allocation Failure)
[2019-04-15T23:47:01.508+0200][10875,074s] GC(431) Using 4 workers of 4 for evacuation
[2019-04-15T23:47:01.567+0200][10875,133s] GC(431) ParNew: 93175K->4251K(109248K)
[2019-04-15T23:47:01.567+0200][10875,133s] GC(431) CMS: 175982K->175983K(393216K)
[2019-04-15T23:47:01.567+0200][10875,133s] GC(431) Metaspace: 58559K->58559K(1103872K)
[2019-04-15T23:47:01.567+0200][10875,133s] GC(431) Pause Young (Allocation Failure) 262M->176M(490M) 60,232ms
[2019-04-15T23:47:01.567+0200][10875,133s] GC(431) User=0,01s Sys=0,03s Real=0,06s
[2019-04-15T23:47:05.019+0200][10878,585s] GC(432) Pause Young (Allocation Failure)
[2019-04-15T23:47:05.019+0200][10878,585s] GC(432) Using 4 workers of 4 for evacuation
[2019-04-15T23:47:05.025+0200][10878,591s] GC(432) ParNew: 91675K->1087K(109248K)
[2019-04-15T23:47:05.025+0200][10878,591s] GC(432) CMS: 175983K->175983K(393216K)
[2019-04-15T23:47:05.025+0200][10878,591s] GC(432) Metaspace: 58559K->58559K(1103872K)
[2019-04-15T23:47:05.025+0200][10878,591s] GC(432) Pause Young (Allocation Failure) 261M->172M(490M) 6,198ms
[2019-04-15T23:47:05.025+0200][10878,591s] GC(432) User=0,02s Sys=0,00s Real=0,01s
[2019-04-15T23:47:05.391+0200][10878,957s] GC(433) Pause Young (Allocation Failure)
[2019-04-15T23:47:05.391+0200][10878,957s] GC(433) Using 4 workers of 4 for evacuation
[2019-04-15T23:47:05.397+0200][10878,963s] GC(433) ParNew: 88511K->457K(109248K)
[2019-04-15T23:47:05.397+0200][10878,963s] GC(433) CMS: 175983K->175983K(393216K)
[2019-04-15T23:47:05.397+0200][10878,963s] GC(433) Metaspace: 58559K->58559K(1103872K)
[2019-04-15T23:47:05.397+0200][10878,963s] GC(433) Pause Young (Allocation Failure) 258M->172M(490M) 5,990ms
[2019-04-15T23:47:05.397+0200][10878,963s] GC(433) User=0,01s Sys=0,00s Real=0,00s
[2019-04-16T00:12:03.242+0200][12371,699s] GC(434) Pause Young (Allocation Failure)
[2019-04-16T00:12:03.242+0200][12371,699s] GC(434) Using 4 workers of 4 for evacuation
[2019-04-16T00:12:03.255+0200][12371,712s] GC(434) ParNew: 87881K->2400K(109248K)
[2019-04-16T00:12:03.255+0200][12371,713s] GC(434) CMS: 175983K->175983K(393216K)
[2019-04-16T00:12:03.255+0200][12371,713s] GC(434) Metaspace: 58685K->58685K(1103872K)
[2019-04-16T00:12:03.255+0200][12371,713s] GC(434) Pause Young (Allocation Failure) 257M->174M(490M) 13,715ms
[2019-04-16T00:12:03.255+0200][12371,713s] GC(434) User=0,04s Sys=0,00s Real=0,02s
