[2019-04-15T13:27:33.165+0200][0.047s] Using Concurrent Mark Sweep
[2019-04-15T13:27:33.165+0200][0.047s] Heap address: 0x00000000e0000000, size: 512 MB, Compressed Oops mode: 32-bit
[2019-04-15T13:27:35.196+0200][2,078s] GC(0) Pause Initial Mark
[2019-04-15T13:27:35.209+0200][2,092s] GC(0) Pause Initial Mark 59M->59M(490M) 13,413ms
[2019-04-15T13:27:35.210+0200][2,092s] GC(0) User=0,01s Sys=0,00s Real=0,01s
[2019-04-15T13:27:35.210+0200][2,092s] GC(0) Concurrent Mark
[2019-04-15T13:27:35.210+0200][2,092s] GC(0) Using 4 workers of 4 for marking
[2019-04-15T13:27:35.211+0200][2,093s] GC(0) Concurrent Mark 1,671ms
[2019-04-15T13:27:35.211+0200][2,093s] GC(0) User=0,01s Sys=0,00s Real=0,00s
[2019-04-15T13:27:35.211+0200][2,093s] GC(0) Concurrent Preclean
[2019-04-15T13:27:35.212+0200][2,094s] GC(0) Concurrent Preclean 1,008ms
[2019-04-15T13:27:35.212+0200][2,094s] GC(0) User=0,00s Sys=0,00s Real=0,00s
[2019-04-15T13:27:35.212+0200][2,094s] GC(0) Concurrent Abortable Preclean
[2019-04-15T13:27:35.567+0200][2,449s] GC(1) Pause Young (Allocation Failure)
[2019-04-15T13:27:35.567+0200][2,449s] GC(1) Using 4 workers of 4 for evacuation
[2019-04-15T13:27:35.583+0200][2,465s] GC(1) ParNew: 87424K->11044K(109248K)
[2019-04-15T13:27:35.583+0200][2,465s] GC(1) CMS: 0K->0K(393216K)
[2019-04-15T13:27:35.583+0200][2,465s] GC(1) Metaspace: 23780K->23780K(1071104K)
[2019-04-15T13:27:35.583+0200][2,465s] GC(1) Pause Young (Allocation Failure) 85M->10M(490M) 15,793ms
[2019-04-15T13:27:35.583+0200][2,465s] GC(1) User=0,04s Sys=0,01s Real=0,01s
[2019-04-15T13:27:36.367+0200][3,249s] GC(0) Concurrent Abortable Preclean 1154,504ms
[2019-04-15T13:27:36.367+0200][3,249s] GC(0) User=2,33s Sys=0,18s Real=1,16s
[2019-04-15T13:27:36.367+0200][3,249s] GC(0) Pause Remark
[2019-04-15T13:27:36.367+0200][3,249s] GC(2) Pause Young (CMS Final Remark)
[2019-04-15T13:27:36.367+0200][3,249s] GC(2) Using 4 workers of 4 for evacuation
[2019-04-15T13:27:36.385+0200][3,267s] GC(2) ParNew: 56339K->14132K(109248K)
[2019-04-15T13:27:36.385+0200][3,267s] GC(2) CMS: 0K->0K(393216K)
[2019-04-15T13:27:36.385+0200][3,267s] GC(2) Metaspace: 28401K->28401K(1075200K)
[2019-04-15T13:27:36.385+0200][3,267s] GC(2) Pause Young (CMS Final Remark) 55M->13M(490M) 18,172ms
[2019-04-15T13:27:36.385+0200][3,267s] GC(2) User=0,04s Sys=0,01s Real=0,02s
[2019-04-15T13:27:36.405+0200][3,287s] GC(0) Pause Remark 55M->13M(490M) 37,507ms
[2019-04-15T13:27:36.405+0200][3,287s] GC(0) User=0,07s Sys=0,01s Real=0,03s
[2019-04-15T13:27:36.405+0200][3,287s] GC(0) Concurrent Sweep
[2019-04-15T13:27:36.405+0200][3,287s] GC(0) Concurrent Sweep 0,034ms
[2019-04-15T13:27:36.405+0200][3,287s] GC(0) User=0,00s Sys=0,00s Real=0,00s
[2019-04-15T13:27:36.405+0200][3,287s] GC(0) Concurrent Reset
[2019-04-15T13:27:36.408+0200][3,291s] GC(0) Concurrent Reset 3,542ms
[2019-04-15T13:27:36.409+0200][3,291s] GC(0) User=0,00s Sys=0,00s Real=0,00s
[2019-04-15T13:27:36.409+0200][3,291s] GC(0) Old: 0K->0K(393216K)
[2019-04-15T13:27:36.866+0200][3,748s] GC(3) Pause Young (Allocation Failure)
[2019-04-15T13:27:36.866+0200][3,748s] GC(3) Using 4 workers of 4 for evacuation
[2019-04-15T13:27:36.900+0200][3,782s] GC(3) ParNew: 101466K->21824K(109248K)
[2019-04-15T13:27:36.900+0200][3,782s] GC(3) CMS: 0K->11679K(393216K)
[2019-04-15T13:27:36.900+0200][3,782s] GC(3) Metaspace: 32136K->32136K(1079296K)
[2019-04-15T13:27:36.900+0200][3,782s] GC(3) Pause Young (Allocation Failure) 99M->32M(490M) 33,813ms
[2019-04-15T13:27:36.900+0200][3,782s] GC(3) User=0,06s Sys=0,01s Real=0,03s
[2019-04-15T13:27:53.480+0200][20,362s] GC(4) Pause Young (Allocation Failure)
[2019-04-15T13:27:53.480+0200][20,362s] GC(4) Using 4 workers of 4 for evacuation
[2019-04-15T13:27:53.511+0200][20,393s] GC(4) ParNew: 109248K->21824K(109248K)
[2019-04-15T13:27:53.511+0200][20,393s] GC(4) CMS: 11679K->33069K(393216K)
[2019-04-15T13:27:53.511+0200][20,393s] GC(4) Metaspace: 36986K->36986K(1083392K)
[2019-04-15T13:27:53.511+0200][20,393s] GC(4) Pause Young (Allocation Failure) 118M->53M(490M) 31,585ms
[2019-04-15T13:27:53.511+0200][20,393s] GC(4) User=0,06s Sys=0,01s Real=0,03s
[2019-04-15T13:27:54.271+0200][21,153s] GC(5) Pause Young (Allocation Failure)
[2019-04-15T13:27:54.271+0200][21,153s] GC(5) Using 4 workers of 4 for evacuation
[2019-04-15T13:27:54.291+0200][21,173s] GC(5) ParNew: 109243K->21824K(109248K)
[2019-04-15T13:27:54.292+0200][21,174s] GC(5) CMS: 33069K->33069K(393216K)
[2019-04-15T13:27:54.292+0200][21,174s] GC(5) Metaspace: 40631K->40631K(1087488K)
[2019-04-15T13:27:54.292+0200][21,174s] GC(5) Pause Young (Allocation Failure) 138M->53M(490M) 20,425ms
[2019-04-15T13:27:54.292+0200][21,174s] GC(5) User=0,06s Sys=0,00s Real=0,02s
[2019-04-15T13:27:54.581+0200][21,463s] GC(6) Pause Young (Allocation Failure)
[2019-04-15T13:27:54.581+0200][21,463s] GC(6) Using 4 workers of 4 for evacuation
[2019-04-15T13:27:54.604+0200][21,486s] GC(6) ParNew: 109248K->21824K(109248K)
[2019-04-15T13:27:54.604+0200][21,486s] GC(6) CMS: 33069K->36381K(393216K)
[2019-04-15T13:27:54.604+0200][21,486s] GC(6) Metaspace: 41761K->41761K(1087488K)
[2019-04-15T13:27:54.604+0200][21,486s] GC(6) Pause Young (Allocation Failure) 138M->56M(490M) 23,067ms
[2019-04-15T13:27:54.604+0200][21,486s] GC(6) User=0,04s Sys=0,01s Real=0,02s
[2019-04-15T13:27:55.239+0200][22,121s] GC(7) Pause Young (Allocation Failure)
[2019-04-15T13:27:55.239+0200][22,121s] GC(7) Using 4 workers of 4 for evacuation
[2019-04-15T13:27:55.253+0200][22,135s] GC(7) ParNew: 109248K->20624K(109248K)
[2019-04-15T13:27:55.254+0200][22,136s] GC(7) CMS: 36381K->36381K(393216K)
[2019-04-15T13:27:55.254+0200][22,136s] GC(7) Metaspace: 43727K->43727K(1089536K)
[2019-04-15T13:27:55.254+0200][22,136s] GC(7) Pause Young (Allocation Failure) 142M->55M(490M) 14,674ms
[2019-04-15T13:27:55.254+0200][22,136s] GC(7) User=0,04s Sys=0,00s Real=0,02s
[2019-04-15T13:27:55.400+0200][22,282s] GC(8) Pause Young (Allocation Failure)
[2019-04-15T13:27:55.401+0200][22,283s] GC(8) Using 4 workers of 4 for evacuation
[2019-04-15T13:27:55.420+0200][22,302s] GC(8) ParNew: 108048K->20721K(109248K)
[2019-04-15T13:27:55.420+0200][22,302s] GC(8) CMS: 36381K->36381K(393216K)
[2019-04-15T13:27:55.420+0200][22,302s] GC(8) Metaspace: 43775K->43775K(1089536K)
[2019-04-15T13:27:55.420+0200][22,302s] GC(8) Pause Young (Allocation Failure) 141M->55M(490M) 19,975ms
[2019-04-15T13:27:55.420+0200][22,302s] GC(8) User=0,06s Sys=0,00s Real=0,02s
[2019-04-15T13:27:55.530+0200][22,412s] GC(9) Pause Young (Allocation Failure)
[2019-04-15T13:27:55.530+0200][22,412s] GC(9) Using 4 workers of 4 for evacuation
[2019-04-15T13:27:55.548+0200][22,430s] GC(9) ParNew: 108145K->21824K(109248K)
[2019-04-15T13:27:55.548+0200][22,430s] GC(9) CMS: 36381K->37180K(393216K)
[2019-04-15T13:27:55.548+0200][22,430s] GC(9) Metaspace: 43818K->43818K(1089536K)
[2019-04-15T13:27:55.548+0200][22,430s] GC(9) Pause Young (Allocation Failure) 141M->57M(490M) 18,507ms
[2019-04-15T13:27:55.548+0200][22,430s] GC(9) User=0,05s Sys=0,00s Real=0,02s
[2019-04-15T13:27:56.287+0200][23,169s] GC(10) Pause Young (Allocation Failure)
[2019-04-15T13:27:56.287+0200][23,169s] GC(10) Using 4 workers of 4 for evacuation
[2019-04-15T13:27:56.324+0200][23,206s] GC(10) ParNew: 109248K->21824K(109248K)
[2019-04-15T13:27:56.324+0200][23,206s] GC(10) CMS: 37180K->37605K(393216K)
[2019-04-15T13:27:56.324+0200][23,206s] GC(10) Metaspace: 47152K->47152K(1093632K)
[2019-04-15T13:27:56.324+0200][23,206s] GC(10) Pause Young (Allocation Failure) 142M->58M(490M) 37,171ms
[2019-04-15T13:27:56.324+0200][23,206s] GC(10) User=0,11s Sys=0,00s Real=0,03s
[2019-04-15T13:27:56.918+0200][23,800s] GC(11) Pause Young (Allocation Failure)
[2019-04-15T13:27:56.918+0200][23,800s] GC(11) Using 4 workers of 4 for evacuation
[2019-04-15T13:27:56.975+0200][23,857s] GC(11) ParNew: 109194K->21824K(109248K)
[2019-04-15T13:27:56.975+0200][23,857s] GC(11) CMS: 37605K->48793K(393216K)
[2019-04-15T13:27:56.975+0200][23,857s] GC(11) Metaspace: 50437K->50437K(1095680K)
[2019-04-15T13:27:56.975+0200][23,857s] GC(11) Pause Young (Allocation Failure) 143M->68M(490M) 57,268ms
[2019-04-15T13:27:56.975+0200][23,857s] GC(11) User=0,11s Sys=0,02s Real=0,06s
[2019-04-15T13:27:56.978+0200][23,860s] GC(12) Pause Initial Mark
[2019-04-15T13:27:56.985+0200][23,867s] GC(12) Pause Initial Mark 71M->71M(490M) 7,192ms
[2019-04-15T13:27:56.985+0200][23,867s] GC(12) User=0,02s Sys=0,00s Real=0,00s
[2019-04-15T13:27:56.985+0200][23,867s] GC(12) Concurrent Mark
[2019-04-15T13:27:56.985+0200][23,867s] GC(12) Using 4 workers of 4 for marking
[2019-04-15T13:27:56.998+0200][23,880s] GC(12) Concurrent Mark 12,636ms
[2019-04-15T13:27:56.998+0200][23,880s] GC(12) User=0,04s Sys=0,00s Real=0,02s
[2019-04-15T13:27:56.998+0200][23,880s] GC(12) Concurrent Preclean
[2019-04-15T13:27:56.999+0200][23,881s] GC(12) Concurrent Preclean 1,108ms
[2019-04-15T13:27:56.999+0200][23,881s] GC(12) User=0,00s Sys=0,00s Real=0,00s
[2019-04-15T13:27:56.999+0200][23,881s] GC(12) Concurrent Abortable Preclean
[2019-04-15T13:27:59.175+0200][26,057s] GC(12) Concurrent Abortable Preclean 2176,707ms
[2019-04-15T13:27:59.175+0200][26,057s] GC(12) User=2,59s Sys=0,08s Real=2,18s
[2019-04-15T13:27:59.179+0200][26,061s] GC(12) Pause Remark
[2019-04-15T13:27:59.179+0200][26,061s] GC(13) Pause Young (CMS Final Remark)
[2019-04-15T13:27:59.179+0200][26,061s] GC(13) Using 4 workers of 4 for evacuation
[2019-04-15T13:27:59.258+0200][26,140s] GC(13) ParNew: 68128K->21824K(109248K)
[2019-04-15T13:27:59.258+0200][26,140s] GC(13) CMS: 48793K->55992K(393216K)
[2019-04-15T13:27:59.258+0200][26,140s] GC(13) Metaspace: 52791K->52791K(1097728K)
[2019-04-15T13:27:59.258+0200][26,140s] GC(13) Pause Young (CMS Final Remark) 114M->75M(490M) 79,585ms
[2019-04-15T13:27:59.258+0200][26,140s] GC(13) User=0,13s Sys=0,01s Real=0,08s
[2019-04-15T13:27:59.355+0200][26,237s] GC(12) Pause Remark 114M->75M(490M) 176,205ms
[2019-04-15T13:27:59.355+0200][26,237s] GC(12) User=0,26s Sys=0,02s Real=0,18s
[2019-04-15T13:27:59.355+0200][26,237s] GC(12) Concurrent Sweep
[2019-04-15T13:27:59.372+0200][26,254s] GC(12) Concurrent Sweep 16,514ms
[2019-04-15T13:27:59.372+0200][26,254s] GC(12) User=0,04s Sys=0,00s Real=0,01s
[2019-04-15T13:27:59.372+0200][26,254s] GC(12) Concurrent Reset
[2019-04-15T13:27:59.372+0200][26,254s] GC(12) Concurrent Reset 0,342ms
[2019-04-15T13:27:59.372+0200][26,254s] GC(12) User=0,00s Sys=0,00s Real=0,00s
[2019-04-15T13:27:59.372+0200][26,254s] GC(12) Old: 48793K->55510K(393216K)
[2019-04-15T13:28:00.958+0200][27,840s] GC(14) Pause Young (Allocation Failure)
[2019-04-15T13:28:00.958+0200][27,840s] GC(14) Using 4 workers of 4 for evacuation
[2019-04-15T13:28:01.007+0200][27,889s] GC(14) ParNew: 109248K->21824K(109248K)
[2019-04-15T13:28:01.007+0200][27,889s] GC(14) CMS: 55510K->79562K(393216K)
[2019-04-15T13:28:01.007+0200][27,889s] GC(14) Metaspace: 58140K->58140K(1101824K)
[2019-04-15T13:28:01.007+0200][27,889s] GC(14) Pause Young (Allocation Failure) 160M->99M(490M) 49,588ms
[2019-04-15T13:28:01.007+0200][27,889s] GC(14) User=0,09s Sys=0,00s Real=0,05s
[2019-04-15T13:28:01.971+0200][28,853s] GC(15) Pause Young (Allocation Failure)
[2019-04-15T13:28:01.971+0200][28,853s] GC(15) Using 4 workers of 4 for evacuation
[2019-04-15T13:28:02.036+0200][28,918s] GC(15) ParNew: 109248K->21824K(109248K)
[2019-04-15T13:28:02.036+0200][28,918s] GC(15) CMS: 79562K->87141K(393216K)
[2019-04-15T13:28:02.036+0200][28,918s] GC(15) Metaspace: 61666K->61666K(1105920K)
[2019-04-15T13:28:02.036+0200][28,918s] GC(15) Pause Young (Allocation Failure) 184M->106M(490M) 65,513ms
[2019-04-15T13:28:02.036+0200][28,918s] GC(15) User=0,15s Sys=0,02s Real=0,07s
[2019-04-15T13:28:02.599+0200][29,481s] GC(16) Pause Young (Allocation Failure)
[2019-04-15T13:28:02.599+0200][29,481s] GC(16) Using 4 workers of 4 for evacuation
[2019-04-15T13:28:02.666+0200][29,548s] GC(16) ParNew: 109248K->21824K(109248K)
[2019-04-15T13:28:02.666+0200][29,548s] GC(16) CMS: 87141K->121493K(393216K)
[2019-04-15T13:28:02.666+0200][29,548s] GC(16) Metaspace: 62427K->62427K(1105920K)
[2019-04-15T13:28:02.666+0200][29,548s] GC(16) Pause Young (Allocation Failure) 191M->139M(490M) 67,050ms
[2019-04-15T13:28:02.666+0200][29,548s] GC(16) User=0,17s Sys=0,01s Real=0,07s
[2019-04-15T13:28:02.955+0200][29,837s] GC(17) Pause Young (Allocation Failure)
[2019-04-15T13:28:02.955+0200][29,837s] GC(17) Using 4 workers of 4 for evacuation
[2019-04-15T13:28:02.975+0200][29,857s] GC(17) ParNew: 109248K->21824K(109248K)
[2019-04-15T13:28:02.975+0200][29,857s] GC(17) CMS: 121493K->123841K(393216K)
[2019-04-15T13:28:02.975+0200][29,857s] GC(17) Metaspace: 62487K->62487K(1105920K)
[2019-04-15T13:28:02.975+0200][29,857s] GC(17) Pause Young (Allocation Failure) 225M->142M(490M) 20,467ms
[2019-04-15T13:28:02.975+0200][29,857s] GC(17) User=0,06s Sys=0,00s Real=0,02s
[2019-04-15T13:28:03.147+0200][30,029s] GC(18) Pause Young (Allocation Failure)
[2019-04-15T13:28:03.147+0200][30,029s] GC(18) Using 4 workers of 4 for evacuation
[2019-04-15T13:28:03.173+0200][30,055s] GC(18) ParNew: 109248K->21824K(109248K)
[2019-04-15T13:28:03.173+0200][30,055s] GC(18) CMS: 123841K->126019K(393216K)
[2019-04-15T13:28:03.173+0200][30,055s] GC(18) Metaspace: 62515K->62515K(1105920K)
[2019-04-15T13:28:03.173+0200][30,055s] GC(18) Pause Young (Allocation Failure) 227M->144M(490M) 25,343ms
[2019-04-15T13:28:03.173+0200][30,055s] GC(18) User=0,08s Sys=0,00s Real=0,02s
[2019-04-15T13:28:03.357+0200][30,239s] GC(19) Pause Young (Allocation Failure)
[2019-04-15T13:28:03.357+0200][30,239s] GC(19) Using 4 workers of 4 for evacuation
[2019-04-15T13:28:03.382+0200][30,264s] GC(19) ParNew: 109248K->21824K(109248K)
[2019-04-15T13:28:03.382+0200][30,264s] GC(19) CMS: 126019K->127814K(393216K)
[2019-04-15T13:28:03.382+0200][30,264s] GC(19) Metaspace: 62549K->62549K(1105920K)
[2019-04-15T13:28:03.382+0200][30,264s] GC(19) Pause Young (Allocation Failure) 229M->146M(490M) 24,697ms
[2019-04-15T13:28:03.382+0200][30,264s] GC(19) User=0,07s Sys=0,01s Real=0,02s
[2019-04-15T13:28:03.495+0200][30,377s] GC(20) Pause Young (Allocation Failure)
[2019-04-15T13:28:03.495+0200][30,377s] GC(20) Using 4 workers of 4 for evacuation
[2019-04-15T13:28:03.520+0200][30,402s] GC(20) ParNew: 108397K->21172K(109248K)
[2019-04-15T13:28:03.520+0200][30,402s] GC(20) CMS: 127814K->127814K(393216K)
[2019-04-15T13:28:03.520+0200][30,402s] GC(20) Metaspace: 62556K->62556K(1105920K)
[2019-04-15T13:28:03.520+0200][30,402s] GC(20) Pause Young (Allocation Failure) 230M->145M(490M) 25,233ms
[2019-04-15T13:28:03.520+0200][30,402s] GC(20) User=0,07s Sys=0,00s Real=0,02s
[2019-04-15T13:28:03.614+0200][30,496s] GC(21) Pause Young (Allocation Failure)
[2019-04-15T13:28:03.614+0200][30,496s] GC(21) Using 4 workers of 4 for evacuation
[2019-04-15T13:28:03.633+0200][30,515s] GC(21) ParNew: 108596K->21824K(109248K)
[2019-04-15T13:28:03.633+0200][30,515s] GC(21) CMS: 127814K->127814K(393216K)
[2019-04-15T13:28:03.633+0200][30,515s] GC(21) Metaspace: 62588K->62588K(1105920K)
[2019-04-15T13:28:03.633+0200][30,515s] GC(21) Pause Young (Allocation Failure) 230M->146M(490M) 19,663ms
[2019-04-15T13:28:03.633+0200][30,515s] GC(21) User=0,07s Sys=0,00s Real=0,02s
[2019-04-15T13:28:03.746+0200][30,628s] GC(22) Pause Young (Allocation Failure)
[2019-04-15T13:28:03.746+0200][30,628s] GC(22) Using 4 workers of 4 for evacuation
[2019-04-15T13:28:03.772+0200][30,654s] GC(22) ParNew: 109248K->19327K(109248K)
[2019-04-15T13:28:03.772+0200][30,654s] GC(22) CMS: 127814K->131312K(393216K)
[2019-04-15T13:28:03.772+0200][30,654s] GC(22) Metaspace: 62596K->62596K(1105920K)
[2019-04-15T13:28:03.772+0200][30,654s] GC(22) Pause Young (Allocation Failure) 231M->147M(490M) 26,336ms
[2019-04-15T13:28:03.772+0200][30,654s] GC(22) User=0,09s Sys=0,00s Real=0,02s
[2019-04-15T13:28:03.882+0200][30,764s] GC(23) Pause Young (Allocation Failure)
[2019-04-15T13:28:03.882+0200][30,764s] GC(23) Using 4 workers of 4 for evacuation
[2019-04-15T13:28:03.922+0200][30,804s] GC(23) ParNew: 106751K->13343K(109248K)
[2019-04-15T13:28:03.922+0200][30,804s] GC(23) CMS: 131312K->136876K(393216K)
[2019-04-15T13:28:03.922+0200][30,804s] GC(23) Metaspace: 62599K->62599K(1105920K)
[2019-04-15T13:28:03.922+0200][30,804s] GC(23) Pause Young (Allocation Failure) 232M->146M(490M) 39,675ms
[2019-04-15T13:28:03.922+0200][30,804s] GC(23) User=0,11s Sys=0,00s Real=0,04s
[2019-04-15T13:28:04.109+0200][30,991s] GC(24) Pause Young (Allocation Failure)
[2019-04-15T13:28:04.110+0200][30,992s] GC(24) Using 4 workers of 4 for evacuation
[2019-04-15T13:28:04.135+0200][31,017s] GC(24) ParNew: 100767K->4033K(109248K)
[2019-04-15T13:28:04.135+0200][31,017s] GC(24) CMS: 136876K->142791K(393216K)
[2019-04-15T13:28:04.135+0200][31,017s] GC(24) Metaspace: 62600K->62600K(1105920K)
[2019-04-15T13:28:04.135+0200][31,017s] GC(24) Pause Young (Allocation Failure) 232M->143M(490M) 25,547ms
[2019-04-15T13:28:04.135+0200][31,017s] GC(24) User=0,07s Sys=0,00s Real=0,03s
[2019-04-15T13:28:04.241+0200][31,123s] GC(25) Pause Young (Allocation Failure)
[2019-04-15T13:28:04.241+0200][31,123s] GC(25) Using 4 workers of 4 for evacuation
[2019-04-15T13:28:04.256+0200][31,138s] GC(25) ParNew: 91457K->3762K(109248K)
[2019-04-15T13:28:04.256+0200][31,138s] GC(25) CMS: 142791K->142930K(393216K)
[2019-04-15T13:28:04.256+0200][31,138s] GC(25) Metaspace: 62601K->62601K(1105920K)
[2019-04-15T13:28:04.256+0200][31,138s] GC(25) Pause Young (Allocation Failure) 228M->143M(490M) 14,795ms
[2019-04-15T13:28:04.256+0200][31,138s] GC(25) User=0,04s Sys=0,01s Real=0,02s
[2019-04-15T13:28:04.774+0200][31,656s] GC(26) Pause Young (Allocation Failure)
[2019-04-15T13:28:04.774+0200][31,656s] GC(26) Using 4 workers of 4 for evacuation
[2019-04-15T13:28:04.789+0200][31,671s] GC(26) ParNew: 91186K->13151K(109248K)
[2019-04-15T13:28:04.789+0200][31,671s] GC(26) CMS: 142930K->142962K(393216K)
[2019-04-15T13:28:04.789+0200][31,671s] GC(26) Metaspace: 62669K->62669K(1105920K)
[2019-04-15T13:28:04.789+0200][31,671s] GC(26) Pause Young (Allocation Failure) 228M->152M(490M) 14,842ms
[2019-04-15T13:28:04.789+0200][31,671s] GC(26) User=0,03s Sys=0,01s Real=0,01s
[2019-04-15T13:28:05.496+0200][32,378s] GC(27) Pause Young (Allocation Failure)
[2019-04-15T13:28:05.496+0200][32,378s] GC(27) Using 4 workers of 4 for evacuation
[2019-04-15T13:28:05.553+0200][32,435s] GC(27) ParNew: 100575K->21824K(109248K)
[2019-04-15T13:28:05.553+0200][32,435s] GC(27) CMS: 142962K->184156K(393216K)
[2019-04-15T13:28:05.553+0200][32,435s] GC(27) Metaspace: 62924K->62924K(1107968K)
[2019-04-15T13:28:05.553+0200][32,435s] GC(27) Pause Young (Allocation Failure) 237M->201M(490M) 56,656ms
[2019-04-15T13:28:05.553+0200][32,435s] GC(27) User=0,13s Sys=0,01s Real=0,06s
[2019-04-15T13:28:05.845+0200][32,727s] GC(28) Pause Young (Allocation Failure)
[2019-04-15T13:28:05.845+0200][32,727s] GC(28) Using 4 workers of 4 for evacuation
[2019-04-15T13:28:05.869+0200][32,751s] GC(28) ParNew: 109248K->21824K(109248K)
[2019-04-15T13:28:05.869+0200][32,751s] GC(28) CMS: 184156K->187224K(393216K)
[2019-04-15T13:28:05.869+0200][32,751s] GC(28) Metaspace: 62926K->62926K(1107968K)
[2019-04-15T13:28:05.869+0200][32,751s] GC(28) Pause Young (Allocation Failure) 286M->204M(490M) 24,563ms
[2019-04-15T13:28:05.869+0200][32,751s] GC(28) User=0,06s Sys=0,01s Real=0,03s
[2019-04-15T13:28:06.061+0200][32,943s] GC(29) Pause Young (Allocation Failure)
[2019-04-15T13:28:06.061+0200][32,943s] GC(29) Using 4 workers of 4 for evacuation
[2019-04-15T13:28:06.078+0200][32,960s] GC(29) ParNew: 109248K->21824K(109248K)
[2019-04-15T13:28:06.078+0200][32,960s] GC(29) CMS: 187224K->187580K(393216K)
[2019-04-15T13:28:06.078+0200][32,960s] GC(29) Metaspace: 62928K->62928K(1107968K)
[2019-04-15T13:28:06.078+0200][32,960s] GC(29) Pause Young (Allocation Failure) 289M->204M(490M) 17,152ms
[2019-04-15T13:28:06.078+0200][32,960s] GC(29) User=0,06s Sys=0,00s Real=0,02s
[2019-04-15T13:28:06.405+0200][33,287s] GC(30) Pause Young (Allocation Failure)
[2019-04-15T13:28:06.405+0200][33,287s] GC(30) Using 4 workers of 4 for evacuation
[2019-04-15T13:28:06.422+0200][33,304s] GC(30) ParNew: 109248K->21824K(109248K)
[2019-04-15T13:28:06.422+0200][33,304s] GC(30) CMS: 187580K->189595K(393216K)
[2019-04-15T13:28:06.422+0200][33,304s] GC(30) Metaspace: 63078K->63078K(1107968K)
[2019-04-15T13:28:06.422+0200][33,304s] GC(30) Pause Young (Allocation Failure) 289M->206M(490M) 17,054ms
[2019-04-15T13:28:06.422+0200][33,304s] GC(30) User=0,05s Sys=0,00s Real=0,01s
[2019-04-15T13:28:06.650+0200][33,532s] GC(31) Pause Young (Allocation Failure)
[2019-04-15T13:28:06.650+0200][33,532s] GC(31) Using 4 workers of 4 for evacuation
[2019-04-15T13:28:06.673+0200][33,555s] GC(31) ParNew: 109248K->21824K(109248K)
[2019-04-15T13:28:06.673+0200][33,555s] GC(31) CMS: 189595K->198957K(393216K)
[2019-04-15T13:28:06.673+0200][33,555s] GC(31) Metaspace: 63143K->63143K(1107968K)
[2019-04-15T13:28:06.673+0200][33,555s] GC(31) Pause Young (Allocation Failure) 291M->215M(490M) 23,097ms
[2019-04-15T13:28:06.673+0200][33,555s] GC(31) User=0,06s Sys=0,00s Real=0,03s
[2019-04-15T13:28:06.676+0200][33,558s] GC(32) Pause Initial Mark
[2019-04-15T13:28:06.678+0200][33,560s] GC(32) Pause Initial Mark 215M->215M(490M) 2,641ms
[2019-04-15T13:28:06.678+0200][33,560s] GC(32) User=0,00s Sys=0,00s Real=0,00s
[2019-04-15T13:28:06.679+0200][33,561s] GC(32) Concurrent Mark
[2019-04-15T13:28:06.679+0200][33,561s] GC(32) Using 4 workers of 4 for marking
[2019-04-15T13:28:06.797+0200][33,679s] GC(32) Concurrent Mark 118,678ms
[2019-04-15T13:28:06.797+0200][33,679s] GC(32) User=0,35s Sys=0,01s Real=0,12s
[2019-04-15T13:28:06.797+0200][33,679s] GC(32) Concurrent Preclean
[2019-04-15T13:28:06.799+0200][33,681s] GC(32) Concurrent Preclean 1,335ms
[2019-04-15T13:28:06.799+0200][33,681s] GC(32) User=0,00s Sys=0,00s Real=0,00s
[2019-04-15T13:28:06.799+0200][33,681s] GC(32) Concurrent Abortable Preclean
[2019-04-15T13:28:06.869+0200][33,751s] GC(33) Pause Young (Allocation Failure)
[2019-04-15T13:28:06.869+0200][33,751s] GC(33) Using 4 workers of 4 for evacuation
[2019-04-15T13:28:06.887+0200][33,769s] GC(33) ParNew: 109248K->12964K(109248K)
[2019-04-15T13:28:06.887+0200][33,769s] GC(33) CMS: 198957K->198957K(393216K)
[2019-04-15T13:28:06.887+0200][33,769s] GC(33) Metaspace: 63143K->63143K(1107968K)
[2019-04-15T13:28:06.887+0200][33,769s] GC(33) Pause Young (Allocation Failure) 300M->206M(490M) 18,028ms
[2019-04-15T13:28:06.887+0200][33,769s] GC(33) User=0,05s Sys=0,00s Real=0,02s
[2019-04-15T13:28:07.062+0200][33,944s] GC(32) Concurrent Abortable Preclean 263,806ms
[2019-04-15T13:28:07.063+0200][33,945s] GC(32) User=0,59s Sys=0,02s Real=0,26s
[2019-04-15T13:28:07.066+0200][33,948s] GC(32) Pause Remark
[2019-04-15T13:28:07.066+0200][33,948s] GC(34) Pause Young (CMS Final Remark)
[2019-04-15T13:28:07.066+0200][33,948s] GC(34) Using 4 workers of 4 for evacuation
[2019-04-15T13:28:07.089+0200][33,971s] GC(34) ParNew: 60173K->17051K(109248K)
[2019-04-15T13:28:07.089+0200][33,971s] GC(34) CMS: 198957K->198957K(393216K)
[2019-04-15T13:28:07.089+0200][33,971s] GC(34) Metaspace: 63258K->63258K(1107968K)
[2019-04-15T13:28:07.089+0200][33,971s] GC(34) Pause Young (CMS Final Remark) 253M->210M(490M) 23,237ms
[2019-04-15T13:28:07.090+0200][33,972s] GC(34) User=0,07s Sys=0,00s Real=0,02s
[2019-04-15T13:28:07.137+0200][34,019s] GC(32) Pause Remark 253M->210M(490M) 70,403ms
[2019-04-15T13:28:07.137+0200][34,019s] GC(32) User=0,17s Sys=0,01s Real=0,07s
[2019-04-15T13:28:07.137+0200][34,019s] GC(32) Concurrent Sweep
[2019-04-15T13:28:07.204+0200][34,086s] GC(32) Concurrent Sweep 67,760ms
[2019-04-15T13:28:07.205+0200][34,087s] GC(32) User=0,19s Sys=0,00s Real=0,06s
[2019-04-15T13:28:07.205+0200][34,087s] GC(32) Concurrent Reset
[2019-04-15T13:28:07.205+0200][34,087s] GC(32) Concurrent Reset 0,464ms
[2019-04-15T13:28:07.205+0200][34,087s] GC(32) User=0,00s Sys=0,00s Real=0,01s
[2019-04-15T13:28:07.205+0200][34,087s] GC(32) Old: 198957K->125364K(393216K)
[2019-04-15T13:28:07.540+0200][34,422s] GC(35) Pause Young (Allocation Failure)
[2019-04-15T13:28:07.540+0200][34,422s] GC(35) Using 4 workers of 4 for evacuation
[2019-04-15T13:28:07.577+0200][34,459s] GC(35) ParNew: 104475K->17513K(109248K)
[2019-04-15T13:28:07.577+0200][34,459s] GC(35) CMS: 125364K->125364K(393216K)
[2019-04-15T13:28:07.577+0200][34,459s] GC(35) Metaspace: 63635K->63635K(1107968K)
[2019-04-15T13:28:07.577+0200][34,459s] GC(35) Pause Young (Allocation Failure) 224M->139M(490M) 36,744ms
[2019-04-15T13:28:07.577+0200][34,459s] GC(35) User=0,10s Sys=0,00s Real=0,04s
[2019-04-15T13:28:07.738+0200][34,620s] GC(36) Pause Young (Allocation Failure)
[2019-04-15T13:28:07.738+0200][34,620s] GC(36) Using 4 workers of 4 for evacuation
[2019-04-15T13:28:07.756+0200][34,638s] GC(36) ParNew: 104937K->15434K(109248K)
[2019-04-15T13:28:07.756+0200][34,638s] GC(36) CMS: 125364K->130742K(393216K)
[2019-04-15T13:28:07.756+0200][34,638s] GC(36) Metaspace: 63645K->63645K(1107968K)
[2019-04-15T13:28:07.756+0200][34,638s] GC(36) Pause Young (Allocation Failure) 224M->142M(490M) 17,413ms
[2019-04-15T13:28:07.756+0200][34,638s] GC(36) User=0,04s Sys=0,00s Real=0,02s
[2019-04-15T13:28:07.996+0200][34,878s] GC(37) Pause Young (Allocation Failure)
[2019-04-15T13:28:07.996+0200][34,878s] GC(37) Using 4 workers of 4 for evacuation
[2019-04-15T13:28:08.020+0200][34,902s] GC(37) ParNew: 102858K->11474K(109248K)
[2019-04-15T13:28:08.020+0200][34,902s] GC(37) CMS: 130742K->130775K(393216K)
[2019-04-15T13:28:08.020+0200][34,902s] GC(37) Metaspace: 63748K->63748K(1107968K)
[2019-04-15T13:28:08.020+0200][34,902s] GC(37) Pause Young (Allocation Failure) 228M->138M(490M) 23,859ms
[2019-04-15T13:28:08.020+0200][34,902s] GC(37) User=0,06s Sys=0,00s Real=0,02s
[2019-04-15T13:28:08.280+0200][35,162s] GC(38) Pause Young (Allocation Failure)
[2019-04-15T13:28:08.281+0200][35,163s] GC(38) Using 4 workers of 4 for evacuation
[2019-04-15T13:28:08.312+0200][35,194s] GC(38) ParNew: 98898K->11681K(109248K)
[2019-04-15T13:28:08.312+0200][35,194s] GC(38) CMS: 130775K->130781K(393216K)
[2019-04-15T13:28:08.312+0200][35,194s] GC(38) Metaspace: 63782K->63782K(1107968K)
[2019-04-15T13:28:08.312+0200][35,194s] GC(38) Pause Young (Allocation Failure) 224M->139M(490M) 31,407ms
[2019-04-15T13:28:08.312+0200][35,194s] GC(38) User=0,09s Sys=0,01s Real=0,03s
[2019-04-15T13:28:08.587+0200][35,469s] GC(39) Pause Young (Allocation Failure)
[2019-04-15T13:28:08.587+0200][35,469s] GC(39) Using 4 workers of 4 for evacuation
[2019-04-15T13:28:08.608+0200][35,490s] GC(39) ParNew: 99105K->6664K(109248K)
[2019-04-15T13:28:08.608+0200][35,490s] GC(39) CMS: 130781K->133091K(393216K)
[2019-04-15T13:28:08.608+0200][35,490s] GC(39) Metaspace: 63871K->63871K(1107968K)
[2019-04-15T13:28:08.608+0200][35,490s] GC(39) Pause Young (Allocation Failure) 224M->136M(490M) 20,561ms
[2019-04-15T13:28:08.608+0200][35,490s] GC(39) User=0,04s Sys=0,00s Real=0,02s
[2019-04-15T13:28:09.186+0200][36,068s] GC(40) Pause Young (Allocation Failure)
[2019-04-15T13:28:09.186+0200][36,068s] GC(40) Using 4 workers of 4 for evacuation
[2019-04-15T13:28:09.204+0200][36,086s] GC(40) ParNew: 94088K->20443K(109248K)
[2019-04-15T13:28:09.204+0200][36,086s] GC(40) CMS: 133091K->133131K(393216K)
[2019-04-15T13:28:09.204+0200][36,086s] GC(40) Metaspace: 64091K->64091K(1107968K)
[2019-04-15T13:28:09.204+0200][36,086s] GC(40) Pause Young (Allocation Failure) 221M->149M(490M) 17,610ms
[2019-04-15T13:28:09.204+0200][36,086s] GC(40) User=0,05s Sys=0,00s Real=0,01s
[2019-04-15T13:28:09.587+0200][36,469s] GC(41) Pause Young (Allocation Failure)
[2019-04-15T13:28:09.587+0200][36,469s] GC(41) Using 4 workers of 4 for evacuation
[2019-04-15T13:28:09.601+0200][36,483s] GC(41) ParNew: 107867K->20649K(109248K)
[2019-04-15T13:28:09.601+0200][36,483s] GC(41) CMS: 133131K->133410K(393216K)
[2019-04-15T13:28:09.601+0200][36,483s] GC(41) Metaspace: 64121K->64121K(1107968K)
[2019-04-15T13:28:09.601+0200][36,483s] GC(41) Pause Young (Allocation Failure) 235M->150M(490M) 14,572ms
[2019-04-15T13:28:09.601+0200][36,483s] GC(41) User=0,04s Sys=0,00s Real=0,01s
[2019-04-15T13:28:09.871+0200][36,753s] GC(42) Pause Young (Allocation Failure)
[2019-04-15T13:28:09.871+0200][36,753s] GC(42) Using 4 workers of 4 for evacuation
[2019-04-15T13:28:09.889+0200][36,771s] GC(42) ParNew: 108073K->18139K(109248K)
[2019-04-15T13:28:09.889+0200][36,771s] GC(42) CMS: 133410K->133410K(393216K)
[2019-04-15T13:28:09.889+0200][36,771s] GC(42) Metaspace: 64158K->64158K(1107968K)
[2019-04-15T13:28:09.889+0200][36,771s] GC(42) Pause Young (Allocation Failure) 235M->147M(490M) 18,347ms
[2019-04-15T13:28:09.889+0200][36,771s] GC(42) User=0,05s Sys=0,00s Real=0,02s
[2019-04-15T13:28:10.203+0200][37,085s] GC(43) Pause Young (Allocation Failure)
[2019-04-15T13:28:10.203+0200][37,085s] GC(43) Using 4 workers of 4 for evacuation
[2019-04-15T13:28:10.219+0200][37,101s] GC(43) ParNew: 105563K->20810K(109248K)
[2019-04-15T13:28:10.219+0200][37,101s] GC(43) CMS: 133410K->134102K(393216K)
[2019-04-15T13:28:10.219+0200][37,101s] GC(43) Metaspace: 64211K->64211K(1107968K)
[2019-04-15T13:28:10.220+0200][37,102s] GC(43) Pause Young (Allocation Failure) 233M->151M(490M) 16,311ms
[2019-04-15T13:28:10.220+0200][37,102s] GC(43) User=0,05s Sys=0,00s Real=0,02s
[2019-04-15T13:28:10.675+0200][37,557s] GC(44) Pause Young (Allocation Failure)
[2019-04-15T13:28:10.675+0200][37,557s] GC(44) Using 4 workers of 4 for evacuation
[2019-04-15T13:28:10.692+0200][37,574s] GC(44) ParNew: 108234K->20399K(109248K)
[2019-04-15T13:28:10.692+0200][37,574s] GC(44) CMS: 134102K->134102K(393216K)
[2019-04-15T13:28:10.692+0200][37,574s] GC(44) Metaspace: 64283K->64283K(1107968K)
[2019-04-15T13:28:10.692+0200][37,574s] GC(44) Pause Young (Allocation Failure) 236M->150M(490M) 17,144ms
[2019-04-15T13:28:10.692+0200][37,574s] GC(44) User=0,05s Sys=0,00s Real=0,01s
[2019-04-15T13:28:10.940+0200][37,822s] GC(45) Pause Young (Allocation Failure)
[2019-04-15T13:28:10.940+0200][37,822s] GC(45) Using 4 workers of 4 for evacuation
[2019-04-15T13:28:10.963+0200][37,845s] GC(45) ParNew: 107823K->11733K(109248K)
[2019-04-15T13:28:10.963+0200][37,845s] GC(45) CMS: 134102K->134249K(393216K)
[2019-04-15T13:28:10.963+0200][37,845s] GC(45) Metaspace: 64314K->64314K(1107968K)
[2019-04-15T13:28:10.963+0200][37,845s] GC(45) Pause Young (Allocation Failure) 236M->142M(490M) 23,347ms
[2019-04-15T13:28:10.963+0200][37,845s] GC(45) User=0,06s Sys=0,00s Real=0,02s
[2019-04-15T13:28:11.190+0200][38,072s] GC(46) Pause Young (Allocation Failure)
[2019-04-15T13:28:11.190+0200][38,072s] GC(46) Using 4 workers of 4 for evacuation
[2019-04-15T13:28:11.203+0200][38,085s] GC(46) ParNew: 99157K->12170K(109248K)
[2019-04-15T13:28:11.203+0200][38,085s] GC(46) CMS: 134249K->134284K(393216K)
[2019-04-15T13:28:11.203+0200][38,085s] GC(46) Metaspace: 64391K->64391K(1107968K)
[2019-04-15T13:28:11.203+0200][38,085s] GC(46) Pause Young (Allocation Failure) 227M->143M(490M) 13,689ms
[2019-04-15T13:28:11.203+0200][38,085s] GC(46) User=0,03s Sys=0,00s Real=0,01s
[2019-04-15T13:28:11.358+0200][38,240s] GC(47) Pause Young (Allocation Failure)
[2019-04-15T13:28:11.358+0200][38,240s] GC(47) Using 4 workers of 4 for evacuation
[2019-04-15T13:28:11.373+0200][38,255s] GC(47) ParNew: 99594K->10371K(109248K)
[2019-04-15T13:28:11.373+0200][38,255s] GC(47) CMS: 134284K->134497K(393216K)
[2019-04-15T13:28:11.373+0200][38,255s] GC(47) Metaspace: 64393K->64393K(1107968K)
[2019-04-15T13:28:11.373+0200][38,255s] GC(47) Pause Young (Allocation Failure) 228M->141M(490M) 15,110ms
[2019-04-15T13:28:11.373+0200][38,255s] GC(47) User=0,04s Sys=0,00s Real=0,02s
[2019-04-15T13:28:11.548+0200][38,430s] GC(48) Pause Young (Allocation Failure)
[2019-04-15T13:28:11.548+0200][38,430s] GC(48) Using 4 workers of 4 for evacuation
[2019-04-15T13:28:11.566+0200][38,448s] GC(48) ParNew: 97795K->10938K(109248K)
[2019-04-15T13:28:11.566+0200][38,448s] GC(48) CMS: 134497K->134615K(393216K)
[2019-04-15T13:28:11.566+0200][38,448s] GC(48) Metaspace: 64393K->64393K(1107968K)
[2019-04-15T13:28:11.566+0200][38,448s] GC(48) Pause Young (Allocation Failure) 226M->142M(490M) 17,464ms
[2019-04-15T13:28:11.566+0200][38,448s] GC(48) User=0,04s Sys=0,00s Real=0,02s
[2019-04-15T13:28:11.752+0200][38,634s] GC(49) Pause Young (Allocation Failure)
[2019-04-15T13:28:11.752+0200][38,634s] GC(49) Using 4 workers of 4 for evacuation
[2019-04-15T13:28:11.773+0200][38,655s] GC(49) ParNew: 98362K->10673K(109248K)
[2019-04-15T13:28:11.773+0200][38,655s] GC(49) CMS: 134615K->134677K(393216K)
[2019-04-15T13:28:11.773+0200][38,655s] GC(49) Metaspace: 64409K->64409K(1107968K)
[2019-04-15T13:28:11.773+0200][38,655s] GC(49) Pause Young (Allocation Failure) 227M->141M(490M) 21,625ms
[2019-04-15T13:28:11.773+0200][38,655s] GC(49) User=0,06s Sys=0,01s Real=0,03s
[2019-04-15T13:28:11.942+0200][38,824s] GC(50) Pause Young (Allocation Failure)
[2019-04-15T13:28:11.942+0200][38,824s] GC(50) Using 4 workers of 4 for evacuation
[2019-04-15T13:28:11.964+0200][38,846s] GC(50) ParNew: 98097K->14861K(109248K)
[2019-04-15T13:28:11.964+0200][38,846s] GC(50) CMS: 134677K->134817K(393216K)
[2019-04-15T13:28:11.964+0200][38,846s] GC(50) Metaspace: 64417K->64417K(1107968K)
[2019-04-15T13:28:11.964+0200][38,846s] GC(50) Pause Young (Allocation Failure) 227M->146M(490M) 22,227ms
[2019-04-15T13:28:11.964+0200][38,846s] GC(50) User=0,05s Sys=0,00s Real=0,02s
[2019-04-15T13:28:12.253+0200][39,135s] GC(51) Pause Young (Allocation Failure)
[2019-04-15T13:28:12.253+0200][39,135s] GC(51) Using 4 workers of 4 for evacuation
[2019-04-15T13:28:12.272+0200][39,154s] GC(51) ParNew: 102285K->15730K(109248K)
[2019-04-15T13:28:12.272+0200][39,154s] GC(51) CMS: 134817K->135074K(393216K)
[2019-04-15T13:28:12.272+0200][39,154s] GC(51) Metaspace: 64447K->64447K(1107968K)
[2019-04-15T13:28:12.272+0200][39,154s] GC(51) Pause Young (Allocation Failure) 231M->147M(490M) 19,175ms
[2019-04-15T13:28:12.272+0200][39,154s] GC(51) User=0,06s Sys=0,00s Real=0,02s
[2019-04-15T13:28:12.478+0200][39,360s] GC(52) Pause Young (Allocation Failure)
[2019-04-15T13:28:12.478+0200][39,360s] GC(52) Using 4 workers of 4 for evacuation
[2019-04-15T13:28:12.486+0200][39,368s] GC(52) ParNew: 103154K->13557K(109248K)
[2019-04-15T13:28:12.487+0200][39,369s] GC(52) CMS: 135074K->135160K(393216K)
[2019-04-15T13:28:12.487+0200][39,369s] GC(52) Metaspace: 64448K->64448K(1107968K)
[2019-04-15T13:28:12.487+0200][39,369s] GC(52) Pause Young (Allocation Failure) 232M->145M(490M) 8,834ms
[2019-04-15T13:28:12.487+0200][39,369s] GC(52) User=0,03s Sys=0,00s Real=0,01s
[2019-04-15T13:28:12.863+0200][39,746s] GC(53) Pause Young (Allocation Failure)
[2019-04-15T13:28:12.864+0200][39,746s] GC(53) Using 4 workers of 4 for evacuation
[2019-04-15T13:28:12.876+0200][39,758s] GC(53) ParNew: 100981K->19517K(109248K)
[2019-04-15T13:28:12.876+0200][39,758s] GC(53) CMS: 135160K->135663K(393216K)
[2019-04-15T13:28:12.876+0200][39,758s] GC(53) Metaspace: 64476K->64476K(1107968K)
[2019-04-15T13:28:12.876+0200][39,758s] GC(53) Pause Young (Allocation Failure) 230M->151M(490M) 12,152ms
[2019-04-15T13:28:12.876+0200][39,758s] GC(53) User=0,04s Sys=0,00s Real=0,02s
[2019-04-15T13:28:13.288+0200][40,170s] GC(54) Pause Young (Allocation Failure)
[2019-04-15T13:28:13.288+0200][40,170s] GC(54) Using 4 workers of 4 for evacuation
[2019-04-15T13:28:13.308+0200][40,190s] GC(54) ParNew: 106941K->20760K(109248K)
[2019-04-15T13:28:13.308+0200][40,190s] GC(54) CMS: 135663K->135960K(393216K)
[2019-04-15T13:28:13.308+0200][40,190s] GC(54) Metaspace: 66131K->66131K(1110016K)
[2019-04-15T13:28:13.308+0200][40,190s] GC(54) Pause Young (Allocation Failure) 236M->153M(490M) 20,025ms
[2019-04-15T13:28:13.308+0200][40,190s] GC(54) User=0,05s Sys=0,00s Real=0,02s
[2019-04-15T13:28:13.669+0200][40,551s] GC(55) Pause Young (Allocation Failure)
[2019-04-15T13:28:13.669+0200][40,551s] GC(55) Using 4 workers of 4 for evacuation
[2019-04-15T13:28:13.685+0200][40,567s] GC(55) ParNew: 108184K->12026K(109248K)
[2019-04-15T13:28:13.685+0200][40,567s] GC(55) CMS: 135960K->135960K(393216K)
[2019-04-15T13:28:13.685+0200][40,567s] GC(55) Metaspace: 67068K->67068K(1110016K)
[2019-04-15T13:28:13.685+0200][40,567s] GC(55) Pause Young (Allocation Failure) 238M->144M(490M) 15,661ms
[2019-04-15T13:28:13.685+0200][40,567s] GC(55) User=0,03s Sys=0,01s Real=0,01s
[2019-04-15T13:28:14.055+0200][40,937s] GC(56) Pause Young (Allocation Failure)
[2019-04-15T13:28:14.055+0200][40,937s] GC(56) Using 4 workers of 4 for evacuation
[2019-04-15T13:28:14.079+0200][40,961s] GC(56) ParNew: 99450K->20239K(109248K)
[2019-04-15T13:28:14.079+0200][40,961s] GC(56) CMS: 135960K->135960K(393216K)
[2019-04-15T13:28:14.079+0200][40,961s] GC(56) Metaspace: 67080K->67080K(1110016K)
[2019-04-15T13:28:14.079+0200][40,961s] GC(56) Pause Young (Allocation Failure) 229M->152M(490M) 24,759ms
[2019-04-15T13:28:14.079+0200][40,961s] GC(56) User=0,06s Sys=0,00s Real=0,02s
[2019-04-15T13:28:14.237+0200][41,119s] GC(57) Pause Young (Allocation Failure)
[2019-04-15T13:28:14.237+0200][41,119s] GC(57) Using 4 workers of 4 for evacuation
[2019-04-15T13:28:14.248+0200][41,130s] GC(57) ParNew: 107663K->17344K(109248K)
[2019-04-15T13:28:14.248+0200][41,130s] GC(57) CMS: 135960K->136417K(393216K)
[2019-04-15T13:28:14.248+0200][41,130s] GC(57) Metaspace: 67083K->67083K(1110016K)
[2019-04-15T13:28:14.248+0200][41,130s] GC(57) Pause Young (Allocation Failure) 237M->150M(490M) 11,884ms
[2019-04-15T13:28:14.248+0200][41,130s] GC(57) User=0,03s Sys=0,00s Real=0,01s
[2019-04-15T13:28:14.402+0200][41,284s] GC(58) Pause Young (Allocation Failure)
[2019-04-15T13:28:14.402+0200][41,284s] GC(58) Using 4 workers of 4 for evacuation
[2019-04-15T13:28:14.421+0200][41,303s] GC(58) ParNew: 104768K->16240K(109248K)
[2019-04-15T13:28:14.421+0200][41,303s] GC(58) CMS: 136417K->136418K(393216K)
[2019-04-15T13:28:14.421+0200][41,303s] GC(58) Metaspace: 67084K->67084K(1110016K)
[2019-04-15T13:28:14.421+0200][41,303s] GC(58) Pause Young (Allocation Failure) 235M->149M(490M) 19,347ms
[2019-04-15T13:28:14.421+0200][41,303s] GC(58) User=0,06s Sys=0,00s Real=0,02s
[2019-04-15T13:28:14.520+0200][41,402s] GC(59) Pause Young (Allocation Failure)
[2019-04-15T13:28:14.520+0200][41,402s] GC(59) Using 4 workers of 4 for evacuation
[2019-04-15T13:28:14.532+0200][41,414s] GC(59) ParNew: 103664K->15990K(109248K)
[2019-04-15T13:28:14.532+0200][41,414s] GC(59) CMS: 136418K->137214K(393216K)
[2019-04-15T13:28:14.532+0200][41,414s] GC(59) Metaspace: 67084K->67084K(1110016K)
[2019-04-15T13:28:14.532+0200][41,414s] GC(59) Pause Young (Allocation Failure) 234M->149M(490M) 12,615ms
[2019-04-15T13:28:14.532+0200][41,414s] GC(59) User=0,03s Sys=0,00s Real=0,01s
[2019-04-15T13:28:14.630+0200][41,512s] GC(60) Pause Young (Allocation Failure)
[2019-04-15T13:28:14.630+0200][41,512s] GC(60) Using 4 workers of 4 for evacuation
[2019-04-15T13:28:14.649+0200][41,531s] GC(60) ParNew: 103088K->9583K(109248K)
[2019-04-15T13:28:14.649+0200][41,531s] GC(60) CMS: 137214K->137216K(393216K)
[2019-04-15T13:28:14.649+0200][41,531s] GC(60) Metaspace: 67086K->67086K(1110016K)
[2019-04-15T13:28:14.649+0200][41,531s] GC(60) Pause Young (Allocation Failure) 234M->143M(490M) 18,635ms
[2019-04-15T13:28:14.649+0200][41,531s] GC(60) User=0,04s Sys=0,00s Real=0,02s
[2019-04-15T13:28:14.846+0200][41,728s] GC(61) Pause Young (Allocation Failure)
[2019-04-15T13:28:14.846+0200][41,728s] GC(61) Using 4 workers of 4 for evacuation
[2019-04-15T13:28:14.870+0200][41,752s] GC(61) ParNew: 97007K->21824K(109248K)
[2019-04-15T13:28:14.870+0200][41,752s] GC(61) CMS: 137216K->137329K(393216K)
[2019-04-15T13:28:14.870+0200][41,752s] GC(61) Metaspace: 67098K->67098K(1110016K)
[2019-04-15T13:28:14.870+0200][41,752s] GC(61) Pause Young (Allocation Failure) 228M->155M(490M) 23,654ms
[2019-04-15T13:28:14.870+0200][41,752s] GC(61) User=0,06s Sys=0,00s Real=0,02s
[2019-04-15T13:28:15.002+0200][41,884s] GC(62) Pause Young (Allocation Failure)
[2019-04-15T13:28:15.002+0200][41,884s] GC(62) Using 4 workers of 4 for evacuation
[2019-04-15T13:28:15.029+0200][41,911s] GC(62) ParNew: 109248K->21824K(109248K)
[2019-04-15T13:28:15.029+0200][41,911s] GC(62) CMS: 137329K->139060K(393216K)
[2019-04-15T13:28:15.029+0200][41,911s] GC(62) Metaspace: 67098K->67098K(1110016K)
[2019-04-15T13:28:15.029+0200][41,911s] GC(62) Pause Young (Allocation Failure) 240M->157M(490M) 26,504ms
[2019-04-15T13:28:15.029+0200][41,911s] GC(62) User=0,06s Sys=0,00s Real=0,03s
[2019-04-15T13:28:15.156+0200][42,038s] GC(63) Pause Young (Allocation Failure)
[2019-04-15T13:28:15.156+0200][42,038s] GC(63) Using 4 workers of 4 for evacuation
[2019-04-15T13:28:15.173+0200][42,055s] GC(63) ParNew: 109248K->19609K(109248K)
[2019-04-15T13:28:15.173+0200][42,055s] GC(63) CMS: 139060K->139548K(393216K)
[2019-04-15T13:28:15.173+0200][42,055s] GC(63) Metaspace: 67098K->67098K(1110016K)
[2019-04-15T13:28:15.173+0200][42,055s] GC(63) Pause Young (Allocation Failure) 242M->155M(490M) 16,461ms
[2019-04-15T13:28:15.173+0200][42,055s] GC(63) User=0,04s Sys=0,00s Real=0,01s
[2019-04-15T13:28:15.363+0200][42,245s] GC(64) Pause Young (Allocation Failure)
[2019-04-15T13:28:15.363+0200][42,245s] GC(64) Using 4 workers of 4 for evacuation
[2019-04-15T13:28:15.382+0200][42,264s] GC(64) ParNew: 107033K->21824K(109248K)
[2019-04-15T13:28:15.382+0200][42,265s] GC(64) CMS: 139548K->143311K(393216K)
[2019-04-15T13:28:15.383+0200][42,265s] GC(64) Metaspace: 67104K->67104K(1110016K)
[2019-04-15T13:28:15.383+0200][42,265s] GC(64) Pause Young (Allocation Failure) 240M->161M(490M) 19,507ms
[2019-04-15T13:28:15.383+0200][42,265s] GC(64) User=0,05s Sys=0,00s Real=0,02s
[2019-04-15T13:28:15.524+0200][42,406s] GC(65) Pause Young (Allocation Failure)
[2019-04-15T13:28:15.524+0200][42,406s] GC(65) Using 4 workers of 4 for evacuation
[2019-04-15T13:28:15.544+0200][42,426s] GC(65) ParNew: 109248K->21824K(109248K)
[2019-04-15T13:28:15.544+0200][42,426s] GC(65) CMS: 143311K->143312K(393216K)
[2019-04-15T13:28:15.544+0200][42,426s] GC(65) Metaspace: 67244K->67244K(1112064K)
[2019-04-15T13:28:15.544+0200][42,426s] GC(65) Pause Young (Allocation Failure) 246M->161M(490M) 20,085ms
[2019-04-15T13:28:15.544+0200][42,426s] GC(65) User=0,05s Sys=0,00s Real=0,02s
[2019-04-15T13:28:15.600+0200][42,482s] GC(66) Pause Young (Allocation Failure)
[2019-04-15T13:28:15.600+0200][42,482s] GC(66) Using 4 workers of 4 for evacuation
[2019-04-15T13:28:15.616+0200][42,498s] GC(66) ParNew: 109093K->21120K(109248K)
[2019-04-15T13:28:15.616+0200][42,498s] GC(66) CMS: 143312K->143313K(393216K)
[2019-04-15T13:28:15.616+0200][42,498s] GC(66) Metaspace: 67488K->67488K(1112064K)
[2019-04-15T13:28:15.616+0200][42,498s] GC(66) Pause Young (Allocation Failure) 246M->160M(490M) 15,816ms
[2019-04-15T13:28:15.616+0200][42,498s] GC(66) User=0,04s Sys=0,00s Real=0,02s
[2019-04-15T13:28:15.713+0200][42,595s] GC(67) Pause Young (Allocation Failure)
[2019-04-15T13:28:15.713+0200][42,595s] GC(67) Using 4 workers of 4 for evacuation
[2019-04-15T13:28:15.740+0200][42,622s] GC(67) ParNew: 108544K->16804K(109248K)
[2019-04-15T13:28:15.740+0200][42,622s] GC(67) CMS: 143313K->143313K(393216K)
[2019-04-15T13:28:15.740+0200][42,622s] GC(67) Metaspace: 67663K->67663K(1112064K)
[2019-04-15T13:28:15.740+0200][42,622s] GC(67) Pause Young (Allocation Failure) 245M->156M(490M) 27,185ms
[2019-04-15T13:28:15.740+0200][42,622s] GC(67) User=0,06s Sys=0,00s Real=0,02s
[2019-04-15T13:28:15.914+0200][42,796s] GC(68) Pause Young (Allocation Failure)
[2019-04-15T13:28:15.914+0200][42,796s] GC(68) Using 4 workers of 4 for evacuation
[2019-04-15T13:28:15.934+0200][42,816s] GC(68) ParNew: 104228K->21824K(109248K)
[2019-04-15T13:28:15.934+0200][42,816s] GC(68) CMS: 143313K->143313K(393216K)
[2019-04-15T13:28:15.934+0200][42,816s] GC(68) Metaspace: 67853K->67853K(1112064K)
[2019-04-15T13:28:15.934+0200][42,816s] GC(68) Pause Young (Allocation Failure) 241M->161M(490M) 19,476ms
[2019-04-15T13:28:15.934+0200][42,816s] GC(68) User=0,05s Sys=0,00s Real=0,02s
[2019-04-15T13:28:16.076+0200][42,958s] GC(69) Pause Young (Allocation Failure)
[2019-04-15T13:28:16.076+0200][42,958s] GC(69) Using 4 workers of 4 for evacuation
[2019-04-15T13:28:16.096+0200][42,978s] GC(69) ParNew: 109248K->18435K(109248K)
[2019-04-15T13:28:16.096+0200][42,978s] GC(69) CMS: 143313K->144801K(393216K)
[2019-04-15T13:28:16.096+0200][42,978s] GC(69) Metaspace: 67888K->67888K(1112064K)
[2019-04-15T13:28:16.096+0200][42,978s] GC(69) Pause Young (Allocation Failure) 246M->159M(490M) 20,035ms
[2019-04-15T13:28:16.096+0200][42,978s] GC(69) User=0,05s Sys=0,00s Real=0,02s
[2019-04-15T13:28:16.243+0200][43,125s] GC(70) Pause Young (Allocation Failure)
[2019-04-15T13:28:16.243+0200][43,125s] GC(70) Using 4 workers of 4 for evacuation
[2019-04-15T13:28:16.288+0200][43,170s] GC(70) ParNew: 105840K->19931K(109248K)
[2019-04-15T13:28:16.288+0200][43,170s] GC(70) CMS: 144801K->144801K(393216K)
[2019-04-15T13:28:16.288+0200][43,170s] GC(70) Metaspace: 67898K->67898K(1112064K)
[2019-04-15T13:28:16.288+0200][43,170s] GC(70) Pause Young (Allocation Failure) 244M->160M(490M) 45,558ms
[2019-04-15T13:28:16.288+0200][43,170s] GC(70) User=0,12s Sys=0,00s Real=0,05s
[2019-04-15T13:28:16.450+0200][43,332s] GC(71) Pause Young (Allocation Failure)
[2019-04-15T13:28:16.450+0200][43,332s] GC(71) Using 4 workers of 4 for evacuation
[2019-04-15T13:28:16.462+0200][43,344s] GC(71) ParNew: 107355K->19804K(109248K)
[2019-04-15T13:28:16.462+0200][43,344s] GC(71) CMS: 144801K->144801K(393216K)
[2019-04-15T13:28:16.462+0200][43,344s] GC(71) Metaspace: 68033K->68033K(1112064K)
[2019-04-15T13:28:16.462+0200][43,344s] GC(71) Pause Young (Allocation Failure) 246M->160M(490M) 11,298ms
[2019-04-15T13:28:16.462+0200][43,344s] GC(71) User=0,03s Sys=0,00s Real=0,01s
[2019-04-15T13:28:16.591+0200][43,473s] GC(72) Pause Young (Allocation Failure)
[2019-04-15T13:28:16.591+0200][43,473s] GC(72) Using 4 workers of 4 for evacuation
[2019-04-15T13:28:16.611+0200][43,493s] GC(72) ParNew: 107228K->7740K(109248K)
[2019-04-15T13:28:16.611+0200][43,493s] GC(72) CMS: 144801K->157616K(393216K)
[2019-04-15T13:28:16.611+0200][43,493s] GC(72) Metaspace: 68195K->68195K(1112064K)
[2019-04-15T13:28:16.611+0200][43,493s] GC(72) Pause Young (Allocation Failure) 246M->161M(490M) 19,666ms
[2019-04-15T13:28:16.611+0200][43,493s] GC(72) User=0,05s Sys=0,00s Real=0,02s
[2019-04-15T13:28:16.796+0200][43,678s] GC(73) Pause Young (Allocation Failure)
[2019-04-15T13:28:16.797+0200][43,679s] GC(73) Using 4 workers of 4 for evacuation
[2019-04-15T13:28:16.807+0200][43,689s] GC(73) ParNew: 95164K->5817K(109248K)
[2019-04-15T13:28:16.807+0200][43,689s] GC(73) CMS: 157616K->157692K(393216K)
[2019-04-15T13:28:16.807+0200][43,689s] GC(73) Metaspace: 68479K->68479K(1112064K)
[2019-04-15T13:28:16.807+0200][43,689s] GC(73) Pause Young (Allocation Failure) 246M->159M(490M) 10,552ms
[2019-04-15T13:28:16.807+0200][43,689s] GC(73) User=0,03s Sys=0,00s Real=0,01s
[2019-04-15T13:28:16.929+0200][43,811s] GC(74) Pause Young (Allocation Failure)
[2019-04-15T13:28:16.929+0200][43,811s] GC(74) Using 4 workers of 4 for evacuation
[2019-04-15T13:28:16.944+0200][43,826s] GC(74) ParNew: 93241K->6015K(109248K)
[2019-04-15T13:28:16.944+0200][43,826s] GC(74) CMS: 157692K->157734K(393216K)
[2019-04-15T13:28:16.944+0200][43,826s] GC(74) Metaspace: 68499K->68499K(1112064K)
[2019-04-15T13:28:16.944+0200][43,826s] GC(74) Pause Young (Allocation Failure) 245M->159M(490M) 15,519ms
[2019-04-15T13:28:16.944+0200][43,826s] GC(74) User=0,04s Sys=0,01s Real=0,01s
[2019-04-15T13:28:17.092+0200][43,974s] GC(75) Pause Young (Allocation Failure)
[2019-04-15T13:28:17.092+0200][43,974s] GC(75) Using 4 workers of 4 for evacuation
[2019-04-15T13:28:17.107+0200][43,989s] GC(75) ParNew: 93439K->6328K(109248K)
[2019-04-15T13:28:17.107+0200][43,989s] GC(75) CMS: 157734K->157758K(393216K)
[2019-04-15T13:28:17.107+0200][43,989s] GC(75) Metaspace: 68512K->68512K(1112064K)
[2019-04-15T13:28:17.107+0200][43,989s] GC(75) Pause Young (Allocation Failure) 245M->160M(490M) 14,799ms
[2019-04-15T13:28:17.107+0200][43,989s] GC(75) User=0,03s Sys=0,01s Real=0,02s
[2019-04-15T13:28:17.395+0200][44,277s] GC(76) Pause Young (Allocation Failure)
[2019-04-15T13:28:17.395+0200][44,277s] GC(76) Using 4 workers of 4 for evacuation
[2019-04-15T13:28:17.420+0200][44,302s] GC(76) ParNew: 93752K->16088K(109248K)
[2019-04-15T13:28:17.420+0200][44,302s] GC(76) CMS: 157758K->157789K(393216K)
[2019-04-15T13:28:17.420+0200][44,302s] GC(76) Metaspace: 68532K->68532K(1112064K)
[2019-04-15T13:28:17.420+0200][44,302s] GC(76) Pause Young (Allocation Failure) 245M->169M(490M) 24,974ms
[2019-04-15T13:28:17.420+0200][44,302s] GC(76) User=0,08s Sys=0,00s Real=0,02s
[2019-04-15T13:28:17.579+0200][44,461s] GC(77) Pause Young (Allocation Failure)
[2019-04-15T13:28:17.579+0200][44,461s] GC(77) Using 4 workers of 4 for evacuation
[2019-04-15T13:28:17.590+0200][44,472s] GC(77) ParNew: 103512K->20591K(109248K)
[2019-04-15T13:28:17.590+0200][44,472s] GC(77) CMS: 157789K->157794K(393216K)
[2019-04-15T13:28:17.590+0200][44,472s] GC(77) Metaspace: 68532K->68532K(1112064K)
[2019-04-15T13:28:17.590+0200][44,472s] GC(77) Pause Young (Allocation Failure) 255M->174M(490M) 11,023ms
[2019-04-15T13:28:17.590+0200][44,472s] GC(77) User=0,03s Sys=0,00s Real=0,01s
[2019-04-15T13:28:17.728+0200][44,610s] GC(78) Pause Young (Allocation Failure)
[2019-04-15T13:28:17.728+0200][44,610s] GC(78) Using 4 workers of 4 for evacuation
[2019-04-15T13:28:17.743+0200][44,625s] GC(78) ParNew: 108015K->17478K(109248K)
[2019-04-15T13:28:17.743+0200][44,625s] GC(78) CMS: 157794K->157797K(393216K)
[2019-04-15T13:28:17.743+0200][44,625s] GC(78) Metaspace: 68533K->68533K(1112064K)
[2019-04-15T13:28:17.743+0200][44,625s] GC(78) Pause Young (Allocation Failure) 259M->171M(490M) 15,208ms
[2019-04-15T13:28:17.743+0200][44,625s] GC(78) User=0,04s Sys=0,00s Real=0,01s
[2019-04-15T13:28:17.924+0200][44,806s] GC(79) Pause Young (Allocation Failure)
[2019-04-15T13:28:17.924+0200][44,806s] GC(79) Using 4 workers of 4 for evacuation
[2019-04-15T13:28:17.958+0200][44,840s] GC(79) ParNew: 104902K->19239K(109248K)
[2019-04-15T13:28:17.958+0200][44,840s] GC(79) CMS: 157797K->157827K(393216K)
[2019-04-15T13:28:17.958+0200][44,840s] GC(79) Metaspace: 68534K->68534K(1112064K)
[2019-04-15T13:28:17.958+0200][44,840s] GC(79) Pause Young (Allocation Failure) 256M->172M(490M) 34,239ms
[2019-04-15T13:28:17.958+0200][44,840s] GC(79) User=0,10s Sys=0,00s Real=0,04s
[2019-04-15T13:28:18.149+0200][45,031s] GC(80) Pause Young (Allocation Failure)
[2019-04-15T13:28:18.150+0200][45,032s] GC(80) Using 4 workers of 4 for evacuation
[2019-04-15T13:28:18.173+0200][45,055s] GC(80) ParNew: 106663K->21824K(109248K)
[2019-04-15T13:28:18.173+0200][45,055s] GC(80) CMS: 157827K->161133K(393216K)
[2019-04-15T13:28:18.173+0200][45,055s] GC(80) Metaspace: 68564K->68564K(1112064K)
[2019-04-15T13:28:18.173+0200][45,055s] GC(80) Pause Young (Allocation Failure) 258M->178M(490M) 23,539ms
[2019-04-15T13:28:18.173+0200][45,055s] GC(80) User=0,05s Sys=0,00s Real=0,02s
[2019-04-15T13:28:18.563+0200][45,445s] GC(81) Pause Young (Allocation Failure)
[2019-04-15T13:28:18.563+0200][45,445s] GC(81) Using 4 workers of 4 for evacuation
[2019-04-15T13:28:18.584+0200][45,466s] GC(81) ParNew: 109248K->21824K(109248K)
[2019-04-15T13:28:18.584+0200][45,466s] GC(81) CMS: 161133K->168884K(393216K)
[2019-04-15T13:28:18.584+0200][45,466s] GC(81) Metaspace: 68586K->68586K(1112064K)
[2019-04-15T13:28:18.584+0200][45,466s] GC(81) Pause Young (Allocation Failure) 264M->186M(490M) 21,850ms
[2019-04-15T13:28:18.584+0200][45,467s] GC(81) User=0,03s Sys=0,00s Real=0,02s
[2019-04-15T13:28:18.849+0200][45,731s] GC(82) Pause Young (Allocation Failure)
[2019-04-15T13:28:18.849+0200][45,731s] GC(82) Using 4 workers of 4 for evacuation
[2019-04-15T13:28:18.899+0200][45,781s] GC(82) ParNew: 109248K->21824K(109248K)
[2019-04-15T13:28:18.899+0200][45,781s] GC(82) CMS: 168884K->202791K(393216K)
[2019-04-15T13:28:18.899+0200][45,781s] GC(82) Metaspace: 68587K->68587K(1112064K)
[2019-04-15T13:28:18.899+0200][45,781s] GC(82) Pause Young (Allocation Failure) 271M->219M(490M) 50,419ms
[2019-04-15T13:28:18.899+0200][45,781s] GC(82) User=0,13s Sys=0,00s Real=0,05s
[2019-04-15T13:28:18.899+0200][45,781s] GC(83) Pause Initial Mark
[2019-04-15T13:28:18.906+0200][45,788s] GC(83) Pause Initial Mark 220M->220M(490M) 6,525ms
[2019-04-15T13:28:18.906+0200][45,788s] GC(83) User=0,02s Sys=0,00s Real=0,01s
[2019-04-15T13:28:18.906+0200][45,788s] GC(83) Concurrent Mark
[2019-04-15T13:28:18.906+0200][45,788s] GC(83) Using 4 workers of 4 for marking
[2019-04-15T13:28:19.034+0200][45,916s] GC(83) Concurrent Mark 127,574ms
[2019-04-15T13:28:19.034+0200][45,916s] GC(83) User=0,35s Sys=0,03s Real=0,13s
[2019-04-15T13:28:19.034+0200][45,916s] GC(83) Concurrent Preclean
[2019-04-15T13:28:19.036+0200][45,918s] GC(83) Concurrent Preclean 2,193ms
[2019-04-15T13:28:19.036+0200][45,918s] GC(83) User=0,00s Sys=0,00s Real=0,00s
[2019-04-15T13:28:19.036+0200][45,918s] GC(83) Concurrent Abortable Preclean
[2019-04-15T13:28:19.168+0200][46,050s] GC(84) Pause Young (Allocation Failure)
[2019-04-15T13:28:19.168+0200][46,050s] GC(84) Using 4 workers of 4 for evacuation
[2019-04-15T13:28:19.183+0200][46,065s] GC(83) Concurrent Abortable Preclean 146,560ms
[2019-04-15T13:28:19.183+0200][46,065s] GC(83) User=0,42s Sys=0,01s Real=0,14s
[2019-04-15T13:28:19.190+0200][46,072s] GC(84) ParNew: 109248K->21824K(109248K)
[2019-04-15T13:28:19.190+0200][46,072s] GC(84) CMS: 202791K->209721K(393216K)
[2019-04-15T13:28:19.190+0200][46,072s] GC(84) Metaspace: 68594K->68594K(1112064K)
[2019-04-15T13:28:19.190+0200][46,072s] GC(84) Pause Young (Allocation Failure) 304M->226M(490M) 22,181ms
[2019-04-15T13:28:19.190+0200][46,072s] GC(84) User=0,05s Sys=0,01s Real=0,02s
[2019-04-15T13:28:19.205+0200][46,087s] GC(83) Pause Remark
[2019-04-15T13:28:19.205+0200][46,087s] GC(85) Pause Young (CMS Final Remark)
[2019-04-15T13:28:19.205+0200][46,087s] GC(85) Using 4 workers of 4 for evacuation
[2019-04-15T13:28:19.218+0200][46,100s] GC(85) ParNew: 32105K->21824K(109248K)
[2019-04-15T13:28:19.218+0200][46,100s] GC(85) CMS: 209721K->209721K(393216K)
[2019-04-15T13:28:19.218+0200][46,100s] GC(85) Metaspace: 68598K->68598K(1112064K)
[2019-04-15T13:28:19.218+0200][46,100s] GC(85) Pause Young (CMS Final Remark) 236M->226M(490M) 12,638ms
[2019-04-15T13:28:19.218+0200][46,100s] GC(85) User=0,04s Sys=0,00s Real=0,01s
[2019-04-15T13:28:19.277+0200][46,159s] GC(83) Pause Remark 236M->226M(490M) 71,699ms
[2019-04-15T13:28:19.277+0200][46,159s] GC(83) User=0,15s Sys=0,00s Real=0,07s
[2019-04-15T13:28:19.277+0200][46,159s] GC(83) Concurrent Sweep
[2019-04-15T13:28:19.401+0200][46,283s] GC(83) Concurrent Sweep 123,621ms
[2019-04-15T13:28:19.401+0200][46,283s] GC(83) User=0,27s Sys=0,03s Real=0,12s
[2019-04-15T13:28:19.401+0200][46,283s] GC(83) Concurrent Reset
[2019-04-15T13:28:19.401+0200][46,283s] GC(83) Concurrent Reset 0,611ms
[2019-04-15T13:28:19.401+0200][46,283s] GC(83) User=0,00s Sys=0,00s Real=0,00s
[2019-04-15T13:28:19.401+0200][46,283s] GC(83) Old: 202791K->171085K(393216K)
[2019-04-15T13:28:19.496+0200][46,378s] GC(86) Pause Young (Allocation Failure)
[2019-04-15T13:28:19.496+0200][46,378s] GC(86) Using 4 workers of 4 for evacuation
[2019-04-15T13:28:19.510+0200][46,392s] GC(86) ParNew: 109067K->21824K(109248K)
[2019-04-15T13:28:19.510+0200][46,392s] GC(86) CMS: 171085K->171118K(393216K)
[2019-04-15T13:28:19.510+0200][46,392s] GC(86) Metaspace: 68792K->68792K(1112064K)
[2019-04-15T13:28:19.510+0200][46,392s] GC(86) Pause Young (Allocation Failure) 273M->188M(490M) 14,075ms
[2019-04-15T13:28:19.510+0200][46,392s] GC(86) User=0,03s Sys=0,01s Real=0,01s
[2019-04-15T13:28:19.601+0200][46,483s] GC(87) Pause Young (Allocation Failure)
[2019-04-15T13:28:19.602+0200][46,484s] GC(87) Using 4 workers of 4 for evacuation
[2019-04-15T13:28:19.647+0200][46,529s] GC(87) ParNew: 109047K->21824K(109248K)
[2019-04-15T13:28:19.647+0200][46,529s] GC(87) CMS: 171118K->172112K(393216K)
[2019-04-15T13:28:19.647+0200][46,529s] GC(87) Metaspace: 68836K->68836K(1112064K)
[2019-04-15T13:28:19.647+0200][46,529s] GC(87) Pause Young (Allocation Failure) 273M->189M(490M) 45,292ms
[2019-04-15T13:28:19.647+0200][46,529s] GC(87) User=0,12s Sys=0,00s Real=0,05s
[2019-04-15T13:28:19.745+0200][46,627s] GC(88) Pause Young (Allocation Failure)
[2019-04-15T13:28:19.745+0200][46,627s] GC(88) Using 4 workers of 4 for evacuation
[2019-04-15T13:28:19.763+0200][46,645s] GC(88) ParNew: 109248K->21824K(109248K)
[2019-04-15T13:28:19.763+0200][46,645s] GC(88) CMS: 172112K->172144K(393216K)
[2019-04-15T13:28:19.763+0200][46,645s] GC(88) Metaspace: 68888K->68888K(1112064K)
[2019-04-15T13:28:19.763+0200][46,645s] GC(88) Pause Young (Allocation Failure) 274M->189M(490M) 18,258ms
[2019-04-15T13:28:19.764+0200][46,646s] GC(88) User=0,05s Sys=0,00s Real=0,01s
[2019-04-15T13:28:20.032+0200][46,914s] GC(89) Pause Young (Allocation Failure)
[2019-04-15T13:28:20.032+0200][46,914s] GC(89) Using 4 workers of 4 for evacuation
[2019-04-15T13:28:20.051+0200][46,933s] GC(89) ParNew: 109248K->18883K(109248K)
[2019-04-15T13:28:20.051+0200][46,933s] GC(89) CMS: 172144K->176029K(393216K)
[2019-04-15T13:28:20.051+0200][46,933s] GC(89) Metaspace: 68920K->68920K(1112064K)
[2019-04-15T13:28:20.051+0200][46,933s] GC(89) Pause Young (Allocation Failure) 274M->190M(490M) 19,512ms
[2019-04-15T13:28:20.051+0200][46,933s] GC(89) User=0,04s Sys=0,00s Real=0,02s
[2019-04-15T13:28:20.243+0200][47,125s] GC(90) Pause Young (Allocation Failure)
[2019-04-15T13:28:20.243+0200][47,125s] GC(90) Using 4 workers of 4 for evacuation
[2019-04-15T13:28:20.261+0200][47,143s] GC(90) ParNew: 106307K->14718K(109248K)
[2019-04-15T13:28:20.261+0200][47,143s] GC(90) CMS: 176029K->180461K(393216K)
[2019-04-15T13:28:20.261+0200][47,143s] GC(90) Metaspace: 68920K->68920K(1112064K)
[2019-04-15T13:28:20.261+0200][47,143s] GC(90) Pause Young (Allocation Failure) 275M->190M(490M) 17,675ms
[2019-04-15T13:28:20.261+0200][47,143s] GC(90) User=0,04s Sys=0,00s Real=0,02s
[2019-04-15T13:28:20.379+0200][47,261s] GC(91) Pause Young (Allocation Failure)
[2019-04-15T13:28:20.379+0200][47,261s] GC(91) Using 4 workers of 4 for evacuation
[2019-04-15T13:28:20.390+0200][47,272s] GC(91) ParNew: 102142K->6384K(109248K)
[2019-04-15T13:28:20.390+0200][47,272s] GC(91) CMS: 180461K->186857K(393216K)
[2019-04-15T13:28:20.390+0200][47,272s] GC(91) Metaspace: 68920K->68920K(1112064K)
[2019-04-15T13:28:20.390+0200][47,272s] GC(91) Pause Young (Allocation Failure) 275M->188M(490M) 11,031ms
[2019-04-15T13:28:20.390+0200][47,272s] GC(91) User=0,02s Sys=0,00s Real=0,01s
[2019-04-15T13:28:20.680+0200][47,562s] GC(92) Pause Young (Allocation Failure)
[2019-04-15T13:28:20.680+0200][47,563s] GC(92) Using 4 workers of 4 for evacuation
[2019-04-15T13:28:20.704+0200][47,586s] GC(92) ParNew: 93808K->18151K(109248K)
[2019-04-15T13:28:20.704+0200][47,586s] GC(92) CMS: 186857K->187134K(393216K)
[2019-04-15T13:28:20.704+0200][47,586s] GC(92) Metaspace: 68922K->68922K(1112064K)
[2019-04-15T13:28:20.704+0200][47,586s] GC(92) Pause Young (Allocation Failure) 274M->200M(490M) 23,608ms
[2019-04-15T13:28:20.704+0200][47,586s] GC(92) User=0,07s Sys=0,00s Real=0,02s
[2019-04-15T13:28:20.969+0200][47,851s] GC(93) Pause Young (Allocation Failure)
[2019-04-15T13:28:20.969+0200][47,851s] GC(93) Using 4 workers of 4 for evacuation
[2019-04-15T13:28:20.991+0200][47,873s] GC(93) ParNew: 105575K->21824K(109248K)
[2019-04-15T13:28:20.991+0200][47,873s] GC(93) CMS: 187134K->187154K(393216K)
[2019-04-15T13:28:20.991+0200][47,873s] GC(93) Metaspace: 68922K->68922K(1112064K)
[2019-04-15T13:28:20.991+0200][47,873s] GC(93) Pause Young (Allocation Failure) 285M->204M(490M) 22,039ms
[2019-04-15T13:28:20.991+0200][47,873s] GC(93) User=0,06s Sys=0,00s Real=0,02s
[2019-04-15T13:28:21.173+0200][48,055s] GC(94) Pause Young (Allocation Failure)
[2019-04-15T13:28:21.173+0200][48,055s] GC(94) Using 4 workers of 4 for evacuation
[2019-04-15T13:28:21.197+0200][48,079s] GC(94) ParNew: 109248K->21824K(109248K)
[2019-04-15T13:28:21.197+0200][48,079s] GC(94) CMS: 187154K->187682K(393216K)
[2019-04-15T13:28:21.197+0200][48,079s] GC(94) Metaspace: 68922K->68922K(1112064K)
[2019-04-15T13:28:21.197+0200][48,079s] GC(94) Pause Young (Allocation Failure) 289M->204M(490M) 23,563ms
[2019-04-15T13:28:21.197+0200][48,079s] GC(94) User=0,03s Sys=0,00s Real=0,02s
[2019-04-15T13:28:21.413+0200][48,295s] GC(95) Pause Young (Allocation Failure)
[2019-04-15T13:28:21.413+0200][48,295s] GC(95) Using 4 workers of 4 for evacuation
[2019-04-15T13:28:21.436+0200][48,318s] GC(95) ParNew: 109248K->21824K(109248K)
[2019-04-15T13:28:21.436+0200][48,318s] GC(95) CMS: 187682K->189641K(393216K)
[2019-04-15T13:28:21.436+0200][48,318s] GC(95) Metaspace: 68922K->68922K(1112064K)
[2019-04-15T13:28:21.436+0200][48,318s] GC(95) Pause Young (Allocation Failure) 289M->206M(490M) 22,824ms
[2019-04-15T13:28:21.436+0200][48,318s] GC(95) User=0,05s Sys=0,00s Real=0,02s
[2019-04-15T13:28:21.808+0200][48,690s] GC(96) Pause Young (Allocation Failure)
[2019-04-15T13:28:21.808+0200][48,690s] GC(96) Using 4 workers of 4 for evacuation
[2019-04-15T13:28:21.843+0200][48,725s] GC(96) ParNew: 109248K->21824K(109248K)
[2019-04-15T13:28:21.843+0200][48,725s] GC(96) CMS: 189641K->189659K(393216K)
[2019-04-15T13:28:21.843+0200][48,725s] GC(96) Metaspace: 68922K->68922K(1112064K)
[2019-04-15T13:28:21.843+0200][48,725s] GC(96) Pause Young (Allocation Failure) 291M->206M(490M) 35,103ms
[2019-04-15T13:28:21.843+0200][48,725s] GC(96) User=0,05s Sys=0,00s Real=0,03s
[2019-04-15T13:28:22.317+0200][49,199s] GC(97) Pause Young (Allocation Failure)
[2019-04-15T13:28:22.317+0200][49,199s] GC(97) Using 4 workers of 4 for evacuation
[2019-04-15T13:28:22.351+0200][49,233s] GC(97) ParNew: 109248K->21824K(109248K)
[2019-04-15T13:28:22.351+0200][49,233s] GC(97) CMS: 189659K->189818K(393216K)
[2019-04-15T13:28:22.351+0200][49,233s] GC(97) Metaspace: 68922K->68922K(1112064K)
[2019-04-15T13:28:22.351+0200][49,233s] GC(97) Pause Young (Allocation Failure) 291M->206M(490M) 34,382ms
[2019-04-15T13:28:22.351+0200][49,233s] GC(97) User=0,06s Sys=0,00s Real=0,03s
[2019-04-15T13:28:22.626+0200][49,508s] GC(98) Pause Young (Allocation Failure)
[2019-04-15T13:28:22.626+0200][49,508s] GC(98) Using 4 workers of 4 for evacuation
[2019-04-15T13:28:22.671+0200][49,553s] GC(98) ParNew: 109248K->21824K(109248K)
[2019-04-15T13:28:22.671+0200][49,553s] GC(98) CMS: 189818K->189897K(393216K)
[2019-04-15T13:28:22.671+0200][49,553s] GC(98) Metaspace: 68922K->68922K(1112064K)
[2019-04-15T13:28:22.671+0200][49,553s] GC(98) Pause Young (Allocation Failure) 292M->206M(490M) 44,469ms
[2019-04-15T13:28:22.671+0200][49,553s] GC(98) User=0,05s Sys=0,00s Real=0,04s
[2019-04-15T13:28:22.874+0200][49,756s] GC(99) Pause Young (Allocation Failure)
[2019-04-15T13:28:22.874+0200][49,756s] GC(99) Using 4 workers of 4 for evacuation
[2019-04-15T13:28:22.899+0200][49,781s] GC(99) ParNew: 109248K->21824K(109248K)
[2019-04-15T13:28:22.899+0200][49,781s] GC(99) CMS: 189897K->190550K(393216K)
[2019-04-15T13:28:22.899+0200][49,781s] GC(99) Metaspace: 68922K->68922K(1112064K)
[2019-04-15T13:28:22.899+0200][49,781s] GC(99) Pause Young (Allocation Failure) 292M->207M(490M) 24,450ms
[2019-04-15T13:28:22.899+0200][49,781s] GC(99) User=0,04s Sys=0,00s Real=0,02s
[2019-04-15T13:28:23.038+0200][49,920s] GC(100) Pause Young (Allocation Failure)
[2019-04-15T13:28:23.038+0200][49,920s] GC(100) Using 4 workers of 4 for evacuation
[2019-04-15T13:28:23.061+0200][49,943s] GC(100) ParNew: 109248K->11630K(109248K)
[2019-04-15T13:28:23.061+0200][49,943s] GC(100) CMS: 190550K->203632K(393216K)
[2019-04-15T13:28:23.061+0200][49,943s] GC(100) Metaspace: 68922K->68922K(1112064K)
[2019-04-15T13:28:23.061+0200][49,943s] GC(100) Pause Young (Allocation Failure) 292M->210M(490M) 22,535ms
[2019-04-15T13:28:23.061+0200][49,943s] GC(100) User=0,04s Sys=0,00s Real=0,02s
[2019-04-15T13:28:23.065+0200][49,947s] GC(101) Pause Initial Mark
[2019-04-15T13:28:23.067+0200][49,949s] GC(101) Pause Initial Mark 211M->211M(490M) 1,882ms
[2019-04-15T13:28:23.067+0200][49,949s] GC(101) User=0,01s Sys=0,00s Real=0,01s
[2019-04-15T13:28:23.067+0200][49,949s] GC(101) Concurrent Mark
[2019-04-15T13:28:23.067+0200][49,949s] GC(101) Using 4 workers of 4 for marking
[2019-04-15T13:28:23.137+0200][50,019s] GC(101) Concurrent Mark 70,088ms
[2019-04-15T13:28:23.137+0200][50,019s] GC(101) User=0,17s Sys=0,01s Real=0,07s
[2019-04-15T13:28:23.137+0200][50,019s] GC(101) Concurrent Preclean
[2019-04-15T13:28:23.139+0200][50,021s] GC(101) Concurrent Preclean 1,938ms
[2019-04-15T13:28:23.139+0200][50,021s] GC(101) User=0,01s Sys=0,00s Real=0,00s
[2019-04-15T13:28:23.139+0200][50,021s] GC(101) Concurrent Abortable Preclean
[2019-04-15T13:28:23.890+0200][50,772s] GC(101) Concurrent Abortable Preclean 750,701ms
[2019-04-15T13:28:23.890+0200][50,772s] GC(101) User=1,51s Sys=0,03s Real=0,75s
[2019-04-15T13:28:23.890+0200][50,772s] GC(101) Pause Remark
[2019-04-15T13:28:23.995+0200][50,877s] GC(101) Pause Remark 254M->254M(490M) 104,545ms
[2019-04-15T13:28:23.995+0200][50,877s] GC(101) User=0,25s Sys=0,02s Real=0,11s
[2019-04-15T13:28:23.995+0200][50,877s] GC(101) Concurrent Sweep
[2019-04-15T13:28:24.013+0200][50,895s] GC(102) Pause Young (GCLocker Initiated GC)
[2019-04-15T13:28:24.013+0200][50,895s] GC(102) Using 4 workers of 4 for evacuation
[2019-04-15T13:28:24.041+0200][50,923s] GC(102) ParNew: 56836K->5313K(109248K)
[2019-04-15T13:28:24.041+0200][50,923s] GC(102) CMS: 184640K->184644K(393216K)
[2019-04-15T13:28:24.041+0200][50,923s] GC(102) Metaspace: 72158K->72158K(1116160K)
[2019-04-15T13:28:24.041+0200][50,923s] GC(102) Pause Young (GCLocker Initiated GC) 235M->185M(490M) 27,870ms
[2019-04-15T13:28:24.041+0200][50,923s] GC(102) User=0,06s Sys=0,00s Real=0,02s
[2019-04-15T13:28:24.072+0200][50,954s] GC(101) Concurrent Sweep 77,203ms
[2019-04-15T13:28:24.072+0200][50,954s] GC(101) User=0,15s Sys=0,00s Real=0,07s
[2019-04-15T13:28:24.072+0200][50,954s] GC(101) Concurrent Reset
[2019-04-15T13:28:24.072+0200][50,954s] GC(101) Concurrent Reset 0,427ms
[2019-04-15T13:28:24.072+0200][50,954s] GC(101) User=0,00s Sys=0,00s Real=0,00s
[2019-04-15T13:28:24.072+0200][50,954s] GC(101) Old: 203632K->130764K(393216K)
[2019-04-15T13:28:25.258+0200][52,140s] GC(103) Pause Young (Allocation Failure)
[2019-04-15T13:28:25.258+0200][52,140s] GC(103) Using 4 workers of 4 for evacuation
[2019-04-15T13:28:25.283+0200][52,165s] GC(103) ParNew: 92737K->21824K(109248K)
[2019-04-15T13:28:25.283+0200][52,165s] GC(103) CMS: 130764K->145225K(393216K)
[2019-04-15T13:28:25.283+0200][52,165s] GC(103) Metaspace: 75478K->75478K(1118208K)
[2019-04-15T13:28:25.283+0200][52,165s] GC(103) Pause Young (Allocation Failure) 218M->163M(490M) 25,447ms
[2019-04-15T13:28:25.283+0200][52,165s] GC(103) User=0,04s Sys=0,00s Real=0,02s
[2019-04-15T13:28:25.407+0200][52,289s] GC(104) Pause Young (Allocation Failure)
[2019-04-15T13:28:25.407+0200][52,289s] GC(104) Using 4 workers of 4 for evacuation
[2019-04-15T13:28:25.475+0200][52,357s] GC(104) ParNew: 109248K->21824K(109248K)
[2019-04-15T13:28:25.475+0200][52,357s] GC(104) CMS: 145225K->193349K(393216K)
[2019-04-15T13:28:25.475+0200][52,357s] GC(104) Metaspace: 75478K->75478K(1118208K)
[2019-04-15T13:28:25.475+0200][52,357s] GC(104) Pause Young (Allocation Failure) 248M->210M(490M) 68,233ms
[2019-04-15T13:28:25.475+0200][52,357s] GC(104) User=0,17s Sys=0,01s Real=0,07s
[2019-04-15T13:28:25.678+0200][52,560s] GC(105) Pause Young (Allocation Failure)
[2019-04-15T13:28:25.678+0200][52,560s] GC(105) Using 4 workers of 4 for evacuation
[2019-04-15T13:28:25.705+0200][52,587s] GC(105) ParNew: 109248K->21824K(109248K)
[2019-04-15T13:28:25.705+0200][52,587s] GC(105) CMS: 193349K->207541K(393216K)
[2019-04-15T13:28:25.705+0200][52,587s] GC(105) Metaspace: 75482K->75482K(1118208K)
[2019-04-15T13:28:25.705+0200][52,587s] GC(105) Pause Young (Allocation Failure) 295M->223M(490M) 26,658ms
[2019-04-15T13:28:25.705+0200][52,587s] GC(105) User=0,05s Sys=0,00s Real=0,02s
[2019-04-15T13:28:25.705+0200][52,587s] GC(106) Pause Initial Mark
[2019-04-15T13:28:25.707+0200][52,589s] GC(106) Pause Initial Mark 223M->223M(490M) 2,238ms
[2019-04-15T13:28:25.707+0200][52,589s] GC(106) User=0,01s Sys=0,01s Real=0,00s
[2019-04-15T13:28:25.707+0200][52,589s] GC(106) Concurrent Mark
[2019-04-15T13:28:25.707+0200][52,589s] GC(106) Using 4 workers of 4 for marking
[2019-04-15T13:28:25.781+0200][52,663s] GC(106) Concurrent Mark 73,324ms
[2019-04-15T13:28:25.781+0200][52,663s] GC(106) User=0,16s Sys=0,03s Real=0,07s
[2019-04-15T13:28:25.781+0200][52,663s] GC(106) Concurrent Preclean
[2019-04-15T13:28:25.782+0200][52,664s] GC(106) Concurrent Preclean 0,884ms
[2019-04-15T13:28:25.782+0200][52,664s] GC(106) User=0,00s Sys=0,00s Real=0,00s
[2019-04-15T13:28:25.782+0200][52,664s] GC(106) Concurrent Abortable Preclean
[2019-04-15T13:28:26.130+0200][53,012s] GC(107) Pause Young (Allocation Failure)
[2019-04-15T13:28:26.130+0200][53,012s] GC(107) Using 4 workers of 4 for evacuation
[2019-04-15T13:28:26.176+0200][53,058s] GC(107) ParNew: 109248K->21824K(109248K)
[2019-04-15T13:28:26.176+0200][53,058s] GC(107) CMS: 207541K->237118K(393216K)
[2019-04-15T13:28:26.176+0200][53,058s] GC(107) Metaspace: 75495K->75495K(1118208K)
[2019-04-15T13:28:26.176+0200][53,058s] GC(107) Pause Young (Allocation Failure) 309M->252M(490M) 46,334ms
[2019-04-15T13:28:26.176+0200][53,058s] GC(107) User=0,05s Sys=0,02s Real=0,05s
[2019-04-15T13:28:26.309+0200][53,191s] GC(106) Concurrent Abortable Preclean 527,384ms
[2019-04-15T13:28:26.309+0200][53,191s] GC(106) User=0,82s Sys=0,18s Real=0,53s
[2019-04-15T13:28:26.309+0200][53,191s] GC(106) Pause Remark
[2019-04-15T13:28:26.364+0200][53,246s] GC(106) Pause Remark 332M->332M(490M) 54,971ms
[2019-04-15T13:28:26.364+0200][53,246s] GC(106) User=0,10s Sys=0,00s Real=0,05s
[2019-04-15T13:28:26.364+0200][53,246s] GC(106) Concurrent Sweep
[2019-04-15T13:28:26.377+0200][53,259s] GC(108) Pause Young (GCLocker Initiated GC)
[2019-04-15T13:28:26.377+0200][53,259s] GC(108) Using 4 workers of 4 for evacuation
[2019-04-15T13:28:26.414+0200][53,296s] GC(108) ParNew: 102874K->21824K(109248K)
[2019-04-15T13:28:26.414+0200][53,296s] GC(108) CMS: 236688K->251248K(393216K)
[2019-04-15T13:28:26.414+0200][53,296s] GC(108) Metaspace: 75501K->75501K(1118208K)
[2019-04-15T13:28:26.414+0200][53,296s] GC(108) Pause Young (GCLocker Initiated GC) 331M->266M(490M) 37,106ms
[2019-04-15T13:28:26.414+0200][53,296s] GC(108) User=0,08s Sys=0,01s Real=0,04s
[2019-04-15T13:28:26.463+0200][53,345s] GC(106) Concurrent Sweep 99,018ms
[2019-04-15T13:28:26.463+0200][53,345s] GC(106) User=0,21s Sys=0,01s Real=0,10s
[2019-04-15T13:28:26.463+0200][53,345s] GC(106) Concurrent Reset
[2019-04-15T13:28:26.464+0200][53,346s] GC(106) Concurrent Reset 0,398ms
[2019-04-15T13:28:26.464+0200][53,346s] GC(106) User=0,01s Sys=0,00s Real=0,00s
[2019-04-15T13:28:26.464+0200][53,346s] GC(106) Old: 207541K->185420K(393216K)
[2019-04-15T13:28:27.389+0200][54,271s] GC(109) Pause Young (Allocation Failure)
[2019-04-15T13:28:27.389+0200][54,271s] GC(109) Using 4 workers of 4 for evacuation
[2019-04-15T13:28:27.405+0200][54,287s] GC(109) ParNew: 109248K->20962K(109248K)
[2019-04-15T13:28:27.405+0200][54,287s] GC(109) CMS: 185420K->186446K(393216K)
[2019-04-15T13:28:27.405+0200][54,287s] GC(109) Metaspace: 76169K->76169K(1120256K)
[2019-04-15T13:28:27.405+0200][54,287s] GC(109) Pause Young (Allocation Failure) 287M->202M(490M) 16,265ms
[2019-04-15T13:28:27.405+0200][54,287s] GC(109) User=0,05s Sys=0,00s Real=0,02s
[2019-04-15T13:28:28.100+0200][54,982s] GC(110) Pause Young (Allocation Failure)
[2019-04-15T13:28:28.100+0200][54,982s] GC(110) Using 4 workers of 4 for evacuation
[2019-04-15T13:28:28.115+0200][54,997s] GC(110) ParNew: 108386K->7282K(109248K)
[2019-04-15T13:28:28.115+0200][54,997s] GC(110) CMS: 186446K->186446K(393216K)
[2019-04-15T13:28:28.115+0200][54,997s] GC(110) Metaspace: 76875K->76875K(1120256K)
[2019-04-15T13:28:28.115+0200][54,997s] GC(110) Pause Young (Allocation Failure) 287M->189M(490M) 14,415ms
[2019-04-15T13:28:28.115+0200][54,997s] GC(110) User=0,04s Sys=0,00s Real=0,02s
[2019-04-15T13:28:28.762+0200][55,644s] GC(111) Pause Young (Allocation Failure)
[2019-04-15T13:28:28.762+0200][55,644s] GC(111) Using 4 workers of 4 for evacuation
[2019-04-15T13:28:28.780+0200][55,662s] GC(111) ParNew: 94706K->5888K(109248K)
[2019-04-15T13:28:28.780+0200][55,662s] GC(111) CMS: 186446K->186446K(393216K)
[2019-04-15T13:28:28.780+0200][55,662s] GC(111) Metaspace: 77160K->77160K(1120256K)
[2019-04-15T13:28:28.780+0200][55,662s] GC(111) Pause Young (Allocation Failure) 274M->187M(490M) 18,061ms
[2019-04-15T13:28:28.780+0200][55,662s] GC(111) User=0,04s Sys=0,00s Real=0,02s
[2019-04-15T13:28:29.284+0200][56,166s] GC(112) Pause Young (Allocation Failure)
[2019-04-15T13:28:29.284+0200][56,166s] GC(112) Using 4 workers of 4 for evacuation
[2019-04-15T13:28:29.298+0200][56,180s] GC(112) ParNew: 93312K->7266K(109248K)
[2019-04-15T13:28:29.298+0200][56,180s] GC(112) CMS: 186446K->186446K(393216K)
[2019-04-15T13:28:29.298+0200][56,180s] GC(112) Metaspace: 77296K->77296K(1120256K)
[2019-04-15T13:28:29.298+0200][56,180s] GC(112) Pause Young (Allocation Failure) 273M->189M(490M) 13,867ms
[2019-04-15T13:28:29.298+0200][56,180s] GC(112) User=0,04s Sys=0,00s Real=0,02s
[2019-04-15T13:28:29.813+0200][56,695s] GC(113) Pause Young (Allocation Failure)
[2019-04-15T13:28:29.813+0200][56,695s] GC(113) Using 4 workers of 4 for evacuation
[2019-04-15T13:28:29.822+0200][56,704s] GC(113) ParNew: 94690K->6971K(109248K)
[2019-04-15T13:28:29.822+0200][56,704s] GC(113) CMS: 186446K->186446K(393216K)
[2019-04-15T13:28:29.822+0200][56,704s] GC(113) Metaspace: 77423K->77423K(1120256K)
[2019-04-15T13:28:29.822+0200][56,704s] GC(113) Pause Young (Allocation Failure) 274M->188M(490M) 8,308ms
[2019-04-15T13:28:29.822+0200][56,704s] GC(113) User=0,02s Sys=0,00s Real=0,00s
[2019-04-15T13:28:30.092+0200][56,974s] GC(114) Pause Young (Allocation Failure)
[2019-04-15T13:28:30.092+0200][56,974s] GC(114) Using 4 workers of 4 for evacuation
[2019-04-15T13:28:30.112+0200][56,994s] GC(114) ParNew: 94395K->14878K(109248K)
[2019-04-15T13:28:30.112+0200][56,994s] GC(114) CMS: 186446K->186446K(393216K)
[2019-04-15T13:28:30.112+0200][56,994s] GC(114) Metaspace: 77463K->77463K(1120256K)
[2019-04-15T13:28:30.112+0200][56,994s] GC(114) Pause Young (Allocation Failure) 274M->196M(490M) 20,280ms
[2019-04-15T13:28:30.112+0200][56,994s] GC(114) User=0,05s Sys=0,00s Real=0,02s
[2019-04-15T13:28:30.242+0200][57,124s] GC(115) Pause Young (Allocation Failure)
[2019-04-15T13:28:30.242+0200][57,124s] GC(115) Using 4 workers of 4 for evacuation
[2019-04-15T13:28:30.259+0200][57,141s] GC(115) ParNew: 102302K->20471K(109248K)
[2019-04-15T13:28:30.259+0200][57,141s] GC(115) CMS: 186446K->186446K(393216K)
[2019-04-15T13:28:30.259+0200][57,141s] GC(115) Metaspace: 77463K->77463K(1120256K)
[2019-04-15T13:28:30.259+0200][57,141s] GC(115) Pause Young (Allocation Failure) 281M->202M(490M) 16,688ms
[2019-04-15T13:28:30.259+0200][57,141s] GC(115) User=0,04s Sys=0,00s Real=0,02s
[2019-04-15T13:28:30.383+0200][57,265s] GC(116) Pause Young (Allocation Failure)
[2019-04-15T13:28:30.383+0200][57,265s] GC(116) Using 4 workers of 4 for evacuation
[2019-04-15T13:28:30.413+0200][57,295s] GC(116) ParNew: 107895K->20112K(109248K)
[2019-04-15T13:28:30.413+0200][57,295s] GC(116) CMS: 186446K->186507K(393216K)
[2019-04-15T13:28:30.413+0200][57,295s] GC(116) Metaspace: 77463K->77463K(1120256K)
[2019-04-15T13:28:30.413+0200][57,295s] GC(116) Pause Young (Allocation Failure) 287M->201M(490M) 30,624ms
[2019-04-15T13:28:30.413+0200][57,295s] GC(116) User=0,08s Sys=0,00s Real=0,04s
[2019-04-15T13:28:30.562+0200][57,444s] GC(117) Pause Young (Allocation Failure)
[2019-04-15T13:28:30.562+0200][57,444s] GC(117) Using 4 workers of 4 for evacuation
[2019-04-15T13:28:30.580+0200][57,462s] GC(117) ParNew: 107536K->17353K(109248K)
[2019-04-15T13:28:30.580+0200][57,462s] GC(117) CMS: 186507K->187468K(393216K)
[2019-04-15T13:28:30.580+0200][57,462s] GC(117) Metaspace: 77463K->77463K(1120256K)
[2019-04-15T13:28:30.580+0200][57,462s] GC(117) Pause Young (Allocation Failure) 287M->200M(490M) 18,210ms
[2019-04-15T13:28:30.580+0200][57,462s] GC(117) User=0,04s Sys=0,00s Real=0,02s
[2019-04-15T13:28:30.703+0200][57,585s] GC(118) Pause Young (Allocation Failure)
[2019-04-15T13:28:30.703+0200][57,585s] GC(118) Using 4 workers of 4 for evacuation
[2019-04-15T13:28:30.715+0200][57,597s] GC(118) ParNew: 104777K->20988K(109248K)
[2019-04-15T13:28:30.715+0200][57,597s] GC(118) CMS: 187468K->187791K(393216K)
[2019-04-15T13:28:30.715+0200][57,597s] GC(118) Metaspace: 77463K->77463K(1120256K)
[2019-04-15T13:28:30.715+0200][57,597s] GC(118) Pause Young (Allocation Failure) 285M->203M(490M) 12,178ms
[2019-04-15T13:28:30.715+0200][57,597s] GC(118) User=0,02s Sys=0,00s Real=0,02s
[2019-04-15T13:28:30.878+0200][57,760s] GC(119) Pause Young (Allocation Failure)
[2019-04-15T13:28:30.879+0200][57,761s] GC(119) Using 4 workers of 4 for evacuation
[2019-04-15T13:28:30.892+0200][57,774s] GC(119) ParNew: 108412K->14794K(109248K)
[2019-04-15T13:28:30.892+0200][57,774s] GC(119) CMS: 187791K->187884K(393216K)
[2019-04-15T13:28:30.892+0200][57,774s] GC(119) Metaspace: 77517K->77517K(1120256K)
[2019-04-15T13:28:30.892+0200][57,774s] GC(119) Pause Young (Allocation Failure) 289M->197M(490M) 13,228ms
[2019-04-15T13:28:30.892+0200][57,774s] GC(119) User=0,03s Sys=0,00s Real=0,01s
[2019-04-15T13:28:31.033+0200][57,915s] GC(120) Pause Young (Allocation Failure)
[2019-04-15T13:28:31.033+0200][57,915s] GC(120) Using 4 workers of 4 for evacuation
[2019-04-15T13:28:31.049+0200][57,931s] GC(120) ParNew: 102218K->12049K(109248K)
[2019-04-15T13:28:31.049+0200][57,931s] GC(120) CMS: 187884K->188096K(393216K)
[2019-04-15T13:28:31.049+0200][57,931s] GC(120) Metaspace: 77521K->77521K(1120256K)
[2019-04-15T13:28:31.049+0200][57,931s] GC(120) Pause Young (Allocation Failure) 283M->195M(490M) 16,032ms
[2019-04-15T13:28:31.049+0200][57,931s] GC(120) User=0,04s Sys=0,00s Real=0,01s
[2019-04-15T13:28:31.172+0200][58,054s] GC(121) Pause Young (Allocation Failure)
[2019-04-15T13:28:31.172+0200][58,054s] GC(121) Using 4 workers of 4 for evacuation
[2019-04-15T13:28:31.191+0200][58,073s] GC(121) ParNew: 99473K->10332K(109248K)
[2019-04-15T13:28:31.191+0200][58,073s] GC(121) CMS: 188096K->188305K(393216K)
[2019-04-15T13:28:31.191+0200][58,073s] GC(121) Metaspace: 77522K->77522K(1120256K)
[2019-04-15T13:28:31.191+0200][58,073s] GC(121) Pause Young (Allocation Failure) 280M->193M(490M) 18,937ms
[2019-04-15T13:28:31.191+0200][58,073s] GC(121) User=0,06s Sys=0,00s Real=0,02s
[2019-04-15T13:28:31.295+0200][58,177s] GC(122) Pause Young (Allocation Failure)
[2019-04-15T13:28:31.295+0200][58,177s] GC(122) Using 4 workers of 4 for evacuation
[2019-04-15T13:28:31.314+0200][58,196s] GC(122) ParNew: 97756K->12088K(109248K)
[2019-04-15T13:28:31.314+0200][58,196s] GC(122) CMS: 188305K->189518K(393216K)
[2019-04-15T13:28:31.314+0200][58,196s] GC(122) Metaspace: 77522K->77522K(1120256K)
[2019-04-15T13:28:31.314+0200][58,196s] GC(122) Pause Young (Allocation Failure) 279M->196M(490M) 18,996ms
[2019-04-15T13:28:31.314+0200][58,196s] GC(122) User=0,04s Sys=0,00s Real=0,02s
[2019-04-15T13:28:31.418+0200][58,300s] GC(123) Pause Young (Allocation Failure)
[2019-04-15T13:28:31.418+0200][58,300s] GC(123) Using 4 workers of 4 for evacuation
[2019-04-15T13:28:31.435+0200][58,317s] GC(123) ParNew: 99512K->8680K(109248K)
[2019-04-15T13:28:31.435+0200][58,317s] GC(123) CMS: 189518K->189569K(393216K)
[2019-04-15T13:28:31.435+0200][58,317s] GC(123) Metaspace: 77528K->77528K(1120256K)
[2019-04-15T13:28:31.435+0200][58,317s] GC(123) Pause Young (Allocation Failure) 282M->193M(490M) 16,922ms
[2019-04-15T13:28:31.435+0200][58,317s] GC(123) User=0,05s Sys=0,00s Real=0,02s
[2019-04-15T13:28:31.528+0200][58,410s] GC(124) Pause Young (Allocation Failure)
[2019-04-15T13:28:31.528+0200][58,410s] GC(124) Using 4 workers of 4 for evacuation
[2019-04-15T13:28:31.543+0200][58,425s] GC(124) ParNew: 96104K->9728K(109248K)
[2019-04-15T13:28:31.543+0200][58,425s] GC(124) CMS: 189569K->189594K(393216K)
[2019-04-15T13:28:31.543+0200][58,425s] GC(124) Metaspace: 77528K->77528K(1120256K)
[2019-04-15T13:28:31.543+0200][58,425s] GC(124) Pause Young (Allocation Failure) 278M->194M(490M) 15,668ms
[2019-04-15T13:28:31.543+0200][58,425s] GC(124) User=0,04s Sys=0,01s Real=0,01s
[2019-04-15T13:28:31.619+0200][58,501s] GC(125) Pause Young (Allocation Failure)
[2019-04-15T13:28:31.619+0200][58,501s] GC(125) Using 4 workers of 4 for evacuation
[2019-04-15T13:28:31.648+0200][58,530s] GC(125) ParNew: 97152K->10142K(109248K)
[2019-04-15T13:28:31.648+0200][58,530s] GC(125) CMS: 189594K->189613K(393216K)
[2019-04-15T13:28:31.648+0200][58,530s] GC(125) Metaspace: 77551K->77551K(1120256K)
[2019-04-15T13:28:31.648+0200][58,530s] GC(125) Pause Young (Allocation Failure) 280M->195M(490M) 28,802ms
[2019-04-15T13:28:31.648+0200][58,530s] GC(125) User=0,04s Sys=0,00s Real=0,03s
[2019-04-15T13:28:31.775+0200][58,657s] GC(126) Pause Young (Allocation Failure)
[2019-04-15T13:28:31.775+0200][58,657s] GC(126) Using 4 workers of 4 for evacuation
[2019-04-15T13:28:31.790+0200][58,672s] GC(126) ParNew: 97566K->9714K(109248K)
[2019-04-15T13:28:31.790+0200][58,672s] GC(126) CMS: 189613K->189627K(393216K)
[2019-04-15T13:28:31.790+0200][58,672s] GC(126) Metaspace: 77554K->77554K(1120256K)
[2019-04-15T13:28:31.790+0200][58,672s] GC(126) Pause Young (Allocation Failure) 280M->194M(490M) 15,033ms
[2019-04-15T13:28:31.790+0200][58,672s] GC(126) User=0,04s Sys=0,00s Real=0,01s
[2019-04-15T13:28:31.925+0200][58,807s] GC(127) Pause Young (Allocation Failure)
[2019-04-15T13:28:31.925+0200][58,807s] GC(127) Using 4 workers of 4 for evacuation
[2019-04-15T13:28:31.941+0200][58,823s] GC(127) ParNew: 97138K->9491K(109248K)
[2019-04-15T13:28:31.941+0200][58,823s] GC(127) CMS: 189627K->189714K(393216K)
[2019-04-15T13:28:31.941+0200][58,823s] GC(127) Metaspace: 77554K->77554K(1120256K)
[2019-04-15T13:28:31.941+0200][58,823s] GC(127) Pause Young (Allocation Failure) 280M->194M(490M) 16,250ms
[2019-04-15T13:28:31.941+0200][58,823s] GC(127) User=0,03s Sys=0,00s Real=0,02s
[2019-04-15T13:28:32.084+0200][58,966s] GC(128) Pause Young (Allocation Failure)
[2019-04-15T13:28:32.084+0200][58,966s] GC(128) Using 4 workers of 4 for evacuation
[2019-04-15T13:28:32.111+0200][58,993s] GC(128) ParNew: 96915K->6988K(109248K)
[2019-04-15T13:28:32.111+0200][58,993s] GC(128) CMS: 189714K->195217K(393216K)
[2019-04-15T13:28:32.111+0200][58,993s] GC(128) Metaspace: 77554K->77554K(1120256K)
[2019-04-15T13:28:32.111+0200][58,993s] GC(128) Pause Young (Allocation Failure) 279M->197M(490M) 26,939ms
[2019-04-15T13:28:32.111+0200][58,993s] GC(128) User=0,07s Sys=0,00s Real=0,03s
[2019-04-15T13:28:32.317+0200][59,199s] GC(129) Pause Young (Allocation Failure)
[2019-04-15T13:28:32.317+0200][59,199s] GC(129) Using 4 workers of 4 for evacuation
[2019-04-15T13:28:32.339+0200][59,221s] GC(129) ParNew: 94412K->7115K(109248K)
[2019-04-15T13:28:32.339+0200][59,221s] GC(129) CMS: 195217K->195335K(393216K)
[2019-04-15T13:28:32.339+0200][59,221s] GC(129) Metaspace: 77570K->77570K(1120256K)
[2019-04-15T13:28:32.339+0200][59,221s] GC(129) Pause Young (Allocation Failure) 282M->197M(490M) 22,384ms
[2019-04-15T13:28:32.339+0200][59,221s] GC(129) User=0,06s Sys=0,00s Real=0,02s
[2019-04-15T13:28:32.557+0200][59,439s] GC(130) Pause Young (Allocation Failure)
[2019-04-15T13:28:32.558+0200][59,440s] GC(130) Using 4 workers of 4 for evacuation
[2019-04-15T13:28:32.588+0200][59,470s] GC(130) ParNew: 94539K->11352K(109248K)
[2019-04-15T13:28:32.588+0200][59,470s] GC(130) CMS: 195335K->195380K(393216K)
[2019-04-15T13:28:32.588+0200][59,470s] GC(130) Metaspace: 77610K->77610K(1120256K)
[2019-04-15T13:28:32.588+0200][59,470s] GC(130) Pause Young (Allocation Failure) 283M->201M(490M) 30,488ms
[2019-04-15T13:28:32.588+0200][59,470s] GC(130) User=0,09s Sys=0,00s Real=0,03s
[2019-04-15T13:28:33.063+0200][59,945s] GC(131) Pause Young (Allocation Failure)
[2019-04-15T13:28:33.063+0200][59,945s] GC(131) Using 4 workers of 4 for evacuation
[2019-04-15T13:28:33.091+0200][59,973s] GC(131) ParNew: 98776K->21824K(109248K)
[2019-04-15T13:28:33.091+0200][59,973s] GC(131) CMS: 195380K->200045K(393216K)
[2019-04-15T13:28:33.091+0200][59,973s] GC(131) Metaspace: 77674K->77674K(1120256K)
[2019-04-15T13:28:33.091+0200][59,973s] GC(131) Pause Young (Allocation Failure) 287M->216M(490M) 28,071ms
[2019-04-15T13:28:33.091+0200][59,973s] GC(131) User=0,07s Sys=0,00s Real=0,03s
[2019-04-15T13:28:33.101+0200][59,983s] GC(132) Pause Initial Mark
[2019-04-15T13:28:33.106+0200][59,988s] GC(132) Pause Initial Mark 222M->222M(490M) 5,277ms
[2019-04-15T13:28:33.106+0200][59,988s] GC(132) User=0,02s Sys=0,00s Real=0,01s
[2019-04-15T13:28:33.107+0200][59,989s] GC(132) Concurrent Mark
[2019-04-15T13:28:33.107+0200][59,989s] GC(132) Using 4 workers of 4 for marking
[2019-04-15T13:28:33.181+0200][60,063s] GC(132) Concurrent Mark 74,414ms
[2019-04-15T13:28:33.181+0200][60,063s] GC(132) User=0,25s Sys=0,01s Real=0,07s
[2019-04-15T13:28:33.181+0200][60,063s] GC(132) Concurrent Preclean
[2019-04-15T13:28:33.183+0200][60,065s] GC(132) Concurrent Preclean 1,479ms
[2019-04-15T13:28:33.183+0200][60,065s] GC(132) User=0,00s Sys=0,00s Real=0,00s
[2019-04-15T13:28:33.183+0200][60,065s] GC(132) Concurrent Abortable Preclean
[2019-04-15T13:28:33.394+0200][60,276s] GC(133) Pause Young (Allocation Failure)
[2019-04-15T13:28:33.394+0200][60,276s] GC(133) Using 4 workers of 4 for evacuation
[2019-04-15T13:28:33.426+0200][60,308s] GC(132) Concurrent Abortable Preclean 243,419ms
[2019-04-15T13:28:33.426+0200][60,308s] GC(132) User=0,61s Sys=0,03s Real=0,25s
[2019-04-15T13:28:33.433+0200][60,315s] GC(133) ParNew: 109248K->21824K(109248K)
[2019-04-15T13:28:33.433+0200][60,315s] GC(133) CMS: 200045K->205887K(393216K)
[2019-04-15T13:28:33.433+0200][60,315s] GC(133) Metaspace: 77698K->77698K(1120256K)
[2019-04-15T13:28:33.433+0200][60,315s] GC(133) Pause Young (Allocation Failure) 302M->222M(490M) 39,562ms
[2019-04-15T13:28:33.433+0200][60,315s] GC(133) User=0,09s Sys=0,01s Real=0,04s
[2019-04-15T13:28:33.441+0200][60,323s] GC(132) Pause Remark
[2019-04-15T13:28:33.441+0200][60,323s] GC(134) Pause Young (CMS Final Remark)
[2019-04-15T13:28:33.441+0200][60,323s] GC(134) Using 4 workers of 4 for evacuation
[2019-04-15T13:28:33.471+0200][60,353s] GC(134) ParNew: 23507K->17729K(109248K)
[2019-04-15T13:28:33.471+0200][60,353s] GC(134) CMS: 205887K->205887K(393216K)
[2019-04-15T13:28:33.471+0200][60,353s] GC(134) Metaspace: 77700K->77700K(1120256K)
[2019-04-15T13:28:33.471+0200][60,353s] GC(134) Pause Young (CMS Final Remark) 224M->218M(490M) 29,807ms
[2019-04-15T13:28:33.471+0200][60,353s] GC(134) User=0,08s Sys=0,00s Real=0,03s
[2019-04-15T13:28:33.541+0200][60,423s] GC(132) Pause Remark 224M->218M(490M) 100,692ms
[2019-04-15T13:28:33.542+0200][60,424s] GC(132) User=0,23s Sys=0,00s Real=0,10s
[2019-04-15T13:28:33.542+0200][60,424s] GC(132) Concurrent Sweep
[2019-04-15T13:28:33.613+0200][60,495s] GC(132) Concurrent Sweep 71,153ms
[2019-04-15T13:28:33.613+0200][60,495s] GC(132) User=0,18s Sys=0,02s Real=0,08s
[2019-04-15T13:28:33.613+0200][60,495s] GC(132) Concurrent Reset
[2019-04-15T13:28:33.613+0200][60,496s] GC(132) Concurrent Reset 0,450ms
[2019-04-15T13:28:33.614+0200][60,496s] GC(132) User=0,00s Sys=0,00s Real=0,00s
[2019-04-15T13:28:33.614+0200][60,496s] GC(132) Old: 200045K->106293K(393216K)
[2019-04-15T13:28:33.810+0200][60,692s] GC(135) Pause Young (Allocation Failure)
[2019-04-15T13:28:33.811+0200][60,693s] GC(135) Using 4 workers of 4 for evacuation
[2019-04-15T13:28:33.831+0200][60,713s] GC(135) ParNew: 105153K->21824K(109248K)
[2019-04-15T13:28:33.831+0200][60,713s] GC(135) CMS: 106293K->111685K(393216K)
[2019-04-15T13:28:33.831+0200][60,713s] GC(135) Metaspace: 77735K->77735K(1120256K)
[2019-04-15T13:28:33.831+0200][60,713s] GC(135) Pause Young (Allocation Failure) 206M->130M(490M) 20,593ms
[2019-04-15T13:28:33.831+0200][60,713s] GC(135) User=0,04s Sys=0,00s Real=0,02s
[2019-04-15T13:28:33.913+0200][60,795s] GC(136) Pause Young (Allocation Failure)
[2019-04-15T13:28:33.914+0200][60,796s] GC(136) Using 4 workers of 4 for evacuation
[2019-04-15T13:28:33.930+0200][60,812s] GC(136) ParNew: 109248K->21824K(109248K)
[2019-04-15T13:28:33.931+0200][60,813s] GC(136) CMS: 111685K->121942K(393216K)
[2019-04-15T13:28:33.931+0200][60,813s] GC(136) Metaspace: 77735K->77735K(1120256K)
[2019-04-15T13:28:33.931+0200][60,813s] GC(136) Pause Young (Allocation Failure) 215M->140M(490M) 17,065ms
[2019-04-15T13:28:33.931+0200][60,813s] GC(136) User=0,04s Sys=0,00s Real=0,01s
[2019-04-15T13:28:34.187+0200][61,069s] GC(137) Pause Young (Allocation Failure)
[2019-04-15T13:28:34.187+0200][61,069s] GC(137) Using 4 workers of 4 for evacuation
[2019-04-15T13:28:34.218+0200][61,100s] GC(137) ParNew: 109248K->18076K(109248K)
[2019-04-15T13:28:34.218+0200][61,100s] GC(137) CMS: 121942K->121942K(393216K)
[2019-04-15T13:28:34.218+0200][61,100s] GC(137) Metaspace: 77791K->77791K(1120256K)
[2019-04-15T13:28:34.218+0200][61,100s] GC(137) Pause Young (Allocation Failure) 225M->136M(490M) 30,808ms
[2019-04-15T13:28:34.218+0200][61,100s] GC(137) User=0,07s Sys=0,01s Real=0,03s
[2019-04-15T13:28:34.456+0200][61,338s] GC(138) Pause Young (Allocation Failure)
[2019-04-15T13:28:34.456+0200][61,338s] GC(138) Using 4 workers of 4 for evacuation
[2019-04-15T13:28:34.476+0200][61,358s] GC(138) ParNew: 105500K->19578K(109248K)
[2019-04-15T13:28:34.476+0200][61,358s] GC(138) CMS: 121942K->121942K(393216K)
[2019-04-15T13:28:34.476+0200][61,358s] GC(138) Metaspace: 77797K->77797K(1120256K)
[2019-04-15T13:28:34.476+0200][61,358s] GC(138) Pause Young (Allocation Failure) 222M->138M(490M) 19,915ms
[2019-04-15T13:28:34.476+0200][61,358s] GC(138) User=0,06s Sys=0,00s Real=0,02s
[2019-04-15T13:28:34.764+0200][61,646s] GC(139) Pause Young (Allocation Failure)
[2019-04-15T13:28:34.764+0200][61,646s] GC(139) Using 4 workers of 4 for evacuation
[2019-04-15T13:28:34.784+0200][61,666s] GC(139) ParNew: 107002K->21824K(109248K)
[2019-04-15T13:28:34.784+0200][61,666s] GC(139) CMS: 121942K->147260K(393216K)
[2019-04-15T13:28:34.784+0200][61,666s] GC(139) Metaspace: 77809K->77809K(1120256K)
[2019-04-15T13:28:34.784+0200][61,666s] GC(139) Pause Young (Allocation Failure) 223M->165M(490M) 19,758ms
[2019-04-15T13:28:34.784+0200][61,666s] GC(139) User=0,06s Sys=0,00s Real=0,02s
[2019-04-15T13:28:35.173+0200][62,055s] GC(140) Pause Young (Allocation Failure)
[2019-04-15T13:28:35.173+0200][62,055s] GC(140) Using 4 workers of 4 for evacuation
[2019-04-15T13:28:35.201+0200][62,083s] GC(140) ParNew: 109248K->21824K(109248K)
[2019-04-15T13:28:35.201+0200][62,083s] GC(140) CMS: 147260K->175239K(393216K)
[2019-04-15T13:28:35.201+0200][62,083s] GC(140) Metaspace: 77832K->77832K(1120256K)
[2019-04-15T13:28:35.201+0200][62,083s] GC(140) Pause Young (Allocation Failure) 250M->192M(490M) 27,769ms
[2019-04-15T13:28:35.201+0200][62,083s] GC(140) User=0,07s Sys=0,00s Real=0,02s
[2019-04-15T13:28:35.310+0200][62,192s] GC(141) Pause Young (Allocation Failure)
[2019-04-15T13:28:35.310+0200][62,192s] GC(141) Using 4 workers of 4 for evacuation
[2019-04-15T13:28:35.331+0200][62,213s] GC(141) ParNew: 109248K->21824K(109248K)
[2019-04-15T13:28:35.331+0200][62,213s] GC(141) CMS: 175239K->180961K(393216K)
[2019-04-15T13:28:35.331+0200][62,213s] GC(141) Metaspace: 77832K->77832K(1120256K)
[2019-04-15T13:28:35.331+0200][62,213s] GC(141) Pause Young (Allocation Failure) 277M->198M(490M) 20,994ms
[2019-04-15T13:28:35.331+0200][62,213s] GC(141) User=0,05s Sys=0,00s Real=0,02s
[2019-04-15T13:28:53.471+0200][80,353s] GC(142) Pause Young (Allocation Failure)
[2019-04-15T13:28:53.471+0200][80,353s] GC(142) Using 4 workers of 4 for evacuation
[2019-04-15T13:28:53.486+0200][80,368s] GC(142) ParNew: 109248K->20097K(109248K)
[2019-04-15T13:28:53.486+0200][80,368s] GC(142) CMS: 180961K->180961K(393216K)
[2019-04-15T13:28:53.486+0200][80,368s] GC(142) Metaspace: 78786K->78786K(1122304K)
[2019-04-15T13:28:53.486+0200][80,368s] GC(142) Pause Young (Allocation Failure) 283M->196M(490M) 15,093ms
[2019-04-15T13:28:53.486+0200][80,368s] GC(142) User=0,04s Sys=0,00s Real=0,02s
[2019-04-15T13:29:36.136+0200][123,018s] GC(143) Pause Young (Allocation Failure)
[2019-04-15T13:29:36.136+0200][123,018s] GC(143) Using 4 workers of 4 for evacuation
[2019-04-15T13:29:36.156+0200][123,038s] GC(143) ParNew: 107521K->21824K(109248K)
[2019-04-15T13:29:36.156+0200][123,038s] GC(143) CMS: 180961K->181838K(393216K)
[2019-04-15T13:29:36.156+0200][123,038s] GC(143) Metaspace: 79331K->79331K(1122304K)
[2019-04-15T13:29:36.156+0200][123,038s] GC(143) Pause Young (Allocation Failure) 281M->198M(490M) 19,835ms
[2019-04-15T13:29:36.156+0200][123,038s] GC(143) User=0,05s Sys=0,00s Real=0,02s
[2019-04-15T13:29:36.383+0200][123,265s] GC(144) Pause Young (Allocation Failure)
[2019-04-15T13:29:36.383+0200][123,265s] GC(144) Using 4 workers of 4 for evacuation
[2019-04-15T13:29:36.406+0200][123,288s] GC(144) ParNew: 109248K->21824K(109248K)
[2019-04-15T13:29:36.406+0200][123,288s] GC(144) CMS: 181838K->187758K(393216K)
[2019-04-15T13:29:36.406+0200][123,288s] GC(144) Metaspace: 79361K->79361K(1122304K)
[2019-04-15T13:29:36.406+0200][123,288s] GC(144) Pause Young (Allocation Failure) 284M->204M(490M) 22,459ms
[2019-04-15T13:29:36.406+0200][123,288s] GC(144) User=0,06s Sys=0,00s Real=0,03s
[2019-04-15T13:29:36.601+0200][123,483s] GC(145) Pause Young (Allocation Failure)
[2019-04-15T13:29:36.601+0200][123,483s] GC(145) Using 4 workers of 4 for evacuation
[2019-04-15T13:29:36.619+0200][123,501s] GC(145) ParNew: 109248K->21824K(109248K)
[2019-04-15T13:29:36.619+0200][123,501s] GC(145) CMS: 187758K->188808K(393216K)
[2019-04-15T13:29:36.619+0200][123,501s] GC(145) Metaspace: 79379K->79379K(1122304K)
[2019-04-15T13:29:36.619+0200][123,501s] GC(145) Pause Young (Allocation Failure) 290M->205M(490M) 17,552ms
[2019-04-15T13:29:36.619+0200][123,501s] GC(145) User=0,05s Sys=0,00s Real=0,02s
[2019-04-15T13:29:36.938+0200][123,820s] GC(146) Pause Young (Allocation Failure)
[2019-04-15T13:29:36.938+0200][123,820s] GC(146) Using 4 workers of 4 for evacuation
[2019-04-15T13:29:36.965+0200][123,847s] GC(146) ParNew: 109248K->21824K(109248K)
[2019-04-15T13:29:36.965+0200][123,847s] GC(146) CMS: 188808K->193782K(393216K)
[2019-04-15T13:29:36.965+0200][123,847s] GC(146) Metaspace: 79523K->79523K(1122304K)
[2019-04-15T13:29:36.965+0200][123,847s] GC(146) Pause Young (Allocation Failure) 291M->210M(490M) 26,715ms
[2019-04-15T13:29:36.965+0200][123,847s] GC(146) User=0,07s Sys=0,00s Real=0,03s
[2019-04-15T13:29:37.141+0200][124,023s] GC(147) Pause Young (Allocation Failure)
[2019-04-15T13:29:37.141+0200][124,023s] GC(147) Using 4 workers of 4 for evacuation
[2019-04-15T13:29:37.173+0200][124,055s] GC(147) ParNew: 109248K->20769K(109248K)
[2019-04-15T13:29:37.173+0200][124,055s] GC(147) CMS: 193782K->204811K(393216K)
[2019-04-15T13:29:37.173+0200][124,055s] GC(147) Metaspace: 79530K->79530K(1122304K)
[2019-04-15T13:29:37.173+0200][124,055s] GC(147) Pause Young (Allocation Failure) 295M->220M(490M) 32,303ms
[2019-04-15T13:29:37.173+0200][124,055s] GC(147) User=0,10s Sys=0,00s Real=0,04s
[2019-04-15T13:29:37.179+0200][124,061s] GC(148) Pause Initial Mark
[2019-04-15T13:29:37.187+0200][124,069s] GC(148) Pause Initial Mark 221M->221M(490M) 8,068ms
[2019-04-15T13:29:37.187+0200][124,069s] GC(148) User=0,02s Sys=0,00s Real=0,01s
[2019-04-15T13:29:37.188+0200][124,070s] GC(148) Concurrent Mark
[2019-04-15T13:29:37.188+0200][124,070s] GC(148) Using 4 workers of 4 for marking
[2019-04-15T13:29:37.273+0200][124,155s] GC(148) Concurrent Mark 85,398ms
[2019-04-15T13:29:37.273+0200][124,155s] GC(148) User=0,22s Sys=0,01s Real=0,09s
[2019-04-15T13:29:37.273+0200][124,155s] GC(148) Concurrent Preclean
[2019-04-15T13:29:37.275+0200][124,157s] GC(148) Concurrent Preclean 1,536ms
[2019-04-15T13:29:37.275+0200][124,157s] GC(148) User=0,01s Sys=0,00s Real=0,00s
[2019-04-15T13:29:37.275+0200][124,157s] GC(148) Concurrent Abortable Preclean
[2019-04-15T13:29:37.463+0200][124,345s] GC(148) Concurrent Abortable Preclean 188,811ms
[2019-04-15T13:29:37.463+0200][124,345s] GC(148) User=0,38s Sys=0,03s Real=0,18s
[2019-04-15T13:29:37.464+0200][124,346s] GC(148) Pause Remark
[2019-04-15T13:29:37.464+0200][124,346s] GC(149) Pause Young (CMS Final Remark)
[2019-04-15T13:29:37.464+0200][124,346s] GC(149) Using 4 workers of 4 for evacuation
[2019-04-15T13:29:37.487+0200][124,369s] GC(149) ParNew: 86544K->18429K(109248K)
[2019-04-15T13:29:37.487+0200][124,369s] GC(149) CMS: 204811K->204811K(393216K)
[2019-04-15T13:29:37.487+0200][124,369s] GC(149) Metaspace: 79545K->79545K(1122304K)
[2019-04-15T13:29:37.487+0200][124,369s] GC(149) Pause Young (CMS Final Remark) 284M->218M(490M) 22,202ms
[2019-04-15T13:29:37.487+0200][124,369s] GC(149) User=0,04s Sys=0,00s Real=0,03s
[2019-04-15T13:29:37.526+0200][124,408s] GC(148) Pause Remark 284M->218M(490M) 62,107ms
[2019-04-15T13:29:37.527+0200][124,409s] GC(148) User=0,11s Sys=0,00s Real=0,07s
[2019-04-15T13:29:37.527+0200][124,409s] GC(148) Concurrent Sweep
[2019-04-15T13:29:37.596+0200][124,478s] GC(148) Concurrent Sweep 69,257ms
[2019-04-15T13:29:37.596+0200][124,478s] GC(148) User=0,19s Sys=0,00s Real=0,07s
[2019-04-15T13:29:37.596+0200][124,478s] GC(148) Concurrent Reset
[2019-04-15T13:29:37.596+0200][124,478s] GC(148) Concurrent Reset 0,417ms
[2019-04-15T13:29:37.596+0200][124,478s] GC(148) User=0,00s Sys=0,00s Real=0,00s
[2019-04-15T13:29:37.596+0200][124,478s] GC(148) Old: 204811K->101992K(393216K)
[2019-04-15T13:29:37.757+0200][124,639s] GC(150) Pause Young (Allocation Failure)
[2019-04-15T13:29:37.757+0200][124,639s] GC(150) Using 4 workers of 4 for evacuation
[2019-04-15T13:29:37.780+0200][124,662s] GC(150) ParNew: 105853K->18600K(109248K)
[2019-04-15T13:29:37.780+0200][124,662s] GC(150) CMS: 101992K->102078K(393216K)
[2019-04-15T13:29:37.780+0200][124,662s] GC(150) Metaspace: 79573K->79573K(1122304K)
[2019-04-15T13:29:37.780+0200][124,662s] GC(150) Pause Young (Allocation Failure) 202M->117M(490M) 22,922ms
[2019-04-15T13:29:37.780+0200][124,662s] GC(150) User=0,05s Sys=0,00s Real=0,02s
[2019-04-15T13:29:38.123+0200][125,005s] GC(151) Pause Young (Allocation Failure)
[2019-04-15T13:29:38.123+0200][125,005s] GC(151) Using 4 workers of 4 for evacuation
[2019-04-15T13:29:38.139+0200][125,021s] GC(151) ParNew: 106024K->21824K(109248K)
[2019-04-15T13:29:38.140+0200][125,022s] GC(151) CMS: 102078K->105204K(393216K)
[2019-04-15T13:29:38.140+0200][125,022s] GC(151) Metaspace: 79584K->79584K(1122304K)
[2019-04-15T13:29:38.140+0200][125,022s] GC(151) Pause Young (Allocation Failure) 203M->124M(490M) 16,461ms
[2019-04-15T13:29:38.140+0200][125,022s] GC(151) User=0,05s Sys=0,00s Real=0,02s
[2019-04-15T13:29:38.367+0200][125,249s] GC(152) Pause Young (Allocation Failure)
[2019-04-15T13:29:38.367+0200][125,249s] GC(152) Using 4 workers of 4 for evacuation
[2019-04-15T13:29:38.388+0200][125,270s] GC(152) ParNew: 109248K->21526K(109248K)
[2019-04-15T13:29:38.388+0200][125,270s] GC(152) CMS: 105204K->106453K(393216K)
[2019-04-15T13:29:38.388+0200][125,270s] GC(152) Metaspace: 79607K->79607K(1122304K)
[2019-04-15T13:29:38.388+0200][125,270s] GC(152) Pause Young (Allocation Failure) 209M->124M(490M) 20,968ms
[2019-04-15T13:29:38.388+0200][125,270s] GC(152) User=0,04s Sys=0,00s Real=0,02s
[2019-04-15T13:29:38.591+0200][125,473s] GC(153) Pause Young (Allocation Failure)
[2019-04-15T13:29:38.591+0200][125,473s] GC(153) Using 4 workers of 4 for evacuation
[2019-04-15T13:29:38.616+0200][125,498s] GC(153) ParNew: 108950K->21824K(109248K)
[2019-04-15T13:29:38.616+0200][125,498s] GC(153) CMS: 106453K->107747K(393216K)
[2019-04-15T13:29:38.616+0200][125,498s] GC(153) Metaspace: 79883K->79883K(1122304K)
[2019-04-15T13:29:38.616+0200][125,498s] GC(153) Pause Young (Allocation Failure) 210M->126M(490M) 24,878ms
[2019-04-15T13:29:38.616+0200][125,498s] GC(153) User=0,07s Sys=0,00s Real=0,03s
[2019-04-15T13:29:39.465+0200][126,347s] GC(154) Pause Young (Allocation Failure)
[2019-04-15T13:29:39.465+0200][126,347s] GC(154) Using 4 workers of 4 for evacuation
[2019-04-15T13:29:39.501+0200][126,383s] GC(154) ParNew: 109248K->21824K(109248K)
[2019-04-15T13:29:39.501+0200][126,383s] GC(154) CMS: 107747K->121230K(393216K)
[2019-04-15T13:29:39.501+0200][126,383s] GC(154) Metaspace: 83460K->83460K(1126400K)
[2019-04-15T13:29:39.501+0200][126,383s] GC(154) Pause Young (Allocation Failure) 211M->139M(490M) 35,242ms
[2019-04-15T13:29:39.501+0200][126,383s] GC(154) User=0,12s Sys=0,00s Real=0,03s
[2019-04-15T13:29:39.731+0200][126,613s] GC(155) Pause Young (Allocation Failure)
[2019-04-15T13:29:39.731+0200][126,613s] GC(155) Using 4 workers of 4 for evacuation
[2019-04-15T13:29:39.777+0200][126,659s] GC(155) ParNew: 109248K->21824K(109248K)
[2019-04-15T13:29:39.777+0200][126,659s] GC(155) CMS: 121230K->130610K(393216K)
[2019-04-15T13:29:39.777+0200][126,659s] GC(155) Metaspace: 83501K->83501K(1126400K)
[2019-04-15T13:29:39.777+0200][126,659s] GC(155) Pause Young (Allocation Failure) 225M->148M(490M) 46,074ms
[2019-04-15T13:29:39.777+0200][126,659s] GC(155) User=0,12s Sys=0,00s Real=0,05s
[2019-04-15T13:29:40.212+0200][127,094s] GC(156) Pause Young (Allocation Failure)
[2019-04-15T13:29:40.212+0200][127,094s] GC(156) Using 4 workers of 4 for evacuation
[2019-04-15T13:29:40.244+0200][127,126s] GC(156) ParNew: 109248K->21824K(109248K)
[2019-04-15T13:29:40.244+0200][127,126s] GC(156) CMS: 130610K->141793K(393216K)
[2019-04-15T13:29:40.244+0200][127,126s] GC(156) Metaspace: 83544K->83544K(1126400K)
[2019-04-15T13:29:40.244+0200][127,126s] GC(156) Pause Young (Allocation Failure) 234M->159M(490M) 32,548ms
[2019-04-15T13:29:40.244+0200][127,126s] GC(156) User=0,07s Sys=0,00s Real=0,03s
[2019-04-15T13:29:40.400+0200][127,282s] GC(157) Pause Young (Allocation Failure)
[2019-04-15T13:29:40.400+0200][127,282s] GC(157) Using 4 workers of 4 for evacuation
[2019-04-15T13:29:40.459+0200][127,341s] GC(157) ParNew: 109248K->21824K(109248K)
[2019-04-15T13:29:40.459+0200][127,341s] GC(157) CMS: 141793K->160494K(393216K)
[2019-04-15T13:29:40.459+0200][127,341s] GC(157) Metaspace: 83556K->83556K(1126400K)
[2019-04-15T13:29:40.459+0200][127,341s] GC(157) Pause Young (Allocation Failure) 245M->178M(490M) 58,627ms
[2019-04-15T13:29:40.459+0200][127,341s] GC(157) User=0,17s Sys=0,00s Real=0,06s
[2019-04-15T13:29:40.601+0200][127,484s] GC(158) Pause Young (Allocation Failure)
[2019-04-15T13:29:40.602+0200][127,484s] GC(158) Using 4 workers of 4 for evacuation
[2019-04-15T13:29:40.633+0200][127,515s] GC(158) ParNew: 109248K->21824K(109248K)
[2019-04-15T13:29:40.633+0200][127,515s] GC(158) CMS: 160494K->166334K(393216K)
[2019-04-15T13:29:40.633+0200][127,515s] GC(158) Metaspace: 83556K->83556K(1126400K)
[2019-04-15T13:29:40.633+0200][127,515s] GC(158) Pause Young (Allocation Failure) 263M->183M(490M) 31,860ms
[2019-04-15T13:29:40.633+0200][127,515s] GC(158) User=0,08s Sys=0,01s Real=0,04s
[2019-04-15T13:29:40.727+0200][127,609s] GC(159) Pause Young (Allocation Failure)
[2019-04-15T13:29:40.727+0200][127,609s] GC(159) Using 4 workers of 4 for evacuation
[2019-04-15T13:29:40.749+0200][127,631s] GC(159) ParNew: 109248K->21824K(109248K)
[2019-04-15T13:29:40.749+0200][127,631s] GC(159) CMS: 166334K->166334K(393216K)
[2019-04-15T13:29:40.749+0200][127,631s] GC(159) Metaspace: 83559K->83559K(1126400K)
[2019-04-15T13:29:40.749+0200][127,631s] GC(159) Pause Young (Allocation Failure) 269M->183M(490M) 22,297ms
[2019-04-15T13:29:40.749+0200][127,631s] GC(159) User=0,06s Sys=0,00s Real=0,02s
[2019-04-15T13:29:40.813+0200][127,695s] GC(160) Pause Young (Allocation Failure)
[2019-04-15T13:29:40.813+0200][127,695s] GC(160) Using 4 workers of 4 for evacuation
[2019-04-15T13:29:40.833+0200][127,715s] GC(160) ParNew: 109248K->21824K(109248K)
[2019-04-15T13:29:40.833+0200][127,715s] GC(160) CMS: 166334K->167409K(393216K)
[2019-04-15T13:29:40.833+0200][127,715s] GC(160) Metaspace: 83559K->83559K(1126400K)
[2019-04-15T13:29:40.833+0200][127,715s] GC(160) Pause Young (Allocation Failure) 269M->184M(490M) 20,108ms
[2019-04-15T13:29:40.833+0200][127,715s] GC(160) User=0,05s Sys=0,00s Real=0,03s
[2019-04-15T13:29:40.954+0200][127,836s] GC(161) Pause Young (Allocation Failure)
[2019-04-15T13:29:40.954+0200][127,836s] GC(161) Using 4 workers of 4 for evacuation
[2019-04-15T13:29:40.984+0200][127,866s] GC(161) ParNew: 109248K->21824K(109248K)
[2019-04-15T13:29:40.985+0200][127,867s] GC(161) CMS: 167409K->169705K(393216K)
[2019-04-15T13:29:40.985+0200][127,867s] GC(161) Metaspace: 83560K->83560K(1126400K)
[2019-04-15T13:29:40.985+0200][127,867s] GC(161) Pause Young (Allocation Failure) 270M->187M(490M) 30,618ms
[2019-04-15T13:29:40.985+0200][127,867s] GC(161) User=0,07s Sys=0,01s Real=0,02s
[2019-04-15T13:29:41.115+0200][127,997s] GC(162) Pause Young (Allocation Failure)
[2019-04-15T13:29:41.115+0200][127,997s] GC(162) Using 4 workers of 4 for evacuation
[2019-04-15T13:29:41.137+0200][128,020s] GC(162) ParNew: 109248K->15838K(109248K)
[2019-04-15T13:29:41.138+0200][128,020s] GC(162) CMS: 169705K->175065K(393216K)
[2019-04-15T13:29:41.138+0200][128,020s] GC(162) Metaspace: 83560K->83560K(1126400K)
[2019-04-15T13:29:41.138+0200][128,020s] GC(162) Pause Young (Allocation Failure) 272M->186M(490M) 22,419ms
[2019-04-15T13:29:41.138+0200][128,020s] GC(162) User=0,07s Sys=0,00s Real=0,02s
[2019-04-15T13:29:41.256+0200][128,138s] GC(163) Pause Young (Allocation Failure)
[2019-04-15T13:29:41.256+0200][128,138s] GC(163) Using 4 workers of 4 for evacuation
[2019-04-15T13:29:41.276+0200][128,158s] GC(163) ParNew: 103262K->13085K(109248K)
[2019-04-15T13:29:41.276+0200][128,158s] GC(163) CMS: 175065K->175365K(393216K)
[2019-04-15T13:29:41.276+0200][128,158s] GC(163) Metaspace: 83560K->83560K(1126400K)
[2019-04-15T13:29:41.276+0200][128,158s] GC(163) Pause Young (Allocation Failure) 271M->184M(490M) 20,036ms
[2019-04-15T13:29:41.276+0200][128,158s] GC(163) User=0,07s Sys=0,00s Real=0,02s
[2019-04-15T13:29:41.372+0200][128,254s] GC(164) Pause Young (Allocation Failure)
[2019-04-15T13:29:41.372+0200][128,254s] GC(164) Using 4 workers of 4 for evacuation
[2019-04-15T13:29:41.384+0200][128,266s] GC(164) ParNew: 100509K->14470K(109248K)
[2019-04-15T13:29:41.384+0200][128,266s] GC(164) CMS: 175365K->177090K(393216K)
[2019-04-15T13:29:41.384+0200][128,266s] GC(164) Metaspace: 83560K->83560K(1126400K)
[2019-04-15T13:29:41.384+0200][128,266s] GC(164) Pause Young (Allocation Failure) 269M->187M(490M) 12,631ms
[2019-04-15T13:29:41.384+0200][128,266s] GC(164) User=0,03s Sys=0,00s Real=0,01s
[2019-04-15T13:29:41.449+0200][128,331s] GC(165) Pause Young (Allocation Failure)
[2019-04-15T13:29:41.449+0200][128,331s] GC(165) Using 4 workers of 4 for evacuation
[2019-04-15T13:29:41.470+0200][128,352s] GC(165) ParNew: 101894K->6324K(109248K)
[2019-04-15T13:29:41.470+0200][128,352s] GC(165) CMS: 177090K->183375K(393216K)
[2019-04-15T13:29:41.470+0200][128,352s] GC(165) Metaspace: 83560K->83560K(1126400K)
[2019-04-15T13:29:41.470+0200][128,352s] GC(165) Pause Young (Allocation Failure) 272M->185M(490M) 21,950ms
[2019-04-15T13:29:41.471+0200][128,353s] GC(165) User=0,05s Sys=0,00s Real=0,02s
[2019-04-15T13:29:41.537+0200][128,419s] GC(166) Pause Young (Allocation Failure)
[2019-04-15T13:29:41.537+0200][128,419s] GC(166) Using 4 workers of 4 for evacuation
[2019-04-15T13:29:41.546+0200][128,428s] GC(166) ParNew: 93748K->5042K(109248K)
[2019-04-15T13:29:41.546+0200][128,428s] GC(166) CMS: 183375K->184046K(393216K)
[2019-04-15T13:29:41.546+0200][128,428s] GC(166) Metaspace: 83560K->83560K(1126400K)
[2019-04-15T13:29:41.546+0200][128,428s] GC(166) Pause Young (Allocation Failure) 270M->184M(490M) 9,123ms
[2019-04-15T13:29:41.546+0200][128,428s] GC(166) User=0,02s Sys=0,00s Real=0,01s
[2019-04-15T13:29:41.612+0200][128,494s] GC(167) Pause Young (Allocation Failure)
[2019-04-15T13:29:41.612+0200][128,494s] GC(167) Using 4 workers of 4 for evacuation
[2019-04-15T13:29:41.622+0200][128,504s] GC(167) ParNew: 92466K->4300K(109248K)
[2019-04-15T13:29:41.622+0200][128,504s] GC(167) CMS: 184046K->184086K(393216K)
[2019-04-15T13:29:41.622+0200][128,504s] GC(167) Metaspace: 83560K->83560K(1126400K)
[2019-04-15T13:29:41.622+0200][128,504s] GC(167) Pause Young (Allocation Failure) 270M->183M(490M) 10,707ms
[2019-04-15T13:29:41.622+0200][128,504s] GC(167) User=0,02s Sys=0,00s Real=0,01s
[2019-04-15T13:29:41.688+0200][128,570s] GC(168) Pause Young (Allocation Failure)
[2019-04-15T13:29:41.688+0200][128,570s] GC(168) Using 4 workers of 4 for evacuation
[2019-04-15T13:29:41.701+0200][128,583s] GC(168) ParNew: 91724K->4385K(109248K)
[2019-04-15T13:29:41.701+0200][128,583s] GC(168) CMS: 184086K->184101K(393216K)
[2019-04-15T13:29:41.701+0200][128,583s] GC(168) Metaspace: 83560K->83560K(1126400K)
[2019-04-15T13:29:41.701+0200][128,583s] GC(168) Pause Young (Allocation Failure) 269M->184M(490M) 13,150ms
[2019-04-15T13:29:41.701+0200][128,583s] GC(168) User=0,03s Sys=0,00s Real=0,01s
[2019-04-15T13:29:41.765+0200][128,647s] GC(169) Pause Young (Allocation Failure)
[2019-04-15T13:29:41.765+0200][128,647s] GC(169) Using 4 workers of 4 for evacuation
[2019-04-15T13:29:41.775+0200][128,657s] GC(169) ParNew: 91809K->4221K(109248K)
[2019-04-15T13:29:41.775+0200][128,657s] GC(169) CMS: 184101K->184117K(393216K)
[2019-04-15T13:29:41.775+0200][128,657s] GC(169) Metaspace: 83560K->83560K(1126400K)
[2019-04-15T13:29:41.775+0200][128,657s] GC(169) Pause Young (Allocation Failure) 269M->183M(490M) 9,514ms
[2019-04-15T13:29:41.775+0200][128,657s] GC(169) User=0,02s Sys=0,00s Real=0,01s
[2019-04-15T13:29:41.870+0200][128,752s] GC(170) Pause Young (Allocation Failure)
[2019-04-15T13:29:41.870+0200][128,752s] GC(170) Using 4 workers of 4 for evacuation
[2019-04-15T13:29:41.879+0200][128,761s] GC(170) ParNew: 91645K->4780K(109248K)
[2019-04-15T13:29:41.879+0200][128,761s] GC(170) CMS: 184117K->184132K(393216K)
[2019-04-15T13:29:41.879+0200][128,761s] GC(170) Metaspace: 83561K->83561K(1126400K)
[2019-04-15T13:29:41.879+0200][128,761s] GC(170) Pause Young (Allocation Failure) 269M->184M(490M) 8,735ms
[2019-04-15T13:29:41.879+0200][128,761s] GC(170) User=0,02s Sys=0,00s Real=0,01s
[2019-04-15T13:29:41.989+0200][128,871s] GC(171) Pause Young (Allocation Failure)
[2019-04-15T13:29:41.989+0200][128,871s] GC(171) Using 4 workers of 4 for evacuation
[2019-04-15T13:29:41.999+0200][128,881s] GC(171) ParNew: 92204K->4091K(109248K)
[2019-04-15T13:29:41.999+0200][128,881s] GC(171) CMS: 184132K->184144K(393216K)
[2019-04-15T13:29:41.999+0200][128,881s] GC(171) Metaspace: 83561K->83561K(1126400K)
[2019-04-15T13:29:41.999+0200][128,881s] GC(171) Pause Young (Allocation Failure) 269M->183M(490M) 10,245ms
[2019-04-15T13:29:41.999+0200][128,881s] GC(171) User=0,02s Sys=0,00s Real=0,01s
[2019-04-15T13:29:42.087+0200][128,969s] GC(172) Pause Young (Allocation Failure)
[2019-04-15T13:29:42.087+0200][128,969s] GC(172) Using 4 workers of 4 for evacuation
[2019-04-15T13:29:42.096+0200][128,978s] GC(172) ParNew: 91515K->6171K(109248K)
[2019-04-15T13:29:42.096+0200][128,978s] GC(172) CMS: 184144K->184146K(393216K)
[2019-04-15T13:29:42.096+0200][128,978s] GC(172) Metaspace: 83561K->83561K(1126400K)
[2019-04-15T13:29:42.096+0200][128,978s] GC(172) Pause Young (Allocation Failure) 269M->185M(490M) 8,774ms
[2019-04-15T13:29:42.096+0200][128,978s] GC(172) User=0,03s Sys=0,00s Real=0,01s
[2019-04-15T13:29:42.162+0200][129,044s] GC(173) Pause Young (Allocation Failure)
[2019-04-15T13:29:42.162+0200][129,044s] GC(173) Using 4 workers of 4 for evacuation
[2019-04-15T13:29:42.173+0200][129,055s] GC(173) ParNew: 93595K->6082K(109248K)
[2019-04-15T13:29:42.173+0200][129,055s] GC(173) CMS: 184146K->184545K(393216K)
[2019-04-15T13:29:42.173+0200][129,055s] GC(173) Metaspace: 83561K->83561K(1126400K)
[2019-04-15T13:29:42.173+0200][129,055s] GC(173) Pause Young (Allocation Failure) 271M->186M(490M) 11,633ms
[2019-04-15T13:29:42.173+0200][129,055s] GC(173) User=0,03s Sys=0,00s Real=0,02s
[2019-04-15T13:29:42.240+0200][129,122s] GC(174) Pause Young (Allocation Failure)
[2019-04-15T13:29:42.240+0200][129,122s] GC(174) Using 4 workers of 4 for evacuation
[2019-04-15T13:29:42.253+0200][129,135s] GC(174) ParNew: 93506K->5438K(109248K)
[2019-04-15T13:29:42.253+0200][129,135s] GC(174) CMS: 184545K->184561K(393216K)
[2019-04-15T13:29:42.253+0200][129,135s] GC(174) Metaspace: 83561K->83561K(1126400K)
[2019-04-15T13:29:42.253+0200][129,135s] GC(174) Pause Young (Allocation Failure) 271M->185M(490M) 12,984ms
[2019-04-15T13:29:42.253+0200][129,135s] GC(174) User=0,03s Sys=0,00s Real=0,02s
[2019-04-15T13:29:42.322+0200][129,204s] GC(175) Pause Young (Allocation Failure)
[2019-04-15T13:29:42.323+0200][129,205s] GC(175) Using 4 workers of 4 for evacuation
[2019-04-15T13:29:42.333+0200][129,215s] GC(175) ParNew: 92862K->5552K(109248K)
[2019-04-15T13:29:42.333+0200][129,215s] GC(175) CMS: 184561K->184572K(393216K)
[2019-04-15T13:29:42.333+0200][129,215s] GC(175) Metaspace: 83561K->83561K(1126400K)
[2019-04-15T13:29:42.333+0200][129,215s] GC(175) Pause Young (Allocation Failure) 270M->185M(490M) 10,661ms
[2019-04-15T13:29:42.333+0200][129,215s] GC(175) User=0,03s Sys=0,00s Real=0,02s
[2019-04-15T13:29:42.399+0200][129,281s] GC(176) Pause Young (Allocation Failure)
[2019-04-15T13:29:42.399+0200][129,281s] GC(176) Using 4 workers of 4 for evacuation
[2019-04-15T13:29:42.408+0200][129,290s] GC(176) ParNew: 92976K->5844K(109248K)
[2019-04-15T13:29:42.408+0200][129,290s] GC(176) CMS: 184572K->184580K(393216K)
[2019-04-15T13:29:42.408+0200][129,290s] GC(176) Metaspace: 83561K->83561K(1126400K)
[2019-04-15T13:29:42.408+0200][129,290s] GC(176) Pause Young (Allocation Failure) 271M->185M(490M) 9,505ms
[2019-04-15T13:29:42.408+0200][129,290s] GC(176) User=0,02s Sys=0,00s Real=0,01s
[2019-04-15T13:29:42.476+0200][129,358s] GC(177) Pause Young (Allocation Failure)
[2019-04-15T13:29:42.476+0200][129,358s] GC(177) Using 4 workers of 4 for evacuation
[2019-04-15T13:29:42.487+0200][129,369s] GC(177) ParNew: 93268K->5844K(109248K)
[2019-04-15T13:29:42.487+0200][129,369s] GC(177) CMS: 184580K->184584K(393216K)
[2019-04-15T13:29:42.487+0200][129,369s] GC(177) Metaspace: 83562K->83562K(1126400K)
[2019-04-15T13:29:42.487+0200][129,370s] GC(177) Pause Young (Allocation Failure) 271M->185M(490M) 11,688ms
[2019-04-15T13:29:42.488+0200][129,370s] GC(177) User=0,02s Sys=0,00s Real=0,01s
[2019-04-15T13:29:42.561+0200][129,443s] GC(178) Pause Young (Allocation Failure)
[2019-04-15T13:29:42.561+0200][129,443s] GC(178) Using 4 workers of 4 for evacuation
[2019-04-15T13:29:42.575+0200][129,457s] GC(178) ParNew: 93268K->5768K(109248K)
[2019-04-15T13:29:42.575+0200][129,457s] GC(178) CMS: 184584K->184636K(393216K)
[2019-04-15T13:29:42.575+0200][129,457s] GC(178) Metaspace: 83562K->83562K(1126400K)
[2019-04-15T13:29:42.575+0200][129,457s] GC(178) Pause Young (Allocation Failure) 271M->185M(490M) 14,346ms
[2019-04-15T13:29:42.575+0200][129,457s] GC(178) User=0,04s Sys=0,00s Real=0,02s
[2019-04-15T13:29:42.639+0200][129,521s] GC(179) Pause Young (Allocation Failure)
[2019-04-15T13:29:42.639+0200][129,521s] GC(179) Using 4 workers of 4 for evacuation
[2019-04-15T13:29:42.648+0200][129,530s] GC(179) ParNew: 93192K->5552K(109248K)
[2019-04-15T13:29:42.648+0200][129,530s] GC(179) CMS: 184636K->184659K(393216K)
[2019-04-15T13:29:42.648+0200][129,530s] GC(179) Metaspace: 83562K->83562K(1126400K)
[2019-04-15T13:29:42.648+0200][129,530s] GC(179) Pause Young (Allocation Failure) 271M->185M(490M) 9,088ms
[2019-04-15T13:29:42.648+0200][129,530s] GC(179) User=0,02s Sys=0,00s Real=0,01s
[2019-04-15T13:29:42.716+0200][129,598s] GC(180) Pause Young (Allocation Failure)
[2019-04-15T13:29:42.716+0200][129,598s] GC(180) Using 4 workers of 4 for evacuation
[2019-04-15T13:29:42.727+0200][129,609s] GC(180) ParNew: 92976K->1235K(109248K)
[2019-04-15T13:29:42.727+0200][129,609s] GC(180) CMS: 184659K->188763K(393216K)
[2019-04-15T13:29:42.727+0200][129,609s] GC(180) Metaspace: 83562K->83562K(1126400K)
[2019-04-15T13:29:42.727+0200][129,609s] GC(180) Pause Young (Allocation Failure) 271M->185M(490M) 11,382ms
[2019-04-15T13:29:42.727+0200][129,609s] GC(180) User=0,03s Sys=0,00s Real=0,01s
[2019-04-15T13:29:42.793+0200][129,675s] GC(181) Pause Young (Allocation Failure)
[2019-04-15T13:29:42.793+0200][129,675s] GC(181) Using 4 workers of 4 for evacuation
[2019-04-15T13:29:42.803+0200][129,685s] GC(181) ParNew: 88659K->897K(109248K)
[2019-04-15T13:29:42.803+0200][129,685s] GC(181) CMS: 188763K->188764K(393216K)
[2019-04-15T13:29:42.803+0200][129,685s] GC(181) Metaspace: 83562K->83562K(1126400K)
[2019-04-15T13:29:42.803+0200][129,685s] GC(181) Pause Young (Allocation Failure) 270M->185M(490M) 9,886ms
[2019-04-15T13:29:42.803+0200][129,685s] GC(181) User=0,03s Sys=0,00s Real=0,01s
[2019-04-15T13:29:42.870+0200][129,752s] GC(182) Pause Young (Allocation Failure)
[2019-04-15T13:29:42.870+0200][129,752s] GC(182) Using 4 workers of 4 for evacuation
[2019-04-15T13:29:42.881+0200][129,763s] GC(182) ParNew: 88321K->1855K(109248K)
[2019-04-15T13:29:42.881+0200][129,763s] GC(182) CMS: 188764K->188784K(393216K)
[2019-04-15T13:29:42.881+0200][129,763s] GC(182) Metaspace: 83562K->83562K(1126400K)
[2019-04-15T13:29:42.881+0200][129,763s] GC(182) Pause Young (Allocation Failure) 270M->186M(490M) 11,010ms
[2019-04-15T13:29:42.881+0200][129,763s] GC(182) User=0,03s Sys=0,00s Real=0,01s
[2019-04-15T13:29:42.951+0200][129,833s] GC(183) Pause Young (Allocation Failure)
[2019-04-15T13:29:42.951+0200][129,833s] GC(183) Using 4 workers of 4 for evacuation
[2019-04-15T13:29:42.959+0200][129,841s] GC(183) ParNew: 89279K->1982K(109248K)
[2019-04-15T13:29:42.959+0200][129,841s] GC(183) CMS: 188784K->188805K(393216K)
[2019-04-15T13:29:42.959+0200][129,841s] GC(183) Metaspace: 83562K->83562K(1126400K)
[2019-04-15T13:29:42.959+0200][129,841s] GC(183) Pause Young (Allocation Failure) 271M->186M(490M) 7,587ms
[2019-04-15T13:29:42.959+0200][129,841s] GC(183) User=0,01s Sys=0,00s Real=0,01s
[2019-04-15T13:29:43.028+0200][129,910s] GC(184) Pause Young (Allocation Failure)
[2019-04-15T13:29:43.028+0200][129,910s] GC(184) Using 4 workers of 4 for evacuation
[2019-04-15T13:29:43.038+0200][129,920s] GC(184) ParNew: 89406K->1367K(109248K)
[2019-04-15T13:29:43.038+0200][129,920s] GC(184) CMS: 188805K->188816K(393216K)
[2019-04-15T13:29:43.038+0200][129,920s] GC(184) Metaspace: 83562K->83562K(1126400K)
[2019-04-15T13:29:43.038+0200][129,920s] GC(184) Pause Young (Allocation Failure) 271M->185M(490M) 9,492ms
[2019-04-15T13:29:43.038+0200][129,920s] GC(184) User=0,02s Sys=0,00s Real=0,01s
[2019-04-15T13:29:43.105+0200][129,987s] GC(185) Pause Young (Allocation Failure)
[2019-04-15T13:29:43.105+0200][129,987s] GC(185) Using 4 workers of 4 for evacuation
[2019-04-15T13:29:43.115+0200][129,997s] GC(185) ParNew: 88791K->1260K(109248K)
[2019-04-15T13:29:43.115+0200][129,997s] GC(185) CMS: 188816K->188817K(393216K)
[2019-04-15T13:29:43.115+0200][129,997s] GC(185) Metaspace: 83562K->83562K(1126400K)
[2019-04-15T13:29:43.115+0200][129,997s] GC(185) Pause Young (Allocation Failure) 271M->185M(490M) 9,400ms
[2019-04-15T13:29:43.115+0200][129,997s] GC(185) User=0,02s Sys=0,00s Real=0,01s
[2019-04-15T13:29:43.179+0200][130,061s] GC(186) Pause Young (Allocation Failure)
[2019-04-15T13:29:43.179+0200][130,062s] GC(186) Using 4 workers of 4 for evacuation
[2019-04-15T13:29:43.192+0200][130,074s] GC(186) ParNew: 88684K->1872K(109248K)
[2019-04-15T13:29:43.192+0200][130,074s] GC(186) CMS: 188817K->188820K(393216K)
[2019-04-15T13:29:43.192+0200][130,074s] GC(186) Metaspace: 83562K->83562K(1126400K)
[2019-04-15T13:29:43.192+0200][130,074s] GC(186) Pause Young (Allocation Failure) 270M->186M(490M) 13,007ms
[2019-04-15T13:29:43.192+0200][130,074s] GC(186) User=0,03s Sys=0,00s Real=0,01s
[2019-04-15T13:29:43.255+0200][130,137s] GC(187) Pause Young (Allocation Failure)
[2019-04-15T13:29:43.255+0200][130,137s] GC(187) Using 4 workers of 4 for evacuation
[2019-04-15T13:29:43.262+0200][130,144s] GC(187) ParNew: 89296K->9861K(109248K)
[2019-04-15T13:29:43.262+0200][130,144s] GC(187) CMS: 188820K->188823K(393216K)
[2019-04-15T13:29:43.262+0200][130,144s] GC(187) Metaspace: 83562K->83562K(1126400K)
[2019-04-15T13:29:43.262+0200][130,144s] GC(187) Pause Young (Allocation Failure) 271M->194M(490M) 7,604ms
[2019-04-15T13:29:43.262+0200][130,144s] GC(187) User=0,02s Sys=0,00s Real=0,00s
[2019-04-15T13:29:43.328+0200][130,210s] GC(188) Pause Young (Allocation Failure)
[2019-04-15T13:29:43.328+0200][130,210s] GC(188) Using 4 workers of 4 for evacuation
[2019-04-15T13:29:43.340+0200][130,222s] GC(188) ParNew: 97285K->9367K(109248K)
[2019-04-15T13:29:43.340+0200][130,222s] GC(188) CMS: 188823K->188828K(393216K)
[2019-04-15T13:29:43.340+0200][130,222s] GC(188) Metaspace: 83562K->83562K(1126400K)
[2019-04-15T13:29:43.340+0200][130,222s] GC(188) Pause Young (Allocation Failure) 279M->193M(490M) 11,874ms
[2019-04-15T13:29:43.340+0200][130,222s] GC(188) User=0,03s Sys=0,00s Real=0,01s
[2019-04-15T13:29:43.405+0200][130,287s] GC(189) Pause Young (Allocation Failure)
[2019-04-15T13:29:43.405+0200][130,287s] GC(189) Using 4 workers of 4 for evacuation
[2019-04-15T13:29:43.413+0200][130,295s] GC(189) ParNew: 96791K->9412K(109248K)
[2019-04-15T13:29:43.413+0200][130,295s] GC(189) CMS: 188828K->188829K(393216K)
[2019-04-15T13:29:43.413+0200][130,296s] GC(189) Metaspace: 83562K->83562K(1126400K)
[2019-04-15T13:29:43.414+0200][130,296s] GC(189) Pause Young (Allocation Failure) 278M->193M(490M) 8,738ms
[2019-04-15T13:29:43.414+0200][130,296s] GC(189) User=0,02s Sys=0,00s Real=0,02s
[2019-04-15T13:29:43.481+0200][130,363s] GC(190) Pause Young (Allocation Failure)
[2019-04-15T13:29:43.481+0200][130,363s] GC(190) Using 4 workers of 4 for evacuation
[2019-04-15T13:29:43.493+0200][130,375s] GC(190) ParNew: 96836K->9592K(109248K)
[2019-04-15T13:29:43.493+0200][130,375s] GC(190) CMS: 188829K->188831K(393216K)
[2019-04-15T13:29:43.493+0200][130,375s] GC(190) Metaspace: 83566K->83566K(1126400K)
[2019-04-15T13:29:43.493+0200][130,375s] GC(190) Pause Young (Allocation Failure) 278M->193M(490M) 11,963ms
[2019-04-15T13:29:43.493+0200][130,375s] GC(190) User=0,02s Sys=0,00s Real=0,02s
[2019-04-15T13:29:43.559+0200][130,441s] GC(191) Pause Young (Allocation Failure)
[2019-04-15T13:29:43.559+0200][130,441s] GC(191) Using 4 workers of 4 for evacuation
[2019-04-15T13:29:43.570+0200][130,452s] GC(191) ParNew: 97016K->9548K(109248K)
[2019-04-15T13:29:43.570+0200][130,452s] GC(191) CMS: 188831K->188847K(393216K)
[2019-04-15T13:29:43.570+0200][130,452s] GC(191) Metaspace: 83566K->83566K(1126400K)
[2019-04-15T13:29:43.570+0200][130,452s] GC(191) Pause Young (Allocation Failure) 279M->193M(490M) 10,839ms
[2019-04-15T13:29:43.570+0200][130,452s] GC(191) User=0,02s Sys=0,00s Real=0,01s
[2019-04-15T13:29:43.634+0200][130,516s] GC(192) Pause Young (Allocation Failure)
[2019-04-15T13:29:43.634+0200][130,516s] GC(192) Using 4 workers of 4 for evacuation
[2019-04-15T13:29:43.649+0200][130,531s] GC(192) ParNew: 96972K->10084K(109248K)
[2019-04-15T13:29:43.649+0200][130,531s] GC(192) CMS: 188847K->188862K(393216K)
[2019-04-15T13:29:43.649+0200][130,531s] GC(192) Metaspace: 83566K->83566K(1126400K)
[2019-04-15T13:29:43.649+0200][130,531s] GC(192) Pause Young (Allocation Failure) 279M->194M(490M) 14,590ms
[2019-04-15T13:29:43.649+0200][130,531s] GC(192) User=0,03s Sys=0,00s Real=0,01s
[2019-04-15T13:29:43.715+0200][130,597s] GC(193) Pause Young (Allocation Failure)
[2019-04-15T13:29:43.715+0200][130,597s] GC(193) Using 4 workers of 4 for evacuation
[2019-04-15T13:29:43.726+0200][130,608s] GC(193) ParNew: 97508K->10527K(109248K)
[2019-04-15T13:29:43.726+0200][130,608s] GC(193) CMS: 188862K->188867K(393216K)
[2019-04-15T13:29:43.726+0200][130,608s] GC(193) Metaspace: 83566K->83566K(1126400K)
[2019-04-15T13:29:43.726+0200][130,608s] GC(193) Pause Young (Allocation Failure) 279M->194M(490M) 10,803ms
[2019-04-15T13:29:43.726+0200][130,608s] GC(193) User=0,02s Sys=0,00s Real=0,01s
[2019-04-15T13:29:43.792+0200][130,674s] GC(194) Pause Young (Allocation Failure)
[2019-04-15T13:29:43.792+0200][130,674s] GC(194) Using 4 workers of 4 for evacuation
[2019-04-15T13:29:43.801+0200][130,683s] GC(194) ParNew: 97951K->9261K(109248K)
[2019-04-15T13:29:43.801+0200][130,683s] GC(194) CMS: 188867K->188872K(393216K)
[2019-04-15T13:29:43.801+0200][130,683s] GC(194) Metaspace: 83567K->83567K(1126400K)
[2019-04-15T13:29:43.801+0200][130,683s] GC(194) Pause Young (Allocation Failure) 280M->193M(490M) 8,259ms
[2019-04-15T13:29:43.801+0200][130,683s] GC(194) User=0,02s Sys=0,00s Real=0,01s
[2019-04-15T13:29:43.866+0200][130,748s] GC(195) Pause Young (Allocation Failure)
[2019-04-15T13:29:43.866+0200][130,748s] GC(195) Using 4 workers of 4 for evacuation
[2019-04-15T13:29:43.878+0200][130,760s] GC(195) ParNew: 96685K->1505K(109248K)
[2019-04-15T13:29:43.878+0200][130,760s] GC(195) CMS: 188872K->197080K(393216K)
[2019-04-15T13:29:43.878+0200][130,760s] GC(195) Metaspace: 83567K->83567K(1126400K)
[2019-04-15T13:29:43.878+0200][130,760s] GC(195) Pause Young (Allocation Failure) 278M->193M(490M) 11,312ms
[2019-04-15T13:29:43.878+0200][130,760s] GC(195) User=0,02s Sys=0,00s Real=0,01s
[2019-04-15T13:29:43.878+0200][130,760s] GC(196) Pause Initial Mark
[2019-04-15T13:29:43.879+0200][130,761s] GC(196) Pause Initial Mark 195M->195M(490M) 0,756ms
[2019-04-15T13:29:43.879+0200][130,761s] GC(196) User=0,00s Sys=0,00s Real=0,00s
[2019-04-15T13:29:43.879+0200][130,761s] GC(196) Concurrent Mark
[2019-04-15T13:29:43.879+0200][130,761s] GC(196) Using 4 workers of 4 for marking
[2019-04-15T13:29:43.929+0200][130,811s] GC(196) Concurrent Mark 50,112ms
[2019-04-15T13:29:43.929+0200][130,811s] GC(196) User=0,16s Sys=0,00s Real=0,05s
[2019-04-15T13:29:43.929+0200][130,811s] GC(196) Concurrent Preclean
[2019-04-15T13:29:43.930+0200][130,812s] GC(196) Concurrent Preclean 1,311ms
[2019-04-15T13:29:43.930+0200][130,812s] GC(196) User=0,00s Sys=0,00s Real=0,00s
[2019-04-15T13:29:43.930+0200][130,812s] GC(196) Concurrent Abortable Preclean
[2019-04-15T13:29:43.986+0200][130,868s] GC(197) Pause Young (Allocation Failure)
[2019-04-15T13:29:43.986+0200][130,868s] GC(197) Using 4 workers of 4 for evacuation
[2019-04-15T13:29:43.994+0200][130,876s] GC(197) ParNew: 88929K->2105K(109248K)
[2019-04-15T13:29:43.994+0200][130,876s] GC(197) CMS: 197080K->197135K(393216K)
[2019-04-15T13:29:43.994+0200][130,876s] GC(197) Metaspace: 83567K->83567K(1126400K)
[2019-04-15T13:29:43.994+0200][130,876s] GC(197) Pause Young (Allocation Failure) 279M->194M(490M) 8,200ms
[2019-04-15T13:29:43.994+0200][130,876s] GC(197) User=0,01s Sys=0,00s Real=0,01s
[2019-04-15T13:29:44.096+0200][130,978s] GC(198) Pause Young (Allocation Failure)
[2019-04-15T13:29:44.096+0200][130,978s] GC(198) Using 4 workers of 4 for evacuation
[2019-04-15T13:29:44.103+0200][130,985s] GC(198) ParNew: 89529K->1062K(109248K)
[2019-04-15T13:29:44.103+0200][130,985s] GC(198) CMS: 197135K->197137K(393216K)
[2019-04-15T13:29:44.103+0200][130,985s] GC(198) Metaspace: 83567K->83567K(1126400K)
[2019-04-15T13:29:44.103+0200][130,985s] GC(198) Pause Young (Allocation Failure) 279M->193M(490M) 7,224ms
[2019-04-15T13:29:44.103+0200][130,985s] GC(198) User=0,02s Sys=0,00s Real=0,00s
[2019-04-15T13:29:44.181+0200][131,063s] GC(199) Pause Young (Allocation Failure)
[2019-04-15T13:29:44.181+0200][131,063s] GC(199) Using 4 workers of 4 for evacuation
[2019-04-15T13:29:44.188+0200][131,070s] GC(199) ParNew: 88486K->1287K(109248K)
[2019-04-15T13:29:44.188+0200][131,070s] GC(199) CMS: 197137K->197139K(393216K)
[2019-04-15T13:29:44.188+0200][131,070s] GC(199) Metaspace: 83567K->83567K(1126400K)
[2019-04-15T13:29:44.188+0200][131,070s] GC(199) Pause Young (Allocation Failure) 278M->193M(490M) 7,171ms
[2019-04-15T13:29:44.188+0200][131,070s] GC(199) User=0,02s Sys=0,00s Real=0,01s
[2019-04-15T13:29:44.274+0200][131,156s] GC(200) Pause Young (Allocation Failure)
[2019-04-15T13:29:44.274+0200][131,156s] GC(200) Using 4 workers of 4 for evacuation
[2019-04-15T13:29:44.292+0200][131,174s] GC(200) ParNew: 88711K->1609K(109248K)
[2019-04-15T13:29:44.292+0200][131,174s] GC(200) CMS: 197139K->197146K(393216K)
[2019-04-15T13:29:44.292+0200][131,174s] GC(200) Metaspace: 83567K->83567K(1126400K)
[2019-04-15T13:29:44.292+0200][131,174s] GC(200) Pause Young (Allocation Failure) 279M->194M(490M) 18,696ms
[2019-04-15T13:29:44.292+0200][131,174s] GC(200) User=0,04s Sys=0,00s Real=0,01s
[2019-04-15T13:29:44.365+0200][131,247s] GC(201) Pause Young (Allocation Failure)
[2019-04-15T13:29:44.365+0200][131,247s] GC(201) Using 4 workers of 4 for evacuation
[2019-04-15T13:29:44.374+0200][131,256s] GC(201) ParNew: 89033K->1273K(109248K)
[2019-04-15T13:29:44.374+0200][131,256s] GC(201) CMS: 197146K->197148K(393216K)
[2019-04-15T13:29:44.374+0200][131,256s] GC(201) Metaspace: 83567K->83567K(1126400K)
[2019-04-15T13:29:44.374+0200][131,256s] GC(201) Pause Young (Allocation Failure) 279M->193M(490M) 9,262ms
[2019-04-15T13:29:44.374+0200][131,256s] GC(201) User=0,02s Sys=0,00s Real=0,02s
[2019-04-15T13:29:44.445+0200][131,327s] GC(202) Pause Young (Allocation Failure)
[2019-04-15T13:29:44.445+0200][131,327s] GC(202) Using 4 workers of 4 for evacuation
[2019-04-15T13:29:44.452+0200][131,334s] GC(202) ParNew: 88697K->1444K(109248K)
[2019-04-15T13:29:44.452+0200][131,334s] GC(202) CMS: 197148K->197166K(393216K)
[2019-04-15T13:29:44.452+0200][131,334s] GC(202) Metaspace: 83567K->83567K(1126400K)
[2019-04-15T13:29:44.452+0200][131,334s] GC(202) Pause Young (Allocation Failure) 279M->193M(490M) 6,530ms
[2019-04-15T13:29:44.452+0200][131,334s] GC(202) User=0,02s Sys=0,00s Real=0,00s
[2019-04-15T13:29:44.543+0200][131,425s] GC(203) Pause Young (Allocation Failure)
[2019-04-15T13:29:44.543+0200][131,425s] GC(203) Using 4 workers of 4 for evacuation
[2019-04-15T13:29:44.550+0200][131,432s] GC(203) ParNew: 88868K->1855K(109248K)
[2019-04-15T13:29:44.550+0200][131,432s] GC(203) CMS: 197166K->197217K(393216K)
[2019-04-15T13:29:44.550+0200][131,432s] GC(203) Metaspace: 83567K->83567K(1126400K)
[2019-04-15T13:29:44.550+0200][131,432s] GC(203) Pause Young (Allocation Failure) 279M->194M(490M) 7,261ms
[2019-04-15T13:29:44.550+0200][131,432s] GC(203) User=0,02s Sys=0,00s Real=0,01s
[2019-04-15T13:29:44.634+0200][131,516s] GC(204) Pause Young (Allocation Failure)
[2019-04-15T13:29:44.634+0200][131,516s] GC(204) Using 4 workers of 4 for evacuation
[2019-04-15T13:29:44.642+0200][131,524s] GC(204) ParNew: 89279K->2087K(109248K)
[2019-04-15T13:29:44.642+0200][131,524s] GC(204) CMS: 197217K->197221K(393216K)
[2019-04-15T13:29:44.642+0200][131,525s] GC(204) Metaspace: 83567K->83567K(1126400K)
[2019-04-15T13:29:44.643+0200][131,525s] GC(204) Pause Young (Allocation Failure) 279M->194M(490M) 8,754ms
[2019-04-15T13:29:44.643+0200][131,525s] GC(204) User=0,02s Sys=0,00s Real=0,00s
[2019-04-15T13:29:44.719+0200][131,601s] GC(205) Pause Young (Allocation Failure)
[2019-04-15T13:29:44.719+0200][131,601s] GC(205) Using 4 workers of 4 for evacuation
[2019-04-15T13:29:44.734+0200][131,616s] GC(205) ParNew: 89511K->2171K(109248K)
[2019-04-15T13:29:44.734+0200][131,616s] GC(205) CMS: 197221K->197229K(393216K)
[2019-04-15T13:29:44.734+0200][131,616s] GC(205) Metaspace: 83567K->83567K(1126400K)
[2019-04-15T13:29:44.734+0200][131,616s] GC(205) Pause Young (Allocation Failure) 280M->194M(490M) 15,701ms
[2019-04-15T13:29:44.734+0200][131,616s] GC(205) User=0,04s Sys=0,00s Real=0,02s
[2019-04-15T13:29:44.847+0200][131,729s] GC(206) Pause Young (Allocation Failure)
[2019-04-15T13:29:44.847+0200][131,729s] GC(206) Using 4 workers of 4 for evacuation
[2019-04-15T13:29:44.853+0200][131,735s] GC(196) Concurrent Abortable Preclean 922,490ms
[2019-04-15T13:29:44.853+0200][131,735s] GC(196) User=1,22s Sys=0,00s Real=0,92s
[2019-04-15T13:29:44.854+0200][131,736s] GC(206) ParNew: 89595K->1619K(109248K)
[2019-04-15T13:29:44.854+0200][131,736s] GC(206) CMS: 197229K->197237K(393216K)
[2019-04-15T13:29:44.854+0200][131,736s] GC(206) Metaspace: 83567K->83567K(1126400K)
[2019-04-15T13:29:44.854+0200][131,736s] GC(206) Pause Young (Allocation Failure) 280M->194M(490M) 7,436ms
[2019-04-15T13:29:44.854+0200][131,736s] GC(206) User=0,02s Sys=0,00s Real=0,01s
[2019-04-15T13:29:44.855+0200][131,737s] GC(196) Pause Remark
[2019-04-15T13:29:44.855+0200][131,737s] GC(207) Pause Young (CMS Final Remark)
[2019-04-15T13:29:44.855+0200][131,737s] GC(207) Using 4 workers of 4 for evacuation
[2019-04-15T13:29:44.863+0200][131,745s] GC(207) ParNew: 3367K->706K(109248K)
[2019-04-15T13:29:44.863+0200][131,745s] GC(207) CMS: 197237K->197239K(393216K)
[2019-04-15T13:29:44.863+0200][131,745s] GC(207) Metaspace: 83567K->83567K(1126400K)
[2019-04-15T13:29:44.863+0200][131,745s] GC(207) Pause Young (CMS Final Remark) 195M->193M(490M) 8,829ms
[2019-04-15T13:29:44.863+0200][131,745s] GC(207) User=0,01s Sys=0,00s Real=0,00s
[2019-04-15T13:29:44.903+0200][131,785s] GC(196) Pause Remark 195M->193M(490M) 48,546ms
[2019-04-15T13:29:44.903+0200][131,785s] GC(196) User=0,07s Sys=0,00s Real=0,04s
[2019-04-15T13:29:44.904+0200][131,786s] GC(196) Concurrent Sweep
[2019-04-15T13:29:44.976+0200][131,858s] GC(196) Concurrent Sweep 72,253ms
[2019-04-15T13:29:44.976+0200][131,858s] GC(196) User=0,14s Sys=0,00s Real=0,08s
[2019-04-15T13:29:44.976+0200][131,858s] GC(196) Concurrent Reset
[2019-04-15T13:29:44.977+0200][131,859s] GC(208) Pause Young (Allocation Failure)
[2019-04-15T13:29:44.977+0200][131,859s] GC(208) Using 4 workers of 4 for evacuation
[2019-04-15T13:29:44.993+0200][131,875s] GC(208) ParNew: 88130K->1423K(109248K)
[2019-04-15T13:29:44.993+0200][131,875s] GC(208) CMS: 152038K->152044K(393216K)
[2019-04-15T13:29:44.993+0200][131,875s] GC(208) Metaspace: 83567K->83567K(1126400K)
[2019-04-15T13:29:44.993+0200][131,875s] GC(208) Pause Young (Allocation Failure) 234M->149M(490M) 15,925ms
[2019-04-15T13:29:44.993+0200][131,875s] GC(208) User=0,03s Sys=0,00s Real=0,02s
[2019-04-15T13:29:44.993+0200][131,875s] GC(196) Concurrent Reset 16,953ms
[2019-04-15T13:29:44.993+0200][131,875s] GC(196) User=0,04s Sys=0,00s Real=0,02s
[2019-04-15T13:29:44.993+0200][131,875s] GC(196) Old: 197080K->152044K(393216K)
[2019-04-15T13:29:45.072+0200][131,954s] GC(209) Pause Young (Allocation Failure)
[2019-04-15T13:29:45.072+0200][131,954s] GC(209) Using 4 workers of 4 for evacuation
[2019-04-15T13:29:45.087+0200][131,969s] GC(209) ParNew: 88847K->1499K(109248K)
[2019-04-15T13:29:45.087+0200][131,969s] GC(209) CMS: 152044K->152050K(393216K)
[2019-04-15T13:29:45.087+0200][131,969s] GC(209) Metaspace: 83567K->83567K(1126400K)
[2019-04-15T13:29:45.087+0200][131,969s] GC(209) Pause Young (Allocation Failure) 235M->149M(490M) 15,096ms
[2019-04-15T13:29:45.087+0200][131,969s] GC(209) User=0,04s Sys=0,00s Real=0,02s
[2019-04-15T13:29:45.172+0200][132,054s] GC(210) Pause Young (Allocation Failure)
[2019-04-15T13:29:45.172+0200][132,054s] GC(210) Using 4 workers of 4 for evacuation
[2019-04-15T13:29:45.179+0200][132,061s] GC(210) ParNew: 88923K->1387K(109248K)
[2019-04-15T13:29:45.179+0200][132,061s] GC(210) CMS: 152050K->152051K(393216K)
[2019-04-15T13:29:45.179+0200][132,061s] GC(210) Metaspace: 83567K->83567K(1126400K)
[2019-04-15T13:29:45.179+0200][132,061s] GC(210) Pause Young (Allocation Failure) 235M->149M(490M) 7,112ms
[2019-04-15T13:29:45.179+0200][132,061s] GC(210) User=0,02s Sys=0,00s Real=0,01s
[2019-04-15T13:29:45.244+0200][132,126s] GC(211) Pause Young (Allocation Failure)
[2019-04-15T13:29:45.244+0200][132,126s] GC(211) Using 4 workers of 4 for evacuation
[2019-04-15T13:29:45.255+0200][132,137s] GC(211) ParNew: 88811K->1881K(109248K)
[2019-04-15T13:29:45.255+0200][132,137s] GC(211) CMS: 152051K->152067K(393216K)
[2019-04-15T13:29:45.255+0200][132,137s] GC(211) Metaspace: 83567K->83567K(1126400K)
[2019-04-15T13:29:45.255+0200][132,137s] GC(211) Pause Young (Allocation Failure) 235M->150M(490M) 11,059ms
[2019-04-15T13:29:45.255+0200][132,137s] GC(211) User=0,02s Sys=0,00s Real=0,02s
[2019-04-15T13:29:45.320+0200][132,202s] GC(212) Pause Young (Allocation Failure)
[2019-04-15T13:29:45.320+0200][132,202s] GC(212) Using 4 workers of 4 for evacuation
[2019-04-15T13:29:45.334+0200][132,216s] GC(212) ParNew: 89305K->2406K(109248K)
[2019-04-15T13:29:45.334+0200][132,216s] GC(212) CMS: 152067K->152068K(393216K)
[2019-04-15T13:29:45.334+0200][132,216s] GC(212) Metaspace: 83567K->83567K(1126400K)
[2019-04-15T13:29:45.334+0200][132,216s] GC(212) Pause Young (Allocation Failure) 235M->150M(490M) 13,909ms
[2019-04-15T13:29:45.334+0200][132,216s] GC(212) User=0,03s Sys=0,00s Real=0,02s
[2019-04-15T13:29:45.398+0200][132,280s] GC(213) Pause Young (Allocation Failure)
[2019-04-15T13:29:45.398+0200][132,280s] GC(213) Using 4 workers of 4 for evacuation
[2019-04-15T13:29:45.408+0200][132,290s] GC(213) ParNew: 89830K->2162K(109248K)
[2019-04-15T13:29:45.408+0200][132,290s] GC(213) CMS: 152068K->152069K(393216K)
[2019-04-15T13:29:45.408+0200][132,290s] GC(213) Metaspace: 83567K->83567K(1126400K)
[2019-04-15T13:29:45.408+0200][132,290s] GC(213) Pause Young (Allocation Failure) 236M->150M(490M) 9,736ms
[2019-04-15T13:29:45.408+0200][132,290s] GC(213) User=0,02s Sys=0,00s Real=0,01s
[2019-04-15T13:29:45.475+0200][132,357s] GC(214) Pause Young (Allocation Failure)
[2019-04-15T13:29:45.475+0200][132,357s] GC(214) Using 4 workers of 4 for evacuation
[2019-04-15T13:29:45.485+0200][132,367s] GC(214) ParNew: 89586K->1836K(109248K)
[2019-04-15T13:29:45.485+0200][132,367s] GC(214) CMS: 152069K->152078K(393216K)
[2019-04-15T13:29:45.485+0200][132,367s] GC(214) Metaspace: 83568K->83568K(1126400K)
[2019-04-15T13:29:45.485+0200][132,367s] GC(214) Pause Young (Allocation Failure) 235M->150M(490M) 9,733ms
[2019-04-15T13:29:45.485+0200][132,367s] GC(214) User=0,01s Sys=0,00s Real=0,01s
[2019-04-15T13:29:45.554+0200][132,436s] GC(215) Pause Young (Allocation Failure)
[2019-04-15T13:29:45.554+0200][132,436s] GC(215) Using 4 workers of 4 for evacuation
[2019-04-15T13:29:45.562+0200][132,444s] GC(215) ParNew: 89260K->1404K(109248K)
[2019-04-15T13:29:45.562+0200][132,444s] GC(215) CMS: 152078K->152078K(393216K)
[2019-04-15T13:29:45.562+0200][132,444s] GC(215) Metaspace: 83568K->83568K(1126400K)
[2019-04-15T13:29:45.562+0200][132,444s] GC(215) Pause Young (Allocation Failure) 235M->149M(490M) 8,038ms
[2019-04-15T13:29:45.562+0200][132,444s] GC(215) User=0,01s Sys=0,00s Real=0,00s
[2019-04-15T13:29:45.627+0200][132,509s] GC(216) Pause Young (Allocation Failure)
[2019-04-15T13:29:45.627+0200][132,509s] GC(216) Using 4 workers of 4 for evacuation
[2019-04-15T13:29:45.634+0200][132,516s] GC(216) ParNew: 88828K->1108K(109248K)
[2019-04-15T13:29:45.634+0200][132,516s] GC(216) CMS: 152078K->152081K(393216K)
[2019-04-15T13:29:45.634+0200][132,516s] GC(216) Metaspace: 83568K->83568K(1126400K)
[2019-04-15T13:29:45.634+0200][132,516s] GC(216) Pause Young (Allocation Failure) 235M->149M(490M) 6,991ms
[2019-04-15T13:29:45.634+0200][132,516s] GC(216) User=0,02s Sys=0,00s Real=0,01s
[2019-04-15T13:29:45.698+0200][132,580s] GC(217) Pause Young (Allocation Failure)
[2019-04-15T13:29:45.698+0200][132,580s] GC(217) Using 4 workers of 4 for evacuation
[2019-04-15T13:29:45.707+0200][132,589s] GC(217) ParNew: 88532K->1807K(109248K)
[2019-04-15T13:29:45.707+0200][132,589s] GC(217) CMS: 152081K->152160K(393216K)
[2019-04-15T13:29:45.707+0200][132,589s] GC(217) Metaspace: 83568K->83568K(1126400K)
[2019-04-15T13:29:45.707+0200][132,589s] GC(217) Pause Young (Allocation Failure) 234M->150M(490M) 9,321ms
[2019-04-15T13:29:45.707+0200][132,590s] GC(217) User=0,02s Sys=0,00s Real=0,01s
[2019-04-15T13:29:45.778+0200][132,660s] GC(218) Pause Young (Allocation Failure)
[2019-04-15T13:29:45.778+0200][132,660s] GC(218) Using 4 workers of 4 for evacuation
[2019-04-15T13:29:45.791+0200][132,673s] GC(218) ParNew: 89231K->17971K(109248K)
[2019-04-15T13:29:45.791+0200][132,673s] GC(218) CMS: 152160K->152166K(393216K)
[2019-04-15T13:29:45.791+0200][132,673s] GC(218) Metaspace: 83568K->83568K(1126400K)
[2019-04-15T13:29:45.791+0200][132,673s] GC(218) Pause Young (Allocation Failure) 235M->166M(490M) 12,888ms
[2019-04-15T13:29:45.791+0200][132,673s] GC(218) User=0,03s Sys=0,00s Real=0,01s
[2019-04-15T13:29:45.891+0200][132,773s] GC(219) Pause Young (Allocation Failure)
[2019-04-15T13:29:45.891+0200][132,773s] GC(219) Using 4 workers of 4 for evacuation
[2019-04-15T13:29:45.911+0200][132,793s] GC(219) ParNew: 105395K->17696K(109248K)
[2019-04-15T13:29:45.911+0200][132,793s] GC(219) CMS: 152166K->152167K(393216K)
[2019-04-15T13:29:45.911+0200][132,793s] GC(219) Metaspace: 83568K->83568K(1126400K)
[2019-04-15T13:29:45.911+0200][132,793s] GC(219) Pause Young (Allocation Failure) 251M->165M(490M) 19,891ms
[2019-04-15T13:29:45.911+0200][132,793s] GC(219) User=0,05s Sys=0,00s Real=0,02s
[2019-04-15T13:29:46.012+0200][132,894s] GC(220) Pause Young (Allocation Failure)
[2019-04-15T13:29:46.012+0200][132,894s] GC(220) Using 4 workers of 4 for evacuation
[2019-04-15T13:29:46.045+0200][132,927s] GC(220) ParNew: 105120K->18075K(109248K)
[2019-04-15T13:29:46.045+0200][132,927s] GC(220) CMS: 152167K->152174K(393216K)
[2019-04-15T13:29:46.045+0200][132,927s] GC(220) Metaspace: 83568K->83568K(1126400K)
[2019-04-15T13:29:46.045+0200][132,927s] GC(220) Pause Young (Allocation Failure) 251M->166M(490M) 33,132ms
[2019-04-15T13:29:46.045+0200][132,927s] GC(220) User=0,06s Sys=0,00s Real=0,04s
[2019-04-15T13:29:46.117+0200][132,999s] GC(221) Pause Young (Allocation Failure)
[2019-04-15T13:29:46.117+0200][132,999s] GC(221) Using 4 workers of 4 for evacuation
[2019-04-15T13:29:46.134+0200][133,016s] GC(221) ParNew: 105499K->18082K(109248K)
[2019-04-15T13:29:46.134+0200][133,016s] GC(221) CMS: 152174K->152176K(393216K)
[2019-04-15T13:29:46.134+0200][133,016s] GC(221) Metaspace: 83568K->83568K(1126400K)
[2019-04-15T13:29:46.134+0200][133,016s] GC(221) Pause Young (Allocation Failure) 251M->166M(490M) 17,407ms
[2019-04-15T13:29:46.134+0200][133,016s] GC(221) User=0,04s Sys=0,00s Real=0,02s
[2019-04-15T13:29:46.200+0200][133,082s] GC(222) Pause Young (Allocation Failure)
[2019-04-15T13:29:46.200+0200][133,082s] GC(222) Using 4 workers of 4 for evacuation
[2019-04-15T13:29:46.212+0200][133,094s] GC(222) ParNew: 105506K->18351K(109248K)
[2019-04-15T13:29:46.212+0200][133,094s] GC(222) CMS: 152176K->152181K(393216K)
[2019-04-15T13:29:46.212+0200][133,094s] GC(222) Metaspace: 83568K->83568K(1126400K)
[2019-04-15T13:29:46.212+0200][133,094s] GC(222) Pause Young (Allocation Failure) 251M->166M(490M) 12,287ms
[2019-04-15T13:29:46.212+0200][133,094s] GC(222) User=0,03s Sys=0,00s Real=0,01s
[2019-04-15T13:29:46.321+0200][133,203s] GC(223) Pause Young (Allocation Failure)
[2019-04-15T13:29:46.321+0200][133,203s] GC(223) Using 4 workers of 4 for evacuation
[2019-04-15T13:29:46.336+0200][133,218s] GC(223) ParNew: 105775K->18484K(109248K)
[2019-04-15T13:29:46.336+0200][133,218s] GC(223) CMS: 152181K->152192K(393216K)
[2019-04-15T13:29:46.336+0200][133,218s] GC(223) Metaspace: 83568K->83568K(1126400K)
[2019-04-15T13:29:46.336+0200][133,218s] GC(223) Pause Young (Allocation Failure) 251M->166M(490M) 15,365ms
[2019-04-15T13:29:46.336+0200][133,218s] GC(223) User=0,04s Sys=0,00s Real=0,02s
[2019-04-15T13:29:46.403+0200][133,285s] GC(224) Pause Young (Allocation Failure)
[2019-04-15T13:29:46.403+0200][133,285s] GC(224) Using 4 workers of 4 for evacuation
[2019-04-15T13:29:46.412+0200][133,294s] GC(224) ParNew: 105908K->17214K(109248K)
[2019-04-15T13:29:46.413+0200][133,295s] GC(224) CMS: 152192K->152193K(393216K)
[2019-04-15T13:29:46.413+0200][133,295s] GC(224) Metaspace: 83568K->83568K(1126400K)
[2019-04-15T13:29:46.413+0200][133,295s] GC(224) Pause Young (Allocation Failure) 252M->165M(490M) 9,862ms
[2019-04-15T13:29:46.413+0200][133,295s] GC(224) User=0,02s Sys=0,00s Real=0,01s
[2019-04-15T13:29:46.478+0200][133,360s] GC(225) Pause Young (Allocation Failure)
[2019-04-15T13:29:46.478+0200][133,360s] GC(225) Using 4 workers of 4 for evacuation
[2019-04-15T13:29:46.490+0200][133,372s] GC(225) ParNew: 104638K->18287K(109248K)
[2019-04-15T13:29:46.490+0200][133,372s] GC(225) CMS: 152193K->152200K(393216K)
[2019-04-15T13:29:46.490+0200][133,372s] GC(225) Metaspace: 83568K->83568K(1126400K)
[2019-04-15T13:29:46.490+0200][133,372s] GC(225) Pause Young (Allocation Failure) 250M->166M(490M) 12,016ms
[2019-04-15T13:29:46.490+0200][133,372s] GC(225) User=0,02s Sys=0,00s Real=0,01s
[2019-04-15T13:29:46.560+0200][133,442s] GC(226) Pause Young (Allocation Failure)
[2019-04-15T13:29:46.560+0200][133,442s] GC(226) Using 4 workers of 4 for evacuation
[2019-04-15T13:29:46.575+0200][133,457s] GC(226) ParNew: 105711K->2581K(109248K)
[2019-04-15T13:29:46.575+0200][133,457s] GC(226) CMS: 152200K->168636K(393216K)
[2019-04-15T13:29:46.575+0200][133,457s] GC(226) Metaspace: 83568K->83568K(1126400K)
[2019-04-15T13:29:46.575+0200][133,457s] GC(226) Pause Young (Allocation Failure) 251M->167M(490M) 15,443ms
[2019-04-15T13:29:46.575+0200][133,457s] GC(226) User=0,04s Sys=0,00s Real=0,02s
[2019-04-15T13:29:46.640+0200][133,522s] GC(227) Pause Young (Allocation Failure)
[2019-04-15T13:29:46.640+0200][133,522s] GC(227) Using 4 workers of 4 for evacuation
[2019-04-15T13:29:46.651+0200][133,533s] GC(227) ParNew: 90005K->1966K(109248K)
[2019-04-15T13:29:46.651+0200][133,533s] GC(227) CMS: 168636K->168637K(393216K)
[2019-04-15T13:29:46.651+0200][133,533s] GC(227) Metaspace: 83568K->83568K(1126400K)
[2019-04-15T13:29:46.651+0200][133,533s] GC(227) Pause Young (Allocation Failure) 252M->166M(490M) 11,333ms
[2019-04-15T13:29:46.651+0200][133,533s] GC(227) User=0,03s Sys=0,00s Real=0,01s
[2019-04-15T13:29:46.721+0200][133,603s] GC(228) Pause Young (Allocation Failure)
[2019-04-15T13:29:46.721+0200][133,603s] GC(228) Using 4 workers of 4 for evacuation
[2019-04-15T13:29:46.738+0200][133,620s] GC(228) ParNew: 89390K->2389K(109248K)
[2019-04-15T13:29:46.738+0200][133,620s] GC(228) CMS: 168637K->168639K(393216K)
[2019-04-15T13:29:46.738+0200][133,620s] GC(228) Metaspace: 83568K->83568K(1126400K)
[2019-04-15T13:29:46.738+0200][133,620s] GC(228) Pause Young (Allocation Failure) 251M->167M(490M) 16,394ms
[2019-04-15T13:29:46.738+0200][133,620s] GC(228) User=0,02s Sys=0,00s Real=0,02s
[2019-04-15T13:29:46.854+0200][133,736s] GC(229) Pause Young (Allocation Failure)
[2019-04-15T13:29:46.854+0200][133,736s] GC(229) Using 4 workers of 4 for evacuation
[2019-04-15T13:29:46.864+0200][133,746s] GC(229) ParNew: 89813K->2020K(109248K)
[2019-04-15T13:29:46.864+0200][133,746s] GC(229) CMS: 168639K->168640K(393216K)
[2019-04-15T13:29:46.864+0200][133,746s] GC(229) Metaspace: 83568K->83568K(1126400K)
[2019-04-15T13:29:46.864+0200][133,746s] GC(229) Pause Young (Allocation Failure) 252M->166M(490M) 9,590ms
[2019-04-15T13:29:46.864+0200][133,746s] GC(229) User=0,02s Sys=0,00s Real=0,00s
[2019-04-15T13:29:46.984+0200][133,866s] GC(230) Pause Young (Allocation Failure)
[2019-04-15T13:29:46.984+0200][133,866s] GC(230) Using 4 workers of 4 for evacuation
[2019-04-15T13:29:47.006+0200][133,888s] GC(230) ParNew: 89444K->1507K(109248K)
[2019-04-15T13:29:47.006+0200][133,888s] GC(230) CMS: 168640K->168642K(393216K)
[2019-04-15T13:29:47.006+0200][133,888s] GC(230) Metaspace: 83568K->83568K(1126400K)
[2019-04-15T13:29:47.006+0200][133,888s] GC(230) Pause Young (Allocation Failure) 252M->166M(490M) 21,868ms
[2019-04-15T13:29:47.006+0200][133,888s] GC(230) User=0,05s Sys=0,00s Real=0,03s
[2019-04-15T13:29:47.117+0200][133,999s] GC(231) Pause Young (Allocation Failure)
[2019-04-15T13:29:47.117+0200][133,999s] GC(231) Using 4 workers of 4 for evacuation
[2019-04-15T13:29:47.123+0200][134,005s] GC(231) ParNew: 88931K->741K(109248K)
[2019-04-15T13:29:47.123+0200][134,005s] GC(231) CMS: 168642K->168718K(393216K)
[2019-04-15T13:29:47.123+0200][134,005s] GC(231) Metaspace: 83568K->83568K(1126400K)
[2019-04-15T13:29:47.123+0200][134,005s] GC(231) Pause Young (Allocation Failure) 251M->165M(490M) 6,618ms
[2019-04-15T13:29:47.123+0200][134,005s] GC(231) User=0,01s Sys=0,01s Real=0,00s
[2019-04-15T13:29:47.188+0200][134,070s] GC(232) Pause Young (Allocation Failure)
[2019-04-15T13:29:47.189+0200][134,071s] GC(232) Using 4 workers of 4 for evacuation
[2019-04-15T13:29:47.202+0200][134,084s] GC(232) ParNew: 88165K->842K(109248K)
[2019-04-15T13:29:47.202+0200][134,084s] GC(232) CMS: 168718K->168724K(393216K)
[2019-04-15T13:29:47.202+0200][134,084s] GC(232) Metaspace: 83568K->83568K(1126400K)
[2019-04-15T13:29:47.202+0200][134,084s] GC(232) Pause Young (Allocation Failure) 250M->165M(490M) 13,562ms
[2019-04-15T13:29:47.202+0200][134,084s] GC(232) User=0,03s Sys=0,00s Real=0,01s
[2019-04-15T13:29:47.268+0200][134,150s] GC(233) Pause Young (Allocation Failure)
[2019-04-15T13:29:47.268+0200][134,150s] GC(233) Using 4 workers of 4 for evacuation
[2019-04-15T13:29:47.278+0200][134,160s] GC(233) ParNew: 88266K->1134K(109248K)
[2019-04-15T13:29:47.278+0200][134,160s] GC(233) CMS: 168724K->168725K(393216K)
[2019-04-15T13:29:47.278+0200][134,160s] GC(233) Metaspace: 83568K->83568K(1126400K)
[2019-04-15T13:29:47.278+0200][134,160s] GC(233) Pause Young (Allocation Failure) 250M->165M(490M) 10,593ms
[2019-04-15T13:29:47.278+0200][134,160s] GC(233) User=0,02s Sys=0,00s Real=0,01s
[2019-04-15T13:29:47.345+0200][134,227s] GC(234) Pause Young (Allocation Failure)
[2019-04-15T13:29:47.345+0200][134,227s] GC(234) Using 4 workers of 4 for evacuation
[2019-04-15T13:29:47.357+0200][134,239s] GC(234) ParNew: 88558K->1879K(109248K)
[2019-04-15T13:29:47.357+0200][134,239s] GC(234) CMS: 168725K->168727K(393216K)
[2019-04-15T13:29:47.357+0200][134,239s] GC(234) Metaspace: 83568K->83568K(1126400K)
[2019-04-15T13:29:47.357+0200][134,239s] GC(234) Pause Young (Allocation Failure) 251M->166M(490M) 12,432ms
[2019-04-15T13:29:47.357+0200][134,239s] GC(234) User=0,03s Sys=0,00s Real=0,02s
[2019-04-15T13:29:47.422+0200][134,304s] GC(235) Pause Young (Allocation Failure)
[2019-04-15T13:29:47.422+0200][134,304s] GC(235) Using 4 workers of 4 for evacuation
[2019-04-15T13:29:47.434+0200][134,316s] GC(235) ParNew: 89303K->1270K(109248K)
[2019-04-15T13:29:47.434+0200][134,316s] GC(235) CMS: 168727K->168728K(393216K)
[2019-04-15T13:29:47.434+0200][134,316s] GC(235) Metaspace: 83568K->83568K(1126400K)
[2019-04-15T13:29:47.434+0200][134,316s] GC(235) Pause Young (Allocation Failure) 251M->166M(490M) 11,369ms
[2019-04-15T13:29:47.434+0200][134,316s] GC(235) User=0,03s Sys=0,00s Real=0,02s
[2019-04-15T13:29:47.499+0200][134,381s] GC(236) Pause Young (Allocation Failure)
[2019-04-15T13:29:47.499+0200][134,381s] GC(236) Using 4 workers of 4 for evacuation
[2019-04-15T13:29:47.515+0200][134,397s] GC(236) ParNew: 88694K->779K(109248K)
[2019-04-15T13:29:47.515+0200][134,397s] GC(236) CMS: 168728K->168729K(393216K)
[2019-04-15T13:29:47.515+0200][134,397s] GC(236) Metaspace: 83570K->83570K(1126400K)
[2019-04-15T13:29:47.515+0200][134,397s] GC(236) Pause Young (Allocation Failure) 251M->165M(490M) 15,740ms
[2019-04-15T13:29:47.515+0200][134,397s] GC(236) User=0,03s Sys=0,00s Real=0,02s
[2019-04-15T13:29:47.580+0200][134,462s] GC(237) Pause Young (Allocation Failure)
[2019-04-15T13:29:47.580+0200][134,462s] GC(237) Using 4 workers of 4 for evacuation
[2019-04-15T13:29:47.591+0200][134,473s] GC(237) ParNew: 88203K->1399K(109248K)
[2019-04-15T13:29:47.591+0200][134,473s] GC(237) CMS: 168729K->168736K(393216K)
[2019-04-15T13:29:47.591+0200][134,473s] GC(237) Metaspace: 83570K->83570K(1126400K)
[2019-04-15T13:29:47.591+0200][134,473s] GC(237) Pause Young (Allocation Failure) 250M->166M(490M) 10,522ms
[2019-04-15T13:29:47.591+0200][134,473s] GC(237) User=0,03s Sys=0,00s Real=0,01s
[2019-04-15T13:29:47.657+0200][134,539s] GC(238) Pause Young (Allocation Failure)
[2019-04-15T13:29:47.657+0200][134,539s] GC(238) Using 4 workers of 4 for evacuation
[2019-04-15T13:29:47.667+0200][134,549s] GC(238) ParNew: 88823K->1935K(109248K)
[2019-04-15T13:29:47.667+0200][134,549s] GC(238) CMS: 168736K->168738K(393216K)
[2019-04-15T13:29:47.667+0200][134,549s] GC(238) Metaspace: 83570K->83570K(1126400K)
[2019-04-15T13:29:47.667+0200][134,549s] GC(238) Pause Young (Allocation Failure) 251M->166M(490M) 10,356ms
[2019-04-15T13:29:47.667+0200][134,549s] GC(238) User=0,03s Sys=0,00s Real=0,01s
[2019-04-15T13:29:47.735+0200][134,617s] GC(239) Pause Young (Allocation Failure)
[2019-04-15T13:29:47.735+0200][134,617s] GC(239) Using 4 workers of 4 for evacuation
[2019-04-15T13:29:47.745+0200][134,627s] GC(239) ParNew: 89359K->2039K(109248K)
[2019-04-15T13:29:47.745+0200][134,627s] GC(239) CMS: 168738K->168740K(393216K)
[2019-04-15T13:29:47.745+0200][134,627s] GC(239) Metaspace: 83570K->83570K(1126400K)
[2019-04-15T13:29:47.745+0200][134,627s] GC(239) Pause Young (Allocation Failure) 252M->166M(490M) 9,679ms
[2019-04-15T13:29:47.745+0200][134,627s] GC(239) User=0,02s Sys=0,00s Real=0,00s
[2019-04-15T13:29:47.833+0200][134,715s] GC(240) Pause Young (Allocation Failure)
[2019-04-15T13:29:47.833+0200][134,715s] GC(240) Using 4 workers of 4 for evacuation
[2019-04-15T13:29:47.845+0200][134,727s] GC(240) ParNew: 89463K->2747K(109248K)
[2019-04-15T13:29:47.845+0200][134,727s] GC(240) CMS: 168740K->168741K(393216K)
[2019-04-15T13:29:47.845+0200][134,727s] GC(240) Metaspace: 83570K->83570K(1126400K)
[2019-04-15T13:29:47.845+0200][134,727s] GC(240) Pause Young (Allocation Failure) 252M->167M(490M) 11,662ms
[2019-04-15T13:29:47.845+0200][134,727s] GC(240) User=0,03s Sys=0,00s Real=0,00s
[2019-04-15T13:29:47.915+0200][134,797s] GC(241) Pause Young (Allocation Failure)
[2019-04-15T13:29:47.915+0200][134,797s] GC(241) Using 4 workers of 4 for evacuation
[2019-04-15T13:29:47.922+0200][134,804s] GC(241) ParNew: 90171K->1605K(109248K)
[2019-04-15T13:29:47.922+0200][134,804s] GC(241) CMS: 168741K->168743K(393216K)
[2019-04-15T13:29:47.922+0200][134,804s] GC(241) Metaspace: 83570K->83570K(1126400K)
[2019-04-15T13:29:47.922+0200][134,804s] GC(241) Pause Young (Allocation Failure) 252M->166M(490M) 6,792ms
[2019-04-15T13:29:47.922+0200][134,804s] GC(241) User=0,02s Sys=0,00s Real=0,00s
[2019-04-15T13:29:47.990+0200][134,872s] GC(242) Pause Young (Allocation Failure)
[2019-04-15T13:29:47.990+0200][134,872s] GC(242) Using 4 workers of 4 for evacuation
[2019-04-15T13:29:48.005+0200][134,887s] GC(242) ParNew: 89029K->2044K(109248K)
[2019-04-15T13:29:48.005+0200][134,887s] GC(242) CMS: 168743K->168787K(393216K)
[2019-04-15T13:29:48.005+0200][134,887s] GC(242) Metaspace: 83570K->83570K(1126400K)
[2019-04-15T13:29:48.005+0200][134,887s] GC(242) Pause Young (Allocation Failure) 251M->166M(490M) 14,468ms
[2019-04-15T13:29:48.005+0200][134,887s] GC(242) User=0,03s Sys=0,00s Real=0,01s
[2019-04-15T13:29:48.084+0200][134,966s] GC(243) Pause Young (Allocation Failure)
[2019-04-15T13:29:48.084+0200][134,966s] GC(243) Using 4 workers of 4 for evacuation
[2019-04-15T13:29:48.096+0200][134,978s] GC(243) ParNew: 89468K->3257K(109248K)
[2019-04-15T13:29:48.096+0200][134,978s] GC(243) CMS: 168787K->168789K(393216K)
[2019-04-15T13:29:48.096+0200][134,978s] GC(243) Metaspace: 83570K->83570K(1126400K)
[2019-04-15T13:29:48.096+0200][134,978s] GC(243) Pause Young (Allocation Failure) 252M->168M(490M) 12,033ms
[2019-04-15T13:29:48.096+0200][134,978s] GC(243) User=0,03s Sys=0,00s Real=0,02s
[2019-04-15T13:29:48.164+0200][135,046s] GC(244) Pause Young (Allocation Failure)
[2019-04-15T13:29:48.164+0200][135,046s] GC(244) Using 4 workers of 4 for evacuation
[2019-04-15T13:29:48.182+0200][135,064s] GC(244) ParNew: 90681K->1511K(109248K)
[2019-04-15T13:29:48.182+0200][135,064s] GC(244) CMS: 168789K->168792K(393216K)
[2019-04-15T13:29:48.182+0200][135,064s] GC(244) Metaspace: 83570K->83570K(1126400K)
[2019-04-15T13:29:48.182+0200][135,064s] GC(244) Pause Young (Allocation Failure) 253M->166M(490M) 17,645ms
[2019-04-15T13:29:48.182+0200][135,064s] GC(244) User=0,05s Sys=0,00s Real=0,02s
[2019-04-15T13:29:48.249+0200][135,131s] GC(245) Pause Young (Allocation Failure)
[2019-04-15T13:29:48.250+0200][135,132s] GC(245) Using 4 workers of 4 for evacuation
[2019-04-15T13:29:48.262+0200][135,144s] GC(245) ParNew: 88935K->1218K(109248K)
[2019-04-15T13:29:48.262+0200][135,144s] GC(245) CMS: 168792K->168793K(393216K)
[2019-04-15T13:29:48.262+0200][135,144s] GC(245) Metaspace: 83572K->83572K(1126400K)
[2019-04-15T13:29:48.262+0200][135,144s] GC(245) Pause Young (Allocation Failure) 251M->166M(490M) 12,449ms
[2019-04-15T13:29:48.262+0200][135,144s] GC(245) User=0,03s Sys=0,00s Real=0,01s
[2019-04-15T13:29:48.331+0200][135,213s] GC(246) Pause Young (Allocation Failure)
[2019-04-15T13:29:48.331+0200][135,213s] GC(246) Using 4 workers of 4 for evacuation
[2019-04-15T13:29:48.340+0200][135,222s] GC(246) ParNew: 88642K->1485K(109248K)
[2019-04-15T13:29:48.340+0200][135,222s] GC(246) CMS: 168793K->168810K(393216K)
[2019-04-15T13:29:48.340+0200][135,222s] GC(246) Metaspace: 83572K->83572K(1126400K)
[2019-04-15T13:29:48.340+0200][135,222s] GC(246) Pause Young (Allocation Failure) 251M->166M(490M) 8,915ms
[2019-04-15T13:29:48.340+0200][135,222s] GC(246) User=0,02s Sys=0,00s Real=0,01s
[2019-04-15T13:29:48.409+0200][135,291s] GC(247) Pause Young (Allocation Failure)
[2019-04-15T13:29:48.409+0200][135,291s] GC(247) Using 4 workers of 4 for evacuation
[2019-04-15T13:29:48.419+0200][135,301s] GC(247) ParNew: 88909K->2663K(109248K)
[2019-04-15T13:29:48.420+0200][135,302s] GC(247) CMS: 168810K->168962K(393216K)
[2019-04-15T13:29:48.420+0200][135,302s] GC(247) Metaspace: 83572K->83572K(1126400K)
[2019-04-15T13:29:48.420+0200][135,302s] GC(247) Pause Young (Allocation Failure) 251M->167M(490M) 10,729ms
[2019-04-15T13:29:48.420+0200][135,302s] GC(247) User=0,03s Sys=0,00s Real=0,01s
[2019-04-15T13:29:48.485+0200][135,367s] GC(248) Pause Young (Allocation Failure)
[2019-04-15T13:29:48.485+0200][135,367s] GC(248) Using 4 workers of 4 for evacuation
[2019-04-15T13:29:48.496+0200][135,378s] GC(248) ParNew: 90087K->2689K(109248K)
[2019-04-15T13:29:48.496+0200][135,378s] GC(248) CMS: 168962K->169286K(393216K)
[2019-04-15T13:29:48.496+0200][135,378s] GC(248) Metaspace: 83572K->83572K(1126400K)
[2019-04-15T13:29:48.496+0200][135,378s] GC(248) Pause Young (Allocation Failure) 252M->167M(490M) 11,143ms
[2019-04-15T13:29:48.496+0200][135,378s] GC(248) User=0,03s Sys=0,00s Real=0,02s
[2019-04-15T13:29:48.568+0200][135,450s] GC(249) Pause Young (Allocation Failure)
[2019-04-15T13:29:48.568+0200][135,450s] GC(249) Using 4 workers of 4 for evacuation
[2019-04-15T13:29:48.578+0200][135,460s] GC(249) ParNew: 90113K->2183K(109248K)
[2019-04-15T13:29:48.578+0200][135,460s] GC(249) CMS: 169286K->169292K(393216K)
[2019-04-15T13:29:48.578+0200][135,460s] GC(249) Metaspace: 83572K->83572K(1126400K)
[2019-04-15T13:29:48.578+0200][135,460s] GC(249) Pause Young (Allocation Failure) 253M->167M(490M) 10,849ms
[2019-04-15T13:29:48.578+0200][135,460s] GC(249) User=0,02s Sys=0,00s Real=0,01s
[2019-04-15T13:29:48.645+0200][135,528s] GC(250) Pause Young (Allocation Failure)
[2019-04-15T13:29:48.646+0200][135,528s] GC(250) Using 4 workers of 4 for evacuation
[2019-04-15T13:29:48.653+0200][135,535s] GC(250) ParNew: 89607K->1905K(109248K)
[2019-04-15T13:29:48.653+0200][135,535s] GC(250) CMS: 169292K->169293K(393216K)
[2019-04-15T13:29:48.653+0200][135,535s] GC(250) Metaspace: 83572K->83572K(1126400K)
[2019-04-15T13:29:48.653+0200][135,535s] GC(250) Pause Young (Allocation Failure) 252M->167M(490M) 7,179ms
[2019-04-15T13:29:48.653+0200][135,535s] GC(250) User=0,01s Sys=0,00s Real=0,00s
[2019-04-15T13:29:48.737+0200][135,619s] GC(251) Pause Young (Allocation Failure)
[2019-04-15T13:29:48.737+0200][135,619s] GC(251) Using 4 workers of 4 for evacuation
[2019-04-15T13:29:48.747+0200][135,629s] GC(251) ParNew: 89315K->16301K(109248K)
[2019-04-15T13:29:48.747+0200][135,629s] GC(251) CMS: 169293K->169337K(393216K)
[2019-04-15T13:29:48.747+0200][135,629s] GC(251) Metaspace: 83573K->83573K(1126400K)
[2019-04-15T13:29:48.747+0200][135,629s] GC(251) Pause Young (Allocation Failure) 252M->181M(490M) 10,447ms
[2019-04-15T13:29:48.747+0200][135,629s] GC(251) User=0,03s Sys=0,00s Real=0,01s
[2019-04-15T13:29:49.243+0200][136,125s] GC(252) Pause Young (Allocation Failure)
[2019-04-15T13:29:49.243+0200][136,125s] GC(252) Using 4 workers of 4 for evacuation
[2019-04-15T13:29:49.262+0200][136,144s] GC(252) ParNew: 103725K->21824K(109248K)
[2019-04-15T13:29:49.262+0200][136,144s] GC(252) CMS: 169337K->176036K(393216K)
[2019-04-15T13:29:49.262+0200][136,144s] GC(252) Metaspace: 83577K->83577K(1126400K)
[2019-04-15T13:29:49.262+0200][136,144s] GC(252) Pause Young (Allocation Failure) 266M->193M(490M) 18,854ms
[2019-04-15T13:29:49.262+0200][136,144s] GC(252) User=0,05s Sys=0,00s Real=0,02s
[2019-04-15T13:29:49.530+0200][136,412s] GC(253) Pause Young (Allocation Failure)
[2019-04-15T13:29:49.530+0200][136,412s] GC(253) Using 4 workers of 4 for evacuation
[2019-04-15T13:29:49.554+0200][136,436s] GC(253) ParNew: 109248K->21824K(109248K)
[2019-04-15T13:29:49.554+0200][136,436s] GC(253) CMS: 176036K->207686K(393216K)
[2019-04-15T13:29:49.554+0200][136,436s] GC(253) Metaspace: 83578K->83578K(1126400K)
[2019-04-15T13:29:49.554+0200][136,436s] GC(253) Pause Young (Allocation Failure) 278M->224M(490M) 24,509ms
[2019-04-15T13:29:49.554+0200][136,436s] GC(253) User=0,05s Sys=0,00s Real=0,03s
[2019-04-15T13:29:49.554+0200][136,436s] GC(254) Pause Initial Mark
[2019-04-15T13:29:49.556+0200][136,438s] GC(254) Pause Initial Mark 225M->225M(490M) 1,420ms
[2019-04-15T13:29:49.556+0200][136,438s] GC(254) User=0,01s Sys=0,00s Real=0,00s
[2019-04-15T13:29:49.556+0200][136,438s] GC(254) Concurrent Mark
[2019-04-15T13:29:49.556+0200][136,438s] GC(254) Using 4 workers of 4 for marking
[2019-04-15T13:29:49.641+0200][136,523s] GC(254) Concurrent Mark 85,374ms
[2019-04-15T13:29:49.641+0200][136,523s] GC(254) User=0,22s Sys=0,00s Real=0,08s
[2019-04-15T13:29:49.641+0200][136,523s] GC(254) Concurrent Preclean
[2019-04-15T13:29:49.643+0200][136,525s] GC(254) Concurrent Preclean 2,279ms
[2019-04-15T13:29:49.643+0200][136,525s] GC(254) User=0,01s Sys=0,00s Real=0,00s
[2019-04-15T13:29:49.643+0200][136,525s] GC(254) Concurrent Abortable Preclean
[2019-04-15T13:29:49.808+0200][136,690s] GC(255) Pause Young (Allocation Failure)
[2019-04-15T13:29:49.808+0200][136,690s] GC(255) Using 4 workers of 4 for evacuation
[2019-04-15T13:29:49.829+0200][136,711s] GC(255) ParNew: 109248K->21824K(109248K)
[2019-04-15T13:29:49.829+0200][136,711s] GC(255) CMS: 207686K->217746K(393216K)
[2019-04-15T13:29:49.829+0200][136,711s] GC(255) Metaspace: 83738K->83738K(1126400K)
[2019-04-15T13:29:49.829+0200][136,711s] GC(255) Pause Young (Allocation Failure) 309M->233M(490M) 21,763ms
[2019-04-15T13:29:49.829+0200][136,711s] GC(255) User=0,05s Sys=0,00s Real=0,02s
[2019-04-15T13:29:49.971+0200][136,853s] GC(256) Pause Young (Allocation Failure)
[2019-04-15T13:29:49.971+0200][136,853s] GC(256) Using 4 workers of 4 for evacuation
[2019-04-15T13:29:49.988+0200][136,870s] GC(256) ParNew: 109248K->17438K(109248K)
[2019-04-15T13:29:49.988+0200][136,870s] GC(256) CMS: 217746K->217746K(393216K)
[2019-04-15T13:29:49.988+0200][136,870s] GC(256) Metaspace: 83745K->83745K(1126400K)
[2019-04-15T13:29:49.988+0200][136,870s] GC(256) Pause Young (Allocation Failure) 319M->229M(490M) 17,588ms
[2019-04-15T13:29:49.988+0200][136,870s] GC(256) User=0,04s Sys=0,00s Real=0,02s
[2019-04-15T13:29:49.988+0200][136,870s] GC(254) Concurrent Abortable Preclean 344,875ms
[2019-04-15T13:29:49.988+0200][136,870s] GC(254) User=0,59s Sys=0,04s Real=0,35s
[2019-04-15T13:29:49.992+0200][136,874s] GC(254) Pause Remark
[2019-04-15T13:29:49.992+0200][136,874s] GC(257) Pause Young (CMS Final Remark)
[2019-04-15T13:29:49.992+0200][136,874s] GC(257) Using 4 workers of 4 for evacuation
[2019-04-15T13:29:50.002+0200][136,884s] GC(257) ParNew: 18429K->15075K(109248K)
[2019-04-15T13:29:50.002+0200][136,884s] GC(257) CMS: 217746K->217746K(393216K)
[2019-04-15T13:29:50.002+0200][136,884s] GC(257) Metaspace: 83745K->83745K(1126400K)
[2019-04-15T13:29:50.002+0200][136,884s] GC(257) Pause Young (CMS Final Remark) 230M->227M(490M) 10,536ms
[2019-04-15T13:29:50.002+0200][136,884s] GC(257) User=0,02s Sys=0,01s Real=0,01s
[2019-04-15T13:29:50.066+0200][136,948s] GC(254) Pause Remark 230M->227M(490M) 73,864ms
[2019-04-15T13:29:50.066+0200][136,948s] GC(254) User=0,11s Sys=0,01s Real=0,08s
[2019-04-15T13:29:50.066+0200][136,948s] GC(254) Concurrent Sweep
[2019-04-15T13:29:50.125+0200][137,007s] GC(254) Concurrent Sweep 59,233ms
[2019-04-15T13:29:50.125+0200][137,007s] GC(254) User=0,10s Sys=0,01s Real=0,06s
[2019-04-15T13:29:50.125+0200][137,007s] GC(254) Concurrent Reset
[2019-04-15T13:29:50.126+0200][137,008s] GC(254) Concurrent Reset 0,400ms
[2019-04-15T13:29:50.126+0200][137,008s] GC(254) User=0,00s Sys=0,00s Real=0,00s
[2019-04-15T13:29:50.126+0200][137,008s] GC(254) Old: 207686K->150624K(393216K)
[2019-04-15T13:29:50.191+0200][137,073s] GC(258) Pause Young (Allocation Failure)
[2019-04-15T13:29:50.191+0200][137,073s] GC(258) Using 4 workers of 4 for evacuation
[2019-04-15T13:29:50.200+0200][137,082s] GC(258) ParNew: 102499K->10768K(109248K)
[2019-04-15T13:29:50.200+0200][137,082s] GC(258) CMS: 150624K->150624K(393216K)
[2019-04-15T13:29:50.200+0200][137,082s] GC(258) Metaspace: 83745K->83745K(1126400K)
[2019-04-15T13:29:50.200+0200][137,082s] GC(258) Pause Young (Allocation Failure) 247M->157M(490M) 9,190ms
[2019-04-15T13:29:50.200+0200][137,082s] GC(258) User=0,02s Sys=0,00s Real=0,01s
[2019-04-15T13:29:50.324+0200][137,206s] GC(259) Pause Young (Allocation Failure)
[2019-04-15T13:29:50.324+0200][137,206s] GC(259) Using 4 workers of 4 for evacuation
[2019-04-15T13:29:50.338+0200][137,220s] GC(259) ParNew: 98192K->12233K(109248K)
[2019-04-15T13:29:50.338+0200][137,220s] GC(259) CMS: 150624K->150624K(393216K)
[2019-04-15T13:29:50.338+0200][137,220s] GC(259) Metaspace: 83753K->83753K(1126400K)
[2019-04-15T13:29:50.338+0200][137,220s] GC(259) Pause Young (Allocation Failure) 242M->159M(490M) 14,184ms
[2019-04-15T13:29:50.338+0200][137,220s] GC(259) User=0,03s Sys=0,00s Real=0,02s
[2019-04-15T13:29:50.509+0200][137,391s] GC(260) Pause Young (Allocation Failure)
[2019-04-15T13:29:50.509+0200][137,391s] GC(260) Using 4 workers of 4 for evacuation
[2019-04-15T13:29:50.535+0200][137,417s] GC(260) ParNew: 99657K->17954K(109248K)
[2019-04-15T13:29:50.535+0200][137,417s] GC(260) CMS: 150624K->150624K(393216K)
[2019-04-15T13:29:50.535+0200][137,417s] GC(260) Metaspace: 83758K->83758K(1126400K)
[2019-04-15T13:29:50.535+0200][137,417s] GC(260) Pause Young (Allocation Failure) 244M->164M(490M) 26,789ms
[2019-04-15T13:29:50.535+0200][137,417s] GC(260) User=0,07s Sys=0,00s Real=0,03s
[2019-04-15T13:29:50.624+0200][137,506s] GC(261) Pause Young (Allocation Failure)
[2019-04-15T13:29:50.624+0200][137,506s] GC(261) Using 4 workers of 4 for evacuation
[2019-04-15T13:29:50.639+0200][137,521s] GC(261) ParNew: 105378K->14026K(109248K)
[2019-04-15T13:29:50.639+0200][137,521s] GC(261) CMS: 150624K->150624K(393216K)
[2019-04-15T13:29:50.639+0200][137,521s] GC(261) Metaspace: 83758K->83758K(1126400K)
[2019-04-15T13:29:50.639+0200][137,521s] GC(261) Pause Young (Allocation Failure) 250M->160M(490M) 15,409ms
[2019-04-15T13:29:50.639+0200][137,521s] GC(261) User=0,04s Sys=0,00s Real=0,02s
[2019-04-15T13:29:50.862+0200][137,744s] GC(262) Pause Young (Allocation Failure)
[2019-04-15T13:29:50.862+0200][137,744s] GC(262) Using 4 workers of 4 for evacuation
[2019-04-15T13:29:50.875+0200][137,757s] GC(262) ParNew: 101450K->18585K(109248K)
[2019-04-15T13:29:50.875+0200][137,757s] GC(262) CMS: 150624K->151708K(393216K)
[2019-04-15T13:29:50.875+0200][137,757s] GC(262) Metaspace: 83759K->83759K(1126400K)
[2019-04-15T13:29:50.875+0200][137,757s] GC(262) Pause Young (Allocation Failure) 246M->166M(490M) 13,018ms
[2019-04-15T13:29:50.875+0200][137,757s] GC(262) User=0,03s Sys=0,00s Real=0,02s
[2019-04-15T13:29:50.988+0200][137,870s] GC(263) Pause Young (Allocation Failure)
[2019-04-15T13:29:50.988+0200][137,870s] GC(263) Using 4 workers of 4 for evacuation
[2019-04-15T13:29:50.999+0200][137,881s] GC(263) ParNew: 106009K->12370K(109248K)
[2019-04-15T13:29:50.999+0200][137,881s] GC(263) CMS: 151708K->151960K(393216K)
[2019-04-15T13:29:50.999+0200][137,881s] GC(263) Metaspace: 83759K->83759K(1126400K)
[2019-04-15T13:29:50.999+0200][137,881s] GC(263) Pause Young (Allocation Failure) 251M->160M(490M) 10,910ms
[2019-04-15T13:29:50.999+0200][137,881s] GC(263) User=0,02s Sys=0,00s Real=0,01s
[2019-04-15T13:29:51.119+0200][138,001s] GC(264) Pause Young (Allocation Failure)
[2019-04-15T13:29:51.119+0200][138,001s] GC(264) Using 4 workers of 4 for evacuation
[2019-04-15T13:29:51.144+0200][138,026s] GC(264) ParNew: 99794K->14208K(109248K)
[2019-04-15T13:29:51.144+0200][138,026s] GC(264) CMS: 151960K->152010K(393216K)
[2019-04-15T13:29:51.144+0200][138,026s] GC(264) Metaspace: 83764K->83764K(1126400K)
[2019-04-15T13:29:51.144+0200][138,026s] GC(264) Pause Young (Allocation Failure) 245M->162M(490M) 24,613ms
[2019-04-15T13:29:51.144+0200][138,026s] GC(264) User=0,07s Sys=0,00s Real=0,02s
[2019-04-15T13:29:51.225+0200][138,107s] GC(265) Pause Young (Allocation Failure)
[2019-04-15T13:29:51.225+0200][138,107s] GC(265) Using 4 workers of 4 for evacuation
[2019-04-15T13:29:51.234+0200][138,116s] GC(265) ParNew: 101632K->14999K(109248K)
[2019-04-15T13:29:51.234+0200][138,116s] GC(265) CMS: 152010K->152010K(393216K)
[2019-04-15T13:29:51.234+0200][138,116s] GC(265) Metaspace: 83768K->83768K(1126400K)
[2019-04-15T13:29:51.234+0200][138,116s] GC(265) Pause Young (Allocation Failure) 247M->163M(490M) 9,297ms
[2019-04-15T13:29:51.234+0200][138,116s] GC(265) User=0,02s Sys=0,00s Real=0,01s
[2019-04-15T13:29:51.368+0200][138,250s] GC(266) Pause Young (Allocation Failure)
[2019-04-15T13:29:51.368+0200][138,250s] GC(266) Using 4 workers of 4 for evacuation
[2019-04-15T13:29:51.381+0200][138,263s] GC(266) ParNew: 102423K->15155K(109248K)
[2019-04-15T13:29:51.381+0200][138,263s] GC(266) CMS: 152010K->152055K(393216K)
[2019-04-15T13:29:51.381+0200][138,263s] GC(266) Metaspace: 83796K->83796K(1126400K)
[2019-04-15T13:29:51.381+0200][138,263s] GC(266) Pause Young (Allocation Failure) 248M->163M(490M) 13,328ms
[2019-04-15T13:29:51.381+0200][138,263s] GC(266) User=0,04s Sys=0,00s Real=0,01s
[2019-04-15T13:29:51.512+0200][138,394s] GC(267) Pause Young (Allocation Failure)
[2019-04-15T13:29:51.512+0200][138,394s] GC(267) Using 4 workers of 4 for evacuation
[2019-04-15T13:29:51.526+0200][138,408s] GC(267) ParNew: 102579K->20045K(109248K)
[2019-04-15T13:29:51.526+0200][138,408s] GC(267) CMS: 152055K->152173K(393216K)
[2019-04-15T13:29:51.526+0200][138,408s] GC(267) Metaspace: 83796K->83796K(1126400K)
[2019-04-15T13:29:51.526+0200][138,408s] GC(267) Pause Young (Allocation Failure) 248M->168M(490M) 14,689ms
[2019-04-15T13:29:51.526+0200][138,408s] GC(267) User=0,02s Sys=0,02s Real=0,02s
[2019-04-15T13:29:51.723+0200][138,605s] GC(268) Pause Young (Allocation Failure)
[2019-04-15T13:29:51.723+0200][138,605s] GC(268) Using 4 workers of 4 for evacuation
[2019-04-15T13:29:51.747+0200][138,629s] GC(268) ParNew: 107336K->13082K(109248K)
[2019-04-15T13:29:51.747+0200][138,629s] GC(268) CMS: 152173K->152208K(393216K)
[2019-04-15T13:29:51.747+0200][138,629s] GC(268) Metaspace: 83802K->83802K(1126400K)
[2019-04-15T13:29:51.747+0200][138,629s] GC(268) Pause Young (Allocation Failure) 253M->161M(490M) 23,437ms
[2019-04-15T13:29:51.747+0200][138,629s] GC(268) User=0,07s Sys=0,00s Real=0,03s
[2019-04-15T13:29:52.036+0200][138,918s] GC(269) Pause Young (Allocation Failure)
[2019-04-15T13:29:52.036+0200][138,918s] GC(269) Using 4 workers of 4 for evacuation
[2019-04-15T13:29:52.062+0200][138,944s] GC(269) ParNew: 100506K->11339K(109248K)
[2019-04-15T13:29:52.062+0200][138,944s] GC(269) CMS: 152208K->152208K(393216K)
[2019-04-15T13:29:52.062+0200][138,944s] GC(269) Metaspace: 83850K->83850K(1126400K)
[2019-04-15T13:29:52.062+0200][138,944s] GC(269) Pause Young (Allocation Failure) 246M->159M(490M) 25,716ms
[2019-04-15T13:29:52.062+0200][138,944s] GC(269) User=0,04s Sys=0,00s Real=0,02s
[2019-04-15T13:29:52.283+0200][139,165s] GC(270) Pause Young (Allocation Failure)
[2019-04-15T13:29:52.283+0200][139,165s] GC(270) Using 4 workers of 4 for evacuation
[2019-04-15T13:29:52.318+0200][139,200s] GC(270) ParNew: 98763K->19013K(109248K)
[2019-04-15T13:29:52.318+0200][139,200s] GC(270) CMS: 152208K->152320K(393216K)
[2019-04-15T13:29:52.318+0200][139,200s] GC(270) Metaspace: 83949K->83949K(1126400K)
[2019-04-15T13:29:52.318+0200][139,200s] GC(270) Pause Young (Allocation Failure) 245M->167M(490M) 35,791ms
[2019-04-15T13:29:52.318+0200][139,200s] GC(270) User=0,09s Sys=0,00s Real=0,04s
[2019-04-15T13:29:52.421+0200][139,303s] GC(271) Pause Young (Allocation Failure)
[2019-04-15T13:29:52.421+0200][139,303s] GC(271) Using 4 workers of 4 for evacuation
[2019-04-15T13:29:52.445+0200][139,327s] GC(271) ParNew: 106437K->21824K(109248K)
[2019-04-15T13:29:52.445+0200][139,327s] GC(271) CMS: 152320K->153389K(393216K)
[2019-04-15T13:29:52.445+0200][139,327s] GC(271) Metaspace: 83999K->83999K(1126400K)
[2019-04-15T13:29:52.445+0200][139,327s] GC(271) Pause Young (Allocation Failure) 252M->171M(490M) 23,830ms
[2019-04-15T13:29:52.445+0200][139,327s] GC(271) User=0,05s Sys=0,00s Real=0,02s
[2019-04-15T13:29:52.756+0200][139,638s] GC(272) Pause Young (Allocation Failure)
[2019-04-15T13:29:52.756+0200][139,638s] GC(272) Using 4 workers of 4 for evacuation
[2019-04-15T13:29:52.790+0200][139,672s] GC(272) ParNew: 109248K->16282K(109248K)
[2019-04-15T13:29:52.790+0200][139,672s] GC(272) CMS: 153389K->155514K(393216K)
[2019-04-15T13:29:52.790+0200][139,672s] GC(272) Metaspace: 84016K->84016K(1126400K)
[2019-04-15T13:29:52.790+0200][139,672s] GC(272) Pause Young (Allocation Failure) 256M->167M(490M) 34,192ms
[2019-04-15T13:29:52.790+0200][139,672s] GC(272) User=0,07s Sys=0,01s Real=0,03s
[2019-04-15T13:29:52.946+0200][139,828s] GC(273) Pause Young (Allocation Failure)
[2019-04-15T13:29:52.946+0200][139,828s] GC(273) Using 4 workers of 4 for evacuation
[2019-04-15T13:29:52.981+0200][139,863s] GC(273) ParNew: 103706K->15218K(109248K)
[2019-04-15T13:29:52.982+0200][139,864s] GC(273) CMS: 155514K->155575K(393216K)
[2019-04-15T13:29:52.982+0200][139,864s] GC(273) Metaspace: 84030K->84030K(1126400K)
[2019-04-15T13:29:52.982+0200][139,864s] GC(273) Pause Young (Allocation Failure) 253M->166M(490M) 35,218ms
[2019-04-15T13:29:52.982+0200][139,864s] GC(273) User=0,08s Sys=0,00s Real=0,03s
[2019-04-15T13:29:53.160+0200][140,042s] GC(274) Pause Young (Allocation Failure)
[2019-04-15T13:29:53.160+0200][140,042s] GC(274) Using 4 workers of 4 for evacuation
[2019-04-15T13:29:53.189+0200][140,071s] GC(274) ParNew: 102642K->18226K(109248K)
[2019-04-15T13:29:53.189+0200][140,071s] GC(274) CMS: 155575K->155662K(393216K)
[2019-04-15T13:29:53.189+0200][140,071s] GC(274) Metaspace: 84036K->84036K(1126400K)
[2019-04-15T13:29:53.189+0200][140,071s] GC(274) Pause Young (Allocation Failure) 252M->169M(490M) 29,516ms
[2019-04-15T13:29:53.189+0200][140,071s] GC(274) User=0,06s Sys=0,00s Real=0,03s
[2019-04-15T13:29:53.484+0200][140,366s] GC(275) Pause Young (Allocation Failure)
[2019-04-15T13:29:53.484+0200][140,366s] GC(275) Using 4 workers of 4 for evacuation
[2019-04-15T13:29:53.507+0200][140,389s] GC(275) ParNew: 105650K->21824K(109248K)
[2019-04-15T13:29:53.507+0200][140,389s] GC(275) CMS: 155662K->164556K(393216K)
[2019-04-15T13:29:53.507+0200][140,389s] GC(275) Metaspace: 84070K->84070K(1126400K)
[2019-04-15T13:29:53.507+0200][140,389s] GC(275) Pause Young (Allocation Failure) 255M->182M(490M) 23,117ms
[2019-04-15T13:29:53.507+0200][140,389s] GC(275) User=0,07s Sys=0,00s Real=0,03s
[2019-04-15T13:29:53.698+0200][140,580s] GC(276) Pause Young (Allocation Failure)
[2019-04-15T13:29:53.698+0200][140,580s] GC(276) Using 4 workers of 4 for evacuation
[2019-04-15T13:29:53.727+0200][140,609s] GC(276) ParNew: 109248K->21824K(109248K)
[2019-04-15T13:29:53.727+0200][140,609s] GC(276) CMS: 164556K->168969K(393216K)
[2019-04-15T13:29:53.727+0200][140,609s] GC(276) Metaspace: 84085K->84085K(1126400K)
[2019-04-15T13:29:53.727+0200][140,609s] GC(276) Pause Young (Allocation Failure) 267M->186M(490M) 29,306ms
[2019-04-15T13:29:53.727+0200][140,609s] GC(276) User=0,06s Sys=0,00s Real=0,03s
[2019-04-15T13:29:53.896+0200][140,778s] GC(277) Pause Young (Allocation Failure)
[2019-04-15T13:29:53.896+0200][140,778s] GC(277) Using 4 workers of 4 for evacuation
[2019-04-15T13:29:53.915+0200][140,797s] GC(277) ParNew: 109248K->21824K(109248K)
[2019-04-15T13:29:53.915+0200][140,797s] GC(277) CMS: 168969K->170459K(393216K)
[2019-04-15T13:29:53.915+0200][140,797s] GC(277) Metaspace: 84086K->84086K(1126400K)
[2019-04-15T13:29:53.915+0200][140,797s] GC(277) Pause Young (Allocation Failure) 271M->187M(490M) 18,595ms
[2019-04-15T13:29:53.915+0200][140,797s] GC(277) User=0,05s Sys=0,00s Real=0,02s
[2019-04-15T13:29:54.000+0200][140,882s] GC(278) Pause Young (Allocation Failure)
[2019-04-15T13:29:54.000+0200][140,882s] GC(278) Using 4 workers of 4 for evacuation
[2019-04-15T13:29:54.014+0200][140,896s] GC(278) ParNew: 109248K->21824K(109248K)
[2019-04-15T13:29:54.014+0200][140,896s] GC(278) CMS: 170459K->171472K(393216K)
[2019-04-15T13:29:54.014+0200][140,896s] GC(278) Metaspace: 84086K->84086K(1126400K)
[2019-04-15T13:29:54.014+0200][140,896s] GC(278) Pause Young (Allocation Failure) 273M->188M(490M) 13,578ms
[2019-04-15T13:29:54.014+0200][140,896s] GC(278) User=0,03s Sys=0,00s Real=0,02s
[2019-04-15T13:29:54.274+0200][141,156s] GC(279) Pause Young (Allocation Failure)
[2019-04-15T13:29:54.274+0200][141,156s] GC(279) Using 4 workers of 4 for evacuation
[2019-04-15T13:29:54.294+0200][141,176s] GC(279) ParNew: 109248K->21824K(109248K)
[2019-04-15T13:29:54.294+0200][141,176s] GC(279) CMS: 171472K->172321K(393216K)
[2019-04-15T13:29:54.294+0200][141,176s] GC(279) Metaspace: 84088K->84088K(1126400K)
[2019-04-15T13:29:54.294+0200][141,176s] GC(279) Pause Young (Allocation Failure) 274M->189M(490M) 19,544ms
[2019-04-15T13:29:54.294+0200][141,176s] GC(279) User=0,05s Sys=0,00s Real=0,02s
[2019-04-15T13:29:54.603+0200][141,485s] GC(280) Pause Young (Allocation Failure)
[2019-04-15T13:29:54.603+0200][141,485s] GC(280) Using 4 workers of 4 for evacuation
[2019-04-15T13:29:54.674+0200][141,556s] GC(280) ParNew: 109248K->21824K(109248K)
[2019-04-15T13:29:54.674+0200][141,556s] GC(280) CMS: 172321K->185616K(393216K)
[2019-04-15T13:29:54.674+0200][141,556s] GC(280) Metaspace: 84098K->84098K(1126400K)
[2019-04-15T13:29:54.674+0200][141,556s] GC(280) Pause Young (Allocation Failure) 274M->202M(490M) 71,129ms
[2019-04-15T13:29:54.674+0200][141,556s] GC(280) User=0,11s Sys=0,00s Real=0,08s
[2019-04-15T13:29:54.854+0200][141,736s] GC(281) Pause Young (Allocation Failure)
[2019-04-15T13:29:54.854+0200][141,736s] GC(281) Using 4 workers of 4 for evacuation
[2019-04-15T13:29:54.916+0200][141,798s] GC(281) ParNew: 109248K->21824K(109248K)
[2019-04-15T13:29:54.916+0200][141,798s] GC(281) CMS: 185616K->199380K(393216K)
[2019-04-15T13:29:54.916+0200][141,798s] GC(281) Metaspace: 84099K->84099K(1126400K)
[2019-04-15T13:29:54.916+0200][141,798s] GC(281) Pause Young (Allocation Failure) 287M->216M(490M) 62,684ms
[2019-04-15T13:29:54.916+0200][141,798s] GC(281) User=0,11s Sys=0,01s Real=0,06s
[2019-04-15T13:29:54.919+0200][141,801s] GC(282) Pause Initial Mark
[2019-04-15T13:29:54.931+0200][141,813s] GC(282) Pause Initial Mark 217M->217M(490M) 11,585ms
[2019-04-15T13:29:54.931+0200][141,813s] GC(282) User=0,02s Sys=0,00s Real=0,01s
[2019-04-15T13:29:54.931+0200][141,813s] GC(282) Concurrent Mark
[2019-04-15T13:29:54.931+0200][141,813s] GC(282) Using 4 workers of 4 for marking
[2019-04-15T13:29:55.042+0200][141,924s] GC(282) Concurrent Mark 110,789ms
[2019-04-15T13:29:55.042+0200][141,924s] GC(282) User=0,27s Sys=0,00s Real=0,11s
[2019-04-15T13:29:55.042+0200][141,924s] GC(282) Concurrent Preclean
[2019-04-15T13:29:55.043+0200][141,925s] GC(282) Concurrent Preclean 1,305ms
[2019-04-15T13:29:55.043+0200][141,925s] GC(282) User=0,00s Sys=0,00s Real=0,00s
[2019-04-15T13:29:55.043+0200][141,925s] GC(282) Concurrent Abortable Preclean
[2019-04-15T13:29:55.166+0200][142,048s] GC(283) Pause Young (Allocation Failure)
[2019-04-15T13:29:55.166+0200][142,048s] GC(283) Using 4 workers of 4 for evacuation
[2019-04-15T13:29:55.206+0200][142,088s] GC(283) ParNew: 109248K->21824K(109248K)
[2019-04-15T13:29:55.206+0200][142,088s] GC(283) CMS: 199380K->200570K(393216K)
[2019-04-15T13:29:55.206+0200][142,088s] GC(283) Metaspace: 84099K->84099K(1126400K)
[2019-04-15T13:29:55.206+0200][142,088s] GC(283) Pause Young (Allocation Failure) 301M->217M(490M) 40,256ms
[2019-04-15T13:29:55.206+0200][142,088s] GC(283) User=0,06s Sys=0,00s Real=0,04s
[2019-04-15T13:29:55.422+0200][142,304s] GC(284) Pause Young (Allocation Failure)
[2019-04-15T13:29:55.422+0200][142,304s] GC(284) Using 4 workers of 4 for evacuation
[2019-04-15T13:29:55.426+0200][142,308s] GC(282) Concurrent Abortable Preclean 383,141ms
[2019-04-15T13:29:55.426+0200][142,308s] GC(282) User=0,62s Sys=0,01s Real=0,39s
[2019-04-15T13:29:55.462+0200][142,344s] GC(284) ParNew: 109248K->21824K(109248K)
[2019-04-15T13:29:55.462+0200][142,344s] GC(284) CMS: 200570K->200646K(393216K)
[2019-04-15T13:29:55.462+0200][142,344s] GC(284) Metaspace: 84099K->84099K(1126400K)
[2019-04-15T13:29:55.462+0200][142,344s] GC(284) Pause Young (Allocation Failure) 302M->217M(490M) 39,534ms
[2019-04-15T13:29:55.462+0200][142,344s] GC(284) User=0,08s Sys=0,00s Real=0,04s
[2019-04-15T13:29:55.462+0200][142,344s] GC(282) Pause Remark
[2019-04-15T13:29:55.462+0200][142,344s] GC(285) Pause Young (CMS Final Remark)
[2019-04-15T13:29:55.462+0200][142,344s] GC(285) Using 4 workers of 4 for evacuation
[2019-04-15T13:29:55.501+0200][142,383s] GC(285) ParNew: 23171K->21824K(109248K)
[2019-04-15T13:29:55.501+0200][142,383s] GC(285) CMS: 200646K->202647K(393216K)
[2019-04-15T13:29:55.501+0200][142,383s] GC(285) Metaspace: 84099K->84099K(1126400K)
[2019-04-15T13:29:55.501+0200][142,383s] GC(285) Pause Young (CMS Final Remark) 218M->219M(490M) 38,901ms
[2019-04-15T13:29:55.501+0200][142,383s] GC(285) User=0,06s Sys=0,00s Real=0,04s
[2019-04-15T13:29:55.607+0200][142,489s] GC(282) Pause Remark 218M->219M(490M) 144,693ms
[2019-04-15T13:29:55.607+0200][142,489s] GC(282) User=0,14s Sys=0,00s Real=0,15s
[2019-04-15T13:29:55.607+0200][142,489s] GC(282) Concurrent Sweep
[2019-04-15T13:29:55.701+0200][142,583s] GC(282) Concurrent Sweep 94,073ms
[2019-04-15T13:29:55.701+0200][142,583s] GC(282) User=0,11s Sys=0,01s Real=0,09s
[2019-04-15T13:29:55.701+0200][142,583s] GC(282) Concurrent Reset
[2019-04-15T13:29:55.702+0200][142,584s] GC(282) Concurrent Reset 0,484ms
[2019-04-15T13:29:55.702+0200][142,584s] GC(282) User=0,00s Sys=0,00s Real=0,00s
[2019-04-15T13:29:55.702+0200][142,584s] GC(282) Old: 199380K->137677K(393216K)
[2019-04-15T13:29:55.810+0200][142,692s] GC(286) Pause Young (Allocation Failure)
[2019-04-15T13:29:55.810+0200][142,692s] GC(286) Using 4 workers of 4 for evacuation
[2019-04-15T13:29:55.834+0200][142,716s] GC(286) ParNew: 109248K->21824K(109248K)
[2019-04-15T13:29:55.834+0200][142,716s] GC(286) CMS: 137677K->139015K(393216K)
[2019-04-15T13:29:55.834+0200][142,716s] GC(286) Metaspace: 84099K->84099K(1126400K)
[2019-04-15T13:29:55.834+0200][142,716s] GC(286) Pause Young (Allocation Failure) 241M->157M(490M) 23,501ms
[2019-04-15T13:29:55.834+0200][142,716s] GC(286) User=0,05s Sys=0,01s Real=0,03s
[2019-04-15T13:29:56.019+0200][142,901s] GC(287) Pause Young (Allocation Failure)
[2019-04-15T13:29:56.019+0200][142,901s] GC(287) Using 4 workers of 4 for evacuation
[2019-04-15T13:29:56.064+0200][142,946s] GC(287) ParNew: 109248K->20824K(109248K)
[2019-04-15T13:29:56.064+0200][142,946s] GC(287) CMS: 139015K->139329K(393216K)
[2019-04-15T13:29:56.064+0200][142,946s] GC(287) Metaspace: 84099K->84099K(1126400K)
[2019-04-15T13:29:56.064+0200][142,946s] GC(287) Pause Young (Allocation Failure) 242M->156M(490M) 45,410ms
[2019-04-15T13:29:56.064+0200][142,946s] GC(287) User=0,04s Sys=0,00s Real=0,04s
[2019-04-15T13:29:56.224+0200][143,106s] GC(288) Pause Young (Allocation Failure)
[2019-04-15T13:29:56.224+0200][143,106s] GC(288) Using 4 workers of 4 for evacuation
[2019-04-15T13:29:56.246+0200][143,128s] GC(288) ParNew: 108248K->21240K(109248K)
[2019-04-15T13:29:56.246+0200][143,128s] GC(288) CMS: 139329K->139454K(393216K)
[2019-04-15T13:29:56.246+0200][143,128s] GC(288) Metaspace: 84099K->84099K(1126400K)
[2019-04-15T13:29:56.246+0200][143,128s] GC(288) Pause Young (Allocation Failure) 241M->156M(490M) 21,976ms
[2019-04-15T13:29:56.246+0200][143,128s] GC(288) User=0,04s Sys=0,01s Real=0,03s
[2019-04-15T13:29:56.374+0200][143,256s] GC(289) Pause Young (Allocation Failure)
[2019-04-15T13:29:56.374+0200][143,256s] GC(289) Using 4 workers of 4 for evacuation
[2019-04-15T13:29:56.398+0200][143,280s] GC(289) ParNew: 108664K->16111K(109248K)
[2019-04-15T13:29:56.398+0200][143,280s] GC(289) CMS: 139454K->144166K(393216K)
[2019-04-15T13:29:56.398+0200][143,280s] GC(289) Metaspace: 84099K->84099K(1126400K)
[2019-04-15T13:29:56.398+0200][143,280s] GC(289) Pause Young (Allocation Failure) 242M->156M(490M) 24,494ms
[2019-04-15T13:29:56.398+0200][143,280s] GC(289) User=0,06s Sys=0,00s Real=0,02s
[2019-04-15T13:29:56.475+0200][143,357s] GC(290) Pause Young (Allocation Failure)
[2019-04-15T13:29:56.475+0200][143,357s] GC(290) Using 4 workers of 4 for evacuation
[2019-04-15T13:29:56.517+0200][143,399s] GC(290) ParNew: 103535K->8237K(109248K)
[2019-04-15T13:29:56.517+0200][143,399s] GC(290) CMS: 144166K->154020K(393216K)
[2019-04-15T13:29:56.517+0200][143,399s] GC(290) Metaspace: 84105K->84105K(1126400K)
[2019-04-15T13:29:56.517+0200][143,399s] GC(290) Pause Young (Allocation Failure) 241M->158M(490M) 42,001ms
[2019-04-15T13:29:56.517+0200][143,399s] GC(290) User=0,05s Sys=0,00s Real=0,04s
[2019-04-15T13:29:56.796+0200][143,678s] GC(291) Pause Young (Allocation Failure)
[2019-04-15T13:29:56.796+0200][143,678s] GC(291) Using 4 workers of 4 for evacuation
[2019-04-15T13:29:56.832+0200][143,714s] GC(291) ParNew: 95661K->9816K(109248K)
[2019-04-15T13:29:56.832+0200][143,714s] GC(291) CMS: 154020K->154048K(393216K)
[2019-04-15T13:29:56.832+0200][143,714s] GC(291) Metaspace: 84106K->84106K(1126400K)
[2019-04-15T13:29:56.832+0200][143,714s] GC(291) Pause Young (Allocation Failure) 243M->160M(490M) 36,088ms
[2019-04-15T13:29:56.832+0200][143,714s] GC(291) User=0,05s Sys=0,00s Real=0,03s
[2019-04-15T13:29:56.968+0200][143,850s] GC(292) Pause Young (Allocation Failure)
[2019-04-15T13:29:56.968+0200][143,850s] GC(292) Using 4 workers of 4 for evacuation
[2019-04-15T13:29:56.986+0200][143,868s] GC(292) ParNew: 97240K->11424K(109248K)
[2019-04-15T13:29:56.986+0200][143,868s] GC(292) CMS: 154048K->154056K(393216K)
[2019-04-15T13:29:56.986+0200][143,868s] GC(292) Metaspace: 84106K->84106K(1126400K)
[2019-04-15T13:29:56.986+0200][143,868s] GC(292) Pause Young (Allocation Failure) 245M->161M(490M) 17,942ms
[2019-04-15T13:29:56.986+0200][143,868s] GC(292) User=0,03s Sys=0,00s Real=0,02s
[2019-04-15T13:29:57.137+0200][144,019s] GC(293) Pause Young (Allocation Failure)
[2019-04-15T13:29:57.137+0200][144,019s] GC(293) Using 4 workers of 4 for evacuation
[2019-04-15T13:29:57.158+0200][144,040s] GC(293) ParNew: 98848K->12605K(109248K)
[2019-04-15T13:29:57.158+0200][144,040s] GC(293) CMS: 154056K->154056K(393216K)
[2019-04-15T13:29:57.158+0200][144,040s] GC(293) Metaspace: 84109K->84109K(1126400K)
[2019-04-15T13:29:57.158+0200][144,040s] GC(293) Pause Young (Allocation Failure) 246M->162M(490M) 21,307ms
[2019-04-15T13:29:57.158+0200][144,040s] GC(293) User=0,04s Sys=0,00s Real=0,02s
[2019-04-15T13:29:57.304+0200][144,186s] GC(294) Pause Young (Allocation Failure)
[2019-04-15T13:29:57.304+0200][144,186s] GC(294) Using 4 workers of 4 for evacuation
[2019-04-15T13:29:57.334+0200][144,216s] GC(294) ParNew: 100029K->13283K(109248K)
[2019-04-15T13:29:57.334+0200][144,216s] GC(294) CMS: 154056K->154066K(393216K)
[2019-04-15T13:29:57.334+0200][144,216s] GC(294) Metaspace: 84109K->84109K(1126400K)
[2019-04-15T13:29:57.334+0200][144,216s] GC(294) Pause Young (Allocation Failure) 248M->163M(490M) 29,151ms
[2019-04-15T13:29:57.334+0200][144,216s] GC(294) User=0,05s Sys=0,00s Real=0,04s
[2019-04-15T13:29:57.534+0200][144,416s] GC(295) Pause Young (Allocation Failure)
[2019-04-15T13:29:57.534+0200][144,416s] GC(295) Using 4 workers of 4 for evacuation
[2019-04-15T13:29:57.550+0200][144,432s] GC(295) ParNew: 100707K->11856K(109248K)
[2019-04-15T13:29:57.550+0200][144,432s] GC(295) CMS: 154066K->154076K(393216K)
[2019-04-15T13:29:57.550+0200][144,432s] GC(295) Metaspace: 84124K->84124K(1126400K)
[2019-04-15T13:29:57.550+0200][144,432s] GC(295) Pause Young (Allocation Failure) 248M->162M(490M) 16,126ms
[2019-04-15T13:29:57.550+0200][144,432s] GC(295) User=0,03s Sys=0,00s Real=0,01s
[2019-04-15T13:29:57.723+0200][144,605s] GC(296) Pause Young (Allocation Failure)
[2019-04-15T13:29:57.723+0200][144,605s] GC(296) Using 4 workers of 4 for evacuation
[2019-04-15T13:29:57.747+0200][144,629s] GC(296) ParNew: 99280K->11243K(109248K)
[2019-04-15T13:29:57.747+0200][144,629s] GC(296) CMS: 154076K->154084K(393216K)
[2019-04-15T13:29:57.747+0200][144,629s] GC(296) Metaspace: 84125K->84125K(1126400K)
[2019-04-15T13:29:57.747+0200][144,629s] GC(296) Pause Young (Allocation Failure) 247M->161M(490M) 23,959ms
[2019-04-15T13:29:57.747+0200][144,629s] GC(296) User=0,06s Sys=0,00s Real=0,03s
[2019-04-15T13:29:57.925+0200][144,807s] GC(297) Pause Young (Allocation Failure)
[2019-04-15T13:29:57.925+0200][144,807s] GC(297) Using 4 workers of 4 for evacuation
[2019-04-15T13:29:57.944+0200][144,826s] GC(297) ParNew: 98667K->13426K(109248K)
[2019-04-15T13:29:57.944+0200][144,826s] GC(297) CMS: 154084K->154106K(393216K)
[2019-04-15T13:29:57.944+0200][144,826s] GC(297) Metaspace: 84125K->84125K(1126400K)
[2019-04-15T13:29:57.944+0200][144,826s] GC(297) Pause Young (Allocation Failure) 246M->163M(490M) 18,995ms
[2019-04-15T13:29:57.944+0200][144,826s] GC(297) User=0,05s Sys=0,00s Real=0,01s
[2019-04-15T13:29:58.377+0200][145,259s] GC(298) Pause Young (Allocation Failure)
[2019-04-15T13:29:58.377+0200][145,259s] GC(298) Using 4 workers of 4 for evacuation
[2019-04-15T13:29:58.417+0200][145,299s] GC(298) ParNew: 100850K->14527K(109248K)
[2019-04-15T13:29:58.417+0200][145,299s] GC(298) CMS: 154106K->156169K(393216K)
[2019-04-15T13:29:58.417+0200][145,299s] GC(298) Metaspace: 84126K->84126K(1126400K)
[2019-04-15T13:29:58.417+0200][145,299s] GC(298) Pause Young (Allocation Failure) 248M->166M(490M) 40,283ms
[2019-04-15T13:29:58.417+0200][145,299s] GC(298) User=0,12s Sys=0,01s Real=0,04s
[2019-04-15T13:29:58.734+0200][145,616s] GC(299) Pause Young (Allocation Failure)
[2019-04-15T13:29:58.734+0200][145,616s] GC(299) Using 4 workers of 4 for evacuation
[2019-04-15T13:29:58.763+0200][145,645s] GC(299) ParNew: 101951K->21824K(109248K)
[2019-04-15T13:29:58.763+0200][145,645s] GC(299) CMS: 156169K->158456K(393216K)
[2019-04-15T13:29:58.763+0200][145,645s] GC(299) Metaspace: 84134K->84134K(1126400K)
[2019-04-15T13:29:58.763+0200][145,645s] GC(299) Pause Young (Allocation Failure) 252M->176M(490M) 28,326ms
[2019-04-15T13:29:58.763+0200][145,645s] GC(299) User=0,08s Sys=0,00s Real=0,02s
[2019-04-15T13:29:58.981+0200][145,863s] GC(300) Pause Young (Allocation Failure)
[2019-04-15T13:29:58.981+0200][145,863s] GC(300) Using 4 workers of 4 for evacuation
[2019-04-15T13:29:59.009+0200][145,891s] GC(300) ParNew: 109248K->19780K(109248K)
[2019-04-15T13:29:59.009+0200][145,891s] GC(300) CMS: 158456K->160709K(393216K)
[2019-04-15T13:29:59.009+0200][145,891s] GC(300) Metaspace: 84138K->84138K(1126400K)
[2019-04-15T13:29:59.009+0200][145,891s] GC(300) Pause Young (Allocation Failure) 261M->176M(490M) 28,243ms
[2019-04-15T13:29:59.009+0200][145,891s] GC(300) User=0,06s Sys=0,00s Real=0,03s
[2019-04-15T13:29:59.126+0200][146,008s] GC(301) Pause Young (Allocation Failure)
[2019-04-15T13:29:59.126+0200][146,008s] GC(301) Using 4 workers of 4 for evacuation
[2019-04-15T13:29:59.134+0200][146,016s] GC(301) ParNew: 107204K->15892K(109248K)
[2019-04-15T13:29:59.134+0200][146,016s] GC(301) CMS: 160709K->160709K(393216K)
[2019-04-15T13:29:59.134+0200][146,016s] GC(301) Metaspace: 84138K->84138K(1126400K)
[2019-04-15T13:29:59.135+0200][146,017s] GC(301) Pause Young (Allocation Failure) 261M->172M(490M) 8,067ms
[2019-04-15T13:29:59.135+0200][146,017s] GC(301) User=0,02s Sys=0,00s Real=0,01s
[2019-04-15T13:29:59.248+0200][146,130s] GC(302) Pause Young (Allocation Failure)
[2019-04-15T13:29:59.248+0200][146,130s] GC(302) Using 4 workers of 4 for evacuation
[2019-04-15T13:29:59.265+0200][146,147s] GC(302) ParNew: 103316K->6979K(109248K)
[2019-04-15T13:29:59.265+0200][146,147s] GC(302) CMS: 160709K->160709K(393216K)
[2019-04-15T13:29:59.265+0200][146,147s] GC(302) Metaspace: 84140K->84140K(1126400K)
[2019-04-15T13:29:59.265+0200][146,147s] GC(302) Pause Young (Allocation Failure) 257M->163M(490M) 17,025ms
[2019-04-15T13:29:59.265+0200][146,147s] GC(302) User=0,04s Sys=0,00s Real=0,01s
[2019-04-15T13:30:00.173+0200][147,055s] GC(303) Pause Young (Allocation Failure)
[2019-04-15T13:30:00.173+0200][147,055s] GC(303) Using 4 workers of 4 for evacuation
[2019-04-15T13:30:00.192+0200][147,074s] GC(303) ParNew: 94403K->10281K(109248K)
[2019-04-15T13:30:00.192+0200][147,074s] GC(303) CMS: 160709K->160709K(393216K)
[2019-04-15T13:30:00.192+0200][147,074s] GC(303) Metaspace: 84618K->84618K(1126400K)
[2019-04-15T13:30:00.192+0200][147,074s] GC(303) Pause Young (Allocation Failure) 249M->166M(490M) 19,043ms
[2019-04-15T13:30:00.192+0200][147,074s] GC(303) User=0,04s Sys=0,00s Real=0,01s
[2019-04-15T13:30:00.989+0200][147,871s] GC(304) Pause Young (Allocation Failure)
[2019-04-15T13:30:00.990+0200][147,872s] GC(304) Using 4 workers of 4 for evacuation
[2019-04-15T13:30:01.008+0200][147,890s] GC(304) ParNew: 97705K->14505K(109248K)
[2019-04-15T13:30:01.008+0200][147,890s] GC(304) CMS: 160709K->160709K(393216K)
[2019-04-15T13:30:01.008+0200][147,890s] GC(304) Metaspace: 84689K->84689K(1126400K)
[2019-04-15T13:30:01.008+0200][147,890s] GC(304) Pause Young (Allocation Failure) 252M->171M(490M) 19,014ms
[2019-04-15T13:30:01.008+0200][147,890s] GC(304) User=0,04s Sys=0,00s Real=0,02s
[2019-04-15T13:30:01.204+0200][148,086s] GC(305) Pause Young (Allocation Failure)
[2019-04-15T13:30:01.204+0200][148,086s] GC(305) Using 4 workers of 4 for evacuation
[2019-04-15T13:30:01.237+0200][148,119s] GC(305) ParNew: 101929K->16523K(109248K)
[2019-04-15T13:30:01.237+0200][148,119s] GC(305) CMS: 160709K->160709K(393216K)
[2019-04-15T13:30:01.237+0200][148,119s] GC(305) Metaspace: 84689K->84689K(1126400K)
[2019-04-15T13:30:01.237+0200][148,119s] GC(305) Pause Young (Allocation Failure) 256M->173M(490M) 33,399ms
[2019-04-15T13:30:01.237+0200][148,119s] GC(305) User=0,04s Sys=0,00s Real=0,04s
[2019-04-15T13:30:01.476+0200][148,358s] GC(306) Pause Young (Allocation Failure)
[2019-04-15T13:30:01.476+0200][148,358s] GC(306) Using 4 workers of 4 for evacuation
[2019-04-15T13:30:01.495+0200][148,377s] GC(306) ParNew: 103947K->17355K(109248K)
[2019-04-15T13:30:01.495+0200][148,377s] GC(306) CMS: 160709K->160709K(393216K)
[2019-04-15T13:30:01.495+0200][148,377s] GC(306) Metaspace: 84689K->84689K(1126400K)
[2019-04-15T13:30:01.495+0200][148,377s] GC(306) Pause Young (Allocation Failure) 258M->173M(490M) 18,484ms
[2019-04-15T13:30:01.495+0200][148,377s] GC(306) User=0,04s Sys=0,00s Real=0,02s
[2019-04-15T13:30:01.750+0200][148,632s] GC(307) Pause Young (Allocation Failure)
[2019-04-15T13:30:01.750+0200][148,632s] GC(307) Using 4 workers of 4 for evacuation
[2019-04-15T13:30:01.765+0200][148,647s] GC(307) ParNew: 104779K->14102K(109248K)
[2019-04-15T13:30:01.765+0200][148,647s] GC(307) CMS: 160709K->160788K(393216K)
[2019-04-15T13:30:01.765+0200][148,647s] GC(307) Metaspace: 84689K->84689K(1126400K)
[2019-04-15T13:30:01.765+0200][148,647s] GC(307) Pause Young (Allocation Failure) 259M->170M(490M) 15,563ms
[2019-04-15T13:30:01.765+0200][148,647s] GC(307) User=0,03s Sys=0,00s Real=0,02s
[2019-04-15T13:30:02.024+0200][148,906s] GC(308) Pause Young (Allocation Failure)
[2019-04-15T13:30:02.024+0200][148,906s] GC(308) Using 4 workers of 4 for evacuation
[2019-04-15T13:30:02.040+0200][148,922s] GC(308) ParNew: 101526K->15815K(109248K)
[2019-04-15T13:30:02.040+0200][148,922s] GC(308) CMS: 160788K->160859K(393216K)
[2019-04-15T13:30:02.040+0200][148,922s] GC(308) Metaspace: 84689K->84689K(1126400K)
[2019-04-15T13:30:02.040+0200][148,922s] GC(308) Pause Young (Allocation Failure) 256M->172M(490M) 16,344ms
[2019-04-15T13:30:02.040+0200][148,922s] GC(308) User=0,03s Sys=0,00s Real=0,02s
[2019-04-15T13:30:02.247+0200][149,129s] GC(309) Pause Young (Allocation Failure)
[2019-04-15T13:30:02.247+0200][149,129s] GC(309) Using 4 workers of 4 for evacuation
[2019-04-15T13:30:02.264+0200][149,146s] GC(309) ParNew: 103239K->18694K(109248K)
[2019-04-15T13:30:02.264+0200][149,146s] GC(309) CMS: 160859K->162030K(393216K)
[2019-04-15T13:30:02.264+0200][149,146s] GC(309) Metaspace: 84689K->84689K(1126400K)
[2019-04-15T13:30:02.264+0200][149,146s] GC(309) Pause Young (Allocation Failure) 257M->176M(490M) 17,380ms
[2019-04-15T13:30:02.264+0200][149,146s] GC(309) User=0,02s Sys=0,01s Real=0,01s
[2019-04-15T13:30:02.439+0200][149,321s] GC(310) Pause Young (Allocation Failure)
[2019-04-15T13:30:02.439+0200][149,321s] GC(310) Using 4 workers of 4 for evacuation
[2019-04-15T13:30:02.463+0200][149,345s] GC(310) ParNew: 106118K->15221K(109248K)
[2019-04-15T13:30:02.463+0200][149,345s] GC(310) CMS: 162030K->162041K(393216K)
[2019-04-15T13:30:02.463+0200][149,345s] GC(310) Metaspace: 84689K->84689K(1126400K)
[2019-04-15T13:30:02.463+0200][149,345s] GC(310) Pause Young (Allocation Failure) 261M->173M(490M) 23,850ms
[2019-04-15T13:30:02.463+0200][149,345s] GC(310) User=0,04s Sys=0,00s Real=0,02s
[2019-04-15T13:30:02.651+0200][149,533s] GC(311) Pause Young (Allocation Failure)
[2019-04-15T13:30:02.651+0200][149,533s] GC(311) Using 4 workers of 4 for evacuation
[2019-04-15T13:30:02.671+0200][149,553s] GC(311) ParNew: 102645K->18840K(109248K)
[2019-04-15T13:30:02.671+0200][149,553s] GC(311) CMS: 162041K->164299K(393216K)
[2019-04-15T13:30:02.671+0200][149,553s] GC(311) Metaspace: 84689K->84689K(1126400K)
[2019-04-15T13:30:02.671+0200][149,553s] GC(311) Pause Young (Allocation Failure) 258M->178M(490M) 20,470ms
[2019-04-15T13:30:02.671+0200][149,553s] GC(311) User=0,05s Sys=0,00s Real=0,02s
[2019-04-15T13:30:02.837+0200][149,719s] GC(312) Pause Young (Allocation Failure)
[2019-04-15T13:30:02.837+0200][149,719s] GC(312) Using 4 workers of 4 for evacuation
[2019-04-15T13:30:02.883+0200][149,765s] GC(312) ParNew: 106264K->5769K(109248K)
[2019-04-15T13:30:02.883+0200][149,765s] GC(312) CMS: 164299K->171788K(393216K)
[2019-04-15T13:30:02.883+0200][149,765s] GC(312) Metaspace: 84689K->84689K(1126400K)
[2019-04-15T13:30:02.883+0200][149,765s] GC(312) Pause Young (Allocation Failure) 264M->173M(490M) 46,355ms
[2019-04-15T13:30:02.883+0200][149,765s] GC(312) User=0,11s Sys=0,00s Real=0,04s
[2019-04-15T13:30:03.017+0200][149,899s] GC(313) Pause Young (Allocation Failure)
[2019-04-15T13:30:03.017+0200][149,899s] GC(313) Using 4 workers of 4 for evacuation
[2019-04-15T13:30:03.036+0200][149,918s] GC(313) ParNew: 93193K->3573K(109248K)
[2019-04-15T13:30:03.036+0200][149,918s] GC(313) CMS: 171788K->172106K(393216K)
[2019-04-15T13:30:03.036+0200][149,918s] GC(313) Metaspace: 84689K->84689K(1126400K)
[2019-04-15T13:30:03.036+0200][149,918s] GC(313) Pause Young (Allocation Failure) 258M->171M(490M) 19,141ms
[2019-04-15T13:30:03.036+0200][149,918s] GC(313) User=0,04s Sys=0,00s Real=0,02s
[2019-04-15T13:30:03.136+0200][150,018s] GC(314) Pause Young (Allocation Failure)
[2019-04-15T13:30:03.136+0200][150,018s] GC(314) Using 4 workers of 4 for evacuation
[2019-04-15T13:30:03.150+0200][150,032s] GC(314) ParNew: 90997K->3035K(109248K)
[2019-04-15T13:30:03.150+0200][150,032s] GC(314) CMS: 172106K->172134K(393216K)
[2019-04-15T13:30:03.150+0200][150,032s] GC(314) Metaspace: 84689K->84689K(1126400K)
[2019-04-15T13:30:03.150+0200][150,032s] GC(314) Pause Young (Allocation Failure) 256M->171M(490M) 14,234ms
[2019-04-15T13:30:03.150+0200][150,032s] GC(314) User=0,03s Sys=0,00s Real=0,01s
[2019-04-15T13:30:03.258+0200][150,140s] GC(315) Pause Young (Allocation Failure)
[2019-04-15T13:30:03.259+0200][150,141s] GC(315) Using 4 workers of 4 for evacuation
[2019-04-15T13:30:03.266+0200][150,148s] GC(315) ParNew: 90459K->3023K(109248K)
[2019-04-15T13:30:03.266+0200][150,149s] GC(315) CMS: 172134K->172169K(393216K)
[2019-04-15T13:30:03.267+0200][150,149s] GC(315) Metaspace: 84689K->84689K(1126400K)
[2019-04-15T13:30:03.267+0200][150,149s] GC(315) Pause Young (Allocation Failure) 256M->171M(490M) 8,116ms
[2019-04-15T13:30:03.267+0200][150,149s] GC(315) User=0,02s Sys=0,00s Real=0,01s
[2019-04-15T13:30:03.360+0200][150,243s] GC(316) Pause Young (Allocation Failure)
[2019-04-15T13:30:03.361+0200][150,243s] GC(316) Using 4 workers of 4 for evacuation
[2019-04-15T13:30:03.376+0200][150,258s] GC(316) ParNew: 90447K->4025K(109248K)
[2019-04-15T13:30:03.376+0200][150,258s] GC(316) CMS: 172169K->172256K(393216K)
[2019-04-15T13:30:03.376+0200][150,258s] GC(316) Metaspace: 84689K->84689K(1126400K)
[2019-04-15T13:30:03.376+0200][150,258s] GC(316) Pause Young (Allocation Failure) 256M->172M(490M) 15,999ms
[2019-04-15T13:30:03.377+0200][150,259s] GC(316) User=0,03s Sys=0,00s Real=0,02s
[2019-04-15T13:30:03.542+0200][150,424s] GC(317) Pause Young (Allocation Failure)
[2019-04-15T13:30:03.542+0200][150,424s] GC(317) Using 4 workers of 4 for evacuation
[2019-04-15T13:30:03.550+0200][150,432s] GC(317) ParNew: 91449K->3797K(109248K)
[2019-04-15T13:30:03.550+0200][150,432s] GC(317) CMS: 172256K->172298K(393216K)
[2019-04-15T13:30:03.550+0200][150,432s] GC(317) Metaspace: 84695K->84695K(1126400K)
[2019-04-15T13:30:03.550+0200][150,432s] GC(317) Pause Young (Allocation Failure) 257M->171M(490M) 8,211ms
[2019-04-15T13:30:03.550+0200][150,432s] GC(317) User=0,02s Sys=0,00s Real=0,01s
[2019-04-15T13:30:04.141+0200][151,023s] GC(318) Pause Young (Allocation Failure)
[2019-04-15T13:30:04.141+0200][151,023s] GC(318) Using 4 workers of 4 for evacuation
[2019-04-15T13:30:04.176+0200][151,058s] GC(318) ParNew: 91221K->21824K(109248K)
[2019-04-15T13:30:04.176+0200][151,058s] GC(318) CMS: 172298K->176701K(393216K)
[2019-04-15T13:30:04.176+0200][151,058s] GC(318) Metaspace: 84695K->84695K(1126400K)
[2019-04-15T13:30:04.177+0200][151,059s] GC(318) Pause Young (Allocation Failure) 257M->193M(490M) 35,140ms
[2019-04-15T13:30:04.177+0200][151,059s] GC(318) User=0,06s Sys=0,00s Real=0,04s
[2019-04-15T13:30:04.323+0200][151,205s] GC(319) Pause Young (Allocation Failure)
[2019-04-15T13:30:04.323+0200][151,205s] GC(319) Using 4 workers of 4 for evacuation
[2019-04-15T13:30:04.408+0200][151,290s] GC(319) ParNew: 109248K->21824K(109248K)
[2019-04-15T13:30:04.408+0200][151,290s] GC(319) CMS: 176701K->212319K(393216K)
[2019-04-15T13:30:04.408+0200][151,290s] GC(319) Metaspace: 84695K->84695K(1126400K)
[2019-04-15T13:30:04.408+0200][151,290s] GC(319) Pause Young (Allocation Failure) 279M->228M(490M) 84,390ms
[2019-04-15T13:30:04.408+0200][151,290s] GC(319) User=0,13s Sys=0,00s Real=0,09s
[2019-04-15T13:30:04.410+0200][151,292s] GC(320) Pause Initial Mark
[2019-04-15T13:30:04.415+0200][151,297s] GC(320) Pause Initial Mark 229M->229M(490M) 5,373ms
[2019-04-15T13:30:04.415+0200][151,297s] GC(320) User=0,01s Sys=0,00s Real=0,01s
[2019-04-15T13:30:04.415+0200][151,297s] GC(320) Concurrent Mark
[2019-04-15T13:30:04.415+0200][151,297s] GC(320) Using 4 workers of 4 for marking
[2019-04-15T13:30:04.520+0200][151,402s] GC(320) Concurrent Mark 104,627ms
[2019-04-15T13:30:04.520+0200][151,402s] GC(320) User=0,22s Sys=0,01s Real=0,10s
[2019-04-15T13:30:04.520+0200][151,402s] GC(320) Concurrent Preclean
[2019-04-15T13:30:04.522+0200][151,404s] GC(320) Concurrent Preclean 1,669ms
[2019-04-15T13:30:04.522+0200][151,404s] GC(320) User=0,00s Sys=0,00s Real=0,00s
[2019-04-15T13:30:04.522+0200][151,404s] GC(320) Concurrent Abortable Preclean
[2019-04-15T13:30:04.662+0200][151,544s] GC(321) Pause Young (Allocation Failure)
[2019-04-15T13:30:04.662+0200][151,544s] GC(321) Using 4 workers of 4 for evacuation
[2019-04-15T13:30:04.713+0200][151,595s] GC(321) ParNew: 109248K->21824K(109248K)
[2019-04-15T13:30:04.713+0200][151,595s] GC(321) CMS: 212319K->237748K(393216K)
[2019-04-15T13:30:04.713+0200][151,595s] GC(321) Metaspace: 84709K->84709K(1126400K)
[2019-04-15T13:30:04.713+0200][151,595s] GC(321) Pause Young (Allocation Failure) 314M->253M(490M) 51,178ms
[2019-04-15T13:30:04.713+0200][151,595s] GC(321) User=0,09s Sys=0,01s Real=0,05s
[2019-04-15T13:30:05.366+0200][152,248s] GC(320) Concurrent Abortable Preclean 844,474ms
[2019-04-15T13:30:05.366+0200][152,248s] GC(320) User=0,91s Sys=0,19s Real=0,85s
[2019-04-15T13:30:05.366+0200][152,248s] GC(320) Pause Remark
[2019-04-15T13:30:05.367+0200][152,249s] GC(322) Pause Young (CMS Final Remark)
[2019-04-15T13:30:05.367+0200][152,249s] GC(322) Using 4 workers of 4 for evacuation
[2019-04-15T13:30:05.444+0200][152,326s] GC(322) ParNew: 84305K->21824K(109248K)
[2019-04-15T13:30:05.444+0200][152,326s] GC(322) CMS: 237748K->261954K(393216K)
[2019-04-15T13:30:05.444+0200][152,326s] GC(322) Metaspace: 84710K->84710K(1126400K)
[2019-04-15T13:30:05.444+0200][152,326s] GC(322) Pause Young (CMS Final Remark) 314M->277M(490M) 77,398ms
[2019-04-15T13:30:05.444+0200][152,326s] GC(322) User=0,10s Sys=0,00s Real=0,07s
[2019-04-15T13:30:05.574+0200][152,456s] GC(320) Pause Remark 314M->277M(490M) 207,804ms
[2019-04-15T13:30:05.574+0200][152,456s] GC(320) User=0,20s Sys=0,00s Real=0,21s
[2019-04-15T13:30:05.586+0200][152,468s] GC(320) Concurrent Sweep
[2019-04-15T13:30:05.737+0200][152,619s] GC(323) Pause Young (Allocation Failure)
[2019-04-15T13:30:05.737+0200][152,619s] GC(323) Using 4 workers of 4 for evacuation
[2019-04-15T13:30:05.798+0200][152,680s] GC(323) ParNew: 109248K->21824K(109248K)
[2019-04-15T13:30:05.799+0200][152,681s] GC(323) CMS: 204211K->261406K(393216K)
[2019-04-15T13:30:05.799+0200][152,681s] GC(323) Metaspace: 84710K->84710K(1126400K)
[2019-04-15T13:30:05.799+0200][152,681s] GC(323) Pause Young (Allocation Failure) 306M->276M(490M) 61,689ms
[2019-04-15T13:30:05.799+0200][152,681s] GC(323) User=0,07s Sys=0,01s Real=0,06s
[2019-04-15T13:30:05.801+0200][152,683s] GC(320) Concurrent Sweep 214,800ms
[2019-04-15T13:30:05.801+0200][152,683s] GC(320) User=0,24s Sys=0,01s Real=0,21s
[2019-04-15T13:30:05.801+0200][152,683s] GC(320) Concurrent Reset
[2019-04-15T13:30:05.806+0200][152,688s] GC(320) Concurrent Reset 4,874ms
[2019-04-15T13:30:05.806+0200][152,688s] GC(320) User=0,02s Sys=0,00s Real=0,01s
[2019-04-15T13:30:05.806+0200][152,688s] GC(320) Old: 212319K->261406K(393216K)
[2019-04-15T13:30:06.024+0200][152,906s] GC(324) Pause Young (Allocation Failure)
[2019-04-15T13:30:06.024+0200][152,906s] GC(324) Using 4 workers of 4 for evacuation
[2019-04-15T13:30:06.055+0200][152,937s] GC(324) ParNew: 109248K->21824K(109248K)
[2019-04-15T13:30:06.056+0200][152,938s] GC(324) CMS: 261406K->276475K(393216K)
[2019-04-15T13:30:06.056+0200][152,938s] GC(324) Metaspace: 84714K->84714K(1126400K)
[2019-04-15T13:30:06.056+0200][152,938s] GC(324) Pause Young (Allocation Failure) 361M->291M(490M) 31,482ms
[2019-04-15T13:30:06.056+0200][152,938s] GC(324) User=0,07s Sys=0,00s Real=0,04s
[2019-04-15T13:30:06.058+0200][152,940s] GC(325) Pause Initial Mark
[2019-04-15T13:30:06.062+0200][152,944s] GC(325) Pause Initial Mark 294M->294M(490M) 4,266ms
[2019-04-15T13:30:06.062+0200][152,944s] GC(325) User=0,01s Sys=0,00s Real=0,00s
[2019-04-15T13:30:06.062+0200][152,944s] GC(325) Concurrent Mark
[2019-04-15T13:30:06.062+0200][152,944s] GC(325) Using 4 workers of 4 for marking
[2019-04-15T13:30:06.134+0200][153,016s] GC(325) Concurrent Mark 71,786ms
[2019-04-15T13:30:06.134+0200][153,016s] GC(325) User=0,20s Sys=0,00s Real=0,08s
[2019-04-15T13:30:06.134+0200][153,016s] GC(325) Concurrent Preclean
[2019-04-15T13:30:06.136+0200][153,018s] GC(325) Concurrent Preclean 1,593ms
[2019-04-15T13:30:06.136+0200][153,018s] GC(325) User=0,00s Sys=0,00s Real=0,00s
[2019-04-15T13:30:06.136+0200][153,018s] GC(325) Concurrent Abortable Preclean
[2019-04-15T13:30:06.210+0200][153,092s] GC(326) Pause Young (Allocation Failure)
[2019-04-15T13:30:06.210+0200][153,092s] GC(326) Using 4 workers of 4 for evacuation
[2019-04-15T13:30:06.243+0200][153,125s] GC(326) ParNew: 109248K->21662K(109248K)
[2019-04-15T13:30:06.243+0200][153,125s] GC(326) CMS: 276475K->297032K(393216K)
[2019-04-15T13:30:06.243+0200][153,125s] GC(326) Metaspace: 84714K->84714K(1126400K)
[2019-04-15T13:30:06.243+0200][153,125s] GC(326) Pause Young (Allocation Failure) 376M->311M(490M) 33,756ms
[2019-04-15T13:30:06.243+0200][153,125s] GC(326) User=0,07s Sys=0,00s Real=0,03s
[2019-04-15T13:30:06.325+0200][153,207s] GC(325) Concurrent Abortable Preclean 189,059ms
[2019-04-15T13:30:06.325+0200][153,207s] GC(325) User=0,39s Sys=0,00s Real=0,19s
[2019-04-15T13:30:06.328+0200][153,210s] GC(325) Pause Remark
[2019-04-15T13:30:06.329+0200][153,211s] GC(327) Pause Young (CMS Final Remark)
[2019-04-15T13:30:06.329+0200][153,211s] GC(327) Using 4 workers of 4 for evacuation
[2019-04-15T13:30:06.343+0200][153,225s] GC(327) ParNew: 90770K->5536K(109248K)
[2019-04-15T13:30:06.343+0200][153,225s] GC(327) CMS: 297032K->297032K(393216K)
[2019-04-15T13:30:06.343+0200][153,225s] GC(327) Metaspace: 84715K->84715K(1126400K)
[2019-04-15T13:30:06.343+0200][153,225s] GC(327) Pause Young (CMS Final Remark) 378M->295M(490M) 13,946ms
[2019-04-15T13:30:06.343+0200][153,225s] GC(327) User=0,04s Sys=0,00s Real=0,01s
[2019-04-15T13:30:06.407+0200][153,289s] GC(325) Pause Remark 378M->295M(490M) 78,518ms
[2019-04-15T13:30:06.407+0200][153,289s] GC(325) User=0,12s Sys=0,00s Real=0,08s
[2019-04-15T13:30:06.407+0200][153,289s] GC(325) Concurrent Sweep
[2019-04-15T13:30:06.499+0200][153,381s] GC(325) Concurrent Sweep 91,638ms
[2019-04-15T13:30:06.499+0200][153,381s] GC(325) User=0,23s Sys=0,00s Real=0,09s
[2019-04-15T13:30:06.499+0200][153,381s] GC(325) Concurrent Reset
[2019-04-15T13:30:06.499+0200][153,381s] GC(325) Concurrent Reset 0,417ms
[2019-04-15T13:30:06.499+0200][153,381s] GC(325) User=0,00s Sys=0,00s Real=0,00s
[2019-04-15T13:30:06.499+0200][153,381s] GC(325) Old: 276475K->212412K(393216K)
[2019-04-15T13:30:06.542+0200][153,424s] GC(328) Pause Young (Allocation Failure)
[2019-04-15T13:30:06.542+0200][153,424s] GC(328) Using 4 workers of 4 for evacuation
[2019-04-15T13:30:06.551+0200][153,433s] GC(328) ParNew: 92960K->3057K(109248K)
[2019-04-15T13:30:06.551+0200][153,433s] GC(328) CMS: 212412K->212412K(393216K)
[2019-04-15T13:30:06.551+0200][153,433s] GC(328) Metaspace: 84720K->84720K(1126400K)
[2019-04-15T13:30:06.551+0200][153,433s] GC(328) Pause Young (Allocation Failure) 298M->210M(490M) 9,158ms
[2019-04-15T13:30:06.551+0200][153,434s] GC(328) User=0,03s Sys=0,00s Real=0,01s
[2019-04-15T13:30:06.565+0200][153,447s] GC(329) Pause Initial Mark
[2019-04-15T13:30:06.568+0200][153,450s] GC(329) Pause Initial Mark 219M->219M(490M) 2,382ms
[2019-04-15T13:30:06.568+0200][153,450s] GC(329) User=0,01s Sys=0,00s Real=0,00s
[2019-04-15T13:30:06.568+0200][153,450s] GC(329) Concurrent Mark
[2019-04-15T13:30:06.568+0200][153,450s] GC(329) Using 4 workers of 4 for marking
[2019-04-15T13:30:06.713+0200][153,596s] GC(329) Concurrent Mark 145,776ms
[2019-04-15T13:30:06.714+0200][153,596s] GC(329) User=0,40s Sys=0,00s Real=0,15s
[2019-04-15T13:30:06.714+0200][153,596s] GC(330) Pause Young (Allocation Failure)
[2019-04-15T13:30:06.714+0200][153,596s] GC(330) Using 4 workers of 4 for evacuation
[2019-04-15T13:30:06.724+0200][153,606s] GC(330) ParNew: 90481K->3181K(109248K)
[2019-04-15T13:30:06.724+0200][153,606s] GC(330) CMS: 212412K->212412K(393216K)
[2019-04-15T13:30:06.724+0200][153,606s] GC(330) Metaspace: 84720K->84720K(1126400K)
[2019-04-15T13:30:06.724+0200][153,606s] GC(330) Pause Young (Allocation Failure) 295M->210M(490M) 10,445ms
[2019-04-15T13:30:06.724+0200][153,606s] GC(330) User=0,03s Sys=0,00s Real=0,00s
[2019-04-15T13:30:06.724+0200][153,606s] GC(329) Concurrent Preclean
[2019-04-15T13:30:06.726+0200][153,608s] GC(329) Concurrent Preclean 1,777ms
[2019-04-15T13:30:06.726+0200][153,608s] GC(329) User=0,00s Sys=0,00s Real=0,01s
[2019-04-15T13:30:06.726+0200][153,608s] GC(329) Pause Remark
[2019-04-15T13:30:06.726+0200][153,608s] GC(331) Pause Young (CMS Final Remark)
[2019-04-15T13:30:06.726+0200][153,608s] GC(331) Using 4 workers of 4 for evacuation
[2019-04-15T13:30:06.738+0200][153,620s] GC(331) ParNew: 4546K->3164K(109248K)
[2019-04-15T13:30:06.738+0200][153,620s] GC(331) CMS: 212412K->212412K(393216K)
[2019-04-15T13:30:06.738+0200][153,620s] GC(331) Metaspace: 84720K->84720K(1126400K)
[2019-04-15T13:30:06.738+0200][153,620s] GC(331) Pause Young (CMS Final Remark) 211M->210M(490M) 11,972ms
[2019-04-15T13:30:06.738+0200][153,620s] GC(331) User=0,03s Sys=0,00s Real=0,01s
[2019-04-15T13:30:06.778+0200][153,660s] GC(329) Pause Remark 211M->210M(490M) 52,197ms
[2019-04-15T13:30:06.778+0200][153,660s] GC(329) User=0,09s Sys=0,00s Real=0,05s
[2019-04-15T13:30:06.778+0200][153,660s] GC(329) Concurrent Sweep
[2019-04-15T13:30:06.938+0200][153,820s] GC(332) Pause Young (Allocation Failure)
[2019-04-15T13:30:06.938+0200][153,820s] GC(332) Using 4 workers of 4 for evacuation
[2019-04-15T13:30:06.961+0200][153,843s] GC(332) ParNew: 90588K->2196K(109248K)
[2019-04-15T13:30:06.961+0200][153,843s] GC(332) CMS: 196936K->196936K(393216K)
[2019-04-15T13:30:06.961+0200][153,843s] GC(332) Metaspace: 84731K->84731K(1126400K)
[2019-04-15T13:30:06.961+0200][153,843s] GC(332) Pause Young (Allocation Failure) 280M->194M(490M) 23,124ms
[2019-04-15T13:30:06.961+0200][153,843s] GC(332) User=0,06s Sys=0,00s Real=0,02s
[2019-04-15T13:30:06.986+0200][153,868s] GC(329) Concurrent Sweep 207,315ms
[2019-04-15T13:30:06.986+0200][153,868s] GC(329) User=0,62s Sys=0,01s Real=0,21s
[2019-04-15T13:30:06.986+0200][153,868s] GC(329) Concurrent Reset
[2019-04-15T13:30:06.987+0200][153,869s] GC(329) Concurrent Reset 1,468ms
[2019-04-15T13:30:06.987+0200][153,869s] GC(329) User=0,00s Sys=0,00s Real=0,00s
[2019-04-15T13:30:06.987+0200][153,869s] GC(329) Old: 212412K->173635K(393216K)
[2019-04-15T13:30:07.079+0200][153,961s] GC(333) Pause Young (Allocation Failure)
[2019-04-15T13:30:07.079+0200][153,961s] GC(333) Using 4 workers of 4 for evacuation
[2019-04-15T13:30:07.098+0200][153,980s] GC(333) ParNew: 89620K->2208K(109248K)
[2019-04-15T13:30:07.098+0200][153,980s] GC(333) CMS: 173635K->173635K(393216K)
[2019-04-15T13:30:07.098+0200][153,980s] GC(333) Metaspace: 84731K->84731K(1126400K)
[2019-04-15T13:30:07.098+0200][153,980s] GC(333) Pause Young (Allocation Failure) 257M->171M(490M) 18,997ms
[2019-04-15T13:30:07.098+0200][153,980s] GC(333) User=0,04s Sys=0,00s Real=0,02s
[2019-04-15T13:30:07.444+0200][154,326s] GC(334) Pause Young (Allocation Failure)
[2019-04-15T13:30:07.444+0200][154,326s] GC(334) Using 4 workers of 4 for evacuation
[2019-04-15T13:30:07.496+0200][154,378s] GC(334) ParNew: 89632K->7612K(109248K)
[2019-04-15T13:30:07.496+0200][154,378s] GC(334) CMS: 173635K->191066K(393216K)
[2019-04-15T13:30:07.496+0200][154,378s] GC(334) Metaspace: 84751K->84751K(1126400K)
[2019-04-15T13:30:07.496+0200][154,378s] GC(334) Pause Young (Allocation Failure) 257M->194M(490M) 52,228ms
[2019-04-15T13:30:07.496+0200][154,378s] GC(334) User=0,14s Sys=0,01s Real=0,06s
[2019-04-15T13:30:07.781+0200][154,663s] GC(335) Pause Young (Allocation Failure)
[2019-04-15T13:30:07.781+0200][154,663s] GC(335) Using 4 workers of 4 for evacuation
[2019-04-15T13:30:07.803+0200][154,685s] GC(335) ParNew: 95036K->21772K(109248K)
[2019-04-15T13:30:07.803+0200][154,685s] GC(335) CMS: 191066K->196119K(393216K)
[2019-04-15T13:30:07.803+0200][154,685s] GC(335) Metaspace: 84756K->84756K(1126400K)
[2019-04-15T13:30:07.803+0200][154,685s] GC(335) Pause Young (Allocation Failure) 279M->212M(490M) 22,457ms
[2019-04-15T13:30:07.803+0200][154,685s] GC(335) User=0,06s Sys=0,01s Real=0,02s
[2019-04-15T13:30:08.092+0200][154,974s] GC(336) Pause Young (Allocation Failure)
[2019-04-15T13:30:08.092+0200][154,974s] GC(336) Using 4 workers of 4 for evacuation
[2019-04-15T13:30:08.114+0200][154,996s] GC(336) ParNew: 109196K->12637K(109248K)
[2019-04-15T13:30:08.114+0200][154,996s] GC(336) CMS: 196119K->202313K(393216K)
[2019-04-15T13:30:08.114+0200][154,996s] GC(336) Metaspace: 84778K->84778K(1126400K)
[2019-04-15T13:30:08.114+0200][154,996s] GC(336) Pause Young (Allocation Failure) 298M->209M(490M) 22,261ms
[2019-04-15T13:30:08.114+0200][154,996s] GC(336) User=0,05s Sys=0,00s Real=0,03s
[2019-04-15T13:30:08.114+0200][154,996s] GC(337) Pause Initial Mark
[2019-04-15T13:30:08.115+0200][154,997s] GC(337) Pause Initial Mark 209M->209M(490M) 0,970ms
[2019-04-15T13:30:08.115+0200][154,997s] GC(337) User=0,00s Sys=0,00s Real=0,00s
[2019-04-15T13:30:08.115+0200][154,997s] GC(337) Concurrent Mark
[2019-04-15T13:30:08.115+0200][154,997s] GC(337) Using 4 workers of 4 for marking
[2019-04-15T13:30:08.181+0200][155,063s] GC(337) Concurrent Mark 65,458ms
[2019-04-15T13:30:08.181+0200][155,063s] GC(337) User=0,17s Sys=0,02s Real=0,06s
[2019-04-15T13:30:08.181+0200][155,063s] GC(337) Concurrent Preclean
[2019-04-15T13:30:08.182+0200][155,064s] GC(337) Concurrent Preclean 1,305ms
[2019-04-15T13:30:08.182+0200][155,064s] GC(337) User=0,00s Sys=0,00s Real=0,00s
[2019-04-15T13:30:08.182+0200][155,064s] GC(337) Concurrent Abortable Preclean
[2019-04-15T13:30:08.594+0200][155,476s] GC(337) Concurrent Abortable Preclean 412,348ms
[2019-04-15T13:30:08.594+0200][155,476s] GC(337) User=0,12s Sys=0,27s Real=0,42s
[2019-04-15T13:30:08.594+0200][155,476s] GC(337) Pause Remark
[2019-04-15T13:30:08.594+0200][155,476s] GC(338) Pause Young (CMS Final Remark)
[2019-04-15T13:30:08.594+0200][155,476s] GC(338) Using 4 workers of 4 for evacuation
[2019-04-15T13:30:08.624+0200][155,506s] GC(338) ParNew: 78938K->21824K(109248K)
[2019-04-15T13:30:08.624+0200][155,506s] GC(338) CMS: 202313K->249103K(393216K)
[2019-04-15T13:30:08.624+0200][155,507s] GC(338) Metaspace: 84778K->84778K(1126400K)
[2019-04-15T13:30:08.625+0200][155,507s] GC(338) Pause Young (CMS Final Remark) 274M->264M(490M) 30,080ms
[2019-04-15T13:30:08.625+0200][155,507s] GC(338) User=0,05s Sys=0,00s Real=0,02s
[2019-04-15T13:30:08.662+0200][155,544s] GC(337) Pause Remark 274M->264M(490M) 67,628ms
[2019-04-15T13:30:08.662+0200][155,544s] GC(337) User=0,10s Sys=0,00s Real=0,06s
[2019-04-15T13:30:08.662+0200][155,544s] GC(337) Concurrent Sweep
[2019-04-15T13:30:08.742+0200][155,624s] GC(337) Concurrent Sweep 80,155ms
[2019-04-15T13:30:08.742+0200][155,624s] GC(337) User=0,14s Sys=0,02s Real=0,08s
[2019-04-15T13:30:08.742+0200][155,624s] GC(337) Concurrent Reset
[2019-04-15T13:30:08.743+0200][155,625s] GC(337) Concurrent Reset 0,378ms
[2019-04-15T13:30:08.743+0200][155,625s] GC(337) User=0,00s Sys=0,00s Real=0,00s
[2019-04-15T13:30:08.743+0200][155,625s] GC(337) Old: 202313K->160369K(393216K)
[2019-04-15T13:30:08.967+0200][155,849s] GC(339) Pause Young (Allocation Failure)
[2019-04-15T13:30:08.968+0200][155,850s] GC(339) Using 4 workers of 4 for evacuation
[2019-04-15T13:30:09.005+0200][155,887s] GC(339) ParNew: 109248K->21824K(109248K)
[2019-04-15T13:30:09.005+0200][155,887s] GC(339) CMS: 160369K->235100K(393216K)
[2019-04-15T13:30:09.005+0200][155,887s] GC(339) Metaspace: 84778K->84778K(1126400K)
[2019-04-15T13:30:09.005+0200][155,887s] GC(339) Pause Young (Allocation Failure) 263M->250M(490M) 37,132ms
[2019-04-15T13:30:09.005+0200][155,887s] GC(339) User=0,06s Sys=0,00s Real=0,03s
[2019-04-15T13:30:09.005+0200][155,887s] GC(340) Pause Initial Mark
[2019-04-15T13:30:09.006+0200][155,888s] GC(340) Pause Initial Mark 252M->252M(490M) 1,073ms
[2019-04-15T13:30:09.006+0200][155,888s] GC(340) User=0,00s Sys=0,00s Real=0,01s
[2019-04-15T13:30:09.006+0200][155,888s] GC(340) Concurrent Mark
[2019-04-15T13:30:09.006+0200][155,888s] GC(340) Using 4 workers of 4 for marking
[2019-04-15T13:30:09.086+0200][155,968s] GC(340) Concurrent Mark 80,073ms
[2019-04-15T13:30:09.086+0200][155,968s] GC(340) User=0,20s Sys=0,00s Real=0,08s
[2019-04-15T13:30:09.086+0200][155,968s] GC(340) Concurrent Preclean
[2019-04-15T13:30:09.086+0200][155,968s] GC(341) Pause Young (Allocation Failure)
[2019-04-15T13:30:09.086+0200][155,968s] GC(341) Using 4 workers of 4 for evacuation
[2019-04-15T13:30:09.149+0200][156,031s] GC(341) ParNew: 109248K->21824K(109248K)
[2019-04-15T13:30:09.149+0200][156,031s] GC(341) CMS: 235100K->312958K(393216K)
[2019-04-15T13:30:09.149+0200][156,031s] GC(341) Metaspace: 84778K->84778K(1126400K)
[2019-04-15T13:30:09.149+0200][156,031s] GC(341) Pause Young (Allocation Failure) 336M->326M(490M) 62,759ms
[2019-04-15T13:30:09.149+0200][156,031s] GC(341) User=0,16s Sys=0,01s Real=0,06s
[2019-04-15T13:30:09.150+0200][156,032s] GC(340) Concurrent Preclean 64,196ms
[2019-04-15T13:30:09.150+0200][156,032s] GC(340) User=0,16s Sys=0,01s Real=0,06s
[2019-04-15T13:30:09.150+0200][156,032s] GC(340) Concurrent Abortable Preclean
[2019-04-15T13:30:09.212+0200][156,094s] GC(340) Concurrent Abortable Preclean 61,901ms
[2019-04-15T13:30:09.212+0200][156,094s] GC(340) User=0,12s Sys=0,00s Real=0,06s
[2019-04-15T13:30:09.212+0200][156,094s] GC(340) Pause Remark
[2019-04-15T13:30:09.212+0200][156,094s] GC(342) Pause Young (CMS Final Remark)
[2019-04-15T13:30:09.212+0200][156,094s] GC(342) Using 4 workers of 4 for evacuation
[2019-04-15T13:30:09.225+0200][156,107s] GC(342) ParNew: 72284K->21824K(109248K)
[2019-04-15T13:30:09.225+0200][156,107s] GC(342) CMS: 312958K->316227K(393216K)
[2019-04-15T13:30:09.225+0200][156,107s] GC(342) Metaspace: 84778K->84778K(1126400K)
[2019-04-15T13:30:09.225+0200][156,107s] GC(342) Pause Young (CMS Final Remark) 376M->330M(490M) 12,773ms
[2019-04-15T13:30:09.225+0200][156,107s] GC(342) User=0,04s Sys=0,00s Real=0,02s
[2019-04-15T13:30:09.264+0200][156,146s] GC(340) Pause Remark 376M->330M(490M) 51,764ms
[2019-04-15T13:30:09.264+0200][156,146s] GC(340) User=0,09s Sys=0,00s Real=0,05s
[2019-04-15T13:30:09.264+0200][156,146s] GC(340) Concurrent Sweep
[2019-04-15T13:30:09.328+0200][156,210s] GC(340) Concurrent Sweep 63,544ms
[2019-04-15T13:30:09.328+0200][156,210s] GC(340) User=0,16s Sys=0,00s Real=0,07s
[2019-04-15T13:30:09.328+0200][156,210s] GC(340) Concurrent Reset
[2019-04-15T13:30:09.328+0200][156,210s] GC(340) Concurrent Reset 0,399ms
[2019-04-15T13:30:09.328+0200][156,210s] GC(340) User=0,00s Sys=0,00s Real=0,00s
[2019-04-15T13:30:09.328+0200][156,210s] GC(340) Old: 235100K->305526K(393216K)
[2019-04-15T13:30:09.377+0200][156,259s] GC(343) Pause Young (Allocation Failure)
[2019-04-15T13:30:09.377+0200][156,259s] GC(343) Using 4 workers of 4 for evacuation
[2019-04-15T13:30:09.377+0200][156,259s] GC(344) Pause Full (Allocation Failure)
[2019-04-15T13:30:09.377+0200][156,259s] GC(344) Phase 1: Mark live objects
[2019-04-15T13:30:09.449+0200][156,331s] GC(344) Phase 1: Mark live objects 71,697ms
[2019-04-15T13:30:09.449+0200][156,331s] GC(344) Phase 2: Compute new object addresses
[2019-04-15T13:30:09.498+0200][156,380s] GC(344) Phase 2: Compute new object addresses 49,195ms
[2019-04-15T13:30:09.498+0200][156,380s] GC(344) Phase 3: Adjust pointers
[2019-04-15T13:30:09.560+0200][156,442s] GC(344) Phase 3: Adjust pointers 61,819ms
[2019-04-15T13:30:09.560+0200][156,442s] GC(344) Phase 4: Move objects
[2019-04-15T13:30:09.597+0200][156,479s] GC(344) Phase 4: Move objects 36,959ms
[2019-04-15T13:30:09.598+0200][156,480s] GC(344) Pause Full (Allocation Failure) 405M->116M(490M) 221,102ms
[2019-04-15T13:30:09.598+0200][156,480s] GC(343) ParNew: 109248K->0K(109248K)
[2019-04-15T13:30:09.598+0200][156,480s] GC(343) CMS: 305526K->118978K(393216K)
[2019-04-15T13:30:09.598+0200][156,480s] GC(343) Metaspace: 84778K->84778K(1126400K)
[2019-04-15T13:30:09.598+0200][156,480s] GC(343) Pause Young (Allocation Failure) 405M->116M(490M) 221,230ms
[2019-04-15T13:30:09.598+0200][156,480s] GC(343) User=0,22s Sys=0,00s Real=0,22s
[2019-04-15T13:30:09.668+0200][156,550s] GC(345) Pause Young (Allocation Failure)
[2019-04-15T13:30:09.668+0200][156,550s] GC(345) Using 4 workers of 4 for evacuation
[2019-04-15T13:30:09.675+0200][156,557s] GC(345) ParNew: 87424K->6749K(109248K)
[2019-04-15T13:30:09.675+0200][156,557s] GC(345) CMS: 118978K->118978K(393216K)
[2019-04-15T13:30:09.675+0200][156,557s] GC(345) Metaspace: 84778K->84778K(1126400K)
[2019-04-15T13:30:09.675+0200][156,557s] GC(345) Pause Young (Allocation Failure) 201M->122M(490M) 6,660ms
[2019-04-15T13:30:09.675+0200][156,557s] GC(345) User=0,02s Sys=0,00s Real=0,01s
[2019-04-15T13:30:09.740+0200][156,622s] GC(346) Pause Young (Allocation Failure)
[2019-04-15T13:30:09.740+0200][156,622s] GC(346) Using 4 workers of 4 for evacuation
[2019-04-15T13:30:09.748+0200][156,630s] GC(346) ParNew: 94173K->3854K(109248K)
[2019-04-15T13:30:09.748+0200][156,630s] GC(346) CMS: 118978K->118978K(393216K)
[2019-04-15T13:30:09.748+0200][156,630s] GC(346) Metaspace: 84778K->84778K(1126400K)
[2019-04-15T13:30:09.748+0200][156,630s] GC(346) Pause Young (Allocation Failure) 208M->119M(490M) 7,943ms
[2019-04-15T13:30:09.748+0200][156,630s] GC(346) User=0,02s Sys=0,00s Real=0,01s
[2019-04-15T13:30:09.815+0200][156,697s] GC(347) Pause Young (Allocation Failure)
[2019-04-15T13:30:09.815+0200][156,697s] GC(347) Using 4 workers of 4 for evacuation
[2019-04-15T13:30:09.825+0200][156,707s] GC(347) ParNew: 91278K->4315K(109248K)
[2019-04-15T13:30:09.825+0200][156,707s] GC(347) CMS: 118978K->118978K(393216K)
[2019-04-15T13:30:09.825+0200][156,707s] GC(347) Metaspace: 84778K->84778K(1126400K)
[2019-04-15T13:30:09.825+0200][156,707s] GC(347) Pause Young (Allocation Failure) 205M->120M(490M) 9,675ms
[2019-04-15T13:30:09.825+0200][156,707s] GC(347) User=0,02s Sys=0,00s Real=0,01s
[2019-04-15T13:30:09.902+0200][156,784s] GC(348) Pause Young (Allocation Failure)
[2019-04-15T13:30:09.902+0200][156,784s] GC(348) Using 4 workers of 4 for evacuation
[2019-04-15T13:30:09.914+0200][156,796s] GC(348) ParNew: 91739K->5918K(109248K)
[2019-04-15T13:30:09.914+0200][156,796s] GC(348) CMS: 118978K->118978K(393216K)
[2019-04-15T13:30:09.914+0200][156,796s] GC(348) Metaspace: 84778K->84778K(1126400K)
[2019-04-15T13:30:09.914+0200][156,796s] GC(348) Pause Young (Allocation Failure) 205M->121M(490M) 12,605ms
[2019-04-15T13:30:09.914+0200][156,796s] GC(348) User=0,03s Sys=0,00s Real=0,02s
[2019-04-15T13:30:09.992+0200][156,874s] GC(349) Pause Young (Allocation Failure)
[2019-04-15T13:30:09.992+0200][156,874s] GC(349) Using 4 workers of 4 for evacuation
[2019-04-15T13:30:10.002+0200][156,884s] GC(349) ParNew: 93342K->7403K(109248K)
[2019-04-15T13:30:10.002+0200][156,884s] GC(349) CMS: 118978K->118978K(393216K)
[2019-04-15T13:30:10.002+0200][156,884s] GC(349) Metaspace: 84778K->84778K(1126400K)
[2019-04-15T13:30:10.002+0200][156,884s] GC(349) Pause Young (Allocation Failure) 207M->123M(490M) 10,126ms
[2019-04-15T13:30:10.002+0200][156,884s] GC(349) User=0,02s Sys=0,00s Real=0,01s
[2019-04-15T13:30:10.079+0200][156,961s] GC(350) Pause Young (Allocation Failure)
[2019-04-15T13:30:10.079+0200][156,961s] GC(350) Using 4 workers of 4 for evacuation
[2019-04-15T13:30:10.087+0200][156,969s] GC(350) ParNew: 94827K->6832K(109248K)
[2019-04-15T13:30:10.087+0200][156,969s] GC(350) CMS: 118978K->118978K(393216K)
[2019-04-15T13:30:10.087+0200][156,969s] GC(350) Metaspace: 84778K->84778K(1126400K)
[2019-04-15T13:30:10.087+0200][156,969s] GC(350) Pause Young (Allocation Failure) 208M->122M(490M) 8,742ms
[2019-04-15T13:30:10.087+0200][156,969s] GC(350) User=0,02s Sys=0,00s Real=0,01s
[2019-04-15T13:30:10.167+0200][157,049s] GC(351) Pause Young (Allocation Failure)
[2019-04-15T13:30:10.167+0200][157,049s] GC(351) Using 4 workers of 4 for evacuation
[2019-04-15T13:30:10.178+0200][157,060s] GC(351) ParNew: 94256K->9059K(109248K)
[2019-04-15T13:30:10.178+0200][157,060s] GC(351) CMS: 118978K->118978K(393216K)
[2019-04-15T13:30:10.178+0200][157,060s] GC(351) Metaspace: 84778K->84778K(1126400K)
[2019-04-15T13:30:10.178+0200][157,060s] GC(351) Pause Young (Allocation Failure) 208M->125M(490M) 10,849ms
[2019-04-15T13:30:10.178+0200][157,060s] GC(351) User=0,03s Sys=0,00s Real=0,01s
[2019-04-15T13:30:10.250+0200][157,132s] GC(352) Pause Young (Allocation Failure)
[2019-04-15T13:30:10.250+0200][157,132s] GC(352) Using 4 workers of 4 for evacuation
[2019-04-15T13:30:10.266+0200][157,148s] GC(352) ParNew: 96483K->10498K(109248K)
[2019-04-15T13:30:10.266+0200][157,148s] GC(352) CMS: 118978K->118978K(393216K)
[2019-04-15T13:30:10.266+0200][157,148s] GC(352) Metaspace: 84778K->84778K(1126400K)
[2019-04-15T13:30:10.266+0200][157,148s] GC(352) Pause Young (Allocation Failure) 210M->126M(490M) 16,314ms
[2019-04-15T13:30:10.267+0200][157,149s] GC(352) User=0,04s Sys=0,00s Real=0,02s
[2019-04-15T13:30:10.365+0200][157,247s] GC(353) Pause Young (Allocation Failure)
[2019-04-15T13:30:10.365+0200][157,247s] GC(353) Using 4 workers of 4 for evacuation
[2019-04-15T13:30:10.398+0200][157,280s] GC(353) ParNew: 97922K->10632K(109248K)
[2019-04-15T13:30:10.398+0200][157,280s] GC(353) CMS: 118978K->119787K(393216K)
[2019-04-15T13:30:10.398+0200][157,280s] GC(353) Metaspace: 84778K->84778K(1126400K)
[2019-04-15T13:30:10.398+0200][157,280s] GC(353) Pause Young (Allocation Failure) 211M->127M(490M) 33,308ms
[2019-04-15T13:30:10.398+0200][157,280s] GC(353) User=0,09s Sys=0,00s Real=0,04s
[2019-04-15T13:30:10.496+0200][157,378s] GC(354) Pause Young (Allocation Failure)
[2019-04-15T13:30:10.496+0200][157,378s] GC(354) Using 4 workers of 4 for evacuation
[2019-04-15T13:30:10.509+0200][157,391s] GC(354) ParNew: 98056K->10702K(109248K)
[2019-04-15T13:30:10.509+0200][157,391s] GC(354) CMS: 119787K->120439K(393216K)
[2019-04-15T13:30:10.509+0200][157,391s] GC(354) Metaspace: 84782K->84782K(1126400K)
[2019-04-15T13:30:10.509+0200][157,391s] GC(354) Pause Young (Allocation Failure) 212M->128M(490M) 12,694ms
[2019-04-15T13:30:10.509+0200][157,391s] GC(354) User=0,03s Sys=0,00s Real=0,01s
[2019-04-15T13:30:10.600+0200][157,482s] GC(355) Pause Young (Allocation Failure)
[2019-04-15T13:30:10.600+0200][157,482s] GC(355) Using 4 workers of 4 for evacuation
[2019-04-15T13:30:10.614+0200][157,496s] GC(355) ParNew: 98126K->10994K(109248K)
[2019-04-15T13:30:10.614+0200][157,496s] GC(355) CMS: 120439K->121162K(393216K)
[2019-04-15T13:30:10.614+0200][157,496s] GC(355) Metaspace: 84782K->84782K(1126400K)
[2019-04-15T13:30:10.614+0200][157,496s] GC(355) Pause Young (Allocation Failure) 213M->129M(490M) 13,442ms
[2019-04-15T13:30:10.614+0200][157,496s] GC(355) User=0,03s Sys=0,00s Real=0,02s
[2019-04-15T13:30:10.757+0200][157,639s] GC(356) Pause Young (Allocation Failure)
[2019-04-15T13:30:10.757+0200][157,639s] GC(356) Using 4 workers of 4 for evacuation
[2019-04-15T13:30:10.776+0200][157,658s] GC(356) ParNew: 97225K->11795K(109248K)
[2019-04-15T13:30:10.776+0200][157,658s] GC(356) CMS: 121162K->122090K(393216K)
[2019-04-15T13:30:10.776+0200][157,658s] GC(356) Metaspace: 84782K->84782K(1126400K)
[2019-04-15T13:30:10.776+0200][157,658s] GC(356) Pause Young (Allocation Failure) 213M->130M(490M) 18,954ms
[2019-04-15T13:30:10.776+0200][157,658s] GC(356) User=0,05s Sys=0,00s Real=0,02s
[2019-04-15T13:30:11.168+0200][158,050s] GC(357) Pause Young (Allocation Failure)
[2019-04-15T13:30:11.168+0200][158,050s] GC(357) Using 4 workers of 4 for evacuation
[2019-04-15T13:30:11.199+0200][158,081s] GC(357) ParNew: 99219K->21824K(109248K)
[2019-04-15T13:30:11.199+0200][158,081s] GC(357) CMS: 122090K->182849K(393216K)
[2019-04-15T13:30:11.199+0200][158,081s] GC(357) Metaspace: 84782K->84782K(1126400K)
[2019-04-15T13:30:11.199+0200][158,081s] GC(357) Pause Young (Allocation Failure) 216M->199M(490M) 31,081ms
[2019-04-15T13:30:11.199+0200][158,081s] GC(357) User=0,07s Sys=0,00s Real=0,03s
[2019-04-15T13:30:11.319+0200][158,201s] GC(358) Pause Young (Allocation Failure)
[2019-04-15T13:30:11.319+0200][158,201s] GC(358) Using 4 workers of 4 for evacuation
[2019-04-15T13:30:11.369+0200][158,251s] GC(358) ParNew: 109248K->21824K(109248K)
[2019-04-15T13:30:11.370+0200][158,252s] GC(358) CMS: 182849K->188050K(393216K)
[2019-04-15T13:30:11.370+0200][158,252s] GC(358) Metaspace: 84783K->84783K(1126400K)
[2019-04-15T13:30:11.370+0200][158,252s] GC(358) Pause Young (Allocation Failure) 285M->204M(490M) 51,197ms
[2019-04-15T13:30:11.370+0200][158,252s] GC(358) User=0,09s Sys=0,00s Real=0,05s
[2019-04-15T13:30:11.594+0200][158,476s] GC(359) Pause Young (Allocation Failure)
[2019-04-15T13:30:11.594+0200][158,476s] GC(359) Using 4 workers of 4 for evacuation
[2019-04-15T13:30:11.613+0200][158,495s] GC(359) ParNew: 109248K->21824K(109248K)
[2019-04-15T13:30:11.613+0200][158,495s] GC(359) CMS: 188050K->207977K(393216K)
[2019-04-15T13:30:11.613+0200][158,495s] GC(359) Metaspace: 84783K->84783K(1126400K)
[2019-04-15T13:30:11.613+0200][158,495s] GC(359) Pause Young (Allocation Failure) 290M->224M(490M) 18,462ms
[2019-04-15T13:30:11.613+0200][158,495s] GC(359) User=0,03s Sys=0,00s Real=0,01s
[2019-04-15T13:30:11.613+0200][158,495s] GC(360) Pause Initial Mark
[2019-04-15T13:30:11.615+0200][158,497s] GC(360) Pause Initial Mark 225M->225M(490M) 1,974ms
[2019-04-15T13:30:11.615+0200][158,497s] GC(360) User=0,00s Sys=0,01s Real=0,00s
[2019-04-15T13:30:11.615+0200][158,497s] GC(360) Concurrent Mark
[2019-04-15T13:30:11.615+0200][158,497s] GC(360) Using 4 workers of 4 for marking
[2019-04-15T13:30:11.662+0200][158,544s] GC(360) Concurrent Mark 47,165ms
[2019-04-15T13:30:11.662+0200][158,544s] GC(360) User=0,15s Sys=0,00s Real=0,04s
[2019-04-15T13:30:11.662+0200][158,544s] GC(360) Concurrent Preclean
[2019-04-15T13:30:11.663+0200][158,545s] GC(360) Concurrent Preclean 0,937ms
[2019-04-15T13:30:11.663+0200][158,545s] GC(360) User=0,01s Sys=0,00s Real=0,00s
[2019-04-15T13:30:11.663+0200][158,545s] GC(360) Concurrent Abortable Preclean
[2019-04-15T13:30:11.953+0200][158,835s] GC(361) Pause Young (Allocation Failure)
[2019-04-15T13:30:11.953+0200][158,835s] GC(361) Using 4 workers of 4 for evacuation
[2019-04-15T13:30:11.991+0200][158,873s] GC(361) ParNew: 109248K->21824K(109248K)
[2019-04-15T13:30:11.991+0200][158,873s] GC(361) CMS: 207977K->287503K(393216K)
[2019-04-15T13:30:11.991+0200][158,873s] GC(361) Metaspace: 84783K->84783K(1126400K)
[2019-04-15T13:30:11.991+0200][158,873s] GC(361) Pause Young (Allocation Failure) 309M->302M(490M) 38,448ms
[2019-04-15T13:30:11.991+0200][158,873s] GC(361) User=0,08s Sys=0,00s Real=0,04s
[2019-04-15T13:30:11.991+0200][158,873s] GC(360) Concurrent Abortable Preclean 327,978ms
[2019-04-15T13:30:11.991+0200][158,873s] GC(360) User=0,22s Sys=0,17s Real=0,33s
[2019-04-15T13:30:11.991+0200][158,873s] GC(360) Pause Remark
[2019-04-15T13:30:11.991+0200][158,873s] GC(362) Pause Young (CMS Final Remark)
[2019-04-15T13:30:11.991+0200][158,873s] GC(362) Using 4 workers of 4 for evacuation
[2019-04-15T13:30:12.005+0200][158,887s] GC(362) ParNew: 23074K->21824K(109248K)
[2019-04-15T13:30:12.005+0200][158,887s] GC(362) CMS: 287503K->299461K(393216K)
[2019-04-15T13:30:12.005+0200][158,887s] GC(362) Metaspace: 84783K->84783K(1126400K)
[2019-04-15T13:30:12.005+0200][158,887s] GC(362) Pause Young (CMS Final Remark) 303M->313M(490M) 13,760ms
[2019-04-15T13:30:12.005+0200][158,887s] GC(362) User=0,03s Sys=0,00s Real=0,02s
[2019-04-15T13:30:12.048+0200][158,930s] GC(360) Pause Remark 303M->313M(490M) 56,643ms
[2019-04-15T13:30:12.048+0200][158,930s] GC(360) User=0,08s Sys=0,00s Real=0,06s
[2019-04-15T13:30:12.048+0200][158,930s] GC(360) Concurrent Sweep
[2019-04-15T13:30:12.106+0200][158,988s] GC(360) Concurrent Sweep 58,229ms
[2019-04-15T13:30:12.106+0200][158,988s] GC(360) User=0,14s Sys=0,00s Real=0,06s
[2019-04-15T13:30:12.106+0200][158,988s] GC(360) Concurrent Reset
[2019-04-15T13:30:12.107+0200][158,989s] GC(360) Concurrent Reset 0,425ms
[2019-04-15T13:30:12.107+0200][158,989s] GC(360) User=0,00s Sys=0,00s Real=0,00s
[2019-04-15T13:30:12.107+0200][158,989s] GC(360) Old: 207977K->256804K(393216K)
[2019-04-15T13:30:12.117+0200][158,999s] GC(363) Pause Young (Allocation Failure)
[2019-04-15T13:30:12.117+0200][158,999s] GC(363) Using 4 workers of 4 for evacuation
[2019-04-15T13:30:12.130+0200][159,012s] GC(363) ParNew: 109248K->12665K(109248K)
[2019-04-15T13:30:12.130+0200][159,012s] GC(363) CMS: 256804K->256804K(393216K)
[2019-04-15T13:30:12.130+0200][159,012s] GC(363) Metaspace: 84783K->84783K(1126400K)
[2019-04-15T13:30:12.130+0200][159,012s] GC(363) Pause Young (Allocation Failure) 357M->263M(490M) 13,095ms
[2019-04-15T13:30:12.130+0200][159,012s] GC(363) User=0,03s Sys=0,00s Real=0,01s
[2019-04-15T13:30:12.133+0200][159,015s] GC(364) Pause Initial Mark
[2019-04-15T13:30:12.135+0200][159,017s] GC(364) Pause Initial Mark 263M->263M(490M) 1,980ms
[2019-04-15T13:30:12.135+0200][159,017s] GC(364) User=0,00s Sys=0,00s Real=0,01s
[2019-04-15T13:30:12.135+0200][159,017s] GC(364) Concurrent Mark
[2019-04-15T13:30:12.135+0200][159,017s] GC(364) Using 4 workers of 4 for marking
[2019-04-15T13:30:12.204+0200][159,086s] GC(364) Concurrent Mark 69,088ms
[2019-04-15T13:30:12.204+0200][159,086s] GC(364) User=0,21s Sys=0,00s Real=0,06s
[2019-04-15T13:30:12.204+0200][159,086s] GC(364) Concurrent Preclean
[2019-04-15T13:30:12.206+0200][159,088s] GC(364) Concurrent Preclean 1,662ms
[2019-04-15T13:30:12.206+0200][159,088s] GC(364) User=0,00s Sys=0,00s Real=0,01s
[2019-04-15T13:30:12.206+0200][159,088s] GC(364) Concurrent Abortable Preclean
[2019-04-15T13:30:12.257+0200][159,139s] GC(365) Pause Young (Allocation Failure)
[2019-04-15T13:30:12.257+0200][159,139s] GC(365) Using 4 workers of 4 for evacuation
[2019-04-15T13:30:12.274+0200][159,156s] GC(365) ParNew: 100089K->18696K(109248K)
[2019-04-15T13:30:12.274+0200][159,156s] GC(365) CMS: 256804K->256804K(393216K)
[2019-04-15T13:30:12.274+0200][159,156s] GC(365) Metaspace: 84786K->84786K(1126400K)
[2019-04-15T13:30:12.274+0200][159,156s] GC(365) Pause Young (Allocation Failure) 348M->269M(490M) 16,613ms
[2019-04-15T13:30:12.274+0200][159,156s] GC(365) User=0,03s Sys=0,00s Real=0,02s
[2019-04-15T13:30:12.490+0200][159,372s] GC(366) Pause Young (Allocation Failure)
[2019-04-15T13:30:12.491+0200][159,373s] GC(366) Using 4 workers of 4 for evacuation
[2019-04-15T13:30:12.518+0200][159,400s] GC(366) ParNew: 105723K->17878K(109248K)
[2019-04-15T13:30:12.518+0200][159,400s] GC(366) CMS: 256804K->256804K(393216K)
[2019-04-15T13:30:12.518+0200][159,400s] GC(366) Metaspace: 84788K->84788K(1126400K)
[2019-04-15T13:30:12.519+0200][159,401s] GC(366) Pause Young (Allocation Failure) 354M->268M(490M) 28,092ms
[2019-04-15T13:30:12.519+0200][159,401s] GC(366) User=0,08s Sys=0,00s Real=0,03s
[2019-04-15T13:30:12.521+0200][159,403s] GC(364) Concurrent Abortable Preclean 315,506ms
[2019-04-15T13:30:12.521+0200][159,403s] GC(364) User=0,68s Sys=0,00s Real=0,31s
[2019-04-15T13:30:12.525+0200][159,407s] GC(364) Pause Remark
[2019-04-15T13:30:12.525+0200][159,407s] GC(367) Pause Young (CMS Final Remark)
[2019-04-15T13:30:12.525+0200][159,407s] GC(367) Using 4 workers of 4 for evacuation
[2019-04-15T13:30:12.544+0200][159,426s] GC(367) ParNew: 22797K->14194K(109248K)
[2019-04-15T13:30:12.544+0200][159,426s] GC(367) CMS: 256804K->256804K(393216K)
[2019-04-15T13:30:12.544+0200][159,426s] GC(367) Metaspace: 84788K->84788K(1126400K)
[2019-04-15T13:30:12.544+0200][159,426s] GC(367) Pause Young (CMS Final Remark) 273M->264M(490M) 18,959ms
[2019-04-15T13:30:12.544+0200][159,426s] GC(367) User=0,05s Sys=0,00s Real=0,01s
[2019-04-15T13:30:12.620+0200][159,502s] GC(364) Pause Remark 273M->264M(490M) 94,924ms
[2019-04-15T13:30:12.620+0200][159,502s] GC(364) User=0,21s Sys=0,00s Real=0,09s
[2019-04-15T13:30:12.630+0200][159,512s] GC(364) Concurrent Sweep
[2019-04-15T13:30:12.724+0200][159,606s] GC(364) Concurrent Sweep 93,639ms
[2019-04-15T13:30:12.724+0200][159,606s] GC(364) User=0,19s Sys=0,00s Real=0,09s
[2019-04-15T13:30:12.724+0200][159,606s] GC(364) Concurrent Reset
[2019-04-15T13:30:12.724+0200][159,606s] GC(364) Concurrent Reset 0,437ms
[2019-04-15T13:30:12.725+0200][159,607s] GC(364) User=0,00s Sys=0,00s Real=0,00s
[2019-04-15T13:30:12.725+0200][159,607s] GC(364) Old: 256804K->209690K(393216K)
[2019-04-15T13:30:12.766+0200][159,648s] GC(368) Pause Young (Allocation Failure)
[2019-04-15T13:30:12.766+0200][159,648s] GC(368) Using 4 workers of 4 for evacuation
[2019-04-15T13:30:12.787+0200][159,669s] GC(368) ParNew: 101618K->21824K(109248K)
[2019-04-15T13:30:12.787+0200][159,669s] GC(368) CMS: 209690K->209851K(393216K)
[2019-04-15T13:30:12.787+0200][159,669s] GC(368) Metaspace: 84788K->84788K(1126400K)
[2019-04-15T13:30:12.787+0200][159,669s] GC(368) Pause Young (Allocation Failure) 304M->226M(490M) 20,544ms
[2019-04-15T13:30:12.787+0200][159,669s] GC(368) User=0,06s Sys=0,00s Real=0,02s
[2019-04-15T13:30:12.789+0200][159,671s] GC(369) Pause Initial Mark
[2019-04-15T13:30:12.792+0200][159,674s] GC(369) Pause Initial Mark 228M->228M(490M) 3,010ms
[2019-04-15T13:30:12.792+0200][159,674s] GC(369) User=0,01s Sys=0,00s Real=0,00s
[2019-04-15T13:30:12.792+0200][159,674s] GC(369) Concurrent Mark
[2019-04-15T13:30:12.792+0200][159,674s] GC(369) Using 4 workers of 4 for marking
[2019-04-15T13:30:12.870+0200][159,752s] GC(369) Concurrent Mark 77,915ms
[2019-04-15T13:30:12.870+0200][159,752s] GC(369) User=0,27s Sys=0,00s Real=0,08s
[2019-04-15T13:30:12.870+0200][159,752s] GC(369) Concurrent Preclean
[2019-04-15T13:30:12.871+0200][159,753s] GC(369) Concurrent Preclean 1,264ms
[2019-04-15T13:30:12.871+0200][159,753s] GC(369) User=0,00s Sys=0,00s Real=0,00s
[2019-04-15T13:30:12.871+0200][159,753s] GC(369) Concurrent Abortable Preclean
[2019-04-15T13:30:12.943+0200][159,825s] GC(370) Pause Young (Allocation Failure)
[2019-04-15T13:30:12.943+0200][159,825s] GC(370) Using 4 workers of 4 for evacuation
[2019-04-15T13:30:12.963+0200][159,845s] GC(370) ParNew: 109248K->14957K(109248K)
[2019-04-15T13:30:12.963+0200][159,845s] GC(370) CMS: 209851K->215454K(393216K)
[2019-04-15T13:30:12.963+0200][159,845s] GC(370) Metaspace: 84788K->84788K(1126400K)
[2019-04-15T13:30:12.963+0200][159,845s] GC(370) Pause Young (Allocation Failure) 311M->225M(490M) 20,795ms
[2019-04-15T13:30:12.963+0200][159,845s] GC(370) User=0,04s Sys=0,00s Real=0,02s
[2019-04-15T13:30:13.091+0200][159,973s] GC(371) Pause Young (Allocation Failure)
[2019-04-15T13:30:13.092+0200][159,974s] GC(371) Using 4 workers of 4 for evacuation
[2019-04-15T13:30:13.102+0200][159,984s] GC(371) ParNew: 102381K->9691K(109248K)
[2019-04-15T13:30:13.102+0200][159,984s] GC(371) CMS: 215454K->218279K(393216K)
[2019-04-15T13:30:13.102+0200][159,984s] GC(371) Metaspace: 84788K->84788K(1126400K)
[2019-04-15T13:30:13.102+0200][159,984s] GC(371) Pause Young (Allocation Failure) 310M->222M(490M) 10,299ms
[2019-04-15T13:30:13.102+0200][159,984s] GC(371) User=0,03s Sys=0,00s Real=0,01s
[2019-04-15T13:30:13.208+0200][160,090s] GC(372) Pause Young (Allocation Failure)
[2019-04-15T13:30:13.208+0200][160,090s] GC(372) Using 4 workers of 4 for evacuation
[2019-04-15T13:30:13.218+0200][160,100s] GC(372) ParNew: 97115K->7968K(109248K)
[2019-04-15T13:30:13.218+0200][160,100s] GC(372) CMS: 218279K->218279K(393216K)
[2019-04-15T13:30:13.218+0200][160,100s] GC(372) Metaspace: 84788K->84788K(1126400K)
[2019-04-15T13:30:13.218+0200][160,100s] GC(372) Pause Young (Allocation Failure) 308M->220M(490M) 10,851ms
[2019-04-15T13:30:13.218+0200][160,100s] GC(372) User=0,03s Sys=0,00s Real=0,01s
[2019-04-15T13:30:13.301+0200][160,183s] GC(373) Pause Young (Allocation Failure)
[2019-04-15T13:30:13.301+0200][160,183s] GC(373) Using 4 workers of 4 for evacuation
[2019-04-15T13:30:13.318+0200][160,200s] GC(373) ParNew: 95392K->11510K(109248K)
[2019-04-15T13:30:13.318+0200][160,200s] GC(373) CMS: 218279K->218688K(393216K)
[2019-04-15T13:30:13.318+0200][160,200s] GC(373) Metaspace: 84788K->84788K(1126400K)
[2019-04-15T13:30:13.318+0200][160,200s] GC(373) Pause Young (Allocation Failure) 306M->224M(490M) 17,012ms
[2019-04-15T13:30:13.318+0200][160,200s] GC(373) User=0,03s Sys=0,00s Real=0,02s
[2019-04-15T13:30:13.318+0200][160,200s] GC(369) Concurrent Abortable Preclean 447,078ms
[2019-04-15T13:30:13.318+0200][160,200s] GC(369) User=0,74s Sys=0,00s Real=0,45s
[2019-04-15T13:30:13.319+0200][160,201s] GC(369) Pause Remark
[2019-04-15T13:30:13.319+0200][160,201s] GC(374) Pause Young (CMS Final Remark)
[2019-04-15T13:30:13.319+0200][160,201s] GC(374) Using 4 workers of 4 for evacuation
[2019-04-15T13:30:13.328+0200][160,210s] GC(374) ParNew: 13185K->8699K(109248K)
[2019-04-15T13:30:13.328+0200][160,210s] GC(374) CMS: 218688K->218870K(393216K)
[2019-04-15T13:30:13.328+0200][160,210s] GC(374) Metaspace: 84788K->84788K(1126400K)
[2019-04-15T13:30:13.328+0200][160,210s] GC(374) Pause Young (CMS Final Remark) 226M->222M(490M) 9,712ms
[2019-04-15T13:30:13.328+0200][160,210s] GC(374) User=0,02s Sys=0,00s Real=0,01s
[2019-04-15T13:30:13.367+0200][160,249s] GC(369) Pause Remark 226M->222M(490M) 48,003ms
[2019-04-15T13:30:13.367+0200][160,249s] GC(369) User=0,07s Sys=0,00s Real=0,05s
[2019-04-15T13:30:13.367+0200][160,249s] GC(369) Concurrent Sweep
[2019-04-15T13:30:13.411+0200][160,293s] GC(369) Concurrent Sweep 44,581ms
[2019-04-15T13:30:13.411+0200][160,293s] GC(369) User=0,09s Sys=0,00s Real=0,04s
[2019-04-15T13:30:13.411+0200][160,293s] GC(369) Concurrent Reset
[2019-04-15T13:30:13.412+0200][160,294s] GC(369) Concurrent Reset 0,367ms
[2019-04-15T13:30:13.412+0200][160,294s] GC(369) User=0,00s Sys=0,00s Real=0,00s
[2019-04-15T13:30:13.412+0200][160,294s] GC(369) Old: 209851K->180989K(393216K)
[2019-04-15T13:30:13.447+0200][160,329s] GC(375) Pause Young (Allocation Failure)
[2019-04-15T13:30:13.447+0200][160,329s] GC(375) Using 4 workers of 4 for evacuation
[2019-04-15T13:30:13.461+0200][160,343s] GC(375) ParNew: 96123K->8038K(109248K)
[2019-04-15T13:30:13.461+0200][160,343s] GC(375) CMS: 180989K->181912K(393216K)
[2019-04-15T13:30:13.461+0200][160,343s] GC(375) Metaspace: 84788K->84788K(1126400K)
[2019-04-15T13:30:13.461+0200][160,343s] GC(375) Pause Young (Allocation Failure) 270M->185M(490M) 14,496ms
[2019-04-15T13:30:13.461+0200][160,343s] GC(375) User=0,04s Sys=0,00s Real=0,01s
[2019-04-15T13:30:13.708+0200][160,590s] GC(376) Pause Young (Allocation Failure)
[2019-04-15T13:30:13.708+0200][160,590s] GC(376) Using 4 workers of 4 for evacuation
[2019-04-15T13:30:13.726+0200][160,608s] GC(376) ParNew: 95462K->21824K(109248K)
[2019-04-15T13:30:13.726+0200][160,608s] GC(376) CMS: 181912K->192116K(393216K)
[2019-04-15T13:30:13.726+0200][160,608s] GC(376) Metaspace: 84789K->84789K(1126400K)
[2019-04-15T13:30:13.726+0200][160,608s] GC(376) Pause Young (Allocation Failure) 270M->208M(490M) 17,521ms
[2019-04-15T13:30:13.726+0200][160,608s] GC(376) User=0,03s Sys=0,00s Real=0,02s
[2019-04-15T13:30:13.830+0200][160,712s] GC(377) Pause Young (Allocation Failure)
[2019-04-15T13:30:13.830+0200][160,712s] GC(377) Using 4 workers of 4 for evacuation
[2019-04-15T13:30:13.856+0200][160,738s] GC(377) ParNew: 109248K->21824K(109248K)
[2019-04-15T13:30:13.856+0200][160,738s] GC(377) CMS: 192116K->228532K(393216K)
[2019-04-15T13:30:13.856+0200][160,738s] GC(377) Metaspace: 84789K->84789K(1126400K)
[2019-04-15T13:30:13.856+0200][160,738s] GC(377) Pause Young (Allocation Failure) 294M->244M(490M) 26,591ms
[2019-04-15T13:30:13.856+0200][160,738s] GC(377) User=0,07s Sys=0,00s Real=0,03s
[2019-04-15T13:30:13.857+0200][160,739s] GC(378) Pause Initial Mark
[2019-04-15T13:30:13.860+0200][160,742s] GC(378) Pause Initial Mark 245M->245M(490M) 2,649ms
[2019-04-15T13:30:13.860+0200][160,742s] GC(378) User=0,01s Sys=0,00s Real=0,00s
[2019-04-15T13:30:13.860+0200][160,742s] GC(378) Concurrent Mark
[2019-04-15T13:30:13.860+0200][160,742s] GC(378) Using 4 workers of 4 for marking
[2019-04-15T13:30:13.947+0200][160,829s] GC(378) Concurrent Mark 87,232ms
[2019-04-15T13:30:13.947+0200][160,829s] GC(378) User=0,22s Sys=0,00s Real=0,09s
[2019-04-15T13:30:13.947+0200][160,829s] GC(378) Concurrent Preclean
[2019-04-15T13:30:13.948+0200][160,830s] GC(378) Concurrent Preclean 1,370ms
[2019-04-15T13:30:13.948+0200][160,830s] GC(378) User=0,00s Sys=0,00s Real=0,00s
[2019-04-15T13:30:13.948+0200][160,830s] GC(378) Concurrent Abortable Preclean
[2019-04-15T13:30:14.005+0200][160,887s] GC(379) Pause Young (Allocation Failure)
[2019-04-15T13:30:14.005+0200][160,887s] GC(379) Using 4 workers of 4 for evacuation
[2019-04-15T13:30:14.036+0200][160,918s] GC(379) ParNew: 109248K->19703K(109248K)
[2019-04-15T13:30:14.036+0200][160,918s] GC(379) CMS: 228532K->249111K(393216K)
[2019-04-15T13:30:14.036+0200][160,918s] GC(379) Metaspace: 84789K->84789K(1126400K)
[2019-04-15T13:30:14.036+0200][160,918s] GC(379) Pause Young (Allocation Failure) 329M->262M(490M) 30,738ms
[2019-04-15T13:30:14.036+0200][160,918s] GC(379) User=0,06s Sys=0,00s Real=0,03s
[2019-04-15T13:30:14.123+0200][161,005s] GC(380) Pause Young (Allocation Failure)
[2019-04-15T13:30:14.123+0200][161,005s] GC(380) Using 4 workers of 4 for evacuation
[2019-04-15T13:30:14.130+0200][161,012s] GC(380) ParNew: 107127K->5059K(109248K)
[2019-04-15T13:30:14.130+0200][161,012s] GC(380) CMS: 249111K->249111K(393216K)
[2019-04-15T13:30:14.130+0200][161,012s] GC(380) Metaspace: 84789K->84789K(1126400K)
[2019-04-15T13:30:14.130+0200][161,013s] GC(380) Pause Young (Allocation Failure) 347M->248M(490M) 7,821ms
[2019-04-15T13:30:14.131+0200][161,013s] GC(380) User=0,01s Sys=0,00s Real=0,01s
[2019-04-15T13:30:14.224+0200][161,106s] GC(381) Pause Young (Allocation Failure)
[2019-04-15T13:30:14.224+0200][161,106s] GC(381) Using 4 workers of 4 for evacuation
[2019-04-15T13:30:14.241+0200][161,123s] GC(381) ParNew: 92483K->3186K(109248K)
[2019-04-15T13:30:14.241+0200][161,123s] GC(381) CMS: 249111K->249111K(393216K)
[2019-04-15T13:30:14.241+0200][161,123s] GC(381) Metaspace: 84790K->84790K(1126400K)
[2019-04-15T13:30:14.241+0200][161,123s] GC(381) Pause Young (Allocation Failure) 333M->246M(490M) 17,401ms
[2019-04-15T13:30:14.241+0200][161,123s] GC(381) User=0,05s Sys=0,00s Real=0,02s
[2019-04-15T13:30:14.320+0200][161,202s] GC(382) Pause Young (Allocation Failure)
[2019-04-15T13:30:14.320+0200][161,202s] GC(382) Using 4 workers of 4 for evacuation
[2019-04-15T13:30:14.330+0200][161,212s] GC(382) ParNew: 90610K->2724K(109248K)
[2019-04-15T13:30:14.330+0200][161,212s] GC(382) CMS: 249111K->249111K(393216K)
[2019-04-15T13:30:14.330+0200][161,212s] GC(382) Metaspace: 84790K->84790K(1126400K)
[2019-04-15T13:30:14.330+0200][161,212s] GC(382) Pause Young (Allocation Failure) 331M->245M(490M) 10,287ms
[2019-04-15T13:30:14.330+0200][161,212s] GC(382) User=0,03s Sys=0,00s Real=0,01s
[2019-04-15T13:30:14.404+0200][161,286s] GC(383) Pause Young (Allocation Failure)
[2019-04-15T13:30:14.404+0200][161,286s] GC(383) Using 4 workers of 4 for evacuation
[2019-04-15T13:30:14.417+0200][161,299s] GC(383) ParNew: 90148K->4622K(109248K)
[2019-04-15T13:30:14.417+0200][161,299s] GC(383) CMS: 249111K->249111K(393216K)
[2019-04-15T13:30:14.417+0200][161,299s] GC(383) Metaspace: 84790K->84790K(1126400K)
[2019-04-15T13:30:14.417+0200][161,299s] GC(383) Pause Young (Allocation Failure) 331M->247M(490M) 12,827ms
[2019-04-15T13:30:14.417+0200][161,299s] GC(383) User=0,03s Sys=0,00s Real=0,02s
[2019-04-15T13:30:14.501+0200][161,383s] GC(384) Pause Young (Allocation Failure)
[2019-04-15T13:30:14.501+0200][161,383s] GC(384) Using 4 workers of 4 for evacuation
[2019-04-15T13:30:14.511+0200][161,393s] GC(384) ParNew: 92046K->4559K(109248K)
[2019-04-15T13:30:14.511+0200][161,393s] GC(384) CMS: 249111K->249111K(393216K)
[2019-04-15T13:30:14.511+0200][161,393s] GC(384) Metaspace: 84790K->84790K(1126400K)
[2019-04-15T13:30:14.511+0200][161,393s] GC(384) Pause Young (Allocation Failure) 333M->247M(490M) 9,962ms
[2019-04-15T13:30:14.511+0200][161,393s] GC(384) User=0,02s Sys=0,00s Real=0,01s
[2019-04-15T13:30:14.616+0200][161,498s] GC(385) Pause Young (Allocation Failure)
[2019-04-15T13:30:14.616+0200][161,498s] GC(385) Using 4 workers of 4 for evacuation
[2019-04-15T13:30:14.628+0200][161,510s] GC(385) ParNew: 91983K->5147K(109248K)
[2019-04-15T13:30:14.628+0200][161,510s] GC(385) CMS: 249111K->249111K(393216K)
[2019-04-15T13:30:14.628+0200][161,510s] GC(385) Metaspace: 84790K->84790K(1126400K)
[2019-04-15T13:30:14.628+0200][161,510s] GC(385) Pause Young (Allocation Failure) 333M->248M(490M) 11,965ms
[2019-04-15T13:30:14.628+0200][161,510s] GC(385) User=0,02s Sys=0,00s Real=0,01s
[2019-04-15T13:30:14.628+0200][161,510s] GC(378) Concurrent Abortable Preclean 679,519ms
[2019-04-15T13:30:14.628+0200][161,510s] GC(378) User=1,21s Sys=0,00s Real=0,68s
[2019-04-15T13:30:14.629+0200][161,511s] GC(378) Pause Remark
[2019-04-15T13:30:14.629+0200][161,511s] GC(386) Pause Young (CMS Final Remark)
[2019-04-15T13:30:14.629+0200][161,511s] GC(386) Using 4 workers of 4 for evacuation
[2019-04-15T13:30:14.637+0200][161,519s] GC(386) ParNew: 6871K->5421K(109248K)
[2019-04-15T13:30:14.637+0200][161,519s] GC(386) CMS: 249111K->249111K(393216K)
[2019-04-15T13:30:14.637+0200][161,519s] GC(386) Metaspace: 84790K->84790K(1126400K)
[2019-04-15T13:30:14.637+0200][161,519s] GC(386) Pause Young (CMS Final Remark) 249M->248M(490M) 8,373ms
[2019-04-15T13:30:14.637+0200][161,519s] GC(386) User=0,02s Sys=0,00s Real=0,01s
[2019-04-15T13:30:14.689+0200][161,571s] GC(378) Pause Remark 249M->248M(490M) 59,946ms
[2019-04-15T13:30:14.689+0200][161,571s] GC(378) User=0,08s Sys=0,00s Real=0,06s
[2019-04-15T13:30:14.689+0200][161,571s] GC(378) Concurrent Sweep
[2019-04-15T13:30:14.735+0200][161,617s] GC(378) Concurrent Sweep 46,049ms
[2019-04-15T13:30:14.735+0200][161,617s] GC(378) User=0,09s Sys=0,00s Real=0,05s
[2019-04-15T13:30:14.735+0200][161,617s] GC(378) Concurrent Reset
[2019-04-15T13:30:14.736+0200][161,618s] GC(378) Concurrent Reset 0,464ms
[2019-04-15T13:30:14.736+0200][161,618s] GC(378) User=0,00s Sys=0,00s Real=0,00s
[2019-04-15T13:30:14.736+0200][161,618s] GC(378) Old: 228532K->246303K(393216K)
[2019-04-15T13:30:14.769+0200][161,651s] GC(387) Pause Young (Allocation Failure)
[2019-04-15T13:30:14.769+0200][161,651s] GC(387) Using 4 workers of 4 for evacuation
[2019-04-15T13:30:14.779+0200][161,661s] GC(387) ParNew: 92845K->6007K(109248K)
[2019-04-15T13:30:14.779+0200][161,661s] GC(387) CMS: 246303K->247006K(393216K)
[2019-04-15T13:30:14.779+0200][161,661s] GC(387) Metaspace: 84790K->84790K(1126400K)
[2019-04-15T13:30:14.779+0200][161,661s] GC(387) Pause Young (Allocation Failure) 331M->247M(490M) 9,510ms
[2019-04-15T13:30:14.779+0200][161,661s] GC(387) User=0,02s Sys=0,00s Real=0,01s
[2019-04-15T13:30:14.780+0200][161,662s] GC(388) Pause Initial Mark
[2019-04-15T13:30:14.782+0200][161,664s] GC(388) Pause Initial Mark 248M->248M(490M) 2,606ms
[2019-04-15T13:30:14.783+0200][161,665s] GC(388) User=0,01s Sys=0,00s Real=0,00s
[2019-04-15T13:30:14.783+0200][161,665s] GC(388) Concurrent Mark
[2019-04-15T13:30:14.783+0200][161,665s] GC(388) Using 4 workers of 4 for marking
[2019-04-15T13:30:14.865+0200][161,747s] GC(388) Concurrent Mark 81,849ms
[2019-04-15T13:30:14.865+0200][161,747s] GC(388) User=0,23s Sys=0,00s Real=0,08s
[2019-04-15T13:30:14.865+0200][161,747s] GC(388) Concurrent Preclean
[2019-04-15T13:30:14.866+0200][161,748s] GC(388) Concurrent Preclean 1,462ms
[2019-04-15T13:30:14.866+0200][161,748s] GC(388) User=0,00s Sys=0,00s Real=0,01s
[2019-04-15T13:30:14.866+0200][161,748s] GC(388) Concurrent Abortable Preclean
[2019-04-15T13:30:14.891+0200][161,773s] GC(389) Pause Young (Allocation Failure)
[2019-04-15T13:30:14.891+0200][161,773s] GC(389) Using 4 workers of 4 for evacuation
[2019-04-15T13:30:14.901+0200][161,783s] GC(389) ParNew: 93431K->6017K(109248K)
[2019-04-15T13:30:14.901+0200][161,783s] GC(389) CMS: 247006K->247019K(393216K)
[2019-04-15T13:30:14.901+0200][161,783s] GC(389) Metaspace: 84790K->84790K(1126400K)
[2019-04-15T13:30:14.902+0200][161,784s] GC(389) Pause Young (Allocation Failure) 332M->247M(490M) 10,694ms
[2019-04-15T13:30:14.902+0200][161,784s] GC(389) User=0,02s Sys=0,00s Real=0,01s
[2019-04-15T13:30:14.964+0200][161,846s] GC(390) Pause Young (Allocation Failure)
[2019-04-15T13:30:14.964+0200][161,846s] GC(390) Using 4 workers of 4 for evacuation
[2019-04-15T13:30:14.975+0200][161,857s] GC(390) ParNew: 93441K->5005K(109248K)
[2019-04-15T13:30:14.975+0200][161,857s] GC(390) CMS: 247019K->247440K(393216K)
[2019-04-15T13:30:14.975+0200][161,857s] GC(390) Metaspace: 84790K->84790K(1126400K)
[2019-04-15T13:30:14.975+0200][161,857s] GC(390) Pause Young (Allocation Failure) 332M->246M(490M) 11,648ms
[2019-04-15T13:30:14.975+0200][161,857s] GC(390) User=0,03s Sys=0,00s Real=0,02s
[2019-04-15T13:30:15.046+0200][161,928s] GC(391) Pause Young (Allocation Failure)
[2019-04-15T13:30:15.046+0200][161,928s] GC(391) Using 4 workers of 4 for evacuation
[2019-04-15T13:30:15.057+0200][161,939s] GC(391) ParNew: 92429K->6242K(109248K)
[2019-04-15T13:30:15.057+0200][161,939s] GC(391) CMS: 247440K->247486K(393216K)
[2019-04-15T13:30:15.057+0200][161,939s] GC(391) Metaspace: 84790K->84790K(1126400K)
[2019-04-15T13:30:15.057+0200][161,939s] GC(391) Pause Young (Allocation Failure) 331M->247M(490M) 11,697ms
[2019-04-15T13:30:15.057+0200][161,939s] GC(391) User=0,03s Sys=0,00s Real=0,01s
[2019-04-15T13:30:15.057+0200][161,939s] GC(388) Concurrent Abortable Preclean 191,015ms
[2019-04-15T13:30:15.057+0200][161,939s] GC(388) User=0,30s Sys=0,00s Real=0,19s
[2019-04-15T13:30:15.060+0200][161,942s] GC(388) Pause Remark
[2019-04-15T13:30:15.060+0200][161,942s] GC(392) Pause Young (CMS Final Remark)
[2019-04-15T13:30:15.060+0200][161,942s] GC(392) Using 4 workers of 4 for evacuation
[2019-04-15T13:30:15.078+0200][161,960s] GC(392) ParNew: 7987K->5101K(109248K)
[2019-04-15T13:30:15.078+0200][161,960s] GC(392) CMS: 247486K->247538K(393216K)
[2019-04-15T13:30:15.078+0200][161,960s] GC(392) Metaspace: 84790K->84790K(1126400K)
[2019-04-15T13:30:15.078+0200][161,960s] GC(392) Pause Young (CMS Final Remark) 249M->246M(490M) 18,019ms
[2019-04-15T13:30:15.078+0200][161,960s] GC(392) User=0,02s Sys=0,00s Real=0,02s
[2019-04-15T13:30:15.124+0200][162,006s] GC(388) Pause Remark 249M->246M(490M) 63,731ms
[2019-04-15T13:30:15.124+0200][162,006s] GC(388) User=0,08s Sys=0,00s Real=0,06s
[2019-04-15T13:30:15.124+0200][162,006s] GC(388) Concurrent Sweep
[2019-04-15T13:30:15.173+0200][162,055s] GC(388) Concurrent Sweep 49,476ms
[2019-04-15T13:30:15.173+0200][162,055s] GC(388) User=0,10s Sys=0,00s Real=0,06s
[2019-04-15T13:30:15.173+0200][162,055s] GC(388) Concurrent Reset
[2019-04-15T13:30:15.174+0200][162,056s] GC(388) Concurrent Reset 0,418ms
[2019-04-15T13:30:15.174+0200][162,056s] GC(388) User=0,00s Sys=0,00s Real=0,00s
[2019-04-15T13:30:15.174+0200][162,056s] GC(388) Old: 247006K->166815K(393216K)
[2019-04-15T13:30:15.188+0200][162,070s] GC(393) Pause Young (Allocation Failure)
[2019-04-15T13:30:15.188+0200][162,070s] GC(393) Using 4 workers of 4 for evacuation
[2019-04-15T13:30:15.199+0200][162,081s] GC(393) ParNew: 92525K->5474K(109248K)
[2019-04-15T13:30:15.199+0200][162,081s] GC(393) CMS: 166815K->167278K(393216K)
[2019-04-15T13:30:15.199+0200][162,081s] GC(393) Metaspace: 84790K->84790K(1126400K)
[2019-04-15T13:30:15.199+0200][162,081s] GC(393) Pause Young (Allocation Failure) 253M->168M(490M) 10,570ms
[2019-04-15T13:30:15.199+0200][162,081s] GC(393) User=0,02s Sys=0,00s Real=0,01s
[2019-04-15T13:30:15.262+0200][162,144s] GC(394) Pause Young (Allocation Failure)
[2019-04-15T13:30:15.262+0200][162,144s] GC(394) Using 4 workers of 4 for evacuation
[2019-04-15T13:30:15.273+0200][162,155s] GC(394) ParNew: 92898K->6596K(109248K)
[2019-04-15T13:30:15.273+0200][162,155s] GC(394) CMS: 167278K->167701K(393216K)
[2019-04-15T13:30:15.273+0200][162,155s] GC(394) Metaspace: 84790K->84790K(1126400K)
[2019-04-15T13:30:15.273+0200][162,155s] GC(394) Pause Young (Allocation Failure) 254M->170M(490M) 11,104ms
[2019-04-15T13:30:15.273+0200][162,155s] GC(394) User=0,03s Sys=0,00s Real=0,02s
[2019-04-15T13:30:15.351+0200][162,233s] GC(395) Pause Young (Allocation Failure)
[2019-04-15T13:30:15.351+0200][162,233s] GC(395) Using 4 workers of 4 for evacuation
[2019-04-15T13:30:15.361+0200][162,243s] GC(395) ParNew: 94020K->5929K(109248K)
[2019-04-15T13:30:15.361+0200][162,243s] GC(395) CMS: 167701K->167701K(393216K)
[2019-04-15T13:30:15.361+0200][162,243s] GC(395) Metaspace: 84790K->84790K(1126400K)
[2019-04-15T13:30:15.361+0200][162,243s] GC(395) Pause Young (Allocation Failure) 255M->169M(490M) 9,567ms
[2019-04-15T13:30:15.361+0200][162,243s] GC(395) User=0,03s Sys=0,00s Real=0,01s
[2019-04-15T13:30:15.434+0200][162,316s] GC(396) Pause Young (Allocation Failure)
[2019-04-15T13:30:15.434+0200][162,316s] GC(396) Using 4 workers of 4 for evacuation
[2019-04-15T13:30:15.446+0200][162,328s] GC(396) ParNew: 93353K->5489K(109248K)
[2019-04-15T13:30:15.446+0200][162,328s] GC(396) CMS: 167701K->168146K(393216K)
[2019-04-15T13:30:15.446+0200][162,328s] GC(396) Metaspace: 84790K->84790K(1126400K)
[2019-04-15T13:30:15.446+0200][162,328s] GC(396) Pause Young (Allocation Failure) 254M->169M(490M) 12,404ms
[2019-04-15T13:30:15.447+0200][162,329s] GC(396) User=0,02s Sys=0,00s Real=0,01s
[2019-04-15T13:30:15.720+0200][162,602s] GC(397) Pause Young (Allocation Failure)
[2019-04-15T13:30:15.720+0200][162,602s] GC(397) Using 4 workers of 4 for evacuation
[2019-04-15T13:30:15.743+0200][162,625s] GC(397) ParNew: 92913K->21824K(109248K)
[2019-04-15T13:30:15.743+0200][162,625s] GC(397) CMS: 168146K->185801K(393216K)
[2019-04-15T13:30:15.743+0200][162,625s] GC(397) Metaspace: 84791K->84791K(1126400K)
[2019-04-15T13:30:15.744+0200][162,626s] GC(397) Pause Young (Allocation Failure) 254M->202M(490M) 23,489ms
[2019-04-15T13:30:15.744+0200][162,626s] GC(397) User=0,05s Sys=0,00s Real=0,02s
[2019-04-15T13:30:16.242+0200][163,124s] GC(398) Pause Young (Allocation Failure)
[2019-04-15T13:30:16.242+0200][163,124s] GC(398) Using 4 workers of 4 for evacuation
[2019-04-15T13:30:16.292+0200][163,174s] GC(398) ParNew: 109248K->21824K(109248K)
[2019-04-15T13:30:16.292+0200][163,175s] GC(398) CMS: 185801K->266297K(393216K)
[2019-04-15T13:30:16.293+0200][163,175s] GC(398) Metaspace: 84791K->84791K(1126400K)
[2019-04-15T13:30:16.293+0200][163,175s] GC(398) Pause Young (Allocation Failure) 288M->281M(490M) 50,591ms
[2019-04-15T13:30:16.293+0200][163,175s] GC(398) User=0,07s Sys=0,00s Real=0,05s
[2019-04-15T13:30:16.293+0200][163,175s] GC(399) Pause Initial Mark
[2019-04-15T13:30:16.295+0200][163,177s] GC(399) Pause Initial Mark 282M->282M(490M) 1,854ms
[2019-04-15T13:30:16.295+0200][163,177s] GC(399) User=0,00s Sys=0,00s Real=0,00s
[2019-04-15T13:30:16.295+0200][163,177s] GC(399) Concurrent Mark
[2019-04-15T13:30:16.295+0200][163,177s] GC(399) Using 4 workers of 4 for marking
[2019-04-15T13:30:16.365+0200][163,247s] GC(399) Concurrent Mark 69,943ms
[2019-04-15T13:30:16.365+0200][163,247s] GC(399) User=0,16s Sys=0,02s Real=0,07s
[2019-04-15T13:30:16.365+0200][163,247s] GC(399) Concurrent Preclean
[2019-04-15T13:30:16.366+0200][163,248s] GC(399) Concurrent Preclean 1,321ms
[2019-04-15T13:30:16.366+0200][163,248s] GC(399) User=0,00s Sys=0,00s Real=0,00s
[2019-04-15T13:30:16.366+0200][163,248s] GC(399) Concurrent Abortable Preclean
[2019-04-15T13:30:16.822+0200][163,704s] GC(400) Pause Young (Allocation Failure)
[2019-04-15T13:30:16.822+0200][163,704s] GC(400) Using 4 workers of 4 for evacuation
[2019-04-15T13:30:16.888+0200][163,770s] GC(399) Concurrent Abortable Preclean 521,239ms
[2019-04-15T13:30:16.888+0200][163,770s] GC(399) User=0,28s Sys=0,22s Real=0,52s
[2019-04-15T13:30:16.895+0200][163,777s] GC(400) ParNew: 109248K->21824K(109248K)
[2019-04-15T13:30:16.895+0200][163,777s] GC(400) CMS: 266297K->357749K(393216K)
[2019-04-15T13:30:16.895+0200][163,777s] GC(400) Metaspace: 84791K->84791K(1126400K)
[2019-04-15T13:30:16.895+0200][163,777s] GC(400) Pause Young (Allocation Failure) 366M->370M(490M) 73,039ms
[2019-04-15T13:30:16.895+0200][163,777s] GC(400) User=0,12s Sys=0,01s Real=0,08s
[2019-04-15T13:30:16.901+0200][163,783s] GC(399) Pause Remark
[2019-04-15T13:30:16.901+0200][163,783s] GC(401) Pause Young (CMS Final Remark)
[2019-04-15T13:30:16.901+0200][163,783s] GC(401) Using 4 workers of 4 for evacuation
[2019-04-15T13:30:16.915+0200][163,797s] GC(401) ParNew: 27849K->21824K(109248K)
[2019-04-15T13:30:16.915+0200][163,797s] GC(401) CMS: 357749K->357749K(393216K)
[2019-04-15T13:30:16.915+0200][163,797s] GC(401) Metaspace: 84791K->84791K(1126400K)
[2019-04-15T13:30:16.915+0200][163,797s] GC(401) Pause Young (CMS Final Remark) 376M->370M(490M) 14,643ms
[2019-04-15T13:30:16.915+0200][163,797s] GC(401) User=0,03s Sys=0,00s Real=0,02s
[2019-04-15T13:30:16.959+0200][163,841s] GC(399) Pause Remark 376M->370M(490M) 58,035ms
[2019-04-15T13:30:16.959+0200][163,841s] GC(399) User=0,09s Sys=0,00s Real=0,06s
[2019-04-15T13:30:16.959+0200][163,841s] GC(399) Concurrent Sweep
[2019-04-15T13:30:17.015+0200][163,897s] GC(399) Concurrent Sweep 55,950ms
[2019-04-15T13:30:17.015+0200][163,897s] GC(399) User=0,09s Sys=0,01s Real=0,06s
[2019-04-15T13:30:17.015+0200][163,897s] GC(399) Concurrent Reset
[2019-04-15T13:30:17.015+0200][163,897s] GC(399) Concurrent Reset 0,403ms
[2019-04-15T13:30:17.015+0200][163,897s] GC(399) User=0,00s Sys=0,00s Real=0,00s
[2019-04-15T13:30:17.015+0200][163,897s] GC(399) Old: 266297K->317761K(393216K)
[2019-04-15T13:30:17.455+0200][164,337s] GC(402) Pause Young (Allocation Failure)
[2019-04-15T13:30:17.455+0200][164,337s] GC(402) Using 4 workers of 4 for evacuation
[2019-04-15T13:30:17.455+0200][164,337s] GC(403) Pause Full (Allocation Failure)
[2019-04-15T13:30:17.455+0200][164,337s] GC(403) Phase 1: Mark live objects
[2019-04-15T13:30:17.538+0200][164,420s] GC(403) Phase 1: Mark live objects 82,283ms
[2019-04-15T13:30:17.538+0200][164,420s] GC(403) Phase 2: Compute new object addresses
[2019-04-15T13:30:17.581+0200][164,463s] GC(403) Phase 2: Compute new object addresses 43,101ms
[2019-04-15T13:30:17.581+0200][164,463s] GC(403) Phase 3: Adjust pointers
[2019-04-15T13:30:17.644+0200][164,526s] GC(403) Phase 3: Adjust pointers 62,778ms
[2019-04-15T13:30:17.644+0200][164,526s] GC(403) Phase 4: Move objects
[2019-04-15T13:30:17.723+0200][164,605s] GC(403) Phase 4: Move objects 79,739ms
[2019-04-15T13:30:17.724+0200][164,606s] GC(403) Pause Full (Allocation Failure) 417M->375M(490M) 269,298ms
[2019-04-15T13:30:17.724+0200][164,606s] GC(402) ParNew: 109248K->0K(109248K)
[2019-04-15T13:30:17.724+0200][164,606s] GC(402) CMS: 317761K->384590K(393216K)
[2019-04-15T13:30:17.724+0200][164,606s] GC(402) Metaspace: 84791K->84791K(1126400K)
[2019-04-15T13:30:17.724+0200][164,606s] GC(402) Pause Young (Allocation Failure) 417M->375M(490M) 269,438ms
[2019-04-15T13:30:17.724+0200][164,606s] GC(402) User=0,26s Sys=0,01s Real=0,26s
[2019-04-15T13:30:17.725+0200][164,607s] GC(404) Pause Initial Mark
[2019-04-15T13:30:17.726+0200][164,608s] GC(404) Pause Initial Mark 375M->375M(490M) 0,498ms
[2019-04-15T13:30:17.726+0200][164,608s] GC(404) User=0,00s Sys=0,00s Real=0,00s
[2019-04-15T13:30:17.726+0200][164,608s] GC(404) Concurrent Mark
[2019-04-15T13:30:17.726+0200][164,608s] GC(404) Using 4 workers of 4 for marking
[2019-04-15T13:30:17.802+0200][164,684s] GC(404) Concurrent Mark 76,137ms
[2019-04-15T13:30:17.802+0200][164,684s] GC(404) User=0,17s Sys=0,02s Real=0,07s
[2019-04-15T13:30:17.802+0200][164,684s] GC(404) Concurrent Preclean
[2019-04-15T13:30:17.803+0200][164,685s] GC(404) Concurrent Preclean 1,375ms
[2019-04-15T13:30:17.803+0200][164,685s] GC(404) User=0,00s Sys=0,00s Real=0,00s
[2019-04-15T13:30:17.803+0200][164,685s] GC(404) Concurrent Abortable Preclean
[2019-04-15T13:30:17.803+0200][164,685s] GC(404) Concurrent Abortable Preclean 0,012ms
[2019-04-15T13:30:17.803+0200][164,685s] GC(404) User=0,00s Sys=0,00s Real=0,00s
[2019-04-15T13:30:17.804+0200][164,686s] GC(404) Pause Remark
[2019-04-15T13:30:17.804+0200][164,686s] GC(405) Pause Young (CMS Final Remark)
[2019-04-15T13:30:17.804+0200][164,686s] GC(405) Using 4 workers of 4 for evacuation
[2019-04-15T13:30:17.804+0200][164,686s] GC(405) ParNew: 13162K->13162K(109248K)
[2019-04-15T13:30:17.804+0200][164,686s] GC(405) CMS: 384590K->384590K(393216K)
[2019-04-15T13:30:17.804+0200][164,686s] GC(405) Metaspace: 84791K->84791K(1126400K)
[2019-04-15T13:30:17.804+0200][164,686s] GC(405) Pause Young (CMS Final Remark) 388M->388M(490M) 0,084ms
[2019-04-15T13:30:17.804+0200][164,686s] GC(405) User=0,00s Sys=0,00s Real=0,00s
[2019-04-15T13:30:17.854+0200][164,736s] GC(404) Pause Remark 388M->388M(490M) 50,493ms
[2019-04-15T13:30:17.854+0200][164,736s] GC(404) User=0,06s Sys=0,00s Real=0,06s
[2019-04-15T13:30:17.854+0200][164,736s] GC(404) Concurrent Sweep
[2019-04-15T13:30:17.901+0200][164,783s] GC(404) Concurrent Sweep 46,938ms
[2019-04-15T13:30:17.901+0200][164,783s] GC(404) User=0,05s Sys=0,03s Real=0,04s
[2019-04-15T13:30:17.901+0200][164,783s] GC(404) Concurrent Reset
[2019-04-15T13:30:17.902+0200][164,784s] GC(404) Concurrent Reset 0,405ms
[2019-04-15T13:30:17.902+0200][164,784s] GC(404) User=0,00s Sys=0,00s Real=0,00s
[2019-04-15T13:30:17.902+0200][164,784s] GC(404) Old: 384590K->384589K(393216K)
[2019-04-15T13:30:18.346+0200][165,229s] GC(406) Pause Young (Allocation Failure)
[2019-04-15T13:30:18.347+0200][165,229s] GC(406) Using 4 workers of 4 for evacuation
[2019-04-15T13:30:18.347+0200][165,229s] GC(407) Pause Full (Allocation Failure)
[2019-04-15T13:30:18.347+0200][165,229s] GC(407) Phase 1: Mark live objects
[2019-04-15T13:30:18.435+0200][165,317s] GC(407) Phase 1: Mark live objects 87,337ms
[2019-04-15T13:30:18.435+0200][165,317s] GC(407) Phase 2: Compute new object addresses
[2019-04-15T13:30:18.473+0200][165,355s] GC(407) Phase 2: Compute new object addresses 38,395ms
[2019-04-15T13:30:18.473+0200][165,355s] GC(407) Phase 3: Adjust pointers
[2019-04-15T13:30:18.535+0200][165,417s] GC(407) Phase 3: Adjust pointers 61,992ms
[2019-04-15T13:30:18.535+0200][165,417s] GC(407) Phase 4: Move objects
[2019-04-15T13:30:18.632+0200][165,515s] GC(407) Phase 4: Move objects 97,444ms
[2019-04-15T13:30:18.633+0200][165,515s] GC(407) Pause Full (Allocation Failure) 460M->451M(490M) 286,768ms
[2019-04-15T13:30:18.633+0200][165,515s] GC(406) ParNew: 87424K->69080K(109248K)
[2019-04-15T13:30:18.633+0200][165,515s] GC(406) CMS: 384589K->393212K(393216K)
[2019-04-15T13:30:18.633+0200][165,515s] GC(406) Metaspace: 84791K->84791K(1126400K)
[2019-04-15T13:30:18.634+0200][165,516s] GC(406) Pause Young (Allocation Failure) 460M->451M(490M) 287,055ms
[2019-04-15T13:30:18.634+0200][165,516s] GC(406) User=0,28s Sys=0,01s Real=0,29s
[2019-04-15T13:30:18.634+0200][165,516s] GC(408) Pause Initial Mark
[2019-04-15T13:30:18.636+0200][165,518s] GC(408) Pause Initial Mark 453M->453M(490M) 1,643ms
[2019-04-15T13:30:18.636+0200][165,518s] GC(408) User=0,00s Sys=0,00s Real=0,00s
[2019-04-15T13:30:18.636+0200][165,518s] GC(408) Concurrent Mark
[2019-04-15T13:30:18.636+0200][165,518s] GC(408) Using 4 workers of 4 for marking
[2019-04-15T13:30:18.698+0200][165,580s] GC(408) Concurrent Mark 61,985ms
[2019-04-15T13:30:18.698+0200][165,580s] GC(408) User=0,15s Sys=0,00s Real=0,06s
[2019-04-15T13:30:18.698+0200][165,580s] GC(408) Concurrent Preclean
[2019-04-15T13:30:18.795+0200][165,677s] GC(408) Concurrent Preclean 97,606ms
[2019-04-15T13:30:18.795+0200][165,677s] GC(408) User=0,13s Sys=0,05s Real=0,10s
[2019-04-15T13:30:18.795+0200][165,677s] GC(408) Concurrent Abortable Preclean
[2019-04-15T13:30:18.795+0200][165,677s] GC(408) Concurrent Abortable Preclean 0,008ms
[2019-04-15T13:30:18.795+0200][165,677s] GC(408) User=0,00s Sys=0,00s Real=0,00s
[2019-04-15T13:30:18.796+0200][165,678s] GC(408) Pause Remark
[2019-04-15T13:30:18.796+0200][165,678s] GC(409) Pause Young (CMS Final Remark)
[2019-04-15T13:30:18.796+0200][165,678s] GC(409) Using 4 workers of 4 for evacuation
[2019-04-15T13:30:18.796+0200][165,678s] GC(409) ParNew: 87588K->87588K(109248K)
[2019-04-15T13:30:18.796+0200][165,678s] GC(409) CMS: 393212K->393212K(393216K)
[2019-04-15T13:30:18.796+0200][165,678s] GC(409) Metaspace: 84461K->84461K(1126400K)
[2019-04-15T13:30:18.796+0200][165,678s] GC(409) Pause Young (CMS Final Remark) 469M->469M(490M) 0,089ms
[2019-04-15T13:30:18.796+0200][165,678s] GC(409) User=0,00s Sys=0,00s Real=0,00s
[2019-04-15T13:30:18.837+0200][165,719s] GC(408) Pause Remark 469M->469M(490M) 41,062ms
[2019-04-15T13:30:18.837+0200][165,719s] GC(408) User=0,06s Sys=0,00s Real=0,04s
[2019-04-15T13:30:18.837+0200][165,719s] GC(408) Concurrent Sweep
[2019-04-15T13:30:18.899+0200][165,782s] GC(408) Concurrent Sweep 62,674ms
[2019-04-15T13:30:18.900+0200][165,782s] GC(408) User=0,06s Sys=0,03s Real=0,06s
[2019-04-15T13:30:18.900+0200][165,782s] GC(408) Concurrent Reset
[2019-04-15T13:30:18.900+0200][165,782s] GC(408) Concurrent Reset 0,382ms
[2019-04-15T13:30:18.900+0200][165,782s] GC(408) User=0,00s Sys=0,00s Real=0,00s
[2019-04-15T13:30:18.900+0200][165,782s] GC(408) Old: 393212K->393170K(393216K)
[2019-04-15T13:30:18.982+0200][165,864s] GC(410) Pause Young (Allocation Failure)
[2019-04-15T13:30:18.982+0200][165,864s] GC(410) Using 4 workers of 4 for evacuation
[2019-04-15T13:30:18.982+0200][165,864s] GC(411) Pause Full (Allocation Failure)
[2019-04-15T13:30:18.982+0200][165,864s] GC(411) Phase 1: Mark live objects
[2019-04-15T13:30:19.080+0200][165,962s] GC(411) Phase 1: Mark live objects 97,830ms
[2019-04-15T13:30:19.080+0200][165,962s] GC(411) Phase 2: Compute new object addresses
[2019-04-15T13:30:19.116+0200][165,998s] GC(411) Phase 2: Compute new object addresses 36,263ms
[2019-04-15T13:30:19.116+0200][165,998s] GC(411) Phase 3: Adjust pointers
[2019-04-15T13:30:19.176+0200][166,058s] GC(411) Phase 3: Adjust pointers 60,229ms
[2019-04-15T13:30:19.176+0200][166,058s] GC(411) Phase 4: Move objects
[2019-04-15T13:30:19.266+0200][166,148s] GC(411) Phase 4: Move objects 89,788ms
[2019-04-15T13:30:19.267+0200][166,149s] GC(411) Pause Full (Allocation Failure) 490M->488M(490M) 285,600ms
[2019-04-15T13:30:19.267+0200][166,149s] GC(410) ParNew: 109247K->106623K(109248K)
[2019-04-15T13:30:19.267+0200][166,149s] GC(410) CMS: 393170K->393212K(393216K)
[2019-04-15T13:30:19.267+0200][166,149s] GC(410) Metaspace: 84461K->84461K(1126400K)
[2019-04-15T13:30:19.267+0200][166,149s] GC(410) Pause Young (Allocation Failure) 490M->488M(490M) 285,803ms
[2019-04-15T13:30:19.267+0200][166,149s] GC(410) User=0,29s Sys=0,00s Real=0,29s
[2019-04-15T13:30:19.268+0200][166,150s] GC(412) Pause Initial Mark
[2019-04-15T13:30:19.270+0200][166,152s] GC(412) Pause Initial Mark 488M->488M(490M) 2,187ms
[2019-04-15T13:30:19.270+0200][166,152s] GC(412) User=0,00s Sys=0,00s Real=0,00s
[2019-04-15T13:30:19.270+0200][166,152s] GC(412) Concurrent Mark
[2019-04-15T13:30:19.270+0200][166,152s] GC(412) Using 4 workers of 4 for marking
[2019-04-15T13:30:19.277+0200][166,159s] GC(413) Pause Full (Allocation Failure)
[2019-04-15T13:30:19.332+0200][166,214s] GC(412) Concurrent Mark 62,204ms
[2019-04-15T13:30:19.332+0200][166,214s] GC(412) User=0,15s Sys=0,00s Real=0,06s
[2019-04-15T13:30:19.332+0200][166,214s] GC(413) Phase 1: Mark live objects
[2019-04-15T13:30:19.427+0200][166,309s] GC(413) Phase 1: Mark live objects 94,841ms
[2019-04-15T13:30:19.427+0200][166,309s] GC(413) Phase 2: Compute new object addresses
[2019-04-15T13:30:19.474+0200][166,356s] GC(413) Phase 2: Compute new object addresses 46,341ms
[2019-04-15T13:30:19.474+0200][166,356s] GC(413) Phase 3: Adjust pointers
[2019-04-15T13:30:19.536+0200][166,418s] GC(413) Phase 3: Adjust pointers 62,226ms
[2019-04-15T13:30:19.536+0200][166,418s] GC(413) Phase 4: Move objects
[2019-04-15T13:30:19.626+0200][166,508s] GC(413) Phase 4: Move objects 90,457ms
[2019-04-15T13:30:19.627+0200][166,509s] GC(413) ParNew: 109247K->109013K(109248K)
[2019-04-15T13:30:19.627+0200][166,509s] GC(413) CMS: 393212K->393213K(393216K)
[2019-04-15T13:30:19.627+0200][166,509s] GC(413) Metaspace: 84401K->84401K(1126400K)
[2019-04-15T13:30:19.627+0200][166,509s] GC(413) Pause Full (Allocation Failure) 490M->490M(490M) 350,108ms
[2019-04-15T13:30:19.627+0200][166,509s] GC(413) User=0,43s Sys=0,00s Real=0,35s
[2019-04-15T13:30:19.628+0200][166,510s] GC(414) Pause Full (Allocation Failure)
[2019-04-15T13:30:19.628+0200][166,510s] GC(414) Phase 1: Mark live objects
[2019-04-15T13:30:19.706+0200][166,588s] GC(414) Phase 1: Mark live objects 78,175ms
[2019-04-15T13:30:19.706+0200][166,588s] GC(414) Phase 2: Compute new object addresses
[2019-04-15T13:30:19.743+0200][166,625s] GC(414) Phase 2: Compute new object addresses 36,399ms
[2019-04-15T13:30:19.743+0200][166,625s] GC(414) Phase 3: Adjust pointers
[2019-04-15T13:30:19.803+0200][166,685s] GC(414) Phase 3: Adjust pointers 60,386ms
[2019-04-15T13:30:19.803+0200][166,685s] GC(414) Phase 4: Move objects
[2019-04-15T13:30:19.887+0200][166,769s] GC(414) Phase 4: Move objects 83,851ms
[2019-04-15T13:30:19.888+0200][166,770s] GC(414) ParNew: 109247K->109225K(109248K)
[2019-04-15T13:30:19.888+0200][166,770s] GC(414) CMS: 393213K->393214K(393216K)
[2019-04-15T13:30:19.888+0200][166,770s] GC(414) Metaspace: 84362K->84362K(1126400K)
[2019-04-15T13:30:19.888+0200][166,770s] GC(414) Pause Full (Allocation Failure) 490M->490M(490M) 260,041ms
[2019-04-15T13:30:19.888+0200][166,770s] GC(414) User=0,26s Sys=0,00s Real=0,26s
[2019-04-15T13:30:19.888+0200][166,770s] GC(415) Pause Full (Allocation Failure)
[2019-04-15T13:30:19.888+0200][166,770s] GC(415) Phase 1: Mark live objects
[2019-04-15T13:30:19.961+0200][166,843s] GC(415) Phase 1: Mark live objects 73,114ms
[2019-04-15T13:30:19.961+0200][166,843s] GC(415) Phase 2: Compute new object addresses
[2019-04-15T13:30:19.998+0200][166,880s] GC(415) Phase 2: Compute new object addresses 36,918ms
[2019-04-15T13:30:19.998+0200][166,880s] GC(415) Phase 3: Adjust pointers
[2019-04-15T13:30:20.059+0200][166,941s] GC(415) Phase 3: Adjust pointers 60,219ms
[2019-04-15T13:30:20.059+0200][166,941s] GC(415) Phase 4: Move objects
[2019-04-15T13:30:20.105+0200][166,987s] GC(415) Phase 4: Move objects 46,560ms
[2019-04-15T13:30:20.106+0200][166,988s] GC(415) ParNew: 109244K->109242K(109248K)
[2019-04-15T13:30:20.106+0200][166,988s] GC(415) CMS: 393214K->393214K(393216K)
[2019-04-15T13:30:20.106+0200][166,988s] GC(415) Metaspace: 84354K->84354K(1126400K)
[2019-04-15T13:30:20.107+0200][166,989s] GC(415) Pause Full (Allocation Failure) 490M->490M(490M) 218,607ms
[2019-04-15T13:30:20.107+0200][166,989s] GC(415) User=0,22s Sys=0,00s Real=0,22s
[2019-04-15T13:30:20.107+0200][166,989s] GC(416) Pause Full (Allocation Failure)
[2019-04-15T13:30:20.108+0200][166,990s] GC(416) Phase 1: Mark live objects
[2019-04-15T13:30:20.198+0200][167,080s] GC(416) Phase 1: Mark live objects 89,735ms
[2019-04-15T13:30:20.198+0200][167,080s] GC(416) Phase 2: Compute new object addresses
[2019-04-15T13:30:20.233+0200][167,115s] GC(416) Phase 2: Compute new object addresses 34,707ms
[2019-04-15T13:30:20.233+0200][167,115s] GC(416) Phase 3: Adjust pointers
[2019-04-15T13:30:20.290+0200][167,172s] GC(416) Phase 3: Adjust pointers 57,467ms
[2019-04-15T13:30:20.290+0200][167,172s] GC(416) Phase 4: Move objects
[2019-04-15T13:30:20.386+0200][167,268s] GC(416) Phase 4: Move objects 95,229ms
[2019-04-15T13:30:20.396+0200][167,278s] GC(416) ParNew: 109242K->107270K(109248K)
[2019-04-15T13:30:20.396+0200][167,278s] GC(416) CMS: 393214K->393212K(393216K)
[2019-04-15T13:30:20.396+0200][167,278s] GC(416) Metaspace: 84354K->84354K(1126400K)
[2019-04-15T13:30:20.396+0200][167,278s] GC(416) Pause Full (Allocation Failure) 490M->488M(490M) 289,197ms
[2019-04-15T13:30:20.396+0200][167,278s] GC(416) User=0,28s Sys=0,00s Real=0,29s
[2019-04-15T13:30:20.397+0200][167,279s] GC(417) Pause Initial Mark
[2019-04-15T13:30:20.399+0200][167,281s] GC(417) Pause Initial Mark 489M->489M(490M) 2,086ms
[2019-04-15T13:30:20.399+0200][167,281s] GC(417) User=0,00s Sys=0,00s Real=0,00s
[2019-04-15T13:30:20.399+0200][167,281s] GC(417) Concurrent Mark
[2019-04-15T13:30:20.399+0200][167,281s] GC(417) Using 4 workers of 4 for marking
[2019-04-15T13:30:20.400+0200][167,282s] GC(418) Pause Full (Allocation Failure)
[2019-04-15T13:30:20.452+0200][167,334s] GC(417) Concurrent Mark 52,564ms
[2019-04-15T13:30:20.452+0200][167,334s] GC(417) User=0,14s Sys=0,00s Real=0,05s
[2019-04-15T13:30:20.452+0200][167,334s] GC(418) Phase 1: Mark live objects
[2019-04-15T13:30:20.527+0200][167,409s] GC(418) Phase 1: Mark live objects 74,418ms
[2019-04-15T13:30:20.527+0200][167,409s] GC(418) Phase 2: Compute new object addresses
[2019-04-15T13:30:20.567+0200][167,449s] GC(418) Phase 2: Compute new object addresses 40,835ms
[2019-04-15T13:30:20.567+0200][167,449s] GC(418) Phase 3: Adjust pointers
[2019-04-15T13:30:20.632+0200][167,514s] GC(418) Phase 3: Adjust pointers 64,894ms
[2019-04-15T13:30:20.632+0200][167,514s] GC(418) Phase 4: Move objects
[2019-04-15T13:30:20.685+0200][167,567s] GC(418) Phase 4: Move objects 53,003ms
[2019-04-15T13:30:20.686+0200][167,568s] GC(418) ParNew: 109246K->109207K(109248K)
[2019-04-15T13:30:20.686+0200][167,568s] GC(418) CMS: 393212K->393212K(393216K)
[2019-04-15T13:30:20.686+0200][167,568s] GC(418) Metaspace: 84298K->84298K(1126400K)
[2019-04-15T13:30:20.686+0200][167,568s] GC(418) Pause Full (Allocation Failure) 490M->490M(490M) 285,789ms
[2019-04-15T13:30:20.686+0200][167,568s] GC(418) User=0,37s Sys=0,00s Real=0,29s
[2019-04-15T13:30:20.686+0200][167,568s] GC(419) Pause Full (Allocation Failure)
[2019-04-15T13:30:20.687+0200][167,569s] GC(419) Phase 1: Mark live objects
[2019-04-15T13:30:20.756+0200][167,638s] GC(419) Phase 1: Mark live objects 69,237ms
[2019-04-15T13:30:20.756+0200][167,638s] GC(419) Phase 2: Compute new object addresses
[2019-04-15T13:30:20.792+0200][167,674s] GC(419) Phase 2: Compute new object addresses 35,984ms
[2019-04-15T13:30:20.792+0200][167,674s] GC(419) Phase 3: Adjust pointers
[2019-04-15T13:30:20.847+0200][167,729s] GC(419) Phase 3: Adjust pointers 54,868ms
[2019-04-15T13:30:20.847+0200][167,729s] GC(419) Phase 4: Move objects
[2019-04-15T13:30:20.847+0200][167,729s] GC(419) Phase 4: Move objects 0,238ms
[2019-04-15T13:30:20.848+0200][167,730s] GC(419) ParNew: 109246K->109243K(109248K)
[2019-04-15T13:30:20.848+0200][167,730s] GC(419) CMS: 393212K->393212K(393216K)
[2019-04-15T13:30:20.848+0200][167,730s] GC(419) Metaspace: 84298K->84298K(1126400K)
[2019-04-15T13:30:20.848+0200][167,730s] GC(419) Pause Full (Allocation Failure) 490M->490M(490M) 161,465ms
[2019-04-15T13:30:20.848+0200][167,730s] GC(419) User=0,17s Sys=0,00s Real=0,16s
[2019-04-15T13:30:20.848+0200][167,730s] GC(420) Pause Full (Allocation Failure)
[2019-04-15T13:30:20.848+0200][167,730s] GC(420) Phase 1: Mark live objects
[2019-04-15T13:30:20.919+0200][167,801s] GC(420) Phase 1: Mark live objects 70,688ms
[2019-04-15T13:30:20.919+0200][167,801s] GC(420) Phase 2: Compute new object addresses
[2019-04-15T13:30:20.955+0200][167,837s] GC(420) Phase 2: Compute new object addresses 36,144ms
[2019-04-15T13:30:20.955+0200][167,837s] GC(420) Phase 3: Adjust pointers
[2019-04-15T13:30:21.012+0200][167,894s] GC(420) Phase 3: Adjust pointers 56,394ms
[2019-04-15T13:30:21.012+0200][167,894s] GC(420) Phase 4: Move objects
[2019-04-15T13:30:21.012+0200][167,894s] GC(420) Phase 4: Move objects 0,014ms
[2019-04-15T13:30:21.012+0200][167,894s] GC(420) ParNew: 109243K->109243K(109248K)
[2019-04-15T13:30:21.012+0200][167,894s] GC(420) CMS: 393212K->393212K(393216K)
[2019-04-15T13:30:21.012+0200][167,894s] GC(420) Metaspace: 84298K->84298K(1126400K)
[2019-04-15T13:30:21.012+0200][167,894s] GC(420) Pause Full (Allocation Failure) 490M->490M(490M) 164,340ms
[2019-04-15T13:30:21.012+0200][167,894s] GC(420) User=0,16s Sys=0,00s Real=0,16s
