[2019-04-15T14:03:38.754+0200][0.086s] Using Concurrent Mark Sweep
[2019-04-15T14:03:38.754+0200][0.086s] Heap address: 0x00000000e0000000, size: 512 MB, Compressed Oops mode: 32-bit
[2019-04-15T14:03:42.833+0200][4,166s] GC(0) Pause Young (Allocation Failure)
[2019-04-15T14:03:42.833+0200][4,166s] GC(0) Using 4 workers of 4 for evacuation
[2019-04-15T14:03:42.859+0200][4,192s] GC(0) ParNew: 87424K->11113K(109248K)
[2019-04-15T14:03:42.859+0200][4,192s] GC(0) CMS: 0K->0K(393216K)
[2019-04-15T14:03:42.859+0200][4,192s] GC(0) Metaspace: 23956K->23956K(1071104K)
[2019-04-15T14:03:42.859+0200][4,192s] GC(0) Pause Young (Allocation Failure) 85M->10M(490M) 26,435ms
[2019-04-15T14:03:42.859+0200][4,192s] GC(0) User=0,05s Sys=0,02s Real=0,02s
[2019-04-15T14:03:42.860+0200][4,192s] GC(1) Pause Initial Mark
[2019-04-15T14:03:42.862+0200][4,195s] GC(1) Pause Initial Mark 10M->10M(490M) 2,567ms
[2019-04-15T14:03:42.862+0200][4,195s] GC(1) User=0,01s Sys=0,00s Real=0,00s
[2019-04-15T14:03:42.862+0200][4,195s] GC(1) Concurrent Mark
[2019-04-15T14:03:42.862+0200][4,195s] GC(1) Using 4 workers of 4 for marking
[2019-04-15T14:03:42.870+0200][4,203s] GC(1) Concurrent Mark 8,186ms
[2019-04-15T14:03:42.871+0200][4,203s] GC(1) User=0,01s Sys=0,00s Real=0,01s
[2019-04-15T14:03:42.871+0200][4,203s] GC(1) Concurrent Preclean
[2019-04-15T14:03:42.872+0200][4,204s] GC(1) Concurrent Preclean 1,025ms
[2019-04-15T14:03:42.872+0200][4,204s] GC(1) User=0,01s Sys=0,00s Real=0,00s
[2019-04-15T14:03:42.872+0200][4,204s] GC(1) Concurrent Abortable Preclean
[2019-04-15T14:03:43.834+0200][5,166s] GC(1) Concurrent Abortable Preclean 961,886ms
[2019-04-15T14:03:43.834+0200][5,166s] GC(1) User=2,22s Sys=0,03s Real=0,97s
[2019-04-15T14:03:43.841+0200][5,174s] GC(1) Pause Remark
[2019-04-15T14:03:43.841+0200][5,174s] GC(2) Pause Young (CMS Final Remark)
[2019-04-15T14:03:43.841+0200][5,174s] GC(2) Using 4 workers of 4 for evacuation
[2019-04-15T14:03:43.866+0200][5,199s] GC(2) ParNew: 56605K->14390K(109248K)
[2019-04-15T14:03:43.866+0200][5,199s] GC(2) CMS: 0K->0K(393216K)
[2019-04-15T14:03:43.866+0200][5,199s] GC(2) Metaspace: 27713K->27713K(1075200K)
[2019-04-15T14:03:43.866+0200][5,199s] GC(2) Pause Young (CMS Final Remark) 55M->14M(490M) 24,918ms
[2019-04-15T14:03:43.866+0200][5,199s] GC(2) User=0,06s Sys=0,00s Real=0,03s
[2019-04-15T14:03:43.914+0200][5,247s] GC(1) Pause Remark 55M->14M(490M) 72,767ms
[2019-04-15T14:03:43.914+0200][5,247s] GC(1) User=0,17s Sys=0,00s Real=0,08s
[2019-04-15T14:03:43.916+0200][5,248s] GC(1) Concurrent Sweep
[2019-04-15T14:03:43.916+0200][5,248s] GC(1) Concurrent Sweep 0,042ms
[2019-04-15T14:03:43.916+0200][5,248s] GC(1) User=0,00s Sys=0,00s Real=0,00s
[2019-04-15T14:03:43.916+0200][5,248s] GC(1) Concurrent Reset
[2019-04-15T14:03:43.919+0200][5,252s] GC(1) Concurrent Reset 3,284ms
[2019-04-15T14:03:43.919+0200][5,252s] GC(1) User=0,01s Sys=0,01s Real=0,00s
[2019-04-15T14:03:43.919+0200][5,252s] GC(1) Old: 0K->0K(393216K)
[2019-04-15T14:03:44.738+0200][6,070s] GC(3) Pause Young (Allocation Failure)
[2019-04-15T14:03:44.738+0200][6,071s] GC(3) Using 4 workers of 4 for evacuation
[2019-04-15T14:03:44.811+0200][6,143s] GC(3) ParNew: 101665K->21824K(109248K)
[2019-04-15T14:03:44.811+0200][6,143s] GC(3) CMS: 0K->10300K(393216K)
[2019-04-15T14:03:44.811+0200][6,143s] GC(3) Metaspace: 32214K->32214K(1079296K)
[2019-04-15T14:03:44.811+0200][6,144s] GC(3) Pause Young (Allocation Failure) 99M->31M(490M) 73,042ms
[2019-04-15T14:03:44.811+0200][6,144s] GC(3) User=0,15s Sys=0,01s Real=0,07s
[2019-04-15T14:04:01.254+0200][22,586s] GC(4) Pause Young (Allocation Failure)
[2019-04-15T14:04:01.254+0200][22,586s] GC(4) Using 4 workers of 4 for evacuation
[2019-04-15T14:04:01.283+0200][22,616s] GC(4) ParNew: 109248K->21824K(109248K)
[2019-04-15T14:04:01.283+0200][22,616s] GC(4) CMS: 10300K->27260K(393216K)
[2019-04-15T14:04:01.283+0200][22,616s] GC(4) Metaspace: 36046K->36046K(1083392K)
[2019-04-15T14:04:01.283+0200][22,616s] GC(4) Pause Young (Allocation Failure) 116M->47M(490M) 29,347ms
[2019-04-15T14:04:01.283+0200][22,616s] GC(4) User=0,10s Sys=0,01s Real=0,02s
[2019-04-15T14:04:01.859+0200][23,192s] GC(5) Pause Young (Allocation Failure)
[2019-04-15T14:04:01.859+0200][23,192s] GC(5) Using 4 workers of 4 for evacuation
[2019-04-15T14:04:01.879+0200][23,211s] GC(5) ParNew: 109248K->21824K(109248K)
[2019-04-15T14:04:01.879+0200][23,211s] GC(5) CMS: 27260K->31100K(393216K)
[2019-04-15T14:04:01.879+0200][23,211s] GC(5) Metaspace: 40400K->40400K(1087488K)
[2019-04-15T14:04:01.879+0200][23,211s] GC(5) Pause Young (Allocation Failure) 133M->51M(490M) 19,709ms
[2019-04-15T14:04:01.879+0200][23,211s] GC(5) User=0,06s Sys=0,00s Real=0,02s
[2019-04-15T14:04:02.058+0200][23,391s] GC(6) Pause Young (Allocation Failure)
[2019-04-15T14:04:02.058+0200][23,391s] GC(6) Using 4 workers of 4 for evacuation
[2019-04-15T14:04:02.078+0200][23,411s] GC(6) ParNew: 109248K->21824K(109248K)
[2019-04-15T14:04:02.078+0200][23,411s] GC(6) CMS: 31100K->40274K(393216K)
[2019-04-15T14:04:02.078+0200][23,411s] GC(6) Metaspace: 41771K->41771K(1087488K)
[2019-04-15T14:04:02.078+0200][23,411s] GC(6) Pause Young (Allocation Failure) 137M->60M(490M) 20,340ms
[2019-04-15T14:04:02.078+0200][23,411s] GC(6) User=0,07s Sys=0,00s Real=0,02s
[2019-04-15T14:04:02.473+0200][23,806s] GC(7) Pause Young (Allocation Failure)
[2019-04-15T14:04:02.473+0200][23,806s] GC(7) Using 4 workers of 4 for evacuation
[2019-04-15T14:04:02.490+0200][23,823s] GC(7) ParNew: 109248K->19040K(109248K)
[2019-04-15T14:04:02.490+0200][23,823s] GC(7) CMS: 40274K->40274K(393216K)
[2019-04-15T14:04:02.490+0200][23,823s] GC(7) Metaspace: 43634K->43634K(1089536K)
[2019-04-15T14:04:02.490+0200][23,823s] GC(7) Pause Young (Allocation Failure) 146M->57M(490M) 17,129ms
[2019-04-15T14:04:02.490+0200][23,823s] GC(7) User=0,06s Sys=0,00s Real=0,01s
[2019-04-15T14:04:02.676+0200][24,008s] GC(8) Pause Young (Allocation Failure)
[2019-04-15T14:04:02.676+0200][24,008s] GC(8) Using 4 workers of 4 for evacuation
[2019-04-15T14:04:02.693+0200][24,025s] GC(8) ParNew: 106464K->15604K(109248K)
[2019-04-15T14:04:02.693+0200][24,026s] GC(8) CMS: 40274K->40274K(393216K)
[2019-04-15T14:04:02.693+0200][24,026s] GC(8) Metaspace: 43835K->43835K(1089536K)
[2019-04-15T14:04:02.693+0200][24,026s] GC(8) Pause Young (Allocation Failure) 143M->54M(490M) 17,115ms
[2019-04-15T14:04:02.693+0200][24,026s] GC(8) User=0,05s Sys=0,01s Real=0,02s
[2019-04-15T14:04:02.793+0200][24,126s] GC(9) Pause Young (Allocation Failure)
[2019-04-15T14:04:02.793+0200][24,126s] GC(9) Using 4 workers of 4 for evacuation
[2019-04-15T14:04:02.802+0200][24,135s] GC(9) ParNew: 103028K->18680K(109248K)
[2019-04-15T14:04:02.802+0200][24,135s] GC(9) CMS: 40274K->40274K(393216K)
[2019-04-15T14:04:02.802+0200][24,135s] GC(9) Metaspace: 43875K->43875K(1089536K)
[2019-04-15T14:04:02.802+0200][24,135s] GC(9) Pause Young (Allocation Failure) 139M->57M(490M) 9,259ms
[2019-04-15T14:04:02.802+0200][24,135s] GC(9) User=0,03s Sys=0,00s Real=0,00s
[2019-04-15T14:04:03.399+0200][24,732s] GC(10) Pause Young (Allocation Failure)
[2019-04-15T14:04:03.399+0200][24,732s] GC(10) Using 4 workers of 4 for evacuation
[2019-04-15T14:04:03.429+0200][24,761s] GC(10) ParNew: 106104K->19573K(109248K)
[2019-04-15T14:04:03.429+0200][24,761s] GC(10) CMS: 40274K->40274K(393216K)
[2019-04-15T14:04:03.429+0200][24,761s] GC(10) Metaspace: 46937K->46937K(1091584K)
[2019-04-15T14:04:03.429+0200][24,761s] GC(10) Pause Young (Allocation Failure) 142M->58M(490M) 29,594ms
[2019-04-15T14:04:03.429+0200][24,761s] GC(10) User=0,08s Sys=0,00s Real=0,03s
[2019-04-15T14:04:03.429+0200][24,762s] GC(11) Pause Initial Mark
[2019-04-15T14:04:03.433+0200][24,766s] GC(11) Pause Initial Mark 59M->59M(490M) 4,317ms
[2019-04-15T14:04:03.433+0200][24,766s] GC(11) User=0,01s Sys=0,00s Real=0,01s
[2019-04-15T14:04:03.434+0200][24,766s] GC(11) Concurrent Mark
[2019-04-15T14:04:03.434+0200][24,766s] GC(11) Using 4 workers of 4 for marking
[2019-04-15T14:04:03.468+0200][24,801s] GC(11) Concurrent Mark 34,622ms
[2019-04-15T14:04:03.468+0200][24,801s] GC(11) User=0,12s Sys=0,00s Real=0,03s
[2019-04-15T14:04:03.468+0200][24,801s] GC(11) Concurrent Preclean
[2019-04-15T14:04:03.470+0200][24,802s] GC(11) Concurrent Preclean 1,183ms
[2019-04-15T14:04:03.470+0200][24,802s] GC(11) User=0,01s Sys=0,00s Real=0,00s
[2019-04-15T14:04:03.470+0200][24,802s] GC(11) Concurrent Abortable Preclean
[2019-04-15T14:04:03.826+0200][25,159s] GC(11) Concurrent Abortable Preclean 356,567ms
[2019-04-15T14:04:03.826+0200][25,159s] GC(11) User=1,26s Sys=0,02s Real=0,36s
[2019-04-15T14:04:03.826+0200][25,159s] GC(11) Pause Remark
[2019-04-15T14:04:03.826+0200][25,159s] GC(12) Pause Young (CMS Final Remark)
[2019-04-15T14:04:03.826+0200][25,159s] GC(12) Using 4 workers of 4 for evacuation
[2019-04-15T14:04:03.859+0200][25,192s] GC(12) ParNew: 68705K->21824K(109248K)
[2019-04-15T14:04:03.859+0200][25,192s] GC(12) CMS: 40274K->42026K(393216K)
[2019-04-15T14:04:03.859+0200][25,192s] GC(12) Metaspace: 49716K->49716K(1095680K)
[2019-04-15T14:04:03.859+0200][25,192s] GC(12) Pause Young (CMS Final Remark) 106M->62M(490M) 32,688ms
[2019-04-15T14:04:03.859+0200][25,192s] GC(12) User=0,08s Sys=0,00s Real=0,03s
[2019-04-15T14:04:03.891+0200][25,223s] GC(11) Pause Remark 106M->62M(490M) 64,435ms
[2019-04-15T14:04:03.891+0200][25,224s] GC(11) User=0,13s Sys=0,01s Real=0,06s
[2019-04-15T14:04:03.891+0200][25,224s] GC(11) Concurrent Sweep
[2019-04-15T14:04:03.898+0200][25,231s] GC(11) Concurrent Sweep 7,222ms
[2019-04-15T14:04:03.898+0200][25,231s] GC(11) User=0,02s Sys=0,00s Real=0,01s
[2019-04-15T14:04:03.898+0200][25,231s] GC(11) Concurrent Reset
[2019-04-15T14:04:03.899+0200][25,231s] GC(11) Concurrent Reset 0,512ms
[2019-04-15T14:04:03.899+0200][25,231s] GC(11) User=0,01s Sys=0,00s Real=0,00s
[2019-04-15T14:04:03.899+0200][25,231s] GC(11) Old: 40274K->41812K(393216K)
[2019-04-15T14:04:05.995+0200][27,328s] GC(13) Pause Young (Allocation Failure)
[2019-04-15T14:04:05.996+0200][27,328s] GC(13) Using 4 workers of 4 for evacuation
[2019-04-15T14:04:06.057+0200][27,389s] GC(13) ParNew: 109248K->21824K(109248K)
[2019-04-15T14:04:06.057+0200][27,389s] GC(13) CMS: 41812K->52973K(393216K)
[2019-04-15T14:04:06.057+0200][27,389s] GC(13) Metaspace: 52556K->52556K(1097728K)
[2019-04-15T14:04:06.057+0200][27,389s] GC(13) Pause Young (Allocation Failure) 147M->73M(490M) 61,252ms
[2019-04-15T14:04:06.057+0200][27,389s] GC(13) User=0,16s Sys=0,01s Real=0,06s
[2019-04-15T14:04:07.268+0200][28,600s] GC(14) Pause Young (Allocation Failure)
[2019-04-15T14:04:07.268+0200][28,600s] GC(14) Using 4 workers of 4 for evacuation
[2019-04-15T14:04:07.337+0200][28,670s] GC(14) ParNew: 109248K->21824K(109248K)
[2019-04-15T14:04:07.337+0200][28,670s] GC(14) CMS: 52973K->65700K(393216K)
[2019-04-15T14:04:07.337+0200][28,670s] GC(14) Metaspace: 58648K->58648K(1103872K)
[2019-04-15T14:04:07.337+0200][28,670s] GC(14) Pause Young (Allocation Failure) 158M->85M(490M) 69,376ms
[2019-04-15T14:04:07.337+0200][28,670s] GC(14) User=0,14s Sys=0,01s Real=0,07s
[2019-04-15T14:04:08.955+0200][30,288s] GC(15) Pause Young (Allocation Failure)
[2019-04-15T14:04:08.955+0200][30,288s] GC(15) Using 4 workers of 4 for evacuation
[2019-04-15T14:04:09.059+0200][30,391s] GC(15) ParNew: 109248K->21824K(109248K)
[2019-04-15T14:04:09.059+0200][30,391s] GC(15) CMS: 65700K->78245K(393216K)
[2019-04-15T14:04:09.059+0200][30,391s] GC(15) Metaspace: 60395K->60395K(1103872K)
[2019-04-15T14:04:09.059+0200][30,391s] GC(15) Pause Young (Allocation Failure) 170M->97M(490M) 103,726ms
[2019-04-15T14:04:09.059+0200][30,391s] GC(15) User=0,16s Sys=0,00s Real=0,10s
[2019-04-15T14:04:10.775+0200][32,108s] GC(16) Pause Young (Allocation Failure)
[2019-04-15T14:04:10.776+0200][32,108s] GC(16) Using 4 workers of 4 for evacuation
[2019-04-15T14:04:10.996+0200][32,328s] GC(16) ParNew: 109248K->21824K(109248K)
[2019-04-15T14:04:10.996+0200][32,328s] GC(16) CMS: 78245K->128040K(393216K)
[2019-04-15T14:04:10.996+0200][32,329s] GC(16) Metaspace: 60697K->60697K(1105920K)
[2019-04-15T14:04:10.996+0200][32,329s] GC(16) Pause Young (Allocation Failure) 183M->146M(490M) 220,599ms
[2019-04-15T14:04:10.996+0200][32,329s] GC(16) User=0,25s Sys=0,03s Real=0,22s
[2019-04-15T14:04:11.391+0200][32,723s] GC(17) Pause Young (Allocation Failure)
[2019-04-15T14:04:11.391+0200][32,723s] GC(17) Using 4 workers of 4 for evacuation
[2019-04-15T14:04:11.509+0200][32,841s] GC(17) ParNew: 109248K->21824K(109248K)
[2019-04-15T14:04:11.509+0200][32,841s] GC(17) CMS: 128040K->204831K(393216K)
[2019-04-15T14:04:11.509+0200][32,841s] GC(17) Metaspace: 60700K->60700K(1105920K)
[2019-04-15T14:04:11.509+0200][32,841s] GC(17) Pause Young (Allocation Failure) 231M->221M(490M) 118,028ms
[2019-04-15T14:04:11.509+0200][32,841s] GC(17) User=0,12s Sys=0,02s Real=0,12s
[2019-04-15T14:04:11.523+0200][32,855s] GC(18) Pause Initial Mark
[2019-04-15T14:04:11.534+0200][32,867s] GC(18) Pause Initial Mark 227M->227M(490M) 11,149ms
[2019-04-15T14:04:11.534+0200][32,867s] GC(18) User=0,00s Sys=0,00s Real=0,02s
[2019-04-15T14:04:11.534+0200][32,867s] GC(18) Concurrent Mark
[2019-04-15T14:04:11.534+0200][32,867s] GC(18) Using 4 workers of 4 for marking
[2019-04-15T14:04:11.654+0200][32,986s] GC(18) Concurrent Mark 119,656ms
[2019-04-15T14:04:11.654+0200][32,986s] GC(18) User=0,25s Sys=0,01s Real=0,12s
[2019-04-15T14:04:11.654+0200][32,986s] GC(18) Concurrent Preclean
[2019-04-15T14:04:11.656+0200][32,989s] GC(18) Concurrent Preclean 2,211ms
[2019-04-15T14:04:11.656+0200][32,989s] GC(18) User=0,00s Sys=0,00s Real=0,00s
[2019-04-15T14:04:11.656+0200][32,989s] GC(18) Concurrent Abortable Preclean
[2019-04-15T14:04:12.882+0200][34,214s] GC(19) Pause Young (Allocation Failure)
[2019-04-15T14:04:12.882+0200][34,214s] GC(19) Using 4 workers of 4 for evacuation
[2019-04-15T14:04:12.953+0200][34,286s] GC(19) ParNew: 109248K->21824K(109248K)
[2019-04-15T14:04:12.953+0200][34,286s] GC(19) CMS: 204831K->216487K(393216K)
[2019-04-15T14:04:12.953+0200][34,286s] GC(19) Metaspace: 64294K->64294K(1107968K)
[2019-04-15T14:04:12.953+0200][34,286s] GC(19) Pause Young (Allocation Failure) 306M->232M(490M) 71,739ms
[2019-04-15T14:04:12.953+0200][34,286s] GC(19) User=0,10s Sys=0,02s Real=0,08s
[2019-04-15T14:04:13.712+0200][35,045s] GC(18) Concurrent Abortable Preclean 2056,411ms
[2019-04-15T14:04:13.712+0200][35,045s] GC(18) User=3,56s Sys=0,15s Real=2,05s
[2019-04-15T14:04:13.713+0200][35,045s] GC(18) Pause Remark
[2019-04-15T14:04:13.713+0200][35,045s] GC(20) Pause Young (CMS Final Remark)
[2019-04-15T14:04:13.713+0200][35,045s] GC(20) Using 4 workers of 4 for evacuation
[2019-04-15T14:04:13.749+0200][35,081s] GC(20) ParNew: 81464K->21824K(109248K)
[2019-04-15T14:04:13.749+0200][35,081s] GC(20) CMS: 216487K->242802K(393216K)
[2019-04-15T14:04:13.749+0200][35,081s] GC(20) Metaspace: 65085K->65085K(1110016K)
[2019-04-15T14:04:13.749+0200][35,081s] GC(20) Pause Young (CMS Final Remark) 290M->258M(490M) 35,939ms
[2019-04-15T14:04:13.749+0200][35,081s] GC(20) User=0,07s Sys=0,01s Real=0,04s
[2019-04-15T14:04:13.788+0200][35,121s] GC(18) Pause Remark 290M->258M(490M) 75,276ms
[2019-04-15T14:04:13.788+0200][35,121s] GC(18) User=0,12s Sys=0,01s Real=0,08s
[2019-04-15T14:04:13.790+0200][35,123s] GC(18) Concurrent Sweep
[2019-04-15T14:04:13.855+0200][35,188s] GC(18) Concurrent Sweep 64,855ms
[2019-04-15T14:04:13.855+0200][35,188s] GC(18) User=0,14s Sys=0,01s Real=0,07s
[2019-04-15T14:04:13.855+0200][35,188s] GC(18) Concurrent Reset
[2019-04-15T14:04:13.857+0200][35,190s] GC(18) Concurrent Reset 1,790ms
[2019-04-15T14:04:13.857+0200][35,190s] GC(18) User=0,00s Sys=0,00s Real=0,00s
[2019-04-15T14:04:13.857+0200][35,190s] GC(18) Old: 204831K->219456K(393216K)
[2019-04-15T14:04:14.206+0200][35,538s] GC(21) Pause Young (Allocation Failure)
[2019-04-15T14:04:14.206+0200][35,539s] GC(21) Using 4 workers of 4 for evacuation
[2019-04-15T14:04:14.244+0200][35,577s] GC(21) ParNew: 109248K->21824K(109248K)
[2019-04-15T14:04:14.244+0200][35,577s] GC(21) CMS: 219456K->245137K(393216K)
[2019-04-15T14:04:14.244+0200][35,577s] GC(21) Metaspace: 65097K->65097K(1110016K)
[2019-04-15T14:04:14.244+0200][35,577s] GC(21) Pause Young (Allocation Failure) 321M->260M(490M) 38,350ms
[2019-04-15T14:04:14.244+0200][35,577s] GC(21) User=0,08s Sys=0,00s Real=0,03s
[2019-04-15T14:04:14.250+0200][35,582s] GC(22) Pause Initial Mark
[2019-04-15T14:04:14.254+0200][35,586s] GC(22) Pause Initial Mark 261M->261M(490M) 3,981ms
[2019-04-15T14:04:14.254+0200][35,586s] GC(22) User=0,02s Sys=0,00s Real=0,01s
[2019-04-15T14:04:14.254+0200][35,586s] GC(22) Concurrent Mark
[2019-04-15T14:04:14.254+0200][35,586s] GC(22) Using 4 workers of 4 for marking
[2019-04-15T14:04:14.349+0200][35,681s] GC(22) Concurrent Mark 95,138ms
[2019-04-15T14:04:14.349+0200][35,681s] GC(22) User=0,19s Sys=0,03s Real=0,09s
[2019-04-15T14:04:14.349+0200][35,681s] GC(22) Concurrent Preclean
[2019-04-15T14:04:14.350+0200][35,683s] GC(22) Concurrent Preclean 1,227ms
[2019-04-15T14:04:14.350+0200][35,683s] GC(22) User=0,00s Sys=0,00s Real=0,00s
[2019-04-15T14:04:14.350+0200][35,683s] GC(22) Concurrent Abortable Preclean
[2019-04-15T14:04:15.103+0200][36,436s] GC(23) Pause Young (Allocation Failure)
[2019-04-15T14:04:15.103+0200][36,436s] GC(23) Using 4 workers of 4 for evacuation
[2019-04-15T14:04:15.171+0200][36,504s] GC(23) ParNew: 109248K->21824K(109248K)
[2019-04-15T14:04:15.171+0200][36,504s] GC(23) CMS: 245137K->323578K(393216K)
[2019-04-15T14:04:15.171+0200][36,504s] GC(23) Metaspace: 65098K->65098K(1110016K)
[2019-04-15T14:04:15.171+0200][36,504s] GC(23) Pause Young (Allocation Failure) 346M->337M(490M) 67,988ms
[2019-04-15T14:04:15.171+0200][36,504s] GC(23) User=0,06s Sys=0,04s Real=0,07s
[2019-04-15T14:04:15.483+0200][36,815s] GC(22) Concurrent Abortable Preclean 1132,449ms
[2019-04-15T14:04:15.483+0200][36,815s] GC(22) User=1,66s Sys=0,33s Real=1,13s
[2019-04-15T14:04:15.483+0200][36,816s] GC(22) Pause Remark
[2019-04-15T14:04:15.484+0200][36,816s] GC(24) Pause Young (CMS Final Remark)
[2019-04-15T14:04:15.484+0200][36,816s] GC(24) Using 4 workers of 4 for evacuation
[2019-04-15T14:04:15.484+0200][36,816s] GC(24) ParNew: 79083K->79083K(109248K)
[2019-04-15T14:04:15.484+0200][36,816s] GC(24) CMS: 323578K->323578K(393216K)
[2019-04-15T14:04:15.484+0200][36,816s] GC(24) Metaspace: 65109K->65109K(1110016K)
[2019-04-15T14:04:15.484+0200][36,816s] GC(24) Pause Young (CMS Final Remark) 393M->393M(490M) 0,183ms
[2019-04-15T14:04:15.484+0200][36,816s] GC(24) User=0,00s Sys=0,00s Real=0,00s
[2019-04-15T14:04:15.563+0200][36,896s] GC(22) Pause Remark 393M->393M(490M) 79,525ms
[2019-04-15T14:04:15.563+0200][36,896s] GC(22) User=0,14s Sys=0,00s Real=0,08s
[2019-04-15T14:04:15.563+0200][36,896s] GC(22) Concurrent Sweep
[2019-04-15T14:04:15.609+0200][36,942s] GC(22) Concurrent Sweep 45,999ms
[2019-04-15T14:04:15.609+0200][36,942s] GC(22) User=0,11s Sys=0,00s Real=0,05s
[2019-04-15T14:04:15.609+0200][36,942s] GC(22) Concurrent Reset
[2019-04-15T14:04:15.610+0200][36,943s] GC(22) Concurrent Reset 0,915ms
[2019-04-15T14:04:15.610+0200][36,943s] GC(22) User=0,00s Sys=0,00s Real=0,00s
[2019-04-15T14:04:15.610+0200][36,943s] GC(22) Old: 245137K->264480K(393216K)
[2019-04-15T14:04:15.660+0200][36,993s] GC(25) Pause Young (Allocation Failure)
[2019-04-15T14:04:15.660+0200][36,993s] GC(25) Using 4 workers of 4 for evacuation
[2019-04-15T14:04:15.689+0200][37,022s] GC(25) ParNew: 109248K->21824K(109248K)
[2019-04-15T14:04:15.689+0200][37,022s] GC(25) CMS: 264480K->302543K(393216K)
[2019-04-15T14:04:15.689+0200][37,022s] GC(25) Metaspace: 65110K->65110K(1110016K)
[2019-04-15T14:04:15.689+0200][37,022s] GC(25) Pause Young (Allocation Failure) 364M->316M(490M) 28,951ms
[2019-04-15T14:04:15.689+0200][37,022s] GC(25) User=0,06s Sys=0,00s Real=0,03s
[2019-04-15T14:04:15.698+0200][37,030s] GC(26) Pause Initial Mark
[2019-04-15T14:04:15.702+0200][37,034s] GC(26) Pause Initial Mark 318M->318M(490M) 4,156ms
[2019-04-15T14:04:15.702+0200][37,034s] GC(26) User=0,00s Sys=0,00s Real=0,00s
[2019-04-15T14:04:15.702+0200][37,034s] GC(26) Concurrent Mark
[2019-04-15T14:04:15.702+0200][37,034s] GC(26) Using 4 workers of 4 for marking
[2019-04-15T14:04:15.764+0200][37,097s] GC(26) Concurrent Mark 62,134ms
[2019-04-15T14:04:15.764+0200][37,097s] GC(26) User=0,14s Sys=0,00s Real=0,06s
[2019-04-15T14:04:15.764+0200][37,097s] GC(26) Concurrent Preclean
[2019-04-15T14:04:15.766+0200][37,098s] GC(26) Concurrent Preclean 1,449ms
[2019-04-15T14:04:15.766+0200][37,098s] GC(26) User=0,00s Sys=0,00s Real=0,01s
[2019-04-15T14:04:15.766+0200][37,098s] GC(26) Concurrent Abortable Preclean
[2019-04-15T14:04:16.131+0200][37,463s] GC(27) Pause Young (Allocation Failure)
[2019-04-15T14:04:16.131+0200][37,464s] GC(27) Using 4 workers of 4 for evacuation
[2019-04-15T14:04:16.142+0200][37,475s] GC(26) Concurrent Abortable Preclean 376,360ms
[2019-04-15T14:04:16.142+0200][37,475s] GC(26) User=0,42s Sys=0,01s Real=0,37s
[2019-04-15T14:04:16.179+0200][37,511s] GC(27) ParNew: 109248K->21824K(109248K)
[2019-04-15T14:04:16.179+0200][37,512s] GC(27) CMS: 302543K->333235K(393216K)
[2019-04-15T14:04:16.179+0200][37,512s] GC(27) Metaspace: 65116K->65116K(1110016K)
[2019-04-15T14:04:16.179+0200][37,512s] GC(27) Pause Young (Allocation Failure) 402M->346M(490M) 48,178ms
[2019-04-15T14:04:16.179+0200][37,512s] GC(27) User=0,08s Sys=0,01s Real=0,05s
[2019-04-15T14:04:16.181+0200][37,514s] GC(26) Pause Remark
[2019-04-15T14:04:16.181+0200][37,514s] GC(28) Pause Young (CMS Final Remark)
[2019-04-15T14:04:16.181+0200][37,514s] GC(28) Using 4 workers of 4 for evacuation
[2019-04-15T14:04:16.214+0200][37,546s] GC(28) ParNew: 23048K->21824K(109248K)
[2019-04-15T14:04:16.214+0200][37,546s] GC(28) CMS: 333235K->340697K(393216K)
[2019-04-15T14:04:16.214+0200][37,546s] GC(28) Metaspace: 65116K->65116K(1110016K)
[2019-04-15T14:04:16.214+0200][37,546s] GC(28) Pause Young (CMS Final Remark) 347M->354M(490M) 32,409ms
[2019-04-15T14:04:16.214+0200][37,546s] GC(28) User=0,04s Sys=0,00s Real=0,04s
[2019-04-15T14:04:16.268+0200][37,601s] GC(26) Pause Remark 347M->354M(490M) 87,286ms
[2019-04-15T14:04:16.268+0200][37,601s] GC(26) User=0,12s Sys=0,00s Real=0,09s
[2019-04-15T14:04:16.268+0200][37,601s] GC(26) Concurrent Sweep
[2019-04-15T14:04:16.346+0200][37,678s] GC(26) Concurrent Sweep 77,279ms
[2019-04-15T14:04:16.346+0200][37,678s] GC(26) User=0,14s Sys=0,00s Real=0,08s
[2019-04-15T14:04:16.346+0200][37,678s] GC(26) Concurrent Reset
[2019-04-15T14:04:16.346+0200][37,679s] GC(26) Concurrent Reset 0,483ms
[2019-04-15T14:04:16.346+0200][37,679s] GC(26) User=0,00s Sys=0,00s Real=0,00s
[2019-04-15T14:04:16.346+0200][37,679s] GC(26) Old: 302543K->262389K(393216K)
[2019-04-15T14:04:16.610+0200][37,943s] GC(29) Pause Young (Allocation Failure)
[2019-04-15T14:04:16.610+0200][37,943s] GC(29) Using 4 workers of 4 for evacuation
[2019-04-15T14:04:16.627+0200][37,960s] GC(29) ParNew: 109248K->21824K(109248K)
[2019-04-15T14:04:16.627+0200][37,960s] GC(29) CMS: 262389K->283807K(393216K)
[2019-04-15T14:04:16.627+0200][37,960s] GC(29) Metaspace: 65121K->65121K(1110016K)
[2019-04-15T14:04:16.627+0200][37,960s] GC(29) Pause Young (Allocation Failure) 362M->298M(490M) 16,776ms
[2019-04-15T14:04:16.627+0200][37,960s] GC(29) User=0,05s Sys=0,00s Real=0,02s
[2019-04-15T14:04:16.627+0200][37,960s] GC(30) Pause Initial Mark
[2019-04-15T14:04:16.628+0200][37,961s] GC(30) Pause Initial Mark 298M->298M(490M) 0,598ms
[2019-04-15T14:04:16.628+0200][37,961s] GC(30) User=0,00s Sys=0,00s Real=0,00s
[2019-04-15T14:04:16.628+0200][37,961s] GC(30) Concurrent Mark
[2019-04-15T14:04:16.628+0200][37,961s] GC(30) Using 4 workers of 4 for marking
[2019-04-15T14:04:16.683+0200][38,016s] GC(30) Concurrent Mark 55,344ms
[2019-04-15T14:04:16.683+0200][38,016s] GC(30) User=0,14s Sys=0,01s Real=0,05s
[2019-04-15T14:04:16.683+0200][38,016s] GC(30) Concurrent Preclean
[2019-04-15T14:04:16.684+0200][38,017s] GC(30) Concurrent Preclean 0,708ms
[2019-04-15T14:04:16.684+0200][38,017s] GC(30) User=0,00s Sys=0,00s Real=0,00s
[2019-04-15T14:04:16.684+0200][38,017s] GC(30) Concurrent Abortable Preclean
[2019-04-15T14:04:16.874+0200][38,206s] GC(31) Pause Young (Allocation Failure)
[2019-04-15T14:04:16.874+0200][38,206s] GC(31) Using 4 workers of 4 for evacuation
[2019-04-15T14:04:16.890+0200][38,223s] GC(31) ParNew: 109248K->21824K(109248K)
[2019-04-15T14:04:16.890+0200][38,223s] GC(31) CMS: 283807K->314356K(393216K)
[2019-04-15T14:04:16.890+0200][38,223s] GC(31) Metaspace: 65121K->65121K(1110016K)
[2019-04-15T14:04:16.890+0200][38,223s] GC(31) Pause Young (Allocation Failure) 383M->328M(490M) 16,642ms
[2019-04-15T14:04:16.890+0200][38,223s] GC(31) User=0,06s Sys=0,00s Real=0,01s
[2019-04-15T14:04:17.125+0200][38,458s] GC(30) Concurrent Abortable Preclean 440,768ms
[2019-04-15T14:04:17.125+0200][38,458s] GC(32) Pause Young (Allocation Failure)
[2019-04-15T14:04:17.125+0200][38,458s] GC(30) User=0,55s Sys=0,00s Real=0,45s
[2019-04-15T14:04:17.125+0200][38,458s] GC(32) Using 4 workers of 4 for evacuation
[2019-04-15T14:04:17.138+0200][38,471s] GC(32) ParNew: 109248K->21824K(109248K)
[2019-04-15T14:04:17.138+0200][38,471s] GC(32) CMS: 314356K->337136K(393216K)
[2019-04-15T14:04:17.138+0200][38,471s] GC(32) Metaspace: 65121K->65121K(1110016K)
[2019-04-15T14:04:17.138+0200][38,471s] GC(32) Pause Young (Allocation Failure) 413M->350M(490M) 13,472ms
[2019-04-15T14:04:17.138+0200][38,471s] GC(32) User=0,05s Sys=0,00s Real=0,01s
[2019-04-15T14:04:17.139+0200][38,471s] GC(30) Pause Remark
[2019-04-15T14:04:17.139+0200][38,471s] GC(33) Pause Young (CMS Final Remark)
[2019-04-15T14:04:17.139+0200][38,471s] GC(33) Using 4 workers of 4 for evacuation
[2019-04-15T14:04:17.146+0200][38,478s] GC(33) ParNew: 23429K->21824K(109248K)
[2019-04-15T14:04:17.146+0200][38,478s] GC(33) CMS: 337136K->341633K(393216K)
[2019-04-15T14:04:17.146+0200][38,478s] GC(33) Metaspace: 65121K->65121K(1110016K)
[2019-04-15T14:04:17.146+0200][38,478s] GC(33) Pause Young (CMS Final Remark) 352M->354M(490M) 7,079ms
[2019-04-15T14:04:17.146+0200][38,478s] GC(33) User=0,02s Sys=0,00s Real=0,01s
[2019-04-15T14:04:17.168+0200][38,500s] GC(30) Pause Remark 352M->354M(490M) 29,181ms
[2019-04-15T14:04:17.168+0200][38,500s] GC(30) User=0,06s Sys=0,00s Real=0,03s
[2019-04-15T14:04:17.168+0200][38,501s] GC(30) Concurrent Sweep
[2019-04-15T14:04:17.196+0200][38,528s] GC(30) Concurrent Sweep 27,834ms
[2019-04-15T14:04:17.196+0200][38,528s] GC(30) User=0,05s Sys=0,00s Real=0,03s
[2019-04-15T14:04:17.196+0200][38,528s] GC(30) Concurrent Reset
[2019-04-15T14:04:17.196+0200][38,529s] GC(30) Concurrent Reset 0,282ms
[2019-04-15T14:04:17.196+0200][38,529s] GC(30) User=0,00s Sys=0,00s Real=0,00s
[2019-04-15T14:04:17.196+0200][38,529s] GC(30) Old: 283807K->279066K(393216K)
[2019-04-15T14:04:17.355+0200][38,688s] GC(34) Pause Young (Allocation Failure)
[2019-04-15T14:04:17.355+0200][38,688s] GC(34) Using 4 workers of 4 for evacuation
[2019-04-15T14:04:17.367+0200][38,700s] GC(34) ParNew: 109248K->21824K(109248K)
[2019-04-15T14:04:17.367+0200][38,700s] GC(34) CMS: 279066K->299436K(393216K)
[2019-04-15T14:04:17.367+0200][38,700s] GC(34) Metaspace: 65121K->65121K(1110016K)
[2019-04-15T14:04:17.367+0200][38,700s] GC(34) Pause Young (Allocation Failure) 379M->313M(490M) 12,130ms
[2019-04-15T14:04:17.367+0200][38,700s] GC(34) User=0,04s Sys=0,00s Real=0,01s
[2019-04-15T14:04:17.367+0200][38,700s] GC(35) Pause Initial Mark
[2019-04-15T14:04:17.368+0200][38,700s] GC(35) Pause Initial Mark 315M->315M(490M) 0,559ms
[2019-04-15T14:04:17.368+0200][38,700s] GC(35) User=0,00s Sys=0,00s Real=0,00s
[2019-04-15T14:04:17.368+0200][38,700s] GC(35) Concurrent Mark
[2019-04-15T14:04:17.368+0200][38,701s] GC(35) Using 4 workers of 4 for marking
[2019-04-15T14:04:17.407+0200][38,739s] GC(35) Concurrent Mark 38,819ms
[2019-04-15T14:04:17.407+0200][38,739s] GC(35) User=0,14s Sys=0,00s Real=0,04s
[2019-04-15T14:04:17.407+0200][38,739s] GC(35) Concurrent Preclean
[2019-04-15T14:04:17.407+0200][38,740s] GC(35) Concurrent Preclean 0,699ms
[2019-04-15T14:04:17.407+0200][38,740s] GC(35) User=0,00s Sys=0,00s Real=0,00s
[2019-04-15T14:04:17.407+0200][38,740s] GC(35) Concurrent Abortable Preclean
[2019-04-15T14:04:17.558+0200][38,891s] GC(36) Pause Young (Allocation Failure)
[2019-04-15T14:04:17.558+0200][38,891s] GC(36) Using 4 workers of 4 for evacuation
[2019-04-15T14:04:17.570+0200][38,902s] GC(36) ParNew: 109248K->21824K(109248K)
[2019-04-15T14:04:17.570+0200][38,902s] GC(36) CMS: 299436K->322303K(393216K)
[2019-04-15T14:04:17.570+0200][38,902s] GC(36) Metaspace: 65123K->65123K(1110016K)
[2019-04-15T14:04:17.570+0200][38,902s] GC(36) Pause Young (Allocation Failure) 399M->336M(490M) 11,622ms
[2019-04-15T14:04:17.570+0200][38,902s] GC(36) User=0,04s Sys=0,00s Real=0,01s
[2019-04-15T14:04:17.797+0200][39,130s] GC(35) Concurrent Abortable Preclean 389,645ms
[2019-04-15T14:04:17.797+0200][39,130s] GC(35) User=0,85s Sys=0,04s Real=0,39s
[2019-04-15T14:04:17.797+0200][39,130s] GC(35) Pause Remark
[2019-04-15T14:04:17.797+0200][39,130s] GC(37) Pause Young (CMS Final Remark)
[2019-04-15T14:04:17.797+0200][39,130s] GC(37) Using 4 workers of 4 for evacuation
[2019-04-15T14:04:17.821+0200][39,154s] GC(37) ParNew: 100992K->21824K(109248K)
[2019-04-15T14:04:17.821+0200][39,154s] GC(37) CMS: 322303K->333305K(393216K)
[2019-04-15T14:04:17.821+0200][39,154s] GC(37) Metaspace: 65211K->65211K(1110016K)
[2019-04-15T14:04:17.821+0200][39,154s] GC(37) Pause Young (CMS Final Remark) 413M->346M(490M) 23,770ms
[2019-04-15T14:04:17.821+0200][39,154s] GC(37) User=0,08s Sys=0,00s Real=0,02s
[2019-04-15T14:04:17.851+0200][39,183s] GC(35) Pause Remark 413M->346M(490M) 53,581ms
[2019-04-15T14:04:17.851+0200][39,184s] GC(35) User=0,15s Sys=0,00s Real=0,05s
[2019-04-15T14:04:17.851+0200][39,184s] GC(35) Concurrent Sweep
[2019-04-15T14:04:17.901+0200][39,233s] GC(35) Concurrent Sweep 49,740ms
[2019-04-15T14:04:17.901+0200][39,233s] GC(35) User=0,17s Sys=0,01s Real=0,05s
[2019-04-15T14:04:17.901+0200][39,233s] GC(35) Concurrent Reset
[2019-04-15T14:04:17.901+0200][39,234s] GC(35) Concurrent Reset 0,456ms
[2019-04-15T14:04:17.901+0200][39,234s] GC(35) User=0,01s Sys=0,00s Real=0,00s
[2019-04-15T14:04:17.901+0200][39,234s] GC(35) Old: 299436K->303064K(393216K)
[2019-04-15T14:04:18.164+0200][39,497s] GC(38) Pause Young (Allocation Failure)
[2019-04-15T14:04:18.164+0200][39,497s] GC(38) Using 4 workers of 4 for evacuation
[2019-04-15T14:04:18.187+0200][39,520s] GC(38) ParNew: 109248K->18832K(109248K)
[2019-04-15T14:04:18.187+0200][39,520s] GC(38) CMS: 303064K->314575K(393216K)
[2019-04-15T14:04:18.187+0200][39,520s] GC(38) Metaspace: 65324K->65324K(1110016K)
[2019-04-15T14:04:18.187+0200][39,520s] GC(38) Pause Young (Allocation Failure) 402M->325M(490M) 23,293ms
[2019-04-15T14:04:18.187+0200][39,520s] GC(38) User=0,08s Sys=0,00s Real=0,03s
[2019-04-15T14:04:18.189+0200][39,522s] GC(39) Pause Initial Mark
[2019-04-15T14:04:18.190+0200][39,523s] GC(39) Pause Initial Mark 325M->325M(490M) 0,933ms
[2019-04-15T14:04:18.190+0200][39,523s] GC(39) User=0,00s Sys=0,00s Real=0,00s
[2019-04-15T14:04:18.190+0200][39,523s] GC(39) Concurrent Mark
[2019-04-15T14:04:18.190+0200][39,523s] GC(39) Using 4 workers of 4 for marking
[2019-04-15T14:04:18.242+0200][39,575s] GC(39) Concurrent Mark 51,640ms
[2019-04-15T14:04:18.242+0200][39,575s] GC(39) User=0,18s Sys=0,01s Real=0,05s
[2019-04-15T14:04:18.242+0200][39,575s] GC(39) Concurrent Preclean
[2019-04-15T14:04:18.243+0200][39,576s] GC(39) Concurrent Preclean 1,168ms
[2019-04-15T14:04:18.243+0200][39,576s] GC(39) User=0,00s Sys=0,00s Real=0,00s
[2019-04-15T14:04:18.243+0200][39,576s] GC(39) Concurrent Abortable Preclean
[2019-04-15T14:04:18.360+0200][39,693s] GC(39) Concurrent Abortable Preclean 117,008ms
[2019-04-15T14:04:18.360+0200][39,693s] GC(39) User=0,24s Sys=0,04s Real=0,12s
[2019-04-15T14:04:18.360+0200][39,693s] GC(39) Pause Remark
[2019-04-15T14:04:18.360+0200][39,693s] GC(40) Pause Young (CMS Final Remark)
[2019-04-15T14:04:18.360+0200][39,693s] GC(40) Using 4 workers of 4 for evacuation
[2019-04-15T14:04:18.381+0200][39,713s] GC(40) ParNew: 67468K->21824K(109248K)
[2019-04-15T14:04:18.381+0200][39,713s] GC(40) CMS: 314575K->340488K(393216K)
[2019-04-15T14:04:18.381+0200][39,713s] GC(40) Metaspace: 65324K->65324K(1110016K)
[2019-04-15T14:04:18.381+0200][39,713s] GC(40) Pause Young (CMS Final Remark) 373M->353M(490M) 20,158ms
[2019-04-15T14:04:18.381+0200][39,713s] GC(40) User=0,06s Sys=0,00s Real=0,02s
[2019-04-15T14:04:18.407+0200][39,739s] GC(39) Pause Remark 373M->353M(490M) 46,223ms
[2019-04-15T14:04:18.407+0200][39,739s] GC(39) User=0,11s Sys=0,00s Real=0,05s
[2019-04-15T14:04:18.411+0200][39,744s] GC(39) Concurrent Sweep
[2019-04-15T14:04:18.450+0200][39,782s] GC(39) Concurrent Sweep 38,367ms
[2019-04-15T14:04:18.450+0200][39,782s] GC(39) User=0,14s Sys=0,00s Real=0,04s
[2019-04-15T14:04:18.450+0200][39,783s] GC(39) Concurrent Reset
[2019-04-15T14:04:18.450+0200][39,783s] GC(39) Concurrent Reset 0,436ms
[2019-04-15T14:04:18.450+0200][39,783s] GC(39) User=0,00s Sys=0,00s Real=0,00s
[2019-04-15T14:04:18.450+0200][39,783s] GC(39) Old: 314575K->227634K(393216K)
[2019-04-15T14:04:18.757+0200][40,090s] GC(41) Pause Young (Allocation Failure)
[2019-04-15T14:04:18.757+0200][40,090s] GC(41) Using 4 workers of 4 for evacuation
[2019-04-15T14:04:18.785+0200][40,118s] GC(41) ParNew: 109248K->21824K(109248K)
[2019-04-15T14:04:18.785+0200][40,118s] GC(41) CMS: 227634K->294176K(393216K)
[2019-04-15T14:04:18.785+0200][40,118s] GC(41) Metaspace: 65363K->65363K(1110016K)
[2019-04-15T14:04:18.785+0200][40,118s] GC(41) Pause Young (Allocation Failure) 328M->308M(490M) 28,279ms
[2019-04-15T14:04:18.785+0200][40,118s] GC(41) User=0,07s Sys=0,00s Real=0,03s
[2019-04-15T14:04:18.790+0200][40,122s] GC(42) Pause Initial Mark
[2019-04-15T14:04:18.791+0200][40,123s] GC(42) Pause Initial Mark 314M->314M(490M) 1,001ms
[2019-04-15T14:04:18.791+0200][40,123s] GC(42) User=0,00s Sys=0,00s Real=0,00s
[2019-04-15T14:04:18.791+0200][40,124s] GC(42) Concurrent Mark
[2019-04-15T14:04:18.791+0200][40,124s] GC(42) Using 4 workers of 4 for marking
[2019-04-15T14:04:18.858+0200][40,191s] GC(42) Concurrent Mark 67,191ms
[2019-04-15T14:04:18.858+0200][40,191s] GC(42) User=0,22s Sys=0,00s Real=0,07s
[2019-04-15T14:04:18.858+0200][40,191s] GC(42) Concurrent Preclean
[2019-04-15T14:04:18.859+0200][40,192s] GC(42) Concurrent Preclean 1,250ms
[2019-04-15T14:04:18.859+0200][40,192s] GC(42) User=0,01s Sys=0,00s Real=0,00s
[2019-04-15T14:04:18.860+0200][40,192s] GC(42) Concurrent Abortable Preclean
[2019-04-15T14:04:19.220+0200][40,552s] GC(43) Pause Young (Allocation Failure)
[2019-04-15T14:04:19.220+0200][40,552s] GC(43) Using 4 workers of 4 for evacuation
[2019-04-15T14:04:19.238+0200][40,571s] GC(43) ParNew: 109248K->21824K(109248K)
[2019-04-15T14:04:19.238+0200][40,571s] GC(43) CMS: 294176K->329931K(393216K)
[2019-04-15T14:04:19.238+0200][40,571s] GC(43) Metaspace: 65398K->65398K(1110016K)
[2019-04-15T14:04:19.238+0200][40,571s] GC(43) Pause Young (Allocation Failure) 393M->343M(490M) 18,413ms
[2019-04-15T14:04:19.238+0200][40,571s] GC(43) User=0,06s Sys=0,00s Real=0,02s
[2019-04-15T14:04:19.378+0200][40,711s] GC(42) Concurrent Abortable Preclean 518,689ms
[2019-04-15T14:04:19.378+0200][40,711s] GC(42) User=1,14s Sys=0,11s Real=0,52s
[2019-04-15T14:04:19.378+0200][40,711s] GC(42) Pause Remark
[2019-04-15T14:04:19.378+0200][40,711s] GC(44) Pause Young (CMS Final Remark)
[2019-04-15T14:04:19.378+0200][40,711s] GC(44) Using 4 workers of 4 for evacuation
[2019-04-15T14:04:19.378+0200][40,711s] GC(44) ParNew: 78404K->78404K(109248K)
[2019-04-15T14:04:19.378+0200][40,711s] GC(44) CMS: 329931K->329931K(393216K)
[2019-04-15T14:04:19.378+0200][40,711s] GC(44) Metaspace: 65399K->65399K(1110016K)
[2019-04-15T14:04:19.378+0200][40,711s] GC(44) Pause Young (CMS Final Remark) 398M->398M(490M) 0,057ms
[2019-04-15T14:04:19.378+0200][40,711s] GC(44) User=0,00s Sys=0,00s Real=0,00s
[2019-04-15T14:04:19.401+0200][40,734s] GC(42) Pause Remark 398M->398M(490M) 22,792ms
[2019-04-15T14:04:19.401+0200][40,734s] GC(42) User=0,04s Sys=0,00s Real=0,02s
[2019-04-15T14:04:19.401+0200][40,734s] GC(42) Concurrent Sweep
[2019-04-15T14:04:19.430+0200][40,763s] GC(42) Concurrent Sweep 29,118ms
[2019-04-15T14:04:19.430+0200][40,763s] GC(42) User=0,06s Sys=0,00s Real=0,03s
[2019-04-15T14:04:19.430+0200][40,763s] GC(42) Concurrent Reset
[2019-04-15T14:04:19.431+0200][40,763s] GC(42) Concurrent Reset 0,318ms
[2019-04-15T14:04:19.431+0200][40,763s] GC(42) User=0,00s Sys=0,00s Real=0,00s
[2019-04-15T14:04:19.431+0200][40,763s] GC(42) Old: 294176K->193888K(393216K)
[2019-04-15T14:04:19.468+0200][40,801s] GC(45) Pause Young (Allocation Failure)
[2019-04-15T14:04:19.469+0200][40,801s] GC(45) Using 4 workers of 4 for evacuation
[2019-04-15T14:04:19.490+0200][40,822s] GC(45) ParNew: 109128K->21824K(109248K)
[2019-04-15T14:04:19.490+0200][40,822s] GC(45) CMS: 193888K->231326K(393216K)
[2019-04-15T14:04:19.490+0200][40,822s] GC(45) Metaspace: 65399K->65399K(1110016K)
[2019-04-15T14:04:19.490+0200][40,822s] GC(45) Pause Young (Allocation Failure) 295M->247M(490M) 21,171ms
[2019-04-15T14:04:19.490+0200][40,822s] GC(45) User=0,05s Sys=0,00s Real=0,02s
[2019-04-15T14:04:19.490+0200][40,823s] GC(46) Pause Initial Mark
[2019-04-15T14:04:19.491+0200][40,823s] GC(46) Pause Initial Mark 248M->248M(490M) 0,553ms
[2019-04-15T14:04:19.491+0200][40,823s] GC(46) User=0,01s Sys=0,00s Real=0,00s
[2019-04-15T14:04:19.491+0200][40,823s] GC(46) Concurrent Mark
[2019-04-15T14:04:19.491+0200][40,823s] GC(46) Using 4 workers of 4 for marking
[2019-04-15T14:04:19.541+0200][40,874s] GC(46) Concurrent Mark 50,463ms
[2019-04-15T14:04:19.541+0200][40,874s] GC(46) User=0,19s Sys=0,00s Real=0,05s
[2019-04-15T14:04:19.541+0200][40,874s] GC(46) Concurrent Preclean
[2019-04-15T14:04:19.542+0200][40,875s] GC(46) Concurrent Preclean 1,208ms
[2019-04-15T14:04:19.542+0200][40,875s] GC(46) User=0,00s Sys=0,00s Real=0,00s
[2019-04-15T14:04:19.542+0200][40,875s] GC(46) Concurrent Abortable Preclean
[2019-04-15T14:04:19.738+0200][41,071s] GC(47) Pause Young (Allocation Failure)
[2019-04-15T14:04:19.739+0200][41,071s] GC(47) Using 4 workers of 4 for evacuation
[2019-04-15T14:04:19.750+0200][41,083s] GC(47) ParNew: 108765K->21824K(109248K)
[2019-04-15T14:04:19.750+0200][41,083s] GC(47) CMS: 231326K->249879K(393216K)
[2019-04-15T14:04:19.750+0200][41,083s] GC(47) Metaspace: 65399K->65399K(1110016K)
[2019-04-15T14:04:19.750+0200][41,083s] GC(47) Pause Young (Allocation Failure) 332M->265M(490M) 11,719ms
[2019-04-15T14:04:19.750+0200][41,083s] GC(47) User=0,04s Sys=0,00s Real=0,01s
[2019-04-15T14:04:19.991+0200][41,323s] GC(48) Pause Young (Allocation Failure)
[2019-04-15T14:04:19.991+0200][41,323s] GC(48) Using 4 workers of 4 for evacuation
[2019-04-15T14:04:20.009+0200][41,341s] GC(48) ParNew: 109248K->21824K(109248K)
[2019-04-15T14:04:20.009+0200][41,341s] GC(48) CMS: 249879K->251573K(393216K)
[2019-04-15T14:04:20.009+0200][41,341s] GC(48) Metaspace: 65440K->65440K(1110016K)
[2019-04-15T14:04:20.009+0200][41,341s] GC(48) Pause Young (Allocation Failure) 350M->266M(490M) 17,981ms
[2019-04-15T14:04:20.009+0200][41,341s] GC(48) User=0,06s Sys=0,00s Real=0,02s
[2019-04-15T14:04:20.009+0200][41,341s] GC(46) Concurrent Abortable Preclean 466,241ms
[2019-04-15T14:04:20.009+0200][41,341s] GC(46) User=1,27s Sys=0,05s Real=0,47s
[2019-04-15T14:04:20.013+0200][41,346s] GC(46) Pause Remark
[2019-04-15T14:04:20.013+0200][41,346s] GC(49) Pause Young (CMS Final Remark)
[2019-04-15T14:04:20.013+0200][41,346s] GC(49) Using 4 workers of 4 for evacuation
[2019-04-15T14:04:20.063+0200][41,396s] GC(49) ParNew: 25607K->19614K(109248K)
[2019-04-15T14:04:20.063+0200][41,396s] GC(49) CMS: 251573K->271820K(393216K)
[2019-04-15T14:04:20.063+0200][41,396s] GC(49) Metaspace: 65440K->65440K(1110016K)
[2019-04-15T14:04:20.063+0200][41,396s] GC(49) Pause Young (CMS Final Remark) 270M->284M(490M) 50,178ms
[2019-04-15T14:04:20.063+0200][41,396s] GC(49) User=0,09s Sys=0,01s Real=0,04s
[2019-04-15T14:04:20.094+0200][41,426s] GC(46) Pause Remark 270M->284M(490M) 80,918ms
[2019-04-15T14:04:20.094+0200][41,427s] GC(46) User=0,17s Sys=0,01s Real=0,08s
[2019-04-15T14:04:20.094+0200][41,427s] GC(46) Concurrent Sweep
[2019-04-15T14:04:20.131+0200][41,463s] GC(46) Concurrent Sweep 36,623ms
[2019-04-15T14:04:20.131+0200][41,463s] GC(46) User=0,14s Sys=0,00s Real=0,03s
[2019-04-15T14:04:20.131+0200][41,463s] GC(46) Concurrent Reset
[2019-04-15T14:04:20.131+0200][41,464s] GC(46) Concurrent Reset 0,412ms
[2019-04-15T14:04:20.131+0200][41,464s] GC(46) User=0,00s Sys=0,00s Real=0,00s
[2019-04-15T14:04:20.131+0200][41,464s] GC(46) Old: 231326K->210109K(393216K)
[2019-04-15T14:04:20.617+0200][41,950s] GC(50) Pause Young (Allocation Failure)
[2019-04-15T14:04:20.617+0200][41,950s] GC(50) Using 4 workers of 4 for evacuation
[2019-04-15T14:04:20.637+0200][41,969s] GC(50) ParNew: 107038K->21824K(109248K)
[2019-04-15T14:04:20.637+0200][41,969s] GC(50) CMS: 210109K->246606K(393216K)
[2019-04-15T14:04:20.637+0200][41,969s] GC(50) Metaspace: 65451K->65451K(1110016K)
[2019-04-15T14:04:20.637+0200][41,970s] GC(50) Pause Young (Allocation Failure) 309M->262M(490M) 19,538ms
[2019-04-15T14:04:20.637+0200][41,970s] GC(50) User=0,04s Sys=0,00s Real=0,02s
[2019-04-15T14:04:20.637+0200][41,970s] GC(51) Pause Initial Mark
[2019-04-15T14:04:20.638+0200][41,970s] GC(51) Pause Initial Mark 263M->263M(490M) 0,673ms
[2019-04-15T14:04:20.638+0200][41,970s] GC(51) User=0,00s Sys=0,01s Real=0,00s
[2019-04-15T14:04:20.638+0200][41,970s] GC(51) Concurrent Mark
[2019-04-15T14:04:20.638+0200][41,970s] GC(51) Using 4 workers of 4 for marking
[2019-04-15T14:04:20.669+0200][42,002s] GC(51) Concurrent Mark 31,369ms
[2019-04-15T14:04:20.669+0200][42,002s] GC(51) User=0,10s Sys=0,00s Real=0,03s
[2019-04-15T14:04:20.669+0200][42,002s] GC(51) Concurrent Preclean
[2019-04-15T14:04:20.670+0200][42,003s] GC(51) Concurrent Preclean 0,779ms
[2019-04-15T14:04:20.670+0200][42,003s] GC(51) User=0,01s Sys=0,00s Real=0,00s
[2019-04-15T14:04:20.670+0200][42,003s] GC(51) Concurrent Abortable Preclean
[2019-04-15T14:04:20.820+0200][42,153s] GC(52) Pause Young (Allocation Failure)
[2019-04-15T14:04:20.820+0200][42,153s] GC(52) Using 4 workers of 4 for evacuation
[2019-04-15T14:04:20.874+0200][42,207s] GC(52) ParNew: 109248K->21824K(109248K)
[2019-04-15T14:04:20.874+0200][42,207s] GC(52) CMS: 246606K->326109K(393216K)
[2019-04-15T14:04:20.874+0200][42,207s] GC(52) Metaspace: 65464K->65464K(1110016K)
[2019-04-15T14:04:20.874+0200][42,207s] GC(52) Pause Young (Allocation Failure) 347M->339M(490M) 54,280ms
[2019-04-15T14:04:20.874+0200][42,207s] GC(52) User=0,05s Sys=0,03s Real=0,06s
[2019-04-15T14:04:21.022+0200][42,354s] GC(51) Concurrent Abortable Preclean 351,729ms
[2019-04-15T14:04:21.022+0200][42,354s] GC(51) User=0,61s Sys=0,10s Real=0,35s
[2019-04-15T14:04:21.027+0200][42,359s] GC(51) Pause Remark
[2019-04-15T14:04:21.027+0200][42,359s] GC(53) Pause Young (CMS Final Remark)
[2019-04-15T14:04:21.027+0200][42,359s] GC(53) Using 4 workers of 4 for evacuation
[2019-04-15T14:04:21.027+0200][42,359s] GC(53) ParNew: 71623K->71623K(109248K)
[2019-04-15T14:04:21.027+0200][42,359s] GC(53) CMS: 326109K->326109K(393216K)
[2019-04-15T14:04:21.027+0200][42,359s] GC(53) Metaspace: 65500K->65500K(1110016K)
[2019-04-15T14:04:21.027+0200][42,359s] GC(53) Pause Young (CMS Final Remark) 388M->388M(490M) 0,081ms
[2019-04-15T14:04:21.027+0200][42,359s] GC(53) User=0,00s Sys=0,00s Real=0,00s
[2019-04-15T14:04:21.065+0200][42,397s] GC(51) Pause Remark 388M->388M(490M) 38,089ms
[2019-04-15T14:04:21.065+0200][42,397s] GC(51) User=0,09s Sys=0,00s Real=0,03s
[2019-04-15T14:04:21.065+0200][42,397s] GC(51) Concurrent Sweep
[2019-04-15T14:04:21.120+0200][42,452s] GC(51) Concurrent Sweep 54,756ms
[2019-04-15T14:04:21.120+0200][42,452s] GC(51) User=0,12s Sys=0,01s Real=0,06s
[2019-04-15T14:04:21.120+0200][42,452s] GC(51) Concurrent Reset
[2019-04-15T14:04:21.120+0200][42,453s] GC(51) Concurrent Reset 0,666ms
[2019-04-15T14:04:21.120+0200][42,453s] GC(51) User=0,01s Sys=0,00s Real=0,00s
[2019-04-15T14:04:21.120+0200][42,453s] GC(51) Old: 246606K->246433K(393216K)
[2019-04-15T14:04:21.391+0200][42,724s] GC(54) Pause Young (Allocation Failure)
[2019-04-15T14:04:21.391+0200][42,724s] GC(54) Using 4 workers of 4 for evacuation
[2019-04-15T14:04:21.408+0200][42,740s] GC(54) ParNew: 109248K->21824K(109248K)
[2019-04-15T14:04:21.408+0200][42,740s] GC(54) CMS: 246433K->264080K(393216K)
[2019-04-15T14:04:21.408+0200][42,740s] GC(54) Metaspace: 65529K->65529K(1110016K)
[2019-04-15T14:04:21.408+0200][42,740s] GC(54) Pause Young (Allocation Failure) 347M->279M(490M) 16,684ms
[2019-04-15T14:04:21.408+0200][42,740s] GC(54) User=0,05s Sys=0,00s Real=0,02s
[2019-04-15T14:04:21.408+0200][42,741s] GC(55) Pause Initial Mark
[2019-04-15T14:04:21.409+0200][42,742s] GC(55) Pause Initial Mark 279M->279M(490M) 0,989ms
[2019-04-15T14:04:21.409+0200][42,742s] GC(55) User=0,00s Sys=0,00s Real=0,00s
[2019-04-15T14:04:21.409+0200][42,742s] GC(55) Concurrent Mark
[2019-04-15T14:04:21.409+0200][42,742s] GC(55) Using 4 workers of 4 for marking
[2019-04-15T14:04:21.477+0200][42,810s] GC(55) Concurrent Mark 68,186ms
[2019-04-15T14:04:21.477+0200][42,810s] GC(55) User=0,20s Sys=0,01s Real=0,07s
[2019-04-15T14:04:21.477+0200][42,810s] GC(55) Concurrent Preclean
[2019-04-15T14:04:21.479+0200][42,811s] GC(55) Concurrent Preclean 1,492ms
[2019-04-15T14:04:21.479+0200][42,811s] GC(55) User=0,00s Sys=0,00s Real=0,00s
[2019-04-15T14:04:21.479+0200][42,811s] GC(55) Concurrent Abortable Preclean
[2019-04-15T14:04:21.890+0200][43,222s] GC(56) Pause Young (Allocation Failure)
[2019-04-15T14:04:21.890+0200][43,222s] GC(56) Using 4 workers of 4 for evacuation
[2019-04-15T14:04:21.909+0200][43,241s] GC(56) ParNew: 109248K->21824K(109248K)
[2019-04-15T14:04:21.909+0200][43,241s] GC(56) CMS: 264080K->296724K(393216K)
[2019-04-15T14:04:21.909+0200][43,241s] GC(56) Metaspace: 65601K->65601K(1110016K)
[2019-04-15T14:04:21.909+0200][43,241s] GC(56) Pause Young (Allocation Failure) 364M->311M(490M) 19,292ms
[2019-04-15T14:04:21.909+0200][43,241s] GC(56) User=0,05s Sys=0,01s Real=0,02s
[2019-04-15T14:04:22.015+0200][43,348s] GC(55) Concurrent Abortable Preclean 536,470ms
[2019-04-15T14:04:22.015+0200][43,348s] GC(55) User=1,15s Sys=0,16s Real=0,54s
[2019-04-15T14:04:22.016+0200][43,348s] GC(55) Pause Remark
[2019-04-15T14:04:22.016+0200][43,348s] GC(57) Pause Young (CMS Final Remark)
[2019-04-15T14:04:22.016+0200][43,348s] GC(57) Using 4 workers of 4 for evacuation
[2019-04-15T14:04:22.052+0200][43,385s] GC(57) ParNew: 68613K->21745K(109248K)
[2019-04-15T14:04:22.052+0200][43,385s] GC(57) CMS: 296724K->318474K(393216K)
[2019-04-15T14:04:22.052+0200][43,385s] GC(57) Metaspace: 65642K->65642K(1110016K)
[2019-04-15T14:04:22.052+0200][43,385s] GC(57) Pause Young (CMS Final Remark) 356M->332M(490M) 36,622ms
[2019-04-15T14:04:22.052+0200][43,385s] GC(57) User=0,07s Sys=0,00s Real=0,03s
[2019-04-15T14:04:22.078+0200][43,410s] GC(55) Pause Remark 356M->332M(490M) 62,149ms
[2019-04-15T14:04:22.078+0200][43,410s] GC(55) User=0,11s Sys=0,00s Real=0,06s
[2019-04-15T14:04:22.078+0200][43,410s] GC(55) Concurrent Sweep
[2019-04-15T14:04:22.135+0200][43,468s] GC(55) Concurrent Sweep 57,409ms
[2019-04-15T14:04:22.135+0200][43,468s] GC(55) User=0,16s Sys=0,01s Real=0,06s
[2019-04-15T14:04:22.135+0200][43,468s] GC(55) Concurrent Reset
[2019-04-15T14:04:22.136+0200][43,468s] GC(55) Concurrent Reset 0,387ms
[2019-04-15T14:04:22.136+0200][43,468s] GC(55) User=0,00s Sys=0,00s Real=0,00s
[2019-04-15T14:04:22.136+0200][43,468s] GC(55) Old: 264080K->223211K(393216K)
[2019-04-15T14:04:22.322+0200][43,654s] GC(58) Pause Young (Allocation Failure)
[2019-04-15T14:04:22.322+0200][43,655s] GC(58) Using 4 workers of 4 for evacuation
[2019-04-15T14:04:22.339+0200][43,671s] GC(58) ParNew: 109169K->21824K(109248K)
[2019-04-15T14:04:22.339+0200][43,671s] GC(58) CMS: 223211K->240173K(393216K)
[2019-04-15T14:04:22.339+0200][43,671s] GC(58) Metaspace: 66277K->66277K(1110016K)
[2019-04-15T14:04:22.339+0200][43,672s] GC(58) Pause Young (Allocation Failure) 324M->255M(490M) 17,050ms
[2019-04-15T14:04:22.339+0200][43,672s] GC(58) User=0,05s Sys=0,00s Real=0,02s
[2019-04-15T14:04:22.339+0200][43,672s] GC(59) Pause Initial Mark
[2019-04-15T14:04:22.340+0200][43,673s] GC(59) Pause Initial Mark 256M->256M(490M) 0,843ms
[2019-04-15T14:04:22.340+0200][43,673s] GC(59) User=0,00s Sys=0,00s Real=0,00s
[2019-04-15T14:04:22.340+0200][43,673s] GC(59) Concurrent Mark
[2019-04-15T14:04:22.340+0200][43,673s] GC(59) Using 4 workers of 4 for marking
[2019-04-15T14:04:22.414+0200][43,747s] GC(59) Concurrent Mark 73,788ms
[2019-04-15T14:04:22.414+0200][43,747s] GC(59) User=0,23s Sys=0,02s Real=0,08s
[2019-04-15T14:04:22.414+0200][43,747s] GC(59) Concurrent Preclean
[2019-04-15T14:04:22.416+0200][43,748s] GC(59) Concurrent Preclean 1,454ms
[2019-04-15T14:04:22.416+0200][43,748s] GC(59) User=0,00s Sys=0,00s Real=0,00s
[2019-04-15T14:04:22.416+0200][43,748s] GC(59) Concurrent Abortable Preclean
[2019-04-15T14:04:22.516+0200][43,849s] GC(60) Pause Young (Allocation Failure)
[2019-04-15T14:04:22.516+0200][43,849s] GC(60) Using 4 workers of 4 for evacuation
[2019-04-15T14:04:22.551+0200][43,883s] GC(60) ParNew: 109248K->21824K(109248K)
[2019-04-15T14:04:22.551+0200][43,883s] GC(60) CMS: 240173K->305893K(393216K)
[2019-04-15T14:04:22.551+0200][43,883s] GC(60) Metaspace: 66431K->66431K(1110016K)
[2019-04-15T14:04:22.551+0200][43,883s] GC(60) Pause Young (Allocation Failure) 341M->320M(490M) 34,666ms
[2019-04-15T14:04:22.551+0200][43,883s] GC(60) User=0,10s Sys=0,00s Real=0,03s
[2019-04-15T14:04:22.944+0200][44,277s] GC(59) Concurrent Abortable Preclean 528,503ms
[2019-04-15T14:04:22.944+0200][44,277s] GC(59) User=1,26s Sys=0,17s Real=0,52s
[2019-04-15T14:04:22.944+0200][44,277s] GC(59) Pause Remark
[2019-04-15T14:04:22.944+0200][44,277s] GC(61) Pause Young (CMS Final Remark)
[2019-04-15T14:04:22.944+0200][44,277s] GC(61) Using 4 workers of 4 for evacuation
[2019-04-15T14:04:22.968+0200][44,300s] GC(61) ParNew: 83494K->21824K(109248K)
[2019-04-15T14:04:22.968+0200][44,300s] GC(61) CMS: 305893K->334037K(393216K)
[2019-04-15T14:04:22.968+0200][44,300s] GC(61) Metaspace: 66553K->66553K(1110016K)
[2019-04-15T14:04:22.968+0200][44,300s] GC(61) Pause Young (CMS Final Remark) 380M->347M(490M) 23,478ms
[2019-04-15T14:04:22.968+0200][44,301s] GC(61) User=0,05s Sys=0,01s Real=0,03s
[2019-04-15T14:04:23.002+0200][44,335s] GC(59) Pause Remark 380M->347M(490M) 57,564ms
[2019-04-15T14:04:23.002+0200][44,335s] GC(59) User=0,14s Sys=0,01s Real=0,06s
[2019-04-15T14:04:23.002+0200][44,335s] GC(59) Concurrent Sweep
[2019-04-15T14:04:23.053+0200][44,386s] GC(59) Concurrent Sweep 50,981ms
[2019-04-15T14:04:23.053+0200][44,386s] GC(59) User=0,16s Sys=0,00s Real=0,06s
[2019-04-15T14:04:23.053+0200][44,386s] GC(59) Concurrent Reset
[2019-04-15T14:04:23.054+0200][44,386s] GC(59) Concurrent Reset 0,475ms
[2019-04-15T14:04:23.054+0200][44,386s] GC(59) User=0,00s Sys=0,00s Real=0,00s
[2019-04-15T14:04:23.054+0200][44,386s] GC(59) Old: 240173K->197103K(393216K)
[2019-04-15T14:04:23.538+0200][44,871s] GC(62) Pause Young (Allocation Failure)
[2019-04-15T14:04:23.538+0200][44,871s] GC(62) Using 4 workers of 4 for evacuation
[2019-04-15T14:04:23.556+0200][44,889s] GC(62) ParNew: 109248K->21824K(109248K)
[2019-04-15T14:04:23.556+0200][44,889s] GC(62) CMS: 197103K->204903K(393216K)
[2019-04-15T14:04:23.556+0200][44,889s] GC(62) Metaspace: 67037K->67037K(1110016K)
[2019-04-15T14:04:23.556+0200][44,889s] GC(62) Pause Young (Allocation Failure) 299M->221M(490M) 18,178ms
[2019-04-15T14:04:23.556+0200][44,889s] GC(62) User=0,05s Sys=0,00s Real=0,02s
[2019-04-15T14:04:23.557+0200][44,889s] GC(63) Pause Initial Mark
[2019-04-15T14:04:23.559+0200][44,891s] GC(63) Pause Initial Mark 221M->221M(490M) 1,947ms
[2019-04-15T14:04:23.559+0200][44,891s] GC(63) User=0,01s Sys=0,00s Real=0,00s
[2019-04-15T14:04:23.559+0200][44,891s] GC(63) Concurrent Mark
[2019-04-15T14:04:23.559+0200][44,891s] GC(63) Using 4 workers of 4 for marking
[2019-04-15T14:04:23.605+0200][44,938s] GC(63) Concurrent Mark 46,330ms
[2019-04-15T14:04:23.605+0200][44,938s] GC(63) User=0,17s Sys=0,00s Real=0,05s
[2019-04-15T14:04:23.605+0200][44,938s] GC(63) Concurrent Preclean
[2019-04-15T14:04:23.606+0200][44,939s] GC(63) Concurrent Preclean 1,113ms
[2019-04-15T14:04:23.606+0200][44,939s] GC(63) User=0,00s Sys=0,00s Real=0,00s
[2019-04-15T14:04:23.606+0200][44,939s] GC(63) Concurrent Abortable Preclean
[2019-04-15T14:04:23.843+0200][45,176s] GC(64) Pause Young (Allocation Failure)
[2019-04-15T14:04:23.843+0200][45,176s] GC(64) Using 4 workers of 4 for evacuation
[2019-04-15T14:04:23.852+0200][45,185s] GC(64) ParNew: 108803K->14750K(109248K)
[2019-04-15T14:04:23.852+0200][45,185s] GC(64) CMS: 204903K->204903K(393216K)
[2019-04-15T14:04:23.852+0200][45,185s] GC(64) Metaspace: 67346K->67346K(1112064K)
[2019-04-15T14:04:23.853+0200][45,185s] GC(64) Pause Young (Allocation Failure) 306M->214M(490M) 9,510ms
[2019-04-15T14:04:23.853+0200][45,185s] GC(64) User=0,03s Sys=0,00s Real=0,01s
[2019-04-15T14:04:29.642+0200][50,975s] GC(63) Concurrent Abortable Preclean 6036,310ms
[2019-04-15T14:04:29.643+0200][50,975s] GC(63) User=3,29s Sys=0,01s Real=6,03s
[2019-04-15T14:04:29.643+0200][50,975s] GC(63) Pause Remark
[2019-04-15T14:04:29.643+0200][50,976s] GC(65) Pause Young (CMS Final Remark)
[2019-04-15T14:04:29.643+0200][50,976s] GC(65) Using 4 workers of 4 for evacuation
[2019-04-15T14:04:29.659+0200][50,991s] GC(65) ParNew: 23751K->5377K(109248K)
[2019-04-15T14:04:29.659+0200][50,991s] GC(65) CMS: 204903K->204903K(393216K)
[2019-04-15T14:04:29.659+0200][50,991s] GC(65) Metaspace: 67410K->67410K(1112064K)
[2019-04-15T14:04:29.659+0200][50,991s] GC(65) Pause Young (CMS Final Remark) 223M->205M(490M) 15,881ms
[2019-04-15T14:04:29.659+0200][50,992s] GC(65) User=0,04s Sys=0,00s Real=0,02s
[2019-04-15T14:04:29.719+0200][51,052s] GC(63) Pause Remark 223M->205M(490M) 76,557ms
[2019-04-15T14:04:29.719+0200][51,052s] GC(63) User=0,12s Sys=0,00s Real=0,08s
[2019-04-15T14:04:29.720+0200][51,052s] GC(63) Concurrent Sweep
[2019-04-15T14:04:29.756+0200][51,089s] GC(63) Concurrent Sweep 36,764ms
[2019-04-15T14:04:29.756+0200][51,089s] GC(63) User=0,04s Sys=0,00s Real=0,04s
[2019-04-15T14:04:29.756+0200][51,089s] GC(63) Concurrent Reset
[2019-04-15T14:04:29.757+0200][51,089s] GC(63) Concurrent Reset 0,302ms
[2019-04-15T14:04:29.757+0200][51,089s] GC(63) User=0,00s Sys=0,00s Real=0,00s
[2019-04-15T14:04:29.757+0200][51,089s] GC(63) Old: 204903K->158487K(393216K)
[2019-04-15T14:06:53.449+0200][194,782s] GC(66) Pause Young (Allocation Failure)
[2019-04-15T14:06:53.453+0200][194,786s] GC(66) Using 4 workers of 4 for evacuation
[2019-04-15T14:06:53.517+0200][194,850s] GC(66) ParNew: 92801K->21824K(109248K)
[2019-04-15T14:06:53.517+0200][194,850s] GC(66) CMS: 158487K->196105K(393216K)
[2019-04-15T14:06:53.517+0200][194,850s] GC(66) Metaspace: 68955K->68955K(1112064K)
[2019-04-15T14:06:53.517+0200][194,850s] GC(66) Pause Young (Allocation Failure) 245M->212M(490M) 67,950ms
[2019-04-15T14:06:53.517+0200][194,850s] GC(66) User=0,05s Sys=0,00s Real=0,07s
[2019-04-15T14:06:54.236+0200][195,568s] GC(67) Pause Young (Allocation Failure)
[2019-04-15T14:06:54.236+0200][195,568s] GC(67) Using 4 workers of 4 for evacuation
[2019-04-15T14:06:54.327+0200][195,660s] GC(67) ParNew: 109248K->21824K(109248K)
[2019-04-15T14:06:54.327+0200][195,660s] GC(67) CMS: 196105K->274403K(393216K)
[2019-04-15T14:06:54.327+0200][195,660s] GC(67) Metaspace: 68955K->68955K(1112064K)
[2019-04-15T14:06:54.327+0200][195,660s] GC(67) Pause Young (Allocation Failure) 298M->289M(490M) 91,617ms
[2019-04-15T14:06:54.327+0200][195,660s] GC(67) User=0,11s Sys=0,00s Real=0,09s
[2019-04-15T14:06:54.331+0200][195,663s] GC(68) Pause Initial Mark
[2019-04-15T14:06:54.334+0200][195,667s] GC(68) Pause Initial Mark 290M->290M(490M) 3,501ms
[2019-04-15T14:06:54.334+0200][195,667s] GC(68) User=0,01s Sys=0,00s Real=0,01s
[2019-04-15T14:06:54.335+0200][195,668s] GC(68) Concurrent Mark
[2019-04-15T14:06:54.335+0200][195,668s] GC(68) Using 4 workers of 4 for marking
[2019-04-15T14:06:54.426+0200][195,759s] GC(68) Concurrent Mark 90,921ms
[2019-04-15T14:06:54.426+0200][195,759s] GC(68) User=0,17s Sys=0,00s Real=0,09s
[2019-04-15T14:06:54.426+0200][195,759s] GC(68) Concurrent Preclean
[2019-04-15T14:06:54.427+0200][195,760s] GC(68) Concurrent Preclean 1,215ms
[2019-04-15T14:06:54.427+0200][195,760s] GC(68) User=0,00s Sys=0,00s Real=0,00s
[2019-04-15T14:06:54.427+0200][195,760s] GC(68) Concurrent Abortable Preclean
[2019-04-15T14:06:55.500+0200][196,832s] GC(69) Pause Young (Allocation Failure)
[2019-04-15T14:06:55.500+0200][196,832s] GC(69) Using 4 workers of 4 for evacuation
[2019-04-15T14:06:55.554+0200][196,887s] GC(69) ParNew: 109248K->21824K(109248K)
[2019-04-15T14:06:55.554+0200][196,887s] GC(69) CMS: 274403K->300648K(393216K)
[2019-04-15T14:06:55.554+0200][196,887s] GC(69) Metaspace: 69003K->69003K(1112064K)
[2019-04-15T14:06:55.554+0200][196,887s] GC(69) Pause Young (Allocation Failure) 374M->314M(490M) 54,360ms
[2019-04-15T14:06:55.554+0200][196,887s] GC(69) User=0,06s Sys=0,00s Real=0,06s
[2019-04-15T14:06:55.918+0200][197,250s] GC(70) Pause Young (Allocation Failure)
[2019-04-15T14:06:55.918+0200][197,251s] GC(70) Using 4 workers of 4 for evacuation
[2019-04-15T14:06:55.918+0200][197,251s] GC(68) Concurrent Abortable Preclean 1490,564ms
[2019-04-15T14:06:55.918+0200][197,251s] GC(68) User=1,17s Sys=0,16s Real=1,49s
[2019-04-15T14:06:55.951+0200][197,284s] GC(70) ParNew: 109248K->21471K(109248K)
[2019-04-15T14:06:55.951+0200][197,284s] GC(70) CMS: 300648K->322428K(393216K)
[2019-04-15T14:06:55.951+0200][197,284s] GC(70) Metaspace: 69004K->69004K(1112064K)
[2019-04-15T14:06:55.951+0200][197,284s] GC(70) Pause Young (Allocation Failure) 400M->335M(490M) 33,159ms
[2019-04-15T14:06:55.951+0200][197,284s] GC(70) User=0,07s Sys=0,00s Real=0,03s
[2019-04-15T14:06:55.956+0200][197,289s] GC(68) Pause Remark
[2019-04-15T14:06:55.956+0200][197,289s] GC(71) Pause Young (CMS Final Remark)
[2019-04-15T14:06:55.956+0200][197,289s] GC(71) Using 4 workers of 4 for evacuation
[2019-04-15T14:06:55.978+0200][197,310s] GC(71) ParNew: 25482K->4105K(109248K)
[2019-04-15T14:06:55.978+0200][197,310s] GC(71) CMS: 322428K->322428K(393216K)
[2019-04-15T14:06:55.978+0200][197,310s] GC(71) Metaspace: 69004K->69004K(1112064K)
[2019-04-15T14:06:55.978+0200][197,310s] GC(71) Pause Young (CMS Final Remark) 339M->318M(490M) 21,309ms
[2019-04-15T14:06:55.978+0200][197,310s] GC(71) User=0,04s Sys=0,00s Real=0,02s
[2019-04-15T14:06:56.039+0200][197,372s] GC(68) Pause Remark 339M->318M(490M) 83,128ms
[2019-04-15T14:06:56.040+0200][197,372s] GC(68) User=0,09s Sys=0,01s Real=0,08s
[2019-04-15T14:06:56.046+0200][197,379s] GC(68) Concurrent Sweep
[2019-04-15T14:06:56.099+0200][197,432s] GC(68) Concurrent Sweep 53,446ms
[2019-04-15T14:06:56.100+0200][197,432s] GC(68) User=0,07s Sys=0,01s Real=0,05s
[2019-04-15T14:06:56.100+0200][197,432s] GC(68) Concurrent Reset
[2019-04-15T14:06:56.101+0200][197,433s] GC(68) Concurrent Reset 1,111ms
[2019-04-15T14:06:56.101+0200][197,433s] GC(68) User=0,00s Sys=0,00s Real=0,00s
[2019-04-15T14:06:56.101+0200][197,434s] GC(68) Old: 274403K->247865K(393216K)
[2019-04-15T14:06:56.446+0200][197,779s] GC(72) Pause Young (Allocation Failure)
[2019-04-15T14:06:56.446+0200][197,779s] GC(72) Using 4 workers of 4 for evacuation
[2019-04-15T14:06:56.453+0200][197,785s] GC(72) ParNew: 91529K->2831K(109248K)
[2019-04-15T14:06:56.453+0200][197,785s] GC(72) CMS: 247865K->247865K(393216K)
[2019-04-15T14:06:56.453+0200][197,785s] GC(72) Metaspace: 69004K->69004K(1112064K)
[2019-04-15T14:06:56.453+0200][197,785s] GC(72) Pause Young (Allocation Failure) 331M->244M(490M) 6,723ms
[2019-04-15T14:06:56.453+0200][197,785s] GC(72) User=0,01s Sys=0,00s Real=0,00s
[2019-04-15T14:06:56.453+0200][197,786s] GC(73) Pause Initial Mark
[2019-04-15T14:06:56.454+0200][197,786s] GC(73) Pause Initial Mark 246M->246M(490M) 0,586ms
[2019-04-15T14:06:56.454+0200][197,786s] GC(73) User=0,01s Sys=0,00s Real=0,00s
[2019-04-15T14:06:56.454+0200][197,786s] GC(73) Concurrent Mark
[2019-04-15T14:06:56.454+0200][197,786s] GC(73) Using 4 workers of 4 for marking
[2019-04-15T14:06:56.539+0200][197,872s] GC(73) Concurrent Mark 85,786ms
[2019-04-15T14:06:56.539+0200][197,872s] GC(73) User=0,19s Sys=0,00s Real=0,08s
[2019-04-15T14:06:56.539+0200][197,872s] GC(73) Concurrent Preclean
[2019-04-15T14:06:56.541+0200][197,873s] GC(73) Concurrent Preclean 1,193ms
[2019-04-15T14:06:56.541+0200][197,873s] GC(73) User=0,00s Sys=0,00s Real=0,00s
[2019-04-15T14:06:56.541+0200][197,873s] GC(73) Concurrent Abortable Preclean
[2019-04-15T14:06:56.728+0200][198,061s] GC(74) Pause Young (Allocation Failure)
[2019-04-15T14:06:56.728+0200][198,061s] GC(74) Using 4 workers of 4 for evacuation
[2019-04-15T14:06:56.746+0200][198,079s] GC(74) ParNew: 90255K->2257K(109248K)
[2019-04-15T14:06:56.746+0200][198,079s] GC(74) CMS: 247865K->247865K(393216K)
[2019-04-15T14:06:56.746+0200][198,079s] GC(74) Metaspace: 69004K->69004K(1112064K)
[2019-04-15T14:06:56.746+0200][198,079s] GC(74) Pause Young (Allocation Failure) 330M->244M(490M) 18,233ms
[2019-04-15T14:06:56.746+0200][198,079s] GC(74) User=0,03s Sys=0,00s Real=0,02s
[2019-04-15T14:06:56.969+0200][198,302s] GC(75) Pause Young (Allocation Failure)
[2019-04-15T14:06:56.969+0200][198,302s] GC(75) Using 4 workers of 4 for evacuation
[2019-04-15T14:06:56.985+0200][198,318s] GC(75) ParNew: 89681K->2094K(109248K)
[2019-04-15T14:06:56.985+0200][198,318s] GC(75) CMS: 247865K->247865K(393216K)
[2019-04-15T14:06:56.985+0200][198,318s] GC(75) Metaspace: 69004K->69004K(1112064K)
[2019-04-15T14:06:56.985+0200][198,318s] GC(75) Pause Young (Allocation Failure) 329M->244M(490M) 16,048ms
[2019-04-15T14:06:56.985+0200][198,318s] GC(75) User=0,03s Sys=0,00s Real=0,02s
[2019-04-15T14:06:56.985+0200][198,318s] GC(73) Concurrent Abortable Preclean 444,520ms
[2019-04-15T14:06:56.985+0200][198,318s] GC(73) User=0,55s Sys=0,00s Real=0,45s
[2019-04-15T14:06:56.991+0200][198,323s] GC(73) Pause Remark
[2019-04-15T14:06:56.991+0200][198,323s] GC(76) Pause Young (CMS Final Remark)
[2019-04-15T14:06:56.991+0200][198,323s] GC(76) Using 4 workers of 4 for evacuation
[2019-04-15T14:06:57.021+0200][198,354s] GC(76) ParNew: 5186K->1117K(109248K)
[2019-04-15T14:06:57.021+0200][198,354s] GC(76) CMS: 247865K->247865K(393216K)
[2019-04-15T14:06:57.021+0200][198,354s] GC(76) Metaspace: 69005K->69005K(1112064K)
[2019-04-15T14:06:57.021+0200][198,354s] GC(76) Pause Young (CMS Final Remark) 247M->243M(490M) 30,314ms
[2019-04-15T14:06:57.021+0200][198,354s] GC(76) User=0,05s Sys=0,00s Real=0,03s
[2019-04-15T14:06:57.103+0200][198,435s] GC(73) Pause Remark 247M->243M(490M) 112,297ms
[2019-04-15T14:06:57.103+0200][198,436s] GC(73) User=0,15s Sys=0,01s Real=0,11s
[2019-04-15T14:06:57.129+0200][198,462s] GC(73) Concurrent Sweep
[2019-04-15T14:06:57.196+0200][198,529s] GC(73) Concurrent Sweep 67,457ms
[2019-04-15T14:06:57.196+0200][198,529s] GC(73) User=0,11s Sys=0,00s Real=0,07s
[2019-04-15T14:06:57.196+0200][198,529s] GC(73) Concurrent Reset
[2019-04-15T14:06:57.197+0200][198,530s] GC(73) Concurrent Reset 0,405ms
[2019-04-15T14:06:57.197+0200][198,530s] GC(73) User=0,00s Sys=0,00s Real=0,00s
[2019-04-15T14:06:57.197+0200][198,530s] GC(73) Old: 247865K->194211K(393216K)
[2019-04-15T14:06:57.344+0200][198,677s] GC(77) Pause Young (Allocation Failure)
[2019-04-15T14:06:57.345+0200][198,677s] GC(77) Using 4 workers of 4 for evacuation
[2019-04-15T14:06:57.376+0200][198,708s] GC(77) ParNew: 88541K->2110K(109248K)
[2019-04-15T14:06:57.376+0200][198,708s] GC(77) CMS: 194211K->194211K(393216K)
[2019-04-15T14:06:57.376+0200][198,709s] GC(77) Metaspace: 69005K->69005K(1112064K)
[2019-04-15T14:06:57.376+0200][198,709s] GC(77) Pause Young (Allocation Failure) 276M->191M(490M) 31,568ms
[2019-04-15T14:06:57.376+0200][198,709s] GC(77) User=0,04s Sys=0,00s Real=0,04s
[2019-04-15T14:06:57.577+0200][198,910s] GC(78) Pause Young (Allocation Failure)
[2019-04-15T14:06:57.578+0200][198,910s] GC(78) Using 4 workers of 4 for evacuation
[2019-04-15T14:06:57.598+0200][198,931s] GC(78) ParNew: 89534K->2458K(109248K)
[2019-04-15T14:06:57.598+0200][198,931s] GC(78) CMS: 194211K->194211K(393216K)
[2019-04-15T14:06:57.598+0200][198,931s] GC(78) Metaspace: 69005K->69005K(1112064K)
[2019-04-15T14:06:57.598+0200][198,931s] GC(78) Pause Young (Allocation Failure) 277M->192M(490M) 20,818ms
[2019-04-15T14:06:57.598+0200][198,931s] GC(78) User=0,03s Sys=0,00s Real=0,02s
[2019-04-15T14:06:57.722+0200][199,055s] GC(79) Pause Young (Allocation Failure)
[2019-04-15T14:06:57.722+0200][199,055s] GC(79) Using 4 workers of 4 for evacuation
[2019-04-15T14:06:57.754+0200][199,086s] GC(79) ParNew: 89882K->2348K(109248K)
[2019-04-15T14:06:57.754+0200][199,086s] GC(79) CMS: 194211K->194380K(393216K)
[2019-04-15T14:06:57.754+0200][199,086s] GC(79) Metaspace: 69006K->69006K(1112064K)
[2019-04-15T14:06:57.754+0200][199,086s] GC(79) Pause Young (Allocation Failure) 277M->192M(490M) 31,797ms
[2019-04-15T14:06:57.754+0200][199,087s] GC(79) User=0,04s Sys=0,00s Real=0,04s
[2019-04-15T14:06:57.946+0200][199,278s] GC(80) Pause Young (Allocation Failure)
[2019-04-15T14:06:57.946+0200][199,278s] GC(80) Using 4 workers of 4 for evacuation
[2019-04-15T14:06:57.969+0200][199,302s] GC(80) ParNew: 89772K->2113K(109248K)
[2019-04-15T14:06:57.969+0200][199,302s] GC(80) CMS: 194380K->194380K(393216K)
[2019-04-15T14:06:57.969+0200][199,302s] GC(80) Metaspace: 69006K->69006K(1112064K)
[2019-04-15T14:06:57.969+0200][199,302s] GC(80) Pause Young (Allocation Failure) 277M->191M(490M) 23,307ms
[2019-04-15T14:06:57.969+0200][199,302s] GC(80) User=0,03s Sys=0,00s Real=0,02s
[2019-04-15T14:06:59.050+0200][200,382s] GC(81) Pause Young (Allocation Failure)
[2019-04-15T14:06:59.050+0200][200,382s] GC(81) Using 4 workers of 4 for evacuation
[2019-04-15T14:06:59.113+0200][200,446s] GC(81) ParNew: 89537K->21824K(109248K)
[2019-04-15T14:06:59.113+0200][200,446s] GC(81) CMS: 194380K->232488K(393216K)
[2019-04-15T14:06:59.113+0200][200,446s] GC(81) Metaspace: 69013K->69013K(1112064K)
[2019-04-15T14:06:59.113+0200][200,446s] GC(81) Pause Young (Allocation Failure) 277M->248M(490M) 63,311ms
[2019-04-15T14:06:59.113+0200][200,446s] GC(81) User=0,07s Sys=0,00s Real=0,07s
[2019-04-15T14:06:59.119+0200][200,452s] GC(82) Pause Initial Mark
[2019-04-15T14:06:59.123+0200][200,456s] GC(82) Pause Initial Mark 253M->253M(490M) 4,161ms
[2019-04-15T14:06:59.123+0200][200,456s] GC(82) User=0,00s Sys=0,00s Real=0,00s
[2019-04-15T14:06:59.123+0200][200,456s] GC(82) Concurrent Mark
[2019-04-15T14:06:59.123+0200][200,456s] GC(82) Using 4 workers of 4 for marking
[2019-04-15T14:06:59.241+0200][200,574s] GC(82) Concurrent Mark 117,899ms
[2019-04-15T14:06:59.241+0200][200,574s] GC(82) User=0,24s Sys=0,00s Real=0,12s
[2019-04-15T14:06:59.241+0200][200,574s] GC(82) Concurrent Preclean
[2019-04-15T14:06:59.243+0200][200,576s] GC(82) Concurrent Preclean 1,663ms
[2019-04-15T14:06:59.243+0200][200,576s] GC(82) User=0,00s Sys=0,00s Real=0,00s
[2019-04-15T14:06:59.243+0200][200,576s] GC(82) Concurrent Abortable Preclean
[2019-04-15T14:06:59.299+0200][200,632s] GC(83) Pause Young (Allocation Failure)
[2019-04-15T14:06:59.299+0200][200,632s] GC(83) Using 4 workers of 4 for evacuation
[2019-04-15T14:06:59.372+0200][200,704s] GC(83) ParNew: 109248K->19977K(109248K)
[2019-04-15T14:06:59.372+0200][200,704s] GC(83) CMS: 232488K->253605K(393216K)
[2019-04-15T14:06:59.372+0200][200,704s] GC(83) Metaspace: 69017K->69017K(1112064K)
[2019-04-15T14:06:59.372+0200][200,704s] GC(83) Pause Young (Allocation Failure) 333M->267M(490M) 72,428ms
[2019-04-15T14:06:59.372+0200][200,704s] GC(83) User=0,10s Sys=0,00s Real=0,07s
[2019-04-15T14:06:59.759+0200][201,092s] GC(84) Pause Young (Allocation Failure)
[2019-04-15T14:06:59.759+0200][201,092s] GC(84) Using 4 workers of 4 for evacuation
[2019-04-15T14:06:59.829+0200][201,162s] GC(84) ParNew: 107401K->21824K(109248K)
[2019-04-15T14:06:59.829+0200][201,162s] GC(84) CMS: 253605K->302648K(393216K)
[2019-04-15T14:06:59.829+0200][201,162s] GC(84) Metaspace: 69017K->69017K(1112064K)
[2019-04-15T14:06:59.829+0200][201,162s] GC(84) Pause Young (Allocation Failure) 352M->316M(490M) 70,456ms
[2019-04-15T14:06:59.829+0200][201,162s] GC(84) User=0,06s Sys=0,00s Real=0,07s
[2019-04-15T14:06:59.857+0200][201,190s] GC(82) Concurrent Abortable Preclean 614,270ms
[2019-04-15T14:06:59.857+0200][201,190s] GC(82) User=0,53s Sys=0,08s Real=0,62s
[2019-04-15T14:06:59.864+0200][201,197s] GC(82) Pause Remark
[2019-04-15T14:06:59.864+0200][201,197s] GC(85) Pause Young (CMS Final Remark)
[2019-04-15T14:06:59.864+0200][201,197s] GC(85) Using 4 workers of 4 for evacuation
[2019-04-15T14:06:59.912+0200][201,244s] GC(85) ParNew: 27693K->21824K(109248K)
[2019-04-15T14:06:59.912+0200][201,244s] GC(85) CMS: 302648K->310044K(393216K)
[2019-04-15T14:06:59.912+0200][201,244s] GC(85) Metaspace: 69026K->69026K(1112064K)
[2019-04-15T14:06:59.912+0200][201,244s] GC(85) Pause Young (CMS Final Remark) 322M->324M(490M) 47,430ms
[2019-04-15T14:06:59.912+0200][201,244s] GC(85) User=0,05s Sys=0,00s Real=0,05s
[2019-04-15T14:06:59.997+0200][201,329s] GC(82) Pause Remark 322M->324M(490M) 132,354ms
[2019-04-15T14:06:59.997+0200][201,329s] GC(82) User=0,12s Sys=0,00s Real=0,14s
[2019-04-15T14:07:00.001+0200][201,334s] GC(82) Concurrent Sweep
[2019-04-15T14:07:00.104+0200][201,436s] GC(82) Concurrent Sweep 102,685ms
[2019-04-15T14:07:00.104+0200][201,437s] GC(82) User=0,15s Sys=0,00s Real=0,10s
[2019-04-15T14:07:00.104+0200][201,437s] GC(82) Concurrent Reset
[2019-04-15T14:07:00.105+0200][201,437s] GC(82) Concurrent Reset 0,732ms
[2019-04-15T14:07:00.105+0200][201,437s] GC(82) User=0,00s Sys=0,00s Real=0,00s
[2019-04-15T14:07:00.105+0200][201,438s] GC(82) Old: 232488K->217469K(393216K)
[2019-04-15T14:07:00.275+0200][201,608s] GC(86) Pause Young (Allocation Failure)
[2019-04-15T14:07:00.275+0200][201,608s] GC(86) Using 4 workers of 4 for evacuation
[2019-04-15T14:07:00.299+0200][201,631s] GC(86) ParNew: 109248K->21824K(109248K)
[2019-04-15T14:07:00.299+0200][201,632s] GC(86) CMS: 217469K->217469K(393216K)
[2019-04-15T14:07:00.299+0200][201,632s] GC(86) Metaspace: 69031K->69031K(1112064K)
[2019-04-15T14:07:00.299+0200][201,632s] GC(86) Pause Young (Allocation Failure) 319M->233M(490M) 23,612ms
[2019-04-15T14:07:00.299+0200][201,632s] GC(86) User=0,05s Sys=0,00s Real=0,02s
[2019-04-15T14:07:00.312+0200][201,645s] GC(87) Pause Initial Mark
[2019-04-15T14:07:00.319+0200][201,652s] GC(87) Pause Initial Mark 239M->239M(490M) 6,791ms
[2019-04-15T14:07:00.319+0200][201,652s] GC(87) User=0,02s Sys=0,00s Real=0,01s
[2019-04-15T14:07:00.319+0200][201,652s] GC(87) Concurrent Mark
[2019-04-15T14:07:00.319+0200][201,652s] GC(87) Using 4 workers of 4 for marking
[2019-04-15T14:07:00.392+0200][201,725s] GC(87) Concurrent Mark 72,756ms
[2019-04-15T14:07:00.392+0200][201,725s] GC(87) User=0,17s Sys=0,00s Real=0,07s
[2019-04-15T14:07:00.392+0200][201,725s] GC(87) Concurrent Preclean
[2019-04-15T14:07:00.393+0200][201,726s] GC(87) Concurrent Preclean 1,116ms
[2019-04-15T14:07:00.393+0200][201,726s] GC(87) User=0,00s Sys=0,00s Real=0,01s
[2019-04-15T14:07:00.393+0200][201,726s] GC(87) Concurrent Abortable Preclean
[2019-04-15T14:07:00.678+0200][202,010s] GC(88) Pause Young (Allocation Failure)
[2019-04-15T14:07:00.678+0200][202,011s] GC(88) Using 4 workers of 4 for evacuation
[2019-04-15T14:07:00.714+0200][202,046s] GC(88) ParNew: 109248K->19135K(109248K)
[2019-04-15T14:07:00.714+0200][202,046s] GC(88) CMS: 217469K->217469K(393216K)
[2019-04-15T14:07:00.714+0200][202,046s] GC(88) Metaspace: 69032K->69032K(1112064K)
[2019-04-15T14:07:00.714+0200][202,046s] GC(88) Pause Young (Allocation Failure) 319M->231M(490M) 36,024ms
[2019-04-15T14:07:00.714+0200][202,047s] GC(88) User=0,09s Sys=0,00s Real=0,04s
[2019-04-15T14:07:00.950+0200][202,282s] GC(89) Pause Young (Allocation Failure)
[2019-04-15T14:07:00.950+0200][202,282s] GC(89) Using 4 workers of 4 for evacuation
[2019-04-15T14:07:00.967+0200][202,300s] GC(87) Concurrent Abortable Preclean 573,754ms
[2019-04-15T14:07:00.967+0200][202,300s] GC(87) User=1,14s Sys=0,00s Real=0,57s
[2019-04-15T14:07:00.969+0200][202,302s] GC(89) ParNew: 106559K->21824K(109248K)
[2019-04-15T14:07:00.969+0200][202,302s] GC(89) CMS: 217469K->217469K(393216K)
[2019-04-15T14:07:00.969+0200][202,302s] GC(89) Metaspace: 69032K->69032K(1112064K)
[2019-04-15T14:07:00.969+0200][202,302s] GC(89) Pause Young (Allocation Failure) 316M->233M(490M) 19,666ms
[2019-04-15T14:07:00.969+0200][202,302s] GC(89) User=0,04s Sys=0,00s Real=0,02s
[2019-04-15T14:07:00.973+0200][202,305s] GC(87) Pause Remark
[2019-04-15T14:07:00.973+0200][202,306s] GC(90) Pause Young (CMS Final Remark)
[2019-04-15T14:07:00.973+0200][202,306s] GC(90) Using 4 workers of 4 for evacuation
[2019-04-15T14:07:00.996+0200][202,329s] GC(90) ParNew: 23416K->21824K(109248K)
[2019-04-15T14:07:00.997+0200][202,329s] GC(90) CMS: 217469K->217469K(393216K)
[2019-04-15T14:07:00.997+0200][202,329s] GC(90) Metaspace: 69032K->69032K(1112064K)
[2019-04-15T14:07:00.997+0200][202,329s] GC(90) Pause Young (CMS Final Remark) 235M->233M(490M) 23,577ms
[2019-04-15T14:07:00.997+0200][202,329s] GC(90) User=0,03s Sys=0,01s Real=0,02s
[2019-04-15T14:07:01.063+0200][202,396s] GC(87) Pause Remark 235M->233M(490M) 90,530ms
[2019-04-15T14:07:01.063+0200][202,396s] GC(87) User=0,10s Sys=0,01s Real=0,09s
[2019-04-15T14:07:01.063+0200][202,396s] GC(87) Concurrent Sweep
[2019-04-15T14:07:01.146+0200][202,479s] GC(87) Concurrent Sweep 82,526ms
[2019-04-15T14:07:01.146+0200][202,479s] GC(87) User=0,13s Sys=0,00s Real=0,09s
[2019-04-15T14:07:01.146+0200][202,479s] GC(87) Concurrent Reset
[2019-04-15T14:07:01.147+0200][202,479s] GC(87) Concurrent Reset 0,576ms
[2019-04-15T14:07:01.147+0200][202,479s] GC(87) User=0,00s Sys=0,00s Real=0,00s
[2019-04-15T14:07:01.147+0200][202,479s] GC(87) Old: 217469K->142734K(393216K)
[2019-04-15T14:07:01.270+0200][202,602s] GC(91) Pause Young (Allocation Failure)
[2019-04-15T14:07:01.270+0200][202,602s] GC(91) Using 4 workers of 4 for evacuation
[2019-04-15T14:07:01.296+0200][202,628s] GC(91) ParNew: 109248K->19033K(109248K)
[2019-04-15T14:07:01.296+0200][202,628s] GC(91) CMS: 142734K->142734K(393216K)
[2019-04-15T14:07:01.296+0200][202,628s] GC(91) Metaspace: 69032K->69032K(1112064K)
[2019-04-15T14:07:01.296+0200][202,628s] GC(91) Pause Young (Allocation Failure) 246M->157M(490M) 26,085ms
[2019-04-15T14:07:01.296+0200][202,628s] GC(91) User=0,05s Sys=0,00s Real=0,03s
[2019-04-15T14:07:01.412+0200][202,745s] GC(92) Pause Young (Allocation Failure)
[2019-04-15T14:07:01.412+0200][202,745s] GC(92) Using 4 workers of 4 for evacuation
[2019-04-15T14:07:01.445+0200][202,778s] GC(92) ParNew: 106457K->21824K(109248K)
[2019-04-15T14:07:01.445+0200][202,778s] GC(92) CMS: 142734K->143350K(393216K)
[2019-04-15T14:07:01.445+0200][202,778s] GC(92) Metaspace: 69034K->69034K(1112064K)
[2019-04-15T14:07:01.446+0200][202,778s] GC(92) Pause Young (Allocation Failure) 243M->161M(490M) 33,357ms
[2019-04-15T14:07:01.446+0200][202,778s] GC(92) User=0,06s Sys=0,00s Real=0,04s
[2019-04-15T14:07:01.675+0200][203,008s] GC(93) Pause Young (Allocation Failure)
[2019-04-15T14:07:01.675+0200][203,008s] GC(93) Using 4 workers of 4 for evacuation
[2019-04-15T14:07:01.715+0200][203,047s] GC(93) ParNew: 109248K->9897K(109248K)
[2019-04-15T14:07:01.715+0200][203,047s] GC(93) CMS: 143350K->156982K(393216K)
[2019-04-15T14:07:01.715+0200][203,047s] GC(93) Metaspace: 69035K->69035K(1112064K)
[2019-04-15T14:07:01.715+0200][203,047s] GC(93) Pause Young (Allocation Failure) 246M->162M(490M) 39,404ms
[2019-04-15T14:07:01.715+0200][203,047s] GC(93) User=0,09s Sys=0,00s Real=0,04s
[2019-04-15T14:07:01.889+0200][203,222s] GC(94) Pause Young (Allocation Failure)
[2019-04-15T14:07:01.889+0200][203,222s] GC(94) Using 4 workers of 4 for evacuation
[2019-04-15T14:07:01.914+0200][203,247s] GC(94) ParNew: 97321K->4628K(109248K)
[2019-04-15T14:07:01.914+0200][203,247s] GC(94) CMS: 156982K->157319K(393216K)
[2019-04-15T14:07:01.914+0200][203,247s] GC(94) Metaspace: 69052K->69052K(1112064K)
[2019-04-15T14:07:01.914+0200][203,247s] GC(94) Pause Young (Allocation Failure) 248M->158M(490M) 25,295ms
[2019-04-15T14:07:01.914+0200][203,247s] GC(94) User=0,05s Sys=0,00s Real=0,03s
[2019-04-15T14:07:02.087+0200][203,420s] GC(95) Pause Young (Allocation Failure)
[2019-04-15T14:07:02.087+0200][203,420s] GC(95) Using 4 workers of 4 for evacuation
[2019-04-15T14:07:02.095+0200][203,428s] GC(95) ParNew: 92052K->3176K(109248K)
[2019-04-15T14:07:02.095+0200][203,428s] GC(95) CMS: 157319K->157742K(393216K)
[2019-04-15T14:07:02.095+0200][203,428s] GC(95) Metaspace: 69052K->69052K(1112064K)
[2019-04-15T14:07:02.095+0200][203,428s] GC(95) Pause Young (Allocation Failure) 243M->157M(490M) 7,961ms
[2019-04-15T14:07:02.095+0200][203,428s] GC(95) User=0,02s Sys=0,00s Real=0,01s
[2019-04-15T14:07:02.231+0200][203,564s] GC(96) Pause Young (Allocation Failure)
[2019-04-15T14:07:02.232+0200][203,564s] GC(96) Using 4 workers of 4 for evacuation
[2019-04-15T14:07:02.256+0200][203,589s] GC(96) ParNew: 90600K->3012K(109248K)
[2019-04-15T14:07:02.256+0200][203,589s] GC(96) CMS: 157742K->157968K(393216K)
[2019-04-15T14:07:02.256+0200][203,589s] GC(96) Metaspace: 69052K->69052K(1112064K)
[2019-04-15T14:07:02.256+0200][203,589s] GC(96) Pause Young (Allocation Failure) 242M->157M(490M) 24,584ms
[2019-04-15T14:07:02.256+0200][203,589s] GC(96) User=0,05s Sys=0,00s Real=0,03s
[2019-04-15T14:07:02.398+0200][203,730s] GC(97) Pause Young (Allocation Failure)
[2019-04-15T14:07:02.398+0200][203,730s] GC(97) Using 4 workers of 4 for evacuation
[2019-04-15T14:07:02.411+0200][203,744s] GC(97) ParNew: 90436K->3859K(109248K)
[2019-04-15T14:07:02.411+0200][203,744s] GC(97) CMS: 157968K->158075K(393216K)
[2019-04-15T14:07:02.411+0200][203,744s] GC(97) Metaspace: 69052K->69052K(1112064K)
[2019-04-15T14:07:02.411+0200][203,744s] GC(97) Pause Young (Allocation Failure) 242M->158M(490M) 13,452ms
[2019-04-15T14:07:02.411+0200][203,744s] GC(97) User=0,03s Sys=0,00s Real=0,01s
[2019-04-15T14:07:02.579+0200][203,912s] GC(98) Pause Young (Allocation Failure)
[2019-04-15T14:07:02.580+0200][203,912s] GC(98) Using 4 workers of 4 for evacuation
[2019-04-15T14:07:02.591+0200][203,924s] GC(98) ParNew: 91283K->3404K(109248K)
[2019-04-15T14:07:02.591+0200][203,924s] GC(98) CMS: 158075K->158075K(393216K)
[2019-04-15T14:07:02.591+0200][203,924s] GC(98) Metaspace: 69052K->69052K(1112064K)
[2019-04-15T14:07:02.591+0200][203,924s] GC(98) Pause Young (Allocation Failure) 243M->157M(490M) 11,934ms
[2019-04-15T14:07:02.591+0200][203,924s] GC(98) User=0,02s Sys=0,00s Real=0,01s
[2019-04-15T14:07:02.723+0200][204,056s] GC(99) Pause Young (Allocation Failure)
[2019-04-15T14:07:02.723+0200][204,056s] GC(99) Using 4 workers of 4 for evacuation
[2019-04-15T14:07:02.731+0200][204,063s] GC(99) ParNew: 90828K->3451K(109248K)
[2019-04-15T14:07:02.731+0200][204,063s] GC(99) CMS: 158075K->158232K(393216K)
[2019-04-15T14:07:02.731+0200][204,063s] GC(99) Metaspace: 69052K->69052K(1112064K)
[2019-04-15T14:07:02.731+0200][204,063s] GC(99) Pause Young (Allocation Failure) 243M->157M(490M) 7,378ms
[2019-04-15T14:07:02.731+0200][204,063s] GC(99) User=0,01s Sys=0,00s Real=0,01s
[2019-04-15T14:07:02.836+0200][204,168s] GC(100) Pause Young (Allocation Failure)
[2019-04-15T14:07:02.836+0200][204,169s] GC(100) Using 4 workers of 4 for evacuation
[2019-04-15T14:07:02.845+0200][204,177s] GC(100) ParNew: 90875K->3117K(109248K)
[2019-04-15T14:07:02.845+0200][204,177s] GC(100) CMS: 158232K->158340K(393216K)
[2019-04-15T14:07:02.845+0200][204,177s] GC(100) Metaspace: 69052K->69052K(1112064K)
[2019-04-15T14:07:02.845+0200][204,177s] GC(100) Pause Young (Allocation Failure) 243M->157M(490M) 8,781ms
[2019-04-15T14:07:02.845+0200][204,177s] GC(100) User=0,02s Sys=0,00s Real=0,00s
[2019-04-15T14:07:03.077+0200][204,409s] GC(101) Pause Young (Allocation Failure)
[2019-04-15T14:07:03.077+0200][204,410s] GC(101) Using 4 workers of 4 for evacuation
[2019-04-15T14:07:03.087+0200][204,419s] GC(101) ParNew: 90541K->3480K(109248K)
[2019-04-15T14:07:03.087+0200][204,419s] GC(101) CMS: 158340K->158346K(393216K)
[2019-04-15T14:07:03.087+0200][204,419s] GC(101) Metaspace: 69052K->69052K(1112064K)
[2019-04-15T14:07:03.087+0200][204,419s] GC(101) Pause Young (Allocation Failure) 243M->158M(490M) 10,029ms
[2019-04-15T14:07:03.087+0200][204,419s] GC(101) User=0,01s Sys=0,01s Real=0,01s
[2019-04-15T14:07:03.341+0200][204,674s] GC(102) Pause Young (Allocation Failure)
[2019-04-15T14:07:03.341+0200][204,674s] GC(102) Using 4 workers of 4 for evacuation
[2019-04-15T14:07:03.361+0200][204,693s] GC(102) ParNew: 90904K->3700K(109248K)
[2019-04-15T14:07:03.361+0200][204,693s] GC(102) CMS: 158346K->158354K(393216K)
[2019-04-15T14:07:03.361+0200][204,693s] GC(102) Metaspace: 69052K->69052K(1112064K)
[2019-04-15T14:07:03.361+0200][204,693s] GC(102) Pause Young (Allocation Failure) 243M->158M(490M) 19,871ms
[2019-04-15T14:07:03.361+0200][204,693s] GC(102) User=0,02s Sys=0,00s Real=0,02s
[2019-04-15T14:07:03.588+0200][204,921s] GC(103) Pause Young (Allocation Failure)
[2019-04-15T14:07:03.588+0200][204,921s] GC(103) Using 4 workers of 4 for evacuation
[2019-04-15T14:07:03.621+0200][204,954s] GC(103) ParNew: 91124K->3347K(109248K)
[2019-04-15T14:07:03.622+0200][204,954s] GC(103) CMS: 158354K->158357K(393216K)
[2019-04-15T14:07:03.622+0200][204,954s] GC(103) Metaspace: 69055K->69055K(1112064K)
[2019-04-15T14:07:03.622+0200][204,954s] GC(103) Pause Young (Allocation Failure) 243M->157M(490M) 33,667ms
[2019-04-15T14:07:03.622+0200][204,954s] GC(103) User=0,03s Sys=0,00s Real=0,03s
[2019-04-15T14:07:03.779+0200][205,111s] GC(104) Pause Young (Allocation Failure)
[2019-04-15T14:07:03.779+0200][205,112s] GC(104) Using 4 workers of 4 for evacuation
[2019-04-15T14:07:03.797+0200][205,130s] GC(104) ParNew: 90771K->3330K(109248K)
[2019-04-15T14:07:03.797+0200][205,130s] GC(104) CMS: 158357K->158363K(393216K)
[2019-04-15T14:07:03.797+0200][205,130s] GC(104) Metaspace: 69055K->69055K(1112064K)
[2019-04-15T14:07:03.797+0200][205,130s] GC(104) Pause Young (Allocation Failure) 243M->157M(490M) 18,155ms
[2019-04-15T14:07:03.797+0200][205,130s] GC(104) User=0,01s Sys=0,00s Real=0,02s
[2019-04-15T14:07:04.065+0200][205,397s] GC(105) Pause Young (Allocation Failure)
[2019-04-15T14:07:04.065+0200][205,397s] GC(105) Using 4 workers of 4 for evacuation
[2019-04-15T14:07:04.073+0200][205,406s] GC(105) ParNew: 90754K->1569K(109248K)
[2019-04-15T14:07:04.073+0200][205,406s] GC(105) CMS: 158363K->160419K(393216K)
[2019-04-15T14:07:04.073+0200][205,406s] GC(105) Metaspace: 69055K->69055K(1112064K)
[2019-04-15T14:07:04.073+0200][205,406s] GC(105) Pause Young (Allocation Failure) 243M->158M(490M) 8,463ms
[2019-04-15T14:07:04.073+0200][205,406s] GC(105) User=0,02s Sys=0,00s Real=0,02s
[2019-04-15T14:07:04.210+0200][205,542s] GC(106) Pause Young (Allocation Failure)
[2019-04-15T14:07:04.210+0200][205,542s] GC(106) Using 4 workers of 4 for evacuation
[2019-04-15T14:07:04.227+0200][205,560s] GC(106) ParNew: 88993K->5444K(109248K)
[2019-04-15T14:07:04.227+0200][205,560s] GC(106) CMS: 160419K->160424K(393216K)
[2019-04-15T14:07:04.227+0200][205,560s] GC(106) Metaspace: 69055K->69055K(1112064K)
[2019-04-15T14:07:04.227+0200][205,560s] GC(106) Pause Young (Allocation Failure) 243M->161M(490M) 17,588ms
[2019-04-15T14:07:04.227+0200][205,560s] GC(106) User=0,03s Sys=0,00s Real=0,02s
[2019-04-15T14:07:04.417+0200][205,750s] GC(107) Pause Young (Allocation Failure)
[2019-04-15T14:07:04.417+0200][205,750s] GC(107) Using 4 workers of 4 for evacuation
[2019-04-15T14:07:04.424+0200][205,756s] GC(107) ParNew: 92868K->5564K(109248K)
[2019-04-15T14:07:04.424+0200][205,756s] GC(107) CMS: 160424K->160430K(393216K)
[2019-04-15T14:07:04.424+0200][205,756s] GC(107) Metaspace: 69057K->69057K(1112064K)
[2019-04-15T14:07:04.424+0200][205,756s] GC(107) Pause Young (Allocation Failure) 247M->162M(490M) 6,293ms
[2019-04-15T14:07:04.424+0200][205,756s] GC(107) User=0,02s Sys=0,00s Real=0,00s
[2019-04-15T14:07:04.588+0200][205,921s] GC(108) Pause Young (Allocation Failure)
[2019-04-15T14:07:04.588+0200][205,921s] GC(108) Using 4 workers of 4 for evacuation
[2019-04-15T14:07:04.601+0200][205,934s] GC(108) ParNew: 92988K->5588K(109248K)
[2019-04-15T14:07:04.601+0200][205,934s] GC(108) CMS: 160430K->160484K(393216K)
[2019-04-15T14:07:04.601+0200][205,934s] GC(108) Metaspace: 69057K->69057K(1112064K)
[2019-04-15T14:07:04.601+0200][205,934s] GC(108) Pause Young (Allocation Failure) 247M->162M(490M) 13,337ms
[2019-04-15T14:07:04.601+0200][205,934s] GC(108) User=0,02s Sys=0,00s Real=0,01s
[2019-04-15T14:07:04.775+0200][206,108s] GC(109) Pause Young (Allocation Failure)
[2019-04-15T14:07:04.775+0200][206,108s] GC(109) Using 4 workers of 4 for evacuation
[2019-04-15T14:07:04.785+0200][206,117s] GC(109) ParNew: 93012K->5674K(109248K)
[2019-04-15T14:07:04.785+0200][206,118s] GC(109) CMS: 160484K->160541K(393216K)
[2019-04-15T14:07:04.785+0200][206,118s] GC(109) Metaspace: 69057K->69057K(1112064K)
[2019-04-15T14:07:04.785+0200][206,118s] GC(109) Pause Young (Allocation Failure) 247M->162M(490M) 9,870ms
[2019-04-15T14:07:04.785+0200][206,118s] GC(109) User=0,02s Sys=0,01s Real=0,01s
[2019-04-15T14:07:04.901+0200][206,233s] GC(110) Pause Young (Allocation Failure)
[2019-04-15T14:07:04.901+0200][206,233s] GC(110) Using 4 workers of 4 for evacuation
[2019-04-15T14:07:04.917+0200][206,250s] GC(110) ParNew: 93098K->5351K(109248K)
[2019-04-15T14:07:04.917+0200][206,250s] GC(110) CMS: 160541K->160545K(393216K)
[2019-04-15T14:07:04.917+0200][206,250s] GC(110) Metaspace: 69057K->69057K(1112064K)
[2019-04-15T14:07:04.917+0200][206,250s] GC(110) Pause Young (Allocation Failure) 247M->162M(490M) 16,514ms
[2019-04-15T14:07:04.917+0200][206,250s] GC(110) User=0,02s Sys=0,00s Real=0,02s
[2019-04-15T14:07:05.045+0200][206,377s] GC(111) Pause Young (Allocation Failure)
[2019-04-15T14:07:05.045+0200][206,377s] GC(111) Using 4 workers of 4 for evacuation
[2019-04-15T14:07:05.050+0200][206,383s] GC(111) ParNew: 92775K->5200K(109248K)
[2019-04-15T14:07:05.050+0200][206,383s] GC(111) CMS: 160545K->160552K(393216K)
[2019-04-15T14:07:05.050+0200][206,383s] GC(111) Metaspace: 69057K->69057K(1112064K)
[2019-04-15T14:07:05.050+0200][206,383s] GC(111) Pause Young (Allocation Failure) 247M->161M(490M) 5,398ms
[2019-04-15T14:07:05.050+0200][206,383s] GC(111) User=0,02s Sys=0,00s Real=0,01s
[2019-04-15T14:07:05.171+0200][206,503s] GC(112) Pause Young (Allocation Failure)
[2019-04-15T14:07:05.171+0200][206,503s] GC(112) Using 4 workers of 4 for evacuation
[2019-04-15T14:07:05.178+0200][206,510s] GC(112) ParNew: 92624K->5677K(109248K)
[2019-04-15T14:07:05.178+0200][206,510s] GC(112) CMS: 160552K->160555K(393216K)
[2019-04-15T14:07:05.178+0200][206,510s] GC(112) Metaspace: 69057K->69057K(1112064K)
[2019-04-15T14:07:05.178+0200][206,510s] GC(112) Pause Young (Allocation Failure) 247M->162M(490M) 7,030ms
[2019-04-15T14:07:05.178+0200][206,510s] GC(112) User=0,02s Sys=0,00s Real=0,01s
[2019-04-15T14:07:05.285+0200][206,617s] GC(113) Pause Young (Allocation Failure)
[2019-04-15T14:07:05.285+0200][206,617s] GC(113) Using 4 workers of 4 for evacuation
[2019-04-15T14:07:05.292+0200][206,624s] GC(113) ParNew: 93101K->5221K(109248K)
[2019-04-15T14:07:05.292+0200][206,624s] GC(113) CMS: 160555K->160560K(393216K)
[2019-04-15T14:07:05.292+0200][206,624s] GC(113) Metaspace: 69057K->69057K(1112064K)
[2019-04-15T14:07:05.292+0200][206,624s] GC(113) Pause Young (Allocation Failure) 247M->161M(490M) 6,991ms
[2019-04-15T14:07:05.292+0200][206,624s] GC(113) User=0,01s Sys=0,00s Real=0,01s
[2019-04-15T14:07:05.384+0200][206,717s] GC(114) Pause Young (Allocation Failure)
[2019-04-15T14:07:05.384+0200][206,717s] GC(114) Using 4 workers of 4 for evacuation
[2019-04-15T14:07:05.421+0200][206,754s] GC(114) ParNew: 92645K->1180K(109248K)
[2019-04-15T14:07:05.421+0200][206,754s] GC(114) CMS: 160560K->164664K(393216K)
[2019-04-15T14:07:05.421+0200][206,754s] GC(114) Metaspace: 69058K->69058K(1112064K)
[2019-04-15T14:07:05.421+0200][206,754s] GC(114) Pause Young (Allocation Failure) 247M->161M(490M) 37,098ms
[2019-04-15T14:07:05.421+0200][206,754s] GC(114) User=0,04s Sys=0,00s Real=0,04s
[2019-04-15T14:07:06.024+0200][207,357s] GC(115) Pause Young (Allocation Failure)
[2019-04-15T14:07:06.024+0200][207,357s] GC(115) Using 4 workers of 4 for evacuation
[2019-04-15T14:07:06.054+0200][207,386s] GC(115) ParNew: 88604K->21824K(109248K)
[2019-04-15T14:07:06.054+0200][207,386s] GC(115) CMS: 164664K->184528K(393216K)
[2019-04-15T14:07:06.054+0200][207,386s] GC(115) Metaspace: 69063K->69063K(1112064K)
[2019-04-15T14:07:06.054+0200][207,387s] GC(115) Pause Young (Allocation Failure) 247M->201M(490M) 29,957ms
[2019-04-15T14:07:06.054+0200][207,387s] GC(115) User=0,06s Sys=0,00s Real=0,04s
[2019-04-15T14:07:06.176+0200][207,508s] GC(116) Pause Young (Allocation Failure)
[2019-04-15T14:07:06.176+0200][207,508s] GC(116) Using 4 workers of 4 for evacuation
[2019-04-15T14:07:06.210+0200][207,543s] GC(116) ParNew: 109248K->15248K(109248K)
[2019-04-15T14:07:06.210+0200][207,543s] GC(116) CMS: 184528K->206054K(393216K)
[2019-04-15T14:07:06.210+0200][207,543s] GC(116) Metaspace: 69074K->69074K(1112064K)
[2019-04-15T14:07:06.210+0200][207,543s] GC(116) Pause Young (Allocation Failure) 286M->216M(490M) 34,984ms
[2019-04-15T14:07:06.210+0200][207,543s] GC(116) User=0,06s Sys=0,00s Real=0,03s
[2019-04-15T14:07:06.213+0200][207,546s] GC(117) Pause Initial Mark
[2019-04-15T14:07:06.218+0200][207,550s] GC(117) Pause Initial Mark 220M->220M(490M) 4,663ms
[2019-04-15T14:07:06.218+0200][207,550s] GC(117) User=0,01s Sys=0,00s Real=0,00s
[2019-04-15T14:07:06.218+0200][207,550s] GC(117) Concurrent Mark
[2019-04-15T14:07:06.218+0200][207,550s] GC(117) Using 4 workers of 4 for marking
[2019-04-15T14:07:06.293+0200][207,626s] GC(117) Concurrent Mark 75,230ms
[2019-04-15T14:07:06.293+0200][207,626s] GC(117) User=0,17s Sys=0,01s Real=0,08s
[2019-04-15T14:07:06.293+0200][207,626s] GC(117) Concurrent Preclean
[2019-04-15T14:07:06.294+0200][207,627s] GC(117) Concurrent Preclean 1,294ms
[2019-04-15T14:07:06.294+0200][207,627s] GC(117) User=0,00s Sys=0,00s Real=0,00s
[2019-04-15T14:07:06.294+0200][207,627s] GC(117) Concurrent Abortable Preclean
[2019-04-15T14:07:06.512+0200][207,844s] GC(118) Pause Young (Allocation Failure)
[2019-04-15T14:07:06.512+0200][207,844s] GC(118) Using 4 workers of 4 for evacuation
[2019-04-15T14:07:06.545+0200][207,878s] GC(118) ParNew: 102672K->21824K(109248K)
[2019-04-15T14:07:06.545+0200][207,878s] GC(118) CMS: 206054K->222193K(393216K)
[2019-04-15T14:07:06.545+0200][207,878s] GC(118) Metaspace: 69075K->69075K(1112064K)
[2019-04-15T14:07:06.545+0200][207,878s] GC(118) Pause Young (Allocation Failure) 301M->238M(490M) 33,506ms
[2019-04-15T14:07:06.545+0200][207,878s] GC(118) User=0,07s Sys=0,00s Real=0,04s
[2019-04-15T14:07:06.970+0200][208,303s] GC(119) Pause Young (Allocation Failure)
[2019-04-15T14:07:06.971+0200][208,303s] GC(119) Using 4 workers of 4 for evacuation
[2019-04-15T14:07:07.010+0200][208,342s] GC(119) ParNew: 109248K->21824K(109248K)
[2019-04-15T14:07:07.010+0200][208,342s] GC(119) CMS: 222193K->276010K(393216K)
[2019-04-15T14:07:07.010+0200][208,342s] GC(119) Metaspace: 69091K->69091K(1112064K)
[2019-04-15T14:07:07.010+0200][208,342s] GC(119) Pause Young (Allocation Failure) 323M->290M(490M) 39,637ms
[2019-04-15T14:07:07.010+0200][208,342s] GC(119) User=0,06s Sys=0,01s Real=0,04s
[2019-04-15T14:07:07.393+0200][208,725s] GC(117) Concurrent Abortable Preclean 1098,455ms
[2019-04-15T14:07:07.393+0200][208,725s] GC(117) User=1,39s Sys=0,26s Real=1,09s
[2019-04-15T14:07:07.393+0200][208,726s] GC(117) Pause Remark
[2019-04-15T14:07:07.393+0200][208,726s] GC(120) Pause Young (CMS Final Remark)
[2019-04-15T14:07:07.393+0200][208,726s] GC(120) Using 4 workers of 4 for evacuation
[2019-04-15T14:07:07.447+0200][208,780s] GC(120) ParNew: 106989K->21824K(109248K)
[2019-04-15T14:07:07.447+0200][208,780s] GC(120) CMS: 276010K->302043K(393216K)
[2019-04-15T14:07:07.447+0200][208,780s] GC(120) Metaspace: 69099K->69099K(1112064K)
[2019-04-15T14:07:07.447+0200][208,780s] GC(120) Pause Young (CMS Final Remark) 374M->316M(490M) 54,131ms
[2019-04-15T14:07:07.447+0200][208,780s] GC(120) User=0,11s Sys=0,00s Real=0,05s
[2019-04-15T14:07:07.521+0200][208,853s] GC(117) Pause Remark 374M->316M(490M) 127,571ms
[2019-04-15T14:07:07.521+0200][208,853s] GC(117) User=0,22s Sys=0,00s Real=0,12s
[2019-04-15T14:07:07.521+0200][208,853s] GC(117) Concurrent Sweep
[2019-04-15T14:07:07.587+0200][208,919s] GC(117) Concurrent Sweep 65,928ms
[2019-04-15T14:07:07.587+0200][208,919s] GC(117) User=0,08s Sys=0,04s Real=0,07s
[2019-04-15T14:07:07.587+0200][208,919s] GC(117) Concurrent Reset
[2019-04-15T14:07:07.587+0200][208,920s] GC(117) Concurrent Reset 0,401ms
[2019-04-15T14:07:07.587+0200][208,920s] GC(117) User=0,00s Sys=0,00s Real=0,00s
[2019-04-15T14:07:07.587+0200][208,920s] GC(117) Old: 206054K->257609K(393216K)
[2019-04-15T14:07:07.784+0200][209,117s] GC(121) Pause Young (Allocation Failure)
[2019-04-15T14:07:07.784+0200][209,117s] GC(121) Using 4 workers of 4 for evacuation
[2019-04-15T14:07:07.845+0200][209,178s] GC(121) ParNew: 109248K->21824K(109248K)
[2019-04-15T14:07:07.845+0200][209,178s] GC(121) CMS: 257609K->310377K(393216K)
[2019-04-15T14:07:07.845+0200][209,178s] GC(121) Metaspace: 69099K->69099K(1112064K)
[2019-04-15T14:07:07.845+0200][209,178s] GC(121) Pause Young (Allocation Failure) 358M->324M(490M) 61,137ms
[2019-04-15T14:07:07.845+0200][209,178s] GC(121) User=0,07s Sys=0,00s Real=0,07s
[2019-04-15T14:07:07.846+0200][209,178s] GC(122) Pause Initial Mark
[2019-04-15T14:07:07.848+0200][209,181s] GC(122) Pause Initial Mark 325M->325M(490M) 2,333ms
[2019-04-15T14:07:07.848+0200][209,181s] GC(122) User=0,00s Sys=0,00s Real=0,00s
[2019-04-15T14:07:07.849+0200][209,182s] GC(122) Concurrent Mark
[2019-04-15T14:07:07.849+0200][209,182s] GC(122) Using 4 workers of 4 for marking
[2019-04-15T14:07:07.941+0200][209,274s] GC(122) Concurrent Mark 91,932ms
[2019-04-15T14:07:07.941+0200][209,274s] GC(122) User=0,22s Sys=0,01s Real=0,09s
[2019-04-15T14:07:07.941+0200][209,274s] GC(122) Concurrent Preclean
[2019-04-15T14:07:07.942+0200][209,275s] GC(122) Concurrent Preclean 1,451ms
[2019-04-15T14:07:07.942+0200][209,275s] GC(122) User=0,00s Sys=0,00s Real=0,00s
[2019-04-15T14:07:07.942+0200][209,275s] GC(122) Concurrent Abortable Preclean
[2019-04-15T14:07:08.122+0200][209,455s] GC(123) Pause Young (Allocation Failure)
[2019-04-15T14:07:08.123+0200][209,455s] GC(123) Using 4 workers of 4 for evacuation
[2019-04-15T14:07:08.156+0200][209,489s] GC(123) ParNew: 109248K->21824K(109248K)
[2019-04-15T14:07:08.156+0200][209,489s] GC(123) CMS: 310377K->333998K(393216K)
[2019-04-15T14:07:08.156+0200][209,489s] GC(123) Metaspace: 69119K->69119K(1112064K)
[2019-04-15T14:07:08.156+0200][209,489s] GC(123) Pause Young (Allocation Failure) 409M->347M(490M) 34,015ms
[2019-04-15T14:07:08.156+0200][209,489s] GC(123) User=0,07s Sys=0,00s Real=0,04s
[2019-04-15T14:07:08.258+0200][209,590s] GC(122) Concurrent Abortable Preclean 315,091ms
[2019-04-15T14:07:08.258+0200][209,590s] GC(122) User=0,55s Sys=0,03s Real=0,32s
[2019-04-15T14:07:08.258+0200][209,590s] GC(122) Pause Remark
[2019-04-15T14:07:08.258+0200][209,590s] GC(124) Pause Young (CMS Final Remark)
[2019-04-15T14:07:08.258+0200][209,590s] GC(124) Using 4 workers of 4 for evacuation
[2019-04-15T14:07:08.258+0200][209,590s] GC(124) ParNew: 74117K->74117K(109248K)
[2019-04-15T14:07:08.258+0200][209,590s] GC(124) CMS: 333998K->333998K(393216K)
[2019-04-15T14:07:08.258+0200][209,590s] GC(124) Metaspace: 69124K->69124K(1112064K)
[2019-04-15T14:07:08.258+0200][209,590s] GC(124) Pause Young (CMS Final Remark) 398M->398M(490M) 0,056ms
[2019-04-15T14:07:08.258+0200][209,590s] GC(124) User=0,00s Sys=0,00s Real=0,00s
[2019-04-15T14:07:08.321+0200][209,654s] GC(122) Pause Remark 398M->398M(490M) 63,595ms
[2019-04-15T14:07:08.321+0200][209,654s] GC(122) User=0,12s Sys=0,00s Real=0,06s
[2019-04-15T14:07:08.321+0200][209,654s] GC(122) Concurrent Sweep
[2019-04-15T14:07:08.389+0200][209,722s] GC(122) Concurrent Sweep 67,555ms
[2019-04-15T14:07:08.389+0200][209,722s] GC(122) User=0,15s Sys=0,00s Real=0,07s
[2019-04-15T14:07:08.389+0200][209,722s] GC(122) Concurrent Reset
[2019-04-15T14:07:08.390+0200][209,722s] GC(122) Concurrent Reset 0,523ms
[2019-04-15T14:07:08.390+0200][209,722s] GC(122) User=0,00s Sys=0,00s Real=0,00s
[2019-04-15T14:07:08.390+0200][209,722s] GC(122) Old: 310377K->204495K(393216K)
[2019-04-15T14:07:08.474+0200][209,806s] GC(125) Pause Young (Allocation Failure)
[2019-04-15T14:07:08.474+0200][209,806s] GC(125) Using 4 workers of 4 for evacuation
[2019-04-15T14:07:08.553+0200][209,886s] GC(125) ParNew: 109248K->20624K(109248K)
[2019-04-15T14:07:08.553+0200][209,886s] GC(125) CMS: 204495K->224632K(393216K)
[2019-04-15T14:07:08.553+0200][209,886s] GC(125) Metaspace: 69177K->69177K(1112064K)
[2019-04-15T14:07:08.553+0200][209,886s] GC(125) Pause Young (Allocation Failure) 306M->239M(490M) 79,624ms
[2019-04-15T14:07:08.553+0200][209,886s] GC(125) User=0,19s Sys=0,01s Real=0,08s
[2019-04-15T14:07:08.560+0200][209,893s] GC(126) Pause Initial Mark
[2019-04-15T14:07:08.571+0200][209,903s] GC(126) Pause Initial Mark 243M->243M(490M) 10,552ms
[2019-04-15T14:07:08.571+0200][209,903s] GC(126) User=0,02s Sys=0,00s Real=0,01s
[2019-04-15T14:07:08.572+0200][209,904s] GC(126) Concurrent Mark
[2019-04-15T14:07:08.572+0200][209,904s] GC(126) Using 4 workers of 4 for marking
[2019-04-15T14:07:08.669+0200][210,002s] GC(126) Concurrent Mark 97,390ms
[2019-04-15T14:07:08.669+0200][210,002s] GC(126) User=0,26s Sys=0,00s Real=0,10s
[2019-04-15T14:07:08.669+0200][210,002s] GC(126) Concurrent Preclean
[2019-04-15T14:07:08.670+0200][210,003s] GC(126) Concurrent Preclean 1,441ms
[2019-04-15T14:07:08.670+0200][210,003s] GC(126) User=0,00s Sys=0,00s Real=0,00s
[2019-04-15T14:07:08.670+0200][210,003s] GC(126) Concurrent Abortable Preclean
[2019-04-15T14:07:08.896+0200][210,228s] GC(127) Pause Young (Allocation Failure)
[2019-04-15T14:07:08.896+0200][210,228s] GC(127) Using 4 workers of 4 for evacuation
[2019-04-15T14:07:08.905+0200][210,238s] GC(126) Concurrent Abortable Preclean 234,935ms
[2019-04-15T14:07:08.905+0200][210,238s] GC(126) User=0,56s Sys=0,00s Real=0,24s
[2019-04-15T14:07:08.915+0200][210,248s] GC(127) ParNew: 108048K->17148K(109248K)
[2019-04-15T14:07:08.915+0200][210,248s] GC(127) CMS: 224632K->224632K(393216K)
[2019-04-15T14:07:08.915+0200][210,248s] GC(127) Metaspace: 69222K->69222K(1114112K)
[2019-04-15T14:07:08.915+0200][210,248s] GC(127) Pause Young (Allocation Failure) 324M->236M(490M) 19,538ms
[2019-04-15T14:07:08.915+0200][210,248s] GC(127) User=0,04s Sys=0,00s Real=0,02s
[2019-04-15T14:07:08.915+0200][210,248s] GC(126) Pause Remark
[2019-04-15T14:07:08.915+0200][210,248s] GC(128) Pause Young (CMS Final Remark)
[2019-04-15T14:07:08.915+0200][210,248s] GC(128) Using 4 workers of 4 for evacuation
[2019-04-15T14:07:08.933+0200][210,266s] GC(128) ParNew: 18547K->21824K(109248K)
[2019-04-15T14:07:08.933+0200][210,266s] GC(128) CMS: 224632K->224632K(393216K)
[2019-04-15T14:07:08.933+0200][210,266s] GC(128) Metaspace: 69222K->69222K(1114112K)
[2019-04-15T14:07:08.934+0200][210,266s] GC(128) Pause Young (CMS Final Remark) 237M->240M(490M) 18,149ms
[2019-04-15T14:07:08.934+0200][210,266s] GC(128) User=0,04s Sys=0,00s Real=0,02s
[2019-04-15T14:07:08.991+0200][210,324s] GC(126) Pause Remark 237M->240M(490M) 75,975ms
[2019-04-15T14:07:08.991+0200][210,324s] GC(126) User=0,12s Sys=0,00s Real=0,07s
[2019-04-15T14:07:08.991+0200][210,324s] GC(126) Concurrent Sweep
[2019-04-15T14:07:09.047+0200][210,379s] GC(126) Concurrent Sweep 55,373ms
[2019-04-15T14:07:09.047+0200][210,380s] GC(126) User=0,11s Sys=0,00s Real=0,06s
[2019-04-15T14:07:09.047+0200][210,380s] GC(126) Concurrent Reset
[2019-04-15T14:07:09.047+0200][210,380s] GC(126) Concurrent Reset 0,415ms
[2019-04-15T14:07:09.047+0200][210,380s] GC(126) User=0,00s Sys=0,00s Real=0,00s
[2019-04-15T14:07:09.047+0200][210,380s] GC(126) Old: 224632K->156327K(393216K)
[2019-04-15T14:07:09.139+0200][210,471s] GC(129) Pause Young (Allocation Failure)
[2019-04-15T14:07:09.139+0200][210,471s] GC(129) Using 4 workers of 4 for evacuation
[2019-04-15T14:07:09.156+0200][210,488s] GC(129) ParNew: 109248K->21824K(109248K)
[2019-04-15T14:07:09.156+0200][210,488s] GC(129) CMS: 156327K->157527K(393216K)
[2019-04-15T14:07:09.156+0200][210,488s] GC(129) Metaspace: 69233K->69233K(1114112K)
[2019-04-15T14:07:09.156+0200][210,488s] GC(129) Pause Young (Allocation Failure) 259M->175M(490M) 17,229ms
[2019-04-15T14:07:09.156+0200][210,488s] GC(129) User=0,05s Sys=0,00s Real=0,02s
[2019-04-15T14:07:09.278+0200][210,611s] GC(130) Pause Young (Allocation Failure)
[2019-04-15T14:07:09.278+0200][210,611s] GC(130) Using 4 workers of 4 for evacuation
[2019-04-15T14:07:09.346+0200][210,679s] GC(130) ParNew: 109248K->21824K(109248K)
[2019-04-15T14:07:09.346+0200][210,679s] GC(130) CMS: 157527K->166742K(393216K)
[2019-04-15T14:07:09.346+0200][210,679s] GC(130) Metaspace: 69234K->69234K(1114112K)
[2019-04-15T14:07:09.346+0200][210,679s] GC(130) Pause Young (Allocation Failure) 260M->184M(490M) 68,131ms
[2019-04-15T14:07:09.346+0200][210,679s] GC(130) User=0,14s Sys=0,00s Real=0,07s
[2019-04-15T14:07:09.527+0200][210,860s] GC(131) Pause Young (Allocation Failure)
[2019-04-15T14:07:09.527+0200][210,860s] GC(131) Using 4 workers of 4 for evacuation
[2019-04-15T14:07:09.606+0200][210,939s] GC(131) ParNew: 109242K->21824K(109248K)
[2019-04-15T14:07:09.606+0200][210,939s] GC(131) CMS: 166742K->173689K(393216K)
[2019-04-15T14:07:09.606+0200][210,939s] GC(131) Metaspace: 69245K->69245K(1114112K)
[2019-04-15T14:07:09.606+0200][210,939s] GC(131) Pause Young (Allocation Failure) 269M->190M(490M) 79,510ms
[2019-04-15T14:07:09.606+0200][210,939s] GC(131) User=0,14s Sys=0,00s Real=0,08s
[2019-04-15T14:07:09.806+0200][211,139s] GC(132) Pause Young (Allocation Failure)
[2019-04-15T14:07:09.806+0200][211,139s] GC(132) Using 4 workers of 4 for evacuation
[2019-04-15T14:07:09.855+0200][211,188s] GC(132) ParNew: 109248K->21824K(109248K)
[2019-04-15T14:07:09.855+0200][211,188s] GC(132) CMS: 173689K->182340K(393216K)
[2019-04-15T14:07:09.855+0200][211,188s] GC(132) Metaspace: 69267K->69267K(1114112K)
[2019-04-15T14:07:09.855+0200][211,188s] GC(132) Pause Young (Allocation Failure) 276M->199M(490M) 49,236ms
[2019-04-15T14:07:09.855+0200][211,188s] GC(132) User=0,13s Sys=0,00s Real=0,05s
[2019-04-15T14:07:10.050+0200][211,382s] GC(133) Pause Young (Allocation Failure)
[2019-04-15T14:07:10.050+0200][211,382s] GC(133) Using 4 workers of 4 for evacuation
[2019-04-15T14:07:10.105+0200][211,438s] GC(133) ParNew: 109248K->21824K(109248K)
[2019-04-15T14:07:10.105+0200][211,438s] GC(133) CMS: 182340K->189354K(393216K)
[2019-04-15T14:07:10.105+0200][211,438s] GC(133) Metaspace: 69278K->69278K(1114112K)
[2019-04-15T14:07:10.105+0200][211,438s] GC(133) Pause Young (Allocation Failure) 284M->206M(490M) 55,368ms
[2019-04-15T14:07:10.105+0200][211,438s] GC(133) User=0,14s Sys=0,00s Real=0,06s
[2019-04-15T14:07:10.288+0200][211,621s] GC(134) Pause Young (Allocation Failure)
[2019-04-15T14:07:10.288+0200][211,621s] GC(134) Using 4 workers of 4 for evacuation
[2019-04-15T14:07:10.335+0200][211,668s] GC(134) ParNew: 109248K->21824K(109248K)
[2019-04-15T14:07:10.335+0200][211,668s] GC(134) CMS: 189354K->197080K(393216K)
[2019-04-15T14:07:10.335+0200][211,668s] GC(134) Metaspace: 69282K->69282K(1114112K)
[2019-04-15T14:07:10.335+0200][211,668s] GC(134) Pause Young (Allocation Failure) 291M->213M(490M) 46,986ms
[2019-04-15T14:07:10.335+0200][211,668s] GC(134) User=0,13s Sys=0,00s Real=0,05s
[2019-04-15T14:07:10.337+0200][211,669s] GC(135) Pause Initial Mark
[2019-04-15T14:07:10.347+0200][211,680s] GC(135) Pause Initial Mark 215M->215M(490M) 10,213ms
[2019-04-15T14:07:10.347+0200][211,680s] GC(135) User=0,03s Sys=0,00s Real=0,01s
[2019-04-15T14:07:10.347+0200][211,680s] GC(135) Concurrent Mark
[2019-04-15T14:07:10.347+0200][211,680s] GC(135) Using 4 workers of 4 for marking
[2019-04-15T14:07:10.496+0200][211,828s] GC(135) Concurrent Mark 148,313ms
[2019-04-15T14:07:10.496+0200][211,828s] GC(135) User=0,46s Sys=0,00s Real=0,15s
[2019-04-15T14:07:10.496+0200][211,828s] GC(135) Concurrent Preclean
[2019-04-15T14:07:10.497+0200][211,830s] GC(135) Concurrent Preclean 1,499ms
[2019-04-15T14:07:10.497+0200][211,830s] GC(135) User=0,00s Sys=0,00s Real=0,00s
[2019-04-15T14:07:10.497+0200][211,830s] GC(135) Concurrent Abortable Preclean
[2019-04-15T14:07:10.646+0200][211,979s] GC(136) Pause Young (Allocation Failure)
[2019-04-15T14:07:10.646+0200][211,979s] GC(136) Using 4 workers of 4 for evacuation
[2019-04-15T14:07:10.686+0200][212,018s] GC(136) ParNew: 109248K->21824K(109248K)
[2019-04-15T14:07:10.686+0200][212,019s] GC(136) CMS: 197080K->204173K(393216K)
[2019-04-15T14:07:10.686+0200][212,019s] GC(136) Metaspace: 69317K->69317K(1114112K)
[2019-04-15T14:07:10.686+0200][212,019s] GC(136) Pause Young (Allocation Failure) 299M->220M(490M) 39,666ms
[2019-04-15T14:07:10.686+0200][212,019s] GC(136) User=0,11s Sys=0,00s Real=0,04s
[2019-04-15T14:07:10.998+0200][212,331s] GC(135) Concurrent Abortable Preclean 500,712ms
[2019-04-15T14:07:10.998+0200][212,331s] GC(135) User=1,28s Sys=0,01s Real=0,50s
[2019-04-15T14:07:10.998+0200][212,331s] GC(135) Pause Remark
[2019-04-15T14:07:10.998+0200][212,331s] GC(137) Pause Young (CMS Final Remark)
[2019-04-15T14:07:10.998+0200][212,331s] GC(137) Using 4 workers of 4 for evacuation
[2019-04-15T14:07:11.051+0200][212,383s] GC(137) ParNew: 81235K->21824K(109248K)
[2019-04-15T14:07:11.051+0200][212,383s] GC(137) CMS: 204173K->211910K(393216K)
[2019-04-15T14:07:11.051+0200][212,384s] GC(137) Metaspace: 69408K->69408K(1114112K)
[2019-04-15T14:07:11.051+0200][212,384s] GC(137) Pause Young (CMS Final Remark) 278M->228M(490M) 52,664ms
[2019-04-15T14:07:11.051+0200][212,384s] GC(137) User=0,14s Sys=0,00s Real=0,05s
[2019-04-15T14:07:11.129+0200][212,461s] GC(135) Pause Remark 278M->228M(490M) 130,473ms
[2019-04-15T14:07:11.129+0200][212,461s] GC(135) User=0,31s Sys=0,00s Real=0,13s
[2019-04-15T14:07:11.129+0200][212,462s] GC(135) Concurrent Sweep
[2019-04-15T14:07:11.286+0200][212,618s] GC(135) Concurrent Sweep 156,477ms
[2019-04-15T14:07:11.286+0200][212,618s] GC(135) User=0,34s Sys=0,00s Real=0,16s
[2019-04-15T14:07:11.286+0200][212,618s] GC(135) Concurrent Reset
[2019-04-15T14:07:11.286+0200][212,619s] GC(135) Concurrent Reset 0,503ms
[2019-04-15T14:07:11.286+0200][212,619s] GC(135) User=0,01s Sys=0,00s Real=0,00s
[2019-04-15T14:07:11.286+0200][212,619s] GC(135) Old: 197080K->167530K(393216K)
[2019-04-15T14:07:11.757+0200][213,089s] GC(138) Pause Young (Allocation Failure)
[2019-04-15T14:07:11.757+0200][213,089s] GC(138) Using 4 workers of 4 for evacuation
[2019-04-15T14:07:11.803+0200][213,135s] GC(138) ParNew: 109248K->21824K(109248K)
[2019-04-15T14:07:11.803+0200][213,135s] GC(138) CMS: 167530K->192508K(393216K)
[2019-04-15T14:07:11.803+0200][213,135s] GC(138) Metaspace: 69456K->69456K(1114112K)
[2019-04-15T14:07:11.803+0200][213,135s] GC(138) Pause Young (Allocation Failure) 270M->209M(490M) 45,926ms
[2019-04-15T14:07:11.803+0200][213,135s] GC(138) User=0,13s Sys=0,00s Real=0,04s
[2019-04-15T14:07:12.176+0200][213,509s] GC(139) Pause Young (Allocation Failure)
[2019-04-15T14:07:12.176+0200][213,509s] GC(139) Using 4 workers of 4 for evacuation
[2019-04-15T14:07:12.246+0200][213,578s] GC(139) ParNew: 109248K->21824K(109248K)
[2019-04-15T14:07:12.246+0200][213,579s] GC(139) CMS: 192508K->201404K(393216K)
[2019-04-15T14:07:12.246+0200][213,579s] GC(139) Metaspace: 69500K->69500K(1114112K)
[2019-04-15T14:07:12.246+0200][213,579s] GC(139) Pause Young (Allocation Failure) 294M->217M(490M) 69,883ms
[2019-04-15T14:07:12.246+0200][213,579s] GC(139) User=0,18s Sys=0,01s Real=0,07s
[2019-04-15T14:07:12.260+0200][213,593s] GC(140) Pause Initial Mark
[2019-04-15T14:07:12.265+0200][213,598s] GC(140) Pause Initial Mark 222M->222M(490M) 4,776ms
[2019-04-15T14:07:12.265+0200][213,598s] GC(140) User=0,02s Sys=0,00s Real=0,01s
[2019-04-15T14:07:12.265+0200][213,598s] GC(140) Concurrent Mark
[2019-04-15T14:07:12.265+0200][213,598s] GC(140) Using 4 workers of 4 for marking
[2019-04-15T14:07:12.453+0200][213,786s] GC(140) Concurrent Mark 187,941ms
[2019-04-15T14:07:12.453+0200][213,786s] GC(140) User=0,56s Sys=0,00s Real=0,19s
[2019-04-15T14:07:12.453+0200][213,786s] GC(140) Concurrent Preclean
[2019-04-15T14:07:12.455+0200][213,787s] GC(140) Concurrent Preclean 1,295ms
[2019-04-15T14:07:12.455+0200][213,787s] GC(140) User=0,00s Sys=0,00s Real=0,00s
[2019-04-15T14:07:12.455+0200][213,787s] GC(140) Concurrent Abortable Preclean
[2019-04-15T14:07:12.493+0200][213,826s] GC(141) Pause Young (Allocation Failure)
[2019-04-15T14:07:12.493+0200][213,826s] GC(141) Using 4 workers of 4 for evacuation
[2019-04-15T14:07:12.523+0200][213,856s] GC(141) ParNew: 109248K->21417K(109248K)
[2019-04-15T14:07:12.523+0200][213,856s] GC(141) CMS: 201404K->207461K(393216K)
[2019-04-15T14:07:12.523+0200][213,856s] GC(141) Metaspace: 69503K->69503K(1114112K)
[2019-04-15T14:07:12.523+0200][213,856s] GC(141) Pause Young (Allocation Failure) 303M->223M(490M) 29,955ms
[2019-04-15T14:07:12.523+0200][213,856s] GC(141) User=0,09s Sys=0,00s Real=0,02s
[2019-04-15T14:07:12.910+0200][214,243s] GC(142) Pause Young (Allocation Failure)
[2019-04-15T14:07:12.910+0200][214,243s] GC(142) Using 4 workers of 4 for evacuation
[2019-04-15T14:07:12.939+0200][214,271s] GC(142) ParNew: 108841K->21824K(109248K)
[2019-04-15T14:07:12.939+0200][214,272s] GC(142) CMS: 207461K->209688K(393216K)
[2019-04-15T14:07:12.939+0200][214,272s] GC(142) Metaspace: 69511K->69511K(1114112K)
[2019-04-15T14:07:12.939+0200][214,272s] GC(142) Pause Young (Allocation Failure) 308M->226M(490M) 28,668ms
[2019-04-15T14:07:12.939+0200][214,272s] GC(142) User=0,07s Sys=0,00s Real=0,03s
[2019-04-15T14:07:12.939+0200][214,272s] GC(140) Concurrent Abortable Preclean 484,236ms
[2019-04-15T14:07:12.939+0200][214,272s] GC(140) User=1,18s Sys=0,01s Real=0,48s
[2019-04-15T14:07:12.948+0200][214,280s] GC(140) Pause Remark
[2019-04-15T14:07:12.948+0200][214,280s] GC(143) Pause Young (CMS Final Remark)
[2019-04-15T14:07:12.948+0200][214,280s] GC(143) Using 4 workers of 4 for evacuation
[2019-04-15T14:07:12.963+0200][214,295s] GC(143) ParNew: 25206K->21824K(109248K)
[2019-04-15T14:07:12.963+0200][214,295s] GC(143) CMS: 209688K->209688K(393216K)
[2019-04-15T14:07:12.963+0200][214,295s] GC(143) Metaspace: 69511K->69511K(1114112K)
[2019-04-15T14:07:12.963+0200][214,295s] GC(143) Pause Young (CMS Final Remark) 229M->226M(490M) 14,960ms
[2019-04-15T14:07:12.963+0200][214,295s] GC(143) User=0,04s Sys=0,00s Real=0,01s
[2019-04-15T14:07:13.053+0200][214,386s] GC(140) Pause Remark 229M->226M(490M) 105,720ms
[2019-04-15T14:07:13.053+0200][214,386s] GC(140) User=0,13s Sys=0,00s Real=0,11s
[2019-04-15T14:07:13.054+0200][214,386s] GC(140) Concurrent Sweep
[2019-04-15T14:07:13.211+0200][214,544s] GC(140) Concurrent Sweep 157,358ms
[2019-04-15T14:07:13.211+0200][214,544s] GC(140) User=0,34s Sys=0,01s Real=0,15s
[2019-04-15T14:07:13.211+0200][214,544s] GC(140) Concurrent Reset
[2019-04-15T14:07:13.211+0200][214,544s] GC(140) Concurrent Reset 0,446ms
[2019-04-15T14:07:13.212+0200][214,544s] GC(140) User=0,00s Sys=0,00s Real=0,00s
[2019-04-15T14:07:13.212+0200][214,544s] GC(140) Old: 201404K->195698K(393216K)
[2019-04-15T14:07:13.388+0200][214,721s] GC(144) Pause Young (Allocation Failure)
[2019-04-15T14:07:13.388+0200][214,721s] GC(144) Using 4 workers of 4 for evacuation
[2019-04-15T14:07:13.449+0200][214,782s] GC(144) ParNew: 109248K->21824K(109248K)
[2019-04-15T14:07:13.449+0200][214,782s] GC(144) CMS: 195698K->197132K(393216K)
[2019-04-15T14:07:13.449+0200][214,782s] GC(144) Metaspace: 69511K->69511K(1114112K)
[2019-04-15T14:07:13.449+0200][214,782s] GC(144) Pause Young (Allocation Failure) 297M->213M(490M) 61,089ms
[2019-04-15T14:07:13.449+0200][214,782s] GC(144) User=0,12s Sys=0,00s Real=0,06s
[2019-04-15T14:07:13.451+0200][214,784s] GC(145) Pause Initial Mark
[2019-04-15T14:07:13.479+0200][214,811s] GC(145) Pause Initial Mark 215M->215M(490M) 27,423ms
[2019-04-15T14:07:13.479+0200][214,811s] GC(145) User=0,03s Sys=0,00s Real=0,03s
[2019-04-15T14:07:13.479+0200][214,812s] GC(145) Concurrent Mark
[2019-04-15T14:07:13.479+0200][214,812s] GC(145) Using 4 workers of 4 for marking
[2019-04-15T14:07:13.570+0200][214,903s] GC(145) Concurrent Mark 91,089ms
[2019-04-15T14:07:13.570+0200][214,903s] GC(145) User=0,23s Sys=0,01s Real=0,09s
[2019-04-15T14:07:13.571+0200][214,903s] GC(145) Concurrent Preclean
[2019-04-15T14:07:13.572+0200][214,904s] GC(145) Concurrent Preclean 1,299ms
[2019-04-15T14:07:13.572+0200][214,904s] GC(145) User=0,00s Sys=0,00s Real=0,00s
[2019-04-15T14:07:13.572+0200][214,904s] GC(145) Concurrent Abortable Preclean
[2019-04-15T14:07:13.824+0200][215,157s] GC(146) Pause Young (Allocation Failure)
[2019-04-15T14:07:13.824+0200][215,157s] GC(146) Using 4 workers of 4 for evacuation
[2019-04-15T14:07:13.841+0200][215,174s] GC(145) Concurrent Abortable Preclean 269,033ms
[2019-04-15T14:07:13.841+0200][215,174s] GC(145) User=0,60s Sys=0,00s Real=0,27s
[2019-04-15T14:07:13.882+0200][215,214s] GC(146) ParNew: 109248K->21824K(109248K)
[2019-04-15T14:07:13.882+0200][215,214s] GC(146) CMS: 197132K->199722K(393216K)
[2019-04-15T14:07:13.882+0200][215,214s] GC(146) Metaspace: 69518K->69518K(1114112K)
[2019-04-15T14:07:13.882+0200][215,215s] GC(146) Pause Young (Allocation Failure) 299M->216M(490M) 57,725ms
[2019-04-15T14:07:13.882+0200][215,215s] GC(146) User=0,15s Sys=0,00s Real=0,06s
[2019-04-15T14:07:13.882+0200][215,215s] GC(145) Pause Remark
[2019-04-15T14:07:13.882+0200][215,215s] GC(147) Pause Young (CMS Final Remark)
[2019-04-15T14:07:13.882+0200][215,215s] GC(147) Using 4 workers of 4 for evacuation
[2019-04-15T14:07:13.952+0200][215,285s] GC(147) ParNew: 23553K->21824K(109248K)
[2019-04-15T14:07:13.952+0200][215,285s] GC(147) CMS: 199722K->205850K(393216K)
[2019-04-15T14:07:13.952+0200][215,285s] GC(147) Metaspace: 69518K->69518K(1114112K)
[2019-04-15T14:07:13.952+0200][215,285s] GC(147) Pause Young (CMS Final Remark) 218M->222M(490M) 69,559ms
[2019-04-15T14:07:13.952+0200][215,285s] GC(147) User=0,12s Sys=0,00s Real=0,07s
[2019-04-15T14:07:14.081+0200][215,413s] GC(145) Pause Remark 218M->222M(490M) 198,142ms
[2019-04-15T14:07:14.081+0200][215,413s] GC(145) User=0,23s Sys=0,00s Real=0,20s
[2019-04-15T14:07:14.081+0200][215,413s] GC(145) Concurrent Sweep
[2019-04-15T14:07:14.292+0200][215,625s] GC(148) Pause Young (Allocation Failure)
[2019-04-15T14:07:14.292+0200][215,625s] GC(148) Using 4 workers of 4 for evacuation
[2019-04-15T14:07:14.320+0200][215,652s] GC(148) ParNew: 109248K->21824K(109248K)
[2019-04-15T14:07:14.320+0200][215,652s] GC(148) CMS: 157530K->157530K(393216K)
[2019-04-15T14:07:14.320+0200][215,652s] GC(148) Metaspace: 69522K->69522K(1114112K)
[2019-04-15T14:07:14.320+0200][215,652s] GC(148) Pause Young (Allocation Failure) 260M->175M(490M) 27,494ms
[2019-04-15T14:07:14.320+0200][215,652s] GC(148) User=0,06s Sys=0,00s Real=0,03s
[2019-04-15T14:07:14.386+0200][215,719s] GC(145) Concurrent Sweep 305,394ms
[2019-04-15T14:07:14.386+0200][215,719s] GC(145) User=0,78s Sys=0,01s Real=0,31s
[2019-04-15T14:07:14.386+0200][215,719s] GC(145) Concurrent Reset
[2019-04-15T14:07:14.387+0200][215,719s] GC(145) Concurrent Reset 0,518ms
[2019-04-15T14:07:14.387+0200][215,719s] GC(145) User=0,00s Sys=0,00s Real=0,00s
[2019-04-15T14:07:14.387+0200][215,719s] GC(145) Old: 197132K->138275K(393216K)
[2019-04-15T14:07:14.501+0200][215,834s] GC(149) Pause Young (Allocation Failure)
[2019-04-15T14:07:14.501+0200][215,834s] GC(149) Using 4 workers of 4 for evacuation
[2019-04-15T14:07:14.541+0200][215,873s] GC(149) ParNew: 109248K->18562K(109248K)
[2019-04-15T14:07:14.541+0200][215,873s] GC(149) CMS: 138275K->142144K(393216K)
[2019-04-15T14:07:14.541+0200][215,874s] GC(149) Metaspace: 69523K->69523K(1114112K)
[2019-04-15T14:07:14.541+0200][215,874s] GC(149) Pause Young (Allocation Failure) 241M->156M(490M) 39,924ms
[2019-04-15T14:07:14.541+0200][215,874s] GC(149) User=0,09s Sys=0,01s Real=0,04s
[2019-04-15T14:07:14.669+0200][216,002s] GC(150) Pause Young (Allocation Failure)
[2019-04-15T14:07:14.670+0200][216,002s] GC(150) Using 4 workers of 4 for evacuation
[2019-04-15T14:07:14.712+0200][216,045s] GC(150) ParNew: 105986K->21824K(109248K)
[2019-04-15T14:07:14.712+0200][216,045s] GC(150) CMS: 142144K->143862K(393216K)
[2019-04-15T14:07:14.712+0200][216,045s] GC(150) Metaspace: 69526K->69526K(1114112K)
[2019-04-15T14:07:14.712+0200][216,045s] GC(150) Pause Young (Allocation Failure) 242M->161M(490M) 42,791ms
[2019-04-15T14:07:14.712+0200][216,045s] GC(150) User=0,10s Sys=0,00s Real=0,04s
[2019-04-15T14:07:14.835+0200][216,168s] GC(151) Pause Young (Allocation Failure)
[2019-04-15T14:07:14.835+0200][216,168s] GC(151) Using 4 workers of 4 for evacuation
[2019-04-15T14:07:14.871+0200][216,203s] GC(151) ParNew: 109248K->21824K(109248K)
[2019-04-15T14:07:14.871+0200][216,203s] GC(151) CMS: 143862K->146029K(393216K)
[2019-04-15T14:07:14.871+0200][216,203s] GC(151) Metaspace: 69531K->69531K(1114112K)
[2019-04-15T14:07:14.871+0200][216,204s] GC(151) Pause Young (Allocation Failure) 247M->163M(490M) 35,758ms
[2019-04-15T14:07:14.871+0200][216,204s] GC(151) User=0,10s Sys=0,00s Real=0,03s
[2019-04-15T14:07:14.987+0200][216,319s] GC(152) Pause Young (Allocation Failure)
[2019-04-15T14:07:14.987+0200][216,319s] GC(152) Using 4 workers of 4 for evacuation
[2019-04-15T14:07:15.033+0200][216,366s] GC(152) ParNew: 109248K->21824K(109248K)
[2019-04-15T14:07:15.033+0200][216,366s] GC(152) CMS: 146029K->149374K(393216K)
[2019-04-15T14:07:15.033+0200][216,366s] GC(152) Metaspace: 69535K->69535K(1114112K)
[2019-04-15T14:07:15.033+0200][216,366s] GC(152) Pause Young (Allocation Failure) 249M->167M(490M) 46,641ms
[2019-04-15T14:07:15.033+0200][216,366s] GC(152) User=0,11s Sys=0,01s Real=0,05s
[2019-04-15T14:07:15.201+0200][216,533s] GC(153) Pause Young (Allocation Failure)
[2019-04-15T14:07:15.201+0200][216,533s] GC(153) Using 4 workers of 4 for evacuation
[2019-04-15T14:07:15.249+0200][216,582s] GC(153) ParNew: 109248K->21668K(109248K)
[2019-04-15T14:07:15.249+0200][216,582s] GC(153) CMS: 149374K->151141K(393216K)
[2019-04-15T14:07:15.249+0200][216,582s] GC(153) Metaspace: 69536K->69536K(1114112K)
[2019-04-15T14:07:15.249+0200][216,582s] GC(153) Pause Young (Allocation Failure) 252M->168M(490M) 48,442ms
[2019-04-15T14:07:15.249+0200][216,582s] GC(153) User=0,12s Sys=0,00s Real=0,05s
[2019-04-15T14:07:15.517+0200][216,849s] GC(154) Pause Young (Allocation Failure)
[2019-04-15T14:07:15.517+0200][216,849s] GC(154) Using 4 workers of 4 for evacuation
[2019-04-15T14:07:15.555+0200][216,888s] GC(154) ParNew: 109092K->21824K(109248K)
[2019-04-15T14:07:15.555+0200][216,888s] GC(154) CMS: 151141K->158835K(393216K)
[2019-04-15T14:07:15.555+0200][216,888s] GC(154) Metaspace: 69540K->69540K(1114112K)
[2019-04-15T14:07:15.555+0200][216,888s] GC(154) Pause Young (Allocation Failure) 254M->176M(490M) 38,668ms
[2019-04-15T14:07:15.555+0200][216,888s] GC(154) User=0,09s Sys=0,00s Real=0,04s
[2019-04-15T14:07:16.130+0200][217,463s] GC(155) Pause Young (Allocation Failure)
[2019-04-15T14:07:16.130+0200][217,463s] GC(155) Using 4 workers of 4 for evacuation
[2019-04-15T14:07:16.186+0200][217,518s] GC(155) ParNew: 109248K->21824K(109248K)
[2019-04-15T14:07:16.186+0200][217,518s] GC(155) CMS: 158835K->169731K(393216K)
[2019-04-15T14:07:16.186+0200][217,518s] GC(155) Metaspace: 69582K->69582K(1114112K)
[2019-04-15T14:07:16.186+0200][217,518s] GC(155) Pause Young (Allocation Failure) 261M->187M(490M) 55,786ms
[2019-04-15T14:07:16.186+0200][217,518s] GC(155) User=0,14s Sys=0,00s Real=0,06s
[2019-04-15T14:07:16.393+0200][217,725s] GC(156) Pause Young (Allocation Failure)
[2019-04-15T14:07:16.393+0200][217,725s] GC(156) Using 4 workers of 4 for evacuation
[2019-04-15T14:07:16.477+0200][217,809s] GC(156) ParNew: 109248K->21824K(109248K)
[2019-04-15T14:07:16.477+0200][217,809s] GC(156) CMS: 169731K->175841K(393216K)
[2019-04-15T14:07:16.477+0200][217,809s] GC(156) Metaspace: 69582K->69582K(1114112K)
[2019-04-15T14:07:16.477+0200][217,809s] GC(156) Pause Young (Allocation Failure) 272M->193M(490M) 84,022ms
[2019-04-15T14:07:16.477+0200][217,810s] GC(156) User=0,14s Sys=0,00s Real=0,09s
[2019-04-15T14:07:16.735+0200][218,068s] GC(157) Pause Young (Allocation Failure)
[2019-04-15T14:07:16.736+0200][218,068s] GC(157) Using 4 workers of 4 for evacuation
[2019-04-15T14:07:16.786+0200][218,119s] GC(157) ParNew: 109248K->21824K(109248K)
[2019-04-15T14:07:16.786+0200][218,119s] GC(157) CMS: 175841K->175844K(393216K)
[2019-04-15T14:07:16.786+0200][218,119s] GC(157) Metaspace: 69582K->69582K(1114112K)
[2019-04-15T14:07:16.786+0200][218,119s] GC(157) Pause Young (Allocation Failure) 278M->193M(490M) 51,045ms
[2019-04-15T14:07:16.786+0200][218,119s] GC(157) User=0,09s Sys=0,01s Real=0,05s
[2019-04-15T14:07:17.046+0200][218,379s] GC(158) Pause Young (Allocation Failure)
[2019-04-15T14:07:17.046+0200][218,379s] GC(158) Using 4 workers of 4 for evacuation
[2019-04-15T14:07:17.081+0200][218,414s] GC(158) ParNew: 109248K->21824K(109248K)
[2019-04-15T14:07:17.081+0200][218,414s] GC(158) CMS: 175844K->175844K(393216K)
[2019-04-15T14:07:17.081+0200][218,414s] GC(158) Metaspace: 69582K->69582K(1114112K)
[2019-04-15T14:07:17.081+0200][218,414s] GC(158) Pause Young (Allocation Failure) 278M->193M(490M) 34,743ms
[2019-04-15T14:07:17.081+0200][218,414s] GC(158) User=0,05s Sys=0,00s Real=0,03s
[2019-04-15T14:07:17.239+0200][218,572s] GC(159) Pause Young (Allocation Failure)
[2019-04-15T14:07:17.239+0200][218,572s] GC(159) Using 4 workers of 4 for evacuation
[2019-04-15T14:07:17.294+0200][218,626s] GC(159) ParNew: 109248K->21558K(109248K)
[2019-04-15T14:07:17.294+0200][218,626s] GC(159) CMS: 175844K->177460K(393216K)
[2019-04-15T14:07:17.294+0200][218,626s] GC(159) Metaspace: 69582K->69582K(1114112K)
[2019-04-15T14:07:17.294+0200][218,626s] GC(159) Pause Young (Allocation Failure) 278M->194M(490M) 54,546ms
[2019-04-15T14:07:17.294+0200][218,626s] GC(159) User=0,06s Sys=0,00s Real=0,06s
[2019-04-15T14:07:17.442+0200][218,774s] GC(160) Pause Young (Allocation Failure)
[2019-04-15T14:07:17.442+0200][218,774s] GC(160) Using 4 workers of 4 for evacuation
[2019-04-15T14:07:17.472+0200][218,804s] GC(160) ParNew: 108982K->19184K(109248K)
[2019-04-15T14:07:17.472+0200][218,804s] GC(160) CMS: 177460K->178755K(393216K)
[2019-04-15T14:07:17.472+0200][218,804s] GC(160) Metaspace: 69582K->69582K(1114112K)
[2019-04-15T14:07:17.472+0200][218,804s] GC(160) Pause Young (Allocation Failure) 279M->193M(490M) 30,095ms
[2019-04-15T14:07:17.472+0200][218,804s] GC(160) User=0,04s Sys=0,01s Real=0,03s
[2019-04-15T14:07:17.562+0200][218,895s] GC(161) Pause Young (Allocation Failure)
[2019-04-15T14:07:17.562+0200][218,895s] GC(161) Using 4 workers of 4 for evacuation
[2019-04-15T14:07:17.570+0200][218,903s] GC(161) ParNew: 106608K->21113K(109248K)
[2019-04-15T14:07:17.570+0200][218,903s] GC(161) CMS: 178755K->179513K(393216K)
[2019-04-15T14:07:17.570+0200][218,903s] GC(161) Metaspace: 69582K->69582K(1114112K)
[2019-04-15T14:07:17.570+0200][218,903s] GC(161) Pause Young (Allocation Failure) 278M->195M(490M) 8,324ms
[2019-04-15T14:07:17.570+0200][218,903s] GC(161) User=0,02s Sys=0,00s Real=0,01s
[2019-04-15T14:07:17.656+0200][218,989s] GC(162) Pause Young (Allocation Failure)
[2019-04-15T14:07:17.656+0200][218,989s] GC(162) Using 4 workers of 4 for evacuation
[2019-04-15T14:07:17.666+0200][218,999s] GC(162) ParNew: 108537K->10417K(109248K)
[2019-04-15T14:07:17.666+0200][218,999s] GC(162) CMS: 179513K->187485K(393216K)
[2019-04-15T14:07:17.666+0200][218,999s] GC(162) Metaspace: 69582K->69582K(1114112K)
[2019-04-15T14:07:17.666+0200][218,999s] GC(162) Pause Young (Allocation Failure) 281M->193M(490M) 10,310ms
[2019-04-15T14:07:17.666+0200][218,999s] GC(162) User=0,03s Sys=0,00s Real=0,01s
[2019-04-15T14:07:17.744+0200][219,076s] GC(163) Pause Young (Allocation Failure)
[2019-04-15T14:07:17.744+0200][219,076s] GC(163) Using 4 workers of 4 for evacuation
[2019-04-15T14:07:17.750+0200][219,083s] GC(163) ParNew: 97841K->4853K(109248K)
[2019-04-15T14:07:17.751+0200][219,083s] GC(163) CMS: 187485K->192118K(393216K)
[2019-04-15T14:07:17.751+0200][219,083s] GC(163) Metaspace: 69582K->69582K(1114112K)
[2019-04-15T14:07:17.751+0200][219,083s] GC(163) Pause Young (Allocation Failure) 278M->192M(490M) 6,755ms
[2019-04-15T14:07:17.751+0200][219,083s] GC(163) User=0,02s Sys=0,00s Real=0,01s
[2019-04-15T14:07:17.827+0200][219,159s] GC(164) Pause Young (Allocation Failure)
[2019-04-15T14:07:17.827+0200][219,159s] GC(164) Using 4 workers of 4 for evacuation
[2019-04-15T14:07:17.835+0200][219,168s] GC(164) ParNew: 92277K->3868K(109248K)
[2019-04-15T14:07:17.835+0200][219,168s] GC(164) CMS: 192118K->192122K(393216K)
[2019-04-15T14:07:17.835+0200][219,168s] GC(164) Metaspace: 69582K->69582K(1114112K)
[2019-04-15T14:07:17.835+0200][219,168s] GC(164) Pause Young (Allocation Failure) 277M->191M(490M) 8,382ms
[2019-04-15T14:07:17.835+0200][219,168s] GC(164) User=0,03s Sys=0,00s Real=0,01s
[2019-04-15T14:07:17.912+0200][219,245s] GC(165) Pause Young (Allocation Failure)
[2019-04-15T14:07:17.912+0200][219,245s] GC(165) Using 4 workers of 4 for evacuation
[2019-04-15T14:07:17.922+0200][219,254s] GC(165) ParNew: 91292K->4051K(109248K)
[2019-04-15T14:07:17.922+0200][219,254s] GC(165) CMS: 192122K->192123K(393216K)
[2019-04-15T14:07:17.922+0200][219,254s] GC(165) Metaspace: 69582K->69582K(1114112K)
[2019-04-15T14:07:17.922+0200][219,254s] GC(165) Pause Young (Allocation Failure) 276M->191M(490M) 9,801ms
[2019-04-15T14:07:17.922+0200][219,254s] GC(165) User=0,03s Sys=0,00s Real=0,01s
[2019-04-15T14:07:17.997+0200][219,330s] GC(166) Pause Young (Allocation Failure)
[2019-04-15T14:07:17.998+0200][219,330s] GC(166) Using 4 workers of 4 for evacuation
[2019-04-15T14:07:18.005+0200][219,338s] GC(166) ParNew: 91475K->4182K(109248K)
[2019-04-15T14:07:18.005+0200][219,338s] GC(166) CMS: 192123K->192124K(393216K)
[2019-04-15T14:07:18.005+0200][219,338s] GC(166) Metaspace: 69582K->69582K(1114112K)
[2019-04-15T14:07:18.005+0200][219,338s] GC(166) Pause Young (Allocation Failure) 276M->191M(490M) 7,729ms
[2019-04-15T14:07:18.005+0200][219,338s] GC(166) User=0,02s Sys=0,00s Real=0,01s
[2019-04-15T14:07:18.082+0200][219,414s] GC(167) Pause Young (Allocation Failure)
[2019-04-15T14:07:18.082+0200][219,414s] GC(167) Using 4 workers of 4 for evacuation
[2019-04-15T14:07:18.087+0200][219,419s] GC(167) ParNew: 91606K->4494K(109248K)
[2019-04-15T14:07:18.087+0200][219,420s] GC(167) CMS: 192124K->192125K(393216K)
[2019-04-15T14:07:18.087+0200][219,420s] GC(167) Metaspace: 69582K->69582K(1114112K)
[2019-04-15T14:07:18.087+0200][219,420s] GC(167) Pause Young (Allocation Failure) 277M->192M(490M) 5,306ms
[2019-04-15T14:07:18.087+0200][219,420s] GC(167) User=0,01s Sys=0,00s Real=0,01s
[2019-04-15T14:07:18.162+0200][219,495s] GC(168) Pause Young (Allocation Failure)
[2019-04-15T14:07:18.162+0200][219,495s] GC(168) Using 4 workers of 4 for evacuation
[2019-04-15T14:07:18.167+0200][219,500s] GC(168) ParNew: 91918K->3040K(109248K)
[2019-04-15T14:07:18.167+0200][219,500s] GC(168) CMS: 192125K->192127K(393216K)
[2019-04-15T14:07:18.167+0200][219,500s] GC(168) Metaspace: 69582K->69582K(1114112K)
[2019-04-15T14:07:18.167+0200][219,500s] GC(168) Pause Young (Allocation Failure) 277M->190M(490M) 5,046ms
[2019-04-15T14:07:18.167+0200][219,500s] GC(168) User=0,01s Sys=0,00s Real=0,01s
[2019-04-15T14:07:18.247+0200][219,579s] GC(169) Pause Young (Allocation Failure)
[2019-04-15T14:07:18.247+0200][219,579s] GC(169) Using 4 workers of 4 for evacuation
[2019-04-15T14:07:18.253+0200][219,585s] GC(169) ParNew: 90464K->3860K(109248K)
[2019-04-15T14:07:18.253+0200][219,585s] GC(169) CMS: 192127K->192128K(393216K)
[2019-04-15T14:07:18.253+0200][219,585s] GC(169) Metaspace: 69582K->69582K(1114112K)
[2019-04-15T14:07:18.253+0200][219,585s] GC(169) Pause Young (Allocation Failure) 275M->191M(490M) 6,016ms
[2019-04-15T14:07:18.253+0200][219,585s] GC(169) User=0,02s Sys=0,00s Real=0,00s
[2019-04-15T14:07:18.327+0200][219,660s] GC(170) Pause Young (Allocation Failure)
[2019-04-15T14:07:18.327+0200][219,660s] GC(170) Using 4 workers of 4 for evacuation
[2019-04-15T14:07:18.331+0200][219,664s] GC(170) ParNew: 91284K->3996K(109248K)
[2019-04-15T14:07:18.331+0200][219,664s] GC(170) CMS: 192128K->192129K(393216K)
[2019-04-15T14:07:18.331+0200][219,664s] GC(170) Metaspace: 69582K->69582K(1114112K)
[2019-04-15T14:07:18.331+0200][219,664s] GC(170) Pause Young (Allocation Failure) 276M->191M(490M) 4,467ms
[2019-04-15T14:07:18.331+0200][219,664s] GC(170) User=0,01s Sys=0,00s Real=0,00s
[2019-04-15T14:07:18.400+0200][219,732s] GC(171) Pause Young (Allocation Failure)
[2019-04-15T14:07:18.400+0200][219,732s] GC(171) Using 4 workers of 4 for evacuation
[2019-04-15T14:07:18.407+0200][219,740s] GC(171) ParNew: 91420K->3972K(109248K)
[2019-04-15T14:07:18.407+0200][219,740s] GC(171) CMS: 192129K->192130K(393216K)
[2019-04-15T14:07:18.407+0200][219,740s] GC(171) Metaspace: 69582K->69582K(1114112K)
[2019-04-15T14:07:18.407+0200][219,740s] GC(171) Pause Young (Allocation Failure) 276M->191M(490M) 7,468ms
[2019-04-15T14:07:18.407+0200][219,740s] GC(171) User=0,02s Sys=0,00s Real=0,01s
[2019-04-15T14:07:18.478+0200][219,811s] GC(172) Pause Young (Allocation Failure)
[2019-04-15T14:07:18.478+0200][219,811s] GC(172) Using 4 workers of 4 for evacuation
[2019-04-15T14:07:18.483+0200][219,816s] GC(172) ParNew: 91396K->4167K(109248K)
[2019-04-15T14:07:18.483+0200][219,816s] GC(172) CMS: 192130K->192130K(393216K)
[2019-04-15T14:07:18.483+0200][219,816s] GC(172) Metaspace: 69582K->69582K(1114112K)
[2019-04-15T14:07:18.483+0200][219,816s] GC(172) Pause Young (Allocation Failure) 276M->191M(490M) 5,198ms
[2019-04-15T14:07:18.483+0200][219,816s] GC(172) User=0,02s Sys=0,00s Real=0,00s
[2019-04-15T14:07:18.557+0200][219,889s] GC(173) Pause Young (Allocation Failure)
[2019-04-15T14:07:18.557+0200][219,889s] GC(173) Using 4 workers of 4 for evacuation
[2019-04-15T14:07:18.563+0200][219,896s] GC(173) ParNew: 91591K->2113K(109248K)
[2019-04-15T14:07:18.563+0200][219,896s] GC(173) CMS: 192130K->194181K(393216K)
[2019-04-15T14:07:18.563+0200][219,896s] GC(173) Metaspace: 69582K->69582K(1114112K)
[2019-04-15T14:07:18.563+0200][219,896s] GC(173) Pause Young (Allocation Failure) 277M->191M(490M) 6,806ms
[2019-04-15T14:07:18.563+0200][219,896s] GC(173) User=0,02s Sys=0,00s Real=0,00s
[2019-04-15T14:07:18.671+0200][220,004s] GC(174) Pause Young (Allocation Failure)
[2019-04-15T14:07:18.671+0200][220,004s] GC(174) Using 4 workers of 4 for evacuation
[2019-04-15T14:07:18.685+0200][220,017s] GC(174) ParNew: 89537K->6623K(109248K)
[2019-04-15T14:07:18.685+0200][220,017s] GC(174) CMS: 194181K->194182K(393216K)
[2019-04-15T14:07:18.685+0200][220,017s] GC(174) Metaspace: 69582K->69582K(1114112K)
[2019-04-15T14:07:18.685+0200][220,018s] GC(174) Pause Young (Allocation Failure) 277M->196M(490M) 13,946ms
[2019-04-15T14:07:18.685+0200][220,018s] GC(174) User=0,02s Sys=0,00s Real=0,02s
[2019-04-15T14:07:18.822+0200][220,155s] GC(175) Pause Young (Allocation Failure)
[2019-04-15T14:07:18.822+0200][220,155s] GC(175) Using 4 workers of 4 for evacuation
[2019-04-15T14:07:18.836+0200][220,168s] GC(175) ParNew: 94047K->6264K(109248K)
[2019-04-15T14:07:18.836+0200][220,168s] GC(175) CMS: 194182K->194183K(393216K)
[2019-04-15T14:07:18.836+0200][220,168s] GC(175) Metaspace: 69582K->69582K(1114112K)
[2019-04-15T14:07:18.836+0200][220,169s] GC(175) Pause Young (Allocation Failure) 281M->195M(490M) 13,477ms
[2019-04-15T14:07:18.836+0200][220,169s] GC(175) User=0,03s Sys=0,00s Real=0,02s
[2019-04-15T14:07:18.961+0200][220,294s] GC(176) Pause Young (Allocation Failure)
[2019-04-15T14:07:18.962+0200][220,294s] GC(176) Using 4 workers of 4 for evacuation
[2019-04-15T14:07:18.978+0200][220,310s] GC(176) ParNew: 93688K->6582K(109248K)
[2019-04-15T14:07:18.978+0200][220,311s] GC(176) CMS: 194183K->194184K(393216K)
[2019-04-15T14:07:18.978+0200][220,311s] GC(176) Metaspace: 69582K->69582K(1114112K)
[2019-04-15T14:07:18.978+0200][220,311s] GC(176) Pause Young (Allocation Failure) 281M->196M(490M) 16,523ms
[2019-04-15T14:07:18.978+0200][220,311s] GC(176) User=0,02s Sys=0,00s Real=0,02s
[2019-04-15T14:07:19.158+0200][220,490s] GC(177) Pause Young (Allocation Failure)
[2019-04-15T14:07:19.158+0200][220,491s] GC(177) Using 4 workers of 4 for evacuation
[2019-04-15T14:07:19.168+0200][220,500s] GC(177) ParNew: 94006K->5461K(109248K)
[2019-04-15T14:07:19.168+0200][220,500s] GC(177) CMS: 194184K->194185K(393216K)
[2019-04-15T14:07:19.168+0200][220,500s] GC(177) Metaspace: 69582K->69582K(1114112K)
[2019-04-15T14:07:19.168+0200][220,500s] GC(177) Pause Young (Allocation Failure) 281M->194M(490M) 9,981ms
[2019-04-15T14:07:19.168+0200][220,500s] GC(177) User=0,02s Sys=0,00s Real=0,01s
[2019-04-15T14:07:19.313+0200][220,646s] GC(178) Pause Young (Allocation Failure)
[2019-04-15T14:07:19.314+0200][220,646s] GC(178) Using 4 workers of 4 for evacuation
[2019-04-15T14:07:19.342+0200][220,674s] GC(178) ParNew: 92885K->6235K(109248K)
[2019-04-15T14:07:19.342+0200][220,674s] GC(178) CMS: 194185K->194186K(393216K)
[2019-04-15T14:07:19.342+0200][220,674s] GC(178) Metaspace: 69582K->69582K(1114112K)
[2019-04-15T14:07:19.342+0200][220,675s] GC(178) Pause Young (Allocation Failure) 280M->195M(490M) 28,514ms
[2019-04-15T14:07:19.342+0200][220,675s] GC(178) User=0,05s Sys=0,00s Real=0,02s
[2019-04-15T14:07:19.468+0200][220,801s] GC(179) Pause Young (Allocation Failure)
[2019-04-15T14:07:19.468+0200][220,801s] GC(179) Using 4 workers of 4 for evacuation
[2019-04-15T14:07:19.476+0200][220,809s] GC(179) ParNew: 93659K->6397K(109248K)
[2019-04-15T14:07:19.476+0200][220,809s] GC(179) CMS: 194186K->194186K(393216K)
[2019-04-15T14:07:19.476+0200][220,809s] GC(179) Metaspace: 69583K->69583K(1114112K)
[2019-04-15T14:07:19.476+0200][220,809s] GC(179) Pause Young (Allocation Failure) 281M->195M(490M) 8,164ms
[2019-04-15T14:07:19.476+0200][220,809s] GC(179) User=0,03s Sys=0,00s Real=0,01s
[2019-04-15T14:07:19.628+0200][220,961s] GC(180) Pause Young (Allocation Failure)
[2019-04-15T14:07:19.628+0200][220,961s] GC(180) Using 4 workers of 4 for evacuation
[2019-04-15T14:07:19.644+0200][220,977s] GC(180) ParNew: 93821K->5377K(109248K)
[2019-04-15T14:07:19.644+0200][220,977s] GC(180) CMS: 194186K->194187K(393216K)
[2019-04-15T14:07:19.644+0200][220,977s] GC(180) Metaspace: 69583K->69583K(1114112K)
[2019-04-15T14:07:19.644+0200][220,977s] GC(180) Pause Young (Allocation Failure) 281M->194M(490M) 15,702ms
[2019-04-15T14:07:19.644+0200][220,977s] GC(180) User=0,04s Sys=0,00s Real=0,01s
[2019-04-15T14:07:19.744+0200][221,076s] GC(181) Pause Young (Allocation Failure)
[2019-04-15T14:07:19.744+0200][221,076s] GC(181) Using 4 workers of 4 for evacuation
[2019-04-15T14:07:19.756+0200][221,089s] GC(181) ParNew: 92801K->6328K(109248K)
[2019-04-15T14:07:19.756+0200][221,089s] GC(181) CMS: 194187K->194188K(393216K)
[2019-04-15T14:07:19.756+0200][221,089s] GC(181) Metaspace: 69583K->69583K(1114112K)
[2019-04-15T14:07:19.756+0200][221,089s] GC(181) Pause Young (Allocation Failure) 280M->195M(490M) 12,681ms
[2019-04-15T14:07:19.757+0200][221,089s] GC(181) User=0,03s Sys=0,00s Real=0,02s
[2019-04-15T14:07:19.898+0200][221,231s] GC(182) Pause Young (Allocation Failure)
[2019-04-15T14:07:19.898+0200][221,231s] GC(182) Using 4 workers of 4 for evacuation
[2019-04-15T14:07:19.936+0200][221,268s] GC(182) ParNew: 93752K->2278K(109248K)
[2019-04-15T14:07:19.936+0200][221,269s] GC(182) CMS: 194188K->198289K(393216K)
[2019-04-15T14:07:19.936+0200][221,269s] GC(182) Metaspace: 69583K->69583K(1114112K)
[2019-04-15T14:07:19.936+0200][221,269s] GC(182) Pause Young (Allocation Failure) 281M->195M(490M) 37,672ms
[2019-04-15T14:07:19.936+0200][221,269s] GC(182) User=0,07s Sys=0,00s Real=0,04s
[2019-04-15T14:07:19.937+0200][221,269s] GC(183) Pause Initial Mark
[2019-04-15T14:07:19.938+0200][221,271s] GC(183) Pause Initial Mark 197M->197M(490M) 1,581ms
[2019-04-15T14:07:19.938+0200][221,271s] GC(183) User=0,01s Sys=0,00s Real=0,00s
[2019-04-15T14:07:19.938+0200][221,271s] GC(183) Concurrent Mark
[2019-04-15T14:07:19.938+0200][221,271s] GC(183) Using 4 workers of 4 for marking
[2019-04-15T14:07:19.997+0200][221,330s] GC(183) Concurrent Mark 58,845ms
[2019-04-15T14:07:19.997+0200][221,330s] GC(183) User=0,19s Sys=0,00s Real=0,06s
[2019-04-15T14:07:19.997+0200][221,330s] GC(183) Concurrent Preclean
[2019-04-15T14:07:19.999+0200][221,332s] GC(183) Concurrent Preclean 1,849ms
[2019-04-15T14:07:19.999+0200][221,332s] GC(183) User=0,00s Sys=0,00s Real=0,00s
[2019-04-15T14:07:19.999+0200][221,332s] GC(183) Concurrent Abortable Preclean
[2019-04-15T14:07:20.137+0200][221,470s] GC(184) Pause Young (Allocation Failure)
[2019-04-15T14:07:20.138+0200][221,470s] GC(184) Using 4 workers of 4 for evacuation
[2019-04-15T14:07:20.144+0200][221,477s] GC(184) ParNew: 89702K->1222K(109248K)
[2019-04-15T14:07:20.144+0200][221,477s] GC(184) CMS: 198289K->198290K(393216K)
[2019-04-15T14:07:20.144+0200][221,477s] GC(184) Metaspace: 69583K->69583K(1114112K)
[2019-04-15T14:07:20.144+0200][221,477s] GC(184) Pause Young (Allocation Failure) 281M->194M(490M) 6,575ms
[2019-04-15T14:07:20.144+0200][221,477s] GC(184) User=0,02s Sys=0,00s Real=0,00s
[2019-04-15T14:07:20.329+0200][221,662s] GC(185) Pause Young (Allocation Failure)
[2019-04-15T14:07:20.330+0200][221,662s] GC(185) Using 4 workers of 4 for evacuation
[2019-04-15T14:07:20.351+0200][221,683s] GC(185) ParNew: 88646K->2051K(109248K)
[2019-04-15T14:07:20.351+0200][221,683s] GC(185) CMS: 198290K->198290K(393216K)
[2019-04-15T14:07:20.351+0200][221,683s] GC(185) Metaspace: 69583K->69583K(1114112K)
[2019-04-15T14:07:20.351+0200][221,683s] GC(185) Pause Young (Allocation Failure) 280M->195M(490M) 21,227ms
[2019-04-15T14:07:20.351+0200][221,683s] GC(185) User=0,06s Sys=0,00s Real=0,02s
[2019-04-15T14:07:20.351+0200][221,684s] GC(183) Concurrent Abortable Preclean 351,681ms
[2019-04-15T14:07:20.351+0200][221,684s] GC(183) User=0,69s Sys=0,00s Real=0,35s
[2019-04-15T14:07:20.361+0200][221,694s] GC(183) Pause Remark
[2019-04-15T14:07:20.361+0200][221,694s] GC(186) Pause Young (CMS Final Remark)
[2019-04-15T14:07:20.361+0200][221,694s] GC(186) Using 4 workers of 4 for evacuation
[2019-04-15T14:07:20.404+0200][221,737s] GC(186) ParNew: 7297K->1506K(109248K)
[2019-04-15T14:07:20.404+0200][221,737s] GC(186) CMS: 198290K->198291K(393216K)
[2019-04-15T14:07:20.404+0200][221,737s] GC(186) Metaspace: 69583K->69583K(1114112K)
[2019-04-15T14:07:20.405+0200][221,737s] GC(186) Pause Young (CMS Final Remark) 200M->195M(490M) 43,405ms
[2019-04-15T14:07:20.405+0200][221,737s] GC(186) User=0,07s Sys=0,01s Real=0,04s
[2019-04-15T14:07:20.482+0200][221,814s] GC(183) Pause Remark 200M->195M(490M) 120,720ms
[2019-04-15T14:07:20.482+0200][221,814s] GC(183) User=0,21s Sys=0,01s Real=0,12s
[2019-04-15T14:07:20.482+0200][221,814s] GC(183) Concurrent Sweep
[2019-04-15T14:07:20.637+0200][221,969s] GC(183) Concurrent Sweep 154,682ms
[2019-04-15T14:07:20.638+0200][221,970s] GC(183) User=0,35s Sys=0,00s Real=0,16s
[2019-04-15T14:07:20.638+0200][221,970s] GC(183) Concurrent Reset
[2019-04-15T14:07:20.640+0200][221,973s] GC(183) Concurrent Reset 2,091ms
[2019-04-15T14:07:20.640+0200][221,973s] GC(183) User=0,00s Sys=0,00s Real=0,00s
[2019-04-15T14:07:20.640+0200][221,973s] GC(183) Old: 198289K->120999K(393216K)
[2019-04-15T14:07:20.677+0200][222,010s] GC(187) Pause Young (Allocation Failure)
[2019-04-15T14:07:20.677+0200][222,010s] GC(187) Using 4 workers of 4 for evacuation
[2019-04-15T14:07:20.684+0200][222,016s] GC(187) ParNew: 88930K->1941K(109248K)
[2019-04-15T14:07:20.684+0200][222,016s] GC(187) CMS: 120999K->121000K(393216K)
[2019-04-15T14:07:20.684+0200][222,016s] GC(187) Metaspace: 69583K->69583K(1114112K)
[2019-04-15T14:07:20.684+0200][222,017s] GC(187) Pause Young (Allocation Failure) 205M->120M(490M) 7,077ms
[2019-04-15T14:07:20.684+0200][222,017s] GC(187) User=0,02s Sys=0,00s Real=0,00s
[2019-04-15T14:07:20.769+0200][222,102s] GC(188) Pause Young (Allocation Failure)
[2019-04-15T14:07:20.770+0200][222,102s] GC(188) Using 4 workers of 4 for evacuation
[2019-04-15T14:07:20.777+0200][222,110s] GC(188) ParNew: 89365K->2143K(109248K)
[2019-04-15T14:07:20.777+0200][222,110s] GC(188) CMS: 121000K->121002K(393216K)
[2019-04-15T14:07:20.777+0200][222,110s] GC(188) Metaspace: 69583K->69583K(1114112K)
[2019-04-15T14:07:20.777+0200][222,110s] GC(188) Pause Young (Allocation Failure) 205M->120M(490M) 7,748ms
[2019-04-15T14:07:20.777+0200][222,110s] GC(188) User=0,02s Sys=0,00s Real=0,01s
[2019-04-15T14:07:20.870+0200][222,202s] GC(189) Pause Young (Allocation Failure)
[2019-04-15T14:07:20.870+0200][222,202s] GC(189) Using 4 workers of 4 for evacuation
[2019-04-15T14:07:20.876+0200][222,209s] GC(189) ParNew: 89567K->1351K(109248K)
[2019-04-15T14:07:20.876+0200][222,209s] GC(189) CMS: 121002K->121003K(393216K)
[2019-04-15T14:07:20.876+0200][222,209s] GC(189) Metaspace: 69583K->69583K(1114112K)
[2019-04-15T14:07:20.876+0200][222,209s] GC(189) Pause Young (Allocation Failure) 205M->119M(490M) 6,509ms
[2019-04-15T14:07:20.876+0200][222,209s] GC(189) User=0,02s Sys=0,00s Real=0,01s
[2019-04-15T14:07:21.460+0200][222,793s] GC(190) Pause Young (Allocation Failure)
[2019-04-15T14:07:21.460+0200][222,793s] GC(190) Using 4 workers of 4 for evacuation
[2019-04-15T14:07:21.475+0200][222,807s] GC(190) ParNew: 88775K->13438K(109248K)
[2019-04-15T14:07:21.475+0200][222,807s] GC(190) CMS: 121003K->121004K(393216K)
[2019-04-15T14:07:21.475+0200][222,807s] GC(190) Metaspace: 69627K->69627K(1114112K)
[2019-04-15T14:07:21.475+0200][222,807s] GC(190) Pause Young (Allocation Failure) 204M->131M(490M) 14,711ms
[2019-04-15T14:07:21.475+0200][222,807s] GC(190) User=0,03s Sys=0,00s Real=0,02s
[2019-04-15T14:07:21.737+0200][223,070s] GC(191) Pause Young (Allocation Failure)
[2019-04-15T14:07:21.737+0200][223,070s] GC(191) Using 4 workers of 4 for evacuation
[2019-04-15T14:07:21.747+0200][223,080s] GC(191) ParNew: 100862K->16637K(109248K)
[2019-04-15T14:07:21.747+0200][223,080s] GC(191) CMS: 121004K->121004K(393216K)
[2019-04-15T14:07:21.747+0200][223,080s] GC(191) Metaspace: 69642K->69642K(1114112K)
[2019-04-15T14:07:21.747+0200][223,080s] GC(191) Pause Young (Allocation Failure) 216M->134M(490M) 10,029ms
[2019-04-15T14:07:21.747+0200][223,080s] GC(191) User=0,03s Sys=0,00s Real=0,01s
[2019-04-15T14:07:21.849+0200][223,182s] GC(192) Pause Young (Allocation Failure)
[2019-04-15T14:07:21.849+0200][223,182s] GC(192) Using 4 workers of 4 for evacuation
[2019-04-15T14:07:21.873+0200][223,206s] GC(192) ParNew: 104061K->15315K(109248K)
[2019-04-15T14:07:21.873+0200][223,206s] GC(192) CMS: 121004K->121005K(393216K)
[2019-04-15T14:07:21.873+0200][223,206s] GC(192) Metaspace: 69645K->69645K(1114112K)
[2019-04-15T14:07:21.873+0200][223,206s] GC(192) Pause Young (Allocation Failure) 219M->133M(490M) 23,599ms
[2019-04-15T14:07:21.873+0200][223,206s] GC(192) User=0,06s Sys=0,00s Real=0,03s
[2019-04-15T14:07:21.983+0200][223,316s] GC(193) Pause Young (Allocation Failure)
[2019-04-15T14:07:21.983+0200][223,316s] GC(193) Using 4 workers of 4 for evacuation
[2019-04-15T14:07:22.001+0200][223,334s] GC(193) ParNew: 102739K->17808K(109248K)
[2019-04-15T14:07:22.001+0200][223,334s] GC(193) CMS: 121005K->121007K(393216K)
[2019-04-15T14:07:22.001+0200][223,334s] GC(193) Metaspace: 69645K->69645K(1114112K)
[2019-04-15T14:07:22.001+0200][223,334s] GC(193) Pause Young (Allocation Failure) 218M->135M(490M) 17,974ms
[2019-04-15T14:07:22.001+0200][223,334s] GC(193) User=0,07s Sys=0,00s Real=0,02s
[2019-04-15T14:07:22.107+0200][223,440s] GC(194) Pause Young (Allocation Failure)
[2019-04-15T14:07:22.107+0200][223,440s] GC(194) Using 4 workers of 4 for evacuation
[2019-04-15T14:07:22.117+0200][223,450s] GC(194) ParNew: 105232K->16811K(109248K)
[2019-04-15T14:07:22.117+0200][223,450s] GC(194) CMS: 121007K->121007K(393216K)
[2019-04-15T14:07:22.117+0200][223,450s] GC(194) Metaspace: 69645K->69645K(1114112K)
[2019-04-15T14:07:22.118+0200][223,450s] GC(194) Pause Young (Allocation Failure) 220M->134M(490M) 10,310ms
[2019-04-15T14:07:22.118+0200][223,450s] GC(194) User=0,04s Sys=0,00s Real=0,01s
[2019-04-15T14:07:22.219+0200][223,551s] GC(195) Pause Young (Allocation Failure)
[2019-04-15T14:07:22.219+0200][223,551s] GC(195) Using 4 workers of 4 for evacuation
[2019-04-15T14:07:22.235+0200][223,567s] GC(195) ParNew: 104235K->21763K(109248K)
[2019-04-15T14:07:22.235+0200][223,567s] GC(195) CMS: 121007K->121007K(393216K)
[2019-04-15T14:07:22.235+0200][223,567s] GC(195) Metaspace: 69647K->69647K(1114112K)
[2019-04-15T14:07:22.235+0200][223,567s] GC(195) Pause Young (Allocation Failure) 219M->139M(490M) 16,056ms
[2019-04-15T14:07:22.235+0200][223,567s] GC(195) User=0,06s Sys=0,00s Real=0,02s
[2019-04-15T14:07:22.297+0200][223,630s] GC(196) Pause Young (Allocation Failure)
[2019-04-15T14:07:22.297+0200][223,630s] GC(196) Using 4 workers of 4 for evacuation
[2019-04-15T14:07:22.314+0200][223,646s] GC(196) ParNew: 109187K->21824K(109248K)
[2019-04-15T14:07:22.314+0200][223,646s] GC(196) CMS: 121007K->121008K(393216K)
[2019-04-15T14:07:22.314+0200][223,646s] GC(196) Metaspace: 69647K->69647K(1114112K)
[2019-04-15T14:07:22.314+0200][223,646s] GC(196) Pause Young (Allocation Failure) 224M->139M(490M) 16,527ms
[2019-04-15T14:07:22.314+0200][223,646s] GC(196) User=0,05s Sys=0,00s Real=0,02s
[2019-04-15T14:07:22.421+0200][223,754s] GC(197) Pause Young (Allocation Failure)
[2019-04-15T14:07:22.421+0200][223,754s] GC(197) Using 4 workers of 4 for evacuation
[2019-04-15T14:07:22.437+0200][223,770s] GC(197) ParNew: 109248K->19577K(109248K)
[2019-04-15T14:07:22.437+0200][223,770s] GC(197) CMS: 121008K->121085K(393216K)
[2019-04-15T14:07:22.437+0200][223,770s] GC(197) Metaspace: 69647K->69647K(1114112K)
[2019-04-15T14:07:22.437+0200][223,770s] GC(197) Pause Young (Allocation Failure) 224M->137M(490M) 15,939ms
[2019-04-15T14:07:22.437+0200][223,770s] GC(197) User=0,03s Sys=0,00s Real=0,02s
[2019-04-15T14:07:22.540+0200][223,873s] GC(198) Pause Young (Allocation Failure)
[2019-04-15T14:07:22.540+0200][223,873s] GC(198) Using 4 workers of 4 for evacuation
[2019-04-15T14:07:22.557+0200][223,889s] GC(198) ParNew: 107001K->11350K(109248K)
[2019-04-15T14:07:22.557+0200][223,889s] GC(198) CMS: 121085K->127791K(393216K)
[2019-04-15T14:07:22.557+0200][223,889s] GC(198) Metaspace: 69647K->69647K(1114112K)
[2019-04-15T14:07:22.557+0200][223,889s] GC(198) Pause Young (Allocation Failure) 222M->135M(490M) 16,543ms
[2019-04-15T14:07:22.557+0200][223,889s] GC(198) User=0,04s Sys=0,00s Real=0,02s
[2019-04-15T14:07:22.655+0200][223,987s] GC(199) Pause Young (Allocation Failure)
[2019-04-15T14:07:22.655+0200][223,987s] GC(199) Using 4 workers of 4 for evacuation
[2019-04-15T14:07:22.672+0200][224,005s] GC(199) ParNew: 98774K->12647K(109248K)
[2019-04-15T14:07:22.672+0200][224,005s] GC(199) CMS: 127791K->127795K(393216K)
[2019-04-15T14:07:22.672+0200][224,005s] GC(199) Metaspace: 69647K->69647K(1114112K)
[2019-04-15T14:07:22.672+0200][224,005s] GC(199) Pause Young (Allocation Failure) 221M->137M(490M) 17,929ms
[2019-04-15T14:07:22.673+0200][224,005s] GC(199) User=0,04s Sys=0,01s Real=0,01s
[2019-04-15T14:07:22.770+0200][224,103s] GC(200) Pause Young (Allocation Failure)
[2019-04-15T14:07:22.770+0200][224,103s] GC(200) Using 4 workers of 4 for evacuation
[2019-04-15T14:07:22.790+0200][224,123s] GC(200) ParNew: 100071K->14047K(109248K)
[2019-04-15T14:07:22.790+0200][224,123s] GC(200) CMS: 127795K->127795K(393216K)
[2019-04-15T14:07:22.790+0200][224,123s] GC(200) Metaspace: 69647K->69647K(1114112K)
[2019-04-15T14:07:22.790+0200][224,123s] GC(200) Pause Young (Allocation Failure) 222M->138M(490M) 19,805ms
[2019-04-15T14:07:22.790+0200][224,123s] GC(200) User=0,05s Sys=0,00s Real=0,02s
[2019-04-15T14:07:22.880+0200][224,212s] GC(201) Pause Young (Allocation Failure)
[2019-04-15T14:07:22.880+0200][224,213s] GC(201) Using 4 workers of 4 for evacuation
[2019-04-15T14:07:22.888+0200][224,221s] GC(201) ParNew: 101471K->12748K(109248K)
[2019-04-15T14:07:22.888+0200][224,221s] GC(201) CMS: 127795K->127795K(393216K)
[2019-04-15T14:07:22.888+0200][224,221s] GC(201) Metaspace: 69647K->69647K(1114112K)
[2019-04-15T14:07:22.888+0200][224,221s] GC(201) Pause Young (Allocation Failure) 223M->137M(490M) 8,496ms
[2019-04-15T14:07:22.888+0200][224,221s] GC(201) User=0,03s Sys=0,00s Real=0,01s
[2019-04-15T14:07:22.948+0200][224,281s] GC(202) Pause Young (Allocation Failure)
[2019-04-15T14:07:22.948+0200][224,281s] GC(202) Using 4 workers of 4 for evacuation
[2019-04-15T14:07:22.955+0200][224,288s] GC(202) ParNew: 100172K->12090K(109248K)
[2019-04-15T14:07:22.955+0200][224,288s] GC(202) CMS: 127795K->127796K(393216K)
[2019-04-15T14:07:22.955+0200][224,288s] GC(202) Metaspace: 69647K->69647K(1114112K)
[2019-04-15T14:07:22.955+0200][224,288s] GC(202) Pause Young (Allocation Failure) 222M->136M(490M) 7,184ms
[2019-04-15T14:07:22.955+0200][224,288s] GC(202) User=0,02s Sys=0,00s Real=0,01s
[2019-04-15T14:07:23.012+0200][224,345s] GC(203) Pause Young (Allocation Failure)
[2019-04-15T14:07:23.012+0200][224,345s] GC(203) Using 4 workers of 4 for evacuation
[2019-04-15T14:07:23.030+0200][224,362s] GC(203) ParNew: 99514K->7314K(109248K)
[2019-04-15T14:07:23.030+0200][224,362s] GC(203) CMS: 127796K->136349K(393216K)
[2019-04-15T14:07:23.030+0200][224,362s] GC(203) Metaspace: 69647K->69647K(1114112K)
[2019-04-15T14:07:23.030+0200][224,362s] GC(203) Pause Young (Allocation Failure) 221M->140M(490M) 17,689ms
[2019-04-15T14:07:23.030+0200][224,362s] GC(203) User=0,05s Sys=0,00s Real=0,02s
[2019-04-15T14:07:23.088+0200][224,420s] GC(204) Pause Young (Allocation Failure)
[2019-04-15T14:07:23.088+0200][224,420s] GC(204) Using 4 workers of 4 for evacuation
[2019-04-15T14:07:23.091+0200][224,424s] GC(204) ParNew: 94738K->2977K(109248K)
[2019-04-15T14:07:23.091+0200][224,424s] GC(204) CMS: 136349K->136352K(393216K)
[2019-04-15T14:07:23.091+0200][224,424s] GC(204) Metaspace: 69647K->69647K(1114112K)
[2019-04-15T14:07:23.091+0200][224,424s] GC(204) Pause Young (Allocation Failure) 225M->136M(490M) 3,803ms
[2019-04-15T14:07:23.091+0200][224,424s] GC(204) User=0,01s Sys=0,00s Real=0,00s
[2019-04-15T14:07:23.201+0200][224,534s] GC(205) Pause Young (Allocation Failure)
[2019-04-15T14:07:23.201+0200][224,534s] GC(205) Using 4 workers of 4 for evacuation
[2019-04-15T14:07:23.210+0200][224,542s] GC(205) ParNew: 90401K->15378K(109248K)
[2019-04-15T14:07:23.210+0200][224,542s] GC(205) CMS: 136352K->136356K(393216K)
[2019-04-15T14:07:23.210+0200][224,542s] GC(205) Metaspace: 69649K->69649K(1114112K)
[2019-04-15T14:07:23.210+0200][224,542s] GC(205) Pause Young (Allocation Failure) 221M->148M(490M) 8,315ms
[2019-04-15T14:07:23.210+0200][224,542s] GC(205) User=0,03s Sys=0,00s Real=0,01s
[2019-04-15T14:07:23.285+0200][224,618s] GC(206) Pause Young (Allocation Failure)
[2019-04-15T14:07:23.285+0200][224,618s] GC(206) Using 4 workers of 4 for evacuation
[2019-04-15T14:07:23.301+0200][224,634s] GC(206) ParNew: 102802K->18747K(109248K)
[2019-04-15T14:07:23.301+0200][224,634s] GC(206) CMS: 136356K->136361K(393216K)
[2019-04-15T14:07:23.301+0200][224,634s] GC(206) Metaspace: 69651K->69651K(1114112K)
[2019-04-15T14:07:23.301+0200][224,634s] GC(206) Pause Young (Allocation Failure) 233M->151M(490M) 15,838ms
[2019-04-15T14:07:23.301+0200][224,634s] GC(206) User=0,05s Sys=0,00s Real=0,01s
[2019-04-15T14:07:23.394+0200][224,727s] GC(207) Pause Young (Allocation Failure)
[2019-04-15T14:07:23.394+0200][224,727s] GC(207) Using 4 workers of 4 for evacuation
[2019-04-15T14:07:23.405+0200][224,738s] GC(207) ParNew: 106171K->21403K(109248K)
[2019-04-15T14:07:23.405+0200][224,738s] GC(207) CMS: 136361K->136365K(393216K)
[2019-04-15T14:07:23.405+0200][224,738s] GC(207) Metaspace: 69651K->69651K(1114112K)
[2019-04-15T14:07:23.405+0200][224,738s] GC(207) Pause Young (Allocation Failure) 236M->154M(490M) 11,029ms
[2019-04-15T14:07:23.405+0200][224,738s] GC(207) User=0,02s Sys=0,00s Real=0,01s
[2019-04-15T14:07:23.519+0200][224,851s] GC(208) Pause Young (Allocation Failure)
[2019-04-15T14:07:23.519+0200][224,851s] GC(208) Using 4 workers of 4 for evacuation
[2019-04-15T14:07:23.535+0200][224,868s] GC(208) ParNew: 108827K->21824K(109248K)
[2019-04-15T14:07:23.535+0200][224,868s] GC(208) CMS: 136365K->136369K(393216K)
[2019-04-15T14:07:23.535+0200][224,868s] GC(208) Metaspace: 69651K->69651K(1114112K)
[2019-04-15T14:07:23.535+0200][224,868s] GC(208) Pause Young (Allocation Failure) 239M->154M(490M) 16,823ms
[2019-04-15T14:07:23.535+0200][224,868s] GC(208) User=0,04s Sys=0,00s Real=0,02s
[2019-04-15T14:07:23.643+0200][224,975s] GC(209) Pause Young (Allocation Failure)
[2019-04-15T14:07:23.643+0200][224,975s] GC(209) Using 4 workers of 4 for evacuation
[2019-04-15T14:07:23.652+0200][224,985s] GC(209) ParNew: 109248K->21824K(109248K)
[2019-04-15T14:07:23.652+0200][224,985s] GC(209) CMS: 136369K->137722K(393216K)
[2019-04-15T14:07:23.652+0200][224,985s] GC(209) Metaspace: 69651K->69651K(1114112K)
[2019-04-15T14:07:23.652+0200][224,985s] GC(209) Pause Young (Allocation Failure) 239M->155M(490M) 9,744ms
[2019-04-15T14:07:23.652+0200][224,985s] GC(209) User=0,03s Sys=0,00s Real=0,01s
[2019-04-15T14:07:23.751+0200][225,083s] GC(210) Pause Young (Allocation Failure)
[2019-04-15T14:07:23.751+0200][225,084s] GC(210) Using 4 workers of 4 for evacuation
[2019-04-15T14:07:23.759+0200][225,091s] GC(210) ParNew: 109248K->21824K(109248K)
[2019-04-15T14:07:23.759+0200][225,091s] GC(210) CMS: 137722K->137725K(393216K)
[2019-04-15T14:07:23.759+0200][225,091s] GC(210) Metaspace: 69651K->69651K(1114112K)
[2019-04-15T14:07:23.759+0200][225,091s] GC(210) Pause Young (Allocation Failure) 241M->155M(490M) 7,884ms
[2019-04-15T14:07:23.759+0200][225,091s] GC(210) User=0,02s Sys=0,00s Real=0,01s
[2019-04-15T14:07:23.855+0200][225,187s] GC(211) Pause Young (Allocation Failure)
[2019-04-15T14:07:23.855+0200][225,187s] GC(211) Using 4 workers of 4 for evacuation
[2019-04-15T14:07:23.863+0200][225,196s] GC(211) ParNew: 109248K->21686K(109248K)
[2019-04-15T14:07:23.863+0200][225,196s] GC(211) CMS: 137725K->137728K(393216K)
[2019-04-15T14:07:23.863+0200][225,196s] GC(211) Metaspace: 69651K->69651K(1114112K)
[2019-04-15T14:07:23.863+0200][225,196s] GC(211) Pause Young (Allocation Failure) 241M->155M(490M) 8,351ms
[2019-04-15T14:07:23.863+0200][225,196s] GC(211) User=0,03s Sys=0,00s Real=0,00s
[2019-04-15T14:07:23.945+0200][225,278s] GC(212) Pause Young (Allocation Failure)
[2019-04-15T14:07:23.945+0200][225,278s] GC(212) Using 4 workers of 4 for evacuation
[2019-04-15T14:07:23.962+0200][225,294s] GC(212) ParNew: 109110K->19554K(109248K)
[2019-04-15T14:07:23.962+0200][225,294s] GC(212) CMS: 137728K->137732K(393216K)
[2019-04-15T14:07:23.962+0200][225,295s] GC(212) Metaspace: 69651K->69651K(1114112K)
[2019-04-15T14:07:23.962+0200][225,295s] GC(212) Pause Young (Allocation Failure) 241M->153M(490M) 16,527ms
[2019-04-15T14:07:23.962+0200][225,295s] GC(212) User=0,03s Sys=0,00s Real=0,01s
[2019-04-15T14:07:24.086+0200][225,418s] GC(213) Pause Young (Allocation Failure)
[2019-04-15T14:07:24.086+0200][225,419s] GC(213) Using 4 workers of 4 for evacuation
[2019-04-15T14:07:24.107+0200][225,439s] GC(213) ParNew: 106978K->10935K(109248K)
[2019-04-15T14:07:24.107+0200][225,440s] GC(213) CMS: 137732K->151738K(393216K)
[2019-04-15T14:07:24.107+0200][225,440s] GC(213) Metaspace: 69651K->69651K(1114112K)
[2019-04-15T14:07:24.107+0200][225,440s] GC(213) Pause Young (Allocation Failure) 238M->158M(490M) 21,080ms
[2019-04-15T14:07:24.107+0200][225,440s] GC(213) User=0,05s Sys=0,00s Real=0,02s
[2019-04-15T14:07:24.208+0200][225,541s] GC(214) Pause Young (Allocation Failure)
[2019-04-15T14:07:24.208+0200][225,541s] GC(214) Using 4 workers of 4 for evacuation
[2019-04-15T14:07:24.215+0200][225,548s] GC(214) ParNew: 98359K->4193K(109248K)
[2019-04-15T14:07:24.215+0200][225,548s] GC(214) CMS: 151738K->153213K(393216K)
[2019-04-15T14:07:24.215+0200][225,548s] GC(214) Metaspace: 69651K->69651K(1114112K)
[2019-04-15T14:07:24.215+0200][225,548s] GC(214) Pause Young (Allocation Failure) 244M->153M(490M) 7,258ms
[2019-04-15T14:07:24.215+0200][225,548s] GC(214) User=0,02s Sys=0,00s Real=0,01s
[2019-04-15T14:07:24.289+0200][225,622s] GC(215) Pause Young (Allocation Failure)
[2019-04-15T14:07:24.290+0200][225,622s] GC(215) Using 4 workers of 4 for evacuation
[2019-04-15T14:07:24.295+0200][225,627s] GC(215) ParNew: 91617K->3790K(109248K)
[2019-04-15T14:07:24.295+0200][225,627s] GC(215) CMS: 153213K->153218K(393216K)
[2019-04-15T14:07:24.295+0200][225,627s] GC(215) Metaspace: 69651K->69651K(1114112K)
[2019-04-15T14:07:24.295+0200][225,628s] GC(215) Pause Young (Allocation Failure) 239M->153M(490M) 5,412ms
[2019-04-15T14:07:24.295+0200][225,628s] GC(215) User=0,01s Sys=0,00s Real=0,01s
[2019-04-15T14:07:24.370+0200][225,703s] GC(216) Pause Young (Allocation Failure)
[2019-04-15T14:07:24.370+0200][225,703s] GC(216) Using 4 workers of 4 for evacuation
[2019-04-15T14:07:24.375+0200][225,708s] GC(216) ParNew: 91214K->3413K(109248K)
[2019-04-15T14:07:24.375+0200][225,708s] GC(216) CMS: 153218K->153223K(393216K)
[2019-04-15T14:07:24.375+0200][225,708s] GC(216) Metaspace: 69651K->69651K(1114112K)
[2019-04-15T14:07:24.375+0200][225,708s] GC(216) Pause Young (Allocation Failure) 238M->152M(490M) 4,676ms
[2019-04-15T14:07:24.375+0200][225,708s] GC(216) User=0,01s Sys=0,00s Real=0,01s
[2019-04-15T14:07:24.444+0200][225,776s] GC(217) Pause Young (Allocation Failure)
[2019-04-15T14:07:24.444+0200][225,776s] GC(217) Using 4 workers of 4 for evacuation
[2019-04-15T14:07:24.449+0200][225,782s] GC(217) ParNew: 90837K->3711K(109248K)
[2019-04-15T14:07:24.449+0200][225,782s] GC(217) CMS: 153223K->153227K(393216K)
[2019-04-15T14:07:24.449+0200][225,782s] GC(217) Metaspace: 69651K->69651K(1114112K)
[2019-04-15T14:07:24.449+0200][225,782s] GC(217) Pause Young (Allocation Failure) 238M->153M(490M) 5,568ms
[2019-04-15T14:07:24.449+0200][225,782s] GC(217) User=0,02s Sys=0,00s Real=0,01s
[2019-04-15T14:07:24.510+0200][225,842s] GC(218) Pause Young (Allocation Failure)
[2019-04-15T14:07:24.510+0200][225,843s] GC(218) Using 4 workers of 4 for evacuation
[2019-04-15T14:07:24.514+0200][225,847s] GC(218) ParNew: 91135K->3207K(109248K)
[2019-04-15T14:07:24.514+0200][225,847s] GC(218) CMS: 153227K->153233K(393216K)
[2019-04-15T14:07:24.514+0200][225,847s] GC(218) Metaspace: 69651K->69651K(1114112K)
[2019-04-15T14:07:24.514+0200][225,847s] GC(218) Pause Young (Allocation Failure) 238M->152M(490M) 4,355ms
[2019-04-15T14:07:24.514+0200][225,847s] GC(218) User=0,01s Sys=0,00s Real=0,01s
[2019-04-15T14:07:24.577+0200][225,910s] GC(219) Pause Young (Allocation Failure)
[2019-04-15T14:07:24.577+0200][225,910s] GC(219) Using 4 workers of 4 for evacuation
[2019-04-15T14:07:24.583+0200][225,915s] GC(219) ParNew: 90631K->3491K(109248K)
[2019-04-15T14:07:24.583+0200][225,915s] GC(219) CMS: 153233K->153237K(393216K)
[2019-04-15T14:07:24.583+0200][225,915s] GC(219) Metaspace: 69651K->69651K(1114112K)
[2019-04-15T14:07:24.583+0200][225,915s] GC(219) Pause Young (Allocation Failure) 238M->153M(490M) 5,642ms
[2019-04-15T14:07:24.583+0200][225,915s] GC(219) User=0,02s Sys=0,00s Real=0,00s
[2019-04-15T14:07:24.642+0200][225,975s] GC(220) Pause Young (Allocation Failure)
[2019-04-15T14:07:24.642+0200][225,975s] GC(220) Using 4 workers of 4 for evacuation
[2019-04-15T14:07:24.649+0200][225,981s] GC(220) ParNew: 90915K->3742K(109248K)
[2019-04-15T14:07:24.649+0200][225,981s] GC(220) CMS: 153237K->153242K(393216K)
[2019-04-15T14:07:24.649+0200][225,982s] GC(220) Metaspace: 69651K->69651K(1114112K)
[2019-04-15T14:07:24.649+0200][225,982s] GC(220) Pause Young (Allocation Failure) 238M->153M(490M) 6,527ms
[2019-04-15T14:07:24.649+0200][225,982s] GC(220) User=0,02s Sys=0,00s Real=0,01s
[2019-04-15T14:07:24.710+0200][226,042s] GC(221) Pause Young (Allocation Failure)
[2019-04-15T14:07:24.710+0200][226,042s] GC(221) Using 4 workers of 4 for evacuation
[2019-04-15T14:07:24.715+0200][226,048s] GC(221) ParNew: 91166K->3186K(109248K)
[2019-04-15T14:07:24.715+0200][226,048s] GC(221) CMS: 153242K->153246K(393216K)
[2019-04-15T14:07:24.715+0200][226,048s] GC(221) Metaspace: 69651K->69651K(1114112K)
[2019-04-15T14:07:24.715+0200][226,048s] GC(221) Pause Young (Allocation Failure) 238M->152M(490M) 5,751ms
[2019-04-15T14:07:24.715+0200][226,048s] GC(221) User=0,02s Sys=0,00s Real=0,01s
[2019-04-15T14:07:24.779+0200][226,112s] GC(222) Pause Young (Allocation Failure)
[2019-04-15T14:07:24.779+0200][226,112s] GC(222) Using 4 workers of 4 for evacuation
[2019-04-15T14:07:24.786+0200][226,119s] GC(222) ParNew: 90610K->3644K(109248K)
[2019-04-15T14:07:24.786+0200][226,119s] GC(222) CMS: 153246K->153250K(393216K)
[2019-04-15T14:07:24.786+0200][226,119s] GC(222) Metaspace: 69651K->69651K(1114112K)
[2019-04-15T14:07:24.786+0200][226,119s] GC(222) Pause Young (Allocation Failure) 238M->153M(490M) 7,120ms
[2019-04-15T14:07:24.786+0200][226,119s] GC(222) User=0,02s Sys=0,00s Real=0,01s
[2019-04-15T14:07:24.914+0200][226,247s] GC(223) Pause Young (Allocation Failure)
[2019-04-15T14:07:24.914+0200][226,247s] GC(223) Using 4 workers of 4 for evacuation
[2019-04-15T14:07:24.923+0200][226,255s] GC(223) ParNew: 91068K->8781K(109248K)
[2019-04-15T14:07:24.923+0200][226,255s] GC(223) CMS: 153250K->155305K(393216K)
[2019-04-15T14:07:24.923+0200][226,255s] GC(223) Metaspace: 69673K->69673K(1114112K)
[2019-04-15T14:07:24.923+0200][226,255s] GC(223) Pause Young (Allocation Failure) 238M->160M(490M) 8,655ms
[2019-04-15T14:07:24.923+0200][226,255s] GC(223) User=0,03s Sys=0,00s Real=0,00s
[2019-04-15T14:07:24.974+0200][226,307s] GC(224) Pause Young (Allocation Failure)
[2019-04-15T14:07:24.974+0200][226,307s] GC(224) Using 4 workers of 4 for evacuation
[2019-04-15T14:07:24.983+0200][226,315s] GC(224) ParNew: 96205K->10434K(109248K)
[2019-04-15T14:07:24.983+0200][226,315s] GC(224) CMS: 155305K->155311K(393216K)
[2019-04-15T14:07:24.983+0200][226,315s] GC(224) Metaspace: 69673K->69673K(1114112K)
[2019-04-15T14:07:24.983+0200][226,315s] GC(224) Pause Young (Allocation Failure) 245M->161M(490M) 8,294ms
[2019-04-15T14:07:24.983+0200][226,315s] GC(224) User=0,03s Sys=0,00s Real=0,00s
[2019-04-15T14:07:25.131+0200][226,464s] GC(225) Pause Young (Allocation Failure)
[2019-04-15T14:07:25.131+0200][226,464s] GC(225) Using 4 workers of 4 for evacuation
[2019-04-15T14:07:25.149+0200][226,481s] GC(225) ParNew: 97858K->13943K(109248K)
[2019-04-15T14:07:25.149+0200][226,481s] GC(225) CMS: 155311K->155316K(393216K)
[2019-04-15T14:07:25.149+0200][226,481s] GC(225) Metaspace: 69714K->69714K(1114112K)
[2019-04-15T14:07:25.149+0200][226,481s] GC(225) Pause Young (Allocation Failure) 247M->165M(490M) 17,738ms
[2019-04-15T14:07:25.149+0200][226,482s] GC(225) User=0,04s Sys=0,00s Real=0,02s
[2019-04-15T14:07:25.281+0200][226,614s] GC(226) Pause Young (Allocation Failure)
[2019-04-15T14:07:25.281+0200][226,614s] GC(226) Using 4 workers of 4 for evacuation
[2019-04-15T14:07:25.295+0200][226,628s] GC(226) ParNew: 101367K->14566K(109248K)
[2019-04-15T14:07:25.295+0200][226,628s] GC(226) CMS: 155316K->155320K(393216K)
[2019-04-15T14:07:25.295+0200][226,628s] GC(226) Metaspace: 69714K->69714K(1114112K)
[2019-04-15T14:07:25.296+0200][226,628s] GC(226) Pause Young (Allocation Failure) 250M->165M(490M) 14,489ms
[2019-04-15T14:07:25.296+0200][226,628s] GC(226) User=0,03s Sys=0,00s Real=0,02s
[2019-04-15T14:07:25.460+0200][226,793s] GC(227) Pause Young (Allocation Failure)
[2019-04-15T14:07:25.460+0200][226,793s] GC(227) Using 4 workers of 4 for evacuation
[2019-04-15T14:07:25.471+0200][226,803s] GC(227) ParNew: 101990K->13919K(109248K)
[2019-04-15T14:07:25.471+0200][226,803s] GC(227) CMS: 155320K->155325K(393216K)
[2019-04-15T14:07:25.471+0200][226,803s] GC(227) Metaspace: 69714K->69714K(1114112K)
[2019-04-15T14:07:25.471+0200][226,803s] GC(227) Pause Young (Allocation Failure) 251M->165M(490M) 10,745ms
[2019-04-15T14:07:25.471+0200][226,803s] GC(227) User=0,03s Sys=0,00s Real=0,01s
[2019-04-15T14:07:25.635+0200][226,967s] GC(228) Pause Young (Allocation Failure)
[2019-04-15T14:07:25.635+0200][226,968s] GC(228) Using 4 workers of 4 for evacuation
[2019-04-15T14:07:25.657+0200][226,989s] GC(228) ParNew: 101343K->13290K(109248K)
[2019-04-15T14:07:25.657+0200][226,989s] GC(228) CMS: 155325K->155329K(393216K)
[2019-04-15T14:07:25.657+0200][226,989s] GC(228) Metaspace: 69805K->69805K(1114112K)
[2019-04-15T14:07:25.657+0200][226,989s] GC(228) Pause Young (Allocation Failure) 250M->164M(490M) 21,739ms
[2019-04-15T14:07:25.657+0200][226,989s] GC(228) User=0,04s Sys=0,00s Real=0,02s
[2019-04-15T14:07:25.759+0200][227,092s] GC(229) Pause Young (Allocation Failure)
[2019-04-15T14:07:25.760+0200][227,092s] GC(229) Using 4 workers of 4 for evacuation
[2019-04-15T14:07:25.777+0200][227,110s] GC(229) ParNew: 100714K->13251K(109248K)
[2019-04-15T14:07:25.777+0200][227,110s] GC(229) CMS: 155329K->155334K(393216K)
[2019-04-15T14:07:25.777+0200][227,110s] GC(229) Metaspace: 69805K->69805K(1114112K)
[2019-04-15T14:07:25.777+0200][227,110s] GC(229) Pause Young (Allocation Failure) 250M->164M(490M) 17,699ms
[2019-04-15T14:07:25.777+0200][227,110s] GC(229) User=0,05s Sys=0,00s Real=0,02s
[2019-04-15T14:07:25.856+0200][227,188s] GC(230) Pause Young (Allocation Failure)
[2019-04-15T14:07:25.856+0200][227,188s] GC(230) Using 4 workers of 4 for evacuation
[2019-04-15T14:07:25.866+0200][227,198s] GC(230) ParNew: 100621K->10627K(109248K)
[2019-04-15T14:07:25.866+0200][227,199s] GC(230) CMS: 155334K->155641K(393216K)
[2019-04-15T14:07:25.866+0200][227,199s] GC(230) Metaspace: 69808K->69808K(1114112K)
[2019-04-15T14:07:25.866+0200][227,199s] GC(230) Pause Young (Allocation Failure) 249M->162M(490M) 10,447ms
[2019-04-15T14:07:25.866+0200][227,199s] GC(230) User=0,02s Sys=0,00s Real=0,01s
[2019-04-15T14:07:25.944+0200][227,277s] GC(231) Pause Young (Allocation Failure)
[2019-04-15T14:07:25.944+0200][227,277s] GC(231) Using 4 workers of 4 for evacuation
[2019-04-15T14:07:25.962+0200][227,295s] GC(231) ParNew: 98051K->7395K(109248K)
[2019-04-15T14:07:25.962+0200][227,295s] GC(231) CMS: 155641K->158466K(393216K)
[2019-04-15T14:07:25.962+0200][227,295s] GC(231) Metaspace: 69816K->69816K(1114112K)
[2019-04-15T14:07:25.962+0200][227,295s] GC(231) Pause Young (Allocation Failure) 247M->161M(490M) 18,156ms
[2019-04-15T14:07:25.963+0200][227,295s] GC(231) User=0,05s Sys=0,00s Real=0,02s
[2019-04-15T14:07:26.176+0200][227,508s] GC(232) Pause Young (Allocation Failure)
[2019-04-15T14:07:26.176+0200][227,508s] GC(232) Using 4 workers of 4 for evacuation
[2019-04-15T14:07:26.188+0200][227,520s] GC(232) ParNew: 94819K->13423K(109248K)
[2019-04-15T14:07:26.188+0200][227,520s] GC(232) CMS: 158466K->158468K(393216K)
[2019-04-15T14:07:26.188+0200][227,520s] GC(232) Metaspace: 69830K->69830K(1114112K)
[2019-04-15T14:07:26.188+0200][227,520s] GC(232) Pause Young (Allocation Failure) 247M->167M(490M) 12,086ms
[2019-04-15T14:07:26.188+0200][227,520s] GC(232) User=0,04s Sys=0,00s Real=0,01s
[2019-04-15T14:07:26.288+0200][227,620s] GC(233) Pause Young (Allocation Failure)
[2019-04-15T14:07:26.288+0200][227,620s] GC(233) Using 4 workers of 4 for evacuation
[2019-04-15T14:07:26.305+0200][227,637s] GC(233) ParNew: 100847K->21824K(109248K)
[2019-04-15T14:07:26.305+0200][227,637s] GC(233) CMS: 158468K->162026K(393216K)
[2019-04-15T14:07:26.305+0200][227,637s] GC(233) Metaspace: 69832K->69832K(1114112K)
[2019-04-15T14:07:26.305+0200][227,638s] GC(233) Pause Young (Allocation Failure) 253M->179M(490M) 17,207ms
[2019-04-15T14:07:26.305+0200][227,638s] GC(233) User=0,06s Sys=0,00s Real=0,02s
[2019-04-15T14:07:26.378+0200][227,711s] GC(234) Pause Young (Allocation Failure)
[2019-04-15T14:07:26.378+0200][227,711s] GC(234) Using 4 workers of 4 for evacuation
[2019-04-15T14:07:26.398+0200][227,730s] GC(234) ParNew: 109248K->21824K(109248K)
[2019-04-15T14:07:26.398+0200][227,730s] GC(234) CMS: 162026K->165048K(393216K)
[2019-04-15T14:07:26.398+0200][227,730s] GC(234) Metaspace: 69833K->69833K(1114112K)
[2019-04-15T14:07:26.398+0200][227,730s] GC(234) Pause Young (Allocation Failure) 264M->182M(490M) 19,367ms
[2019-04-15T14:07:26.398+0200][227,730s] GC(234) User=0,07s Sys=0,00s Real=0,02s
[2019-04-15T14:07:26.471+0200][227,804s] GC(235) Pause Young (Allocation Failure)
[2019-04-15T14:07:26.471+0200][227,804s] GC(235) Using 4 workers of 4 for evacuation
[2019-04-15T14:07:26.490+0200][227,822s] GC(235) ParNew: 109248K->19441K(109248K)
[2019-04-15T14:07:26.490+0200][227,822s] GC(235) CMS: 165048K->172740K(393216K)
[2019-04-15T14:07:26.490+0200][227,822s] GC(235) Metaspace: 69834K->69834K(1114112K)
[2019-04-15T14:07:26.490+0200][227,822s] GC(235) Pause Young (Allocation Failure) 267M->187M(490M) 18,294ms
[2019-04-15T14:07:26.490+0200][227,822s] GC(235) User=0,07s Sys=0,00s Real=0,02s
[2019-04-15T14:07:26.596+0200][227,928s] GC(236) Pause Young (Allocation Failure)
[2019-04-15T14:07:26.596+0200][227,929s] GC(236) Using 4 workers of 4 for evacuation
[2019-04-15T14:07:26.634+0200][227,967s] GC(236) ParNew: 106865K->18111K(109248K)
[2019-04-15T14:07:26.634+0200][227,967s] GC(236) CMS: 172740K->172740K(393216K)
[2019-04-15T14:07:26.634+0200][227,967s] GC(236) Metaspace: 69845K->69845K(1114112K)
[2019-04-15T14:07:26.634+0200][227,967s] GC(236) Pause Young (Allocation Failure) 273M->186M(490M) 38,546ms
[2019-04-15T14:07:26.634+0200][227,967s] GC(236) User=0,08s Sys=0,00s Real=0,04s
[2019-04-15T14:07:26.788+0200][228,120s] GC(237) Pause Young (Allocation Failure)
[2019-04-15T14:07:26.788+0200][228,120s] GC(237) Using 4 workers of 4 for evacuation
[2019-04-15T14:07:26.806+0200][228,139s] GC(237) ParNew: 105535K->16988K(109248K)
[2019-04-15T14:07:26.806+0200][228,139s] GC(237) CMS: 172740K->172740K(393216K)
[2019-04-15T14:07:26.806+0200][228,139s] GC(237) Metaspace: 69863K->69863K(1114112K)
[2019-04-15T14:07:26.806+0200][228,139s] GC(237) Pause Young (Allocation Failure) 271M->185M(490M) 18,691ms
[2019-04-15T14:07:26.806+0200][228,139s] GC(237) User=0,05s Sys=0,00s Real=0,02s
[2019-04-15T14:07:26.881+0200][228,213s] GC(238) Pause Young (Allocation Failure)
[2019-04-15T14:07:26.881+0200][228,213s] GC(238) Using 4 workers of 4 for evacuation
[2019-04-15T14:07:26.903+0200][228,235s] GC(238) ParNew: 104412K->21243K(109248K)
[2019-04-15T14:07:26.903+0200][228,235s] GC(238) CMS: 172740K->172740K(393216K)
[2019-04-15T14:07:26.903+0200][228,235s] GC(238) Metaspace: 69865K->69865K(1114112K)
[2019-04-15T14:07:26.903+0200][228,235s] GC(238) Pause Young (Allocation Failure) 270M->189M(490M) 22,219ms
[2019-04-15T14:07:26.903+0200][228,235s] GC(238) User=0,08s Sys=0,00s Real=0,02s
[2019-04-15T14:07:26.999+0200][228,331s] GC(239) Pause Young (Allocation Failure)
[2019-04-15T14:07:26.999+0200][228,331s] GC(239) Using 4 workers of 4 for evacuation
[2019-04-15T14:07:27.016+0200][228,349s] GC(239) ParNew: 108667K->16388K(109248K)
[2019-04-15T14:07:27.016+0200][228,349s] GC(239) CMS: 172740K->172740K(393216K)
[2019-04-15T14:07:27.016+0200][228,349s] GC(239) Metaspace: 69865K->69865K(1114112K)
[2019-04-15T14:07:27.016+0200][228,349s] GC(239) Pause Young (Allocation Failure) 274M->184M(490M) 17,590ms
[2019-04-15T14:07:27.016+0200][228,349s] GC(239) User=0,06s Sys=0,00s Real=0,02s
[2019-04-15T14:07:27.115+0200][228,447s] GC(240) Pause Young (Allocation Failure)
[2019-04-15T14:07:27.115+0200][228,447s] GC(240) Using 4 workers of 4 for evacuation
[2019-04-15T14:07:27.132+0200][228,464s] GC(240) ParNew: 103812K->21199K(109248K)
[2019-04-15T14:07:27.132+0200][228,464s] GC(240) CMS: 172740K->172740K(393216K)
[2019-04-15T14:07:27.132+0200][228,464s] GC(240) Metaspace: 69865K->69865K(1114112K)
[2019-04-15T14:07:27.132+0200][228,464s] GC(240) Pause Young (Allocation Failure) 270M->189M(490M) 17,076ms
[2019-04-15T14:07:27.132+0200][228,464s] GC(240) User=0,05s Sys=0,00s Real=0,01s
[2019-04-15T14:07:27.193+0200][228,526s] GC(241) Pause Young (Allocation Failure)
[2019-04-15T14:07:27.193+0200][228,526s] GC(241) Using 4 workers of 4 for evacuation
[2019-04-15T14:07:27.226+0200][228,558s] GC(241) ParNew: 108623K->10651K(109248K)
[2019-04-15T14:07:27.226+0200][228,558s] GC(241) CMS: 172740K->182548K(393216K)
[2019-04-15T14:07:27.226+0200][228,558s] GC(241) Metaspace: 69865K->69865K(1114112K)
[2019-04-15T14:07:27.226+0200][228,558s] GC(241) Pause Young (Allocation Failure) 274M->188M(490M) 32,404ms
[2019-04-15T14:07:27.226+0200][228,558s] GC(241) User=0,09s Sys=0,00s Real=0,03s
[2019-04-15T14:07:27.295+0200][228,627s] GC(242) Pause Young (Allocation Failure)
[2019-04-15T14:07:27.295+0200][228,628s] GC(242) Using 4 workers of 4 for evacuation
[2019-04-15T14:07:27.306+0200][228,638s] GC(242) ParNew: 98075K->4896K(109248K)
[2019-04-15T14:07:27.306+0200][228,638s] GC(242) CMS: 182548K->184840K(393216K)
[2019-04-15T14:07:27.306+0200][228,638s] GC(242) Metaspace: 69865K->69865K(1114112K)
[2019-04-15T14:07:27.306+0200][228,638s] GC(242) Pause Young (Allocation Failure) 274M->185M(490M) 10,852ms
[2019-04-15T14:07:27.306+0200][228,638s] GC(242) User=0,03s Sys=0,00s Real=0,01s
[2019-04-15T14:07:27.367+0200][228,699s] GC(243) Pause Young (Allocation Failure)
[2019-04-15T14:07:27.367+0200][228,699s] GC(243) Using 4 workers of 4 for evacuation
[2019-04-15T14:07:27.374+0200][228,707s] GC(243) ParNew: 92320K->3300K(109248K)
[2019-04-15T14:07:27.374+0200][228,707s] GC(243) CMS: 184840K->184842K(393216K)
[2019-04-15T14:07:27.374+0200][228,707s] GC(243) Metaspace: 69865K->69865K(1114112K)
[2019-04-15T14:07:27.374+0200][228,707s] GC(243) Pause Young (Allocation Failure) 270M->183M(490M) 7,478ms
[2019-04-15T14:07:27.374+0200][228,707s] GC(243) User=0,03s Sys=0,00s Real=0,01s
[2019-04-15T14:07:27.437+0200][228,770s] GC(244) Pause Young (Allocation Failure)
[2019-04-15T14:07:27.437+0200][228,770s] GC(244) Using 4 workers of 4 for evacuation
[2019-04-15T14:07:27.445+0200][228,777s] GC(244) ParNew: 90724K->3129K(109248K)
[2019-04-15T14:07:27.445+0200][228,777s] GC(244) CMS: 184842K->184914K(393216K)
[2019-04-15T14:07:27.445+0200][228,777s] GC(244) Metaspace: 69865K->69865K(1114112K)
[2019-04-15T14:07:27.445+0200][228,777s] GC(244) Pause Young (Allocation Failure) 269M->183M(490M) 7,862ms
[2019-04-15T14:07:27.445+0200][228,777s] GC(244) User=0,03s Sys=0,00s Real=0,00s
[2019-04-15T14:07:27.496+0200][228,829s] GC(245) Pause Young (Allocation Failure)
[2019-04-15T14:07:27.496+0200][228,829s] GC(245) Using 4 workers of 4 for evacuation
[2019-04-15T14:07:27.504+0200][228,836s] GC(245) ParNew: 90553K->3839K(109248K)
[2019-04-15T14:07:27.504+0200][228,836s] GC(245) CMS: 184914K->185996K(393216K)
[2019-04-15T14:07:27.504+0200][228,836s] GC(245) Metaspace: 69865K->69865K(1114112K)
[2019-04-15T14:07:27.504+0200][228,836s] GC(245) Pause Young (Allocation Failure) 269M->185M(490M) 7,472ms
[2019-04-15T14:07:27.504+0200][228,836s] GC(245) User=0,02s Sys=0,00s Real=0,00s
[2019-04-15T14:07:27.557+0200][228,890s] GC(246) Pause Young (Allocation Failure)
[2019-04-15T14:07:27.557+0200][228,890s] GC(246) Using 4 workers of 4 for evacuation
[2019-04-15T14:07:27.564+0200][228,897s] GC(246) ParNew: 91263K->2879K(109248K)
[2019-04-15T14:07:27.564+0200][228,897s] GC(246) CMS: 185996K->186018K(393216K)
[2019-04-15T14:07:27.564+0200][228,897s] GC(246) Metaspace: 69865K->69865K(1114112K)
[2019-04-15T14:07:27.564+0200][228,897s] GC(246) Pause Young (Allocation Failure) 270M->184M(490M) 6,819ms
[2019-04-15T14:07:27.564+0200][228,897s] GC(246) User=0,02s Sys=0,00s Real=0,00s
[2019-04-15T14:07:27.621+0200][228,953s] GC(247) Pause Young (Allocation Failure)
[2019-04-15T14:07:27.621+0200][228,953s] GC(247) Using 4 workers of 4 for evacuation
[2019-04-15T14:07:27.628+0200][228,960s] GC(247) ParNew: 90303K->2654K(109248K)
[2019-04-15T14:07:27.628+0200][228,960s] GC(247) CMS: 186018K->186020K(393216K)
[2019-04-15T14:07:27.628+0200][228,960s] GC(247) Metaspace: 69865K->69865K(1114112K)
[2019-04-15T14:07:27.628+0200][228,960s] GC(247) Pause Young (Allocation Failure) 269M->184M(490M) 7,072ms
[2019-04-15T14:07:27.628+0200][228,960s] GC(247) User=0,03s Sys=0,00s Real=0,01s
[2019-04-15T14:07:27.684+0200][229,017s] GC(248) Pause Young (Allocation Failure)
[2019-04-15T14:07:27.684+0200][229,017s] GC(248) Using 4 workers of 4 for evacuation
[2019-04-15T14:07:27.687+0200][229,020s] GC(248) ParNew: 90078K->2532K(109248K)
[2019-04-15T14:07:27.687+0200][229,020s] GC(248) CMS: 186020K->186050K(393216K)
[2019-04-15T14:07:27.687+0200][229,020s] GC(248) Metaspace: 69865K->69865K(1114112K)
[2019-04-15T14:07:27.687+0200][229,020s] GC(248) Pause Young (Allocation Failure) 269M->184M(490M) 2,976ms
[2019-04-15T14:07:27.687+0200][229,020s] GC(248) User=0,01s Sys=0,00s Real=0,01s
[2019-04-15T14:07:27.744+0200][229,076s] GC(249) Pause Young (Allocation Failure)
[2019-04-15T14:07:27.744+0200][229,076s] GC(249) Using 4 workers of 4 for evacuation
[2019-04-15T14:07:27.750+0200][229,083s] GC(249) ParNew: 89956K->2895K(109248K)
[2019-04-15T14:07:27.750+0200][229,083s] GC(249) CMS: 186050K->186054K(393216K)
[2019-04-15T14:07:27.750+0200][229,083s] GC(249) Metaspace: 69865K->69865K(1114112K)
[2019-04-15T14:07:27.750+0200][229,083s] GC(249) Pause Young (Allocation Failure) 269M->184M(490M) 6,503ms
[2019-04-15T14:07:27.750+0200][229,083s] GC(249) User=0,02s Sys=0,00s Real=0,01s
[2019-04-15T14:07:27.801+0200][229,134s] GC(250) Pause Young (Allocation Failure)
[2019-04-15T14:07:27.801+0200][229,134s] GC(250) Using 4 workers of 4 for evacuation
[2019-04-15T14:07:27.807+0200][229,140s] GC(250) ParNew: 90319K->2902K(109248K)
[2019-04-15T14:07:27.807+0200][229,140s] GC(250) CMS: 186054K->186058K(393216K)
[2019-04-15T14:07:27.807+0200][229,140s] GC(250) Metaspace: 69865K->69865K(1114112K)
[2019-04-15T14:07:27.807+0200][229,140s] GC(250) Pause Young (Allocation Failure) 269M->184M(490M) 6,219ms
[2019-04-15T14:07:27.807+0200][229,140s] GC(250) User=0,02s Sys=0,00s Real=0,01s
[2019-04-15T14:07:27.862+0200][229,195s] GC(251) Pause Young (Allocation Failure)
[2019-04-15T14:07:27.862+0200][229,195s] GC(251) Using 4 workers of 4 for evacuation
[2019-04-15T14:07:27.870+0200][229,202s] GC(251) ParNew: 90326K->3097K(109248K)
[2019-04-15T14:07:27.870+0200][229,202s] GC(251) CMS: 186058K->186059K(393216K)
[2019-04-15T14:07:27.870+0200][229,202s] GC(251) Metaspace: 69865K->69865K(1114112K)
[2019-04-15T14:07:27.870+0200][229,202s] GC(251) Pause Young (Allocation Failure) 269M->184M(490M) 7,720ms
[2019-04-15T14:07:27.870+0200][229,202s] GC(251) User=0,03s Sys=0,00s Real=0,01s
[2019-04-15T14:07:27.939+0200][229,272s] GC(252) Pause Young (Allocation Failure)
[2019-04-15T14:07:27.939+0200][229,272s] GC(252) Using 4 workers of 4 for evacuation
[2019-04-15T14:07:27.945+0200][229,277s] GC(252) ParNew: 90521K->2939K(109248K)
[2019-04-15T14:07:27.945+0200][229,277s] GC(252) CMS: 186059K->186062K(393216K)
[2019-04-15T14:07:27.945+0200][229,277s] GC(252) Metaspace: 69865K->69865K(1114112K)
[2019-04-15T14:07:27.945+0200][229,277s] GC(252) Pause Young (Allocation Failure) 270M->184M(490M) 5,724ms
[2019-04-15T14:07:27.945+0200][229,277s] GC(252) User=0,02s Sys=0,00s Real=0,00s
[2019-04-15T14:07:28.002+0200][229,334s] GC(253) Pause Young (Allocation Failure)
[2019-04-15T14:07:28.002+0200][229,334s] GC(253) Using 4 workers of 4 for evacuation
[2019-04-15T14:07:28.006+0200][229,339s] GC(253) ParNew: 90363K->642K(109248K)
[2019-04-15T14:07:28.006+0200][229,339s] GC(253) CMS: 186062K->188120K(393216K)
[2019-04-15T14:07:28.006+0200][229,339s] GC(253) Metaspace: 69865K->69865K(1114112K)
[2019-04-15T14:07:28.006+0200][229,339s] GC(253) Pause Young (Allocation Failure) 269M->184M(490M) 4,576ms
[2019-04-15T14:07:28.006+0200][229,339s] GC(253) User=0,02s Sys=0,00s Real=0,01s
[2019-04-15T14:07:28.065+0200][229,397s] GC(254) Pause Young (Allocation Failure)
[2019-04-15T14:07:28.065+0200][229,398s] GC(254) Using 4 workers of 4 for evacuation
[2019-04-15T14:07:28.071+0200][229,404s] GC(254) ParNew: 88066K->787K(109248K)
[2019-04-15T14:07:28.071+0200][229,404s] GC(254) CMS: 188120K->188121K(393216K)
[2019-04-15T14:07:28.071+0200][229,404s] GC(254) Metaspace: 69865K->69865K(1114112K)
[2019-04-15T14:07:28.071+0200][229,404s] GC(254) Pause Young (Allocation Failure) 269M->184M(490M) 6,475ms
[2019-04-15T14:07:28.071+0200][229,404s] GC(254) User=0,01s Sys=0,00s Real=0,01s
[2019-04-15T14:07:28.129+0200][229,461s] GC(255) Pause Young (Allocation Failure)
[2019-04-15T14:07:28.129+0200][229,461s] GC(255) Using 4 workers of 4 for evacuation
[2019-04-15T14:07:28.136+0200][229,468s] GC(255) ParNew: 88211K->592K(109248K)
[2019-04-15T14:07:28.136+0200][229,468s] GC(255) CMS: 188121K->188123K(393216K)
[2019-04-15T14:07:28.136+0200][229,468s] GC(255) Metaspace: 69865K->69865K(1114112K)
[2019-04-15T14:07:28.136+0200][229,468s] GC(255) Pause Young (Allocation Failure) 269M->184M(490M) 7,049ms
[2019-04-15T14:07:28.136+0200][229,468s] GC(255) User=0,02s Sys=0,00s Real=0,01s
[2019-04-15T14:07:28.189+0200][229,522s] GC(256) Pause Young (Allocation Failure)
[2019-04-15T14:07:28.189+0200][229,522s] GC(256) Using 4 workers of 4 for evacuation
[2019-04-15T14:07:28.196+0200][229,528s] GC(256) ParNew: 88016K->4262K(109248K)
[2019-04-15T14:07:28.196+0200][229,528s] GC(256) CMS: 188123K->188125K(393216K)
[2019-04-15T14:07:28.196+0200][229,528s] GC(256) Metaspace: 69865K->69865K(1114112K)
[2019-04-15T14:07:28.196+0200][229,528s] GC(256) Pause Young (Allocation Failure) 269M->187M(490M) 6,607ms
[2019-04-15T14:07:28.196+0200][229,528s] GC(256) User=0,02s Sys=0,00s Real=0,01s
[2019-04-15T14:07:28.246+0200][229,579s] GC(257) Pause Young (Allocation Failure)
[2019-04-15T14:07:28.246+0200][229,579s] GC(257) Using 4 workers of 4 for evacuation
[2019-04-15T14:07:28.254+0200][229,586s] GC(257) ParNew: 91686K->4875K(109248K)
[2019-04-15T14:07:28.254+0200][229,586s] GC(257) CMS: 188125K->188127K(393216K)
[2019-04-15T14:07:28.254+0200][229,586s] GC(257) Metaspace: 69865K->69865K(1114112K)
[2019-04-15T14:07:28.254+0200][229,586s] GC(257) Pause Young (Allocation Failure) 273M->188M(490M) 7,627ms
[2019-04-15T14:07:28.254+0200][229,586s] GC(257) User=0,02s Sys=0,00s Real=0,01s
[2019-04-15T14:07:28.307+0200][229,640s] GC(258) Pause Young (Allocation Failure)
[2019-04-15T14:07:28.307+0200][229,640s] GC(258) Using 4 workers of 4 for evacuation
[2019-04-15T14:07:28.314+0200][229,647s] GC(258) ParNew: 92299K->4670K(109248K)
[2019-04-15T14:07:28.314+0200][229,647s] GC(258) CMS: 188127K->188129K(393216K)
[2019-04-15T14:07:28.314+0200][229,647s] GC(258) Metaspace: 69865K->69865K(1114112K)
[2019-04-15T14:07:28.314+0200][229,647s] GC(258) Pause Young (Allocation Failure) 273M->188M(490M) 7,330ms
[2019-04-15T14:07:28.314+0200][229,647s] GC(258) User=0,03s Sys=0,00s Real=0,01s
[2019-04-15T14:07:28.370+0200][229,703s] GC(259) Pause Young (Allocation Failure)
[2019-04-15T14:07:28.370+0200][229,703s] GC(259) Using 4 workers of 4 for evacuation
[2019-04-15T14:07:28.379+0200][229,712s] GC(259) ParNew: 92094K->4677K(109248K)
[2019-04-15T14:07:28.379+0200][229,712s] GC(259) CMS: 188129K->188131K(393216K)
[2019-04-15T14:07:28.379+0200][229,712s] GC(259) Metaspace: 69865K->69865K(1114112K)
[2019-04-15T14:07:28.379+0200][229,712s] GC(259) Pause Young (Allocation Failure) 273M->188M(490M) 8,863ms
[2019-04-15T14:07:28.379+0200][229,712s] GC(259) User=0,03s Sys=0,00s Real=0,01s
[2019-04-15T14:07:28.430+0200][229,762s] GC(260) Pause Young (Allocation Failure)
[2019-04-15T14:07:28.430+0200][229,762s] GC(260) Using 4 workers of 4 for evacuation
[2019-04-15T14:07:28.437+0200][229,770s] GC(260) ParNew: 92101K->4915K(109248K)
[2019-04-15T14:07:28.437+0200][229,770s] GC(260) CMS: 188131K->188133K(393216K)
[2019-04-15T14:07:28.437+0200][229,770s] GC(260) Metaspace: 69865K->69865K(1114112K)
[2019-04-15T14:07:28.437+0200][229,770s] GC(260) Pause Young (Allocation Failure) 273M->188M(490M) 7,277ms
[2019-04-15T14:07:28.437+0200][229,770s] GC(260) User=0,02s Sys=0,00s Real=0,01s
[2019-04-15T14:07:28.490+0200][229,823s] GC(261) Pause Young (Allocation Failure)
[2019-04-15T14:07:28.490+0200][229,823s] GC(261) Using 4 workers of 4 for evacuation
[2019-04-15T14:07:28.498+0200][229,831s] GC(261) ParNew: 92339K->4755K(109248K)
[2019-04-15T14:07:28.498+0200][229,831s] GC(261) CMS: 188133K->188134K(393216K)
[2019-04-15T14:07:28.498+0200][229,831s] GC(261) Metaspace: 69865K->69865K(1114112K)
[2019-04-15T14:07:28.498+0200][229,831s] GC(261) Pause Young (Allocation Failure) 273M->188M(490M) 7,727ms
[2019-04-15T14:07:28.498+0200][229,831s] GC(261) User=0,02s Sys=0,00s Real=0,01s
[2019-04-15T14:07:28.563+0200][229,895s] GC(262) Pause Young (Allocation Failure)
[2019-04-15T14:07:28.563+0200][229,896s] GC(262) Using 4 workers of 4 for evacuation
[2019-04-15T14:07:28.567+0200][229,900s] GC(262) ParNew: 92179K->4576K(109248K)
[2019-04-15T14:07:28.568+0200][229,900s] GC(262) CMS: 188134K->188136K(393216K)
[2019-04-15T14:07:28.568+0200][229,900s] GC(262) Metaspace: 69865K->69865K(1114112K)
[2019-04-15T14:07:28.568+0200][229,900s] GC(262) Pause Young (Allocation Failure) 273M->188M(490M) 4,665ms
[2019-04-15T14:07:28.568+0200][229,900s] GC(262) User=0,01s Sys=0,00s Real=0,01s
[2019-04-15T14:07:28.623+0200][229,955s] GC(263) Pause Young (Allocation Failure)
[2019-04-15T14:07:28.623+0200][229,955s] GC(263) Using 4 workers of 4 for evacuation
[2019-04-15T14:07:28.627+0200][229,959s] GC(263) ParNew: 92000K->4353K(109248K)
[2019-04-15T14:07:28.627+0200][229,959s] GC(263) CMS: 188136K->188139K(393216K)
[2019-04-15T14:07:28.627+0200][229,959s] GC(263) Metaspace: 69865K->69865K(1114112K)
[2019-04-15T14:07:28.627+0200][229,959s] GC(263) Pause Young (Allocation Failure) 273M->187M(490M) 4,045ms
[2019-04-15T14:07:28.627+0200][229,960s] GC(263) User=0,01s Sys=0,00s Real=0,01s
[2019-04-15T14:07:28.682+0200][230,015s] GC(264) Pause Young (Allocation Failure)
[2019-04-15T14:07:28.682+0200][230,015s] GC(264) Using 4 workers of 4 for evacuation
[2019-04-15T14:07:28.690+0200][230,022s] GC(264) ParNew: 91777K->728K(109248K)
[2019-04-15T14:07:28.690+0200][230,022s] GC(264) CMS: 188139K->192241K(393216K)
[2019-04-15T14:07:28.690+0200][230,022s] GC(264) Metaspace: 69865K->69865K(1114112K)
[2019-04-15T14:07:28.690+0200][230,022s] GC(264) Pause Young (Allocation Failure) 273M->188M(490M) 7,738ms
[2019-04-15T14:07:28.690+0200][230,022s] GC(264) User=0,02s Sys=0,00s Real=0,01s
[2019-04-15T14:07:28.745+0200][230,078s] GC(265) Pause Young (Allocation Failure)
[2019-04-15T14:07:28.745+0200][230,078s] GC(265) Using 4 workers of 4 for evacuation
[2019-04-15T14:07:28.749+0200][230,081s] GC(265) ParNew: 88152K->615K(109248K)
[2019-04-15T14:07:28.749+0200][230,081s] GC(265) CMS: 192241K->192242K(393216K)
[2019-04-15T14:07:28.749+0200][230,081s] GC(265) Metaspace: 69865K->69865K(1114112K)
[2019-04-15T14:07:28.749+0200][230,081s] GC(265) Pause Young (Allocation Failure) 273M->188M(490M) 3,429ms
[2019-04-15T14:07:28.749+0200][230,081s] GC(265) User=0,01s Sys=0,00s Real=0,00s
[2019-04-15T14:07:28.804+0200][230,136s] GC(266) Pause Young (Allocation Failure)
[2019-04-15T14:07:28.804+0200][230,136s] GC(266) Using 4 workers of 4 for evacuation
[2019-04-15T14:07:28.813+0200][230,146s] GC(266) ParNew: 88039K->412K(109248K)
[2019-04-15T14:07:28.813+0200][230,146s] GC(266) CMS: 192242K->192245K(393216K)
[2019-04-15T14:07:28.813+0200][230,146s] GC(266) Metaspace: 69865K->69865K(1114112K)
[2019-04-15T14:07:28.814+0200][230,146s] GC(266) Pause Young (Allocation Failure) 273M->188M(490M) 9,964ms
[2019-04-15T14:07:28.814+0200][230,146s] GC(266) User=0,03s Sys=0,00s Real=0,02s
[2019-04-15T14:07:28.867+0200][230,200s] GC(267) Pause Young (Allocation Failure)
[2019-04-15T14:07:28.867+0200][230,200s] GC(267) Using 4 workers of 4 for evacuation
[2019-04-15T14:07:28.873+0200][230,205s] GC(267) ParNew: 87836K->870K(109248K)
[2019-04-15T14:07:28.873+0200][230,205s] GC(267) CMS: 192245K->192247K(393216K)
[2019-04-15T14:07:28.873+0200][230,205s] GC(267) Metaspace: 69865K->69865K(1114112K)
[2019-04-15T14:07:28.873+0200][230,205s] GC(267) Pause Young (Allocation Failure) 273M->188M(490M) 5,727ms
[2019-04-15T14:07:28.873+0200][230,205s] GC(267) User=0,02s Sys=0,00s Real=0,00s
[2019-04-15T14:07:28.928+0200][230,261s] GC(268) Pause Young (Allocation Failure)
[2019-04-15T14:07:28.928+0200][230,261s] GC(268) Using 4 workers of 4 for evacuation
[2019-04-15T14:07:28.935+0200][230,267s] GC(268) ParNew: 88294K->606K(109248K)
[2019-04-15T14:07:28.935+0200][230,267s] GC(268) CMS: 192247K->192248K(393216K)
[2019-04-15T14:07:28.935+0200][230,267s] GC(268) Metaspace: 69865K->69865K(1114112K)
[2019-04-15T14:07:28.935+0200][230,267s] GC(268) Pause Young (Allocation Failure) 273M->188M(490M) 6,135ms
[2019-04-15T14:07:28.935+0200][230,267s] GC(268) User=0,01s Sys=0,00s Real=0,01s
[2019-04-15T14:07:29.004+0200][230,336s] GC(269) Pause Young (Allocation Failure)
[2019-04-15T14:07:29.004+0200][230,337s] GC(269) Using 4 workers of 4 for evacuation
[2019-04-15T14:07:29.013+0200][230,346s] GC(269) ParNew: 88030K->817K(109248K)
[2019-04-15T14:07:29.013+0200][230,346s] GC(269) CMS: 192248K->192250K(393216K)
[2019-04-15T14:07:29.013+0200][230,346s] GC(269) Metaspace: 69865K->69865K(1114112K)
[2019-04-15T14:07:29.013+0200][230,346s] GC(269) Pause Young (Allocation Failure) 273M->188M(490M) 9,588ms
[2019-04-15T14:07:29.013+0200][230,346s] GC(269) User=0,03s Sys=0,00s Real=0,02s
[2019-04-15T14:07:29.106+0200][230,438s] GC(270) Pause Young (Allocation Failure)
[2019-04-15T14:07:29.106+0200][230,438s] GC(270) Using 4 workers of 4 for evacuation
[2019-04-15T14:07:29.117+0200][230,450s] GC(270) ParNew: 88241K->680K(109248K)
[2019-04-15T14:07:29.117+0200][230,450s] GC(270) CMS: 192250K->192252K(393216K)
[2019-04-15T14:07:29.117+0200][230,450s] GC(270) Metaspace: 69865K->69865K(1114112K)
[2019-04-15T14:07:29.117+0200][230,450s] GC(270) Pause Young (Allocation Failure) 273M->188M(490M) 11,460ms
[2019-04-15T14:07:29.117+0200][230,450s] GC(270) User=0,03s Sys=0,00s Real=0,01s
[2019-04-15T14:07:29.216+0200][230,549s] GC(271) Pause Young (Allocation Failure)
[2019-04-15T14:07:29.216+0200][230,549s] GC(271) Using 4 workers of 4 for evacuation
[2019-04-15T14:07:29.222+0200][230,555s] GC(271) ParNew: 88104K->291K(109248K)
[2019-04-15T14:07:29.222+0200][230,555s] GC(271) CMS: 192252K->192254K(393216K)
[2019-04-15T14:07:29.222+0200][230,555s] GC(271) Metaspace: 69865K->69865K(1114112K)
[2019-04-15T14:07:29.222+0200][230,555s] GC(271) Pause Young (Allocation Failure) 273M->188M(490M) 5,986ms
[2019-04-15T14:07:29.222+0200][230,555s] GC(271) User=0,01s Sys=0,00s Real=0,00s
[2019-04-15T14:07:29.324+0200][230,657s] GC(272) Pause Young (Allocation Failure)
[2019-04-15T14:07:29.324+0200][230,657s] GC(272) Using 4 workers of 4 for evacuation
[2019-04-15T14:07:29.330+0200][230,663s] GC(272) ParNew: 87715K->757K(109248K)
[2019-04-15T14:07:29.330+0200][230,663s] GC(272) CMS: 192254K->192256K(393216K)
[2019-04-15T14:07:29.330+0200][230,663s] GC(272) Metaspace: 69865K->69865K(1114112K)
[2019-04-15T14:07:29.330+0200][230,663s] GC(272) Pause Young (Allocation Failure) 273M->188M(490M) 6,153ms
[2019-04-15T14:07:29.330+0200][230,663s] GC(272) User=0,02s Sys=0,00s Real=0,01s
[2019-04-15T14:07:29.426+0200][230,759s] GC(273) Pause Young (Allocation Failure)
[2019-04-15T14:07:29.426+0200][230,759s] GC(273) Using 4 workers of 4 for evacuation
[2019-04-15T14:07:29.431+0200][230,764s] GC(273) ParNew: 88181K->776K(109248K)
[2019-04-15T14:07:29.431+0200][230,764s] GC(273) CMS: 192256K->192257K(393216K)
[2019-04-15T14:07:29.431+0200][230,764s] GC(273) Metaspace: 69865K->69865K(1114112K)
[2019-04-15T14:07:29.431+0200][230,764s] GC(273) Pause Young (Allocation Failure) 273M->188M(490M) 4,720ms
[2019-04-15T14:07:29.431+0200][230,764s] GC(273) User=0,01s Sys=0,00s Real=0,00s
[2019-04-15T14:07:29.540+0200][230,873s] GC(274) Pause Young (Allocation Failure)
[2019-04-15T14:07:29.540+0200][230,873s] GC(274) Using 4 workers of 4 for evacuation
[2019-04-15T14:07:29.546+0200][230,879s] GC(274) ParNew: 88200K->451K(109248K)
[2019-04-15T14:07:29.546+0200][230,879s] GC(274) CMS: 192257K->192259K(393216K)
[2019-04-15T14:07:29.546+0200][230,879s] GC(274) Metaspace: 69865K->69865K(1114112K)
[2019-04-15T14:07:29.546+0200][230,879s] GC(274) Pause Young (Allocation Failure) 273M->188M(490M) 5,848ms
[2019-04-15T14:07:29.546+0200][230,879s] GC(274) User=0,01s Sys=0,00s Real=0,01s
[2019-04-15T14:07:29.636+0200][230,968s] GC(275) Pause Young (Allocation Failure)
[2019-04-15T14:07:29.636+0200][230,969s] GC(275) Using 4 workers of 4 for evacuation
[2019-04-15T14:07:29.641+0200][230,974s] GC(275) ParNew: 87875K->461K(109248K)
[2019-04-15T14:07:29.641+0200][230,974s] GC(275) CMS: 192259K->192260K(393216K)
[2019-04-15T14:07:29.641+0200][230,974s] GC(275) Metaspace: 69865K->69865K(1114112K)
[2019-04-15T14:07:29.641+0200][230,974s] GC(275) Pause Young (Allocation Failure) 273M->188M(490M) 5,606ms
[2019-04-15T14:07:29.641+0200][230,974s] GC(275) User=0,02s Sys=0,00s Real=0,00s
[2019-04-15T14:07:29.725+0200][231,058s] GC(276) Pause Young (Allocation Failure)
[2019-04-15T14:07:29.726+0200][231,058s] GC(276) Using 4 workers of 4 for evacuation
[2019-04-15T14:07:29.741+0200][231,074s] GC(276) ParNew: 87885K->677K(109248K)
[2019-04-15T14:07:29.741+0200][231,074s] GC(276) CMS: 192260K->192261K(393216K)
[2019-04-15T14:07:29.741+0200][231,074s] GC(276) Metaspace: 69865K->69865K(1114112K)
[2019-04-15T14:07:29.741+0200][231,074s] GC(276) Pause Young (Allocation Failure) 273M->188M(490M) 15,769ms
[2019-04-15T14:07:29.741+0200][231,074s] GC(276) User=0,03s Sys=0,00s Real=0,01s
[2019-04-15T14:07:29.818+0200][231,150s] GC(277) Pause Young (Allocation Failure)
[2019-04-15T14:07:29.818+0200][231,151s] GC(277) Using 4 workers of 4 for evacuation
[2019-04-15T14:07:29.824+0200][231,157s] GC(277) ParNew: 88101K->1027K(109248K)
[2019-04-15T14:07:29.824+0200][231,157s] GC(277) CMS: 192261K->192263K(393216K)
[2019-04-15T14:07:29.824+0200][231,157s] GC(277) Metaspace: 69865K->69865K(1114112K)
[2019-04-15T14:07:29.824+0200][231,157s] GC(277) Pause Young (Allocation Failure) 273M->188M(490M) 6,641ms
[2019-04-15T14:07:29.824+0200][231,157s] GC(277) User=0,02s Sys=0,00s Real=0,00s
[2019-04-15T14:07:29.906+0200][231,239s] GC(278) Pause Young (Allocation Failure)
[2019-04-15T14:07:29.906+0200][231,239s] GC(278) Using 4 workers of 4 for evacuation
[2019-04-15T14:07:29.910+0200][231,242s] GC(278) ParNew: 88451K->9194K(109248K)
[2019-04-15T14:07:29.910+0200][231,242s] GC(278) CMS: 192263K->192264K(393216K)
[2019-04-15T14:07:29.910+0200][231,242s] GC(278) Metaspace: 69865K->69865K(1114112K)
[2019-04-15T14:07:29.910+0200][231,242s] GC(278) Pause Young (Allocation Failure) 274M->196M(490M) 3,684ms
[2019-04-15T14:07:29.910+0200][231,242s] GC(278) User=0,01s Sys=0,00s Real=0,00s
[2019-04-15T14:07:29.984+0200][231,317s] GC(279) Pause Young (Allocation Failure)
[2019-04-15T14:07:29.984+0200][231,317s] GC(279) Using 4 workers of 4 for evacuation
[2019-04-15T14:07:29.992+0200][231,324s] GC(279) ParNew: 96618K->8752K(109248K)
[2019-04-15T14:07:29.992+0200][231,324s] GC(279) CMS: 192264K->192266K(393216K)
[2019-04-15T14:07:29.992+0200][231,324s] GC(279) Metaspace: 69865K->69865K(1114112K)
[2019-04-15T14:07:29.992+0200][231,324s] GC(279) Pause Young (Allocation Failure) 282M->196M(490M) 7,772ms
[2019-04-15T14:07:29.992+0200][231,325s] GC(279) User=0,02s Sys=0,01s Real=0,01s
[2019-04-15T14:07:30.083+0200][231,416s] GC(280) Pause Young (Allocation Failure)
[2019-04-15T14:07:30.083+0200][231,416s] GC(280) Using 4 workers of 4 for evacuation
[2019-04-15T14:07:30.093+0200][231,426s] GC(280) ParNew: 96176K->8607K(109248K)
[2019-04-15T14:07:30.093+0200][231,426s] GC(280) CMS: 192266K->192267K(393216K)
[2019-04-15T14:07:30.093+0200][231,426s] GC(280) Metaspace: 69865K->69865K(1114112K)
[2019-04-15T14:07:30.093+0200][231,426s] GC(280) Pause Young (Allocation Failure) 281M->196M(490M) 10,190ms
[2019-04-15T14:07:30.093+0200][231,426s] GC(280) User=0,03s Sys=0,00s Real=0,02s
[2019-04-15T14:07:30.178+0200][231,511s] GC(281) Pause Young (Allocation Failure)
[2019-04-15T14:07:30.179+0200][231,511s] GC(281) Using 4 workers of 4 for evacuation
[2019-04-15T14:07:30.190+0200][231,522s] GC(281) ParNew: 96031K->8586K(109248K)
[2019-04-15T14:07:30.190+0200][231,522s] GC(281) CMS: 192267K->192269K(393216K)
[2019-04-15T14:07:30.190+0200][231,522s] GC(281) Metaspace: 69865K->69865K(1114112K)
[2019-04-15T14:07:30.190+0200][231,522s] GC(281) Pause Young (Allocation Failure) 281M->196M(490M) 11,363ms
[2019-04-15T14:07:30.190+0200][231,522s] GC(281) User=0,03s Sys=0,00s Real=0,01s
[2019-04-15T14:07:30.274+0200][231,607s] GC(282) Pause Young (Allocation Failure)
[2019-04-15T14:07:30.274+0200][231,607s] GC(282) Using 4 workers of 4 for evacuation
[2019-04-15T14:07:30.285+0200][231,617s] GC(282) ParNew: 96010K->9073K(109248K)
[2019-04-15T14:07:30.285+0200][231,617s] GC(282) CMS: 192269K->192271K(393216K)
[2019-04-15T14:07:30.285+0200][231,617s] GC(282) Metaspace: 69865K->69865K(1114112K)
[2019-04-15T14:07:30.285+0200][231,617s] GC(282) Pause Young (Allocation Failure) 281M->196M(490M) 10,780ms
[2019-04-15T14:07:30.285+0200][231,617s] GC(282) User=0,02s Sys=0,00s Real=0,00s
[2019-04-15T14:07:30.384+0200][231,717s] GC(283) Pause Young (Allocation Failure)
[2019-04-15T14:07:30.384+0200][231,717s] GC(283) Using 4 workers of 4 for evacuation
[2019-04-15T14:07:30.390+0200][231,723s] GC(283) ParNew: 96497K->9217K(109248K)
[2019-04-15T14:07:30.390+0200][231,723s] GC(283) CMS: 192271K->192273K(393216K)
[2019-04-15T14:07:30.390+0200][231,723s] GC(283) Metaspace: 69865K->69865K(1114112K)
[2019-04-15T14:07:30.390+0200][231,723s] GC(283) Pause Young (Allocation Failure) 282M->196M(490M) 5,907ms
[2019-04-15T14:07:30.390+0200][231,723s] GC(283) User=0,02s Sys=0,00s Real=0,01s
[2019-04-15T14:07:30.488+0200][231,821s] GC(284) Pause Young (Allocation Failure)
[2019-04-15T14:07:30.488+0200][231,821s] GC(284) Using 4 workers of 4 for evacuation
[2019-04-15T14:07:30.498+0200][231,830s] GC(284) ParNew: 96641K->8639K(109248K)
[2019-04-15T14:07:30.498+0200][231,830s] GC(284) CMS: 192273K->192325K(393216K)
[2019-04-15T14:07:30.498+0200][231,830s] GC(284) Metaspace: 69865K->69865K(1114112K)
[2019-04-15T14:07:30.498+0200][231,831s] GC(284) Pause Young (Allocation Failure) 282M->196M(490M) 9,541ms
[2019-04-15T14:07:30.498+0200][231,831s] GC(284) User=0,02s Sys=0,00s Real=0,01s
[2019-04-15T14:07:30.565+0200][231,898s] GC(285) Pause Young (Allocation Failure)
[2019-04-15T14:07:30.565+0200][231,898s] GC(285) Using 4 workers of 4 for evacuation
[2019-04-15T14:07:30.570+0200][231,903s] GC(285) ParNew: 96063K->8399K(109248K)
[2019-04-15T14:07:30.570+0200][231,903s] GC(285) CMS: 192325K->192326K(393216K)
[2019-04-15T14:07:30.570+0200][231,903s] GC(285) Metaspace: 69865K->69865K(1114112K)
[2019-04-15T14:07:30.570+0200][231,903s] GC(285) Pause Young (Allocation Failure) 281M->196M(490M) 5,075ms
[2019-04-15T14:07:30.570+0200][231,903s] GC(285) User=0,02s Sys=0,00s Real=0,00s
[2019-04-15T14:07:30.636+0200][231,968s] GC(286) Pause Young (Allocation Failure)
[2019-04-15T14:07:30.636+0200][231,968s] GC(286) Using 4 workers of 4 for evacuation
[2019-04-15T14:07:30.642+0200][231,975s] GC(286) ParNew: 95823K->6610K(109248K)
[2019-04-15T14:07:30.642+0200][231,975s] GC(286) CMS: 192326K->200528K(393216K)
[2019-04-15T14:07:30.642+0200][231,975s] GC(286) Metaspace: 69865K->69865K(1114112K)
[2019-04-15T14:07:30.642+0200][231,975s] GC(286) Pause Young (Allocation Failure) 281M->202M(490M) 6,836ms
[2019-04-15T14:07:30.642+0200][231,975s] GC(286) User=0,02s Sys=0,00s Real=0,00s
[2019-04-15T14:07:30.644+0200][231,977s] GC(287) Pause Initial Mark
[2019-04-15T14:07:30.645+0200][231,977s] GC(287) Pause Initial Mark 204M->204M(490M) 0,830ms
[2019-04-15T14:07:30.645+0200][231,978s] GC(287) User=0,00s Sys=0,00s Real=0,01s
[2019-04-15T14:07:30.645+0200][231,978s] GC(287) Concurrent Mark
[2019-04-15T14:07:30.645+0200][231,978s] GC(287) Using 4 workers of 4 for marking
[2019-04-15T14:07:30.690+0200][232,022s] GC(287) Concurrent Mark 44,788ms
[2019-04-15T14:07:30.690+0200][232,022s] GC(287) User=0,16s Sys=0,00s Real=0,04s
[2019-04-15T14:07:30.690+0200][232,022s] GC(287) Concurrent Preclean
[2019-04-15T14:07:30.691+0200][232,024s] GC(287) Concurrent Preclean 1,229ms
[2019-04-15T14:07:30.691+0200][232,024s] GC(287) User=0,00s Sys=0,00s Real=0,00s
[2019-04-15T14:07:30.692+0200][232,024s] GC(287) Concurrent Abortable Preclean
[2019-04-15T14:07:30.942+0200][232,275s] GC(288) Pause Young (Allocation Failure)
[2019-04-15T14:07:30.942+0200][232,275s] GC(288) Using 4 workers of 4 for evacuation
[2019-04-15T14:07:30.950+0200][232,283s] GC(288) ParNew: 94034K->15037K(109248K)
[2019-04-15T14:07:30.950+0200][232,283s] GC(288) CMS: 200528K->200529K(393216K)
[2019-04-15T14:07:30.950+0200][232,283s] GC(288) Metaspace: 69866K->69866K(1114112K)
[2019-04-15T14:07:30.950+0200][232,283s] GC(288) Pause Young (Allocation Failure) 287M->210M(490M) 8,296ms
[2019-04-15T14:07:30.950+0200][232,283s] GC(288) User=0,02s Sys=0,00s Real=0,01s
[2019-04-15T14:07:31.035+0200][232,368s] GC(289) Pause Young (Allocation Failure)
[2019-04-15T14:07:31.035+0200][232,368s] GC(289) Using 4 workers of 4 for evacuation
[2019-04-15T14:07:31.042+0200][232,375s] GC(289) ParNew: 102461K->15951K(109248K)
[2019-04-15T14:07:31.042+0200][232,375s] GC(289) CMS: 200529K->200530K(393216K)
[2019-04-15T14:07:31.042+0200][232,375s] GC(289) Metaspace: 69866K->69866K(1114112K)
[2019-04-15T14:07:31.042+0200][232,375s] GC(289) Pause Young (Allocation Failure) 295M->211M(490M) 7,202ms
[2019-04-15T14:07:31.042+0200][232,375s] GC(289) User=0,02s Sys=0,00s Real=0,00s
[2019-04-15T14:07:31.128+0200][232,461s] GC(290) Pause Young (Allocation Failure)
[2019-04-15T14:07:31.128+0200][232,461s] GC(290) Using 4 workers of 4 for evacuation
[2019-04-15T14:07:31.144+0200][232,476s] GC(290) ParNew: 103375K->20143K(109248K)
[2019-04-15T14:07:31.144+0200][232,477s] GC(290) CMS: 200530K->200532K(393216K)
[2019-04-15T14:07:31.144+0200][232,477s] GC(290) Metaspace: 69866K->69866K(1114112K)
[2019-04-15T14:07:31.144+0200][232,477s] GC(290) Pause Young (Allocation Failure) 296M->215M(490M) 15,802ms
[2019-04-15T14:07:31.144+0200][232,477s] GC(290) User=0,04s Sys=0,00s Real=0,01s
[2019-04-15T14:07:31.243+0200][232,576s] GC(287) Concurrent Abortable Preclean 551,455ms
[2019-04-15T14:07:31.243+0200][232,576s] GC(287) User=0,70s Sys=0,02s Real=0,55s
[2019-04-15T14:07:31.243+0200][232,576s] GC(287) Pause Remark
[2019-04-15T14:07:31.243+0200][232,576s] GC(291) Pause Young (CMS Final Remark)
[2019-04-15T14:07:31.244+0200][232,576s] GC(291) Using 4 workers of 4 for evacuation
[2019-04-15T14:07:31.253+0200][232,586s] GC(291) ParNew: 69116K->18038K(109248K)
[2019-04-15T14:07:31.253+0200][232,586s] GC(291) CMS: 200532K->200533K(393216K)
[2019-04-15T14:07:31.253+0200][232,586s] GC(291) Metaspace: 69868K->69868K(1114112K)
[2019-04-15T14:07:31.254+0200][232,586s] GC(291) Pause Young (CMS Final Remark) 263M->213M(490M) 10,044ms
[2019-04-15T14:07:31.254+0200][232,586s] GC(291) User=0,02s Sys=0,00s Real=0,02s
[2019-04-15T14:07:31.293+0200][232,625s] GC(287) Pause Remark 263M->213M(490M) 49,265ms
[2019-04-15T14:07:31.293+0200][232,625s] GC(287) User=0,08s Sys=0,00s Real=0,05s
[2019-04-15T14:07:31.293+0200][232,625s] GC(287) Concurrent Sweep
[2019-04-15T14:07:31.385+0200][232,718s] GC(287) Concurrent Sweep 92,127ms
[2019-04-15T14:07:31.385+0200][232,718s] GC(287) User=0,30s Sys=0,00s Real=0,10s
[2019-04-15T14:07:31.385+0200][232,718s] GC(287) Concurrent Reset
[2019-04-15T14:07:31.386+0200][232,718s] GC(287) Concurrent Reset 0,534ms
[2019-04-15T14:07:31.386+0200][232,718s] GC(287) User=0,00s Sys=0,00s Real=0,00s
[2019-04-15T14:07:31.386+0200][232,718s] GC(287) Old: 200528K->125320K(393216K)
[2019-04-15T14:07:31.522+0200][232,855s] GC(292) Pause Young (Allocation Failure)
[2019-04-15T14:07:31.522+0200][232,855s] GC(292) Using 4 workers of 4 for evacuation
[2019-04-15T14:07:31.536+0200][232,869s] GC(292) ParNew: 105462K->18444K(109248K)
[2019-04-15T14:07:31.536+0200][232,869s] GC(292) CMS: 125320K->125322K(393216K)
[2019-04-15T14:07:31.536+0200][232,869s] GC(292) Metaspace: 69911K->69911K(1114112K)
[2019-04-15T14:07:31.536+0200][232,869s] GC(292) Pause Young (Allocation Failure) 225M->140M(490M) 14,429ms
[2019-04-15T14:07:31.536+0200][232,869s] GC(292) User=0,04s Sys=0,00s Real=0,02s
[2019-04-15T14:07:31.652+0200][232,984s] GC(293) Pause Young (Allocation Failure)
[2019-04-15T14:07:31.652+0200][232,985s] GC(293) Using 4 workers of 4 for evacuation
[2019-04-15T14:07:31.665+0200][232,998s] GC(293) ParNew: 105868K->21824K(109248K)
[2019-04-15T14:07:31.665+0200][232,998s] GC(293) CMS: 125322K->125323K(393216K)
[2019-04-15T14:07:31.665+0200][232,998s] GC(293) Metaspace: 69911K->69911K(1114112K)
[2019-04-15T14:07:31.665+0200][232,998s] GC(293) Pause Young (Allocation Failure) 225M->143M(490M) 13,276ms
[2019-04-15T14:07:31.665+0200][232,998s] GC(293) User=0,04s Sys=0,01s Real=0,02s
[2019-04-15T14:07:31.765+0200][233,097s] GC(294) Pause Young (Allocation Failure)
[2019-04-15T14:07:31.765+0200][233,098s] GC(294) Using 4 workers of 4 for evacuation
[2019-04-15T14:07:31.771+0200][233,104s] GC(294) ParNew: 109248K->21824K(109248K)
[2019-04-15T14:07:31.771+0200][233,104s] GC(294) CMS: 125323K->125324K(393216K)
[2019-04-15T14:07:31.771+0200][233,104s] GC(294) Metaspace: 69911K->69911K(1114112K)
[2019-04-15T14:07:31.771+0200][233,104s] GC(294) Pause Young (Allocation Failure) 229M->143M(490M) 6,368ms
[2019-04-15T14:07:31.771+0200][233,104s] GC(294) User=0,03s Sys=0,00s Real=0,01s
[2019-04-15T14:07:31.852+0200][233,185s] GC(295) Pause Young (Allocation Failure)
[2019-04-15T14:07:31.853+0200][233,185s] GC(295) Using 4 workers of 4 for evacuation
[2019-04-15T14:07:31.863+0200][233,196s] GC(295) ParNew: 109248K->14840K(109248K)
[2019-04-15T14:07:31.863+0200][233,196s] GC(295) CMS: 125324K->131497K(393216K)
[2019-04-15T14:07:31.863+0200][233,196s] GC(295) Metaspace: 69911K->69911K(1114112K)
[2019-04-15T14:07:31.863+0200][233,196s] GC(295) Pause Young (Allocation Failure) 229M->142M(490M) 10,689ms
[2019-04-15T14:07:31.863+0200][233,196s] GC(295) User=0,03s Sys=0,00s Real=0,01s
[2019-04-15T14:07:31.944+0200][233,277s] GC(296) Pause Young (Allocation Failure)
[2019-04-15T14:07:31.944+0200][233,277s] GC(296) Using 4 workers of 4 for evacuation
[2019-04-15T14:07:31.953+0200][233,286s] GC(296) ParNew: 102264K->11348K(109248K)
[2019-04-15T14:07:31.953+0200][233,286s] GC(296) CMS: 131497K->134309K(393216K)
[2019-04-15T14:07:31.953+0200][233,286s] GC(296) Metaspace: 69911K->69911K(1114112K)
[2019-04-15T14:07:31.953+0200][233,286s] GC(296) Pause Young (Allocation Failure) 228M->142M(490M) 9,065ms
[2019-04-15T14:07:31.953+0200][233,286s] GC(296) User=0,03s Sys=0,00s Real=0,02s
[2019-04-15T14:07:32.037+0200][233,369s] GC(297) Pause Young (Allocation Failure)
[2019-04-15T14:07:32.037+0200][233,369s] GC(297) Using 4 workers of 4 for evacuation
[2019-04-15T14:07:32.046+0200][233,378s] GC(297) ParNew: 98772K->12161K(109248K)
[2019-04-15T14:07:32.046+0200][233,378s] GC(297) CMS: 134309K->134309K(393216K)
[2019-04-15T14:07:32.046+0200][233,379s] GC(297) Metaspace: 69911K->69911K(1114112K)
[2019-04-15T14:07:32.046+0200][233,379s] GC(297) Pause Young (Allocation Failure) 227M->143M(490M) 9,383ms
[2019-04-15T14:07:32.046+0200][233,379s] GC(297) User=0,03s Sys=0,00s Real=0,01s
[2019-04-15T14:07:32.126+0200][233,458s] GC(298) Pause Young (Allocation Failure)
[2019-04-15T14:07:32.126+0200][233,458s] GC(298) Using 4 workers of 4 for evacuation
[2019-04-15T14:07:32.134+0200][233,466s] GC(298) ParNew: 99585K->11962K(109248K)
[2019-04-15T14:07:32.134+0200][233,466s] GC(298) CMS: 134309K->134309K(393216K)
[2019-04-15T14:07:32.134+0200][233,466s] GC(298) Metaspace: 69911K->69911K(1114112K)
[2019-04-15T14:07:32.134+0200][233,466s] GC(298) Pause Young (Allocation Failure) 228M->142M(490M) 8,175ms
[2019-04-15T14:07:32.134+0200][233,466s] GC(298) User=0,02s Sys=0,00s Real=0,01s
[2019-04-15T14:07:32.207+0200][233,539s] GC(299) Pause Young (Allocation Failure)
[2019-04-15T14:07:32.207+0200][233,540s] GC(299) Using 4 workers of 4 for evacuation
[2019-04-15T14:07:32.216+0200][233,549s] GC(299) ParNew: 99386K->7480K(109248K)
[2019-04-15T14:07:32.216+0200][233,549s] GC(299) CMS: 134309K->137794K(393216K)
[2019-04-15T14:07:32.216+0200][233,549s] GC(299) Metaspace: 69911K->69911K(1114112K)
[2019-04-15T14:07:32.216+0200][233,549s] GC(299) Pause Young (Allocation Failure) 228M->141M(490M) 9,499ms
[2019-04-15T14:07:32.216+0200][233,549s] GC(299) User=0,02s Sys=0,00s Real=0,01s
[2019-04-15T14:07:32.295+0200][233,627s] GC(300) Pause Young (Allocation Failure)
[2019-04-15T14:07:32.295+0200][233,627s] GC(300) Using 4 workers of 4 for evacuation
[2019-04-15T14:07:32.305+0200][233,638s] GC(300) ParNew: 94904K->5872K(109248K)
[2019-04-15T14:07:32.305+0200][233,638s] GC(300) CMS: 137794K->141385K(393216K)
[2019-04-15T14:07:32.305+0200][233,638s] GC(300) Metaspace: 69911K->69911K(1114112K)
[2019-04-15T14:07:32.305+0200][233,638s] GC(300) Pause Young (Allocation Failure) 227M->143M(490M) 10,531ms
[2019-04-15T14:07:32.305+0200][233,638s] GC(300) User=0,03s Sys=0,00s Real=0,01s
[2019-04-15T14:07:32.486+0200][233,819s] GC(301) Pause Young (Allocation Failure)
[2019-04-15T14:07:32.486+0200][233,819s] GC(301) Using 4 workers of 4 for evacuation
[2019-04-15T14:07:32.501+0200][233,834s] GC(301) ParNew: 93296K->13382K(109248K)
[2019-04-15T14:07:32.501+0200][233,834s] GC(301) CMS: 141385K->141397K(393216K)
[2019-04-15T14:07:32.501+0200][233,834s] GC(301) Metaspace: 69913K->69913K(1114112K)
[2019-04-15T14:07:32.501+0200][233,834s] GC(301) Pause Young (Allocation Failure) 229M->151M(490M) 14,831ms
[2019-04-15T14:07:32.501+0200][233,834s] GC(301) User=0,05s Sys=0,00s Real=0,01s
[2019-04-15T14:07:32.626+0200][233,959s] GC(302) Pause Young (Allocation Failure)
[2019-04-15T14:07:32.626+0200][233,959s] GC(302) Using 4 workers of 4 for evacuation
[2019-04-15T14:07:32.634+0200][233,967s] GC(302) ParNew: 100806K->15964K(109248K)
[2019-04-15T14:07:32.634+0200][233,967s] GC(302) CMS: 141397K->141440K(393216K)
[2019-04-15T14:07:32.634+0200][233,967s] GC(302) Metaspace: 69913K->69913K(1114112K)
[2019-04-15T14:07:32.634+0200][233,967s] GC(302) Pause Young (Allocation Failure) 236M->153M(490M) 7,940ms
[2019-04-15T14:07:32.634+0200][233,967s] GC(302) User=0,03s Sys=0,00s Real=0,01s
[2019-04-15T14:07:32.735+0200][234,068s] GC(303) Pause Young (Allocation Failure)
[2019-04-15T14:07:32.735+0200][234,068s] GC(303) Using 4 workers of 4 for evacuation
[2019-04-15T14:07:32.744+0200][234,077s] GC(303) ParNew: 103388K->18980K(109248K)
[2019-04-15T14:07:32.744+0200][234,077s] GC(303) CMS: 141440K->141442K(393216K)
[2019-04-15T14:07:32.744+0200][234,077s] GC(303) Metaspace: 69914K->69914K(1114112K)
[2019-04-15T14:07:32.744+0200][234,077s] GC(303) Pause Young (Allocation Failure) 239M->156M(490M) 9,086ms
[2019-04-15T14:07:32.744+0200][234,077s] GC(303) User=0,03s Sys=0,00s Real=0,00s
[2019-04-15T14:07:32.834+0200][234,166s] GC(304) Pause Young (Allocation Failure)
[2019-04-15T14:07:32.834+0200][234,166s] GC(304) Using 4 workers of 4 for evacuation
[2019-04-15T14:07:32.842+0200][234,174s] GC(304) ParNew: 106404K->16621K(109248K)
[2019-04-15T14:07:32.842+0200][234,175s] GC(304) CMS: 141442K->141444K(393216K)
[2019-04-15T14:07:32.842+0200][234,175s] GC(304) Metaspace: 69914K->69914K(1114112K)
[2019-04-15T14:07:32.842+0200][234,175s] GC(304) Pause Young (Allocation Failure) 242M->154M(490M) 8,238ms
[2019-04-15T14:07:32.842+0200][234,175s] GC(304) User=0,02s Sys=0,00s Real=0,00s
[2019-04-15T14:07:32.933+0200][234,266s] GC(305) Pause Young (Allocation Failure)
[2019-04-15T14:07:32.933+0200][234,266s] GC(305) Using 4 workers of 4 for evacuation
[2019-04-15T14:07:32.944+0200][234,277s] GC(305) ParNew: 104045K->15991K(109248K)
[2019-04-15T14:07:32.944+0200][234,277s] GC(305) CMS: 141444K->142479K(393216K)
[2019-04-15T14:07:32.944+0200][234,277s] GC(305) Metaspace: 69914K->69914K(1114112K)
[2019-04-15T14:07:32.944+0200][234,277s] GC(305) Pause Young (Allocation Failure) 239M->154M(490M) 11,350ms
[2019-04-15T14:07:32.944+0200][234,277s] GC(305) User=0,03s Sys=0,00s Real=0,00s
[2019-04-15T14:07:33.041+0200][234,374s] GC(306) Pause Young (Allocation Failure)
[2019-04-15T14:07:33.041+0200][234,374s] GC(306) Using 4 workers of 4 for evacuation
[2019-04-15T14:07:33.051+0200][234,384s] GC(306) ParNew: 103415K->18722K(109248K)
[2019-04-15T14:07:33.051+0200][234,384s] GC(306) CMS: 142479K->142481K(393216K)
[2019-04-15T14:07:33.051+0200][234,384s] GC(306) Metaspace: 69914K->69914K(1114112K)
[2019-04-15T14:07:33.051+0200][234,384s] GC(306) Pause Young (Allocation Failure) 240M->157M(490M) 10,331ms
[2019-04-15T14:07:33.051+0200][234,384s] GC(306) User=0,03s Sys=0,00s Real=0,01s
[2019-04-15T14:07:33.152+0200][234,485s] GC(307) Pause Young (Allocation Failure)
[2019-04-15T14:07:33.152+0200][234,485s] GC(307) Using 4 workers of 4 for evacuation
[2019-04-15T14:07:33.160+0200][234,493s] GC(307) ParNew: 106146K->18034K(109248K)
[2019-04-15T14:07:33.160+0200][234,493s] GC(307) CMS: 142481K->142493K(393216K)
[2019-04-15T14:07:33.160+0200][234,493s] GC(307) Metaspace: 69914K->69914K(1114112K)
[2019-04-15T14:07:33.160+0200][234,493s] GC(307) Pause Young (Allocation Failure) 242M->156M(490M) 7,896ms
[2019-04-15T14:07:33.160+0200][234,493s] GC(307) User=0,02s Sys=0,00s Real=0,01s
[2019-04-15T14:07:33.252+0200][234,584s] GC(308) Pause Young (Allocation Failure)
[2019-04-15T14:07:33.252+0200][234,584s] GC(308) Using 4 workers of 4 for evacuation
[2019-04-15T14:07:33.258+0200][234,591s] GC(308) ParNew: 105458K->14525K(109248K)
[2019-04-15T14:07:33.258+0200][234,591s] GC(308) CMS: 142493K->142558K(393216K)
[2019-04-15T14:07:33.258+0200][234,591s] GC(308) Metaspace: 69914K->69914K(1114112K)
[2019-04-15T14:07:33.258+0200][234,591s] GC(308) Pause Young (Allocation Failure) 242M->153M(490M) 6,725ms
[2019-04-15T14:07:33.258+0200][234,591s] GC(308) User=0,03s Sys=0,00s Real=0,01s
[2019-04-15T14:07:33.347+0200][234,679s] GC(309) Pause Young (Allocation Failure)
[2019-04-15T14:07:33.347+0200][234,680s] GC(309) Using 4 workers of 4 for evacuation
[2019-04-15T14:07:33.362+0200][234,694s] GC(309) ParNew: 101949K->10313K(109248K)
[2019-04-15T14:07:33.362+0200][234,694s] GC(309) CMS: 142558K->153347K(393216K)
[2019-04-15T14:07:33.362+0200][234,694s] GC(309) Metaspace: 69914K->69914K(1114112K)
[2019-04-15T14:07:33.362+0200][234,694s] GC(309) Pause Young (Allocation Failure) 238M->159M(490M) 15,015ms
[2019-04-15T14:07:33.362+0200][234,695s] GC(309) User=0,05s Sys=0,00s Real=0,01s
[2019-04-15T14:07:33.451+0200][234,784s] GC(310) Pause Young (Allocation Failure)
[2019-04-15T14:07:33.451+0200][234,784s] GC(310) Using 4 workers of 4 for evacuation
[2019-04-15T14:07:33.459+0200][234,792s] GC(310) ParNew: 97737K->4632K(109248K)
[2019-04-15T14:07:33.459+0200][234,792s] GC(310) CMS: 153347K->153348K(393216K)
[2019-04-15T14:07:33.459+0200][234,792s] GC(310) Metaspace: 69914K->69914K(1114112K)
[2019-04-15T14:07:33.459+0200][234,792s] GC(310) Pause Young (Allocation Failure) 245M->154M(490M) 8,520ms
[2019-04-15T14:07:33.459+0200][234,792s] GC(310) User=0,02s Sys=0,00s Real=0,01s
[2019-04-15T14:07:33.544+0200][234,877s] GC(311) Pause Young (Allocation Failure)
[2019-04-15T14:07:33.544+0200][234,877s] GC(311) Using 4 workers of 4 for evacuation
[2019-04-15T14:07:33.551+0200][234,884s] GC(311) ParNew: 92056K->3328K(109248K)
[2019-04-15T14:07:33.551+0200][234,884s] GC(311) CMS: 153348K->153349K(393216K)
[2019-04-15T14:07:33.551+0200][234,884s] GC(311) Metaspace: 69914K->69914K(1114112K)
[2019-04-15T14:07:33.551+0200][234,884s] GC(311) Pause Young (Allocation Failure) 239M->153M(490M) 7,166ms
[2019-04-15T14:07:33.551+0200][234,884s] GC(311) User=0,03s Sys=0,00s Real=0,01s
[2019-04-15T14:07:33.636+0200][234,969s] GC(312) Pause Young (Allocation Failure)
[2019-04-15T14:07:33.636+0200][234,969s] GC(312) Using 4 workers of 4 for evacuation
[2019-04-15T14:07:33.645+0200][234,977s] GC(312) ParNew: 90752K->2772K(109248K)
[2019-04-15T14:07:33.645+0200][234,977s] GC(312) CMS: 153349K->153350K(393216K)
[2019-04-15T14:07:33.645+0200][234,977s] GC(312) Metaspace: 69914K->69914K(1114112K)
[2019-04-15T14:07:33.645+0200][234,977s] GC(312) Pause Young (Allocation Failure) 238M->152M(490M) 8,667ms
[2019-04-15T14:07:33.645+0200][234,977s] GC(312) User=0,02s Sys=0,00s Real=0,00s
[2019-04-15T14:07:33.732+0200][235,064s] GC(313) Pause Young (Allocation Failure)
[2019-04-15T14:07:33.732+0200][235,065s] GC(313) Using 4 workers of 4 for evacuation
[2019-04-15T14:07:33.742+0200][235,074s] GC(313) ParNew: 90196K->2942K(109248K)
[2019-04-15T14:07:33.742+0200][235,074s] GC(313) CMS: 153350K->153350K(393216K)
[2019-04-15T14:07:33.742+0200][235,074s] GC(313) Metaspace: 69914K->69914K(1114112K)
[2019-04-15T14:07:33.742+0200][235,074s] GC(313) Pause Young (Allocation Failure) 237M->152M(490M) 9,758ms
[2019-04-15T14:07:33.742+0200][235,074s] GC(313) User=0,02s Sys=0,00s Real=0,01s
[2019-04-15T14:07:33.823+0200][235,156s] GC(314) Pause Young (Allocation Failure)
[2019-04-15T14:07:33.824+0200][235,156s] GC(314) Using 4 workers of 4 for evacuation
[2019-04-15T14:07:33.830+0200][235,163s] GC(314) ParNew: 90366K->3706K(109248K)
[2019-04-15T14:07:33.830+0200][235,163s] GC(314) CMS: 153350K->153351K(393216K)
[2019-04-15T14:07:33.830+0200][235,163s] GC(314) Metaspace: 69914K->69914K(1114112K)
[2019-04-15T14:07:33.830+0200][235,163s] GC(314) Pause Young (Allocation Failure) 238M->153M(490M) 6,901ms
[2019-04-15T14:07:33.830+0200][235,163s] GC(314) User=0,02s Sys=0,00s Real=0,01s
[2019-04-15T14:07:33.920+0200][235,252s] GC(315) Pause Young (Allocation Failure)
[2019-04-15T14:07:33.920+0200][235,252s] GC(315) Using 4 workers of 4 for evacuation
[2019-04-15T14:07:33.926+0200][235,258s] GC(315) ParNew: 91130K->3043K(109248K)
[2019-04-15T14:07:33.926+0200][235,258s] GC(315) CMS: 153351K->153352K(393216K)
[2019-04-15T14:07:33.926+0200][235,258s] GC(315) Metaspace: 69914K->69914K(1114112K)
[2019-04-15T14:07:33.926+0200][235,258s] GC(315) Pause Young (Allocation Failure) 238M->152M(490M) 6,152ms
[2019-04-15T14:07:33.926+0200][235,258s] GC(315) User=0,01s Sys=0,00s Real=0,01s
[2019-04-15T14:07:34.010+0200][235,343s] GC(316) Pause Young (Allocation Failure)
[2019-04-15T14:07:34.010+0200][235,343s] GC(316) Using 4 workers of 4 for evacuation
[2019-04-15T14:07:34.026+0200][235,359s] GC(316) ParNew: 90467K->3062K(109248K)
[2019-04-15T14:07:34.026+0200][235,359s] GC(316) CMS: 153352K->153353K(393216K)
[2019-04-15T14:07:34.026+0200][235,359s] GC(316) Metaspace: 69914K->69914K(1114112K)
[2019-04-15T14:07:34.026+0200][235,359s] GC(316) Pause Young (Allocation Failure) 238M->152M(490M) 16,230ms
[2019-04-15T14:07:34.026+0200][235,359s] GC(316) User=0,02s Sys=0,00s Real=0,02s
[2019-04-15T14:07:34.111+0200][235,444s] GC(317) Pause Young (Allocation Failure)
[2019-04-15T14:07:34.111+0200][235,444s] GC(317) Using 4 workers of 4 for evacuation
[2019-04-15T14:07:34.119+0200][235,451s] GC(317) ParNew: 90486K->4504K(109248K)
[2019-04-15T14:07:34.119+0200][235,451s] GC(317) CMS: 153353K->153354K(393216K)
[2019-04-15T14:07:34.119+0200][235,451s] GC(317) Metaspace: 69914K->69914K(1114112K)
[2019-04-15T14:07:34.119+0200][235,451s] GC(317) Pause Young (Allocation Failure) 238M->154M(490M) 7,546ms
[2019-04-15T14:07:34.119+0200][235,451s] GC(317) User=0,02s Sys=0,00s Real=0,01s
[2019-04-15T14:07:34.265+0200][235,597s] GC(318) Pause Young (Allocation Failure)
[2019-04-15T14:07:34.265+0200][235,597s] GC(318) Using 4 workers of 4 for evacuation
[2019-04-15T14:07:34.272+0200][235,604s] GC(318) ParNew: 91928K->11167K(109248K)
[2019-04-15T14:07:34.272+0200][235,604s] GC(318) CMS: 153354K->153356K(393216K)
[2019-04-15T14:07:34.272+0200][235,604s] GC(318) Metaspace: 69920K->69920K(1114112K)
[2019-04-15T14:07:34.272+0200][235,604s] GC(318) Pause Young (Allocation Failure) 239M->160M(490M) 6,751ms
[2019-04-15T14:07:34.272+0200][235,604s] GC(318) User=0,01s Sys=0,00s Real=0,01s
[2019-04-15T14:07:34.339+0200][235,672s] GC(319) Pause Young (Allocation Failure)
[2019-04-15T14:07:34.339+0200][235,672s] GC(319) Using 4 workers of 4 for evacuation
[2019-04-15T14:07:34.350+0200][235,682s] GC(319) ParNew: 98591K->11686K(109248K)
[2019-04-15T14:07:34.350+0200][235,682s] GC(319) CMS: 153356K->153357K(393216K)
[2019-04-15T14:07:34.350+0200][235,682s] GC(319) Metaspace: 69920K->69920K(1114112K)
[2019-04-15T14:07:34.350+0200][235,682s] GC(319) Pause Young (Allocation Failure) 246M->161M(490M) 10,465ms
[2019-04-15T14:07:34.350+0200][235,682s] GC(319) User=0,03s Sys=0,00s Real=0,01s
[2019-04-15T14:07:34.412+0200][235,744s] GC(320) Pause Young (Allocation Failure)
[2019-04-15T14:07:34.412+0200][235,744s] GC(320) Using 4 workers of 4 for evacuation
[2019-04-15T14:07:34.419+0200][235,751s] GC(320) ParNew: 99110K->10775K(109248K)
[2019-04-15T14:07:34.419+0200][235,751s] GC(320) CMS: 153357K->153358K(393216K)
[2019-04-15T14:07:34.419+0200][235,751s] GC(320) Metaspace: 69920K->69920K(1114112K)
[2019-04-15T14:07:34.419+0200][235,751s] GC(320) Pause Young (Allocation Failure) 246M->160M(490M) 7,302ms
[2019-04-15T14:07:34.419+0200][235,751s] GC(320) User=0,03s Sys=0,00s Real=0,01s
[2019-04-15T14:07:34.519+0200][235,852s] GC(321) Pause Young (Allocation Failure)
[2019-04-15T14:07:34.519+0200][235,852s] GC(321) Using 4 workers of 4 for evacuation
[2019-04-15T14:07:34.530+0200][235,862s] GC(321) ParNew: 98199K->11468K(109248K)
[2019-04-15T14:07:34.530+0200][235,862s] GC(321) CMS: 153358K->153359K(393216K)
[2019-04-15T14:07:34.530+0200][235,862s] GC(321) Metaspace: 69924K->69924K(1114112K)
[2019-04-15T14:07:34.530+0200][235,862s] GC(321) Pause Young (Allocation Failure) 245M->160M(490M) 10,214ms
[2019-04-15T14:07:34.530+0200][235,862s] GC(321) User=0,02s Sys=0,00s Real=0,01s
[2019-04-15T14:07:35.145+0200][236,477s] GC(322) Pause Young (Allocation Failure)
[2019-04-15T14:07:35.145+0200][236,478s] GC(322) Using 4 workers of 4 for evacuation
[2019-04-15T14:07:35.165+0200][236,498s] GC(322) ParNew: 98859K->13536K(109248K)
[2019-04-15T14:07:35.165+0200][236,498s] GC(322) CMS: 153359K->153360K(393216K)
[2019-04-15T14:07:35.165+0200][236,498s] GC(322) Metaspace: 70444K->70444K(1114112K)
[2019-04-15T14:07:35.165+0200][236,498s] GC(322) Pause Young (Allocation Failure) 246M->162M(490M) 20,346ms
[2019-04-15T14:07:35.165+0200][236,498s] GC(322) User=0,08s Sys=0,00s Real=0,03s
[2019-04-15T14:07:36.226+0200][237,558s] GC(323) Pause Young (Allocation Failure)
[2019-04-15T14:07:36.226+0200][237,558s] GC(323) Using 4 workers of 4 for evacuation
[2019-04-15T14:07:36.259+0200][237,592s] GC(323) ParNew: 99875K->20703K(109248K)
[2019-04-15T14:07:36.259+0200][237,592s] GC(323) CMS: 153360K->153361K(393216K)
[2019-04-15T14:07:36.259+0200][237,592s] GC(323) Metaspace: 71460K->71460K(1114112K)
[2019-04-15T14:07:36.259+0200][237,592s] GC(323) Pause Young (Allocation Failure) 247M->169M(490M) 33,514ms
[2019-04-15T14:07:36.259+0200][237,592s] GC(323) User=0,11s Sys=0,00s Real=0,03s
[2019-04-15T14:07:36.960+0200][238,293s] GC(324) Pause Young (Allocation Failure)
[2019-04-15T14:07:36.960+0200][238,293s] GC(324) Using 4 workers of 4 for evacuation
[2019-04-15T14:07:36.971+0200][238,303s] GC(324) ParNew: 108127K->21824K(109248K)
[2019-04-15T14:07:36.971+0200][238,303s] GC(324) CMS: 153361K->156839K(393216K)
[2019-04-15T14:07:36.971+0200][238,303s] GC(324) Metaspace: 71561K->71561K(1116160K)
[2019-04-15T14:07:36.971+0200][238,303s] GC(324) Pause Young (Allocation Failure) 255M->174M(490M) 10,802ms
[2019-04-15T14:07:36.971+0200][238,303s] GC(324) User=0,03s Sys=0,00s Real=0,01s
[2019-04-15T14:07:37.054+0200][238,386s] GC(325) Pause Young (Allocation Failure)
[2019-04-15T14:07:37.054+0200][238,387s] GC(325) Using 4 workers of 4 for evacuation
[2019-04-15T14:07:37.066+0200][238,398s] GC(325) ParNew: 109248K->21824K(109248K)
[2019-04-15T14:07:37.066+0200][238,398s] GC(325) CMS: 156839K->159572K(393216K)
[2019-04-15T14:07:37.066+0200][238,398s] GC(325) Metaspace: 71561K->71561K(1116160K)
[2019-04-15T14:07:37.066+0200][238,398s] GC(325) Pause Young (Allocation Failure) 259M->177M(490M) 11,709ms
[2019-04-15T14:07:37.066+0200][238,398s] GC(325) User=0,04s Sys=0,00s Real=0,01s
[2019-04-15T14:07:37.137+0200][238,470s] GC(326) Pause Young (Allocation Failure)
[2019-04-15T14:07:37.137+0200][238,470s] GC(326) Using 4 workers of 4 for evacuation
[2019-04-15T14:07:37.147+0200][238,479s] GC(326) ParNew: 109248K->21824K(109248K)
[2019-04-15T14:07:37.147+0200][238,479s] GC(326) CMS: 159572K->160663K(393216K)
[2019-04-15T14:07:37.147+0200][238,479s] GC(326) Metaspace: 71561K->71561K(1116160K)
[2019-04-15T14:07:37.147+0200][238,479s] GC(326) Pause Young (Allocation Failure) 262M->178M(490M) 9,529ms
[2019-04-15T14:07:37.147+0200][238,480s] GC(326) User=0,03s Sys=0,00s Real=0,01s
[2019-04-15T14:07:37.228+0200][238,561s] GC(327) Pause Young (Allocation Failure)
[2019-04-15T14:07:37.228+0200][238,561s] GC(327) Using 4 workers of 4 for evacuation
[2019-04-15T14:07:37.244+0200][238,576s] GC(327) ParNew: 109248K->21824K(109248K)
[2019-04-15T14:07:37.244+0200][238,576s] GC(327) CMS: 160663K->161004K(393216K)
[2019-04-15T14:07:37.244+0200][238,576s] GC(327) Metaspace: 71561K->71561K(1116160K)
[2019-04-15T14:07:37.244+0200][238,576s] GC(327) Pause Young (Allocation Failure) 263M->178M(490M) 15,849ms
[2019-04-15T14:07:37.244+0200][238,576s] GC(327) User=0,04s Sys=0,00s Real=0,01s
[2019-04-15T14:07:37.319+0200][238,652s] GC(328) Pause Young (Allocation Failure)
[2019-04-15T14:07:37.319+0200][238,652s] GC(328) Using 4 workers of 4 for evacuation
[2019-04-15T14:07:37.329+0200][238,662s] GC(328) ParNew: 109248K->21824K(109248K)
[2019-04-15T14:07:37.329+0200][238,662s] GC(328) CMS: 161004K->162062K(393216K)
[2019-04-15T14:07:37.329+0200][238,662s] GC(328) Metaspace: 71561K->71561K(1116160K)
[2019-04-15T14:07:37.329+0200][238,662s] GC(328) Pause Young (Allocation Failure) 263M->179M(490M) 10,210ms
[2019-04-15T14:07:37.330+0200][238,662s] GC(328) User=0,03s Sys=0,00s Real=0,01s
[2019-04-15T14:07:37.407+0200][238,740s] GC(329) Pause Young (Allocation Failure)
[2019-04-15T14:07:37.407+0200][238,740s] GC(329) Using 4 workers of 4 for evacuation
[2019-04-15T14:07:37.423+0200][238,756s] GC(329) ParNew: 109248K->21824K(109248K)
[2019-04-15T14:07:37.423+0200][238,756s] GC(329) CMS: 162062K->164217K(393216K)
[2019-04-15T14:07:37.423+0200][238,756s] GC(329) Metaspace: 71561K->71561K(1116160K)
[2019-04-15T14:07:37.423+0200][238,756s] GC(329) Pause Young (Allocation Failure) 264M->181M(490M) 15,974ms
[2019-04-15T14:07:37.423+0200][238,756s] GC(329) User=0,04s Sys=0,00s Real=0,01s
[2019-04-15T14:07:37.499+0200][238,831s] GC(330) Pause Young (Allocation Failure)
[2019-04-15T14:07:37.499+0200][238,831s] GC(330) Using 4 workers of 4 for evacuation
[2019-04-15T14:07:37.509+0200][238,841s] GC(330) ParNew: 109248K->19803K(109248K)
[2019-04-15T14:07:37.509+0200][238,841s] GC(330) CMS: 164217K->168431K(393216K)
[2019-04-15T14:07:37.509+0200][238,841s] GC(330) Metaspace: 71561K->71561K(1116160K)
[2019-04-15T14:07:37.509+0200][238,841s] GC(330) Pause Young (Allocation Failure) 267M->183M(490M) 10,081ms
[2019-04-15T14:07:37.509+0200][238,842s] GC(330) User=0,03s Sys=0,01s Real=0,01s
[2019-04-15T14:07:37.584+0200][238,917s] GC(331) Pause Young (Allocation Failure)
[2019-04-15T14:07:37.584+0200][238,917s] GC(331) Using 4 workers of 4 for evacuation
[2019-04-15T14:07:37.597+0200][238,929s] GC(331) ParNew: 107227K->12219K(109248K)
[2019-04-15T14:07:37.597+0200][238,929s] GC(331) CMS: 168431K->171562K(393216K)
[2019-04-15T14:07:37.597+0200][238,929s] GC(331) Metaspace: 71561K->71561K(1116160K)
[2019-04-15T14:07:37.597+0200][238,929s] GC(331) Pause Young (Allocation Failure) 269M->179M(490M) 12,522ms
[2019-04-15T14:07:37.597+0200][238,930s] GC(331) User=0,04s Sys=0,00s Real=0,02s
[2019-04-15T14:07:37.667+0200][239,000s] GC(332) Pause Young (Allocation Failure)
[2019-04-15T14:07:37.667+0200][239,000s] GC(332) Using 4 workers of 4 for evacuation
[2019-04-15T14:07:37.675+0200][239,008s] GC(332) ParNew: 99643K->4352K(109248K)
[2019-04-15T14:07:37.675+0200][239,008s] GC(332) CMS: 171562K->178951K(393216K)
[2019-04-15T14:07:37.675+0200][239,008s] GC(332) Metaspace: 71561K->71561K(1116160K)
[2019-04-15T14:07:37.675+0200][239,008s] GC(332) Pause Young (Allocation Failure) 264M->179M(490M) 8,342ms
[2019-04-15T14:07:37.675+0200][239,008s] GC(332) User=0,03s Sys=0,00s Real=0,01s
[2019-04-15T14:07:37.750+0200][239,083s] GC(333) Pause Young (Allocation Failure)
[2019-04-15T14:07:37.750+0200][239,083s] GC(333) Using 4 workers of 4 for evacuation
[2019-04-15T14:07:37.760+0200][239,092s] GC(333) ParNew: 91776K->3285K(109248K)
[2019-04-15T14:07:37.760+0200][239,093s] GC(333) CMS: 178951K->178953K(393216K)
[2019-04-15T14:07:37.760+0200][239,093s] GC(333) Metaspace: 71561K->71561K(1116160K)
[2019-04-15T14:07:37.760+0200][239,093s] GC(333) Pause Young (Allocation Failure) 264M->177M(490M) 10,021ms
[2019-04-15T14:07:37.760+0200][239,093s] GC(333) User=0,03s Sys=0,00s Real=0,01s
[2019-04-15T14:07:37.897+0200][239,229s] GC(334) Pause Young (Allocation Failure)
[2019-04-15T14:07:37.897+0200][239,229s] GC(334) Using 4 workers of 4 for evacuation
[2019-04-15T14:07:37.906+0200][239,238s] GC(334) ParNew: 90709K->7706K(109248K)
[2019-04-15T14:07:37.906+0200][239,238s] GC(334) CMS: 178953K->178958K(393216K)
[2019-04-15T14:07:37.906+0200][239,238s] GC(334) Metaspace: 71565K->71565K(1116160K)
[2019-04-15T14:07:37.906+0200][239,239s] GC(334) Pause Young (Allocation Failure) 263M->182M(490M) 9,177ms
[2019-04-15T14:07:37.906+0200][239,239s] GC(334) User=0,03s Sys=0,00s Real=0,01s
[2019-04-15T14:07:37.972+0200][239,305s] GC(335) Pause Young (Allocation Failure)
[2019-04-15T14:07:37.973+0200][239,305s] GC(335) Using 4 workers of 4 for evacuation
[2019-04-15T14:07:37.979+0200][239,311s] GC(335) ParNew: 95130K->8285K(109248K)
[2019-04-15T14:07:37.979+0200][239,311s] GC(335) CMS: 178958K->178960K(393216K)
[2019-04-15T14:07:37.979+0200][239,311s] GC(335) Metaspace: 71565K->71565K(1116160K)
[2019-04-15T14:07:37.979+0200][239,311s] GC(335) Pause Young (Allocation Failure) 267M->182M(490M) 6,107ms
[2019-04-15T14:07:37.979+0200][239,311s] GC(335) User=0,02s Sys=0,00s Real=0,01s
[2019-04-15T14:07:38.050+0200][239,383s] GC(336) Pause Young (Allocation Failure)
[2019-04-15T14:07:38.050+0200][239,383s] GC(336) Using 4 workers of 4 for evacuation
[2019-04-15T14:07:38.057+0200][239,390s] GC(336) ParNew: 95709K->11156K(109248K)
[2019-04-15T14:07:38.057+0200][239,390s] GC(336) CMS: 178960K->178969K(393216K)
[2019-04-15T14:07:38.057+0200][239,390s] GC(336) Metaspace: 71565K->71565K(1116160K)
[2019-04-15T14:07:38.057+0200][239,390s] GC(336) Pause Young (Allocation Failure) 268M->185M(490M) 6,948ms
[2019-04-15T14:07:38.057+0200][239,390s] GC(336) User=0,02s Sys=0,00s Real=0,01s
[2019-04-15T14:07:38.126+0200][239,458s] GC(337) Pause Young (Allocation Failure)
[2019-04-15T14:07:38.126+0200][239,459s] GC(337) Using 4 workers of 4 for evacuation
[2019-04-15T14:07:38.133+0200][239,465s] GC(337) ParNew: 98580K->9619K(109248K)
[2019-04-15T14:07:38.133+0200][239,465s] GC(337) CMS: 178969K->178972K(393216K)
[2019-04-15T14:07:38.133+0200][239,465s] GC(337) Metaspace: 71565K->71565K(1116160K)
[2019-04-15T14:07:38.133+0200][239,465s] GC(337) Pause Young (Allocation Failure) 271M->184M(490M) 6,918ms
[2019-04-15T14:07:38.133+0200][239,465s] GC(337) User=0,02s Sys=0,00s Real=0,00s
[2019-04-15T14:07:38.192+0200][239,525s] GC(338) Pause Young (Allocation Failure)
[2019-04-15T14:07:38.192+0200][239,525s] GC(338) Using 4 workers of 4 for evacuation
[2019-04-15T14:07:38.201+0200][239,534s] GC(338) ParNew: 97043K->7975K(109248K)
[2019-04-15T14:07:38.201+0200][239,534s] GC(338) CMS: 178972K->180083K(393216K)
[2019-04-15T14:07:38.201+0200][239,534s] GC(338) Metaspace: 71565K->71565K(1116160K)
[2019-04-15T14:07:38.201+0200][239,534s] GC(338) Pause Young (Allocation Failure) 269M->183M(490M) 8,613ms
[2019-04-15T14:07:38.201+0200][239,534s] GC(338) User=0,03s Sys=0,00s Real=0,01s
[2019-04-15T14:07:38.262+0200][239,595s] GC(339) Pause Young (Allocation Failure)
[2019-04-15T14:07:38.262+0200][239,595s] GC(339) Using 4 workers of 4 for evacuation
[2019-04-15T14:07:38.270+0200][239,602s] GC(339) ParNew: 95399K->9705K(109248K)
[2019-04-15T14:07:38.270+0200][239,602s] GC(339) CMS: 180083K->180085K(393216K)
[2019-04-15T14:07:38.270+0200][239,602s] GC(339) Metaspace: 71565K->71565K(1116160K)
[2019-04-15T14:07:38.270+0200][239,602s] GC(339) Pause Young (Allocation Failure) 269M->185M(490M) 7,855ms
[2019-04-15T14:07:38.270+0200][239,602s] GC(339) User=0,02s Sys=0,00s Real=0,01s
[2019-04-15T14:07:38.332+0200][239,665s] GC(340) Pause Young (Allocation Failure)
[2019-04-15T14:07:38.333+0200][239,665s] GC(340) Using 4 workers of 4 for evacuation
[2019-04-15T14:07:38.341+0200][239,673s] GC(340) ParNew: 97129K->9029K(109248K)
[2019-04-15T14:07:38.341+0200][239,673s] GC(340) CMS: 180085K->180087K(393216K)
[2019-04-15T14:07:38.341+0200][239,673s] GC(340) Metaspace: 71565K->71565K(1116160K)
[2019-04-15T14:07:38.341+0200][239,673s] GC(340) Pause Young (Allocation Failure) 270M->184M(490M) 8,279ms
[2019-04-15T14:07:38.341+0200][239,673s] GC(340) User=0,03s Sys=0,00s Real=0,01s
[2019-04-15T14:07:38.402+0200][239,735s] GC(341) Pause Young (Allocation Failure)
[2019-04-15T14:07:38.402+0200][239,735s] GC(341) Using 4 workers of 4 for evacuation
[2019-04-15T14:07:38.413+0200][239,746s] GC(341) ParNew: 96453K->8550K(109248K)
[2019-04-15T14:07:38.413+0200][239,746s] GC(341) CMS: 180087K->180149K(393216K)
[2019-04-15T14:07:38.413+0200][239,746s] GC(341) Metaspace: 71565K->71565K(1116160K)
[2019-04-15T14:07:38.413+0200][239,746s] GC(341) Pause Young (Allocation Failure) 270M->184M(490M) 10,673ms
[2019-04-15T14:07:38.413+0200][239,746s] GC(341) User=0,03s Sys=0,00s Real=0,02s
[2019-04-15T14:07:38.569+0200][239,901s] GC(342) Pause Young (Allocation Failure)
[2019-04-15T14:07:38.569+0200][239,901s] GC(342) Using 4 workers of 4 for evacuation
[2019-04-15T14:07:38.589+0200][239,921s] GC(342) ParNew: 95974K->6123K(109248K)
[2019-04-15T14:07:38.589+0200][239,921s] GC(342) CMS: 180149K->184014K(393216K)
[2019-04-15T14:07:38.589+0200][239,921s] GC(342) Metaspace: 71569K->71569K(1116160K)
[2019-04-15T14:07:38.589+0200][239,922s] GC(342) Pause Young (Allocation Failure) 269M->185M(490M) 20,361ms
[2019-04-15T14:07:38.589+0200][239,922s] GC(342) User=0,08s Sys=0,00s Real=0,02s
[2019-04-15T14:07:38.677+0200][240,009s] GC(343) Pause Young (Allocation Failure)
[2019-04-15T14:07:38.677+0200][240,009s] GC(343) Using 4 workers of 4 for evacuation
[2019-04-15T14:07:38.685+0200][240,018s] GC(343) ParNew: 93547K->3876K(109248K)
[2019-04-15T14:07:38.685+0200][240,018s] GC(343) CMS: 184014K->184017K(393216K)
[2019-04-15T14:07:38.685+0200][240,018s] GC(343) Metaspace: 71569K->71569K(1116160K)
[2019-04-15T14:07:38.685+0200][240,018s] GC(343) Pause Young (Allocation Failure) 271M->183M(490M) 8,816ms
[2019-04-15T14:07:38.685+0200][240,018s] GC(343) User=0,03s Sys=0,00s Real=0,01s
[2019-04-15T14:07:38.784+0200][240,117s] GC(344) Pause Young (Allocation Failure)
[2019-04-15T14:07:38.784+0200][240,117s] GC(344) Using 4 workers of 4 for evacuation
[2019-04-15T14:07:38.789+0200][240,122s] GC(344) ParNew: 91300K->4819K(109248K)
[2019-04-15T14:07:38.789+0200][240,122s] GC(344) CMS: 184017K->184020K(393216K)
[2019-04-15T14:07:38.789+0200][240,122s] GC(344) Metaspace: 71569K->71569K(1116160K)
[2019-04-15T14:07:38.789+0200][240,122s] GC(344) Pause Young (Allocation Failure) 268M->184M(490M) 4,776ms
[2019-04-15T14:07:38.789+0200][240,122s] GC(344) User=0,02s Sys=0,00s Real=0,01s
[2019-04-15T14:07:39.035+0200][240,367s] GC(345) Pause Young (Allocation Failure)
[2019-04-15T14:07:39.035+0200][240,367s] GC(345) Using 4 workers of 4 for evacuation
[2019-04-15T14:07:39.046+0200][240,378s] GC(345) ParNew: 92243K->8089K(109248K)
[2019-04-15T14:07:39.046+0200][240,378s] GC(345) CMS: 184020K->184023K(393216K)
[2019-04-15T14:07:39.046+0200][240,378s] GC(345) Metaspace: 71573K->71573K(1116160K)
[2019-04-15T14:07:39.046+0200][240,378s] GC(345) Pause Young (Allocation Failure) 269M->187M(490M) 11,154ms
[2019-04-15T14:07:39.046+0200][240,378s] GC(345) User=0,03s Sys=0,00s Real=0,01s
[2019-04-15T14:07:39.135+0200][240,468s] GC(346) Pause Young (Allocation Failure)
[2019-04-15T14:07:39.135+0200][240,468s] GC(346) Using 4 workers of 4 for evacuation
[2019-04-15T14:07:39.153+0200][240,486s] GC(346) ParNew: 95513K->6021K(109248K)
[2019-04-15T14:07:39.153+0200][240,486s] GC(346) CMS: 184023K->184025K(393216K)
[2019-04-15T14:07:39.153+0200][240,486s] GC(346) Metaspace: 71573K->71573K(1116160K)
[2019-04-15T14:07:39.153+0200][240,486s] GC(346) Pause Young (Allocation Failure) 272M->185M(490M) 17,964ms
[2019-04-15T14:07:39.153+0200][240,486s] GC(346) User=0,06s Sys=0,00s Real=0,02s
[2019-04-15T14:07:39.226+0200][240,559s] GC(347) Pause Young (Allocation Failure)
[2019-04-15T14:07:39.226+0200][240,559s] GC(347) Using 4 workers of 4 for evacuation
[2019-04-15T14:07:39.237+0200][240,569s] GC(347) ParNew: 93445K->6563K(109248K)
[2019-04-15T14:07:39.237+0200][240,569s] GC(347) CMS: 184025K->184028K(393216K)
[2019-04-15T14:07:39.237+0200][240,569s] GC(347) Metaspace: 71573K->71573K(1116160K)
[2019-04-15T14:07:39.237+0200][240,569s] GC(347) Pause Young (Allocation Failure) 270M->186M(490M) 10,845ms
[2019-04-15T14:07:39.237+0200][240,569s] GC(347) User=0,03s Sys=0,00s Real=0,01s
[2019-04-15T14:07:39.319+0200][240,651s] GC(348) Pause Young (Allocation Failure)
[2019-04-15T14:07:39.319+0200][240,652s] GC(348) Using 4 workers of 4 for evacuation
[2019-04-15T14:07:39.327+0200][240,660s] GC(348) ParNew: 93987K->5956K(109248K)
[2019-04-15T14:07:39.327+0200][240,660s] GC(348) CMS: 184028K->184031K(393216K)
[2019-04-15T14:07:39.327+0200][240,660s] GC(348) Metaspace: 71573K->71573K(1116160K)
[2019-04-15T14:07:39.327+0200][240,660s] GC(348) Pause Young (Allocation Failure) 271M->185M(490M) 8,436ms
[2019-04-15T14:07:39.327+0200][240,660s] GC(348) User=0,02s Sys=0,00s Real=0,01s
[2019-04-15T14:07:39.391+0200][240,724s] GC(349) Pause Young (Allocation Failure)
[2019-04-15T14:07:39.391+0200][240,724s] GC(349) Using 4 workers of 4 for evacuation
[2019-04-15T14:07:39.397+0200][240,729s] GC(349) ParNew: 93380K->7169K(109248K)
[2019-04-15T14:07:39.397+0200][240,729s] GC(349) CMS: 184031K->184053K(393216K)
[2019-04-15T14:07:39.397+0200][240,729s] GC(349) Metaspace: 71573K->71573K(1116160K)
[2019-04-15T14:07:39.397+0200][240,729s] GC(349) Pause Young (Allocation Failure) 270M->186M(490M) 5,701ms
[2019-04-15T14:07:39.397+0200][240,730s] GC(349) User=0,01s Sys=0,00s Real=0,01s
[2019-04-15T14:07:39.712+0200][241,044s] GC(350) Pause Young (Allocation Failure)
[2019-04-15T14:07:39.712+0200][241,044s] GC(350) Using 4 workers of 4 for evacuation
[2019-04-15T14:07:39.740+0200][241,073s] GC(350) ParNew: 93234K->15522K(109248K)
[2019-04-15T14:07:39.740+0200][241,073s] GC(350) CMS: 184053K->184444K(393216K)
[2019-04-15T14:07:39.740+0200][241,073s] GC(350) Metaspace: 71609K->71609K(1116160K)
[2019-04-15T14:07:39.740+0200][241,073s] GC(350) Pause Young (Allocation Failure) 270M->195M(490M) 28,444ms
[2019-04-15T14:07:39.740+0200][241,073s] GC(350) User=0,09s Sys=0,00s Real=0,03s
[2019-04-15T14:07:40.041+0200][241,374s] GC(351) Pause Young (Allocation Failure)
[2019-04-15T14:07:40.041+0200][241,374s] GC(351) Using 4 workers of 4 for evacuation
[2019-04-15T14:07:40.049+0200][241,382s] GC(351) ParNew: 102946K->7977K(109248K)
[2019-04-15T14:07:40.049+0200][241,382s] GC(351) CMS: 184444K->184444K(393216K)
[2019-04-15T14:07:40.049+0200][241,382s] GC(351) Metaspace: 71640K->71640K(1116160K)
[2019-04-15T14:07:40.049+0200][241,382s] GC(351) Pause Young (Allocation Failure) 280M->187M(490M) 7,973ms
[2019-04-15T14:07:40.049+0200][241,382s] GC(351) User=0,03s Sys=0,00s Real=0,01s
[2019-04-15T14:07:41.129+0200][242,462s] GC(352) Pause Young (Allocation Failure)
[2019-04-15T14:07:41.129+0200][242,462s] GC(352) Using 4 workers of 4 for evacuation
[2019-04-15T14:07:41.146+0200][242,479s] GC(352) ParNew: 95292K->13774K(109248K)
[2019-04-15T14:07:41.146+0200][242,479s] GC(352) CMS: 184444K->184444K(393216K)
[2019-04-15T14:07:41.146+0200][242,479s] GC(352) Metaspace: 71670K->71670K(1116160K)
[2019-04-15T14:07:41.146+0200][242,479s] GC(352) Pause Young (Allocation Failure) 273M->193M(490M) 17,229ms
[2019-04-15T14:07:41.146+0200][242,479s] GC(352) User=0,06s Sys=0,00s Real=0,02s
[2019-04-15T14:07:41.295+0200][242,627s] GC(353) Pause Young (Allocation Failure)
[2019-04-15T14:07:41.295+0200][242,627s] GC(353) Using 4 workers of 4 for evacuation
[2019-04-15T14:07:41.324+0200][242,656s] GC(353) ParNew: 101195K->16498K(109248K)
[2019-04-15T14:07:41.324+0200][242,656s] GC(353) CMS: 184444K->185142K(393216K)
[2019-04-15T14:07:41.324+0200][242,656s] GC(353) Metaspace: 71687K->71687K(1116160K)
[2019-04-15T14:07:41.324+0200][242,656s] GC(353) Pause Young (Allocation Failure) 278M->196M(490M) 29,122ms
[2019-04-15T14:07:41.324+0200][242,656s] GC(353) User=0,09s Sys=0,00s Real=0,02s
[2019-04-15T14:07:41.646+0200][242,978s] GC(354) Pause Young (Allocation Failure)
[2019-04-15T14:07:41.646+0200][242,978s] GC(354) Using 4 workers of 4 for evacuation
[2019-04-15T14:07:41.673+0200][243,006s] GC(354) ParNew: 103913K->18865K(109248K)
[2019-04-15T14:07:41.673+0200][243,006s] GC(354) CMS: 185142K->185142K(393216K)
[2019-04-15T14:07:41.673+0200][243,006s] GC(354) Metaspace: 71694K->71694K(1116160K)
[2019-04-15T14:07:41.674+0200][243,006s] GC(354) Pause Young (Allocation Failure) 282M->199M(490M) 27,998ms
[2019-04-15T14:07:41.674+0200][243,006s] GC(354) User=0,09s Sys=0,00s Real=0,03s
[2019-04-15T14:07:41.955+0200][243,288s] GC(355) Pause Young (Allocation Failure)
[2019-04-15T14:07:41.956+0200][243,288s] GC(355) Using 4 workers of 4 for evacuation
[2019-04-15T14:07:41.978+0200][243,310s] GC(355) ParNew: 106289K->17568K(109248K)
[2019-04-15T14:07:41.978+0200][243,310s] GC(355) CMS: 185142K->185142K(393216K)
[2019-04-15T14:07:41.978+0200][243,310s] GC(355) Metaspace: 71710K->71710K(1116160K)
[2019-04-15T14:07:41.978+0200][243,310s] GC(355) Pause Young (Allocation Failure) 284M->197M(490M) 22,307ms
[2019-04-15T14:07:41.978+0200][243,310s] GC(355) User=0,08s Sys=0,00s Real=0,02s
[2019-04-15T14:07:42.276+0200][243,609s] GC(356) Pause Young (Allocation Failure)
[2019-04-15T14:07:42.276+0200][243,609s] GC(356) Using 4 workers of 4 for evacuation
[2019-04-15T14:07:42.288+0200][243,621s] GC(356) ParNew: 104992K->21824K(109248K)
[2019-04-15T14:07:42.288+0200][243,621s] GC(356) CMS: 185142K->187343K(393216K)
[2019-04-15T14:07:42.288+0200][243,621s] GC(356) Metaspace: 71714K->71714K(1116160K)
[2019-04-15T14:07:42.288+0200][243,621s] GC(356) Pause Young (Allocation Failure) 283M->204M(490M) 12,105ms
[2019-04-15T14:07:42.289+0200][243,621s] GC(356) User=0,04s Sys=0,00s Real=0,01s
[2019-04-15T14:07:42.610+0200][243,943s] GC(357) Pause Young (Allocation Failure)
[2019-04-15T14:07:42.610+0200][243,943s] GC(357) Using 4 workers of 4 for evacuation
[2019-04-15T14:07:42.629+0200][243,962s] GC(357) ParNew: 108293K->19394K(109248K)
[2019-04-15T14:07:42.629+0200][243,962s] GC(357) CMS: 187343K->188516K(393216K)
[2019-04-15T14:07:42.629+0200][243,962s] GC(357) Metaspace: 71720K->71720K(1116160K)
[2019-04-15T14:07:42.629+0200][243,962s] GC(357) Pause Young (Allocation Failure) 288M->203M(490M) 19,130ms
[2019-04-15T14:07:42.630+0200][243,962s] GC(357) User=0,06s Sys=0,01s Real=0,02s
[2019-04-15T14:07:43.142+0200][244,474s] GC(358) Pause Young (Allocation Failure)
[2019-04-15T14:07:43.142+0200][244,474s] GC(358) Using 4 workers of 4 for evacuation
[2019-04-15T14:07:43.172+0200][244,505s] GC(358) ParNew: 106818K->21556K(109248K)
[2019-04-15T14:07:43.172+0200][244,505s] GC(358) CMS: 188516K->189356K(393216K)
[2019-04-15T14:07:43.172+0200][244,505s] GC(358) Metaspace: 71730K->71730K(1116160K)
[2019-04-15T14:07:43.172+0200][244,505s] GC(358) Pause Young (Allocation Failure) 288M->205M(490M) 30,754ms
[2019-04-15T14:07:43.172+0200][244,505s] GC(358) User=0,06s Sys=0,00s Real=0,03s
[2019-04-15T14:07:43.541+0200][244,873s] GC(359) Pause Young (Allocation Failure)
[2019-04-15T14:07:43.541+0200][244,873s] GC(359) Using 4 workers of 4 for evacuation
[2019-04-15T14:07:43.568+0200][244,900s] GC(359) ParNew: 108980K->21824K(109248K)
[2019-04-15T14:07:43.568+0200][244,900s] GC(359) CMS: 189356K->190637K(393216K)
[2019-04-15T14:07:43.568+0200][244,900s] GC(359) Metaspace: 71742K->71742K(1116160K)
[2019-04-15T14:07:43.568+0200][244,900s] GC(359) Pause Young (Allocation Failure) 291M->207M(490M) 27,017ms
[2019-04-15T14:07:43.568+0200][244,900s] GC(359) User=0,06s Sys=0,00s Real=0,03s
[2019-04-15T14:07:44.309+0200][245,641s] GC(360) Pause Young (Allocation Failure)
[2019-04-15T14:07:44.309+0200][245,641s] GC(360) Using 4 workers of 4 for evacuation
[2019-04-15T14:07:44.342+0200][245,674s] GC(360) ParNew: 108993K->21577K(109248K)
[2019-04-15T14:07:44.342+0200][245,674s] GC(360) CMS: 190637K->196818K(393216K)
[2019-04-15T14:07:44.342+0200][245,674s] GC(360) Metaspace: 71784K->71784K(1116160K)
[2019-04-15T14:07:44.342+0200][245,674s] GC(360) Pause Young (Allocation Failure) 292M->213M(490M) 33,148ms
[2019-04-15T14:07:44.342+0200][245,674s] GC(360) User=0,05s Sys=0,01s Real=0,03s
[2019-04-15T14:07:44.347+0200][245,680s] GC(361) Pause Initial Mark
[2019-04-15T14:07:44.350+0200][245,683s] GC(361) Pause Initial Mark 215M->215M(490M) 3,032ms
[2019-04-15T14:07:44.350+0200][245,683s] GC(361) User=0,01s Sys=0,00s Real=0,00s
[2019-04-15T14:07:44.350+0200][245,683s] GC(361) Concurrent Mark
[2019-04-15T14:07:44.350+0200][245,683s] GC(361) Using 4 workers of 4 for marking
[2019-04-15T14:07:44.449+0200][245,782s] GC(361) Concurrent Mark 98,631ms
[2019-04-15T14:07:44.449+0200][245,782s] GC(361) User=0,23s Sys=0,00s Real=0,10s
[2019-04-15T14:07:44.449+0200][245,782s] GC(361) Concurrent Preclean
[2019-04-15T14:07:44.450+0200][245,783s] GC(361) Concurrent Preclean 1,296ms
[2019-04-15T14:07:44.450+0200][245,783s] GC(361) User=0,00s Sys=0,00s Real=0,00s
[2019-04-15T14:07:44.450+0200][245,783s] GC(361) Concurrent Abortable Preclean
[2019-04-15T14:07:45.502+0200][246,835s] GC(361) Concurrent Abortable Preclean 1051,749ms
[2019-04-15T14:07:45.502+0200][246,835s] GC(361) User=1,61s Sys=0,04s Real=1,05s
[2019-04-15T14:07:45.502+0200][246,835s] GC(361) Pause Remark
[2019-04-15T14:07:45.502+0200][246,835s] GC(362) Pause Young (CMS Final Remark)
[2019-04-15T14:07:45.502+0200][246,835s] GC(362) Using 4 workers of 4 for evacuation
[2019-04-15T14:07:45.535+0200][246,867s] GC(362) ParNew: 67611K->21551K(109248K)
[2019-04-15T14:07:45.535+0200][246,867s] GC(362) CMS: 196818K->198705K(393216K)
[2019-04-15T14:07:45.535+0200][246,867s] GC(362) Metaspace: 71866K->71866K(1116160K)
[2019-04-15T14:07:45.535+0200][246,867s] GC(362) Pause Young (CMS Final Remark) 258M->215M(490M) 32,483ms
[2019-04-15T14:07:45.535+0200][246,867s] GC(362) User=0,06s Sys=0,00s Real=0,04s
[2019-04-15T14:07:45.581+0200][246,914s] GC(361) Pause Remark 258M->215M(490M) 79,119ms
[2019-04-15T14:07:45.581+0200][246,914s] GC(361) User=0,12s Sys=0,00s Real=0,08s
[2019-04-15T14:07:45.582+0200][246,914s] GC(361) Concurrent Sweep
[2019-04-15T14:07:45.676+0200][247,009s] GC(361) Concurrent Sweep 94,914ms
[2019-04-15T14:07:45.677+0200][247,010s] GC(361) User=0,26s Sys=0,00s Real=0,10s
[2019-04-15T14:07:45.677+0200][247,010s] GC(361) Concurrent Reset
[2019-04-15T14:07:45.678+0200][247,011s] GC(361) Concurrent Reset 1,152ms
[2019-04-15T14:07:45.679+0200][247,011s] GC(361) User=0,00s Sys=0,00s Real=0,00s
[2019-04-15T14:07:45.679+0200][247,011s] GC(361) Old: 196818K->102730K(393216K)
[2019-04-15T14:07:46.913+0200][248,246s] GC(363) Pause Young (Allocation Failure)
[2019-04-15T14:07:46.913+0200][248,246s] GC(363) Using 4 workers of 4 for evacuation
[2019-04-15T14:07:46.958+0200][248,291s] GC(363) ParNew: 108975K->21824K(109248K)
[2019-04-15T14:07:46.958+0200][248,291s] GC(363) CMS: 102730K->110779K(393216K)
[2019-04-15T14:07:46.958+0200][248,291s] GC(363) Metaspace: 72109K->72109K(1116160K)
[2019-04-15T14:07:46.958+0200][248,291s] GC(363) Pause Young (Allocation Failure) 206M->129M(490M) 44,977ms
[2019-04-15T14:07:46.958+0200][248,291s] GC(363) User=0,09s Sys=0,00s Real=0,04s
[2019-04-15T14:07:47.260+0200][248,593s] GC(364) Pause Young (Allocation Failure)
[2019-04-15T14:07:47.260+0200][248,593s] GC(364) Using 4 workers of 4 for evacuation
[2019-04-15T14:07:47.297+0200][248,629s] GC(364) ParNew: 109248K->21824K(109248K)
[2019-04-15T14:07:47.297+0200][248,629s] GC(364) CMS: 110779K->115654K(393216K)
[2019-04-15T14:07:47.297+0200][248,629s] GC(364) Metaspace: 72109K->72109K(1116160K)
[2019-04-15T14:07:47.297+0200][248,630s] GC(364) Pause Young (Allocation Failure) 214M->134M(490M) 36,912ms
[2019-04-15T14:07:47.297+0200][248,630s] GC(364) User=0,05s Sys=0,00s Real=0,04s
[2019-04-15T14:07:47.471+0200][248,804s] GC(365) Pause Young (Allocation Failure)
[2019-04-15T14:07:47.471+0200][248,804s] GC(365) Using 4 workers of 4 for evacuation
[2019-04-15T14:07:47.499+0200][248,831s] GC(365) ParNew: 109248K->21500K(109248K)
[2019-04-15T14:07:47.499+0200][248,831s] GC(365) CMS: 115654K->115654K(393216K)
[2019-04-15T14:07:47.499+0200][248,831s] GC(365) Metaspace: 72109K->72109K(1116160K)
[2019-04-15T14:07:47.499+0200][248,831s] GC(365) Pause Young (Allocation Failure) 219M->133M(490M) 27,362ms
[2019-04-15T14:07:47.499+0200][248,831s] GC(365) User=0,04s Sys=0,00s Real=0,03s
[2019-04-15T14:07:47.632+0200][248,964s] GC(366) Pause Young (Allocation Failure)
[2019-04-15T14:07:47.632+0200][248,964s] GC(366) Using 4 workers of 4 for evacuation
[2019-04-15T14:07:47.666+0200][248,998s] GC(366) ParNew: 108924K->20009K(109248K)
[2019-04-15T14:07:47.666+0200][248,999s] GC(366) CMS: 115654K->115654K(393216K)
[2019-04-15T14:07:47.666+0200][248,999s] GC(366) Metaspace: 72109K->72109K(1116160K)
[2019-04-15T14:07:47.666+0200][248,999s] GC(366) Pause Young (Allocation Failure) 219M->132M(490M) 34,336ms
[2019-04-15T14:07:47.666+0200][248,999s] GC(366) User=0,05s Sys=0,01s Real=0,04s
[2019-04-15T14:07:47.841+0200][249,174s] GC(367) Pause Young (Allocation Failure)
[2019-04-15T14:07:47.841+0200][249,174s] GC(367) Using 4 workers of 4 for evacuation
[2019-04-15T14:07:47.852+0200][249,185s] GC(367) ParNew: 107433K->21824K(109248K)
[2019-04-15T14:07:47.852+0200][249,185s] GC(367) CMS: 115654K->117819K(393216K)
[2019-04-15T14:07:47.852+0200][249,185s] GC(367) Metaspace: 72109K->72109K(1116160K)
[2019-04-15T14:07:47.852+0200][249,185s] GC(367) Pause Young (Allocation Failure) 217M->136M(490M) 10,804ms
[2019-04-15T14:07:47.852+0200][249,185s] GC(367) User=0,03s Sys=0,00s Real=0,01s
[2019-04-15T14:07:48.025+0200][249,357s] GC(368) Pause Young (Allocation Failure)
[2019-04-15T14:07:48.025+0200][249,357s] GC(368) Using 4 workers of 4 for evacuation
[2019-04-15T14:07:48.052+0200][249,385s] GC(368) ParNew: 109248K->16717K(109248K)
[2019-04-15T14:07:48.052+0200][249,385s] GC(368) CMS: 117819K->118142K(393216K)
[2019-04-15T14:07:48.052+0200][249,385s] GC(368) Metaspace: 72109K->72109K(1116160K)
[2019-04-15T14:07:48.052+0200][249,385s] GC(368) Pause Young (Allocation Failure) 221M->131M(490M) 27,653ms
[2019-04-15T14:07:48.052+0200][249,385s] GC(368) User=0,04s Sys=0,00s Real=0,03s
[2019-04-15T14:07:48.220+0200][249,553s] GC(369) Pause Young (Allocation Failure)
[2019-04-15T14:07:48.220+0200][249,553s] GC(369) Using 4 workers of 4 for evacuation
[2019-04-15T14:07:48.259+0200][249,591s] GC(369) ParNew: 104141K->17556K(109248K)
[2019-04-15T14:07:48.259+0200][249,591s] GC(369) CMS: 118142K->120760K(393216K)
[2019-04-15T14:07:48.259+0200][249,591s] GC(369) Metaspace: 72109K->72109K(1116160K)
[2019-04-15T14:07:48.259+0200][249,591s] GC(369) Pause Young (Allocation Failure) 217M->135M(490M) 38,804ms
[2019-04-15T14:07:48.259+0200][249,591s] GC(369) User=0,05s Sys=0,00s Real=0,04s
[2019-04-15T14:07:48.454+0200][249,787s] GC(370) Pause Young (Allocation Failure)
[2019-04-15T14:07:48.454+0200][249,787s] GC(370) Using 4 workers of 4 for evacuation
[2019-04-15T14:07:48.475+0200][249,808s] GC(370) ParNew: 104980K->12082K(109248K)
[2019-04-15T14:07:48.475+0200][249,808s] GC(370) CMS: 120760K->122675K(393216K)
[2019-04-15T14:07:48.475+0200][249,808s] GC(370) Metaspace: 72109K->72109K(1116160K)
[2019-04-15T14:07:48.475+0200][249,808s] GC(370) Pause Young (Allocation Failure) 220M->131M(490M) 21,081ms
[2019-04-15T14:07:48.475+0200][249,808s] GC(370) User=0,03s Sys=0,00s Real=0,02s
[2019-04-15T14:07:48.766+0200][250,099s] GC(371) Pause Young (Allocation Failure)
[2019-04-15T14:07:48.766+0200][250,099s] GC(371) Using 4 workers of 4 for evacuation
[2019-04-15T14:07:48.801+0200][250,134s] GC(371) ParNew: 99506K->7337K(109248K)
[2019-04-15T14:07:48.801+0200][250,134s] GC(371) CMS: 122675K->130477K(393216K)
[2019-04-15T14:07:48.801+0200][250,134s] GC(371) Metaspace: 72109K->72109K(1116160K)
[2019-04-15T14:07:48.801+0200][250,134s] GC(371) Pause Young (Allocation Failure) 216M->134M(490M) 35,033ms
[2019-04-15T14:07:48.801+0200][250,134s] GC(371) User=0,03s Sys=0,00s Real=0,03s
[2019-04-15T14:07:49.025+0200][250,358s] GC(372) Pause Young (Allocation Failure)
[2019-04-15T14:07:49.025+0200][250,358s] GC(372) Using 4 workers of 4 for evacuation
[2019-04-15T14:07:49.032+0200][250,365s] GC(372) ParNew: 94761K->3788K(109248K)
[2019-04-15T14:07:49.032+0200][250,365s] GC(372) CMS: 130477K->130556K(393216K)
[2019-04-15T14:07:49.032+0200][250,365s] GC(372) Metaspace: 72109K->72109K(1116160K)
[2019-04-15T14:07:49.032+0200][250,365s] GC(372) Pause Young (Allocation Failure) 219M->131M(490M) 6,880ms
[2019-04-15T14:07:49.032+0200][250,365s] GC(372) User=0,00s Sys=0,01s Real=0,00s
[2019-04-15T14:07:49.249+0200][250,582s] GC(373) Pause Young (Allocation Failure)
[2019-04-15T14:07:49.250+0200][250,582s] GC(373) Using 4 workers of 4 for evacuation
[2019-04-15T14:07:49.273+0200][250,606s] GC(373) ParNew: 91212K->2469K(109248K)
[2019-04-15T14:07:49.273+0200][250,606s] GC(373) CMS: 130556K->130558K(393216K)
[2019-04-15T14:07:49.273+0200][250,606s] GC(373) Metaspace: 72109K->72109K(1116160K)
[2019-04-15T14:07:49.273+0200][250,606s] GC(373) Pause Young (Allocation Failure) 216M->129M(490M) 23,788ms
[2019-04-15T14:07:49.273+0200][250,606s] GC(373) User=0,02s Sys=0,00s Real=0,03s
[2019-04-15T14:07:49.806+0200][251,138s] GC(374) Pause Young (Allocation Failure)
[2019-04-15T14:07:49.806+0200][251,138s] GC(374) Using 4 workers of 4 for evacuation
[2019-04-15T14:07:49.832+0200][251,164s] GC(374) ParNew: 89893K->10532K(109248K)
[2019-04-15T14:07:49.832+0200][251,164s] GC(374) CMS: 130558K->130560K(393216K)
[2019-04-15T14:07:49.832+0200][251,164s] GC(374) Metaspace: 72112K->72112K(1116160K)
[2019-04-15T14:07:49.832+0200][251,164s] GC(374) Pause Young (Allocation Failure) 215M->137M(490M) 26,216ms
[2019-04-15T14:07:49.832+0200][251,165s] GC(374) User=0,04s Sys=0,00s Real=0,02s
[2019-04-15T14:07:49.991+0200][251,324s] GC(375) Pause Young (Allocation Failure)
[2019-04-15T14:07:49.992+0200][251,324s] GC(375) Using 4 workers of 4 for evacuation
[2019-04-15T14:07:50.008+0200][251,341s] GC(375) ParNew: 97956K->14166K(109248K)
[2019-04-15T14:07:50.008+0200][251,341s] GC(375) CMS: 130560K->130562K(393216K)
[2019-04-15T14:07:50.008+0200][251,341s] GC(375) Metaspace: 72113K->72113K(1116160K)
[2019-04-15T14:07:50.008+0200][251,341s] GC(375) Pause Young (Allocation Failure) 223M->141M(490M) 16,740ms
[2019-04-15T14:07:50.008+0200][251,341s] GC(375) User=0,03s Sys=0,00s Real=0,02s
[2019-04-15T14:07:50.169+0200][251,502s] GC(376) Pause Young (Allocation Failure)
[2019-04-15T14:07:50.169+0200][251,502s] GC(376) Using 4 workers of 4 for evacuation
[2019-04-15T14:07:50.174+0200][251,507s] GC(376) ParNew: 101590K->18336K(109248K)
[2019-04-15T14:07:50.174+0200][251,507s] GC(376) CMS: 130562K->130563K(393216K)
[2019-04-15T14:07:50.174+0200][251,507s] GC(376) Metaspace: 72113K->72113K(1116160K)
[2019-04-15T14:07:50.174+0200][251,507s] GC(376) Pause Young (Allocation Failure) 226M->145M(490M) 4,965ms
[2019-04-15T14:07:50.174+0200][251,507s] GC(376) User=0,02s Sys=0,00s Real=0,01s
[2019-04-15T14:07:50.332+0200][251,664s] GC(377) Pause Young (Allocation Failure)
[2019-04-15T14:07:50.332+0200][251,664s] GC(377) Using 4 workers of 4 for evacuation
[2019-04-15T14:07:50.336+0200][251,669s] GC(377) ParNew: 105760K->15533K(109248K)
[2019-04-15T14:07:50.336+0200][251,669s] GC(377) CMS: 130563K->131590K(393216K)
[2019-04-15T14:07:50.336+0200][251,669s] GC(377) Metaspace: 72113K->72113K(1116160K)
[2019-04-15T14:07:50.336+0200][251,669s] GC(377) Pause Young (Allocation Failure) 230M->143M(490M) 4,463ms
[2019-04-15T14:07:50.336+0200][251,669s] GC(377) User=0,01s Sys=0,00s Real=0,01s
[2019-04-15T14:07:50.466+0200][251,798s] GC(378) Pause Young (Allocation Failure)
[2019-04-15T14:07:50.466+0200][251,798s] GC(378) Using 4 workers of 4 for evacuation
[2019-04-15T14:07:50.470+0200][251,802s] GC(378) ParNew: 102957K->15563K(109248K)
[2019-04-15T14:07:50.470+0200][251,802s] GC(378) CMS: 131590K->131592K(393216K)
[2019-04-15T14:07:50.470+0200][251,802s] GC(378) Metaspace: 72113K->72113K(1116160K)
[2019-04-15T14:07:50.470+0200][251,802s] GC(378) Pause Young (Allocation Failure) 229M->143M(490M) 4,240ms
[2019-04-15T14:07:50.470+0200][251,802s] GC(378) User=0,01s Sys=0,01s Real=0,00s
[2019-04-15T14:07:50.631+0200][251,964s] GC(379) Pause Young (Allocation Failure)
[2019-04-15T14:07:50.632+0200][251,964s] GC(379) Using 4 workers of 4 for evacuation
[2019-04-15T14:07:50.636+0200][251,968s] GC(379) ParNew: 102987K->16811K(109248K)
[2019-04-15T14:07:50.636+0200][251,969s] GC(379) CMS: 131592K->131631K(393216K)
[2019-04-15T14:07:50.636+0200][251,969s] GC(379) Metaspace: 72113K->72113K(1116160K)
[2019-04-15T14:07:50.636+0200][251,969s] GC(379) Pause Young (Allocation Failure) 229M->144M(490M) 4,457ms
[2019-04-15T14:07:50.636+0200][251,969s] GC(379) User=0,02s Sys=0,00s Real=0,01s
[2019-04-15T14:07:50.772+0200][252,104s] GC(380) Pause Young (Allocation Failure)
[2019-04-15T14:07:50.772+0200][252,105s] GC(380) Using 4 workers of 4 for evacuation
[2019-04-15T14:07:50.781+0200][252,113s] GC(380) ParNew: 104235K->15369K(109248K)
[2019-04-15T14:07:50.781+0200][252,113s] GC(380) CMS: 131631K->131632K(393216K)
[2019-04-15T14:07:50.781+0200][252,113s] GC(380) Metaspace: 72113K->72113K(1116160K)
[2019-04-15T14:07:50.781+0200][252,113s] GC(380) Pause Young (Allocation Failure) 230M->143M(490M) 8,990ms
[2019-04-15T14:07:50.781+0200][252,113s] GC(380) User=0,02s Sys=0,00s Real=0,01s
[2019-04-15T14:07:50.936+0200][252,269s] GC(381) Pause Young (Allocation Failure)
[2019-04-15T14:07:50.936+0200][252,269s] GC(381) Using 4 workers of 4 for evacuation
[2019-04-15T14:07:50.961+0200][252,293s] GC(381) ParNew: 102793K->21824K(109248K)
[2019-04-15T14:07:50.961+0200][252,293s] GC(381) CMS: 131632K->131710K(393216K)
[2019-04-15T14:07:50.961+0200][252,293s] GC(381) Metaspace: 72128K->72128K(1116160K)
[2019-04-15T14:07:50.961+0200][252,293s] GC(381) Pause Young (Allocation Failure) 228M->149M(490M) 24,506ms
[2019-04-15T14:07:50.961+0200][252,293s] GC(381) User=0,06s Sys=0,00s Real=0,02s
[2019-04-15T14:07:51.047+0200][252,380s] GC(382) Pause Young (Allocation Failure)
[2019-04-15T14:07:51.047+0200][252,380s] GC(382) Using 4 workers of 4 for evacuation
[2019-04-15T14:07:51.068+0200][252,401s] GC(382) ParNew: 109248K->11940K(109248K)
[2019-04-15T14:07:51.069+0200][252,401s] GC(382) CMS: 131710K->138782K(393216K)
[2019-04-15T14:07:51.069+0200][252,401s] GC(382) Metaspace: 72128K->72128K(1116160K)
[2019-04-15T14:07:51.069+0200][252,401s] GC(382) Pause Young (Allocation Failure) 235M->147M(490M) 21,471ms
[2019-04-15T14:07:51.069+0200][252,401s] GC(382) User=0,04s Sys=0,00s Real=0,02s
[2019-04-15T14:07:51.179+0200][252,511s] GC(383) Pause Young (Allocation Failure)
[2019-04-15T14:07:51.179+0200][252,511s] GC(383) Using 4 workers of 4 for evacuation
[2019-04-15T14:07:51.199+0200][252,531s] GC(383) ParNew: 99364K->10339K(109248K)
[2019-04-15T14:07:51.199+0200][252,531s] GC(383) CMS: 138782K->138785K(393216K)
[2019-04-15T14:07:51.199+0200][252,531s] GC(383) Metaspace: 72128K->72128K(1116160K)
[2019-04-15T14:07:51.199+0200][252,531s] GC(383) Pause Young (Allocation Failure) 232M->145M(490M) 19,925ms
[2019-04-15T14:07:51.199+0200][252,531s] GC(383) User=0,05s Sys=0,00s Real=0,02s
[2019-04-15T14:07:51.308+0200][252,641s] GC(384) Pause Young (Allocation Failure)
[2019-04-15T14:07:51.308+0200][252,641s] GC(384) Using 4 workers of 4 for evacuation
[2019-04-15T14:07:51.324+0200][252,657s] GC(384) ParNew: 97763K->9728K(109248K)
[2019-04-15T14:07:51.324+0200][252,657s] GC(384) CMS: 138785K->138785K(393216K)
[2019-04-15T14:07:51.324+0200][252,657s] GC(384) Metaspace: 72128K->72128K(1116160K)
[2019-04-15T14:07:51.324+0200][252,657s] GC(384) Pause Young (Allocation Failure) 231M->145M(490M) 16,103ms
[2019-04-15T14:07:51.325+0200][252,657s] GC(384) User=0,04s Sys=0,00s Real=0,01s
[2019-04-15T14:07:51.435+0200][252,767s] GC(385) Pause Young (Allocation Failure)
[2019-04-15T14:07:51.435+0200][252,767s] GC(385) Using 4 workers of 4 for evacuation
[2019-04-15T14:07:51.444+0200][252,777s] GC(385) ParNew: 97152K->9934K(109248K)
[2019-04-15T14:07:51.444+0200][252,777s] GC(385) CMS: 138785K->138785K(393216K)
[2019-04-15T14:07:51.444+0200][252,777s] GC(385) Metaspace: 72128K->72128K(1116160K)
[2019-04-15T14:07:51.444+0200][252,777s] GC(385) Pause Young (Allocation Failure) 230M->145M(490M) 9,461ms
[2019-04-15T14:07:51.444+0200][252,777s] GC(385) User=0,02s Sys=0,00s Real=0,00s
[2019-04-15T14:07:51.526+0200][252,859s] GC(386) Pause Young (Allocation Failure)
[2019-04-15T14:07:51.526+0200][252,859s] GC(386) Using 4 workers of 4 for evacuation
[2019-04-15T14:07:51.535+0200][252,867s] GC(386) ParNew: 97358K->11366K(109248K)
[2019-04-15T14:07:51.535+0200][252,867s] GC(386) CMS: 138785K->138785K(393216K)
[2019-04-15T14:07:51.535+0200][252,867s] GC(386) Metaspace: 72128K->72128K(1116160K)
[2019-04-15T14:07:51.535+0200][252,867s] GC(386) Pause Young (Allocation Failure) 230M->146M(490M) 8,314ms
[2019-04-15T14:07:51.535+0200][252,867s] GC(386) User=0,02s Sys=0,00s Real=0,01s
[2019-04-15T14:07:51.611+0200][252,943s] GC(387) Pause Young (Allocation Failure)
[2019-04-15T14:07:51.611+0200][252,943s] GC(387) Using 4 workers of 4 for evacuation
[2019-04-15T14:07:51.628+0200][252,961s] GC(387) ParNew: 98790K->10161K(109248K)
[2019-04-15T14:07:51.628+0200][252,961s] GC(387) CMS: 138785K->138785K(393216K)
[2019-04-15T14:07:51.628+0200][252,961s] GC(387) Metaspace: 72128K->72128K(1116160K)
[2019-04-15T14:07:51.628+0200][252,961s] GC(387) Pause Young (Allocation Failure) 232M->145M(490M) 17,330ms
[2019-04-15T14:07:51.628+0200][252,961s] GC(387) User=0,03s Sys=0,00s Real=0,02s
[2019-04-15T14:07:51.702+0200][253,034s] GC(388) Pause Young (Allocation Failure)
[2019-04-15T14:07:51.702+0200][253,034s] GC(388) Using 4 workers of 4 for evacuation
[2019-04-15T14:07:51.710+0200][253,042s] GC(388) ParNew: 97585K->11617K(109248K)
[2019-04-15T14:07:51.710+0200][253,042s] GC(388) CMS: 138785K->138785K(393216K)
[2019-04-15T14:07:51.710+0200][253,042s] GC(388) Metaspace: 72128K->72128K(1116160K)
[2019-04-15T14:07:51.710+0200][253,042s] GC(388) Pause Young (Allocation Failure) 230M->146M(490M) 8,055ms
[2019-04-15T14:07:51.710+0200][253,042s] GC(388) User=0,02s Sys=0,00s Real=0,01s
[2019-04-15T14:07:51.786+0200][253,118s] GC(389) Pause Young (Allocation Failure)
[2019-04-15T14:07:51.786+0200][253,118s] GC(389) Using 4 workers of 4 for evacuation
[2019-04-15T14:07:51.797+0200][253,130s] GC(389) ParNew: 99041K->5970K(109248K)
[2019-04-15T14:07:51.797+0200][253,130s] GC(389) CMS: 138785K->145573K(393216K)
[2019-04-15T14:07:51.797+0200][253,130s] GC(389) Metaspace: 72128K->72128K(1116160K)
[2019-04-15T14:07:51.797+0200][253,130s] GC(389) Pause Young (Allocation Failure) 232M->147M(490M) 11,917ms
[2019-04-15T14:07:51.797+0200][253,130s] GC(389) User=0,03s Sys=0,00s Real=0,01s
[2019-04-15T14:07:51.879+0200][253,211s] GC(390) Pause Young (Allocation Failure)
[2019-04-15T14:07:51.879+0200][253,211s] GC(390) Using 4 workers of 4 for evacuation
[2019-04-15T14:07:51.893+0200][253,226s] GC(390) ParNew: 93394K->3067K(109248K)
[2019-04-15T14:07:51.893+0200][253,226s] GC(390) CMS: 145573K->145591K(393216K)
[2019-04-15T14:07:51.893+0200][253,226s] GC(390) Metaspace: 72128K->72128K(1116160K)
[2019-04-15T14:07:51.893+0200][253,226s] GC(390) Pause Young (Allocation Failure) 233M->145M(490M) 14,569ms
[2019-04-15T14:07:51.893+0200][253,226s] GC(390) User=0,03s Sys=0,00s Real=0,02s
[2019-04-15T14:07:51.968+0200][253,301s] GC(391) Pause Young (Allocation Failure)
[2019-04-15T14:07:51.968+0200][253,301s] GC(391) Using 4 workers of 4 for evacuation
[2019-04-15T14:07:51.978+0200][253,311s] GC(391) ParNew: 90491K->2648K(109248K)
[2019-04-15T14:07:51.978+0200][253,311s] GC(391) CMS: 145591K->145665K(393216K)
[2019-04-15T14:07:51.978+0200][253,311s] GC(391) Metaspace: 72128K->72128K(1116160K)
[2019-04-15T14:07:51.978+0200][253,311s] GC(391) Pause Young (Allocation Failure) 230M->144M(490M) 9,919ms
[2019-04-15T14:07:51.978+0200][253,311s] GC(391) User=0,02s Sys=0,00s Real=0,01s
[2019-04-15T14:07:52.084+0200][253,417s] GC(392) Pause Young (Allocation Failure)
[2019-04-15T14:07:52.084+0200][253,417s] GC(392) Using 4 workers of 4 for evacuation
[2019-04-15T14:07:52.091+0200][253,424s] GC(392) ParNew: 90072K->3567K(109248K)
[2019-04-15T14:07:52.091+0200][253,424s] GC(392) CMS: 145665K->145785K(393216K)
[2019-04-15T14:07:52.091+0200][253,424s] GC(392) Metaspace: 72128K->72128K(1116160K)
[2019-04-15T14:07:52.091+0200][253,424s] GC(392) Pause Young (Allocation Failure) 230M->145M(490M) 7,232ms
[2019-04-15T14:07:52.091+0200][253,424s] GC(392) User=0,02s Sys=0,00s Real=0,01s
[2019-04-15T14:07:52.524+0200][253,857s] GC(393) Pause Young (Allocation Failure)
[2019-04-15T14:07:52.525+0200][253,857s] GC(393) Using 4 workers of 4 for evacuation
[2019-04-15T14:07:52.569+0200][253,901s] GC(393) ParNew: 90991K->12950K(109248K)
[2019-04-15T14:07:52.569+0200][253,901s] GC(393) CMS: 145785K->145789K(393216K)
[2019-04-15T14:07:52.569+0200][253,901s] GC(393) Metaspace: 72160K->72160K(1116160K)
[2019-04-15T14:07:52.569+0200][253,901s] GC(393) Pause Young (Allocation Failure) 231M->155M(490M) 44,270ms
[2019-04-15T14:07:52.569+0200][253,901s] GC(393) User=0,07s Sys=0,00s Real=0,05s
[2019-04-15T14:07:52.750+0200][254,083s] GC(394) Pause Young (Allocation Failure)
[2019-04-15T14:07:52.750+0200][254,083s] GC(394) Using 4 workers of 4 for evacuation
[2019-04-15T14:07:52.762+0200][254,094s] GC(394) ParNew: 100374K->14479K(109248K)
[2019-04-15T14:07:52.762+0200][254,094s] GC(394) CMS: 145789K->145791K(393216K)
[2019-04-15T14:07:52.762+0200][254,094s] GC(394) Metaspace: 72161K->72161K(1116160K)
[2019-04-15T14:07:52.762+0200][254,094s] GC(394) Pause Young (Allocation Failure) 240M->156M(490M) 11,383ms
[2019-04-15T14:07:52.762+0200][254,094s] GC(394) User=0,02s Sys=0,00s Real=0,01s
[2019-04-15T14:07:52.856+0200][254,189s] GC(395) Pause Young (Allocation Failure)
[2019-04-15T14:07:52.856+0200][254,189s] GC(395) Using 4 workers of 4 for evacuation
[2019-04-15T14:07:52.864+0200][254,196s] GC(395) ParNew: 101903K->18528K(109248K)
[2019-04-15T14:07:52.864+0200][254,196s] GC(395) CMS: 145791K->145793K(393216K)
[2019-04-15T14:07:52.864+0200][254,196s] GC(395) Metaspace: 72161K->72161K(1116160K)
[2019-04-15T14:07:52.864+0200][254,196s] GC(395) Pause Young (Allocation Failure) 241M->160M(490M) 7,676ms
[2019-04-15T14:07:52.864+0200][254,196s] GC(395) User=0,02s Sys=0,00s Real=0,00s
[2019-04-15T14:07:52.934+0200][254,267s] GC(396) Pause Young (Allocation Failure)
[2019-04-15T14:07:52.934+0200][254,267s] GC(396) Using 4 workers of 4 for evacuation
[2019-04-15T14:07:52.946+0200][254,278s] GC(396) ParNew: 105952K->14202K(109248K)
[2019-04-15T14:07:52.946+0200][254,278s] GC(396) CMS: 145793K->145795K(393216K)
[2019-04-15T14:07:52.946+0200][254,278s] GC(396) Metaspace: 72161K->72161K(1116160K)
[2019-04-15T14:07:52.946+0200][254,278s] GC(396) Pause Young (Allocation Failure) 245M->156M(490M) 11,447ms
[2019-04-15T14:07:52.946+0200][254,278s] GC(396) User=0,04s Sys=0,00s Real=0,01s
[2019-04-15T14:07:53.037+0200][254,370s] GC(397) Pause Young (Allocation Failure)
[2019-04-15T14:07:53.037+0200][254,370s] GC(397) Using 4 workers of 4 for evacuation
[2019-04-15T14:07:53.046+0200][254,378s] GC(397) ParNew: 101626K->16691K(109248K)
[2019-04-15T14:07:53.046+0200][254,378s] GC(397) CMS: 145795K->145797K(393216K)
[2019-04-15T14:07:53.046+0200][254,378s] GC(397) Metaspace: 72161K->72161K(1116160K)
[2019-04-15T14:07:53.046+0200][254,379s] GC(397) Pause Young (Allocation Failure) 241M->158M(490M) 8,813ms
[2019-04-15T14:07:53.046+0200][254,379s] GC(397) User=0,03s Sys=0,00s Real=0,01s
[2019-04-15T14:07:53.111+0200][254,444s] GC(398) Pause Young (Allocation Failure)
[2019-04-15T14:07:53.111+0200][254,444s] GC(398) Using 4 workers of 4 for evacuation
[2019-04-15T14:07:53.119+0200][254,452s] GC(398) ParNew: 104115K->15751K(109248K)
[2019-04-15T14:07:53.119+0200][254,452s] GC(398) CMS: 145797K->145800K(393216K)
[2019-04-15T14:07:53.119+0200][254,452s] GC(398) Metaspace: 72161K->72161K(1116160K)
[2019-04-15T14:07:53.119+0200][254,452s] GC(398) Pause Young (Allocation Failure) 244M->157M(490M) 7,975ms
[2019-04-15T14:07:53.119+0200][254,452s] GC(398) User=0,03s Sys=0,00s Real=0,01s
[2019-04-15T14:07:53.185+0200][254,518s] GC(399) Pause Young (Allocation Failure)
[2019-04-15T14:07:53.185+0200][254,518s] GC(399) Using 4 workers of 4 for evacuation
[2019-04-15T14:07:53.193+0200][254,526s] GC(399) ParNew: 103175K->15692K(109248K)
[2019-04-15T14:07:53.193+0200][254,526s] GC(399) CMS: 145800K->145805K(393216K)
[2019-04-15T14:07:53.193+0200][254,526s] GC(399) Metaspace: 72161K->72161K(1116160K)
[2019-04-15T14:07:53.193+0200][254,526s] GC(399) Pause Young (Allocation Failure) 243M->157M(490M) 8,090ms
[2019-04-15T14:07:53.193+0200][254,526s] GC(399) User=0,03s Sys=0,00s Real=0,01s
[2019-04-15T14:07:53.586+0200][254,919s] GC(400) Pause Young (Allocation Failure)
[2019-04-15T14:07:53.586+0200][254,919s] GC(400) Using 4 workers of 4 for evacuation
[2019-04-15T14:07:53.611+0200][254,944s] GC(400) ParNew: 103116K->11394K(109248K)
[2019-04-15T14:07:53.611+0200][254,944s] GC(400) CMS: 145805K->147857K(393216K)
[2019-04-15T14:07:53.611+0200][254,944s] GC(400) Metaspace: 72215K->72215K(1116160K)
[2019-04-15T14:07:53.611+0200][254,944s] GC(400) Pause Young (Allocation Failure) 243M->155M(490M) 24,962ms
[2019-04-15T14:07:53.611+0200][254,944s] GC(400) User=0,05s Sys=0,00s Real=0,02s
[2019-04-15T14:07:54.248+0200][255,581s] GC(401) Pause Young (Allocation Failure)
[2019-04-15T14:07:54.248+0200][255,581s] GC(401) Using 4 workers of 4 for evacuation
[2019-04-15T14:07:54.292+0200][255,625s] GC(401) ParNew: 98818K->7632K(109248K)
[2019-04-15T14:07:54.292+0200][255,625s] GC(401) CMS: 147857K->150558K(393216K)
[2019-04-15T14:07:54.292+0200][255,625s] GC(401) Metaspace: 72294K->72294K(1116160K)
[2019-04-15T14:07:54.292+0200][255,625s] GC(401) Pause Young (Allocation Failure) 240M->154M(490M) 44,382ms
[2019-04-15T14:07:54.293+0200][255,625s] GC(401) User=0,09s Sys=0,00s Real=0,04s
[2019-04-15T14:07:55.246+0200][256,579s] GC(402) Pause Young (Allocation Failure)
[2019-04-15T14:07:55.246+0200][256,579s] GC(402) Using 4 workers of 4 for evacuation
[2019-04-15T14:07:55.260+0200][256,592s] GC(402) ParNew: 95056K->6711K(109248K)
[2019-04-15T14:07:55.260+0200][256,592s] GC(402) CMS: 150558K->150558K(393216K)
[2019-04-15T14:07:55.260+0200][256,592s] GC(402) Metaspace: 72354K->72354K(1116160K)
[2019-04-15T14:07:55.260+0200][256,592s] GC(402) Pause Young (Allocation Failure) 239M->153M(490M) 13,540ms
[2019-04-15T14:07:55.260+0200][256,592s] GC(402) User=0,04s Sys=0,00s Real=0,01s
[2019-04-15T14:07:55.767+0200][257,099s] GC(403) Pause Young (Allocation Failure)
[2019-04-15T14:07:55.767+0200][257,099s] GC(403) Using 4 workers of 4 for evacuation
[2019-04-15T14:07:55.782+0200][257,114s] GC(403) ParNew: 94135K->14467K(109248K)
[2019-04-15T14:07:55.782+0200][257,114s] GC(403) CMS: 150558K->150558K(393216K)
[2019-04-15T14:07:55.782+0200][257,114s] GC(403) Metaspace: 72407K->72407K(1116160K)
[2019-04-15T14:07:55.782+0200][257,114s] GC(403) Pause Young (Allocation Failure) 238M->161M(490M) 14,971ms
[2019-04-15T14:07:55.782+0200][257,114s] GC(403) User=0,04s Sys=0,00s Real=0,01s
[2019-04-15T14:07:56.407+0200][257,740s] GC(404) Pause Young (Allocation Failure)
[2019-04-15T14:07:56.407+0200][257,740s] GC(404) Using 4 workers of 4 for evacuation
[2019-04-15T14:07:56.415+0200][257,748s] GC(404) ParNew: 101772K->12812K(109248K)
[2019-04-15T14:07:56.415+0200][257,748s] GC(404) CMS: 150558K->150558K(393216K)
[2019-04-15T14:07:56.415+0200][257,748s] GC(404) Metaspace: 72544K->72544K(1116160K)
[2019-04-15T14:07:56.415+0200][257,748s] GC(404) Pause Young (Allocation Failure) 246M->159M(490M) 8,257ms
[2019-04-15T14:07:56.415+0200][257,748s] GC(404) User=0,04s Sys=0,00s Real=0,01s
[2019-04-15T14:07:56.981+0200][258,313s] GC(405) Pause Young (Allocation Failure)
[2019-04-15T14:07:56.981+0200][258,314s] GC(405) Using 4 workers of 4 for evacuation
[2019-04-15T14:07:57.013+0200][258,345s] GC(405) ParNew: 100236K->21824K(109248K)
[2019-04-15T14:07:57.013+0200][258,345s] GC(405) CMS: 150558K->150558K(393216K)
[2019-04-15T14:07:57.013+0200][258,345s] GC(405) Metaspace: 72593K->72593K(1116160K)
[2019-04-15T14:07:57.013+0200][258,345s] GC(405) Pause Young (Allocation Failure) 244M->168M(490M) 31,728ms
[2019-04-15T14:07:57.013+0200][258,345s] GC(405) User=0,06s Sys=0,00s Real=0,03s
[2019-04-15T14:07:57.453+0200][258,786s] GC(406) Pause Young (Allocation Failure)
[2019-04-15T14:07:57.453+0200][258,786s] GC(406) Using 4 workers of 4 for evacuation
[2019-04-15T14:07:57.490+0200][258,822s] GC(406) ParNew: 109248K->21824K(109248K)
[2019-04-15T14:07:57.490+0200][258,822s] GC(406) CMS: 150558K->165483K(393216K)
[2019-04-15T14:07:57.490+0200][258,823s] GC(406) Metaspace: 72603K->72603K(1116160K)
[2019-04-15T14:07:57.490+0200][258,823s] GC(406) Pause Young (Allocation Failure) 253M->182M(490M) 36,876ms
[2019-04-15T14:07:57.490+0200][258,823s] GC(406) User=0,07s Sys=0,01s Real=0,03s
[2019-04-15T14:07:57.793+0200][259,126s] GC(407) Pause Young (Allocation Failure)
[2019-04-15T14:07:57.794+0200][259,126s] GC(407) Using 4 workers of 4 for evacuation
[2019-04-15T14:07:57.821+0200][259,153s] GC(407) ParNew: 109248K->21824K(109248K)
[2019-04-15T14:07:57.821+0200][259,154s] GC(407) CMS: 165483K->170004K(393216K)
[2019-04-15T14:07:57.821+0200][259,154s] GC(407) Metaspace: 72607K->72607K(1116160K)
[2019-04-15T14:07:57.821+0200][259,154s] GC(407) Pause Young (Allocation Failure) 268M->187M(490M) 27,536ms
[2019-04-15T14:07:57.821+0200][259,154s] GC(407) User=0,07s Sys=0,01s Real=0,02s
[2019-04-15T14:07:58.199+0200][259,531s] GC(408) Pause Young (Allocation Failure)
[2019-04-15T14:07:58.199+0200][259,531s] GC(408) Using 4 workers of 4 for evacuation
[2019-04-15T14:07:58.219+0200][259,552s] GC(408) ParNew: 109248K->21824K(109248K)
[2019-04-15T14:07:58.219+0200][259,552s] GC(408) CMS: 170004K->177827K(393216K)
[2019-04-15T14:07:58.219+0200][259,552s] GC(408) Metaspace: 72617K->72617K(1116160K)
[2019-04-15T14:07:58.219+0200][259,552s] GC(408) Pause Young (Allocation Failure) 272M->194M(490M) 20,738ms
[2019-04-15T14:07:58.219+0200][259,552s] GC(408) User=0,07s Sys=0,00s Real=0,02s
[2019-04-15T14:07:58.522+0200][259,855s] GC(409) Pause Young (Allocation Failure)
[2019-04-15T14:07:58.522+0200][259,855s] GC(409) Using 4 workers of 4 for evacuation
[2019-04-15T14:07:58.538+0200][259,871s] GC(409) ParNew: 109248K->21824K(109248K)
[2019-04-15T14:07:58.538+0200][259,871s] GC(409) CMS: 177827K->187600K(393216K)
[2019-04-15T14:07:58.538+0200][259,871s] GC(409) Metaspace: 72634K->72634K(1116160K)
[2019-04-15T14:07:58.538+0200][259,871s] GC(409) Pause Young (Allocation Failure) 280M->204M(490M) 16,124ms
[2019-04-15T14:07:58.538+0200][259,871s] GC(409) User=0,04s Sys=0,00s Real=0,02s
[2019-04-15T14:07:58.815+0200][260,148s] GC(410) Pause Young (Allocation Failure)
[2019-04-15T14:07:58.815+0200][260,148s] GC(410) Using 4 workers of 4 for evacuation
[2019-04-15T14:07:58.844+0200][260,177s] GC(410) ParNew: 109248K->21824K(109248K)
[2019-04-15T14:07:58.845+0200][260,177s] GC(410) CMS: 187600K->228012K(393216K)
[2019-04-15T14:07:58.845+0200][260,177s] GC(410) Metaspace: 72670K->72670K(1116160K)
[2019-04-15T14:07:58.845+0200][260,177s] GC(410) Pause Young (Allocation Failure) 289M->243M(490M) 29,516ms
[2019-04-15T14:07:58.845+0200][260,177s] GC(410) User=0,07s Sys=0,00s Real=0,02s
[2019-04-15T14:07:58.845+0200][260,177s] GC(411) Pause Initial Mark
[2019-04-15T14:07:58.845+0200][260,178s] GC(411) Pause Initial Mark 244M->244M(490M) 0,757ms
[2019-04-15T14:07:58.846+0200][260,178s] GC(411) User=0,00s Sys=0,00s Real=0,01s
[2019-04-15T14:07:58.846+0200][260,178s] GC(411) Concurrent Mark
[2019-04-15T14:07:58.846+0200][260,178s] GC(411) Using 4 workers of 4 for marking
[2019-04-15T14:07:58.903+0200][260,235s] GC(411) Concurrent Mark 56,945ms
[2019-04-15T14:07:58.903+0200][260,235s] GC(411) User=0,15s Sys=0,00s Real=0,05s
[2019-04-15T14:07:58.903+0200][260,235s] GC(411) Concurrent Preclean
[2019-04-15T14:07:58.904+0200][260,236s] GC(411) Concurrent Preclean 1,293ms
[2019-04-15T14:07:58.904+0200][260,237s] GC(411) User=0,00s Sys=0,00s Real=0,00s
[2019-04-15T14:07:58.904+0200][260,237s] GC(411) Concurrent Abortable Preclean
[2019-04-15T14:07:59.188+0200][260,520s] GC(412) Pause Young (Allocation Failure)
[2019-04-15T14:07:59.188+0200][260,520s] GC(412) Using 4 workers of 4 for evacuation
[2019-04-15T14:07:59.219+0200][260,552s] GC(412) ParNew: 109248K->21824K(109248K)
[2019-04-15T14:07:59.220+0200][260,552s] GC(412) CMS: 228012K->282621K(393216K)
[2019-04-15T14:07:59.220+0200][260,552s] GC(412) Metaspace: 72676K->72676K(1116160K)
[2019-04-15T14:07:59.220+0200][260,552s] GC(412) Pause Young (Allocation Failure) 329M->297M(490M) 31,933ms
[2019-04-15T14:07:59.220+0200][260,552s] GC(412) User=0,07s Sys=0,01s Real=0,03s
[2019-04-15T14:07:59.740+0200][261,072s] GC(411) Concurrent Abortable Preclean 835,629ms
[2019-04-15T14:07:59.740+0200][261,072s] GC(411) User=1,35s Sys=0,14s Real=0,84s
[2019-04-15T14:07:59.740+0200][261,073s] GC(411) Pause Remark
[2019-04-15T14:07:59.741+0200][261,073s] GC(413) Pause Young (CMS Final Remark)
[2019-04-15T14:07:59.741+0200][261,073s] GC(413) Using 4 workers of 4 for evacuation
[2019-04-15T14:07:59.780+0200][261,112s] GC(413) ParNew: 67664K->21803K(109248K)
[2019-04-15T14:07:59.780+0200][261,112s] GC(413) CMS: 282621K->301257K(393216K)
[2019-04-15T14:07:59.780+0200][261,112s] GC(413) Metaspace: 75491K->75491K(1118208K)
[2019-04-15T14:07:59.780+0200][261,112s] GC(413) Pause Young (CMS Final Remark) 342M->315M(490M) 39,098ms
[2019-04-15T14:07:59.780+0200][261,112s] GC(413) User=0,11s Sys=0,00s Real=0,04s
[2019-04-15T14:07:59.837+0200][261,170s] GC(411) Pause Remark 342M->315M(490M) 96,453ms
[2019-04-15T14:07:59.837+0200][261,170s] GC(411) User=0,19s Sys=0,00s Real=0,10s
[2019-04-15T14:07:59.837+0200][261,170s] GC(411) Concurrent Sweep
[2019-04-15T14:07:59.913+0200][261,246s] GC(411) Concurrent Sweep 76,399ms
[2019-04-15T14:07:59.914+0200][261,246s] GC(411) User=0,16s Sys=0,00s Real=0,08s
[2019-04-15T14:07:59.914+0200][261,246s] GC(411) Concurrent Reset
[2019-04-15T14:07:59.916+0200][261,249s] GC(411) Concurrent Reset 2,262ms
[2019-04-15T14:07:59.916+0200][261,249s] GC(411) User=0,00s Sys=0,00s Real=0,00s
[2019-04-15T14:07:59.916+0200][261,249s] GC(411) Old: 228012K->214248K(393216K)
[2019-04-15T14:08:00.953+0200][262,286s] GC(414) Pause Young (Allocation Failure)
[2019-04-15T14:08:00.953+0200][262,286s] GC(414) Using 4 workers of 4 for evacuation
[2019-04-15T14:08:00.973+0200][262,306s] GC(414) ParNew: 109227K->21824K(109248K)
[2019-04-15T14:08:00.973+0200][262,306s] GC(414) CMS: 214248K->228276K(393216K)
[2019-04-15T14:08:00.973+0200][262,306s] GC(414) Metaspace: 79913K->79913K(1122304K)
[2019-04-15T14:08:00.973+0200][262,306s] GC(414) Pause Young (Allocation Failure) 315M->244M(490M) 20,355ms
[2019-04-15T14:08:00.973+0200][262,306s] GC(414) User=0,06s Sys=0,00s Real=0,02s
[2019-04-15T14:08:00.974+0200][262,306s] GC(415) Pause Initial Mark
[2019-04-15T14:08:00.976+0200][262,308s] GC(415) Pause Initial Mark 245M->245M(490M) 1,901ms
[2019-04-15T14:08:00.976+0200][262,308s] GC(415) User=0,01s Sys=0,00s Real=0,00s
[2019-04-15T14:08:00.976+0200][262,308s] GC(415) Concurrent Mark
[2019-04-15T14:08:00.976+0200][262,308s] GC(415) Using 4 workers of 4 for marking
[2019-04-15T14:08:01.052+0200][262,385s] GC(415) Concurrent Mark 76,037ms
[2019-04-15T14:08:01.052+0200][262,385s] GC(415) User=0,23s Sys=0,01s Real=0,07s
[2019-04-15T14:08:01.052+0200][262,385s] GC(415) Concurrent Preclean
[2019-04-15T14:08:01.055+0200][262,387s] GC(415) Concurrent Preclean 2,439ms
[2019-04-15T14:08:01.055+0200][262,387s] GC(415) User=0,01s Sys=0,00s Real=0,01s
[2019-04-15T14:08:01.055+0200][262,387s] GC(415) Concurrent Abortable Preclean
[2019-04-15T14:08:01.250+0200][262,582s] GC(416) Pause Young (Allocation Failure)
[2019-04-15T14:08:01.250+0200][262,582s] GC(416) Using 4 workers of 4 for evacuation
[2019-04-15T14:08:01.269+0200][262,601s] GC(416) ParNew: 109248K->21824K(109248K)
[2019-04-15T14:08:01.269+0200][262,601s] GC(416) CMS: 228276K->233995K(393216K)
[2019-04-15T14:08:01.269+0200][262,601s] GC(416) Metaspace: 79942K->79942K(1122304K)
[2019-04-15T14:08:01.269+0200][262,601s] GC(416) Pause Young (Allocation Failure) 329M->249M(490M) 19,247ms
[2019-04-15T14:08:01.269+0200][262,601s] GC(416) User=0,06s Sys=0,00s Real=0,02s
[2019-04-15T14:08:01.454+0200][262,787s] GC(417) Pause Young (Allocation Failure)
[2019-04-15T14:08:01.455+0200][262,787s] GC(417) Using 4 workers of 4 for evacuation
[2019-04-15T14:08:01.464+0200][262,797s] GC(415) Concurrent Abortable Preclean 409,669ms
[2019-04-15T14:08:01.464+0200][262,797s] GC(415) User=1,23s Sys=0,01s Real=0,40s
[2019-04-15T14:08:01.472+0200][262,804s] GC(417) ParNew: 109248K->21824K(109248K)
[2019-04-15T14:08:01.472+0200][262,804s] GC(417) CMS: 233995K->237023K(393216K)
[2019-04-15T14:08:01.472+0200][262,804s] GC(417) Metaspace: 79952K->79952K(1122304K)
[2019-04-15T14:08:01.472+0200][262,804s] GC(417) Pause Young (Allocation Failure) 335M->252M(490M) 17,398ms
[2019-04-15T14:08:01.472+0200][262,804s] GC(417) User=0,06s Sys=0,00s Real=0,01s
[2019-04-15T14:08:01.472+0200][262,805s] GC(415) Pause Remark
[2019-04-15T14:08:01.472+0200][262,805s] GC(418) Pause Young (CMS Final Remark)
[2019-04-15T14:08:01.472+0200][262,805s] GC(418) Using 4 workers of 4 for evacuation
[2019-04-15T14:08:01.490+0200][262,822s] GC(418) ParNew: 23221K->12361K(109248K)
[2019-04-15T14:08:01.490+0200][262,822s] GC(418) CMS: 237023K->237023K(393216K)
[2019-04-15T14:08:01.490+0200][262,822s] GC(418) Metaspace: 79952K->79952K(1122304K)
[2019-04-15T14:08:01.490+0200][262,822s] GC(418) Pause Young (CMS Final Remark) 254M->243M(490M) 17,602ms
[2019-04-15T14:08:01.490+0200][262,822s] GC(418) User=0,06s Sys=0,00s Real=0,02s
[2019-04-15T14:08:01.549+0200][262,881s] GC(415) Pause Remark 254M->243M(490M) 76,523ms
[2019-04-15T14:08:01.549+0200][262,881s] GC(415) User=0,20s Sys=0,00s Real=0,08s
[2019-04-15T14:08:01.549+0200][262,881s] GC(415) Concurrent Sweep
[2019-04-15T14:08:01.618+0200][262,951s] GC(415) Concurrent Sweep 69,451ms
[2019-04-15T14:08:01.618+0200][262,951s] GC(415) User=0,20s Sys=0,00s Real=0,07s
[2019-04-15T14:08:01.618+0200][262,951s] GC(415) Concurrent Reset
[2019-04-15T14:08:01.619+0200][262,951s] GC(415) Concurrent Reset 0,551ms
[2019-04-15T14:08:01.619+0200][262,952s] GC(415) User=0,01s Sys=0,00s Real=0,00s
[2019-04-15T14:08:01.619+0200][262,952s] GC(415) Old: 228276K->153558K(393216K)
[2019-04-15T14:08:01.646+0200][262,979s] GC(419) Pause Young (Allocation Failure)
[2019-04-15T14:08:01.646+0200][262,979s] GC(419) Using 4 workers of 4 for evacuation
[2019-04-15T14:08:01.665+0200][262,998s] GC(419) ParNew: 99785K->11948K(109248K)
[2019-04-15T14:08:01.665+0200][262,998s] GC(419) CMS: 153558K->153558K(393216K)
[2019-04-15T14:08:01.665+0200][262,998s] GC(419) Metaspace: 79953K->79953K(1122304K)
[2019-04-15T14:08:01.665+0200][262,998s] GC(419) Pause Young (Allocation Failure) 247M->161M(490M) 19,262ms
[2019-04-15T14:08:01.665+0200][262,998s] GC(419) User=0,03s Sys=0,01s Real=0,02s
[2019-04-15T14:08:01.751+0200][263,084s] GC(420) Pause Young (Allocation Failure)
[2019-04-15T14:08:01.751+0200][263,084s] GC(420) Using 4 workers of 4 for evacuation
[2019-04-15T14:08:01.760+0200][263,092s] GC(420) ParNew: 99372K->15995K(109248K)
[2019-04-15T14:08:01.760+0200][263,092s] GC(420) CMS: 153558K->153558K(393216K)
[2019-04-15T14:08:01.760+0200][263,092s] GC(420) Metaspace: 79953K->79953K(1122304K)
[2019-04-15T14:08:01.760+0200][263,092s] GC(420) Pause Young (Allocation Failure) 247M->165M(490M) 8,485ms
[2019-04-15T14:08:01.760+0200][263,092s] GC(420) User=0,03s Sys=0,00s Real=0,01s
[2019-04-15T14:08:01.950+0200][263,283s] GC(421) Pause Young (Allocation Failure)
[2019-04-15T14:08:01.950+0200][263,283s] GC(421) Using 4 workers of 4 for evacuation
[2019-04-15T14:08:01.963+0200][263,295s] GC(421) ParNew: 103419K->18762K(109248K)
[2019-04-15T14:08:01.963+0200][263,295s] GC(421) CMS: 153558K->153558K(393216K)
[2019-04-15T14:08:01.963+0200][263,295s] GC(421) Metaspace: 79966K->79966K(1122304K)
[2019-04-15T14:08:01.963+0200][263,295s] GC(421) Pause Young (Allocation Failure) 250M->168M(490M) 12,611ms
[2019-04-15T14:08:01.963+0200][263,295s] GC(421) User=0,03s Sys=0,01s Real=0,01s
[2019-04-15T14:08:02.162+0200][263,495s] GC(422) Pause Young (Allocation Failure)
[2019-04-15T14:08:02.162+0200][263,495s] GC(422) Using 4 workers of 4 for evacuation
[2019-04-15T14:08:02.189+0200][263,522s] GC(422) ParNew: 106186K->21824K(109248K)
[2019-04-15T14:08:02.189+0200][263,522s] GC(422) CMS: 153558K->154354K(393216K)
[2019-04-15T14:08:02.189+0200][263,522s] GC(422) Metaspace: 79970K->79970K(1122304K)
[2019-04-15T14:08:02.189+0200][263,522s] GC(422) Pause Young (Allocation Failure) 253M->172M(490M) 26,859ms
[2019-04-15T14:08:02.189+0200][263,522s] GC(422) User=0,08s Sys=0,01s Real=0,03s
[2019-04-15T14:08:02.341+0200][263,674s] GC(423) Pause Young (Allocation Failure)
[2019-04-15T14:08:02.341+0200][263,674s] GC(423) Using 4 workers of 4 for evacuation
[2019-04-15T14:08:02.387+0200][263,720s] GC(423) ParNew: 109248K->21824K(109248K)
[2019-04-15T14:08:02.388+0200][263,720s] GC(423) CMS: 154354K->155568K(393216K)
[2019-04-15T14:08:02.388+0200][263,720s] GC(423) Metaspace: 79970K->79970K(1122304K)
[2019-04-15T14:08:02.388+0200][263,720s] GC(423) Pause Young (Allocation Failure) 257M->173M(490M) 46,742ms
[2019-04-15T14:08:02.388+0200][263,721s] GC(423) User=0,12s Sys=0,00s Real=0,05s
[2019-04-15T14:08:02.524+0200][263,857s] GC(424) Pause Young (Allocation Failure)
[2019-04-15T14:08:02.524+0200][263,857s] GC(424) Using 4 workers of 4 for evacuation
[2019-04-15T14:08:02.543+0200][263,876s] GC(424) ParNew: 109248K->21824K(109248K)
[2019-04-15T14:08:02.543+0200][263,876s] GC(424) CMS: 155568K->158231K(393216K)
[2019-04-15T14:08:02.543+0200][263,876s] GC(424) Metaspace: 79970K->79970K(1122304K)
[2019-04-15T14:08:02.543+0200][263,876s] GC(424) Pause Young (Allocation Failure) 258M->175M(490M) 18,963ms
[2019-04-15T14:08:02.543+0200][263,876s] GC(424) User=0,05s Sys=0,00s Real=0,02s
[2019-04-15T14:08:02.772+0200][264,104s] GC(425) Pause Young (Allocation Failure)
[2019-04-15T14:08:02.772+0200][264,104s] GC(425) Using 4 workers of 4 for evacuation
[2019-04-15T14:08:02.794+0200][264,127s] GC(425) ParNew: 109248K->21824K(109248K)
[2019-04-15T14:08:02.794+0200][264,127s] GC(425) CMS: 158231K->167211K(393216K)
[2019-04-15T14:08:02.795+0200][264,127s] GC(425) Metaspace: 79970K->79970K(1122304K)
[2019-04-15T14:08:02.795+0200][264,127s] GC(425) Pause Young (Allocation Failure) 261M->184M(490M) 22,826ms
[2019-04-15T14:08:02.795+0200][264,127s] GC(425) User=0,06s Sys=0,00s Real=0,03s
[2019-04-15T14:08:02.917+0200][264,250s] GC(426) Pause Young (Allocation Failure)
[2019-04-15T14:08:02.917+0200][264,250s] GC(426) Using 4 workers of 4 for evacuation
[2019-04-15T14:08:02.960+0200][264,292s] GC(426) ParNew: 109248K->21824K(109248K)
[2019-04-15T14:08:02.960+0200][264,292s] GC(426) CMS: 167211K->195198K(393216K)
[2019-04-15T14:08:02.960+0200][264,292s] GC(426) Metaspace: 79970K->79970K(1122304K)
[2019-04-15T14:08:02.960+0200][264,292s] GC(426) Pause Young (Allocation Failure) 269M->211M(490M) 42,773ms
[2019-04-15T14:08:02.960+0200][264,293s] GC(426) User=0,14s Sys=0,00s Real=0,04s
[2019-04-15T14:08:03.127+0200][264,459s] GC(427) Pause Young (Allocation Failure)
[2019-04-15T14:08:03.127+0200][264,459s] GC(427) Using 4 workers of 4 for evacuation
[2019-04-15T14:08:03.150+0200][264,482s] GC(427) ParNew: 109248K->21824K(109248K)
[2019-04-15T14:08:03.150+0200][264,482s] GC(427) CMS: 195198K->199531K(393216K)
[2019-04-15T14:08:03.150+0200][264,482s] GC(427) Metaspace: 79971K->79971K(1122304K)
[2019-04-15T14:08:03.150+0200][264,482s] GC(427) Pause Young (Allocation Failure) 297M->216M(490M) 23,070ms
[2019-04-15T14:08:03.150+0200][264,482s] GC(427) User=0,08s Sys=0,00s Real=0,02s
[2019-04-15T14:08:03.150+0200][264,483s] GC(428) Pause Initial Mark
[2019-04-15T14:08:03.154+0200][264,486s] GC(428) Pause Initial Mark 217M->217M(490M) 3,537ms
[2019-04-15T14:08:03.154+0200][264,486s] GC(428) User=0,02s Sys=0,00s Real=0,01s
[2019-04-15T14:08:03.154+0200][264,486s] GC(428) Concurrent Mark
[2019-04-15T14:08:03.154+0200][264,486s] GC(428) Using 4 workers of 4 for marking
[2019-04-15T14:08:03.268+0200][264,601s] GC(428) Concurrent Mark 114,665ms
[2019-04-15T14:08:03.268+0200][264,601s] GC(428) User=0,32s Sys=0,00s Real=0,11s
[2019-04-15T14:08:03.268+0200][264,601s] GC(428) Concurrent Preclean
[2019-04-15T14:08:03.270+0200][264,602s] GC(428) Concurrent Preclean 1,316ms
[2019-04-15T14:08:03.270+0200][264,602s] GC(428) User=0,01s Sys=0,00s Real=0,00s
[2019-04-15T14:08:03.270+0200][264,602s] GC(428) Concurrent Abortable Preclean
[2019-04-15T14:08:03.525+0200][264,858s] GC(429) Pause Young (Allocation Failure)
[2019-04-15T14:08:03.525+0200][264,858s] GC(429) Using 4 workers of 4 for evacuation
[2019-04-15T14:08:03.541+0200][264,874s] GC(429) ParNew: 109248K->21824K(109248K)
[2019-04-15T14:08:03.542+0200][264,874s] GC(429) CMS: 199531K->210580K(393216K)
[2019-04-15T14:08:03.542+0200][264,874s] GC(429) Metaspace: 80009K->80009K(1122304K)
[2019-04-15T14:08:03.542+0200][264,874s] GC(429) Pause Young (Allocation Failure) 301M->226M(490M) 16,266ms
[2019-04-15T14:08:03.542+0200][264,874s] GC(429) User=0,05s Sys=0,00s Real=0,01s
[2019-04-15T14:08:03.675+0200][265,008s] GC(430) Pause Young (Allocation Failure)
[2019-04-15T14:08:03.675+0200][265,008s] GC(430) Using 4 workers of 4 for evacuation
[2019-04-15T14:08:03.704+0200][265,037s] GC(430) ParNew: 109248K->21824K(109248K)
[2019-04-15T14:08:03.704+0200][265,037s] GC(430) CMS: 210580K->217926K(393216K)
[2019-04-15T14:08:03.704+0200][265,037s] GC(430) Metaspace: 80010K->80010K(1122304K)
[2019-04-15T14:08:03.704+0200][265,037s] GC(430) Pause Young (Allocation Failure) 312M->234M(490M) 29,300ms
[2019-04-15T14:08:03.705+0200][265,037s] GC(430) User=0,10s Sys=0,00s Real=0,02s
[2019-04-15T14:08:03.705+0200][265,037s] GC(428) Concurrent Abortable Preclean 434,771ms
[2019-04-15T14:08:03.705+0200][265,037s] GC(428) User=1,29s Sys=0,03s Real=0,43s
[2019-04-15T14:08:03.705+0200][265,037s] GC(428) Pause Remark
[2019-04-15T14:08:03.705+0200][265,037s] GC(431) Pause Young (CMS Final Remark)
[2019-04-15T14:08:03.705+0200][265,037s] GC(431) Using 4 workers of 4 for evacuation
[2019-04-15T14:08:03.718+0200][265,051s] GC(431) ParNew: 23001K->21824K(109248K)
[2019-04-15T14:08:03.718+0200][265,051s] GC(431) CMS: 217926K->218049K(393216K)
[2019-04-15T14:08:03.718+0200][265,051s] GC(431) Metaspace: 80010K->80010K(1122304K)
[2019-04-15T14:08:03.718+0200][265,051s] GC(431) Pause Young (CMS Final Remark) 235M->234M(490M) 13,514ms
[2019-04-15T14:08:03.718+0200][265,051s] GC(431) User=0,04s Sys=0,00s Real=0,02s
[2019-04-15T14:08:03.768+0200][265,101s] GC(428) Pause Remark 235M->234M(490M) 63,327ms
[2019-04-15T14:08:03.768+0200][265,101s] GC(428) User=0,11s Sys=0,00s Real=0,07s
[2019-04-15T14:08:03.768+0200][265,101s] GC(428) Concurrent Sweep
[2019-04-15T14:08:03.854+0200][265,187s] GC(428) Concurrent Sweep 85,911ms
[2019-04-15T14:08:03.854+0200][265,187s] GC(428) User=0,29s Sys=0,00s Real=0,09s
[2019-04-15T14:08:03.854+0200][265,187s] GC(428) Concurrent Reset
[2019-04-15T14:08:03.855+0200][265,188s] GC(428) Concurrent Reset 0,576ms
[2019-04-15T14:08:03.855+0200][265,188s] GC(428) User=0,00s Sys=0,00s Real=0,00s
[2019-04-15T14:08:03.855+0200][265,188s] GC(428) Old: 199531K->135645K(393216K)
[2019-04-15T14:08:03.912+0200][265,245s] GC(432) Pause Young (Allocation Failure)
[2019-04-15T14:08:03.912+0200][265,245s] GC(432) Using 4 workers of 4 for evacuation
[2019-04-15T14:08:03.935+0200][265,268s] GC(432) ParNew: 109248K->21824K(109248K)
[2019-04-15T14:08:03.935+0200][265,268s] GC(432) CMS: 135645K->135645K(393216K)
[2019-04-15T14:08:03.935+0200][265,268s] GC(432) Metaspace: 80010K->80010K(1122304K)
[2019-04-15T14:08:03.935+0200][265,268s] GC(432) Pause Young (Allocation Failure) 239M->153M(490M) 23,281ms
[2019-04-15T14:08:03.935+0200][265,268s] GC(432) User=0,06s Sys=0,00s Real=0,03s
[2019-04-15T14:08:04.090+0200][265,423s] GC(433) Pause Young (Allocation Failure)
[2019-04-15T14:08:04.090+0200][265,423s] GC(433) Using 4 workers of 4 for evacuation
[2019-04-15T14:08:04.110+0200][265,443s] GC(433) ParNew: 109248K->18967K(109248K)
[2019-04-15T14:08:04.110+0200][265,443s] GC(433) CMS: 135645K->135645K(393216K)
[2019-04-15T14:08:04.110+0200][265,443s] GC(433) Metaspace: 80010K->80010K(1122304K)
[2019-04-15T14:08:04.110+0200][265,443s] GC(433) Pause Young (Allocation Failure) 239M->150M(490M) 20,342ms
[2019-04-15T14:08:04.110+0200][265,443s] GC(433) User=0,07s Sys=0,00s Real=0,02s
[2019-04-15T14:08:04.223+0200][265,556s] GC(434) Pause Young (Allocation Failure)
[2019-04-15T14:08:04.224+0200][265,556s] GC(434) Using 4 workers of 4 for evacuation
[2019-04-15T14:08:04.236+0200][265,569s] GC(434) ParNew: 106391K->20980K(109248K)
[2019-04-15T14:08:04.236+0200][265,569s] GC(434) CMS: 135645K->135645K(393216K)
[2019-04-15T14:08:04.236+0200][265,569s] GC(434) Metaspace: 80010K->80010K(1122304K)
[2019-04-15T14:08:04.236+0200][265,569s] GC(434) Pause Young (Allocation Failure) 236M->152M(490M) 12,748ms
[2019-04-15T14:08:04.236+0200][265,569s] GC(434) User=0,04s Sys=0,00s Real=0,02s
[2019-04-15T14:08:04.320+0200][265,653s] GC(435) Pause Young (Allocation Failure)
[2019-04-15T14:08:04.320+0200][265,653s] GC(435) Using 4 workers of 4 for evacuation
[2019-04-15T14:08:04.335+0200][265,668s] GC(435) ParNew: 108404K->21824K(109248K)
[2019-04-15T14:08:04.335+0200][265,668s] GC(435) CMS: 135645K->139700K(393216K)
[2019-04-15T14:08:04.335+0200][265,668s] GC(435) Metaspace: 80010K->80010K(1122304K)
[2019-04-15T14:08:04.335+0200][265,668s] GC(435) Pause Young (Allocation Failure) 238M->157M(490M) 15,031ms
[2019-04-15T14:08:04.335+0200][265,668s] GC(435) User=0,06s Sys=0,00s Real=0,02s
[2019-04-15T14:08:04.422+0200][265,755s] GC(436) Pause Young (Allocation Failure)
[2019-04-15T14:08:04.423+0200][265,755s] GC(436) Using 4 workers of 4 for evacuation
[2019-04-15T14:08:04.430+0200][265,763s] GC(436) ParNew: 109248K->16704K(109248K)
[2019-04-15T14:08:04.430+0200][265,763s] GC(436) CMS: 139700K->139913K(393216K)
[2019-04-15T14:08:04.430+0200][265,763s] GC(436) Metaspace: 80010K->80010K(1122304K)
[2019-04-15T14:08:04.430+0200][265,763s] GC(436) Pause Young (Allocation Failure) 243M->152M(490M) 7,696ms
[2019-04-15T14:08:04.430+0200][265,763s] GC(436) User=0,03s Sys=0,00s Real=0,01s
[2019-04-15T14:08:04.605+0200][265,937s] GC(437) Pause Young (Allocation Failure)
[2019-04-15T14:08:04.605+0200][265,938s] GC(437) Using 4 workers of 4 for evacuation
[2019-04-15T14:08:04.629+0200][265,962s] GC(437) ParNew: 104128K->21824K(109248K)
[2019-04-15T14:08:04.629+0200][265,962s] GC(437) CMS: 139913K->147358K(393216K)
[2019-04-15T14:08:04.629+0200][265,962s] GC(437) Metaspace: 80010K->80010K(1122304K)
[2019-04-15T14:08:04.629+0200][265,962s] GC(437) Pause Young (Allocation Failure) 238M->165M(490M) 24,956ms
[2019-04-15T14:08:04.630+0200][265,962s] GC(437) User=0,06s Sys=0,00s Real=0,03s
[2019-04-15T14:08:04.767+0200][266,100s] GC(438) Pause Young (Allocation Failure)
[2019-04-15T14:08:04.767+0200][266,100s] GC(438) Using 4 workers of 4 for evacuation
[2019-04-15T14:08:04.776+0200][266,109s] GC(438) ParNew: 109248K->20076K(109248K)
[2019-04-15T14:08:04.776+0200][266,109s] GC(438) CMS: 147358K->147927K(393216K)
[2019-04-15T14:08:04.776+0200][266,109s] GC(438) Metaspace: 80010K->80010K(1122304K)
[2019-04-15T14:08:04.776+0200][266,109s] GC(438) Pause Young (Allocation Failure) 250M->164M(490M) 9,022ms
[2019-04-15T14:08:04.776+0200][266,109s] GC(438) User=0,03s Sys=0,00s Real=0,01s
[2019-04-15T14:08:04.907+0200][266,239s] GC(439) Pause Young (Allocation Failure)
[2019-04-15T14:08:04.907+0200][266,240s] GC(439) Using 4 workers of 4 for evacuation
[2019-04-15T14:08:04.916+0200][266,248s] GC(439) ParNew: 107500K->17724K(109248K)
[2019-04-15T14:08:04.916+0200][266,248s] GC(439) CMS: 147927K->147927K(393216K)
[2019-04-15T14:08:04.916+0200][266,248s] GC(439) Metaspace: 80010K->80010K(1122304K)
[2019-04-15T14:08:04.916+0200][266,248s] GC(439) Pause Young (Allocation Failure) 249M->161M(490M) 8,747ms
[2019-04-15T14:08:04.916+0200][266,248s] GC(439) User=0,03s Sys=0,00s Real=0,01s
[2019-04-15T14:08:05.046+0200][266,379s] GC(440) Pause Young (Allocation Failure)
[2019-04-15T14:08:05.046+0200][266,379s] GC(440) Using 4 workers of 4 for evacuation
[2019-04-15T14:08:05.060+0200][266,392s] GC(440) ParNew: 105148K->21824K(109248K)
[2019-04-15T14:08:05.060+0200][266,392s] GC(440) CMS: 147927K->147932K(393216K)
[2019-04-15T14:08:05.060+0200][266,392s] GC(440) Metaspace: 80010K->80010K(1122304K)
[2019-04-15T14:08:05.060+0200][266,392s] GC(440) Pause Young (Allocation Failure) 247M->165M(490M) 13,534ms
[2019-04-15T14:08:05.060+0200][266,392s] GC(440) User=0,04s Sys=0,00s Real=0,01s
[2019-04-15T14:08:05.182+0200][266,514s] GC(441) Pause Young (Allocation Failure)
[2019-04-15T14:08:05.182+0200][266,514s] GC(441) Using 4 workers of 4 for evacuation
[2019-04-15T14:08:05.193+0200][266,526s] GC(441) ParNew: 109248K->20196K(109248K)
[2019-04-15T14:08:05.193+0200][266,526s] GC(441) CMS: 147932K->147940K(393216K)
[2019-04-15T14:08:05.193+0200][266,526s] GC(441) Metaspace: 80010K->80010K(1122304K)
[2019-04-15T14:08:05.193+0200][266,526s] GC(441) Pause Young (Allocation Failure) 251M->164M(490M) 11,589ms
[2019-04-15T14:08:05.193+0200][266,526s] GC(441) User=0,03s Sys=0,00s Real=0,02s
[2019-04-15T14:08:05.321+0200][266,654s] GC(442) Pause Young (Allocation Failure)
[2019-04-15T14:08:05.321+0200][266,654s] GC(442) Using 4 workers of 4 for evacuation
[2019-04-15T14:08:05.328+0200][266,660s] GC(442) ParNew: 107620K->19666K(109248K)
[2019-04-15T14:08:05.328+0200][266,660s] GC(442) CMS: 147940K->147946K(393216K)
[2019-04-15T14:08:05.328+0200][266,660s] GC(442) Metaspace: 80010K->80010K(1122304K)
[2019-04-15T14:08:05.328+0200][266,660s] GC(442) Pause Young (Allocation Failure) 249M->163M(490M) 6,434ms
[2019-04-15T14:08:05.328+0200][266,660s] GC(442) User=0,02s Sys=0,00s Real=0,01s
[2019-04-15T14:08:05.449+0200][266,781s] GC(443) Pause Young (Allocation Failure)
[2019-04-15T14:08:05.449+0200][266,781s] GC(443) Using 4 workers of 4 for evacuation
[2019-04-15T14:08:05.456+0200][266,789s] GC(443) ParNew: 107090K->17119K(109248K)
[2019-04-15T14:08:05.456+0200][266,789s] GC(443) CMS: 147946K->149196K(393216K)
[2019-04-15T14:08:05.456+0200][266,789s] GC(443) Metaspace: 80010K->80010K(1122304K)
[2019-04-15T14:08:05.456+0200][266,789s] GC(443) Pause Young (Allocation Failure) 249M->162M(490M) 7,641ms
[2019-04-15T14:08:05.456+0200][266,789s] GC(443) User=0,02s Sys=0,00s Real=0,01s
[2019-04-15T14:08:05.586+0200][266,919s] GC(444) Pause Young (Allocation Failure)
[2019-04-15T14:08:05.586+0200][266,919s] GC(444) Using 4 workers of 4 for evacuation
[2019-04-15T14:08:05.593+0200][266,926s] GC(444) ParNew: 104543K->21713K(109248K)
[2019-04-15T14:08:05.593+0200][266,926s] GC(444) CMS: 149196K->149239K(393216K)
[2019-04-15T14:08:05.593+0200][266,926s] GC(444) Metaspace: 80010K->80010K(1122304K)
[2019-04-15T14:08:05.593+0200][266,926s] GC(444) Pause Young (Allocation Failure) 247M->166M(490M) 7,099ms
[2019-04-15T14:08:05.593+0200][266,926s] GC(444) User=0,03s Sys=0,00s Real=0,01s
[2019-04-15T14:08:05.710+0200][267,043s] GC(445) Pause Young (Allocation Failure)
[2019-04-15T14:08:05.710+0200][267,043s] GC(445) Using 4 workers of 4 for evacuation
[2019-04-15T14:08:05.720+0200][267,053s] GC(445) ParNew: 109137K->6533K(109248K)
[2019-04-15T14:08:05.720+0200][267,053s] GC(445) CMS: 149239K->162317K(393216K)
[2019-04-15T14:08:05.720+0200][267,053s] GC(445) Metaspace: 80010K->80010K(1122304K)
[2019-04-15T14:08:05.720+0200][267,053s] GC(445) Pause Young (Allocation Failure) 252M->164M(490M) 9,678ms
[2019-04-15T14:08:05.720+0200][267,053s] GC(445) User=0,03s Sys=0,00s Real=0,01s
[2019-04-15T14:08:05.850+0200][267,182s] GC(446) Pause Young (Allocation Failure)
[2019-04-15T14:08:05.850+0200][267,182s] GC(446) Using 4 workers of 4 for evacuation
[2019-04-15T14:08:05.854+0200][267,187s] GC(446) ParNew: 93957K->1729K(109248K)
[2019-04-15T14:08:05.854+0200][267,187s] GC(446) CMS: 162317K->162345K(393216K)
[2019-04-15T14:08:05.854+0200][267,187s] GC(446) Metaspace: 80010K->80010K(1122304K)
[2019-04-15T14:08:05.854+0200][267,187s] GC(446) Pause Young (Allocation Failure) 250M->160M(490M) 4,651ms
[2019-04-15T14:08:05.854+0200][267,187s] GC(446) User=0,02s Sys=0,00s Real=0,01s
[2019-04-15T14:08:06.003+0200][267,335s] GC(447) Pause Young (Allocation Failure)
[2019-04-15T14:08:06.003+0200][267,335s] GC(447) Using 4 workers of 4 for evacuation
[2019-04-15T14:08:06.009+0200][267,342s] GC(447) ParNew: 89153K->1131K(109248K)
[2019-04-15T14:08:06.010+0200][267,342s] GC(447) CMS: 162345K->162348K(393216K)
[2019-04-15T14:08:06.010+0200][267,342s] GC(447) Metaspace: 80010K->80010K(1122304K)
[2019-04-15T14:08:06.010+0200][267,342s] GC(447) Pause Young (Allocation Failure) 245M->159M(490M) 6,926ms
[2019-04-15T14:08:06.010+0200][267,342s] GC(447) User=0,03s Sys=0,00s Real=0,01s
[2019-04-15T14:08:06.142+0200][267,475s] GC(448) Pause Young (Allocation Failure)
[2019-04-15T14:08:06.142+0200][267,475s] GC(448) Using 4 workers of 4 for evacuation
[2019-04-15T14:08:06.147+0200][267,480s] GC(448) ParNew: 88555K->1307K(109248K)
[2019-04-15T14:08:06.148+0200][267,480s] GC(448) CMS: 162348K->162352K(393216K)
[2019-04-15T14:08:06.148+0200][267,480s] GC(448) Metaspace: 80010K->80010K(1122304K)
[2019-04-15T14:08:06.148+0200][267,480s] GC(448) Pause Young (Allocation Failure) 245M->159M(490M) 5,532ms
[2019-04-15T14:08:06.148+0200][267,480s] GC(448) User=0,02s Sys=0,00s Real=0,01s
[2019-04-15T14:08:06.278+0200][267,610s] GC(449) Pause Young (Allocation Failure)
[2019-04-15T14:08:06.278+0200][267,611s] GC(449) Using 4 workers of 4 for evacuation
[2019-04-15T14:08:06.284+0200][267,616s] GC(449) ParNew: 88731K->1044K(109248K)
[2019-04-15T14:08:06.284+0200][267,616s] GC(449) CMS: 162352K->162353K(393216K)
[2019-04-15T14:08:06.284+0200][267,616s] GC(449) Metaspace: 80010K->80010K(1122304K)
[2019-04-15T14:08:06.284+0200][267,616s] GC(449) Pause Young (Allocation Failure) 245M->159M(490M) 5,768ms
[2019-04-15T14:08:06.284+0200][267,616s] GC(449) User=0,01s Sys=0,00s Real=0,00s
[2019-04-15T14:08:06.405+0200][267,737s] GC(450) Pause Young (Allocation Failure)
[2019-04-15T14:08:06.405+0200][267,737s] GC(450) Using 4 workers of 4 for evacuation
[2019-04-15T14:08:06.408+0200][267,740s] GC(450) ParNew: 88468K->1290K(109248K)
[2019-04-15T14:08:06.408+0200][267,740s] GC(450) CMS: 162353K->162355K(393216K)
[2019-04-15T14:08:06.408+0200][267,740s] GC(450) Metaspace: 80010K->80010K(1122304K)
[2019-04-15T14:08:06.408+0200][267,740s] GC(450) Pause Young (Allocation Failure) 244M->159M(490M) 3,290ms
[2019-04-15T14:08:06.408+0200][267,740s] GC(450) User=0,01s Sys=0,00s Real=0,01s
[2019-04-15T14:08:06.531+0200][267,864s] GC(451) Pause Young (Allocation Failure)
[2019-04-15T14:08:06.531+0200][267,864s] GC(451) Using 4 workers of 4 for evacuation
[2019-04-15T14:08:06.536+0200][267,869s] GC(451) ParNew: 88714K->1241K(109248K)
[2019-04-15T14:08:06.536+0200][267,869s] GC(451) CMS: 162355K->162357K(393216K)
[2019-04-15T14:08:06.536+0200][267,869s] GC(451) Metaspace: 80010K->80010K(1122304K)
[2019-04-15T14:08:06.536+0200][267,869s] GC(451) Pause Young (Allocation Failure) 245M->159M(490M) 4,798ms
[2019-04-15T14:08:06.536+0200][267,869s] GC(451) User=0,01s Sys=0,00s Real=0,01s
[2019-04-15T14:08:06.658+0200][267,990s] GC(452) Pause Young (Allocation Failure)
[2019-04-15T14:08:06.658+0200][267,990s] GC(452) Using 4 workers of 4 for evacuation
[2019-04-15T14:08:06.664+0200][267,997s] GC(452) ParNew: 88665K->1328K(109248K)
[2019-04-15T14:08:06.664+0200][267,997s] GC(452) CMS: 162357K->162357K(393216K)
[2019-04-15T14:08:06.664+0200][267,997s] GC(452) Metaspace: 80010K->80010K(1122304K)
[2019-04-15T14:08:06.664+0200][267,997s] GC(452) Pause Young (Allocation Failure) 245M->159M(490M) 6,706ms
[2019-04-15T14:08:06.664+0200][267,997s] GC(452) User=0,01s Sys=0,00s Real=0,00s
[2019-04-15T14:08:06.794+0200][268,127s] GC(453) Pause Young (Allocation Failure)
[2019-04-15T14:08:06.794+0200][268,127s] GC(453) Using 4 workers of 4 for evacuation
[2019-04-15T14:08:06.800+0200][268,133s] GC(453) ParNew: 88752K->1674K(109248K)
[2019-04-15T14:08:06.800+0200][268,133s] GC(453) CMS: 162357K->162358K(393216K)
[2019-04-15T14:08:06.800+0200][268,133s] GC(453) Metaspace: 80010K->80010K(1122304K)
[2019-04-15T14:08:06.800+0200][268,133s] GC(453) Pause Young (Allocation Failure) 245M->160M(490M) 6,423ms
[2019-04-15T14:08:06.800+0200][268,133s] GC(453) User=0,02s Sys=0,00s Real=0,00s
[2019-04-15T14:08:06.928+0200][268,261s] GC(454) Pause Young (Allocation Failure)
[2019-04-15T14:08:06.928+0200][268,261s] GC(454) Using 4 workers of 4 for evacuation
[2019-04-15T14:08:06.933+0200][268,265s] GC(454) ParNew: 89098K->1687K(109248K)
[2019-04-15T14:08:06.933+0200][268,265s] GC(454) CMS: 162358K->162359K(393216K)
[2019-04-15T14:08:06.933+0200][268,265s] GC(454) Metaspace: 80010K->80010K(1122304K)
[2019-04-15T14:08:06.933+0200][268,265s] GC(454) Pause Young (Allocation Failure) 245M->160M(490M) 4,518ms
[2019-04-15T14:08:06.933+0200][268,265s] GC(454) User=0,02s Sys=0,00s Real=0,00s
[2019-04-15T14:08:07.060+0200][268,392s] GC(455) Pause Young (Allocation Failure)
[2019-04-15T14:08:07.060+0200][268,393s] GC(455) Using 4 workers of 4 for evacuation
[2019-04-15T14:08:07.066+0200][268,398s] GC(455) ParNew: 89111K->1662K(109248K)
[2019-04-15T14:08:07.066+0200][268,399s] GC(455) CMS: 162359K->162360K(393216K)
[2019-04-15T14:08:07.066+0200][268,399s] GC(455) Metaspace: 80010K->80010K(1122304K)
[2019-04-15T14:08:07.066+0200][268,399s] GC(455) Pause Young (Allocation Failure) 245M->160M(490M) 6,067ms
[2019-04-15T14:08:07.066+0200][268,399s] GC(455) User=0,02s Sys=0,00s Real=0,01s
[2019-04-15T14:08:07.186+0200][268,518s] GC(456) Pause Young (Allocation Failure)
[2019-04-15T14:08:07.186+0200][268,518s] GC(456) Using 4 workers of 4 for evacuation
[2019-04-15T14:08:07.193+0200][268,526s] GC(456) ParNew: 89086K->1592K(109248K)
[2019-04-15T14:08:07.193+0200][268,526s] GC(456) CMS: 162360K->162873K(393216K)
[2019-04-15T14:08:07.193+0200][268,526s] GC(456) Metaspace: 80010K->80010K(1122304K)
[2019-04-15T14:08:07.193+0200][268,526s] GC(456) Pause Young (Allocation Failure) 245M->160M(490M) 7,773ms
[2019-04-15T14:08:07.194+0200][268,526s] GC(456) User=0,02s Sys=0,00s Real=0,01s
[2019-04-15T14:08:07.325+0200][268,657s] GC(457) Pause Young (Allocation Failure)
[2019-04-15T14:08:07.325+0200][268,658s] GC(457) Using 4 workers of 4 for evacuation
[2019-04-15T14:08:07.332+0200][268,664s] GC(457) ParNew: 89016K->796K(109248K)
[2019-04-15T14:08:07.332+0200][268,664s] GC(457) CMS: 162873K->162874K(393216K)
[2019-04-15T14:08:07.332+0200][268,664s] GC(457) Metaspace: 80010K->80010K(1122304K)
[2019-04-15T14:08:07.332+0200][268,664s] GC(457) Pause Young (Allocation Failure) 245M->159M(490M) 7,142ms
[2019-04-15T14:08:07.332+0200][268,664s] GC(457) User=0,02s Sys=0,00s Real=0,01s
[2019-04-15T14:08:07.461+0200][268,794s] GC(458) Pause Young (Allocation Failure)
[2019-04-15T14:08:07.461+0200][268,794s] GC(458) Using 4 workers of 4 for evacuation
[2019-04-15T14:08:07.468+0200][268,801s] GC(458) ParNew: 88220K->816K(109248K)
[2019-04-15T14:08:07.468+0200][268,801s] GC(458) CMS: 162874K->162875K(393216K)
[2019-04-15T14:08:07.468+0200][268,801s] GC(458) Metaspace: 80010K->80010K(1122304K)
[2019-04-15T14:08:07.468+0200][268,801s] GC(458) Pause Young (Allocation Failure) 245M->159M(490M) 6,905ms
[2019-04-15T14:08:07.468+0200][268,801s] GC(458) User=0,02s Sys=0,00s Real=0,01s
[2019-04-15T14:08:07.587+0200][268,919s] GC(459) Pause Young (Allocation Failure)
[2019-04-15T14:08:07.587+0200][268,919s] GC(459) Using 4 workers of 4 for evacuation
[2019-04-15T14:08:07.593+0200][268,926s] GC(459) ParNew: 88240K->1141K(109248K)
[2019-04-15T14:08:07.593+0200][268,926s] GC(459) CMS: 162875K->162875K(393216K)
[2019-04-15T14:08:07.593+0200][268,926s] GC(459) Metaspace: 80010K->80010K(1122304K)
[2019-04-15T14:08:07.593+0200][268,926s] GC(459) Pause Young (Allocation Failure) 245M->160M(490M) 6,357ms
[2019-04-15T14:08:07.593+0200][268,926s] GC(459) User=0,01s Sys=0,00s Real=0,01s
[2019-04-15T14:08:07.760+0200][269,093s] GC(460) Pause Young (Allocation Failure)
[2019-04-15T14:08:07.760+0200][269,093s] GC(460) Using 4 workers of 4 for evacuation
[2019-04-15T14:08:07.767+0200][269,099s] GC(460) ParNew: 88565K->5282K(109248K)
[2019-04-15T14:08:07.767+0200][269,099s] GC(460) CMS: 162875K->162876K(393216K)
[2019-04-15T14:08:07.767+0200][269,099s] GC(460) Metaspace: 80011K->80011K(1122304K)
[2019-04-15T14:08:07.767+0200][269,099s] GC(460) Pause Young (Allocation Failure) 245M->164M(490M) 6,647ms
[2019-04-15T14:08:07.767+0200][269,099s] GC(460) User=0,02s Sys=0,00s Real=0,01s
[2019-04-15T14:08:07.950+0200][269,282s] GC(461) Pause Young (Allocation Failure)
[2019-04-15T14:08:07.950+0200][269,282s] GC(461) Using 4 workers of 4 for evacuation
[2019-04-15T14:08:07.960+0200][269,293s] GC(461) ParNew: 92706K->13675K(109248K)
[2019-04-15T14:08:07.960+0200][269,293s] GC(461) CMS: 162876K->162878K(393216K)
[2019-04-15T14:08:07.960+0200][269,293s] GC(461) Metaspace: 80012K->80012K(1122304K)
[2019-04-15T14:08:07.960+0200][269,293s] GC(461) Pause Young (Allocation Failure) 249M->172M(490M) 10,652ms
[2019-04-15T14:08:07.960+0200][269,293s] GC(461) User=0,03s Sys=0,00s Real=0,01s
[2019-04-15T14:08:08.353+0200][269,686s] GC(462) Pause Young (Allocation Failure)
[2019-04-15T14:08:08.353+0200][269,686s] GC(462) Using 4 workers of 4 for evacuation
[2019-04-15T14:08:08.371+0200][269,704s] GC(462) ParNew: 101099K->18652K(109248K)
[2019-04-15T14:08:08.371+0200][269,704s] GC(462) CMS: 162878K->162879K(393216K)
[2019-04-15T14:08:08.371+0200][269,704s] GC(462) Metaspace: 80094K->80094K(1122304K)
[2019-04-15T14:08:08.371+0200][269,704s] GC(462) Pause Young (Allocation Failure) 257M->177M(490M) 17,693ms
[2019-04-15T14:08:08.371+0200][269,704s] GC(462) User=0,04s Sys=0,00s Real=0,01s
[2019-04-15T14:08:08.502+0200][269,835s] GC(463) Pause Young (Allocation Failure)
[2019-04-15T14:08:08.502+0200][269,835s] GC(463) Using 4 workers of 4 for evacuation
[2019-04-15T14:08:08.532+0200][269,864s] GC(463) ParNew: 106076K->21824K(109248K)
[2019-04-15T14:08:08.532+0200][269,864s] GC(463) CMS: 162879K->169299K(393216K)
[2019-04-15T14:08:08.532+0200][269,864s] GC(463) Metaspace: 80095K->80095K(1122304K)
[2019-04-15T14:08:08.532+0200][269,864s] GC(463) Pause Young (Allocation Failure) 262M->186M(490M) 29,647ms
[2019-04-15T14:08:08.532+0200][269,864s] GC(463) User=0,09s Sys=0,00s Real=0,03s
[2019-04-15T14:08:08.650+0200][269,982s] GC(464) Pause Young (Allocation Failure)
[2019-04-15T14:08:08.650+0200][269,982s] GC(464) Using 4 workers of 4 for evacuation
[2019-04-15T14:08:08.665+0200][269,997s] GC(464) ParNew: 109248K->21824K(109248K)
[2019-04-15T14:08:08.665+0200][269,997s] GC(464) CMS: 169299K->173262K(393216K)
[2019-04-15T14:08:08.665+0200][269,998s] GC(464) Metaspace: 80095K->80095K(1122304K)
[2019-04-15T14:08:08.665+0200][269,998s] GC(464) Pause Young (Allocation Failure) 272M->190M(490M) 15,356ms
[2019-04-15T14:08:08.665+0200][269,998s] GC(464) User=0,05s Sys=0,00s Real=0,02s
[2019-04-15T14:08:08.763+0200][270,095s] GC(465) Pause Young (Allocation Failure)
[2019-04-15T14:08:08.763+0200][270,095s] GC(465) Using 4 workers of 4 for evacuation
[2019-04-15T14:08:08.776+0200][270,108s] GC(465) ParNew: 109248K->21824K(109248K)
[2019-04-15T14:08:08.776+0200][270,108s] GC(465) CMS: 173262K->174024K(393216K)
[2019-04-15T14:08:08.776+0200][270,108s] GC(465) Metaspace: 80095K->80095K(1122304K)
[2019-04-15T14:08:08.776+0200][270,108s] GC(465) Pause Young (Allocation Failure) 275M->191M(490M) 13,180ms
[2019-04-15T14:08:08.776+0200][270,108s] GC(465) User=0,04s Sys=0,00s Real=0,02s
[2019-04-15T14:08:08.879+0200][270,212s] GC(466) Pause Young (Allocation Failure)
[2019-04-15T14:08:08.879+0200][270,212s] GC(466) Using 4 workers of 4 for evacuation
[2019-04-15T14:08:08.892+0200][270,225s] GC(466) ParNew: 109248K->21824K(109248K)
[2019-04-15T14:08:08.892+0200][270,225s] GC(466) CMS: 174024K->175015K(393216K)
[2019-04-15T14:08:08.892+0200][270,225s] GC(466) Metaspace: 80095K->80095K(1122304K)
[2019-04-15T14:08:08.892+0200][270,225s] GC(466) Pause Young (Allocation Failure) 276M->192M(490M) 12,932ms
[2019-04-15T14:08:08.892+0200][270,225s] GC(466) User=0,04s Sys=0,00s Real=0,01s
[2019-04-15T14:08:08.983+0200][270,316s] GC(467) Pause Young (Allocation Failure)
[2019-04-15T14:08:08.983+0200][270,316s] GC(467) Using 4 workers of 4 for evacuation
[2019-04-15T14:08:08.997+0200][270,329s] GC(467) ParNew: 109248K->21824K(109248K)
[2019-04-15T14:08:08.997+0200][270,329s] GC(467) CMS: 175015K->175505K(393216K)
[2019-04-15T14:08:08.997+0200][270,329s] GC(467) Metaspace: 80095K->80095K(1122304K)
[2019-04-15T14:08:08.997+0200][270,329s] GC(467) Pause Young (Allocation Failure) 277M->192M(490M) 13,315ms
[2019-04-15T14:08:08.997+0200][270,329s] GC(467) User=0,04s Sys=0,00s Real=0,02s
[2019-04-15T14:08:09.086+0200][270,419s] GC(468) Pause Young (Allocation Failure)
[2019-04-15T14:08:09.086+0200][270,419s] GC(468) Using 4 workers of 4 for evacuation
[2019-04-15T14:08:09.098+0200][270,430s] GC(468) ParNew: 108237K->21824K(109248K)
[2019-04-15T14:08:09.098+0200][270,431s] GC(468) CMS: 175505K->176558K(393216K)
[2019-04-15T14:08:09.098+0200][270,431s] GC(468) Metaspace: 80095K->80095K(1122304K)
[2019-04-15T14:08:09.098+0200][270,431s] GC(468) Pause Young (Allocation Failure) 277M->193M(490M) 11,945ms
[2019-04-15T14:08:09.098+0200][270,431s] GC(468) User=0,04s Sys=0,00s Real=0,01s
[2019-04-15T14:08:09.182+0200][270,515s] GC(469) Pause Young (Allocation Failure)
[2019-04-15T14:08:09.183+0200][270,515s] GC(469) Using 4 workers of 4 for evacuation
[2019-04-15T14:08:09.193+0200][270,525s] GC(469) ParNew: 109248K->21824K(109248K)
[2019-04-15T14:08:09.193+0200][270,525s] GC(469) CMS: 176558K->177672K(393216K)
[2019-04-15T14:08:09.193+0200][270,525s] GC(469) Metaspace: 80095K->80095K(1122304K)
[2019-04-15T14:08:09.193+0200][270,525s] GC(469) Pause Young (Allocation Failure) 279M->194M(490M) 10,134ms
[2019-04-15T14:08:09.193+0200][270,525s] GC(469) User=0,03s Sys=0,00s Real=0,01s
[2019-04-15T14:08:09.269+0200][270,602s] GC(470) Pause Young (Allocation Failure)
[2019-04-15T14:08:09.269+0200][270,602s] GC(470) Using 4 workers of 4 for evacuation
[2019-04-15T14:08:09.282+0200][270,614s] GC(470) ParNew: 109248K->15846K(109248K)
[2019-04-15T14:08:09.282+0200][270,615s] GC(470) CMS: 177672K->184328K(393216K)
[2019-04-15T14:08:09.282+0200][270,615s] GC(470) Metaspace: 80095K->80095K(1122304K)
[2019-04-15T14:08:09.282+0200][270,615s] GC(470) Pause Young (Allocation Failure) 280M->195M(490M) 12,633ms
[2019-04-15T14:08:09.282+0200][270,615s] GC(470) User=0,03s Sys=0,00s Real=0,01s
[2019-04-15T14:08:09.399+0200][270,731s] GC(471) Pause Young (Allocation Failure)
[2019-04-15T14:08:09.399+0200][270,732s] GC(471) Using 4 workers of 4 for evacuation
[2019-04-15T14:08:09.412+0200][270,744s] GC(471) ParNew: 103270K->7668K(109248K)
[2019-04-15T14:08:09.412+0200][270,744s] GC(471) CMS: 184328K->191474K(393216K)
[2019-04-15T14:08:09.412+0200][270,744s] GC(471) Metaspace: 80096K->80096K(1122304K)
[2019-04-15T14:08:09.412+0200][270,744s] GC(471) Pause Young (Allocation Failure) 280M->194M(490M) 12,807ms
[2019-04-15T14:08:09.412+0200][270,744s] GC(471) User=0,04s Sys=0,00s Real=0,01s
[2019-04-15T14:08:09.497+0200][270,829s] GC(472) Pause Young (Allocation Failure)
[2019-04-15T14:08:09.497+0200][270,829s] GC(472) Using 4 workers of 4 for evacuation
[2019-04-15T14:08:09.503+0200][270,836s] GC(472) ParNew: 95092K->7681K(109248K)
[2019-04-15T14:08:09.504+0200][270,836s] GC(472) CMS: 191474K->193303K(393216K)
[2019-04-15T14:08:09.504+0200][270,836s] GC(472) Metaspace: 80096K->80096K(1122304K)
[2019-04-15T14:08:09.504+0200][270,836s] GC(472) Pause Young (Allocation Failure) 279M->196M(490M) 6,762ms
[2019-04-15T14:08:09.504+0200][270,836s] GC(472) User=0,02s Sys=0,00s Real=0,00s
[2019-04-15T14:08:09.594+0200][270,927s] GC(473) Pause Young (Allocation Failure)
[2019-04-15T14:08:09.594+0200][270,927s] GC(473) Using 4 workers of 4 for evacuation
[2019-04-15T14:08:09.602+0200][270,934s] GC(473) ParNew: 95105K->6350K(109248K)
[2019-04-15T14:08:09.602+0200][270,934s] GC(473) CMS: 193303K->193309K(393216K)
[2019-04-15T14:08:09.602+0200][270,934s] GC(473) Metaspace: 80096K->80096K(1122304K)
[2019-04-15T14:08:09.602+0200][270,934s] GC(473) Pause Young (Allocation Failure) 281M->194M(490M) 7,781ms
[2019-04-15T14:08:09.602+0200][270,934s] GC(473) User=0,03s Sys=0,00s Real=0,00s
[2019-04-15T14:08:09.729+0200][271,062s] GC(474) Pause Young (Allocation Failure)
[2019-04-15T14:08:09.729+0200][271,062s] GC(474) Using 4 workers of 4 for evacuation
[2019-04-15T14:08:09.737+0200][271,069s] GC(474) ParNew: 93774K->16012K(109248K)
[2019-04-15T14:08:09.737+0200][271,069s] GC(474) CMS: 193309K->193524K(393216K)
[2019-04-15T14:08:09.737+0200][271,069s] GC(474) Metaspace: 80100K->80100K(1122304K)
[2019-04-15T14:08:09.737+0200][271,069s] GC(474) Pause Young (Allocation Failure) 280M->204M(490M) 7,676ms
[2019-04-15T14:08:09.737+0200][271,070s] GC(474) User=0,03s Sys=0,00s Real=0,01s
[2019-04-15T14:08:09.865+0200][271,198s] GC(475) Pause Young (Allocation Failure)
[2019-04-15T14:08:09.865+0200][271,198s] GC(475) Using 4 workers of 4 for evacuation
[2019-04-15T14:08:09.883+0200][271,215s] GC(475) ParNew: 103436K->17878K(109248K)
[2019-04-15T14:08:09.883+0200][271,216s] GC(475) CMS: 193524K->193527K(393216K)
[2019-04-15T14:08:09.883+0200][271,216s] GC(475) Metaspace: 80113K->80113K(1122304K)
[2019-04-15T14:08:09.883+0200][271,216s] GC(475) Pause Young (Allocation Failure) 290M->206M(490M) 17,770ms
[2019-04-15T14:08:09.883+0200][271,216s] GC(475) User=0,06s Sys=0,00s Real=0,01s
[2019-04-15T14:08:10.205+0200][271,537s] GC(476) Pause Young (Allocation Failure)
[2019-04-15T14:08:10.205+0200][271,537s] GC(476) Using 4 workers of 4 for evacuation
[2019-04-15T14:08:10.286+0200][271,619s] GC(476) ParNew: 105302K->21824K(109248K)
[2019-04-15T14:08:10.286+0200][271,619s] GC(476) CMS: 193527K->202301K(393216K)
[2019-04-15T14:08:10.286+0200][271,619s] GC(476) Metaspace: 80113K->80113K(1122304K)
[2019-04-15T14:08:10.286+0200][271,619s] GC(476) Pause Young (Allocation Failure) 291M->218M(490M) 81,801ms
[2019-04-15T14:08:10.286+0200][271,619s] GC(476) User=0,17s Sys=0,00s Real=0,09s
[2019-04-15T14:08:10.290+0200][271,622s] GC(477) Pause Initial Mark
[2019-04-15T14:08:10.295+0200][271,627s] GC(477) Pause Initial Mark 219M->219M(490M) 5,149ms
[2019-04-15T14:08:10.295+0200][271,627s] GC(477) User=0,02s Sys=0,00s Real=0,01s
[2019-04-15T14:08:10.295+0200][271,628s] GC(477) Concurrent Mark
[2019-04-15T14:08:10.295+0200][271,628s] GC(477) Using 4 workers of 4 for marking
[2019-04-15T14:08:10.423+0200][271,756s] GC(477) Concurrent Mark 127,929ms
[2019-04-15T14:08:10.423+0200][271,756s] GC(477) User=0,38s Sys=0,00s Real=0,12s
[2019-04-15T14:08:10.423+0200][271,756s] GC(477) Concurrent Preclean
[2019-04-15T14:08:10.424+0200][271,757s] GC(477) Concurrent Preclean 1,322ms
[2019-04-15T14:08:10.424+0200][271,757s] GC(477) User=0,00s Sys=0,00s Real=0,00s
[2019-04-15T14:08:10.424+0200][271,757s] GC(477) Concurrent Abortable Preclean
[2019-04-15T14:08:10.607+0200][271,940s] GC(478) Pause Young (Allocation Failure)
[2019-04-15T14:08:10.607+0200][271,940s] GC(478) Using 4 workers of 4 for evacuation
[2019-04-15T14:08:10.634+0200][271,966s] GC(478) ParNew: 109248K->21824K(109248K)
[2019-04-15T14:08:10.634+0200][271,966s] GC(478) CMS: 202301K->209547K(393216K)
[2019-04-15T14:08:10.634+0200][271,966s] GC(478) Metaspace: 80118K->80118K(1122304K)
[2019-04-15T14:08:10.634+0200][271,966s] GC(478) Pause Young (Allocation Failure) 304M->225M(490M) 26,194ms
[2019-04-15T14:08:10.634+0200][271,966s] GC(478) User=0,07s Sys=0,00s Real=0,03s
[2019-04-15T14:08:10.830+0200][272,163s] GC(479) Pause Young (Allocation Failure)
[2019-04-15T14:08:10.830+0200][272,163s] GC(479) Using 4 workers of 4 for evacuation
[2019-04-15T14:08:10.853+0200][272,186s] GC(479) ParNew: 109248K->16440K(109248K)
[2019-04-15T14:08:10.853+0200][272,186s] GC(479) CMS: 209547K->209547K(393216K)
[2019-04-15T14:08:10.853+0200][272,186s] GC(479) Metaspace: 80118K->80118K(1122304K)
[2019-04-15T14:08:10.853+0200][272,186s] GC(479) Pause Young (Allocation Failure) 311M->220M(490M) 23,016ms
[2019-04-15T14:08:10.853+0200][272,186s] GC(479) User=0,05s Sys=0,00s Real=0,03s
[2019-04-15T14:08:10.853+0200][272,186s] GC(477) Concurrent Abortable Preclean 428,915ms
[2019-04-15T14:08:10.853+0200][272,186s] GC(477) User=0,69s Sys=0,01s Real=0,44s
[2019-04-15T14:08:10.853+0200][272,186s] GC(477) Pause Remark
[2019-04-15T14:08:10.853+0200][272,186s] GC(480) Pause Young (CMS Final Remark)
[2019-04-15T14:08:10.853+0200][272,186s] GC(480) Using 4 workers of 4 for evacuation
[2019-04-15T14:08:10.876+0200][272,208s] GC(480) ParNew: 17837K->19128K(109248K)
[2019-04-15T14:08:10.876+0200][272,208s] GC(480) CMS: 209547K->209547K(393216K)
[2019-04-15T14:08:10.876+0200][272,208s] GC(480) Metaspace: 80118K->80118K(1122304K)
[2019-04-15T14:08:10.876+0200][272,208s] GC(480) Pause Young (CMS Final Remark) 222M->223M(490M) 22,329ms
[2019-04-15T14:08:10.876+0200][272,208s] GC(480) User=0,04s Sys=0,00s Real=0,02s
[2019-04-15T14:08:10.947+0200][272,280s] GC(477) Pause Remark 222M->223M(490M) 94,024ms
[2019-04-15T14:08:10.948+0200][272,280s] GC(477) User=0,13s Sys=0,00s Real=0,09s
[2019-04-15T14:08:10.948+0200][272,280s] GC(477) Concurrent Sweep
[2019-04-15T14:08:11.006+0200][272,338s] GC(477) Concurrent Sweep 58,072ms
[2019-04-15T14:08:11.006+0200][272,338s] GC(477) User=0,12s Sys=0,00s Real=0,06s
[2019-04-15T14:08:11.006+0200][272,338s] GC(477) Concurrent Reset
[2019-04-15T14:08:11.006+0200][272,339s] GC(477) Concurrent Reset 0,469ms
[2019-04-15T14:08:11.006+0200][272,339s] GC(477) User=0,00s Sys=0,00s Real=0,00s
[2019-04-15T14:08:11.006+0200][272,339s] GC(477) Old: 202301K->153414K(393216K)
[2019-04-15T14:08:11.076+0200][272,408s] GC(481) Pause Young (Allocation Failure)
[2019-04-15T14:08:11.076+0200][272,408s] GC(481) Using 4 workers of 4 for evacuation
[2019-04-15T14:08:11.091+0200][272,424s] GC(481) ParNew: 106552K->16417K(109248K)
[2019-04-15T14:08:11.091+0200][272,424s] GC(481) CMS: 153414K->153418K(393216K)
[2019-04-15T14:08:11.091+0200][272,424s] GC(481) Metaspace: 80118K->80118K(1122304K)
[2019-04-15T14:08:11.091+0200][272,424s] GC(481) Pause Young (Allocation Failure) 253M->165M(490M) 15,744ms
[2019-04-15T14:08:11.091+0200][272,424s] GC(481) User=0,04s Sys=0,00s Real=0,01s
[2019-04-15T14:08:11.176+0200][272,509s] GC(482) Pause Young (Allocation Failure)
[2019-04-15T14:08:11.176+0200][272,509s] GC(482) Using 4 workers of 4 for evacuation
[2019-04-15T14:08:11.195+0200][272,528s] GC(482) ParNew: 103841K->17213K(109248K)
[2019-04-15T14:08:11.195+0200][272,528s] GC(482) CMS: 153418K->153574K(393216K)
[2019-04-15T14:08:11.195+0200][272,528s] GC(482) Metaspace: 80118K->80118K(1122304K)
[2019-04-15T14:08:11.195+0200][272,528s] GC(482) Pause Young (Allocation Failure) 251M->166M(490M) 19,290ms
[2019-04-15T14:08:11.195+0200][272,528s] GC(482) User=0,04s Sys=0,00s Real=0,02s
[2019-04-15T14:08:11.296+0200][272,628s] GC(483) Pause Young (Allocation Failure)
[2019-04-15T14:08:11.296+0200][272,628s] GC(483) Using 4 workers of 4 for evacuation
[2019-04-15T14:08:11.313+0200][272,646s] GC(483) ParNew: 104637K->17275K(109248K)
[2019-04-15T14:08:11.313+0200][272,646s] GC(483) CMS: 153574K->154557K(393216K)
[2019-04-15T14:08:11.313+0200][272,646s] GC(483) Metaspace: 80118K->80118K(1122304K)
[2019-04-15T14:08:11.313+0200][272,646s] GC(483) Pause Young (Allocation Failure) 252M->167M(490M) 17,937ms
[2019-04-15T14:08:11.313+0200][272,646s] GC(483) User=0,03s Sys=0,00s Real=0,02s
[2019-04-15T14:08:11.401+0200][272,734s] GC(484) Pause Young (Allocation Failure)
[2019-04-15T14:08:11.401+0200][272,734s] GC(484) Using 4 workers of 4 for evacuation
[2019-04-15T14:08:11.421+0200][272,754s] GC(484) ParNew: 104699K->14268K(109248K)
[2019-04-15T14:08:11.421+0200][272,754s] GC(484) CMS: 154557K->154904K(393216K)
[2019-04-15T14:08:11.421+0200][272,754s] GC(484) Metaspace: 80118K->80118K(1122304K)
[2019-04-15T14:08:11.421+0200][272,754s] GC(484) Pause Young (Allocation Failure) 253M->165M(490M) 20,201ms
[2019-04-15T14:08:11.421+0200][272,754s] GC(484) User=0,03s Sys=0,00s Real=0,02s
[2019-04-15T14:08:11.489+0200][272,821s] GC(485) Pause Young (Allocation Failure)
[2019-04-15T14:08:11.489+0200][272,821s] GC(485) Using 4 workers of 4 for evacuation
[2019-04-15T14:08:11.525+0200][272,857s] GC(485) ParNew: 101692K->9216K(109248K)
[2019-04-15T14:08:11.525+0200][272,857s] GC(485) CMS: 154904K->163663K(393216K)
[2019-04-15T14:08:11.525+0200][272,858s] GC(485) Metaspace: 80123K->80123K(1122304K)
[2019-04-15T14:08:11.525+0200][272,858s] GC(485) Pause Young (Allocation Failure) 250M->168M(490M) 36,561ms
[2019-04-15T14:08:11.525+0200][272,858s] GC(485) User=0,06s Sys=0,00s Real=0,04s
[2019-04-15T14:08:11.692+0200][273,024s] GC(486) Pause Young (Allocation Failure)
[2019-04-15T14:08:11.692+0200][273,024s] GC(486) Using 4 workers of 4 for evacuation
[2019-04-15T14:08:11.702+0200][273,034s] GC(486) ParNew: 96640K->3697K(109248K)
[2019-04-15T14:08:11.702+0200][273,034s] GC(486) CMS: 163663K->164739K(393216K)
[2019-04-15T14:08:11.702+0200][273,034s] GC(486) Metaspace: 80129K->80129K(1122304K)
[2019-04-15T14:08:11.702+0200][273,034s] GC(486) Pause Young (Allocation Failure) 254M->164M(490M) 10,234ms
[2019-04-15T14:08:11.702+0200][273,034s] GC(486) User=0,04s Sys=0,00s Real=0,01s
[2019-04-15T14:08:11.835+0200][273,167s] GC(487) Pause Young (Allocation Failure)
[2019-04-15T14:08:11.835+0200][273,167s] GC(487) Using 4 workers of 4 for evacuation
[2019-04-15T14:08:11.841+0200][273,174s] GC(487) ParNew: 91121K->3802K(109248K)
[2019-04-15T14:08:11.841+0200][273,174s] GC(487) CMS: 164739K->164743K(393216K)
[2019-04-15T14:08:11.841+0200][273,174s] GC(487) Metaspace: 80130K->80130K(1122304K)
[2019-04-15T14:08:11.841+0200][273,174s] GC(487) Pause Young (Allocation Failure) 249M->164M(490M) 6,556ms
[2019-04-15T14:08:11.841+0200][273,174s] GC(487) User=0,02s Sys=0,00s Real=0,00s
[2019-04-15T14:08:11.929+0200][273,262s] GC(488) Pause Young (Allocation Failure)
[2019-04-15T14:08:11.930+0200][273,262s] GC(488) Using 4 workers of 4 for evacuation
[2019-04-15T14:08:11.936+0200][273,268s] GC(488) ParNew: 91226K->4342K(109248K)
[2019-04-15T14:08:11.936+0200][273,268s] GC(488) CMS: 164743K->164743K(393216K)
[2019-04-15T14:08:11.936+0200][273,268s] GC(488) Metaspace: 80130K->80130K(1122304K)
[2019-04-15T14:08:11.936+0200][273,268s] GC(488) Pause Young (Allocation Failure) 249M->165M(490M) 6,099ms
[2019-04-15T14:08:11.936+0200][273,268s] GC(488) User=0,02s Sys=0,00s Real=0,01s
[2019-04-15T14:08:12.029+0200][273,362s] GC(489) Pause Young (Allocation Failure)
[2019-04-15T14:08:12.029+0200][273,362s] GC(489) Using 4 workers of 4 for evacuation
[2019-04-15T14:08:12.041+0200][273,374s] GC(489) ParNew: 91766K->4378K(109248K)
[2019-04-15T14:08:12.041+0200][273,374s] GC(489) CMS: 164743K->164762K(393216K)
[2019-04-15T14:08:12.041+0200][273,374s] GC(489) Metaspace: 80155K->80155K(1122304K)
[2019-04-15T14:08:12.041+0200][273,374s] GC(489) Pause Young (Allocation Failure) 250M->165M(490M) 11,681ms
[2019-04-15T14:08:12.041+0200][273,374s] GC(489) User=0,03s Sys=0,00s Real=0,01s
[2019-04-15T14:08:12.325+0200][273,657s] GC(490) Pause Young (Allocation Failure)
[2019-04-15T14:08:12.325+0200][273,657s] GC(490) Using 4 workers of 4 for evacuation
[2019-04-15T14:08:12.346+0200][273,678s] GC(490) ParNew: 91802K->15967K(109248K)
[2019-04-15T14:08:12.346+0200][273,678s] GC(490) CMS: 164762K->164770K(393216K)
[2019-04-15T14:08:12.346+0200][273,678s] GC(490) Metaspace: 80157K->80157K(1122304K)
[2019-04-15T14:08:12.346+0200][273,678s] GC(490) Pause Young (Allocation Failure) 250M->176M(490M) 21,120ms
[2019-04-15T14:08:12.346+0200][273,678s] GC(490) User=0,04s Sys=0,00s Real=0,03s
[2019-04-15T14:08:12.660+0200][273,993s] GC(491) Pause Young (Allocation Failure)
[2019-04-15T14:08:12.660+0200][273,993s] GC(491) Using 4 workers of 4 for evacuation
[2019-04-15T14:08:12.691+0200][274,024s] GC(491) ParNew: 103391K->21824K(109248K)
[2019-04-15T14:08:12.691+0200][274,024s] GC(491) CMS: 164770K->170635K(393216K)
[2019-04-15T14:08:12.691+0200][274,024s] GC(491) Metaspace: 80176K->80176K(1122304K)
[2019-04-15T14:08:12.691+0200][274,024s] GC(491) Pause Young (Allocation Failure) 261M->187M(490M) 30,911ms
[2019-04-15T14:08:12.691+0200][274,024s] GC(491) User=0,09s Sys=0,01s Real=0,03s
[2019-04-15T14:08:12.781+0200][274,114s] GC(492) Pause Young (Allocation Failure)
[2019-04-15T14:08:12.781+0200][274,114s] GC(492) Using 4 workers of 4 for evacuation
[2019-04-15T14:08:12.799+0200][274,132s] GC(492) ParNew: 109248K->20027K(109248K)
[2019-04-15T14:08:12.799+0200][274,132s] GC(492) CMS: 170635K->183863K(393216K)
[2019-04-15T14:08:12.799+0200][274,132s] GC(492) Metaspace: 80176K->80176K(1122304K)
[2019-04-15T14:08:12.799+0200][274,132s] GC(492) Pause Young (Allocation Failure) 273M->199M(490M) 18,115ms
[2019-04-15T14:08:12.799+0200][274,132s] GC(492) User=0,06s Sys=0,00s Real=0,02s
[2019-04-15T14:08:12.894+0200][274,226s] GC(493) Pause Young (Allocation Failure)
[2019-04-15T14:08:12.894+0200][274,227s] GC(493) Using 4 workers of 4 for evacuation
[2019-04-15T14:08:12.907+0200][274,239s] GC(493) ParNew: 107451K->11498K(109248K)
[2019-04-15T14:08:12.907+0200][274,240s] GC(493) CMS: 183863K->183863K(393216K)
[2019-04-15T14:08:12.907+0200][274,240s] GC(493) Metaspace: 80176K->80176K(1122304K)
[2019-04-15T14:08:12.907+0200][274,240s] GC(493) Pause Young (Allocation Failure) 284M->190M(490M) 13,194ms
[2019-04-15T14:08:12.907+0200][274,240s] GC(493) User=0,04s Sys=0,00s Real=0,01s
[2019-04-15T14:08:12.994+0200][274,327s] GC(494) Pause Young (Allocation Failure)
[2019-04-15T14:08:12.995+0200][274,327s] GC(494) Using 4 workers of 4 for evacuation
[2019-04-15T14:08:13.004+0200][274,337s] GC(494) ParNew: 98922K->14734K(109248K)
[2019-04-15T14:08:13.004+0200][274,337s] GC(494) CMS: 183863K->183863K(393216K)
[2019-04-15T14:08:13.004+0200][274,337s] GC(494) Metaspace: 80176K->80176K(1122304K)
[2019-04-15T14:08:13.004+0200][274,337s] GC(494) Pause Young (Allocation Failure) 276M->193M(490M) 9,586ms
[2019-04-15T14:08:13.004+0200][274,337s] GC(494) User=0,03s Sys=0,00s Real=0,00s
[2019-04-15T14:08:13.111+0200][274,444s] GC(495) Pause Young (Allocation Failure)
[2019-04-15T14:08:13.111+0200][274,444s] GC(495) Using 4 workers of 4 for evacuation
[2019-04-15T14:08:13.118+0200][274,450s] GC(495) ParNew: 102158K->11696K(109248K)
[2019-04-15T14:08:13.118+0200][274,450s] GC(495) CMS: 183863K->183863K(393216K)
[2019-04-15T14:08:13.118+0200][274,450s] GC(495) Metaspace: 80176K->80176K(1122304K)
[2019-04-15T14:08:13.118+0200][274,450s] GC(495) Pause Young (Allocation Failure) 279M->190M(490M) 6,489ms
[2019-04-15T14:08:13.118+0200][274,451s] GC(495) User=0,02s Sys=0,00s Real=0,01s
[2019-04-15T14:08:13.199+0200][274,531s] GC(496) Pause Young (Allocation Failure)
[2019-04-15T14:08:13.199+0200][274,531s] GC(496) Using 4 workers of 4 for evacuation
[2019-04-15T14:08:13.207+0200][274,539s] GC(496) ParNew: 99120K->15109K(109248K)
[2019-04-15T14:08:13.207+0200][274,539s] GC(496) CMS: 183863K->183863K(393216K)
[2019-04-15T14:08:13.207+0200][274,539s] GC(496) Metaspace: 80176K->80176K(1122304K)
[2019-04-15T14:08:13.207+0200][274,539s] GC(496) Pause Young (Allocation Failure) 276M->194M(490M) 8,256ms
[2019-04-15T14:08:13.207+0200][274,539s] GC(496) User=0,03s Sys=0,00s Real=0,01s
[2019-04-15T14:08:13.287+0200][274,620s] GC(497) Pause Young (Allocation Failure)
[2019-04-15T14:08:13.287+0200][274,620s] GC(497) Using 4 workers of 4 for evacuation
[2019-04-15T14:08:13.295+0200][274,627s] GC(497) ParNew: 102533K->12962K(109248K)
[2019-04-15T14:08:13.295+0200][274,627s] GC(497) CMS: 183863K->183863K(393216K)
[2019-04-15T14:08:13.295+0200][274,627s] GC(497) Metaspace: 80176K->80176K(1122304K)
[2019-04-15T14:08:13.295+0200][274,627s] GC(497) Pause Young (Allocation Failure) 279M->192M(490M) 7,395ms
[2019-04-15T14:08:13.295+0200][274,627s] GC(497) User=0,02s Sys=0,00s Real=0,01s
[2019-04-15T14:08:13.372+0200][274,704s] GC(498) Pause Young (Allocation Failure)
[2019-04-15T14:08:13.372+0200][274,704s] GC(498) Using 4 workers of 4 for evacuation
[2019-04-15T14:08:13.382+0200][274,715s] GC(498) ParNew: 100386K->13270K(109248K)
[2019-04-15T14:08:13.382+0200][274,715s] GC(498) CMS: 183863K->183863K(393216K)
[2019-04-15T14:08:13.382+0200][274,715s] GC(498) Metaspace: 80179K->80179K(1122304K)
[2019-04-15T14:08:13.382+0200][274,715s] GC(498) Pause Young (Allocation Failure) 277M->192M(490M) 10,737ms
[2019-04-15T14:08:13.383+0200][274,715s] GC(498) User=0,03s Sys=0,00s Real=0,01s
[2019-04-15T14:08:13.464+0200][274,797s] GC(499) Pause Young (Allocation Failure)
[2019-04-15T14:08:13.464+0200][274,797s] GC(499) Using 4 workers of 4 for evacuation
[2019-04-15T14:08:13.477+0200][274,810s] GC(499) ParNew: 100694K->8657K(109248K)
[2019-04-15T14:08:13.478+0200][274,810s] GC(499) CMS: 183863K->191882K(393216K)
[2019-04-15T14:08:13.478+0200][274,810s] GC(499) Metaspace: 80179K->80179K(1122304K)
[2019-04-15T14:08:13.478+0200][274,810s] GC(499) Pause Young (Allocation Failure) 277M->195M(490M) 13,646ms
[2019-04-15T14:08:13.478+0200][274,810s] GC(499) User=0,04s Sys=0,00s Real=0,02s
[2019-04-15T14:08:13.559+0200][274,891s] GC(500) Pause Young (Allocation Failure)
[2019-04-15T14:08:13.559+0200][274,891s] GC(500) Using 4 workers of 4 for evacuation
[2019-04-15T14:08:13.566+0200][274,898s] GC(500) ParNew: 96081K->4358K(109248K)
[2019-04-15T14:08:13.566+0200][274,898s] GC(500) CMS: 191882K->192113K(393216K)
[2019-04-15T14:08:13.566+0200][274,898s] GC(500) Metaspace: 80179K->80179K(1122304K)
[2019-04-15T14:08:13.566+0200][274,898s] GC(500) Pause Young (Allocation Failure) 281M->191M(490M) 6,863ms
[2019-04-15T14:08:13.566+0200][274,898s] GC(500) User=0,02s Sys=0,00s Real=0,01s
[2019-04-15T14:08:13.646+0200][274,979s] GC(501) Pause Young (Allocation Failure)
[2019-04-15T14:08:13.646+0200][274,979s] GC(501) Using 4 workers of 4 for evacuation
[2019-04-15T14:08:13.654+0200][274,986s] GC(501) ParNew: 91688K->4267K(109248K)
[2019-04-15T14:08:13.654+0200][274,986s] GC(501) CMS: 192113K->192125K(393216K)
[2019-04-15T14:08:13.654+0200][274,986s] GC(501) Metaspace: 80181K->80181K(1122304K)
[2019-04-15T14:08:13.654+0200][274,986s] GC(501) Pause Young (Allocation Failure) 277M->191M(490M) 7,233ms
[2019-04-15T14:08:13.654+0200][274,986s] GC(501) User=0,03s Sys=0,00s Real=0,01s
[2019-04-15T14:08:13.789+0200][275,122s] GC(502) Pause Young (Allocation Failure)
[2019-04-15T14:08:13.789+0200][275,122s] GC(502) Using 4 workers of 4 for evacuation
[2019-04-15T14:08:13.797+0200][275,129s] GC(502) ParNew: 91691K->15984K(109248K)
[2019-04-15T14:08:13.797+0200][275,129s] GC(502) CMS: 192125K->192136K(393216K)
[2019-04-15T14:08:13.797+0200][275,129s] GC(502) Metaspace: 80184K->80184K(1122304K)
[2019-04-15T14:08:13.797+0200][275,129s] GC(502) Pause Young (Allocation Failure) 277M->203M(490M) 7,744ms
[2019-04-15T14:08:13.797+0200][275,129s] GC(502) User=0,03s Sys=0,00s Real=0,01s
[2019-04-15T14:08:13.879+0200][275,212s] GC(503) Pause Young (Allocation Failure)
[2019-04-15T14:08:13.880+0200][275,212s] GC(503) Using 4 workers of 4 for evacuation
[2019-04-15T14:08:13.890+0200][275,222s] GC(503) ParNew: 103408K->21789K(109248K)
[2019-04-15T14:08:13.890+0200][275,222s] GC(503) CMS: 192136K->192143K(393216K)
[2019-04-15T14:08:13.890+0200][275,222s] GC(503) Metaspace: 80185K->80185K(1122304K)
[2019-04-15T14:08:13.890+0200][275,222s] GC(503) Pause Young (Allocation Failure) 288M->208M(490M) 10,148ms
[2019-04-15T14:08:13.890+0200][275,222s] GC(503) User=0,02s Sys=0,01s Real=0,01s
[2019-04-15T14:08:14.016+0200][275,349s] GC(504) Pause Young (Allocation Failure)
[2019-04-15T14:08:14.016+0200][275,349s] GC(504) Using 4 workers of 4 for evacuation
[2019-04-15T14:08:14.039+0200][275,371s] GC(504) ParNew: 109213K->21824K(109248K)
[2019-04-15T14:08:14.039+0200][275,372s] GC(504) CMS: 192143K->200181K(393216K)
[2019-04-15T14:08:14.039+0200][275,372s] GC(504) Metaspace: 80196K->80196K(1122304K)
[2019-04-15T14:08:14.039+0200][275,372s] GC(504) Pause Young (Allocation Failure) 294M->216M(490M) 22,770ms
[2019-04-15T14:08:14.039+0200][275,372s] GC(504) User=0,05s Sys=0,00s Real=0,02s
[2019-04-15T14:08:14.041+0200][275,374s] GC(505) Pause Initial Mark
[2019-04-15T14:08:14.045+0200][275,377s] GC(505) Pause Initial Mark 218M->218M(490M) 3,080ms
[2019-04-15T14:08:14.045+0200][275,377s] GC(505) User=0,01s Sys=0,00s Real=0,00s
[2019-04-15T14:08:14.045+0200][275,377s] GC(505) Concurrent Mark
[2019-04-15T14:08:14.045+0200][275,377s] GC(505) Using 4 workers of 4 for marking
[2019-04-15T14:08:14.115+0200][275,447s] GC(505) Concurrent Mark 69,983ms
[2019-04-15T14:08:14.115+0200][275,448s] GC(505) User=0,18s Sys=0,03s Real=0,08s
[2019-04-15T14:08:14.115+0200][275,448s] GC(505) Concurrent Preclean
[2019-04-15T14:08:14.116+0200][275,449s] GC(505) Concurrent Preclean 1,471ms
[2019-04-15T14:08:14.116+0200][275,449s] GC(505) User=0,00s Sys=0,00s Real=0,00s
[2019-04-15T14:08:14.116+0200][275,449s] GC(505) Concurrent Abortable Preclean
[2019-04-15T14:08:14.200+0200][275,532s] GC(506) Pause Young (Allocation Failure)
[2019-04-15T14:08:14.200+0200][275,532s] GC(506) Using 4 workers of 4 for evacuation
[2019-04-15T14:08:14.219+0200][275,551s] GC(506) ParNew: 103422K->21824K(109248K)
[2019-04-15T14:08:14.219+0200][275,551s] GC(506) CMS: 200181K->200869K(393216K)
[2019-04-15T14:08:14.219+0200][275,551s] GC(506) Metaspace: 80201K->80201K(1122304K)
[2019-04-15T14:08:14.219+0200][275,551s] GC(506) Pause Young (Allocation Failure) 296M->217M(490M) 18,901ms
[2019-04-15T14:08:14.219+0200][275,551s] GC(506) User=0,04s Sys=0,00s Real=0,02s
[2019-04-15T14:08:14.360+0200][275,693s] GC(507) Pause Young (Allocation Failure)
[2019-04-15T14:08:14.360+0200][275,693s] GC(507) Using 4 workers of 4 for evacuation
[2019-04-15T14:08:14.369+0200][275,702s] GC(505) Concurrent Abortable Preclean 252,792ms
[2019-04-15T14:08:14.369+0200][275,702s] GC(505) User=0,60s Sys=0,03s Real=0,25s
[2019-04-15T14:08:14.376+0200][275,708s] GC(507) ParNew: 103068K->19782K(109248K)
[2019-04-15T14:08:14.376+0200][275,709s] GC(507) CMS: 200869K->200869K(393216K)
[2019-04-15T14:08:14.376+0200][275,709s] GC(507) Metaspace: 80206K->80206K(1122304K)
[2019-04-15T14:08:14.376+0200][275,709s] GC(507) Pause Young (Allocation Failure) 296M->215M(490M) 16,079ms
[2019-04-15T14:08:14.376+0200][275,709s] GC(507) User=0,05s Sys=0,00s Real=0,02s
[2019-04-15T14:08:14.377+0200][275,710s] GC(505) Pause Remark
[2019-04-15T14:08:14.377+0200][275,710s] GC(508) Pause Young (CMS Final Remark)
[2019-04-15T14:08:14.378+0200][275,710s] GC(508) Using 4 workers of 4 for evacuation
[2019-04-15T14:08:14.393+0200][275,726s] GC(508) ParNew: 36169K->19633K(109248K)
[2019-04-15T14:08:14.393+0200][275,726s] GC(508) CMS: 200869K->217760K(393216K)
[2019-04-15T14:08:14.393+0200][275,726s] GC(508) Metaspace: 80206K->80206K(1122304K)
[2019-04-15T14:08:14.393+0200][275,726s] GC(508) Pause Young (CMS Final Remark) 231M->231M(490M) 16,049ms
[2019-04-15T14:08:14.393+0200][275,726s] GC(508) User=0,05s Sys=0,00s Real=0,02s
[2019-04-15T14:08:14.455+0200][275,787s] GC(505) Pause Remark 231M->231M(490M) 77,654ms
[2019-04-15T14:08:14.455+0200][275,787s] GC(505) User=0,15s Sys=0,00s Real=0,08s
[2019-04-15T14:08:14.455+0200][275,788s] GC(505) Concurrent Sweep
[2019-04-15T14:08:14.554+0200][275,886s] GC(509) Pause Young (Allocation Failure)
[2019-04-15T14:08:14.554+0200][275,886s] GC(509) Using 4 workers of 4 for evacuation
[2019-04-15T14:08:14.570+0200][275,903s] GC(509) ParNew: 105049K->21824K(109248K)
[2019-04-15T14:08:14.570+0200][275,903s] GC(509) CMS: 171057K->171061K(393216K)
[2019-04-15T14:08:14.570+0200][275,903s] GC(509) Metaspace: 80206K->80206K(1122304K)
[2019-04-15T14:08:14.570+0200][275,903s] GC(509) Pause Young (Allocation Failure) 269M->188M(490M) 16,296ms
[2019-04-15T14:08:14.570+0200][275,903s] GC(509) User=0,04s Sys=0,00s Real=0,01s
[2019-04-15T14:08:14.586+0200][275,919s] GC(505) Concurrent Sweep 130,965ms
[2019-04-15T14:08:14.586+0200][275,919s] GC(505) User=0,36s Sys=0,01s Real=0,13s
[2019-04-15T14:08:14.586+0200][275,919s] GC(505) Concurrent Reset
[2019-04-15T14:08:14.586+0200][275,919s] GC(505) Concurrent Reset 0,321ms
[2019-04-15T14:08:14.586+0200][275,919s] GC(505) User=0,00s Sys=0,00s Real=0,00s
[2019-04-15T14:08:14.586+0200][275,919s] GC(505) Old: 200181K->151279K(393216K)
[2019-04-15T14:08:14.633+0200][275,965s] GC(510) Pause Young (Allocation Failure)
[2019-04-15T14:08:14.633+0200][275,966s] GC(510) Using 4 workers of 4 for evacuation
[2019-04-15T14:08:14.646+0200][275,979s] GC(510) ParNew: 108289K->12273K(109248K)
[2019-04-15T14:08:14.646+0200][275,979s] GC(510) CMS: 151279K->151330K(393216K)
[2019-04-15T14:08:14.646+0200][275,979s] GC(510) Metaspace: 80206K->80206K(1122304K)
[2019-04-15T14:08:14.646+0200][275,979s] GC(510) Pause Young (Allocation Failure) 253M->159M(490M) 13,585ms
[2019-04-15T14:08:14.646+0200][275,979s] GC(510) User=0,03s Sys=0,00s Real=0,02s
[2019-04-15T14:08:14.994+0200][276,327s] GC(511) Pause Young (Allocation Failure)
[2019-04-15T14:08:14.994+0200][276,327s] GC(511) Using 4 workers of 4 for evacuation
[2019-04-15T14:08:15.014+0200][276,347s] GC(511) ParNew: 99697K->5869K(109248K)
[2019-04-15T14:08:15.014+0200][276,347s] GC(511) CMS: 151330K->155044K(393216K)
[2019-04-15T14:08:15.014+0200][276,347s] GC(511) Metaspace: 80973K->80973K(1124352K)
[2019-04-15T14:08:15.014+0200][276,347s] GC(511) Pause Young (Allocation Failure) 245M->157M(490M) 19,907ms
[2019-04-15T14:08:15.014+0200][276,347s] GC(511) User=0,06s Sys=0,00s Real=0,02s
[2019-04-15T14:08:15.347+0200][276,680s] GC(512) Pause Young (Allocation Failure)
[2019-04-15T14:08:15.348+0200][276,680s] GC(512) Using 4 workers of 4 for evacuation
[2019-04-15T14:08:15.382+0200][276,714s] GC(512) ParNew: 93293K->15147K(109248K)
[2019-04-15T14:08:15.382+0200][276,714s] GC(512) CMS: 155044K->155049K(393216K)
[2019-04-15T14:08:15.382+0200][276,714s] GC(512) Metaspace: 80981K->80981K(1124352K)
[2019-04-15T14:08:15.382+0200][276,714s] GC(512) Pause Young (Allocation Failure) 242M->166M(490M) 34,141ms
[2019-04-15T14:08:15.382+0200][276,714s] GC(512) User=0,11s Sys=0,00s Real=0,03s
[2019-04-15T14:08:15.906+0200][277,238s] GC(513) Pause Young (Allocation Failure)
[2019-04-15T14:08:15.906+0200][277,238s] GC(513) Using 4 workers of 4 for evacuation
[2019-04-15T14:08:15.941+0200][277,274s] GC(513) ParNew: 102571K->21824K(109248K)
[2019-04-15T14:08:15.941+0200][277,274s] GC(513) CMS: 155049K->159190K(393216K)
[2019-04-15T14:08:15.942+0200][277,274s] GC(513) Metaspace: 81325K->81325K(1124352K)
[2019-04-15T14:08:15.942+0200][277,274s] GC(513) Pause Young (Allocation Failure) 251M->176M(490M) 35,995ms
[2019-04-15T14:08:15.942+0200][277,274s] GC(513) User=0,08s Sys=0,00s Real=0,03s
[2019-04-15T14:08:16.257+0200][277,589s] GC(514) Pause Young (Allocation Failure)
[2019-04-15T14:08:16.257+0200][277,590s] GC(514) Using 4 workers of 4 for evacuation
[2019-04-15T14:08:16.312+0200][277,645s] GC(514) ParNew: 109248K->21824K(109248K)
[2019-04-15T14:08:16.312+0200][277,645s] GC(514) CMS: 159190K->237264K(393216K)
[2019-04-15T14:08:16.312+0200][277,645s] GC(514) Metaspace: 81325K->81325K(1124352K)
[2019-04-15T14:08:16.312+0200][277,645s] GC(514) Pause Young (Allocation Failure) 262M->253M(490M) 55,082ms
[2019-04-15T14:08:16.312+0200][277,645s] GC(514) User=0,14s Sys=0,00s Real=0,05s
[2019-04-15T14:08:16.312+0200][277,645s] GC(515) Pause Initial Mark
[2019-04-15T14:08:16.313+0200][277,646s] GC(515) Pause Initial Mark 254M->254M(490M) 1,096ms
[2019-04-15T14:08:16.313+0200][277,646s] GC(515) User=0,00s Sys=0,00s Real=0,01s
[2019-04-15T14:08:16.313+0200][277,646s] GC(515) Concurrent Mark
[2019-04-15T14:08:16.313+0200][277,646s] GC(515) Using 4 workers of 4 for marking
[2019-04-15T14:08:16.390+0200][277,723s] GC(515) Concurrent Mark 76,738ms
[2019-04-15T14:08:16.390+0200][277,723s] GC(515) User=0,22s Sys=0,02s Real=0,07s
[2019-04-15T14:08:16.390+0200][277,723s] GC(515) Concurrent Preclean
[2019-04-15T14:08:16.392+0200][277,725s] GC(515) Concurrent Preclean 2,092ms
[2019-04-15T14:08:16.392+0200][277,725s] GC(515) User=0,01s Sys=0,00s Real=0,00s
[2019-04-15T14:08:16.392+0200][277,725s] GC(515) Concurrent Abortable Preclean
[2019-04-15T14:08:16.528+0200][277,861s] GC(516) Pause Young (Allocation Failure)
[2019-04-15T14:08:16.528+0200][277,861s] GC(516) Using 4 workers of 4 for evacuation
[2019-04-15T14:08:16.546+0200][277,879s] GC(516) ParNew: 109248K->21016K(109248K)
[2019-04-15T14:08:16.546+0200][277,879s] GC(516) CMS: 237264K->254075K(393216K)
[2019-04-15T14:08:16.546+0200][277,879s] GC(516) Metaspace: 81326K->81326K(1124352K)
[2019-04-15T14:08:16.546+0200][277,879s] GC(516) Pause Young (Allocation Failure) 338M->268M(490M) 18,239ms
[2019-04-15T14:08:16.546+0200][277,879s] GC(516) User=0,06s Sys=0,00s Real=0,02s
[2019-04-15T14:08:16.710+0200][278,043s] GC(517) Pause Young (Allocation Failure)
[2019-04-15T14:08:16.710+0200][278,043s] GC(517) Using 4 workers of 4 for evacuation
[2019-04-15T14:08:16.720+0200][278,052s] GC(517) ParNew: 108440K->19491K(109248K)
[2019-04-15T14:08:16.720+0200][278,052s] GC(517) CMS: 254075K->254075K(393216K)
[2019-04-15T14:08:16.720+0200][278,052s] GC(517) Metaspace: 81330K->81330K(1124352K)
[2019-04-15T14:08:16.720+0200][278,052s] GC(517) Pause Young (Allocation Failure) 354M->267M(490M) 9,742ms
[2019-04-15T14:08:16.720+0200][278,052s] GC(517) User=0,03s Sys=0,00s Real=0,01s
[2019-04-15T14:08:16.722+0200][278,054s] GC(515) Concurrent Abortable Preclean 329,146ms
[2019-04-15T14:08:16.722+0200][278,054s] GC(515) User=0,72s Sys=0,01s Real=0,33s
[2019-04-15T14:08:16.722+0200][278,055s] GC(515) Pause Remark
[2019-04-15T14:08:16.722+0200][278,055s] GC(518) Pause Young (CMS Final Remark)
[2019-04-15T14:08:16.722+0200][278,055s] GC(518) Using 4 workers of 4 for evacuation
[2019-04-15T14:08:16.733+0200][278,065s] GC(518) ParNew: 20667K->21542K(109248K)
[2019-04-15T14:08:16.733+0200][278,065s] GC(518) CMS: 254075K->254075K(393216K)
[2019-04-15T14:08:16.733+0200][278,066s] GC(518) Metaspace: 81330K->81330K(1124352K)
[2019-04-15T14:08:16.733+0200][278,066s] GC(518) Pause Young (CMS Final Remark) 268M->269M(490M) 10,951ms
[2019-04-15T14:08:16.733+0200][278,066s] GC(518) User=0,03s Sys=0,01s Real=0,02s
[2019-04-15T14:08:16.772+0200][278,104s] GC(515) Pause Remark 268M->269M(490M) 49,701ms
[2019-04-15T14:08:16.772+0200][278,104s] GC(515) User=0,08s Sys=0,01s Real=0,05s
[2019-04-15T14:08:16.772+0200][278,104s] GC(515) Concurrent Sweep
[2019-04-15T14:08:16.891+0200][278,223s] GC(515) Concurrent Sweep 118,911ms
[2019-04-15T14:08:16.891+0200][278,223s] GC(515) User=0,24s Sys=0,00s Real=0,12s
[2019-04-15T14:08:16.891+0200][278,223s] GC(515) Concurrent Reset
[2019-04-15T14:08:16.891+0200][278,224s] GC(515) Concurrent Reset 0,320ms
[2019-04-15T14:08:16.891+0200][278,224s] GC(515) User=0,00s Sys=0,00s Real=0,00s
[2019-04-15T14:08:16.891+0200][278,224s] GC(515) Old: 237264K->195782K(393216K)
[2019-04-15T14:08:16.927+0200][278,260s] GC(519) Pause Young (Allocation Failure)
[2019-04-15T14:08:16.927+0200][278,260s] GC(519) Using 4 workers of 4 for evacuation
[2019-04-15T14:08:16.936+0200][278,269s] GC(519) ParNew: 108966K->20779K(109248K)
[2019-04-15T14:08:16.936+0200][278,269s] GC(519) CMS: 195782K->195782K(393216K)
[2019-04-15T14:08:16.936+0200][278,269s] GC(519) Metaspace: 81330K->81330K(1124352K)
[2019-04-15T14:08:16.936+0200][278,269s] GC(519) Pause Young (Allocation Failure) 297M->211M(490M) 9,170ms
[2019-04-15T14:08:16.936+0200][278,269s] GC(519) User=0,02s Sys=0,00s Real=0,01s
[2019-04-15T14:08:17.072+0200][278,405s] GC(520) Pause Young (Allocation Failure)
[2019-04-15T14:08:17.072+0200][278,405s] GC(520) Using 4 workers of 4 for evacuation
[2019-04-15T14:08:17.080+0200][278,413s] GC(520) ParNew: 108203K->18235K(109248K)
[2019-04-15T14:08:17.080+0200][278,413s] GC(520) CMS: 195782K->195782K(393216K)
[2019-04-15T14:08:17.080+0200][278,413s] GC(520) Metaspace: 81330K->81330K(1124352K)
[2019-04-15T14:08:17.080+0200][278,413s] GC(520) Pause Young (Allocation Failure) 296M->209M(490M) 8,325ms
[2019-04-15T14:08:17.080+0200][278,413s] GC(520) User=0,02s Sys=0,00s Real=0,01s
[2019-04-15T14:08:17.227+0200][278,560s] GC(521) Pause Young (Allocation Failure)
[2019-04-15T14:08:17.227+0200][278,560s] GC(521) Using 4 workers of 4 for evacuation
[2019-04-15T14:08:17.237+0200][278,570s] GC(521) ParNew: 105659K->20099K(109248K)
[2019-04-15T14:08:17.237+0200][278,570s] GC(521) CMS: 195782K->195782K(393216K)
[2019-04-15T14:08:17.237+0200][278,570s] GC(521) Metaspace: 81330K->81330K(1124352K)
[2019-04-15T14:08:17.237+0200][278,570s] GC(521) Pause Young (Allocation Failure) 294M->210M(490M) 10,455ms
[2019-04-15T14:08:17.237+0200][278,570s] GC(521) User=0,03s Sys=0,00s Real=0,01s
[2019-04-15T14:08:17.375+0200][278,708s] GC(522) Pause Young (Allocation Failure)
[2019-04-15T14:08:17.375+0200][278,708s] GC(522) Using 4 workers of 4 for evacuation
[2019-04-15T14:08:17.383+0200][278,716s] GC(522) ParNew: 107523K->21824K(109248K)
[2019-04-15T14:08:17.383+0200][278,716s] GC(522) CMS: 195782K->195782K(393216K)
[2019-04-15T14:08:17.383+0200][278,716s] GC(522) Metaspace: 81330K->81330K(1124352K)
[2019-04-15T14:08:17.383+0200][278,716s] GC(522) Pause Young (Allocation Failure) 296M->212M(490M) 7,770ms
[2019-04-15T14:08:17.383+0200][278,716s] GC(522) User=0,02s Sys=0,00s Real=0,00s
[2019-04-15T14:08:17.511+0200][278,844s] GC(523) Pause Young (Allocation Failure)
[2019-04-15T14:08:17.511+0200][278,844s] GC(523) Using 4 workers of 4 for evacuation
[2019-04-15T14:08:17.521+0200][278,853s] GC(523) ParNew: 109248K->17099K(109248K)
[2019-04-15T14:08:17.521+0200][278,854s] GC(523) CMS: 195782K->199063K(393216K)
[2019-04-15T14:08:17.521+0200][278,854s] GC(523) Metaspace: 81330K->81330K(1124352K)
[2019-04-15T14:08:17.521+0200][278,854s] GC(523) Pause Young (Allocation Failure) 297M->211M(490M) 9,896ms
[2019-04-15T14:08:17.521+0200][278,854s] GC(523) User=0,03s Sys=0,00s Real=0,01s
[2019-04-15T14:08:17.524+0200][278,856s] GC(524) Pause Initial Mark
[2019-04-15T14:08:17.525+0200][278,857s] GC(524) Pause Initial Mark 212M->212M(490M) 0,963ms
[2019-04-15T14:08:17.525+0200][278,857s] GC(524) User=0,01s Sys=0,00s Real=0,00s
[2019-04-15T14:08:17.525+0200][278,857s] GC(524) Concurrent Mark
[2019-04-15T14:08:17.525+0200][278,857s] GC(524) Using 4 workers of 4 for marking
[2019-04-15T14:08:17.571+0200][278,903s] GC(524) Concurrent Mark 45,984ms
[2019-04-15T14:08:17.571+0200][278,903s] GC(524) User=0,16s Sys=0,00s Real=0,05s
[2019-04-15T14:08:17.571+0200][278,903s] GC(524) Concurrent Preclean
[2019-04-15T14:08:17.572+0200][278,905s] GC(524) Concurrent Preclean 1,558ms
[2019-04-15T14:08:17.572+0200][278,905s] GC(524) User=0,00s Sys=0,00s Real=0,00s
[2019-04-15T14:08:17.572+0200][278,905s] GC(524) Concurrent Abortable Preclean
[2019-04-15T14:08:17.670+0200][279,002s] GC(525) Pause Young (Allocation Failure)
[2019-04-15T14:08:17.670+0200][279,003s] GC(525) Using 4 workers of 4 for evacuation
[2019-04-15T14:08:17.677+0200][279,009s] GC(525) ParNew: 104523K->7230K(109248K)
[2019-04-15T14:08:17.677+0200][279,009s] GC(525) CMS: 199063K->210474K(393216K)
[2019-04-15T14:08:17.677+0200][279,009s] GC(525) Metaspace: 81330K->81330K(1124352K)
[2019-04-15T14:08:17.677+0200][279,009s] GC(525) Pause Young (Allocation Failure) 296M->212M(490M) 6,723ms
[2019-04-15T14:08:17.677+0200][279,009s] GC(525) User=0,02s Sys=0,00s Real=0,01s
[2019-04-15T14:08:17.804+0200][279,137s] GC(526) Pause Young (Allocation Failure)
[2019-04-15T14:08:17.804+0200][279,137s] GC(526) Using 4 workers of 4 for evacuation
[2019-04-15T14:08:17.809+0200][279,141s] GC(526) ParNew: 94654K->2433K(109248K)
[2019-04-15T14:08:17.809+0200][279,141s] GC(526) CMS: 210474K->210503K(393216K)
[2019-04-15T14:08:17.809+0200][279,141s] GC(526) Metaspace: 81330K->81330K(1124352K)
[2019-04-15T14:08:17.809+0200][279,141s] GC(526) Pause Young (Allocation Failure) 297M->207M(490M) 4,524ms
[2019-04-15T14:08:17.809+0200][279,141s] GC(526) User=0,02s Sys=0,00s Real=0,01s
[2019-04-15T14:08:17.809+0200][279,142s] GC(524) Concurrent Abortable Preclean 236,479ms
[2019-04-15T14:08:17.809+0200][279,142s] GC(524) User=0,29s Sys=0,01s Real=0,24s
[2019-04-15T14:08:17.809+0200][279,142s] GC(524) Pause Remark
[2019-04-15T14:08:17.858+0200][279,190s] GC(524) Pause Remark 209M->209M(490M) 48,714ms
[2019-04-15T14:08:17.858+0200][279,190s] GC(524) User=0,05s Sys=0,00s Real=0,05s
[2019-04-15T14:08:17.858+0200][279,190s] GC(524) Concurrent Sweep
[2019-04-15T14:08:17.858+0200][279,191s] GC(527) Pause Young (GCLocker Initiated GC)
[2019-04-15T14:08:17.858+0200][279,191s] GC(527) Using 4 workers of 4 for evacuation
[2019-04-15T14:08:17.862+0200][279,195s] GC(527) ParNew: 4163K->1146K(109248K)
[2019-04-15T14:08:17.862+0200][279,195s] GC(527) CMS: 210503K->210503K(393216K)
[2019-04-15T14:08:17.862+0200][279,195s] GC(527) Metaspace: 81330K->81330K(1124352K)
[2019-04-15T14:08:17.862+0200][279,195s] GC(527) Pause Young (GCLocker Initiated GC) 209M->206M(490M) 4,132ms
[2019-04-15T14:08:17.862+0200][279,195s] GC(527) User=0,02s Sys=0,00s Real=0,00s
[2019-04-15T14:08:17.923+0200][279,256s] GC(524) Concurrent Sweep 65,264ms
[2019-04-15T14:08:17.923+0200][279,256s] GC(524) User=0,13s Sys=0,00s Real=0,06s
[2019-04-15T14:08:17.923+0200][279,256s] GC(524) Concurrent Reset
[2019-04-15T14:08:17.924+0200][279,256s] GC(524) Concurrent Reset 0,314ms
[2019-04-15T14:08:17.924+0200][279,256s] GC(524) User=0,01s Sys=0,00s Real=0,00s
[2019-04-15T14:08:17.924+0200][279,256s] GC(524) Old: 199063K->111901K(393216K)
[2019-04-15T14:08:17.993+0200][279,325s] GC(528) Pause Young (Allocation Failure)
[2019-04-15T14:08:17.993+0200][279,325s] GC(528) Using 4 workers of 4 for evacuation
[2019-04-15T14:08:17.997+0200][279,330s] GC(528) ParNew: 88570K->1420K(109248K)
[2019-04-15T14:08:17.998+0200][279,330s] GC(528) CMS: 111901K->111904K(393216K)
[2019-04-15T14:08:17.998+0200][279,330s] GC(528) Metaspace: 80947K->80947K(1124352K)
[2019-04-15T14:08:17.998+0200][279,330s] GC(528) Pause Young (Allocation Failure) 195M->110M(490M) 4,797ms
[2019-04-15T14:08:17.998+0200][279,330s] GC(528) User=0,01s Sys=0,00s Real=0,01s
[2019-04-15T14:08:18.125+0200][279,458s] GC(529) Pause Young (Allocation Failure)
[2019-04-15T14:08:18.125+0200][279,458s] GC(529) Using 4 workers of 4 for evacuation
[2019-04-15T14:08:18.131+0200][279,464s] GC(529) ParNew: 88844K->1667K(109248K)
[2019-04-15T14:08:18.131+0200][279,464s] GC(529) CMS: 111904K->111909K(393216K)
[2019-04-15T14:08:18.131+0200][279,464s] GC(529) Metaspace: 80947K->80947K(1124352K)
[2019-04-15T14:08:18.131+0200][279,464s] GC(529) Pause Young (Allocation Failure) 196M->110M(490M) 6,024ms
[2019-04-15T14:08:18.131+0200][279,464s] GC(529) User=0,01s Sys=0,00s Real=0,00s
[2019-04-15T14:08:18.254+0200][279,587s] GC(530) Pause Young (Allocation Failure)
[2019-04-15T14:08:18.254+0200][279,587s] GC(530) Using 4 workers of 4 for evacuation
[2019-04-15T14:08:18.259+0200][279,592s] GC(530) ParNew: 89091K->2264K(109248K)
[2019-04-15T14:08:18.259+0200][279,592s] GC(530) CMS: 111909K->111909K(393216K)
[2019-04-15T14:08:18.259+0200][279,592s] GC(530) Metaspace: 80947K->80947K(1124352K)
[2019-04-15T14:08:18.259+0200][279,592s] GC(530) Pause Young (Allocation Failure) 196M->111M(490M) 4,859ms
[2019-04-15T14:08:18.259+0200][279,592s] GC(530) User=0,01s Sys=0,00s Real=0,00s
[2019-04-15T14:08:18.388+0200][279,721s] GC(531) Pause Young (Allocation Failure)
[2019-04-15T14:08:18.388+0200][279,721s] GC(531) Using 4 workers of 4 for evacuation
[2019-04-15T14:08:18.393+0200][279,726s] GC(531) ParNew: 89688K->2523K(109248K)
[2019-04-15T14:08:18.393+0200][279,726s] GC(531) CMS: 111909K->111911K(393216K)
[2019-04-15T14:08:18.393+0200][279,726s] GC(531) Metaspace: 80947K->80947K(1124352K)
[2019-04-15T14:08:18.393+0200][279,726s] GC(531) Pause Young (Allocation Failure) 196M->111M(490M) 5,015ms
[2019-04-15T14:08:18.393+0200][279,726s] GC(531) User=0,02s Sys=0,00s Real=0,01s
[2019-04-15T14:08:18.520+0200][279,853s] GC(532) Pause Young (Allocation Failure)
[2019-04-15T14:08:18.520+0200][279,853s] GC(532) Using 4 workers of 4 for evacuation
[2019-04-15T14:08:18.527+0200][279,859s] GC(532) ParNew: 89947K->2113K(109248K)
[2019-04-15T14:08:18.527+0200][279,859s] GC(532) CMS: 111911K->111913K(393216K)
[2019-04-15T14:08:18.527+0200][279,859s] GC(532) Metaspace: 80947K->80947K(1124352K)
[2019-04-15T14:08:18.527+0200][279,859s] GC(532) Pause Young (Allocation Failure) 197M->111M(490M) 6,826ms
[2019-04-15T14:08:18.527+0200][279,859s] GC(532) User=0,02s Sys=0,00s Real=0,01s
[2019-04-15T14:08:18.645+0200][279,978s] GC(533) Pause Young (Allocation Failure)
[2019-04-15T14:08:18.645+0200][279,978s] GC(533) Using 4 workers of 4 for evacuation
[2019-04-15T14:08:18.650+0200][279,983s] GC(533) ParNew: 89537K->2100K(109248K)
[2019-04-15T14:08:18.650+0200][279,983s] GC(533) CMS: 111913K->111914K(393216K)
[2019-04-15T14:08:18.650+0200][279,983s] GC(533) Metaspace: 80947K->80947K(1124352K)
[2019-04-15T14:08:18.650+0200][279,983s] GC(533) Pause Young (Allocation Failure) 196M->111M(490M) 5,482ms
[2019-04-15T14:08:18.651+0200][279,983s] GC(533) User=0,02s Sys=0,00s Real=0,00s
[2019-04-15T14:08:18.779+0200][280,112s] GC(534) Pause Young (Allocation Failure)
[2019-04-15T14:08:18.779+0200][280,112s] GC(534) Using 4 workers of 4 for evacuation
[2019-04-15T14:08:18.789+0200][280,122s] GC(534) ParNew: 89524K->2381K(109248K)
[2019-04-15T14:08:18.789+0200][280,122s] GC(534) CMS: 111914K->111915K(393216K)
[2019-04-15T14:08:18.789+0200][280,122s] GC(534) Metaspace: 80947K->80947K(1124352K)
[2019-04-15T14:08:18.789+0200][280,122s] GC(534) Pause Young (Allocation Failure) 196M->111M(490M) 10,158ms
[2019-04-15T14:08:18.789+0200][280,122s] GC(534) User=0,02s Sys=0,00s Real=0,01s
[2019-04-15T14:08:18.919+0200][280,252s] GC(535) Pause Young (Allocation Failure)
[2019-04-15T14:08:18.919+0200][280,252s] GC(535) Using 4 workers of 4 for evacuation
[2019-04-15T14:08:18.924+0200][280,257s] GC(535) ParNew: 89805K->2029K(109248K)
[2019-04-15T14:08:18.924+0200][280,257s] GC(535) CMS: 111915K->111915K(393216K)
[2019-04-15T14:08:18.924+0200][280,257s] GC(535) Metaspace: 80947K->80947K(1124352K)
[2019-04-15T14:08:18.924+0200][280,257s] GC(535) Pause Young (Allocation Failure) 196M->111M(490M) 5,481ms
[2019-04-15T14:08:18.925+0200][280,257s] GC(535) User=0,02s Sys=0,00s Real=0,00s
[2019-04-15T14:08:19.071+0200][280,404s] GC(536) Pause Young (Allocation Failure)
[2019-04-15T14:08:19.071+0200][280,404s] GC(536) Using 4 workers of 4 for evacuation
[2019-04-15T14:08:19.080+0200][280,412s] GC(536) ParNew: 89453K->2240K(109248K)
[2019-04-15T14:08:19.080+0200][280,412s] GC(536) CMS: 111915K->111916K(393216K)
[2019-04-15T14:08:19.080+0200][280,412s] GC(536) Metaspace: 80947K->80947K(1124352K)
[2019-04-15T14:08:19.080+0200][280,412s] GC(536) Pause Young (Allocation Failure) 196M->111M(490M) 8,796ms
[2019-04-15T14:08:19.080+0200][280,412s] GC(536) User=0,03s Sys=0,00s Real=0,01s
[2019-04-15T14:08:19.234+0200][280,566s] GC(537) Pause Young (Allocation Failure)
[2019-04-15T14:08:19.234+0200][280,567s] GC(537) Using 4 workers of 4 for evacuation
[2019-04-15T14:08:19.239+0200][280,572s] GC(537) ParNew: 89664K->1987K(109248K)
[2019-04-15T14:08:19.239+0200][280,572s] GC(537) CMS: 111916K->111917K(393216K)
[2019-04-15T14:08:19.239+0200][280,572s] GC(537) Metaspace: 80947K->80947K(1124352K)
[2019-04-15T14:08:19.239+0200][280,572s] GC(537) Pause Young (Allocation Failure) 196M->111M(490M) 5,089ms
[2019-04-15T14:08:19.239+0200][280,572s] GC(537) User=0,01s Sys=0,00s Real=0,00s
[2019-04-15T14:08:19.374+0200][280,706s] GC(538) Pause Young (Allocation Failure)
[2019-04-15T14:08:19.374+0200][280,706s] GC(538) Using 4 workers of 4 for evacuation
[2019-04-15T14:08:19.379+0200][280,711s] GC(538) ParNew: 89411K->996K(109248K)
[2019-04-15T14:08:19.379+0200][280,711s] GC(538) CMS: 111917K->112942K(393216K)
[2019-04-15T14:08:19.379+0200][280,711s] GC(538) Metaspace: 80947K->80947K(1124352K)
[2019-04-15T14:08:19.379+0200][280,711s] GC(538) Pause Young (Allocation Failure) 196M->111M(490M) 4,947ms
[2019-04-15T14:08:19.379+0200][280,711s] GC(538) User=0,01s Sys=0,00s Real=0,00s
[2019-04-15T14:08:19.509+0200][280,841s] GC(539) Pause Young (Allocation Failure)
[2019-04-15T14:08:19.509+0200][280,841s] GC(539) Using 4 workers of 4 for evacuation
[2019-04-15T14:08:19.514+0200][280,846s] GC(539) ParNew: 88420K->1024K(109248K)
[2019-04-15T14:08:19.514+0200][280,846s] GC(539) CMS: 112942K->112943K(393216K)
[2019-04-15T14:08:19.514+0200][280,846s] GC(539) Metaspace: 80948K->80948K(1124352K)
[2019-04-15T14:08:19.514+0200][280,846s] GC(539) Pause Young (Allocation Failure) 196M->111M(490M) 4,921ms
[2019-04-15T14:08:19.514+0200][280,846s] GC(539) User=0,01s Sys=0,00s Real=0,01s
[2019-04-15T14:08:19.641+0200][280,973s] GC(540) Pause Young (Allocation Failure)
[2019-04-15T14:08:19.641+0200][280,973s] GC(540) Using 4 workers of 4 for evacuation
[2019-04-15T14:08:19.643+0200][280,976s] GC(540) ParNew: 88448K->457K(109248K)
[2019-04-15T14:08:19.643+0200][280,976s] GC(540) CMS: 112943K->112944K(393216K)
[2019-04-15T14:08:19.643+0200][280,976s] GC(540) Metaspace: 80949K->80949K(1124352K)
[2019-04-15T14:08:19.643+0200][280,976s] GC(540) Pause Young (Allocation Failure) 196M->110M(490M) 2,770ms
[2019-04-15T14:08:19.643+0200][280,976s] GC(540) User=0,01s Sys=0,00s Real=0,00s
[2019-04-15T14:08:19.770+0200][281,102s] GC(541) Pause Young (Allocation Failure)
[2019-04-15T14:08:19.770+0200][281,102s] GC(541) Using 4 workers of 4 for evacuation
[2019-04-15T14:08:19.775+0200][281,107s] GC(541) ParNew: 87881K->762K(109248K)
[2019-04-15T14:08:19.775+0200][281,107s] GC(541) CMS: 112944K->112945K(393216K)
[2019-04-15T14:08:19.775+0200][281,107s] GC(541) Metaspace: 80949K->80949K(1124352K)
[2019-04-15T14:08:19.775+0200][281,107s] GC(541) Pause Young (Allocation Failure) 196M->111M(490M) 4,964ms
[2019-04-15T14:08:19.775+0200][281,107s] GC(541) User=0,01s Sys=0,00s Real=0,01s
[2019-04-15T14:08:19.917+0200][281,249s] GC(542) Pause Young (Allocation Failure)
[2019-04-15T14:08:19.917+0200][281,250s] GC(542) Using 4 workers of 4 for evacuation
[2019-04-15T14:08:19.924+0200][281,256s] GC(542) ParNew: 88186K->7722K(109248K)
[2019-04-15T14:08:19.924+0200][281,256s] GC(542) CMS: 112945K->112946K(393216K)
[2019-04-15T14:08:19.924+0200][281,256s] GC(542) Metaspace: 80949K->80949K(1124352K)
[2019-04-15T14:08:19.924+0200][281,256s] GC(542) Pause Young (Allocation Failure) 196M->117M(490M) 6,707ms
[2019-04-15T14:08:19.924+0200][281,256s] GC(542) User=0,02s Sys=0,00s Real=0,00s
[2019-04-15T14:08:20.012+0200][281,345s] GC(543) Pause Young (Allocation Failure)
[2019-04-15T14:08:20.012+0200][281,345s] GC(543) Using 4 workers of 4 for evacuation
[2019-04-15T14:08:20.025+0200][281,357s] GC(543) ParNew: 95146K->12008K(109248K)
[2019-04-15T14:08:20.025+0200][281,357s] GC(543) CMS: 112946K->112947K(393216K)
[2019-04-15T14:08:20.025+0200][281,357s] GC(543) Metaspace: 80949K->80949K(1124352K)
[2019-04-15T14:08:20.025+0200][281,357s] GC(543) Pause Young (Allocation Failure) 203M->122M(490M) 12,756ms
[2019-04-15T14:08:20.025+0200][281,357s] GC(543) User=0,02s Sys=0,00s Real=0,01s
[2019-04-15T14:08:20.102+0200][281,434s] GC(544) Pause Young (Allocation Failure)
[2019-04-15T14:08:20.102+0200][281,434s] GC(544) Using 4 workers of 4 for evacuation
[2019-04-15T14:08:20.111+0200][281,443s] GC(544) ParNew: 99432K->15457K(109248K)
[2019-04-15T14:08:20.111+0200][281,443s] GC(544) CMS: 112947K->112948K(393216K)
[2019-04-15T14:08:20.111+0200][281,443s] GC(544) Metaspace: 80949K->80949K(1124352K)
[2019-04-15T14:08:20.111+0200][281,443s] GC(544) Pause Young (Allocation Failure) 207M->125M(490M) 9,089ms
[2019-04-15T14:08:20.111+0200][281,443s] GC(544) User=0,02s Sys=0,00s Real=0,01s
[2019-04-15T14:08:20.200+0200][281,532s] GC(545) Pause Young (Allocation Failure)
[2019-04-15T14:08:20.200+0200][281,532s] GC(545) Using 4 workers of 4 for evacuation
[2019-04-15T14:08:20.211+0200][281,544s] GC(545) ParNew: 102881K->14002K(109248K)
[2019-04-15T14:08:20.211+0200][281,544s] GC(545) CMS: 112948K->112949K(393216K)
[2019-04-15T14:08:20.211+0200][281,544s] GC(545) Metaspace: 80949K->80949K(1124352K)
[2019-04-15T14:08:20.211+0200][281,544s] GC(545) Pause Young (Allocation Failure) 210M->123M(490M) 11,732ms
[2019-04-15T14:08:20.211+0200][281,544s] GC(545) User=0,04s Sys=0,00s Real=0,01s
[2019-04-15T14:08:20.435+0200][281,767s] GC(546) Pause Young (Allocation Failure)
[2019-04-15T14:08:20.435+0200][281,767s] GC(546) Using 4 workers of 4 for evacuation
[2019-04-15T14:08:20.455+0200][281,787s] GC(546) ParNew: 101426K->21824K(109248K)
[2019-04-15T14:08:20.455+0200][281,787s] GC(546) CMS: 112949K->120238K(393216K)
[2019-04-15T14:08:20.455+0200][281,787s] GC(546) Metaspace: 80949K->80949K(1124352K)
[2019-04-15T14:08:20.455+0200][281,787s] GC(546) Pause Young (Allocation Failure) 209M->138M(490M) 20,234ms
[2019-04-15T14:08:20.455+0200][281,787s] GC(546) User=0,05s Sys=0,00s Real=0,02s
[2019-04-15T14:08:20.949+0200][282,281s] GC(547) Pause Young (Allocation Failure)
[2019-04-15T14:08:20.949+0200][282,282s] GC(547) Using 4 workers of 4 for evacuation
[2019-04-15T14:08:21.008+0200][282,341s] GC(547) ParNew: 109248K->21824K(109248K)
[2019-04-15T14:08:21.008+0200][282,341s] GC(547) CMS: 120238K->200560K(393216K)
[2019-04-15T14:08:21.008+0200][282,341s] GC(547) Metaspace: 80949K->80949K(1124352K)
[2019-04-15T14:08:21.008+0200][282,341s] GC(547) Pause Young (Allocation Failure) 224M->217M(490M) 59,227ms
[2019-04-15T14:08:21.008+0200][282,341s] GC(547) User=0,08s Sys=0,00s Real=0,06s
[2019-04-15T14:08:21.009+0200][282,341s] GC(548) Pause Initial Mark
[2019-04-15T14:08:21.011+0200][282,344s] GC(548) Pause Initial Mark 218M->218M(490M) 2,286ms
[2019-04-15T14:08:21.011+0200][282,344s] GC(548) User=0,00s Sys=0,00s Real=0,00s
[2019-04-15T14:08:21.011+0200][282,344s] GC(548) Concurrent Mark
[2019-04-15T14:08:21.011+0200][282,344s] GC(548) Using 4 workers of 4 for marking
[2019-04-15T14:08:21.076+0200][282,408s] GC(548) Concurrent Mark 64,545ms
[2019-04-15T14:08:21.076+0200][282,408s] GC(548) User=0,15s Sys=0,02s Real=0,07s
[2019-04-15T14:08:21.076+0200][282,408s] GC(548) Concurrent Preclean
[2019-04-15T14:08:21.077+0200][282,409s] GC(548) Concurrent Preclean 1,108ms
[2019-04-15T14:08:21.077+0200][282,410s] GC(548) User=0,00s Sys=0,01s Real=0,00s
[2019-04-15T14:08:21.077+0200][282,410s] GC(548) Concurrent Abortable Preclean
[2019-04-15T14:08:21.569+0200][282,902s] GC(549) Pause Young (Allocation Failure)
[2019-04-15T14:08:21.570+0200][282,902s] GC(549) Using 4 workers of 4 for evacuation
[2019-04-15T14:08:21.602+0200][282,935s] GC(548) Concurrent Abortable Preclean 525,091ms
[2019-04-15T14:08:21.602+0200][282,935s] GC(548) User=0,33s Sys=0,18s Real=0,52s
[2019-04-15T14:08:21.606+0200][282,939s] GC(549) ParNew: 109248K->21824K(109248K)
[2019-04-15T14:08:21.606+0200][282,939s] GC(549) CMS: 200560K->281530K(393216K)
[2019-04-15T14:08:21.606+0200][282,939s] GC(549) Metaspace: 80950K->80950K(1124352K)
[2019-04-15T14:08:21.606+0200][282,939s] GC(549) Pause Young (Allocation Failure) 302M->296M(490M) 36,916ms
[2019-04-15T14:08:21.606+0200][282,939s] GC(549) User=0,07s Sys=0,00s Real=0,04s
[2019-04-15T14:08:21.606+0200][282,939s] GC(548) Pause Remark
[2019-04-15T14:08:21.606+0200][282,939s] GC(550) Pause Young (CMS Final Remark)
[2019-04-15T14:08:21.606+0200][282,939s] GC(550) Using 4 workers of 4 for evacuation
[2019-04-15T14:08:21.626+0200][282,959s] GC(550) ParNew: 21830K->21824K(109248K)
[2019-04-15T14:08:21.627+0200][282,959s] GC(550) CMS: 281530K->292019K(393216K)
[2019-04-15T14:08:21.627+0200][282,959s] GC(550) Metaspace: 80950K->80950K(1124352K)
[2019-04-15T14:08:21.627+0200][282,959s] GC(550) Pause Young (CMS Final Remark) 296M->306M(490M) 20,091ms
[2019-04-15T14:08:21.627+0200][282,959s] GC(550) User=0,05s Sys=0,00s Real=0,02s
[2019-04-15T14:08:21.665+0200][282,997s] GC(548) Pause Remark 296M->306M(490M) 58,142ms
[2019-04-15T14:08:21.665+0200][282,997s] GC(548) User=0,11s Sys=0,00s Real=0,05s
[2019-04-15T14:08:21.665+0200][282,997s] GC(548) Concurrent Sweep
[2019-04-15T14:08:21.714+0200][283,046s] GC(548) Concurrent Sweep 48,982ms
[2019-04-15T14:08:21.714+0200][283,046s] GC(548) User=0,07s Sys=0,02s Real=0,06s
[2019-04-15T14:08:21.714+0200][283,046s] GC(548) Concurrent Reset
[2019-04-15T14:08:21.714+0200][283,047s] GC(548) Concurrent Reset 0,363ms
[2019-04-15T14:08:21.714+0200][283,047s] GC(548) User=0,00s Sys=0,00s Real=0,00s
[2019-04-15T14:08:21.714+0200][283,047s] GC(548) Old: 200560K->279083K(393216K)
[2019-04-15T14:08:22.264+0200][283,597s] GC(551) Pause Young (Allocation Failure)
[2019-04-15T14:08:22.264+0200][283,597s] GC(551) Using 4 workers of 4 for evacuation
[2019-04-15T14:08:22.308+0200][283,641s] GC(551) ParNew: 109248K->21824K(109248K)
[2019-04-15T14:08:22.308+0200][283,641s] GC(551) CMS: 279083K->350850K(393216K)
[2019-04-15T14:08:22.308+0200][283,641s] GC(551) Metaspace: 80950K->80950K(1124352K)
[2019-04-15T14:08:22.308+0200][283,641s] GC(551) Pause Young (Allocation Failure) 379M->363M(490M) 43,571ms
[2019-04-15T14:08:22.308+0200][283,641s] GC(551) User=0,11s Sys=0,00s Real=0,05s
[2019-04-15T14:08:22.308+0200][283,641s] GC(552) Pause Initial Mark
[2019-04-15T14:08:22.310+0200][283,642s] GC(552) Pause Initial Mark 363M->363M(490M) 1,409ms
[2019-04-15T14:08:22.310+0200][283,642s] GC(552) User=0,00s Sys=0,00s Real=0,00s
[2019-04-15T14:08:22.310+0200][283,642s] GC(552) Concurrent Mark
[2019-04-15T14:08:22.310+0200][283,642s] GC(552) Using 4 workers of 4 for marking
[2019-04-15T14:08:22.371+0200][283,703s] GC(552) Concurrent Mark 60,865ms
[2019-04-15T14:08:22.371+0200][283,703s] GC(552) User=0,17s Sys=0,01s Real=0,06s
[2019-04-15T14:08:22.371+0200][283,703s] GC(552) Concurrent Preclean
[2019-04-15T14:08:22.372+0200][283,705s] GC(552) Concurrent Preclean 1,483ms
[2019-04-15T14:08:22.372+0200][283,705s] GC(552) User=0,00s Sys=0,00s Real=0,00s
[2019-04-15T14:08:22.372+0200][283,705s] GC(552) Concurrent Abortable Preclean
[2019-04-15T14:08:22.433+0200][283,765s] GC(553) Pause Young (Allocation Failure)
[2019-04-15T14:08:22.433+0200][283,766s] GC(553) Using 4 workers of 4 for evacuation
[2019-04-15T14:08:22.433+0200][283,766s] GC(554) Pause Full (Allocation Failure)
[2019-04-15T14:08:22.435+0200][283,768s] GC(552) Concurrent Abortable Preclean 62,812ms
[2019-04-15T14:08:22.435+0200][283,768s] GC(552) User=0,06s Sys=0,02s Real=0,07s
[2019-04-15T14:08:22.436+0200][283,769s] GC(554) Phase 1: Mark live objects
[2019-04-15T14:08:22.531+0200][283,864s] GC(554) Phase 1: Mark live objects 95,215ms
[2019-04-15T14:08:22.531+0200][283,864s] GC(554) Phase 2: Compute new object addresses
[2019-04-15T14:08:22.579+0200][283,912s] GC(554) Phase 2: Compute new object addresses 47,888ms
[2019-04-15T14:08:22.579+0200][283,912s] GC(554) Phase 3: Adjust pointers
[2019-04-15T14:08:22.654+0200][283,987s] GC(554) Phase 3: Adjust pointers 74,507ms
[2019-04-15T14:08:22.654+0200][283,987s] GC(554) Phase 4: Move objects
[2019-04-15T14:08:22.789+0200][284,121s] GC(554) Phase 4: Move objects 134,638ms
[2019-04-15T14:08:22.790+0200][284,123s] GC(554) Pause Full (Allocation Failure) 449M->426M(490M) 356,886ms
[2019-04-15T14:08:22.790+0200][284,123s] GC(553) ParNew: 109248K->43637K(109248K)
[2019-04-15T14:08:22.790+0200][284,123s] GC(553) CMS: 350850K->393214K(393216K)
[2019-04-15T14:08:22.790+0200][284,123s] GC(553) Metaspace: 80950K->80950K(1124352K)
[2019-04-15T14:08:22.790+0200][284,123s] GC(553) Pause Young (Allocation Failure) 449M->426M(490M) 357,465ms
[2019-04-15T14:08:22.790+0200][284,123s] GC(553) User=0,37s Sys=0,01s Real=0,36s
[2019-04-15T14:08:22.823+0200][284,156s] GC(555) Pause Full (Allocation Failure)
[2019-04-15T14:08:22.823+0200][284,156s] GC(555) Phase 1: Mark live objects
[2019-04-15T14:08:22.913+0200][284,245s] GC(555) Phase 1: Mark live objects 89,069ms
[2019-04-15T14:08:22.913+0200][284,245s] GC(555) Phase 2: Compute new object addresses
[2019-04-15T14:08:22.955+0200][284,288s] GC(555) Phase 2: Compute new object addresses 42,463ms
[2019-04-15T14:08:22.955+0200][284,288s] GC(555) Phase 3: Adjust pointers
[2019-04-15T14:08:23.024+0200][284,357s] GC(555) Phase 3: Adjust pointers 68,964ms
[2019-04-15T14:08:23.024+0200][284,357s] GC(555) Phase 4: Move objects
[2019-04-15T14:08:23.120+0200][284,452s] GC(555) Phase 4: Move objects 95,651ms
[2019-04-15T14:08:23.121+0200][284,453s] GC(555) ParNew: 109244K->106254K(109248K)
[2019-04-15T14:08:23.121+0200][284,453s] GC(555) CMS: 393214K->393212K(393216K)
[2019-04-15T14:08:23.121+0200][284,453s] GC(555) Metaspace: 80950K->80950K(1124352K)
[2019-04-15T14:08:23.121+0200][284,453s] GC(555) Pause Full (Allocation Failure) 490M->487M(490M) 297,557ms
[2019-04-15T14:08:23.121+0200][284,453s] GC(555) User=0,30s Sys=0,00s Real=0,30s
[2019-04-15T14:08:23.121+0200][284,453s] GC(556) Pause Initial Mark
[2019-04-15T14:08:23.124+0200][284,457s] GC(556) Pause Initial Mark 487M->487M(490M) 3,157ms
[2019-04-15T14:08:23.124+0200][284,457s] GC(556) User=0,01s Sys=0,00s Real=0,00s
[2019-04-15T14:08:23.124+0200][284,457s] GC(556) Concurrent Mark
[2019-04-15T14:08:23.124+0200][284,457s] GC(556) Using 4 workers of 4 for marking
[2019-04-15T14:08:23.128+0200][284,461s] GC(557) Pause Full (Allocation Failure)
[2019-04-15T14:08:23.166+0200][284,499s] GC(556) Concurrent Mark 42,312ms
[2019-04-15T14:08:23.167+0200][284,499s] GC(556) User=0,14s Sys=0,00s Real=0,05s
[2019-04-15T14:08:23.167+0200][284,499s] GC(557) Phase 1: Mark live objects
[2019-04-15T14:08:23.263+0200][284,596s] GC(557) Phase 1: Mark live objects 96,434ms
[2019-04-15T14:08:23.263+0200][284,596s] GC(557) Phase 2: Compute new object addresses
[2019-04-15T14:08:23.308+0200][284,641s] GC(557) Phase 2: Compute new object addresses 44,855ms
[2019-04-15T14:08:23.308+0200][284,641s] GC(557) Phase 3: Adjust pointers
[2019-04-15T14:08:23.379+0200][284,712s] GC(557) Phase 3: Adjust pointers 71,166ms
[2019-04-15T14:08:23.379+0200][284,712s] GC(557) Phase 4: Move objects
[2019-04-15T14:08:23.502+0200][284,835s] GC(557) Phase 4: Move objects 122,924ms
[2019-04-15T14:08:23.505+0200][284,837s] GC(557) ParNew: 109246K->108937K(109248K)
[2019-04-15T14:08:23.505+0200][284,837s] GC(557) CMS: 393212K->393215K(393216K)
[2019-04-15T14:08:23.505+0200][284,837s] GC(557) Metaspace: 80950K->80950K(1124352K)
[2019-04-15T14:08:23.505+0200][284,838s] GC(557) Pause Full (Allocation Failure) 490M->490M(490M) 376,725ms
[2019-04-15T14:08:23.505+0200][284,838s] GC(557) User=0,47s Sys=0,00s Real=0,38s
[2019-04-15T14:08:23.506+0200][284,838s] GC(558) Pause Full (Allocation Failure)
[2019-04-15T14:08:23.506+0200][284,839s] GC(558) Phase 1: Mark live objects
[2019-04-15T14:08:23.599+0200][284,931s] GC(558) Phase 1: Mark live objects 92,540ms
[2019-04-15T14:08:23.599+0200][284,931s] GC(558) Phase 2: Compute new object addresses
[2019-04-15T14:08:23.638+0200][284,970s] GC(558) Phase 2: Compute new object addresses 39,014ms
[2019-04-15T14:08:23.638+0200][284,970s] GC(558) Phase 3: Adjust pointers
[2019-04-15T14:08:23.706+0200][285,039s] GC(558) Phase 3: Adjust pointers 68,297ms
[2019-04-15T14:08:23.706+0200][285,039s] GC(558) Phase 4: Move objects
[2019-04-15T14:08:23.831+0200][285,164s] GC(558) Phase 4: Move objects 125,051ms
[2019-04-15T14:08:23.833+0200][285,166s] GC(558) ParNew: 109244K->109106K(109248K)
[2019-04-15T14:08:23.833+0200][285,166s] GC(558) CMS: 393215K->393215K(393216K)
[2019-04-15T14:08:23.833+0200][285,166s] GC(558) Metaspace: 80915K->80915K(1124352K)
[2019-04-15T14:08:23.833+0200][285,166s] GC(558) Pause Full (Allocation Failure) 490M->490M(490M) 327,815ms
[2019-04-15T14:08:23.833+0200][285,166s] GC(558) User=0,33s Sys=0,00s Real=0,33s
[2019-04-15T14:08:23.834+0200][285,167s] GC(559) Pause Initial Mark
[2019-04-15T14:08:23.838+0200][285,171s] GC(559) Pause Initial Mark 490M->490M(490M) 4,428ms
[2019-04-15T14:08:23.839+0200][285,171s] GC(559) User=0,01s Sys=0,00s Real=0,00s
[2019-04-15T14:08:23.839+0200][285,171s] GC(559) Concurrent Mark
[2019-04-15T14:08:23.839+0200][285,171s] GC(559) Using 4 workers of 4 for marking
[2019-04-15T14:08:23.845+0200][285,177s] GC(560) Pause Full (Allocation Failure)
[2019-04-15T14:08:23.881+0200][285,213s] GC(559) Concurrent Mark 42,155ms
[2019-04-15T14:08:23.881+0200][285,213s] GC(559) User=0,14s Sys=0,00s Real=0,04s
[2019-04-15T14:08:23.881+0200][285,214s] GC(560) Phase 1: Mark live objects
[2019-04-15T14:08:23.964+0200][285,296s] GC(560) Phase 1: Mark live objects 82,500ms
[2019-04-15T14:08:23.964+0200][285,296s] GC(560) Phase 2: Compute new object addresses
[2019-04-15T14:08:24.009+0200][285,341s] GC(560) Phase 2: Compute new object addresses 44,955ms
[2019-04-15T14:08:24.009+0200][285,341s] GC(560) Phase 3: Adjust pointers
[2019-04-15T14:08:24.086+0200][285,418s] GC(560) Phase 3: Adjust pointers 77,045ms
[2019-04-15T14:08:24.086+0200][285,418s] GC(560) Phase 4: Move objects
[2019-04-15T14:08:24.183+0200][285,515s] GC(560) Phase 4: Move objects 97,015ms
[2019-04-15T14:08:24.184+0200][285,516s] GC(560) ParNew: 109247K->109225K(109248K)
[2019-04-15T14:08:24.184+0200][285,516s] GC(560) CMS: 393215K->393215K(393216K)
[2019-04-15T14:08:24.184+0200][285,516s] GC(560) Metaspace: 80911K->80911K(1124352K)
[2019-04-15T14:08:24.184+0200][285,516s] GC(560) Pause Full (Allocation Failure) 490M->490M(490M) 338,901ms
[2019-04-15T14:08:24.184+0200][285,516s] GC(560) User=0,41s Sys=0,01s Real=0,34s
[2019-04-15T14:08:24.184+0200][285,517s] GC(561) Pause Full (Allocation Failure)
[2019-04-15T14:08:24.184+0200][285,517s] GC(561) Phase 1: Mark live objects
[2019-04-15T14:08:24.271+0200][285,604s] GC(561) Phase 1: Mark live objects 87,057ms
[2019-04-15T14:08:24.271+0200][285,604s] GC(561) Phase 2: Compute new object addresses
[2019-04-15T14:08:24.320+0200][285,652s] GC(561) Phase 2: Compute new object addresses 48,100ms
[2019-04-15T14:08:24.320+0200][285,652s] GC(561) Phase 3: Adjust pointers
[2019-04-15T14:08:24.388+0200][285,721s] GC(561) Phase 3: Adjust pointers 68,814ms
[2019-04-15T14:08:24.388+0200][285,721s] GC(561) Phase 4: Move objects
[2019-04-15T14:08:24.461+0200][285,794s] GC(561) Phase 4: Move objects 73,041ms
[2019-04-15T14:08:24.463+0200][285,796s] GC(561) ParNew: 109246K->109245K(109248K)
[2019-04-15T14:08:24.464+0200][285,796s] GC(561) CMS: 393215K->393214K(393216K)
[2019-04-15T14:08:24.464+0200][285,796s] GC(561) Metaspace: 80911K->80911K(1124352K)
[2019-04-15T14:08:24.464+0200][285,796s] GC(561) Pause Full (Allocation Failure) 490M->490M(490M) 279,629ms
[2019-04-15T14:08:24.464+0200][285,796s] GC(561) User=0,28s Sys=0,00s Real=0,28s
[2019-04-15T14:08:24.464+0200][285,796s] GC(562) Pause Full (Allocation Failure)
[2019-04-15T14:08:24.464+0200][285,797s] GC(562) Phase 1: Mark live objects
[2019-04-15T14:08:24.562+0200][285,895s] GC(562) Phase 1: Mark live objects 98,005ms
[2019-04-15T14:08:24.562+0200][285,895s] GC(562) Phase 2: Compute new object addresses
[2019-04-15T14:08:24.604+0200][285,937s] GC(562) Phase 2: Compute new object addresses 42,160ms
[2019-04-15T14:08:24.604+0200][285,937s] GC(562) Phase 3: Adjust pointers
[2019-04-15T14:08:24.673+0200][286,006s] GC(562) Phase 3: Adjust pointers 68,694ms
[2019-04-15T14:08:24.673+0200][286,006s] GC(562) Phase 4: Move objects
[2019-04-15T14:08:24.796+0200][286,129s] GC(562) Phase 4: Move objects 123,179ms
[2019-04-15T14:08:24.805+0200][286,138s] GC(562) ParNew: 109245K->108143K(109248K)
[2019-04-15T14:08:24.805+0200][286,138s] GC(562) CMS: 393214K->393213K(393216K)
[2019-04-15T14:08:24.805+0200][286,138s] GC(562) Metaspace: 80911K->80911K(1124352K)
[2019-04-15T14:08:24.805+0200][286,138s] GC(562) Pause Full (Allocation Failure) 490M->489M(490M) 341,725ms
[2019-04-15T14:08:24.805+0200][286,138s] GC(562) User=0,34s Sys=0,00s Real=0,35s
[2019-04-15T14:08:24.806+0200][286,138s] GC(563) Pause Initial Mark
[2019-04-15T14:08:24.810+0200][286,142s] GC(563) Pause Initial Mark 489M->489M(490M) 4,072ms
[2019-04-15T14:08:24.810+0200][286,142s] GC(563) User=0,01s Sys=0,00s Real=0,00s
[2019-04-15T14:08:24.811+0200][286,144s] GC(563) Concurrent Mark
[2019-04-15T14:08:24.811+0200][286,144s] GC(563) Using 4 workers of 4 for marking
[2019-04-15T14:08:24.813+0200][286,145s] GC(564) Pause Full (Allocation Failure)
[2019-04-15T14:08:24.855+0200][286,187s] GC(563) Concurrent Mark 43,839ms
[2019-04-15T14:08:24.855+0200][286,188s] GC(563) User=0,14s Sys=0,00s Real=0,05s
[2019-04-15T14:08:24.855+0200][286,188s] GC(564) Phase 1: Mark live objects
[2019-04-15T14:08:24.954+0200][286,287s] GC(564) Phase 1: Mark live objects 99,223ms
[2019-04-15T14:08:24.954+0200][286,287s] GC(564) Phase 2: Compute new object addresses
[2019-04-15T14:08:24.999+0200][286,332s] GC(564) Phase 2: Compute new object addresses 44,626ms
[2019-04-15T14:08:24.999+0200][286,332s] GC(564) Phase 3: Adjust pointers
[2019-04-15T14:08:25.071+0200][286,404s] GC(564) Phase 3: Adjust pointers 71,929ms
[2019-04-15T14:08:25.071+0200][286,404s] GC(564) Phase 4: Move objects
[2019-04-15T14:08:25.129+0200][286,462s] GC(564) Phase 4: Move objects 58,156ms
[2019-04-15T14:08:25.130+0200][286,463s] GC(564) ParNew: 109247K->109196K(109248K)
[2019-04-15T14:08:25.130+0200][286,463s] GC(564) CMS: 393213K->393213K(393216K)
[2019-04-15T14:08:25.130+0200][286,463s] GC(564) Metaspace: 80882K->80882K(1124352K)
[2019-04-15T14:08:25.130+0200][286,463s] GC(564) Pause Full (Allocation Failure) 490M->490M(490M) 317,282ms
[2019-04-15T14:08:25.130+0200][286,463s] GC(564) User=0,41s Sys=0,00s Real=0,32s
[2019-04-15T14:08:25.130+0200][286,463s] GC(565) Pause Full (Allocation Failure)
[2019-04-15T14:08:25.131+0200][286,463s] GC(565) Phase 1: Mark live objects
[2019-04-15T14:08:25.212+0200][286,544s] GC(565) Phase 1: Mark live objects 80,830ms
[2019-04-15T14:08:25.212+0200][286,544s] GC(565) Phase 2: Compute new object addresses
[2019-04-15T14:08:25.253+0200][286,586s] GC(565) Phase 2: Compute new object addresses 41,474ms
[2019-04-15T14:08:25.253+0200][286,586s] GC(565) Phase 3: Adjust pointers
[2019-04-15T14:08:25.321+0200][286,653s] GC(565) Phase 3: Adjust pointers 67,564ms
[2019-04-15T14:08:25.321+0200][286,654s] GC(565) Phase 4: Move objects
[2019-04-15T14:08:25.392+0200][286,724s] GC(565) Phase 4: Move objects 70,790ms
[2019-04-15T14:08:25.393+0200][286,726s] GC(565) ParNew: 109244K->109244K(109248K)
[2019-04-15T14:08:25.393+0200][286,726s] GC(565) CMS: 393213K->393212K(393216K)
[2019-04-15T14:08:25.393+0200][286,726s] GC(565) Metaspace: 80882K->80882K(1124352K)
[2019-04-15T14:08:25.393+0200][286,726s] GC(565) Pause Full (Allocation Failure) 490M->490M(490M) 262,698ms
[2019-04-15T14:08:25.393+0200][286,726s] GC(565) User=0,26s Sys=0,00s Real=0,27s
[2019-04-15T14:08:25.393+0200][286,726s] GC(566) Pause Full (Allocation Failure)
[2019-04-15T14:08:25.394+0200][286,726s] GC(566) Phase 1: Mark live objects
[2019-04-15T14:08:25.486+0200][286,819s] GC(566) Phase 1: Mark live objects 92,166ms
[2019-04-15T14:08:25.486+0200][286,819s] GC(566) Phase 2: Compute new object addresses
[2019-04-15T14:08:25.535+0200][286,867s] GC(566) Phase 2: Compute new object addresses 48,888ms
[2019-04-15T14:08:25.535+0200][286,867s] GC(566) Phase 3: Adjust pointers
[2019-04-15T14:08:25.601+0200][286,933s] GC(566) Phase 3: Adjust pointers 65,908ms
[2019-04-15T14:08:25.601+0200][286,933s] GC(566) Phase 4: Move objects
[2019-04-15T14:08:25.601+0200][286,933s] GC(566) Phase 4: Move objects 0,018ms
[2019-04-15T14:08:25.601+0200][286,934s] GC(566) ParNew: 109244K->109244K(109248K)
[2019-04-15T14:08:25.601+0200][286,934s] GC(566) CMS: 393212K->393212K(393216K)
[2019-04-15T14:08:25.601+0200][286,934s] GC(566) Metaspace: 80882K->80882K(1124352K)
[2019-04-15T14:08:25.601+0200][286,934s] GC(566) Pause Full (Allocation Failure) 490M->490M(490M) 208,276ms
[2019-04-15T14:08:25.602+0200][286,934s] GC(566) User=0,21s Sys=0,00s Real=0,20s
