[2019-04-15T13:59:33.612+0200][0.006s] Using Concurrent Mark Sweep
[2019-04-15T13:59:33.612+0200][0.006s] Heap address: 0x00000000e0000000, size: 512 MB, Compressed Oops mode: 32-bit
[2019-04-15T13:59:34.976+0200][1,370s] GC(0) Pause Young (Allocation Failure)
[2019-04-15T13:59:34.976+0200][1,370s] GC(0) Using 4 workers of 4 for evacuation
[2019-04-15T13:59:34.994+0200][1,388s] GC(0) ParNew: 87424K->11023K(109248K)
[2019-04-15T13:59:34.994+0200][1,388s] GC(0) CMS: 0K->0K(393216K)
[2019-04-15T13:59:34.994+0200][1,388s] GC(0) Metaspace: 23582K->23582K(1071104K)
[2019-04-15T13:59:34.994+0200][1,388s] GC(0) Pause Young (Allocation Failure) 85M->10M(490M) 17,426ms
[2019-04-15T13:59:34.994+0200][1,388s] GC(0) User=0,06s Sys=0,01s Real=0,02s
[2019-04-15T13:59:34.997+0200][1,391s] GC(1) Pause Initial Mark
[2019-04-15T13:59:34.999+0200][1,393s] GC(1) Pause Initial Mark 12M->12M(490M) 2,283ms
[2019-04-15T13:59:34.999+0200][1,393s] GC(1) User=0,01s Sys=0,00s Real=0,00s
[2019-04-15T13:59:34.999+0200][1,393s] GC(1) Concurrent Mark
[2019-04-15T13:59:34.999+0200][1,393s] GC(1) Using 4 workers of 4 for marking
[2019-04-15T13:59:35.003+0200][1,397s] GC(1) Concurrent Mark 4,316ms
[2019-04-15T13:59:35.003+0200][1,397s] GC(1) User=0,01s Sys=0,00s Real=0,00s
[2019-04-15T13:59:35.003+0200][1,397s] GC(1) Concurrent Preclean
[2019-04-15T13:59:35.004+0200][1,398s] GC(1) Concurrent Preclean 0,601ms
[2019-04-15T13:59:35.004+0200][1,398s] GC(1) User=0,00s Sys=0,00s Real=0,00s
[2019-04-15T13:59:35.004+0200][1,398s] GC(1) Concurrent Abortable Preclean
[2019-04-15T13:59:35.683+0200][2,077s] GC(1) Concurrent Abortable Preclean 679,000ms
[2019-04-15T13:59:35.683+0200][2,077s] GC(1) User=2,17s Sys=0,01s Real=0,68s
[2019-04-15T13:59:35.683+0200][2,077s] GC(1) Pause Remark
[2019-04-15T13:59:35.683+0200][2,077s] GC(2) Pause Young (CMS Final Remark)
[2019-04-15T13:59:35.683+0200][2,077s] GC(2) Using 4 workers of 4 for evacuation
[2019-04-15T13:59:35.693+0200][2,087s] GC(2) ParNew: 58635K->13024K(109248K)
[2019-04-15T13:59:35.693+0200][2,087s] GC(2) CMS: 0K->0K(393216K)
[2019-04-15T13:59:35.693+0200][2,087s] GC(2) Metaspace: 27197K->27197K(1075200K)
[2019-04-15T13:59:35.693+0200][2,087s] GC(2) Pause Young (CMS Final Remark) 57M->12M(490M) 9,228ms
[2019-04-15T13:59:35.693+0200][2,087s] GC(2) User=0,03s Sys=0,01s Real=0,01s
[2019-04-15T13:59:35.706+0200][2,100s] GC(1) Pause Remark 57M->12M(490M) 22,620ms
[2019-04-15T13:59:35.706+0200][2,100s] GC(1) User=0,06s Sys=0,01s Real=0,03s
[2019-04-15T13:59:35.706+0200][2,100s] GC(1) Concurrent Sweep
[2019-04-15T13:59:35.706+0200][2,100s] GC(1) Concurrent Sweep 0,043ms
[2019-04-15T13:59:35.706+0200][2,100s] GC(1) User=0,00s Sys=0,00s Real=0,00s
[2019-04-15T13:59:35.706+0200][2,100s] GC(1) Concurrent Reset
[2019-04-15T13:59:35.709+0200][2,103s] GC(1) Concurrent Reset 3,126ms
[2019-04-15T13:59:35.709+0200][2,103s] GC(1) User=0,01s Sys=0,00s Real=0,00s
[2019-04-15T13:59:35.709+0200][2,103s] GC(1) Old: 0K->0K(393216K)
[2019-04-15T13:59:36.165+0200][2,559s] GC(3) Pause Young (Allocation Failure)
[2019-04-15T13:59:36.165+0200][2,559s] GC(3) Using 4 workers of 4 for evacuation
[2019-04-15T13:59:36.189+0200][2,583s] GC(3) ParNew: 100397K->21824K(109248K)
[2019-04-15T13:59:36.189+0200][2,583s] GC(3) CMS: 0K->11077K(393216K)
[2019-04-15T13:59:36.189+0200][2,583s] GC(3) Metaspace: 32258K->32258K(1079296K)
[2019-04-15T13:59:36.189+0200][2,583s] GC(3) Pause Young (Allocation Failure) 98M->32M(490M) 24,127ms
[2019-04-15T13:59:36.189+0200][2,583s] GC(3) User=0,06s Sys=0,01s Real=0,03s
[2019-04-15T13:59:53.248+0200][19,642s] GC(4) Pause Young (Allocation Failure)
[2019-04-15T13:59:53.248+0200][19,642s] GC(4) Using 4 workers of 4 for evacuation
[2019-04-15T13:59:53.272+0200][19,666s] GC(4) ParNew: 109248K->21824K(109248K)
[2019-04-15T13:59:53.272+0200][19,666s] GC(4) CMS: 11077K->25028K(393216K)
[2019-04-15T13:59:53.272+0200][19,666s] GC(4) Metaspace: 35848K->35848K(1083392K)
[2019-04-15T13:59:53.272+0200][19,666s] GC(4) Pause Young (Allocation Failure) 117M->45M(490M) 24,505ms
[2019-04-15T13:59:53.272+0200][19,666s] GC(4) User=0,06s Sys=0,00s Real=0,02s
[2019-04-15T13:59:53.884+0200][20,278s] GC(5) Pause Young (Allocation Failure)
[2019-04-15T13:59:53.884+0200][20,278s] GC(5) Using 4 workers of 4 for evacuation
[2019-04-15T13:59:53.923+0200][20,317s] GC(5) ParNew: 109248K->21824K(109248K)
[2019-04-15T13:59:53.923+0200][20,317s] GC(5) CMS: 25028K->36641K(393216K)
[2019-04-15T13:59:53.923+0200][20,317s] GC(5) Metaspace: 40368K->40368K(1087488K)
[2019-04-15T13:59:53.923+0200][20,317s] GC(5) Pause Young (Allocation Failure) 131M->57M(490M) 39,312ms
[2019-04-15T13:59:53.923+0200][20,317s] GC(5) User=0,09s Sys=0,02s Real=0,04s
[2019-04-15T13:59:54.141+0200][20,535s] GC(6) Pause Young (Allocation Failure)
[2019-04-15T13:59:54.141+0200][20,535s] GC(6) Using 4 workers of 4 for evacuation
[2019-04-15T13:59:54.166+0200][20,560s] GC(6) ParNew: 109248K->21824K(109248K)
[2019-04-15T13:59:54.166+0200][20,560s] GC(6) CMS: 36641K->37701K(393216K)
[2019-04-15T13:59:54.166+0200][20,560s] GC(6) Metaspace: 41819K->41819K(1087488K)
[2019-04-15T13:59:54.166+0200][20,560s] GC(6) Pause Young (Allocation Failure) 142M->58M(490M) 24,733ms
[2019-04-15T13:59:54.166+0200][20,560s] GC(6) User=0,09s Sys=0,00s Real=0,03s
[2019-04-15T13:59:54.499+0200][20,893s] GC(7) Pause Young (Allocation Failure)
[2019-04-15T13:59:54.499+0200][20,893s] GC(7) Using 4 workers of 4 for evacuation
[2019-04-15T13:59:54.510+0200][20,904s] GC(7) ParNew: 109248K->21824K(109248K)
[2019-04-15T13:59:54.510+0200][20,904s] GC(7) CMS: 37701K->37760K(393216K)
[2019-04-15T13:59:54.510+0200][20,904s] GC(7) Metaspace: 43627K->43627K(1089536K)
[2019-04-15T13:59:54.510+0200][20,904s] GC(7) Pause Young (Allocation Failure) 143M->58M(490M) 11,294ms
[2019-04-15T13:59:54.510+0200][20,904s] GC(7) User=0,05s Sys=0,00s Real=0,01s
[2019-04-15T13:59:54.721+0200][21,115s] GC(8) Pause Young (Allocation Failure)
[2019-04-15T13:59:54.721+0200][21,115s] GC(8) Using 4 workers of 4 for evacuation
[2019-04-15T13:59:54.753+0200][21,147s] GC(8) ParNew: 109248K->21824K(109248K)
[2019-04-15T13:59:54.753+0200][21,147s] GC(8) CMS: 37760K->39036K(393216K)
[2019-04-15T13:59:54.753+0200][21,147s] GC(8) Metaspace: 43856K->43856K(1089536K)
[2019-04-15T13:59:54.753+0200][21,147s] GC(8) Pause Young (Allocation Failure) 143M->59M(490M) 31,761ms
[2019-04-15T13:59:54.753+0200][21,147s] GC(8) User=0,09s Sys=0,00s Real=0,03s
[2019-04-15T13:59:54.834+0200][21,228s] GC(9) Pause Young (Allocation Failure)
[2019-04-15T13:59:54.834+0200][21,228s] GC(9) Using 4 workers of 4 for evacuation
[2019-04-15T13:59:54.860+0200][21,254s] GC(9) ParNew: 109248K->21824K(109248K)
[2019-04-15T13:59:54.860+0200][21,254s] GC(9) CMS: 39036K->46948K(393216K)
[2019-04-15T13:59:54.860+0200][21,254s] GC(9) Metaspace: 43883K->43883K(1089536K)
[2019-04-15T13:59:54.860+0200][21,254s] GC(9) Pause Young (Allocation Failure) 144M->67M(490M) 25,439ms
[2019-04-15T13:59:54.860+0200][21,254s] GC(9) User=0,06s Sys=0,00s Real=0,02s
[2019-04-15T13:59:55.439+0200][21,833s] GC(10) Pause Young (Allocation Failure)
[2019-04-15T13:59:55.439+0200][21,833s] GC(10) Using 4 workers of 4 for evacuation
[2019-04-15T13:59:55.459+0200][21,853s] GC(10) ParNew: 109248K->17685K(109248K)
[2019-04-15T13:59:55.459+0200][21,853s] GC(10) CMS: 46948K->46948K(393216K)
[2019-04-15T13:59:55.459+0200][21,853s] GC(10) Metaspace: 46965K->46965K(1093632K)
[2019-04-15T13:59:55.459+0200][21,853s] GC(10) Pause Young (Allocation Failure) 152M->63M(490M) 20,099ms
[2019-04-15T13:59:55.459+0200][21,853s] GC(10) User=0,07s Sys=0,00s Real=0,02s
[2019-04-15T13:59:55.460+0200][21,854s] GC(11) Pause Initial Mark
[2019-04-15T13:59:55.465+0200][21,859s] GC(11) Pause Initial Mark 64M->64M(490M) 4,166ms
[2019-04-15T13:59:55.465+0200][21,859s] GC(11) User=0,01s Sys=0,00s Real=0,00s
[2019-04-15T13:59:55.466+0200][21,860s] GC(11) Concurrent Mark
[2019-04-15T13:59:55.466+0200][21,860s] GC(11) Using 4 workers of 4 for marking
[2019-04-15T13:59:55.490+0200][21,884s] GC(11) Concurrent Mark 24,072ms
[2019-04-15T13:59:55.490+0200][21,884s] GC(11) User=0,08s Sys=0,01s Real=0,02s
[2019-04-15T13:59:55.490+0200][21,884s] GC(11) Concurrent Preclean
[2019-04-15T13:59:55.491+0200][21,885s] GC(11) Concurrent Preclean 1,166ms
[2019-04-15T13:59:55.492+0200][21,886s] GC(11) User=0,00s Sys=0,00s Real=0,00s
[2019-04-15T13:59:55.492+0200][21,886s] GC(11) Concurrent Abortable Preclean
[2019-04-15T13:59:55.839+0200][22,233s] GC(11) Concurrent Abortable Preclean 347,116ms
[2019-04-15T13:59:55.839+0200][22,233s] GC(11) User=1,13s Sys=0,02s Real=0,35s
[2019-04-15T13:59:55.839+0200][22,233s] GC(11) Pause Remark
[2019-04-15T13:59:55.839+0200][22,233s] GC(12) Pause Young (CMS Final Remark)
[2019-04-15T13:59:55.839+0200][22,233s] GC(12) Using 4 workers of 4 for evacuation
[2019-04-15T13:59:55.866+0200][22,260s] GC(12) ParNew: 65168K->21824K(109248K)
[2019-04-15T13:59:55.866+0200][22,260s] GC(12) CMS: 46948K->48627K(393216K)
[2019-04-15T13:59:55.866+0200][22,260s] GC(12) Metaspace: 49676K->49676K(1095680K)
[2019-04-15T13:59:55.866+0200][22,260s] GC(12) Pause Young (CMS Final Remark) 109M->68M(490M) 27,559ms
[2019-04-15T13:59:55.866+0200][22,260s] GC(12) User=0,10s Sys=0,00s Real=0,03s
[2019-04-15T13:59:55.889+0200][22,283s] GC(11) Pause Remark 109M->68M(490M) 50,131ms
[2019-04-15T13:59:55.889+0200][22,283s] GC(11) User=0,15s Sys=0,00s Real=0,05s
[2019-04-15T13:59:55.889+0200][22,283s] GC(11) Concurrent Sweep
[2019-04-15T13:59:55.898+0200][22,292s] GC(11) Concurrent Sweep 8,691ms
[2019-04-15T13:59:55.898+0200][22,292s] GC(11) User=0,03s Sys=0,00s Real=0,01s
[2019-04-15T13:59:55.898+0200][22,292s] GC(11) Concurrent Reset
[2019-04-15T13:59:55.898+0200][22,292s] GC(11) Concurrent Reset 0,540ms
[2019-04-15T13:59:55.898+0200][22,292s] GC(11) User=0,00s Sys=0,00s Real=0,00s
[2019-04-15T13:59:55.898+0200][22,292s] GC(11) Old: 46948K->48216K(393216K)
[2019-04-15T13:59:56.693+0200][23,087s] GC(13) Pause Young (Allocation Failure)
[2019-04-15T13:59:56.693+0200][23,087s] GC(13) Using 4 workers of 4 for evacuation
[2019-04-15T13:59:56.717+0200][23,111s] GC(13) ParNew: 109248K->21824K(109248K)
[2019-04-15T13:59:56.717+0200][23,111s] GC(13) CMS: 48216K->60707K(393216K)
[2019-04-15T13:59:56.717+0200][23,111s] GC(13) Metaspace: 52397K->52397K(1097728K)
[2019-04-15T13:59:56.717+0200][23,111s] GC(13) Pause Young (Allocation Failure) 153M->80M(490M) 24,171ms
[2019-04-15T13:59:56.717+0200][23,111s] GC(13) User=0,06s Sys=0,02s Real=0,03s
[2019-04-15T13:59:59.075+0200][25,469s] GC(14) Pause Young (Allocation Failure)
[2019-04-15T13:59:59.075+0200][25,469s] GC(14) Using 4 workers of 4 for evacuation
[2019-04-15T13:59:59.123+0200][25,517s] GC(14) ParNew: 109248K->21824K(109248K)
[2019-04-15T13:59:59.123+0200][25,517s] GC(14) CMS: 60707K->63396K(393216K)
[2019-04-15T13:59:59.123+0200][25,517s] GC(14) Metaspace: 54543K->54543K(1099776K)
[2019-04-15T13:59:59.123+0200][25,517s] GC(14) Pause Young (Allocation Failure) 165M->83M(490M) 47,812ms
[2019-04-15T13:59:59.123+0200][25,517s] GC(14) User=0,11s Sys=0,00s Real=0,04s
[2019-04-15T14:00:00.369+0200][26,763s] GC(15) Pause Young (Allocation Failure)
[2019-04-15T14:00:00.369+0200][26,763s] GC(15) Using 4 workers of 4 for evacuation
[2019-04-15T14:00:00.443+0200][26,837s] GC(15) ParNew: 109248K->21824K(109248K)
[2019-04-15T14:00:00.444+0200][26,838s] GC(15) CMS: 63396K->110409K(393216K)
[2019-04-15T14:00:00.444+0200][26,838s] GC(15) Metaspace: 58247K->58247K(1103872K)
[2019-04-15T14:00:00.444+0200][26,838s] GC(15) Pause Young (Allocation Failure) 168M->129M(490M) 74,475ms
[2019-04-15T14:00:00.444+0200][26,838s] GC(15) User=0,15s Sys=0,02s Real=0,07s
[2019-04-15T14:00:01.087+0200][27,481s] GC(16) Pause Young (Allocation Failure)
[2019-04-15T14:00:01.087+0200][27,481s] GC(16) Using 4 workers of 4 for evacuation
[2019-04-15T14:00:01.179+0200][27,573s] GC(16) ParNew: 109248K->21824K(109248K)
[2019-04-15T14:00:01.179+0200][27,573s] GC(16) CMS: 110409K->120804K(393216K)
[2019-04-15T14:00:01.179+0200][27,573s] GC(16) Metaspace: 59871K->59871K(1103872K)
[2019-04-15T14:00:01.179+0200][27,573s] GC(16) Pause Young (Allocation Failure) 214M->139M(490M) 92,764ms
[2019-04-15T14:00:01.179+0200][27,573s] GC(16) User=0,22s Sys=0,00s Real=0,09s
[2019-04-15T14:00:02.083+0200][28,477s] GC(17) Pause Young (Allocation Failure)
[2019-04-15T14:00:02.083+0200][28,477s] GC(17) Using 4 workers of 4 for evacuation
[2019-04-15T14:00:02.145+0200][28,539s] GC(17) ParNew: 109248K->21824K(109248K)
[2019-04-15T14:00:02.145+0200][28,539s] GC(17) CMS: 120804K->140507K(393216K)
[2019-04-15T14:00:02.145+0200][28,539s] GC(17) Metaspace: 61054K->61054K(1105920K)
[2019-04-15T14:00:02.145+0200][28,539s] GC(17) Pause Young (Allocation Failure) 224M->158M(490M) 62,083ms
[2019-04-15T14:00:02.145+0200][28,539s] GC(17) User=0,14s Sys=0,01s Real=0,07s
[2019-04-15T14:00:03.056+0200][29,450s] GC(18) Pause Young (Allocation Failure)
[2019-04-15T14:00:03.056+0200][29,450s] GC(18) Using 4 workers of 4 for evacuation
[2019-04-15T14:00:03.090+0200][29,484s] GC(18) ParNew: 109248K->19232K(109248K)
[2019-04-15T14:00:03.090+0200][29,484s] GC(18) CMS: 140507K->153718K(393216K)
[2019-04-15T14:00:03.090+0200][29,484s] GC(18) Metaspace: 61407K->61407K(1105920K)
[2019-04-15T14:00:03.090+0200][29,484s] GC(18) Pause Young (Allocation Failure) 243M->168M(490M) 33,405ms
[2019-04-15T14:00:03.090+0200][29,484s] GC(18) User=0,07s Sys=0,00s Real=0,03s
[2019-04-15T14:00:04.479+0200][30,873s] GC(19) Pause Young (Allocation Failure)
[2019-04-15T14:00:04.479+0200][30,873s] GC(19) Using 4 workers of 4 for evacuation
[2019-04-15T14:00:04.526+0200][30,920s] GC(19) ParNew: 106656K->21824K(109248K)
[2019-04-15T14:00:04.526+0200][30,920s] GC(19) CMS: 153718K->194102K(393216K)
[2019-04-15T14:00:04.526+0200][30,920s] GC(19) Metaspace: 61455K->61455K(1105920K)
[2019-04-15T14:00:04.526+0200][30,920s] GC(19) Pause Young (Allocation Failure) 254M->210M(490M) 47,154ms
[2019-04-15T14:00:04.526+0200][30,920s] GC(19) User=0,06s Sys=0,02s Real=0,05s
[2019-04-15T14:00:05.006+0200][31,400s] GC(20) Pause Young (Allocation Failure)
[2019-04-15T14:00:05.006+0200][31,400s] GC(20) Using 4 workers of 4 for evacuation
[2019-04-15T14:00:05.052+0200][31,446s] GC(20) ParNew: 109248K->17315K(109248K)
[2019-04-15T14:00:05.052+0200][31,446s] GC(20) CMS: 194102K->214373K(393216K)
[2019-04-15T14:00:05.052+0200][31,446s] GC(20) Metaspace: 61781K->61781K(1105920K)
[2019-04-15T14:00:05.052+0200][31,446s] GC(20) Pause Young (Allocation Failure) 296M->226M(490M) 45,811ms
[2019-04-15T14:00:05.052+0200][31,446s] GC(20) User=0,06s Sys=0,01s Real=0,04s
[2019-04-15T14:00:05.052+0200][31,446s] GC(21) Pause Initial Mark
[2019-04-15T14:00:05.057+0200][31,451s] GC(21) Pause Initial Mark 226M->226M(490M) 4,986ms
[2019-04-15T14:00:05.058+0200][31,452s] GC(21) User=0,00s Sys=0,00s Real=0,01s
[2019-04-15T14:00:05.062+0200][31,456s] GC(21) Concurrent Mark
[2019-04-15T14:00:05.062+0200][31,457s] GC(21) Using 4 workers of 4 for marking
[2019-04-15T14:00:05.135+0200][31,529s] GC(21) Concurrent Mark 72,368ms
[2019-04-15T14:00:05.135+0200][31,529s] GC(21) User=0,15s Sys=0,02s Real=0,08s
[2019-04-15T14:00:05.135+0200][31,529s] GC(21) Concurrent Preclean
[2019-04-15T14:00:05.136+0200][31,530s] GC(21) Concurrent Preclean 1,312ms
[2019-04-15T14:00:05.136+0200][31,530s] GC(21) User=0,00s Sys=0,00s Real=0,00s
[2019-04-15T14:00:05.136+0200][31,530s] GC(21) Concurrent Abortable Preclean
[2019-04-15T14:00:05.697+0200][32,091s] GC(21) Concurrent Abortable Preclean 560,252ms
[2019-04-15T14:00:05.697+0200][32,091s] GC(21) User=1,26s Sys=0,02s Real=0,56s
[2019-04-15T14:00:05.701+0200][32,095s] GC(21) Pause Remark
[2019-04-15T14:00:05.701+0200][32,095s] GC(22) Pause Young (CMS Final Remark)
[2019-04-15T14:00:05.701+0200][32,095s] GC(22) Using 4 workers of 4 for evacuation
[2019-04-15T14:00:05.731+0200][32,125s] GC(22) ParNew: 75646K->21824K(109248K)
[2019-04-15T14:00:05.731+0200][32,125s] GC(22) CMS: 214373K->223131K(393216K)
[2019-04-15T14:00:05.731+0200][32,125s] GC(22) Metaspace: 61925K->61925K(1105920K)
[2019-04-15T14:00:05.731+0200][32,125s] GC(22) Pause Young (CMS Final Remark) 283M->239M(490M) 29,827ms
[2019-04-15T14:00:05.731+0200][32,125s] GC(22) User=0,08s Sys=0,00s Real=0,03s
[2019-04-15T14:00:05.789+0200][32,183s] GC(21) Pause Remark 283M->239M(490M) 88,295ms
[2019-04-15T14:00:05.789+0200][32,183s] GC(21) User=0,19s Sys=0,02s Real=0,09s
[2019-04-15T14:00:05.789+0200][32,183s] GC(21) Concurrent Sweep
[2019-04-15T14:00:05.933+0200][32,327s] GC(21) Concurrent Sweep 143,648ms
[2019-04-15T14:00:05.933+0200][32,327s] GC(21) User=0,35s Sys=0,00s Real=0,15s
[2019-04-15T14:00:05.933+0200][32,327s] GC(21) Concurrent Reset
[2019-04-15T14:00:05.934+0200][32,328s] GC(21) Concurrent Reset 0,496ms
[2019-04-15T14:00:05.934+0200][32,328s] GC(21) User=0,00s Sys=0,00s Real=0,00s
[2019-04-15T14:00:05.934+0200][32,328s] GC(21) Old: 214373K->198148K(393216K)
[2019-04-15T14:00:06.327+0200][32,721s] GC(23) Pause Young (Allocation Failure)
[2019-04-15T14:00:06.327+0200][32,721s] GC(23) Using 4 workers of 4 for evacuation
[2019-04-15T14:00:06.349+0200][32,743s] GC(23) ParNew: 109248K->21824K(109248K)
[2019-04-15T14:00:06.349+0200][32,743s] GC(23) CMS: 198148K->208977K(393216K)
[2019-04-15T14:00:06.349+0200][32,743s] GC(23) Metaspace: 62391K->62391K(1105920K)
[2019-04-15T14:00:06.349+0200][32,743s] GC(23) Pause Young (Allocation Failure) 300M->225M(490M) 21,352ms
[2019-04-15T14:00:06.349+0200][32,743s] GC(23) User=0,06s Sys=0,00s Real=0,02s
[2019-04-15T14:00:06.349+0200][32,743s] GC(24) Pause Initial Mark
[2019-04-15T14:00:06.355+0200][32,749s] GC(24) Pause Initial Mark 225M->225M(490M) 5,867ms
[2019-04-15T14:00:06.355+0200][32,749s] GC(24) User=0,01s Sys=0,00s Real=0,01s
[2019-04-15T14:00:06.355+0200][32,749s] GC(24) Concurrent Mark
[2019-04-15T14:00:06.355+0200][32,749s] GC(24) Using 4 workers of 4 for marking
[2019-04-15T14:00:06.425+0200][32,819s] GC(24) Concurrent Mark 70,088ms
[2019-04-15T14:00:06.425+0200][32,819s] GC(24) User=0,21s Sys=0,00s Real=0,07s
[2019-04-15T14:00:06.425+0200][32,819s] GC(24) Concurrent Preclean
[2019-04-15T14:00:06.427+0200][32,821s] GC(24) Concurrent Preclean 1,362ms
[2019-04-15T14:00:06.427+0200][32,821s] GC(24) User=0,00s Sys=0,00s Real=0,00s
[2019-04-15T14:00:06.427+0200][32,821s] GC(24) Concurrent Abortable Preclean
[2019-04-15T14:00:06.837+0200][33,231s] GC(24) Concurrent Abortable Preclean 409,696ms
[2019-04-15T14:00:06.837+0200][33,231s] GC(24) User=0,89s Sys=0,09s Real=0,41s
[2019-04-15T14:00:06.837+0200][33,231s] GC(24) Pause Remark
[2019-04-15T14:00:06.837+0200][33,231s] GC(25) Pause Young (CMS Final Remark)
[2019-04-15T14:00:06.837+0200][33,231s] GC(25) Using 4 workers of 4 for evacuation
[2019-04-15T14:00:06.862+0200][33,256s] GC(25) ParNew: 74675K->21824K(109248K)
[2019-04-15T14:00:06.862+0200][33,256s] GC(25) CMS: 208977K->224595K(393216K)
[2019-04-15T14:00:06.862+0200][33,256s] GC(25) Metaspace: 62430K->62430K(1105920K)
[2019-04-15T14:00:06.862+0200][33,256s] GC(25) Pause Young (CMS Final Remark) 277M->240M(490M) 25,569ms
[2019-04-15T14:00:06.862+0200][33,256s] GC(25) User=0,06s Sys=0,00s Real=0,02s
[2019-04-15T14:00:06.889+0200][33,283s] GC(24) Pause Remark 277M->240M(490M) 52,675ms
[2019-04-15T14:00:06.890+0200][33,284s] GC(24) User=0,11s Sys=0,00s Real=0,05s
[2019-04-15T14:00:06.890+0200][33,284s] GC(24) Concurrent Sweep
[2019-04-15T14:00:06.941+0200][33,335s] GC(24) Concurrent Sweep 51,264ms
[2019-04-15T14:00:06.941+0200][33,335s] GC(24) User=0,09s Sys=0,00s Real=0,05s
[2019-04-15T14:00:06.941+0200][33,335s] GC(24) Concurrent Reset
[2019-04-15T14:00:06.941+0200][33,335s] GC(24) Concurrent Reset 0,402ms
[2019-04-15T14:00:06.941+0200][33,335s] GC(24) User=0,00s Sys=0,00s Real=0,00s
[2019-04-15T14:00:06.941+0200][33,335s] GC(24) Old: 208977K->115306K(393216K)
[2019-04-15T14:00:07.164+0200][33,558s] GC(26) Pause Young (Allocation Failure)
[2019-04-15T14:00:07.164+0200][33,558s] GC(26) Using 4 workers of 4 for evacuation
[2019-04-15T14:00:07.197+0200][33,591s] GC(26) ParNew: 109248K->21824K(109248K)
[2019-04-15T14:00:07.197+0200][33,591s] GC(26) CMS: 115306K->150534K(393216K)
[2019-04-15T14:00:07.197+0200][33,591s] GC(26) Metaspace: 62455K->62455K(1105920K)
[2019-04-15T14:00:07.197+0200][33,591s] GC(26) Pause Young (Allocation Failure) 219M->168M(490M) 33,533ms
[2019-04-15T14:00:07.197+0200][33,591s] GC(26) User=0,06s Sys=0,00s Real=0,04s
[2019-04-15T14:00:07.563+0200][33,957s] GC(27) Pause Young (Allocation Failure)
[2019-04-15T14:00:07.563+0200][33,957s] GC(27) Using 4 workers of 4 for evacuation
[2019-04-15T14:00:07.594+0200][33,988s] GC(27) ParNew: 109248K->21824K(109248K)
[2019-04-15T14:00:07.594+0200][33,988s] GC(27) CMS: 150534K->179294K(393216K)
[2019-04-15T14:00:07.594+0200][33,988s] GC(27) Metaspace: 62476K->62476K(1107968K)
[2019-04-15T14:00:07.594+0200][33,988s] GC(27) Pause Young (Allocation Failure) 253M->196M(490M) 31,104ms
[2019-04-15T14:00:07.594+0200][33,988s] GC(27) User=0,07s Sys=0,00s Real=0,04s
[2019-04-15T14:00:08.157+0200][34,551s] GC(28) Pause Young (Allocation Failure)
[2019-04-15T14:00:08.157+0200][34,551s] GC(28) Using 4 workers of 4 for evacuation
[2019-04-15T14:00:08.181+0200][34,575s] GC(28) ParNew: 109248K->21824K(109248K)
[2019-04-15T14:00:08.181+0200][34,575s] GC(28) CMS: 179294K->227444K(393216K)
[2019-04-15T14:00:08.181+0200][34,575s] GC(28) Metaspace: 62525K->62525K(1107968K)
[2019-04-15T14:00:08.181+0200][34,575s] GC(28) Pause Young (Allocation Failure) 281M->243M(490M) 23,837ms
[2019-04-15T14:00:08.181+0200][34,575s] GC(28) User=0,07s Sys=0,00s Real=0,02s
[2019-04-15T14:00:08.186+0200][34,580s] GC(29) Pause Initial Mark
[2019-04-15T14:00:08.188+0200][34,582s] GC(29) Pause Initial Mark 249M->249M(490M) 2,525ms
[2019-04-15T14:00:08.189+0200][34,583s] GC(29) User=0,01s Sys=0,00s Real=0,00s
[2019-04-15T14:00:08.189+0200][34,583s] GC(29) Concurrent Mark
[2019-04-15T14:00:08.189+0200][34,583s] GC(29) Using 4 workers of 4 for marking
[2019-04-15T14:00:08.237+0200][34,631s] GC(29) Concurrent Mark 48,732ms
[2019-04-15T14:00:08.237+0200][34,631s] GC(29) User=0,12s Sys=0,01s Real=0,05s
[2019-04-15T14:00:08.237+0200][34,631s] GC(29) Concurrent Preclean
[2019-04-15T14:00:08.238+0200][34,632s] GC(29) Concurrent Preclean 0,793ms
[2019-04-15T14:00:08.238+0200][34,632s] GC(29) User=0,00s Sys=0,00s Real=0,00s
[2019-04-15T14:00:08.238+0200][34,632s] GC(29) Concurrent Abortable Preclean
[2019-04-15T14:00:08.408+0200][34,802s] GC(30) Pause Young (Allocation Failure)
[2019-04-15T14:00:08.408+0200][34,802s] GC(30) Using 4 workers of 4 for evacuation
[2019-04-15T14:00:08.461+0200][34,855s] GC(29) Concurrent Abortable Preclean 222,741ms
[2019-04-15T14:00:08.461+0200][34,855s] GC(29) User=0,26s Sys=0,08s Real=0,22s
[2019-04-15T14:00:08.516+0200][34,910s] GC(30) ParNew: 109248K->21824K(109248K)
[2019-04-15T14:00:08.516+0200][34,910s] GC(30) CMS: 227444K->306956K(393216K)
[2019-04-15T14:00:08.516+0200][34,910s] GC(30) Metaspace: 62525K->62525K(1107968K)
[2019-04-15T14:00:08.516+0200][34,910s] GC(30) Pause Young (Allocation Failure) 328M->321M(490M) 107,694ms
[2019-04-15T14:00:08.516+0200][34,910s] GC(30) User=0,19s Sys=0,04s Real=0,11s
[2019-04-15T14:00:08.517+0200][34,911s] GC(29) Pause Remark
[2019-04-15T14:00:08.517+0200][34,911s] GC(31) Pause Young (CMS Final Remark)
[2019-04-15T14:00:08.517+0200][34,911s] GC(31) Using 4 workers of 4 for evacuation
[2019-04-15T14:00:08.536+0200][34,930s] GC(31) ParNew: 24377K->21824K(109248K)
[2019-04-15T14:00:08.536+0200][34,930s] GC(31) CMS: 306956K->307588K(393216K)
[2019-04-15T14:00:08.536+0200][34,930s] GC(31) Metaspace: 62525K->62525K(1107968K)
[2019-04-15T14:00:08.536+0200][34,930s] GC(31) Pause Young (CMS Final Remark) 323M->321M(490M) 19,100ms
[2019-04-15T14:00:08.536+0200][34,930s] GC(31) User=0,03s Sys=0,00s Real=0,02s
[2019-04-15T14:00:08.587+0200][34,981s] GC(29) Pause Remark 323M->321M(490M) 70,241ms
[2019-04-15T14:00:08.587+0200][34,981s] GC(29) User=0,11s Sys=0,00s Real=0,07s
[2019-04-15T14:00:08.587+0200][34,981s] GC(29) Concurrent Sweep
[2019-04-15T14:00:08.689+0200][35,083s] GC(29) Concurrent Sweep 101,912ms
[2019-04-15T14:00:08.689+0200][35,083s] GC(29) User=0,28s Sys=0,00s Real=0,10s
[2019-04-15T14:00:08.689+0200][35,083s] GC(29) Concurrent Reset
[2019-04-15T14:00:08.690+0200][35,084s] GC(29) Concurrent Reset 0,620ms
[2019-04-15T14:00:08.690+0200][35,084s] GC(29) User=0,00s Sys=0,00s Real=0,00s
[2019-04-15T14:00:08.690+0200][35,084s] GC(29) Old: 227444K->211641K(393216K)
[2019-04-15T14:00:09.046+0200][35,440s] GC(32) Pause Young (Allocation Failure)
[2019-04-15T14:00:09.046+0200][35,440s] GC(32) Using 4 workers of 4 for evacuation
[2019-04-15T14:00:09.062+0200][35,456s] GC(32) ParNew: 109248K->21824K(109248K)
[2019-04-15T14:00:09.062+0200][35,456s] GC(32) CMS: 211641K->212162K(393216K)
[2019-04-15T14:00:09.062+0200][35,456s] GC(32) Metaspace: 65960K->65960K(1110016K)
[2019-04-15T14:00:09.062+0200][35,456s] GC(32) Pause Young (Allocation Failure) 313M->228M(490M) 16,026ms
[2019-04-15T14:00:09.062+0200][35,456s] GC(32) User=0,04s Sys=0,00s Real=0,01s
[2019-04-15T14:00:09.065+0200][35,459s] GC(33) Pause Initial Mark
[2019-04-15T14:00:09.067+0200][35,461s] GC(33) Pause Initial Mark 228M->228M(490M) 1,970ms
[2019-04-15T14:00:09.067+0200][35,461s] GC(33) User=0,01s Sys=0,00s Real=0,01s
[2019-04-15T14:00:09.067+0200][35,461s] GC(33) Concurrent Mark
[2019-04-15T14:00:09.067+0200][35,461s] GC(33) Using 4 workers of 4 for marking
[2019-04-15T14:00:09.149+0200][35,543s] GC(33) Concurrent Mark 82,071ms
[2019-04-15T14:00:09.149+0200][35,543s] GC(33) User=0,31s Sys=0,00s Real=0,08s
[2019-04-15T14:00:09.149+0200][35,543s] GC(33) Concurrent Preclean
[2019-04-15T14:00:09.150+0200][35,544s] GC(33) Concurrent Preclean 1,226ms
[2019-04-15T14:00:09.150+0200][35,544s] GC(33) User=0,00s Sys=0,00s Real=0,00s
[2019-04-15T14:00:09.150+0200][35,544s] GC(33) Concurrent Abortable Preclean
[2019-04-15T14:00:09.440+0200][35,834s] GC(34) Pause Young (Allocation Failure)
[2019-04-15T14:00:09.440+0200][35,834s] GC(34) Using 4 workers of 4 for evacuation
[2019-04-15T14:00:09.461+0200][35,855s] GC(34) ParNew: 109248K->21824K(109248K)
[2019-04-15T14:00:09.461+0200][35,855s] GC(34) CMS: 212162K->225499K(393216K)
[2019-04-15T14:00:09.461+0200][35,855s] GC(34) Metaspace: 66042K->66042K(1110016K)
[2019-04-15T14:00:09.461+0200][35,855s] GC(34) Pause Young (Allocation Failure) 313M->241M(490M) 20,872ms
[2019-04-15T14:00:09.461+0200][35,855s] GC(34) User=0,08s Sys=0,00s Real=0,02s
[2019-04-15T14:00:09.710+0200][36,104s] GC(33) Concurrent Abortable Preclean 559,543ms
[2019-04-15T14:00:09.710+0200][36,104s] GC(33) User=1,77s Sys=0,08s Real=0,56s
[2019-04-15T14:00:09.710+0200][36,104s] GC(33) Pause Remark
[2019-04-15T14:00:09.710+0200][36,104s] GC(35) Pause Young (CMS Final Remark)
[2019-04-15T14:00:09.710+0200][36,104s] GC(35) Using 4 workers of 4 for evacuation
[2019-04-15T14:00:09.735+0200][36,129s] GC(35) ParNew: 96220K->21824K(109248K)
[2019-04-15T14:00:09.735+0200][36,129s] GC(35) CMS: 225499K->256807K(393216K)
[2019-04-15T14:00:09.735+0200][36,129s] GC(35) Metaspace: 66052K->66052K(1110016K)
[2019-04-15T14:00:09.735+0200][36,129s] GC(35) Pause Young (CMS Final Remark) 314M->272M(490M) 24,664ms
[2019-04-15T14:00:09.735+0200][36,129s] GC(35) User=0,09s Sys=0,00s Real=0,03s
[2019-04-15T14:00:09.770+0200][36,164s] GC(33) Pause Remark 314M->272M(490M) 60,425ms
[2019-04-15T14:00:09.770+0200][36,164s] GC(33) User=0,18s Sys=0,00s Real=0,06s
[2019-04-15T14:00:09.771+0200][36,165s] GC(33) Concurrent Sweep
[2019-04-15T14:00:09.806+0200][36,200s] GC(33) Concurrent Sweep 35,536ms
[2019-04-15T14:00:09.806+0200][36,200s] GC(33) User=0,13s Sys=0,00s Real=0,04s
[2019-04-15T14:00:09.806+0200][36,200s] GC(33) Concurrent Reset
[2019-04-15T14:00:09.807+0200][36,201s] GC(33) Concurrent Reset 0,561ms
[2019-04-15T14:00:09.807+0200][36,201s] GC(33) User=0,00s Sys=0,00s Real=0,00s
[2019-04-15T14:00:09.807+0200][36,201s] GC(33) Old: 212162K->219305K(393216K)
[2019-04-15T14:00:09.955+0200][36,349s] GC(36) Pause Young (Allocation Failure)
[2019-04-15T14:00:09.955+0200][36,349s] GC(36) Using 4 workers of 4 for evacuation
[2019-04-15T14:00:09.969+0200][36,363s] GC(36) ParNew: 109248K->21824K(109248K)
[2019-04-15T14:00:09.969+0200][36,363s] GC(36) CMS: 219305K->225311K(393216K)
[2019-04-15T14:00:09.969+0200][36,363s] GC(36) Metaspace: 66055K->66055K(1110016K)
[2019-04-15T14:00:09.969+0200][36,363s] GC(36) Pause Young (Allocation Failure) 320M->241M(490M) 13,492ms
[2019-04-15T14:00:09.969+0200][36,363s] GC(36) User=0,05s Sys=0,01s Real=0,01s
[2019-04-15T14:00:09.972+0200][36,366s] GC(37) Pause Initial Mark
[2019-04-15T14:00:09.974+0200][36,368s] GC(37) Pause Initial Mark 242M->242M(490M) 2,424ms
[2019-04-15T14:00:09.974+0200][36,368s] GC(37) User=0,01s Sys=0,00s Real=0,01s
[2019-04-15T14:00:09.974+0200][36,368s] GC(37) Concurrent Mark
[2019-04-15T14:00:09.974+0200][36,368s] GC(37) Using 4 workers of 4 for marking
[2019-04-15T14:00:10.047+0200][36,441s] GC(37) Concurrent Mark 72,857ms
[2019-04-15T14:00:10.047+0200][36,441s] GC(37) User=0,22s Sys=0,00s Real=0,07s
[2019-04-15T14:00:10.047+0200][36,441s] GC(37) Concurrent Preclean
[2019-04-15T14:00:10.048+0200][36,442s] GC(37) Concurrent Preclean 1,069ms
[2019-04-15T14:00:10.048+0200][36,442s] GC(37) User=0,00s Sys=0,00s Real=0,00s
[2019-04-15T14:00:10.048+0200][36,442s] GC(37) Concurrent Abortable Preclean
[2019-04-15T14:00:10.174+0200][36,568s] GC(38) Pause Young (Allocation Failure)
[2019-04-15T14:00:10.174+0200][36,568s] GC(38) Using 4 workers of 4 for evacuation
[2019-04-15T14:00:10.191+0200][36,585s] GC(38) ParNew: 109248K->18716K(109248K)
[2019-04-15T14:00:10.191+0200][36,585s] GC(38) CMS: 225311K->225311K(393216K)
[2019-04-15T14:00:10.191+0200][36,585s] GC(38) Metaspace: 66059K->66059K(1110016K)
[2019-04-15T14:00:10.191+0200][36,585s] GC(38) Pause Young (Allocation Failure) 326M->238M(490M) 16,463ms
[2019-04-15T14:00:10.191+0200][36,585s] GC(38) User=0,07s Sys=0,00s Real=0,01s
[2019-04-15T14:00:10.256+0200][36,650s] GC(37) Concurrent Abortable Preclean 207,172ms
[2019-04-15T14:00:10.256+0200][36,650s] GC(37) User=0,72s Sys=0,00s Real=0,21s
[2019-04-15T14:00:10.256+0200][36,650s] GC(37) Pause Remark
[2019-04-15T14:00:10.256+0200][36,650s] GC(39) Pause Young (CMS Final Remark)
[2019-04-15T14:00:10.256+0200][36,650s] GC(39) Using 4 workers of 4 for evacuation
[2019-04-15T14:00:10.276+0200][36,670s] GC(39) ParNew: 66930K->21292K(109248K)
[2019-04-15T14:00:10.276+0200][36,670s] GC(39) CMS: 225311K->225311K(393216K)
[2019-04-15T14:00:10.276+0200][36,670s] GC(39) Metaspace: 66094K->66094K(1110016K)
[2019-04-15T14:00:10.276+0200][36,670s] GC(39) Pause Young (CMS Final Remark) 285M->240M(490M) 19,936ms
[2019-04-15T14:00:10.276+0200][36,670s] GC(39) User=0,07s Sys=0,00s Real=0,02s
[2019-04-15T14:00:10.303+0200][36,697s] GC(37) Pause Remark 285M->240M(490M) 47,335ms
[2019-04-15T14:00:10.303+0200][36,697s] GC(37) User=0,14s Sys=0,00s Real=0,04s
[2019-04-15T14:00:10.303+0200][36,697s] GC(37) Concurrent Sweep
[2019-04-15T14:00:10.344+0200][36,738s] GC(37) Concurrent Sweep 41,013ms
[2019-04-15T14:00:10.344+0200][36,738s] GC(37) User=0,15s Sys=0,00s Real=0,04s
[2019-04-15T14:00:10.344+0200][36,738s] GC(37) Concurrent Reset
[2019-04-15T14:00:10.345+0200][36,739s] GC(37) Concurrent Reset 0,459ms
[2019-04-15T14:00:10.345+0200][36,739s] GC(37) User=0,00s Sys=0,00s Real=0,00s
[2019-04-15T14:00:10.345+0200][36,739s] GC(37) Old: 225311K->122493K(393216K)
[2019-04-15T14:00:10.422+0200][36,816s] GC(40) Pause Young (Allocation Failure)
[2019-04-15T14:00:10.422+0200][36,816s] GC(40) Using 4 workers of 4 for evacuation
[2019-04-15T14:00:10.439+0200][36,833s] GC(40) ParNew: 108716K->20904K(109248K)
[2019-04-15T14:00:10.439+0200][36,833s] GC(40) CMS: 122493K->122493K(393216K)
[2019-04-15T14:00:10.439+0200][36,833s] GC(40) Metaspace: 66094K->66094K(1110016K)
[2019-04-15T14:00:10.439+0200][36,833s] GC(40) Pause Young (Allocation Failure) 225M->140M(490M) 17,134ms
[2019-04-15T14:00:10.439+0200][36,833s] GC(40) User=0,06s Sys=0,00s Real=0,02s
[2019-04-15T14:00:10.695+0200][37,089s] GC(41) Pause Young (Allocation Failure)
[2019-04-15T14:00:10.695+0200][37,089s] GC(41) Using 4 workers of 4 for evacuation
[2019-04-15T14:00:10.712+0200][37,106s] GC(41) ParNew: 108328K->21824K(109248K)
[2019-04-15T14:00:10.712+0200][37,106s] GC(41) CMS: 122493K->141414K(393216K)
[2019-04-15T14:00:10.712+0200][37,106s] GC(41) Metaspace: 66178K->66178K(1110016K)
[2019-04-15T14:00:10.712+0200][37,106s] GC(41) Pause Young (Allocation Failure) 225M->159M(490M) 16,896ms
[2019-04-15T14:00:10.712+0200][37,106s] GC(41) User=0,03s Sys=0,00s Real=0,01s
[2019-04-15T14:00:10.897+0200][37,291s] GC(42) Pause Young (Allocation Failure)
[2019-04-15T14:00:10.897+0200][37,291s] GC(42) Using 4 workers of 4 for evacuation
[2019-04-15T14:00:10.934+0200][37,328s] GC(42) ParNew: 109248K->21824K(109248K)
[2019-04-15T14:00:10.934+0200][37,328s] GC(42) CMS: 141414K->217636K(393216K)
[2019-04-15T14:00:10.934+0200][37,328s] GC(42) Metaspace: 66178K->66178K(1110016K)
[2019-04-15T14:00:10.934+0200][37,328s] GC(42) Pause Young (Allocation Failure) 244M->233M(490M) 36,862ms
[2019-04-15T14:00:10.934+0200][37,328s] GC(42) User=0,08s Sys=0,00s Real=0,04s
[2019-04-15T14:00:10.934+0200][37,328s] GC(43) Pause Initial Mark
[2019-04-15T14:00:10.937+0200][37,331s] GC(43) Pause Initial Mark 234M->234M(490M) 2,268ms
[2019-04-15T14:00:10.937+0200][37,331s] GC(43) User=0,00s Sys=0,00s Real=0,00s
[2019-04-15T14:00:10.937+0200][37,331s] GC(43) Concurrent Mark
[2019-04-15T14:00:10.937+0200][37,331s] GC(43) Using 4 workers of 4 for marking
[2019-04-15T14:00:11.007+0200][37,401s] GC(43) Concurrent Mark 70,137ms
[2019-04-15T14:00:11.007+0200][37,401s] GC(43) User=0,25s Sys=0,00s Real=0,07s
[2019-04-15T14:00:11.007+0200][37,401s] GC(43) Concurrent Preclean
[2019-04-15T14:00:11.008+0200][37,402s] GC(43) Concurrent Preclean 1,356ms
[2019-04-15T14:00:11.008+0200][37,402s] GC(43) User=0,00s Sys=0,00s Real=0,00s
[2019-04-15T14:00:11.008+0200][37,402s] GC(43) Concurrent Abortable Preclean
[2019-04-15T14:00:11.380+0200][37,774s] GC(44) Pause Young (Allocation Failure)
[2019-04-15T14:00:11.380+0200][37,774s] GC(44) Using 4 workers of 4 for evacuation
[2019-04-15T14:00:11.411+0200][37,805s] GC(44) ParNew: 109248K->21824K(109248K)
[2019-04-15T14:00:11.411+0200][37,805s] GC(44) CMS: 217636K->264414K(393216K)
[2019-04-15T14:00:11.411+0200][37,805s] GC(44) Metaspace: 66188K->66188K(1110016K)
[2019-04-15T14:00:11.411+0200][37,805s] GC(44) Pause Young (Allocation Failure) 319M->279M(490M) 30,341ms
[2019-04-15T14:00:11.411+0200][37,805s] GC(44) User=0,07s Sys=0,01s Real=0,03s
[2019-04-15T14:00:11.642+0200][38,036s] GC(45) Pause Young (Allocation Failure)
[2019-04-15T14:00:11.642+0200][38,036s] GC(45) Using 4 workers of 4 for evacuation
[2019-04-15T14:00:11.679+0200][38,073s] GC(43) Concurrent Abortable Preclean 670,375ms
[2019-04-15T14:00:11.679+0200][38,073s] GC(43) User=1,11s Sys=0,22s Real=0,67s
[2019-04-15T14:00:11.685+0200][38,079s] GC(45) ParNew: 109248K->21824K(109248K)
[2019-04-15T14:00:11.685+0200][38,079s] GC(45) CMS: 264414K->349393K(393216K)
[2019-04-15T14:00:11.685+0200][38,079s] GC(45) Metaspace: 66188K->66188K(1110016K)
[2019-04-15T14:00:11.685+0200][38,079s] GC(45) Pause Young (Allocation Failure) 364M->362M(490M) 43,108ms
[2019-04-15T14:00:11.685+0200][38,079s] GC(45) User=0,14s Sys=0,01s Real=0,05s
[2019-04-15T14:00:11.686+0200][38,080s] GC(43) Pause Remark
[2019-04-15T14:00:11.686+0200][38,080s] GC(46) Pause Young (CMS Final Remark)
[2019-04-15T14:00:11.686+0200][38,080s] GC(46) Using 4 workers of 4 for evacuation
[2019-04-15T14:00:11.691+0200][38,085s] GC(46) ParNew: 23310K->15244K(109248K)
[2019-04-15T14:00:11.691+0200][38,085s] GC(46) CMS: 349393K->349393K(393216K)
[2019-04-15T14:00:11.691+0200][38,085s] GC(46) Metaspace: 66188K->66188K(1110016K)
[2019-04-15T14:00:11.691+0200][38,085s] GC(46) Pause Young (CMS Final Remark) 363M->356M(490M) 5,033ms
[2019-04-15T14:00:11.691+0200][38,085s] GC(46) User=0,02s Sys=0,00s Real=0,00s
[2019-04-15T14:00:11.712+0200][38,106s] GC(43) Pause Remark 363M->356M(490M) 26,851ms
[2019-04-15T14:00:11.712+0200][38,106s] GC(43) User=0,06s Sys=0,00s Real=0,02s
[2019-04-15T14:00:11.713+0200][38,107s] GC(43) Concurrent Sweep
[2019-04-15T14:00:11.745+0200][38,139s] GC(43) Concurrent Sweep 32,849ms
[2019-04-15T14:00:11.745+0200][38,139s] GC(43) User=0,09s Sys=0,00s Real=0,04s
[2019-04-15T14:00:11.745+0200][38,139s] GC(43) Concurrent Reset
[2019-04-15T14:00:11.746+0200][38,140s] GC(43) Concurrent Reset 0,412ms
[2019-04-15T14:00:11.746+0200][38,140s] GC(43) User=0,00s Sys=0,00s Real=0,00s
[2019-04-15T14:00:11.746+0200][38,140s] GC(43) Old: 217636K->336553K(393216K)
[2019-04-15T14:00:11.937+0200][38,331s] GC(47) Pause Young (Allocation Failure)
[2019-04-15T14:00:11.938+0200][38,332s] GC(47) Using 4 workers of 4 for evacuation
[2019-04-15T14:00:11.938+0200][38,332s] GC(48) Pause Full (Allocation Failure)
[2019-04-15T14:00:11.938+0200][38,332s] GC(48) Phase 1: Mark live objects
[2019-04-15T14:00:11.995+0200][38,390s] GC(48) Phase 1: Mark live objects 57,491ms
[2019-04-15T14:00:11.996+0200][38,390s] GC(48) Phase 2: Compute new object addresses
[2019-04-15T14:00:12.056+0200][38,450s] GC(48) Phase 2: Compute new object addresses 60,537ms
[2019-04-15T14:00:12.056+0200][38,450s] GC(48) Phase 3: Adjust pointers
[2019-04-15T14:00:12.146+0200][38,540s] GC(48) Phase 3: Adjust pointers 90,102ms
[2019-04-15T14:00:12.146+0200][38,540s] GC(48) Phase 4: Move objects
[2019-04-15T14:00:12.252+0200][38,646s] GC(48) Phase 4: Move objects 105,215ms
[2019-04-15T14:00:12.256+0200][38,650s] GC(48) Pause Full (Allocation Failure) 428M->248M(490M) 318,060ms
[2019-04-15T14:00:12.256+0200][38,650s] GC(47) ParNew: 102668K->0K(109248K)
[2019-04-15T14:00:12.256+0200][38,650s] GC(47) CMS: 336553K->254285K(393216K)
[2019-04-15T14:00:12.256+0200][38,650s] GC(47) Metaspace: 66197K->66197K(1110016K)
[2019-04-15T14:00:12.256+0200][38,650s] GC(47) Pause Young (Allocation Failure) 428M->248M(490M) 318,461ms
[2019-04-15T14:00:12.256+0200][38,650s] GC(47) User=0,31s Sys=0,00s Real=0,32s
[2019-04-15T14:00:12.260+0200][38,654s] GC(49) Pause Initial Mark
[2019-04-15T14:00:12.260+0200][38,654s] GC(49) Pause Initial Mark 249M->249M(490M) 0,514ms
[2019-04-15T14:00:12.260+0200][38,654s] GC(49) User=0,00s Sys=0,00s Real=0,00s
[2019-04-15T14:00:12.261+0200][38,655s] GC(49) Concurrent Mark
[2019-04-15T14:00:12.261+0200][38,655s] GC(49) Using 4 workers of 4 for marking
[2019-04-15T14:00:12.333+0200][38,727s] GC(49) Concurrent Mark 71,959ms
[2019-04-15T14:00:12.333+0200][38,727s] GC(49) User=0,20s Sys=0,00s Real=0,07s
[2019-04-15T14:00:12.333+0200][38,727s] GC(49) Concurrent Preclean
[2019-04-15T14:00:12.335+0200][38,729s] GC(49) Concurrent Preclean 1,955ms
[2019-04-15T14:00:12.335+0200][38,729s] GC(49) User=0,00s Sys=0,00s Real=0,01s
[2019-04-15T14:00:12.335+0200][38,729s] GC(49) Concurrent Abortable Preclean
[2019-04-15T14:00:12.742+0200][39,136s] GC(50) Pause Young (Allocation Failure)
[2019-04-15T14:00:12.742+0200][39,136s] GC(50) Using 4 workers of 4 for evacuation
[2019-04-15T14:00:12.770+0200][39,164s] GC(50) ParNew: 87424K->21824K(109248K)
[2019-04-15T14:00:12.770+0200][39,164s] GC(50) CMS: 254285K->316051K(393216K)
[2019-04-15T14:00:12.770+0200][39,164s] GC(50) Metaspace: 66197K->66197K(1110016K)
[2019-04-15T14:00:12.770+0200][39,164s] GC(50) Pause Young (Allocation Failure) 333M->329M(490M) 27,337ms
[2019-04-15T14:00:12.770+0200][39,164s] GC(50) User=0,09s Sys=0,00s Real=0,03s
[2019-04-15T14:00:12.784+0200][39,178s] GC(49) Concurrent Abortable Preclean 449,169ms
[2019-04-15T14:00:12.784+0200][39,178s] GC(49) User=0,35s Sys=0,22s Real=0,44s
[2019-04-15T14:00:12.784+0200][39,178s] GC(49) Pause Remark
[2019-04-15T14:00:12.784+0200][39,178s] GC(51) Pause Young (CMS Final Remark)
[2019-04-15T14:00:12.784+0200][39,178s] GC(51) Using 4 workers of 4 for evacuation
[2019-04-15T14:00:12.805+0200][39,199s] GC(51) ParNew: 71642K->21824K(109248K)
[2019-04-15T14:00:12.805+0200][39,199s] GC(51) CMS: 316051K->362757K(393216K)
[2019-04-15T14:00:12.805+0200][39,199s] GC(51) Metaspace: 66197K->66197K(1110016K)
[2019-04-15T14:00:12.805+0200][39,199s] GC(51) Pause Young (CMS Final Remark) 378M->375M(490M) 21,011ms
[2019-04-15T14:00:12.805+0200][39,199s] GC(51) User=0,08s Sys=0,00s Real=0,03s
[2019-04-15T14:00:12.828+0200][39,222s] GC(49) Pause Remark 378M->375M(490M) 44,176ms
[2019-04-15T14:00:12.828+0200][39,222s] GC(49) User=0,12s Sys=0,00s Real=0,05s
[2019-04-15T14:00:12.828+0200][39,222s] GC(49) Concurrent Sweep
[2019-04-15T14:00:12.874+0200][39,268s] GC(49) Concurrent Sweep 45,806ms
[2019-04-15T14:00:12.874+0200][39,268s] GC(49) User=0,11s Sys=0,00s Real=0,05s
[2019-04-15T14:00:12.874+0200][39,268s] GC(49) Concurrent Reset
[2019-04-15T14:00:12.875+0200][39,269s] GC(49) Concurrent Reset 0,504ms
[2019-04-15T14:00:12.875+0200][39,269s] GC(49) User=0,00s Sys=0,00s Real=0,00s
[2019-04-15T14:00:12.875+0200][39,269s] GC(49) Old: 254285K->220015K(393216K)
[2019-04-15T14:00:13.092+0200][39,486s] GC(52) Pause Young (Allocation Failure)
[2019-04-15T14:00:13.092+0200][39,486s] GC(52) Using 4 workers of 4 for evacuation
[2019-04-15T14:00:13.101+0200][39,495s] GC(52) ParNew: 109248K->11900K(109248K)
[2019-04-15T14:00:13.101+0200][39,495s] GC(52) CMS: 220015K->220015K(393216K)
[2019-04-15T14:00:13.101+0200][39,495s] GC(52) Metaspace: 66781K->66781K(1110016K)
[2019-04-15T14:00:13.101+0200][39,495s] GC(52) Pause Young (Allocation Failure) 321M->226M(490M) 8,937ms
[2019-04-15T14:00:13.101+0200][39,495s] GC(52) User=0,03s Sys=0,00s Real=0,01s
[2019-04-15T14:00:13.103+0200][39,497s] GC(53) Pause Initial Mark
[2019-04-15T14:00:13.105+0200][39,499s] GC(53) Pause Initial Mark 227M->227M(490M) 1,346ms
[2019-04-15T14:00:13.105+0200][39,499s] GC(53) User=0,01s Sys=0,00s Real=0,00s
[2019-04-15T14:00:13.105+0200][39,499s] GC(53) Concurrent Mark
[2019-04-15T14:00:13.105+0200][39,499s] GC(53) Using 4 workers of 4 for marking
[2019-04-15T14:00:13.177+0200][39,571s] GC(53) Concurrent Mark 72,293ms
[2019-04-15T14:00:13.177+0200][39,571s] GC(53) User=0,27s Sys=0,01s Real=0,08s
[2019-04-15T14:00:13.177+0200][39,571s] GC(53) Concurrent Preclean
[2019-04-15T14:00:13.178+0200][39,572s] GC(53) Concurrent Preclean 1,169ms
[2019-04-15T14:00:13.178+0200][39,572s] GC(53) User=0,00s Sys=0,00s Real=0,00s
[2019-04-15T14:00:13.178+0200][39,572s] GC(53) Concurrent Abortable Preclean
[2019-04-15T14:00:13.410+0200][39,804s] GC(53) Concurrent Abortable Preclean 231,333ms
[2019-04-15T14:00:13.410+0200][39,804s] GC(53) User=0,72s Sys=0,01s Real=0,23s
[2019-04-15T14:00:13.411+0200][39,805s] GC(53) Pause Remark
[2019-04-15T14:00:13.411+0200][39,805s] GC(54) Pause Young (CMS Final Remark)
[2019-04-15T14:00:13.411+0200][39,805s] GC(54) Using 4 workers of 4 for evacuation
[2019-04-15T14:00:13.425+0200][39,819s] GC(54) ParNew: 70525K->13684K(109248K)
[2019-04-15T14:00:13.425+0200][39,819s] GC(54) CMS: 220015K->220015K(393216K)
[2019-04-15T14:00:13.425+0200][39,819s] GC(54) Metaspace: 67040K->67040K(1112064K)
[2019-04-15T14:00:13.425+0200][39,819s] GC(54) Pause Young (CMS Final Remark) 283M->228M(490M) 14,143ms
[2019-04-15T14:00:13.425+0200][39,819s] GC(54) User=0,06s Sys=0,00s Real=0,02s
[2019-04-15T14:00:13.453+0200][39,847s] GC(53) Pause Remark 283M->228M(490M) 41,616ms
[2019-04-15T14:00:13.453+0200][39,847s] GC(53) User=0,11s Sys=0,00s Real=0,04s
[2019-04-15T14:00:13.453+0200][39,847s] GC(53) Concurrent Sweep
[2019-04-15T14:00:13.488+0200][39,882s] GC(53) Concurrent Sweep 35,176ms
[2019-04-15T14:00:13.488+0200][39,882s] GC(53) User=0,12s Sys=0,00s Real=0,03s
[2019-04-15T14:00:13.488+0200][39,882s] GC(53) Concurrent Reset
[2019-04-15T14:00:13.489+0200][39,883s] GC(53) Concurrent Reset 0,481ms
[2019-04-15T14:00:13.489+0200][39,883s] GC(53) User=0,00s Sys=0,00s Real=0,00s
[2019-04-15T14:00:13.489+0200][39,883s] GC(53) Old: 220015K->185704K(393216K)
[2019-04-15T14:00:13.669+0200][40,063s] GC(55) Pause Young (Allocation Failure)
[2019-04-15T14:00:13.669+0200][40,063s] GC(55) Using 4 workers of 4 for evacuation
[2019-04-15T14:00:13.683+0200][40,077s] GC(55) ParNew: 101108K->21824K(109248K)
[2019-04-15T14:00:13.683+0200][40,077s] GC(55) CMS: 185704K->186454K(393216K)
[2019-04-15T14:00:13.683+0200][40,077s] GC(55) Metaspace: 67056K->67056K(1112064K)
[2019-04-15T14:00:13.683+0200][40,077s] GC(55) Pause Young (Allocation Failure) 280M->203M(490M) 14,001ms
[2019-04-15T14:00:13.683+0200][40,077s] GC(55) User=0,04s Sys=0,01s Real=0,01s
[2019-04-15T14:00:14.211+0200][40,605s] GC(56) Pause Young (Allocation Failure)
[2019-04-15T14:00:14.211+0200][40,605s] GC(56) Using 4 workers of 4 for evacuation
[2019-04-15T14:00:14.255+0200][40,649s] GC(56) ParNew: 109248K->21824K(109248K)
[2019-04-15T14:00:14.255+0200][40,649s] GC(56) CMS: 186454K->241487K(393216K)
[2019-04-15T14:00:14.255+0200][40,649s] GC(56) Metaspace: 67070K->67070K(1112064K)
[2019-04-15T14:00:14.255+0200][40,649s] GC(56) Pause Young (Allocation Failure) 288M->257M(490M) 43,767ms
[2019-04-15T14:00:14.255+0200][40,649s] GC(56) User=0,06s Sys=0,01s Real=0,05s
[2019-04-15T14:00:14.256+0200][40,650s] GC(57) Pause Initial Mark
[2019-04-15T14:00:14.258+0200][40,652s] GC(57) Pause Initial Mark 258M->258M(490M) 2,079ms
[2019-04-15T14:00:14.259+0200][40,653s] GC(57) User=0,00s Sys=0,00s Real=0,00s
[2019-04-15T14:00:14.259+0200][40,653s] GC(57) Concurrent Mark
[2019-04-15T14:00:14.259+0200][40,653s] GC(57) Using 4 workers of 4 for marking
[2019-04-15T14:00:14.342+0200][40,736s] GC(57) Concurrent Mark 82,908ms
[2019-04-15T14:00:14.342+0200][40,736s] GC(57) User=0,25s Sys=0,00s Real=0,08s
[2019-04-15T14:00:14.342+0200][40,736s] GC(57) Concurrent Preclean
[2019-04-15T14:00:14.343+0200][40,737s] GC(57) Concurrent Preclean 1,497ms
[2019-04-15T14:00:14.343+0200][40,737s] GC(57) User=0,00s Sys=0,00s Real=0,00s
[2019-04-15T14:00:14.343+0200][40,737s] GC(57) Concurrent Abortable Preclean
[2019-04-15T14:00:14.542+0200][40,936s] GC(58) Pause Young (Allocation Failure)
[2019-04-15T14:00:14.542+0200][40,936s] GC(58) Using 4 workers of 4 for evacuation
[2019-04-15T14:00:14.562+0200][40,956s] GC(58) ParNew: 109248K->21824K(109248K)
[2019-04-15T14:00:14.562+0200][40,956s] GC(58) CMS: 241487K->274157K(393216K)
[2019-04-15T14:00:14.562+0200][40,956s] GC(58) Metaspace: 67071K->67071K(1112064K)
[2019-04-15T14:00:14.562+0200][40,956s] GC(58) Pause Young (Allocation Failure) 342M->289M(490M) 20,037ms
[2019-04-15T14:00:14.562+0200][40,956s] GC(58) User=0,06s Sys=0,00s Real=0,02s
[2019-04-15T14:00:14.681+0200][41,075s] GC(57) Concurrent Abortable Preclean 337,716ms
[2019-04-15T14:00:14.681+0200][41,075s] GC(57) User=0,37s Sys=0,13s Real=0,34s
[2019-04-15T14:00:14.681+0200][41,075s] GC(57) Pause Remark
[2019-04-15T14:00:14.681+0200][41,075s] GC(59) Pause Young (CMS Final Remark)
[2019-04-15T14:00:14.681+0200][41,075s] GC(59) Using 4 workers of 4 for evacuation
[2019-04-15T14:00:14.698+0200][41,092s] GC(59) ParNew: 102525K->21824K(109248K)
[2019-04-15T14:00:14.698+0200][41,092s] GC(59) CMS: 274157K->297280K(393216K)
[2019-04-15T14:00:14.698+0200][41,092s] GC(59) Metaspace: 67072K->67072K(1112064K)
[2019-04-15T14:00:14.698+0200][41,092s] GC(59) Pause Young (CMS Final Remark) 367M->311M(490M) 17,370ms
[2019-04-15T14:00:14.698+0200][41,092s] GC(59) User=0,03s Sys=0,00s Real=0,02s
[2019-04-15T14:00:14.723+0200][41,117s] GC(57) Pause Remark 367M->311M(490M) 42,036ms
[2019-04-15T14:00:14.723+0200][41,117s] GC(57) User=0,07s Sys=0,00s Real=0,04s
[2019-04-15T14:00:14.723+0200][41,117s] GC(57) Concurrent Sweep
[2019-04-15T14:00:14.770+0200][41,164s] GC(57) Concurrent Sweep 46,604ms
[2019-04-15T14:00:14.770+0200][41,164s] GC(57) User=0,06s Sys=0,02s Real=0,05s
[2019-04-15T14:00:14.770+0200][41,164s] GC(57) Concurrent Reset
[2019-04-15T14:00:14.773+0200][41,167s] GC(57) Concurrent Reset 2,330ms
[2019-04-15T14:00:14.773+0200][41,167s] GC(57) User=0,00s Sys=0,00s Real=0,00s
[2019-04-15T14:00:14.773+0200][41,167s] GC(57) Old: 241487K->203559K(393216K)
[2019-04-15T14:00:15.103+0200][41,497s] GC(60) Pause Young (Allocation Failure)
[2019-04-15T14:00:15.103+0200][41,497s] GC(60) Using 4 workers of 4 for evacuation
[2019-04-15T14:00:15.123+0200][41,517s] GC(60) ParNew: 109248K->21824K(109248K)
[2019-04-15T14:00:15.123+0200][41,517s] GC(60) CMS: 203559K->231129K(393216K)
[2019-04-15T14:00:15.123+0200][41,517s] GC(60) Metaspace: 67078K->67078K(1112064K)
[2019-04-15T14:00:15.123+0200][41,517s] GC(60) Pause Young (Allocation Failure) 305M->247M(490M) 19,977ms
[2019-04-15T14:00:15.123+0200][41,517s] GC(60) User=0,06s Sys=0,00s Real=0,02s
[2019-04-15T14:00:15.123+0200][41,517s] GC(61) Pause Initial Mark
[2019-04-15T14:00:15.124+0200][41,518s] GC(61) Pause Initial Mark 247M->247M(490M) 0,809ms
[2019-04-15T14:00:15.124+0200][41,518s] GC(61) User=0,00s Sys=0,00s Real=0,00s
[2019-04-15T14:00:15.124+0200][41,518s] GC(61) Concurrent Mark
[2019-04-15T14:00:15.124+0200][41,518s] GC(61) Using 4 workers of 4 for marking
[2019-04-15T14:00:15.176+0200][41,570s] GC(61) Concurrent Mark 51,692ms
[2019-04-15T14:00:15.176+0200][41,570s] GC(61) User=0,11s Sys=0,03s Real=0,06s
[2019-04-15T14:00:15.176+0200][41,570s] GC(61) Concurrent Preclean
[2019-04-15T14:00:15.177+0200][41,571s] GC(61) Concurrent Preclean 1,277ms
[2019-04-15T14:00:15.177+0200][41,571s] GC(61) User=0,00s Sys=0,00s Real=0,00s
[2019-04-15T14:00:15.177+0200][41,571s] GC(61) Concurrent Abortable Preclean
[2019-04-15T14:00:15.486+0200][41,880s] GC(62) Pause Young (Allocation Failure)
[2019-04-15T14:00:15.486+0200][41,880s] GC(62) Using 4 workers of 4 for evacuation
[2019-04-15T14:00:15.491+0200][41,885s] GC(61) Concurrent Abortable Preclean 313,833ms
[2019-04-15T14:00:15.491+0200][41,885s] GC(61) User=0,38s Sys=0,07s Real=0,31s
[2019-04-15T14:00:15.505+0200][41,899s] GC(62) ParNew: 109055K->21824K(109248K)
[2019-04-15T14:00:15.505+0200][41,899s] GC(62) CMS: 231129K->280055K(393216K)
[2019-04-15T14:00:15.505+0200][41,899s] GC(62) Metaspace: 67087K->67087K(1112064K)
[2019-04-15T14:00:15.505+0200][41,899s] GC(62) Pause Young (Allocation Failure) 332M->294M(490M) 19,635ms
[2019-04-15T14:00:15.505+0200][41,899s] GC(62) User=0,07s Sys=0,00s Real=0,02s
[2019-04-15T14:00:15.506+0200][41,900s] GC(61) Pause Remark
[2019-04-15T14:00:15.506+0200][41,900s] GC(63) Pause Young (CMS Final Remark)
[2019-04-15T14:00:15.506+0200][41,900s] GC(63) Using 4 workers of 4 for evacuation
[2019-04-15T14:00:15.513+0200][41,907s] GC(63) ParNew: 22082K->21166K(109248K)
[2019-04-15T14:00:15.513+0200][41,907s] GC(63) CMS: 280055K->294742K(393216K)
[2019-04-15T14:00:15.513+0200][41,907s] GC(63) Metaspace: 67087K->67087K(1112064K)
[2019-04-15T14:00:15.513+0200][41,907s] GC(63) Pause Young (CMS Final Remark) 295M->308M(490M) 7,005ms
[2019-04-15T14:00:15.513+0200][41,907s] GC(63) User=0,02s Sys=0,00s Real=0,00s
[2019-04-15T14:00:15.538+0200][41,932s] GC(61) Pause Remark 295M->308M(490M) 32,805ms
[2019-04-15T14:00:15.538+0200][41,932s] GC(61) User=0,06s Sys=0,00s Real=0,03s
[2019-04-15T14:00:15.539+0200][41,933s] GC(61) Concurrent Sweep
[2019-04-15T14:00:15.583+0200][41,977s] GC(61) Concurrent Sweep 44,021ms
[2019-04-15T14:00:15.583+0200][41,977s] GC(61) User=0,09s Sys=0,00s Real=0,04s
[2019-04-15T14:00:15.583+0200][41,977s] GC(61) Concurrent Reset
[2019-04-15T14:00:15.583+0200][41,977s] GC(61) Concurrent Reset 0,282ms
[2019-04-15T14:00:15.583+0200][41,977s] GC(61) User=0,00s Sys=0,00s Real=0,00s
[2019-04-15T14:00:15.583+0200][41,977s] GC(61) Old: 231129K->183819K(393216K)
[2019-04-15T14:00:15.768+0200][42,162s] GC(64) Pause Young (Allocation Failure)
[2019-04-15T14:00:15.768+0200][42,162s] GC(64) Using 4 workers of 4 for evacuation
[2019-04-15T14:00:15.780+0200][42,174s] GC(64) ParNew: 108590K->21824K(109248K)
[2019-04-15T14:00:15.780+0200][42,174s] GC(64) CMS: 183819K->200397K(393216K)
[2019-04-15T14:00:15.780+0200][42,174s] GC(64) Metaspace: 67100K->67100K(1112064K)
[2019-04-15T14:00:15.780+0200][42,174s] GC(64) Pause Young (Allocation Failure) 285M->217M(490M) 12,557ms
[2019-04-15T14:00:15.780+0200][42,174s] GC(64) User=0,05s Sys=0,00s Real=0,01s
[2019-04-15T14:00:15.780+0200][42,174s] GC(65) Pause Initial Mark
[2019-04-15T14:00:15.781+0200][42,175s] GC(65) Pause Initial Mark 219M->219M(490M) 0,667ms
[2019-04-15T14:00:15.781+0200][42,175s] GC(65) User=0,00s Sys=0,00s Real=0,00s
[2019-04-15T14:00:15.781+0200][42,175s] GC(65) Concurrent Mark
[2019-04-15T14:00:15.781+0200][42,175s] GC(65) Using 4 workers of 4 for marking
[2019-04-15T14:00:15.818+0200][42,212s] GC(65) Concurrent Mark 37,183ms
[2019-04-15T14:00:15.818+0200][42,212s] GC(65) User=0,14s Sys=0,00s Real=0,04s
[2019-04-15T14:00:15.818+0200][42,212s] GC(65) Concurrent Preclean
[2019-04-15T14:00:15.819+0200][42,213s] GC(65) Concurrent Preclean 0,677ms
[2019-04-15T14:00:15.819+0200][42,213s] GC(65) User=0,00s Sys=0,00s Real=0,00s
[2019-04-15T14:00:15.819+0200][42,213s] GC(65) Concurrent Abortable Preclean
[2019-04-15T14:00:15.998+0200][42,392s] GC(66) Pause Young (Allocation Failure)
[2019-04-15T14:00:15.998+0200][42,392s] GC(66) Using 4 workers of 4 for evacuation
[2019-04-15T14:00:16.014+0200][42,408s] GC(66) ParNew: 109159K->21824K(109248K)
[2019-04-15T14:00:16.014+0200][42,408s] GC(66) CMS: 200397K->230996K(393216K)
[2019-04-15T14:00:16.014+0200][42,408s] GC(66) Metaspace: 67100K->67100K(1112064K)
[2019-04-15T14:00:16.014+0200][42,408s] GC(66) Pause Young (Allocation Failure) 302M->246M(490M) 15,783ms
[2019-04-15T14:00:16.014+0200][42,408s] GC(66) User=0,05s Sys=0,00s Real=0,02s
[2019-04-15T14:00:16.138+0200][42,532s] GC(65) Concurrent Abortable Preclean 318,910ms
[2019-04-15T14:00:16.138+0200][42,532s] GC(65) User=0,41s Sys=0,00s Real=0,32s
[2019-04-15T14:00:16.138+0200][42,532s] GC(65) Pause Remark
[2019-04-15T14:00:16.138+0200][42,532s] GC(67) Pause Young (CMS Final Remark)
[2019-04-15T14:00:16.138+0200][42,532s] GC(67) Using 4 workers of 4 for evacuation
[2019-04-15T14:00:16.146+0200][42,540s] GC(67) ParNew: 73972K->12519K(109248K)
[2019-04-15T14:00:16.146+0200][42,540s] GC(67) CMS: 230996K->230996K(393216K)
[2019-04-15T14:00:16.146+0200][42,540s] GC(67) Metaspace: 67109K->67109K(1112064K)
[2019-04-15T14:00:16.146+0200][42,540s] GC(67) Pause Young (CMS Final Remark) 297M->237M(490M) 7,447ms
[2019-04-15T14:00:16.146+0200][42,540s] GC(67) User=0,02s Sys=0,00s Real=0,01s
[2019-04-15T14:00:16.166+0200][42,560s] GC(65) Pause Remark 297M->237M(490M) 27,467ms
[2019-04-15T14:00:16.166+0200][42,560s] GC(65) User=0,05s Sys=0,00s Real=0,03s
[2019-04-15T14:00:16.166+0200][42,560s] GC(65) Concurrent Sweep
[2019-04-15T14:00:16.197+0200][42,591s] GC(65) Concurrent Sweep 30,965ms
[2019-04-15T14:00:16.197+0200][42,591s] GC(65) User=0,04s Sys=0,02s Real=0,03s
[2019-04-15T14:00:16.197+0200][42,591s] GC(65) Concurrent Reset
[2019-04-15T14:00:16.198+0200][42,592s] GC(65) Concurrent Reset 0,624ms
[2019-04-15T14:00:16.198+0200][42,592s] GC(65) User=0,00s Sys=0,00s Real=0,00s
[2019-04-15T14:00:16.198+0200][42,592s] GC(65) Old: 200397K->183651K(393216K)
[2019-04-15T14:00:16.328+0200][42,722s] GC(68) Pause Young (Allocation Failure)
[2019-04-15T14:00:16.328+0200][42,722s] GC(68) Using 4 workers of 4 for evacuation
[2019-04-15T14:00:16.345+0200][42,739s] GC(68) ParNew: 99943K->21824K(109248K)
[2019-04-15T14:00:16.345+0200][42,739s] GC(68) CMS: 183651K->188248K(393216K)
[2019-04-15T14:00:16.345+0200][42,739s] GC(68) Metaspace: 67150K->67150K(1112064K)
[2019-04-15T14:00:16.345+0200][42,739s] GC(68) Pause Young (Allocation Failure) 276M->205M(490M) 16,955ms
[2019-04-15T14:00:16.345+0200][42,739s] GC(68) User=0,05s Sys=0,00s Real=0,02s
[2019-04-15T14:00:16.784+0200][43,178s] GC(69) Pause Young (Allocation Failure)
[2019-04-15T14:00:16.784+0200][43,178s] GC(69) Using 4 workers of 4 for evacuation
[2019-04-15T14:00:16.803+0200][43,197s] GC(69) ParNew: 109063K->21824K(109248K)
[2019-04-15T14:00:16.803+0200][43,197s] GC(69) CMS: 188248K->223009K(393216K)
[2019-04-15T14:00:16.803+0200][43,197s] GC(69) Metaspace: 67193K->67193K(1112064K)
[2019-04-15T14:00:16.803+0200][43,197s] GC(69) Pause Young (Allocation Failure) 290M->239M(490M) 18,799ms
[2019-04-15T14:00:16.803+0200][43,197s] GC(69) User=0,05s Sys=0,00s Real=0,02s
[2019-04-15T14:00:16.803+0200][43,197s] GC(70) Pause Initial Mark
[2019-04-15T14:00:16.805+0200][43,199s] GC(70) Pause Initial Mark 240M->240M(490M) 1,167ms
[2019-04-15T14:00:16.805+0200][43,199s] GC(70) User=0,00s Sys=0,01s Real=0,00s
[2019-04-15T14:00:16.805+0200][43,199s] GC(70) Concurrent Mark
[2019-04-15T14:00:16.805+0200][43,199s] GC(70) Using 4 workers of 4 for marking
[2019-04-15T14:00:16.846+0200][43,240s] GC(70) Concurrent Mark 41,455ms
[2019-04-15T14:00:16.846+0200][43,240s] GC(70) User=0,15s Sys=0,00s Real=0,05s
[2019-04-15T14:00:16.846+0200][43,240s] GC(70) Concurrent Preclean
[2019-04-15T14:00:16.847+0200][43,241s] GC(70) Concurrent Preclean 0,692ms
[2019-04-15T14:00:16.847+0200][43,241s] GC(70) User=0,00s Sys=0,00s Real=0,00s
[2019-04-15T14:00:16.847+0200][43,241s] GC(70) Concurrent Abortable Preclean
[2019-04-15T14:00:17.046+0200][43,440s] GC(71) Pause Young (Allocation Failure)
[2019-04-15T14:00:17.046+0200][43,440s] GC(71) Using 4 workers of 4 for evacuation
[2019-04-15T14:00:17.062+0200][43,456s] GC(71) ParNew: 109248K->21824K(109248K)
[2019-04-15T14:00:17.062+0200][43,456s] GC(71) CMS: 223009K->252925K(393216K)
[2019-04-15T14:00:17.062+0200][43,456s] GC(71) Metaspace: 67193K->67193K(1112064K)
[2019-04-15T14:00:17.062+0200][43,456s] GC(71) Pause Young (Allocation Failure) 324M->268M(490M) 16,352ms
[2019-04-15T14:00:17.062+0200][43,456s] GC(71) User=0,05s Sys=0,00s Real=0,01s
[2019-04-15T14:00:17.231+0200][43,625s] GC(70) Concurrent Abortable Preclean 383,878ms
[2019-04-15T14:00:17.231+0200][43,625s] GC(70) User=0,69s Sys=0,04s Real=0,38s
[2019-04-15T14:00:17.231+0200][43,625s] GC(70) Pause Remark
[2019-04-15T14:00:17.231+0200][43,625s] GC(72) Pause Young (CMS Final Remark)
[2019-04-15T14:00:17.231+0200][43,625s] GC(72) Using 4 workers of 4 for evacuation
[2019-04-15T14:00:17.248+0200][43,642s] GC(72) ParNew: 66655K->21824K(109248K)
[2019-04-15T14:00:17.248+0200][43,642s] GC(72) CMS: 252925K->262904K(393216K)
[2019-04-15T14:00:17.248+0200][43,642s] GC(72) Metaspace: 67218K->67218K(1112064K)
[2019-04-15T14:00:17.248+0200][43,642s] GC(72) Pause Young (CMS Final Remark) 312M->278M(490M) 16,712ms
[2019-04-15T14:00:17.248+0200][43,642s] GC(72) User=0,05s Sys=0,00s Real=0,02s
[2019-04-15T14:00:17.283+0200][43,677s] GC(70) Pause Remark 312M->278M(490M) 51,778ms
[2019-04-15T14:00:17.283+0200][43,677s] GC(70) User=0,13s Sys=0,00s Real=0,05s
[2019-04-15T14:00:17.283+0200][43,677s] GC(70) Concurrent Sweep
[2019-04-15T14:00:17.309+0200][43,703s] GC(70) Concurrent Sweep 25,692ms
[2019-04-15T14:00:17.309+0200][43,703s] GC(70) User=0,06s Sys=0,00s Real=0,03s
[2019-04-15T14:00:17.309+0200][43,703s] GC(70) Concurrent Reset
[2019-04-15T14:00:17.309+0200][43,703s] GC(70) Concurrent Reset 0,415ms
[2019-04-15T14:00:17.309+0200][43,703s] GC(70) User=0,00s Sys=0,00s Real=0,00s
[2019-04-15T14:00:17.309+0200][43,703s] GC(70) Old: 223009K->213926K(393216K)
[2019-04-15T14:00:17.903+0200][44,297s] GC(73) Pause Young (Allocation Failure)
[2019-04-15T14:00:17.903+0200][44,297s] GC(73) Using 4 workers of 4 for evacuation
[2019-04-15T14:00:17.937+0200][44,331s] GC(73) ParNew: 109248K->21824K(109248K)
[2019-04-15T14:00:17.937+0200][44,331s] GC(73) CMS: 213926K->283991K(393216K)
[2019-04-15T14:00:17.937+0200][44,331s] GC(73) Metaspace: 67218K->67218K(1112064K)
[2019-04-15T14:00:17.937+0200][44,331s] GC(73) Pause Young (Allocation Failure) 315M->298M(490M) 33,961ms
[2019-04-15T14:00:17.937+0200][44,331s] GC(73) User=0,06s Sys=0,00s Real=0,04s
[2019-04-15T14:00:17.937+0200][44,331s] GC(74) Pause Initial Mark
[2019-04-15T14:00:17.939+0200][44,333s] GC(74) Pause Initial Mark 298M->298M(490M) 1,300ms
[2019-04-15T14:00:17.939+0200][44,333s] GC(74) User=0,01s Sys=0,00s Real=0,00s
[2019-04-15T14:00:17.943+0200][44,337s] GC(74) Concurrent Mark
[2019-04-15T14:00:17.944+0200][44,338s] GC(74) Using 4 workers of 4 for marking
[2019-04-15T14:00:17.993+0200][44,387s] GC(74) Concurrent Mark 49,496ms
[2019-04-15T14:00:17.993+0200][44,387s] GC(74) User=0,12s Sys=0,00s Real=0,06s
[2019-04-15T14:00:17.993+0200][44,387s] GC(74) Concurrent Preclean
[2019-04-15T14:00:17.994+0200][44,388s] GC(74) Concurrent Preclean 1,149ms
[2019-04-15T14:00:17.994+0200][44,388s] GC(74) User=0,01s Sys=0,00s Real=0,00s
[2019-04-15T14:00:17.994+0200][44,388s] GC(74) Concurrent Abortable Preclean
[2019-04-15T14:00:18.319+0200][44,713s] GC(75) Pause Young (Allocation Failure)
[2019-04-15T14:00:18.319+0200][44,713s] GC(75) Using 4 workers of 4 for evacuation
[2019-04-15T14:00:18.346+0200][44,740s] GC(75) ParNew: 109248K->21824K(109248K)
[2019-04-15T14:00:18.346+0200][44,740s] GC(75) CMS: 283991K->321859K(393216K)
[2019-04-15T14:00:18.346+0200][44,740s] GC(75) Metaspace: 67218K->67218K(1112064K)
[2019-04-15T14:00:18.346+0200][44,740s] GC(75) Pause Young (Allocation Failure) 384M->335M(490M) 26,228ms
[2019-04-15T14:00:18.346+0200][44,740s] GC(75) User=0,05s Sys=0,01s Real=0,03s
[2019-04-15T14:00:18.346+0200][44,740s] GC(74) Concurrent Abortable Preclean 351,456ms
[2019-04-15T14:00:18.346+0200][44,740s] GC(74) User=0,36s Sys=0,04s Real=0,35s
[2019-04-15T14:00:18.346+0200][44,740s] GC(74) Pause Remark
[2019-04-15T14:00:18.346+0200][44,740s] GC(76) Pause Young (CMS Final Remark)
[2019-04-15T14:00:18.346+0200][44,740s] GC(76) Using 4 workers of 4 for evacuation
[2019-04-15T14:00:18.356+0200][44,750s] GC(76) ParNew: 23154K->21824K(109248K)
[2019-04-15T14:00:18.356+0200][44,750s] GC(76) CMS: 321859K->337069K(393216K)
[2019-04-15T14:00:18.356+0200][44,750s] GC(76) Metaspace: 67218K->67218K(1112064K)
[2019-04-15T14:00:18.356+0200][44,750s] GC(76) Pause Young (CMS Final Remark) 336M->350M(490M) 10,636ms
[2019-04-15T14:00:18.356+0200][44,750s] GC(76) User=0,04s Sys=0,00s Real=0,01s
[2019-04-15T14:00:18.386+0200][44,780s] GC(74) Pause Remark 336M->350M(490M) 40,541ms
[2019-04-15T14:00:18.386+0200][44,780s] GC(74) User=0,08s Sys=0,00s Real=0,04s
[2019-04-15T14:00:18.386+0200][44,780s] GC(74) Concurrent Sweep
[2019-04-15T14:00:18.416+0200][44,810s] GC(74) Concurrent Sweep 29,824ms
[2019-04-15T14:00:18.416+0200][44,810s] GC(74) User=0,06s Sys=0,00s Real=0,03s
[2019-04-15T14:00:18.416+0200][44,810s] GC(74) Concurrent Reset
[2019-04-15T14:00:18.417+0200][44,811s] GC(74) Concurrent Reset 0,308ms
[2019-04-15T14:00:18.417+0200][44,811s] GC(74) User=0,00s Sys=0,00s Real=0,00s
[2019-04-15T14:00:18.417+0200][44,811s] GC(74) Old: 283991K->245820K(393216K)
[2019-04-15T14:00:18.662+0200][45,056s] GC(77) Pause Young (Allocation Failure)
[2019-04-15T14:00:18.662+0200][45,056s] GC(77) Using 4 workers of 4 for evacuation
[2019-04-15T14:00:18.687+0200][45,081s] GC(77) ParNew: 109248K->21824K(109248K)
[2019-04-15T14:00:18.687+0200][45,081s] GC(77) CMS: 245820K->261780K(393216K)
[2019-04-15T14:00:18.687+0200][45,081s] GC(77) Metaspace: 67218K->67218K(1112064K)
[2019-04-15T14:00:18.687+0200][45,081s] GC(77) Pause Young (Allocation Failure) 346M->276M(490M) 25,449ms
[2019-04-15T14:00:18.687+0200][45,081s] GC(77) User=0,05s Sys=0,01s Real=0,03s
[2019-04-15T14:00:18.687+0200][45,081s] GC(78) Pause Initial Mark
[2019-04-15T14:00:18.688+0200][45,082s] GC(78) Pause Initial Mark 277M->277M(490M) 0,479ms
[2019-04-15T14:00:18.688+0200][45,082s] GC(78) User=0,00s Sys=0,00s Real=0,00s
[2019-04-15T14:00:18.688+0200][45,082s] GC(78) Concurrent Mark
[2019-04-15T14:00:18.688+0200][45,082s] GC(78) Using 4 workers of 4 for marking
[2019-04-15T14:00:18.742+0200][45,136s] GC(78) Concurrent Mark 54,243ms
[2019-04-15T14:00:18.742+0200][45,136s] GC(78) User=0,16s Sys=0,00s Real=0,05s
[2019-04-15T14:00:18.742+0200][45,136s] GC(78) Concurrent Preclean
[2019-04-15T14:00:18.744+0200][45,138s] GC(78) Concurrent Preclean 1,267ms
[2019-04-15T14:00:18.744+0200][45,138s] GC(78) User=0,00s Sys=0,00s Real=0,00s
[2019-04-15T14:00:18.744+0200][45,138s] GC(78) Concurrent Abortable Preclean
[2019-04-15T14:00:18.945+0200][45,339s] GC(79) Pause Young (Allocation Failure)
[2019-04-15T14:00:18.945+0200][45,339s] GC(79) Using 4 workers of 4 for evacuation
[2019-04-15T14:00:18.963+0200][45,357s] GC(78) Concurrent Abortable Preclean 219,443ms
[2019-04-15T14:00:18.963+0200][45,357s] GC(78) User=0,28s Sys=0,00s Real=0,22s
[2019-04-15T14:00:18.964+0200][45,358s] GC(79) ParNew: 109248K->21824K(109248K)
[2019-04-15T14:00:18.964+0200][45,358s] GC(79) CMS: 261780K->293952K(393216K)
[2019-04-15T14:00:18.964+0200][45,358s] GC(79) Metaspace: 67218K->67218K(1112064K)
[2019-04-15T14:00:18.964+0200][45,358s] GC(79) Pause Young (Allocation Failure) 362M->308M(490M) 19,092ms
[2019-04-15T14:00:18.964+0200][45,358s] GC(79) User=0,06s Sys=0,00s Real=0,01s
[2019-04-15T14:00:18.965+0200][45,359s] GC(78) Pause Remark
[2019-04-15T14:00:18.965+0200][45,359s] GC(80) Pause Young (CMS Final Remark)
[2019-04-15T14:00:18.965+0200][45,359s] GC(80) Using 4 workers of 4 for evacuation
[2019-04-15T14:00:18.970+0200][45,364s] GC(80) ParNew: 23904K->11673K(109248K)
[2019-04-15T14:00:18.970+0200][45,364s] GC(80) CMS: 293952K->293952K(393216K)
[2019-04-15T14:00:18.970+0200][45,364s] GC(80) Metaspace: 67218K->67218K(1112064K)
[2019-04-15T14:00:18.970+0200][45,364s] GC(80) Pause Young (CMS Final Remark) 310M->298M(490M) 4,802ms
[2019-04-15T14:00:18.970+0200][45,364s] GC(80) User=0,02s Sys=0,00s Real=0,00s
[2019-04-15T14:00:19.028+0200][45,422s] GC(78) Pause Remark 310M->298M(490M) 62,427ms
[2019-04-15T14:00:19.028+0200][45,422s] GC(78) User=0,08s Sys=0,00s Real=0,06s
[2019-04-15T14:00:19.028+0200][45,422s] GC(78) Concurrent Sweep
[2019-04-15T14:00:19.071+0200][45,465s] GC(78) Concurrent Sweep 43,419ms
[2019-04-15T14:00:19.071+0200][45,465s] GC(78) User=0,08s Sys=0,00s Real=0,04s
[2019-04-15T14:00:19.072+0200][45,466s] GC(78) Concurrent Reset
[2019-04-15T14:00:19.072+0200][45,466s] GC(78) Concurrent Reset 0,451ms
[2019-04-15T14:00:19.072+0200][45,466s] GC(78) User=0,00s Sys=0,00s Real=0,00s
[2019-04-15T14:00:19.072+0200][45,466s] GC(78) Old: 261780K->239604K(393216K)
[2019-04-15T14:00:19.278+0200][45,672s] GC(81) Pause Young (Allocation Failure)
[2019-04-15T14:00:19.278+0200][45,672s] GC(81) Using 4 workers of 4 for evacuation
[2019-04-15T14:00:19.296+0200][45,690s] GC(81) ParNew: 98295K->21824K(109248K)
[2019-04-15T14:00:19.296+0200][45,690s] GC(81) CMS: 239604K->256327K(393216K)
[2019-04-15T14:00:19.296+0200][45,690s] GC(81) Metaspace: 67219K->67219K(1112064K)
[2019-04-15T14:00:19.296+0200][45,690s] GC(81) Pause Young (Allocation Failure) 329M->271M(490M) 18,251ms
[2019-04-15T14:00:19.296+0200][45,690s] GC(81) User=0,04s Sys=0,00s Real=0,02s
[2019-04-15T14:00:19.296+0200][45,690s] GC(82) Pause Initial Mark
[2019-04-15T14:00:19.297+0200][45,691s] GC(82) Pause Initial Mark 274M->274M(490M) 0,486ms
[2019-04-15T14:00:19.297+0200][45,691s] GC(82) User=0,00s Sys=0,00s Real=0,00s
[2019-04-15T14:00:19.297+0200][45,691s] GC(82) Concurrent Mark
[2019-04-15T14:00:19.297+0200][45,691s] GC(82) Using 4 workers of 4 for marking
[2019-04-15T14:00:19.329+0200][45,723s] GC(82) Concurrent Mark 31,784ms
[2019-04-15T14:00:19.329+0200][45,723s] GC(82) User=0,12s Sys=0,00s Real=0,03s
[2019-04-15T14:00:19.329+0200][45,723s] GC(82) Concurrent Preclean
[2019-04-15T14:00:19.329+0200][45,723s] GC(82) Concurrent Preclean 0,704ms
[2019-04-15T14:00:19.329+0200][45,723s] GC(82) User=0,00s Sys=0,00s Real=0,00s
[2019-04-15T14:00:19.329+0200][45,723s] GC(82) Concurrent Abortable Preclean
[2019-04-15T14:00:19.535+0200][45,929s] GC(83) Pause Young (Allocation Failure)
[2019-04-15T14:00:19.535+0200][45,929s] GC(83) Using 4 workers of 4 for evacuation
[2019-04-15T14:00:19.538+0200][45,932s] GC(82) Concurrent Abortable Preclean 208,850ms
[2019-04-15T14:00:19.538+0200][45,932s] GC(82) User=0,22s Sys=0,00s Real=0,21s
[2019-04-15T14:00:19.553+0200][45,947s] GC(83) ParNew: 109248K->21824K(109248K)
[2019-04-15T14:00:19.553+0200][45,947s] GC(83) CMS: 256327K->288864K(393216K)
[2019-04-15T14:00:19.553+0200][45,947s] GC(83) Metaspace: 67219K->67219K(1112064K)
[2019-04-15T14:00:19.553+0200][45,947s] GC(83) Pause Young (Allocation Failure) 357M->303M(490M) 17,232ms
[2019-04-15T14:00:19.553+0200][45,947s] GC(83) User=0,06s Sys=0,00s Real=0,01s
[2019-04-15T14:00:19.553+0200][45,948s] GC(82) Pause Remark
[2019-04-15T14:00:19.554+0200][45,948s] GC(84) Pause Young (CMS Final Remark)
[2019-04-15T14:00:19.554+0200][45,948s] GC(84) Using 4 workers of 4 for evacuation
[2019-04-15T14:00:19.563+0200][45,957s] GC(84) ParNew: 26307K->16144K(109248K)
[2019-04-15T14:00:19.563+0200][45,957s] GC(84) CMS: 288864K->288864K(393216K)
[2019-04-15T14:00:19.563+0200][45,957s] GC(84) Metaspace: 67219K->67219K(1112064K)
[2019-04-15T14:00:19.563+0200][45,957s] GC(84) Pause Young (CMS Final Remark) 307M->297M(490M) 9,346ms
[2019-04-15T14:00:19.563+0200][45,957s] GC(84) User=0,02s Sys=0,00s Real=0,00s
[2019-04-15T14:00:19.606+0200][46,000s] GC(82) Pause Remark 307M->297M(490M) 52,234ms
[2019-04-15T14:00:19.606+0200][46,000s] GC(82) User=0,07s Sys=0,00s Real=0,05s
[2019-04-15T14:00:19.606+0200][46,000s] GC(82) Concurrent Sweep
[2019-04-15T14:00:19.642+0200][46,036s] GC(82) Concurrent Sweep 36,605ms
[2019-04-15T14:00:19.642+0200][46,036s] GC(82) User=0,07s Sys=0,00s Real=0,03s
[2019-04-15T14:00:19.643+0200][46,037s] GC(82) Concurrent Reset
[2019-04-15T14:00:19.644+0200][46,038s] GC(82) Concurrent Reset 0,997ms
[2019-04-15T14:00:19.644+0200][46,038s] GC(82) User=0,00s Sys=0,00s Real=0,00s
[2019-04-15T14:00:19.644+0200][46,038s] GC(82) Old: 256327K->271818K(393216K)
[2019-04-15T14:00:19.878+0200][46,272s] GC(85) Pause Young (Allocation Failure)
[2019-04-15T14:00:19.878+0200][46,272s] GC(85) Using 4 workers of 4 for evacuation
[2019-04-15T14:00:19.894+0200][46,288s] GC(85) ParNew: 103546K->21824K(109248K)
[2019-04-15T14:00:19.895+0200][46,289s] GC(85) CMS: 271818K->292268K(393216K)
[2019-04-15T14:00:19.895+0200][46,289s] GC(85) Metaspace: 67219K->67219K(1112064K)
[2019-04-15T14:00:19.895+0200][46,289s] GC(85) Pause Young (Allocation Failure) 366M->306M(490M) 16,419ms
[2019-04-15T14:00:19.895+0200][46,289s] GC(85) User=0,05s Sys=0,00s Real=0,02s
[2019-04-15T14:00:19.895+0200][46,289s] GC(86) Pause Initial Mark
[2019-04-15T14:00:19.895+0200][46,289s] GC(86) Pause Initial Mark 307M->307M(490M) 0,554ms
[2019-04-15T14:00:19.895+0200][46,289s] GC(86) User=0,00s Sys=0,00s Real=0,00s
[2019-04-15T14:00:19.895+0200][46,289s] GC(86) Concurrent Mark
[2019-04-15T14:00:19.895+0200][46,289s] GC(86) Using 4 workers of 4 for marking
[2019-04-15T14:00:19.953+0200][46,347s] GC(86) Concurrent Mark 57,512ms
[2019-04-15T14:00:19.953+0200][46,347s] GC(86) User=0,18s Sys=0,00s Real=0,06s
[2019-04-15T14:00:19.953+0200][46,347s] GC(86) Concurrent Preclean
[2019-04-15T14:00:19.956+0200][46,350s] GC(86) Concurrent Preclean 2,954ms
[2019-04-15T14:00:19.956+0200][46,350s] GC(86) User=0,00s Sys=0,00s Real=0,00s
[2019-04-15T14:00:19.956+0200][46,350s] GC(86) Concurrent Abortable Preclean
[2019-04-15T14:00:20.184+0200][46,578s] GC(87) Pause Young (Allocation Failure)
[2019-04-15T14:00:20.184+0200][46,578s] GC(87) Using 4 workers of 4 for evacuation
[2019-04-15T14:00:20.205+0200][46,599s] GC(87) ParNew: 109248K->21824K(109248K)
[2019-04-15T14:00:20.205+0200][46,599s] GC(87) CMS: 292268K->314731K(393216K)
[2019-04-15T14:00:20.205+0200][46,599s] GC(87) Metaspace: 67220K->67220K(1112064K)
[2019-04-15T14:00:20.205+0200][46,599s] GC(87) Pause Young (Allocation Failure) 392M->328M(490M) 20,521ms
[2019-04-15T14:00:20.205+0200][46,599s] GC(87) User=0,05s Sys=0,00s Real=0,03s
[2019-04-15T14:00:20.515+0200][46,909s] GC(88) Pause Young (Allocation Failure)
[2019-04-15T14:00:20.515+0200][46,909s] GC(88) Using 4 workers of 4 for evacuation
[2019-04-15T14:00:20.536+0200][46,930s] GC(88) ParNew: 109248K->21824K(109248K)
[2019-04-15T14:00:20.536+0200][46,930s] GC(88) CMS: 314731K->327827K(393216K)
[2019-04-15T14:00:20.536+0200][46,930s] GC(88) Metaspace: 67227K->67227K(1112064K)
[2019-04-15T14:00:20.536+0200][46,930s] GC(88) Pause Young (Allocation Failure) 414M->341M(490M) 21,457ms
[2019-04-15T14:00:20.536+0200][46,930s] GC(88) User=0,07s Sys=0,00s Real=0,02s
[2019-04-15T14:00:20.540+0200][46,934s] GC(86) Concurrent Abortable Preclean 583,638ms
[2019-04-15T14:00:20.540+0200][46,934s] GC(86) User=1,04s Sys=0,07s Real=0,58s
[2019-04-15T14:00:20.541+0200][46,935s] GC(86) Pause Remark
[2019-04-15T14:00:20.541+0200][46,935s] GC(89) Pause Young (CMS Final Remark)
[2019-04-15T14:00:20.541+0200][46,935s] GC(89) Using 4 workers of 4 for evacuation
[2019-04-15T14:00:20.564+0200][46,958s] GC(89) ParNew: 22650K->10266K(109248K)
[2019-04-15T14:00:20.564+0200][46,958s] GC(89) CMS: 327827K->350278K(393216K)
[2019-04-15T14:00:20.564+0200][46,958s] GC(89) Metaspace: 67227K->67227K(1112064K)
[2019-04-15T14:00:20.564+0200][46,958s] GC(89) Pause Young (CMS Final Remark) 342M->352M(490M) 23,078ms
[2019-04-15T14:00:20.564+0200][46,958s] GC(89) User=0,08s Sys=0,00s Real=0,02s
[2019-04-15T14:00:20.589+0200][46,983s] GC(86) Pause Remark 342M->352M(490M) 48,821ms
[2019-04-15T14:00:20.589+0200][46,983s] GC(86) User=0,12s Sys=0,00s Real=0,05s
[2019-04-15T14:00:20.590+0200][46,984s] GC(86) Concurrent Sweep
[2019-04-15T14:00:20.643+0200][47,037s] GC(86) Concurrent Sweep 53,065ms
[2019-04-15T14:00:20.643+0200][47,037s] GC(86) User=0,17s Sys=0,00s Real=0,05s
[2019-04-15T14:00:20.643+0200][47,037s] GC(86) Concurrent Reset
[2019-04-15T14:00:20.643+0200][47,037s] GC(86) Concurrent Reset 0,655ms
[2019-04-15T14:00:20.643+0200][47,037s] GC(86) User=0,01s Sys=0,00s Real=0,00s
[2019-04-15T14:00:20.644+0200][47,038s] GC(86) Old: 292268K->329474K(393216K)
[2019-04-15T14:00:20.719+0200][47,113s] GC(90) Pause Young (Allocation Failure)
[2019-04-15T14:00:20.719+0200][47,113s] GC(90) Using 4 workers of 4 for evacuation
[2019-04-15T14:00:20.731+0200][47,125s] GC(90) ParNew: 97690K->5133K(109248K)
[2019-04-15T14:00:20.731+0200][47,125s] GC(90) CMS: 329474K->329474K(393216K)
[2019-04-15T14:00:20.731+0200][47,125s] GC(90) Metaspace: 67228K->67228K(1112064K)
[2019-04-15T14:00:20.731+0200][47,125s] GC(90) Pause Young (Allocation Failure) 417M->326M(490M) 11,734ms
[2019-04-15T14:00:20.731+0200][47,125s] GC(90) User=0,04s Sys=0,00s Real=0,01s
[2019-04-15T14:00:20.731+0200][47,125s] GC(91) Pause Initial Mark
[2019-04-15T14:00:20.732+0200][47,126s] GC(91) Pause Initial Mark 327M->327M(490M) 0,463ms
[2019-04-15T14:00:20.732+0200][47,126s] GC(91) User=0,00s Sys=0,00s Real=0,00s
[2019-04-15T14:00:20.732+0200][47,126s] GC(91) Concurrent Mark
[2019-04-15T14:00:20.732+0200][47,126s] GC(91) Using 4 workers of 4 for marking
[2019-04-15T14:00:20.783+0200][47,177s] GC(91) Concurrent Mark 51,904ms
[2019-04-15T14:00:20.784+0200][47,178s] GC(91) User=0,20s Sys=0,00s Real=0,05s
[2019-04-15T14:00:20.784+0200][47,178s] GC(91) Concurrent Preclean
[2019-04-15T14:00:20.785+0200][47,179s] GC(91) Concurrent Preclean 1,369ms
[2019-04-15T14:00:20.785+0200][47,179s] GC(91) User=0,01s Sys=0,00s Real=0,01s
[2019-04-15T14:00:20.785+0200][47,179s] GC(91) Concurrent Abortable Preclean
[2019-04-15T14:00:20.841+0200][47,235s] GC(92) Pause Young (Allocation Failure)
[2019-04-15T14:00:20.841+0200][47,235s] GC(92) Using 4 workers of 4 for evacuation
[2019-04-15T14:00:20.845+0200][47,239s] GC(92) ParNew: 92557K->2697K(109248K)
[2019-04-15T14:00:20.845+0200][47,239s] GC(92) CMS: 329474K->329474K(393216K)
[2019-04-15T14:00:20.845+0200][47,239s] GC(92) Metaspace: 67228K->67228K(1112064K)
[2019-04-15T14:00:20.845+0200][47,239s] GC(92) Pause Young (Allocation Failure) 412M->324M(490M) 4,651ms
[2019-04-15T14:00:20.845+0200][47,239s] GC(92) User=0,01s Sys=0,00s Real=0,01s
[2019-04-15T14:00:20.941+0200][47,335s] GC(93) Pause Young (Allocation Failure)
[2019-04-15T14:00:20.941+0200][47,335s] GC(93) Using 4 workers of 4 for evacuation
[2019-04-15T14:00:20.951+0200][47,345s] GC(93) ParNew: 90121K->2347K(109248K)
[2019-04-15T14:00:20.951+0200][47,345s] GC(93) CMS: 329474K->329474K(393216K)
[2019-04-15T14:00:20.951+0200][47,345s] GC(93) Metaspace: 67228K->67228K(1112064K)
[2019-04-15T14:00:20.951+0200][47,345s] GC(93) Pause Young (Allocation Failure) 409M->324M(490M) 10,733ms
[2019-04-15T14:00:20.951+0200][47,345s] GC(93) User=0,03s Sys=0,01s Real=0,01s
[2019-04-15T14:00:21.029+0200][47,423s] GC(94) Pause Young (Allocation Failure)
[2019-04-15T14:00:21.029+0200][47,423s] GC(94) Using 4 workers of 4 for evacuation
[2019-04-15T14:00:21.034+0200][47,428s] GC(94) ParNew: 89771K->2554K(109248K)
[2019-04-15T14:00:21.034+0200][47,428s] GC(94) CMS: 329474K->329474K(393216K)
[2019-04-15T14:00:21.034+0200][47,428s] GC(94) Metaspace: 67228K->67228K(1112064K)
[2019-04-15T14:00:21.035+0200][47,429s] GC(94) Pause Young (Allocation Failure) 409M->324M(490M) 5,518ms
[2019-04-15T14:00:21.035+0200][47,429s] GC(94) User=0,02s Sys=0,00s Real=0,01s
[2019-04-15T14:00:21.164+0200][47,558s] GC(91) Concurrent Abortable Preclean 379,020ms
[2019-04-15T14:00:21.164+0200][47,558s] GC(91) User=1,02s Sys=0,01s Real=0,37s
[2019-04-15T14:00:21.164+0200][47,558s] GC(91) Pause Remark
[2019-04-15T14:00:21.164+0200][47,558s] GC(95) Pause Young (CMS Final Remark)
[2019-04-15T14:00:21.164+0200][47,558s] GC(95) Using 4 workers of 4 for evacuation
[2019-04-15T14:00:21.178+0200][47,572s] GC(95) ParNew: 48189K->5655K(109248K)
[2019-04-15T14:00:21.178+0200][47,572s] GC(95) CMS: 329474K->329474K(393216K)
[2019-04-15T14:00:21.178+0200][47,572s] GC(95) Metaspace: 67244K->67244K(1112064K)
[2019-04-15T14:00:21.178+0200][47,572s] GC(95) Pause Young (CMS Final Remark) 368M->327M(490M) 13,576ms
[2019-04-15T14:00:21.178+0200][47,572s] GC(95) User=0,03s Sys=0,00s Real=0,02s
[2019-04-15T14:00:21.220+0200][47,614s] GC(91) Pause Remark 368M->327M(490M) 55,554ms
[2019-04-15T14:00:21.220+0200][47,614s] GC(91) User=0,13s Sys=0,01s Real=0,06s
[2019-04-15T14:00:21.220+0200][47,614s] GC(91) Concurrent Sweep
[2019-04-15T14:00:21.265+0200][47,659s] GC(91) Concurrent Sweep 45,009ms
[2019-04-15T14:00:21.265+0200][47,659s] GC(91) User=0,13s Sys=0,01s Real=0,05s
[2019-04-15T14:00:21.265+0200][47,659s] GC(91) Concurrent Reset
[2019-04-15T14:00:21.265+0200][47,659s] GC(91) Concurrent Reset 0,468ms
[2019-04-15T14:00:21.266+0200][47,660s] GC(91) User=0,00s Sys=0,00s Real=0,00s
[2019-04-15T14:00:21.266+0200][47,660s] GC(91) Old: 329474K->227110K(393216K)
[2019-04-15T14:00:21.584+0200][47,979s] GC(96) Pause Young (Allocation Failure)
[2019-04-15T14:00:21.585+0200][47,979s] GC(96) Using 4 workers of 4 for evacuation
[2019-04-15T14:00:21.613+0200][48,007s] GC(96) ParNew: 93079K->21824K(109248K)
[2019-04-15T14:00:21.613+0200][48,007s] GC(96) CMS: 227110K->250024K(393216K)
[2019-04-15T14:00:21.613+0200][48,007s] GC(96) Metaspace: 67289K->67289K(1112064K)
[2019-04-15T14:00:21.613+0200][48,007s] GC(96) Pause Young (Allocation Failure) 312M->265M(490M) 28,135ms
[2019-04-15T14:00:21.613+0200][48,007s] GC(96) User=0,07s Sys=0,01s Real=0,03s
[2019-04-15T14:00:21.613+0200][48,007s] GC(97) Pause Initial Mark
[2019-04-15T14:00:21.614+0200][48,008s] GC(97) Pause Initial Mark 265M->265M(490M) 1,412ms
[2019-04-15T14:00:21.614+0200][48,008s] GC(97) User=0,00s Sys=0,00s Real=0,01s
[2019-04-15T14:00:21.614+0200][48,008s] GC(97) Concurrent Mark
[2019-04-15T14:00:21.614+0200][48,008s] GC(97) Using 4 workers of 4 for marking
[2019-04-15T14:00:21.687+0200][48,081s] GC(97) Concurrent Mark 72,719ms
[2019-04-15T14:00:21.687+0200][48,081s] GC(97) User=0,14s Sys=0,05s Real=0,07s
[2019-04-15T14:00:21.687+0200][48,081s] GC(97) Concurrent Preclean
[2019-04-15T14:00:21.688+0200][48,082s] GC(97) Concurrent Preclean 0,763ms
[2019-04-15T14:00:21.688+0200][48,082s] GC(97) User=0,00s Sys=0,00s Real=0,00s
[2019-04-15T14:00:21.688+0200][48,082s] GC(97) Concurrent Abortable Preclean
[2019-04-15T14:00:21.905+0200][48,299s] GC(98) Pause Young (Allocation Failure)
[2019-04-15T14:00:21.905+0200][48,299s] GC(98) Using 4 workers of 4 for evacuation
[2019-04-15T14:00:21.925+0200][48,319s] GC(98) ParNew: 109248K->21824K(109248K)
[2019-04-15T14:00:21.925+0200][48,319s] GC(98) CMS: 250024K->285916K(393216K)
[2019-04-15T14:00:21.925+0200][48,319s] GC(98) Metaspace: 67290K->67290K(1112064K)
[2019-04-15T14:00:21.925+0200][48,319s] GC(98) Pause Young (Allocation Failure) 350M->300M(490M) 19,567ms
[2019-04-15T14:00:21.925+0200][48,319s] GC(98) User=0,05s Sys=0,01s Real=0,01s
[2019-04-15T14:00:22.109+0200][48,503s] GC(99) Pause Young (Allocation Failure)
[2019-04-15T14:00:22.109+0200][48,503s] GC(99) Using 4 workers of 4 for evacuation
[2019-04-15T14:00:22.130+0200][48,524s] GC(99) ParNew: 109248K->21824K(109248K)
[2019-04-15T14:00:22.130+0200][48,524s] GC(99) CMS: 285916K->307836K(393216K)
[2019-04-15T14:00:22.130+0200][48,524s] GC(99) Metaspace: 67306K->67306K(1112064K)
[2019-04-15T14:00:22.130+0200][48,524s] GC(99) Pause Young (Allocation Failure) 385M->321M(490M) 20,777ms
[2019-04-15T14:00:22.130+0200][48,524s] GC(99) User=0,06s Sys=0,00s Real=0,02s
[2019-04-15T14:00:22.130+0200][48,524s] GC(97) Concurrent Abortable Preclean 442,002ms
[2019-04-15T14:00:22.130+0200][48,524s] GC(97) User=0,76s Sys=0,17s Real=0,44s
[2019-04-15T14:00:22.130+0200][48,524s] GC(97) Pause Remark
[2019-04-15T14:00:22.130+0200][48,524s] GC(100) Pause Young (CMS Final Remark)
[2019-04-15T14:00:22.130+0200][48,524s] GC(100) Using 4 workers of 4 for evacuation
[2019-04-15T14:00:22.143+0200][48,537s] GC(100) ParNew: 23079K->21824K(109248K)
[2019-04-15T14:00:22.143+0200][48,537s] GC(100) CMS: 307836K->316094K(393216K)
[2019-04-15T14:00:22.143+0200][48,537s] GC(100) Metaspace: 67306K->67306K(1112064K)
[2019-04-15T14:00:22.143+0200][48,537s] GC(100) Pause Young (CMS Final Remark) 323M->329M(490M) 12,766ms
[2019-04-15T14:00:22.143+0200][48,537s] GC(100) User=0,03s Sys=0,00s Real=0,01s
[2019-04-15T14:00:22.171+0200][48,565s] GC(97) Pause Remark 323M->329M(490M) 40,600ms
[2019-04-15T14:00:22.171+0200][48,565s] GC(97) User=0,10s Sys=0,00s Real=0,04s
[2019-04-15T14:00:22.171+0200][48,565s] GC(97) Concurrent Sweep
[2019-04-15T14:00:22.219+0200][48,613s] GC(97) Concurrent Sweep 47,810ms
[2019-04-15T14:00:22.219+0200][48,613s] GC(97) User=0,17s Sys=0,00s Real=0,05s
[2019-04-15T14:00:22.219+0200][48,613s] GC(97) Concurrent Reset
[2019-04-15T14:00:22.219+0200][48,613s] GC(97) Concurrent Reset 0,448ms
[2019-04-15T14:00:22.219+0200][48,613s] GC(97) User=0,01s Sys=0,00s Real=0,00s
[2019-04-15T14:00:22.219+0200][48,613s] GC(97) Old: 250024K->198609K(393216K)
[2019-04-15T14:00:22.415+0200][48,809s] GC(101) Pause Young (Allocation Failure)
[2019-04-15T14:00:22.415+0200][48,809s] GC(101) Using 4 workers of 4 for evacuation
[2019-04-15T14:00:22.430+0200][48,824s] GC(101) ParNew: 109248K->21824K(109248K)
[2019-04-15T14:00:22.430+0200][48,824s] GC(101) CMS: 198609K->225743K(393216K)
[2019-04-15T14:00:22.430+0200][48,824s] GC(101) Metaspace: 67325K->67325K(1112064K)
[2019-04-15T14:00:22.430+0200][48,824s] GC(101) Pause Young (Allocation Failure) 300M->241M(490M) 14,575ms
[2019-04-15T14:00:22.430+0200][48,824s] GC(101) User=0,05s Sys=0,01s Real=0,01s
[2019-04-15T14:00:22.430+0200][48,824s] GC(102) Pause Initial Mark
[2019-04-15T14:00:22.431+0200][48,825s] GC(102) Pause Initial Mark 242M->242M(490M) 0,808ms
[2019-04-15T14:00:22.431+0200][48,825s] GC(102) User=0,00s Sys=0,00s Real=0,00s
[2019-04-15T14:00:22.431+0200][48,825s] GC(102) Concurrent Mark
[2019-04-15T14:00:22.431+0200][48,825s] GC(102) Using 4 workers of 4 for marking
[2019-04-15T14:00:22.500+0200][48,894s] GC(102) Concurrent Mark 69,438ms
[2019-04-15T14:00:22.500+0200][48,894s] GC(102) User=0,22s Sys=0,00s Real=0,07s
[2019-04-15T14:00:22.500+0200][48,894s] GC(102) Concurrent Preclean
[2019-04-15T14:00:22.502+0200][48,896s] GC(102) Concurrent Preclean 1,487ms
[2019-04-15T14:00:22.502+0200][48,896s] GC(102) User=0,00s Sys=0,00s Real=0,00s
[2019-04-15T14:00:22.502+0200][48,896s] GC(102) Concurrent Abortable Preclean
[2019-04-15T14:00:22.876+0200][49,270s] GC(103) Pause Young (Allocation Failure)
[2019-04-15T14:00:22.876+0200][49,270s] GC(103) Using 4 workers of 4 for evacuation
[2019-04-15T14:00:22.902+0200][49,296s] GC(103) ParNew: 109248K->21824K(109248K)
[2019-04-15T14:00:22.902+0200][49,296s] GC(103) CMS: 225743K->280113K(393216K)
[2019-04-15T14:00:22.902+0200][49,296s] GC(103) Metaspace: 67327K->67327K(1112064K)
[2019-04-15T14:00:22.902+0200][49,296s] GC(103) Pause Young (Allocation Failure) 327M->294M(490M) 25,618ms
[2019-04-15T14:00:22.902+0200][49,296s] GC(103) User=0,05s Sys=0,01s Real=0,02s
[2019-04-15T14:00:23.239+0200][49,633s] GC(102) Concurrent Abortable Preclean 736,925ms
[2019-04-15T14:00:23.239+0200][49,633s] GC(102) User=0,57s Sys=0,37s Real=0,74s
[2019-04-15T14:00:23.239+0200][49,633s] GC(102) Pause Remark
[2019-04-15T14:00:23.239+0200][49,633s] GC(104) Pause Young (CMS Final Remark)
[2019-04-15T14:00:23.239+0200][49,633s] GC(104) Using 4 workers of 4 for evacuation
[2019-04-15T14:00:23.263+0200][49,657s] GC(104) ParNew: 85896K->21824K(109248K)
[2019-04-15T14:00:23.263+0200][49,657s] GC(104) CMS: 280113K->338006K(393216K)
[2019-04-15T14:00:23.263+0200][49,657s] GC(104) Metaspace: 67335K->67335K(1112064K)
[2019-04-15T14:00:23.263+0200][49,657s] GC(104) Pause Young (CMS Final Remark) 357M->351M(490M) 23,776ms
[2019-04-15T14:00:23.263+0200][49,657s] GC(104) User=0,05s Sys=0,00s Real=0,02s
[2019-04-15T14:00:23.288+0200][49,682s] GC(102) Pause Remark 357M->351M(490M) 48,983ms
[2019-04-15T14:00:23.288+0200][49,682s] GC(102) User=0,09s Sys=0,00s Real=0,05s
[2019-04-15T14:00:23.288+0200][49,682s] GC(102) Concurrent Sweep
[2019-04-15T14:00:23.328+0200][49,722s] GC(102) Concurrent Sweep 39,426ms
[2019-04-15T14:00:23.328+0200][49,722s] GC(102) User=0,06s Sys=0,02s Real=0,04s
[2019-04-15T14:00:23.328+0200][49,722s] GC(102) Concurrent Reset
[2019-04-15T14:00:23.328+0200][49,722s] GC(102) Concurrent Reset 0,392ms
[2019-04-15T14:00:23.328+0200][49,722s] GC(102) User=0,00s Sys=0,00s Real=0,00s
[2019-04-15T14:00:23.328+0200][49,722s] GC(102) Old: 225743K->242725K(393216K)
[2019-04-15T14:00:23.882+0200][50,276s] GC(105) Pause Young (Allocation Failure)
[2019-04-15T14:00:23.882+0200][50,276s] GC(105) Using 4 workers of 4 for evacuation
[2019-04-15T14:00:23.931+0200][50,325s] GC(105) ParNew: 109248K->21824K(109248K)
[2019-04-15T14:00:23.931+0200][50,325s] GC(105) CMS: 242725K->328628K(393216K)
[2019-04-15T14:00:23.931+0200][50,325s] GC(105) Metaspace: 67335K->67335K(1112064K)
[2019-04-15T14:00:23.931+0200][50,325s] GC(105) Pause Young (Allocation Failure) 343M->342M(490M) 49,201ms
[2019-04-15T14:00:23.931+0200][50,325s] GC(105) User=0,11s Sys=0,01s Real=0,05s
[2019-04-15T14:00:23.931+0200][50,325s] GC(106) Pause Initial Mark
[2019-04-15T14:00:23.931+0200][50,325s] GC(106) Pause Initial Mark 342M->342M(490M) 0,403ms
[2019-04-15T14:00:23.931+0200][50,325s] GC(106) User=0,00s Sys=0,00s Real=0,00s
[2019-04-15T14:00:23.931+0200][50,325s] GC(106) Concurrent Mark
[2019-04-15T14:00:23.931+0200][50,325s] GC(106) Using 4 workers of 4 for marking
[2019-04-15T14:00:23.993+0200][50,387s] GC(106) Concurrent Mark 61,545ms
[2019-04-15T14:00:23.993+0200][50,387s] GC(106) User=0,15s Sys=0,01s Real=0,07s
[2019-04-15T14:00:23.993+0200][50,387s] GC(106) Concurrent Preclean
[2019-04-15T14:00:23.994+0200][50,388s] GC(106) Concurrent Preclean 0,797ms
[2019-04-15T14:00:23.994+0200][50,388s] GC(106) User=0,01s Sys=0,00s Real=0,00s
[2019-04-15T14:00:23.994+0200][50,388s] GC(106) Concurrent Abortable Preclean
[2019-04-15T14:00:24.198+0200][50,592s] GC(106) Concurrent Abortable Preclean 203,885ms
[2019-04-15T14:00:24.198+0200][50,592s] GC(106) User=0,08s Sys=0,10s Real=0,20s
[2019-04-15T14:00:24.198+0200][50,592s] GC(106) Pause Remark
[2019-04-15T14:00:24.198+0200][50,592s] GC(107) Pause Young (CMS Final Remark)
[2019-04-15T14:00:24.198+0200][50,592s] GC(107) Using 4 workers of 4 for evacuation
[2019-04-15T14:00:24.198+0200][50,592s] GC(107) ParNew: 66452K->66452K(109248K)
[2019-04-15T14:00:24.198+0200][50,592s] GC(107) CMS: 328628K->328628K(393216K)
[2019-04-15T14:00:24.198+0200][50,592s] GC(107) Metaspace: 67335K->67335K(1112064K)
[2019-04-15T14:00:24.198+0200][50,592s] GC(107) Pause Young (CMS Final Remark) 385M->385M(490M) 0,075ms
[2019-04-15T14:00:24.198+0200][50,592s] GC(107) User=0,00s Sys=0,00s Real=0,00s
[2019-04-15T14:00:24.255+0200][50,649s] GC(106) Pause Remark 385M->385M(490M) 56,940ms
[2019-04-15T14:00:24.255+0200][50,649s] GC(106) User=0,07s Sys=0,00s Real=0,06s
[2019-04-15T14:00:24.255+0200][50,649s] GC(106) Concurrent Sweep
[2019-04-15T14:00:24.308+0200][50,702s] GC(106) Concurrent Sweep 52,753ms
[2019-04-15T14:00:24.308+0200][50,702s] GC(106) User=0,04s Sys=0,05s Real=0,05s
[2019-04-15T14:00:24.308+0200][50,702s] GC(106) Concurrent Reset
[2019-04-15T14:00:24.308+0200][50,702s] GC(106) Concurrent Reset 0,436ms
[2019-04-15T14:00:24.308+0200][50,702s] GC(106) User=0,00s Sys=0,00s Real=0,00s
[2019-04-15T14:00:24.308+0200][50,702s] GC(106) Old: 328628K->296429K(393216K)
[2019-04-15T14:00:24.528+0200][50,922s] GC(108) Pause Young (Allocation Failure)
[2019-04-15T14:00:24.528+0200][50,922s] GC(108) Using 4 workers of 4 for evacuation
[2019-04-15T14:00:24.528+0200][50,922s] GC(109) Pause Full (Allocation Failure)
[2019-04-15T14:00:24.529+0200][50,923s] GC(109) Phase 1: Mark live objects
[2019-04-15T14:00:24.626+0200][51,020s] GC(109) Phase 1: Mark live objects 96,760ms
[2019-04-15T14:00:24.626+0200][51,020s] GC(109) Phase 2: Compute new object addresses
[2019-04-15T14:00:24.672+0200][51,066s] GC(109) Phase 2: Compute new object addresses 46,176ms
[2019-04-15T14:00:24.672+0200][51,066s] GC(109) Phase 3: Adjust pointers
[2019-04-15T14:00:24.747+0200][51,141s] GC(109) Phase 3: Adjust pointers 75,484ms
[2019-04-15T14:00:24.748+0200][51,142s] GC(109) Phase 4: Move objects
[2019-04-15T14:00:24.877+0200][51,271s] GC(109) Phase 4: Move objects 129,482ms
[2019-04-15T14:00:24.878+0200][51,272s] GC(109) Pause Full (Allocation Failure) 396M->357M(490M) 350,074ms
[2019-04-15T14:00:24.878+0200][51,272s] GC(108) ParNew: 109248K->0K(109248K)
[2019-04-15T14:00:24.878+0200][51,272s] GC(108) CMS: 296429K->366281K(393216K)
[2019-04-15T14:00:24.878+0200][51,272s] GC(108) Metaspace: 67341K->67341K(1112064K)
[2019-04-15T14:00:24.878+0200][51,272s] GC(108) Pause Young (Allocation Failure) 396M->357M(490M) 350,330ms
[2019-04-15T14:00:24.878+0200][51,272s] GC(108) User=0,35s Sys=0,00s Real=0,35s
[2019-04-15T14:00:24.879+0200][51,273s] GC(110) Pause Initial Mark
[2019-04-15T14:00:24.879+0200][51,273s] GC(110) Pause Initial Mark 358M->358M(490M) 0,480ms
[2019-04-15T14:00:24.879+0200][51,273s] GC(110) User=0,00s Sys=0,00s Real=0,00s
[2019-04-15T14:00:24.880+0200][51,274s] GC(110) Concurrent Mark
[2019-04-15T14:00:24.880+0200][51,274s] GC(110) Using 4 workers of 4 for marking
[2019-04-15T14:00:24.962+0200][51,356s] GC(110) Concurrent Mark 81,739ms
[2019-04-15T14:00:24.962+0200][51,356s] GC(110) User=0,18s Sys=0,02s Real=0,08s
[2019-04-15T14:00:24.962+0200][51,356s] GC(110) Concurrent Preclean
[2019-04-15T14:00:24.963+0200][51,357s] GC(110) Concurrent Preclean 1,217ms
[2019-04-15T14:00:24.963+0200][51,357s] GC(110) User=0,00s Sys=0,00s Real=0,00s
[2019-04-15T14:00:24.963+0200][51,357s] GC(110) Concurrent Abortable Preclean
[2019-04-15T14:00:25.268+0200][51,662s] GC(110) Concurrent Abortable Preclean 304,705ms
[2019-04-15T14:00:25.268+0200][51,662s] GC(110) User=0,10s Sys=0,09s Real=0,31s
[2019-04-15T14:00:25.268+0200][51,662s] GC(110) Pause Remark
[2019-04-15T14:00:25.268+0200][51,662s] GC(111) Pause Young (CMS Final Remark)
[2019-04-15T14:00:25.268+0200][51,662s] GC(111) Using 4 workers of 4 for evacuation
[2019-04-15T14:00:25.268+0200][51,662s] GC(111) ParNew: 36750K->36750K(109248K)
[2019-04-15T14:00:25.268+0200][51,662s] GC(111) CMS: 366281K->366281K(393216K)
[2019-04-15T14:00:25.268+0200][51,662s] GC(111) Metaspace: 67341K->67341K(1112064K)
[2019-04-15T14:00:25.269+0200][51,663s] GC(111) Pause Young (CMS Final Remark) 393M->393M(490M) 0,250ms
[2019-04-15T14:00:25.269+0200][51,663s] GC(111) User=0,00s Sys=0,00s Real=0,00s
[2019-04-15T14:00:25.315+0200][51,709s] GC(110) Pause Remark 393M->393M(490M) 46,753ms
[2019-04-15T14:00:25.315+0200][51,709s] GC(110) User=0,06s Sys=0,00s Real=0,05s
[2019-04-15T14:00:25.315+0200][51,709s] GC(110) Concurrent Sweep
[2019-04-15T14:00:25.355+0200][51,749s] GC(110) Concurrent Sweep 39,930ms
[2019-04-15T14:00:25.355+0200][51,749s] GC(110) User=0,06s Sys=0,01s Real=0,04s
[2019-04-15T14:00:25.355+0200][51,749s] GC(110) Concurrent Reset
[2019-04-15T14:00:25.356+0200][51,750s] GC(110) Concurrent Reset 0,646ms
[2019-04-15T14:00:25.356+0200][51,750s] GC(110) User=0,00s Sys=0,00s Real=0,00s
[2019-04-15T14:00:25.356+0200][51,750s] GC(110) Old: 366281K->366281K(393216K)
[2019-04-15T14:00:25.641+0200][52,035s] GC(112) Pause Young (Allocation Failure)
[2019-04-15T14:00:25.641+0200][52,035s] GC(112) Using 4 workers of 4 for evacuation
[2019-04-15T14:00:25.641+0200][52,035s] GC(113) Pause Full (Allocation Failure)
[2019-04-15T14:00:25.642+0200][52,036s] GC(113) Phase 1: Mark live objects
[2019-04-15T14:00:25.709+0200][52,103s] GC(113) Phase 1: Mark live objects 67,164ms
[2019-04-15T14:00:25.709+0200][52,103s] GC(113) Phase 2: Compute new object addresses
[2019-04-15T14:00:25.754+0200][52,148s] GC(113) Phase 2: Compute new object addresses 45,472ms
[2019-04-15T14:00:25.755+0200][52,149s] GC(113) Phase 3: Adjust pointers
[2019-04-15T14:00:25.817+0200][52,211s] GC(113) Phase 3: Adjust pointers 62,409ms
[2019-04-15T14:00:25.817+0200][52,211s] GC(113) Phase 4: Move objects
[2019-04-15T14:00:25.909+0200][52,303s] GC(113) Phase 4: Move objects 92,496ms
[2019-04-15T14:00:25.910+0200][52,304s] GC(113) Pause Full (Allocation Failure) 443M->436M(490M) 268,886ms
[2019-04-15T14:00:25.910+0200][52,304s] GC(112) ParNew: 87424K->53963K(109248K)
[2019-04-15T14:00:25.910+0200][52,304s] GC(112) CMS: 366281K->393212K(393216K)
[2019-04-15T14:00:25.910+0200][52,304s] GC(112) Metaspace: 67344K->67344K(1112064K)
[2019-04-15T14:00:25.910+0200][52,304s] GC(112) Pause Young (Allocation Failure) 443M->436M(490M) 269,013ms
[2019-04-15T14:00:25.910+0200][52,304s] GC(112) User=0,27s Sys=0,00s Real=0,27s
[2019-04-15T14:00:25.911+0200][52,305s] GC(114) Pause Initial Mark
[2019-04-15T14:00:25.912+0200][52,306s] GC(114) Pause Initial Mark 437M->437M(490M) 1,460ms
[2019-04-15T14:00:25.912+0200][52,306s] GC(114) User=0,01s Sys=0,00s Real=0,00s
[2019-04-15T14:00:25.912+0200][52,306s] GC(114) Concurrent Mark
[2019-04-15T14:00:25.912+0200][52,306s] GC(114) Using 4 workers of 4 for marking
[2019-04-15T14:00:25.974+0200][52,368s] GC(114) Concurrent Mark 62,113ms
[2019-04-15T14:00:25.975+0200][52,369s] GC(114) User=0,18s Sys=0,00s Real=0,07s
[2019-04-15T14:00:25.975+0200][52,369s] GC(114) Concurrent Preclean
[2019-04-15T14:00:26.061+0200][52,455s] GC(114) Concurrent Preclean 86,935ms
[2019-04-15T14:00:26.062+0200][52,456s] GC(114) User=0,12s Sys=0,04s Real=0,08s
[2019-04-15T14:00:26.062+0200][52,456s] GC(114) Concurrent Abortable Preclean
[2019-04-15T14:00:26.062+0200][52,456s] GC(114) Concurrent Abortable Preclean 0,007ms
[2019-04-15T14:00:26.062+0200][52,456s] GC(114) User=0,00s Sys=0,00s Real=0,00s
[2019-04-15T14:00:26.062+0200][52,456s] GC(114) Pause Remark
[2019-04-15T14:00:26.062+0200][52,456s] GC(115) Pause Young (CMS Final Remark)
[2019-04-15T14:00:26.062+0200][52,456s] GC(115) Using 4 workers of 4 for evacuation
[2019-04-15T14:00:26.062+0200][52,456s] GC(115) ParNew: 80119K->80119K(109248K)
[2019-04-15T14:00:26.062+0200][52,456s] GC(115) CMS: 393212K->393212K(393216K)
[2019-04-15T14:00:26.062+0200][52,456s] GC(115) Metaspace: 67348K->67348K(1112064K)
[2019-04-15T14:00:26.062+0200][52,456s] GC(115) Pause Young (CMS Final Remark) 462M->462M(490M) 0,053ms
[2019-04-15T14:00:26.062+0200][52,456s] GC(115) User=0,00s Sys=0,00s Real=0,00s
[2019-04-15T14:00:26.097+0200][52,491s] GC(114) Pause Remark 462M->462M(490M) 35,481ms
[2019-04-15T14:00:26.097+0200][52,491s] GC(114) User=0,05s Sys=0,00s Real=0,04s
[2019-04-15T14:00:26.097+0200][52,491s] GC(114) Concurrent Sweep
[2019-04-15T14:00:26.146+0200][52,540s] GC(114) Concurrent Sweep 48,854ms
[2019-04-15T14:00:26.146+0200][52,540s] GC(114) User=0,06s Sys=0,02s Real=0,05s
[2019-04-15T14:00:26.146+0200][52,540s] GC(114) Concurrent Reset
[2019-04-15T14:00:26.147+0200][52,541s] GC(114) Concurrent Reset 0,368ms
[2019-04-15T14:00:26.147+0200][52,541s] GC(114) User=0,00s Sys=0,00s Real=0,00s
[2019-04-15T14:00:26.147+0200][52,541s] GC(114) Old: 393212K->393212K(393216K)
[2019-04-15T14:00:26.276+0200][52,670s] GC(116) Pause Young (Allocation Failure)
[2019-04-15T14:00:26.276+0200][52,670s] GC(116) Using 4 workers of 4 for evacuation
[2019-04-15T14:00:26.276+0200][52,670s] GC(117) Pause Full (Allocation Failure)
[2019-04-15T14:00:26.277+0200][52,671s] GC(117) Phase 1: Mark live objects
[2019-04-15T14:00:26.354+0200][52,748s] GC(117) Phase 1: Mark live objects 77,652ms
[2019-04-15T14:00:26.354+0200][52,748s] GC(117) Phase 2: Compute new object addresses
[2019-04-15T14:00:26.398+0200][52,792s] GC(117) Phase 2: Compute new object addresses 43,786ms
[2019-04-15T14:00:26.398+0200][52,792s] GC(117) Phase 3: Adjust pointers
[2019-04-15T14:00:26.461+0200][52,855s] GC(117) Phase 3: Adjust pointers 63,224ms
[2019-04-15T14:00:26.461+0200][52,855s] GC(117) Phase 4: Move objects
[2019-04-15T14:00:26.607+0200][53,001s] GC(117) Phase 4: Move objects 145,956ms
[2019-04-15T14:00:26.608+0200][53,002s] GC(117) Pause Full (Allocation Failure) 490M->482M(490M) 332,496ms
[2019-04-15T14:00:26.608+0200][53,002s] GC(116) ParNew: 109247K->100601K(109248K)
[2019-04-15T14:00:26.608+0200][53,002s] GC(116) CMS: 393212K->393213K(393216K)
[2019-04-15T14:00:26.608+0200][53,002s] GC(116) Metaspace: 67348K->67348K(1112064K)
[2019-04-15T14:00:26.608+0200][53,002s] GC(116) Pause Young (Allocation Failure) 490M->482M(490M) 332,745ms
[2019-04-15T14:00:26.608+0200][53,002s] GC(116) User=0,32s Sys=0,00s Real=0,33s
[2019-04-15T14:00:26.609+0200][53,003s] GC(118) Pause Initial Mark
[2019-04-15T14:00:26.611+0200][53,005s] GC(118) Pause Initial Mark 482M->482M(490M) 2,467ms
[2019-04-15T14:00:26.611+0200][53,005s] GC(118) User=0,01s Sys=0,00s Real=0,00s
[2019-04-15T14:00:26.611+0200][53,005s] GC(118) Concurrent Mark
[2019-04-15T14:00:26.611+0200][53,005s] GC(118) Using 4 workers of 4 for marking
[2019-04-15T14:00:26.666+0200][53,060s] GC(118) Concurrent Mark 54,298ms
[2019-04-15T14:00:26.666+0200][53,060s] GC(118) User=0,18s Sys=0,00s Real=0,06s
[2019-04-15T14:00:26.666+0200][53,060s] GC(118) Concurrent Preclean
[2019-04-15T14:00:26.685+0200][53,079s] GC(119) Pause Full (Allocation Failure)
[2019-04-15T14:00:26.728+0200][53,122s] GC(118) Concurrent Preclean 62,792ms
[2019-04-15T14:00:26.728+0200][53,122s] GC(118) User=0,08s Sys=0,00s Real=0,06s
[2019-04-15T14:00:26.729+0200][53,123s] GC(119) Phase 1: Mark live objects
[2019-04-15T14:00:26.813+0200][53,207s] GC(119) Phase 1: Mark live objects 84,186ms
[2019-04-15T14:00:26.813+0200][53,207s] GC(119) Phase 2: Compute new object addresses
[2019-04-15T14:00:26.851+0200][53,245s] GC(119) Phase 2: Compute new object addresses 38,122ms
[2019-04-15T14:00:26.851+0200][53,245s] GC(119) Phase 3: Adjust pointers
[2019-04-15T14:00:26.914+0200][53,308s] GC(119) Phase 3: Adjust pointers 63,303ms
[2019-04-15T14:00:26.914+0200][53,308s] GC(119) Phase 4: Move objects
[2019-04-15T14:00:27.049+0200][53,443s] GC(119) Phase 4: Move objects 135,157ms
[2019-04-15T14:00:27.052+0200][53,446s] GC(119) ParNew: 109247K->104086K(109248K)
[2019-04-15T14:00:27.052+0200][53,446s] GC(119) CMS: 393213K->393212K(393216K)
[2019-04-15T14:00:27.052+0200][53,446s] GC(119) Metaspace: 67196K->67196K(1112064K)
[2019-04-15T14:00:27.052+0200][53,446s] GC(119) Pause Full (Allocation Failure) 490M->485M(490M) 366,930ms
[2019-04-15T14:00:27.052+0200][53,446s] GC(119) User=0,37s Sys=0,00s Real=0,36s
[2019-04-15T14:00:27.062+0200][53,456s] GC(120) Pause Full (Allocation Failure)
[2019-04-15T14:00:27.062+0200][53,456s] GC(120) Phase 1: Mark live objects
[2019-04-15T14:00:27.146+0200][53,540s] GC(120) Phase 1: Mark live objects 83,818ms
[2019-04-15T14:00:27.146+0200][53,540s] GC(120) Phase 2: Compute new object addresses
[2019-04-15T14:00:27.192+0200][53,586s] GC(120) Phase 2: Compute new object addresses 45,432ms
[2019-04-15T14:00:27.192+0200][53,586s] GC(120) Phase 3: Adjust pointers
[2019-04-15T14:00:27.252+0200][53,646s] GC(120) Phase 3: Adjust pointers 60,640ms
[2019-04-15T14:00:27.252+0200][53,646s] GC(120) Phase 4: Move objects
[2019-04-15T14:00:27.377+0200][53,771s] GC(120) Phase 4: Move objects 124,189ms
[2019-04-15T14:00:27.377+0200][53,771s] GC(120) ParNew: 109244K->108610K(109248K)
[2019-04-15T14:00:27.377+0200][53,771s] GC(120) CMS: 393212K->393212K(393216K)
[2019-04-15T14:00:27.377+0200][53,771s] GC(120) Metaspace: 67111K->67111K(1112064K)
[2019-04-15T14:00:27.378+0200][53,772s] GC(120) Pause Full (Allocation Failure) 490M->490M(490M) 315,666ms
[2019-04-15T14:00:27.378+0200][53,772s] GC(120) User=0,32s Sys=0,00s Real=0,32s
[2019-04-15T14:00:27.378+0200][53,772s] GC(121) Pause Initial Mark
[2019-04-15T14:00:27.381+0200][53,775s] GC(121) Pause Initial Mark 490M->490M(490M) 2,430ms
[2019-04-15T14:00:27.381+0200][53,775s] GC(121) User=0,00s Sys=0,00s Real=0,00s
[2019-04-15T14:00:27.381+0200][53,775s] GC(121) Concurrent Mark
[2019-04-15T14:00:27.381+0200][53,775s] GC(121) Using 4 workers of 4 for marking
[2019-04-15T14:00:27.381+0200][53,775s] GC(122) Pause Full (Allocation Failure)
[2019-04-15T14:00:27.420+0200][53,814s] GC(121) Concurrent Mark 39,225ms
[2019-04-15T14:00:27.420+0200][53,814s] GC(121) User=0,13s Sys=0,01s Real=0,04s
[2019-04-15T14:00:27.420+0200][53,814s] GC(122) Phase 1: Mark live objects
[2019-04-15T14:00:27.493+0200][53,887s] GC(122) Phase 1: Mark live objects 72,162ms
[2019-04-15T14:00:27.493+0200][53,887s] GC(122) Phase 2: Compute new object addresses
[2019-04-15T14:00:27.536+0200][53,930s] GC(122) Phase 2: Compute new object addresses 43,509ms
[2019-04-15T14:00:27.536+0200][53,930s] GC(122) Phase 3: Adjust pointers
[2019-04-15T14:00:27.603+0200][53,997s] GC(122) Phase 3: Adjust pointers 67,197ms
[2019-04-15T14:00:27.603+0200][53,997s] GC(122) Phase 4: Move objects
[2019-04-15T14:00:27.723+0200][54,117s] GC(122) Phase 4: Move objects 119,956ms
[2019-04-15T14:00:27.724+0200][54,118s] GC(122) ParNew: 109245K->109122K(109248K)
[2019-04-15T14:00:27.724+0200][54,118s] GC(122) CMS: 393212K->393215K(393216K)
[2019-04-15T14:00:27.724+0200][54,118s] GC(122) Metaspace: 66987K->66987K(1112064K)
[2019-04-15T14:00:27.724+0200][54,118s] GC(122) Pause Full (Allocation Failure) 490M->490M(490M) 342,959ms
[2019-04-15T14:00:27.724+0200][54,118s] GC(122) User=0,43s Sys=0,01s Real=0,34s
[2019-04-15T14:00:27.725+0200][54,119s] GC(123) Pause Full (Allocation Failure)
[2019-04-15T14:00:27.725+0200][54,119s] GC(123) Phase 1: Mark live objects
[2019-04-15T14:00:27.814+0200][54,208s] GC(123) Phase 1: Mark live objects 88,842ms
[2019-04-15T14:00:27.814+0200][54,208s] GC(123) Phase 2: Compute new object addresses
[2019-04-15T14:00:27.854+0200][54,248s] GC(123) Phase 2: Compute new object addresses 39,634ms
[2019-04-15T14:00:27.854+0200][54,248s] GC(123) Phase 3: Adjust pointers
[2019-04-15T14:00:27.917+0200][54,311s] GC(123) Phase 3: Adjust pointers 63,125ms
[2019-04-15T14:00:27.917+0200][54,311s] GC(123) Phase 4: Move objects
[2019-04-15T14:00:28.014+0200][54,408s] GC(123) Phase 4: Move objects 97,275ms
[2019-04-15T14:00:28.015+0200][54,409s] GC(123) ParNew: 109245K->109243K(109248K)
[2019-04-15T14:00:28.015+0200][54,409s] GC(123) CMS: 393215K->393215K(393216K)
[2019-04-15T14:00:28.015+0200][54,409s] GC(123) Metaspace: 66987K->66987K(1112064K)
[2019-04-15T14:00:28.015+0200][54,409s] GC(123) Pause Full (Allocation Failure) 490M->490M(490M) 290,534ms
[2019-04-15T14:00:28.015+0200][54,409s] GC(123) User=0,29s Sys=0,00s Real=0,30s
[2019-04-15T14:00:28.015+0200][54,409s] GC(124) Pause Full (Allocation Failure)
[2019-04-15T14:00:28.016+0200][54,410s] GC(124) Phase 1: Mark live objects
[2019-04-15T14:00:28.093+0200][54,487s] GC(124) Phase 1: Mark live objects 77,333ms
[2019-04-15T14:00:28.093+0200][54,487s] GC(124) Phase 2: Compute new object addresses
[2019-04-15T14:00:28.134+0200][54,528s] GC(124) Phase 2: Compute new object addresses 41,323ms
[2019-04-15T14:00:28.135+0200][54,529s] GC(124) Phase 3: Adjust pointers
[2019-04-15T14:00:28.194+0200][54,588s] GC(124) Phase 3: Adjust pointers 59,921ms
[2019-04-15T14:00:28.194+0200][54,589s] GC(124) Phase 4: Move objects
[2019-04-15T14:00:28.320+0200][54,714s] GC(124) Phase 4: Move objects 125,130ms
[2019-04-15T14:00:28.328+0200][54,722s] GC(124) ParNew: 109243K->108628K(109248K)
[2019-04-15T14:00:28.328+0200][54,722s] GC(124) CMS: 393215K->393213K(393216K)
[2019-04-15T14:00:28.328+0200][54,722s] GC(124) Metaspace: 66987K->66987K(1112064K)
[2019-04-15T14:00:28.328+0200][54,722s] GC(124) Pause Full (Allocation Failure) 490M->490M(490M) 312,710ms
[2019-04-15T14:00:28.328+0200][54,722s] GC(124) User=0,31s Sys=0,00s Real=0,31s
[2019-04-15T14:00:28.329+0200][54,723s] GC(125) Pause Initial Mark
[2019-04-15T14:00:28.331+0200][54,725s] GC(125) Pause Initial Mark 490M->490M(490M) 2,291ms
[2019-04-15T14:00:28.331+0200][54,725s] GC(125) User=0,01s Sys=0,00s Real=0,00s
[2019-04-15T14:00:28.331+0200][54,725s] GC(125) Concurrent Mark
[2019-04-15T14:00:28.331+0200][54,725s] GC(125) Using 4 workers of 4 for marking
[2019-04-15T14:00:28.338+0200][54,732s] GC(126) Pause Full (Allocation Failure)
[2019-04-15T14:00:28.370+0200][54,764s] GC(125) Concurrent Mark 38,879ms
[2019-04-15T14:00:28.370+0200][54,764s] GC(125) User=0,13s Sys=0,00s Real=0,04s
[2019-04-15T14:00:28.370+0200][54,764s] GC(126) Phase 1: Mark live objects
[2019-04-15T14:00:28.440+0200][54,834s] GC(126) Phase 1: Mark live objects 69,350ms
[2019-04-15T14:00:28.440+0200][54,834s] GC(126) Phase 2: Compute new object addresses
[2019-04-15T14:00:28.479+0200][54,873s] GC(126) Phase 2: Compute new object addresses 39,536ms
[2019-04-15T14:00:28.479+0200][54,873s] GC(126) Phase 3: Adjust pointers
[2019-04-15T14:00:28.544+0200][54,938s] GC(126) Phase 3: Adjust pointers 64,635ms
[2019-04-15T14:00:28.544+0200][54,938s] GC(126) Phase 4: Move objects
[2019-04-15T14:00:28.638+0200][55,032s] GC(126) Phase 4: Move objects 93,782ms
[2019-04-15T14:00:28.639+0200][55,033s] GC(126) ParNew: 109247K->109211K(109248K)
[2019-04-15T14:00:28.639+0200][55,033s] GC(126) CMS: 393213K->393212K(393216K)
[2019-04-15T14:00:28.639+0200][55,033s] GC(126) Metaspace: 66895K->66895K(1112064K)
[2019-04-15T14:00:28.639+0200][55,033s] GC(126) Pause Full (Allocation Failure) 490M->490M(490M) 301,019ms
[2019-04-15T14:00:28.639+0200][55,033s] GC(126) User=0,38s Sys=0,00s Real=0,30s
[2019-04-15T14:00:28.639+0200][55,033s] GC(127) Pause Full (Allocation Failure)
[2019-04-15T14:00:28.639+0200][55,033s] GC(127) Phase 1: Mark live objects
[2019-04-15T14:00:28.714+0200][55,108s] GC(127) Phase 1: Mark live objects 74,683ms
[2019-04-15T14:00:28.714+0200][55,108s] GC(127) Phase 2: Compute new object addresses
[2019-04-15T14:00:28.754+0200][55,148s] GC(127) Phase 2: Compute new object addresses 39,840ms
[2019-04-15T14:00:28.754+0200][55,148s] GC(127) Phase 3: Adjust pointers
[2019-04-15T14:00:28.810+0200][55,204s] GC(127) Phase 3: Adjust pointers 55,583ms
[2019-04-15T14:00:28.810+0200][55,204s] GC(127) Phase 4: Move objects
[2019-04-15T14:00:28.810+0200][55,204s] GC(127) Phase 4: Move objects 0,073ms
[2019-04-15T14:00:28.810+0200][55,204s] GC(127) ParNew: 109245K->109243K(109248K)
[2019-04-15T14:00:28.810+0200][55,204s] GC(127) CMS: 393212K->393212K(393216K)
[2019-04-15T14:00:28.810+0200][55,204s] GC(127) Metaspace: 66895K->66895K(1112064K)
[2019-04-15T14:00:28.810+0200][55,204s] GC(127) Pause Full (Allocation Failure) 490M->490M(490M) 171,374ms
[2019-04-15T14:00:28.810+0200][55,204s] GC(127) User=0,17s Sys=0,00s Real=0,17s
[2019-04-15T14:00:28.810+0200][55,204s] GC(128) Pause Full (Allocation Failure)
[2019-04-15T14:00:28.811+0200][55,205s] GC(128) Phase 1: Mark live objects
[2019-04-15T14:00:28.880+0200][55,274s] GC(128) Phase 1: Mark live objects 68,889ms
[2019-04-15T14:00:28.880+0200][55,274s] GC(128) Phase 2: Compute new object addresses
[2019-04-15T14:00:28.920+0200][55,314s] GC(128) Phase 2: Compute new object addresses 40,284ms
[2019-04-15T14:00:28.920+0200][55,314s] GC(128) Phase 3: Adjust pointers
[2019-04-15T14:00:28.977+0200][55,371s] GC(128) Phase 3: Adjust pointers 56,867ms
[2019-04-15T14:00:28.977+0200][55,371s] GC(128) Phase 4: Move objects
[2019-04-15T14:00:28.977+0200][55,371s] GC(128) Phase 4: Move objects 0,013ms
[2019-04-15T14:00:28.978+0200][55,372s] GC(128) ParNew: 109243K->109243K(109248K)
[2019-04-15T14:00:28.978+0200][55,372s] GC(128) CMS: 393212K->393212K(393216K)
[2019-04-15T14:00:28.978+0200][55,372s] GC(128) Metaspace: 66895K->66895K(1112064K)
[2019-04-15T14:00:28.978+0200][55,372s] GC(128) Pause Full (Allocation Failure) 490M->490M(490M) 167,209ms
[2019-04-15T14:00:28.978+0200][55,372s] GC(128) User=0,17s Sys=0,00s Real=0,17s
