[2019-04-15T14:02:22.344+0200][0.039s] Using Concurrent Mark Sweep
[2019-04-15T14:02:22.344+0200][0.039s] Heap address: 0x00000000e0000000, size: 512 MB, Compressed Oops mode: 32-bit
[2019-04-15T14:02:24.265+0200][1,960s] GC(0) Pause Young (Allocation Failure)
[2019-04-15T14:02:24.265+0200][1,960s] GC(0) Using 4 workers of 4 for evacuation
[2019-04-15T14:02:24.285+0200][1,979s] GC(0) ParNew: 87424K->10990K(109248K)
[2019-04-15T14:02:24.285+0200][1,979s] GC(0) CMS: 0K->0K(393216K)
[2019-04-15T14:02:24.285+0200][1,980s] GC(0) Metaspace: 23352K->23352K(1071104K)
[2019-04-15T14:02:24.285+0200][1,980s] GC(0) Pause Young (Allocation Failure) 85M->10M(490M) 19,248ms
[2019-04-15T14:02:24.285+0200][1,980s] GC(0) User=0,06s Sys=0,01s Real=0,01s
[2019-04-15T14:02:24.292+0200][1,987s] GC(1) Pause Initial Mark
[2019-04-15T14:02:24.296+0200][1,991s] GC(1) Pause Initial Mark 12M->12M(490M) 4,173ms
[2019-04-15T14:02:24.296+0200][1,991s] GC(1) User=0,01s Sys=0,00s Real=0,01s
[2019-04-15T14:02:24.296+0200][1,991s] GC(1) Concurrent Mark
[2019-04-15T14:02:24.296+0200][1,991s] GC(1) Using 4 workers of 4 for marking
[2019-04-15T14:02:24.300+0200][1,995s] GC(1) Concurrent Mark 4,289ms
[2019-04-15T14:02:24.300+0200][1,995s] GC(1) User=0,01s Sys=0,00s Real=0,00s
[2019-04-15T14:02:24.300+0200][1,995s] GC(1) Concurrent Preclean
[2019-04-15T14:02:24.302+0200][1,996s] GC(1) Concurrent Preclean 1,061ms
[2019-04-15T14:02:24.302+0200][1,996s] GC(1) User=0,00s Sys=0,00s Real=0,00s
[2019-04-15T14:02:24.302+0200][1,996s] GC(1) Concurrent Abortable Preclean
[2019-04-15T14:02:24.938+0200][2,633s] GC(1) Concurrent Abortable Preclean 636,876ms
[2019-04-15T14:02:24.939+0200][2,634s] GC(1) User=1,71s Sys=0,01s Real=0,64s
[2019-04-15T14:02:24.941+0200][2,636s] GC(1) Pause Remark
[2019-04-15T14:02:24.941+0200][2,636s] GC(2) Pause Young (CMS Final Remark)
[2019-04-15T14:02:24.941+0200][2,636s] GC(2) Using 4 workers of 4 for evacuation
[2019-04-15T14:02:24.979+0200][2,674s] GC(2) ParNew: 54907K->14141K(109248K)
[2019-04-15T14:02:24.979+0200][2,674s] GC(2) CMS: 0K->0K(393216K)
[2019-04-15T14:02:24.979+0200][2,674s] GC(2) Metaspace: 27241K->27241K(1075200K)
[2019-04-15T14:02:24.979+0200][2,674s] GC(2) Pause Young (CMS Final Remark) 53M->13M(490M) 38,124ms
[2019-04-15T14:02:24.979+0200][2,674s] GC(2) User=0,09s Sys=0,00s Real=0,04s
[2019-04-15T14:02:25.015+0200][2,710s] GC(1) Pause Remark 53M->13M(490M) 73,979ms
[2019-04-15T14:02:25.015+0200][2,710s] GC(1) User=0,16s Sys=0,00s Real=0,08s
[2019-04-15T14:02:25.017+0200][2,712s] GC(1) Concurrent Sweep
[2019-04-15T14:02:25.017+0200][2,712s] GC(1) Concurrent Sweep 0,067ms
[2019-04-15T14:02:25.017+0200][2,712s] GC(1) User=0,00s Sys=0,00s Real=0,00s
[2019-04-15T14:02:25.017+0200][2,712s] GC(1) Concurrent Reset
[2019-04-15T14:02:25.023+0200][2,718s] GC(1) Concurrent Reset 6,364ms
[2019-04-15T14:02:25.023+0200][2,718s] GC(1) User=0,00s Sys=0,00s Real=0,00s
[2019-04-15T14:02:25.023+0200][2,718s] GC(1) Old: 0K->0K(393216K)
[2019-04-15T14:02:25.715+0200][3,410s] GC(3) Pause Young (Allocation Failure)
[2019-04-15T14:02:25.715+0200][3,410s] GC(3) Using 4 workers of 4 for evacuation
[2019-04-15T14:02:25.771+0200][3,466s] GC(3) ParNew: 101565K->21824K(109248K)
[2019-04-15T14:02:25.771+0200][3,466s] GC(3) CMS: 0K->8697K(393216K)
[2019-04-15T14:02:25.771+0200][3,466s] GC(3) Metaspace: 32222K->32222K(1079296K)
[2019-04-15T14:02:25.771+0200][3,466s] GC(3) Pause Young (Allocation Failure) 99M->29M(490M) 56,481ms
[2019-04-15T14:02:25.772+0200][3,466s] GC(3) User=0,12s Sys=0,01s Real=0,05s
[2019-04-15T14:02:41.288+0200][18,983s] GC(4) Pause Young (Allocation Failure)
[2019-04-15T14:02:41.288+0200][18,983s] GC(4) Using 4 workers of 4 for evacuation
[2019-04-15T14:02:41.322+0200][19,017s] GC(4) ParNew: 109248K->21824K(109248K)
[2019-04-15T14:02:41.322+0200][19,017s] GC(4) CMS: 8697K->32165K(393216K)
[2019-04-15T14:02:41.322+0200][19,017s] GC(4) Metaspace: 35756K->35756K(1081344K)
[2019-04-15T14:02:41.322+0200][19,017s] GC(4) Pause Young (Allocation Failure) 115M->52M(490M) 33,513ms
[2019-04-15T14:02:41.322+0200][19,017s] GC(4) User=0,05s Sys=0,02s Real=0,03s
[2019-04-15T14:02:41.900+0200][19,595s] GC(5) Pause Young (Allocation Failure)
[2019-04-15T14:02:41.900+0200][19,595s] GC(5) Using 4 workers of 4 for evacuation
[2019-04-15T14:02:41.925+0200][19,620s] GC(5) ParNew: 109012K->21824K(109248K)
[2019-04-15T14:02:41.925+0200][19,620s] GC(5) CMS: 32165K->32751K(393216K)
[2019-04-15T14:02:41.925+0200][19,620s] GC(5) Metaspace: 40126K->40126K(1085440K)
[2019-04-15T14:02:41.925+0200][19,620s] GC(5) Pause Young (Allocation Failure) 137M->53M(490M) 24,583ms
[2019-04-15T14:02:41.925+0200][19,620s] GC(5) User=0,05s Sys=0,00s Real=0,02s
[2019-04-15T14:02:42.348+0200][20,043s] GC(6) Pause Young (Allocation Failure)
[2019-04-15T14:02:42.349+0200][20,043s] GC(6) Using 4 workers of 4 for evacuation
[2019-04-15T14:02:42.372+0200][20,067s] GC(6) ParNew: 109248K->21824K(109248K)
[2019-04-15T14:02:42.372+0200][20,067s] GC(6) CMS: 32751K->34440K(393216K)
[2019-04-15T14:02:42.372+0200][20,067s] GC(6) Metaspace: 41786K->41786K(1087488K)
[2019-04-15T14:02:42.372+0200][20,067s] GC(6) Pause Young (Allocation Failure) 138M->54M(490M) 23,437ms
[2019-04-15T14:02:42.372+0200][20,067s] GC(6) User=0,06s Sys=0,00s Real=0,02s
[2019-04-15T14:02:42.783+0200][20,477s] GC(7) Pause Young (Allocation Failure)
[2019-04-15T14:02:42.783+0200][20,477s] GC(7) Using 4 workers of 4 for evacuation
[2019-04-15T14:02:42.825+0200][20,520s] GC(7) ParNew: 109248K->21824K(109248K)
[2019-04-15T14:02:42.825+0200][20,520s] GC(7) CMS: 34440K->43732K(393216K)
[2019-04-15T14:02:42.825+0200][20,520s] GC(7) Metaspace: 43340K->43340K(1089536K)
[2019-04-15T14:02:42.825+0200][20,520s] GC(7) Pause Young (Allocation Failure) 140M->64M(490M) 42,984ms
[2019-04-15T14:02:42.826+0200][20,520s] GC(7) User=0,11s Sys=0,01s Real=0,05s
[2019-04-15T14:02:43.245+0200][20,939s] GC(8) Pause Young (Allocation Failure)
[2019-04-15T14:02:43.245+0200][20,940s] GC(8) Using 4 workers of 4 for evacuation
[2019-04-15T14:02:43.262+0200][20,957s] GC(8) ParNew: 109248K->14085K(109248K)
[2019-04-15T14:02:43.262+0200][20,957s] GC(8) CMS: 43732K->43732K(393216K)
[2019-04-15T14:02:43.262+0200][20,957s] GC(8) Metaspace: 43845K->43845K(1089536K)
[2019-04-15T14:02:43.262+0200][20,957s] GC(8) Pause Young (Allocation Failure) 149M->56M(490M) 17,127ms
[2019-04-15T14:02:43.262+0200][20,957s] GC(8) User=0,05s Sys=0,00s Real=0,02s
[2019-04-15T14:02:43.355+0200][21,050s] GC(9) Pause Young (Allocation Failure)
[2019-04-15T14:02:43.355+0200][21,050s] GC(9) Using 4 workers of 4 for evacuation
[2019-04-15T14:02:43.372+0200][21,067s] GC(9) ParNew: 101509K->15735K(109248K)
[2019-04-15T14:02:43.372+0200][21,067s] GC(9) CMS: 43732K->43732K(393216K)
[2019-04-15T14:02:43.372+0200][21,067s] GC(9) Metaspace: 43876K->43876K(1089536K)
[2019-04-15T14:02:43.372+0200][21,067s] GC(9) Pause Young (Allocation Failure) 141M->58M(490M) 17,377ms
[2019-04-15T14:02:43.372+0200][21,067s] GC(9) User=0,05s Sys=0,00s Real=0,01s
[2019-04-15T14:02:44.089+0200][21,784s] GC(10) Pause Young (Allocation Failure)
[2019-04-15T14:02:44.089+0200][21,784s] GC(10) Using 4 workers of 4 for evacuation
[2019-04-15T14:02:44.111+0200][21,806s] GC(10) ParNew: 103159K->14109K(109248K)
[2019-04-15T14:02:44.111+0200][21,806s] GC(10) CMS: 43732K->43732K(393216K)
[2019-04-15T14:02:44.111+0200][21,806s] GC(10) Metaspace: 46700K->46700K(1091584K)
[2019-04-15T14:02:44.111+0200][21,806s] GC(10) Pause Young (Allocation Failure) 143M->56M(490M) 21,688ms
[2019-04-15T14:02:44.111+0200][21,806s] GC(10) User=0,06s Sys=0,00s Real=0,02s
[2019-04-15T14:02:44.114+0200][21,809s] GC(11) Pause Initial Mark
[2019-04-15T14:02:44.117+0200][21,812s] GC(11) Pause Initial Mark 58M->58M(490M) 3,589ms
[2019-04-15T14:02:44.117+0200][21,812s] GC(11) User=0,01s Sys=0,00s Real=0,00s
[2019-04-15T14:02:44.117+0200][21,812s] GC(11) Concurrent Mark
[2019-04-15T14:02:44.117+0200][21,812s] GC(11) Using 4 workers of 4 for marking
[2019-04-15T14:02:44.153+0200][21,848s] GC(11) Concurrent Mark 35,478ms
[2019-04-15T14:02:44.153+0200][21,848s] GC(11) User=0,09s Sys=0,00s Real=0,03s
[2019-04-15T14:02:44.153+0200][21,848s] GC(11) Concurrent Preclean
[2019-04-15T14:02:44.154+0200][21,849s] GC(11) Concurrent Preclean 1,234ms
[2019-04-15T14:02:44.154+0200][21,849s] GC(11) User=0,01s Sys=0,00s Real=0,01s
[2019-04-15T14:02:44.154+0200][21,849s] GC(11) Concurrent Abortable Preclean
[2019-04-15T14:02:44.612+0200][22,307s] GC(11) Concurrent Abortable Preclean 457,833ms
[2019-04-15T14:02:44.612+0200][22,307s] GC(11) User=1,21s Sys=0,03s Real=0,45s
[2019-04-15T14:02:44.613+0200][22,308s] GC(11) Pause Remark
[2019-04-15T14:02:44.613+0200][22,308s] GC(12) Pause Young (CMS Final Remark)
[2019-04-15T14:02:44.613+0200][22,308s] GC(12) Using 4 workers of 4 for evacuation
[2019-04-15T14:02:44.637+0200][22,332s] GC(12) ParNew: 65348K->21824K(109248K)
[2019-04-15T14:02:44.637+0200][22,332s] GC(12) CMS: 43732K->43776K(393216K)
[2019-04-15T14:02:44.637+0200][22,332s] GC(12) Metaspace: 48841K->48841K(1093632K)
[2019-04-15T14:02:44.637+0200][22,332s] GC(12) Pause Young (CMS Final Remark) 106M->64M(490M) 23,367ms
[2019-04-15T14:02:44.637+0200][22,332s] GC(12) User=0,07s Sys=0,00s Real=0,02s
[2019-04-15T14:02:44.665+0200][22,360s] GC(11) Pause Remark 106M->64M(490M) 51,756ms
[2019-04-15T14:02:44.665+0200][22,360s] GC(11) User=0,12s Sys=0,00s Real=0,05s
[2019-04-15T14:02:44.665+0200][22,360s] GC(11) Concurrent Sweep
[2019-04-15T14:02:44.672+0200][22,367s] GC(11) Concurrent Sweep 6,788ms
[2019-04-15T14:02:44.681+0200][22,375s] GC(11) User=0,03s Sys=0,00s Real=0,01s
[2019-04-15T14:02:44.681+0200][22,375s] GC(11) Concurrent Reset
[2019-04-15T14:02:44.681+0200][22,376s] GC(11) Concurrent Reset 0,476ms
[2019-04-15T14:02:44.681+0200][22,376s] GC(11) User=0,01s Sys=0,00s Real=0,00s
[2019-04-15T14:02:44.681+0200][22,376s] GC(11) Old: 43732K->43465K(393216K)
[2019-04-15T14:02:47.593+0200][25,288s] GC(13) Pause Young (Allocation Failure)
[2019-04-15T14:02:47.593+0200][25,288s] GC(13) Using 4 workers of 4 for evacuation
[2019-04-15T14:02:47.661+0200][25,356s] GC(13) ParNew: 109248K->21824K(109248K)
[2019-04-15T14:02:47.661+0200][25,356s] GC(13) CMS: 43465K->49409K(393216K)
[2019-04-15T14:02:47.661+0200][25,356s] GC(13) Metaspace: 52273K->52273K(1097728K)
[2019-04-15T14:02:47.661+0200][25,356s] GC(13) Pause Young (Allocation Failure) 149M->69M(490M) 67,991ms
[2019-04-15T14:02:47.661+0200][25,356s] GC(13) User=0,10s Sys=0,00s Real=0,06s
[2019-04-15T14:02:49.628+0200][27,322s] GC(14) Pause Young (Allocation Failure)
[2019-04-15T14:02:49.628+0200][27,323s] GC(14) Using 4 workers of 4 for evacuation
[2019-04-15T14:02:49.694+0200][27,389s] GC(14) ParNew: 109248K->21824K(109248K)
[2019-04-15T14:02:49.694+0200][27,389s] GC(14) CMS: 49409K->60104K(393216K)
[2019-04-15T14:02:49.694+0200][27,389s] GC(14) Metaspace: 57702K->57702K(1101824K)
[2019-04-15T14:02:49.694+0200][27,389s] GC(14) Pause Young (Allocation Failure) 154M->80M(490M) 66,763ms
[2019-04-15T14:02:49.694+0200][27,389s] GC(14) User=0,16s Sys=0,00s Real=0,07s
[2019-04-15T14:02:50.862+0200][28,557s] GC(15) Pause Young (Allocation Failure)
[2019-04-15T14:02:50.862+0200][28,557s] GC(15) Using 4 workers of 4 for evacuation
[2019-04-15T14:02:50.925+0200][28,619s] GC(15) ParNew: 109248K->21824K(109248K)
[2019-04-15T14:02:50.925+0200][28,620s] GC(15) CMS: 60104K->70164K(393216K)
[2019-04-15T14:02:50.925+0200][28,620s] GC(15) Metaspace: 59733K->59733K(1103872K)
[2019-04-15T14:02:50.925+0200][28,620s] GC(15) Pause Young (Allocation Failure) 165M->89M(490M) 62,856ms
[2019-04-15T14:02:50.925+0200][28,620s] GC(15) User=0,12s Sys=0,00s Real=0,06s
[2019-04-15T14:02:51.848+0200][29,543s] GC(16) Pause Young (Allocation Failure)
[2019-04-15T14:02:51.849+0200][29,543s] GC(16) Using 4 workers of 4 for evacuation
[2019-04-15T14:02:51.930+0200][29,625s] GC(16) ParNew: 109248K->21824K(109248K)
[2019-04-15T14:02:51.930+0200][29,625s] GC(16) CMS: 70164K->82662K(393216K)
[2019-04-15T14:02:51.930+0200][29,625s] GC(16) Metaspace: 60633K->60633K(1105920K)
[2019-04-15T14:02:51.930+0200][29,625s] GC(16) Pause Young (Allocation Failure) 175M->102M(490M) 81,436ms
[2019-04-15T14:02:51.930+0200][29,625s] GC(16) User=0,17s Sys=0,00s Real=0,08s
[2019-04-15T14:02:52.775+0200][30,470s] GC(17) Pause Young (Allocation Failure)
[2019-04-15T14:02:52.775+0200][30,470s] GC(17) Using 4 workers of 4 for evacuation
[2019-04-15T14:02:52.843+0200][30,537s] GC(17) ParNew: 109248K->21824K(109248K)
[2019-04-15T14:02:52.843+0200][30,537s] GC(17) CMS: 82662K->125545K(393216K)
[2019-04-15T14:02:52.843+0200][30,537s] GC(17) Metaspace: 60828K->60828K(1105920K)
[2019-04-15T14:02:52.843+0200][30,537s] GC(17) Pause Young (Allocation Failure) 187M->143M(490M) 67,309ms
[2019-04-15T14:02:52.843+0200][30,538s] GC(17) User=0,15s Sys=0,02s Real=0,06s
[2019-04-15T14:02:53.088+0200][30,783s] GC(18) Pause Young (Allocation Failure)
[2019-04-15T14:02:53.088+0200][30,783s] GC(18) Using 4 workers of 4 for evacuation
[2019-04-15T14:02:53.167+0200][30,862s] GC(18) ParNew: 109248K->21824K(109248K)
[2019-04-15T14:02:53.167+0200][30,862s] GC(18) CMS: 125545K->203164K(393216K)
[2019-04-15T14:02:53.167+0200][30,862s] GC(18) Metaspace: 60831K->60831K(1105920K)
[2019-04-15T14:02:53.167+0200][30,862s] GC(18) Pause Young (Allocation Failure) 229M->219M(490M) 78,577ms
[2019-04-15T14:02:53.167+0200][30,862s] GC(18) User=0,10s Sys=0,05s Real=0,08s
[2019-04-15T14:02:53.177+0200][30,872s] GC(19) Pause Initial Mark
[2019-04-15T14:02:53.179+0200][30,874s] GC(19) Pause Initial Mark 229M->229M(490M) 2,664ms
[2019-04-15T14:02:53.179+0200][30,874s] GC(19) User=0,00s Sys=0,00s Real=0,00s
[2019-04-15T14:02:53.179+0200][30,874s] GC(19) Concurrent Mark
[2019-04-15T14:02:53.179+0200][30,874s] GC(19) Using 4 workers of 4 for marking
[2019-04-15T14:02:53.252+0200][30,946s] GC(19) Concurrent Mark 72,185ms
[2019-04-15T14:02:53.252+0200][30,947s] GC(19) User=0,20s Sys=0,01s Real=0,07s
[2019-04-15T14:02:53.252+0200][30,947s] GC(19) Concurrent Preclean
[2019-04-15T14:02:53.253+0200][30,948s] GC(19) Concurrent Preclean 1,314ms
[2019-04-15T14:02:53.253+0200][30,948s] GC(19) User=0,01s Sys=0,00s Real=0,01s
[2019-04-15T14:02:53.253+0200][30,948s] GC(19) Concurrent Abortable Preclean
[2019-04-15T14:02:53.894+0200][31,589s] GC(20) Pause Young (Allocation Failure)
[2019-04-15T14:02:53.894+0200][31,589s] GC(20) Using 4 workers of 4 for evacuation
[2019-04-15T14:02:53.945+0200][31,640s] GC(20) ParNew: 109248K->21824K(109248K)
[2019-04-15T14:02:53.945+0200][31,640s] GC(20) CMS: 203164K->252426K(393216K)
[2019-04-15T14:02:53.945+0200][31,640s] GC(20) Metaspace: 60902K->60902K(1105920K)
[2019-04-15T14:02:53.945+0200][31,640s] GC(20) Pause Young (Allocation Failure) 305M->267M(490M) 51,042ms
[2019-04-15T14:02:53.945+0200][31,640s] GC(20) User=0,06s Sys=0,02s Real=0,05s
[2019-04-15T14:02:54.159+0200][31,854s] GC(21) Pause Young (Allocation Failure)
[2019-04-15T14:02:54.159+0200][31,854s] GC(21) Using 4 workers of 4 for evacuation
[2019-04-15T14:02:54.192+0200][31,887s] GC(19) Concurrent Abortable Preclean 938,951ms
[2019-04-15T14:02:54.192+0200][31,887s] GC(19) User=1,59s Sys=0,28s Real=0,93s
[2019-04-15T14:02:54.235+0200][31,930s] GC(21) ParNew: 109248K->21824K(109248K)
[2019-04-15T14:02:54.235+0200][31,930s] GC(21) CMS: 252426K->327382K(393216K)
[2019-04-15T14:02:54.235+0200][31,930s] GC(21) Metaspace: 60902K->60902K(1105920K)
[2019-04-15T14:02:54.235+0200][31,930s] GC(21) Pause Young (Allocation Failure) 353M->341M(490M) 76,330ms
[2019-04-15T14:02:54.235+0200][31,930s] GC(21) User=0,10s Sys=0,03s Real=0,08s
[2019-04-15T14:02:54.237+0200][31,932s] GC(19) Pause Remark
[2019-04-15T14:02:54.237+0200][31,932s] GC(22) Pause Young (CMS Final Remark)
[2019-04-15T14:02:54.237+0200][31,932s] GC(22) Using 4 workers of 4 for evacuation
[2019-04-15T14:02:54.256+0200][31,951s] GC(22) ParNew: 24978K->21824K(109248K)
[2019-04-15T14:02:54.256+0200][31,951s] GC(22) CMS: 327382K->333682K(393216K)
[2019-04-15T14:02:54.256+0200][31,951s] GC(22) Metaspace: 60902K->60902K(1105920K)
[2019-04-15T14:02:54.256+0200][31,951s] GC(22) Pause Young (CMS Final Remark) 344M->347M(490M) 18,799ms
[2019-04-15T14:02:54.256+0200][31,951s] GC(22) User=0,04s Sys=0,00s Real=0,02s
[2019-04-15T14:02:54.295+0200][31,990s] GC(19) Pause Remark 344M->347M(490M) 58,071ms
[2019-04-15T14:02:54.295+0200][31,990s] GC(19) User=0,10s Sys=0,00s Real=0,06s
[2019-04-15T14:02:54.295+0200][31,990s] GC(19) Concurrent Sweep
[2019-04-15T14:02:54.346+0200][32,041s] GC(19) Concurrent Sweep 51,176ms
[2019-04-15T14:02:54.347+0200][32,041s] GC(19) User=0,13s Sys=0,00s Real=0,05s
[2019-04-15T14:02:54.347+0200][32,041s] GC(19) Concurrent Reset
[2019-04-15T14:02:54.351+0200][32,045s] GC(19) Concurrent Reset 3,975ms
[2019-04-15T14:02:54.351+0200][32,045s] GC(19) User=0,00s Sys=0,00s Real=0,00s
[2019-04-15T14:02:54.351+0200][32,046s] GC(19) Old: 203164K->309135K(393216K)
[2019-04-15T14:02:54.821+0200][32,516s] GC(23) Pause Young (Allocation Failure)
[2019-04-15T14:02:54.821+0200][32,516s] GC(23) Using 4 workers of 4 for evacuation
[2019-04-15T14:02:54.821+0200][32,516s] GC(24) Pause Full (Allocation Failure)
[2019-04-15T14:02:54.821+0200][32,516s] GC(24) Phase 1: Mark live objects
[2019-04-15T14:02:54.897+0200][32,592s] GC(24) Phase 1: Mark live objects 75,616ms
[2019-04-15T14:02:54.897+0200][32,592s] GC(24) Phase 2: Compute new object addresses
[2019-04-15T14:02:54.947+0200][32,642s] GC(24) Phase 2: Compute new object addresses 50,474ms
[2019-04-15T14:02:54.947+0200][32,642s] GC(24) Phase 3: Adjust pointers
[2019-04-15T14:02:54.989+0200][32,684s] GC(24) Phase 3: Adjust pointers 41,706ms
[2019-04-15T14:02:54.989+0200][32,684s] GC(24) Phase 4: Move objects
[2019-04-15T14:02:55.033+0200][32,728s] GC(24) Phase 4: Move objects 43,965ms
[2019-04-15T14:02:55.034+0200][32,729s] GC(24) Pause Full (Allocation Failure) 408M->167M(490M) 213,522ms
[2019-04-15T14:02:55.034+0200][32,729s] GC(23) ParNew: 109248K->0K(109248K)
[2019-04-15T14:02:55.034+0200][32,729s] GC(23) CMS: 309135K->171520K(393216K)
[2019-04-15T14:02:55.034+0200][32,729s] GC(23) Metaspace: 63519K->63519K(1107968K)
[2019-04-15T14:02:55.034+0200][32,729s] GC(23) Pause Young (Allocation Failure) 408M->167M(490M) 213,704ms
[2019-04-15T14:02:55.034+0200][32,729s] GC(23) User=0,34s Sys=0,00s Real=0,22s
[2019-04-15T14:02:56.310+0200][34,005s] GC(25) Pause Young (Allocation Failure)
[2019-04-15T14:02:56.310+0200][34,005s] GC(25) Using 4 workers of 4 for evacuation
[2019-04-15T14:02:56.349+0200][34,044s] GC(25) ParNew: 87424K->21824K(109248K)
[2019-04-15T14:02:56.349+0200][34,044s] GC(25) CMS: 171520K->171522K(393216K)
[2019-04-15T14:02:56.349+0200][34,044s] GC(25) Metaspace: 65300K->65300K(1110016K)
[2019-04-15T14:02:56.349+0200][34,044s] GC(25) Pause Young (Allocation Failure) 252M->188M(490M) 39,499ms
[2019-04-15T14:02:56.349+0200][34,044s] GC(25) User=0,07s Sys=0,00s Real=0,04s
[2019-04-15T14:02:57.143+0200][34,838s] GC(26) Pause Young (Allocation Failure)
[2019-04-15T14:02:57.143+0200][34,838s] GC(26) Using 4 workers of 4 for evacuation
[2019-04-15T14:02:57.188+0200][34,883s] GC(26) ParNew: 109248K->21824K(109248K)
[2019-04-15T14:02:57.188+0200][34,883s] GC(26) CMS: 171522K->182813K(393216K)
[2019-04-15T14:02:57.188+0200][34,883s] GC(26) Metaspace: 65317K->65317K(1110016K)
[2019-04-15T14:02:57.188+0200][34,883s] GC(26) Pause Young (Allocation Failure) 274M->199M(490M) 44,714ms
[2019-04-15T14:02:57.188+0200][34,883s] GC(26) User=0,06s Sys=0,00s Real=0,05s
[2019-04-15T14:02:57.465+0200][35,159s] GC(27) Pause Young (Allocation Failure)
[2019-04-15T14:02:57.465+0200][35,160s] GC(27) Using 4 workers of 4 for evacuation
[2019-04-15T14:02:57.506+0200][35,201s] GC(27) ParNew: 109248K->21824K(109248K)
[2019-04-15T14:02:57.506+0200][35,201s] GC(27) CMS: 182813K->210301K(393216K)
[2019-04-15T14:02:57.506+0200][35,201s] GC(27) Metaspace: 65352K->65352K(1110016K)
[2019-04-15T14:02:57.506+0200][35,201s] GC(27) Pause Young (Allocation Failure) 285M->226M(490M) 41,109ms
[2019-04-15T14:02:57.506+0200][35,201s] GC(27) User=0,07s Sys=0,00s Real=0,05s
[2019-04-15T14:02:57.506+0200][35,201s] GC(28) Pause Initial Mark
[2019-04-15T14:02:57.508+0200][35,203s] GC(28) Pause Initial Mark 227M->227M(490M) 1,828ms
[2019-04-15T14:02:57.508+0200][35,203s] GC(28) User=0,00s Sys=0,00s Real=0,00s
[2019-04-15T14:02:57.517+0200][35,212s] GC(28) Concurrent Mark
[2019-04-15T14:02:57.517+0200][35,212s] GC(28) Using 4 workers of 4 for marking
[2019-04-15T14:02:57.588+0200][35,283s] GC(28) Concurrent Mark 71,090ms
[2019-04-15T14:02:57.588+0200][35,283s] GC(28) User=0,14s Sys=0,01s Real=0,07s
[2019-04-15T14:02:57.588+0200][35,283s] GC(28) Concurrent Preclean
[2019-04-15T14:02:57.589+0200][35,284s] GC(28) Concurrent Preclean 1,189ms
[2019-04-15T14:02:57.589+0200][35,284s] GC(28) User=0,01s Sys=0,00s Real=0,00s
[2019-04-15T14:02:57.589+0200][35,284s] GC(28) Concurrent Abortable Preclean
[2019-04-15T14:02:58.372+0200][36,066s] GC(28) Concurrent Abortable Preclean 782,527ms
[2019-04-15T14:02:58.372+0200][36,066s] GC(28) User=0,37s Sys=0,23s Real=0,78s
[2019-04-15T14:02:58.372+0200][36,067s] GC(28) Pause Remark
[2019-04-15T14:02:58.372+0200][36,067s] GC(29) Pause Young (CMS Final Remark)
[2019-04-15T14:02:58.372+0200][36,067s] GC(29) Using 4 workers of 4 for evacuation
[2019-04-15T14:02:58.415+0200][36,110s] GC(29) ParNew: 89842K->21824K(109248K)
[2019-04-15T14:02:58.415+0200][36,110s] GC(29) CMS: 210301K->269068K(393216K)
[2019-04-15T14:02:58.415+0200][36,110s] GC(29) Metaspace: 65353K->65353K(1110016K)
[2019-04-15T14:02:58.415+0200][36,110s] GC(29) Pause Young (CMS Final Remark) 293M->284M(490M) 42,994ms
[2019-04-15T14:02:58.415+0200][36,110s] GC(29) User=0,07s Sys=0,00s Real=0,05s
[2019-04-15T14:02:58.459+0200][36,153s] GC(28) Pause Remark 293M->284M(490M) 86,772ms
[2019-04-15T14:02:58.459+0200][36,153s] GC(28) User=0,13s Sys=0,00s Real=0,09s
[2019-04-15T14:02:58.459+0200][36,153s] GC(28) Concurrent Sweep
[2019-04-15T14:02:58.501+0200][36,196s] GC(28) Concurrent Sweep 42,864ms
[2019-04-15T14:02:58.502+0200][36,196s] GC(28) User=0,06s Sys=0,01s Real=0,04s
[2019-04-15T14:02:58.502+0200][36,196s] GC(28) Concurrent Reset
[2019-04-15T14:02:58.502+0200][36,197s] GC(28) Concurrent Reset 0,380ms
[2019-04-15T14:02:58.502+0200][36,197s] GC(28) User=0,00s Sys=0,00s Real=0,00s
[2019-04-15T14:02:58.502+0200][36,197s] GC(28) Old: 210301K->176775K(393216K)
[2019-04-15T14:02:58.986+0200][36,681s] GC(30) Pause Young (Allocation Failure)
[2019-04-15T14:02:58.986+0200][36,681s] GC(30) Using 4 workers of 4 for evacuation
[2019-04-15T14:02:59.013+0200][36,708s] GC(30) ParNew: 109248K->21824K(109248K)
[2019-04-15T14:02:59.013+0200][36,708s] GC(30) CMS: 176775K->228643K(393216K)
[2019-04-15T14:02:59.013+0200][36,708s] GC(30) Metaspace: 65354K->65354K(1110016K)
[2019-04-15T14:02:59.013+0200][36,708s] GC(30) Pause Young (Allocation Failure) 279M->244M(490M) 27,268ms
[2019-04-15T14:02:59.013+0200][36,708s] GC(30) User=0,05s Sys=0,00s Real=0,03s
[2019-04-15T14:02:59.014+0200][36,709s] GC(31) Pause Initial Mark
[2019-04-15T14:02:59.015+0200][36,710s] GC(31) Pause Initial Mark 245M->245M(490M) 1,168ms
[2019-04-15T14:02:59.015+0200][36,710s] GC(31) User=0,00s Sys=0,00s Real=0,00s
[2019-04-15T14:02:59.015+0200][36,710s] GC(31) Concurrent Mark
[2019-04-15T14:02:59.015+0200][36,710s] GC(31) Using 4 workers of 4 for marking
[2019-04-15T14:02:59.077+0200][36,772s] GC(31) Concurrent Mark 61,852ms
[2019-04-15T14:02:59.077+0200][36,772s] GC(31) User=0,12s Sys=0,00s Real=0,06s
[2019-04-15T14:02:59.077+0200][36,772s] GC(31) Concurrent Preclean
[2019-04-15T14:02:59.078+0200][36,773s] GC(31) Concurrent Preclean 1,182ms
[2019-04-15T14:02:59.078+0200][36,773s] GC(31) User=0,01s Sys=0,00s Real=0,00s
[2019-04-15T14:02:59.078+0200][36,773s] GC(31) Concurrent Abortable Preclean
[2019-04-15T14:02:59.407+0200][37,102s] GC(32) Pause Young (Allocation Failure)
[2019-04-15T14:02:59.407+0200][37,102s] GC(32) Using 4 workers of 4 for evacuation
[2019-04-15T14:02:59.436+0200][37,131s] GC(32) ParNew: 109248K->21824K(109248K)
[2019-04-15T14:02:59.436+0200][37,131s] GC(32) CMS: 228643K->259029K(393216K)
[2019-04-15T14:02:59.436+0200][37,131s] GC(32) Metaspace: 65360K->65360K(1110016K)
[2019-04-15T14:02:59.436+0200][37,131s] GC(32) Pause Young (Allocation Failure) 329M->274M(490M) 28,478ms
[2019-04-15T14:02:59.436+0200][37,131s] GC(32) User=0,05s Sys=0,00s Real=0,03s
[2019-04-15T14:02:59.436+0200][37,131s] GC(31) Concurrent Abortable Preclean 357,720ms
[2019-04-15T14:02:59.436+0200][37,131s] GC(31) User=0,41s Sys=0,01s Real=0,36s
[2019-04-15T14:02:59.436+0200][37,131s] GC(31) Pause Remark
[2019-04-15T14:02:59.436+0200][37,131s] GC(33) Pause Young (CMS Final Remark)
[2019-04-15T14:02:59.436+0200][37,131s] GC(33) Using 4 workers of 4 for evacuation
[2019-04-15T14:02:59.457+0200][37,152s] GC(33) ParNew: 21954K->21824K(109248K)
[2019-04-15T14:02:59.457+0200][37,152s] GC(33) CMS: 259029K->264643K(393216K)
[2019-04-15T14:02:59.457+0200][37,152s] GC(33) Metaspace: 65360K->65360K(1110016K)
[2019-04-15T14:02:59.457+0200][37,152s] GC(33) Pause Young (CMS Final Remark) 274M->279M(490M) 21,073ms
[2019-04-15T14:02:59.457+0200][37,152s] GC(33) User=0,04s Sys=0,00s Real=0,02s
[2019-04-15T14:02:59.494+0200][37,189s] GC(31) Pause Remark 274M->279M(490M) 57,591ms
[2019-04-15T14:02:59.494+0200][37,189s] GC(31) User=0,08s Sys=0,00s Real=0,06s
[2019-04-15T14:02:59.494+0200][37,189s] GC(31) Concurrent Sweep
[2019-04-15T14:02:59.536+0200][37,231s] GC(31) Concurrent Sweep 41,868ms
[2019-04-15T14:02:59.536+0200][37,231s] GC(31) User=0,08s Sys=0,00s Real=0,04s
[2019-04-15T14:02:59.536+0200][37,231s] GC(31) Concurrent Reset
[2019-04-15T14:02:59.536+0200][37,231s] GC(31) Concurrent Reset 0,369ms
[2019-04-15T14:02:59.536+0200][37,231s] GC(31) User=0,00s Sys=0,00s Real=0,00s
[2019-04-15T14:02:59.536+0200][37,231s] GC(31) Old: 228643K->264543K(393216K)
[2019-04-15T14:02:59.946+0200][37,640s] GC(34) Pause Young (Allocation Failure)
[2019-04-15T14:02:59.946+0200][37,641s] GC(34) Using 4 workers of 4 for evacuation
[2019-04-15T14:02:59.971+0200][37,666s] GC(34) ParNew: 109011K->21824K(109248K)
[2019-04-15T14:02:59.971+0200][37,666s] GC(34) CMS: 264543K->290773K(393216K)
[2019-04-15T14:02:59.971+0200][37,666s] GC(34) Metaspace: 65361K->65361K(1110016K)
[2019-04-15T14:02:59.971+0200][37,666s] GC(34) Pause Young (Allocation Failure) 364M->305M(490M) 25,836ms
[2019-04-15T14:02:59.971+0200][37,666s] GC(34) User=0,08s Sys=0,00s Real=0,02s
[2019-04-15T14:02:59.973+0200][37,668s] GC(35) Pause Initial Mark
[2019-04-15T14:02:59.974+0200][37,669s] GC(35) Pause Initial Mark 307M->307M(490M) 0,838ms
[2019-04-15T14:02:59.974+0200][37,669s] GC(35) User=0,00s Sys=0,00s Real=0,00s
[2019-04-15T14:02:59.974+0200][37,669s] GC(35) Concurrent Mark
[2019-04-15T14:02:59.974+0200][37,669s] GC(35) Using 4 workers of 4 for marking
[2019-04-15T14:03:00.022+0200][37,717s] GC(35) Concurrent Mark 48,154ms
[2019-04-15T14:03:00.022+0200][37,717s] GC(35) User=0,13s Sys=0,00s Real=0,04s
[2019-04-15T14:03:00.022+0200][37,717s] GC(35) Concurrent Preclean
[2019-04-15T14:03:00.023+0200][37,718s] GC(35) Concurrent Preclean 1,298ms
[2019-04-15T14:03:00.023+0200][37,718s] GC(35) User=0,00s Sys=0,00s Real=0,00s
[2019-04-15T14:03:00.023+0200][37,718s] GC(35) Concurrent Abortable Preclean
[2019-04-15T14:03:00.248+0200][37,943s] GC(35) Concurrent Abortable Preclean 224,767ms
[2019-04-15T14:03:00.248+0200][37,943s] GC(35) User=0,27s Sys=0,00s Real=0,23s
[2019-04-15T14:03:00.248+0200][37,943s] GC(35) Pause Remark
[2019-04-15T14:03:00.249+0200][37,943s] GC(36) Pause Young (CMS Final Remark)
[2019-04-15T14:03:00.249+0200][37,943s] GC(36) Using 4 workers of 4 for evacuation
[2019-04-15T14:03:00.266+0200][37,961s] GC(36) ParNew: 109241K->21824K(109248K)
[2019-04-15T14:03:00.266+0200][37,961s] GC(36) CMS: 290773K->309679K(393216K)
[2019-04-15T14:03:00.266+0200][37,961s] GC(36) Metaspace: 65364K->65364K(1110016K)
[2019-04-15T14:03:00.266+0200][37,961s] GC(36) Pause Young (CMS Final Remark) 390M->323M(490M) 17,170ms
[2019-04-15T14:03:00.266+0200][37,961s] GC(36) User=0,04s Sys=0,00s Real=0,02s
[2019-04-15T14:03:00.301+0200][37,995s] GC(35) Pause Remark 390M->323M(490M) 52,126ms
[2019-04-15T14:03:00.301+0200][37,995s] GC(35) User=0,09s Sys=0,00s Real=0,05s
[2019-04-15T14:03:00.301+0200][37,996s] GC(35) Concurrent Sweep
[2019-04-15T14:03:00.346+0200][38,041s] GC(35) Concurrent Sweep 45,386ms
[2019-04-15T14:03:00.346+0200][38,041s] GC(35) User=0,08s Sys=0,00s Real=0,05s
[2019-04-15T14:03:00.346+0200][38,041s] GC(35) Concurrent Reset
[2019-04-15T14:03:00.347+0200][38,041s] GC(35) Concurrent Reset 0,370ms
[2019-04-15T14:03:00.347+0200][38,041s] GC(35) User=0,00s Sys=0,00s Real=0,00s
[2019-04-15T14:03:00.347+0200][38,041s] GC(35) Old: 290773K->240415K(393216K)
[2019-04-15T14:03:00.583+0200][38,278s] GC(37) Pause Young (Allocation Failure)
[2019-04-15T14:03:00.583+0200][38,278s] GC(37) Using 4 workers of 4 for evacuation
[2019-04-15T14:03:00.608+0200][38,303s] GC(37) ParNew: 109248K->21824K(109248K)
[2019-04-15T14:03:00.608+0200][38,303s] GC(37) CMS: 240415K->275109K(393216K)
[2019-04-15T14:03:00.608+0200][38,303s] GC(37) Metaspace: 65364K->65364K(1110016K)
[2019-04-15T14:03:00.608+0200][38,303s] GC(37) Pause Young (Allocation Failure) 341M->289M(490M) 25,128ms
[2019-04-15T14:03:00.608+0200][38,303s] GC(37) User=0,06s Sys=0,00s Real=0,03s
[2019-04-15T14:03:00.617+0200][38,312s] GC(38) Pause Initial Mark
[2019-04-15T14:03:00.619+0200][38,314s] GC(38) Pause Initial Mark 295M->295M(490M) 1,642ms
[2019-04-15T14:03:00.619+0200][38,314s] GC(38) User=0,01s Sys=0,01s Real=0,00s
[2019-04-15T14:03:00.619+0200][38,314s] GC(38) Concurrent Mark
[2019-04-15T14:03:00.619+0200][38,314s] GC(38) Using 4 workers of 4 for marking
[2019-04-15T14:03:00.704+0200][38,399s] GC(38) Concurrent Mark 84,507ms
[2019-04-15T14:03:00.704+0200][38,399s] GC(38) User=0,20s Sys=0,00s Real=0,08s
[2019-04-15T14:03:00.704+0200][38,399s] GC(38) Concurrent Preclean
[2019-04-15T14:03:00.705+0200][38,400s] GC(38) Concurrent Preclean 1,365ms
[2019-04-15T14:03:00.705+0200][38,400s] GC(38) User=0,00s Sys=0,00s Real=0,01s
[2019-04-15T14:03:00.705+0200][38,400s] GC(38) Concurrent Abortable Preclean
[2019-04-15T14:03:00.952+0200][38,647s] GC(39) Pause Young (Allocation Failure)
[2019-04-15T14:03:00.952+0200][38,647s] GC(39) Using 4 workers of 4 for evacuation
[2019-04-15T14:03:00.982+0200][38,676s] GC(39) ParNew: 109009K->21824K(109248K)
[2019-04-15T14:03:00.982+0200][38,676s] GC(39) CMS: 275109K->290959K(393216K)
[2019-04-15T14:03:00.982+0200][38,677s] GC(39) Metaspace: 65364K->65364K(1110016K)
[2019-04-15T14:03:00.982+0200][38,677s] GC(39) Pause Young (Allocation Failure) 375M->305M(490M) 29,517ms
[2019-04-15T14:03:00.982+0200][38,677s] GC(39) User=0,05s Sys=0,01s Real=0,03s
[2019-04-15T14:03:01.270+0200][38,965s] GC(40) Pause Young (Allocation Failure)
[2019-04-15T14:03:01.270+0200][38,965s] GC(40) Using 4 workers of 4 for evacuation
[2019-04-15T14:03:01.296+0200][38,991s] GC(40) ParNew: 108229K->21824K(109248K)
[2019-04-15T14:03:01.296+0200][38,991s] GC(40) CMS: 290959K->316936K(393216K)
[2019-04-15T14:03:01.296+0200][38,991s] GC(40) Metaspace: 65364K->65364K(1110016K)
[2019-04-15T14:03:01.297+0200][38,991s] GC(40) Pause Young (Allocation Failure) 389M->330M(490M) 26,111ms
[2019-04-15T14:03:01.297+0200][38,991s] GC(40) User=0,05s Sys=0,00s Real=0,03s
[2019-04-15T14:03:01.297+0200][38,991s] GC(38) Concurrent Abortable Preclean 591,485ms
[2019-04-15T14:03:01.297+0200][38,992s] GC(38) User=0,76s Sys=0,01s Real=0,59s
[2019-04-15T14:03:01.297+0200][38,992s] GC(38) Pause Remark
[2019-04-15T14:03:01.297+0200][38,992s] GC(41) Pause Young (CMS Final Remark)
[2019-04-15T14:03:01.297+0200][38,992s] GC(41) Using 4 workers of 4 for evacuation
[2019-04-15T14:03:01.313+0200][39,008s] GC(41) ParNew: 22850K->14701K(109248K)
[2019-04-15T14:03:01.313+0200][39,008s] GC(41) CMS: 316936K->316936K(393216K)
[2019-04-15T14:03:01.313+0200][39,008s] GC(41) Metaspace: 65364K->65364K(1110016K)
[2019-04-15T14:03:01.313+0200][39,008s] GC(41) Pause Young (CMS Final Remark) 331M->323M(490M) 15,549ms
[2019-04-15T14:03:01.313+0200][39,008s] GC(41) User=0,03s Sys=0,00s Real=0,02s
[2019-04-15T14:03:01.365+0200][39,060s] GC(38) Pause Remark 331M->323M(490M) 67,570ms
[2019-04-15T14:03:01.365+0200][39,060s] GC(38) User=0,09s Sys=0,00s Real=0,07s
[2019-04-15T14:03:01.365+0200][39,060s] GC(38) Concurrent Sweep
[2019-04-15T14:03:01.403+0200][39,098s] GC(38) Concurrent Sweep 37,910ms
[2019-04-15T14:03:01.403+0200][39,098s] GC(38) User=0,07s Sys=0,00s Real=0,03s
[2019-04-15T14:03:01.403+0200][39,098s] GC(38) Concurrent Reset
[2019-04-15T14:03:01.403+0200][39,098s] GC(38) Concurrent Reset 0,366ms
[2019-04-15T14:03:01.403+0200][39,098s] GC(38) User=0,00s Sys=0,00s Real=0,00s
[2019-04-15T14:03:01.403+0200][39,098s] GC(38) Old: 275109K->296238K(393216K)
[2019-04-15T14:03:02.195+0200][39,890s] GC(42) Pause Young (Allocation Failure)
[2019-04-15T14:03:02.196+0200][39,890s] GC(42) Using 4 workers of 4 for evacuation
[2019-04-15T14:03:02.221+0200][39,915s] GC(42) ParNew: 102125K->21824K(109248K)
[2019-04-15T14:03:02.221+0200][39,915s] GC(42) CMS: 296238K->299396K(393216K)
[2019-04-15T14:03:02.221+0200][39,915s] GC(42) Metaspace: 65406K->65406K(1110016K)
[2019-04-15T14:03:02.221+0200][39,915s] GC(42) Pause Young (Allocation Failure) 389M->313M(490M) 25,084ms
[2019-04-15T14:03:02.221+0200][39,915s] GC(42) User=0,04s Sys=0,00s Real=0,02s
[2019-04-15T14:03:02.223+0200][39,918s] GC(43) Pause Initial Mark
[2019-04-15T14:03:02.227+0200][39,922s] GC(43) Pause Initial Mark 313M->313M(490M) 3,575ms
[2019-04-15T14:03:02.227+0200][39,922s] GC(43) User=0,00s Sys=0,00s Real=0,01s
[2019-04-15T14:03:02.227+0200][39,922s] GC(43) Concurrent Mark
[2019-04-15T14:03:02.227+0200][39,922s] GC(43) Using 4 workers of 4 for marking
[2019-04-15T14:03:02.344+0200][40,039s] GC(43) Concurrent Mark 116,736ms
[2019-04-15T14:03:02.344+0200][40,039s] GC(43) User=0,20s Sys=0,03s Real=0,11s
[2019-04-15T14:03:02.344+0200][40,039s] GC(43) Concurrent Preclean
[2019-04-15T14:03:02.346+0200][40,040s] GC(43) Concurrent Preclean 1,329ms
[2019-04-15T14:03:02.346+0200][40,041s] GC(43) User=0,01s Sys=0,00s Real=0,01s
[2019-04-15T14:03:02.346+0200][40,041s] GC(43) Concurrent Abortable Preclean
[2019-04-15T14:03:02.698+0200][40,393s] GC(44) Pause Young (Allocation Failure)
[2019-04-15T14:03:02.698+0200][40,393s] GC(44) Using 4 workers of 4 for evacuation
[2019-04-15T14:03:02.727+0200][40,421s] GC(43) Concurrent Abortable Preclean 380,858ms
[2019-04-15T14:03:02.727+0200][40,422s] GC(43) User=0,52s Sys=0,06s Real=0,38s
[2019-04-15T14:03:02.746+0200][40,441s] GC(44) ParNew: 109248K->21824K(109248K)
[2019-04-15T14:03:02.746+0200][40,441s] GC(44) CMS: 299396K->334981K(393216K)
[2019-04-15T14:03:02.746+0200][40,441s] GC(44) Metaspace: 65410K->65410K(1110016K)
[2019-04-15T14:03:02.746+0200][40,441s] GC(44) Pause Young (Allocation Failure) 399M->348M(490M) 47,894ms
[2019-04-15T14:03:02.746+0200][40,441s] GC(44) User=0,09s Sys=0,00s Real=0,05s
[2019-04-15T14:03:02.749+0200][40,444s] GC(43) Pause Remark
[2019-04-15T14:03:02.750+0200][40,444s] GC(45) Pause Young (CMS Final Remark)
[2019-04-15T14:03:02.750+0200][40,444s] GC(45) Using 4 workers of 4 for evacuation
[2019-04-15T14:03:02.856+0200][40,551s] GC(45) ParNew: 23701K->21003K(109248K)
[2019-04-15T14:03:02.857+0200][40,551s] GC(45) CMS: 334981K->356411K(393216K)
[2019-04-15T14:03:02.857+0200][40,551s] GC(45) Metaspace: 65410K->65410K(1110016K)
[2019-04-15T14:03:02.857+0200][40,552s] GC(45) Pause Young (CMS Final Remark) 350M->368M(490M) 107,108ms
[2019-04-15T14:03:02.857+0200][40,552s] GC(45) User=0,11s Sys=0,01s Real=0,11s
[2019-04-15T14:03:02.934+0200][40,629s] GC(43) Pause Remark 350M->368M(490M) 184,337ms
[2019-04-15T14:03:02.934+0200][40,629s] GC(43) User=0,20s Sys=0,01s Real=0,19s
[2019-04-15T14:03:02.934+0200][40,629s] GC(43) Concurrent Sweep
[2019-04-15T14:03:03.085+0200][40,780s] GC(43) Concurrent Sweep 151,419ms
[2019-04-15T14:03:03.104+0200][40,798s] GC(43) User=0,30s Sys=0,03s Real=0,16s
[2019-04-15T14:03:03.104+0200][40,799s] GC(43) Concurrent Reset
[2019-04-15T14:03:03.104+0200][40,799s] GC(43) Concurrent Reset 0,420ms
[2019-04-15T14:03:03.104+0200][40,799s] GC(43) User=0,00s Sys=0,00s Real=0,00s
[2019-04-15T14:03:03.104+0200][40,799s] GC(43) Old: 299396K->251730K(393216K)
[2019-04-15T14:03:03.434+0200][41,129s] GC(46) Pause Young (Allocation Failure)
[2019-04-15T14:03:03.434+0200][41,129s] GC(46) Using 4 workers of 4 for evacuation
[2019-04-15T14:03:03.481+0200][41,176s] GC(46) ParNew: 108427K->21824K(109248K)
[2019-04-15T14:03:03.481+0200][41,176s] GC(46) CMS: 251730K->257683K(393216K)
[2019-04-15T14:03:03.481+0200][41,176s] GC(46) Metaspace: 65537K->65537K(1110016K)
[2019-04-15T14:03:03.481+0200][41,176s] GC(46) Pause Young (Allocation Failure) 351M->272M(490M) 47,094ms
[2019-04-15T14:03:03.481+0200][41,176s] GC(46) User=0,09s Sys=0,00s Real=0,04s
[2019-04-15T14:03:03.484+0200][41,179s] GC(47) Pause Initial Mark
[2019-04-15T14:03:03.487+0200][41,182s] GC(47) Pause Initial Mark 274M->274M(490M) 3,181ms
[2019-04-15T14:03:03.487+0200][41,182s] GC(47) User=0,01s Sys=0,00s Real=0,01s
[2019-04-15T14:03:03.493+0200][41,188s] GC(47) Concurrent Mark
[2019-04-15T14:03:03.493+0200][41,188s] GC(47) Using 4 workers of 4 for marking
[2019-04-15T14:03:03.596+0200][41,291s] GC(47) Concurrent Mark 103,640ms
[2019-04-15T14:03:03.597+0200][41,291s] GC(47) User=0,24s Sys=0,00s Real=0,11s
[2019-04-15T14:03:03.597+0200][41,291s] GC(47) Concurrent Preclean
[2019-04-15T14:03:03.598+0200][41,293s] GC(47) Concurrent Preclean 1,678ms
[2019-04-15T14:03:03.598+0200][41,293s] GC(47) User=0,00s Sys=0,00s Real=0,00s
[2019-04-15T14:03:03.598+0200][41,293s] GC(47) Concurrent Abortable Preclean
[2019-04-15T14:03:04.678+0200][42,373s] GC(48) Pause Young (Allocation Failure)
[2019-04-15T14:03:04.678+0200][42,373s] GC(48) Using 4 workers of 4 for evacuation
[2019-04-15T14:03:04.711+0200][42,406s] GC(47) Concurrent Abortable Preclean 1112,648ms
[2019-04-15T14:03:04.711+0200][42,406s] GC(47) User=1,21s Sys=0,25s Real=1,11s
[2019-04-15T14:03:04.748+0200][42,443s] GC(48) ParNew: 109248K->21824K(109248K)
[2019-04-15T14:03:04.748+0200][42,443s] GC(48) CMS: 257683K->292969K(393216K)
[2019-04-15T14:03:04.748+0200][42,443s] GC(48) Metaspace: 65564K->65564K(1110016K)
[2019-04-15T14:03:04.748+0200][42,443s] GC(48) Pause Young (Allocation Failure) 358M->307M(490M) 70,010ms
[2019-04-15T14:03:04.748+0200][42,443s] GC(48) User=0,07s Sys=0,00s Real=0,07s
[2019-04-15T14:03:04.752+0200][42,447s] GC(47) Pause Remark
[2019-04-15T14:03:04.752+0200][42,447s] GC(49) Pause Young (CMS Final Remark)
[2019-04-15T14:03:04.752+0200][42,447s] GC(49) Using 4 workers of 4 for evacuation
[2019-04-15T14:03:04.767+0200][42,462s] GC(49) ParNew: 26002K->15585K(109248K)
[2019-04-15T14:03:04.767+0200][42,462s] GC(49) CMS: 292969K->314781K(393216K)
[2019-04-15T14:03:04.767+0200][42,462s] GC(49) Metaspace: 65564K->65564K(1110016K)
[2019-04-15T14:03:04.767+0200][42,462s] GC(49) Pause Young (CMS Final Remark) 311M->322M(490M) 15,360ms
[2019-04-15T14:03:04.767+0200][42,462s] GC(49) User=0,02s Sys=0,00s Real=0,02s
[2019-04-15T14:03:04.829+0200][42,524s] GC(47) Pause Remark 311M->322M(490M) 77,196ms
[2019-04-15T14:03:04.829+0200][42,524s] GC(47) User=0,08s Sys=0,00s Real=0,08s
[2019-04-15T14:03:04.829+0200][42,524s] GC(47) Concurrent Sweep
[2019-04-15T14:03:04.923+0200][42,618s] GC(47) Concurrent Sweep 94,022ms
[2019-04-15T14:03:04.923+0200][42,618s] GC(47) User=0,07s Sys=0,02s Real=0,09s
[2019-04-15T14:03:04.923+0200][42,618s] GC(47) Concurrent Reset
[2019-04-15T14:03:04.924+0200][42,619s] GC(47) Concurrent Reset 0,798ms
[2019-04-15T14:03:04.924+0200][42,619s] GC(47) User=0,01s Sys=0,00s Real=0,00s
[2019-04-15T14:03:04.924+0200][42,619s] GC(47) Old: 257683K->160810K(393216K)
[2019-04-15T14:03:05.414+0200][43,109s] GC(50) Pause Young (Allocation Failure)
[2019-04-15T14:03:05.414+0200][43,109s] GC(50) Using 4 workers of 4 for evacuation
[2019-04-15T14:03:05.453+0200][43,147s] GC(50) ParNew: 103009K->21824K(109248K)
[2019-04-15T14:03:05.453+0200][43,147s] GC(50) CMS: 160810K->224362K(393216K)
[2019-04-15T14:03:05.453+0200][43,147s] GC(50) Metaspace: 65564K->65564K(1110016K)
[2019-04-15T14:03:05.453+0200][43,148s] GC(50) Pause Young (Allocation Failure) 257M->240M(490M) 38,431ms
[2019-04-15T14:03:05.453+0200][43,148s] GC(50) User=0,10s Sys=0,00s Real=0,03s
[2019-04-15T14:03:05.453+0200][43,148s] GC(51) Pause Initial Mark
[2019-04-15T14:03:05.454+0200][43,149s] GC(51) Pause Initial Mark 240M->240M(490M) 1,169ms
[2019-04-15T14:03:05.454+0200][43,149s] GC(51) User=0,00s Sys=0,00s Real=0,00s
[2019-04-15T14:03:05.454+0200][43,149s] GC(51) Concurrent Mark
[2019-04-15T14:03:05.454+0200][43,149s] GC(51) Using 4 workers of 4 for marking
[2019-04-15T14:03:05.499+0200][43,194s] GC(51) Concurrent Mark 44,596ms
[2019-04-15T14:03:05.499+0200][43,194s] GC(51) User=0,10s Sys=0,01s Real=0,04s
[2019-04-15T14:03:05.499+0200][43,194s] GC(51) Concurrent Preclean
[2019-04-15T14:03:05.500+0200][43,195s] GC(51) Concurrent Preclean 0,703ms
[2019-04-15T14:03:05.500+0200][43,195s] GC(51) User=0,00s Sys=0,00s Real=0,00s
[2019-04-15T14:03:05.500+0200][43,195s] GC(51) Concurrent Abortable Preclean
[2019-04-15T14:03:05.726+0200][43,421s] GC(52) Pause Young (Allocation Failure)
[2019-04-15T14:03:05.727+0200][43,421s] GC(52) Using 4 workers of 4 for evacuation
[2019-04-15T14:03:05.756+0200][43,451s] GC(51) Concurrent Abortable Preclean 256,726ms
[2019-04-15T14:03:05.756+0200][43,451s] GC(51) User=0,38s Sys=0,07s Real=0,26s
[2019-04-15T14:03:05.763+0200][43,457s] GC(52) ParNew: 109248K->21824K(109248K)
[2019-04-15T14:03:05.763+0200][43,457s] GC(52) CMS: 224362K->262077K(393216K)
[2019-04-15T14:03:05.763+0200][43,457s] GC(52) Metaspace: 66073K->66073K(1110016K)
[2019-04-15T14:03:05.763+0200][43,458s] GC(52) Pause Young (Allocation Failure) 325M->277M(490M) 36,163ms
[2019-04-15T14:03:05.763+0200][43,458s] GC(52) User=0,08s Sys=0,00s Real=0,03s
[2019-04-15T14:03:05.767+0200][43,462s] GC(51) Pause Remark
[2019-04-15T14:03:05.767+0200][43,462s] GC(53) Pause Young (CMS Final Remark)
[2019-04-15T14:03:05.767+0200][43,462s] GC(53) Using 4 workers of 4 for evacuation
[2019-04-15T14:03:05.780+0200][43,475s] GC(53) ParNew: 24792K->21824K(109248K)
[2019-04-15T14:03:05.780+0200][43,475s] GC(53) CMS: 262077K->262077K(393216K)
[2019-04-15T14:03:05.780+0200][43,475s] GC(53) Metaspace: 66090K->66090K(1110016K)
[2019-04-15T14:03:05.780+0200][43,475s] GC(53) Pause Young (CMS Final Remark) 280M->277M(490M) 13,777ms
[2019-04-15T14:03:05.781+0200][43,475s] GC(53) User=0,03s Sys=0,00s Real=0,01s
[2019-04-15T14:03:05.811+0200][43,506s] GC(51) Pause Remark 280M->277M(490M) 44,780ms
[2019-04-15T14:03:05.811+0200][43,506s] GC(51) User=0,07s Sys=0,00s Real=0,04s
[2019-04-15T14:03:05.812+0200][43,507s] GC(51) Concurrent Sweep
[2019-04-15T14:03:05.851+0200][43,546s] GC(51) Concurrent Sweep 39,470ms
[2019-04-15T14:03:05.851+0200][43,546s] GC(51) User=0,09s Sys=0,01s Real=0,04s
[2019-04-15T14:03:05.851+0200][43,546s] GC(51) Concurrent Reset
[2019-04-15T14:03:05.852+0200][43,547s] GC(51) Concurrent Reset 0,359ms
[2019-04-15T14:03:05.852+0200][43,547s] GC(51) User=0,00s Sys=0,00s Real=0,00s
[2019-04-15T14:03:05.852+0200][43,547s] GC(51) Old: 224362K->240665K(393216K)
[2019-04-15T14:03:06.512+0200][44,207s] GC(54) Pause Young (Allocation Failure)
[2019-04-15T14:03:06.513+0200][44,207s] GC(54) Using 4 workers of 4 for evacuation
[2019-04-15T14:03:06.592+0200][44,287s] GC(54) ParNew: 109248K->21824K(109248K)
[2019-04-15T14:03:06.592+0200][44,287s] GC(54) CMS: 240665K->310919K(393216K)
[2019-04-15T14:03:06.592+0200][44,287s] GC(54) Metaspace: 66487K->66487K(1110016K)
[2019-04-15T14:03:06.592+0200][44,287s] GC(54) Pause Young (Allocation Failure) 341M->324M(490M) 79,518ms
[2019-04-15T14:03:06.592+0200][44,287s] GC(54) User=0,17s Sys=0,00s Real=0,08s
[2019-04-15T14:03:06.592+0200][44,287s] GC(55) Pause Initial Mark
[2019-04-15T14:03:06.594+0200][44,288s] GC(55) Pause Initial Mark 324M->324M(490M) 1,402ms
[2019-04-15T14:03:06.594+0200][44,288s] GC(55) User=0,01s Sys=0,00s Real=0,01s
[2019-04-15T14:03:06.594+0200][44,288s] GC(55) Concurrent Mark
[2019-04-15T14:03:06.594+0200][44,288s] GC(55) Using 4 workers of 4 for marking
[2019-04-15T14:03:06.656+0200][44,351s] GC(55) Concurrent Mark 62,851ms
[2019-04-15T14:03:06.657+0200][44,351s] GC(55) User=0,13s Sys=0,01s Real=0,06s
[2019-04-15T14:03:06.657+0200][44,351s] GC(55) Concurrent Preclean
[2019-04-15T14:03:06.657+0200][44,352s] GC(55) Concurrent Preclean 0,753ms
[2019-04-15T14:03:06.657+0200][44,352s] GC(55) User=0,00s Sys=0,00s Real=0,00s
[2019-04-15T14:03:06.657+0200][44,352s] GC(55) Concurrent Abortable Preclean
[2019-04-15T14:03:06.993+0200][44,688s] GC(55) Concurrent Abortable Preclean 335,949ms
[2019-04-15T14:03:06.993+0200][44,688s] GC(55) User=0,20s Sys=0,16s Real=0,34s
[2019-04-15T14:03:06.993+0200][44,688s] GC(55) Pause Remark
[2019-04-15T14:03:06.993+0200][44,688s] GC(56) Pause Young (CMS Final Remark)
[2019-04-15T14:03:06.993+0200][44,688s] GC(56) Using 4 workers of 4 for evacuation
[2019-04-15T14:03:06.994+0200][44,688s] GC(56) ParNew: 89182K->89182K(109248K)
[2019-04-15T14:03:06.994+0200][44,688s] GC(56) CMS: 310919K->310919K(393216K)
[2019-04-15T14:03:06.994+0200][44,688s] GC(56) Metaspace: 66487K->66487K(1110016K)
[2019-04-15T14:03:06.994+0200][44,688s] GC(56) Pause Young (CMS Final Remark) 390M->390M(490M) 0,101ms
[2019-04-15T14:03:06.994+0200][44,688s] GC(56) User=0,00s Sys=0,00s Real=0,00s
[2019-04-15T14:03:07.046+0200][44,741s] GC(55) Pause Remark 390M->390M(490M) 52,637ms
[2019-04-15T14:03:07.046+0200][44,741s] GC(55) User=0,06s Sys=0,00s Real=0,05s
[2019-04-15T14:03:07.046+0200][44,741s] GC(55) Concurrent Sweep
[2019-04-15T14:03:07.082+0200][44,777s] GC(55) Concurrent Sweep 35,466ms
[2019-04-15T14:03:07.082+0200][44,777s] GC(55) User=0,05s Sys=0,02s Real=0,03s
[2019-04-15T14:03:07.082+0200][44,777s] GC(55) Concurrent Reset
[2019-04-15T14:03:07.082+0200][44,777s] GC(55) Concurrent Reset 0,359ms
[2019-04-15T14:03:07.082+0200][44,777s] GC(55) User=0,00s Sys=0,00s Real=0,00s
[2019-04-15T14:03:07.082+0200][44,777s] GC(55) Old: 310919K->296561K(393216K)
[2019-04-15T14:03:07.164+0200][44,859s] GC(57) Pause Young (Allocation Failure)
[2019-04-15T14:03:07.164+0200][44,859s] GC(57) Using 4 workers of 4 for evacuation
[2019-04-15T14:03:07.236+0200][44,931s] GC(57) ParNew: 109248K->21824K(109248K)
[2019-04-15T14:03:07.236+0200][44,931s] GC(57) CMS: 296561K->370239K(393216K)
[2019-04-15T14:03:07.236+0200][44,931s] GC(57) Metaspace: 66487K->66487K(1110016K)
[2019-04-15T14:03:07.236+0200][44,931s] GC(57) Pause Young (Allocation Failure) 396M->382M(490M) 72,192ms
[2019-04-15T14:03:07.236+0200][44,931s] GC(57) User=0,18s Sys=0,01s Real=0,08s
[2019-04-15T14:03:07.237+0200][44,932s] GC(58) Pause Initial Mark
[2019-04-15T14:03:07.239+0200][44,934s] GC(58) Pause Initial Mark 383M->383M(490M) 1,957ms
[2019-04-15T14:03:07.239+0200][44,934s] GC(58) User=0,00s Sys=0,00s Real=0,00s
[2019-04-15T14:03:07.239+0200][44,934s] GC(58) Concurrent Mark
[2019-04-15T14:03:07.239+0200][44,934s] GC(58) Using 4 workers of 4 for marking
[2019-04-15T14:03:07.286+0200][44,981s] GC(58) Concurrent Mark 47,255ms
[2019-04-15T14:03:07.287+0200][44,981s] GC(58) User=0,12s Sys=0,02s Real=0,05s
[2019-04-15T14:03:07.287+0200][44,981s] GC(58) Concurrent Preclean
[2019-04-15T14:03:07.288+0200][44,983s] GC(58) Concurrent Preclean 1,255ms
[2019-04-15T14:03:07.288+0200][44,983s] GC(58) User=0,00s Sys=0,00s Real=0,00s
[2019-04-15T14:03:07.288+0200][44,983s] GC(58) Concurrent Abortable Preclean
[2019-04-15T14:03:07.288+0200][44,983s] GC(58) Concurrent Abortable Preclean 0,010ms
[2019-04-15T14:03:07.288+0200][44,983s] GC(58) User=0,00s Sys=0,00s Real=0,00s
[2019-04-15T14:03:07.288+0200][44,983s] GC(58) Pause Remark
[2019-04-15T14:03:07.288+0200][44,983s] GC(59) Pause Young (CMS Final Remark)
[2019-04-15T14:03:07.288+0200][44,983s] GC(59) Using 4 workers of 4 for evacuation
[2019-04-15T14:03:07.288+0200][44,983s] GC(59) ParNew: 32617K->32617K(109248K)
[2019-04-15T14:03:07.288+0200][44,983s] GC(59) CMS: 370239K->370239K(393216K)
[2019-04-15T14:03:07.288+0200][44,983s] GC(59) Metaspace: 66487K->66487K(1110016K)
[2019-04-15T14:03:07.288+0200][44,983s] GC(59) Pause Young (CMS Final Remark) 393M->393M(490M) 0,056ms
[2019-04-15T14:03:07.288+0200][44,983s] GC(59) User=0,00s Sys=0,00s Real=0,00s
[2019-04-15T14:03:07.316+0200][45,011s] GC(58) Pause Remark 393M->393M(490M) 28,285ms
[2019-04-15T14:03:07.316+0200][45,011s] GC(58) User=0,04s Sys=0,00s Real=0,03s
[2019-04-15T14:03:07.316+0200][45,011s] GC(58) Concurrent Sweep
[2019-04-15T14:03:07.357+0200][45,052s] GC(58) Concurrent Sweep 40,948ms
[2019-04-15T14:03:07.357+0200][45,052s] GC(58) User=0,05s Sys=0,02s Real=0,04s
[2019-04-15T14:03:07.357+0200][45,052s] GC(58) Concurrent Reset
[2019-04-15T14:03:07.358+0200][45,053s] GC(58) Concurrent Reset 0,364ms
[2019-04-15T14:03:07.358+0200][45,053s] GC(58) User=0,00s Sys=0,00s Real=0,00s
[2019-04-15T14:03:07.358+0200][45,053s] GC(58) Old: 370239K->370169K(393216K)
[2019-04-15T14:03:07.837+0200][45,532s] GC(60) Pause Young (Allocation Failure)
[2019-04-15T14:03:07.837+0200][45,532s] GC(60) Using 4 workers of 4 for evacuation
[2019-04-15T14:03:07.837+0200][45,532s] GC(61) Pause Full (Allocation Failure)
[2019-04-15T14:03:07.838+0200][45,533s] GC(61) Phase 1: Mark live objects
[2019-04-15T14:03:07.905+0200][45,600s] GC(61) Phase 1: Mark live objects 66,850ms
[2019-04-15T14:03:07.905+0200][45,600s] GC(61) Phase 2: Compute new object addresses
[2019-04-15T14:03:07.937+0200][45,632s] GC(61) Phase 2: Compute new object addresses 32,315ms
[2019-04-15T14:03:07.937+0200][45,632s] GC(61) Phase 3: Adjust pointers
[2019-04-15T14:03:07.983+0200][45,678s] GC(61) Phase 3: Adjust pointers 46,344ms
[2019-04-15T14:03:07.983+0200][45,678s] GC(61) Phase 4: Move objects
[2019-04-15T14:03:08.081+0200][45,776s] GC(61) Phase 4: Move objects 97,195ms
[2019-04-15T14:03:08.081+0200][45,776s] GC(61) Pause Full (Allocation Failure) 468M->459M(490M) 244,092ms
[2019-04-15T14:03:08.081+0200][45,776s] GC(60) ParNew: 109248K->77613K(109248K)
[2019-04-15T14:03:08.081+0200][45,776s] GC(60) CMS: 370169K->393215K(393216K)
[2019-04-15T14:03:08.081+0200][45,776s] GC(60) Metaspace: 66491K->66491K(1110016K)
[2019-04-15T14:03:08.081+0200][45,776s] GC(60) Pause Young (Allocation Failure) 468M->459M(490M) 244,248ms
[2019-04-15T14:03:08.082+0200][45,776s] GC(60) User=0,23s Sys=0,00s Real=0,24s
[2019-04-15T14:03:08.084+0200][45,779s] GC(62) Pause Initial Mark
[2019-04-15T14:03:08.087+0200][45,782s] GC(62) Pause Initial Mark 462M->462M(490M) 2,966ms
[2019-04-15T14:03:08.087+0200][45,782s] GC(62) User=0,01s Sys=0,00s Real=0,01s
[2019-04-15T14:03:08.087+0200][45,782s] GC(62) Concurrent Mark
[2019-04-15T14:03:08.087+0200][45,782s] GC(62) Using 4 workers of 4 for marking
[2019-04-15T14:03:08.129+0200][45,824s] GC(62) Concurrent Mark 42,396ms
[2019-04-15T14:03:08.129+0200][45,824s] GC(62) User=0,12s Sys=0,00s Real=0,04s
[2019-04-15T14:03:08.129+0200][45,824s] GC(62) Concurrent Preclean
[2019-04-15T14:03:08.192+0200][45,887s] GC(62) Concurrent Preclean 62,667ms
[2019-04-15T14:03:08.192+0200][45,887s] GC(62) User=0,09s Sys=0,02s Real=0,06s
[2019-04-15T14:03:08.192+0200][45,887s] GC(62) Concurrent Abortable Preclean
[2019-04-15T14:03:08.192+0200][45,887s] GC(62) Concurrent Abortable Preclean 0,010ms
[2019-04-15T14:03:08.192+0200][45,887s] GC(62) User=0,00s Sys=0,00s Real=0,00s
[2019-04-15T14:03:08.192+0200][45,887s] GC(62) Pause Remark
[2019-04-15T14:03:08.192+0200][45,887s] GC(63) Pause Young (CMS Final Remark)
[2019-04-15T14:03:08.192+0200][45,887s] GC(63) Using 4 workers of 4 for evacuation
[2019-04-15T14:03:08.192+0200][45,887s] GC(63) ParNew: 94755K->94755K(109248K)
[2019-04-15T14:03:08.192+0200][45,887s] GC(63) CMS: 393215K->393215K(393216K)
[2019-04-15T14:03:08.192+0200][45,887s] GC(63) Metaspace: 66491K->66491K(1110016K)
[2019-04-15T14:03:08.193+0200][45,887s] GC(63) Pause Young (CMS Final Remark) 476M->476M(490M) 0,088ms
[2019-04-15T14:03:08.193+0200][45,887s] GC(63) User=0,00s Sys=0,00s Real=0,00s
[2019-04-15T14:03:08.230+0200][45,925s] GC(62) Pause Remark 476M->476M(490M) 37,573ms
[2019-04-15T14:03:08.230+0200][45,925s] GC(62) User=0,05s Sys=0,00s Real=0,04s
[2019-04-15T14:03:08.230+0200][45,925s] GC(62) Concurrent Sweep
[2019-04-15T14:03:08.254+0200][45,949s] GC(62) Concurrent Sweep 23,940ms
[2019-04-15T14:03:08.254+0200][45,949s] GC(62) User=0,05s Sys=0,00s Real=0,03s
[2019-04-15T14:03:08.254+0200][45,949s] GC(62) Concurrent Reset
[2019-04-15T14:03:08.254+0200][45,949s] GC(62) Concurrent Reset 0,306ms
[2019-04-15T14:03:08.254+0200][45,949s] GC(62) User=0,00s Sys=0,00s Real=0,00s
[2019-04-15T14:03:08.254+0200][45,949s] GC(62) Old: 393215K->393215K(393216K)
[2019-04-15T14:03:08.307+0200][46,002s] GC(64) Pause Young (Allocation Failure)
[2019-04-15T14:03:08.307+0200][46,002s] GC(64) Using 4 workers of 4 for evacuation
[2019-04-15T14:03:08.307+0200][46,002s] GC(65) Pause Full (Allocation Failure)
[2019-04-15T14:03:08.307+0200][46,002s] GC(65) Phase 1: Mark live objects
[2019-04-15T14:03:08.377+0200][46,071s] GC(65) Phase 1: Mark live objects 69,176ms
[2019-04-15T14:03:08.377+0200][46,072s] GC(65) Phase 2: Compute new object addresses
[2019-04-15T14:03:08.409+0200][46,103s] GC(65) Phase 2: Compute new object addresses 31,934ms
[2019-04-15T14:03:08.409+0200][46,104s] GC(65) Phase 3: Adjust pointers
[2019-04-15T14:03:08.456+0200][46,151s] GC(65) Phase 3: Adjust pointers 47,143ms
[2019-04-15T14:03:08.456+0200][46,151s] GC(65) Phase 4: Move objects
[2019-04-15T14:03:08.543+0200][46,237s] GC(65) Phase 4: Move objects 86,758ms
[2019-04-15T14:03:08.543+0200][46,238s] GC(65) Pause Full (Allocation Failure) 490M->481M(490M) 236,382ms
[2019-04-15T14:03:08.543+0200][46,238s] GC(64) ParNew: 109247K->100061K(109248K)
[2019-04-15T14:03:08.543+0200][46,238s] GC(64) CMS: 393215K->393213K(393216K)
[2019-04-15T14:03:08.543+0200][46,238s] GC(64) Metaspace: 66491K->66491K(1110016K)
[2019-04-15T14:03:08.543+0200][46,238s] GC(64) Pause Young (Allocation Failure) 490M->481M(490M) 236,586ms
[2019-04-15T14:03:08.544+0200][46,238s] GC(64) User=0,23s Sys=0,00s Real=0,23s
[2019-04-15T14:03:08.544+0200][46,239s] GC(66) Pause Initial Mark
[2019-04-15T14:03:08.547+0200][46,242s] GC(66) Pause Initial Mark 481M->481M(490M) 3,417ms
[2019-04-15T14:03:08.547+0200][46,242s] GC(66) User=0,01s Sys=0,00s Real=0,01s
[2019-04-15T14:03:08.547+0200][46,242s] GC(66) Concurrent Mark
[2019-04-15T14:03:08.547+0200][46,242s] GC(66) Using 4 workers of 4 for marking
[2019-04-15T14:03:08.556+0200][46,251s] GC(67) Pause Full (Allocation Failure)
[2019-04-15T14:03:08.592+0200][46,287s] GC(66) Concurrent Mark 44,625ms
[2019-04-15T14:03:08.592+0200][46,287s] GC(66) User=0,12s Sys=0,00s Real=0,04s
[2019-04-15T14:03:08.592+0200][46,287s] GC(67) Phase 1: Mark live objects
[2019-04-15T14:03:08.644+0200][46,339s] GC(67) Phase 1: Mark live objects 51,621ms
[2019-04-15T14:03:08.644+0200][46,339s] GC(67) Phase 2: Compute new object addresses
[2019-04-15T14:03:08.676+0200][46,371s] GC(67) Phase 2: Compute new object addresses 32,088ms
[2019-04-15T14:03:08.676+0200][46,371s] GC(67) Phase 3: Adjust pointers
[2019-04-15T14:03:08.720+0200][46,415s] GC(67) Phase 3: Adjust pointers 43,937ms
[2019-04-15T14:03:08.720+0200][46,415s] GC(67) Phase 4: Move objects
[2019-04-15T14:03:08.727+0200][46,421s] GC(67) Phase 4: Move objects 6,739ms
[2019-04-15T14:03:08.727+0200][46,422s] GC(67) ParNew: 109244K->108923K(109248K)
[2019-04-15T14:03:08.727+0200][46,422s] GC(67) CMS: 393213K->393212K(393216K)
[2019-04-15T14:03:08.727+0200][46,422s] GC(67) Metaspace: 66341K->66341K(1110016K)
[2019-04-15T14:03:08.727+0200][46,422s] GC(67) Pause Full (Allocation Failure) 490M->490M(490M) 171,636ms
[2019-04-15T14:03:08.727+0200][46,422s] GC(67) User=0,24s Sys=0,00s Real=0,17s
[2019-04-15T14:03:08.728+0200][46,423s] GC(68) Pause Full (Allocation Failure)
[2019-04-15T14:03:08.728+0200][46,423s] GC(68) Phase 1: Mark live objects
[2019-04-15T14:03:08.785+0200][46,480s] GC(68) Phase 1: Mark live objects 57,059ms
[2019-04-15T14:03:08.786+0200][46,480s] GC(68) Phase 2: Compute new object addresses
[2019-04-15T14:03:08.815+0200][46,509s] GC(68) Phase 2: Compute new object addresses 29,088ms
[2019-04-15T14:03:08.815+0200][46,510s] GC(68) Phase 3: Adjust pointers
[2019-04-15T14:03:08.861+0200][46,556s] GC(68) Phase 3: Adjust pointers 46,287ms
[2019-04-15T14:03:08.861+0200][46,556s] GC(68) Phase 4: Move objects
[2019-04-15T14:03:08.952+0200][46,647s] GC(68) Phase 4: Move objects 90,800ms
[2019-04-15T14:03:08.953+0200][46,647s] GC(68) ParNew: 109245K->108197K(109248K)
[2019-04-15T14:03:08.953+0200][46,647s] GC(68) CMS: 393212K->393215K(393216K)
[2019-04-15T14:03:08.953+0200][46,647s] GC(68) Metaspace: 66341K->66341K(1110016K)
[2019-04-15T14:03:08.953+0200][46,647s] GC(68) Pause Full (Allocation Failure) 490M->489M(490M) 224,572ms
[2019-04-15T14:03:08.953+0200][46,648s] GC(68) User=0,22s Sys=0,00s Real=0,22s
[2019-04-15T14:03:08.953+0200][46,648s] GC(69) Pause Initial Mark
[2019-04-15T14:03:08.956+0200][46,651s] GC(69) Pause Initial Mark 489M->489M(490M) 2,918ms
[2019-04-15T14:03:08.956+0200][46,651s] GC(69) User=0,01s Sys=0,00s Real=0,01s
[2019-04-15T14:03:08.956+0200][46,651s] GC(69) Concurrent Mark
[2019-04-15T14:03:08.956+0200][46,651s] GC(69) Using 4 workers of 4 for marking
[2019-04-15T14:03:08.957+0200][46,652s] GC(70) Pause Full (Allocation Failure)
[2019-04-15T14:03:08.994+0200][46,689s] GC(69) Concurrent Mark 38,516ms
[2019-04-15T14:03:08.994+0200][46,689s] GC(69) User=0,10s Sys=0,00s Real=0,04s
[2019-04-15T14:03:08.995+0200][46,689s] GC(70) Phase 1: Mark live objects
[2019-04-15T14:03:09.048+0200][46,743s] GC(70) Phase 1: Mark live objects 53,455ms
[2019-04-15T14:03:09.048+0200][46,743s] GC(70) Phase 2: Compute new object addresses
[2019-04-15T14:03:09.079+0200][46,774s] GC(70) Phase 2: Compute new object addresses 31,164ms
[2019-04-15T14:03:09.079+0200][46,774s] GC(70) Phase 3: Adjust pointers
[2019-04-15T14:03:09.123+0200][46,818s] GC(70) Phase 3: Adjust pointers 43,471ms
[2019-04-15T14:03:09.123+0200][46,818s] GC(70) Phase 4: Move objects
[2019-04-15T14:03:09.123+0200][46,818s] GC(70) Phase 4: Move objects 0,600ms
[2019-04-15T14:03:09.124+0200][46,819s] GC(70) ParNew: 109246K->109206K(109248K)
[2019-04-15T14:03:09.124+0200][46,819s] GC(70) CMS: 393215K->393215K(393216K)
[2019-04-15T14:03:09.124+0200][46,819s] GC(70) Metaspace: 66256K->66256K(1110016K)
[2019-04-15T14:03:09.124+0200][46,819s] GC(70) Pause Full (Allocation Failure) 490M->490M(490M) 166,980ms
[2019-04-15T14:03:09.124+0200][46,819s] GC(70) User=0,23s Sys=0,00s Real=0,16s
[2019-04-15T14:03:09.124+0200][46,819s] GC(71) Pause Full (Allocation Failure)
[2019-04-15T14:03:09.125+0200][46,819s] GC(71) Phase 1: Mark live objects
[2019-04-15T14:03:09.180+0200][46,875s] GC(71) Phase 1: Mark live objects 55,253ms
[2019-04-15T14:03:09.180+0200][46,875s] GC(71) Phase 2: Compute new object addresses
[2019-04-15T14:03:09.209+0200][46,904s] GC(71) Phase 2: Compute new object addresses 29,567ms
[2019-04-15T14:03:09.209+0200][46,904s] GC(71) Phase 3: Adjust pointers
[2019-04-15T14:03:09.254+0200][46,949s] GC(71) Phase 3: Adjust pointers 44,932ms
[2019-04-15T14:03:09.254+0200][46,949s] GC(71) Phase 4: Move objects
[2019-04-15T14:03:09.340+0200][47,035s] GC(71) Phase 4: Move objects 85,487ms
[2019-04-15T14:03:09.341+0200][47,036s] GC(71) ParNew: 109247K->108793K(109248K)
[2019-04-15T14:03:09.341+0200][47,036s] GC(71) CMS: 393215K->393213K(393216K)
[2019-04-15T14:03:09.341+0200][47,036s] GC(71) Metaspace: 66256K->66256K(1110016K)
[2019-04-15T14:03:09.341+0200][47,036s] GC(71) Pause Full (Allocation Failure) 490M->490M(490M) 216,588ms
[2019-04-15T14:03:09.341+0200][47,036s] GC(71) User=0,22s Sys=0,00s Real=0,22s
[2019-04-15T14:03:09.342+0200][47,037s] GC(72) Pause Full (Allocation Failure)
[2019-04-15T14:03:09.342+0200][47,037s] GC(72) Phase 1: Mark live objects
[2019-04-15T14:03:09.396+0200][47,090s] GC(72) Phase 1: Mark live objects 53,325ms
[2019-04-15T14:03:09.396+0200][47,091s] GC(72) Phase 2: Compute new object addresses
[2019-04-15T14:03:09.426+0200][47,121s] GC(72) Phase 2: Compute new object addresses 30,637ms
[2019-04-15T14:03:09.426+0200][47,121s] GC(72) Phase 3: Adjust pointers
[2019-04-15T14:03:09.468+0200][47,163s] GC(72) Phase 3: Adjust pointers 42,095ms
[2019-04-15T14:03:09.468+0200][47,163s] GC(72) Phase 4: Move objects
[2019-04-15T14:03:09.508+0200][47,203s] GC(72) Phase 4: Move objects 39,799ms
[2019-04-15T14:03:09.509+0200][47,204s] GC(72) ParNew: 109246K->109244K(109248K)
[2019-04-15T14:03:09.509+0200][47,204s] GC(72) CMS: 393213K->393212K(393216K)
[2019-04-15T14:03:09.509+0200][47,204s] GC(72) Metaspace: 66132K->66132K(1110016K)
[2019-04-15T14:03:09.509+0200][47,204s] GC(72) Pause Full (Allocation Failure) 490M->490M(490M) 167,164ms
[2019-04-15T14:03:09.509+0200][47,204s] GC(72) User=0,16s Sys=0,01s Real=0,17s
[2019-04-15T14:03:09.509+0200][47,204s] GC(73) Pause Full (Allocation Failure)
[2019-04-15T14:03:09.509+0200][47,204s] GC(73) Phase 1: Mark live objects
[2019-04-15T14:03:09.563+0200][47,258s] GC(73) Phase 1: Mark live objects 53,757ms
[2019-04-15T14:03:09.563+0200][47,258s] GC(73) Phase 2: Compute new object addresses
[2019-04-15T14:03:09.592+0200][47,287s] GC(73) Phase 2: Compute new object addresses 28,948ms
[2019-04-15T14:03:09.592+0200][47,287s] GC(73) Phase 3: Adjust pointers
[2019-04-15T14:03:09.636+0200][47,331s] GC(73) Phase 3: Adjust pointers 44,167ms
[2019-04-15T14:03:09.636+0200][47,331s] GC(73) Phase 4: Move objects
[2019-04-15T14:03:09.723+0200][47,418s] GC(73) Phase 4: Move objects 87,058ms
[2019-04-15T14:03:09.730+0200][47,424s] GC(73) ParNew: 109244K->108713K(109248K)
[2019-04-15T14:03:09.730+0200][47,424s] GC(73) CMS: 393212K->393213K(393216K)
[2019-04-15T14:03:09.730+0200][47,425s] GC(73) Metaspace: 66132K->66132K(1110016K)
[2019-04-15T14:03:09.730+0200][47,425s] GC(73) Pause Full (Allocation Failure) 490M->490M(490M) 220,666ms
[2019-04-15T14:03:09.730+0200][47,425s] GC(73) User=0,22s Sys=0,00s Real=0,22s
[2019-04-15T14:03:09.730+0200][47,425s] GC(74) Pause Initial Mark
[2019-04-15T14:03:09.733+0200][47,427s] GC(74) Pause Initial Mark 490M->490M(490M) 2,712ms
[2019-04-15T14:03:09.733+0200][47,428s] GC(74) User=0,00s Sys=0,00s Real=0,00s
[2019-04-15T14:03:09.733+0200][47,428s] GC(74) Concurrent Mark
[2019-04-15T14:03:09.733+0200][47,428s] GC(74) Using 4 workers of 4 for marking
[2019-04-15T14:03:09.742+0200][47,436s] GC(75) Pause Full (Allocation Failure)
[2019-04-15T14:03:09.767+0200][47,462s] GC(74) Concurrent Mark 34,580ms
[2019-04-15T14:03:09.767+0200][47,462s] GC(74) User=0,11s Sys=0,00s Real=0,04s
[2019-04-15T14:03:09.768+0200][47,462s] GC(75) Phase 1: Mark live objects
[2019-04-15T14:03:09.823+0200][47,518s] GC(75) Phase 1: Mark live objects 55,857ms
[2019-04-15T14:03:09.823+0200][47,518s] GC(75) Phase 2: Compute new object addresses
[2019-04-15T14:03:09.854+0200][47,549s] GC(75) Phase 2: Compute new object addresses 30,418ms
[2019-04-15T14:03:09.854+0200][47,549s] GC(75) Phase 3: Adjust pointers
[2019-04-15T14:03:09.897+0200][47,592s] GC(75) Phase 3: Adjust pointers 43,377ms
[2019-04-15T14:03:09.897+0200][47,592s] GC(75) Phase 4: Move objects
[2019-04-15T14:03:09.961+0200][47,656s] GC(75) Phase 4: Move objects 63,832ms
[2019-04-15T14:03:09.962+0200][47,657s] GC(75) ParNew: 109244K->109217K(109248K)
[2019-04-15T14:03:09.962+0200][47,657s] GC(75) CMS: 393213K->393213K(393216K)
[2019-04-15T14:03:09.962+0200][47,657s] GC(75) Metaspace: 66040K->66040K(1110016K)
[2019-04-15T14:03:09.962+0200][47,657s] GC(75) Pause Full (Allocation Failure) 490M->490M(490M) 220,264ms
[2019-04-15T14:03:09.962+0200][47,657s] GC(75) User=0,26s Sys=0,00s Real=0,22s
[2019-04-15T14:03:09.962+0200][47,657s] GC(76) Pause Full (Allocation Failure)
[2019-04-15T14:03:09.963+0200][47,657s] GC(76) Phase 1: Mark live objects
[2019-04-15T14:03:10.015+0200][47,710s] GC(76) Phase 1: Mark live objects 52,564ms
[2019-04-15T14:03:10.015+0200][47,710s] GC(76) Phase 2: Compute new object addresses
[2019-04-15T14:03:10.060+0200][47,755s] GC(76) Phase 2: Compute new object addresses 44,863ms
[2019-04-15T14:03:10.060+0200][47,755s] GC(76) Phase 3: Adjust pointers
[2019-04-15T14:03:10.106+0200][47,801s] GC(76) Phase 3: Adjust pointers 45,551ms
[2019-04-15T14:03:10.106+0200][47,801s] GC(76) Phase 4: Move objects
[2019-04-15T14:03:10.106+0200][47,801s] GC(76) Phase 4: Move objects 0,014ms
[2019-04-15T14:03:10.107+0200][47,801s] GC(76) ParNew: 109245K->109245K(109248K)
[2019-04-15T14:03:10.107+0200][47,801s] GC(76) CMS: 393213K->393213K(393216K)
[2019-04-15T14:03:10.107+0200][47,801s] GC(76) Metaspace: 66040K->66040K(1110016K)
[2019-04-15T14:03:10.107+0200][47,801s] GC(76) Pause Full (Allocation Failure) 490M->490M(490M) 144,421ms
[2019-04-15T14:03:10.107+0200][47,801s] GC(76) User=0,15s Sys=0,00s Real=0,15s
[2019-04-15T14:03:10.107+0200][47,802s] GC(77) Pause Full (Allocation Failure)
[2019-04-15T14:03:10.107+0200][47,802s] GC(77) Phase 1: Mark live objects
[2019-04-15T14:03:10.160+0200][47,855s] GC(77) Phase 1: Mark live objects 53,005ms
[2019-04-15T14:03:10.160+0200][47,855s] GC(77) Phase 2: Compute new object addresses
[2019-04-15T14:03:10.192+0200][47,887s] GC(77) Phase 2: Compute new object addresses 31,933ms
[2019-04-15T14:03:10.192+0200][47,887s] GC(77) Phase 3: Adjust pointers
[2019-04-15T14:03:10.241+0200][47,936s] GC(77) Phase 3: Adjust pointers 48,875ms
[2019-04-15T14:03:10.241+0200][47,936s] GC(77) Phase 4: Move objects
[2019-04-15T14:03:10.241+0200][47,936s] GC(77) Phase 4: Move objects 0,016ms
[2019-04-15T14:03:10.242+0200][47,937s] GC(77) ParNew: 109245K->109245K(109248K)
[2019-04-15T14:03:10.242+0200][47,937s] GC(77) CMS: 393213K->393213K(393216K)
[2019-04-15T14:03:10.242+0200][47,937s] GC(77) Metaspace: 66040K->66040K(1110016K)
[2019-04-15T14:03:10.242+0200][47,937s] GC(77) Pause Full (Allocation Failure) 490M->490M(490M) 135,750ms
[2019-04-15T14:03:10.242+0200][47,937s] GC(77) User=0,13s Sys=0,00s Real=0,13s
