[2019-04-15T14:00:54.818+0200][0.005s] Using Concurrent Mark Sweep
[2019-04-15T14:00:54.818+0200][0.005s] Heap address: 0x00000000e0000000, size: 512 MB, Compressed Oops mode: 32-bit
[2019-04-15T14:00:56.644+0200][1,830s] GC(0) Pause Young (Allocation Failure)
[2019-04-15T14:00:56.644+0200][1,830s] GC(0) Using 4 workers of 4 for evacuation
[2019-04-15T14:00:56.669+0200][1,856s] GC(0) ParNew: 87424K->11023K(109248K)
[2019-04-15T14:00:56.669+0200][1,856s] GC(0) CMS: 0K->0K(393216K)
[2019-04-15T14:00:56.669+0200][1,856s] GC(0) Metaspace: 23519K->23519K(1071104K)
[2019-04-15T14:00:56.669+0200][1,856s] GC(0) Pause Young (Allocation Failure) 85M->10M(490M) 25,522ms
[2019-04-15T14:00:56.669+0200][1,856s] GC(0) User=0,07s Sys=0,00s Real=0,03s
[2019-04-15T14:00:56.671+0200][1,857s] GC(1) Pause Initial Mark
[2019-04-15T14:00:56.674+0200][1,861s] GC(1) Pause Initial Mark 12M->12M(490M) 3,499ms
[2019-04-15T14:00:56.674+0200][1,861s] GC(1) User=0,00s Sys=0,00s Real=0,01s
[2019-04-15T14:00:56.674+0200][1,861s] GC(1) Concurrent Mark
[2019-04-15T14:00:56.674+0200][1,861s] GC(1) Using 4 workers of 4 for marking
[2019-04-15T14:00:56.677+0200][1,864s] GC(1) Concurrent Mark 2,771ms
[2019-04-15T14:00:56.677+0200][1,864s] GC(1) User=0,01s Sys=0,00s Real=0,00s
[2019-04-15T14:00:56.677+0200][1,864s] GC(1) Concurrent Preclean
[2019-04-15T14:00:56.678+0200][1,864s] GC(1) Concurrent Preclean 0,633ms
[2019-04-15T14:00:56.678+0200][1,864s] GC(1) User=0,00s Sys=0,00s Real=0,00s
[2019-04-15T14:00:56.678+0200][1,864s] GC(1) Concurrent Abortable Preclean
[2019-04-15T14:00:57.525+0200][2,712s] GC(1) Concurrent Abortable Preclean 847,195ms
[2019-04-15T14:00:57.525+0200][2,712s] GC(1) User=2,11s Sys=0,03s Real=0,85s
[2019-04-15T14:00:57.528+0200][2,714s] GC(1) Pause Remark
[2019-04-15T14:00:57.528+0200][2,714s] GC(2) Pause Young (CMS Final Remark)
[2019-04-15T14:00:57.528+0200][2,714s] GC(2) Using 4 workers of 4 for evacuation
[2019-04-15T14:00:57.549+0200][2,735s] GC(2) ParNew: 57343K->12854K(109248K)
[2019-04-15T14:00:57.549+0200][2,735s] GC(2) CMS: 0K->0K(393216K)
[2019-04-15T14:00:57.549+0200][2,735s] GC(2) Metaspace: 28065K->28065K(1075200K)
[2019-04-15T14:00:57.549+0200][2,736s] GC(2) Pause Young (CMS Final Remark) 55M->12M(490M) 21,157ms
[2019-04-15T14:00:57.549+0200][2,736s] GC(2) User=0,04s Sys=0,00s Real=0,02s
[2019-04-15T14:00:57.580+0200][2,766s] GC(1) Pause Remark 55M->12M(490M) 51,906ms
[2019-04-15T14:00:57.580+0200][2,766s] GC(1) User=0,10s Sys=0,00s Real=0,05s
[2019-04-15T14:00:57.585+0200][2,771s] GC(1) Concurrent Sweep
[2019-04-15T14:00:57.585+0200][2,772s] GC(1) Concurrent Sweep 0,050ms
[2019-04-15T14:00:57.585+0200][2,772s] GC(1) User=0,00s Sys=0,00s Real=0,00s
[2019-04-15T14:00:57.585+0200][2,772s] GC(1) Concurrent Reset
[2019-04-15T14:00:57.588+0200][2,774s] GC(1) Concurrent Reset 2,690ms
[2019-04-15T14:00:57.588+0200][2,774s] GC(1) User=0,00s Sys=0,00s Real=0,00s
[2019-04-15T14:00:57.588+0200][2,774s] GC(1) Old: 0K->0K(393216K)
[2019-04-15T14:00:58.070+0200][3,257s] GC(3) Pause Young (Allocation Failure)
[2019-04-15T14:00:58.070+0200][3,257s] GC(3) Using 4 workers of 4 for evacuation
[2019-04-15T14:00:58.090+0200][3,276s] GC(3) ParNew: 100278K->21824K(109248K)
[2019-04-15T14:00:58.090+0200][3,276s] GC(3) CMS: 0K->11410K(393216K)
[2019-04-15T14:00:58.090+0200][3,276s] GC(3) Metaspace: 32198K->32198K(1079296K)
[2019-04-15T14:00:58.090+0200][3,276s] GC(3) Pause Young (Allocation Failure) 97M->32M(490M) 19,374ms
[2019-04-15T14:00:58.090+0200][3,276s] GC(3) User=0,04s Sys=0,01s Real=0,02s
[2019-04-15T14:01:15.346+0200][20,532s] GC(4) Pause Young (Allocation Failure)
[2019-04-15T14:01:15.346+0200][20,532s] GC(4) Using 4 workers of 4 for evacuation
[2019-04-15T14:01:15.427+0200][20,614s] GC(4) ParNew: 109248K->21824K(109248K)
[2019-04-15T14:01:15.427+0200][20,614s] GC(4) CMS: 11410K->34676K(393216K)
[2019-04-15T14:01:15.427+0200][20,614s] GC(4) Metaspace: 36500K->36500K(1083392K)
[2019-04-15T14:01:15.427+0200][20,614s] GC(4) Pause Young (Allocation Failure) 117M->55M(490M) 81,536ms
[2019-04-15T14:01:15.427+0200][20,614s] GC(4) User=0,16s Sys=0,02s Real=0,08s
[2019-04-15T14:01:16.287+0200][21,473s] GC(5) Pause Young (Allocation Failure)
[2019-04-15T14:01:16.287+0200][21,473s] GC(5) Using 4 workers of 4 for evacuation
[2019-04-15T14:01:16.346+0200][21,532s] GC(5) ParNew: 109248K->21823K(109248K)
[2019-04-15T14:01:16.346+0200][21,532s] GC(5) CMS: 34676K->35057K(393216K)
[2019-04-15T14:01:16.346+0200][21,532s] GC(5) Metaspace: 40556K->40556K(1087488K)
[2019-04-15T14:01:16.346+0200][21,532s] GC(5) Pause Young (Allocation Failure) 140M->55M(490M) 59,120ms
[2019-04-15T14:01:16.346+0200][21,533s] GC(5) User=0,12s Sys=0,00s Real=0,06s
[2019-04-15T14:01:16.576+0200][21,763s] GC(6) Pause Young (Allocation Failure)
[2019-04-15T14:01:16.576+0200][21,763s] GC(6) Using 4 workers of 4 for evacuation
[2019-04-15T14:01:16.595+0200][21,781s] GC(6) ParNew: 109247K->21824K(109248K)
[2019-04-15T14:01:16.595+0200][21,781s] GC(6) CMS: 35057K->36144K(393216K)
[2019-04-15T14:01:16.595+0200][21,781s] GC(6) Metaspace: 41742K->41742K(1087488K)
[2019-04-15T14:01:16.595+0200][21,781s] GC(6) Pause Young (Allocation Failure) 140M->56M(490M) 18,760ms
[2019-04-15T14:01:16.595+0200][21,781s] GC(6) User=0,05s Sys=0,00s Real=0,02s
[2019-04-15T14:01:17.093+0200][22,279s] GC(7) Pause Young (Allocation Failure)
[2019-04-15T14:01:17.093+0200][22,279s] GC(7) Using 4 workers of 4 for evacuation
[2019-04-15T14:01:17.116+0200][22,303s] GC(7) ParNew: 109248K->21824K(109248K)
[2019-04-15T14:01:17.116+0200][22,303s] GC(7) CMS: 36144K->37303K(393216K)
[2019-04-15T14:01:17.116+0200][22,303s] GC(7) Metaspace: 43610K->43610K(1089536K)
[2019-04-15T14:01:17.116+0200][22,303s] GC(7) Pause Young (Allocation Failure) 141M->57M(490M) 23,625ms
[2019-04-15T14:01:17.116+0200][22,303s] GC(7) User=0,06s Sys=0,00s Real=0,03s
[2019-04-15T14:01:17.394+0200][22,581s] GC(8) Pause Young (Allocation Failure)
[2019-04-15T14:01:17.394+0200][22,581s] GC(8) Using 4 workers of 4 for evacuation
[2019-04-15T14:01:17.422+0200][22,608s] GC(8) ParNew: 109248K->21824K(109248K)
[2019-04-15T14:01:17.422+0200][22,608s] GC(8) CMS: 37303K->40901K(393216K)
[2019-04-15T14:01:17.422+0200][22,608s] GC(8) Metaspace: 43800K->43800K(1089536K)
[2019-04-15T14:01:17.422+0200][22,608s] GC(8) Pause Young (Allocation Failure) 143M->61M(490M) 27,429ms
[2019-04-15T14:01:17.422+0200][22,608s] GC(8) User=0,07s Sys=0,00s Real=0,02s
[2019-04-15T14:01:17.510+0200][22,697s] GC(9) Pause Young (Allocation Failure)
[2019-04-15T14:01:17.511+0200][22,697s] GC(9) Using 4 workers of 4 for evacuation
[2019-04-15T14:01:17.536+0200][22,722s] GC(9) ParNew: 109248K->21824K(109248K)
[2019-04-15T14:01:17.536+0200][22,722s] GC(9) CMS: 40901K->41820K(393216K)
[2019-04-15T14:01:17.536+0200][22,722s] GC(9) Metaspace: 43829K->43829K(1089536K)
[2019-04-15T14:01:17.536+0200][22,722s] GC(9) Pause Young (Allocation Failure) 146M->62M(490M) 25,374ms
[2019-04-15T14:01:17.536+0200][22,722s] GC(9) User=0,06s Sys=0,00s Real=0,03s
[2019-04-15T14:01:18.308+0200][23,494s] GC(10) Pause Young (Allocation Failure)
[2019-04-15T14:01:18.308+0200][23,494s] GC(10) Using 4 workers of 4 for evacuation
[2019-04-15T14:01:18.345+0200][23,532s] GC(10) ParNew: 109248K->21824K(109248K)
[2019-04-15T14:01:18.345+0200][23,532s] GC(10) CMS: 41820K->44420K(393216K)
[2019-04-15T14:01:18.345+0200][23,532s] GC(10) Metaspace: 46937K->46937K(1091584K)
[2019-04-15T14:01:18.345+0200][23,532s] GC(10) Pause Young (Allocation Failure) 147M->64M(490M) 37,546ms
[2019-04-15T14:01:18.345+0200][23,532s] GC(10) User=0,11s Sys=0,00s Real=0,04s
[2019-04-15T14:01:18.892+0200][24,078s] GC(11) Pause Young (Allocation Failure)
[2019-04-15T14:01:18.892+0200][24,078s] GC(11) Using 4 workers of 4 for evacuation
[2019-04-15T14:01:18.944+0200][24,130s] GC(11) ParNew: 109248K->21824K(109248K)
[2019-04-15T14:01:18.944+0200][24,130s] GC(11) CMS: 44420K->55087K(393216K)
[2019-04-15T14:01:18.944+0200][24,130s] GC(11) Metaspace: 50543K->50543K(1095680K)
[2019-04-15T14:01:18.944+0200][24,130s] GC(11) Pause Young (Allocation Failure) 150M->75M(490M) 52,024ms
[2019-04-15T14:01:18.944+0200][24,130s] GC(11) User=0,12s Sys=0,02s Real=0,05s
[2019-04-15T14:01:18.944+0200][24,130s] GC(12) Pause Initial Mark
[2019-04-15T14:01:18.953+0200][24,140s] GC(12) Pause Initial Mark 76M->76M(490M) 9,468ms
[2019-04-15T14:01:18.953+0200][24,140s] GC(12) User=0,01s Sys=0,00s Real=0,02s
[2019-04-15T14:01:18.953+0200][24,140s] GC(12) Concurrent Mark
[2019-04-15T14:01:18.953+0200][24,140s] GC(12) Using 4 workers of 4 for marking
[2019-04-15T14:01:19.003+0200][24,189s] GC(12) Concurrent Mark 49,239ms
[2019-04-15T14:01:19.003+0200][24,189s] GC(12) User=0,13s Sys=0,00s Real=0,04s
[2019-04-15T14:01:19.003+0200][24,189s] GC(12) Concurrent Preclean
[2019-04-15T14:01:19.004+0200][24,191s] GC(12) Concurrent Preclean 1,306ms
[2019-04-15T14:01:19.004+0200][24,191s] GC(12) User=0,01s Sys=0,00s Real=0,00s
[2019-04-15T14:01:19.004+0200][24,191s] GC(12) Pause Remark
[2019-04-15T14:01:19.051+0200][24,237s] GC(12) Pause Remark 76M->76M(490M) 46,461ms
[2019-04-15T14:01:19.051+0200][24,237s] GC(12) User=0,10s Sys=0,00s Real=0,05s
[2019-04-15T14:01:19.051+0200][24,237s] GC(12) Concurrent Sweep
[2019-04-15T14:01:19.057+0200][24,244s] GC(13) Pause Young (GCLocker Initiated GC)
[2019-04-15T14:01:19.057+0200][24,244s] GC(13) Using 4 workers of 4 for evacuation
[2019-04-15T14:01:19.107+0200][24,293s] GC(13) ParNew: 23567K->21824K(109248K)
[2019-04-15T14:01:19.107+0200][24,293s] GC(13) CMS: 55004K->62655K(393216K)
[2019-04-15T14:01:19.107+0200][24,293s] GC(13) Metaspace: 50662K->50662K(1095680K)
[2019-04-15T14:01:19.107+0200][24,293s] GC(13) Pause Young (GCLocker Initiated GC) 76M->82M(490M) 49,768ms
[2019-04-15T14:01:19.107+0200][24,293s] GC(13) User=0,11s Sys=0,00s Real=0,05s
[2019-04-15T14:01:19.128+0200][24,315s] GC(12) Concurrent Sweep 77,282ms
[2019-04-15T14:01:19.128+0200][24,315s] GC(12) User=0,17s Sys=0,00s Real=0,08s
[2019-04-15T14:01:19.128+0200][24,315s] GC(12) Concurrent Reset
[2019-04-15T14:01:19.129+0200][24,315s] GC(12) Concurrent Reset 0,433ms
[2019-04-15T14:01:19.129+0200][24,315s] GC(12) User=0,00s Sys=0,00s Real=0,00s
[2019-04-15T14:01:19.129+0200][24,315s] GC(12) Old: 55087K->62243K(393216K)
[2019-04-15T14:01:20.825+0200][26,012s] GC(14) Pause Young (Allocation Failure)
[2019-04-15T14:01:20.825+0200][26,012s] GC(14) Using 4 workers of 4 for evacuation
[2019-04-15T14:01:20.893+0200][26,080s] GC(14) ParNew: 109248K->21522K(109248K)
[2019-04-15T14:01:20.893+0200][26,080s] GC(14) CMS: 62243K->62243K(393216K)
[2019-04-15T14:01:20.893+0200][26,080s] GC(14) Metaspace: 53861K->53861K(1099776K)
[2019-04-15T14:01:20.893+0200][26,080s] GC(14) Pause Young (Allocation Failure) 167M->81M(490M) 67,829ms
[2019-04-15T14:01:20.893+0200][26,080s] GC(14) User=0,09s Sys=0,00s Real=0,07s
[2019-04-15T14:01:22.121+0200][27,308s] GC(15) Pause Young (Allocation Failure)
[2019-04-15T14:01:22.121+0200][27,308s] GC(15) Using 4 workers of 4 for evacuation
[2019-04-15T14:01:22.180+0200][27,367s] GC(15) ParNew: 108946K->21824K(109248K)
[2019-04-15T14:01:22.180+0200][27,367s] GC(15) CMS: 62243K->96035K(393216K)
[2019-04-15T14:01:22.180+0200][27,367s] GC(15) Metaspace: 57848K->57848K(1101824K)
[2019-04-15T14:01:22.180+0200][27,367s] GC(15) Pause Young (Allocation Failure) 167M->115M(490M) 58,741ms
[2019-04-15T14:01:22.180+0200][27,367s] GC(15) User=0,10s Sys=0,01s Real=0,06s
[2019-04-15T14:01:23.060+0200][28,247s] GC(16) Pause Young (Allocation Failure)
[2019-04-15T14:01:23.060+0200][28,247s] GC(16) Using 4 workers of 4 for evacuation
[2019-04-15T14:01:23.256+0200][28,442s] GC(16) ParNew: 109248K->21824K(109248K)
[2019-04-15T14:01:23.256+0200][28,442s] GC(16) CMS: 96035K->162267K(393216K)
[2019-04-15T14:01:23.256+0200][28,442s] GC(16) Metaspace: 58764K->58764K(1103872K)
[2019-04-15T14:01:23.256+0200][28,442s] GC(16) Pause Young (Allocation Failure) 200M->179M(490M) 195,917ms
[2019-04-15T14:01:23.256+0200][28,442s] GC(16) User=0,27s Sys=0,04s Real=0,20s
[2019-04-15T14:01:25.472+0200][30,659s] GC(17) Pause Young (Allocation Failure)
[2019-04-15T14:01:25.472+0200][30,659s] GC(17) Using 4 workers of 4 for evacuation
[2019-04-15T14:01:25.539+0200][30,726s] GC(17) ParNew: 109248K->21824K(109248K)
[2019-04-15T14:01:25.539+0200][30,726s] GC(17) CMS: 162267K->173565K(393216K)
[2019-04-15T14:01:25.539+0200][30,726s] GC(17) Metaspace: 60634K->60634K(1105920K)
[2019-04-15T14:01:25.539+0200][30,726s] GC(17) Pause Young (Allocation Failure) 265M->190M(490M) 66,918ms
[2019-04-15T14:01:25.539+0200][30,726s] GC(17) User=0,11s Sys=0,01s Real=0,07s
[2019-04-15T14:01:27.061+0200][32,247s] GC(18) Pause Young (Allocation Failure)
[2019-04-15T14:01:27.061+0200][32,247s] GC(18) Using 4 workers of 4 for evacuation
[2019-04-15T14:01:27.131+0200][32,318s] GC(18) ParNew: 109248K->21824K(109248K)
[2019-04-15T14:01:27.131+0200][32,318s] GC(18) CMS: 173565K->194378K(393216K)
[2019-04-15T14:01:27.131+0200][32,318s] GC(18) Metaspace: 61311K->61311K(1105920K)
[2019-04-15T14:01:27.131+0200][32,318s] GC(18) Pause Young (Allocation Failure) 276M->211M(490M) 70,461ms
[2019-04-15T14:01:27.131+0200][32,318s] GC(18) User=0,15s Sys=0,00s Real=0,07s
[2019-04-15T14:01:27.895+0200][33,081s] GC(19) Pause Young (Allocation Failure)
[2019-04-15T14:01:27.895+0200][33,081s] GC(19) Using 4 workers of 4 for evacuation
[2019-04-15T14:01:27.954+0200][33,141s] GC(19) ParNew: 109248K->21824K(109248K)
[2019-04-15T14:01:27.954+0200][33,141s] GC(19) CMS: 194378K->205734K(393216K)
[2019-04-15T14:01:27.954+0200][33,141s] GC(19) Metaspace: 61911K->61911K(1105920K)
[2019-04-15T14:01:27.954+0200][33,141s] GC(19) Pause Young (Allocation Failure) 296M->222M(490M) 59,780ms
[2019-04-15T14:01:27.954+0200][33,141s] GC(19) User=0,09s Sys=0,00s Real=0,06s
[2019-04-15T14:01:27.961+0200][33,148s] GC(20) Pause Initial Mark
[2019-04-15T14:01:27.975+0200][33,162s] GC(20) Pause Initial Mark 228M->228M(490M) 13,730ms
[2019-04-15T14:01:27.975+0200][33,162s] GC(20) User=0,02s Sys=0,00s Real=0,02s
[2019-04-15T14:01:27.975+0200][33,162s] GC(20) Concurrent Mark
[2019-04-15T14:01:27.975+0200][33,162s] GC(20) Using 4 workers of 4 for marking
[2019-04-15T14:01:28.064+0200][33,250s] GC(20) Concurrent Mark 88,318ms
[2019-04-15T14:01:28.064+0200][33,250s] GC(20) User=0,24s Sys=0,00s Real=0,08s
[2019-04-15T14:01:28.064+0200][33,250s] GC(20) Concurrent Preclean
[2019-04-15T14:01:28.065+0200][33,252s] GC(20) Concurrent Preclean 1,587ms
[2019-04-15T14:01:28.065+0200][33,252s] GC(20) User=0,01s Sys=0,00s Real=0,01s
[2019-04-15T14:01:28.065+0200][33,252s] GC(20) Concurrent Abortable Preclean
[2019-04-15T14:01:29.241+0200][34,428s] GC(21) Pause Young (Allocation Failure)
[2019-04-15T14:01:29.241+0200][34,428s] GC(21) Using 4 workers of 4 for evacuation
[2019-04-15T14:01:29.305+0200][34,491s] GC(21) ParNew: 109248K->21824K(109248K)
[2019-04-15T14:01:29.305+0200][34,491s] GC(21) CMS: 205734K->260729K(393216K)
[2019-04-15T14:01:29.305+0200][34,491s] GC(21) Metaspace: 61990K->61990K(1105920K)
[2019-04-15T14:01:29.305+0200][34,491s] GC(21) Pause Young (Allocation Failure) 307M->275M(490M) 63,868ms
[2019-04-15T14:01:29.305+0200][34,492s] GC(21) User=0,09s Sys=0,02s Real=0,07s
[2019-04-15T14:01:29.871+0200][35,058s] GC(22) Pause Young (Allocation Failure)
[2019-04-15T14:01:29.871+0200][35,058s] GC(22) Using 4 workers of 4 for evacuation
[2019-04-15T14:01:29.911+0200][35,097s] GC(20) Concurrent Abortable Preclean 1845,118ms
[2019-04-15T14:01:29.911+0200][35,097s] GC(20) User=3,02s Sys=0,47s Real=1,84s
[2019-04-15T14:01:29.929+0200][35,116s] GC(22) ParNew: 109248K->21824K(109248K)
[2019-04-15T14:01:29.929+0200][35,116s] GC(22) CMS: 260729K->306331K(393216K)
[2019-04-15T14:01:29.929+0200][35,116s] GC(22) Metaspace: 62064K->62064K(1105920K)
[2019-04-15T14:01:29.929+0200][35,116s] GC(22) Pause Young (Allocation Failure) 361M->320M(490M) 57,681ms
[2019-04-15T14:01:29.929+0200][35,116s] GC(22) User=0,08s Sys=0,02s Real=0,06s
[2019-04-15T14:01:29.929+0200][35,116s] GC(20) Pause Remark
[2019-04-15T14:01:29.929+0200][35,116s] GC(23) Pause Young (CMS Final Remark)
[2019-04-15T14:01:29.929+0200][35,116s] GC(23) Using 4 workers of 4 for evacuation
[2019-04-15T14:01:29.953+0200][35,139s] GC(23) ParNew: 22545K->21824K(109248K)
[2019-04-15T14:01:29.953+0200][35,139s] GC(23) CMS: 306331K->313810K(393216K)
[2019-04-15T14:01:29.953+0200][35,139s] GC(23) Metaspace: 62064K->62064K(1105920K)
[2019-04-15T14:01:29.953+0200][35,139s] GC(23) Pause Young (CMS Final Remark) 321M->327M(490M) 23,301ms
[2019-04-15T14:01:29.953+0200][35,139s] GC(23) User=0,04s Sys=0,00s Real=0,02s
[2019-04-15T14:01:29.997+0200][35,183s] GC(20) Pause Remark 321M->327M(490M) 67,273ms
[2019-04-15T14:01:29.997+0200][35,183s] GC(20) User=0,10s Sys=0,00s Real=0,07s
[2019-04-15T14:01:29.997+0200][35,183s] GC(20) Concurrent Sweep
[2019-04-15T14:01:30.075+0200][35,262s] GC(20) Concurrent Sweep 78,317ms
[2019-04-15T14:01:30.075+0200][35,262s] GC(20) User=0,18s Sys=0,00s Real=0,08s
[2019-04-15T14:01:30.075+0200][35,262s] GC(20) Concurrent Reset
[2019-04-15T14:01:30.076+0200][35,262s] GC(20) Concurrent Reset 0,576ms
[2019-04-15T14:01:30.076+0200][35,262s] GC(20) User=0,01s Sys=0,00s Real=0,00s
[2019-04-15T14:01:30.076+0200][35,262s] GC(20) Old: 205734K->244707K(393216K)
[2019-04-15T14:01:30.485+0200][35,671s] GC(24) Pause Young (Allocation Failure)
[2019-04-15T14:01:30.485+0200][35,671s] GC(24) Using 4 workers of 4 for evacuation
[2019-04-15T14:01:30.512+0200][35,698s] GC(24) ParNew: 109248K->21824K(109248K)
[2019-04-15T14:01:30.512+0200][35,699s] GC(24) CMS: 244707K->279755K(393216K)
[2019-04-15T14:01:30.512+0200][35,699s] GC(24) Metaspace: 62102K->62102K(1105920K)
[2019-04-15T14:01:30.512+0200][35,699s] GC(24) Pause Young (Allocation Failure) 345M->294M(490M) 27,418ms
[2019-04-15T14:01:30.512+0200][35,699s] GC(24) User=0,07s Sys=0,00s Real=0,03s
[2019-04-15T14:01:30.512+0200][35,699s] GC(25) Pause Initial Mark
[2019-04-15T14:01:30.513+0200][35,700s] GC(25) Pause Initial Mark 295M->295M(490M) 0,801ms
[2019-04-15T14:01:30.513+0200][35,700s] GC(25) User=0,00s Sys=0,00s Real=0,01s
[2019-04-15T14:01:30.513+0200][35,700s] GC(25) Concurrent Mark
[2019-04-15T14:01:30.513+0200][35,700s] GC(25) Using 4 workers of 4 for marking
[2019-04-15T14:01:30.594+0200][35,781s] GC(25) Concurrent Mark 80,923ms
[2019-04-15T14:01:30.594+0200][35,781s] GC(25) User=0,22s Sys=0,00s Real=0,08s
[2019-04-15T14:01:30.594+0200][35,781s] GC(25) Concurrent Preclean
[2019-04-15T14:01:30.595+0200][35,782s] GC(25) Concurrent Preclean 1,001ms
[2019-04-15T14:01:30.595+0200][35,782s] GC(25) User=0,00s Sys=0,00s Real=0,00s
[2019-04-15T14:01:30.595+0200][35,782s] GC(25) Concurrent Abortable Preclean
[2019-04-15T14:01:31.108+0200][36,295s] GC(26) Pause Young (Allocation Failure)
[2019-04-15T14:01:31.108+0200][36,295s] GC(26) Using 4 workers of 4 for evacuation
[2019-04-15T14:01:31.136+0200][36,322s] GC(25) Concurrent Abortable Preclean 540,773ms
[2019-04-15T14:01:31.136+0200][36,322s] GC(25) User=0,58s Sys=0,17s Real=0,54s
[2019-04-15T14:01:31.160+0200][36,347s] GC(26) ParNew: 109248K->21824K(109248K)
[2019-04-15T14:01:31.160+0200][36,347s] GC(26) CMS: 279755K->339029K(393216K)
[2019-04-15T14:01:31.160+0200][36,347s] GC(26) Metaspace: 62147K->62147K(1105920K)
[2019-04-15T14:01:31.160+0200][36,347s] GC(26) Pause Young (Allocation Failure) 379M->352M(490M) 51,879ms
[2019-04-15T14:01:31.160+0200][36,347s] GC(26) User=0,06s Sys=0,01s Real=0,05s
[2019-04-15T14:01:31.160+0200][36,347s] GC(25) Pause Remark
[2019-04-15T14:01:31.161+0200][36,347s] GC(27) Pause Young (CMS Final Remark)
[2019-04-15T14:01:31.161+0200][36,347s] GC(27) Using 4 workers of 4 for evacuation
[2019-04-15T14:01:31.186+0200][36,372s] GC(27) ParNew: 22662K->21003K(109248K)
[2019-04-15T14:01:31.186+0200][36,372s] GC(27) CMS: 339029K->360830K(393216K)
[2019-04-15T14:01:31.186+0200][36,372s] GC(27) Metaspace: 62147K->62147K(1105920K)
[2019-04-15T14:01:31.186+0200][36,373s] GC(27) Pause Young (CMS Final Remark) 353M->372M(490M) 25,442ms
[2019-04-15T14:01:31.186+0200][36,373s] GC(27) User=0,02s Sys=0,01s Real=0,03s
[2019-04-15T14:01:31.213+0200][36,400s] GC(25) Pause Remark 353M->372M(490M) 52,632ms
[2019-04-15T14:01:31.213+0200][36,400s] GC(25) User=0,07s Sys=0,01s Real=0,06s
[2019-04-15T14:01:31.213+0200][36,400s] GC(25) Concurrent Sweep
[2019-04-15T14:01:31.264+0200][36,450s] GC(25) Concurrent Sweep 50,626ms
[2019-04-15T14:01:31.264+0200][36,450s] GC(25) User=0,13s Sys=0,00s Real=0,04s
[2019-04-15T14:01:31.264+0200][36,450s] GC(25) Concurrent Reset
[2019-04-15T14:01:31.265+0200][36,451s] GC(25) Concurrent Reset 0,575ms
[2019-04-15T14:01:31.265+0200][36,451s] GC(25) User=0,00s Sys=0,00s Real=0,00s
[2019-04-15T14:01:31.265+0200][36,451s] GC(25) Old: 279755K->228759K(393216K)
[2019-04-15T14:01:31.305+0200][36,491s] GC(28) Pause Young (Allocation Failure)
[2019-04-15T14:01:31.305+0200][36,491s] GC(28) Using 4 workers of 4 for evacuation
[2019-04-15T14:01:31.333+0200][36,520s] GC(28) ParNew: 108427K->21824K(109248K)
[2019-04-15T14:01:31.333+0200][36,520s] GC(28) CMS: 228759K->272833K(393216K)
[2019-04-15T14:01:31.333+0200][36,520s] GC(28) Metaspace: 62147K->62147K(1105920K)
[2019-04-15T14:01:31.333+0200][36,520s] GC(28) Pause Young (Allocation Failure) 329M->287M(490M) 28,758ms
[2019-04-15T14:01:31.333+0200][36,520s] GC(28) User=0,08s Sys=0,00s Real=0,04s
[2019-04-15T14:01:31.338+0200][36,525s] GC(29) Pause Initial Mark
[2019-04-15T14:01:31.341+0200][36,528s] GC(29) Pause Initial Mark 288M->288M(490M) 3,161ms
[2019-04-15T14:01:31.341+0200][36,528s] GC(29) User=0,00s Sys=0,00s Real=0,00s
[2019-04-15T14:01:31.345+0200][36,531s] GC(29) Concurrent Mark
[2019-04-15T14:01:31.345+0200][36,531s] GC(29) Using 4 workers of 4 for marking
[2019-04-15T14:01:31.435+0200][36,621s] GC(29) Concurrent Mark 90,036ms
[2019-04-15T14:01:31.435+0200][36,622s] GC(29) User=0,26s Sys=0,02s Real=0,10s
[2019-04-15T14:01:31.435+0200][36,622s] GC(29) Concurrent Preclean
[2019-04-15T14:01:31.437+0200][36,623s] GC(29) Concurrent Preclean 1,648ms
[2019-04-15T14:01:31.437+0200][36,623s] GC(29) User=0,00s Sys=0,00s Real=0,00s
[2019-04-15T14:01:31.437+0200][36,623s] GC(29) Concurrent Abortable Preclean
[2019-04-15T14:01:31.820+0200][37,007s] GC(30) Pause Young (Allocation Failure)
[2019-04-15T14:01:31.821+0200][37,007s] GC(30) Using 4 workers of 4 for evacuation
[2019-04-15T14:01:31.840+0200][37,027s] GC(30) ParNew: 109248K->21824K(109248K)
[2019-04-15T14:01:31.840+0200][37,027s] GC(30) CMS: 272833K->278610K(393216K)
[2019-04-15T14:01:31.840+0200][37,027s] GC(30) Metaspace: 62282K->62282K(1105920K)
[2019-04-15T14:01:31.840+0200][37,027s] GC(30) Pause Young (Allocation Failure) 373M->293M(490M) 19,726ms
[2019-04-15T14:01:31.840+0200][37,027s] GC(30) User=0,06s Sys=0,00s Real=0,02s
[2019-04-15T14:01:32.442+0200][37,628s] GC(29) Concurrent Abortable Preclean 1005,198ms
[2019-04-15T14:01:32.442+0200][37,629s] GC(29) User=2,13s Sys=0,12s Real=1,00s
[2019-04-15T14:01:32.443+0200][37,630s] GC(29) Pause Remark
[2019-04-15T14:01:32.444+0200][37,630s] GC(31) Pause Young (CMS Final Remark)
[2019-04-15T14:01:32.444+0200][37,630s] GC(31) Using 4 workers of 4 for evacuation
[2019-04-15T14:01:32.472+0200][37,659s] GC(31) ParNew: 72617K->21824K(109248K)
[2019-04-15T14:01:32.472+0200][37,659s] GC(31) CMS: 278610K->286473K(393216K)
[2019-04-15T14:01:32.472+0200][37,659s] GC(31) Metaspace: 62300K->62300K(1105920K)
[2019-04-15T14:01:32.473+0200][37,659s] GC(31) Pause Young (CMS Final Remark) 342M->301M(490M) 29,003ms
[2019-04-15T14:01:32.473+0200][37,659s] GC(31) User=0,07s Sys=0,00s Real=0,03s
[2019-04-15T14:01:32.515+0200][37,702s] GC(29) Pause Remark 342M->301M(490M) 71,927ms
[2019-04-15T14:01:32.515+0200][37,702s] GC(29) User=0,13s Sys=0,00s Real=0,08s
[2019-04-15T14:01:32.515+0200][37,702s] GC(29) Concurrent Sweep
[2019-04-15T14:01:32.652+0200][37,839s] GC(29) Concurrent Sweep 136,455ms
[2019-04-15T14:01:32.652+0200][37,839s] GC(29) User=0,27s Sys=0,00s Real=0,13s
[2019-04-15T14:01:32.652+0200][37,839s] GC(29) Concurrent Reset
[2019-04-15T14:01:32.652+0200][37,839s] GC(29) Concurrent Reset 0,434ms
[2019-04-15T14:01:32.653+0200][37,839s] GC(29) User=0,00s Sys=0,00s Real=0,00s
[2019-04-15T14:01:32.653+0200][37,839s] GC(29) Old: 272833K->195985K(393216K)
[2019-04-15T14:01:33.049+0200][38,235s] GC(32) Pause Young (Allocation Failure)
[2019-04-15T14:01:33.049+0200][38,236s] GC(32) Using 4 workers of 4 for evacuation
[2019-04-15T14:01:33.095+0200][38,281s] GC(32) ParNew: 109248K->21824K(109248K)
[2019-04-15T14:01:33.095+0200][38,281s] GC(32) CMS: 195985K->212799K(393216K)
[2019-04-15T14:01:33.095+0200][38,281s] GC(32) Metaspace: 62306K->62306K(1105920K)
[2019-04-15T14:01:33.095+0200][38,281s] GC(32) Pause Young (Allocation Failure) 298M->229M(490M) 46,111ms
[2019-04-15T14:01:33.095+0200][38,281s] GC(32) User=0,08s Sys=0,01s Real=0,05s
[2019-04-15T14:01:33.095+0200][38,282s] GC(33) Pause Initial Mark
[2019-04-15T14:01:33.103+0200][38,290s] GC(33) Pause Initial Mark 229M->229M(490M) 7,636ms
[2019-04-15T14:01:33.103+0200][38,290s] GC(33) User=0,02s Sys=0,00s Real=0,00s
[2019-04-15T14:01:33.103+0200][38,290s] GC(33) Concurrent Mark
[2019-04-15T14:01:33.103+0200][38,290s] GC(33) Using 4 workers of 4 for marking
[2019-04-15T14:01:33.288+0200][38,475s] GC(33) Concurrent Mark 184,708ms
[2019-04-15T14:01:33.288+0200][38,475s] GC(33) User=0,33s Sys=0,00s Real=0,19s
[2019-04-15T14:01:33.289+0200][38,475s] GC(33) Concurrent Preclean
[2019-04-15T14:01:33.290+0200][38,477s] GC(33) Concurrent Preclean 1,545ms
[2019-04-15T14:01:33.290+0200][38,477s] GC(33) User=0,00s Sys=0,00s Real=0,00s
[2019-04-15T14:01:33.290+0200][38,477s] GC(33) Concurrent Abortable Preclean
[2019-04-15T14:01:33.432+0200][38,619s] GC(34) Pause Young (Allocation Failure)
[2019-04-15T14:01:33.432+0200][38,619s] GC(34) Using 4 workers of 4 for evacuation
[2019-04-15T14:01:33.449+0200][38,635s] GC(34) ParNew: 109248K->21824K(109248K)
[2019-04-15T14:01:33.449+0200][38,635s] GC(34) CMS: 212799K->217827K(393216K)
[2019-04-15T14:01:33.449+0200][38,635s] GC(34) Metaspace: 62307K->62307K(1105920K)
[2019-04-15T14:01:33.449+0200][38,635s] GC(34) Pause Young (Allocation Failure) 314M->234M(490M) 16,933ms
[2019-04-15T14:01:33.449+0200][38,636s] GC(34) User=0,05s Sys=0,01s Real=0,02s
[2019-04-15T14:01:33.542+0200][38,729s] GC(33) Concurrent Abortable Preclean 252,153ms
[2019-04-15T14:01:33.542+0200][38,729s] GC(33) User=0,70s Sys=0,02s Real=0,25s
[2019-04-15T14:01:33.543+0200][38,729s] GC(33) Pause Remark
[2019-04-15T14:01:33.543+0200][38,729s] GC(35) Pause Young (CMS Final Remark)
[2019-04-15T14:01:33.543+0200][38,729s] GC(35) Using 4 workers of 4 for evacuation
[2019-04-15T14:01:33.565+0200][38,751s] GC(35) ParNew: 66255K->21824K(109248K)
[2019-04-15T14:01:33.565+0200][38,751s] GC(35) CMS: 217827K->217849K(393216K)
[2019-04-15T14:01:33.565+0200][38,751s] GC(35) Metaspace: 62311K->62311K(1105920K)
[2019-04-15T14:01:33.565+0200][38,751s] GC(35) Pause Young (CMS Final Remark) 277M->234M(490M) 22,265ms
[2019-04-15T14:01:33.565+0200][38,751s] GC(35) User=0,06s Sys=0,00s Real=0,02s
[2019-04-15T14:01:33.604+0200][38,790s] GC(33) Pause Remark 277M->234M(490M) 61,145ms
[2019-04-15T14:01:33.604+0200][38,790s] GC(33) User=0,11s Sys=0,00s Real=0,06s
[2019-04-15T14:01:33.604+0200][38,790s] GC(33) Concurrent Sweep
[2019-04-15T14:01:33.658+0200][38,845s] GC(33) Concurrent Sweep 54,213ms
[2019-04-15T14:01:33.658+0200][38,845s] GC(33) User=0,14s Sys=0,00s Real=0,06s
[2019-04-15T14:01:33.658+0200][38,845s] GC(33) Concurrent Reset
[2019-04-15T14:01:33.658+0200][38,845s] GC(33) Concurrent Reset 0,396ms
[2019-04-15T14:01:33.658+0200][38,845s] GC(33) User=0,00s Sys=0,00s Real=0,00s
[2019-04-15T14:01:33.658+0200][38,845s] GC(33) Old: 212799K->184268K(393216K)
[2019-04-15T14:01:33.835+0200][39,021s] GC(36) Pause Young (Allocation Failure)
[2019-04-15T14:01:33.835+0200][39,021s] GC(36) Using 4 workers of 4 for evacuation
[2019-04-15T14:01:33.862+0200][39,049s] GC(36) ParNew: 109248K->21492K(109248K)
[2019-04-15T14:01:33.862+0200][39,049s] GC(36) CMS: 184268K->184268K(393216K)
[2019-04-15T14:01:33.862+0200][39,049s] GC(36) Metaspace: 62345K->62345K(1105920K)
[2019-04-15T14:01:33.862+0200][39,049s] GC(36) Pause Young (Allocation Failure) 286M->200M(490M) 27,508ms
[2019-04-15T14:01:33.862+0200][39,049s] GC(36) User=0,05s Sys=0,00s Real=0,02s
[2019-04-15T14:01:34.285+0200][39,472s] GC(37) Pause Young (Allocation Failure)
[2019-04-15T14:01:34.286+0200][39,472s] GC(37) Using 4 workers of 4 for evacuation
[2019-04-15T14:01:34.326+0200][39,512s] GC(37) ParNew: 108916K->20817K(109248K)
[2019-04-15T14:01:34.326+0200][39,512s] GC(37) CMS: 184268K->184268K(393216K)
[2019-04-15T14:01:34.326+0200][39,512s] GC(37) Metaspace: 62345K->62345K(1105920K)
[2019-04-15T14:01:34.326+0200][39,512s] GC(37) Pause Young (Allocation Failure) 286M->200M(490M) 40,105ms
[2019-04-15T14:01:34.326+0200][39,512s] GC(37) User=0,10s Sys=0,00s Real=0,04s
[2019-04-15T14:01:35.181+0200][40,368s] GC(38) Pause Young (Allocation Failure)
[2019-04-15T14:01:35.181+0200][40,368s] GC(38) Using 4 workers of 4 for evacuation
[2019-04-15T14:01:35.238+0200][40,425s] GC(38) ParNew: 108239K->21824K(109248K)
[2019-04-15T14:01:35.238+0200][40,425s] GC(38) CMS: 184268K->234766K(393216K)
[2019-04-15T14:01:35.239+0200][40,425s] GC(38) Metaspace: 62441K->62441K(1105920K)
[2019-04-15T14:01:35.239+0200][40,425s] GC(38) Pause Young (Allocation Failure) 285M->250M(490M) 57,419ms
[2019-04-15T14:01:35.239+0200][40,425s] GC(38) User=0,10s Sys=0,00s Real=0,06s
[2019-04-15T14:01:35.245+0200][40,431s] GC(39) Pause Initial Mark
[2019-04-15T14:01:35.249+0200][40,435s] GC(39) Pause Initial Mark 255M->255M(490M) 4,025ms
[2019-04-15T14:01:35.249+0200][40,435s] GC(39) User=0,01s Sys=0,00s Real=0,01s
[2019-04-15T14:01:35.249+0200][40,435s] GC(39) Concurrent Mark
[2019-04-15T14:01:35.249+0200][40,435s] GC(39) Using 4 workers of 4 for marking
[2019-04-15T14:01:35.349+0200][40,535s] GC(39) Concurrent Mark 100,016ms
[2019-04-15T14:01:35.349+0200][40,536s] GC(39) User=0,25s Sys=0,01s Real=0,10s
[2019-04-15T14:01:35.349+0200][40,536s] GC(39) Concurrent Preclean
[2019-04-15T14:01:35.350+0200][40,537s] GC(39) Concurrent Preclean 1,323ms
[2019-04-15T14:01:35.350+0200][40,537s] GC(39) User=0,01s Sys=0,00s Real=0,00s
[2019-04-15T14:01:35.350+0200][40,537s] GC(39) Concurrent Abortable Preclean
[2019-04-15T14:01:35.465+0200][40,652s] GC(40) Pause Young (Allocation Failure)
[2019-04-15T14:01:35.465+0200][40,652s] GC(40) Using 4 workers of 4 for evacuation
[2019-04-15T14:01:35.505+0200][40,692s] GC(40) ParNew: 109248K->21824K(109248K)
[2019-04-15T14:01:35.505+0200][40,692s] GC(40) CMS: 234766K->243762K(393216K)
[2019-04-15T14:01:35.505+0200][40,692s] GC(40) Metaspace: 62453K->62453K(1105920K)
[2019-04-15T14:01:35.505+0200][40,692s] GC(40) Pause Young (Allocation Failure) 335M->259M(490M) 39,703ms
[2019-04-15T14:01:35.505+0200][40,692s] GC(40) User=0,10s Sys=0,00s Real=0,04s
[2019-04-15T14:01:36.196+0200][41,383s] GC(39) Concurrent Abortable Preclean 846,024ms
[2019-04-15T14:01:36.196+0200][41,383s] GC(39) User=1,08s Sys=0,30s Real=0,85s
[2019-04-15T14:01:36.197+0200][41,383s] GC(39) Pause Remark
[2019-04-15T14:01:36.197+0200][41,383s] GC(41) Pause Young (CMS Final Remark)
[2019-04-15T14:01:36.197+0200][41,383s] GC(41) Using 4 workers of 4 for evacuation
[2019-04-15T14:01:36.235+0200][41,421s] GC(41) ParNew: 89500K->21824K(109248K)
[2019-04-15T14:01:36.235+0200][41,421s] GC(41) CMS: 243762K->300049K(393216K)
[2019-04-15T14:01:36.235+0200][41,421s] GC(41) Metaspace: 62453K->62453K(1105920K)
[2019-04-15T14:01:36.235+0200][41,421s] GC(41) Pause Young (CMS Final Remark) 325M->314M(490M) 38,197ms
[2019-04-15T14:01:36.235+0200][41,421s] GC(41) User=0,07s Sys=0,00s Real=0,04s
[2019-04-15T14:01:36.263+0200][41,450s] GC(39) Pause Remark 325M->314M(490M) 66,560ms
[2019-04-15T14:01:36.263+0200][41,450s] GC(39) User=0,11s Sys=0,00s Real=0,06s
[2019-04-15T14:01:36.263+0200][41,450s] GC(39) Concurrent Sweep
[2019-04-15T14:01:36.303+0200][41,490s] GC(39) Concurrent Sweep 39,851ms
[2019-04-15T14:01:36.303+0200][41,490s] GC(39) User=0,09s Sys=0,01s Real=0,04s
[2019-04-15T14:01:36.303+0200][41,490s] GC(39) Concurrent Reset
[2019-04-15T14:01:36.304+0200][41,490s] GC(39) Concurrent Reset 0,534ms
[2019-04-15T14:01:36.304+0200][41,490s] GC(39) User=0,00s Sys=0,00s Real=0,00s
[2019-04-15T14:01:36.304+0200][41,490s] GC(39) Old: 234766K->224680K(393216K)
[2019-04-15T14:01:36.434+0200][41,620s] GC(42) Pause Young (Allocation Failure)
[2019-04-15T14:01:36.434+0200][41,620s] GC(42) Using 4 workers of 4 for evacuation
[2019-04-15T14:01:36.502+0200][41,689s] GC(42) ParNew: 109248K->21824K(109248K)
[2019-04-15T14:01:36.502+0200][41,689s] GC(42) CMS: 224680K->298729K(393216K)
[2019-04-15T14:01:36.502+0200][41,689s] GC(42) Metaspace: 62456K->62456K(1105920K)
[2019-04-15T14:01:36.503+0200][41,689s] GC(42) Pause Young (Allocation Failure) 326M->313M(490M) 68,687ms
[2019-04-15T14:01:36.503+0200][41,689s] GC(42) User=0,17s Sys=0,00s Real=0,06s
[2019-04-15T14:01:36.513+0200][41,700s] GC(43) Pause Initial Mark
[2019-04-15T14:01:36.518+0200][41,704s] GC(43) Pause Initial Mark 314M->314M(490M) 4,657ms
[2019-04-15T14:01:36.518+0200][41,704s] GC(43) User=0,01s Sys=0,00s Real=0,00s
[2019-04-15T14:01:36.518+0200][41,704s] GC(43) Concurrent Mark
[2019-04-15T14:01:36.518+0200][41,704s] GC(43) Using 4 workers of 4 for marking
[2019-04-15T14:01:36.595+0200][41,782s] GC(43) Concurrent Mark 77,175ms
[2019-04-15T14:01:36.595+0200][41,782s] GC(43) User=0,24s Sys=0,00s Real=0,08s
[2019-04-15T14:01:36.595+0200][41,782s] GC(43) Concurrent Preclean
[2019-04-15T14:01:36.597+0200][41,783s] GC(43) Concurrent Preclean 1,673ms
[2019-04-15T14:01:36.597+0200][41,783s] GC(43) User=0,00s Sys=0,00s Real=0,00s
[2019-04-15T14:01:36.597+0200][41,783s] GC(43) Concurrent Abortable Preclean
[2019-04-15T14:01:36.981+0200][42,168s] GC(43) Concurrent Abortable Preclean 384,750ms
[2019-04-15T14:01:36.982+0200][42,168s] GC(43) User=0,61s Sys=0,08s Real=0,38s
[2019-04-15T14:01:36.984+0200][42,171s] GC(43) Pause Remark
[2019-04-15T14:01:36.984+0200][42,171s] GC(44) Pause Young (CMS Final Remark)
[2019-04-15T14:01:36.984+0200][42,171s] GC(44) Using 4 workers of 4 for evacuation
[2019-04-15T14:01:36.985+0200][42,171s] GC(44) ParNew: 98885K->98885K(109248K)
[2019-04-15T14:01:36.985+0200][42,171s] GC(44) CMS: 298729K->298729K(393216K)
[2019-04-15T14:01:36.985+0200][42,171s] GC(44) Metaspace: 62481K->62481K(1105920K)
[2019-04-15T14:01:36.985+0200][42,171s] GC(44) Pause Young (CMS Final Remark) 388M->388M(490M) 0,237ms
[2019-04-15T14:01:36.985+0200][42,171s] GC(44) User=0,00s Sys=0,00s Real=0,00s
[2019-04-15T14:01:37.098+0200][42,284s] GC(43) Pause Remark 388M->388M(490M) 113,590ms
[2019-04-15T14:01:37.098+0200][42,284s] GC(43) User=0,17s Sys=0,00s Real=0,12s
[2019-04-15T14:01:37.098+0200][42,285s] GC(43) Concurrent Sweep
[2019-04-15T14:01:37.186+0200][42,372s] GC(43) Concurrent Sweep 87,890ms
[2019-04-15T14:01:37.186+0200][42,372s] GC(43) User=0,06s Sys=0,04s Real=0,09s
[2019-04-15T14:01:37.186+0200][42,373s] GC(43) Concurrent Reset
[2019-04-15T14:01:37.187+0200][42,373s] GC(43) Concurrent Reset 0,553ms
[2019-04-15T14:01:37.187+0200][42,373s] GC(43) User=0,00s Sys=0,00s Real=0,00s
[2019-04-15T14:01:37.187+0200][42,373s] GC(43) Old: 298729K->292920K(393216K)
[2019-04-15T14:01:37.191+0200][42,377s] GC(45) Pause Young (Allocation Failure)
[2019-04-15T14:01:37.191+0200][42,377s] GC(45) Using 4 workers of 4 for evacuation
[2019-04-15T14:01:37.191+0200][42,377s] GC(46) Pause Full (Allocation Failure)
[2019-04-15T14:01:37.192+0200][42,379s] GC(46) Phase 1: Mark live objects
[2019-04-15T14:01:37.301+0200][42,487s] GC(46) Phase 1: Mark live objects 108,663ms
[2019-04-15T14:01:37.301+0200][42,487s] GC(46) Phase 2: Compute new object addresses
[2019-04-15T14:01:37.354+0200][42,541s] GC(46) Phase 2: Compute new object addresses 53,779ms
[2019-04-15T14:01:37.355+0200][42,541s] GC(46) Phase 3: Adjust pointers
[2019-04-15T14:01:37.434+0200][42,620s] GC(46) Phase 3: Adjust pointers 79,189ms
[2019-04-15T14:01:37.434+0200][42,620s] GC(46) Phase 4: Move objects
[2019-04-15T14:01:37.513+0200][42,700s] GC(46) Phase 4: Move objects 79,337ms
[2019-04-15T14:01:37.514+0200][42,701s] GC(46) Pause Full (Allocation Failure) 392M->206M(490M) 323,462ms
[2019-04-15T14:01:37.514+0200][42,701s] GC(45) ParNew: 109248K->0K(109248K)
[2019-04-15T14:01:37.514+0200][42,701s] GC(45) CMS: 292920K->211347K(393216K)
[2019-04-15T14:01:37.514+0200][42,701s] GC(45) Metaspace: 62481K->62481K(1105920K)
[2019-04-15T14:01:37.514+0200][42,701s] GC(45) Pause Young (Allocation Failure) 392M->206M(490M) 323,632ms
[2019-04-15T14:01:37.514+0200][42,701s] GC(45) User=0,33s Sys=0,00s Real=0,33s
[2019-04-15T14:01:37.521+0200][42,708s] GC(47) Pause Initial Mark
[2019-04-15T14:01:37.522+0200][42,709s] GC(47) Pause Initial Mark 207M->207M(490M) 0,901ms
[2019-04-15T14:01:37.522+0200][42,709s] GC(47) User=0,01s Sys=0,00s Real=0,00s
[2019-04-15T14:01:37.522+0200][42,709s] GC(47) Concurrent Mark
[2019-04-15T14:01:37.522+0200][42,709s] GC(47) Using 4 workers of 4 for marking
[2019-04-15T14:01:37.566+0200][42,753s] GC(47) Concurrent Mark 43,866ms
[2019-04-15T14:01:37.566+0200][42,753s] GC(47) User=0,11s Sys=0,01s Real=0,05s
[2019-04-15T14:01:37.566+0200][42,753s] GC(47) Concurrent Preclean
[2019-04-15T14:01:37.568+0200][42,755s] GC(47) Concurrent Preclean 2,093ms
[2019-04-15T14:01:37.569+0200][42,755s] GC(47) User=0,00s Sys=0,00s Real=0,00s
[2019-04-15T14:01:37.569+0200][42,755s] GC(47) Concurrent Abortable Preclean
[2019-04-15T14:01:38.026+0200][43,213s] GC(48) Pause Young (Allocation Failure)
[2019-04-15T14:01:38.027+0200][43,213s] GC(48) Using 4 workers of 4 for evacuation
[2019-04-15T14:01:38.075+0200][43,262s] GC(47) Concurrent Abortable Preclean 506,241ms
[2019-04-15T14:01:38.075+0200][43,262s] GC(47) User=0,30s Sys=0,16s Real=0,51s
[2019-04-15T14:01:38.108+0200][43,295s] GC(48) ParNew: 87424K->21824K(109248K)
[2019-04-15T14:01:38.108+0200][43,295s] GC(48) CMS: 211347K->281609K(393216K)
[2019-04-15T14:01:38.108+0200][43,295s] GC(48) Metaspace: 62483K->62483K(1105920K)
[2019-04-15T14:01:38.108+0200][43,295s] GC(48) Pause Young (Allocation Failure) 291M->296M(490M) 81,917ms
[2019-04-15T14:01:38.109+0200][43,295s] GC(48) User=0,12s Sys=0,00s Real=0,08s
[2019-04-15T14:01:38.112+0200][43,298s] GC(47) Pause Remark
[2019-04-15T14:01:38.112+0200][43,299s] GC(49) Pause Young (CMS Final Remark)
[2019-04-15T14:01:38.112+0200][43,299s] GC(49) Using 4 workers of 4 for evacuation
[2019-04-15T14:01:38.128+0200][43,314s] GC(49) ParNew: 24326K->17063K(109248K)
[2019-04-15T14:01:38.128+0200][43,314s] GC(49) CMS: 281609K->281609K(393216K)
[2019-04-15T14:01:38.128+0200][43,314s] GC(49) Metaspace: 62483K->62483K(1105920K)
[2019-04-15T14:01:38.128+0200][43,314s] GC(49) Pause Young (CMS Final Remark) 298M->291M(490M) 15,730ms
[2019-04-15T14:01:38.128+0200][43,314s] GC(49) User=0,02s Sys=0,00s Real=0,02s
[2019-04-15T14:01:38.180+0200][43,367s] GC(47) Pause Remark 298M->291M(490M) 68,708ms
[2019-04-15T14:01:38.181+0200][43,367s] GC(47) User=0,08s Sys=0,00s Real=0,07s
[2019-04-15T14:01:38.181+0200][43,367s] GC(47) Concurrent Sweep
[2019-04-15T14:01:38.239+0200][43,425s] GC(47) Concurrent Sweep 58,094ms
[2019-04-15T14:01:38.239+0200][43,425s] GC(47) User=0,13s Sys=0,00s Real=0,06s
[2019-04-15T14:01:38.239+0200][43,425s] GC(47) Concurrent Reset
[2019-04-15T14:01:38.239+0200][43,426s] GC(47) Concurrent Reset 0,438ms
[2019-04-15T14:01:38.239+0200][43,426s] GC(47) User=0,00s Sys=0,00s Real=0,00s
[2019-04-15T14:01:38.239+0200][43,426s] GC(47) Old: 211347K->203868K(393216K)
[2019-04-15T14:01:38.498+0200][43,685s] GC(50) Pause Young (Allocation Failure)
[2019-04-15T14:01:38.498+0200][43,685s] GC(50) Using 4 workers of 4 for evacuation
[2019-04-15T14:01:38.512+0200][43,699s] GC(50) ParNew: 104487K->13682K(109248K)
[2019-04-15T14:01:38.512+0200][43,699s] GC(50) CMS: 203868K->203868K(393216K)
[2019-04-15T14:01:38.512+0200][43,699s] GC(50) Metaspace: 62763K->62763K(1107968K)
[2019-04-15T14:01:38.513+0200][43,699s] GC(50) Pause Young (Allocation Failure) 301M->212M(490M) 14,164ms
[2019-04-15T14:01:38.513+0200][43,699s] GC(50) User=0,03s Sys=0,00s Real=0,01s
[2019-04-15T14:01:38.513+0200][43,699s] GC(51) Pause Initial Mark
[2019-04-15T14:01:38.514+0200][43,700s] GC(51) Pause Initial Mark 213M->213M(490M) 0,947ms
[2019-04-15T14:01:38.514+0200][43,700s] GC(51) User=0,00s Sys=0,00s Real=0,01s
[2019-04-15T14:01:38.514+0200][43,700s] GC(51) Concurrent Mark
[2019-04-15T14:01:38.514+0200][43,700s] GC(51) Using 4 workers of 4 for marking
[2019-04-15T14:01:38.642+0200][43,829s] GC(51) Concurrent Mark 128,339ms
[2019-04-15T14:01:38.642+0200][43,829s] GC(51) User=0,28s Sys=0,02s Real=0,12s
[2019-04-15T14:01:38.642+0200][43,829s] GC(51) Concurrent Preclean
[2019-04-15T14:01:38.645+0200][43,831s] GC(51) Concurrent Preclean 2,318ms
[2019-04-15T14:01:38.645+0200][43,832s] GC(51) User=0,01s Sys=0,00s Real=0,01s
[2019-04-15T14:01:38.645+0200][43,832s] GC(51) Concurrent Abortable Preclean
[2019-04-15T14:01:39.062+0200][44,249s] GC(51) Concurrent Abortable Preclean 417,335ms
[2019-04-15T14:01:39.062+0200][44,249s] GC(51) User=0,91s Sys=0,04s Real=0,41s
[2019-04-15T14:01:39.067+0200][44,254s] GC(51) Pause Remark
[2019-04-15T14:01:39.067+0200][44,254s] GC(52) Pause Young (CMS Final Remark)
[2019-04-15T14:01:39.067+0200][44,254s] GC(52) Using 4 workers of 4 for evacuation
[2019-04-15T14:01:39.120+0200][44,307s] GC(52) ParNew: 74659K->10143K(109248K)
[2019-04-15T14:01:39.120+0200][44,307s] GC(52) CMS: 203868K->203868K(393216K)
[2019-04-15T14:01:39.120+0200][44,307s] GC(52) Metaspace: 65059K->65059K(1110016K)
[2019-04-15T14:01:39.121+0200][44,307s] GC(52) Pause Young (CMS Final Remark) 271M->208M(490M) 53,231ms
[2019-04-15T14:01:39.121+0200][44,307s] GC(52) User=0,10s Sys=0,00s Real=0,05s
[2019-04-15T14:01:39.174+0200][44,361s] GC(51) Pause Remark 271M->208M(490M) 106,985ms
[2019-04-15T14:01:39.174+0200][44,361s] GC(51) User=0,21s Sys=0,00s Real=0,11s
[2019-04-15T14:01:39.174+0200][44,361s] GC(51) Concurrent Sweep
[2019-04-15T14:01:39.247+0200][44,433s] GC(51) Concurrent Sweep 72,608ms
[2019-04-15T14:01:39.247+0200][44,433s] GC(51) User=0,22s Sys=0,00s Real=0,07s
[2019-04-15T14:01:39.247+0200][44,433s] GC(51) Concurrent Reset
[2019-04-15T14:01:39.247+0200][44,434s] GC(51) Concurrent Reset 0,461ms
[2019-04-15T14:01:39.247+0200][44,434s] GC(51) User=0,00s Sys=0,00s Real=0,00s
[2019-04-15T14:01:39.247+0200][44,434s] GC(51) Old: 203868K->178884K(393216K)
[2019-04-15T14:01:40.163+0200][45,350s] GC(53) Pause Young (Allocation Failure)
[2019-04-15T14:01:40.163+0200][45,350s] GC(53) Using 4 workers of 4 for evacuation
[2019-04-15T14:01:40.182+0200][45,369s] GC(53) ParNew: 97097K->21824K(109248K)
[2019-04-15T14:01:40.182+0200][45,369s] GC(53) CMS: 178884K->179246K(393216K)
[2019-04-15T14:01:40.182+0200][45,369s] GC(53) Metaspace: 66856K->66856K(1110016K)
[2019-04-15T14:01:40.182+0200][45,369s] GC(53) Pause Young (Allocation Failure) 269M->196M(490M) 18,925ms
[2019-04-15T14:01:40.183+0200][45,369s] GC(53) User=0,05s Sys=0,00s Real=0,02s
[2019-04-15T14:01:40.729+0200][45,915s] GC(54) Pause Young (Allocation Failure)
[2019-04-15T14:01:40.729+0200][45,916s] GC(54) Using 4 workers of 4 for evacuation
[2019-04-15T14:01:40.760+0200][45,947s] GC(54) ParNew: 109248K->21824K(109248K)
[2019-04-15T14:01:40.760+0200][45,947s] GC(54) CMS: 179246K->179850K(393216K)
[2019-04-15T14:01:40.760+0200][45,947s] GC(54) Metaspace: 66870K->66870K(1110016K)
[2019-04-15T14:01:40.760+0200][45,947s] GC(54) Pause Young (Allocation Failure) 281M->196M(490M) 31,285ms
[2019-04-15T14:01:40.760+0200][45,947s] GC(54) User=0,06s Sys=0,00s Real=0,03s
[2019-04-15T14:01:41.517+0200][46,703s] GC(55) Pause Young (Allocation Failure)
[2019-04-15T14:01:41.517+0200][46,703s] GC(55) Using 4 workers of 4 for evacuation
[2019-04-15T14:01:41.570+0200][46,757s] GC(55) ParNew: 109248K->21824K(109248K)
[2019-04-15T14:01:41.571+0200][46,757s] GC(55) CMS: 179850K->233177K(393216K)
[2019-04-15T14:01:41.571+0200][46,757s] GC(55) Metaspace: 66921K->66921K(1110016K)
[2019-04-15T14:01:41.571+0200][46,757s] GC(55) Pause Young (Allocation Failure) 282M->249M(490M) 54,061ms
[2019-04-15T14:01:41.571+0200][46,757s] GC(55) User=0,09s Sys=0,00s Real=0,05s
[2019-04-15T14:01:41.571+0200][46,758s] GC(56) Pause Initial Mark
[2019-04-15T14:01:41.575+0200][46,762s] GC(56) Pause Initial Mark 249M->249M(490M) 3,762ms
[2019-04-15T14:01:41.575+0200][46,762s] GC(56) User=0,01s Sys=0,00s Real=0,01s
[2019-04-15T14:01:41.575+0200][46,762s] GC(56) Concurrent Mark
[2019-04-15T14:01:41.575+0200][46,762s] GC(56) Using 4 workers of 4 for marking
[2019-04-15T14:01:41.662+0200][46,848s] GC(56) Concurrent Mark 86,370ms
[2019-04-15T14:01:41.662+0200][46,848s] GC(56) User=0,22s Sys=0,00s Real=0,08s
[2019-04-15T14:01:41.662+0200][46,848s] GC(56) Concurrent Preclean
[2019-04-15T14:01:41.663+0200][46,850s] GC(56) Concurrent Preclean 1,387ms
[2019-04-15T14:01:41.663+0200][46,850s] GC(56) User=0,00s Sys=0,00s Real=0,00s
[2019-04-15T14:01:41.663+0200][46,850s] GC(56) Concurrent Abortable Preclean
[2019-04-15T14:01:41.888+0200][47,075s] GC(57) Pause Young (Allocation Failure)
[2019-04-15T14:01:41.888+0200][47,075s] GC(57) Using 4 workers of 4 for evacuation
[2019-04-15T14:01:41.914+0200][47,100s] GC(57) ParNew: 109248K->21824K(109248K)
[2019-04-15T14:01:41.914+0200][47,100s] GC(57) CMS: 233177K->253386K(393216K)
[2019-04-15T14:01:41.914+0200][47,100s] GC(57) Metaspace: 66924K->66924K(1110016K)
[2019-04-15T14:01:41.914+0200][47,100s] GC(57) Pause Young (Allocation Failure) 334M->268M(490M) 25,627ms
[2019-04-15T14:01:41.914+0200][47,100s] GC(57) User=0,06s Sys=0,00s Real=0,03s
[2019-04-15T14:01:42.120+0200][47,307s] GC(58) Pause Young (Allocation Failure)
[2019-04-15T14:01:42.120+0200][47,307s] GC(58) Using 4 workers of 4 for evacuation
[2019-04-15T14:01:42.155+0200][47,341s] GC(58) ParNew: 109248K->21824K(109248K)
[2019-04-15T14:01:42.155+0200][47,342s] GC(58) CMS: 253386K->280272K(393216K)
[2019-04-15T14:01:42.155+0200][47,342s] GC(58) Metaspace: 66924K->66924K(1110016K)
[2019-04-15T14:01:42.155+0200][47,342s] GC(58) Pause Young (Allocation Failure) 354M->295M(490M) 34,662ms
[2019-04-15T14:01:42.155+0200][47,342s] GC(58) User=0,07s Sys=0,00s Real=0,04s
[2019-04-15T14:01:42.459+0200][47,645s] GC(56) Concurrent Abortable Preclean 795,510ms
[2019-04-15T14:01:42.459+0200][47,645s] GC(56) User=1,17s Sys=0,26s Real=0,80s
[2019-04-15T14:01:42.459+0200][47,645s] GC(56) Pause Remark
[2019-04-15T14:01:42.459+0200][47,645s] GC(59) Pause Young (CMS Final Remark)
[2019-04-15T14:01:42.459+0200][47,645s] GC(59) Using 4 workers of 4 for evacuation
[2019-04-15T14:01:42.484+0200][47,671s] GC(59) ParNew: 106911K->21824K(109248K)
[2019-04-15T14:01:42.484+0200][47,671s] GC(59) CMS: 280272K->294672K(393216K)
[2019-04-15T14:01:42.484+0200][47,671s] GC(59) Metaspace: 66929K->66929K(1110016K)
[2019-04-15T14:01:42.484+0200][47,671s] GC(59) Pause Young (CMS Final Remark) 378M->309M(490M) 25,194ms
[2019-04-15T14:01:42.484+0200][47,671s] GC(59) User=0,07s Sys=0,00s Real=0,02s
[2019-04-15T14:01:42.522+0200][47,709s] GC(56) Pause Remark 378M->309M(490M) 63,555ms
[2019-04-15T14:01:42.522+0200][47,709s] GC(56) User=0,13s Sys=0,00s Real=0,06s
[2019-04-15T14:01:42.522+0200][47,709s] GC(56) Concurrent Sweep
[2019-04-15T14:01:42.596+0200][47,783s] GC(56) Concurrent Sweep 73,717ms
[2019-04-15T14:01:42.596+0200][47,783s] GC(56) User=0,15s Sys=0,01s Real=0,08s
[2019-04-15T14:01:42.596+0200][47,783s] GC(56) Concurrent Reset
[2019-04-15T14:01:42.598+0200][47,785s] GC(56) Concurrent Reset 1,815ms
[2019-04-15T14:01:42.598+0200][47,785s] GC(56) User=0,00s Sys=0,00s Real=0,00s
[2019-04-15T14:01:42.598+0200][47,785s] GC(56) Old: 233177K->202897K(393216K)
[2019-04-15T14:01:43.009+0200][48,196s] GC(60) Pause Young (Allocation Failure)
[2019-04-15T14:01:43.009+0200][48,196s] GC(60) Using 4 workers of 4 for evacuation
[2019-04-15T14:01:43.046+0200][48,232s] GC(60) ParNew: 109248K->21824K(109248K)
[2019-04-15T14:01:43.046+0200][48,232s] GC(60) CMS: 202897K->246965K(393216K)
[2019-04-15T14:01:43.046+0200][48,232s] GC(60) Metaspace: 66931K->66931K(1110016K)
[2019-04-15T14:01:43.046+0200][48,232s] GC(60) Pause Young (Allocation Failure) 304M->262M(490M) 36,518ms
[2019-04-15T14:01:43.046+0200][48,232s] GC(60) User=0,05s Sys=0,00s Real=0,04s
[2019-04-15T14:01:43.046+0200][48,233s] GC(61) Pause Initial Mark
[2019-04-15T14:01:43.049+0200][48,235s] GC(61) Pause Initial Mark 264M->264M(490M) 2,712ms
[2019-04-15T14:01:43.049+0200][48,236s] GC(61) User=0,00s Sys=0,00s Real=0,00s
[2019-04-15T14:01:43.049+0200][48,236s] GC(61) Concurrent Mark
[2019-04-15T14:01:43.049+0200][48,236s] GC(61) Using 4 workers of 4 for marking
[2019-04-15T14:01:43.100+0200][48,287s] GC(61) Concurrent Mark 51,243ms
[2019-04-15T14:01:43.100+0200][48,287s] GC(61) User=0,15s Sys=0,01s Real=0,05s
[2019-04-15T14:01:43.100+0200][48,287s] GC(61) Concurrent Preclean
[2019-04-15T14:01:43.102+0200][48,288s] GC(61) Concurrent Preclean 1,204ms
[2019-04-15T14:01:43.102+0200][48,288s] GC(61) User=0,00s Sys=0,00s Real=0,00s
[2019-04-15T14:01:43.102+0200][48,288s] GC(61) Concurrent Abortable Preclean
[2019-04-15T14:01:43.342+0200][48,528s] GC(61) Concurrent Abortable Preclean 240,185ms
[2019-04-15T14:01:43.342+0200][48,528s] GC(61) User=0,42s Sys=0,00s Real=0,24s
[2019-04-15T14:01:43.342+0200][48,529s] GC(61) Pause Remark
[2019-04-15T14:01:43.342+0200][48,529s] GC(62) Pause Young (CMS Final Remark)
[2019-04-15T14:01:43.342+0200][48,529s] GC(62) Using 4 workers of 4 for evacuation
[2019-04-15T14:01:43.365+0200][48,551s] GC(62) ParNew: 106611K->21824K(109248K)
[2019-04-15T14:01:43.365+0200][48,551s] GC(62) CMS: 246965K->273476K(393216K)
[2019-04-15T14:01:43.365+0200][48,551s] GC(62) Metaspace: 66936K->66936K(1110016K)
[2019-04-15T14:01:43.365+0200][48,551s] GC(62) Pause Young (CMS Final Remark) 345M->288M(490M) 22,815ms
[2019-04-15T14:01:43.365+0200][48,551s] GC(62) User=0,05s Sys=0,00s Real=0,02s
[2019-04-15T14:01:43.394+0200][48,581s] GC(61) Pause Remark 345M->288M(490M) 52,155ms
[2019-04-15T14:01:43.394+0200][48,581s] GC(61) User=0,09s Sys=0,00s Real=0,06s
[2019-04-15T14:01:43.394+0200][48,581s] GC(61) Concurrent Sweep
[2019-04-15T14:01:43.436+0200][48,623s] GC(61) Concurrent Sweep 42,042ms
[2019-04-15T14:01:43.436+0200][48,623s] GC(61) User=0,08s Sys=0,00s Real=0,04s
[2019-04-15T14:01:43.436+0200][48,623s] GC(61) Concurrent Reset
[2019-04-15T14:01:43.437+0200][48,623s] GC(61) Concurrent Reset 0,331ms
[2019-04-15T14:01:43.437+0200][48,623s] GC(61) User=0,00s Sys=0,00s Real=0,00s
[2019-04-15T14:01:43.437+0200][48,623s] GC(61) Old: 246965K->210805K(393216K)
[2019-04-15T14:01:43.667+0200][48,854s] GC(63) Pause Young (Allocation Failure)
[2019-04-15T14:01:43.667+0200][48,854s] GC(63) Using 4 workers of 4 for evacuation
[2019-04-15T14:01:43.691+0200][48,877s] GC(63) ParNew: 109126K->21824K(109248K)
[2019-04-15T14:01:43.691+0200][48,877s] GC(63) CMS: 210805K->236469K(393216K)
[2019-04-15T14:01:43.691+0200][48,877s] GC(63) Metaspace: 66936K->66936K(1110016K)
[2019-04-15T14:01:43.691+0200][48,877s] GC(63) Pause Young (Allocation Failure) 312M->252M(490M) 23,823ms
[2019-04-15T14:01:43.691+0200][48,877s] GC(63) User=0,04s Sys=0,01s Real=0,02s
[2019-04-15T14:01:43.693+0200][48,880s] GC(64) Pause Initial Mark
[2019-04-15T14:01:43.695+0200][48,881s] GC(64) Pause Initial Mark 252M->252M(490M) 1,130ms
[2019-04-15T14:01:43.695+0200][48,881s] GC(64) User=0,00s Sys=0,00s Real=0,00s
[2019-04-15T14:01:43.695+0200][48,881s] GC(64) Concurrent Mark
[2019-04-15T14:01:43.695+0200][48,881s] GC(64) Using 4 workers of 4 for marking
[2019-04-15T14:01:43.757+0200][48,944s] GC(64) Concurrent Mark 62,360ms
[2019-04-15T14:01:43.757+0200][48,944s] GC(64) User=0,17s Sys=0,00s Real=0,06s
[2019-04-15T14:01:43.757+0200][48,944s] GC(64) Concurrent Preclean
[2019-04-15T14:01:43.758+0200][48,945s] GC(64) Concurrent Preclean 0,937ms
[2019-04-15T14:01:43.758+0200][48,945s] GC(64) User=0,00s Sys=0,00s Real=0,00s
[2019-04-15T14:01:43.758+0200][48,945s] GC(64) Concurrent Abortable Preclean
[2019-04-15T14:01:44.152+0200][49,339s] GC(65) Pause Young (Allocation Failure)
[2019-04-15T14:01:44.152+0200][49,339s] GC(65) Using 4 workers of 4 for evacuation
[2019-04-15T14:01:44.189+0200][49,376s] GC(65) ParNew: 109248K->21824K(109248K)
[2019-04-15T14:01:44.189+0200][49,376s] GC(65) CMS: 236469K->249615K(393216K)
[2019-04-15T14:01:44.189+0200][49,376s] GC(65) Metaspace: 66938K->66938K(1110016K)
[2019-04-15T14:01:44.189+0200][49,376s] GC(65) Pause Young (Allocation Failure) 337M->265M(490M) 37,203ms
[2019-04-15T14:01:44.189+0200][49,376s] GC(65) User=0,05s Sys=0,00s Real=0,04s
[2019-04-15T14:01:44.578+0200][49,764s] GC(64) Concurrent Abortable Preclean 819,592ms
[2019-04-15T14:01:44.578+0200][49,765s] GC(64) User=0,82s Sys=0,10s Real=0,82s
[2019-04-15T14:01:44.578+0200][49,765s] GC(66) Pause Young (Allocation Failure)
[2019-04-15T14:01:44.578+0200][49,765s] GC(66) Using 4 workers of 4 for evacuation
[2019-04-15T14:01:44.607+0200][49,794s] GC(66) ParNew: 109248K->21824K(109248K)
[2019-04-15T14:01:44.607+0200][49,794s] GC(66) CMS: 249615K->287144K(393216K)
[2019-04-15T14:01:44.607+0200][49,794s] GC(66) Metaspace: 66938K->66938K(1110016K)
[2019-04-15T14:01:44.607+0200][49,794s] GC(66) Pause Young (Allocation Failure) 350M->301M(490M) 29,154ms
[2019-04-15T14:01:44.607+0200][49,794s] GC(66) User=0,05s Sys=0,00s Real=0,03s
[2019-04-15T14:01:44.607+0200][49,794s] GC(64) Pause Remark
[2019-04-15T14:01:44.607+0200][49,794s] GC(67) Pause Young (CMS Final Remark)
[2019-04-15T14:01:44.607+0200][49,794s] GC(67) Using 4 workers of 4 for evacuation
[2019-04-15T14:01:44.623+0200][49,809s] GC(67) ParNew: 22797K->16355K(109248K)
[2019-04-15T14:01:44.623+0200][49,809s] GC(67) CMS: 287144K->308987K(393216K)
[2019-04-15T14:01:44.623+0200][49,809s] GC(67) Metaspace: 66938K->66938K(1110016K)
[2019-04-15T14:01:44.623+0200][49,809s] GC(67) Pause Young (CMS Final Remark) 302M->317M(490M) 15,099ms
[2019-04-15T14:01:44.623+0200][49,809s] GC(67) User=0,03s Sys=0,00s Real=0,01s
[2019-04-15T14:01:44.656+0200][49,842s] GC(64) Pause Remark 302M->317M(490M) 48,454ms
[2019-04-15T14:01:44.656+0200][49,842s] GC(64) User=0,07s Sys=0,00s Real=0,05s
[2019-04-15T14:01:44.656+0200][49,843s] GC(64) Concurrent Sweep
[2019-04-15T14:01:44.702+0200][49,888s] GC(64) Concurrent Sweep 45,545ms
[2019-04-15T14:01:44.702+0200][49,888s] GC(64) User=0,10s Sys=0,00s Real=0,04s
[2019-04-15T14:01:44.702+0200][49,888s] GC(64) Concurrent Reset
[2019-04-15T14:01:44.702+0200][49,889s] GC(64) Concurrent Reset 0,443ms
[2019-04-15T14:01:44.702+0200][49,889s] GC(64) User=0,00s Sys=0,00s Real=0,00s
[2019-04-15T14:01:44.702+0200][49,889s] GC(64) Old: 236469K->232148K(393216K)
[2019-04-15T14:01:45.014+0200][50,201s] GC(68) Pause Young (Allocation Failure)
[2019-04-15T14:01:45.014+0200][50,201s] GC(68) Using 4 workers of 4 for evacuation
[2019-04-15T14:01:45.036+0200][50,223s] GC(68) ParNew: 103779K->21824K(109248K)
[2019-04-15T14:01:45.037+0200][50,223s] GC(68) CMS: 232148K->241437K(393216K)
[2019-04-15T14:01:45.037+0200][50,223s] GC(68) Metaspace: 66938K->66938K(1110016K)
[2019-04-15T14:01:45.037+0200][50,223s] GC(68) Pause Young (Allocation Failure) 328M->257M(490M) 22,431ms
[2019-04-15T14:01:45.037+0200][50,223s] GC(68) User=0,05s Sys=0,00s Real=0,02s
[2019-04-15T14:01:45.040+0200][50,227s] GC(69) Pause Initial Mark
[2019-04-15T14:01:45.041+0200][50,227s] GC(69) Pause Initial Mark 258M->258M(490M) 0,719ms
[2019-04-15T14:01:45.041+0200][50,227s] GC(69) User=0,00s Sys=0,00s Real=0,00s
[2019-04-15T14:01:45.041+0200][50,228s] GC(69) Concurrent Mark
[2019-04-15T14:01:45.041+0200][50,228s] GC(69) Using 4 workers of 4 for marking
[2019-04-15T14:01:45.085+0200][50,271s] GC(69) Concurrent Mark 43,881ms
[2019-04-15T14:01:45.085+0200][50,271s] GC(69) User=0,15s Sys=0,00s Real=0,05s
[2019-04-15T14:01:45.085+0200][50,271s] GC(69) Concurrent Preclean
[2019-04-15T14:01:45.086+0200][50,273s] GC(69) Concurrent Preclean 1,285ms
[2019-04-15T14:01:45.086+0200][50,273s] GC(69) User=0,00s Sys=0,00s Real=0,00s
[2019-04-15T14:01:45.086+0200][50,273s] GC(69) Concurrent Abortable Preclean
[2019-04-15T14:01:45.537+0200][50,724s] GC(70) Pause Young (Allocation Failure)
[2019-04-15T14:01:45.537+0200][50,724s] GC(70) Using 4 workers of 4 for evacuation
[2019-04-15T14:01:45.549+0200][50,735s] GC(69) Concurrent Abortable Preclean 462,530ms
[2019-04-15T14:01:45.549+0200][50,735s] GC(69) User=0,39s Sys=0,17s Real=0,46s
[2019-04-15T14:01:45.569+0200][50,756s] GC(70) ParNew: 109248K->21824K(109248K)
[2019-04-15T14:01:45.569+0200][50,756s] GC(70) CMS: 241437K->277804K(393216K)
[2019-04-15T14:01:45.569+0200][50,756s] GC(70) Metaspace: 66941K->66941K(1110016K)
[2019-04-15T14:01:45.569+0200][50,756s] GC(70) Pause Young (Allocation Failure) 342M->292M(490M) 31,736ms
[2019-04-15T14:01:45.569+0200][50,756s] GC(70) User=0,05s Sys=0,01s Real=0,03s
[2019-04-15T14:01:45.573+0200][50,760s] GC(69) Pause Remark
[2019-04-15T14:01:45.573+0200][50,760s] GC(71) Pause Young (CMS Final Remark)
[2019-04-15T14:01:45.573+0200][50,760s] GC(71) Using 4 workers of 4 for evacuation
[2019-04-15T14:01:45.592+0200][50,779s] GC(71) ParNew: 26652K->15481K(109248K)
[2019-04-15T14:01:45.592+0200][50,779s] GC(71) CMS: 277804K->299620K(393216K)
[2019-04-15T14:01:45.592+0200][50,779s] GC(71) Metaspace: 66941K->66941K(1110016K)
[2019-04-15T14:01:45.592+0200][50,779s] GC(71) Pause Young (CMS Final Remark) 297M->307M(490M) 19,031ms
[2019-04-15T14:01:45.592+0200][50,779s] GC(71) User=0,03s Sys=0,00s Real=0,01s
[2019-04-15T14:01:45.624+0200][50,810s] GC(69) Pause Remark 297M->307M(490M) 50,287ms
[2019-04-15T14:01:45.624+0200][50,810s] GC(69) User=0,08s Sys=0,00s Real=0,04s
[2019-04-15T14:01:45.624+0200][50,810s] GC(69) Concurrent Sweep
[2019-04-15T14:01:45.666+0200][50,852s] GC(69) Concurrent Sweep 42,066ms
[2019-04-15T14:01:45.666+0200][50,852s] GC(69) User=0,06s Sys=0,01s Real=0,05s
[2019-04-15T14:01:45.666+0200][50,852s] GC(69) Concurrent Reset
[2019-04-15T14:01:45.666+0200][50,853s] GC(69) Concurrent Reset 0,372ms
[2019-04-15T14:01:45.666+0200][50,853s] GC(69) User=0,00s Sys=0,00s Real=0,00s
[2019-04-15T14:01:45.666+0200][50,853s] GC(69) Old: 241437K->254855K(393216K)
[2019-04-15T14:01:46.099+0200][51,286s] GC(72) Pause Young (Allocation Failure)
[2019-04-15T14:01:46.099+0200][51,286s] GC(72) Using 4 workers of 4 for evacuation
[2019-04-15T14:01:46.128+0200][51,315s] GC(72) ParNew: 101909K->21824K(109248K)
[2019-04-15T14:01:46.128+0200][51,315s] GC(72) CMS: 254855K->294544K(393216K)
[2019-04-15T14:01:46.128+0200][51,315s] GC(72) Metaspace: 66941K->66941K(1110016K)
[2019-04-15T14:01:46.128+0200][51,315s] GC(72) Pause Young (Allocation Failure) 348M->308M(490M) 29,258ms
[2019-04-15T14:01:46.128+0200][51,315s] GC(72) User=0,07s Sys=0,00s Real=0,03s
[2019-04-15T14:01:46.129+0200][51,316s] GC(73) Pause Initial Mark
[2019-04-15T14:01:46.130+0200][51,317s] GC(73) Pause Initial Mark 312M->312M(490M) 0,918ms
[2019-04-15T14:01:46.130+0200][51,317s] GC(73) User=0,00s Sys=0,00s Real=0,00s
[2019-04-15T14:01:46.130+0200][51,317s] GC(73) Concurrent Mark
[2019-04-15T14:01:46.130+0200][51,317s] GC(73) Using 4 workers of 4 for marking
[2019-04-15T14:01:46.195+0200][51,382s] GC(73) Concurrent Mark 64,986ms
[2019-04-15T14:01:46.195+0200][51,382s] GC(73) User=0,17s Sys=0,00s Real=0,07s
[2019-04-15T14:01:46.195+0200][51,382s] GC(73) Concurrent Preclean
[2019-04-15T14:01:46.197+0200][51,383s] GC(73) Concurrent Preclean 1,480ms
[2019-04-15T14:01:46.197+0200][51,383s] GC(73) User=0,00s Sys=0,00s Real=0,00s
[2019-04-15T14:01:46.197+0200][51,383s] GC(73) Concurrent Abortable Preclean
[2019-04-15T14:01:46.414+0200][51,601s] GC(74) Pause Young (Allocation Failure)
[2019-04-15T14:01:46.414+0200][51,601s] GC(74) Using 4 workers of 4 for evacuation
[2019-04-15T14:01:46.442+0200][51,629s] GC(74) ParNew: 109248K->21824K(109248K)
[2019-04-15T14:01:46.442+0200][51,629s] GC(74) CMS: 294544K->327838K(393216K)
[2019-04-15T14:01:46.442+0200][51,629s] GC(74) Metaspace: 66941K->66941K(1110016K)
[2019-04-15T14:01:46.442+0200][51,629s] GC(74) Pause Young (Allocation Failure) 394M->341M(490M) 28,369ms
[2019-04-15T14:01:46.442+0200][51,629s] GC(74) User=0,07s Sys=0,00s Real=0,02s
[2019-04-15T14:01:46.705+0200][51,892s] GC(75) Pause Young (Allocation Failure)
[2019-04-15T14:01:46.705+0200][51,892s] GC(75) Using 4 workers of 4 for evacuation
[2019-04-15T14:01:46.736+0200][51,922s] GC(75) ParNew: 109248K->21824K(109248K)
[2019-04-15T14:01:46.736+0200][51,922s] GC(75) CMS: 327838K->356157K(393216K)
[2019-04-15T14:01:46.736+0200][51,922s] GC(75) Metaspace: 66945K->66945K(1110016K)
[2019-04-15T14:01:46.736+0200][51,922s] GC(75) Pause Young (Allocation Failure) 426M->369M(490M) 30,265ms
[2019-04-15T14:01:46.736+0200][51,922s] GC(75) User=0,06s Sys=0,00s Real=0,03s
[2019-04-15T14:01:46.736+0200][51,922s] GC(73) Concurrent Abortable Preclean 539,112ms
[2019-04-15T14:01:46.736+0200][51,922s] GC(73) User=0,66s Sys=0,00s Real=0,54s
[2019-04-15T14:01:46.737+0200][51,924s] GC(73) Pause Remark
[2019-04-15T14:01:46.737+0200][51,924s] GC(76) Pause Young (CMS Final Remark)
[2019-04-15T14:01:46.737+0200][51,924s] GC(76) Using 4 workers of 4 for evacuation
[2019-04-15T14:01:46.772+0200][51,959s] GC(76) ParNew: 25067K->21824K(109248K)
[2019-04-15T14:01:46.772+0200][51,959s] GC(76) CMS: 356157K->356294K(393216K)
[2019-04-15T14:01:46.772+0200][51,959s] GC(76) Metaspace: 66945K->66945K(1110016K)
[2019-04-15T14:01:46.772+0200][51,959s] GC(76) Pause Young (CMS Final Remark) 372M->369M(490M) 35,244ms
[2019-04-15T14:01:46.772+0200][51,959s] GC(76) User=0,04s Sys=0,00s Real=0,03s
[2019-04-15T14:01:46.830+0200][52,017s] GC(73) Pause Remark 372M->369M(490M) 93,365ms
[2019-04-15T14:01:46.830+0200][52,017s] GC(73) User=0,11s Sys=0,00s Real=0,09s
[2019-04-15T14:01:46.830+0200][52,017s] GC(73) Concurrent Sweep
[2019-04-15T14:01:46.885+0200][52,072s] GC(73) Concurrent Sweep 54,581ms
[2019-04-15T14:01:46.885+0200][52,072s] GC(73) User=0,11s Sys=0,01s Real=0,06s
[2019-04-15T14:01:46.885+0200][52,072s] GC(73) Concurrent Reset
[2019-04-15T14:01:46.887+0200][52,073s] GC(73) Concurrent Reset 1,565ms
[2019-04-15T14:01:46.887+0200][52,074s] GC(73) User=0,00s Sys=0,00s Real=0,00s
[2019-04-15T14:01:46.887+0200][52,074s] GC(73) Old: 294544K->277056K(393216K)
[2019-04-15T14:01:47.169+0200][52,356s] GC(77) Pause Young (Allocation Failure)
[2019-04-15T14:01:47.169+0200][52,356s] GC(77) Using 4 workers of 4 for evacuation
[2019-04-15T14:01:47.207+0200][52,394s] GC(77) ParNew: 109086K->21824K(109248K)
[2019-04-15T14:01:47.207+0200][52,394s] GC(77) CMS: 277056K->301360K(393216K)
[2019-04-15T14:01:47.207+0200][52,394s] GC(77) Metaspace: 66945K->66945K(1110016K)
[2019-04-15T14:01:47.207+0200][52,394s] GC(77) Pause Young (Allocation Failure) 377M->315M(490M) 38,399ms
[2019-04-15T14:01:47.207+0200][52,394s] GC(77) User=0,06s Sys=0,00s Real=0,04s
[2019-04-15T14:01:47.208+0200][52,394s] GC(78) Pause Initial Mark
[2019-04-15T14:01:47.211+0200][52,397s] GC(78) Pause Initial Mark 316M->316M(490M) 3,158ms
[2019-04-15T14:01:47.211+0200][52,397s] GC(78) User=0,00s Sys=0,00s Real=0,00s
[2019-04-15T14:01:47.211+0200][52,397s] GC(78) Concurrent Mark
[2019-04-15T14:01:47.211+0200][52,397s] GC(78) Using 4 workers of 4 for marking
[2019-04-15T14:01:47.294+0200][52,480s] GC(78) Concurrent Mark 82,680ms
[2019-04-15T14:01:47.294+0200][52,480s] GC(78) User=0,18s Sys=0,00s Real=0,09s
[2019-04-15T14:01:47.294+0200][52,480s] GC(78) Concurrent Preclean
[2019-04-15T14:01:47.295+0200][52,481s] GC(78) Concurrent Preclean 1,205ms
[2019-04-15T14:01:47.295+0200][52,481s] GC(78) User=0,01s Sys=0,00s Real=0,00s
[2019-04-15T14:01:47.295+0200][52,481s] GC(78) Concurrent Abortable Preclean
[2019-04-15T14:01:47.559+0200][52,746s] GC(79) Pause Young (Allocation Failure)
[2019-04-15T14:01:47.559+0200][52,746s] GC(79) Using 4 workers of 4 for evacuation
[2019-04-15T14:01:47.580+0200][52,767s] GC(79) ParNew: 108563K->21824K(109248K)
[2019-04-15T14:01:47.580+0200][52,767s] GC(79) CMS: 301360K->329062K(393216K)
[2019-04-15T14:01:47.580+0200][52,767s] GC(79) Metaspace: 66945K->66945K(1110016K)
[2019-04-15T14:01:47.580+0200][52,767s] GC(79) Pause Young (Allocation Failure) 400M->342M(490M) 21,200ms
[2019-04-15T14:01:47.580+0200][52,767s] GC(79) User=0,06s Sys=0,00s Real=0,02s
[2019-04-15T14:01:47.830+0200][53,016s] GC(78) Concurrent Abortable Preclean 534,751ms
[2019-04-15T14:01:47.830+0200][53,016s] GC(78) User=0,63s Sys=0,00s Real=0,53s
[2019-04-15T14:01:47.830+0200][53,017s] GC(78) Pause Remark
[2019-04-15T14:01:47.830+0200][53,017s] GC(80) Pause Young (CMS Final Remark)
[2019-04-15T14:01:47.830+0200][53,017s] GC(80) Using 4 workers of 4 for evacuation
[2019-04-15T14:01:47.851+0200][53,038s] GC(80) ParNew: 103354K->21824K(109248K)
[2019-04-15T14:01:47.851+0200][53,038s] GC(80) CMS: 329062K->348411K(393216K)
[2019-04-15T14:01:47.851+0200][53,038s] GC(80) Metaspace: 66945K->66945K(1110016K)
[2019-04-15T14:01:47.851+0200][53,038s] GC(80) Pause Young (CMS Final Remark) 422M->361M(490M) 20,975ms
[2019-04-15T14:01:47.851+0200][53,038s] GC(80) User=0,06s Sys=0,00s Real=0,02s
[2019-04-15T14:01:47.882+0200][53,069s] GC(78) Pause Remark 422M->361M(490M) 52,031ms
[2019-04-15T14:01:47.882+0200][53,069s] GC(78) User=0,10s Sys=0,00s Real=0,05s
[2019-04-15T14:01:47.882+0200][53,069s] GC(78) Concurrent Sweep
[2019-04-15T14:01:47.925+0200][53,112s] GC(78) Concurrent Sweep 42,773ms
[2019-04-15T14:01:47.925+0200][53,112s] GC(78) User=0,08s Sys=0,00s Real=0,05s
[2019-04-15T14:01:47.925+0200][53,112s] GC(78) Concurrent Reset
[2019-04-15T14:01:47.925+0200][53,112s] GC(78) Concurrent Reset 0,351ms
[2019-04-15T14:01:47.925+0200][53,112s] GC(78) User=0,00s Sys=0,00s Real=0,00s
[2019-04-15T14:01:47.925+0200][53,112s] GC(78) Old: 301360K->295004K(393216K)
[2019-04-15T14:01:48.138+0200][53,324s] GC(81) Pause Young (Allocation Failure)
[2019-04-15T14:01:48.138+0200][53,324s] GC(81) Using 4 workers of 4 for evacuation
[2019-04-15T14:01:48.163+0200][53,350s] GC(81) ParNew: 108377K->21824K(109248K)
[2019-04-15T14:01:48.163+0200][53,350s] GC(81) CMS: 295004K->322039K(393216K)
[2019-04-15T14:01:48.163+0200][53,350s] GC(81) Metaspace: 66951K->66951K(1110016K)
[2019-04-15T14:01:48.163+0200][53,350s] GC(81) Pause Young (Allocation Failure) 393M->335M(490M) 25,480ms
[2019-04-15T14:01:48.163+0200][53,350s] GC(81) User=0,06s Sys=0,00s Real=0,02s
[2019-04-15T14:01:48.171+0200][53,357s] GC(82) Pause Initial Mark
[2019-04-15T14:01:48.172+0200][53,358s] GC(82) Pause Initial Mark 340M->340M(490M) 0,980ms
[2019-04-15T14:01:48.172+0200][53,358s] GC(82) User=0,00s Sys=0,00s Real=0,00s
[2019-04-15T14:01:48.172+0200][53,358s] GC(82) Concurrent Mark
[2019-04-15T14:01:48.172+0200][53,358s] GC(82) Using 4 workers of 4 for marking
[2019-04-15T14:01:48.253+0200][53,440s] GC(82) Concurrent Mark 81,412ms
[2019-04-15T14:01:48.253+0200][53,440s] GC(82) User=0,18s Sys=0,00s Real=0,09s
[2019-04-15T14:01:48.253+0200][53,440s] GC(82) Concurrent Preclean
[2019-04-15T14:01:48.254+0200][53,441s] GC(82) Concurrent Preclean 0,779ms
[2019-04-15T14:01:48.254+0200][53,441s] GC(82) User=0,00s Sys=0,00s Real=0,00s
[2019-04-15T14:01:48.254+0200][53,441s] GC(82) Concurrent Abortable Preclean
[2019-04-15T14:01:48.718+0200][53,905s] GC(83) Pause Young (Allocation Failure)
[2019-04-15T14:01:48.718+0200][53,905s] GC(83) Using 4 workers of 4 for evacuation
[2019-04-15T14:01:48.743+0200][53,929s] GC(83) ParNew: 109248K->21824K(109248K)
[2019-04-15T14:01:48.743+0200][53,929s] GC(83) CMS: 322039K->325957K(393216K)
[2019-04-15T14:01:48.743+0200][53,929s] GC(83) Metaspace: 66957K->66957K(1110016K)
[2019-04-15T14:01:48.743+0200][53,929s] GC(83) Pause Young (Allocation Failure) 421M->339M(490M) 24,420ms
[2019-04-15T14:01:48.743+0200][53,929s] GC(83) User=0,07s Sys=0,00s Real=0,02s
[2019-04-15T14:01:48.967+0200][54,154s] GC(84) Pause Young (Allocation Failure)
[2019-04-15T14:01:48.967+0200][54,154s] GC(84) Using 4 workers of 4 for evacuation
[2019-04-15T14:01:49.022+0200][54,208s] GC(84) ParNew: 109248K->21824K(109248K)
[2019-04-15T14:01:49.022+0200][54,208s] GC(84) CMS: 325957K->353782K(393216K)
[2019-04-15T14:01:49.022+0200][54,208s] GC(84) Metaspace: 66965K->66965K(1110016K)
[2019-04-15T14:01:49.022+0200][54,208s] GC(84) Pause Young (Allocation Failure) 425M->366M(490M) 54,574ms
[2019-04-15T14:01:49.022+0200][54,208s] GC(84) User=0,15s Sys=0,00s Real=0,05s
[2019-04-15T14:01:49.025+0200][54,211s] GC(82) Concurrent Abortable Preclean 770,745ms
[2019-04-15T14:01:49.025+0200][54,212s] GC(82) User=1,41s Sys=0,06s Real=0,77s
[2019-04-15T14:01:49.032+0200][54,219s] GC(82) Pause Remark
[2019-04-15T14:01:49.032+0200][54,219s] GC(85) Pause Young (CMS Final Remark)
[2019-04-15T14:01:49.033+0200][54,219s] GC(85) Using 4 workers of 4 for evacuation
[2019-04-15T14:01:49.071+0200][54,257s] GC(85) ParNew: 23578K->15261K(109248K)
[2019-04-15T14:01:49.071+0200][54,257s] GC(85) CMS: 353782K->353782K(393216K)
[2019-04-15T14:01:49.071+0200][54,257s] GC(85) Metaspace: 66965K->66965K(1110016K)
[2019-04-15T14:01:49.071+0200][54,257s] GC(85) Pause Young (CMS Final Remark) 368M->360M(490M) 38,394ms
[2019-04-15T14:01:49.071+0200][54,257s] GC(85) User=0,09s Sys=0,00s Real=0,04s
[2019-04-15T14:01:49.129+0200][54,316s] GC(82) Pause Remark 368M->360M(490M) 96,797ms
[2019-04-15T14:01:49.129+0200][54,316s] GC(82) User=0,22s Sys=0,00s Real=0,10s
[2019-04-15T14:01:49.141+0200][54,328s] GC(82) Concurrent Sweep
[2019-04-15T14:01:49.223+0200][54,409s] GC(82) Concurrent Sweep 81,561ms
[2019-04-15T14:01:49.223+0200][54,409s] GC(82) User=0,23s Sys=0,00s Real=0,08s
[2019-04-15T14:01:49.223+0200][54,409s] GC(82) Concurrent Reset
[2019-04-15T14:01:49.230+0200][54,417s] GC(82) Concurrent Reset 7,581ms
[2019-04-15T14:01:49.231+0200][54,417s] GC(82) User=0,02s Sys=0,00s Real=0,01s
[2019-04-15T14:01:49.231+0200][54,417s] GC(82) Old: 322039K->313660K(393216K)
[2019-04-15T14:01:49.370+0200][54,556s] GC(86) Pause Young (Allocation Failure)
[2019-04-15T14:01:49.370+0200][54,557s] GC(86) Using 4 workers of 4 for evacuation
[2019-04-15T14:01:49.391+0200][54,578s] GC(86) ParNew: 102685K->16786K(109248K)
[2019-04-15T14:01:49.391+0200][54,578s] GC(86) CMS: 313660K->313660K(393216K)
[2019-04-15T14:01:49.391+0200][54,578s] GC(86) Metaspace: 66966K->66966K(1110016K)
[2019-04-15T14:01:49.391+0200][54,578s] GC(86) Pause Young (Allocation Failure) 406M->322M(490M) 21,573ms
[2019-04-15T14:01:49.391+0200][54,578s] GC(86) User=0,05s Sys=0,00s Real=0,02s
[2019-04-15T14:01:49.392+0200][54,578s] GC(87) Pause Initial Mark
[2019-04-15T14:01:49.395+0200][54,581s] GC(87) Pause Initial Mark 322M->322M(490M) 3,180ms
[2019-04-15T14:01:49.395+0200][54,581s] GC(87) User=0,01s Sys=0,00s Real=0,01s
[2019-04-15T14:01:49.395+0200][54,582s] GC(87) Concurrent Mark
[2019-04-15T14:01:49.395+0200][54,582s] GC(87) Using 4 workers of 4 for marking
[2019-04-15T14:01:49.488+0200][54,675s] GC(87) Concurrent Mark 93,220ms
[2019-04-15T14:01:49.488+0200][54,675s] GC(87) User=0,28s Sys=0,00s Real=0,09s
[2019-04-15T14:01:49.488+0200][54,675s] GC(87) Concurrent Preclean
[2019-04-15T14:01:49.489+0200][54,676s] GC(87) Concurrent Preclean 1,167ms
[2019-04-15T14:01:49.489+0200][54,676s] GC(87) User=0,00s Sys=0,00s Real=0,00s
[2019-04-15T14:01:49.489+0200][54,676s] GC(87) Concurrent Abortable Preclean
[2019-04-15T14:01:49.600+0200][54,787s] GC(88) Pause Young (Allocation Failure)
[2019-04-15T14:01:49.600+0200][54,787s] GC(88) Using 4 workers of 4 for evacuation
[2019-04-15T14:01:49.632+0200][54,818s] GC(88) ParNew: 104210K->15238K(109248K)
[2019-04-15T14:01:49.632+0200][54,818s] GC(88) CMS: 313660K->313660K(393216K)
[2019-04-15T14:01:49.632+0200][54,818s] GC(88) Metaspace: 66967K->66967K(1110016K)
[2019-04-15T14:01:49.632+0200][54,818s] GC(88) Pause Young (Allocation Failure) 408M->321M(490M) 31,383ms
[2019-04-15T14:01:49.632+0200][54,818s] GC(88) User=0,07s Sys=0,00s Real=0,03s
[2019-04-15T14:01:49.819+0200][55,006s] GC(89) Pause Young (Allocation Failure)
[2019-04-15T14:01:49.819+0200][55,006s] GC(89) Using 4 workers of 4 for evacuation
[2019-04-15T14:01:49.838+0200][55,025s] GC(89) ParNew: 102662K->19729K(109248K)
[2019-04-15T14:01:49.838+0200][55,025s] GC(89) CMS: 313660K->313660K(393216K)
[2019-04-15T14:01:49.838+0200][55,025s] GC(89) Metaspace: 66967K->66967K(1110016K)
[2019-04-15T14:01:49.838+0200][55,025s] GC(89) Pause Young (Allocation Failure) 406M->325M(490M) 19,409ms
[2019-04-15T14:01:49.838+0200][55,025s] GC(89) User=0,05s Sys=0,00s Real=0,02s
[2019-04-15T14:01:49.838+0200][55,025s] GC(87) Concurrent Abortable Preclean 348,982ms
[2019-04-15T14:01:49.838+0200][55,025s] GC(87) User=0,96s Sys=0,00s Real=0,35s
[2019-04-15T14:01:49.840+0200][55,027s] GC(87) Pause Remark
[2019-04-15T14:01:49.841+0200][55,027s] GC(90) Pause Young (CMS Final Remark)
[2019-04-15T14:01:49.841+0200][55,027s] GC(90) Using 4 workers of 4 for evacuation
[2019-04-15T14:01:49.867+0200][55,054s] GC(90) ParNew: 21239K->15206K(109248K)
[2019-04-15T14:01:49.867+0200][55,054s] GC(90) CMS: 313660K->313660K(393216K)
[2019-04-15T14:01:49.867+0200][55,054s] GC(90) Metaspace: 66967K->66967K(1110016K)
[2019-04-15T14:01:49.867+0200][55,054s] GC(90) Pause Young (CMS Final Remark) 327M->321M(490M) 26,500ms
[2019-04-15T14:01:49.867+0200][55,054s] GC(90) User=0,06s Sys=0,00s Real=0,03s
[2019-04-15T14:01:49.904+0200][55,091s] GC(87) Pause Remark 327M->321M(490M) 63,836ms
[2019-04-15T14:01:49.904+0200][55,091s] GC(87) User=0,11s Sys=0,00s Real=0,06s
[2019-04-15T14:01:49.904+0200][55,091s] GC(87) Concurrent Sweep
[2019-04-15T14:01:49.958+0200][55,144s] GC(87) Concurrent Sweep 53,526ms
[2019-04-15T14:01:49.958+0200][55,145s] GC(87) User=0,14s Sys=0,00s Real=0,06s
[2019-04-15T14:01:49.958+0200][55,145s] GC(87) Concurrent Reset
[2019-04-15T14:01:49.959+0200][55,145s] GC(87) Concurrent Reset 0,496ms
[2019-04-15T14:01:49.959+0200][55,145s] GC(87) User=0,00s Sys=0,00s Real=0,00s
[2019-04-15T14:01:49.959+0200][55,145s] GC(87) Old: 313660K->225335K(393216K)
[2019-04-15T14:01:50.217+0200][55,403s] GC(91) Pause Young (Allocation Failure)
[2019-04-15T14:01:50.217+0200][55,403s] GC(91) Using 4 workers of 4 for evacuation
[2019-04-15T14:01:50.243+0200][55,430s] GC(91) ParNew: 102630K->14417K(109248K)
[2019-04-15T14:01:50.244+0200][55,430s] GC(91) CMS: 225335K->225335K(393216K)
[2019-04-15T14:01:50.244+0200][55,430s] GC(91) Metaspace: 66984K->66984K(1110016K)
[2019-04-15T14:01:50.244+0200][55,430s] GC(91) Pause Young (Allocation Failure) 320M->234M(490M) 26,912ms
[2019-04-15T14:01:50.244+0200][55,430s] GC(91) User=0,05s Sys=0,00s Real=0,02s
[2019-04-15T14:01:50.245+0200][55,432s] GC(92) Pause Initial Mark
[2019-04-15T14:01:50.250+0200][55,436s] GC(92) Pause Initial Mark 234M->234M(490M) 4,325ms
[2019-04-15T14:01:50.250+0200][55,436s] GC(92) User=0,01s Sys=0,00s Real=0,00s
[2019-04-15T14:01:50.250+0200][55,436s] GC(92) Concurrent Mark
[2019-04-15T14:01:50.250+0200][55,436s] GC(92) Using 4 workers of 4 for marking
[2019-04-15T14:01:50.340+0200][55,527s] GC(92) Concurrent Mark 90,518ms
[2019-04-15T14:01:50.340+0200][55,527s] GC(92) User=0,24s Sys=0,00s Real=0,09s
[2019-04-15T14:01:50.341+0200][55,527s] GC(92) Concurrent Preclean
[2019-04-15T14:01:50.343+0200][55,530s] GC(92) Concurrent Preclean 2,541ms
[2019-04-15T14:01:50.343+0200][55,530s] GC(92) User=0,00s Sys=0,00s Real=0,00s
[2019-04-15T14:01:50.343+0200][55,530s] GC(92) Concurrent Abortable Preclean
[2019-04-15T14:01:50.686+0200][55,873s] GC(92) Concurrent Abortable Preclean 343,131ms
[2019-04-15T14:01:50.686+0200][55,873s] GC(92) User=0,62s Sys=0,11s Real=0,35s
[2019-04-15T14:01:50.686+0200][55,873s] GC(92) Pause Remark
[2019-04-15T14:01:50.687+0200][55,873s] GC(93) Pause Young (CMS Final Remark)
[2019-04-15T14:01:50.687+0200][55,873s] GC(93) Using 4 workers of 4 for evacuation
[2019-04-15T14:01:50.711+0200][55,898s] GC(93) ParNew: 64611K->21824K(109248K)
[2019-04-15T14:01:50.712+0200][55,898s] GC(93) CMS: 225335K->229250K(393216K)
[2019-04-15T14:01:50.712+0200][55,898s] GC(93) Metaspace: 66985K->66985K(1112064K)
[2019-04-15T14:01:50.712+0200][55,898s] GC(93) Pause Young (CMS Final Remark) 283M->245M(490M) 25,163ms
[2019-04-15T14:01:50.712+0200][55,898s] GC(93) User=0,05s Sys=0,01s Real=0,02s
[2019-04-15T14:01:50.753+0200][55,940s] GC(92) Pause Remark 283M->245M(490M) 66,668ms
[2019-04-15T14:01:50.753+0200][55,940s] GC(92) User=0,10s Sys=0,01s Real=0,07s
[2019-04-15T14:01:50.753+0200][55,940s] GC(92) Concurrent Sweep
[2019-04-15T14:01:50.809+0200][55,996s] GC(92) Concurrent Sweep 56,027ms
[2019-04-15T14:01:50.810+0200][55,996s] GC(92) User=0,11s Sys=0,01s Real=0,05s
[2019-04-15T14:01:50.810+0200][55,996s] GC(92) Concurrent Reset
[2019-04-15T14:01:50.811+0200][55,998s] GC(92) Concurrent Reset 1,398ms
[2019-04-15T14:01:50.811+0200][55,998s] GC(92) User=0,00s Sys=0,00s Real=0,00s
[2019-04-15T14:01:50.811+0200][55,998s] GC(92) Old: 225335K->111651K(393216K)
[2019-04-15T14:01:51.157+0200][56,344s] GC(94) Pause Young (Allocation Failure)
[2019-04-15T14:01:51.157+0200][56,344s] GC(94) Using 4 workers of 4 for evacuation
[2019-04-15T14:01:51.210+0200][56,397s] GC(94) ParNew: 109248K->21824K(109248K)
[2019-04-15T14:01:51.210+0200][56,397s] GC(94) CMS: 111651K->172369K(393216K)
[2019-04-15T14:01:51.210+0200][56,397s] GC(94) Metaspace: 66992K->66992K(1112064K)
[2019-04-15T14:01:51.210+0200][56,397s] GC(94) Pause Young (Allocation Failure) 215M->189M(490M) 52,819ms
[2019-04-15T14:01:51.210+0200][56,397s] GC(94) User=0,10s Sys=0,00s Real=0,05s
[2019-04-15T14:01:51.594+0200][56,780s] GC(95) Pause Young (Allocation Failure)
[2019-04-15T14:01:51.594+0200][56,780s] GC(95) Using 4 workers of 4 for evacuation
[2019-04-15T14:01:51.647+0200][56,834s] GC(95) ParNew: 109248K->21824K(109248K)
[2019-04-15T14:01:51.647+0200][56,834s] GC(95) CMS: 172369K->210646K(393216K)
[2019-04-15T14:01:51.647+0200][56,834s] GC(95) Metaspace: 67014K->67014K(1112064K)
[2019-04-15T14:01:51.647+0200][56,834s] GC(95) Pause Young (Allocation Failure) 275M->227M(490M) 53,202ms
[2019-04-15T14:01:51.647+0200][56,834s] GC(95) User=0,10s Sys=0,00s Real=0,05s
[2019-04-15T14:01:51.647+0200][56,834s] GC(96) Pause Initial Mark
[2019-04-15T14:01:51.650+0200][56,836s] GC(96) Pause Initial Mark 227M->227M(490M) 2,305ms
[2019-04-15T14:01:51.650+0200][56,836s] GC(96) User=0,01s Sys=0,00s Real=0,00s
[2019-04-15T14:01:51.650+0200][56,836s] GC(96) Concurrent Mark
[2019-04-15T14:01:51.650+0200][56,836s] GC(96) Using 4 workers of 4 for marking
[2019-04-15T14:01:51.749+0200][56,935s] GC(96) Concurrent Mark 99,271ms
[2019-04-15T14:01:51.749+0200][56,936s] GC(96) User=0,25s Sys=0,01s Real=0,10s
[2019-04-15T14:01:51.749+0200][56,936s] GC(96) Concurrent Preclean
[2019-04-15T14:01:51.750+0200][56,937s] GC(96) Concurrent Preclean 1,371ms
[2019-04-15T14:01:51.750+0200][56,937s] GC(96) User=0,01s Sys=0,00s Real=0,00s
[2019-04-15T14:01:51.750+0200][56,937s] GC(96) Concurrent Abortable Preclean
[2019-04-15T14:01:52.004+0200][57,191s] GC(96) Concurrent Abortable Preclean 253,696ms
[2019-04-15T14:01:52.004+0200][57,191s] GC(96) User=0,66s Sys=0,01s Real=0,25s
[2019-04-15T14:01:52.009+0200][57,196s] GC(96) Pause Remark
[2019-04-15T14:01:52.009+0200][57,196s] GC(97) Pause Young (CMS Final Remark)
[2019-04-15T14:01:52.009+0200][57,196s] GC(97) Using 4 workers of 4 for evacuation
[2019-04-15T14:01:52.052+0200][57,239s] GC(97) ParNew: 103603K->21824K(109248K)
[2019-04-15T14:01:52.052+0200][57,239s] GC(97) CMS: 210646K->212858K(393216K)
[2019-04-15T14:01:52.052+0200][57,239s] GC(97) Metaspace: 67098K->67098K(1112064K)
[2019-04-15T14:01:52.052+0200][57,239s] GC(97) Pause Young (CMS Final Remark) 306M->229M(490M) 43,034ms
[2019-04-15T14:01:52.052+0200][57,239s] GC(97) User=0,07s Sys=0,00s Real=0,04s
[2019-04-15T14:01:52.100+0200][57,287s] GC(96) Pause Remark 306M->229M(490M) 91,090ms
[2019-04-15T14:01:52.100+0200][57,287s] GC(96) User=0,13s Sys=0,00s Real=0,09s
[2019-04-15T14:01:52.100+0200][57,287s] GC(96) Concurrent Sweep
[2019-04-15T14:01:52.158+0200][57,344s] GC(96) Concurrent Sweep 57,507ms
[2019-04-15T14:01:52.158+0200][57,344s] GC(96) User=0,14s Sys=0,01s Real=0,06s
[2019-04-15T14:01:52.158+0200][57,344s] GC(96) Concurrent Reset
[2019-04-15T14:01:52.158+0200][57,345s] GC(96) Concurrent Reset 0,413ms
[2019-04-15T14:01:52.158+0200][57,345s] GC(96) User=0,00s Sys=0,00s Real=0,00s
[2019-04-15T14:01:52.158+0200][57,345s] GC(96) Old: 210646K->150034K(393216K)
[2019-04-15T14:01:52.543+0200][57,729s] GC(98) Pause Young (Allocation Failure)
[2019-04-15T14:01:52.543+0200][57,730s] GC(98) Using 4 workers of 4 for evacuation
[2019-04-15T14:01:52.588+0200][57,774s] GC(98) ParNew: 109248K->21824K(109248K)
[2019-04-15T14:01:52.588+0200][57,774s] GC(98) CMS: 150034K->175479K(393216K)
[2019-04-15T14:01:52.588+0200][57,774s] GC(98) Metaspace: 67104K->67104K(1112064K)
[2019-04-15T14:01:52.588+0200][57,774s] GC(98) Pause Young (Allocation Failure) 253M->192M(490M) 45,010ms
[2019-04-15T14:01:52.588+0200][57,774s] GC(98) User=0,07s Sys=0,01s Real=0,05s
[2019-04-15T14:01:53.223+0200][58,410s] GC(99) Pause Young (Allocation Failure)
[2019-04-15T14:01:53.224+0200][58,410s] GC(99) Using 4 workers of 4 for evacuation
[2019-04-15T14:01:53.276+0200][58,463s] GC(99) ParNew: 109248K->21824K(109248K)
[2019-04-15T14:01:53.276+0200][58,463s] GC(99) CMS: 175479K->255259K(393216K)
[2019-04-15T14:01:53.276+0200][58,463s] GC(99) Metaspace: 67104K->67104K(1112064K)
[2019-04-15T14:01:53.276+0200][58,463s] GC(99) Pause Young (Allocation Failure) 278M->270M(490M) 52,872ms
[2019-04-15T14:01:53.276+0200][58,463s] GC(99) User=0,07s Sys=0,00s Real=0,06s
[2019-04-15T14:01:53.277+0200][58,463s] GC(100) Pause Initial Mark
[2019-04-15T14:01:53.278+0200][58,465s] GC(100) Pause Initial Mark 270M->270M(490M) 1,662ms
[2019-04-15T14:01:53.278+0200][58,465s] GC(100) User=0,01s Sys=0,00s Real=0,00s
[2019-04-15T14:01:53.278+0200][58,465s] GC(100) Concurrent Mark
[2019-04-15T14:01:53.278+0200][58,465s] GC(100) Using 4 workers of 4 for marking
[2019-04-15T14:01:53.341+0200][58,528s] GC(100) Concurrent Mark 62,856ms
[2019-04-15T14:01:53.341+0200][58,528s] GC(100) User=0,15s Sys=0,00s Real=0,06s
[2019-04-15T14:01:53.341+0200][58,528s] GC(100) Concurrent Preclean
[2019-04-15T14:01:53.342+0200][58,529s] GC(100) Concurrent Preclean 0,840ms
[2019-04-15T14:01:53.342+0200][58,529s] GC(100) User=0,00s Sys=0,00s Real=0,00s
[2019-04-15T14:01:53.342+0200][58,529s] GC(100) Concurrent Abortable Preclean
[2019-04-15T14:01:53.771+0200][58,958s] GC(100) Concurrent Abortable Preclean 429,411ms
[2019-04-15T14:01:53.772+0200][58,958s] GC(100) User=0,22s Sys=0,16s Real=0,43s
[2019-04-15T14:01:53.772+0200][58,958s] GC(100) Pause Remark
[2019-04-15T14:01:53.772+0200][58,958s] GC(101) Pause Young (CMS Final Remark)
[2019-04-15T14:01:53.772+0200][58,958s] GC(101) Using 4 workers of 4 for evacuation
[2019-04-15T14:01:53.800+0200][58,987s] GC(101) ParNew: 79077K->21824K(109248K)
[2019-04-15T14:01:53.800+0200][58,987s] GC(101) CMS: 255259K->306012K(393216K)
[2019-04-15T14:01:53.800+0200][58,987s] GC(101) Metaspace: 67104K->67104K(1112064K)
[2019-04-15T14:01:53.800+0200][58,987s] GC(101) Pause Young (CMS Final Remark) 326M->320M(490M) 28,565ms
[2019-04-15T14:01:53.800+0200][58,987s] GC(101) User=0,06s Sys=0,00s Real=0,03s
[2019-04-15T14:01:53.843+0200][59,029s] GC(100) Pause Remark 326M->320M(490M) 71,001ms
[2019-04-15T14:01:53.843+0200][59,029s] GC(100) User=0,11s Sys=0,00s Real=0,07s
[2019-04-15T14:01:53.843+0200][59,029s] GC(100) Concurrent Sweep
[2019-04-15T14:01:53.889+0200][59,076s] GC(100) Concurrent Sweep 46,204ms
[2019-04-15T14:01:53.889+0200][59,076s] GC(100) User=0,06s Sys=0,02s Real=0,05s
[2019-04-15T14:01:53.889+0200][59,076s] GC(100) Concurrent Reset
[2019-04-15T14:01:53.890+0200][59,076s] GC(100) Concurrent Reset 0,511ms
[2019-04-15T14:01:53.890+0200][59,076s] GC(100) User=0,00s Sys=0,00s Real=0,00s
[2019-04-15T14:01:53.890+0200][59,076s] GC(100) Old: 255259K->293447K(393216K)
[2019-04-15T14:01:54.442+0200][59,628s] GC(102) Pause Young (Allocation Failure)
[2019-04-15T14:01:54.442+0200][59,628s] GC(102) Using 4 workers of 4 for evacuation
[2019-04-15T14:01:54.442+0200][59,629s] GC(103) Pause Full (Allocation Failure)
[2019-04-15T14:01:54.443+0200][59,630s] GC(103) Phase 1: Mark live objects
[2019-04-15T14:01:54.517+0200][59,704s] GC(103) Phase 1: Mark live objects 74,078ms
[2019-04-15T14:01:54.517+0200][59,704s] GC(103) Phase 2: Compute new object addresses
[2019-04-15T14:01:54.562+0200][59,749s] GC(103) Phase 2: Compute new object addresses 45,138ms
[2019-04-15T14:01:54.562+0200][59,749s] GC(103) Phase 3: Adjust pointers
[2019-04-15T14:01:54.619+0200][59,805s] GC(103) Phase 3: Adjust pointers 56,057ms
[2019-04-15T14:01:54.619+0200][59,805s] GC(103) Phase 4: Move objects
[2019-04-15T14:01:54.712+0200][59,898s] GC(103) Phase 4: Move objects 93,153ms
[2019-04-15T14:01:54.713+0200][59,899s] GC(103) Pause Full (Allocation Failure) 393M->310M(490M) 270,585ms
[2019-04-15T14:01:54.713+0200][59,899s] GC(102) ParNew: 109248K->0K(109248K)
[2019-04-15T14:01:54.713+0200][59,899s] GC(102) CMS: 293447K->318179K(393216K)
[2019-04-15T14:01:54.713+0200][59,899s] GC(102) Metaspace: 67104K->67104K(1112064K)
[2019-04-15T14:01:54.713+0200][59,899s] GC(102) Pause Young (Allocation Failure) 393M->310M(490M) 270,873ms
[2019-04-15T14:01:54.713+0200][59,899s] GC(102) User=0,27s Sys=0,00s Real=0,27s
[2019-04-15T14:01:54.719+0200][59,905s] GC(104) Pause Initial Mark
[2019-04-15T14:01:54.720+0200][59,907s] GC(104) Pause Initial Mark 319M->319M(490M) 1,512ms
[2019-04-15T14:01:54.720+0200][59,907s] GC(104) User=0,00s Sys=0,00s Real=0,00s
[2019-04-15T14:01:54.720+0200][59,907s] GC(104) Concurrent Mark
[2019-04-15T14:01:54.720+0200][59,907s] GC(104) Using 4 workers of 4 for marking
[2019-04-15T14:01:54.807+0200][59,994s] GC(104) Concurrent Mark 86,718ms
[2019-04-15T14:01:54.807+0200][59,994s] GC(104) User=0,15s Sys=0,03s Real=0,09s
[2019-04-15T14:01:54.807+0200][59,994s] GC(104) Concurrent Preclean
[2019-04-15T14:01:54.810+0200][59,996s] GC(104) Concurrent Preclean 2,104ms
[2019-04-15T14:01:54.810+0200][59,996s] GC(104) User=0,00s Sys=0,00s Real=0,00s
[2019-04-15T14:01:54.810+0200][59,996s] GC(104) Concurrent Abortable Preclean
[2019-04-15T14:01:55.016+0200][60,203s] GC(104) Concurrent Abortable Preclean 206,450ms
[2019-04-15T14:01:55.016+0200][60,203s] GC(104) User=0,30s Sys=0,05s Real=0,21s
[2019-04-15T14:01:55.017+0200][60,203s] GC(104) Pause Remark
[2019-04-15T14:01:55.017+0200][60,203s] GC(105) Pause Young (CMS Final Remark)
[2019-04-15T14:01:55.017+0200][60,203s] GC(105) Using 4 workers of 4 for evacuation
[2019-04-15T14:01:55.017+0200][60,203s] GC(105) ParNew: 76136K->76136K(109248K)
[2019-04-15T14:01:55.017+0200][60,203s] GC(105) CMS: 318179K->318179K(393216K)
[2019-04-15T14:01:55.017+0200][60,203s] GC(105) Metaspace: 67130K->67130K(1112064K)
[2019-04-15T14:01:55.017+0200][60,203s] GC(105) Pause Young (CMS Final Remark) 385M->385M(490M) 0,083ms
[2019-04-15T14:01:55.017+0200][60,203s] GC(105) User=0,00s Sys=0,00s Real=0,00s
[2019-04-15T14:01:55.109+0200][60,296s] GC(104) Pause Remark 385M->385M(490M) 92,612ms
[2019-04-15T14:01:55.109+0200][60,296s] GC(104) User=0,12s Sys=0,00s Real=0,09s
[2019-04-15T14:01:55.113+0200][60,299s] GC(104) Concurrent Sweep
[2019-04-15T14:01:55.208+0200][60,395s] GC(104) Concurrent Sweep 95,876ms
[2019-04-15T14:01:55.209+0200][60,395s] GC(104) User=0,20s Sys=0,04s Real=0,10s
[2019-04-15T14:01:55.209+0200][60,395s] GC(104) Concurrent Reset
[2019-04-15T14:01:55.209+0200][60,395s] GC(106) Pause Young (Allocation Failure)
[2019-04-15T14:01:55.209+0200][60,395s] GC(106) Using 4 workers of 4 for evacuation
[2019-04-15T14:01:55.209+0200][60,395s] GC(107) Pause Full (Allocation Failure)
[2019-04-15T14:01:55.213+0200][60,400s] GC(104) Concurrent Reset 4,665ms
[2019-04-15T14:01:55.213+0200][60,400s] GC(104) User=0,02s Sys=0,00s Real=0,01s
[2019-04-15T14:01:55.213+0200][60,400s] GC(104) Old: 318179K->320077K(393216K)
[2019-04-15T14:01:55.213+0200][60,400s] GC(107) Phase 1: Mark live objects
[2019-04-15T14:01:55.315+0200][60,502s] GC(107) Phase 1: Mark live objects 101,753ms
[2019-04-15T14:01:55.315+0200][60,502s] GC(107) Phase 2: Compute new object addresses
[2019-04-15T14:01:55.363+0200][60,549s] GC(107) Phase 2: Compute new object addresses 47,537ms
[2019-04-15T14:01:55.363+0200][60,549s] GC(107) Phase 3: Adjust pointers
[2019-04-15T14:01:55.421+0200][60,608s] GC(107) Phase 3: Adjust pointers 58,635ms
[2019-04-15T14:01:55.422+0200][60,608s] GC(107) Phase 4: Move objects
[2019-04-15T14:01:55.505+0200][60,692s] GC(107) Phase 4: Move objects 83,824ms
[2019-04-15T14:01:55.506+0200][60,693s] GC(107) Pause Full (Allocation Failure) 397M->340M(490M) 297,316ms
[2019-04-15T14:01:55.506+0200][60,693s] GC(106) ParNew: 87424K->0K(109248K)
[2019-04-15T14:01:55.506+0200][60,693s] GC(106) CMS: 320077K->349177K(393216K)
[2019-04-15T14:01:55.506+0200][60,693s] GC(106) Metaspace: 67130K->67130K(1112064K)
[2019-04-15T14:01:55.506+0200][60,693s] GC(106) Pause Young (Allocation Failure) 397M->340M(490M) 297,472ms
[2019-04-15T14:01:55.506+0200][60,693s] GC(106) User=0,31s Sys=0,00s Real=0,30s
[2019-04-15T14:01:56.328+0200][61,514s] GC(108) Pause Young (Allocation Failure)
[2019-04-15T14:01:56.328+0200][61,514s] GC(108) Using 4 workers of 4 for evacuation
[2019-04-15T14:01:56.328+0200][61,514s] GC(109) Pause Full (Allocation Failure)
[2019-04-15T14:01:56.329+0200][61,515s] GC(109) Phase 1: Mark live objects
[2019-04-15T14:01:56.409+0200][61,596s] GC(109) Phase 1: Mark live objects 80,130ms
[2019-04-15T14:01:56.409+0200][61,596s] GC(109) Phase 2: Compute new object addresses
[2019-04-15T14:01:56.448+0200][61,635s] GC(109) Phase 2: Compute new object addresses 38,970ms
[2019-04-15T14:01:56.448+0200][61,635s] GC(109) Phase 3: Adjust pointers
[2019-04-15T14:01:56.509+0200][61,696s] GC(109) Phase 3: Adjust pointers 60,956ms
[2019-04-15T14:01:56.509+0200][61,696s] GC(109) Phase 4: Move objects
[2019-04-15T14:01:56.631+0200][61,817s] GC(109) Phase 4: Move objects 121,498ms
[2019-04-15T14:01:56.631+0200][61,818s] GC(109) Pause Full (Allocation Failure) 426M->405M(490M) 303,597ms
[2019-04-15T14:01:56.631+0200][61,818s] GC(108) ParNew: 87424K->22126K(109248K)
[2019-04-15T14:01:56.631+0200][61,818s] GC(108) CMS: 349177K->393214K(393216K)
[2019-04-15T14:01:56.631+0200][61,818s] GC(108) Metaspace: 67171K->67171K(1112064K)
[2019-04-15T14:01:56.631+0200][61,818s] GC(108) Pause Young (Allocation Failure) 426M->405M(490M) 303,896ms
[2019-04-15T14:01:56.631+0200][61,818s] GC(108) User=0,29s Sys=0,01s Real=0,30s
[2019-04-15T14:01:56.632+0200][61,818s] GC(110) Pause Initial Mark
[2019-04-15T14:01:56.632+0200][61,819s] GC(110) Pause Initial Mark 405M->405M(490M) 0,656ms
[2019-04-15T14:01:56.632+0200][61,819s] GC(110) User=0,00s Sys=0,00s Real=0,00s
[2019-04-15T14:01:56.632+0200][61,819s] GC(110) Concurrent Mark
[2019-04-15T14:01:56.632+0200][61,819s] GC(110) Using 4 workers of 4 for marking
[2019-04-15T14:01:56.705+0200][61,891s] GC(110) Concurrent Mark 72,234ms
[2019-04-15T14:01:56.705+0200][61,891s] GC(110) User=0,15s Sys=0,00s Real=0,07s
[2019-04-15T14:01:56.705+0200][61,891s] GC(110) Concurrent Preclean
[2019-04-15T14:01:56.804+0200][61,991s] GC(110) Concurrent Preclean 99,537ms
[2019-04-15T14:01:56.804+0200][61,991s] GC(110) User=0,11s Sys=0,04s Real=0,10s
[2019-04-15T14:01:56.804+0200][61,991s] GC(110) Concurrent Abortable Preclean
[2019-04-15T14:01:56.804+0200][61,991s] GC(110) Concurrent Abortable Preclean 0,008ms
[2019-04-15T14:01:56.804+0200][61,991s] GC(110) User=0,00s Sys=0,00s Real=0,00s
[2019-04-15T14:01:56.805+0200][61,991s] GC(110) Pause Remark
[2019-04-15T14:01:56.805+0200][61,991s] GC(111) Pause Young (CMS Final Remark)
[2019-04-15T14:01:56.805+0200][61,991s] GC(111) Using 4 workers of 4 for evacuation
[2019-04-15T14:01:56.805+0200][61,991s] GC(111) ParNew: 43262K->43262K(109248K)
[2019-04-15T14:01:56.805+0200][61,991s] GC(111) CMS: 393214K->393214K(393216K)
[2019-04-15T14:01:56.805+0200][61,991s] GC(111) Metaspace: 67171K->67171K(1112064K)
[2019-04-15T14:01:56.805+0200][61,991s] GC(111) Pause Young (CMS Final Remark) 426M->426M(490M) 0,081ms
[2019-04-15T14:01:56.805+0200][61,991s] GC(111) User=0,00s Sys=0,00s Real=0,00s
[2019-04-15T14:01:56.863+0200][62,049s] GC(110) Pause Remark 426M->426M(490M) 58,392ms
[2019-04-15T14:01:56.863+0200][62,049s] GC(110) User=0,06s Sys=0,00s Real=0,06s
[2019-04-15T14:01:56.863+0200][62,050s] GC(110) Concurrent Sweep
[2019-04-15T14:01:56.902+0200][62,089s] GC(110) Concurrent Sweep 39,283ms
[2019-04-15T14:01:56.902+0200][62,089s] GC(110) User=0,05s Sys=0,00s Real=0,04s
[2019-04-15T14:01:56.902+0200][62,089s] GC(110) Concurrent Reset
[2019-04-15T14:01:56.903+0200][62,089s] GC(110) Concurrent Reset 0,477ms
[2019-04-15T14:01:56.903+0200][62,089s] GC(110) User=0,00s Sys=0,00s Real=0,00s
[2019-04-15T14:01:56.903+0200][62,089s] GC(110) Old: 393214K->393213K(393216K)
[2019-04-15T14:01:57.521+0200][62,707s] GC(112) Pause Young (Allocation Failure)
[2019-04-15T14:01:57.521+0200][62,707s] GC(112) Using 4 workers of 4 for evacuation
[2019-04-15T14:01:57.521+0200][62,707s] GC(113) Pause Full (Allocation Failure)
[2019-04-15T14:01:57.522+0200][62,708s] GC(113) Phase 1: Mark live objects
[2019-04-15T14:01:57.612+0200][62,798s] GC(113) Phase 1: Mark live objects 89,880ms
[2019-04-15T14:01:57.612+0200][62,798s] GC(113) Phase 2: Compute new object addresses
[2019-04-15T14:01:57.665+0200][62,852s] GC(113) Phase 2: Compute new object addresses 53,415ms
[2019-04-15T14:01:57.665+0200][62,852s] GC(113) Phase 3: Adjust pointers
[2019-04-15T14:01:57.736+0200][62,922s] GC(113) Phase 3: Adjust pointers 70,890ms
[2019-04-15T14:01:57.736+0200][62,922s] GC(113) Phase 4: Move objects
[2019-04-15T14:01:57.867+0200][63,054s] GC(113) Phase 4: Move objects 131,101ms
[2019-04-15T14:01:57.868+0200][63,054s] GC(113) Pause Full (Allocation Failure) 490M->480M(490M) 347,033ms
[2019-04-15T14:01:57.868+0200][63,054s] GC(112) ParNew: 109247K->98877K(109248K)
[2019-04-15T14:01:57.868+0200][63,054s] GC(112) CMS: 393213K->393213K(393216K)
[2019-04-15T14:01:57.868+0200][63,054s] GC(112) Metaspace: 67171K->67171K(1112064K)
[2019-04-15T14:01:57.868+0200][63,054s] GC(112) Pause Young (Allocation Failure) 490M->480M(490M) 347,194ms
[2019-04-15T14:01:57.868+0200][63,054s] GC(112) User=0,34s Sys=0,00s Real=0,35s
[2019-04-15T14:01:57.869+0200][63,055s] GC(114) Pause Initial Mark
[2019-04-15T14:01:57.871+0200][63,058s] GC(114) Pause Initial Mark 480M->480M(490M) 2,843ms
[2019-04-15T14:01:57.871+0200][63,058s] GC(114) User=0,01s Sys=0,00s Real=0,00s
[2019-04-15T14:01:57.871+0200][63,058s] GC(114) Concurrent Mark
[2019-04-15T14:01:57.871+0200][63,058s] GC(114) Using 4 workers of 4 for marking
[2019-04-15T14:01:57.939+0200][63,125s] GC(114) Concurrent Mark 67,275ms
[2019-04-15T14:01:57.939+0200][63,126s] GC(114) User=0,16s Sys=0,00s Real=0,07s
[2019-04-15T14:01:57.939+0200][63,126s] GC(114) Concurrent Preclean
[2019-04-15T14:01:57.955+0200][63,142s] GC(115) Pause Full (Allocation Failure)
[2019-04-15T14:01:58.001+0200][63,188s] GC(114) Concurrent Preclean 62,126ms
[2019-04-15T14:01:58.001+0200][63,188s] GC(114) User=0,08s Sys=0,00s Real=0,06s
[2019-04-15T14:01:58.002+0200][63,189s] GC(115) Phase 1: Mark live objects
[2019-04-15T14:01:58.107+0200][63,294s] GC(115) Phase 1: Mark live objects 105,333ms
[2019-04-15T14:01:58.108+0200][63,294s] GC(115) Phase 2: Compute new object addresses
[2019-04-15T14:01:58.159+0200][63,345s] GC(115) Phase 2: Compute new object addresses 51,272ms
[2019-04-15T14:01:58.159+0200][63,345s] GC(115) Phase 3: Adjust pointers
[2019-04-15T14:01:58.237+0200][63,424s] GC(115) Phase 3: Adjust pointers 78,387ms
[2019-04-15T14:01:58.237+0200][63,424s] GC(115) Phase 4: Move objects
[2019-04-15T14:01:58.384+0200][63,571s] GC(115) Phase 4: Move objects 147,091ms
[2019-04-15T14:01:58.386+0200][63,572s] GC(115) ParNew: 109246K->104737K(109248K)
[2019-04-15T14:01:58.386+0200][63,572s] GC(115) CMS: 393213K->393215K(393216K)
[2019-04-15T14:01:58.386+0200][63,572s] GC(115) Metaspace: 67171K->67171K(1112064K)
[2019-04-15T14:01:58.386+0200][63,572s] GC(115) Pause Full (Allocation Failure) 490M->486M(490M) 430,698ms
[2019-04-15T14:01:58.386+0200][63,572s] GC(115) User=0,42s Sys=0,00s Real=0,43s
[2019-04-15T14:01:58.396+0200][63,583s] GC(116) Pause Full (Allocation Failure)
[2019-04-15T14:01:58.397+0200][63,583s] GC(116) Phase 1: Mark live objects
[2019-04-15T14:01:58.526+0200][63,712s] GC(116) Phase 1: Mark live objects 128,866ms
[2019-04-15T14:01:58.526+0200][63,712s] GC(116) Phase 2: Compute new object addresses
[2019-04-15T14:01:58.597+0200][63,783s] GC(116) Phase 2: Compute new object addresses 70,867ms
[2019-04-15T14:01:58.597+0200][63,783s] GC(116) Phase 3: Adjust pointers
[2019-04-15T14:01:58.692+0200][63,878s] GC(116) Phase 3: Adjust pointers 94,975ms
[2019-04-15T14:01:58.692+0200][63,878s] GC(116) Phase 4: Move objects
[2019-04-15T14:01:58.836+0200][64,022s] GC(116) Phase 4: Move objects 144,009ms
[2019-04-15T14:01:58.837+0200][64,023s] GC(116) ParNew: 109244K->109052K(109248K)
[2019-04-15T14:01:58.837+0200][64,023s] GC(116) CMS: 393215K->393214K(393216K)
[2019-04-15T14:01:58.837+0200][64,023s] GC(116) Metaspace: 66810K->66810K(1112064K)
[2019-04-15T14:01:58.837+0200][64,023s] GC(116) Pause Full (Allocation Failure) 490M->490M(490M) 440,462ms
[2019-04-15T14:01:58.837+0200][64,023s] GC(116) User=0,41s Sys=0,01s Real=0,44s
[2019-04-15T14:01:58.837+0200][64,024s] GC(117) Pause Full (Allocation Failure)
[2019-04-15T14:01:58.838+0200][64,024s] GC(117) Phase 1: Mark live objects
[2019-04-15T14:01:58.994+0200][64,181s] GC(117) Phase 1: Mark live objects 156,316ms
[2019-04-15T14:01:58.994+0200][64,181s] GC(117) Phase 2: Compute new object addresses
[2019-04-15T14:01:59.083+0200][64,270s] GC(117) Phase 2: Compute new object addresses 89,209ms
[2019-04-15T14:01:59.083+0200][64,270s] GC(117) Phase 3: Adjust pointers
[2019-04-15T14:01:59.169+0200][64,356s] GC(117) Phase 3: Adjust pointers 85,955ms
[2019-04-15T14:01:59.170+0200][64,356s] GC(117) Phase 4: Move objects
[2019-04-15T14:01:59.324+0200][64,511s] GC(117) Phase 4: Move objects 154,474ms
[2019-04-15T14:01:59.354+0200][64,540s] GC(117) ParNew: 109247K->109217K(109248K)
[2019-04-15T14:01:59.354+0200][64,541s] GC(117) CMS: 393214K->393212K(393216K)
[2019-04-15T14:01:59.354+0200][64,541s] GC(117) Metaspace: 66810K->66810K(1112064K)
[2019-04-15T14:01:59.354+0200][64,541s] GC(117) Pause Full (Allocation Failure) 490M->490M(490M) 517,019ms
[2019-04-15T14:01:59.354+0200][64,541s] GC(117) User=0,39s Sys=0,00s Real=0,52s
[2019-04-15T14:01:59.364+0200][64,551s] GC(118) Pause Full (Allocation Failure)
[2019-04-15T14:01:59.365+0200][64,552s] GC(118) Phase 1: Mark live objects
[2019-04-15T14:01:59.536+0200][64,722s] GC(118) Phase 1: Mark live objects 170,350ms
[2019-04-15T14:01:59.536+0200][64,722s] GC(118) Phase 2: Compute new object addresses
[2019-04-15T14:01:59.620+0200][64,807s] GC(118) Phase 2: Compute new object addresses 84,291ms
[2019-04-15T14:01:59.620+0200][64,807s] GC(118) Phase 3: Adjust pointers
[2019-04-15T14:01:59.779+0200][64,965s] GC(118) Phase 3: Adjust pointers 158,748ms
[2019-04-15T14:01:59.779+0200][64,965s] GC(118) Phase 4: Move objects
[2019-04-15T14:02:00.000+0200][65,186s] GC(118) Phase 4: Move objects 220,880ms
[2019-04-15T14:02:00.001+0200][65,187s] GC(118) ParNew: 109244K->109231K(109248K)
[2019-04-15T14:02:00.001+0200][65,187s] GC(118) CMS: 393212K->393215K(393216K)
[2019-04-15T14:02:00.001+0200][65,187s] GC(118) Metaspace: 66811K->66811K(1112064K)
[2019-04-15T14:02:00.001+0200][65,187s] GC(118) Pause Full (Allocation Failure) 490M->490M(490M) 636,518ms
[2019-04-15T14:02:00.001+0200][65,187s] GC(118) User=0,36s Sys=0,00s Real=0,64s
[2019-04-15T14:02:00.002+0200][65,188s] GC(119) Pause Full (Allocation Failure)
[2019-04-15T14:02:00.005+0200][65,191s] GC(119) Phase 1: Mark live objects
[2019-04-15T14:02:00.116+0200][65,303s] GC(119) Phase 1: Mark live objects 111,550ms
[2019-04-15T14:02:00.116+0200][65,303s] GC(119) Phase 2: Compute new object addresses
[2019-04-15T14:02:00.179+0200][65,365s] GC(119) Phase 2: Compute new object addresses 62,450ms
[2019-04-15T14:02:00.179+0200][65,365s] GC(119) Phase 3: Adjust pointers
[2019-04-15T14:02:00.257+0200][65,444s] GC(119) Phase 3: Adjust pointers 78,452ms
[2019-04-15T14:02:00.257+0200][65,444s] GC(119) Phase 4: Move objects
[2019-04-15T14:02:00.270+0200][65,456s] GC(119) Phase 4: Move objects 12,415ms
[2019-04-15T14:02:00.271+0200][65,457s] GC(119) ParNew: 109248K->109240K(109248K)
[2019-04-15T14:02:00.271+0200][65,457s] GC(119) CMS: 393215K->393215K(393216K)
[2019-04-15T14:02:00.271+0200][65,457s] GC(119) Metaspace: 66811K->66811K(1112064K)
[2019-04-15T14:02:00.271+0200][65,457s] GC(119) Pause Full (Allocation Failure) 490M->490M(490M) 269,235ms
[2019-04-15T14:02:00.271+0200][65,457s] GC(119) User=0,25s Sys=0,01s Real=0,27s
[2019-04-15T14:02:00.272+0200][65,458s] GC(120) Pause Full (Allocation Failure)
[2019-04-15T14:02:00.272+0200][65,459s] GC(120) Phase 1: Mark live objects
[2019-04-15T14:02:00.377+0200][65,563s] GC(120) Phase 1: Mark live objects 104,412ms
[2019-04-15T14:02:00.377+0200][65,563s] GC(120) Phase 2: Compute new object addresses
[2019-04-15T14:02:00.435+0200][65,622s] GC(120) Phase 2: Compute new object addresses 58,617ms
[2019-04-15T14:02:00.436+0200][65,622s] GC(120) Phase 3: Adjust pointers
[2019-04-15T14:02:00.520+0200][65,706s] GC(120) Phase 3: Adjust pointers 83,965ms
[2019-04-15T14:02:00.520+0200][65,706s] GC(120) Phase 4: Move objects
[2019-04-15T14:02:00.645+0200][65,832s] GC(120) Phase 4: Move objects 125,835ms
[2019-04-15T14:02:00.648+0200][65,835s] GC(120) ParNew: 109247K->109205K(109248K)
[2019-04-15T14:02:00.648+0200][65,835s] GC(120) CMS: 393215K->393215K(393216K)
[2019-04-15T14:02:00.648+0200][65,835s] GC(120) Metaspace: 66811K->66811K(1112064K)
[2019-04-15T14:02:00.648+0200][65,835s] GC(120) Pause Full (Allocation Failure) 490M->490M(490M) 376,169ms
[2019-04-15T14:02:00.648+0200][65,835s] GC(120) User=0,37s Sys=0,00s Real=0,38s
[2019-04-15T14:02:00.649+0200][65,835s] GC(121) Pause Full (Allocation Failure)
[2019-04-15T14:02:00.649+0200][65,836s] GC(121) Phase 1: Mark live objects
[2019-04-15T14:02:00.760+0200][65,947s] GC(121) Phase 1: Mark live objects 111,224ms
[2019-04-15T14:02:00.760+0200][65,947s] GC(121) Phase 2: Compute new object addresses
[2019-04-15T14:02:00.821+0200][66,008s] GC(121) Phase 2: Compute new object addresses 60,902ms
[2019-04-15T14:02:00.821+0200][66,008s] GC(121) Phase 3: Adjust pointers
[2019-04-15T14:02:00.909+0200][66,096s] GC(121) Phase 3: Adjust pointers 87,682ms
[2019-04-15T14:02:00.909+0200][66,096s] GC(121) Phase 4: Move objects
[2019-04-15T14:02:01.063+0200][66,249s] GC(121) Phase 4: Move objects 153,523ms
[2019-04-15T14:02:01.064+0200][66,250s] GC(121) ParNew: 109246K->109064K(109248K)
[2019-04-15T14:02:01.064+0200][66,250s] GC(121) CMS: 393215K->393212K(393216K)
[2019-04-15T14:02:01.064+0200][66,250s] GC(121) Metaspace: 66811K->66811K(1112064K)
[2019-04-15T14:02:01.064+0200][66,250s] GC(121) Pause Full (Allocation Failure) 490M->490M(490M) 415,276ms
[2019-04-15T14:02:01.064+0200][66,250s] GC(121) User=0,38s Sys=0,00s Real=0,41s
[2019-04-15T14:02:01.064+0200][66,251s] GC(122) Pause Full (Allocation Failure)
[2019-04-15T14:02:01.065+0200][66,251s] GC(122) Phase 1: Mark live objects
[2019-04-15T14:02:01.188+0200][66,375s] GC(122) Phase 1: Mark live objects 123,606ms
[2019-04-15T14:02:01.189+0200][66,375s] GC(122) Phase 2: Compute new object addresses
[2019-04-15T14:02:01.234+0200][66,420s] GC(122) Phase 2: Compute new object addresses 45,102ms
[2019-04-15T14:02:01.234+0200][66,420s] GC(122) Phase 3: Adjust pointers
[2019-04-15T14:02:01.304+0200][66,491s] GC(122) Phase 3: Adjust pointers 70,491ms
[2019-04-15T14:02:01.304+0200][66,491s] GC(122) Phase 4: Move objects
[2019-04-15T14:02:01.378+0200][66,564s] GC(122) Phase 4: Move objects 73,559ms
[2019-04-15T14:02:01.379+0200][66,565s] GC(122) ParNew: 109247K->109245K(109248K)
[2019-04-15T14:02:01.379+0200][66,565s] GC(122) CMS: 393212K->393212K(393216K)
[2019-04-15T14:02:01.379+0200][66,565s] GC(122) Metaspace: 66742K->66742K(1112064K)
[2019-04-15T14:02:01.379+0200][66,565s] GC(122) Pause Full (Allocation Failure) 490M->490M(490M) 314,556ms
[2019-04-15T14:02:01.379+0200][66,565s] GC(122) User=0,29s Sys=0,00s Real=0,32s
[2019-04-15T14:02:01.379+0200][66,565s] GC(123) Pause Full (Allocation Failure)
[2019-04-15T14:02:01.379+0200][66,566s] GC(123) Phase 1: Mark live objects
[2019-04-15T14:02:01.467+0200][66,654s] GC(123) Phase 1: Mark live objects 88,153ms
[2019-04-15T14:02:01.468+0200][66,654s] GC(123) Phase 2: Compute new object addresses
[2019-04-15T14:02:01.514+0200][66,700s] GC(123) Phase 2: Compute new object addresses 46,009ms
[2019-04-15T14:02:01.514+0200][66,700s] GC(123) Phase 3: Adjust pointers
[2019-04-15T14:02:01.578+0200][66,765s] GC(123) Phase 3: Adjust pointers 64,554ms
[2019-04-15T14:02:01.578+0200][66,765s] GC(123) Phase 4: Move objects
[2019-04-15T14:02:01.705+0200][66,892s] GC(123) Phase 4: Move objects 126,840ms
[2019-04-15T14:02:01.722+0200][66,908s] GC(123) ParNew: 109245K->108888K(109248K)
[2019-04-15T14:02:01.722+0200][66,908s] GC(123) CMS: 393212K->393215K(393216K)
[2019-04-15T14:02:01.722+0200][66,908s] GC(123) Metaspace: 66742K->66742K(1112064K)
[2019-04-15T14:02:01.722+0200][66,909s] GC(123) Pause Full (Allocation Failure) 490M->490M(490M) 343,042ms
[2019-04-15T14:02:01.722+0200][66,909s] GC(123) User=0,34s Sys=0,00s Real=0,34s
[2019-04-15T14:02:01.722+0200][66,909s] GC(124) Pause Initial Mark
[2019-04-15T14:02:01.724+0200][66,911s] GC(124) Pause Initial Mark 490M->490M(490M) 2,033ms
[2019-04-15T14:02:01.724+0200][66,911s] GC(124) User=0,00s Sys=0,00s Real=0,00s
[2019-04-15T14:02:01.724+0200][66,911s] GC(124) Concurrent Mark
[2019-04-15T14:02:01.724+0200][66,911s] GC(124) Using 4 workers of 4 for marking
[2019-04-15T14:02:01.728+0200][66,914s] GC(125) Pause Full (Allocation Failure)
[2019-04-15T14:02:01.783+0200][66,969s] GC(124) Concurrent Mark 58,475ms
[2019-04-15T14:02:01.783+0200][66,969s] GC(124) User=0,12s Sys=0,00s Real=0,06s
[2019-04-15T14:02:01.783+0200][66,970s] GC(125) Phase 1: Mark live objects
[2019-04-15T14:02:01.898+0200][67,084s] GC(125) Phase 1: Mark live objects 114,534ms
[2019-04-15T14:02:01.898+0200][67,084s] GC(125) Phase 2: Compute new object addresses
[2019-04-15T14:02:01.957+0200][67,143s] GC(125) Phase 2: Compute new object addresses 59,026ms
[2019-04-15T14:02:01.957+0200][67,143s] GC(125) Phase 3: Adjust pointers
[2019-04-15T14:02:02.053+0200][67,239s] GC(125) Phase 3: Adjust pointers 96,014ms
[2019-04-15T14:02:02.053+0200][67,240s] GC(125) Phase 4: Move objects
[2019-04-15T14:02:02.153+0200][67,339s] GC(125) Phase 4: Move objects 99,562ms
[2019-04-15T14:02:02.154+0200][67,340s] GC(125) ParNew: 109247K->109231K(109248K)
[2019-04-15T14:02:02.154+0200][67,340s] GC(125) CMS: 393215K->393215K(393216K)
[2019-04-15T14:02:02.154+0200][67,340s] GC(125) Metaspace: 66719K->66719K(1112064K)
[2019-04-15T14:02:02.154+0200][67,340s] GC(125) Pause Full (Allocation Failure) 490M->490M(490M) 426,235ms
[2019-04-15T14:02:02.154+0200][67,340s] GC(125) User=0,47s Sys=0,01s Real=0,43s
[2019-04-15T14:02:02.154+0200][67,341s] GC(126) Pause Full (Allocation Failure)
[2019-04-15T14:02:02.156+0200][67,342s] GC(126) Phase 1: Mark live objects
[2019-04-15T14:02:02.272+0200][67,458s] GC(126) Phase 1: Mark live objects 116,375ms
[2019-04-15T14:02:02.272+0200][67,459s] GC(126) Phase 2: Compute new object addresses
[2019-04-15T14:02:02.335+0200][67,522s] GC(126) Phase 2: Compute new object addresses 63,301ms
[2019-04-15T14:02:02.335+0200][67,522s] GC(126) Phase 3: Adjust pointers
[2019-04-15T14:02:02.421+0200][67,607s] GC(126) Phase 3: Adjust pointers 85,478ms
[2019-04-15T14:02:02.421+0200][67,607s] GC(126) Phase 4: Move objects
[2019-04-15T14:02:02.421+0200][67,608s] GC(126) Phase 4: Move objects 0,038ms
[2019-04-15T14:02:02.422+0200][67,609s] GC(126) ParNew: 109243K->109243K(109248K)
[2019-04-15T14:02:02.422+0200][67,609s] GC(126) CMS: 393215K->393215K(393216K)
[2019-04-15T14:02:02.422+0200][67,609s] GC(126) Metaspace: 66719K->66719K(1112064K)
[2019-04-15T14:02:02.422+0200][67,609s] GC(126) Pause Full (Allocation Failure) 490M->490M(490M) 268,437ms
[2019-04-15T14:02:02.422+0200][67,609s] GC(126) User=0,26s Sys=0,00s Real=0,26s
[2019-04-15T14:02:02.422+0200][67,609s] GC(127) Pause Full (Allocation Failure)
[2019-04-15T14:02:02.423+0200][67,610s] GC(127) Phase 1: Mark live objects
[2019-04-15T14:02:02.531+0200][67,718s] GC(127) Phase 1: Mark live objects 108,080ms
[2019-04-15T14:02:02.531+0200][67,718s] GC(127) Phase 2: Compute new object addresses
[2019-04-15T14:02:02.594+0200][67,780s] GC(127) Phase 2: Compute new object addresses 62,710ms
[2019-04-15T14:02:02.594+0200][67,780s] GC(127) Phase 3: Adjust pointers
[2019-04-15T14:02:02.678+0200][67,865s] GC(127) Phase 3: Adjust pointers 84,589ms
[2019-04-15T14:02:02.679+0200][67,865s] GC(127) Phase 4: Move objects
[2019-04-15T14:02:02.679+0200][67,865s] GC(127) Phase 4: Move objects 0,018ms
[2019-04-15T14:02:02.679+0200][67,866s] GC(127) ParNew: 109243K->109243K(109248K)
[2019-04-15T14:02:02.679+0200][67,866s] GC(127) CMS: 393215K->393215K(393216K)
[2019-04-15T14:02:02.679+0200][67,866s] GC(127) Metaspace: 66719K->66719K(1112064K)
[2019-04-15T14:02:02.679+0200][67,866s] GC(127) Pause Full (Allocation Failure) 490M->490M(490M) 256,942ms
[2019-04-15T14:02:02.679+0200][67,866s] GC(127) User=0,26s Sys=0,00s Real=0,26s
