[2019-04-15T13:41:57.887+0200][0.046s] Using Concurrent Mark Sweep
[2019-04-15T13:41:57.887+0200][0.046s] Heap address: 0x00000000e0000000, size: 512 MB, Compressed Oops mode: 32-bit
[2019-04-15T13:42:01.961+0200][4,120s] GC(0) Pause Initial Mark
[2019-04-15T13:42:01.992+0200][4,151s] GC(0) Pause Initial Mark 61M->61M(490M) 31,249ms
[2019-04-15T13:42:01.992+0200][4,151s] GC(0) User=0,05s Sys=0,00s Real=0,03s
[2019-04-15T13:42:01.992+0200][4,151s] GC(0) Concurrent Mark
[2019-04-15T13:42:01.992+0200][4,151s] GC(0) Using 4 workers of 4 for marking
[2019-04-15T13:42:02.004+0200][4,163s] GC(0) Concurrent Mark 11,273ms
[2019-04-15T13:42:02.004+0200][4,163s] GC(0) User=0,01s Sys=0,00s Real=0,01s
[2019-04-15T13:42:02.004+0200][4,163s] GC(0) Concurrent Preclean
[2019-04-15T13:42:02.005+0200][4,166s] GC(0) Concurrent Preclean 1,063ms
[2019-04-15T13:42:02.007+0200][4,166s] GC(0) User=0,01s Sys=0,00s Real=0,01s
[2019-04-15T13:42:02.007+0200][4,166s] GC(0) Concurrent Abortable Preclean
[2019-04-15T13:42:03.138+0200][5,296s] GC(1) Pause Young (Allocation Failure)
[2019-04-15T13:42:03.138+0200][5,297s] GC(1) Using 4 workers of 4 for evacuation
[2019-04-15T13:42:03.145+0200][5,304s] GC(0) Concurrent Abortable Preclean 1138,443ms
[2019-04-15T13:42:03.145+0200][5,304s] GC(0) User=0,87s Sys=0,04s Real=1,14s
[2019-04-15T13:42:03.209+0200][5,368s] GC(1) ParNew: 87424K->11105K(109248K)
[2019-04-15T13:42:03.209+0200][5,368s] GC(1) CMS: 0K->0K(393216K)
[2019-04-15T13:42:03.209+0200][5,368s] GC(1) Metaspace: 24196K->24196K(1071104K)
[2019-04-15T13:42:03.209+0200][5,368s] GC(1) Pause Young (Allocation Failure) 85M->10M(490M) 71,795ms
[2019-04-15T13:42:03.209+0200][5,368s] GC(1) User=0,06s Sys=0,01s Real=0,07s
[2019-04-15T13:42:03.215+0200][5,374s] GC(0) Pause Remark
[2019-04-15T13:42:03.215+0200][5,374s] GC(2) Pause Young (CMS Final Remark)
[2019-04-15T13:42:03.215+0200][5,374s] GC(2) Using 4 workers of 4 for evacuation
[2019-04-15T13:42:03.273+0200][5,432s] GC(2) ParNew: 12766K->13001K(109248K)
[2019-04-15T13:42:03.273+0200][5,432s] GC(2) CMS: 0K->0K(393216K)
[2019-04-15T13:42:03.273+0200][5,432s] GC(2) Metaspace: 24204K->24204K(1071104K)
[2019-04-15T13:42:03.273+0200][5,432s] GC(2) Pause Young (CMS Final Remark) 12M->12M(490M) 58,373ms
[2019-04-15T13:42:03.273+0200][5,432s] GC(2) User=0,06s Sys=0,00s Real=0,06s
[2019-04-15T13:42:03.332+0200][5,491s] GC(0) Pause Remark 12M->12M(490M) 117,597ms
[2019-04-15T13:42:03.332+0200][5,491s] GC(0) User=0,10s Sys=0,00s Real=0,11s
[2019-04-15T13:42:03.332+0200][5,491s] GC(0) Concurrent Sweep
[2019-04-15T13:42:03.332+0200][5,491s] GC(0) Concurrent Sweep 0,039ms
[2019-04-15T13:42:03.332+0200][5,491s] GC(0) User=0,00s Sys=0,00s Real=0,00s
[2019-04-15T13:42:03.332+0200][5,491s] GC(0) Concurrent Reset
[2019-04-15T13:42:03.339+0200][5,498s] GC(0) Concurrent Reset 6,742ms
[2019-04-15T13:42:03.339+0200][5,498s] GC(0) User=0,01s Sys=0,01s Real=0,01s
[2019-04-15T13:42:03.339+0200][5,498s] GC(0) Old: 0K->0K(393216K)
[2019-04-15T13:42:05.893+0200][8,052s] GC(3) Pause Young (Allocation Failure)
[2019-04-15T13:42:05.893+0200][8,052s] GC(3) Using 4 workers of 4 for evacuation
[2019-04-15T13:42:05.948+0200][8,107s] GC(3) ParNew: 100409K->21519K(109248K)
[2019-04-15T13:42:05.949+0200][8,107s] GC(3) CMS: 0K->0K(393216K)
[2019-04-15T13:42:05.949+0200][8,107s] GC(3) Metaspace: 32284K->32284K(1079296K)
[2019-04-15T13:42:05.949+0200][8,107s] GC(3) Pause Young (Allocation Failure) 98M->21M(490M) 55,802ms
[2019-04-15T13:42:05.949+0200][8,107s] GC(3) User=0,09s Sys=0,00s Real=0,06s
[2019-04-15T13:42:06.159+0200][8,318s] GC(4) Pause Young (Allocation Failure)
[2019-04-15T13:42:06.159+0200][8,318s] GC(4) Using 4 workers of 4 for evacuation
[2019-04-15T13:42:06.221+0200][8,380s] GC(4) ParNew: 108943K->21824K(109248K)
[2019-04-15T13:42:06.221+0200][8,380s] GC(4) CMS: 0K->21766K(393216K)
[2019-04-15T13:42:06.221+0200][8,380s] GC(4) Metaspace: 33242K->33242K(1079296K)
[2019-04-15T13:42:06.221+0200][8,380s] GC(4) Pause Young (Allocation Failure) 106M->42M(490M) 62,079ms
[2019-04-15T13:42:06.221+0200][8,380s] GC(4) User=0,10s Sys=0,03s Real=0,06s
[2019-04-15T13:42:21.757+0200][23,916s] GC(5) Pause Young (Allocation Failure)
[2019-04-15T13:42:21.757+0200][23,916s] GC(5) Using 4 workers of 4 for evacuation
[2019-04-15T13:42:21.845+0200][24,004s] GC(5) ParNew: 109248K->21824K(109248K)
[2019-04-15T13:42:21.845+0200][24,004s] GC(5) CMS: 21766K->35032K(393216K)
[2019-04-15T13:42:21.845+0200][24,004s] GC(5) Metaspace: 39524K->39524K(1085440K)
[2019-04-15T13:42:21.845+0200][24,004s] GC(5) Pause Young (Allocation Failure) 127M->55M(490M) 87,981ms
[2019-04-15T13:42:21.845+0200][24,004s] GC(5) User=0,22s Sys=0,01s Real=0,08s
[2019-04-15T13:42:22.433+0200][24,592s] GC(6) Pause Young (Allocation Failure)
[2019-04-15T13:42:22.433+0200][24,592s] GC(6) Using 4 workers of 4 for evacuation
[2019-04-15T13:42:22.452+0200][24,611s] GC(6) ParNew: 109248K->21824K(109248K)
[2019-04-15T13:42:22.452+0200][24,611s] GC(6) CMS: 35032K->35341K(393216K)
[2019-04-15T13:42:22.452+0200][24,611s] GC(6) Metaspace: 41652K->41652K(1087488K)
[2019-04-15T13:42:22.452+0200][24,611s] GC(6) Pause Young (Allocation Failure) 140M->55M(490M) 18,985ms
[2019-04-15T13:42:22.452+0200][24,611s] GC(6) User=0,05s Sys=0,00s Real=0,02s
[2019-04-15T13:42:22.452+0200][24,611s] GC(7) Pause Initial Mark
[2019-04-15T13:42:22.455+0200][24,614s] GC(7) Pause Initial Mark 55M->55M(490M) 2,765ms
[2019-04-15T13:42:22.455+0200][24,614s] GC(7) User=0,00s Sys=0,00s Real=0,01s
[2019-04-15T13:42:22.455+0200][24,614s] GC(7) Concurrent Mark
[2019-04-15T13:42:22.455+0200][24,614s] GC(7) Using 4 workers of 4 for marking
[2019-04-15T13:42:22.488+0200][24,647s] GC(7) Concurrent Mark 33,270ms
[2019-04-15T13:42:22.488+0200][24,647s] GC(7) User=0,11s Sys=0,00s Real=0,03s
[2019-04-15T13:42:22.488+0200][24,647s] GC(7) Concurrent Preclean
[2019-04-15T13:42:22.490+0200][24,648s] GC(7) Concurrent Preclean 1,293ms
[2019-04-15T13:42:22.490+0200][24,649s] GC(7) User=0,01s Sys=0,00s Real=0,00s
[2019-04-15T13:42:22.490+0200][24,649s] GC(7) Concurrent Abortable Preclean
[2019-04-15T13:42:22.645+0200][24,804s] GC(8) Pause Young (Allocation Failure)
[2019-04-15T13:42:22.645+0200][24,804s] GC(8) Using 4 workers of 4 for evacuation
[2019-04-15T13:42:22.662+0200][24,821s] GC(8) ParNew: 109248K->21824K(109248K)
[2019-04-15T13:42:22.662+0200][24,821s] GC(8) CMS: 35341K->35341K(393216K)
[2019-04-15T13:42:22.662+0200][24,821s] GC(8) Metaspace: 42034K->42034K(1087488K)
[2019-04-15T13:42:22.662+0200][24,821s] GC(8) Pause Young (Allocation Failure) 141M->55M(490M) 16,983ms
[2019-04-15T13:42:22.662+0200][24,821s] GC(8) User=0,04s Sys=0,00s Real=0,01s
[2019-04-15T13:42:23.311+0200][25,470s] GC(7) Concurrent Abortable Preclean 821,652ms
[2019-04-15T13:42:23.311+0200][25,470s] GC(7) User=1,96s Sys=0,08s Real=0,82s
[2019-04-15T13:42:23.311+0200][25,470s] GC(7) Pause Remark
[2019-04-15T13:42:23.311+0200][25,470s] GC(9) Pause Young (CMS Final Remark)
[2019-04-15T13:42:23.312+0200][25,470s] GC(9) Using 4 workers of 4 for evacuation
[2019-04-15T13:42:23.333+0200][25,492s] GC(9) ParNew: 68709K->21824K(109248K)
[2019-04-15T13:42:23.333+0200][25,492s] GC(9) CMS: 35341K->35342K(393216K)
[2019-04-15T13:42:23.333+0200][25,492s] GC(9) Metaspace: 43812K->43812K(1089536K)
[2019-04-15T13:42:23.333+0200][25,492s] GC(9) Pause Young (CMS Final Remark) 101M->55M(490M) 21,158ms
[2019-04-15T13:42:23.333+0200][25,492s] GC(9) User=0,07s Sys=0,00s Real=0,02s
[2019-04-15T13:42:23.355+0200][25,514s] GC(7) Pause Remark 101M->55M(490M) 43,735ms
[2019-04-15T13:42:23.355+0200][25,514s] GC(7) User=0,10s Sys=0,00s Real=0,05s
[2019-04-15T13:42:23.355+0200][25,514s] GC(7) Concurrent Sweep
[2019-04-15T13:42:23.361+0200][25,520s] GC(7) Concurrent Sweep 5,421ms
[2019-04-15T13:42:23.361+0200][25,520s] GC(7) User=0,02s Sys=0,00s Real=0,00s
[2019-04-15T13:42:23.361+0200][25,520s] GC(7) Concurrent Reset
[2019-04-15T13:42:23.361+0200][25,520s] GC(7) Concurrent Reset 0,476ms
[2019-04-15T13:42:23.361+0200][25,520s] GC(7) User=0,00s Sys=0,00s Real=0,00s
[2019-04-15T13:42:23.361+0200][25,520s] GC(7) Old: 35341K->35306K(393216K)
[2019-04-15T13:42:23.579+0200][25,738s] GC(10) Pause Young (Allocation Failure)
[2019-04-15T13:42:23.579+0200][25,738s] GC(10) Using 4 workers of 4 for evacuation
[2019-04-15T13:42:23.615+0200][25,774s] GC(10) ParNew: 109248K->21824K(109248K)
[2019-04-15T13:42:23.615+0200][25,774s] GC(10) CMS: 35306K->35544K(393216K)
[2019-04-15T13:42:23.615+0200][25,774s] GC(10) Metaspace: 43829K->43829K(1089536K)
[2019-04-15T13:42:23.615+0200][25,774s] GC(10) Pause Young (Allocation Failure) 141M->56M(490M) 36,637ms
[2019-04-15T13:42:23.615+0200][25,774s] GC(10) User=0,09s Sys=0,01s Real=0,04s
[2019-04-15T13:42:23.719+0200][25,878s] GC(11) Pause Young (Allocation Failure)
[2019-04-15T13:42:23.719+0200][25,878s] GC(11) Using 4 workers of 4 for evacuation
[2019-04-15T13:42:23.741+0200][25,900s] GC(11) ParNew: 109248K->21824K(109248K)
[2019-04-15T13:42:23.741+0200][25,900s] GC(11) CMS: 35544K->36458K(393216K)
[2019-04-15T13:42:23.741+0200][25,900s] GC(11) Metaspace: 43867K->43867K(1089536K)
[2019-04-15T13:42:23.741+0200][25,900s] GC(11) Pause Young (Allocation Failure) 141M->56M(490M) 22,195ms
[2019-04-15T13:42:23.741+0200][25,900s] GC(11) User=0,07s Sys=0,00s Real=0,02s
[2019-04-15T13:42:24.521+0200][26,679s] GC(12) Pause Young (Allocation Failure)
[2019-04-15T13:42:24.521+0200][26,680s] GC(12) Using 4 workers of 4 for evacuation
[2019-04-15T13:42:24.550+0200][26,709s] GC(12) ParNew: 109248K->21824K(109248K)
[2019-04-15T13:42:24.550+0200][26,709s] GC(12) CMS: 36458K->43002K(393216K)
[2019-04-15T13:42:24.550+0200][26,709s] GC(12) Metaspace: 46982K->46982K(1091584K)
[2019-04-15T13:42:24.550+0200][26,709s] GC(12) Pause Young (Allocation Failure) 142M->63M(490M) 29,891ms
[2019-04-15T13:42:24.550+0200][26,709s] GC(12) User=0,08s Sys=0,01s Real=0,03s
[2019-04-15T13:42:25.097+0200][27,256s] GC(13) Pause Young (Allocation Failure)
[2019-04-15T13:42:25.097+0200][27,256s] GC(13) Using 4 workers of 4 for evacuation
[2019-04-15T13:42:25.146+0200][27,305s] GC(13) ParNew: 109248K->21824K(109248K)
[2019-04-15T13:42:25.146+0200][27,305s] GC(13) CMS: 43002K->47726K(393216K)
[2019-04-15T13:42:25.146+0200][27,305s] GC(13) Metaspace: 50594K->50594K(1095680K)
[2019-04-15T13:42:25.146+0200][27,305s] GC(13) Pause Young (Allocation Failure) 148M->67M(490M) 49,338ms
[2019-04-15T13:42:25.146+0200][27,305s] GC(13) User=0,16s Sys=0,00s Real=0,05s
[2019-04-15T13:42:26.064+0200][28,223s] GC(14) Pause Young (Allocation Failure)
[2019-04-15T13:42:26.064+0200][28,223s] GC(14) Using 4 workers of 4 for evacuation
[2019-04-15T13:42:26.151+0200][28,309s] GC(14) ParNew: 109218K->21824K(109248K)
[2019-04-15T13:42:26.151+0200][28,310s] GC(14) CMS: 47726K->55277K(393216K)
[2019-04-15T13:42:26.151+0200][28,310s] GC(14) Metaspace: 52783K->52783K(1097728K)
[2019-04-15T13:42:26.151+0200][28,310s] GC(14) Pause Young (Allocation Failure) 153M->75M(490M) 86,301ms
[2019-04-15T13:42:26.151+0200][28,310s] GC(14) User=0,28s Sys=0,01s Real=0,09s
[2019-04-15T13:42:30.074+0200][32,233s] GC(15) Pause Young (Allocation Failure)
[2019-04-15T13:42:30.074+0200][32,233s] GC(15) Using 4 workers of 4 for evacuation
[2019-04-15T13:42:30.118+0200][32,277s] GC(15) ParNew: 109248K->21824K(109248K)
[2019-04-15T13:42:30.118+0200][32,277s] GC(15) CMS: 55277K->58133K(393216K)
[2019-04-15T13:42:30.118+0200][32,277s] GC(15) Metaspace: 58447K->58447K(1103872K)
[2019-04-15T13:42:30.118+0200][32,277s] GC(15) Pause Young (Allocation Failure) 160M->78M(490M) 44,233ms
[2019-04-15T13:42:30.118+0200][32,277s] GC(15) User=0,10s Sys=0,00s Real=0,04s
[2019-04-15T13:42:31.574+0200][33,733s] GC(16) Pause Young (Allocation Failure)
[2019-04-15T13:42:31.574+0200][33,733s] GC(16) Using 4 workers of 4 for evacuation
[2019-04-15T13:42:31.655+0200][33,814s] GC(16) ParNew: 109248K->21824K(109248K)
[2019-04-15T13:42:31.655+0200][33,814s] GC(16) CMS: 58133K->66694K(393216K)
[2019-04-15T13:42:31.655+0200][33,814s] GC(16) Metaspace: 60676K->60676K(1105920K)
[2019-04-15T13:42:31.655+0200][33,814s] GC(16) Pause Young (Allocation Failure) 163M->86M(490M) 81,375ms
[2019-04-15T13:42:31.655+0200][33,814s] GC(16) User=0,14s Sys=0,02s Real=0,08s
[2019-04-15T13:42:32.417+0200][34,576s] GC(17) Pause Young (Allocation Failure)
[2019-04-15T13:42:32.417+0200][34,576s] GC(17) Using 4 workers of 4 for evacuation
[2019-04-15T13:42:32.459+0200][34,618s] GC(17) ParNew: 109248K->21824K(109248K)
[2019-04-15T13:42:32.459+0200][34,618s] GC(17) CMS: 66694K->77407K(393216K)
[2019-04-15T13:42:32.459+0200][34,618s] GC(17) Metaspace: 62468K->62468K(1105920K)
[2019-04-15T13:42:32.459+0200][34,618s] GC(17) Pause Young (Allocation Failure) 171M->96M(490M) 42,212ms
[2019-04-15T13:42:32.459+0200][34,618s] GC(17) User=0,09s Sys=0,00s Real=0,04s
[2019-04-15T13:42:32.835+0200][34,994s] GC(18) Pause Young (Allocation Failure)
[2019-04-15T13:42:32.835+0200][34,994s] GC(18) Using 4 workers of 4 for evacuation
[2019-04-15T13:42:32.853+0200][35,012s] GC(18) ParNew: 109248K->21824K(109248K)
[2019-04-15T13:42:32.853+0200][35,012s] GC(18) CMS: 77407K->80027K(393216K)
[2019-04-15T13:42:32.853+0200][35,012s] GC(18) Metaspace: 62577K->62577K(1105920K)
[2019-04-15T13:42:32.854+0200][35,012s] GC(18) Pause Young (Allocation Failure) 182M->99M(490M) 18,495ms
[2019-04-15T13:42:32.854+0200][35,012s] GC(18) User=0,05s Sys=0,00s Real=0,02s
[2019-04-15T13:42:33.166+0200][35,325s] GC(19) Pause Young (Allocation Failure)
[2019-04-15T13:42:33.166+0200][35,325s] GC(19) Using 4 workers of 4 for evacuation
[2019-04-15T13:42:33.191+0200][35,350s] GC(19) ParNew: 109248K->21135K(109248K)
[2019-04-15T13:42:33.191+0200][35,350s] GC(19) CMS: 80027K->80027K(393216K)
[2019-04-15T13:42:33.191+0200][35,350s] GC(19) Metaspace: 62679K->62679K(1107968K)
[2019-04-15T13:42:33.191+0200][35,350s] GC(19) Pause Young (Allocation Failure) 184M->98M(490M) 24,681ms
[2019-04-15T13:42:33.191+0200][35,350s] GC(19) User=0,07s Sys=0,00s Real=0,02s
[2019-04-15T13:42:34.101+0200][36,260s] GC(20) Pause Young (Allocation Failure)
[2019-04-15T13:42:34.101+0200][36,260s] GC(20) Using 4 workers of 4 for evacuation
[2019-04-15T13:42:34.159+0200][36,318s] GC(20) ParNew: 108559K->21824K(109248K)
[2019-04-15T13:42:34.159+0200][36,318s] GC(20) CMS: 80027K->133503K(393216K)
[2019-04-15T13:42:34.159+0200][36,318s] GC(20) Metaspace: 62866K->62866K(1107968K)
[2019-04-15T13:42:34.160+0200][36,318s] GC(20) Pause Young (Allocation Failure) 184M->151M(490M) 58,304ms
[2019-04-15T13:42:34.160+0200][36,319s] GC(20) User=0,12s Sys=0,01s Real=0,06s
[2019-04-15T13:42:34.673+0200][36,832s] GC(21) Pause Young (Allocation Failure)
[2019-04-15T13:42:34.673+0200][36,832s] GC(21) Using 4 workers of 4 for evacuation
[2019-04-15T13:42:34.745+0200][36,904s] GC(21) ParNew: 109248K->21824K(109248K)
[2019-04-15T13:42:34.745+0200][36,904s] GC(21) CMS: 133503K->211273K(393216K)
[2019-04-15T13:42:34.745+0200][36,904s] GC(21) Metaspace: 62876K->62876K(1107968K)
[2019-04-15T13:42:34.745+0200][36,904s] GC(21) Pause Young (Allocation Failure) 237M->227M(490M) 71,558ms
[2019-04-15T13:42:34.745+0200][36,904s] GC(21) User=0,10s Sys=0,03s Real=0,07s
[2019-04-15T13:42:34.753+0200][36,912s] GC(22) Pause Initial Mark
[2019-04-15T13:42:34.757+0200][36,916s] GC(22) Pause Initial Mark 233M->233M(490M) 4,443ms
[2019-04-15T13:42:34.757+0200][36,916s] GC(22) User=0,01s Sys=0,00s Real=0,01s
[2019-04-15T13:42:34.757+0200][36,916s] GC(22) Concurrent Mark
[2019-04-15T13:42:34.757+0200][36,916s] GC(22) Using 4 workers of 4 for marking
[2019-04-15T13:42:34.826+0200][36,985s] GC(22) Concurrent Mark 68,273ms
[2019-04-15T13:42:34.826+0200][36,985s] GC(22) User=0,18s Sys=0,00s Real=0,07s
[2019-04-15T13:42:34.826+0200][36,985s] GC(22) Concurrent Preclean
[2019-04-15T13:42:34.827+0200][36,986s] GC(22) Concurrent Preclean 1,211ms
[2019-04-15T13:42:34.827+0200][36,986s] GC(22) User=0,00s Sys=0,00s Real=0,00s
[2019-04-15T13:42:34.827+0200][36,986s] GC(22) Concurrent Abortable Preclean
[2019-04-15T13:42:34.837+0200][36,996s] GC(23) Pause Young (Allocation Failure)
[2019-04-15T13:42:34.837+0200][36,996s] GC(23) Using 4 workers of 4 for evacuation
[2019-04-15T13:42:34.916+0200][37,075s] GC(23) ParNew: 109248K->21824K(109248K)
[2019-04-15T13:42:34.916+0200][37,075s] GC(23) CMS: 211273K->295698K(393216K)
[2019-04-15T13:42:34.916+0200][37,075s] GC(23) Metaspace: 62880K->62880K(1107968K)
[2019-04-15T13:42:34.916+0200][37,075s] GC(23) Pause Young (Allocation Failure) 313M->310M(490M) 78,862ms
[2019-04-15T13:42:34.916+0200][37,075s] GC(23) User=0,14s Sys=0,03s Real=0,08s
[2019-04-15T13:42:35.116+0200][37,275s] GC(22) Concurrent Abortable Preclean 289,351ms
[2019-04-15T13:42:35.116+0200][37,275s] GC(22) User=0,67s Sys=0,03s Real=0,29s
[2019-04-15T13:42:35.117+0200][37,275s] GC(22) Pause Remark
[2019-04-15T13:42:35.157+0200][37,316s] GC(22) Pause Remark 365M->365M(490M) 40,940ms
[2019-04-15T13:42:35.157+0200][37,316s] GC(22) User=0,08s Sys=0,00s Real=0,04s
[2019-04-15T13:42:35.158+0200][37,317s] GC(22) Concurrent Sweep
[2019-04-15T13:42:35.159+0200][37,318s] GC(24) Pause Young (GCLocker Initiated GC)
[2019-04-15T13:42:35.159+0200][37,318s] GC(24) Using 4 workers of 4 for evacuation
[2019-04-15T13:42:35.192+0200][37,351s] GC(24) ParNew: 78937K->21824K(109248K)
[2019-04-15T13:42:35.192+0200][37,351s] GC(24) CMS: 295698K->304834K(393216K)
[2019-04-15T13:42:35.192+0200][37,351s] GC(24) Metaspace: 62979K->62979K(1107968K)
[2019-04-15T13:42:35.192+0200][37,351s] GC(24) Pause Young (GCLocker Initiated GC) 365M->319M(490M) 33,516ms
[2019-04-15T13:42:35.192+0200][37,351s] GC(24) User=0,08s Sys=0,00s Real=0,03s
[2019-04-15T13:42:35.237+0200][37,396s] GC(22) Concurrent Sweep 78,571ms
[2019-04-15T13:42:35.237+0200][37,396s] GC(22) User=0,20s Sys=0,01s Real=0,08s
[2019-04-15T13:42:35.237+0200][37,396s] GC(22) Concurrent Reset
[2019-04-15T13:42:35.237+0200][37,396s] GC(22) Concurrent Reset 0,427ms
[2019-04-15T13:42:35.237+0200][37,396s] GC(22) User=0,00s Sys=0,00s Real=0,00s
[2019-04-15T13:42:35.238+0200][37,396s] GC(22) Old: 211273K->299563K(393216K)
[2019-04-15T13:42:35.647+0200][37,806s] GC(25) Pause Young (Allocation Failure)
[2019-04-15T13:42:35.647+0200][37,806s] GC(25) Using 4 workers of 4 for evacuation
[2019-04-15T13:42:35.647+0200][37,806s] GC(26) Pause Full (Allocation Failure)
[2019-04-15T13:42:35.647+0200][37,806s] GC(26) Phase 1: Mark live objects
[2019-04-15T13:42:35.725+0200][37,884s] GC(26) Phase 1: Mark live objects 77,650ms
[2019-04-15T13:42:35.725+0200][37,884s] GC(26) Phase 2: Compute new object addresses
[2019-04-15T13:42:35.778+0200][37,937s] GC(26) Phase 2: Compute new object addresses 53,230ms
[2019-04-15T13:42:35.778+0200][37,937s] GC(26) Phase 3: Adjust pointers
[2019-04-15T13:42:35.830+0200][37,989s] GC(26) Phase 3: Adjust pointers 52,026ms
[2019-04-15T13:42:35.830+0200][37,989s] GC(26) Phase 4: Move objects
[2019-04-15T13:42:35.857+0200][38,016s] GC(26) Phase 4: Move objects 26,455ms
[2019-04-15T13:42:35.858+0200][38,017s] GC(26) Pause Full (Allocation Failure) 399M->96M(490M) 210,881ms
[2019-04-15T13:42:35.858+0200][38,017s] GC(25) ParNew: 109248K->0K(109248K)
[2019-04-15T13:42:35.858+0200][38,017s] GC(25) CMS: 299563K->98902K(393216K)
[2019-04-15T13:42:35.858+0200][38,017s] GC(25) Metaspace: 63058K->63058K(1107968K)
[2019-04-15T13:42:35.858+0200][38,017s] GC(25) Pause Young (Allocation Failure) 399M->96M(490M) 211,027ms
[2019-04-15T13:42:35.858+0200][38,017s] GC(25) User=0,31s Sys=0,00s Real=0,21s
[2019-04-15T13:42:36.264+0200][38,422s] GC(27) Pause Young (Allocation Failure)
[2019-04-15T13:42:36.264+0200][38,423s] GC(27) Using 4 workers of 4 for evacuation
[2019-04-15T13:42:36.290+0200][38,449s] GC(27) ParNew: 87424K->8666K(109248K)
[2019-04-15T13:42:36.290+0200][38,449s] GC(27) CMS: 98902K->98902K(393216K)
[2019-04-15T13:42:36.290+0200][38,449s] GC(27) Metaspace: 63336K->63336K(1107968K)
[2019-04-15T13:42:36.290+0200][38,449s] GC(27) Pause Young (Allocation Failure) 181M->105M(490M) 26,773ms
[2019-04-15T13:42:36.290+0200][38,449s] GC(27) User=0,07s Sys=0,01s Real=0,03s
[2019-04-15T13:42:36.717+0200][38,876s] GC(28) Pause Young (Allocation Failure)
[2019-04-15T13:42:36.717+0200][38,876s] GC(28) Using 4 workers of 4 for evacuation
[2019-04-15T13:42:36.735+0200][38,894s] GC(28) ParNew: 96090K->9939K(109248K)
[2019-04-15T13:42:36.735+0200][38,894s] GC(28) CMS: 98902K->98902K(393216K)
[2019-04-15T13:42:36.735+0200][38,894s] GC(28) Metaspace: 63768K->63768K(1107968K)
[2019-04-15T13:42:36.735+0200][38,894s] GC(28) Pause Young (Allocation Failure) 190M->106M(490M) 18,267ms
[2019-04-15T13:42:36.735+0200][38,894s] GC(28) User=0,04s Sys=0,00s Real=0,02s
[2019-04-15T13:42:36.949+0200][39,108s] GC(29) Pause Young (Allocation Failure)
[2019-04-15T13:42:36.949+0200][39,108s] GC(29) Using 4 workers of 4 for evacuation
[2019-04-15T13:42:36.963+0200][39,122s] GC(29) ParNew: 97363K->10421K(109248K)
[2019-04-15T13:42:36.963+0200][39,122s] GC(29) CMS: 98902K->98902K(393216K)
[2019-04-15T13:42:36.963+0200][39,122s] GC(29) Metaspace: 63768K->63768K(1107968K)
[2019-04-15T13:42:36.963+0200][39,122s] GC(29) Pause Young (Allocation Failure) 191M->106M(490M) 13,870ms
[2019-04-15T13:42:36.963+0200][39,122s] GC(29) User=0,03s Sys=0,00s Real=0,01s
[2019-04-15T13:42:37.257+0200][39,416s] GC(30) Pause Young (Allocation Failure)
[2019-04-15T13:42:37.257+0200][39,416s] GC(30) Using 4 workers of 4 for evacuation
[2019-04-15T13:42:37.277+0200][39,436s] GC(30) ParNew: 97845K->11042K(109248K)
[2019-04-15T13:42:37.278+0200][39,436s] GC(30) CMS: 98902K->98902K(393216K)
[2019-04-15T13:42:37.278+0200][39,436s] GC(30) Metaspace: 63781K->63781K(1107968K)
[2019-04-15T13:42:37.278+0200][39,436s] GC(30) Pause Young (Allocation Failure) 192M->107M(490M) 20,177ms
[2019-04-15T13:42:37.278+0200][39,437s] GC(30) User=0,04s Sys=0,00s Real=0,02s
[2019-04-15T13:42:37.688+0200][39,847s] GC(31) Pause Young (Allocation Failure)
[2019-04-15T13:42:37.688+0200][39,847s] GC(31) Using 4 workers of 4 for evacuation
[2019-04-15T13:42:37.736+0200][39,895s] GC(31) ParNew: 98466K->21824K(109248K)
[2019-04-15T13:42:37.736+0200][39,895s] GC(31) CMS: 98902K->123142K(393216K)
[2019-04-15T13:42:37.736+0200][39,895s] GC(31) Metaspace: 63790K->63790K(1107968K)
[2019-04-15T13:42:37.736+0200][39,895s] GC(31) Pause Young (Allocation Failure) 192M->141M(490M) 48,239ms
[2019-04-15T13:42:37.736+0200][39,895s] GC(31) User=0,11s Sys=0,00s Real=0,05s
[2019-04-15T13:42:38.028+0200][40,187s] GC(32) Pause Young (Allocation Failure)
[2019-04-15T13:42:38.028+0200][40,187s] GC(32) Using 4 workers of 4 for evacuation
[2019-04-15T13:42:38.077+0200][40,236s] GC(32) ParNew: 109248K->21824K(109248K)
[2019-04-15T13:42:38.077+0200][40,236s] GC(32) CMS: 123142K->154255K(393216K)
[2019-04-15T13:42:38.077+0200][40,236s] GC(32) Metaspace: 63790K->63790K(1107968K)
[2019-04-15T13:42:38.077+0200][40,236s] GC(32) Pause Young (Allocation Failure) 226M->171M(490M) 48,633ms
[2019-04-15T13:42:38.077+0200][40,236s] GC(32) User=0,15s Sys=0,00s Real=0,05s
[2019-04-15T13:42:38.307+0200][40,466s] GC(33) Pause Young (Allocation Failure)
[2019-04-15T13:42:38.307+0200][40,466s] GC(33) Using 4 workers of 4 for evacuation
[2019-04-15T13:42:38.379+0200][40,538s] GC(33) ParNew: 109248K->21824K(109248K)
[2019-04-15T13:42:38.379+0200][40,538s] GC(33) CMS: 154255K->177626K(393216K)
[2019-04-15T13:42:38.379+0200][40,538s] GC(33) Metaspace: 63796K->63796K(1107968K)
[2019-04-15T13:42:38.379+0200][40,538s] GC(33) Pause Young (Allocation Failure) 257M->194M(490M) 72,550ms
[2019-04-15T13:42:38.379+0200][40,538s] GC(33) User=0,21s Sys=0,00s Real=0,07s
[2019-04-15T13:42:38.551+0200][40,709s] GC(34) Pause Young (Allocation Failure)
[2019-04-15T13:42:38.551+0200][40,710s] GC(34) Using 4 workers of 4 for evacuation
[2019-04-15T13:42:38.574+0200][40,732s] GC(34) ParNew: 109248K->21824K(109248K)
[2019-04-15T13:42:38.574+0200][40,733s] GC(34) CMS: 177626K->179336K(393216K)
[2019-04-15T13:42:38.574+0200][40,733s] GC(34) Metaspace: 63813K->63813K(1107968K)
[2019-04-15T13:42:38.574+0200][40,733s] GC(34) Pause Young (Allocation Failure) 280M->196M(490M) 23,033ms
[2019-04-15T13:42:38.574+0200][40,733s] GC(34) User=0,07s Sys=0,00s Real=0,03s
[2019-04-15T13:42:38.706+0200][40,864s] GC(35) Pause Young (Allocation Failure)
[2019-04-15T13:42:38.706+0200][40,865s] GC(35) Using 4 workers of 4 for evacuation
[2019-04-15T13:42:38.733+0200][40,892s] GC(35) ParNew: 109248K->20556K(109248K)
[2019-04-15T13:42:38.733+0200][40,892s] GC(35) CMS: 179336K->190928K(393216K)
[2019-04-15T13:42:38.733+0200][40,892s] GC(35) Metaspace: 63813K->63813K(1107968K)
[2019-04-15T13:42:38.733+0200][40,892s] GC(35) Pause Young (Allocation Failure) 281M->206M(490M) 27,673ms
[2019-04-15T13:42:38.733+0200][40,892s] GC(35) User=0,07s Sys=0,00s Real=0,03s
[2019-04-15T13:42:38.928+0200][41,087s] GC(36) Pause Young (Allocation Failure)
[2019-04-15T13:42:38.928+0200][41,087s] GC(36) Using 4 workers of 4 for evacuation
[2019-04-15T13:42:38.947+0200][41,106s] GC(36) ParNew: 107980K->15881K(109248K)
[2019-04-15T13:42:38.947+0200][41,106s] GC(36) CMS: 190928K->190928K(393216K)
[2019-04-15T13:42:38.947+0200][41,106s] GC(36) Metaspace: 63815K->63815K(1107968K)
[2019-04-15T13:42:38.947+0200][41,106s] GC(36) Pause Young (Allocation Failure) 291M->201M(490M) 19,185ms
[2019-04-15T13:42:38.947+0200][41,106s] GC(36) User=0,06s Sys=0,00s Real=0,02s
[2019-04-15T13:42:39.120+0200][41,279s] GC(37) Pause Young (Allocation Failure)
[2019-04-15T13:42:39.120+0200][41,279s] GC(37) Using 4 workers of 4 for evacuation
[2019-04-15T13:42:39.136+0200][41,295s] GC(37) ParNew: 103305K->16327K(109248K)
[2019-04-15T13:42:39.136+0200][41,295s] GC(37) CMS: 190928K->190928K(393216K)
[2019-04-15T13:42:39.136+0200][41,295s] GC(37) Metaspace: 63816K->63816K(1107968K)
[2019-04-15T13:42:39.136+0200][41,295s] GC(37) Pause Young (Allocation Failure) 287M->202M(490M) 16,897ms
[2019-04-15T13:42:39.137+0200][41,295s] GC(37) User=0,04s Sys=0,00s Real=0,02s
[2019-04-15T13:42:39.289+0200][41,448s] GC(38) Pause Young (Allocation Failure)
[2019-04-15T13:42:39.289+0200][41,448s] GC(38) Using 4 workers of 4 for evacuation
[2019-04-15T13:42:39.309+0200][41,468s] GC(38) ParNew: 103751K->17902K(109248K)
[2019-04-15T13:42:39.309+0200][41,468s] GC(38) CMS: 190928K->190928K(393216K)
[2019-04-15T13:42:39.309+0200][41,468s] GC(38) Metaspace: 63828K->63828K(1107968K)
[2019-04-15T13:42:39.309+0200][41,468s] GC(38) Pause Young (Allocation Failure) 287M->203M(490M) 20,139ms
[2019-04-15T13:42:39.309+0200][41,468s] GC(38) User=0,04s Sys=0,00s Real=0,02s
[2019-04-15T13:42:39.456+0200][41,614s] GC(39) Pause Young (Allocation Failure)
[2019-04-15T13:42:39.456+0200][41,614s] GC(39) Using 4 workers of 4 for evacuation
[2019-04-15T13:42:39.473+0200][41,632s] GC(39) ParNew: 104336K->17835K(109248K)
[2019-04-15T13:42:39.473+0200][41,632s] GC(39) CMS: 190928K->190928K(393216K)
[2019-04-15T13:42:39.473+0200][41,632s] GC(39) Metaspace: 63834K->63834K(1107968K)
[2019-04-15T13:42:39.473+0200][41,632s] GC(39) Pause Young (Allocation Failure) 288M->203M(490M) 17,959ms
[2019-04-15T13:42:39.473+0200][41,632s] GC(39) User=0,04s Sys=0,00s Real=0,02s
[2019-04-15T13:42:39.594+0200][41,753s] GC(40) Pause Young (Allocation Failure)
[2019-04-15T13:42:39.594+0200][41,753s] GC(40) Using 4 workers of 4 for evacuation
[2019-04-15T13:42:39.609+0200][41,768s] GC(40) ParNew: 105259K->21824K(109248K)
[2019-04-15T13:42:39.609+0200][41,768s] GC(40) CMS: 190928K->190928K(393216K)
[2019-04-15T13:42:39.609+0200][41,768s] GC(40) Metaspace: 63845K->63845K(1107968K)
[2019-04-15T13:42:39.609+0200][41,768s] GC(40) Pause Young (Allocation Failure) 289M->207M(490M) 14,808ms
[2019-04-15T13:42:39.609+0200][41,768s] GC(40) User=0,04s Sys=0,00s Real=0,01s
[2019-04-15T13:42:39.763+0200][41,922s] GC(41) Pause Young (Allocation Failure)
[2019-04-15T13:42:39.763+0200][41,922s] GC(41) Using 4 workers of 4 for evacuation
[2019-04-15T13:42:39.787+0200][41,946s] GC(41) ParNew: 109248K->16387K(109248K)
[2019-04-15T13:42:39.787+0200][41,946s] GC(41) CMS: 190928K->197669K(393216K)
[2019-04-15T13:42:39.787+0200][41,946s] GC(41) Metaspace: 63845K->63845K(1107968K)
[2019-04-15T13:42:39.788+0200][41,946s] GC(41) Pause Young (Allocation Failure) 293M->209M(490M) 24,332ms
[2019-04-15T13:42:39.788+0200][41,947s] GC(41) User=0,07s Sys=0,00s Real=0,03s
[2019-04-15T13:42:39.788+0200][41,947s] GC(42) Pause Initial Mark
[2019-04-15T13:42:39.791+0200][41,950s] GC(42) Pause Initial Mark 210M->210M(490M) 2,803ms
[2019-04-15T13:42:39.791+0200][41,950s] GC(42) User=0,01s Sys=0,00s Real=0,00s
[2019-04-15T13:42:39.791+0200][41,950s] GC(42) Concurrent Mark
[2019-04-15T13:42:39.791+0200][41,950s] GC(42) Using 4 workers of 4 for marking
[2019-04-15T13:42:39.854+0200][42,013s] GC(42) Concurrent Mark 62,782ms
[2019-04-15T13:42:39.854+0200][42,013s] GC(42) User=0,17s Sys=0,00s Real=0,07s
[2019-04-15T13:42:39.854+0200][42,013s] GC(42) Concurrent Preclean
[2019-04-15T13:42:39.855+0200][42,014s] GC(42) Concurrent Preclean 0,879ms
[2019-04-15T13:42:39.855+0200][42,014s] GC(42) User=0,01s Sys=0,00s Real=0,00s
[2019-04-15T13:42:39.855+0200][42,014s] GC(42) Concurrent Abortable Preclean
[2019-04-15T13:42:39.995+0200][42,154s] GC(43) Pause Young (Allocation Failure)
[2019-04-15T13:42:39.995+0200][42,154s] GC(43) Using 4 workers of 4 for evacuation
[2019-04-15T13:42:40.010+0200][42,169s] GC(43) ParNew: 103811K->9958K(109248K)
[2019-04-15T13:42:40.010+0200][42,169s] GC(43) CMS: 197669K->199584K(393216K)
[2019-04-15T13:42:40.010+0200][42,169s] GC(43) Metaspace: 63847K->63847K(1107968K)
[2019-04-15T13:42:40.010+0200][42,169s] GC(43) Pause Young (Allocation Failure) 294M->204M(490M) 15,122ms
[2019-04-15T13:42:40.010+0200][42,169s] GC(43) User=0,03s Sys=0,00s Real=0,01s
[2019-04-15T13:42:40.014+0200][42,173s] GC(42) Concurrent Abortable Preclean 159,443ms
[2019-04-15T13:42:40.014+0200][42,173s] GC(42) User=0,25s Sys=0,00s Real=0,16s
[2019-04-15T13:42:40.014+0200][42,173s] GC(42) Pause Remark
[2019-04-15T13:42:40.014+0200][42,173s] GC(44) Pause Young (CMS Final Remark)
[2019-04-15T13:42:40.014+0200][42,173s] GC(44) Using 4 workers of 4 for evacuation
[2019-04-15T13:42:40.027+0200][42,186s] GC(44) ParNew: 13442K->7123K(109248K)
[2019-04-15T13:42:40.027+0200][42,186s] GC(44) CMS: 199584K->199768K(393216K)
[2019-04-15T13:42:40.027+0200][42,186s] GC(44) Metaspace: 63847K->63847K(1107968K)
[2019-04-15T13:42:40.027+0200][42,186s] GC(44) Pause Young (CMS Final Remark) 208M->202M(490M) 12,755ms
[2019-04-15T13:42:40.027+0200][42,186s] GC(44) User=0,02s Sys=0,00s Real=0,01s
[2019-04-15T13:42:40.054+0200][42,213s] GC(42) Pause Remark 208M->202M(490M) 39,379ms
[2019-04-15T13:42:40.054+0200][42,213s] GC(42) User=0,06s Sys=0,00s Real=0,04s
[2019-04-15T13:42:40.054+0200][42,213s] GC(42) Concurrent Sweep
[2019-04-15T13:42:40.112+0200][42,270s] GC(42) Concurrent Sweep 57,743ms
[2019-04-15T13:42:40.112+0200][42,270s] GC(42) User=0,16s Sys=0,00s Real=0,05s
[2019-04-15T13:42:40.112+0200][42,271s] GC(42) Concurrent Reset
[2019-04-15T13:42:40.112+0200][42,271s] GC(42) Concurrent Reset 0,393ms
[2019-04-15T13:42:40.112+0200][42,271s] GC(42) User=0,00s Sys=0,00s Real=0,00s
[2019-04-15T13:42:40.112+0200][42,271s] GC(42) Old: 197669K->185007K(393216K)
[2019-04-15T13:42:40.202+0200][42,361s] GC(45) Pause Young (Allocation Failure)
[2019-04-15T13:42:40.202+0200][42,361s] GC(45) Using 4 workers of 4 for evacuation
[2019-04-15T13:42:40.220+0200][42,379s] GC(45) ParNew: 94547K->6194K(109248K)
[2019-04-15T13:42:40.220+0200][42,379s] GC(45) CMS: 185007K->186045K(393216K)
[2019-04-15T13:42:40.220+0200][42,379s] GC(45) Metaspace: 63848K->63848K(1107968K)
[2019-04-15T13:42:40.220+0200][42,379s] GC(45) Pause Young (Allocation Failure) 273M->187M(490M) 18,157ms
[2019-04-15T13:42:40.220+0200][42,379s] GC(45) User=0,05s Sys=0,00s Real=0,02s
[2019-04-15T13:42:40.426+0200][42,585s] GC(46) Pause Young (Allocation Failure)
[2019-04-15T13:42:40.426+0200][42,585s] GC(46) Using 4 workers of 4 for evacuation
[2019-04-15T13:42:40.436+0200][42,595s] GC(46) ParNew: 93618K->7740K(109248K)
[2019-04-15T13:42:40.436+0200][42,595s] GC(46) CMS: 186045K->186238K(393216K)
[2019-04-15T13:42:40.436+0200][42,595s] GC(46) Metaspace: 63852K->63852K(1107968K)
[2019-04-15T13:42:40.436+0200][42,595s] GC(46) Pause Young (Allocation Failure) 273M->189M(490M) 9,998ms
[2019-04-15T13:42:40.436+0200][42,595s] GC(46) User=0,03s Sys=0,00s Real=0,01s
[2019-04-15T13:42:40.649+0200][42,808s] GC(47) Pause Young (Allocation Failure)
[2019-04-15T13:42:40.649+0200][42,808s] GC(47) Using 4 workers of 4 for evacuation
[2019-04-15T13:42:40.662+0200][42,821s] GC(47) ParNew: 95164K->10792K(109248K)
[2019-04-15T13:42:40.662+0200][42,821s] GC(47) CMS: 186238K->187342K(393216K)
[2019-04-15T13:42:40.662+0200][42,821s] GC(47) Metaspace: 63852K->63852K(1107968K)
[2019-04-15T13:42:40.662+0200][42,821s] GC(47) Pause Young (Allocation Failure) 274M->193M(490M) 12,799ms
[2019-04-15T13:42:40.662+0200][42,821s] GC(47) User=0,03s Sys=0,00s Real=0,01s
[2019-04-15T13:42:40.835+0200][42,994s] GC(48) Pause Young (Allocation Failure)
[2019-04-15T13:42:40.835+0200][42,994s] GC(48) Using 4 workers of 4 for evacuation
[2019-04-15T13:42:40.845+0200][43,004s] GC(48) ParNew: 98216K->11005K(109248K)
[2019-04-15T13:42:40.845+0200][43,004s] GC(48) CMS: 187342K->187441K(393216K)
[2019-04-15T13:42:40.845+0200][43,004s] GC(48) Metaspace: 63852K->63852K(1107968K)
[2019-04-15T13:42:40.845+0200][43,004s] GC(48) Pause Young (Allocation Failure) 278M->193M(490M) 9,542ms
[2019-04-15T13:42:40.845+0200][43,004s] GC(48) User=0,02s Sys=0,00s Real=0,00s
[2019-04-15T13:42:40.931+0200][43,090s] GC(49) Pause Young (Allocation Failure)
[2019-04-15T13:42:40.931+0200][43,090s] GC(49) Using 4 workers of 4 for evacuation
[2019-04-15T13:42:40.940+0200][43,099s] GC(49) ParNew: 98429K->14652K(109248K)
[2019-04-15T13:42:40.940+0200][43,099s] GC(49) CMS: 187441K->189225K(393216K)
[2019-04-15T13:42:40.940+0200][43,099s] GC(49) Metaspace: 63853K->63853K(1107968K)
[2019-04-15T13:42:40.940+0200][43,099s] GC(49) Pause Young (Allocation Failure) 279M->199M(490M) 9,007ms
[2019-04-15T13:42:40.940+0200][43,099s] GC(49) User=0,02s Sys=0,00s Real=0,01s
[2019-04-15T13:42:41.043+0200][43,202s] GC(50) Pause Young (Allocation Failure)
[2019-04-15T13:42:41.043+0200][43,202s] GC(50) Using 4 workers of 4 for evacuation
[2019-04-15T13:42:41.057+0200][43,216s] GC(50) ParNew: 102076K->8263K(109248K)
[2019-04-15T13:42:41.057+0200][43,216s] GC(50) CMS: 189225K->189355K(393216K)
[2019-04-15T13:42:41.057+0200][43,216s] GC(50) Metaspace: 63859K->63859K(1107968K)
[2019-04-15T13:42:41.057+0200][43,216s] GC(50) Pause Young (Allocation Failure) 284M->192M(490M) 13,631ms
[2019-04-15T13:42:41.057+0200][43,216s] GC(50) User=0,03s Sys=0,00s Real=0,02s
[2019-04-15T13:42:41.132+0200][43,291s] GC(51) Pause Young (Allocation Failure)
[2019-04-15T13:42:41.132+0200][43,291s] GC(51) Using 4 workers of 4 for evacuation
[2019-04-15T13:42:41.155+0200][43,314s] GC(51) ParNew: 95687K->7183K(109248K)
[2019-04-15T13:42:41.155+0200][43,314s] GC(51) CMS: 189355K->189518K(393216K)
[2019-04-15T13:42:41.155+0200][43,314s] GC(51) Metaspace: 63860K->63860K(1107968K)
[2019-04-15T13:42:41.155+0200][43,314s] GC(51) Pause Young (Allocation Failure) 278M->192M(490M) 22,364ms
[2019-04-15T13:42:41.155+0200][43,314s] GC(51) User=0,06s Sys=0,00s Real=0,03s
[2019-04-15T13:42:41.250+0200][43,409s] GC(52) Pause Young (Allocation Failure)
[2019-04-15T13:42:41.251+0200][43,409s] GC(52) Using 4 workers of 4 for evacuation
[2019-04-15T13:42:41.260+0200][43,419s] GC(52) ParNew: 94607K->7511K(109248K)
[2019-04-15T13:42:41.260+0200][43,419s] GC(52) CMS: 189518K->189518K(393216K)
[2019-04-15T13:42:41.260+0200][43,419s] GC(52) Metaspace: 63881K->63881K(1107968K)
[2019-04-15T13:42:41.260+0200][43,419s] GC(52) Pause Young (Allocation Failure) 277M->192M(490M) 9,468ms
[2019-04-15T13:42:41.260+0200][43,419s] GC(52) User=0,02s Sys=0,00s Real=0,01s
[2019-04-15T13:42:41.398+0200][43,557s] GC(53) Pause Young (Allocation Failure)
[2019-04-15T13:42:41.398+0200][43,557s] GC(53) Using 4 workers of 4 for evacuation
[2019-04-15T13:42:41.408+0200][43,567s] GC(53) ParNew: 94935K->9719K(109248K)
[2019-04-15T13:42:41.409+0200][43,567s] GC(53) CMS: 189518K->189604K(393216K)
[2019-04-15T13:42:41.409+0200][43,567s] GC(53) Metaspace: 63883K->63883K(1107968K)
[2019-04-15T13:42:41.409+0200][43,567s] GC(53) Pause Young (Allocation Failure) 277M->194M(490M) 10,747ms
[2019-04-15T13:42:41.409+0200][43,567s] GC(53) User=0,02s Sys=0,00s Real=0,01s
[2019-04-15T13:42:41.527+0200][43,685s] GC(54) Pause Young (Allocation Failure)
[2019-04-15T13:42:41.527+0200][43,685s] GC(54) Using 4 workers of 4 for evacuation
[2019-04-15T13:42:41.550+0200][43,709s] GC(54) ParNew: 97143K->14017K(109248K)
[2019-04-15T13:42:41.550+0200][43,709s] GC(54) CMS: 189604K->190630K(393216K)
[2019-04-15T13:42:41.550+0200][43,709s] GC(54) Metaspace: 63884K->63884K(1107968K)
[2019-04-15T13:42:41.550+0200][43,709s] GC(54) Pause Young (Allocation Failure) 280M->199M(490M) 23,568ms
[2019-04-15T13:42:41.550+0200][43,709s] GC(54) User=0,05s Sys=0,00s Real=0,02s
[2019-04-15T13:42:41.688+0200][43,846s] GC(55) Pause Young (Allocation Failure)
[2019-04-15T13:42:41.688+0200][43,847s] GC(55) Using 4 workers of 4 for evacuation
[2019-04-15T13:42:41.711+0200][43,870s] GC(55) ParNew: 101441K->9457K(109248K)
[2019-04-15T13:42:41.711+0200][43,870s] GC(55) CMS: 190630K->190634K(393216K)
[2019-04-15T13:42:41.711+0200][43,870s] GC(55) Metaspace: 63886K->63886K(1107968K)
[2019-04-15T13:42:41.711+0200][43,870s] GC(55) Pause Young (Allocation Failure) 285M->195M(490M) 23,714ms
[2019-04-15T13:42:41.711+0200][43,870s] GC(55) User=0,06s Sys=0,00s Real=0,02s
[2019-04-15T13:42:41.903+0200][44,062s] GC(56) Pause Young (Allocation Failure)
[2019-04-15T13:42:41.903+0200][44,062s] GC(56) Using 4 workers of 4 for evacuation
[2019-04-15T13:42:41.925+0200][44,084s] GC(56) ParNew: 96881K->10095K(109248K)
[2019-04-15T13:42:41.925+0200][44,084s] GC(56) CMS: 190634K->190634K(393216K)
[2019-04-15T13:42:41.925+0200][44,084s] GC(56) Metaspace: 63886K->63886K(1107968K)
[2019-04-15T13:42:41.925+0200][44,084s] GC(56) Pause Young (Allocation Failure) 280M->196M(490M) 21,555ms
[2019-04-15T13:42:41.925+0200][44,084s] GC(56) User=0,06s Sys=0,01s Real=0,03s
[2019-04-15T13:42:42.086+0200][44,245s] GC(57) Pause Young (Allocation Failure)
[2019-04-15T13:42:42.086+0200][44,245s] GC(57) Using 4 workers of 4 for evacuation
[2019-04-15T13:42:42.095+0200][44,254s] GC(57) ParNew: 97519K->9162K(109248K)
[2019-04-15T13:42:42.095+0200][44,254s] GC(57) CMS: 190634K->190858K(393216K)
[2019-04-15T13:42:42.095+0200][44,254s] GC(57) Metaspace: 63887K->63887K(1107968K)
[2019-04-15T13:42:42.095+0200][44,254s] GC(57) Pause Young (Allocation Failure) 281M->195M(490M) 8,434ms
[2019-04-15T13:42:42.095+0200][44,254s] GC(57) User=0,03s Sys=0,00s Real=0,01s
[2019-04-15T13:42:42.222+0200][44,381s] GC(58) Pause Young (Allocation Failure)
[2019-04-15T13:42:42.222+0200][44,381s] GC(58) Using 4 workers of 4 for evacuation
[2019-04-15T13:42:42.242+0200][44,401s] GC(58) ParNew: 96586K->9070K(109248K)
[2019-04-15T13:42:42.242+0200][44,401s] GC(58) CMS: 190858K->193969K(393216K)
[2019-04-15T13:42:42.242+0200][44,401s] GC(58) Metaspace: 63912K->63912K(1107968K)
[2019-04-15T13:42:42.242+0200][44,401s] GC(58) Pause Young (Allocation Failure) 280M->198M(490M) 20,306ms
[2019-04-15T13:42:42.242+0200][44,401s] GC(58) User=0,05s Sys=0,00s Real=0,02s
[2019-04-15T13:42:42.392+0200][44,551s] GC(59) Pause Young (Allocation Failure)
[2019-04-15T13:42:42.392+0200][44,551s] GC(59) Using 4 workers of 4 for evacuation
[2019-04-15T13:42:42.403+0200][44,562s] GC(59) ParNew: 96494K->7549K(109248K)
[2019-04-15T13:42:42.403+0200][44,562s] GC(59) CMS: 193969K->194032K(393216K)
[2019-04-15T13:42:42.403+0200][44,562s] GC(59) Metaspace: 63912K->63912K(1107968K)
[2019-04-15T13:42:42.403+0200][44,562s] GC(59) Pause Young (Allocation Failure) 283M->196M(490M) 11,803ms
[2019-04-15T13:42:42.403+0200][44,562s] GC(59) User=0,03s Sys=0,00s Real=0,01s
[2019-04-15T13:42:42.505+0200][44,664s] GC(60) Pause Young (Allocation Failure)
[2019-04-15T13:42:42.505+0200][44,664s] GC(60) Using 4 workers of 4 for evacuation
[2019-04-15T13:42:42.517+0200][44,676s] GC(60) ParNew: 94973K->7926K(109248K)
[2019-04-15T13:42:42.517+0200][44,676s] GC(60) CMS: 194032K->195106K(393216K)
[2019-04-15T13:42:42.517+0200][44,676s] GC(60) Metaspace: 63923K->63923K(1107968K)
[2019-04-15T13:42:42.517+0200][44,676s] GC(60) Pause Young (Allocation Failure) 282M->198M(490M) 11,662ms
[2019-04-15T13:42:42.517+0200][44,676s] GC(60) User=0,03s Sys=0,00s Real=0,01s
[2019-04-15T13:42:42.614+0200][44,773s] GC(61) Pause Young (Allocation Failure)
[2019-04-15T13:42:42.614+0200][44,773s] GC(61) Using 4 workers of 4 for evacuation
[2019-04-15T13:42:42.624+0200][44,783s] GC(61) ParNew: 95350K->7446K(109248K)
[2019-04-15T13:42:42.624+0200][44,783s] GC(61) CMS: 195106K->195176K(393216K)
[2019-04-15T13:42:42.624+0200][44,783s] GC(61) Metaspace: 63924K->63924K(1107968K)
[2019-04-15T13:42:42.624+0200][44,783s] GC(61) Pause Young (Allocation Failure) 283M->197M(490M) 10,464ms
[2019-04-15T13:42:42.625+0200][44,783s] GC(61) User=0,02s Sys=0,00s Real=0,00s
[2019-04-15T13:42:42.716+0200][44,875s] GC(62) Pause Young (Allocation Failure)
[2019-04-15T13:42:42.716+0200][44,875s] GC(62) Using 4 workers of 4 for evacuation
[2019-04-15T13:42:42.743+0200][44,902s] GC(62) ParNew: 94870K->11211K(109248K)
[2019-04-15T13:42:42.743+0200][44,902s] GC(62) CMS: 195176K->196268K(393216K)
[2019-04-15T13:42:42.743+0200][44,902s] GC(62) Metaspace: 63933K->63933K(1107968K)
[2019-04-15T13:42:42.744+0200][44,902s] GC(62) Pause Young (Allocation Failure) 283M->202M(490M) 27,551ms
[2019-04-15T13:42:42.744+0200][44,902s] GC(62) User=0,06s Sys=0,00s Real=0,02s
[2019-04-15T13:42:42.863+0200][45,022s] GC(63) Pause Young (Allocation Failure)
[2019-04-15T13:42:42.863+0200][45,022s] GC(63) Using 4 workers of 4 for evacuation
[2019-04-15T13:42:42.876+0200][45,035s] GC(63) ParNew: 98635K->11644K(109248K)
[2019-04-15T13:42:42.876+0200][45,035s] GC(63) CMS: 196268K->196334K(393216K)
[2019-04-15T13:42:42.876+0200][45,035s] GC(63) Metaspace: 63935K->63935K(1107968K)
[2019-04-15T13:42:42.876+0200][45,035s] GC(63) Pause Young (Allocation Failure) 287M->203M(490M) 12,968ms
[2019-04-15T13:42:42.876+0200][45,035s] GC(63) User=0,03s Sys=0,00s Real=0,02s
[2019-04-15T13:42:42.958+0200][45,117s] GC(64) Pause Young (Allocation Failure)
[2019-04-15T13:42:42.958+0200][45,117s] GC(64) Using 4 workers of 4 for evacuation
[2019-04-15T13:42:42.976+0200][45,135s] GC(64) ParNew: 99068K->12539K(109248K)
[2019-04-15T13:42:42.976+0200][45,135s] GC(64) CMS: 196334K->197435K(393216K)
[2019-04-15T13:42:42.976+0200][45,135s] GC(64) Metaspace: 63936K->63936K(1107968K)
[2019-04-15T13:42:42.976+0200][45,135s] GC(64) Pause Young (Allocation Failure) 288M->205M(490M) 18,684ms
[2019-04-15T13:42:42.976+0200][45,135s] GC(64) User=0,05s Sys=0,00s Real=0,02s
[2019-04-15T13:42:42.982+0200][45,141s] GC(65) Pause Initial Mark
[2019-04-15T13:42:42.984+0200][45,143s] GC(65) Pause Initial Mark 208M->208M(490M) 2,447ms
[2019-04-15T13:42:42.984+0200][45,143s] GC(65) User=0,00s Sys=0,00s Real=0,00s
[2019-04-15T13:42:42.984+0200][45,143s] GC(65) Concurrent Mark
[2019-04-15T13:42:42.984+0200][45,143s] GC(65) Using 4 workers of 4 for marking
[2019-04-15T13:42:43.095+0200][45,254s] GC(65) Concurrent Mark 110,956ms
[2019-04-15T13:42:43.095+0200][45,254s] GC(65) User=0,34s Sys=0,00s Real=0,12s
[2019-04-15T13:42:43.095+0200][45,254s] GC(65) Concurrent Preclean
[2019-04-15T13:42:43.097+0200][45,256s] GC(65) Concurrent Preclean 1,331ms
[2019-04-15T13:42:43.097+0200][45,256s] GC(65) User=0,00s Sys=0,00s Real=0,00s
[2019-04-15T13:42:43.097+0200][45,256s] GC(65) Concurrent Abortable Preclean
[2019-04-15T13:42:43.149+0200][45,308s] GC(66) Pause Young (Allocation Failure)
[2019-04-15T13:42:43.149+0200][45,308s] GC(66) Using 4 workers of 4 for evacuation
[2019-04-15T13:42:43.165+0200][45,324s] GC(66) ParNew: 99963K->12176K(109248K)
[2019-04-15T13:42:43.165+0200][45,324s] GC(66) CMS: 197435K->197494K(393216K)
[2019-04-15T13:42:43.165+0200][45,324s] GC(66) Metaspace: 63936K->63936K(1107968K)
[2019-04-15T13:42:43.165+0200][45,324s] GC(66) Pause Young (Allocation Failure) 290M->204M(490M) 15,903ms
[2019-04-15T13:42:43.165+0200][45,324s] GC(66) User=0,03s Sys=0,00s Real=0,02s
[2019-04-15T13:42:43.229+0200][45,388s] GC(65) Concurrent Abortable Preclean 132,089ms
[2019-04-15T13:42:43.229+0200][45,388s] GC(65) User=0,29s Sys=0,01s Real=0,13s
[2019-04-15T13:42:43.231+0200][45,390s] GC(65) Pause Remark
[2019-04-15T13:42:43.231+0200][45,390s] GC(67) Pause Young (CMS Final Remark)
[2019-04-15T13:42:43.231+0200][45,390s] GC(67) Using 4 workers of 4 for evacuation
[2019-04-15T13:42:43.256+0200][45,415s] GC(67) ParNew: 62886K->12329K(109248K)
[2019-04-15T13:42:43.256+0200][45,415s] GC(67) CMS: 197494K->198574K(393216K)
[2019-04-15T13:42:43.256+0200][45,415s] GC(67) Metaspace: 63936K->63936K(1107968K)
[2019-04-15T13:42:43.256+0200][45,415s] GC(67) Pause Young (CMS Final Remark) 254M->205M(490M) 24,583ms
[2019-04-15T13:42:43.256+0200][45,415s] GC(67) User=0,06s Sys=0,00s Real=0,03s
[2019-04-15T13:42:43.287+0200][45,445s] GC(65) Pause Remark 254M->205M(490M) 55,129ms
[2019-04-15T13:42:43.287+0200][45,445s] GC(65) User=0,11s Sys=0,00s Real=0,06s
[2019-04-15T13:42:43.287+0200][45,446s] GC(65) Concurrent Sweep
[2019-04-15T13:42:43.342+0200][45,501s] GC(65) Concurrent Sweep 55,262ms
[2019-04-15T13:42:43.342+0200][45,501s] GC(65) User=0,11s Sys=0,00s Real=0,05s
[2019-04-15T13:42:43.342+0200][45,501s] GC(65) Concurrent Reset
[2019-04-15T13:42:43.342+0200][45,501s] GC(65) Concurrent Reset 0,341ms
[2019-04-15T13:42:43.342+0200][45,501s] GC(65) User=0,00s Sys=0,00s Real=0,00s
[2019-04-15T13:42:43.342+0200][45,501s] GC(65) Old: 197435K->192427K(393216K)
[2019-04-15T13:42:43.374+0200][45,533s] GC(68) Pause Young (Allocation Failure)
[2019-04-15T13:42:43.374+0200][45,533s] GC(68) Using 4 workers of 4 for evacuation
[2019-04-15T13:42:43.388+0200][45,547s] GC(68) ParNew: 99753K->11647K(109248K)
[2019-04-15T13:42:43.388+0200][45,547s] GC(68) CMS: 192427K->192526K(393216K)
[2019-04-15T13:42:43.388+0200][45,547s] GC(68) Metaspace: 63936K->63936K(1107968K)
[2019-04-15T13:42:43.388+0200][45,547s] GC(68) Pause Young (Allocation Failure) 285M->199M(490M) 13,883ms
[2019-04-15T13:42:43.388+0200][45,547s] GC(68) User=0,03s Sys=0,00s Real=0,01s
[2019-04-15T13:42:43.493+0200][45,652s] GC(69) Pause Young (Allocation Failure)
[2019-04-15T13:42:43.493+0200][45,652s] GC(69) Using 4 workers of 4 for evacuation
[2019-04-15T13:42:43.505+0200][45,664s] GC(69) ParNew: 99071K->13170K(109248K)
[2019-04-15T13:42:43.505+0200][45,664s] GC(69) CMS: 192526K->193539K(393216K)
[2019-04-15T13:42:43.505+0200][45,664s] GC(69) Metaspace: 63939K->63939K(1107968K)
[2019-04-15T13:42:43.505+0200][45,664s] GC(69) Pause Young (Allocation Failure) 284M->201M(490M) 11,973ms
[2019-04-15T13:42:43.505+0200][45,664s] GC(69) User=0,03s Sys=0,00s Real=0,01s
[2019-04-15T13:42:43.606+0200][45,765s] GC(70) Pause Young (Allocation Failure)
[2019-04-15T13:42:43.606+0200][45,765s] GC(70) Using 4 workers of 4 for evacuation
[2019-04-15T13:42:43.619+0200][45,778s] GC(70) ParNew: 100594K->12157K(109248K)
[2019-04-15T13:42:43.619+0200][45,778s] GC(70) CMS: 193539K->193731K(393216K)
[2019-04-15T13:42:43.619+0200][45,778s] GC(70) Metaspace: 63941K->63941K(1107968K)
[2019-04-15T13:42:43.619+0200][45,778s] GC(70) Pause Young (Allocation Failure) 287M->201M(490M) 13,108ms
[2019-04-15T13:42:43.619+0200][45,778s] GC(70) User=0,04s Sys=0,00s Real=0,01s
[2019-04-15T13:42:43.708+0200][45,867s] GC(71) Pause Young (Allocation Failure)
[2019-04-15T13:42:43.708+0200][45,867s] GC(71) Using 4 workers of 4 for evacuation
[2019-04-15T13:42:43.719+0200][45,878s] GC(71) ParNew: 99581K->9915K(109248K)
[2019-04-15T13:42:43.719+0200][45,878s] GC(71) CMS: 193731K->197849K(393216K)
[2019-04-15T13:42:43.719+0200][45,878s] GC(71) Metaspace: 63948K->63948K(1107968K)
[2019-04-15T13:42:43.719+0200][45,878s] GC(71) Pause Young (Allocation Failure) 286M->202M(490M) 11,004ms
[2019-04-15T13:42:43.719+0200][45,878s] GC(71) User=0,03s Sys=0,00s Real=0,01s
[2019-04-15T13:42:43.722+0200][45,881s] GC(72) Pause Initial Mark
[2019-04-15T13:42:43.725+0200][45,883s] GC(72) Pause Initial Mark 204M->204M(490M) 2,823ms
[2019-04-15T13:42:43.725+0200][45,883s] GC(72) User=0,01s Sys=0,00s Real=0,00s
[2019-04-15T13:42:43.725+0200][45,884s] GC(72) Concurrent Mark
[2019-04-15T13:42:43.725+0200][45,884s] GC(72) Using 4 workers of 4 for marking
[2019-04-15T13:42:43.802+0200][45,961s] GC(72) Concurrent Mark 77,776ms
[2019-04-15T13:42:43.802+0200][45,961s] GC(72) User=0,25s Sys=0,00s Real=0,08s
[2019-04-15T13:42:43.802+0200][45,961s] GC(72) Concurrent Preclean
[2019-04-15T13:42:43.803+0200][45,962s] GC(72) Concurrent Preclean 0,803ms
[2019-04-15T13:42:43.803+0200][45,962s] GC(72) User=0,00s Sys=0,00s Real=0,00s
[2019-04-15T13:42:43.803+0200][45,962s] GC(72) Concurrent Abortable Preclean
[2019-04-15T13:42:43.866+0200][46,025s] GC(73) Pause Young (Allocation Failure)
[2019-04-15T13:42:43.866+0200][46,025s] GC(73) Using 4 workers of 4 for evacuation
[2019-04-15T13:42:43.881+0200][46,040s] GC(73) ParNew: 97339K->8073K(109248K)
[2019-04-15T13:42:43.881+0200][46,040s] GC(73) CMS: 197849K->198954K(393216K)
[2019-04-15T13:42:43.881+0200][46,040s] GC(73) Metaspace: 63966K->63966K(1107968K)
[2019-04-15T13:42:43.881+0200][46,040s] GC(73) Pause Young (Allocation Failure) 288M->202M(490M) 14,486ms
[2019-04-15T13:42:43.881+0200][46,040s] GC(73) User=0,04s Sys=0,00s Real=0,01s
[2019-04-15T13:42:43.940+0200][46,099s] GC(72) Concurrent Abortable Preclean 137,230ms
[2019-04-15T13:42:43.941+0200][46,099s] GC(72) User=0,27s Sys=0,00s Real=0,14s
[2019-04-15T13:42:43.941+0200][46,100s] GC(72) Pause Remark
[2019-04-15T13:42:43.941+0200][46,100s] GC(74) Pause Young (CMS Final Remark)
[2019-04-15T13:42:43.941+0200][46,100s] GC(74) Using 4 workers of 4 for evacuation
[2019-04-15T13:42:43.953+0200][46,112s] GC(74) ParNew: 74471K->8096K(109248K)
[2019-04-15T13:42:43.953+0200][46,112s] GC(74) CMS: 198954K->199145K(393216K)
[2019-04-15T13:42:43.953+0200][46,112s] GC(74) Metaspace: 63967K->63967K(1107968K)
[2019-04-15T13:42:43.953+0200][46,112s] GC(74) Pause Young (CMS Final Remark) 267M->202M(490M) 12,313ms
[2019-04-15T13:42:43.953+0200][46,112s] GC(74) User=0,03s Sys=0,00s Real=0,02s
[2019-04-15T13:42:43.983+0200][46,142s] GC(72) Pause Remark 267M->202M(490M) 42,040ms
[2019-04-15T13:42:43.983+0200][46,142s] GC(72) User=0,08s Sys=0,00s Real=0,04s
[2019-04-15T13:42:43.983+0200][46,142s] GC(72) Concurrent Sweep
[2019-04-15T13:42:44.033+0200][46,192s] GC(72) Concurrent Sweep 50,651ms
[2019-04-15T13:42:44.034+0200][46,192s] GC(72) User=0,08s Sys=0,00s Real=0,06s
[2019-04-15T13:42:44.034+0200][46,193s] GC(72) Concurrent Reset
[2019-04-15T13:42:44.034+0200][46,193s] GC(72) Concurrent Reset 0,712ms
[2019-04-15T13:42:44.034+0200][46,193s] GC(72) User=0,00s Sys=0,00s Real=0,00s
[2019-04-15T13:42:44.034+0200][46,193s] GC(72) Old: 197849K->199106K(393216K)
[2019-04-15T13:42:44.085+0200][46,244s] GC(75) Pause Young (Allocation Failure)
[2019-04-15T13:42:44.085+0200][46,244s] GC(75) Using 4 workers of 4 for evacuation
[2019-04-15T13:42:44.104+0200][46,263s] GC(75) ParNew: 95520K->10471K(109248K)
[2019-04-15T13:42:44.104+0200][46,263s] GC(75) CMS: 199106K->200242K(393216K)
[2019-04-15T13:42:44.104+0200][46,263s] GC(75) Metaspace: 63970K->63970K(1107968K)
[2019-04-15T13:42:44.104+0200][46,263s] GC(75) Pause Young (Allocation Failure) 287M->205M(490M) 19,066ms
[2019-04-15T13:42:44.105+0200][46,263s] GC(75) User=0,05s Sys=0,00s Real=0,01s
[2019-04-15T13:42:44.109+0200][46,268s] GC(76) Pause Initial Mark
[2019-04-15T13:42:44.113+0200][46,272s] GC(76) Pause Initial Mark 212M->212M(490M) 3,601ms
[2019-04-15T13:42:44.113+0200][46,272s] GC(76) User=0,02s Sys=0,00s Real=0,00s
[2019-04-15T13:42:44.113+0200][46,272s] GC(76) Concurrent Mark
[2019-04-15T13:42:44.113+0200][46,272s] GC(76) Using 4 workers of 4 for marking
[2019-04-15T13:42:44.181+0200][46,339s] GC(76) Concurrent Mark 67,889ms
[2019-04-15T13:42:44.181+0200][46,340s] GC(76) User=0,21s Sys=0,01s Real=0,07s
[2019-04-15T13:42:44.181+0200][46,340s] GC(76) Concurrent Preclean
[2019-04-15T13:42:44.182+0200][46,340s] GC(76) Concurrent Preclean 0,915ms
[2019-04-15T13:42:44.182+0200][46,340s] GC(76) User=0,01s Sys=0,00s Real=0,00s
[2019-04-15T13:42:44.182+0200][46,340s] GC(76) Concurrent Abortable Preclean
[2019-04-15T13:42:44.252+0200][46,411s] GC(77) Pause Young (Allocation Failure)
[2019-04-15T13:42:44.252+0200][46,411s] GC(77) Using 4 workers of 4 for evacuation
[2019-04-15T13:42:44.270+0200][46,429s] GC(77) ParNew: 97895K->8296K(109248K)
[2019-04-15T13:42:44.271+0200][46,429s] GC(77) CMS: 200242K->201123K(393216K)
[2019-04-15T13:42:44.271+0200][46,429s] GC(77) Metaspace: 63970K->63970K(1107968K)
[2019-04-15T13:42:44.271+0200][46,429s] GC(77) Pause Young (Allocation Failure) 291M->204M(490M) 18,144ms
[2019-04-15T13:42:44.271+0200][46,429s] GC(77) User=0,04s Sys=0,00s Real=0,02s
[2019-04-15T13:42:44.334+0200][46,493s] GC(78) Pause Young (Allocation Failure)
[2019-04-15T13:42:44.334+0200][46,493s] GC(78) Using 4 workers of 4 for evacuation
[2019-04-15T13:42:44.345+0200][46,504s] GC(78) ParNew: 95720K->9480K(109248K)
[2019-04-15T13:42:44.345+0200][46,504s] GC(78) CMS: 201123K->201412K(393216K)
[2019-04-15T13:42:44.345+0200][46,504s] GC(78) Metaspace: 63970K->63970K(1107968K)
[2019-04-15T13:42:44.345+0200][46,504s] GC(78) Pause Young (Allocation Failure) 289M->205M(490M) 11,334ms
[2019-04-15T13:42:44.345+0200][46,504s] GC(78) User=0,03s Sys=0,00s Real=0,01s
[2019-04-15T13:42:44.349+0200][46,508s] GC(76) Concurrent Abortable Preclean 167,189ms
[2019-04-15T13:42:44.349+0200][46,508s] GC(76) User=0,32s Sys=0,00s Real=0,17s
[2019-04-15T13:42:44.349+0200][46,508s] GC(76) Pause Remark
[2019-04-15T13:42:44.349+0200][46,508s] GC(79) Pause Young (CMS Final Remark)
[2019-04-15T13:42:44.349+0200][46,508s] GC(79) Using 4 workers of 4 for evacuation
[2019-04-15T13:42:44.362+0200][46,521s] GC(79) ParNew: 12969K->7126K(109248K)
[2019-04-15T13:42:44.362+0200][46,521s] GC(79) CMS: 201412K->202383K(393216K)
[2019-04-15T13:42:44.362+0200][46,521s] GC(79) Metaspace: 63970K->63970K(1107968K)
[2019-04-15T13:42:44.362+0200][46,521s] GC(79) Pause Young (CMS Final Remark) 209M->204M(490M) 13,205ms
[2019-04-15T13:42:44.362+0200][46,521s] GC(79) User=0,03s Sys=0,00s Real=0,01s
[2019-04-15T13:42:44.399+0200][46,558s] GC(76) Pause Remark 209M->204M(490M) 50,512ms
[2019-04-15T13:42:44.400+0200][46,558s] GC(76) User=0,08s Sys=0,00s Real=0,05s
[2019-04-15T13:42:44.400+0200][46,559s] GC(76) Concurrent Sweep
[2019-04-15T13:42:44.433+0200][46,592s] GC(76) Concurrent Sweep 33,430ms
[2019-04-15T13:42:44.433+0200][46,592s] GC(76) User=0,07s Sys=0,00s Real=0,04s
[2019-04-15T13:42:44.433+0200][46,592s] GC(76) Concurrent Reset
[2019-04-15T13:42:44.433+0200][46,592s] GC(76) Concurrent Reset 0,360ms
[2019-04-15T13:42:44.433+0200][46,592s] GC(76) User=0,00s Sys=0,00s Real=0,00s
[2019-04-15T13:42:44.434+0200][46,592s] GC(76) Old: 200242K->202354K(393216K)
[2019-04-15T13:42:44.479+0200][46,638s] GC(80) Pause Young (Allocation Failure)
[2019-04-15T13:42:44.479+0200][46,638s] GC(80) Using 4 workers of 4 for evacuation
[2019-04-15T13:42:44.493+0200][46,652s] GC(80) ParNew: 94550K->5617K(109248K)
[2019-04-15T13:42:44.493+0200][46,652s] GC(80) CMS: 202354K->202526K(393216K)
[2019-04-15T13:42:44.493+0200][46,652s] GC(80) Metaspace: 63970K->63970K(1107968K)
[2019-04-15T13:42:44.493+0200][46,652s] GC(80) Pause Young (Allocation Failure) 289M->203M(490M) 14,271ms
[2019-04-15T13:42:44.493+0200][46,652s] GC(80) User=0,02s Sys=0,00s Real=0,02s
[2019-04-15T13:42:44.493+0200][46,652s] GC(81) Pause Initial Mark
[2019-04-15T13:42:44.495+0200][46,654s] GC(81) Pause Initial Mark 204M->204M(490M) 2,132ms
[2019-04-15T13:42:44.495+0200][46,654s] GC(81) User=0,01s Sys=0,00s Real=0,00s
[2019-04-15T13:42:44.495+0200][46,654s] GC(81) Concurrent Mark
[2019-04-15T13:42:44.495+0200][46,654s] GC(81) Using 4 workers of 4 for marking
[2019-04-15T13:42:44.565+0200][46,724s] GC(81) Concurrent Mark 69,606ms
[2019-04-15T13:42:44.565+0200][46,724s] GC(81) User=0,21s Sys=0,00s Real=0,07s
[2019-04-15T13:42:44.565+0200][46,724s] GC(81) Concurrent Preclean
[2019-04-15T13:42:44.566+0200][46,725s] GC(81) Concurrent Preclean 1,307ms
[2019-04-15T13:42:44.566+0200][46,725s] GC(81) User=0,00s Sys=0,00s Real=0,00s
[2019-04-15T13:42:44.566+0200][46,725s] GC(81) Concurrent Abortable Preclean
[2019-04-15T13:42:44.634+0200][46,793s] GC(82) Pause Young (Allocation Failure)
[2019-04-15T13:42:44.634+0200][46,793s] GC(82) Using 4 workers of 4 for evacuation
[2019-04-15T13:42:44.651+0200][46,810s] GC(82) ParNew: 93041K->4961K(109248K)
[2019-04-15T13:42:44.651+0200][46,810s] GC(82) CMS: 202526K->203382K(393216K)
[2019-04-15T13:42:44.651+0200][46,810s] GC(82) Metaspace: 63970K->63970K(1107968K)
[2019-04-15T13:42:44.651+0200][46,810s] GC(82) Pause Young (Allocation Failure) 288M->203M(490M) 17,078ms
[2019-04-15T13:42:44.651+0200][46,810s] GC(82) User=0,04s Sys=0,00s Real=0,01s
[2019-04-15T13:42:44.698+0200][46,857s] GC(81) Concurrent Abortable Preclean 132,046ms
[2019-04-15T13:42:44.698+0200][46,857s] GC(81) User=0,34s Sys=0,00s Real=0,13s
[2019-04-15T13:42:44.699+0200][46,857s] GC(81) Pause Remark
[2019-04-15T13:42:44.699+0200][46,858s] GC(83) Pause Young (CMS Final Remark)
[2019-04-15T13:42:44.699+0200][46,858s] GC(83) Using 4 workers of 4 for evacuation
[2019-04-15T13:42:44.714+0200][46,873s] GC(83) ParNew: 55589K->5328K(109248K)
[2019-04-15T13:42:44.714+0200][46,873s] GC(83) CMS: 203382K->203735K(393216K)
[2019-04-15T13:42:44.714+0200][46,873s] GC(83) Metaspace: 63970K->63970K(1107968K)
[2019-04-15T13:42:44.714+0200][46,873s] GC(83) Pause Young (CMS Final Remark) 252M->204M(490M) 15,149ms
[2019-04-15T13:42:44.714+0200][46,873s] GC(83) User=0,03s Sys=0,00s Real=0,02s
[2019-04-15T13:42:44.742+0200][46,901s] GC(81) Pause Remark 252M->204M(490M) 43,128ms
[2019-04-15T13:42:44.742+0200][46,901s] GC(81) User=0,07s Sys=0,00s Real=0,04s
[2019-04-15T13:42:44.742+0200][46,901s] GC(81) Concurrent Sweep
[2019-04-15T13:42:44.798+0200][46,957s] GC(81) Concurrent Sweep 55,823ms
[2019-04-15T13:42:44.798+0200][46,957s] GC(81) User=0,16s Sys=0,00s Real=0,06s
[2019-04-15T13:42:44.798+0200][46,957s] GC(81) Concurrent Reset
[2019-04-15T13:42:44.798+0200][46,957s] GC(81) Concurrent Reset 0,391ms
[2019-04-15T13:42:44.798+0200][46,957s] GC(81) User=0,00s Sys=0,00s Real=0,00s
[2019-04-15T13:42:44.798+0200][46,957s] GC(81) Old: 202526K->203734K(393216K)
[2019-04-15T13:42:45.103+0200][47,262s] GC(84) Pause Young (Allocation Failure)
[2019-04-15T13:42:45.103+0200][47,262s] GC(84) Using 4 workers of 4 for evacuation
[2019-04-15T13:42:45.130+0200][47,289s] GC(84) ParNew: 92720K->12713K(109248K)
[2019-04-15T13:42:45.130+0200][47,289s] GC(84) CMS: 203734K->204624K(393216K)
[2019-04-15T13:42:45.130+0200][47,289s] GC(84) Metaspace: 64159K->64159K(1107968K)
[2019-04-15T13:42:45.130+0200][47,289s] GC(84) Pause Young (Allocation Failure) 289M->212M(490M) 27,052ms
[2019-04-15T13:42:45.130+0200][47,289s] GC(84) User=0,07s Sys=0,00s Real=0,03s
[2019-04-15T13:42:45.133+0200][47,292s] GC(85) Pause Initial Mark
[2019-04-15T13:42:45.138+0200][47,297s] GC(85) Pause Initial Mark 220M->220M(490M) 5,396ms
[2019-04-15T13:42:45.138+0200][47,297s] GC(85) User=0,01s Sys=0,00s Real=0,00s
[2019-04-15T13:42:45.139+0200][47,297s] GC(85) Concurrent Mark
[2019-04-15T13:42:45.139+0200][47,297s] GC(85) Using 4 workers of 4 for marking
[2019-04-15T13:42:45.348+0200][47,507s] GC(85) Concurrent Mark 209,571ms
[2019-04-15T13:42:45.348+0200][47,507s] GC(85) User=0,62s Sys=0,01s Real=0,21s
[2019-04-15T13:42:45.352+0200][47,511s] GC(86) Pause Young (Allocation Failure)
[2019-04-15T13:42:45.352+0200][47,511s] GC(86) Using 4 workers of 4 for evacuation
[2019-04-15T13:42:45.393+0200][47,552s] GC(86) ParNew: 100137K->13666K(109248K)
[2019-04-15T13:42:45.393+0200][47,552s] GC(86) CMS: 204624K->205073K(393216K)
[2019-04-15T13:42:45.393+0200][47,552s] GC(86) Metaspace: 64169K->64169K(1107968K)
[2019-04-15T13:42:45.393+0200][47,552s] GC(86) Pause Young (Allocation Failure) 297M->213M(490M) 41,642ms
[2019-04-15T13:42:45.393+0200][47,552s] GC(86) User=0,13s Sys=0,00s Real=0,05s
[2019-04-15T13:42:45.393+0200][47,552s] GC(85) Concurrent Preclean
[2019-04-15T13:42:45.396+0200][47,555s] GC(85) Concurrent Preclean 3,057ms
[2019-04-15T13:42:45.397+0200][47,555s] GC(85) User=0,00s Sys=0,00s Real=0,00s
[2019-04-15T13:42:45.399+0200][47,557s] GC(85) Pause Remark
[2019-04-15T13:42:45.399+0200][47,557s] GC(87) Pause Young (CMS Final Remark)
[2019-04-15T13:42:45.399+0200][47,557s] GC(87) Using 4 workers of 4 for evacuation
[2019-04-15T13:42:45.449+0200][47,608s] GC(87) ParNew: 15442K->13106K(109248K)
[2019-04-15T13:42:45.449+0200][47,608s] GC(87) CMS: 205073K->205141K(393216K)
[2019-04-15T13:42:45.449+0200][47,608s] GC(87) Metaspace: 64169K->64169K(1107968K)
[2019-04-15T13:42:45.449+0200][47,608s] GC(87) Pause Young (CMS Final Remark) 215M->213M(490M) 50,364ms
[2019-04-15T13:42:45.449+0200][47,608s] GC(87) User=0,14s Sys=0,00s Real=0,05s
[2019-04-15T13:42:45.477+0200][47,636s] GC(85) Pause Remark 215M->213M(490M) 78,247ms
[2019-04-15T13:42:45.477+0200][47,636s] GC(85) User=0,18s Sys=0,00s Real=0,08s
[2019-04-15T13:42:45.477+0200][47,636s] GC(85) Concurrent Sweep
[2019-04-15T13:42:45.540+0200][47,699s] GC(85) Concurrent Sweep 63,410ms
[2019-04-15T13:42:45.540+0200][47,699s] GC(85) User=0,18s Sys=0,00s Real=0,06s
[2019-04-15T13:42:45.540+0200][47,699s] GC(85) Concurrent Reset
[2019-04-15T13:42:45.541+0200][47,700s] GC(85) Concurrent Reset 0,441ms
[2019-04-15T13:42:45.541+0200][47,700s] GC(85) User=0,01s Sys=0,00s Real=0,00s
[2019-04-15T13:42:45.541+0200][47,700s] GC(85) Old: 204624K->169888K(393216K)
[2019-04-15T13:42:45.842+0200][48,001s] GC(88) Pause Young (Allocation Failure)
[2019-04-15T13:42:45.842+0200][48,001s] GC(88) Using 4 workers of 4 for evacuation
[2019-04-15T13:42:45.860+0200][48,019s] GC(88) ParNew: 100530K->21824K(109248K)
[2019-04-15T13:42:45.860+0200][48,019s] GC(88) CMS: 169888K->170223K(393216K)
[2019-04-15T13:42:45.860+0200][48,019s] GC(88) Metaspace: 64181K->64181K(1107968K)
[2019-04-15T13:42:45.860+0200][48,019s] GC(88) Pause Young (Allocation Failure) 264M->187M(490M) 18,421ms
[2019-04-15T13:42:45.860+0200][48,019s] GC(88) User=0,05s Sys=0,00s Real=0,02s
[2019-04-15T13:42:46.107+0200][48,266s] GC(89) Pause Young (Allocation Failure)
[2019-04-15T13:42:46.107+0200][48,266s] GC(89) Using 4 workers of 4 for evacuation
[2019-04-15T13:42:46.125+0200][48,283s] GC(89) ParNew: 109248K->19341K(109248K)
[2019-04-15T13:42:46.125+0200][48,284s] GC(89) CMS: 170223K->170223K(393216K)
[2019-04-15T13:42:46.125+0200][48,284s] GC(89) Metaspace: 64188K->64188K(1107968K)
[2019-04-15T13:42:46.125+0200][48,284s] GC(89) Pause Young (Allocation Failure) 272M->185M(490M) 17,351ms
[2019-04-15T13:42:46.125+0200][48,284s] GC(89) User=0,05s Sys=0,00s Real=0,01s
[2019-04-15T13:42:46.289+0200][48,447s] GC(90) Pause Young (Allocation Failure)
[2019-04-15T13:42:46.289+0200][48,448s] GC(90) Using 4 workers of 4 for evacuation
[2019-04-15T13:42:46.313+0200][48,472s] GC(90) ParNew: 106319K->21824K(109248K)
[2019-04-15T13:42:46.313+0200][48,472s] GC(90) CMS: 170223K->171494K(393216K)
[2019-04-15T13:42:46.313+0200][48,472s] GC(90) Metaspace: 64219K->64219K(1107968K)
[2019-04-15T13:42:46.313+0200][48,472s] GC(90) Pause Young (Allocation Failure) 270M->188M(490M) 24,116ms
[2019-04-15T13:42:46.313+0200][48,472s] GC(90) User=0,07s Sys=0,00s Real=0,02s
[2019-04-15T13:42:46.413+0200][48,572s] GC(91) Pause Young (Allocation Failure)
[2019-04-15T13:42:46.413+0200][48,572s] GC(91) Using 4 workers of 4 for evacuation
[2019-04-15T13:42:46.438+0200][48,597s] GC(91) ParNew: 109248K->16970K(109248K)
[2019-04-15T13:42:46.438+0200][48,597s] GC(91) CMS: 171494K->172166K(393216K)
[2019-04-15T13:42:46.438+0200][48,597s] GC(91) Metaspace: 64232K->64232K(1107968K)
[2019-04-15T13:42:46.438+0200][48,597s] GC(91) Pause Young (Allocation Failure) 274M->184M(490M) 25,393ms
[2019-04-15T13:42:46.438+0200][48,597s] GC(91) User=0,06s Sys=0,00s Real=0,02s
[2019-04-15T13:42:46.555+0200][48,714s] GC(92) Pause Young (Allocation Failure)
[2019-04-15T13:42:46.555+0200][48,714s] GC(92) Using 4 workers of 4 for evacuation
[2019-04-15T13:42:46.581+0200][48,740s] GC(92) ParNew: 104394K->21824K(109248K)
[2019-04-15T13:42:46.581+0200][48,740s] GC(92) CMS: 172166K->172169K(393216K)
[2019-04-15T13:42:46.581+0200][48,740s] GC(92) Metaspace: 64232K->64232K(1107968K)
[2019-04-15T13:42:46.581+0200][48,740s] GC(92) Pause Young (Allocation Failure) 270M->189M(490M) 26,222ms
[2019-04-15T13:42:46.581+0200][48,740s] GC(92) User=0,06s Sys=0,00s Real=0,02s
[2019-04-15T13:42:46.745+0200][48,904s] GC(93) Pause Young (Allocation Failure)
[2019-04-15T13:42:46.745+0200][48,904s] GC(93) Using 4 workers of 4 for evacuation
[2019-04-15T13:42:46.779+0200][48,938s] GC(93) ParNew: 109248K->10343K(109248K)
[2019-04-15T13:42:46.779+0200][48,938s] GC(93) CMS: 172169K->178697K(393216K)
[2019-04-15T13:42:46.779+0200][48,938s] GC(93) Metaspace: 64263K->64263K(1107968K)
[2019-04-15T13:42:46.779+0200][48,938s] GC(93) Pause Young (Allocation Failure) 274M->184M(490M) 33,767ms
[2019-04-15T13:42:46.779+0200][48,938s] GC(93) User=0,07s Sys=0,00s Real=0,03s
[2019-04-15T13:42:46.908+0200][49,067s] GC(94) Pause Young (Allocation Failure)
[2019-04-15T13:42:46.908+0200][49,067s] GC(94) Using 4 workers of 4 for evacuation
[2019-04-15T13:42:46.929+0200][49,088s] GC(94) ParNew: 97767K->14352K(109248K)
[2019-04-15T13:42:46.929+0200][49,088s] GC(94) CMS: 178697K->179106K(393216K)
[2019-04-15T13:42:46.929+0200][49,088s] GC(94) Metaspace: 64268K->64268K(1107968K)
[2019-04-15T13:42:46.929+0200][49,088s] GC(94) Pause Young (Allocation Failure) 269M->188M(490M) 21,494ms
[2019-04-15T13:42:46.929+0200][49,088s] GC(94) User=0,06s Sys=0,00s Real=0,02s
[2019-04-15T13:42:47.024+0200][49,183s] GC(95) Pause Young (Allocation Failure)
[2019-04-15T13:42:47.024+0200][49,183s] GC(95) Using 4 workers of 4 for evacuation
[2019-04-15T13:42:47.039+0200][49,198s] GC(95) ParNew: 101776K->11806K(109248K)
[2019-04-15T13:42:47.039+0200][49,198s] GC(95) CMS: 179106K->179138K(393216K)
[2019-04-15T13:42:47.039+0200][49,198s] GC(95) Metaspace: 64268K->64268K(1107968K)
[2019-04-15T13:42:47.039+0200][49,198s] GC(95) Pause Young (Allocation Failure) 274M->186M(490M) 15,138ms
[2019-04-15T13:42:47.039+0200][49,198s] GC(95) User=0,04s Sys=0,00s Real=0,02s
[2019-04-15T13:42:47.188+0200][49,347s] GC(96) Pause Young (Allocation Failure)
[2019-04-15T13:42:47.188+0200][49,347s] GC(96) Using 4 workers of 4 for evacuation
[2019-04-15T13:42:47.207+0200][49,366s] GC(96) ParNew: 99230K->12144K(109248K)
[2019-04-15T13:42:47.207+0200][49,366s] GC(96) CMS: 179138K->181938K(393216K)
[2019-04-15T13:42:47.207+0200][49,366s] GC(96) Metaspace: 64268K->64268K(1107968K)
[2019-04-15T13:42:47.207+0200][49,366s] GC(96) Pause Young (Allocation Failure) 271M->189M(490M) 18,932ms
[2019-04-15T13:42:47.207+0200][49,366s] GC(96) User=0,05s Sys=0,00s Real=0,02s
[2019-04-15T13:42:47.409+0200][49,568s] GC(97) Pause Young (Allocation Failure)
[2019-04-15T13:42:47.409+0200][49,568s] GC(97) Using 4 workers of 4 for evacuation
[2019-04-15T13:42:47.431+0200][49,589s] GC(97) ParNew: 99568K->11391K(109248K)
[2019-04-15T13:42:47.431+0200][49,590s] GC(97) CMS: 181938K->181943K(393216K)
[2019-04-15T13:42:47.431+0200][49,590s] GC(97) Metaspace: 64293K->64293K(1107968K)
[2019-04-15T13:42:47.431+0200][49,590s] GC(97) Pause Young (Allocation Failure) 274M->188M(490M) 21,895ms
[2019-04-15T13:42:47.431+0200][49,590s] GC(97) User=0,05s Sys=0,00s Real=0,02s
[2019-04-15T13:42:47.833+0200][49,992s] GC(98) Pause Young (Allocation Failure)
[2019-04-15T13:42:47.834+0200][49,993s] GC(98) Using 4 workers of 4 for evacuation
[2019-04-15T13:42:47.857+0200][50,016s] GC(98) ParNew: 98815K->21824K(109248K)
[2019-04-15T13:42:47.857+0200][50,016s] GC(98) CMS: 181943K->195965K(393216K)
[2019-04-15T13:42:47.857+0200][50,016s] GC(98) Metaspace: 64322K->64322K(1107968K)
[2019-04-15T13:42:47.857+0200][50,016s] GC(98) Pause Young (Allocation Failure) 274M->212M(490M) 23,916ms
[2019-04-15T13:42:47.857+0200][50,016s] GC(98) User=0,05s Sys=0,00s Real=0,02s
[2019-04-15T13:42:47.967+0200][50,126s] GC(99) Pause Young (Allocation Failure)
[2019-04-15T13:42:47.967+0200][50,126s] GC(99) Using 4 workers of 4 for evacuation
[2019-04-15T13:42:47.989+0200][50,148s] GC(99) ParNew: 109248K->21824K(109248K)
[2019-04-15T13:42:47.989+0200][50,148s] GC(99) CMS: 195965K->219418K(393216K)
[2019-04-15T13:42:47.989+0200][50,148s] GC(99) Metaspace: 64328K->64328K(1107968K)
[2019-04-15T13:42:47.989+0200][50,148s] GC(99) Pause Young (Allocation Failure) 298M->235M(490M) 21,931ms
[2019-04-15T13:42:47.989+0200][50,148s] GC(99) User=0,06s Sys=0,00s Real=0,02s
[2019-04-15T13:42:47.989+0200][50,148s] GC(100) Pause Initial Mark
[2019-04-15T13:42:47.991+0200][50,150s] GC(100) Pause Initial Mark 235M->235M(490M) 1,782ms
[2019-04-15T13:42:47.991+0200][50,150s] GC(100) User=0,00s Sys=0,00s Real=0,00s
[2019-04-15T13:42:47.991+0200][50,150s] GC(100) Concurrent Mark
[2019-04-15T13:42:47.991+0200][50,150s] GC(100) Using 4 workers of 4 for marking
[2019-04-15T13:42:48.063+0200][50,222s] GC(100) Concurrent Mark 71,513ms
[2019-04-15T13:42:48.063+0200][50,222s] GC(100) User=0,19s Sys=0,00s Real=0,07s
[2019-04-15T13:42:48.063+0200][50,222s] GC(100) Concurrent Preclean
[2019-04-15T13:42:48.063+0200][50,222s] GC(100) Concurrent Preclean 0,756ms
[2019-04-15T13:42:48.063+0200][50,222s] GC(100) User=0,00s Sys=0,00s Real=0,00s
[2019-04-15T13:42:48.063+0200][50,222s] GC(100) Concurrent Abortable Preclean
[2019-04-15T13:42:48.127+0200][50,286s] GC(101) Pause Young (Allocation Failure)
[2019-04-15T13:42:48.127+0200][50,286s] GC(101) Using 4 workers of 4 for evacuation
[2019-04-15T13:42:48.151+0200][50,310s] GC(101) ParNew: 109248K->21824K(109248K)
[2019-04-15T13:42:48.151+0200][50,310s] GC(101) CMS: 219418K->233357K(393216K)
[2019-04-15T13:42:48.151+0200][50,310s] GC(101) Metaspace: 64328K->64328K(1107968K)
[2019-04-15T13:42:48.151+0200][50,310s] GC(101) Pause Young (Allocation Failure) 320M->249M(490M) 24,792ms
[2019-04-15T13:42:48.151+0200][50,310s] GC(101) User=0,06s Sys=0,00s Real=0,02s
[2019-04-15T13:42:48.269+0200][50,428s] GC(102) Pause Young (Allocation Failure)
[2019-04-15T13:42:48.269+0200][50,428s] GC(102) Using 4 workers of 4 for evacuation
[2019-04-15T13:42:48.280+0200][50,439s] GC(102) ParNew: 109248K->11172K(109248K)
[2019-04-15T13:42:48.280+0200][50,439s] GC(102) CMS: 233357K->233357K(393216K)
[2019-04-15T13:42:48.280+0200][50,439s] GC(102) Metaspace: 64328K->64328K(1107968K)
[2019-04-15T13:42:48.280+0200][50,439s] GC(102) Pause Young (Allocation Failure) 334M->238M(490M) 11,519ms
[2019-04-15T13:42:48.280+0200][50,439s] GC(102) User=0,03s Sys=0,00s Real=0,01s
[2019-04-15T13:42:48.388+0200][50,547s] GC(103) Pause Young (Allocation Failure)
[2019-04-15T13:42:48.388+0200][50,547s] GC(103) Using 4 workers of 4 for evacuation
[2019-04-15T13:42:48.399+0200][50,558s] GC(103) ParNew: 98596K->10759K(109248K)
[2019-04-15T13:42:48.399+0200][50,558s] GC(103) CMS: 233357K->233357K(393216K)
[2019-04-15T13:42:48.399+0200][50,558s] GC(103) Metaspace: 64330K->64330K(1107968K)
[2019-04-15T13:42:48.399+0200][50,558s] GC(103) Pause Young (Allocation Failure) 324M->238M(490M) 10,576ms
[2019-04-15T13:42:48.399+0200][50,558s] GC(103) User=0,02s Sys=0,00s Real=0,01s
[2019-04-15T13:42:48.506+0200][50,665s] GC(104) Pause Young (Allocation Failure)
[2019-04-15T13:42:48.506+0200][50,665s] GC(104) Using 4 workers of 4 for evacuation
[2019-04-15T13:42:48.527+0200][50,686s] GC(104) ParNew: 98183K->13656K(109248K)
[2019-04-15T13:42:48.527+0200][50,686s] GC(104) CMS: 233357K->233357K(393216K)
[2019-04-15T13:42:48.527+0200][50,686s] GC(104) Metaspace: 64330K->64330K(1107968K)
[2019-04-15T13:42:48.527+0200][50,686s] GC(104) Pause Young (Allocation Failure) 323M->241M(490M) 21,252ms
[2019-04-15T13:42:48.527+0200][50,686s] GC(104) User=0,05s Sys=0,00s Real=0,02s
[2019-04-15T13:42:48.527+0200][50,686s] GC(100) Concurrent Abortable Preclean 463,718ms
[2019-04-15T13:42:48.527+0200][50,686s] GC(100) User=1,20s Sys=0,00s Real=0,47s
[2019-04-15T13:42:48.533+0200][50,692s] GC(100) Pause Remark
[2019-04-15T13:42:48.533+0200][50,692s] GC(105) Pause Young (CMS Final Remark)
[2019-04-15T13:42:48.533+0200][50,692s] GC(105) Using 4 workers of 4 for evacuation
[2019-04-15T13:42:48.548+0200][50,707s] GC(105) ParNew: 18653K->12209K(109248K)
[2019-04-15T13:42:48.548+0200][50,707s] GC(105) CMS: 233357K->233357K(393216K)
[2019-04-15T13:42:48.548+0200][50,707s] GC(105) Metaspace: 64330K->64330K(1107968K)
[2019-04-15T13:42:48.548+0200][50,707s] GC(105) Pause Young (CMS Final Remark) 246M->239M(490M) 14,810ms
[2019-04-15T13:42:48.548+0200][50,707s] GC(105) User=0,04s Sys=0,00s Real=0,01s
[2019-04-15T13:42:48.592+0200][50,751s] GC(100) Pause Remark 246M->239M(490M) 59,081ms
[2019-04-15T13:42:48.592+0200][50,751s] GC(100) User=0,12s Sys=0,00s Real=0,05s
[2019-04-15T13:42:48.592+0200][50,751s] GC(100) Concurrent Sweep
[2019-04-15T13:42:48.697+0200][50,856s] GC(100) Concurrent Sweep 104,929ms
[2019-04-15T13:42:48.697+0200][50,856s] GC(100) User=0,30s Sys=0,00s Real=0,11s
[2019-04-15T13:42:48.697+0200][50,856s] GC(100) Concurrent Reset
[2019-04-15T13:42:48.698+0200][50,857s] GC(100) Concurrent Reset 0,383ms
[2019-04-15T13:42:48.698+0200][50,857s] GC(100) User=0,00s Sys=0,00s Real=0,00s
[2019-04-15T13:42:48.698+0200][50,857s] GC(100) Old: 219418K->191278K(393216K)
[2019-04-15T13:42:48.745+0200][50,904s] GC(106) Pause Young (Allocation Failure)
[2019-04-15T13:42:48.745+0200][50,904s] GC(106) Using 4 workers of 4 for evacuation
[2019-04-15T13:42:48.764+0200][50,923s] GC(106) ParNew: 99633K->11869K(109248K)
[2019-04-15T13:42:48.764+0200][50,923s] GC(106) CMS: 191278K->191278K(393216K)
[2019-04-15T13:42:48.764+0200][50,923s] GC(106) Metaspace: 64330K->64330K(1107968K)
[2019-04-15T13:42:48.764+0200][50,923s] GC(106) Pause Young (Allocation Failure) 284M->198M(490M) 19,784ms
[2019-04-15T13:42:48.765+0200][50,923s] GC(106) User=0,06s Sys=0,00s Real=0,02s
[2019-04-15T13:42:48.877+0200][51,036s] GC(107) Pause Young (Allocation Failure)
[2019-04-15T13:42:48.877+0200][51,036s] GC(107) Using 4 workers of 4 for evacuation
[2019-04-15T13:42:48.914+0200][51,073s] GC(107) ParNew: 99293K->11392K(109248K)
[2019-04-15T13:42:48.914+0200][51,073s] GC(107) CMS: 191278K->191278K(393216K)
[2019-04-15T13:42:48.914+0200][51,073s] GC(107) Metaspace: 64330K->64330K(1107968K)
[2019-04-15T13:42:48.914+0200][51,073s] GC(107) Pause Young (Allocation Failure) 283M->197M(490M) 36,886ms
[2019-04-15T13:42:48.914+0200][51,073s] GC(107) User=0,10s Sys=0,00s Real=0,04s
[2019-04-15T13:42:49.024+0200][51,183s] GC(108) Pause Young (Allocation Failure)
[2019-04-15T13:42:49.024+0200][51,183s] GC(108) Using 4 workers of 4 for evacuation
[2019-04-15T13:42:49.037+0200][51,195s] GC(108) ParNew: 98816K->7194K(109248K)
[2019-04-15T13:42:49.037+0200][51,195s] GC(108) CMS: 191278K->198691K(393216K)
[2019-04-15T13:42:49.037+0200][51,195s] GC(108) Metaspace: 64330K->64330K(1107968K)
[2019-04-15T13:42:49.037+0200][51,196s] GC(108) Pause Young (Allocation Failure) 283M->201M(490M) 12,934ms
[2019-04-15T13:42:49.037+0200][51,196s] GC(108) User=0,04s Sys=0,00s Real=0,02s
[2019-04-15T13:42:49.037+0200][51,196s] GC(109) Pause Initial Mark
[2019-04-15T13:42:49.037+0200][51,196s] GC(109) Pause Initial Mark 202M->202M(490M) 0,437ms
[2019-04-15T13:42:49.037+0200][51,196s] GC(109) User=0,00s Sys=0,00s Real=0,00s
[2019-04-15T13:42:49.037+0200][51,196s] GC(109) Concurrent Mark
[2019-04-15T13:42:49.037+0200][51,196s] GC(109) Using 4 workers of 4 for marking
[2019-04-15T13:42:49.142+0200][51,301s] GC(110) Pause Young (Allocation Failure)
[2019-04-15T13:42:49.142+0200][51,301s] GC(110) Using 4 workers of 4 for evacuation
[2019-04-15T13:42:49.150+0200][51,309s] GC(110) ParNew: 94618K->3028K(109248K)
[2019-04-15T13:42:49.150+0200][51,309s] GC(110) CMS: 198691K->198732K(393216K)
[2019-04-15T13:42:49.150+0200][51,309s] GC(110) Metaspace: 64330K->64330K(1107968K)
[2019-04-15T13:42:49.150+0200][51,309s] GC(110) Pause Young (Allocation Failure) 286M->197M(490M) 8,084ms
[2019-04-15T13:42:49.150+0200][51,309s] GC(110) User=0,03s Sys=0,00s Real=0,01s
[2019-04-15T13:42:49.170+0200][51,329s] GC(109) Concurrent Mark 132,925ms
[2019-04-15T13:42:49.170+0200][51,329s] GC(109) User=0,40s Sys=0,00s Real=0,13s
[2019-04-15T13:42:49.170+0200][51,329s] GC(109) Concurrent Preclean
[2019-04-15T13:42:49.172+0200][51,331s] GC(109) Concurrent Preclean 1,770ms
[2019-04-15T13:42:49.172+0200][51,331s] GC(109) User=0,01s Sys=0,00s Real=0,00s
[2019-04-15T13:42:49.172+0200][51,331s] GC(109) Concurrent Abortable Preclean
[2019-04-15T13:42:49.254+0200][51,413s] GC(111) Pause Young (Allocation Failure)
[2019-04-15T13:42:49.254+0200][51,413s] GC(111) Using 4 workers of 4 for evacuation
[2019-04-15T13:42:49.280+0200][51,439s] GC(111) ParNew: 90452K->3075K(109248K)
[2019-04-15T13:42:49.280+0200][51,439s] GC(111) CMS: 198732K->198768K(393216K)
[2019-04-15T13:42:49.280+0200][51,439s] GC(111) Metaspace: 64330K->64330K(1107968K)
[2019-04-15T13:42:49.280+0200][51,439s] GC(111) Pause Young (Allocation Failure) 282M->197M(490M) 26,595ms
[2019-04-15T13:42:49.280+0200][51,439s] GC(111) User=0,07s Sys=0,00s Real=0,02s
[2019-04-15T13:42:49.366+0200][51,525s] GC(112) Pause Young (Allocation Failure)
[2019-04-15T13:42:49.366+0200][51,525s] GC(112) Using 4 workers of 4 for evacuation
[2019-04-15T13:42:49.379+0200][51,538s] GC(112) ParNew: 90499K->2292K(109248K)
[2019-04-15T13:42:49.379+0200][51,538s] GC(112) CMS: 198768K->198875K(393216K)
[2019-04-15T13:42:49.379+0200][51,538s] GC(112) Metaspace: 64330K->64330K(1107968K)
[2019-04-15T13:42:49.379+0200][51,538s] GC(112) Pause Young (Allocation Failure) 282M->196M(490M) 13,354ms
[2019-04-15T13:42:49.379+0200][51,538s] GC(112) User=0,03s Sys=0,00s Real=0,01s
[2019-04-15T13:42:49.444+0200][51,603s] GC(113) Pause Young (Allocation Failure)
[2019-04-15T13:42:49.444+0200][51,603s] GC(113) Using 4 workers of 4 for evacuation
[2019-04-15T13:42:49.456+0200][51,615s] GC(113) ParNew: 89716K->2771K(109248K)
[2019-04-15T13:42:49.456+0200][51,615s] GC(113) CMS: 198875K->198888K(393216K)
[2019-04-15T13:42:49.456+0200][51,615s] GC(113) Metaspace: 64330K->64330K(1107968K)
[2019-04-15T13:42:49.456+0200][51,615s] GC(113) Pause Young (Allocation Failure) 281M->196M(490M) 11,296ms
[2019-04-15T13:42:49.456+0200][51,615s] GC(113) User=0,03s Sys=0,00s Real=0,02s
[2019-04-15T13:42:49.517+0200][51,676s] GC(114) Pause Young (Allocation Failure)
[2019-04-15T13:42:49.517+0200][51,676s] GC(114) Using 4 workers of 4 for evacuation
[2019-04-15T13:42:49.526+0200][51,685s] GC(114) ParNew: 90195K->2701K(109248K)
[2019-04-15T13:42:49.526+0200][51,685s] GC(114) CMS: 198888K->198888K(393216K)
[2019-04-15T13:42:49.526+0200][51,685s] GC(114) Metaspace: 64330K->64330K(1107968K)
[2019-04-15T13:42:49.526+0200][51,685s] GC(114) Pause Young (Allocation Failure) 282M->196M(490M) 9,726ms
[2019-04-15T13:42:49.526+0200][51,685s] GC(114) User=0,02s Sys=0,00s Real=0,01s
[2019-04-15T13:42:49.600+0200][51,759s] GC(115) Pause Young (Allocation Failure)
[2019-04-15T13:42:49.600+0200][51,759s] GC(115) Using 4 workers of 4 for evacuation
[2019-04-15T13:42:49.607+0200][51,766s] GC(115) ParNew: 90125K->2923K(109248K)
[2019-04-15T13:42:49.607+0200][51,766s] GC(115) CMS: 198888K->198893K(393216K)
[2019-04-15T13:42:49.607+0200][51,766s] GC(115) Metaspace: 64330K->64330K(1107968K)
[2019-04-15T13:42:49.607+0200][51,766s] GC(115) Pause Young (Allocation Failure) 282M->197M(490M) 6,426ms
[2019-04-15T13:42:49.607+0200][51,766s] GC(115) User=0,02s Sys=0,00s Real=0,01s
[2019-04-15T13:42:49.723+0200][51,882s] GC(109) Concurrent Abortable Preclean 551,280ms
[2019-04-15T13:42:49.723+0200][51,882s] GC(109) User=1,09s Sys=0,00s Real=0,55s
[2019-04-15T13:42:49.724+0200][51,883s] GC(109) Pause Remark
[2019-04-15T13:42:49.724+0200][51,883s] GC(116) Pause Young (CMS Final Remark)
[2019-04-15T13:42:49.724+0200][51,883s] GC(116) Using 4 workers of 4 for evacuation
[2019-04-15T13:42:49.765+0200][51,924s] GC(116) ParNew: 65662K->5329K(109248K)
[2019-04-15T13:42:49.765+0200][51,924s] GC(116) CMS: 198893K->198895K(393216K)
[2019-04-15T13:42:49.765+0200][51,924s] GC(116) Metaspace: 64354K->64354K(1107968K)
[2019-04-15T13:42:49.765+0200][51,924s] GC(116) Pause Young (CMS Final Remark) 258M->199M(490M) 40,582ms
[2019-04-15T13:42:49.765+0200][51,924s] GC(116) User=0,09s Sys=0,00s Real=0,04s
[2019-04-15T13:42:49.795+0200][51,954s] GC(109) Pause Remark 258M->199M(490M) 70,756ms
[2019-04-15T13:42:49.795+0200][51,954s] GC(109) User=0,14s Sys=0,00s Real=0,08s
[2019-04-15T13:42:49.795+0200][51,954s] GC(109) Concurrent Sweep
[2019-04-15T13:42:49.904+0200][52,063s] GC(109) Concurrent Sweep 108,618ms
[2019-04-15T13:42:49.904+0200][52,063s] GC(109) User=0,23s Sys=0,03s Real=0,10s
[2019-04-15T13:42:49.904+0200][52,063s] GC(109) Concurrent Reset
[2019-04-15T13:42:49.904+0200][52,063s] GC(109) Concurrent Reset 0,396ms
[2019-04-15T13:42:49.904+0200][52,063s] GC(109) User=0,00s Sys=0,00s Real=0,00s
[2019-04-15T13:42:49.904+0200][52,063s] GC(109) Old: 198691K->143369K(393216K)
[2019-04-15T13:43:21.378+0200][83,537s] GC(117) Pause Young (Allocation Failure)
[2019-04-15T13:43:21.378+0200][83,537s] GC(117) Using 4 workers of 4 for evacuation
[2019-04-15T13:43:21.397+0200][83,556s] GC(117) ParNew: 92753K->19726K(109248K)
[2019-04-15T13:43:21.397+0200][83,556s] GC(117) CMS: 143369K->143378K(393216K)
[2019-04-15T13:43:21.397+0200][83,556s] GC(117) Metaspace: 64685K->64685K(1107968K)
[2019-04-15T13:43:21.397+0200][83,556s] GC(117) Pause Young (Allocation Failure) 230M->159M(490M) 18,837ms
[2019-04-15T13:43:21.397+0200][83,556s] GC(117) User=0,06s Sys=0,00s Real=0,02s
[2019-04-15T13:45:13.035+0200][195,194s] GC(118) Pause Young (Allocation Failure)
[2019-04-15T13:45:13.035+0200][195,194s] GC(118) Using 4 workers of 4 for evacuation
[2019-04-15T13:45:13.062+0200][195,221s] GC(118) ParNew: 106782K->18323K(109248K)
[2019-04-15T13:45:13.062+0200][195,221s] GC(118) CMS: 143378K->143379K(393216K)
[2019-04-15T13:45:13.062+0200][195,221s] GC(118) Metaspace: 66043K->66043K(1110016K)
[2019-04-15T13:45:13.062+0200][195,221s] GC(118) Pause Young (Allocation Failure) 244M->157M(490M) 27,158ms
[2019-04-15T13:45:13.062+0200][195,221s] GC(118) User=0,04s Sys=0,00s Real=0,02s
[2019-04-15T13:45:13.718+0200][195,877s] GC(119) Pause Young (Allocation Failure)
[2019-04-15T13:45:13.718+0200][195,877s] GC(119) Using 4 workers of 4 for evacuation
[2019-04-15T13:45:13.753+0200][195,912s] GC(119) ParNew: 105747K->21824K(109248K)
[2019-04-15T13:45:13.753+0200][195,912s] GC(119) CMS: 143379K->146196K(393216K)
[2019-04-15T13:45:13.753+0200][195,912s] GC(119) Metaspace: 66075K->66075K(1110016K)
[2019-04-15T13:45:13.754+0200][195,912s] GC(119) Pause Young (Allocation Failure) 243M->164M(490M) 35,492ms
[2019-04-15T13:45:13.754+0200][195,912s] GC(119) User=0,06s Sys=0,00s Real=0,04s
[2019-04-15T13:45:14.206+0200][196,365s] GC(120) Pause Young (Allocation Failure)
[2019-04-15T13:45:14.206+0200][196,365s] GC(120) Using 4 workers of 4 for evacuation
[2019-04-15T13:45:14.228+0200][196,387s] GC(120) ParNew: 109248K->21824K(109248K)
[2019-04-15T13:45:14.228+0200][196,387s] GC(120) CMS: 146196K->150988K(393216K)
[2019-04-15T13:45:14.228+0200][196,387s] GC(120) Metaspace: 66134K->66134K(1110016K)
[2019-04-15T13:45:14.228+0200][196,387s] GC(120) Pause Young (Allocation Failure) 249M->168M(490M) 22,302ms
[2019-04-15T13:45:14.228+0200][196,387s] GC(120) User=0,04s Sys=0,00s Real=0,02s
[2019-04-15T13:45:14.719+0200][196,878s] GC(121) Pause Young (Allocation Failure)
[2019-04-15T13:45:14.719+0200][196,878s] GC(121) Using 4 workers of 4 for evacuation
[2019-04-15T13:45:14.737+0200][196,896s] GC(121) ParNew: 109248K->17306K(109248K)
[2019-04-15T13:45:14.737+0200][196,896s] GC(121) CMS: 150988K->150988K(393216K)
[2019-04-15T13:45:14.737+0200][196,896s] GC(121) Metaspace: 66175K->66175K(1110016K)
[2019-04-15T13:45:14.737+0200][196,896s] GC(121) Pause Young (Allocation Failure) 254M->164M(490M) 18,814ms
[2019-04-15T13:45:14.737+0200][196,896s] GC(121) User=0,03s Sys=0,00s Real=0,02s
[2019-04-15T13:45:15.087+0200][197,246s] GC(122) Pause Young (Allocation Failure)
[2019-04-15T13:45:15.087+0200][197,246s] GC(122) Using 4 workers of 4 for evacuation
[2019-04-15T13:45:15.105+0200][197,264s] GC(122) ParNew: 104730K->15393K(109248K)
[2019-04-15T13:45:15.105+0200][197,264s] GC(122) CMS: 150988K->150988K(393216K)
[2019-04-15T13:45:15.105+0200][197,264s] GC(122) Metaspace: 66208K->66208K(1110016K)
[2019-04-15T13:45:15.105+0200][197,264s] GC(122) Pause Young (Allocation Failure) 249M->162M(490M) 17,640ms
[2019-04-15T13:45:15.105+0200][197,264s] GC(122) User=0,03s Sys=0,00s Real=0,02s
[2019-04-15T13:45:15.572+0200][197,731s] GC(123) Pause Young (Allocation Failure)
[2019-04-15T13:45:15.572+0200][197,731s] GC(123) Using 4 workers of 4 for evacuation
[2019-04-15T13:45:15.600+0200][197,759s] GC(123) ParNew: 102817K->16554K(109248K)
[2019-04-15T13:45:15.600+0200][197,759s] GC(123) CMS: 150988K->150988K(393216K)
[2019-04-15T13:45:15.600+0200][197,759s] GC(123) Metaspace: 66308K->66308K(1110016K)
[2019-04-15T13:45:15.600+0200][197,759s] GC(123) Pause Young (Allocation Failure) 247M->163M(490M) 28,649ms
[2019-04-15T13:45:15.600+0200][197,759s] GC(123) User=0,06s Sys=0,00s Real=0,03s
[2019-04-15T13:45:15.685+0200][197,844s] GC(124) Pause Young (Allocation Failure)
[2019-04-15T13:45:15.685+0200][197,844s] GC(124) Using 4 workers of 4 for evacuation
[2019-04-15T13:45:15.717+0200][197,876s] GC(124) ParNew: 103978K->17938K(109248K)
[2019-04-15T13:45:15.717+0200][197,876s] GC(124) CMS: 150988K->150988K(393216K)
[2019-04-15T13:45:15.717+0200][197,876s] GC(124) Metaspace: 66322K->66322K(1110016K)
[2019-04-15T13:45:15.717+0200][197,876s] GC(124) Pause Young (Allocation Failure) 248M->164M(490M) 32,397ms
[2019-04-15T13:45:15.717+0200][197,876s] GC(124) User=0,06s Sys=0,00s Real=0,04s
[2019-04-15T13:45:15.973+0200][198,132s] GC(125) Pause Young (Allocation Failure)
[2019-04-15T13:45:15.973+0200][198,132s] GC(125) Using 4 workers of 4 for evacuation
[2019-04-15T13:45:16.002+0200][198,161s] GC(125) ParNew: 105362K->21824K(109248K)
[2019-04-15T13:45:16.003+0200][198,161s] GC(125) CMS: 150988K->156548K(393216K)
[2019-04-15T13:45:16.003+0200][198,162s] GC(125) Metaspace: 66361K->66361K(1110016K)
[2019-04-15T13:45:16.003+0200][198,162s] GC(125) Pause Young (Allocation Failure) 250M->174M(490M) 29,734ms
[2019-04-15T13:45:16.003+0200][198,162s] GC(125) User=0,06s Sys=0,00s Real=0,02s
[2019-04-15T13:45:16.891+0200][199,050s] GC(126) Pause Young (Allocation Failure)
[2019-04-15T13:45:16.891+0200][199,050s] GC(126) Using 4 workers of 4 for evacuation
[2019-04-15T13:45:16.913+0200][199,072s] GC(126) ParNew: 109248K->21824K(109248K)
[2019-04-15T13:45:16.913+0200][199,072s] GC(126) CMS: 156548K->167116K(393216K)
[2019-04-15T13:45:16.913+0200][199,072s] GC(126) Metaspace: 68207K->68207K(1112064K)
[2019-04-15T13:45:16.913+0200][199,072s] GC(126) Pause Young (Allocation Failure) 259M->184M(490M) 21,703ms
[2019-04-15T13:45:16.913+0200][199,072s] GC(126) User=0,06s Sys=0,00s Real=0,02s
[2019-04-15T13:45:17.413+0200][199,572s] GC(127) Pause Young (Allocation Failure)
[2019-04-15T13:45:17.413+0200][199,572s] GC(127) Using 4 workers of 4 for evacuation
[2019-04-15T13:45:17.463+0200][199,622s] GC(127) ParNew: 109248K->21824K(109248K)
[2019-04-15T13:45:17.463+0200][199,622s] GC(127) CMS: 167116K->172997K(393216K)
[2019-04-15T13:45:17.463+0200][199,622s] GC(127) Metaspace: 68943K->68943K(1112064K)
[2019-04-15T13:45:17.463+0200][199,622s] GC(127) Pause Young (Allocation Failure) 269M->190M(490M) 49,890ms
[2019-04-15T13:45:17.463+0200][199,622s] GC(127) User=0,11s Sys=0,00s Real=0,04s
[2019-04-15T13:45:17.828+0200][199,987s] GC(128) Pause Young (Allocation Failure)
[2019-04-15T13:45:17.829+0200][199,987s] GC(128) Using 4 workers of 4 for evacuation
[2019-04-15T13:45:17.866+0200][200,025s] GC(128) ParNew: 109248K->21824K(109248K)
[2019-04-15T13:45:17.866+0200][200,025s] GC(128) CMS: 172997K->181033K(393216K)
[2019-04-15T13:45:17.866+0200][200,025s] GC(128) Metaspace: 68951K->68951K(1112064K)
[2019-04-15T13:45:17.866+0200][200,025s] GC(128) Pause Young (Allocation Failure) 275M->198M(490M) 37,530ms
[2019-04-15T13:45:17.866+0200][200,025s] GC(128) User=0,08s Sys=0,00s Real=0,04s
[2019-04-15T13:45:18.532+0200][200,691s] GC(129) Pause Young (Allocation Failure)
[2019-04-15T13:45:18.532+0200][200,691s] GC(129) Using 4 workers of 4 for evacuation
[2019-04-15T13:45:18.580+0200][200,739s] GC(129) ParNew: 109248K->21824K(109248K)
[2019-04-15T13:45:18.580+0200][200,739s] GC(129) CMS: 181033K->194465K(393216K)
[2019-04-15T13:45:18.580+0200][200,739s] GC(129) Metaspace: 71260K->71260K(1114112K)
[2019-04-15T13:45:18.580+0200][200,739s] GC(129) Pause Young (Allocation Failure) 283M->211M(490M) 48,301ms
[2019-04-15T13:45:18.580+0200][200,739s] GC(129) User=0,11s Sys=0,00s Real=0,05s
[2019-04-15T13:45:19.633+0200][201,792s] GC(130) Pause Young (Allocation Failure)
[2019-04-15T13:45:19.633+0200][201,792s] GC(130) Using 4 workers of 4 for evacuation
[2019-04-15T13:45:19.660+0200][201,819s] GC(130) ParNew: 109248K->21824K(109248K)
[2019-04-15T13:45:19.660+0200][201,819s] GC(130) CMS: 194465K->194465K(393216K)
[2019-04-15T13:45:19.660+0200][201,819s] GC(130) Metaspace: 75268K->75268K(1118208K)
[2019-04-15T13:45:19.660+0200][201,819s] GC(130) Pause Young (Allocation Failure) 296M->211M(490M) 27,121ms
[2019-04-15T13:45:19.660+0200][201,819s] GC(130) User=0,05s Sys=0,00s Real=0,03s
[2019-04-15T13:45:19.898+0200][202,057s] GC(131) Pause Young (Allocation Failure)
[2019-04-15T13:45:19.898+0200][202,057s] GC(131) Using 4 workers of 4 for evacuation
[2019-04-15T13:45:19.979+0200][202,138s] GC(131) ParNew: 109248K->21824K(109248K)
[2019-04-15T13:45:19.979+0200][202,138s] GC(131) CMS: 194465K->196878K(393216K)
[2019-04-15T13:45:19.979+0200][202,138s] GC(131) Metaspace: 75272K->75272K(1118208K)
[2019-04-15T13:45:19.979+0200][202,138s] GC(131) Pause Young (Allocation Failure) 296M->213M(490M) 80,908ms
[2019-04-15T13:45:19.979+0200][202,138s] GC(131) User=0,19s Sys=0,00s Real=0,08s
[2019-04-15T13:45:19.984+0200][202,143s] GC(132) Pause Initial Mark
[2019-04-15T13:45:19.988+0200][202,147s] GC(132) Pause Initial Mark 215M->215M(490M) 4,414ms
[2019-04-15T13:45:19.988+0200][202,147s] GC(132) User=0,01s Sys=0,00s Real=0,01s
[2019-04-15T13:45:19.988+0200][202,147s] GC(132) Concurrent Mark
[2019-04-15T13:45:19.988+0200][202,147s] GC(132) Using 4 workers of 4 for marking
[2019-04-15T13:45:20.085+0200][202,244s] GC(132) Concurrent Mark 96,890ms
[2019-04-15T13:45:20.085+0200][202,244s] GC(132) User=0,23s Sys=0,00s Real=0,10s
[2019-04-15T13:45:20.085+0200][202,244s] GC(132) Concurrent Preclean
[2019-04-15T13:45:20.087+0200][202,246s] GC(132) Concurrent Preclean 1,361ms
[2019-04-15T13:45:20.087+0200][202,246s] GC(132) User=0,01s Sys=0,00s Real=0,00s
[2019-04-15T13:45:20.087+0200][202,246s] GC(132) Concurrent Abortable Preclean
[2019-04-15T13:45:20.311+0200][202,470s] GC(133) Pause Young (Allocation Failure)
[2019-04-15T13:45:20.311+0200][202,470s] GC(133) Using 4 workers of 4 for evacuation
[2019-04-15T13:45:20.348+0200][202,507s] GC(133) ParNew: 109248K->21824K(109248K)
[2019-04-15T13:45:20.348+0200][202,507s] GC(133) CMS: 196878K->205806K(393216K)
[2019-04-15T13:45:20.348+0200][202,507s] GC(133) Metaspace: 75301K->75301K(1118208K)
[2019-04-15T13:45:20.348+0200][202,507s] GC(133) Pause Young (Allocation Failure) 298M->222M(490M) 37,648ms
[2019-04-15T13:45:20.348+0200][202,507s] GC(133) User=0,07s Sys=0,00s Real=0,04s
[2019-04-15T13:45:20.678+0200][202,837s] GC(132) Concurrent Abortable Preclean 591,289ms
[2019-04-15T13:45:20.678+0200][202,837s] GC(132) User=1,01s Sys=0,03s Real=0,59s
[2019-04-15T13:45:20.678+0200][202,837s] GC(132) Pause Remark
[2019-04-15T13:45:20.678+0200][202,837s] GC(134) Pause Young (CMS Final Remark)
[2019-04-15T13:45:20.678+0200][202,837s] GC(134) Using 4 workers of 4 for evacuation
[2019-04-15T13:45:20.711+0200][202,870s] GC(134) ParNew: 105936K->21824K(109248K)
[2019-04-15T13:45:20.711+0200][202,870s] GC(134) CMS: 205806K->206184K(393216K)
[2019-04-15T13:45:20.711+0200][202,870s] GC(134) Metaspace: 75319K->75319K(1118208K)
[2019-04-15T13:45:20.711+0200][202,870s] GC(134) Pause Young (CMS Final Remark) 304M->222M(490M) 32,500ms
[2019-04-15T13:45:20.711+0200][202,870s] GC(134) User=0,05s Sys=0,00s Real=0,03s
[2019-04-15T13:45:20.794+0200][202,953s] GC(132) Pause Remark 304M->222M(490M) 115,530ms
[2019-04-15T13:45:20.794+0200][202,953s] GC(132) User=0,13s Sys=0,00s Real=0,12s
[2019-04-15T13:45:20.794+0200][202,953s] GC(132) Concurrent Sweep
[2019-04-15T13:45:20.923+0200][203,082s] GC(132) Concurrent Sweep 129,392ms
[2019-04-15T13:45:20.926+0200][203,085s] GC(132) User=0,18s Sys=0,03s Real=0,13s
[2019-04-15T13:45:20.926+0200][203,085s] GC(132) Concurrent Reset
[2019-04-15T13:45:20.926+0200][203,085s] GC(132) Concurrent Reset 0,419ms
[2019-04-15T13:45:20.926+0200][203,085s] GC(132) User=0,00s Sys=0,00s Real=0,00s
[2019-04-15T13:45:20.926+0200][203,085s] GC(132) Old: 196878K->153602K(393216K)
[2019-04-15T13:45:22.285+0200][204,444s] GC(135) Pause Young (Allocation Failure)
[2019-04-15T13:45:22.285+0200][204,444s] GC(135) Using 4 workers of 4 for evacuation
[2019-04-15T13:45:22.337+0200][204,496s] GC(135) ParNew: 109248K->21824K(109248K)
[2019-04-15T13:45:22.337+0200][204,496s] GC(135) CMS: 153602K->153602K(393216K)
[2019-04-15T13:45:22.337+0200][204,496s] GC(135) Metaspace: 76563K->76563K(1120256K)
[2019-04-15T13:45:22.337+0200][204,496s] GC(135) Pause Young (Allocation Failure) 256M->171M(490M) 52,069ms
[2019-04-15T13:45:22.337+0200][204,496s] GC(135) User=0,08s Sys=0,00s Real=0,05s
[2019-04-15T13:45:22.705+0200][204,864s] GC(136) Pause Young (Allocation Failure)
[2019-04-15T13:45:22.705+0200][204,864s] GC(136) Using 4 workers of 4 for evacuation
[2019-04-15T13:45:22.750+0200][204,909s] GC(136) ParNew: 109248K->17160K(109248K)
[2019-04-15T13:45:22.750+0200][204,909s] GC(136) CMS: 153602K->153924K(393216K)
[2019-04-15T13:45:22.750+0200][204,909s] GC(136) Metaspace: 76589K->76589K(1120256K)
[2019-04-15T13:45:22.750+0200][204,909s] GC(136) Pause Young (Allocation Failure) 256M->167M(490M) 44,904ms
[2019-04-15T13:45:22.750+0200][204,909s] GC(136) User=0,08s Sys=0,00s Real=0,04s
[2019-04-15T13:45:23.049+0200][205,208s] GC(137) Pause Young (Allocation Failure)
[2019-04-15T13:45:23.049+0200][205,208s] GC(137) Using 4 workers of 4 for evacuation
[2019-04-15T13:45:23.080+0200][205,239s] GC(137) ParNew: 104584K->18596K(109248K)
[2019-04-15T13:45:23.080+0200][205,239s] GC(137) CMS: 153924K->153967K(393216K)
[2019-04-15T13:45:23.080+0200][205,239s] GC(137) Metaspace: 76617K->76617K(1120256K)
[2019-04-15T13:45:23.081+0200][205,239s] GC(137) Pause Young (Allocation Failure) 252M->168M(490M) 31,085ms
[2019-04-15T13:45:23.081+0200][205,239s] GC(137) User=0,06s Sys=0,00s Real=0,03s
[2019-04-15T13:45:23.328+0200][205,487s] GC(138) Pause Young (Allocation Failure)
[2019-04-15T13:45:23.328+0200][205,487s] GC(138) Using 4 workers of 4 for evacuation
[2019-04-15T13:45:23.370+0200][205,528s] GC(138) ParNew: 106020K->21824K(109248K)
[2019-04-15T13:45:23.370+0200][205,529s] GC(138) CMS: 153967K->155811K(393216K)
[2019-04-15T13:45:23.370+0200][205,529s] GC(138) Metaspace: 76777K->76777K(1120256K)
[2019-04-15T13:45:23.370+0200][205,529s] GC(138) Pause Young (Allocation Failure) 253M->173M(490M) 41,508ms
[2019-04-15T13:45:23.370+0200][205,529s] GC(138) User=0,09s Sys=0,00s Real=0,04s
[2019-04-15T13:45:23.776+0200][205,935s] GC(139) Pause Young (Allocation Failure)
[2019-04-15T13:45:23.776+0200][205,935s] GC(139) Using 4 workers of 4 for evacuation
[2019-04-15T13:45:23.810+0200][205,969s] GC(139) ParNew: 109248K->21824K(109248K)
[2019-04-15T13:45:23.810+0200][205,969s] GC(139) CMS: 155811K->158564K(393216K)
[2019-04-15T13:45:23.810+0200][205,969s] GC(139) Metaspace: 76847K->76847K(1120256K)
[2019-04-15T13:45:23.810+0200][205,969s] GC(139) Pause Young (Allocation Failure) 258M->176M(490M) 33,640ms
[2019-04-15T13:45:23.810+0200][205,969s] GC(139) User=0,08s Sys=0,01s Real=0,03s
[2019-04-15T13:45:23.927+0200][206,086s] GC(140) Pause Young (Allocation Failure)
[2019-04-15T13:45:23.927+0200][206,086s] GC(140) Using 4 workers of 4 for evacuation
[2019-04-15T13:45:23.980+0200][206,139s] GC(140) ParNew: 109248K->15971K(109248K)
[2019-04-15T13:45:23.980+0200][206,139s] GC(140) CMS: 158564K->162030K(393216K)
[2019-04-15T13:45:23.980+0200][206,139s] GC(140) Metaspace: 76855K->76855K(1120256K)
[2019-04-15T13:45:23.980+0200][206,139s] GC(140) Pause Young (Allocation Failure) 261M->173M(490M) 52,804ms
[2019-04-15T13:45:23.980+0200][206,139s] GC(140) User=0,09s Sys=0,00s Real=0,05s
[2019-04-15T13:45:24.148+0200][206,307s] GC(141) Pause Young (Allocation Failure)
[2019-04-15T13:45:24.148+0200][206,307s] GC(141) Using 4 workers of 4 for evacuation
[2019-04-15T13:45:24.175+0200][206,334s] GC(141) ParNew: 103395K->12592K(109248K)
[2019-04-15T13:45:24.175+0200][206,334s] GC(141) CMS: 162030K->164205K(393216K)
[2019-04-15T13:45:24.175+0200][206,334s] GC(141) Metaspace: 76859K->76859K(1120256K)
[2019-04-15T13:45:24.175+0200][206,334s] GC(141) Pause Young (Allocation Failure) 259M->172M(490M) 27,060ms
[2019-04-15T13:45:24.175+0200][206,334s] GC(141) User=0,05s Sys=0,00s Real=0,03s
[2019-04-15T13:45:24.348+0200][206,507s] GC(142) Pause Young (Allocation Failure)
[2019-04-15T13:45:24.348+0200][206,507s] GC(142) Using 4 workers of 4 for evacuation
[2019-04-15T13:45:24.365+0200][206,524s] GC(142) ParNew: 100016K->15559K(109248K)
[2019-04-15T13:45:24.365+0200][206,524s] GC(142) CMS: 164205K->165557K(393216K)
[2019-04-15T13:45:24.365+0200][206,524s] GC(142) Metaspace: 76864K->76864K(1120256K)
[2019-04-15T13:45:24.365+0200][206,524s] GC(142) Pause Young (Allocation Failure) 258M->176M(490M) 17,492ms
[2019-04-15T13:45:24.365+0200][206,524s] GC(142) User=0,04s Sys=0,00s Real=0,02s
[2019-04-15T13:45:24.590+0200][206,749s] GC(143) Pause Young (Allocation Failure)
[2019-04-15T13:45:24.590+0200][206,749s] GC(143) Using 4 workers of 4 for evacuation
[2019-04-15T13:45:24.610+0200][206,769s] GC(143) ParNew: 102983K->16904K(109248K)
[2019-04-15T13:45:24.610+0200][206,769s] GC(143) CMS: 165557K->166031K(393216K)
[2019-04-15T13:45:24.610+0200][206,769s] GC(143) Metaspace: 76867K->76867K(1120256K)
[2019-04-15T13:45:24.610+0200][206,769s] GC(143) Pause Young (Allocation Failure) 262M->178M(490M) 19,326ms
[2019-04-15T13:45:24.610+0200][206,769s] GC(143) User=0,04s Sys=0,00s Real=0,02s
[2019-04-15T13:45:25.577+0200][207,736s] GC(144) Pause Young (Allocation Failure)
[2019-04-15T13:45:25.577+0200][207,736s] GC(144) Using 4 workers of 4 for evacuation
[2019-04-15T13:45:25.589+0200][207,748s] GC(144) ParNew: 104328K->20062K(109248K)
[2019-04-15T13:45:25.590+0200][207,748s] GC(144) CMS: 166031K->166066K(393216K)
[2019-04-15T13:45:25.590+0200][207,748s] GC(144) Metaspace: 77078K->77078K(1120256K)
[2019-04-15T13:45:25.590+0200][207,748s] GC(144) Pause Young (Allocation Failure) 264M->181M(490M) 12,793ms
[2019-04-15T13:45:25.590+0200][207,748s] GC(144) User=0,04s Sys=0,00s Real=0,01s
[2019-04-15T13:45:26.217+0200][208,376s] GC(145) Pause Young (Allocation Failure)
[2019-04-15T13:45:26.217+0200][208,376s] GC(145) Using 4 workers of 4 for evacuation
[2019-04-15T13:45:26.245+0200][208,404s] GC(145) ParNew: 107486K->12971K(109248K)
[2019-04-15T13:45:26.245+0200][208,404s] GC(145) CMS: 166066K->166945K(393216K)
[2019-04-15T13:45:26.245+0200][208,404s] GC(145) Metaspace: 77248K->77248K(1120256K)
[2019-04-15T13:45:26.245+0200][208,404s] GC(145) Pause Young (Allocation Failure) 267M->175M(490M) 27,978ms
[2019-04-15T13:45:26.245+0200][208,404s] GC(145) User=0,04s Sys=0,00s Real=0,03s
[2019-04-15T13:45:26.765+0200][208,924s] GC(146) Pause Young (Allocation Failure)
[2019-04-15T13:45:26.766+0200][208,924s] GC(146) Using 4 workers of 4 for evacuation
[2019-04-15T13:45:26.789+0200][208,948s] GC(146) ParNew: 100395K->13135K(109248K)
[2019-04-15T13:45:26.789+0200][208,948s] GC(146) CMS: 166945K->168410K(393216K)
[2019-04-15T13:45:26.789+0200][208,948s] GC(146) Metaspace: 77376K->77376K(1120256K)
[2019-04-15T13:45:26.789+0200][208,948s] GC(146) Pause Young (Allocation Failure) 261M->177M(490M) 23,181ms
[2019-04-15T13:45:26.789+0200][208,948s] GC(146) User=0,05s Sys=0,00s Real=0,02s
[2019-04-15T13:45:27.025+0200][209,184s] GC(147) Pause Young (Allocation Failure)
[2019-04-15T13:45:27.025+0200][209,184s] GC(147) Using 4 workers of 4 for evacuation
[2019-04-15T13:45:27.043+0200][209,202s] GC(147) ParNew: 100559K->12490K(109248K)
[2019-04-15T13:45:27.043+0200][209,202s] GC(147) CMS: 168410K->169035K(393216K)
[2019-04-15T13:45:27.043+0200][209,202s] GC(147) Metaspace: 77378K->77378K(1120256K)
[2019-04-15T13:45:27.043+0200][209,202s] GC(147) Pause Young (Allocation Failure) 262M->177M(490M) 18,165ms
[2019-04-15T13:45:27.043+0200][209,202s] GC(147) User=0,03s Sys=0,00s Real=0,02s
[2019-04-15T13:45:27.239+0200][209,398s] GC(148) Pause Young (Allocation Failure)
[2019-04-15T13:45:27.239+0200][209,398s] GC(148) Using 4 workers of 4 for evacuation
[2019-04-15T13:45:27.250+0200][209,409s] GC(148) ParNew: 99914K->10975K(109248K)
[2019-04-15T13:45:27.250+0200][209,409s] GC(148) CMS: 169035K->169038K(393216K)
[2019-04-15T13:45:27.250+0200][209,409s] GC(148) Metaspace: 77380K->77380K(1120256K)
[2019-04-15T13:45:27.250+0200][209,409s] GC(148) Pause Young (Allocation Failure) 262M->175M(490M) 10,400ms
[2019-04-15T13:45:27.250+0200][209,409s] GC(148) User=0,02s Sys=0,00s Real=0,01s
[2019-04-15T13:45:27.556+0200][209,715s] GC(149) Pause Young (Allocation Failure)
[2019-04-15T13:45:27.556+0200][209,715s] GC(149) Using 4 workers of 4 for evacuation
[2019-04-15T13:45:27.585+0200][209,744s] GC(149) ParNew: 98399K->11121K(109248K)
[2019-04-15T13:45:27.585+0200][209,744s] GC(149) CMS: 169038K->169368K(393216K)
[2019-04-15T13:45:27.585+0200][209,744s] GC(149) Metaspace: 77430K->77430K(1120256K)
[2019-04-15T13:45:27.585+0200][209,744s] GC(149) Pause Young (Allocation Failure) 261M->176M(490M) 29,116ms
[2019-04-15T13:45:27.585+0200][209,744s] GC(149) User=0,04s Sys=0,00s Real=0,03s
[2019-04-15T13:45:27.686+0200][209,844s] GC(150) Pause Young (Allocation Failure)
[2019-04-15T13:45:27.686+0200][209,845s] GC(150) Using 4 workers of 4 for evacuation
[2019-04-15T13:45:27.698+0200][209,856s] GC(150) ParNew: 98509K->7555K(109248K)
[2019-04-15T13:45:27.698+0200][209,857s] GC(150) CMS: 169368K->169418K(393216K)
[2019-04-15T13:45:27.698+0200][209,857s] GC(150) Metaspace: 77439K->77439K(1120256K)
[2019-04-15T13:45:27.698+0200][209,857s] GC(150) Pause Young (Allocation Failure) 261M->172M(490M) 12,121ms
[2019-04-15T13:45:27.698+0200][209,857s] GC(150) User=0,03s Sys=0,00s Real=0,01s
[2019-04-15T13:45:27.736+0200][209,895s] GC(151) Pause Young (Allocation Failure)
[2019-04-15T13:45:27.737+0200][209,895s] GC(151) Using 4 workers of 4 for evacuation
[2019-04-15T13:45:27.758+0200][209,917s] GC(151) ParNew: 94979K->8490K(109248K)
[2019-04-15T13:45:27.758+0200][209,917s] GC(151) CMS: 169418K->169951K(393216K)
[2019-04-15T13:45:27.758+0200][209,917s] GC(151) Metaspace: 77532K->77532K(1120256K)
[2019-04-15T13:45:27.758+0200][209,917s] GC(151) Pause Young (Allocation Failure) 258M->174M(490M) 21,704ms
[2019-04-15T13:45:27.758+0200][209,917s] GC(151) User=0,05s Sys=0,00s Real=0,02s
[2019-04-15T13:45:27.933+0200][210,092s] GC(152) Pause Young (Allocation Failure)
[2019-04-15T13:45:27.933+0200][210,092s] GC(152) Using 4 workers of 4 for evacuation
[2019-04-15T13:45:27.944+0200][210,103s] GC(152) ParNew: 95914K->7765K(109248K)
[2019-04-15T13:45:27.944+0200][210,103s] GC(152) CMS: 169951K->170484K(393216K)
[2019-04-15T13:45:27.944+0200][210,103s] GC(152) Metaspace: 77552K->77552K(1120256K)
[2019-04-15T13:45:27.944+0200][210,103s] GC(152) Pause Young (Allocation Failure) 259M->174M(490M) 11,601ms
[2019-04-15T13:45:27.944+0200][210,103s] GC(152) User=0,03s Sys=0,00s Real=0,01s
[2019-04-15T13:45:28.088+0200][210,247s] GC(153) Pause Young (Allocation Failure)
[2019-04-15T13:45:28.088+0200][210,247s] GC(153) Using 4 workers of 4 for evacuation
[2019-04-15T13:45:28.097+0200][210,256s] GC(153) ParNew: 95189K->9544K(109248K)
[2019-04-15T13:45:28.097+0200][210,256s] GC(153) CMS: 170484K->170656K(393216K)
[2019-04-15T13:45:28.097+0200][210,256s] GC(153) Metaspace: 77682K->77682K(1120256K)
[2019-04-15T13:45:28.097+0200][210,256s] GC(153) Pause Young (Allocation Failure) 259M->175M(490M) 9,175ms
[2019-04-15T13:45:28.097+0200][210,256s] GC(153) User=0,03s Sys=0,00s Real=0,01s
[2019-04-15T13:45:28.335+0200][210,494s] GC(154) Pause Young (Allocation Failure)
[2019-04-15T13:45:28.335+0200][210,494s] GC(154) Using 4 workers of 4 for evacuation
[2019-04-15T13:45:28.353+0200][210,512s] GC(154) ParNew: 96968K->21824K(109248K)
[2019-04-15T13:45:28.353+0200][210,512s] GC(154) CMS: 170656K->171205K(393216K)
[2019-04-15T13:45:28.353+0200][210,512s] GC(154) Metaspace: 78032K->78032K(1120256K)
[2019-04-15T13:45:28.353+0200][210,512s] GC(154) Pause Young (Allocation Failure) 261M->188M(490M) 18,023ms
[2019-04-15T13:45:28.353+0200][210,512s] GC(154) User=0,06s Sys=0,00s Real=0,02s
[2019-04-15T13:45:28.475+0200][210,634s] GC(155) Pause Young (Allocation Failure)
[2019-04-15T13:45:28.475+0200][210,634s] GC(155) Using 4 workers of 4 for evacuation
[2019-04-15T13:45:28.495+0200][210,654s] GC(155) ParNew: 109248K->21824K(109248K)
[2019-04-15T13:45:28.495+0200][210,654s] GC(155) CMS: 171205K->175090K(393216K)
[2019-04-15T13:45:28.495+0200][210,654s] GC(155) Metaspace: 78044K->78044K(1120256K)
[2019-04-15T13:45:28.495+0200][210,654s] GC(155) Pause Young (Allocation Failure) 273M->192M(490M) 20,066ms
[2019-04-15T13:45:28.495+0200][210,654s] GC(155) User=0,06s Sys=0,00s Real=0,02s
[2019-04-15T13:45:28.629+0200][210,788s] GC(156) Pause Young (Allocation Failure)
[2019-04-15T13:45:28.629+0200][210,788s] GC(156) Using 4 workers of 4 for evacuation
[2019-04-15T13:45:28.639+0200][210,798s] GC(156) ParNew: 109248K->13816K(109248K)
[2019-04-15T13:45:28.639+0200][210,798s] GC(156) CMS: 175090K->175090K(393216K)
[2019-04-15T13:45:28.639+0200][210,798s] GC(156) Metaspace: 78050K->78050K(1120256K)
[2019-04-15T13:45:28.639+0200][210,798s] GC(156) Pause Young (Allocation Failure) 277M->184M(490M) 10,326ms
[2019-04-15T13:45:28.639+0200][210,798s] GC(156) User=0,03s Sys=0,00s Real=0,01s
[2019-04-15T13:45:28.725+0200][210,884s] GC(157) Pause Young (Allocation Failure)
[2019-04-15T13:45:28.725+0200][210,884s] GC(157) Using 4 workers of 4 for evacuation
[2019-04-15T13:45:28.735+0200][210,894s] GC(157) ParNew: 101240K->9938K(109248K)
[2019-04-15T13:45:28.735+0200][210,894s] GC(157) CMS: 175090K->175090K(393216K)
[2019-04-15T13:45:28.735+0200][210,894s] GC(157) Metaspace: 78053K->78053K(1120256K)
[2019-04-15T13:45:28.735+0200][210,894s] GC(157) Pause Young (Allocation Failure) 269M->180M(490M) 10,347ms
[2019-04-15T13:45:28.735+0200][210,894s] GC(157) User=0,03s Sys=0,00s Real=0,01s
[2019-04-15T13:45:28.825+0200][210,984s] GC(158) Pause Young (Allocation Failure)
[2019-04-15T13:45:28.825+0200][210,984s] GC(158) Using 4 workers of 4 for evacuation
[2019-04-15T13:45:28.845+0200][211,004s] GC(158) ParNew: 97362K->10503K(109248K)
[2019-04-15T13:45:28.845+0200][211,004s] GC(158) CMS: 175090K->175090K(393216K)
[2019-04-15T13:45:28.845+0200][211,004s] GC(158) Metaspace: 78057K->78057K(1120256K)
[2019-04-15T13:45:28.845+0200][211,004s] GC(158) Pause Young (Allocation Failure) 266M->181M(490M) 19,435ms
[2019-04-15T13:45:28.845+0200][211,004s] GC(158) User=0,06s Sys=0,00s Real=0,01s
[2019-04-15T13:45:28.941+0200][211,099s] GC(159) Pause Young (Allocation Failure)
[2019-04-15T13:45:28.941+0200][211,099s] GC(159) Using 4 workers of 4 for evacuation
[2019-04-15T13:45:28.964+0200][211,123s] GC(159) ParNew: 97927K->9780K(109248K)
[2019-04-15T13:45:28.964+0200][211,123s] GC(159) CMS: 175090K->175090K(393216K)
[2019-04-15T13:45:28.964+0200][211,123s] GC(159) Metaspace: 78060K->78060K(1120256K)
[2019-04-15T13:45:28.964+0200][211,123s] GC(159) Pause Young (Allocation Failure) 266M->180M(490M) 23,712ms
[2019-04-15T13:45:28.964+0200][211,123s] GC(159) User=0,08s Sys=0,00s Real=0,02s
[2019-04-15T13:45:29.080+0200][211,239s] GC(160) Pause Young (Allocation Failure)
[2019-04-15T13:45:29.080+0200][211,239s] GC(160) Using 4 workers of 4 for evacuation
[2019-04-15T13:45:29.099+0200][211,258s] GC(160) ParNew: 97204K->14768K(109248K)
[2019-04-15T13:45:29.099+0200][211,258s] GC(160) CMS: 175090K->175090K(393216K)
[2019-04-15T13:45:29.099+0200][211,258s] GC(160) Metaspace: 78068K->78068K(1120256K)
[2019-04-15T13:45:29.099+0200][211,258s] GC(160) Pause Young (Allocation Failure) 265M->185M(490M) 18,906ms
[2019-04-15T13:45:29.099+0200][211,258s] GC(160) User=0,06s Sys=0,00s Real=0,02s
[2019-04-15T13:45:29.229+0200][211,388s] GC(161) Pause Young (Allocation Failure)
[2019-04-15T13:45:29.229+0200][211,388s] GC(161) Using 4 workers of 4 for evacuation
[2019-04-15T13:45:29.241+0200][211,400s] GC(161) ParNew: 102192K->11373K(109248K)
[2019-04-15T13:45:29.241+0200][211,400s] GC(161) CMS: 175090K->175090K(393216K)
[2019-04-15T13:45:29.241+0200][211,400s] GC(161) Metaspace: 78271K->78271K(1120256K)
[2019-04-15T13:45:29.241+0200][211,400s] GC(161) Pause Young (Allocation Failure) 270M->182M(490M) 11,992ms
[2019-04-15T13:45:29.241+0200][211,400s] GC(161) User=0,04s Sys=0,00s Real=0,01s
[2019-04-15T13:45:29.297+0200][211,456s] GC(162) Pause Young (Allocation Failure)
[2019-04-15T13:45:29.297+0200][211,456s] GC(162) Using 4 workers of 4 for evacuation
[2019-04-15T13:45:29.321+0200][211,480s] GC(162) ParNew: 98764K->8683K(109248K)
[2019-04-15T13:45:29.321+0200][211,480s] GC(162) CMS: 175090K->178939K(393216K)
[2019-04-15T13:45:29.321+0200][211,480s] GC(162) Metaspace: 78336K->78336K(1120256K)
[2019-04-15T13:45:29.321+0200][211,480s] GC(162) Pause Young (Allocation Failure) 267M->183M(490M) 24,219ms
[2019-04-15T13:45:29.321+0200][211,480s] GC(162) User=0,07s Sys=0,01s Real=0,02s
[2019-04-15T13:45:29.415+0200][211,574s] GC(163) Pause Young (Allocation Failure)
[2019-04-15T13:45:29.415+0200][211,574s] GC(163) Using 4 workers of 4 for evacuation
[2019-04-15T13:45:29.427+0200][211,586s] GC(163) ParNew: 96107K->7178K(109248K)
[2019-04-15T13:45:29.427+0200][211,586s] GC(163) CMS: 178939K->179211K(393216K)
[2019-04-15T13:45:29.427+0200][211,586s] GC(163) Metaspace: 78388K->78388K(1120256K)
[2019-04-15T13:45:29.427+0200][211,586s] GC(163) Pause Young (Allocation Failure) 268M->182M(490M) 12,305ms
[2019-04-15T13:45:29.427+0200][211,586s] GC(163) User=0,05s Sys=0,00s Real=0,01s
[2019-04-15T13:45:29.550+0200][211,709s] GC(164) Pause Young (Allocation Failure)
[2019-04-15T13:45:29.550+0200][211,709s] GC(164) Using 4 workers of 4 for evacuation
[2019-04-15T13:45:29.558+0200][211,717s] GC(164) ParNew: 94602K->17766K(109248K)
[2019-04-15T13:45:29.558+0200][211,717s] GC(164) CMS: 179211K->179318K(393216K)
[2019-04-15T13:45:29.558+0200][211,717s] GC(164) Metaspace: 78392K->78392K(1120256K)
[2019-04-15T13:45:29.558+0200][211,717s] GC(164) Pause Young (Allocation Failure) 267M->192M(490M) 8,107ms
[2019-04-15T13:45:29.558+0200][211,717s] GC(164) User=0,03s Sys=0,00s Real=0,01s
[2019-04-15T13:45:29.655+0200][211,814s] GC(165) Pause Young (Allocation Failure)
[2019-04-15T13:45:29.655+0200][211,814s] GC(165) Using 4 workers of 4 for evacuation
[2019-04-15T13:45:29.662+0200][211,821s] GC(165) ParNew: 105190K->15793K(109248K)
[2019-04-15T13:45:29.662+0200][211,821s] GC(165) CMS: 179318K->179357K(393216K)
[2019-04-15T13:45:29.662+0200][211,821s] GC(165) Metaspace: 78434K->78434K(1120256K)
[2019-04-15T13:45:29.662+0200][211,821s] GC(165) Pause Young (Allocation Failure) 277M->190M(490M) 6,460ms
[2019-04-15T13:45:29.662+0200][211,821s] GC(165) User=0,02s Sys=0,00s Real=0,00s
[2019-04-15T13:45:29.747+0200][211,906s] GC(166) Pause Young (Allocation Failure)
[2019-04-15T13:45:29.747+0200][211,906s] GC(166) Using 4 workers of 4 for evacuation
[2019-04-15T13:45:29.752+0200][211,911s] GC(166) ParNew: 103217K->7441K(109248K)
[2019-04-15T13:45:29.752+0200][211,911s] GC(166) CMS: 179357K->179427K(393216K)
[2019-04-15T13:45:29.752+0200][211,911s] GC(166) Metaspace: 78438K->78438K(1120256K)
[2019-04-15T13:45:29.752+0200][211,911s] GC(166) Pause Young (Allocation Failure) 275M->182M(490M) 5,191ms
[2019-04-15T13:45:29.752+0200][211,911s] GC(166) User=0,01s Sys=0,00s Real=0,00s
[2019-04-15T13:45:29.861+0200][212,019s] GC(167) Pause Young (Allocation Failure)
[2019-04-15T13:45:29.861+0200][212,020s] GC(167) Using 4 workers of 4 for evacuation
[2019-04-15T13:45:29.870+0200][212,029s] GC(167) ParNew: 94865K->5864K(109248K)
[2019-04-15T13:45:29.870+0200][212,029s] GC(167) CMS: 179427K->179579K(393216K)
[2019-04-15T13:45:29.870+0200][212,029s] GC(167) Metaspace: 78447K->78447K(1120256K)
[2019-04-15T13:45:29.870+0200][212,029s] GC(167) Pause Young (Allocation Failure) 267M->181M(490M) 9,345ms
[2019-04-15T13:45:29.870+0200][212,029s] GC(167) User=0,02s Sys=0,00s Real=0,01s
[2019-04-15T13:45:29.931+0200][212,090s] GC(168) Pause Young (Allocation Failure)
[2019-04-15T13:45:29.931+0200][212,090s] GC(168) Using 4 workers of 4 for evacuation
[2019-04-15T13:45:29.939+0200][212,098s] GC(168) ParNew: 93288K->6363K(109248K)
[2019-04-15T13:45:29.939+0200][212,098s] GC(168) CMS: 179579K->179784K(393216K)
[2019-04-15T13:45:29.939+0200][212,098s] GC(168) Metaspace: 78451K->78451K(1120256K)
[2019-04-15T13:45:29.939+0200][212,098s] GC(168) Pause Young (Allocation Failure) 266M->181M(490M) 8,619ms
[2019-04-15T13:45:29.939+0200][212,098s] GC(168) User=0,02s Sys=0,00s Real=0,01s
[2019-04-15T13:45:30.037+0200][212,196s] GC(169) Pause Young (Allocation Failure)
[2019-04-15T13:45:30.037+0200][212,196s] GC(169) Using 4 workers of 4 for evacuation
[2019-04-15T13:45:30.045+0200][212,204s] GC(169) ParNew: 93787K->5934K(109248K)
[2019-04-15T13:45:30.045+0200][212,204s] GC(169) CMS: 179784K->179852K(393216K)
[2019-04-15T13:45:30.045+0200][212,204s] GC(169) Metaspace: 78456K->78456K(1120256K)
[2019-04-15T13:45:30.045+0200][212,204s] GC(169) Pause Young (Allocation Failure) 267M->181M(490M) 7,838ms
[2019-04-15T13:45:30.045+0200][212,204s] GC(169) User=0,02s Sys=0,00s Real=0,00s
[2019-04-15T13:45:30.202+0200][212,361s] GC(170) Pause Young (Allocation Failure)
[2019-04-15T13:45:30.202+0200][212,361s] GC(170) Using 4 workers of 4 for evacuation
[2019-04-15T13:45:30.221+0200][212,380s] GC(170) ParNew: 93358K->15171K(109248K)
[2019-04-15T13:45:30.221+0200][212,380s] GC(170) CMS: 179852K->179888K(393216K)
[2019-04-15T13:45:30.221+0200][212,380s] GC(170) Metaspace: 78471K->78471K(1120256K)
[2019-04-15T13:45:30.221+0200][212,380s] GC(170) Pause Young (Allocation Failure) 266M->190M(490M) 19,549ms
[2019-04-15T13:45:30.221+0200][212,380s] GC(170) User=0,08s Sys=0,00s Real=0,02s
[2019-04-15T13:45:30.417+0200][212,576s] GC(171) Pause Young (Allocation Failure)
[2019-04-15T13:45:30.418+0200][212,576s] GC(171) Using 4 workers of 4 for evacuation
[2019-04-15T13:45:30.432+0200][212,591s] GC(171) ParNew: 102595K->21485K(109248K)
[2019-04-15T13:45:30.432+0200][212,591s] GC(171) CMS: 179888K->179959K(393216K)
[2019-04-15T13:45:30.432+0200][212,591s] GC(171) Metaspace: 78489K->78489K(1120256K)
[2019-04-15T13:45:30.432+0200][212,591s] GC(171) Pause Young (Allocation Failure) 275M->196M(490M) 14,732ms
[2019-04-15T13:45:30.432+0200][212,591s] GC(171) User=0,05s Sys=0,00s Real=0,01s
[2019-04-15T13:45:30.551+0200][212,710s] GC(172) Pause Young (Allocation Failure)
[2019-04-15T13:45:30.551+0200][212,710s] GC(172) Using 4 workers of 4 for evacuation
[2019-04-15T13:45:30.561+0200][212,720s] GC(172) ParNew: 108909K->16032K(109248K)
[2019-04-15T13:45:30.561+0200][212,720s] GC(172) CMS: 179959K->179994K(393216K)
[2019-04-15T13:45:30.561+0200][212,720s] GC(172) Metaspace: 78509K->78509K(1120256K)
[2019-04-15T13:45:30.561+0200][212,720s] GC(172) Pause Young (Allocation Failure) 282M->191M(490M) 9,381ms
[2019-04-15T13:45:30.561+0200][212,720s] GC(172) User=0,03s Sys=0,00s Real=0,01s
[2019-04-15T13:45:30.650+0200][212,809s] GC(173) Pause Young (Allocation Failure)
[2019-04-15T13:45:30.650+0200][212,809s] GC(173) Using 4 workers of 4 for evacuation
[2019-04-15T13:45:30.663+0200][212,822s] GC(173) ParNew: 103456K->14382K(109248K)
[2019-04-15T13:45:30.663+0200][212,822s] GC(173) CMS: 179994K->180031K(393216K)
[2019-04-15T13:45:30.663+0200][212,822s] GC(173) Metaspace: 78537K->78537K(1122304K)
[2019-04-15T13:45:30.663+0200][212,822s] GC(173) Pause Young (Allocation Failure) 276M->189M(490M) 12,838ms
[2019-04-15T13:45:30.663+0200][212,822s] GC(173) User=0,03s Sys=0,00s Real=0,01s
[2019-04-15T13:45:30.729+0200][212,888s] GC(174) Pause Young (Allocation Failure)
[2019-04-15T13:45:30.729+0200][212,888s] GC(174) Using 4 workers of 4 for evacuation
[2019-04-15T13:45:30.739+0200][212,898s] GC(174) ParNew: 101806K->9354K(109248K)
[2019-04-15T13:45:30.739+0200][212,898s] GC(174) CMS: 180031K->180036K(393216K)
[2019-04-15T13:45:30.739+0200][212,898s] GC(174) Metaspace: 78562K->78562K(1122304K)
[2019-04-15T13:45:30.739+0200][212,898s] GC(174) Pause Young (Allocation Failure) 275M->184M(490M) 10,148ms
[2019-04-15T13:45:30.739+0200][212,898s] GC(174) User=0,02s Sys=0,00s Real=0,01s
[2019-04-15T13:45:30.823+0200][212,982s] GC(175) Pause Young (Allocation Failure)
[2019-04-15T13:45:30.823+0200][212,982s] GC(175) Using 4 workers of 4 for evacuation
[2019-04-15T13:45:30.832+0200][212,990s] GC(175) ParNew: 96778K->12988K(109248K)
[2019-04-15T13:45:30.832+0200][212,990s] GC(175) CMS: 180036K->180139K(393216K)
[2019-04-15T13:45:30.832+0200][212,990s] GC(175) Metaspace: 78574K->78574K(1122304K)
[2019-04-15T13:45:30.832+0200][212,990s] GC(175) Pause Young (Allocation Failure) 270M->188M(490M) 8,282ms
[2019-04-15T13:45:30.832+0200][212,991s] GC(175) User=0,02s Sys=0,00s Real=0,01s
[2019-04-15T13:45:30.882+0200][213,041s] GC(176) Pause Young (Allocation Failure)
[2019-04-15T13:45:30.882+0200][213,041s] GC(176) Using 4 workers of 4 for evacuation
[2019-04-15T13:45:30.890+0200][213,048s] GC(176) ParNew: 100412K->10667K(109248K)
[2019-04-15T13:45:30.890+0200][213,048s] GC(176) CMS: 180139K->180141K(393216K)
[2019-04-15T13:45:30.890+0200][213,048s] GC(176) Metaspace: 78574K->78574K(1122304K)
[2019-04-15T13:45:30.890+0200][213,049s] GC(176) Pause Young (Allocation Failure) 273M->186M(490M) 7,273ms
[2019-04-15T13:45:30.890+0200][213,049s] GC(176) User=0,03s Sys=0,00s Real=0,01s
[2019-04-15T13:45:30.962+0200][213,121s] GC(177) Pause Young (Allocation Failure)
[2019-04-15T13:45:30.962+0200][213,121s] GC(177) Using 4 workers of 4 for evacuation
[2019-04-15T13:45:30.971+0200][213,130s] GC(177) ParNew: 98091K->12702K(109248K)
[2019-04-15T13:45:30.971+0200][213,130s] GC(177) CMS: 180141K->180180K(393216K)
[2019-04-15T13:45:30.971+0200][213,130s] GC(177) Metaspace: 78582K->78582K(1122304K)
[2019-04-15T13:45:30.971+0200][213,130s] GC(177) Pause Young (Allocation Failure) 271M->188M(490M) 8,710ms
[2019-04-15T13:45:30.971+0200][213,130s] GC(177) User=0,03s Sys=0,00s Real=0,01s
[2019-04-15T13:45:31.048+0200][213,207s] GC(178) Pause Young (Allocation Failure)
[2019-04-15T13:45:31.048+0200][213,207s] GC(178) Using 4 workers of 4 for evacuation
[2019-04-15T13:45:31.055+0200][213,214s] GC(178) ParNew: 100126K->8461K(109248K)
[2019-04-15T13:45:31.055+0200][213,214s] GC(178) CMS: 180180K->180512K(393216K)
[2019-04-15T13:45:31.055+0200][213,214s] GC(178) Metaspace: 78582K->78582K(1122304K)
[2019-04-15T13:45:31.055+0200][213,214s] GC(178) Pause Young (Allocation Failure) 273M->184M(490M) 7,450ms
[2019-04-15T13:45:31.055+0200][213,214s] GC(178) User=0,02s Sys=0,00s Real=0,01s
[2019-04-15T13:45:31.166+0200][213,325s] GC(179) Pause Young (Allocation Failure)
[2019-04-15T13:45:31.166+0200][213,325s] GC(179) Using 4 workers of 4 for evacuation
[2019-04-15T13:45:31.185+0200][213,344s] GC(179) ParNew: 95885K->13253K(109248K)
[2019-04-15T13:45:31.185+0200][213,344s] GC(179) CMS: 180512K->182746K(393216K)
[2019-04-15T13:45:31.185+0200][213,344s] GC(179) Metaspace: 78583K->78583K(1122304K)
[2019-04-15T13:45:31.185+0200][213,344s] GC(179) Pause Young (Allocation Failure) 269M->191M(490M) 19,875ms
[2019-04-15T13:45:31.185+0200][213,344s] GC(179) User=0,07s Sys=0,00s Real=0,02s
[2019-04-15T13:45:31.285+0200][213,444s] GC(180) Pause Young (Allocation Failure)
[2019-04-15T13:45:31.285+0200][213,444s] GC(180) Using 4 workers of 4 for evacuation
[2019-04-15T13:45:31.300+0200][213,459s] GC(180) ParNew: 100677K->16085K(109248K)
[2019-04-15T13:45:31.300+0200][213,459s] GC(180) CMS: 182746K->182955K(393216K)
[2019-04-15T13:45:31.300+0200][213,459s] GC(180) Metaspace: 78583K->78583K(1122304K)
[2019-04-15T13:45:31.300+0200][213,459s] GC(180) Pause Young (Allocation Failure) 276M->194M(490M) 15,138ms
[2019-04-15T13:45:31.300+0200][213,459s] GC(180) User=0,05s Sys=0,00s Real=0,01s
[2019-04-15T13:45:31.419+0200][213,578s] GC(181) Pause Young (Allocation Failure)
[2019-04-15T13:45:31.419+0200][213,578s] GC(181) Using 4 workers of 4 for evacuation
[2019-04-15T13:45:31.426+0200][213,585s] GC(181) ParNew: 103509K->9868K(109248K)
[2019-04-15T13:45:31.426+0200][213,585s] GC(181) CMS: 182955K->182998K(393216K)
[2019-04-15T13:45:31.426+0200][213,585s] GC(181) Metaspace: 78591K->78591K(1122304K)
[2019-04-15T13:45:31.426+0200][213,585s] GC(181) Pause Young (Allocation Failure) 279M->188M(490M) 7,015ms
[2019-04-15T13:45:31.426+0200][213,585s] GC(181) User=0,02s Sys=0,00s Real=0,01s
[2019-04-15T13:45:32.042+0200][214,201s] GC(182) Pause Young (Allocation Failure)
[2019-04-15T13:45:32.042+0200][214,201s] GC(182) Using 4 workers of 4 for evacuation
[2019-04-15T13:45:32.049+0200][214,208s] GC(182) ParNew: 97292K->5796K(109248K)
[2019-04-15T13:45:32.049+0200][214,208s] GC(182) CMS: 182998K->183035K(393216K)
[2019-04-15T13:45:32.049+0200][214,208s] GC(182) Metaspace: 79110K->79110K(1122304K)
[2019-04-15T13:45:32.049+0200][214,208s] GC(182) Pause Young (Allocation Failure) 273M->184M(490M) 7,700ms
[2019-04-15T13:45:32.049+0200][214,208s] GC(182) User=0,03s Sys=0,00s Real=0,01s
[2019-04-15T13:45:32.582+0200][214,741s] GC(183) Pause Young (Allocation Failure)
[2019-04-15T13:45:32.582+0200][214,741s] GC(183) Using 4 workers of 4 for evacuation
[2019-04-15T13:45:32.589+0200][214,748s] GC(183) ParNew: 90024K->14841K(109248K)
[2019-04-15T13:45:32.589+0200][214,748s] GC(183) CMS: 183035K->183072K(393216K)
[2019-04-15T13:45:32.589+0200][214,748s] GC(183) Metaspace: 79265K->79265K(1122304K)
[2019-04-15T13:45:32.589+0200][214,748s] GC(183) Pause Young (Allocation Failure) 266M->193M(490M) 6,737ms
[2019-04-15T13:45:32.589+0200][214,748s] GC(183) User=0,02s Sys=0,00s Real=0,01s
[2019-04-15T13:45:32.876+0200][215,035s] GC(184) Pause Young (Allocation Failure)
[2019-04-15T13:45:32.876+0200][215,035s] GC(184) Using 4 workers of 4 for evacuation
[2019-04-15T13:45:32.885+0200][215,044s] GC(184) ParNew: 102265K->8182K(109248K)
[2019-04-15T13:45:32.885+0200][215,044s] GC(184) CMS: 183072K->183073K(393216K)
[2019-04-15T13:45:32.885+0200][215,044s] GC(184) Metaspace: 79382K->79382K(1122304K)
[2019-04-15T13:45:32.885+0200][215,044s] GC(184) Pause Young (Allocation Failure) 278M->186M(490M) 8,943ms
[2019-04-15T13:45:32.885+0200][215,044s] GC(184) User=0,03s Sys=0,00s Real=0,01s
[2019-04-15T13:45:33.294+0200][215,453s] GC(185) Pause Young (Allocation Failure)
[2019-04-15T13:45:33.294+0200][215,453s] GC(185) Using 4 workers of 4 for evacuation
[2019-04-15T13:45:33.302+0200][215,461s] GC(185) ParNew: 95606K->5326K(109248K)
[2019-04-15T13:45:33.302+0200][215,461s] GC(185) CMS: 183073K->183428K(393216K)
[2019-04-15T13:45:33.302+0200][215,461s] GC(185) Metaspace: 79438K->79438K(1122304K)
[2019-04-15T13:45:33.302+0200][215,461s] GC(185) Pause Young (Allocation Failure) 272M->184M(490M) 7,783ms
[2019-04-15T13:45:33.302+0200][215,461s] GC(185) User=0,03s Sys=0,00s Real=0,00s
[2019-04-15T13:45:33.708+0200][215,867s] GC(186) Pause Young (Allocation Failure)
[2019-04-15T13:45:33.708+0200][215,867s] GC(186) Using 4 workers of 4 for evacuation
[2019-04-15T13:45:33.722+0200][215,881s] GC(186) ParNew: 92750K->13629K(109248K)
[2019-04-15T13:45:33.722+0200][215,881s] GC(186) CMS: 183428K->183464K(393216K)
[2019-04-15T13:45:33.722+0200][215,881s] GC(186) Metaspace: 79511K->79511K(1122304K)
[2019-04-15T13:45:33.722+0200][215,881s] GC(186) Pause Young (Allocation Failure) 269M->192M(490M) 13,509ms
[2019-04-15T13:45:33.722+0200][215,881s] GC(186) User=0,05s Sys=0,00s Real=0,01s
[2019-04-15T13:45:34.047+0200][216,206s] GC(187) Pause Young (Allocation Failure)
[2019-04-15T13:45:34.047+0200][216,206s] GC(187) Using 4 workers of 4 for evacuation
[2019-04-15T13:45:34.055+0200][216,214s] GC(187) ParNew: 101053K->19340K(109248K)
[2019-04-15T13:45:34.055+0200][216,214s] GC(187) CMS: 183464K->183502K(393216K)
[2019-04-15T13:45:34.055+0200][216,214s] GC(187) Metaspace: 79568K->79568K(1122304K)
[2019-04-15T13:45:34.055+0200][216,214s] GC(187) Pause Young (Allocation Failure) 277M->198M(490M) 8,611ms
[2019-04-15T13:45:34.055+0200][216,214s] GC(187) User=0,03s Sys=0,00s Real=0,01s
[2019-04-15T13:45:34.357+0200][216,516s] GC(188) Pause Young (Allocation Failure)
[2019-04-15T13:45:34.357+0200][216,516s] GC(188) Using 4 workers of 4 for evacuation
[2019-04-15T13:45:34.375+0200][216,534s] GC(188) ParNew: 106542K->21824K(109248K)
[2019-04-15T13:45:34.375+0200][216,534s] GC(188) CMS: 183502K->189856K(393216K)
[2019-04-15T13:45:34.375+0200][216,534s] GC(188) Metaspace: 80818K->80818K(1124352K)
[2019-04-15T13:45:34.375+0200][216,534s] GC(188) Pause Young (Allocation Failure) 283M->206M(490M) 18,366ms
[2019-04-15T13:45:34.375+0200][216,534s] GC(188) User=0,06s Sys=0,00s Real=0,02s
[2019-04-15T13:45:34.548+0200][216,707s] GC(189) Pause Young (Allocation Failure)
[2019-04-15T13:45:34.548+0200][216,707s] GC(189) Using 4 workers of 4 for evacuation
[2019-04-15T13:45:34.561+0200][216,720s] GC(189) ParNew: 109248K->3653K(109248K)
[2019-04-15T13:45:34.561+0200][216,720s] GC(189) CMS: 189856K->191876K(393216K)
[2019-04-15T13:45:34.561+0200][216,720s] GC(189) Metaspace: 80875K->80875K(1124352K)
[2019-04-15T13:45:34.561+0200][216,720s] GC(189) Pause Young (Allocation Failure) 292M->190M(490M) 12,620ms
[2019-04-15T13:45:34.561+0200][216,720s] GC(189) User=0,04s Sys=0,00s Real=0,01s
[2019-04-15T13:45:34.964+0200][217,123s] GC(190) Pause Young (Allocation Failure)
[2019-04-15T13:45:34.964+0200][217,123s] GC(190) Using 4 workers of 4 for evacuation
[2019-04-15T13:45:34.981+0200][217,140s] GC(190) ParNew: 91077K->6307K(109248K)
[2019-04-15T13:45:34.981+0200][217,140s] GC(190) CMS: 191876K->191876K(393216K)
[2019-04-15T13:45:34.981+0200][217,140s] GC(190) Metaspace: 80991K->80991K(1124352K)
[2019-04-15T13:45:34.981+0200][217,140s] GC(190) Pause Young (Allocation Failure) 276M->193M(490M) 16,418ms
[2019-04-15T13:45:34.981+0200][217,140s] GC(190) User=0,06s Sys=0,00s Real=0,02s
[2019-04-15T13:45:35.362+0200][217,521s] GC(191) Pause Young (Allocation Failure)
[2019-04-15T13:45:35.362+0200][217,521s] GC(191) Using 4 workers of 4 for evacuation
[2019-04-15T13:45:35.378+0200][217,537s] GC(191) ParNew: 93731K->4719K(109248K)
[2019-04-15T13:45:35.378+0200][217,537s] GC(191) CMS: 191876K->191876K(393216K)
[2019-04-15T13:45:35.378+0200][217,537s] GC(191) Metaspace: 81386K->81386K(1124352K)
[2019-04-15T13:45:35.378+0200][217,537s] GC(191) Pause Young (Allocation Failure) 278M->191M(490M) 16,054ms
[2019-04-15T13:45:35.378+0200][217,537s] GC(191) User=0,05s Sys=0,00s Real=0,02s
[2019-04-15T13:45:35.624+0200][217,783s] GC(192) Pause Young (Allocation Failure)
[2019-04-15T13:45:35.624+0200][217,783s] GC(192) Using 4 workers of 4 for evacuation
[2019-04-15T13:45:35.639+0200][217,798s] GC(192) ParNew: 92143K->16623K(109248K)
[2019-04-15T13:45:35.639+0200][217,798s] GC(192) CMS: 191876K->191876K(393216K)
[2019-04-15T13:45:35.639+0200][217,798s] GC(192) Metaspace: 81397K->81397K(1124352K)
[2019-04-15T13:45:35.639+0200][217,798s] GC(192) Pause Young (Allocation Failure) 277M->203M(490M) 14,345ms
[2019-04-15T13:45:35.639+0200][217,798s] GC(192) User=0,06s Sys=0,00s Real=0,02s
[2019-04-15T13:45:35.873+0200][218,032s] GC(193) Pause Young (Allocation Failure)
[2019-04-15T13:45:35.873+0200][218,032s] GC(193) Using 4 workers of 4 for evacuation
[2019-04-15T13:45:35.892+0200][218,051s] GC(193) ParNew: 104047K->17203K(109248K)
[2019-04-15T13:45:35.892+0200][218,051s] GC(193) CMS: 191876K->191876K(393216K)
[2019-04-15T13:45:35.892+0200][218,051s] GC(193) Metaspace: 81432K->81432K(1124352K)
[2019-04-15T13:45:35.892+0200][218,051s] GC(193) Pause Young (Allocation Failure) 288M->204M(490M) 19,658ms
[2019-04-15T13:45:35.892+0200][218,051s] GC(193) User=0,08s Sys=0,00s Real=0,02s
[2019-04-15T13:45:36.149+0200][218,308s] GC(194) Pause Young (Allocation Failure)
[2019-04-15T13:45:36.149+0200][218,308s] GC(194) Using 4 workers of 4 for evacuation
[2019-04-15T13:45:36.168+0200][218,327s] GC(194) ParNew: 104627K->8465K(109248K)
[2019-04-15T13:45:36.168+0200][218,327s] GC(194) CMS: 191876K->192312K(393216K)
[2019-04-15T13:45:36.168+0200][218,327s] GC(194) Metaspace: 81444K->81444K(1124352K)
[2019-04-15T13:45:36.168+0200][218,327s] GC(194) Pause Young (Allocation Failure) 289M->196M(490M) 18,746ms
[2019-04-15T13:45:36.168+0200][218,327s] GC(194) User=0,06s Sys=0,00s Real=0,02s
[2019-04-15T13:45:36.605+0200][218,764s] GC(195) Pause Young (Allocation Failure)
[2019-04-15T13:45:36.605+0200][218,764s] GC(195) Using 4 workers of 4 for evacuation
[2019-04-15T13:45:36.621+0200][218,780s] GC(195) ParNew: 95866K->12654K(109248K)
[2019-04-15T13:45:36.621+0200][218,780s] GC(195) CMS: 192312K->192474K(393216K)
[2019-04-15T13:45:36.621+0200][218,780s] GC(195) Metaspace: 81481K->81481K(1124352K)
[2019-04-15T13:45:36.621+0200][218,780s] GC(195) Pause Young (Allocation Failure) 281M->200M(490M) 16,271ms
[2019-04-15T13:45:36.621+0200][218,780s] GC(195) User=0,05s Sys=0,00s Real=0,01s
[2019-04-15T13:45:36.779+0200][218,938s] GC(196) Pause Young (Allocation Failure)
[2019-04-15T13:45:36.779+0200][218,938s] GC(196) Using 4 workers of 4 for evacuation
[2019-04-15T13:45:36.794+0200][218,953s] GC(196) ParNew: 100078K->21824K(109248K)
[2019-04-15T13:45:36.794+0200][218,953s] GC(196) CMS: 192474K->193399K(393216K)
[2019-04-15T13:45:36.794+0200][218,953s] GC(196) Metaspace: 81484K->81484K(1124352K)
[2019-04-15T13:45:36.794+0200][218,953s] GC(196) Pause Young (Allocation Failure) 285M->210M(490M) 15,039ms
[2019-04-15T13:45:36.794+0200][218,953s] GC(196) User=0,05s Sys=0,00s Real=0,02s
[2019-04-15T13:45:36.973+0200][219,132s] GC(197) Pause Young (Allocation Failure)
[2019-04-15T13:45:36.973+0200][219,132s] GC(197) Using 4 workers of 4 for evacuation
[2019-04-15T13:45:36.993+0200][219,152s] GC(197) ParNew: 109248K->19060K(109248K)
[2019-04-15T13:45:36.993+0200][219,152s] GC(197) CMS: 193399K->193423K(393216K)
[2019-04-15T13:45:36.993+0200][219,152s] GC(197) Metaspace: 81487K->81487K(1124352K)
[2019-04-15T13:45:36.993+0200][219,152s] GC(197) Pause Young (Allocation Failure) 295M->207M(490M) 19,926ms
[2019-04-15T13:45:36.993+0200][219,152s] GC(197) User=0,06s Sys=0,00s Real=0,02s
[2019-04-15T13:45:37.187+0200][219,346s] GC(198) Pause Young (Allocation Failure)
[2019-04-15T13:45:37.187+0200][219,346s] GC(198) Using 4 workers of 4 for evacuation
[2019-04-15T13:45:37.197+0200][219,356s] GC(198) ParNew: 106484K->13429K(109248K)
[2019-04-15T13:45:37.197+0200][219,356s] GC(198) CMS: 193423K->193507K(393216K)
[2019-04-15T13:45:37.197+0200][219,356s] GC(198) Metaspace: 81495K->81495K(1124352K)
[2019-04-15T13:45:37.197+0200][219,356s] GC(198) Pause Young (Allocation Failure) 292M->202M(490M) 9,844ms
[2019-04-15T13:45:37.197+0200][219,356s] GC(198) User=0,03s Sys=0,00s Real=0,01s
[2019-04-15T13:45:37.427+0200][219,586s] GC(199) Pause Young (Allocation Failure)
[2019-04-15T13:45:37.427+0200][219,586s] GC(199) Using 4 workers of 4 for evacuation
[2019-04-15T13:45:37.433+0200][219,592s] GC(199) ParNew: 100853K->11263K(109248K)
[2019-04-15T13:45:37.433+0200][219,592s] GC(199) CMS: 193507K->193824K(393216K)
[2019-04-15T13:45:37.433+0200][219,592s] GC(199) Metaspace: 81572K->81572K(1124352K)
[2019-04-15T13:45:37.433+0200][219,592s] GC(199) Pause Young (Allocation Failure) 287M->200M(490M) 6,441ms
[2019-04-15T13:45:37.433+0200][219,592s] GC(199) User=0,02s Sys=0,00s Real=0,01s
[2019-04-15T13:45:37.608+0200][219,767s] GC(200) Pause Young (Allocation Failure)
[2019-04-15T13:45:37.608+0200][219,767s] GC(200) Using 4 workers of 4 for evacuation
[2019-04-15T13:45:37.621+0200][219,780s] GC(200) ParNew: 98687K->17422K(109248K)
[2019-04-15T13:45:37.621+0200][219,780s] GC(200) CMS: 193824K->193994K(393216K)
[2019-04-15T13:45:37.621+0200][219,780s] GC(200) Metaspace: 81577K->81577K(1124352K)
[2019-04-15T13:45:37.621+0200][219,780s] GC(200) Pause Young (Allocation Failure) 285M->206M(490M) 13,778ms
[2019-04-15T13:45:37.621+0200][219,780s] GC(200) User=0,05s Sys=0,00s Real=0,01s
[2019-04-15T13:45:37.777+0200][219,936s] GC(201) Pause Young (Allocation Failure)
[2019-04-15T13:45:37.777+0200][219,936s] GC(201) Using 4 workers of 4 for evacuation
[2019-04-15T13:45:37.786+0200][219,945s] GC(201) ParNew: 104846K->21824K(109248K)
[2019-04-15T13:45:37.786+0200][219,945s] GC(201) CMS: 193994K->194939K(393216K)
[2019-04-15T13:45:37.786+0200][219,945s] GC(201) Metaspace: 81594K->81594K(1124352K)
[2019-04-15T13:45:37.786+0200][219,945s] GC(201) Pause Young (Allocation Failure) 291M->211M(490M) 8,558ms
[2019-04-15T13:45:37.786+0200][219,945s] GC(201) User=0,03s Sys=0,00s Real=0,01s
[2019-04-15T13:45:37.919+0200][220,078s] GC(202) Pause Young (Allocation Failure)
[2019-04-15T13:45:37.919+0200][220,078s] GC(202) Using 4 workers of 4 for evacuation
[2019-04-15T13:45:37.928+0200][220,087s] GC(202) ParNew: 109248K->19673K(109248K)
[2019-04-15T13:45:37.928+0200][220,087s] GC(202) CMS: 194939K->194974K(393216K)
[2019-04-15T13:45:37.928+0200][220,087s] GC(202) Metaspace: 81594K->81594K(1124352K)
[2019-04-15T13:45:37.928+0200][220,087s] GC(202) Pause Young (Allocation Failure) 297M->209M(490M) 9,372ms
[2019-04-15T13:45:37.928+0200][220,087s] GC(202) User=0,03s Sys=0,00s Real=0,01s
[2019-04-15T13:45:38.073+0200][220,232s] GC(203) Pause Young (Allocation Failure)
[2019-04-15T13:45:38.073+0200][220,232s] GC(203) Using 4 workers of 4 for evacuation
[2019-04-15T13:45:38.082+0200][220,241s] GC(203) ParNew: 107097K->17294K(109248K)
[2019-04-15T13:45:38.082+0200][220,241s] GC(203) CMS: 194974K->195057K(393216K)
[2019-04-15T13:45:38.082+0200][220,241s] GC(203) Metaspace: 81598K->81598K(1124352K)
[2019-04-15T13:45:38.082+0200][220,241s] GC(203) Pause Young (Allocation Failure) 294M->207M(490M) 9,127ms
[2019-04-15T13:45:38.082+0200][220,241s] GC(203) User=0,03s Sys=0,00s Real=0,00s
[2019-04-15T13:45:38.352+0200][220,511s] GC(204) Pause Young (Allocation Failure)
[2019-04-15T13:45:38.352+0200][220,511s] GC(204) Using 4 workers of 4 for evacuation
[2019-04-15T13:45:38.368+0200][220,527s] GC(204) ParNew: 104718K->21824K(109248K)
[2019-04-15T13:45:38.368+0200][220,527s] GC(204) CMS: 195057K->198123K(393216K)
[2019-04-15T13:45:38.368+0200][220,527s] GC(204) Metaspace: 83811K->83811K(1126400K)
[2019-04-15T13:45:38.368+0200][220,527s] GC(204) Pause Young (Allocation Failure) 292M->214M(490M) 16,148ms
[2019-04-15T13:45:38.368+0200][220,527s] GC(204) User=0,06s Sys=0,00s Real=0,02s
[2019-04-15T13:45:38.369+0200][220,528s] GC(205) Pause Initial Mark
[2019-04-15T13:45:38.371+0200][220,530s] GC(205) Pause Initial Mark 215M->215M(490M) 2,388ms
[2019-04-15T13:45:38.371+0200][220,530s] GC(205) User=0,01s Sys=0,00s Real=0,00s
[2019-04-15T13:45:38.372+0200][220,530s] GC(205) Concurrent Mark
[2019-04-15T13:45:38.372+0200][220,530s] GC(205) Using 4 workers of 4 for marking
[2019-04-15T13:45:38.422+0200][220,581s] GC(205) Concurrent Mark 50,387ms
[2019-04-15T13:45:38.422+0200][220,581s] GC(205) User=0,19s Sys=0,00s Real=0,05s
[2019-04-15T13:45:38.422+0200][220,581s] GC(205) Concurrent Preclean
[2019-04-15T13:45:38.423+0200][220,582s] GC(205) Concurrent Preclean 0,839ms
[2019-04-15T13:45:38.423+0200][220,582s] GC(205) User=0,00s Sys=0,00s Real=0,00s
[2019-04-15T13:45:38.423+0200][220,582s] GC(205) Concurrent Abortable Preclean
[2019-04-15T13:45:38.488+0200][220,647s] GC(206) Pause Young (Allocation Failure)
[2019-04-15T13:45:38.488+0200][220,647s] GC(206) Using 4 workers of 4 for evacuation
[2019-04-15T13:45:38.500+0200][220,659s] GC(206) ParNew: 109248K->21824K(109248K)
[2019-04-15T13:45:38.500+0200][220,659s] GC(206) CMS: 198123K->203057K(393216K)
[2019-04-15T13:45:38.500+0200][220,659s] GC(206) Metaspace: 83826K->83826K(1126400K)
[2019-04-15T13:45:38.500+0200][220,659s] GC(206) Pause Young (Allocation Failure) 300M->219M(490M) 12,213ms
[2019-04-15T13:45:38.500+0200][220,659s] GC(206) User=0,04s Sys=0,00s Real=0,01s
[2019-04-15T13:45:38.600+0200][220,759s] GC(205) Concurrent Abortable Preclean 177,557ms
[2019-04-15T13:45:38.600+0200][220,759s] GC(205) User=0,42s Sys=0,00s Real=0,18s
[2019-04-15T13:45:38.601+0200][220,760s] GC(205) Pause Remark
[2019-04-15T13:45:38.601+0200][220,760s] GC(207) Pause Young (CMS Final Remark)
[2019-04-15T13:45:38.601+0200][220,760s] GC(207) Using 4 workers of 4 for evacuation
[2019-04-15T13:45:38.614+0200][220,773s] GC(207) ParNew: 83369K->20675K(109248K)
[2019-04-15T13:45:38.614+0200][220,773s] GC(207) CMS: 203057K->213118K(393216K)
[2019-04-15T13:45:38.614+0200][220,773s] GC(207) Metaspace: 83843K->83843K(1126400K)
[2019-04-15T13:45:38.614+0200][220,773s] GC(207) Pause Young (CMS Final Remark) 279M->228M(490M) 13,203ms
[2019-04-15T13:45:38.614+0200][220,773s] GC(207) User=0,05s Sys=0,00s Real=0,02s
[2019-04-15T13:45:38.649+0200][220,808s] GC(205) Pause Remark 279M->228M(490M) 48,319ms
[2019-04-15T13:45:38.649+0200][220,808s] GC(205) User=0,10s Sys=0,00s Real=0,05s
[2019-04-15T13:45:38.649+0200][220,808s] GC(205) Concurrent Sweep
[2019-04-15T13:45:38.706+0200][220,864s] GC(205) Concurrent Sweep 56,127ms
[2019-04-15T13:45:38.706+0200][220,865s] GC(205) User=0,15s Sys=0,01s Real=0,06s
[2019-04-15T13:45:38.706+0200][220,865s] GC(205) Concurrent Reset
[2019-04-15T13:45:38.706+0200][220,865s] GC(205) Concurrent Reset 0,564ms
[2019-04-15T13:45:38.706+0200][220,865s] GC(205) User=0,00s Sys=0,00s Real=0,00s
[2019-04-15T13:45:38.706+0200][220,865s] GC(205) Old: 198123K->128261K(393216K)
[2019-04-15T13:45:38.766+0200][220,925s] GC(208) Pause Young (Allocation Failure)
[2019-04-15T13:45:38.766+0200][220,925s] GC(208) Using 4 workers of 4 for evacuation
[2019-04-15T13:45:38.778+0200][220,937s] GC(208) ParNew: 108099K->11869K(109248K)
[2019-04-15T13:45:38.778+0200][220,937s] GC(208) CMS: 128261K->128261K(393216K)
[2019-04-15T13:45:38.778+0200][220,937s] GC(208) Metaspace: 83846K->83846K(1126400K)
[2019-04-15T13:45:38.778+0200][220,937s] GC(208) Pause Young (Allocation Failure) 230M->136M(490M) 12,146ms
[2019-04-15T13:45:38.778+0200][220,937s] GC(208) User=0,04s Sys=0,00s Real=0,01s
[2019-04-15T13:45:38.907+0200][221,066s] GC(209) Pause Young (Allocation Failure)
[2019-04-15T13:45:38.907+0200][221,066s] GC(209) Using 4 workers of 4 for evacuation
[2019-04-15T13:45:38.916+0200][221,075s] GC(209) ParNew: 99293K->21824K(109248K)
[2019-04-15T13:45:38.916+0200][221,075s] GC(209) CMS: 128261K->129201K(393216K)
[2019-04-15T13:45:38.916+0200][221,075s] GC(209) Metaspace: 83850K->83850K(1126400K)
[2019-04-15T13:45:38.917+0200][221,075s] GC(209) Pause Young (Allocation Failure) 222M->147M(490M) 9,647ms
[2019-04-15T13:45:38.917+0200][221,075s] GC(209) User=0,04s Sys=0,00s Real=0,01s
[2019-04-15T13:45:38.993+0200][221,152s] GC(210) Pause Young (Allocation Failure)
[2019-04-15T13:45:38.993+0200][221,152s] GC(210) Using 4 workers of 4 for evacuation
[2019-04-15T13:45:39.002+0200][221,161s] GC(210) ParNew: 109248K->20783K(109248K)
[2019-04-15T13:45:39.002+0200][221,161s] GC(210) CMS: 129201K->131369K(393216K)
[2019-04-15T13:45:39.002+0200][221,161s] GC(210) Metaspace: 83853K->83853K(1126400K)
[2019-04-15T13:45:39.002+0200][221,161s] GC(210) Pause Young (Allocation Failure) 232M->148M(490M) 8,417ms
[2019-04-15T13:45:39.002+0200][221,161s] GC(210) User=0,02s Sys=0,00s Real=0,00s
[2019-04-15T13:45:39.274+0200][221,433s] GC(211) Pause Young (Allocation Failure)
[2019-04-15T13:45:39.274+0200][221,433s] GC(211) Using 4 workers of 4 for evacuation
[2019-04-15T13:45:39.281+0200][221,440s] GC(211) ParNew: 108207K->11388K(109248K)
[2019-04-15T13:45:39.281+0200][221,440s] GC(211) CMS: 131369K->131369K(393216K)
[2019-04-15T13:45:39.281+0200][221,440s] GC(211) Metaspace: 83897K->83897K(1126400K)
[2019-04-15T13:45:39.281+0200][221,440s] GC(211) Pause Young (Allocation Failure) 233M->139M(490M) 7,191ms
[2019-04-15T13:45:39.281+0200][221,440s] GC(211) User=0,03s Sys=0,00s Real=0,00s
[2019-04-15T13:45:39.375+0200][221,534s] GC(212) Pause Young (Allocation Failure)
[2019-04-15T13:45:39.376+0200][221,535s] GC(212) Using 4 workers of 4 for evacuation
[2019-04-15T13:45:39.385+0200][221,543s] GC(212) ParNew: 98812K->8448K(109248K)
[2019-04-15T13:45:39.385+0200][221,543s] GC(212) CMS: 131369K->131369K(393216K)
[2019-04-15T13:45:39.385+0200][221,543s] GC(212) Metaspace: 83897K->83897K(1126400K)
[2019-04-15T13:45:39.385+0200][221,544s] GC(212) Pause Young (Allocation Failure) 224M->136M(490M) 9,097ms
[2019-04-15T13:45:39.385+0200][221,544s] GC(212) User=0,03s Sys=0,00s Real=0,00s
[2019-04-15T13:45:39.575+0200][221,734s] GC(213) Pause Young (Allocation Failure)
[2019-04-15T13:45:39.575+0200][221,734s] GC(213) Using 4 workers of 4 for evacuation
[2019-04-15T13:45:39.582+0200][221,741s] GC(213) ParNew: 95872K->11927K(109248K)
[2019-04-15T13:45:39.582+0200][221,741s] GC(213) CMS: 131369K->131369K(393216K)
[2019-04-15T13:45:39.582+0200][221,741s] GC(213) Metaspace: 84018K->84018K(1126400K)
[2019-04-15T13:45:39.582+0200][221,741s] GC(213) Pause Young (Allocation Failure) 221M->139M(490M) 7,411ms
[2019-04-15T13:45:39.582+0200][221,741s] GC(213) User=0,02s Sys=0,00s Real=0,00s
[2019-04-15T13:45:39.693+0200][221,852s] GC(214) Pause Young (Allocation Failure)
[2019-04-15T13:45:39.693+0200][221,852s] GC(214) Using 4 workers of 4 for evacuation
[2019-04-15T13:45:39.715+0200][221,874s] GC(214) ParNew: 99351K->10895K(109248K)
[2019-04-15T13:45:39.715+0200][221,874s] GC(214) CMS: 131369K->131369K(393216K)
[2019-04-15T13:45:39.715+0200][221,874s] GC(214) Metaspace: 84018K->84018K(1126400K)
[2019-04-15T13:45:39.715+0200][221,874s] GC(214) Pause Young (Allocation Failure) 225M->138M(490M) 22,264ms
[2019-04-15T13:45:39.716+0200][221,874s] GC(214) User=0,06s Sys=0,00s Real=0,02s
[2019-04-15T13:45:39.814+0200][221,973s] GC(215) Pause Young (Allocation Failure)
[2019-04-15T13:45:39.814+0200][221,973s] GC(215) Using 4 workers of 4 for evacuation
[2019-04-15T13:45:39.824+0200][221,983s] GC(215) ParNew: 98319K->10593K(109248K)
[2019-04-15T13:45:39.824+0200][221,983s] GC(215) CMS: 131369K->131369K(393216K)
[2019-04-15T13:45:39.824+0200][221,983s] GC(215) Metaspace: 84027K->84027K(1126400K)
[2019-04-15T13:45:39.824+0200][221,983s] GC(215) Pause Young (Allocation Failure) 224M->138M(490M) 10,289ms
[2019-04-15T13:45:39.824+0200][221,983s] GC(215) User=0,03s Sys=0,00s Real=0,00s
[2019-04-15T13:45:40.132+0200][222,291s] GC(216) Pause Young (Allocation Failure)
[2019-04-15T13:45:40.132+0200][222,291s] GC(216) Using 4 workers of 4 for evacuation
[2019-04-15T13:45:40.169+0200][222,328s] GC(216) ParNew: 98017K->21638K(109248K)
[2019-04-15T13:45:40.169+0200][222,328s] GC(216) CMS: 131369K->132041K(393216K)
[2019-04-15T13:45:40.169+0200][222,328s] GC(216) Metaspace: 84055K->84055K(1126400K)
[2019-04-15T13:45:40.169+0200][222,328s] GC(216) Pause Young (Allocation Failure) 224M->150M(490M) 36,827ms
[2019-04-15T13:45:40.169+0200][222,328s] GC(216) User=0,06s Sys=0,00s Real=0,04s
[2019-04-15T13:45:40.310+0200][222,469s] GC(217) Pause Young (Allocation Failure)
[2019-04-15T13:45:40.310+0200][222,469s] GC(217) Using 4 workers of 4 for evacuation
[2019-04-15T13:45:40.320+0200][222,479s] GC(217) ParNew: 109062K->21824K(109248K)
[2019-04-15T13:45:40.320+0200][222,479s] GC(217) CMS: 132041K->133306K(393216K)
[2019-04-15T13:45:40.320+0200][222,479s] GC(217) Metaspace: 84073K->84073K(1126400K)
[2019-04-15T13:45:40.320+0200][222,479s] GC(217) Pause Young (Allocation Failure) 235M->151M(490M) 10,281ms
[2019-04-15T13:45:40.320+0200][222,479s] GC(217) User=0,03s Sys=0,00s Real=0,01s
[2019-04-15T13:45:40.445+0200][222,604s] GC(218) Pause Young (Allocation Failure)
[2019-04-15T13:45:40.445+0200][222,604s] GC(218) Using 4 workers of 4 for evacuation
[2019-04-15T13:45:40.455+0200][222,614s] GC(218) ParNew: 109248K->14250K(109248K)
[2019-04-15T13:45:40.455+0200][222,614s] GC(218) CMS: 133306K->133306K(393216K)
[2019-04-15T13:45:40.455+0200][222,614s] GC(218) Metaspace: 84087K->84087K(1126400K)
[2019-04-15T13:45:40.455+0200][222,614s] GC(218) Pause Young (Allocation Failure) 236M->144M(490M) 10,380ms
[2019-04-15T13:45:40.455+0200][222,614s] GC(218) User=0,04s Sys=0,00s Real=0,02s
[2019-04-15T13:45:40.548+0200][222,707s] GC(219) Pause Young (Allocation Failure)
[2019-04-15T13:45:40.548+0200][222,707s] GC(219) Using 4 workers of 4 for evacuation
[2019-04-15T13:45:40.558+0200][222,717s] GC(219) ParNew: 101674K->9149K(109248K)
[2019-04-15T13:45:40.558+0200][222,717s] GC(219) CMS: 133306K->133306K(393216K)
[2019-04-15T13:45:40.558+0200][222,717s] GC(219) Metaspace: 84088K->84088K(1126400K)
[2019-04-15T13:45:40.558+0200][222,717s] GC(219) Pause Young (Allocation Failure) 229M->139M(490M) 10,307ms
[2019-04-15T13:45:40.558+0200][222,717s] GC(219) User=0,04s Sys=0,00s Real=0,01s
[2019-04-15T13:45:40.735+0200][222,893s] GC(220) Pause Young (Allocation Failure)
[2019-04-15T13:45:40.735+0200][222,894s] GC(220) Using 4 workers of 4 for evacuation
[2019-04-15T13:45:40.746+0200][222,905s] GC(220) ParNew: 96573K->11963K(109248K)
[2019-04-15T13:45:40.746+0200][222,905s] GC(220) CMS: 133306K->133373K(393216K)
[2019-04-15T13:45:40.746+0200][222,905s] GC(220) Metaspace: 84111K->84111K(1126400K)
[2019-04-15T13:45:40.746+0200][222,905s] GC(220) Pause Young (Allocation Failure) 224M->141M(490M) 11,322ms
[2019-04-15T13:45:40.746+0200][222,905s] GC(220) User=0,04s Sys=0,00s Real=0,01s
[2019-04-15T13:45:40.819+0200][222,978s] GC(221) Pause Young (Allocation Failure)
[2019-04-15T13:45:40.819+0200][222,978s] GC(221) Using 4 workers of 4 for evacuation
[2019-04-15T13:45:40.825+0200][222,983s] GC(221) ParNew: 99387K->7838K(109248K)
[2019-04-15T13:45:40.825+0200][222,983s] GC(221) CMS: 133373K->133863K(393216K)
[2019-04-15T13:45:40.825+0200][222,983s] GC(221) Metaspace: 84111K->84111K(1126400K)
[2019-04-15T13:45:40.825+0200][222,984s] GC(221) Pause Young (Allocation Failure) 227M->138M(490M) 5,472ms
[2019-04-15T13:45:40.825+0200][222,984s] GC(221) User=0,02s Sys=0,00s Real=0,00s
[2019-04-15T13:45:41.051+0200][223,210s] GC(222) Pause Young (Allocation Failure)
[2019-04-15T13:45:41.051+0200][223,210s] GC(222) Using 4 workers of 4 for evacuation
[2019-04-15T13:45:41.073+0200][223,232s] GC(222) ParNew: 95262K->21824K(109248K)
[2019-04-15T13:45:41.073+0200][223,232s] GC(222) CMS: 133863K->172549K(393216K)
[2019-04-15T13:45:41.073+0200][223,232s] GC(222) Metaspace: 84113K->84113K(1126400K)
[2019-04-15T13:45:41.073+0200][223,232s] GC(222) Pause Young (Allocation Failure) 223M->189M(490M) 21,483ms
[2019-04-15T13:45:41.073+0200][223,232s] GC(222) User=0,06s Sys=0,00s Real=0,02s
[2019-04-15T13:45:41.205+0200][223,364s] GC(223) Pause Young (Allocation Failure)
[2019-04-15T13:45:41.205+0200][223,364s] GC(223) Using 4 workers of 4 for evacuation
[2019-04-15T13:45:41.217+0200][223,376s] GC(223) ParNew: 109248K->21824K(109248K)
[2019-04-15T13:45:41.217+0200][223,376s] GC(223) CMS: 172549K->182758K(393216K)
[2019-04-15T13:45:41.217+0200][223,376s] GC(223) Metaspace: 84130K->84130K(1126400K)
[2019-04-15T13:45:41.217+0200][223,376s] GC(223) Pause Young (Allocation Failure) 275M->199M(490M) 11,959ms
[2019-04-15T13:45:41.217+0200][223,376s] GC(223) User=0,04s Sys=0,00s Real=0,01s
[2019-04-15T13:45:41.292+0200][223,451s] GC(224) Pause Young (Allocation Failure)
[2019-04-15T13:45:41.292+0200][223,451s] GC(224) Using 4 workers of 4 for evacuation
[2019-04-15T13:45:41.301+0200][223,460s] GC(224) ParNew: 109248K->20469K(109248K)
[2019-04-15T13:45:41.301+0200][223,460s] GC(224) CMS: 182758K->182876K(393216K)
[2019-04-15T13:45:41.301+0200][223,460s] GC(224) Metaspace: 84130K->84130K(1126400K)
[2019-04-15T13:45:41.301+0200][223,460s] GC(224) Pause Young (Allocation Failure) 285M->198M(490M) 8,575ms
[2019-04-15T13:45:41.301+0200][223,460s] GC(224) User=0,03s Sys=0,00s Real=0,01s
[2019-04-15T13:45:41.444+0200][223,603s] GC(225) Pause Young (Allocation Failure)
[2019-04-15T13:45:41.444+0200][223,603s] GC(225) Using 4 workers of 4 for evacuation
[2019-04-15T13:45:41.450+0200][223,608s] GC(225) ParNew: 107893K->9013K(109248K)
[2019-04-15T13:45:41.450+0200][223,608s] GC(225) CMS: 182876K->182876K(393216K)
[2019-04-15T13:45:41.450+0200][223,608s] GC(225) Metaspace: 84167K->84167K(1126400K)
[2019-04-15T13:45:41.450+0200][223,609s] GC(225) Pause Young (Allocation Failure) 283M->187M(490M) 5,920ms
[2019-04-15T13:45:41.450+0200][223,609s] GC(225) User=0,03s Sys=0,00s Real=0,01s
[2019-04-15T13:45:41.547+0200][223,705s] GC(226) Pause Young (Allocation Failure)
[2019-04-15T13:45:41.547+0200][223,706s] GC(226) Using 4 workers of 4 for evacuation
[2019-04-15T13:45:41.557+0200][223,716s] GC(226) ParNew: 96437K->7449K(109248K)
[2019-04-15T13:45:41.557+0200][223,716s] GC(226) CMS: 182876K->182876K(393216K)
[2019-04-15T13:45:41.557+0200][223,716s] GC(226) Metaspace: 84175K->84175K(1126400K)
[2019-04-15T13:45:41.557+0200][223,716s] GC(226) Pause Young (Allocation Failure) 272M->185M(490M) 10,135ms
[2019-04-15T13:45:41.557+0200][223,716s] GC(226) User=0,04s Sys=0,00s Real=0,01s
[2019-04-15T13:45:41.651+0200][223,810s] GC(227) Pause Young (Allocation Failure)
[2019-04-15T13:45:41.651+0200][223,810s] GC(227) Using 4 workers of 4 for evacuation
[2019-04-15T13:45:41.661+0200][223,820s] GC(227) ParNew: 94873K->10336K(109248K)
[2019-04-15T13:45:41.661+0200][223,820s] GC(227) CMS: 182876K->182876K(393216K)
[2019-04-15T13:45:41.661+0200][223,820s] GC(227) Metaspace: 84176K->84176K(1126400K)
[2019-04-15T13:45:41.661+0200][223,820s] GC(227) Pause Young (Allocation Failure) 271M->188M(490M) 10,190ms
[2019-04-15T13:45:41.661+0200][223,820s] GC(227) User=0,02s Sys=0,00s Real=0,01s
[2019-04-15T13:45:41.740+0200][223,899s] GC(228) Pause Young (Allocation Failure)
[2019-04-15T13:45:41.740+0200][223,899s] GC(228) Using 4 workers of 4 for evacuation
[2019-04-15T13:45:41.745+0200][223,904s] GC(228) ParNew: 97760K->12536K(109248K)
[2019-04-15T13:45:41.745+0200][223,904s] GC(228) CMS: 182876K->182876K(393216K)
[2019-04-15T13:45:41.745+0200][223,904s] GC(228) Metaspace: 84176K->84176K(1126400K)
[2019-04-15T13:45:41.745+0200][223,904s] GC(228) Pause Young (Allocation Failure) 274M->190M(490M) 5,637ms
[2019-04-15T13:45:41.745+0200][223,904s] GC(228) User=0,01s Sys=0,00s Real=0,01s
[2019-04-15T13:45:41.808+0200][223,967s] GC(229) Pause Young (Allocation Failure)
[2019-04-15T13:45:41.808+0200][223,967s] GC(229) Using 4 workers of 4 for evacuation
[2019-04-15T13:45:41.816+0200][223,975s] GC(229) ParNew: 99960K->12500K(109248K)
[2019-04-15T13:45:41.816+0200][223,975s] GC(229) CMS: 182876K->182876K(393216K)
[2019-04-15T13:45:41.816+0200][223,975s] GC(229) Metaspace: 84176K->84176K(1126400K)
[2019-04-15T13:45:41.816+0200][223,975s] GC(229) Pause Young (Allocation Failure) 276M->190M(490M) 7,421ms
[2019-04-15T13:45:41.816+0200][223,975s] GC(229) User=0,02s Sys=0,00s Real=0,01s
[2019-04-15T13:45:41.880+0200][224,039s] GC(230) Pause Young (Allocation Failure)
[2019-04-15T13:45:41.880+0200][224,039s] GC(230) Using 4 workers of 4 for evacuation
[2019-04-15T13:45:41.886+0200][224,045s] GC(230) ParNew: 99924K->11304K(109248K)
[2019-04-15T13:45:41.886+0200][224,045s] GC(230) CMS: 182876K->182876K(393216K)
[2019-04-15T13:45:41.886+0200][224,045s] GC(230) Metaspace: 84176K->84176K(1126400K)
[2019-04-15T13:45:41.886+0200][224,045s] GC(230) Pause Young (Allocation Failure) 276M->189M(490M) 6,800ms
[2019-04-15T13:45:41.886+0200][224,045s] GC(230) User=0,02s Sys=0,00s Real=0,01s
[2019-04-15T13:45:41.955+0200][224,114s] GC(231) Pause Young (Allocation Failure)
[2019-04-15T13:45:41.955+0200][224,114s] GC(231) Using 4 workers of 4 for evacuation
[2019-04-15T13:45:41.961+0200][224,120s] GC(231) ParNew: 98728K->10951K(109248K)
[2019-04-15T13:45:41.961+0200][224,120s] GC(231) CMS: 182876K->182893K(393216K)
[2019-04-15T13:45:41.961+0200][224,120s] GC(231) Metaspace: 84176K->84176K(1126400K)
[2019-04-15T13:45:41.961+0200][224,120s] GC(231) Pause Young (Allocation Failure) 275M->189M(490M) 5,973ms
[2019-04-15T13:45:41.961+0200][224,120s] GC(231) User=0,03s Sys=0,00s Real=0,00s
[2019-04-15T13:45:42.025+0200][224,184s] GC(232) Pause Young (Allocation Failure)
[2019-04-15T13:45:42.025+0200][224,184s] GC(232) Using 4 workers of 4 for evacuation
[2019-04-15T13:45:42.032+0200][224,191s] GC(232) ParNew: 98375K->12847K(109248K)
[2019-04-15T13:45:42.032+0200][224,191s] GC(232) CMS: 182893K->182894K(393216K)
[2019-04-15T13:45:42.032+0200][224,191s] GC(232) Metaspace: 84176K->84176K(1126400K)
[2019-04-15T13:45:42.032+0200][224,191s] GC(232) Pause Young (Allocation Failure) 274M->191M(490M) 7,057ms
[2019-04-15T13:45:42.032+0200][224,191s] GC(232) User=0,03s Sys=0,00s Real=0,01s
[2019-04-15T13:45:42.096+0200][224,254s] GC(233) Pause Young (Allocation Failure)
[2019-04-15T13:45:42.096+0200][224,255s] GC(233) Using 4 workers of 4 for evacuation
[2019-04-15T13:45:42.103+0200][224,262s] GC(233) ParNew: 100271K->11639K(109248K)
[2019-04-15T13:45:42.103+0200][224,262s] GC(233) CMS: 182894K->183245K(393216K)
[2019-04-15T13:45:42.103+0200][224,262s] GC(233) Metaspace: 84176K->84176K(1126400K)
[2019-04-15T13:45:42.103+0200][224,262s] GC(233) Pause Young (Allocation Failure) 276M->190M(490M) 7,738ms
[2019-04-15T13:45:42.103+0200][224,262s] GC(233) User=0,03s Sys=0,00s Real=0,00s
[2019-04-15T13:45:42.174+0200][224,333s] GC(234) Pause Young (Allocation Failure)
[2019-04-15T13:45:42.174+0200][224,333s] GC(234) Using 4 workers of 4 for evacuation
[2019-04-15T13:45:42.182+0200][224,341s] GC(234) ParNew: 99063K->10661K(109248K)
[2019-04-15T13:45:42.182+0200][224,341s] GC(234) CMS: 183245K->183295K(393216K)
[2019-04-15T13:45:42.182+0200][224,341s] GC(234) Metaspace: 84176K->84176K(1126400K)
[2019-04-15T13:45:42.182+0200][224,341s] GC(234) Pause Young (Allocation Failure) 275M->189M(490M) 8,090ms
[2019-04-15T13:45:42.182+0200][224,341s] GC(234) User=0,02s Sys=0,00s Real=0,00s
[2019-04-15T13:45:42.257+0200][224,416s] GC(235) Pause Young (Allocation Failure)
[2019-04-15T13:45:42.257+0200][224,416s] GC(235) Using 4 workers of 4 for evacuation
[2019-04-15T13:45:42.265+0200][224,424s] GC(235) ParNew: 98085K->9661K(109248K)
[2019-04-15T13:45:42.265+0200][224,424s] GC(235) CMS: 183295K->188891K(393216K)
[2019-04-15T13:45:42.265+0200][224,424s] GC(235) Metaspace: 84176K->84176K(1126400K)
[2019-04-15T13:45:42.265+0200][224,424s] GC(235) Pause Young (Allocation Failure) 274M->193M(490M) 7,975ms
[2019-04-15T13:45:42.265+0200][224,424s] GC(235) User=0,03s Sys=0,00s Real=0,01s
[2019-04-15T13:45:42.397+0200][224,556s] GC(236) Pause Young (Allocation Failure)
[2019-04-15T13:45:42.397+0200][224,556s] GC(236) Using 4 workers of 4 for evacuation
[2019-04-15T13:45:42.406+0200][224,565s] GC(236) ParNew: 97085K->12473K(109248K)
[2019-04-15T13:45:42.406+0200][224,565s] GC(236) CMS: 188891K->189044K(393216K)
[2019-04-15T13:45:42.406+0200][224,565s] GC(236) Metaspace: 84189K->84189K(1126400K)
[2019-04-15T13:45:42.406+0200][224,565s] GC(236) Pause Young (Allocation Failure) 279M->196M(490M) 9,131ms
[2019-04-15T13:45:42.406+0200][224,565s] GC(236) User=0,03s Sys=0,00s Real=0,01s
[2019-04-15T13:45:42.472+0200][224,631s] GC(237) Pause Young (Allocation Failure)
[2019-04-15T13:45:42.472+0200][224,631s] GC(237) Using 4 workers of 4 for evacuation
[2019-04-15T13:45:42.477+0200][224,636s] GC(237) ParNew: 99897K->11177K(109248K)
[2019-04-15T13:45:42.477+0200][224,636s] GC(237) CMS: 189044K->189093K(393216K)
[2019-04-15T13:45:42.477+0200][224,636s] GC(237) Metaspace: 84189K->84189K(1126400K)
[2019-04-15T13:45:42.477+0200][224,636s] GC(237) Pause Young (Allocation Failure) 282M->195M(490M) 4,952ms
[2019-04-15T13:45:42.477+0200][224,636s] GC(237) User=0,02s Sys=0,00s Real=0,01s
[2019-04-15T13:45:42.543+0200][224,702s] GC(238) Pause Young (Allocation Failure)
[2019-04-15T13:45:42.543+0200][224,702s] GC(238) Using 4 workers of 4 for evacuation
[2019-04-15T13:45:42.549+0200][224,708s] GC(238) ParNew: 98601K->13578K(109248K)
[2019-04-15T13:45:42.549+0200][224,708s] GC(238) CMS: 189093K->189105K(393216K)
[2019-04-15T13:45:42.549+0200][224,708s] GC(238) Metaspace: 84189K->84189K(1126400K)
[2019-04-15T13:45:42.549+0200][224,708s] GC(238) Pause Young (Allocation Failure) 280M->197M(490M) 5,815ms
[2019-04-15T13:45:42.549+0200][224,708s] GC(238) User=0,02s Sys=0,00s Real=0,01s
[2019-04-15T13:45:42.608+0200][224,767s] GC(239) Pause Young (Allocation Failure)
[2019-04-15T13:45:42.608+0200][224,767s] GC(239) Using 4 workers of 4 for evacuation
[2019-04-15T13:45:42.617+0200][224,775s] GC(239) ParNew: 101002K->11229K(109248K)
[2019-04-15T13:45:42.617+0200][224,775s] GC(239) CMS: 189105K->189113K(393216K)
[2019-04-15T13:45:42.617+0200][224,775s] GC(239) Metaspace: 84189K->84189K(1126400K)
[2019-04-15T13:45:42.617+0200][224,776s] GC(239) Pause Young (Allocation Failure) 283M->195M(490M) 8,279ms
[2019-04-15T13:45:42.617+0200][224,776s] GC(239) User=0,02s Sys=0,00s Real=0,01s
[2019-04-15T13:45:42.690+0200][224,849s] GC(240) Pause Young (Allocation Failure)
[2019-04-15T13:45:42.690+0200][224,849s] GC(240) Using 4 workers of 4 for evacuation
[2019-04-15T13:45:42.698+0200][224,857s] GC(240) ParNew: 98653K->12451K(109248K)
[2019-04-15T13:45:42.698+0200][224,857s] GC(240) CMS: 189113K->189127K(393216K)
[2019-04-15T13:45:42.698+0200][224,857s] GC(240) Metaspace: 84189K->84189K(1126400K)
[2019-04-15T13:45:42.699+0200][224,857s] GC(240) Pause Young (Allocation Failure) 281M->196M(490M) 8,329ms
[2019-04-15T13:45:42.699+0200][224,857s] GC(240) User=0,03s Sys=0,00s Real=0,01s
[2019-04-15T13:45:42.765+0200][224,924s] GC(241) Pause Young (Allocation Failure)
[2019-04-15T13:45:42.765+0200][224,924s] GC(241) Using 4 workers of 4 for evacuation
[2019-04-15T13:45:42.773+0200][224,932s] GC(241) ParNew: 99875K->13484K(109248K)
[2019-04-15T13:45:42.773+0200][224,932s] GC(241) CMS: 189127K->190159K(393216K)
[2019-04-15T13:45:42.773+0200][224,932s] GC(241) Metaspace: 84189K->84189K(1126400K)
[2019-04-15T13:45:42.773+0200][224,932s] GC(241) Pause Young (Allocation Failure) 282M->198M(490M) 7,529ms
[2019-04-15T13:45:42.773+0200][224,932s] GC(241) User=0,02s Sys=0,01s Real=0,00s
[2019-04-15T13:45:42.802+0200][224,961s] GC(242) Pause Young (Allocation Failure)
[2019-04-15T13:45:42.802+0200][224,961s] GC(242) Using 4 workers of 4 for evacuation
[2019-04-15T13:45:42.808+0200][224,967s] GC(242) ParNew: 100592K->11238K(109248K)
[2019-04-15T13:45:42.808+0200][224,967s] GC(242) CMS: 190159K->190167K(393216K)
[2019-04-15T13:45:42.808+0200][224,967s] GC(242) Metaspace: 84191K->84191K(1126400K)
[2019-04-15T13:45:42.808+0200][224,967s] GC(242) Pause Young (Allocation Failure) 283M->196M(490M) 5,760ms
[2019-04-15T13:45:42.808+0200][224,967s] GC(242) User=0,02s Sys=0,00s Real=0,01s
[2019-04-15T13:45:42.899+0200][225,058s] GC(243) Pause Young (Allocation Failure)
[2019-04-15T13:45:42.899+0200][225,058s] GC(243) Using 4 workers of 4 for evacuation
[2019-04-15T13:45:42.907+0200][225,066s] GC(243) ParNew: 98650K->13095K(109248K)
[2019-04-15T13:45:42.907+0200][225,066s] GC(243) CMS: 190167K->190417K(393216K)
[2019-04-15T13:45:42.907+0200][225,066s] GC(243) Metaspace: 84196K->84196K(1126400K)
[2019-04-15T13:45:42.907+0200][225,066s] GC(243) Pause Young (Allocation Failure) 282M->198M(490M) 7,816ms
[2019-04-15T13:45:42.907+0200][225,066s] GC(243) User=0,03s Sys=0,00s Real=0,01s
[2019-04-15T13:45:43.025+0200][225,184s] GC(244) Pause Young (Allocation Failure)
[2019-04-15T13:45:43.026+0200][225,184s] GC(244) Using 4 workers of 4 for evacuation
[2019-04-15T13:45:43.041+0200][225,200s] GC(244) ParNew: 100519K->7335K(109248K)
[2019-04-15T13:45:43.041+0200][225,200s] GC(244) CMS: 190417K->195375K(393216K)
[2019-04-15T13:45:43.041+0200][225,200s] GC(244) Metaspace: 84207K->84207K(1126400K)
[2019-04-15T13:45:43.041+0200][225,200s] GC(244) Pause Young (Allocation Failure) 284M->197M(490M) 15,504ms
[2019-04-15T13:45:43.041+0200][225,200s] GC(244) User=0,04s Sys=0,00s Real=0,01s
[2019-04-15T13:45:43.309+0200][225,468s] GC(245) Pause Young (Allocation Failure)
[2019-04-15T13:45:43.309+0200][225,468s] GC(245) Using 4 workers of 4 for evacuation
[2019-04-15T13:45:43.321+0200][225,480s] GC(245) ParNew: 94759K->21153K(109248K)
[2019-04-15T13:45:43.321+0200][225,480s] GC(245) CMS: 195375K->195379K(393216K)
[2019-04-15T13:45:43.321+0200][225,480s] GC(245) Metaspace: 84239K->84239K(1126400K)
[2019-04-15T13:45:43.321+0200][225,480s] GC(245) Pause Young (Allocation Failure) 283M->211M(490M) 11,629ms
[2019-04-15T13:45:43.321+0200][225,480s] GC(245) User=0,04s Sys=0,00s Real=0,01s
[2019-04-15T13:45:43.382+0200][225,541s] GC(246) Pause Young (Allocation Failure)
[2019-04-15T13:45:43.382+0200][225,541s] GC(246) Using 4 workers of 4 for evacuation
[2019-04-15T13:45:43.391+0200][225,550s] GC(246) ParNew: 108577K->21824K(109248K)
[2019-04-15T13:45:43.391+0200][225,550s] GC(246) CMS: 195379K->196211K(393216K)
[2019-04-15T13:45:43.391+0200][225,550s] GC(246) Metaspace: 84240K->84240K(1126400K)
[2019-04-15T13:45:43.391+0200][225,550s] GC(246) Pause Young (Allocation Failure) 296M->212M(490M) 8,953ms
[2019-04-15T13:45:43.391+0200][225,550s] GC(246) User=0,03s Sys=0,00s Real=0,01s
[2019-04-15T13:45:43.439+0200][225,598s] GC(247) Pause Young (Allocation Failure)
[2019-04-15T13:45:43.439+0200][225,598s] GC(247) Using 4 workers of 4 for evacuation
[2019-04-15T13:45:43.447+0200][225,606s] GC(247) ParNew: 109248K->21824K(109248K)
[2019-04-15T13:45:43.448+0200][225,606s] GC(247) CMS: 196211K->197516K(393216K)
[2019-04-15T13:45:43.448+0200][225,606s] GC(247) Metaspace: 84241K->84241K(1126400K)
[2019-04-15T13:45:43.448+0200][225,606s] GC(247) Pause Young (Allocation Failure) 298M->214M(490M) 8,317ms
[2019-04-15T13:45:43.448+0200][225,606s] GC(247) User=0,03s Sys=0,00s Real=0,01s
[2019-04-15T13:45:43.448+0200][225,607s] GC(248) Pause Initial Mark
[2019-04-15T13:45:43.449+0200][225,608s] GC(248) Pause Initial Mark 215M->215M(490M) 1,609ms
[2019-04-15T13:45:43.449+0200][225,608s] GC(248) User=0,00s Sys=0,00s Real=0,00s
[2019-04-15T13:45:43.449+0200][225,608s] GC(248) Concurrent Mark
[2019-04-15T13:45:43.449+0200][225,608s] GC(248) Using 4 workers of 4 for marking
[2019-04-15T13:45:43.492+0200][225,651s] GC(248) Concurrent Mark 43,012ms
[2019-04-15T13:45:43.492+0200][225,651s] GC(248) User=0,17s Sys=0,00s Real=0,04s
[2019-04-15T13:45:43.492+0200][225,651s] GC(248) Concurrent Preclean
[2019-04-15T13:45:43.494+0200][225,653s] GC(248) Concurrent Preclean 1,208ms
[2019-04-15T13:45:43.494+0200][225,653s] GC(248) User=0,00s Sys=0,00s Real=0,01s
[2019-04-15T13:45:43.494+0200][225,653s] GC(248) Concurrent Abortable Preclean
[2019-04-15T13:45:43.525+0200][225,684s] GC(249) Pause Young (Allocation Failure)
[2019-04-15T13:45:43.525+0200][225,684s] GC(249) Using 4 workers of 4 for evacuation
[2019-04-15T13:45:43.533+0200][225,692s] GC(249) ParNew: 109248K->21824K(109248K)
[2019-04-15T13:45:43.533+0200][225,692s] GC(249) CMS: 197516K->199817K(393216K)
[2019-04-15T13:45:43.533+0200][225,692s] GC(249) Metaspace: 84241K->84241K(1126400K)
[2019-04-15T13:45:43.533+0200][225,692s] GC(249) Pause Young (Allocation Failure) 299M->216M(490M) 8,055ms
[2019-04-15T13:45:43.533+0200][225,692s] GC(249) User=0,03s Sys=0,00s Real=0,01s
[2019-04-15T13:45:43.605+0200][225,764s] GC(250) Pause Young (Allocation Failure)
[2019-04-15T13:45:43.605+0200][225,764s] GC(250) Using 4 workers of 4 for evacuation
[2019-04-15T13:45:43.614+0200][225,773s] GC(250) ParNew: 109248K->21824K(109248K)
[2019-04-15T13:45:43.614+0200][225,773s] GC(250) CMS: 199817K->199817K(393216K)
[2019-04-15T13:45:43.614+0200][225,773s] GC(250) Metaspace: 84241K->84241K(1126400K)
[2019-04-15T13:45:43.614+0200][225,773s] GC(250) Pause Young (Allocation Failure) 301M->216M(490M) 9,531ms
[2019-04-15T13:45:43.614+0200][225,773s] GC(250) User=0,03s Sys=0,00s Real=0,02s
[2019-04-15T13:45:43.654+0200][225,813s] GC(248) Concurrent Abortable Preclean 160,190ms
[2019-04-15T13:45:43.654+0200][225,813s] GC(248) User=0,39s Sys=0,00s Real=0,16s
[2019-04-15T13:45:43.654+0200][225,813s] GC(248) Pause Remark
[2019-04-15T13:45:43.654+0200][225,813s] GC(251) Pause Young (CMS Final Remark)
[2019-04-15T13:45:43.654+0200][225,813s] GC(251) Using 4 workers of 4 for evacuation
[2019-04-15T13:45:43.670+0200][225,829s] GC(251) ParNew: 72133K->21824K(109248K)
[2019-04-15T13:45:43.670+0200][225,829s] GC(251) CMS: 199817K->199894K(393216K)
[2019-04-15T13:45:43.670+0200][225,829s] GC(251) Metaspace: 84241K->84241K(1126400K)
[2019-04-15T13:45:43.670+0200][225,829s] GC(251) Pause Young (CMS Final Remark) 265M->216M(490M) 15,904ms
[2019-04-15T13:45:43.670+0200][225,829s] GC(251) User=0,05s Sys=0,00s Real=0,01s
[2019-04-15T13:45:43.707+0200][225,865s] GC(248) Pause Remark 265M->216M(490M) 52,220ms
[2019-04-15T13:45:43.707+0200][225,866s] GC(248) User=0,10s Sys=0,00s Real=0,05s
[2019-04-15T13:45:43.707+0200][225,866s] GC(248) Concurrent Sweep
[2019-04-15T13:45:43.745+0200][225,904s] GC(248) Concurrent Sweep 37,893ms
[2019-04-15T13:45:43.745+0200][225,904s] GC(248) User=0,11s Sys=0,00s Real=0,03s
[2019-04-15T13:45:43.745+0200][225,904s] GC(248) Concurrent Reset
[2019-04-15T13:45:43.745+0200][225,904s] GC(248) Concurrent Reset 0,428ms
[2019-04-15T13:45:43.745+0200][225,904s] GC(248) User=0,01s Sys=0,00s Real=0,01s
[2019-04-15T13:45:43.745+0200][225,904s] GC(248) Old: 197516K->119920K(393216K)
[2019-04-15T13:45:43.793+0200][225,952s] GC(252) Pause Young (Allocation Failure)
[2019-04-15T13:45:43.793+0200][225,952s] GC(252) Using 4 workers of 4 for evacuation
[2019-04-15T13:45:43.806+0200][225,965s] GC(252) ParNew: 109248K->21746K(109248K)
[2019-04-15T13:45:43.806+0200][225,965s] GC(252) CMS: 119920K->119920K(393216K)
[2019-04-15T13:45:43.806+0200][225,965s] GC(252) Metaspace: 84241K->84241K(1126400K)
[2019-04-15T13:45:43.806+0200][225,965s] GC(252) Pause Young (Allocation Failure) 223M->138M(490M) 13,279ms
[2019-04-15T13:45:43.806+0200][225,965s] GC(252) User=0,05s Sys=0,00s Real=0,02s
[2019-04-15T13:45:43.856+0200][226,015s] GC(253) Pause Young (Allocation Failure)
[2019-04-15T13:45:43.856+0200][226,015s] GC(253) Using 4 workers of 4 for evacuation
[2019-04-15T13:45:43.864+0200][226,023s] GC(253) ParNew: 109170K->21824K(109248K)
[2019-04-15T13:45:43.864+0200][226,023s] GC(253) CMS: 119920K->124056K(393216K)
[2019-04-15T13:45:43.864+0200][226,023s] GC(253) Metaspace: 84241K->84241K(1126400K)
[2019-04-15T13:45:43.864+0200][226,023s] GC(253) Pause Young (Allocation Failure) 223M->142M(490M) 8,166ms
[2019-04-15T13:45:43.864+0200][226,023s] GC(253) User=0,02s Sys=0,00s Real=0,00s
[2019-04-15T13:45:43.915+0200][226,074s] GC(254) Pause Young (Allocation Failure)
[2019-04-15T13:45:43.915+0200][226,074s] GC(254) Using 4 workers of 4 for evacuation
[2019-04-15T13:45:43.926+0200][226,085s] GC(254) ParNew: 109248K->8090K(109248K)
[2019-04-15T13:45:43.926+0200][226,085s] GC(254) CMS: 124056K->133878K(393216K)
[2019-04-15T13:45:43.926+0200][226,085s] GC(254) Metaspace: 84243K->84243K(1126400K)
[2019-04-15T13:45:43.926+0200][226,085s] GC(254) Pause Young (Allocation Failure) 227M->138M(490M) 10,738ms
[2019-04-15T13:45:43.926+0200][226,085s] GC(254) User=0,03s Sys=0,00s Real=0,01s
[2019-04-15T13:45:44.197+0200][226,356s] GC(255) Pause Young (Allocation Failure)
[2019-04-15T13:45:44.198+0200][226,357s] GC(255) Using 4 workers of 4 for evacuation
[2019-04-15T13:45:44.216+0200][226,375s] GC(255) ParNew: 95514K->21824K(109248K)
[2019-04-15T13:45:44.216+0200][226,375s] GC(255) CMS: 133878K->137706K(393216K)
[2019-04-15T13:45:44.216+0200][226,375s] GC(255) Metaspace: 84767K->84767K(1126400K)
[2019-04-15T13:45:44.216+0200][226,375s] GC(255) Pause Young (Allocation Failure) 224M->155M(490M) 18,290ms
[2019-04-15T13:45:44.216+0200][226,375s] GC(255) User=0,05s Sys=0,00s Real=0,02s
[2019-04-15T13:45:44.327+0200][226,486s] GC(256) Pause Young (Allocation Failure)
[2019-04-15T13:45:44.327+0200][226,486s] GC(256) Using 4 workers of 4 for evacuation
[2019-04-15T13:45:44.342+0200][226,501s] GC(256) ParNew: 109248K->21824K(109248K)
[2019-04-15T13:45:44.342+0200][226,501s] GC(256) CMS: 137706K->141880K(393216K)
[2019-04-15T13:45:44.342+0200][226,501s] GC(256) Metaspace: 84768K->84768K(1126400K)
[2019-04-15T13:45:44.342+0200][226,501s] GC(256) Pause Young (Allocation Failure) 241M->159M(490M) 14,445ms
[2019-04-15T13:45:44.342+0200][226,501s] GC(256) User=0,05s Sys=0,00s Real=0,01s
[2019-04-15T13:45:44.430+0200][226,589s] GC(257) Pause Young (Allocation Failure)
[2019-04-15T13:45:44.430+0200][226,589s] GC(257) Using 4 workers of 4 for evacuation
[2019-04-15T13:45:44.440+0200][226,598s] GC(257) ParNew: 109248K->21824K(109248K)
[2019-04-15T13:45:44.440+0200][226,599s] GC(257) CMS: 141880K->142965K(393216K)
[2019-04-15T13:45:44.440+0200][226,599s] GC(257) Metaspace: 84768K->84768K(1126400K)
[2019-04-15T13:45:44.440+0200][226,599s] GC(257) Pause Young (Allocation Failure) 245M->160M(490M) 9,576ms
[2019-04-15T13:45:44.440+0200][226,599s] GC(257) User=0,03s Sys=0,00s Real=0,01s
[2019-04-15T13:45:44.519+0200][226,678s] GC(258) Pause Young (Allocation Failure)
[2019-04-15T13:45:44.519+0200][226,678s] GC(258) Using 4 workers of 4 for evacuation
[2019-04-15T13:45:44.528+0200][226,687s] GC(258) ParNew: 109248K->21824K(109248K)
[2019-04-15T13:45:44.528+0200][226,687s] GC(258) CMS: 142965K->144246K(393216K)
[2019-04-15T13:45:44.528+0200][226,687s] GC(258) Metaspace: 84768K->84768K(1126400K)
[2019-04-15T13:45:44.528+0200][226,687s] GC(258) Pause Young (Allocation Failure) 246M->162M(490M) 9,277ms
[2019-04-15T13:45:44.528+0200][226,687s] GC(258) User=0,03s Sys=0,00s Real=0,01s
[2019-04-15T13:45:44.600+0200][226,759s] GC(259) Pause Young (Allocation Failure)
[2019-04-15T13:45:44.600+0200][226,759s] GC(259) Using 4 workers of 4 for evacuation
[2019-04-15T13:45:44.609+0200][226,768s] GC(259) ParNew: 109248K->21824K(109248K)
[2019-04-15T13:45:44.609+0200][226,768s] GC(259) CMS: 144246K->144246K(393216K)
[2019-04-15T13:45:44.609+0200][226,768s] GC(259) Metaspace: 84768K->84768K(1126400K)
[2019-04-15T13:45:44.609+0200][226,768s] GC(259) Pause Young (Allocation Failure) 247M->162M(490M) 9,129ms
[2019-04-15T13:45:44.609+0200][226,768s] GC(259) User=0,03s Sys=0,00s Real=0,01s
[2019-04-15T13:45:44.731+0200][226,890s] GC(260) Pause Young (Allocation Failure)
[2019-04-15T13:45:44.731+0200][226,890s] GC(260) Using 4 workers of 4 for evacuation
[2019-04-15T13:45:44.752+0200][226,911s] GC(260) ParNew: 109248K->21824K(109248K)
[2019-04-15T13:45:44.752+0200][226,911s] GC(260) CMS: 144246K->144246K(393216K)
[2019-04-15T13:45:44.752+0200][226,911s] GC(260) Metaspace: 84773K->84773K(1126400K)
[2019-04-15T13:45:44.752+0200][226,911s] GC(260) Pause Young (Allocation Failure) 247M->162M(490M) 20,968ms
[2019-04-15T13:45:44.752+0200][226,911s] GC(260) User=0,08s Sys=0,00s Real=0,02s
[2019-04-15T13:45:44.806+0200][226,964s] GC(261) Pause Young (Allocation Failure)
[2019-04-15T13:45:44.806+0200][226,965s] GC(261) Using 4 workers of 4 for evacuation
[2019-04-15T13:45:44.813+0200][226,972s] GC(261) ParNew: 109248K->21824K(109248K)
[2019-04-15T13:45:44.814+0200][226,972s] GC(261) CMS: 144246K->144246K(393216K)
[2019-04-15T13:45:44.814+0200][226,972s] GC(261) Metaspace: 84773K->84773K(1126400K)
[2019-04-15T13:45:44.814+0200][226,972s] GC(261) Pause Young (Allocation Failure) 247M->162M(490M) 7,993ms
[2019-04-15T13:45:44.814+0200][226,972s] GC(261) User=0,03s Sys=0,00s Real=0,01s
[2019-04-15T13:45:44.865+0200][227,024s] GC(262) Pause Young (Allocation Failure)
[2019-04-15T13:45:44.865+0200][227,024s] GC(262) Using 4 workers of 4 for evacuation
[2019-04-15T13:45:44.875+0200][227,034s] GC(262) ParNew: 109248K->21824K(109248K)
[2019-04-15T13:45:44.875+0200][227,034s] GC(262) CMS: 144246K->145748K(393216K)
[2019-04-15T13:45:44.875+0200][227,034s] GC(262) Metaspace: 84773K->84773K(1126400K)
[2019-04-15T13:45:44.875+0200][227,034s] GC(262) Pause Young (Allocation Failure) 247M->163M(490M) 9,622ms
[2019-04-15T13:45:44.875+0200][227,034s] GC(262) User=0,03s Sys=0,00s Real=0,01s
[2019-04-15T13:45:44.929+0200][227,088s] GC(263) Pause Young (Allocation Failure)
[2019-04-15T13:45:44.929+0200][227,088s] GC(263) Using 4 workers of 4 for evacuation
[2019-04-15T13:45:44.939+0200][227,098s] GC(263) ParNew: 109248K->14938K(109248K)
[2019-04-15T13:45:44.939+0200][227,098s] GC(263) CMS: 145748K->152001K(393216K)
[2019-04-15T13:45:44.939+0200][227,098s] GC(263) Metaspace: 84773K->84773K(1126400K)
[2019-04-15T13:45:44.939+0200][227,098s] GC(263) Pause Young (Allocation Failure) 249M->163M(490M) 10,635ms
[2019-04-15T13:45:44.939+0200][227,098s] GC(263) User=0,03s Sys=0,00s Real=0,01s
[2019-04-15T13:45:44.997+0200][227,155s] GC(264) Pause Young (Allocation Failure)
[2019-04-15T13:45:44.997+0200][227,156s] GC(264) Using 4 workers of 4 for evacuation
[2019-04-15T13:45:45.005+0200][227,164s] GC(264) ParNew: 102362K->12332K(109248K)
[2019-04-15T13:45:45.005+0200][227,164s] GC(264) CMS: 152001K->152082K(393216K)
[2019-04-15T13:45:45.005+0200][227,164s] GC(264) Metaspace: 84773K->84773K(1126400K)
[2019-04-15T13:45:45.005+0200][227,164s] GC(264) Pause Young (Allocation Failure) 248M->160M(490M) 8,666ms
[2019-04-15T13:45:45.005+0200][227,164s] GC(264) User=0,03s Sys=0,00s Real=0,01s
[2019-04-15T13:45:45.067+0200][227,226s] GC(265) Pause Young (Allocation Failure)
[2019-04-15T13:45:45.067+0200][227,226s] GC(265) Using 4 workers of 4 for evacuation
[2019-04-15T13:45:45.075+0200][227,234s] GC(265) ParNew: 99756K->15836K(109248K)
[2019-04-15T13:45:45.075+0200][227,234s] GC(265) CMS: 152082K->152132K(393216K)
[2019-04-15T13:45:45.075+0200][227,234s] GC(265) Metaspace: 84773K->84773K(1126400K)
[2019-04-15T13:45:45.075+0200][227,234s] GC(265) Pause Young (Allocation Failure) 245M->164M(490M) 8,207ms
[2019-04-15T13:45:45.075+0200][227,234s] GC(265) User=0,02s Sys=0,00s Real=0,01s
[2019-04-15T13:45:45.136+0200][227,295s] GC(266) Pause Young (Allocation Failure)
[2019-04-15T13:45:45.136+0200][227,295s] GC(266) Using 4 workers of 4 for evacuation
[2019-04-15T13:45:45.153+0200][227,312s] GC(266) ParNew: 103260K->13725K(109248K)
[2019-04-15T13:45:45.153+0200][227,312s] GC(266) CMS: 152132K->152181K(393216K)
[2019-04-15T13:45:45.153+0200][227,312s] GC(266) Metaspace: 84773K->84773K(1126400K)
[2019-04-15T13:45:45.153+0200][227,312s] GC(266) Pause Young (Allocation Failure) 249M->162M(490M) 17,391ms
[2019-04-15T13:45:45.153+0200][227,312s] GC(266) User=0,05s Sys=0,00s Real=0,02s
[2019-04-15T13:45:45.232+0200][227,391s] GC(267) Pause Young (Allocation Failure)
[2019-04-15T13:45:45.232+0200][227,391s] GC(267) Using 4 workers of 4 for evacuation
[2019-04-15T13:45:45.240+0200][227,399s] GC(267) ParNew: 101149K->13627K(109248K)
[2019-04-15T13:45:45.240+0200][227,399s] GC(267) CMS: 152181K->153236K(393216K)
[2019-04-15T13:45:45.240+0200][227,399s] GC(267) Metaspace: 84773K->84773K(1126400K)
[2019-04-15T13:45:45.240+0200][227,399s] GC(267) Pause Young (Allocation Failure) 247M->162M(490M) 7,440ms
[2019-04-15T13:45:45.240+0200][227,399s] GC(267) User=0,02s Sys=0,00s Real=0,01s
[2019-04-15T13:45:45.289+0200][227,447s] GC(268) Pause Young (Allocation Failure)
[2019-04-15T13:45:45.289+0200][227,447s] GC(268) Using 4 workers of 4 for evacuation
[2019-04-15T13:45:45.297+0200][227,456s] GC(268) ParNew: 101051K->10240K(109248K)
[2019-04-15T13:45:45.297+0200][227,456s] GC(268) CMS: 153236K->161349K(393216K)
[2019-04-15T13:45:45.297+0200][227,456s] GC(268) Metaspace: 84773K->84773K(1126400K)
[2019-04-15T13:45:45.297+0200][227,456s] GC(268) Pause Young (Allocation Failure) 248M->167M(490M) 8,448ms
[2019-04-15T13:45:45.297+0200][227,456s] GC(268) User=0,03s Sys=0,00s Real=0,01s
[2019-04-15T13:45:45.347+0200][227,506s] GC(269) Pause Young (Allocation Failure)
[2019-04-15T13:45:45.347+0200][227,506s] GC(269) Using 4 workers of 4 for evacuation
[2019-04-15T13:45:45.354+0200][227,513s] GC(269) ParNew: 97664K->4945K(109248K)
[2019-04-15T13:45:45.354+0200][227,513s] GC(269) CMS: 161349K->161370K(393216K)
[2019-04-15T13:45:45.354+0200][227,513s] GC(269) Metaspace: 84773K->84773K(1126400K)
[2019-04-15T13:45:45.354+0200][227,513s] GC(269) Pause Young (Allocation Failure) 252M->162M(490M) 6,502ms
[2019-04-15T13:45:45.354+0200][227,513s] GC(269) User=0,02s Sys=0,00s Real=0,01s
[2019-04-15T13:45:45.405+0200][227,564s] GC(270) Pause Young (Allocation Failure)
[2019-04-15T13:45:45.405+0200][227,564s] GC(270) Using 4 workers of 4 for evacuation
[2019-04-15T13:45:45.410+0200][227,569s] GC(270) ParNew: 92369K->3277K(109248K)
[2019-04-15T13:45:45.410+0200][227,569s] GC(270) CMS: 161370K->161374K(393216K)
[2019-04-15T13:45:45.410+0200][227,569s] GC(270) Metaspace: 84773K->84773K(1126400K)
[2019-04-15T13:45:45.410+0200][227,569s] GC(270) Pause Young (Allocation Failure) 247M->160M(490M) 5,204ms
[2019-04-15T13:45:45.410+0200][227,569s] GC(270) User=0,02s Sys=0,00s Real=0,00s
[2019-04-15T13:45:45.469+0200][227,628s] GC(271) Pause Young (Allocation Failure)
[2019-04-15T13:45:45.469+0200][227,628s] GC(271) Using 4 workers of 4 for evacuation
[2019-04-15T13:45:45.475+0200][227,634s] GC(271) ParNew: 90701K->2857K(109248K)
[2019-04-15T13:45:45.475+0200][227,634s] GC(271) CMS: 161374K->161377K(393216K)
[2019-04-15T13:45:45.475+0200][227,634s] GC(271) Metaspace: 84773K->84773K(1126400K)
[2019-04-15T13:45:45.475+0200][227,634s] GC(271) Pause Young (Allocation Failure) 246M->160M(490M) 6,056ms
[2019-04-15T13:45:45.475+0200][227,634s] GC(271) User=0,02s Sys=0,00s Real=0,01s
[2019-04-15T13:45:45.533+0200][227,692s] GC(272) Pause Young (Allocation Failure)
[2019-04-15T13:45:45.534+0200][227,692s] GC(272) Using 4 workers of 4 for evacuation
[2019-04-15T13:45:45.542+0200][227,701s] GC(272) ParNew: 90281K->2702K(109248K)
[2019-04-15T13:45:45.542+0200][227,701s] GC(272) CMS: 161377K->161381K(393216K)
[2019-04-15T13:45:45.542+0200][227,701s] GC(272) Metaspace: 84773K->84773K(1126400K)
[2019-04-15T13:45:45.542+0200][227,701s] GC(272) Pause Young (Allocation Failure) 245M->160M(490M) 8,358ms
[2019-04-15T13:45:45.542+0200][227,701s] GC(272) User=0,03s Sys=0,00s Real=0,00s
[2019-04-15T13:45:45.748+0200][227,907s] GC(273) Pause Young (Allocation Failure)
[2019-04-15T13:45:45.748+0200][227,907s] GC(273) Using 4 workers of 4 for evacuation
[2019-04-15T13:45:45.764+0200][227,923s] GC(273) ParNew: 90126K->8918K(109248K)
[2019-04-15T13:45:45.764+0200][227,923s] GC(273) CMS: 161381K->161384K(393216K)
[2019-04-15T13:45:45.764+0200][227,923s] GC(273) Metaspace: 84795K->84795K(1126400K)
[2019-04-15T13:45:45.764+0200][227,923s] GC(273) Pause Young (Allocation Failure) 245M->166M(490M) 16,087ms
[2019-04-15T13:45:45.764+0200][227,923s] GC(273) User=0,07s Sys=0,00s Real=0,01s
[2019-04-15T13:45:45.930+0200][228,089s] GC(274) Pause Young (Allocation Failure)
[2019-04-15T13:45:45.930+0200][228,089s] GC(274) Using 4 workers of 4 for evacuation
[2019-04-15T13:45:45.946+0200][228,105s] GC(274) ParNew: 96342K->21497K(109248K)
[2019-04-15T13:45:45.946+0200][228,105s] GC(274) CMS: 161384K->161433K(393216K)
[2019-04-15T13:45:45.946+0200][228,105s] GC(274) Metaspace: 84821K->84821K(1126400K)
[2019-04-15T13:45:45.946+0200][228,105s] GC(274) Pause Young (Allocation Failure) 251M->178M(490M) 16,022ms
[2019-04-15T13:45:45.946+0200][228,105s] GC(274) User=0,06s Sys=0,00s Real=0,02s
[2019-04-15T13:45:46.039+0200][228,198s] GC(275) Pause Young (Allocation Failure)
[2019-04-15T13:45:46.039+0200][228,198s] GC(275) Using 4 workers of 4 for evacuation
[2019-04-15T13:45:46.047+0200][228,206s] GC(275) ParNew: 108921K->21824K(109248K)
[2019-04-15T13:45:46.047+0200][228,206s] GC(275) CMS: 161433K->163571K(393216K)
[2019-04-15T13:45:46.048+0200][228,206s] GC(275) Metaspace: 84821K->84821K(1126400K)
[2019-04-15T13:45:46.048+0200][228,206s] GC(275) Pause Young (Allocation Failure) 264M->181M(490M) 8,859ms
[2019-04-15T13:45:46.048+0200][228,207s] GC(275) User=0,03s Sys=0,00s Real=0,01s
[2019-04-15T13:45:46.127+0200][228,286s] GC(276) Pause Young (Allocation Failure)
[2019-04-15T13:45:46.127+0200][228,286s] GC(276) Using 4 workers of 4 for evacuation
[2019-04-15T13:45:46.137+0200][228,296s] GC(276) ParNew: 109248K->19975K(109248K)
[2019-04-15T13:45:46.138+0200][228,296s] GC(276) CMS: 163571K->163571K(393216K)
[2019-04-15T13:45:46.138+0200][228,296s] GC(276) Metaspace: 84821K->84821K(1126400K)
[2019-04-15T13:45:46.138+0200][228,296s] GC(276) Pause Young (Allocation Failure) 266M->179M(490M) 10,297ms
[2019-04-15T13:45:46.138+0200][228,296s] GC(276) User=0,04s Sys=0,00s Real=0,01s
[2019-04-15T13:45:46.205+0200][228,364s] GC(277) Pause Young (Allocation Failure)
[2019-04-15T13:45:46.206+0200][228,364s] GC(277) Using 4 workers of 4 for evacuation
[2019-04-15T13:45:46.212+0200][228,371s] GC(277) ParNew: 107399K->21824K(109248K)
[2019-04-15T13:45:46.212+0200][228,371s] GC(277) CMS: 163571K->163604K(393216K)
[2019-04-15T13:45:46.212+0200][228,371s] GC(277) Metaspace: 84821K->84821K(1126400K)
[2019-04-15T13:45:46.212+0200][228,371s] GC(277) Pause Young (Allocation Failure) 264M->181M(490M) 6,791ms
[2019-04-15T13:45:46.212+0200][228,371s] GC(277) User=0,03s Sys=0,00s Real=0,00s
[2019-04-15T13:45:46.279+0200][228,438s] GC(278) Pause Young (Allocation Failure)
[2019-04-15T13:45:46.279+0200][228,438s] GC(278) Using 4 workers of 4 for evacuation
[2019-04-15T13:45:46.288+0200][228,447s] GC(278) ParNew: 109248K->21824K(109248K)
[2019-04-15T13:45:46.288+0200][228,447s] GC(278) CMS: 163604K->163607K(393216K)
[2019-04-15T13:45:46.288+0200][228,447s] GC(278) Metaspace: 84821K->84821K(1126400K)
[2019-04-15T13:45:46.288+0200][228,447s] GC(278) Pause Young (Allocation Failure) 266M->181M(490M) 8,651ms
[2019-04-15T13:45:46.288+0200][228,447s] GC(278) User=0,03s Sys=0,00s Real=0,01s
[2019-04-15T13:45:46.355+0200][228,514s] GC(279) Pause Young (Allocation Failure)
[2019-04-15T13:45:46.355+0200][228,514s] GC(279) Using 4 workers of 4 for evacuation
[2019-04-15T13:45:46.365+0200][228,524s] GC(279) ParNew: 109248K->21824K(109248K)
[2019-04-15T13:45:46.365+0200][228,524s] GC(279) CMS: 163607K->164635K(393216K)
[2019-04-15T13:45:46.365+0200][228,524s] GC(279) Metaspace: 84821K->84821K(1126400K)
[2019-04-15T13:45:46.365+0200][228,524s] GC(279) Pause Young (Allocation Failure) 266M->182M(490M) 10,453ms
[2019-04-15T13:45:46.365+0200][228,524s] GC(279) User=0,03s Sys=0,00s Real=0,01s
[2019-04-15T13:45:46.445+0200][228,604s] GC(280) Pause Young (Allocation Failure)
[2019-04-15T13:45:46.445+0200][228,604s] GC(280) Using 4 workers of 4 for evacuation
[2019-04-15T13:45:46.454+0200][228,613s] GC(280) ParNew: 109248K->21824K(109248K)
[2019-04-15T13:45:46.454+0200][228,613s] GC(280) CMS: 164635K->164638K(393216K)
[2019-04-15T13:45:46.454+0200][228,613s] GC(280) Metaspace: 84822K->84822K(1126400K)
[2019-04-15T13:45:46.454+0200][228,613s] GC(280) Pause Young (Allocation Failure) 267M->182M(490M) 9,079ms
[2019-04-15T13:45:46.455+0200][228,613s] GC(280) User=0,03s Sys=0,00s Real=0,01s
[2019-04-15T13:45:46.518+0200][228,676s] GC(281) Pause Young (Allocation Failure)
[2019-04-15T13:45:46.518+0200][228,677s] GC(281) Using 4 workers of 4 for evacuation
[2019-04-15T13:45:46.528+0200][228,686s] GC(281) ParNew: 109248K->17887K(109248K)
[2019-04-15T13:45:46.528+0200][228,686s] GC(281) CMS: 164638K->168845K(393216K)
[2019-04-15T13:45:46.528+0200][228,686s] GC(281) Metaspace: 84822K->84822K(1126400K)
[2019-04-15T13:45:46.528+0200][228,686s] GC(281) Pause Young (Allocation Failure) 267M->182M(490M) 10,014ms
[2019-04-15T13:45:46.528+0200][228,687s] GC(281) User=0,03s Sys=0,00s Real=0,01s
[2019-04-15T13:45:46.592+0200][228,751s] GC(282) Pause Young (Allocation Failure)
[2019-04-15T13:45:46.592+0200][228,751s] GC(282) Using 4 workers of 4 for evacuation
[2019-04-15T13:45:46.606+0200][228,764s] GC(282) ParNew: 105311K->6967K(109248K)
[2019-04-15T13:45:46.606+0200][228,765s] GC(282) CMS: 168845K->179378K(393216K)
[2019-04-15T13:45:46.606+0200][228,765s] GC(282) Metaspace: 84822K->84822K(1126400K)
[2019-04-15T13:45:46.606+0200][228,765s] GC(282) Pause Young (Allocation Failure) 267M->181M(490M) 13,363ms
[2019-04-15T13:45:46.606+0200][228,765s] GC(282) User=0,05s Sys=0,00s Real=0,02s
[2019-04-15T13:45:46.671+0200][228,830s] GC(283) Pause Young (Allocation Failure)
[2019-04-15T13:45:46.671+0200][228,830s] GC(283) Using 4 workers of 4 for evacuation
[2019-04-15T13:45:46.677+0200][228,836s] GC(283) ParNew: 94391K->5222K(109248K)
[2019-04-15T13:45:46.677+0200][228,836s] GC(283) CMS: 179378K->179555K(393216K)
[2019-04-15T13:45:46.677+0200][228,836s] GC(283) Metaspace: 84822K->84822K(1126400K)
[2019-04-15T13:45:46.677+0200][228,836s] GC(283) Pause Young (Allocation Failure) 267M->180M(490M) 6,287ms
[2019-04-15T13:45:46.677+0200][228,836s] GC(283) User=0,02s Sys=0,00s Real=0,01s
[2019-04-15T13:45:46.745+0200][228,904s] GC(284) Pause Young (Allocation Failure)
[2019-04-15T13:45:46.745+0200][228,904s] GC(284) Using 4 workers of 4 for evacuation
[2019-04-15T13:45:46.751+0200][228,910s] GC(284) ParNew: 92646K->4446K(109248K)
[2019-04-15T13:45:46.751+0200][228,910s] GC(284) CMS: 179555K->180077K(393216K)
[2019-04-15T13:45:46.751+0200][228,910s] GC(284) Metaspace: 84822K->84822K(1126400K)
[2019-04-15T13:45:46.751+0200][228,910s] GC(284) Pause Young (Allocation Failure) 265M->180M(490M) 5,695ms
[2019-04-15T13:45:46.751+0200][228,910s] GC(284) User=0,02s Sys=0,00s Real=0,00s
[2019-04-15T13:45:46.813+0200][228,972s] GC(285) Pause Young (Allocation Failure)
[2019-04-15T13:45:46.813+0200][228,972s] GC(285) Using 4 workers of 4 for evacuation
[2019-04-15T13:45:46.820+0200][228,979s] GC(285) ParNew: 91870K->4480K(109248K)
[2019-04-15T13:45:46.820+0200][228,979s] GC(285) CMS: 180077K->180165K(393216K)
[2019-04-15T13:45:46.820+0200][228,979s] GC(285) Metaspace: 84822K->84822K(1126400K)
[2019-04-15T13:45:46.820+0200][228,979s] GC(285) Pause Young (Allocation Failure) 265M->180M(490M) 7,358ms
[2019-04-15T13:45:46.820+0200][228,979s] GC(285) User=0,03s Sys=0,00s Real=0,00s
[2019-04-15T13:45:46.965+0200][229,124s] GC(286) Pause Young (Allocation Failure)
[2019-04-15T13:45:46.965+0200][229,124s] GC(286) Using 4 workers of 4 for evacuation
[2019-04-15T13:45:46.974+0200][229,133s] GC(286) ParNew: 91904K->10904K(109248K)
[2019-04-15T13:45:46.974+0200][229,133s] GC(286) CMS: 180165K->180512K(393216K)
[2019-04-15T13:45:46.974+0200][229,133s] GC(286) Metaspace: 84844K->84844K(1126400K)
[2019-04-15T13:45:46.974+0200][229,133s] GC(286) Pause Young (Allocation Failure) 265M->186M(490M) 8,747ms
[2019-04-15T13:45:46.974+0200][229,133s] GC(286) User=0,02s Sys=0,00s Real=0,01s
[2019-04-15T13:45:47.061+0200][229,220s] GC(287) Pause Young (Allocation Failure)
[2019-04-15T13:45:47.061+0200][229,220s] GC(287) Using 4 workers of 4 for evacuation
[2019-04-15T13:45:47.071+0200][229,229s] GC(287) ParNew: 98328K->12907K(109248K)
[2019-04-15T13:45:47.071+0200][229,229s] GC(287) CMS: 180512K->180515K(393216K)
[2019-04-15T13:45:47.071+0200][229,230s] GC(287) Metaspace: 84850K->84850K(1126400K)
[2019-04-15T13:45:47.071+0200][229,230s] GC(287) Pause Young (Allocation Failure) 272M->188M(490M) 9,803ms
[2019-04-15T13:45:47.071+0200][229,230s] GC(287) User=0,03s Sys=0,01s Real=0,01s
[2019-04-15T13:45:47.233+0200][229,392s] GC(288) Pause Young (Allocation Failure)
[2019-04-15T13:45:47.233+0200][229,392s] GC(288) Using 4 workers of 4 for evacuation
[2019-04-15T13:45:47.246+0200][229,405s] GC(288) ParNew: 100331K->18915K(109248K)
[2019-04-15T13:45:47.246+0200][229,405s] GC(288) CMS: 180515K->180606K(393216K)
[2019-04-15T13:45:47.246+0200][229,405s] GC(288) Metaspace: 84867K->84867K(1126400K)
[2019-04-15T13:45:47.246+0200][229,405s] GC(288) Pause Young (Allocation Failure) 274M->194M(490M) 12,610ms
[2019-04-15T13:45:47.246+0200][229,405s] GC(288) User=0,04s Sys=0,00s Real=0,01s
[2019-04-15T13:45:47.438+0200][229,597s] GC(289) Pause Young (Allocation Failure)
[2019-04-15T13:45:47.438+0200][229,597s] GC(289) Using 4 workers of 4 for evacuation
[2019-04-15T13:45:47.454+0200][229,613s] GC(289) ParNew: 106339K->13581K(109248K)
[2019-04-15T13:45:47.454+0200][229,613s] GC(289) CMS: 180606K->180734K(393216K)
[2019-04-15T13:45:47.454+0200][229,613s] GC(289) Metaspace: 85044K->85044K(1126400K)
[2019-04-15T13:45:47.454+0200][229,613s] GC(289) Pause Young (Allocation Failure) 280M->189M(490M) 16,203ms
[2019-04-15T13:45:47.454+0200][229,613s] GC(289) User=0,05s Sys=0,00s Real=0,02s
[2019-04-15T13:45:47.555+0200][229,714s] GC(290) Pause Young (Allocation Failure)
[2019-04-15T13:45:47.555+0200][229,714s] GC(290) Using 4 workers of 4 for evacuation
[2019-04-15T13:45:47.578+0200][229,736s] GC(290) ParNew: 101005K->21824K(109248K)
[2019-04-15T13:45:47.578+0200][229,737s] GC(290) CMS: 180734K->181275K(393216K)
[2019-04-15T13:45:47.578+0200][229,737s] GC(290) Metaspace: 85054K->85054K(1126400K)
[2019-04-15T13:45:47.578+0200][229,737s] GC(290) Pause Young (Allocation Failure) 275M->198M(490M) 22,302ms
[2019-04-15T13:45:47.578+0200][229,737s] GC(290) User=0,09s Sys=0,00s Real=0,02s
[2019-04-15T13:45:47.686+0200][229,845s] GC(291) Pause Young (Allocation Failure)
[2019-04-15T13:45:47.686+0200][229,845s] GC(291) Using 4 workers of 4 for evacuation
[2019-04-15T13:45:47.707+0200][229,866s] GC(291) ParNew: 109248K->21824K(109248K)
[2019-04-15T13:45:47.707+0200][229,866s] GC(291) CMS: 181275K->189945K(393216K)
[2019-04-15T13:45:47.707+0200][229,866s] GC(291) Metaspace: 85055K->85055K(1126400K)
[2019-04-15T13:45:47.707+0200][229,866s] GC(291) Pause Young (Allocation Failure) 283M->206M(490M) 20,981ms
[2019-04-15T13:45:47.707+0200][229,866s] GC(291) User=0,07s Sys=0,00s Real=0,02s
[2019-04-15T13:45:47.788+0200][229,946s] GC(292) Pause Young (Allocation Failure)
[2019-04-15T13:45:47.788+0200][229,946s] GC(292) Using 4 workers of 4 for evacuation
[2019-04-15T13:45:47.807+0200][229,966s] GC(292) ParNew: 109248K->21824K(109248K)
[2019-04-15T13:45:47.807+0200][229,966s] GC(292) CMS: 189945K->198839K(393216K)
[2019-04-15T13:45:47.807+0200][229,966s] GC(292) Metaspace: 85056K->85056K(1126400K)
[2019-04-15T13:45:47.807+0200][229,966s] GC(292) Pause Young (Allocation Failure) 292M->215M(490M) 19,289ms
[2019-04-15T13:45:47.807+0200][229,966s] GC(292) User=0,07s Sys=0,00s Real=0,02s
[2019-04-15T13:45:47.807+0200][229,966s] GC(293) Pause Initial Mark
[2019-04-15T13:45:47.810+0200][229,969s] GC(293) Pause Initial Mark 217M->217M(490M) 3,121ms
[2019-04-15T13:45:47.810+0200][229,969s] GC(293) User=0,01s Sys=0,00s Real=0,00s
[2019-04-15T13:45:47.810+0200][229,969s] GC(293) Concurrent Mark
[2019-04-15T13:45:47.810+0200][229,969s] GC(293) Using 4 workers of 4 for marking
[2019-04-15T13:45:47.902+0200][230,061s] GC(293) Concurrent Mark 92,051ms
[2019-04-15T13:45:47.902+0200][230,061s] GC(293) User=0,31s Sys=0,01s Real=0,09s
[2019-04-15T13:45:47.902+0200][230,061s] GC(293) Concurrent Preclean
[2019-04-15T13:45:47.904+0200][230,063s] GC(293) Concurrent Preclean 1,539ms
[2019-04-15T13:45:47.904+0200][230,063s] GC(293) User=0,00s Sys=0,00s Real=0,00s
[2019-04-15T13:45:47.904+0200][230,063s] GC(293) Concurrent Abortable Preclean
[2019-04-15T13:45:47.970+0200][230,129s] GC(294) Pause Young (Allocation Failure)
[2019-04-15T13:45:47.970+0200][230,129s] GC(294) Using 4 workers of 4 for evacuation
[2019-04-15T13:45:47.985+0200][230,144s] GC(294) ParNew: 109248K->21824K(109248K)
[2019-04-15T13:45:47.985+0200][230,144s] GC(294) CMS: 198839K->213465K(393216K)
[2019-04-15T13:45:47.985+0200][230,144s] GC(294) Metaspace: 85062K->85062K(1126400K)
[2019-04-15T13:45:47.985+0200][230,144s] GC(294) Pause Young (Allocation Failure) 300M->229M(490M) 14,782ms
[2019-04-15T13:45:47.985+0200][230,144s] GC(294) User=0,05s Sys=0,00s Real=0,02s
[2019-04-15T13:45:48.101+0200][230,260s] GC(295) Pause Young (Allocation Failure)
[2019-04-15T13:45:48.101+0200][230,260s] GC(295) Using 4 workers of 4 for evacuation
[2019-04-15T13:45:48.110+0200][230,269s] GC(295) ParNew: 108964K->21824K(109248K)
[2019-04-15T13:45:48.110+0200][230,269s] GC(295) CMS: 213465K->214242K(393216K)
[2019-04-15T13:45:48.110+0200][230,269s] GC(295) Metaspace: 85064K->85064K(1126400K)
[2019-04-15T13:45:48.110+0200][230,269s] GC(295) Pause Young (Allocation Failure) 314M->230M(490M) 8,907ms
[2019-04-15T13:45:48.110+0200][230,269s] GC(295) User=0,03s Sys=0,00s Real=0,01s
[2019-04-15T13:45:48.110+0200][230,269s] GC(293) Concurrent Abortable Preclean 206,035ms
[2019-04-15T13:45:48.110+0200][230,269s] GC(293) User=0,43s Sys=0,00s Real=0,21s
[2019-04-15T13:45:48.110+0200][230,269s] GC(293) Pause Remark
[2019-04-15T13:45:48.110+0200][230,269s] GC(296) Pause Young (CMS Final Remark)
[2019-04-15T13:45:48.110+0200][230,269s] GC(296) Using 4 workers of 4 for evacuation
[2019-04-15T13:45:48.122+0200][230,281s] GC(296) ParNew: 22116K->17878K(109248K)
[2019-04-15T13:45:48.122+0200][230,281s] GC(296) CMS: 214242K->227825K(393216K)
[2019-04-15T13:45:48.122+0200][230,281s] GC(296) Metaspace: 85064K->85064K(1126400K)
[2019-04-15T13:45:48.122+0200][230,281s] GC(296) Pause Young (CMS Final Remark) 230M->239M(490M) 11,949ms
[2019-04-15T13:45:48.122+0200][230,281s] GC(296) User=0,04s Sys=0,00s Real=0,01s
[2019-04-15T13:45:48.160+0200][230,319s] GC(293) Pause Remark 230M->239M(490M) 49,955ms
[2019-04-15T13:45:48.160+0200][230,319s] GC(293) User=0,10s Sys=0,00s Real=0,05s
[2019-04-15T13:45:48.160+0200][230,319s] GC(293) Concurrent Sweep
[2019-04-15T13:45:48.211+0200][230,370s] GC(293) Concurrent Sweep 50,882ms
[2019-04-15T13:45:48.211+0200][230,370s] GC(293) User=0,13s Sys=0,00s Real=0,05s
[2019-04-15T13:45:48.211+0200][230,370s] GC(293) Concurrent Reset
[2019-04-15T13:45:48.212+0200][230,371s] GC(293) Concurrent Reset 0,541ms
[2019-04-15T13:45:48.212+0200][230,371s] GC(293) User=0,00s Sys=0,00s Real=0,00s
[2019-04-15T13:45:48.212+0200][230,371s] GC(293) Old: 198839K->173776K(393216K)
[2019-04-15T13:45:48.282+0200][230,441s] GC(297) Pause Young (Allocation Failure)
[2019-04-15T13:45:48.282+0200][230,441s] GC(297) Using 4 workers of 4 for evacuation
[2019-04-15T13:45:48.302+0200][230,461s] GC(297) ParNew: 105302K->21355K(109248K)
[2019-04-15T13:45:48.302+0200][230,461s] GC(297) CMS: 173776K->173776K(393216K)
[2019-04-15T13:45:48.302+0200][230,461s] GC(297) Metaspace: 85073K->85073K(1126400K)
[2019-04-15T13:45:48.302+0200][230,461s] GC(297) Pause Young (Allocation Failure) 272M->190M(490M) 20,043ms
[2019-04-15T13:45:48.302+0200][230,461s] GC(297) User=0,08s Sys=0,00s Real=0,02s
[2019-04-15T13:45:48.510+0200][230,669s] GC(298) Pause Young (Allocation Failure)
[2019-04-15T13:45:48.510+0200][230,669s] GC(298) Using 4 workers of 4 for evacuation
[2019-04-15T13:45:48.543+0200][230,702s] GC(298) ParNew: 108779K->21824K(109248K)
[2019-04-15T13:45:48.543+0200][230,702s] GC(298) CMS: 173776K->182549K(393216K)
[2019-04-15T13:45:48.543+0200][230,702s] GC(298) Metaspace: 85292K->85292K(1126400K)
[2019-04-15T13:45:48.543+0200][230,702s] GC(298) Pause Young (Allocation Failure) 275M->199M(490M) 32,471ms
[2019-04-15T13:45:48.543+0200][230,702s] GC(298) User=0,11s Sys=0,00s Real=0,03s
[2019-04-15T13:45:48.723+0200][230,882s] GC(299) Pause Young (Allocation Failure)
[2019-04-15T13:45:48.723+0200][230,882s] GC(299) Using 4 workers of 4 for evacuation
[2019-04-15T13:45:48.743+0200][230,902s] GC(299) ParNew: 109248K->21824K(109248K)
[2019-04-15T13:45:48.743+0200][230,902s] GC(299) CMS: 182549K->188002K(393216K)
[2019-04-15T13:45:48.743+0200][230,902s] GC(299) Metaspace: 85301K->85301K(1126400K)
[2019-04-15T13:45:48.743+0200][230,902s] GC(299) Pause Young (Allocation Failure) 284M->204M(490M) 20,141ms
[2019-04-15T13:45:48.743+0200][230,902s] GC(299) User=0,07s Sys=0,00s Real=0,02s
[2019-04-15T13:45:48.826+0200][230,985s] GC(300) Pause Young (Allocation Failure)
[2019-04-15T13:45:48.826+0200][230,985s] GC(300) Using 4 workers of 4 for evacuation
[2019-04-15T13:45:48.850+0200][231,009s] GC(300) ParNew: 109248K->21824K(109248K)
[2019-04-15T13:45:48.850+0200][231,009s] GC(300) CMS: 188002K->199756K(393216K)
[2019-04-15T13:45:48.850+0200][231,009s] GC(300) Metaspace: 85302K->85302K(1126400K)
[2019-04-15T13:45:48.850+0200][231,009s] GC(300) Pause Young (Allocation Failure) 290M->216M(490M) 23,734ms
[2019-04-15T13:45:48.850+0200][231,009s] GC(300) User=0,08s Sys=0,01s Real=0,02s
[2019-04-15T13:45:48.853+0200][231,012s] GC(301) Pause Initial Mark
[2019-04-15T13:45:48.856+0200][231,015s] GC(301) Pause Initial Mark 218M->218M(490M) 3,311ms
[2019-04-15T13:45:48.856+0200][231,015s] GC(301) User=0,01s Sys=0,00s Real=0,01s
[2019-04-15T13:45:48.856+0200][231,015s] GC(301) Concurrent Mark
[2019-04-15T13:45:48.856+0200][231,015s] GC(301) Using 4 workers of 4 for marking
[2019-04-15T13:45:48.915+0200][231,074s] GC(301) Concurrent Mark 59,115ms
[2019-04-15T13:45:48.915+0200][231,074s] GC(301) User=0,23s Sys=0,00s Real=0,06s
[2019-04-15T13:45:48.915+0200][231,074s] GC(301) Concurrent Preclean
[2019-04-15T13:45:48.917+0200][231,075s] GC(301) Concurrent Preclean 1,310ms
[2019-04-15T13:45:48.917+0200][231,075s] GC(301) User=0,00s Sys=0,00s Real=0,00s
[2019-04-15T13:45:48.917+0200][231,075s] GC(301) Concurrent Abortable Preclean
[2019-04-15T13:45:48.981+0200][231,140s] GC(302) Pause Young (Allocation Failure)
[2019-04-15T13:45:48.981+0200][231,140s] GC(302) Using 4 workers of 4 for evacuation
[2019-04-15T13:45:49.003+0200][231,162s] GC(302) ParNew: 109248K->21824K(109248K)
[2019-04-15T13:45:49.003+0200][231,162s] GC(302) CMS: 199756K->208701K(393216K)
[2019-04-15T13:45:49.003+0200][231,162s] GC(302) Metaspace: 85302K->85302K(1126400K)
[2019-04-15T13:45:49.003+0200][231,162s] GC(302) Pause Young (Allocation Failure) 301M->225M(490M) 22,337ms
[2019-04-15T13:45:49.003+0200][231,162s] GC(302) User=0,08s Sys=0,00s Real=0,02s
[2019-04-15T13:45:49.090+0200][231,249s] GC(301) Concurrent Abortable Preclean 173,082ms
[2019-04-15T13:45:49.090+0200][231,249s] GC(301) User=0,60s Sys=0,00s Real=0,17s
[2019-04-15T13:45:49.090+0200][231,249s] GC(301) Pause Remark
[2019-04-15T13:45:49.090+0200][231,249s] GC(303) Pause Young (CMS Final Remark)
[2019-04-15T13:45:49.090+0200][231,249s] GC(303) Using 4 workers of 4 for evacuation
[2019-04-15T13:45:49.110+0200][231,269s] GC(303) ParNew: 76193K->21824K(109248K)
[2019-04-15T13:45:49.110+0200][231,269s] GC(303) CMS: 208701K->212696K(393216K)
[2019-04-15T13:45:49.110+0200][231,269s] GC(303) Metaspace: 85302K->85302K(1126400K)
[2019-04-15T13:45:49.110+0200][231,269s] GC(303) Pause Young (CMS Final Remark) 278M->229M(490M) 19,832ms
[2019-04-15T13:45:49.110+0200][231,269s] GC(303) User=0,07s Sys=0,00s Real=0,02s
[2019-04-15T13:45:49.153+0200][231,312s] GC(301) Pause Remark 278M->229M(490M) 62,860ms
[2019-04-15T13:45:49.153+0200][231,312s] GC(301) User=0,17s Sys=0,00s Real=0,06s
[2019-04-15T13:45:49.153+0200][231,312s] GC(301) Concurrent Sweep
[2019-04-15T13:45:49.215+0200][231,374s] GC(301) Concurrent Sweep 61,876ms
[2019-04-15T13:45:49.215+0200][231,374s] GC(301) User=0,12s Sys=0,00s Real=0,07s
[2019-04-15T13:45:49.215+0200][231,374s] GC(301) Concurrent Reset
[2019-04-15T13:45:49.215+0200][231,374s] GC(301) Concurrent Reset 0,532ms
[2019-04-15T13:45:49.215+0200][231,374s] GC(301) User=0,00s Sys=0,00s Real=0,00s
[2019-04-15T13:45:49.215+0200][231,374s] GC(301) Old: 199756K->167657K(393216K)
[2019-04-15T13:45:49.283+0200][231,442s] GC(304) Pause Young (Allocation Failure)
[2019-04-15T13:45:49.284+0200][231,442s] GC(304) Using 4 workers of 4 for evacuation
[2019-04-15T13:45:49.297+0200][231,456s] GC(304) ParNew: 109248K->21824K(109248K)
[2019-04-15T13:45:49.297+0200][231,456s] GC(304) CMS: 167657K->171374K(393216K)
[2019-04-15T13:45:49.297+0200][231,456s] GC(304) Metaspace: 85337K->85337K(1128448K)
[2019-04-15T13:45:49.297+0200][231,456s] GC(304) Pause Young (Allocation Failure) 270M->188M(490M) 13,392ms
[2019-04-15T13:45:49.297+0200][231,456s] GC(304) User=0,04s Sys=0,00s Real=0,02s
[2019-04-15T13:45:49.427+0200][231,586s] GC(305) Pause Young (Allocation Failure)
[2019-04-15T13:45:49.427+0200][231,586s] GC(305) Using 4 workers of 4 for evacuation
[2019-04-15T13:45:49.448+0200][231,607s] GC(305) ParNew: 109248K->21824K(109248K)
[2019-04-15T13:45:49.448+0200][231,607s] GC(305) CMS: 171374K->178158K(393216K)
[2019-04-15T13:45:49.448+0200][231,607s] GC(305) Metaspace: 85343K->85343K(1128448K)
[2019-04-15T13:45:49.448+0200][231,607s] GC(305) Pause Young (Allocation Failure) 274M->195M(490M) 20,527ms
[2019-04-15T13:45:49.448+0200][231,607s] GC(305) User=0,07s Sys=0,00s Real=0,02s
[2019-04-15T13:45:49.579+0200][231,738s] GC(306) Pause Young (Allocation Failure)
[2019-04-15T13:45:49.579+0200][231,738s] GC(306) Using 4 workers of 4 for evacuation
[2019-04-15T13:45:49.598+0200][231,757s] GC(306) ParNew: 109248K->21824K(109248K)
[2019-04-15T13:45:49.598+0200][231,757s] GC(306) CMS: 178158K->190243K(393216K)
[2019-04-15T13:45:49.598+0200][231,757s] GC(306) Metaspace: 85347K->85347K(1128448K)
[2019-04-15T13:45:49.598+0200][231,757s] GC(306) Pause Young (Allocation Failure) 280M->207M(490M) 19,090ms
[2019-04-15T13:45:49.598+0200][231,757s] GC(306) User=0,07s Sys=0,00s Real=0,02s
[2019-04-15T13:45:49.709+0200][231,868s] GC(307) Pause Young (Allocation Failure)
[2019-04-15T13:45:49.709+0200][231,868s] GC(307) Using 4 workers of 4 for evacuation
[2019-04-15T13:45:49.748+0200][231,907s] GC(307) ParNew: 109248K->21824K(109248K)
[2019-04-15T13:45:49.748+0200][231,907s] GC(307) CMS: 190243K->199288K(393216K)
[2019-04-15T13:45:49.748+0200][231,907s] GC(307) Metaspace: 85347K->85347K(1128448K)
[2019-04-15T13:45:49.748+0200][231,907s] GC(307) Pause Young (Allocation Failure) 292M->215M(490M) 38,762ms
[2019-04-15T13:45:49.748+0200][231,907s] GC(307) User=0,15s Sys=0,00s Real=0,04s
[2019-04-15T13:45:49.749+0200][231,908s] GC(308) Pause Initial Mark
[2019-04-15T13:45:49.754+0200][231,913s] GC(308) Pause Initial Mark 217M->217M(490M) 5,094ms
[2019-04-15T13:45:49.754+0200][231,913s] GC(308) User=0,02s Sys=0,00s Real=0,01s
[2019-04-15T13:45:49.754+0200][231,913s] GC(308) Concurrent Mark
[2019-04-15T13:45:49.754+0200][231,913s] GC(308) Using 4 workers of 4 for marking
[2019-04-15T13:45:49.841+0200][232,000s] GC(308) Concurrent Mark 86,739ms
[2019-04-15T13:45:49.841+0200][232,000s] GC(308) User=0,33s Sys=0,00s Real=0,08s
[2019-04-15T13:45:49.841+0200][232,000s] GC(308) Concurrent Preclean
[2019-04-15T13:45:49.843+0200][232,001s] GC(308) Concurrent Preclean 1,532ms
[2019-04-15T13:45:49.843+0200][232,002s] GC(308) User=0,00s Sys=0,00s Real=0,00s
[2019-04-15T13:45:49.843+0200][232,002s] GC(308) Concurrent Abortable Preclean
[2019-04-15T13:45:50.017+0200][232,176s] GC(309) Pause Young (Allocation Failure)
[2019-04-15T13:45:50.017+0200][232,176s] GC(309) Using 4 workers of 4 for evacuation
[2019-04-15T13:45:50.061+0200][232,220s] GC(309) ParNew: 109248K->21824K(109248K)
[2019-04-15T13:45:50.061+0200][232,220s] GC(309) CMS: 199288K->213657K(393216K)
[2019-04-15T13:45:50.061+0200][232,220s] GC(309) Metaspace: 85380K->85380K(1128448K)
[2019-04-15T13:45:50.061+0200][232,220s] GC(309) Pause Young (Allocation Failure) 301M->229M(490M) 44,157ms
[2019-04-15T13:45:50.061+0200][232,220s] GC(309) User=0,12s Sys=0,00s Real=0,04s
[2019-04-15T13:45:50.232+0200][232,391s] GC(310) Pause Young (Allocation Failure)
[2019-04-15T13:45:50.232+0200][232,391s] GC(310) Using 4 workers of 4 for evacuation
[2019-04-15T13:45:50.265+0200][232,424s] GC(310) ParNew: 109248K->21824K(109248K)
[2019-04-15T13:45:50.265+0200][232,424s] GC(310) CMS: 213657K->231940K(393216K)
[2019-04-15T13:45:50.265+0200][232,424s] GC(310) Metaspace: 85380K->85380K(1128448K)
[2019-04-15T13:45:50.265+0200][232,424s] GC(310) Pause Young (Allocation Failure) 315M->247M(490M) 33,389ms
[2019-04-15T13:45:50.265+0200][232,424s] GC(310) User=0,13s Sys=0,00s Real=0,04s
[2019-04-15T13:45:50.278+0200][232,437s] GC(308) Concurrent Abortable Preclean 435,062ms
[2019-04-15T13:45:50.278+0200][232,437s] GC(308) User=1,25s Sys=0,04s Real=0,44s
[2019-04-15T13:45:50.278+0200][232,437s] GC(308) Pause Remark
[2019-04-15T13:45:50.278+0200][232,437s] GC(311) Pause Young (CMS Final Remark)
[2019-04-15T13:45:50.278+0200][232,437s] GC(311) Using 4 workers of 4 for evacuation
[2019-04-15T13:45:50.300+0200][232,459s] GC(311) ParNew: 33393K->21824K(109248K)
[2019-04-15T13:45:50.300+0200][232,459s] GC(311) CMS: 231940K->237845K(393216K)
[2019-04-15T13:45:50.300+0200][232,459s] GC(311) Metaspace: 85380K->85380K(1128448K)
[2019-04-15T13:45:50.300+0200][232,459s] GC(311) Pause Young (CMS Final Remark) 259M->253M(490M) 22,531ms
[2019-04-15T13:45:50.300+0200][232,459s] GC(311) User=0,08s Sys=0,00s Real=0,02s
[2019-04-15T13:45:50.342+0200][232,501s] GC(308) Pause Remark 259M->253M(490M) 64,438ms
[2019-04-15T13:45:50.342+0200][232,501s] GC(308) User=0,16s Sys=0,00s Real=0,06s
[2019-04-15T13:45:50.342+0200][232,501s] GC(308) Concurrent Sweep
[2019-04-15T13:45:50.390+0200][232,549s] GC(308) Concurrent Sweep 47,565ms
[2019-04-15T13:45:50.390+0200][232,549s] GC(308) User=0,11s Sys=0,01s Real=0,05s
[2019-04-15T13:45:50.390+0200][232,549s] GC(308) Concurrent Reset
[2019-04-15T13:45:50.391+0200][232,550s] GC(308) Concurrent Reset 0,583ms
[2019-04-15T13:45:50.391+0200][232,550s] GC(308) User=0,00s Sys=0,00s Real=0,00s
[2019-04-15T13:45:50.391+0200][232,550s] GC(308) Old: 199288K->187017K(393216K)
[2019-04-15T13:45:50.416+0200][232,575s] GC(312) Pause Young (Allocation Failure)
[2019-04-15T13:45:50.416+0200][232,575s] GC(312) Using 4 workers of 4 for evacuation
[2019-04-15T13:45:50.437+0200][232,596s] GC(312) ParNew: 109248K->21824K(109248K)
[2019-04-15T13:45:50.437+0200][232,596s] GC(312) CMS: 187017K->203197K(393216K)
[2019-04-15T13:45:50.437+0200][232,596s] GC(312) Metaspace: 85381K->85381K(1128448K)
[2019-04-15T13:45:50.438+0200][232,596s] GC(312) Pause Young (Allocation Failure) 289M->219M(490M) 21,779ms
[2019-04-15T13:45:50.438+0200][232,596s] GC(312) User=0,08s Sys=0,00s Real=0,02s
[2019-04-15T13:45:50.438+0200][232,597s] GC(313) Pause Initial Mark
[2019-04-15T13:45:50.440+0200][232,599s] GC(313) Pause Initial Mark 220M->220M(490M) 2,719ms
[2019-04-15T13:45:50.440+0200][232,599s] GC(313) User=0,01s Sys=0,00s Real=0,00s
[2019-04-15T13:45:50.440+0200][232,599s] GC(313) Concurrent Mark
[2019-04-15T13:45:50.440+0200][232,599s] GC(313) Using 4 workers of 4 for marking
[2019-04-15T13:45:50.504+0200][232,663s] GC(313) Concurrent Mark 63,190ms
[2019-04-15T13:45:50.504+0200][232,663s] GC(313) User=0,24s Sys=0,00s Real=0,06s
[2019-04-15T13:45:50.504+0200][232,663s] GC(313) Concurrent Preclean
[2019-04-15T13:45:50.505+0200][232,664s] GC(313) Concurrent Preclean 1,271ms
[2019-04-15T13:45:50.505+0200][232,664s] GC(313) User=0,00s Sys=0,00s Real=0,01s
[2019-04-15T13:45:50.505+0200][232,664s] GC(313) Concurrent Abortable Preclean
[2019-04-15T13:45:50.566+0200][232,725s] GC(314) Pause Young (Allocation Failure)
[2019-04-15T13:45:50.566+0200][232,725s] GC(314) Using 4 workers of 4 for evacuation
[2019-04-15T13:45:50.583+0200][232,741s] GC(314) ParNew: 109248K->21824K(109248K)
[2019-04-15T13:45:50.583+0200][232,741s] GC(314) CMS: 203197K->210204K(393216K)
[2019-04-15T13:45:50.583+0200][232,741s] GC(314) Metaspace: 85381K->85381K(1128448K)
[2019-04-15T13:45:50.583+0200][232,742s] GC(314) Pause Young (Allocation Failure) 305M->226M(490M) 16,620ms
[2019-04-15T13:45:50.583+0200][232,742s] GC(314) User=0,06s Sys=0,00s Real=0,01s
[2019-04-15T13:45:50.695+0200][232,854s] GC(315) Pause Young (Allocation Failure)
[2019-04-15T13:45:50.695+0200][232,854s] GC(315) Using 4 workers of 4 for evacuation
[2019-04-15T13:45:50.715+0200][232,874s] GC(315) ParNew: 109248K->21824K(109248K)
[2019-04-15T13:45:50.715+0200][232,874s] GC(315) CMS: 210204K->215403K(393216K)
[2019-04-15T13:45:50.715+0200][232,874s] GC(315) Metaspace: 85386K->85386K(1128448K)
[2019-04-15T13:45:50.715+0200][232,874s] GC(315) Pause Young (Allocation Failure) 311M->231M(490M) 20,279ms
[2019-04-15T13:45:50.715+0200][232,874s] GC(315) User=0,07s Sys=0,00s Real=0,02s
[2019-04-15T13:45:50.722+0200][232,881s] GC(313) Concurrent Abortable Preclean 216,968ms
[2019-04-15T13:45:50.722+0200][232,881s] GC(313) User=0,73s Sys=0,00s Real=0,21s
[2019-04-15T13:45:50.722+0200][232,881s] GC(313) Pause Remark
[2019-04-15T13:45:50.722+0200][232,881s] GC(316) Pause Young (CMS Final Remark)
[2019-04-15T13:45:50.722+0200][232,881s] GC(316) Using 4 workers of 4 for evacuation
[2019-04-15T13:45:50.747+0200][232,906s] GC(316) ParNew: 27955K->21824K(109248K)
[2019-04-15T13:45:50.747+0200][232,906s] GC(316) CMS: 215403K->215724K(393216K)
[2019-04-15T13:45:50.747+0200][232,906s] GC(316) Metaspace: 85386K->85386K(1128448K)
[2019-04-15T13:45:50.747+0200][232,906s] GC(316) Pause Young (CMS Final Remark) 237M->231M(490M) 24,719ms
[2019-04-15T13:45:50.747+0200][232,906s] GC(316) User=0,08s Sys=0,00s Real=0,03s
[2019-04-15T13:45:50.792+0200][232,951s] GC(313) Pause Remark 237M->231M(490M) 69,970ms
[2019-04-15T13:45:50.792+0200][232,951s] GC(313) User=0,19s Sys=0,00s Real=0,07s
[2019-04-15T13:45:50.792+0200][232,951s] GC(313) Concurrent Sweep
[2019-04-15T13:45:50.847+0200][233,006s] GC(313) Concurrent Sweep 54,468ms
[2019-04-15T13:45:50.847+0200][233,006s] GC(313) User=0,15s Sys=0,01s Real=0,06s
[2019-04-15T13:45:50.847+0200][233,006s] GC(313) Concurrent Reset
[2019-04-15T13:45:50.847+0200][233,006s] GC(313) Concurrent Reset 0,366ms
[2019-04-15T13:45:50.847+0200][233,006s] GC(313) User=0,00s Sys=0,00s Real=0,00s
[2019-04-15T13:45:50.847+0200][233,006s] GC(313) Old: 203197K->178789K(393216K)
[2019-04-15T13:45:50.875+0200][233,034s] GC(317) Pause Young (Allocation Failure)
[2019-04-15T13:45:50.875+0200][233,034s] GC(317) Using 4 workers of 4 for evacuation
[2019-04-15T13:45:50.890+0200][233,049s] GC(317) ParNew: 109248K->21824K(109248K)
[2019-04-15T13:45:50.890+0200][233,049s] GC(317) CMS: 178789K->179550K(393216K)
[2019-04-15T13:45:50.890+0200][233,049s] GC(317) Metaspace: 85386K->85386K(1128448K)
[2019-04-15T13:45:50.890+0200][233,049s] GC(317) Pause Young (Allocation Failure) 281M->196M(490M) 15,125ms
[2019-04-15T13:45:50.890+0200][233,049s] GC(317) User=0,05s Sys=0,00s Real=0,01s
[2019-04-15T13:45:50.956+0200][233,115s] GC(318) Pause Young (Allocation Failure)
[2019-04-15T13:45:50.956+0200][233,115s] GC(318) Using 4 workers of 4 for evacuation
[2019-04-15T13:45:50.974+0200][233,133s] GC(318) ParNew: 109248K->21824K(109248K)
[2019-04-15T13:45:50.974+0200][233,133s] GC(318) CMS: 179550K->183715K(393216K)
[2019-04-15T13:45:50.974+0200][233,133s] GC(318) Metaspace: 85386K->85386K(1128448K)
[2019-04-15T13:45:50.974+0200][233,133s] GC(318) Pause Young (Allocation Failure) 282M->200M(490M) 17,562ms
[2019-04-15T13:45:50.974+0200][233,133s] GC(318) User=0,06s Sys=0,00s Real=0,02s
[2019-04-15T13:45:51.051+0200][233,210s] GC(319) Pause Young (Allocation Failure)
[2019-04-15T13:45:51.051+0200][233,210s] GC(319) Using 4 workers of 4 for evacuation
[2019-04-15T13:45:51.074+0200][233,232s] GC(319) ParNew: 109248K->21824K(109248K)
[2019-04-15T13:45:51.074+0200][233,232s] GC(319) CMS: 183715K->186020K(393216K)
[2019-04-15T13:45:51.074+0200][233,232s] GC(319) Metaspace: 85386K->85386K(1128448K)
[2019-04-15T13:45:51.074+0200][233,233s] GC(319) Pause Young (Allocation Failure) 286M->202M(490M) 22,694ms
[2019-04-15T13:45:51.074+0200][233,233s] GC(319) User=0,08s Sys=0,00s Real=0,03s
[2019-04-15T13:45:51.139+0200][233,298s] GC(320) Pause Young (Allocation Failure)
[2019-04-15T13:45:51.139+0200][233,298s] GC(320) Using 4 workers of 4 for evacuation
[2019-04-15T13:45:51.162+0200][233,321s] GC(320) ParNew: 109248K->21824K(109248K)
[2019-04-15T13:45:51.162+0200][233,321s] GC(320) CMS: 186020K->189994K(393216K)
[2019-04-15T13:45:51.162+0200][233,321s] GC(320) Metaspace: 85386K->85386K(1128448K)
[2019-04-15T13:45:51.162+0200][233,321s] GC(320) Pause Young (Allocation Failure) 288M->206M(490M) 23,391ms
[2019-04-15T13:45:51.162+0200][233,321s] GC(320) User=0,08s Sys=0,00s Real=0,02s
[2019-04-15T13:45:51.229+0200][233,388s] GC(321) Pause Young (Allocation Failure)
[2019-04-15T13:45:51.229+0200][233,388s] GC(321) Using 4 workers of 4 for evacuation
[2019-04-15T13:45:51.245+0200][233,404s] GC(321) ParNew: 109248K->21824K(109248K)
[2019-04-15T13:45:51.245+0200][233,404s] GC(321) CMS: 189994K->194668K(393216K)
[2019-04-15T13:45:51.245+0200][233,404s] GC(321) Metaspace: 85386K->85386K(1128448K)
[2019-04-15T13:45:51.245+0200][233,404s] GC(321) Pause Young (Allocation Failure) 292M->211M(490M) 16,265ms
[2019-04-15T13:45:51.245+0200][233,404s] GC(321) User=0,05s Sys=0,00s Real=0,02s
[2019-04-15T13:45:51.305+0200][233,464s] GC(322) Pause Young (Allocation Failure)
[2019-04-15T13:45:51.305+0200][233,464s] GC(322) Using 4 workers of 4 for evacuation
[2019-04-15T13:45:51.321+0200][233,480s] GC(322) ParNew: 109248K->21824K(109248K)
[2019-04-15T13:45:51.321+0200][233,480s] GC(322) CMS: 194668K->197254K(393216K)
[2019-04-15T13:45:51.321+0200][233,480s] GC(322) Metaspace: 85386K->85386K(1128448K)
[2019-04-15T13:45:51.321+0200][233,480s] GC(322) Pause Young (Allocation Failure) 296M->213M(490M) 16,303ms
[2019-04-15T13:45:51.321+0200][233,480s] GC(322) User=0,05s Sys=0,00s Real=0,01s
[2019-04-15T13:45:51.321+0200][233,480s] GC(323) Pause Initial Mark
[2019-04-15T13:45:51.328+0200][233,487s] GC(323) Pause Initial Mark 215M->215M(490M) 6,241ms
[2019-04-15T13:45:51.328+0200][233,487s] GC(323) User=0,02s Sys=0,00s Real=0,01s
[2019-04-15T13:45:51.328+0200][233,487s] GC(323) Concurrent Mark
[2019-04-15T13:45:51.328+0200][233,487s] GC(323) Using 4 workers of 4 for marking
[2019-04-15T13:45:51.391+0200][233,550s] GC(323) Concurrent Mark 62,966ms
[2019-04-15T13:45:51.391+0200][233,550s] GC(323) User=0,25s Sys=0,00s Real=0,06s
[2019-04-15T13:45:51.391+0200][233,550s] GC(323) Concurrent Preclean
[2019-04-15T13:45:51.392+0200][233,551s] GC(323) Concurrent Preclean 0,911ms
[2019-04-15T13:45:51.392+0200][233,551s] GC(323) User=0,00s Sys=0,00s Real=0,00s
[2019-04-15T13:45:51.392+0200][233,551s] GC(323) Concurrent Abortable Preclean
[2019-04-15T13:45:51.414+0200][233,573s] GC(324) Pause Young (Allocation Failure)
[2019-04-15T13:45:51.414+0200][233,573s] GC(324) Using 4 workers of 4 for evacuation
[2019-04-15T13:45:51.430+0200][233,589s] GC(324) ParNew: 109248K->21824K(109248K)
[2019-04-15T13:45:51.430+0200][233,589s] GC(324) CMS: 197254K->199542K(393216K)
[2019-04-15T13:45:51.430+0200][233,589s] GC(324) Metaspace: 85386K->85386K(1128448K)
[2019-04-15T13:45:51.430+0200][233,589s] GC(324) Pause Young (Allocation Failure) 299M->216M(490M) 16,228ms
[2019-04-15T13:45:51.430+0200][233,589s] GC(324) User=0,06s Sys=0,00s Real=0,01s
[2019-04-15T13:45:51.491+0200][233,650s] GC(325) Pause Young (Allocation Failure)
[2019-04-15T13:45:51.491+0200][233,650s] GC(325) Using 4 workers of 4 for evacuation
[2019-04-15T13:45:51.507+0200][233,666s] GC(325) ParNew: 109248K->21824K(109248K)
[2019-04-15T13:45:51.507+0200][233,666s] GC(325) CMS: 199542K->200140K(393216K)
[2019-04-15T13:45:51.507+0200][233,666s] GC(325) Metaspace: 85386K->85386K(1128448K)
[2019-04-15T13:45:51.507+0200][233,666s] GC(325) Pause Young (Allocation Failure) 301M->216M(490M) 15,421ms
[2019-04-15T13:45:51.507+0200][233,666s] GC(325) User=0,05s Sys=0,01s Real=0,02s
[2019-04-15T13:45:51.509+0200][233,668s] GC(323) Concurrent Abortable Preclean 117,147ms
[2019-04-15T13:45:51.509+0200][233,668s] GC(323) User=0,28s Sys=0,01s Real=0,12s
[2019-04-15T13:45:51.509+0200][233,668s] GC(323) Pause Remark
[2019-04-15T13:45:51.509+0200][233,668s] GC(326) Pause Young (CMS Final Remark)
[2019-04-15T13:45:51.509+0200][233,668s] GC(326) Using 4 workers of 4 for evacuation
[2019-04-15T13:45:51.524+0200][233,683s] GC(326) ParNew: 25307K->21824K(109248K)
[2019-04-15T13:45:51.524+0200][233,683s] GC(326) CMS: 200140K->202607K(393216K)
[2019-04-15T13:45:51.524+0200][233,683s] GC(326) Metaspace: 85386K->85386K(1128448K)
[2019-04-15T13:45:51.525+0200][233,683s] GC(326) Pause Young (CMS Final Remark) 220M->219M(490M) 15,459ms
[2019-04-15T13:45:51.525+0200][233,683s] GC(326) User=0,06s Sys=0,00s Real=0,01s
[2019-04-15T13:45:51.565+0200][233,724s] GC(323) Pause Remark 220M->219M(490M) 55,549ms
[2019-04-15T13:45:51.565+0200][233,724s] GC(323) User=0,12s Sys=0,00s Real=0,05s
[2019-04-15T13:45:51.565+0200][233,724s] GC(323) Concurrent Sweep
[2019-04-15T13:45:51.630+0200][233,788s] GC(323) Concurrent Sweep 64,844ms
[2019-04-15T13:45:51.630+0200][233,788s] GC(323) User=0,13s Sys=0,00s Real=0,07s
[2019-04-15T13:45:51.630+0200][233,789s] GC(323) Concurrent Reset
[2019-04-15T13:45:51.630+0200][233,789s] GC(323) Concurrent Reset 0,360ms
[2019-04-15T13:45:51.630+0200][233,789s] GC(323) User=0,00s Sys=0,00s Real=0,00s
[2019-04-15T13:45:51.630+0200][233,789s] GC(323) Old: 197254K->177456K(393216K)
[2019-04-15T13:45:51.637+0200][233,796s] GC(327) Pause Young (Allocation Failure)
[2019-04-15T13:45:51.637+0200][233,796s] GC(327) Using 4 workers of 4 for evacuation
[2019-04-15T13:45:51.651+0200][233,810s] GC(327) ParNew: 109248K->21824K(109248K)
[2019-04-15T13:45:51.651+0200][233,810s] GC(327) CMS: 177456K->179422K(393216K)
[2019-04-15T13:45:51.651+0200][233,810s] GC(327) Metaspace: 85386K->85386K(1128448K)
[2019-04-15T13:45:51.651+0200][233,810s] GC(327) Pause Young (Allocation Failure) 279M->196M(490M) 14,304ms
[2019-04-15T13:45:51.651+0200][233,810s] GC(327) User=0,05s Sys=0,00s Real=0,01s
[2019-04-15T13:45:51.712+0200][233,871s] GC(328) Pause Young (Allocation Failure)
[2019-04-15T13:45:51.712+0200][233,871s] GC(328) Using 4 workers of 4 for evacuation
[2019-04-15T13:45:51.727+0200][233,886s] GC(328) ParNew: 109248K->21824K(109248K)
[2019-04-15T13:45:51.727+0200][233,886s] GC(328) CMS: 179422K->181589K(393216K)
[2019-04-15T13:45:51.727+0200][233,886s] GC(328) Metaspace: 85386K->85386K(1128448K)
[2019-04-15T13:45:51.727+0200][233,886s] GC(328) Pause Young (Allocation Failure) 281M->198M(490M) 14,802ms
[2019-04-15T13:45:51.727+0200][233,886s] GC(328) User=0,06s Sys=0,00s Real=0,02s
[2019-04-15T13:45:51.787+0200][233,946s] GC(329) Pause Young (Allocation Failure)
[2019-04-15T13:45:51.787+0200][233,946s] GC(329) Using 4 workers of 4 for evacuation
[2019-04-15T13:45:51.802+0200][233,961s] GC(329) ParNew: 109248K->21824K(109248K)
[2019-04-15T13:45:51.802+0200][233,961s] GC(329) CMS: 181589K->183878K(393216K)
[2019-04-15T13:45:51.802+0200][233,961s] GC(329) Metaspace: 85386K->85386K(1128448K)
[2019-04-15T13:45:51.802+0200][233,961s] GC(329) Pause Young (Allocation Failure) 284M->200M(490M) 15,310ms
[2019-04-15T13:45:51.802+0200][233,961s] GC(329) User=0,06s Sys=0,00s Real=0,01s
[2019-04-15T13:45:51.965+0200][234,123s] GC(330) Pause Young (Allocation Failure)
[2019-04-15T13:45:51.965+0200][234,124s] GC(330) Using 4 workers of 4 for evacuation
[2019-04-15T13:45:51.991+0200][234,150s] GC(330) ParNew: 109248K->21824K(109248K)
[2019-04-15T13:45:51.991+0200][234,150s] GC(330) CMS: 183878K->194696K(393216K)
[2019-04-15T13:45:51.991+0200][234,150s] GC(330) Metaspace: 85517K->85517K(1128448K)
[2019-04-15T13:45:51.991+0200][234,150s] GC(330) Pause Young (Allocation Failure) 286M->211M(490M) 26,707ms
[2019-04-15T13:45:51.991+0200][234,150s] GC(330) User=0,09s Sys=0,00s Real=0,03s
[2019-04-15T13:45:52.086+0200][234,245s] GC(331) Pause Young (Allocation Failure)
[2019-04-15T13:45:52.087+0200][234,245s] GC(331) Using 4 workers of 4 for evacuation
[2019-04-15T13:45:52.117+0200][234,276s] GC(331) ParNew: 109248K->21824K(109248K)
[2019-04-15T13:45:52.117+0200][234,276s] GC(331) CMS: 194696K->207294K(393216K)
[2019-04-15T13:45:52.117+0200][234,276s] GC(331) Metaspace: 85548K->85548K(1128448K)
[2019-04-15T13:45:52.117+0200][234,276s] GC(331) Pause Young (Allocation Failure) 296M->223M(490M) 30,554ms
[2019-04-15T13:45:52.117+0200][234,276s] GC(331) User=0,12s Sys=0,00s Real=0,03s
[2019-04-15T13:45:52.118+0200][234,277s] GC(332) Pause Initial Mark
[2019-04-15T13:45:52.123+0200][234,281s] GC(332) Pause Initial Mark 227M->227M(490M) 4,330ms
[2019-04-15T13:45:52.123+0200][234,282s] GC(332) User=0,02s Sys=0,00s Real=0,00s
[2019-04-15T13:45:52.123+0200][234,282s] GC(332) Concurrent Mark
[2019-04-15T13:45:52.123+0200][234,282s] GC(332) Using 4 workers of 4 for marking
[2019-04-15T13:45:52.208+0200][234,367s] GC(332) Concurrent Mark 85,314ms
[2019-04-15T13:45:52.208+0200][234,367s] GC(332) User=0,31s Sys=0,00s Real=0,09s
[2019-04-15T13:45:52.208+0200][234,367s] GC(332) Concurrent Preclean
[2019-04-15T13:45:52.209+0200][234,368s] GC(332) Concurrent Preclean 0,932ms
[2019-04-15T13:45:52.209+0200][234,368s] GC(332) User=0,00s Sys=0,00s Real=0,00s
[2019-04-15T13:45:52.209+0200][234,368s] GC(332) Concurrent Abortable Preclean
[2019-04-15T13:45:52.236+0200][234,395s] GC(333) Pause Young (Allocation Failure)
[2019-04-15T13:45:52.236+0200][234,395s] GC(333) Using 4 workers of 4 for evacuation
[2019-04-15T13:45:52.246+0200][234,404s] GC(333) ParNew: 109248K->18921K(109248K)
[2019-04-15T13:45:52.246+0200][234,404s] GC(333) CMS: 207294K->207294K(393216K)
[2019-04-15T13:45:52.246+0200][234,404s] GC(333) Metaspace: 85548K->85548K(1128448K)
[2019-04-15T13:45:52.246+0200][234,405s] GC(333) Pause Young (Allocation Failure) 309M->220M(490M) 9,682ms
[2019-04-15T13:45:52.246+0200][234,405s] GC(333) User=0,03s Sys=0,01s Real=0,01s
[2019-04-15T13:45:52.301+0200][234,460s] GC(334) Pause Young (Allocation Failure)
[2019-04-15T13:45:52.301+0200][234,460s] GC(334) Using 4 workers of 4 for evacuation
[2019-04-15T13:45:52.312+0200][234,471s] GC(334) ParNew: 106345K->21824K(109248K)
[2019-04-15T13:45:52.313+0200][234,471s] GC(334) CMS: 207294K->208642K(393216K)
[2019-04-15T13:45:52.313+0200][234,471s] GC(334) Metaspace: 85548K->85548K(1128448K)
[2019-04-15T13:45:52.313+0200][234,471s] GC(334) Pause Young (Allocation Failure) 306M->225M(490M) 11,823ms
[2019-04-15T13:45:52.313+0200][234,471s] GC(334) User=0,04s Sys=0,00s Real=0,01s
[2019-04-15T13:45:52.318+0200][234,477s] GC(332) Concurrent Abortable Preclean 109,367ms
[2019-04-15T13:45:52.318+0200][234,477s] GC(332) User=0,24s Sys=0,01s Real=0,11s
[2019-04-15T13:45:52.319+0200][234,477s] GC(332) Pause Remark
[2019-04-15T13:45:52.319+0200][234,477s] GC(335) Pause Young (CMS Final Remark)
[2019-04-15T13:45:52.319+0200][234,478s] GC(335) Using 4 workers of 4 for evacuation
[2019-04-15T13:45:52.328+0200][234,487s] GC(335) ParNew: 29234K->20955K(109248K)
[2019-04-15T13:45:52.328+0200][234,487s] GC(335) CMS: 208642K->208676K(393216K)
[2019-04-15T13:45:52.328+0200][234,487s] GC(335) Metaspace: 85548K->85548K(1128448K)
[2019-04-15T13:45:52.328+0200][234,487s] GC(335) Pause Young (CMS Final Remark) 232M->224M(490M) 9,425ms
[2019-04-15T13:45:52.328+0200][234,487s] GC(335) User=0,03s Sys=0,00s Real=0,01s
[2019-04-15T13:45:52.367+0200][234,526s] GC(332) Pause Remark 232M->224M(490M) 48,304ms
[2019-04-15T13:45:52.367+0200][234,526s] GC(332) User=0,09s Sys=0,00s Real=0,05s
[2019-04-15T13:45:52.367+0200][234,526s] GC(332) Concurrent Sweep
[2019-04-15T13:45:52.423+0200][234,582s] GC(332) Concurrent Sweep 56,021ms
[2019-04-15T13:45:52.423+0200][234,582s] GC(332) User=0,11s Sys=0,00s Real=0,05s
[2019-04-15T13:45:52.423+0200][234,582s] GC(332) Concurrent Reset
[2019-04-15T13:45:52.423+0200][234,582s] GC(332) Concurrent Reset 0,374ms
[2019-04-15T13:45:52.423+0200][234,582s] GC(332) User=0,00s Sys=0,00s Real=0,00s
[2019-04-15T13:45:52.423+0200][234,582s] GC(332) Old: 207294K->181266K(393216K)
[2019-04-15T13:45:52.431+0200][234,590s] GC(336) Pause Young (Allocation Failure)
[2019-04-15T13:45:52.431+0200][234,590s] GC(336) Using 4 workers of 4 for evacuation
[2019-04-15T13:45:52.440+0200][234,599s] GC(336) ParNew: 108379K->19005K(109248K)
[2019-04-15T13:45:52.440+0200][234,599s] GC(336) CMS: 181266K->182559K(393216K)
[2019-04-15T13:45:52.440+0200][234,599s] GC(336) Metaspace: 85548K->85548K(1128448K)
[2019-04-15T13:45:52.440+0200][234,599s] GC(336) Pause Young (Allocation Failure) 282M->196M(490M) 9,168ms
[2019-04-15T13:45:52.440+0200][234,599s] GC(336) User=0,03s Sys=0,00s Real=0,01s
[2019-04-15T13:45:52.496+0200][234,655s] GC(337) Pause Young (Allocation Failure)
[2019-04-15T13:45:52.496+0200][234,655s] GC(337) Using 4 workers of 4 for evacuation
[2019-04-15T13:45:52.505+0200][234,664s] GC(337) ParNew: 106429K->20024K(109248K)
[2019-04-15T13:45:52.505+0200][234,664s] GC(337) CMS: 182559K->184022K(393216K)
[2019-04-15T13:45:52.505+0200][234,664s] GC(337) Metaspace: 85548K->85548K(1128448K)
[2019-04-15T13:45:52.505+0200][234,664s] GC(337) Pause Young (Allocation Failure) 282M->199M(490M) 9,366ms
[2019-04-15T13:45:52.505+0200][234,664s] GC(337) User=0,03s Sys=0,00s Real=0,01s
[2019-04-15T13:45:52.553+0200][234,712s] GC(338) Pause Young (Allocation Failure)
[2019-04-15T13:45:52.554+0200][234,712s] GC(338) Using 4 workers of 4 for evacuation
[2019-04-15T13:45:52.562+0200][234,721s] GC(338) ParNew: 107448K->18007K(109248K)
[2019-04-15T13:45:52.562+0200][234,721s] GC(338) CMS: 184022K->185317K(393216K)
[2019-04-15T13:45:52.562+0200][234,721s] GC(338) Metaspace: 85548K->85548K(1128448K)
[2019-04-15T13:45:52.562+0200][234,721s] GC(338) Pause Young (Allocation Failure) 284M->198M(490M) 8,617ms
[2019-04-15T13:45:52.562+0200][234,721s] GC(338) User=0,03s Sys=0,00s Real=0,00s
[2019-04-15T13:45:52.627+0200][234,785s] GC(339) Pause Young (Allocation Failure)
[2019-04-15T13:45:52.627+0200][234,786s] GC(339) Using 4 workers of 4 for evacuation
[2019-04-15T13:45:52.635+0200][234,794s] GC(339) ParNew: 105431K->8137K(109248K)
[2019-04-15T13:45:52.635+0200][234,794s] GC(339) CMS: 185317K->192874K(393216K)
[2019-04-15T13:45:52.635+0200][234,794s] GC(339) Metaspace: 85548K->85548K(1128448K)
[2019-04-15T13:45:52.635+0200][234,794s] GC(339) Pause Young (Allocation Failure) 283M->196M(490M) 8,934ms
[2019-04-15T13:45:52.635+0200][234,794s] GC(339) User=0,03s Sys=0,00s Real=0,01s
[2019-04-15T13:45:52.938+0200][235,097s] GC(340) Pause Young (Allocation Failure)
[2019-04-15T13:45:52.938+0200][235,097s] GC(340) Using 4 workers of 4 for evacuation
[2019-04-15T13:45:52.960+0200][235,119s] GC(340) ParNew: 95561K->7910K(109248K)
[2019-04-15T13:45:52.960+0200][235,119s] GC(340) CMS: 192874K->193734K(393216K)
[2019-04-15T13:45:52.960+0200][235,119s] GC(340) Metaspace: 85558K->85558K(1128448K)
[2019-04-15T13:45:52.960+0200][235,119s] GC(340) Pause Young (Allocation Failure) 281M->196M(490M) 21,641ms
[2019-04-15T13:45:52.960+0200][235,119s] GC(340) User=0,08s Sys=0,00s Real=0,02s
[2019-04-15T13:45:53.170+0200][235,329s] GC(341) Pause Young (Allocation Failure)
[2019-04-15T13:45:53.170+0200][235,329s] GC(341) Using 4 workers of 4 for evacuation
[2019-04-15T13:45:53.181+0200][235,340s] GC(341) ParNew: 95334K->12573K(109248K)
[2019-04-15T13:45:53.181+0200][235,340s] GC(341) CMS: 193734K->193761K(393216K)
[2019-04-15T13:45:53.181+0200][235,340s] GC(341) Metaspace: 85563K->85563K(1128448K)
[2019-04-15T13:45:53.181+0200][235,340s] GC(341) Pause Young (Allocation Failure) 282M->201M(490M) 11,150ms
[2019-04-15T13:45:53.181+0200][235,340s] GC(341) User=0,04s Sys=0,00s Real=0,01s
[2019-04-15T13:45:53.252+0200][235,411s] GC(342) Pause Young (Allocation Failure)
[2019-04-15T13:45:53.252+0200][235,411s] GC(342) Using 4 workers of 4 for evacuation
[2019-04-15T13:45:53.260+0200][235,419s] GC(342) ParNew: 99997K->14492K(109248K)
[2019-04-15T13:45:53.260+0200][235,419s] GC(342) CMS: 193761K->193765K(393216K)
[2019-04-15T13:45:53.260+0200][235,419s] GC(342) Metaspace: 85563K->85563K(1128448K)
[2019-04-15T13:45:53.260+0200][235,419s] GC(342) Pause Young (Allocation Failure) 286M->203M(490M) 8,797ms
[2019-04-15T13:45:53.260+0200][235,419s] GC(342) User=0,03s Sys=0,00s Real=0,01s
[2019-04-15T13:45:53.322+0200][235,481s] GC(343) Pause Young (Allocation Failure)
[2019-04-15T13:45:53.323+0200][235,481s] GC(343) Using 4 workers of 4 for evacuation
[2019-04-15T13:45:53.331+0200][235,490s] GC(343) ParNew: 101916K->14417K(109248K)
[2019-04-15T13:45:53.331+0200][235,490s] GC(343) CMS: 193765K->193766K(393216K)
[2019-04-15T13:45:53.331+0200][235,490s] GC(343) Metaspace: 85563K->85563K(1128448K)
[2019-04-15T13:45:53.331+0200][235,490s] GC(343) Pause Young (Allocation Failure) 288M->203M(490M) 8,274ms
[2019-04-15T13:45:53.331+0200][235,490s] GC(343) User=0,03s Sys=0,00s Real=0,01s
[2019-04-15T13:45:53.389+0200][235,548s] GC(344) Pause Young (Allocation Failure)
[2019-04-15T13:45:53.389+0200][235,548s] GC(344) Using 4 workers of 4 for evacuation
[2019-04-15T13:45:53.397+0200][235,556s] GC(344) ParNew: 101841K->14053K(109248K)
[2019-04-15T13:45:53.398+0200][235,556s] GC(344) CMS: 193766K->193769K(393216K)
[2019-04-15T13:45:53.398+0200][235,556s] GC(344) Metaspace: 85563K->85563K(1128448K)
[2019-04-15T13:45:53.398+0200][235,556s] GC(344) Pause Young (Allocation Failure) 288M->202M(490M) 8,619ms
[2019-04-15T13:45:53.398+0200][235,556s] GC(344) User=0,02s Sys=0,00s Real=0,01s
[2019-04-15T13:45:53.460+0200][235,619s] GC(345) Pause Young (Allocation Failure)
[2019-04-15T13:45:53.460+0200][235,619s] GC(345) Using 4 workers of 4 for evacuation
[2019-04-15T13:45:53.468+0200][235,627s] GC(345) ParNew: 101477K->15872K(109248K)
[2019-04-15T13:45:53.468+0200][235,627s] GC(345) CMS: 193769K->193793K(393216K)
[2019-04-15T13:45:53.468+0200][235,627s] GC(345) Metaspace: 85563K->85563K(1128448K)
[2019-04-15T13:45:53.468+0200][235,627s] GC(345) Pause Young (Allocation Failure) 288M->204M(490M) 7,988ms
[2019-04-15T13:45:53.468+0200][235,627s] GC(345) User=0,02s Sys=0,00s Real=0,01s
[2019-04-15T13:45:53.531+0200][235,689s] GC(346) Pause Young (Allocation Failure)
[2019-04-15T13:45:53.531+0200][235,689s] GC(346) Using 4 workers of 4 for evacuation
[2019-04-15T13:45:53.538+0200][235,697s] GC(346) ParNew: 103296K->14846K(109248K)
[2019-04-15T13:45:53.538+0200][235,697s] GC(346) CMS: 193793K->194823K(393216K)
[2019-04-15T13:45:53.538+0200][235,697s] GC(346) Metaspace: 85563K->85563K(1128448K)
[2019-04-15T13:45:53.538+0200][235,697s] GC(346) Pause Young (Allocation Failure) 290M->204M(490M) 7,130ms
[2019-04-15T13:45:53.538+0200][235,697s] GC(346) User=0,02s Sys=0,00s Real=0,01s
[2019-04-15T13:45:53.601+0200][235,760s] GC(347) Pause Young (Allocation Failure)
[2019-04-15T13:45:53.601+0200][235,760s] GC(347) Using 4 workers of 4 for evacuation
[2019-04-15T13:45:53.609+0200][235,768s] GC(347) ParNew: 102270K->13774K(109248K)
[2019-04-15T13:45:53.609+0200][235,768s] GC(347) CMS: 194823K->194920K(393216K)
[2019-04-15T13:45:53.609+0200][235,768s] GC(347) Metaspace: 85563K->85563K(1128448K)
[2019-04-15T13:45:53.609+0200][235,768s] GC(347) Pause Young (Allocation Failure) 290M->203M(490M) 7,911ms
[2019-04-15T13:45:53.609+0200][235,768s] GC(347) User=0,02s Sys=0,00s Real=0,01s
[2019-04-15T13:45:53.715+0200][235,874s] GC(348) Pause Young (Allocation Failure)
[2019-04-15T13:45:53.715+0200][235,874s] GC(348) Using 4 workers of 4 for evacuation
[2019-04-15T13:45:53.724+0200][235,883s] GC(348) ParNew: 101198K->15990K(109248K)
[2019-04-15T13:45:53.724+0200][235,883s] GC(348) CMS: 194920K->197620K(393216K)
[2019-04-15T13:45:53.724+0200][235,883s] GC(348) Metaspace: 85564K->85564K(1128448K)
[2019-04-15T13:45:53.724+0200][235,883s] GC(348) Pause Young (Allocation Failure) 289M->208M(490M) 9,251ms
[2019-04-15T13:45:53.724+0200][235,883s] GC(348) User=0,02s Sys=0,00s Real=0,00s
[2019-04-15T13:45:53.725+0200][235,884s] GC(349) Pause Initial Mark
[2019-04-15T13:45:53.728+0200][235,886s] GC(349) Pause Initial Mark 210M->210M(490M) 2,113ms
[2019-04-15T13:45:53.728+0200][235,887s] GC(349) User=0,00s Sys=0,00s Real=0,00s
[2019-04-15T13:45:53.728+0200][235,887s] GC(349) Concurrent Mark
[2019-04-15T13:45:53.728+0200][235,887s] GC(349) Using 4 workers of 4 for marking
[2019-04-15T13:45:53.779+0200][235,938s] GC(349) Concurrent Mark 51,567ms
[2019-04-15T13:45:53.779+0200][235,938s] GC(349) User=0,19s Sys=0,00s Real=0,05s
[2019-04-15T13:45:53.779+0200][235,938s] GC(349) Concurrent Preclean
[2019-04-15T13:45:53.781+0200][235,940s] GC(349) Concurrent Preclean 1,325ms
[2019-04-15T13:45:53.781+0200][235,940s] GC(349) User=0,00s Sys=0,00s Real=0,00s
[2019-04-15T13:45:53.781+0200][235,940s] GC(349) Concurrent Abortable Preclean
[2019-04-15T13:45:54.125+0200][236,284s] GC(350) Pause Young (Allocation Failure)
[2019-04-15T13:45:54.125+0200][236,284s] GC(350) Using 4 workers of 4 for evacuation
[2019-04-15T13:45:54.138+0200][236,297s] GC(350) ParNew: 103414K->21387K(109248K)
[2019-04-15T13:45:54.138+0200][236,297s] GC(350) CMS: 197620K->199796K(393216K)
[2019-04-15T13:45:54.138+0200][236,297s] GC(350) Metaspace: 85580K->85580K(1128448K)
[2019-04-15T13:45:54.138+0200][236,297s] GC(350) Pause Young (Allocation Failure) 293M->215M(490M) 12,311ms
[2019-04-15T13:45:54.138+0200][236,297s] GC(350) User=0,03s Sys=0,00s Real=0,01s
[2019-04-15T13:45:54.402+0200][236,561s] GC(351) Pause Young (Allocation Failure)
[2019-04-15T13:45:54.402+0200][236,561s] GC(351) Using 4 workers of 4 for evacuation
[2019-04-15T13:45:54.429+0200][236,588s] GC(351) ParNew: 108811K->21824K(109248K)
[2019-04-15T13:45:54.429+0200][236,588s] GC(351) CMS: 199796K->271929K(393216K)
[2019-04-15T13:45:54.429+0200][236,588s] GC(351) Metaspace: 85580K->85580K(1128448K)
[2019-04-15T13:45:54.429+0200][236,588s] GC(351) Pause Young (Allocation Failure) 301M->286M(490M) 27,122ms
[2019-04-15T13:45:54.429+0200][236,588s] GC(351) User=0,07s Sys=0,01s Real=0,03s
[2019-04-15T13:45:54.500+0200][236,659s] GC(352) Pause Young (Allocation Failure)
[2019-04-15T13:45:54.500+0200][236,659s] GC(352) Using 4 workers of 4 for evacuation
[2019-04-15T13:45:54.509+0200][236,668s] GC(352) ParNew: 109248K->20029K(109248K)
[2019-04-15T13:45:54.509+0200][236,668s] GC(352) CMS: 271929K->287626K(393216K)
[2019-04-15T13:45:54.509+0200][236,668s] GC(352) Metaspace: 85581K->85581K(1128448K)
[2019-04-15T13:45:54.509+0200][236,668s] GC(352) Pause Young (Allocation Failure) 372M->300M(490M) 8,773ms
[2019-04-15T13:45:54.509+0200][236,668s] GC(352) User=0,03s Sys=0,00s Real=0,01s
[2019-04-15T13:45:54.509+0200][236,668s] GC(349) Concurrent Abortable Preclean 728,165ms
[2019-04-15T13:45:54.509+0200][236,668s] GC(349) User=1,37s Sys=0,22s Real=0,73s
[2019-04-15T13:45:54.509+0200][236,668s] GC(349) Pause Remark
[2019-04-15T13:45:54.509+0200][236,668s] GC(353) Pause Young (CMS Final Remark)
[2019-04-15T13:45:54.509+0200][236,668s] GC(353) Using 4 workers of 4 for evacuation
[2019-04-15T13:45:54.513+0200][236,672s] GC(353) ParNew: 20754K->10719K(109248K)
[2019-04-15T13:45:54.513+0200][236,672s] GC(353) CMS: 287626K->287626K(393216K)
[2019-04-15T13:45:54.513+0200][236,672s] GC(353) Metaspace: 85581K->85581K(1128448K)
[2019-04-15T13:45:54.513+0200][236,672s] GC(353) Pause Young (CMS Final Remark) 301M->291M(490M) 3,762ms
[2019-04-15T13:45:54.513+0200][236,672s] GC(353) User=0,01s Sys=0,00s Real=0,00s
[2019-04-15T13:45:54.549+0200][236,708s] GC(349) Pause Remark 301M->291M(490M) 40,287ms
[2019-04-15T13:45:54.549+0200][236,708s] GC(349) User=0,07s Sys=0,00s Real=0,04s
[2019-04-15T13:45:54.549+0200][236,708s] GC(349) Concurrent Sweep
[2019-04-15T13:45:54.675+0200][236,834s] GC(349) Concurrent Sweep 125,780ms
[2019-04-15T13:45:54.675+0200][236,834s] GC(349) User=0,28s Sys=0,00s Real=0,13s
[2019-04-15T13:45:54.675+0200][236,834s] GC(349) Concurrent Reset
[2019-04-15T13:45:54.676+0200][236,835s] GC(349) Concurrent Reset 0,412ms
[2019-04-15T13:45:54.676+0200][236,835s] GC(349) User=0,00s Sys=0,00s Real=0,00s
[2019-04-15T13:45:54.676+0200][236,835s] GC(349) Old: 197620K->212061K(393216K)
[2019-04-15T13:45:54.676+0200][236,835s] GC(354) Pause Young (Allocation Failure)
[2019-04-15T13:45:54.676+0200][236,835s] GC(354) Using 4 workers of 4 for evacuation
[2019-04-15T13:45:54.684+0200][236,843s] GC(354) ParNew: 98143K->13383K(109248K)
[2019-04-15T13:45:54.684+0200][236,843s] GC(354) CMS: 212061K->212061K(393216K)
[2019-04-15T13:45:54.684+0200][236,843s] GC(354) Metaspace: 85582K->85582K(1128448K)
[2019-04-15T13:45:54.684+0200][236,843s] GC(354) Pause Young (Allocation Failure) 302M->220M(490M) 7,697ms
[2019-04-15T13:45:54.684+0200][236,843s] GC(354) User=0,03s Sys=0,00s Real=0,00s
[2019-04-15T13:45:54.684+0200][236,843s] GC(355) Pause Initial Mark
[2019-04-15T13:45:54.686+0200][236,845s] GC(355) Pause Initial Mark 220M->220M(490M) 1,896ms
[2019-04-15T13:45:54.686+0200][236,845s] GC(355) User=0,01s Sys=0,00s Real=0,01s
[2019-04-15T13:45:54.686+0200][236,845s] GC(355) Concurrent Mark
[2019-04-15T13:45:54.686+0200][236,845s] GC(355) Using 4 workers of 4 for marking
[2019-04-15T13:45:54.737+0200][236,896s] GC(355) Concurrent Mark 50,938ms
[2019-04-15T13:45:54.737+0200][236,896s] GC(355) User=0,19s Sys=0,00s Real=0,05s
[2019-04-15T13:45:54.737+0200][236,896s] GC(355) Concurrent Preclean
[2019-04-15T13:45:54.738+0200][236,897s] GC(355) Concurrent Preclean 1,091ms
[2019-04-15T13:45:54.738+0200][236,897s] GC(355) User=0,00s Sys=0,00s Real=0,00s
[2019-04-15T13:45:54.738+0200][236,897s] GC(355) Concurrent Abortable Preclean
[2019-04-15T13:45:54.842+0200][237,001s] GC(356) Pause Young (Allocation Failure)
[2019-04-15T13:45:54.842+0200][237,001s] GC(356) Using 4 workers of 4 for evacuation
[2019-04-15T13:45:54.852+0200][237,011s] GC(356) ParNew: 100807K->11297K(109248K)
[2019-04-15T13:45:54.853+0200][237,011s] GC(356) CMS: 212061K->212061K(393216K)
[2019-04-15T13:45:54.853+0200][237,011s] GC(356) Metaspace: 85593K->85593K(1128448K)
[2019-04-15T13:45:54.853+0200][237,011s] GC(356) Pause Young (Allocation Failure) 305M->218M(490M) 10,898ms
[2019-04-15T13:45:54.853+0200][237,012s] GC(356) User=0,03s Sys=0,00s Real=0,01s
[2019-04-15T13:45:54.984+0200][237,143s] GC(355) Concurrent Abortable Preclean 246,006ms
[2019-04-15T13:45:54.984+0200][237,143s] GC(355) User=0,52s Sys=0,03s Real=0,24s
[2019-04-15T13:45:54.984+0200][237,143s] GC(355) Pause Remark
[2019-04-15T13:45:54.984+0200][237,143s] GC(357) Pause Young (CMS Final Remark)
[2019-04-15T13:45:54.984+0200][237,143s] GC(357) Using 4 workers of 4 for evacuation
[2019-04-15T13:45:54.992+0200][237,151s] GC(357) ParNew: 91228K->15991K(109248K)
[2019-04-15T13:45:54.992+0200][237,151s] GC(357) CMS: 212061K->212061K(393216K)
[2019-04-15T13:45:54.992+0200][237,151s] GC(357) Metaspace: 85594K->85594K(1128448K)
[2019-04-15T13:45:54.992+0200][237,151s] GC(357) Pause Young (CMS Final Remark) 296M->222M(490M) 7,806ms
[2019-04-15T13:45:54.992+0200][237,151s] GC(357) User=0,03s Sys=0,00s Real=0,01s
[2019-04-15T13:45:55.036+0200][237,195s] GC(355) Pause Remark 296M->222M(490M) 51,900ms
[2019-04-15T13:45:55.036+0200][237,195s] GC(355) User=0,08s Sys=0,00s Real=0,06s
[2019-04-15T13:45:55.036+0200][237,195s] GC(355) Concurrent Sweep
[2019-04-15T13:45:55.194+0200][237,353s] GC(355) Concurrent Sweep 157,978ms
[2019-04-15T13:45:55.194+0200][237,353s] GC(355) User=0,48s Sys=0,00s Real=0,16s
[2019-04-15T13:45:55.194+0200][237,353s] GC(355) Concurrent Reset
[2019-04-15T13:45:55.195+0200][237,354s] GC(355) Concurrent Reset 0,455ms
[2019-04-15T13:45:55.195+0200][237,354s] GC(355) User=0,01s Sys=0,00s Real=0,00s
[2019-04-15T13:45:55.195+0200][237,354s] GC(355) Old: 212061K->169618K(393216K)
[2019-04-15T13:45:55.432+0200][237,590s] GC(358) Pause Young (Allocation Failure)
[2019-04-15T13:45:55.432+0200][237,591s] GC(358) Using 4 workers of 4 for evacuation
[2019-04-15T13:45:55.438+0200][237,597s] GC(358) ParNew: 103415K->16545K(109248K)
[2019-04-15T13:45:55.438+0200][237,597s] GC(358) CMS: 169618K->169618K(393216K)
[2019-04-15T13:45:55.438+0200][237,597s] GC(358) Metaspace: 85460K->85460K(1128448K)
[2019-04-15T13:45:55.438+0200][237,597s] GC(358) Pause Young (Allocation Failure) 266M->181M(490M) 6,152ms
[2019-04-15T13:45:55.438+0200][237,597s] GC(358) User=0,03s Sys=0,00s Real=0,01s
[2019-04-15T13:45:55.586+0200][237,745s] GC(359) Pause Young (Allocation Failure)
[2019-04-15T13:45:55.586+0200][237,745s] GC(359) Using 4 workers of 4 for evacuation
[2019-04-15T13:45:55.609+0200][237,767s] GC(359) ParNew: 103969K->11195K(109248K)
[2019-04-15T13:45:55.609+0200][237,768s] GC(359) CMS: 169618K->169618K(393216K)
[2019-04-15T13:45:55.609+0200][237,768s] GC(359) Metaspace: 85463K->85463K(1128448K)
[2019-04-15T13:45:55.609+0200][237,768s] GC(359) Pause Young (Allocation Failure) 267M->176M(490M) 22,899ms
[2019-04-15T13:45:55.609+0200][237,768s] GC(359) User=0,08s Sys=0,00s Real=0,02s
[2019-04-15T13:45:55.710+0200][237,869s] GC(360) Pause Young (Allocation Failure)
[2019-04-15T13:45:55.710+0200][237,869s] GC(360) Using 4 workers of 4 for evacuation
[2019-04-15T13:45:55.722+0200][237,881s] GC(360) ParNew: 98619K->12532K(109248K)
[2019-04-15T13:45:55.722+0200][237,881s] GC(360) CMS: 169618K->173537K(393216K)
[2019-04-15T13:45:55.722+0200][237,881s] GC(360) Metaspace: 85463K->85463K(1128448K)
[2019-04-15T13:45:55.722+0200][237,881s] GC(360) Pause Young (Allocation Failure) 261M->181M(490M) 11,424ms
[2019-04-15T13:45:55.722+0200][237,881s] GC(360) User=0,03s Sys=0,00s Real=0,01s
[2019-04-15T13:45:55.813+0200][237,972s] GC(361) Pause Young (Allocation Failure)
[2019-04-15T13:45:55.813+0200][237,972s] GC(361) Using 4 workers of 4 for evacuation
[2019-04-15T13:45:55.819+0200][237,978s] GC(361) ParNew: 99956K->8669K(109248K)
[2019-04-15T13:45:55.819+0200][237,978s] GC(361) CMS: 173537K->173714K(393216K)
[2019-04-15T13:45:55.819+0200][237,978s] GC(361) Metaspace: 85463K->85463K(1128448K)
[2019-04-15T13:45:55.819+0200][237,978s] GC(361) Pause Young (Allocation Failure) 267M->178M(490M) 5,668ms
[2019-04-15T13:45:55.819+0200][237,978s] GC(361) User=0,02s Sys=0,00s Real=0,00s
[2019-04-15T13:45:55.909+0200][238,068s] GC(362) Pause Young (Allocation Failure)
[2019-04-15T13:45:55.910+0200][238,068s] GC(362) Using 4 workers of 4 for evacuation
[2019-04-15T13:45:55.916+0200][238,075s] GC(362) ParNew: 96093K->11969K(109248K)
[2019-04-15T13:45:55.916+0200][238,075s] GC(362) CMS: 173714K->173714K(393216K)
[2019-04-15T13:45:55.916+0200][238,075s] GC(362) Metaspace: 85464K->85464K(1128448K)
[2019-04-15T13:45:55.916+0200][238,075s] GC(362) Pause Young (Allocation Failure) 263M->181M(490M) 6,963ms
[2019-04-15T13:45:55.916+0200][238,075s] GC(362) User=0,02s Sys=0,00s Real=0,01s
[2019-04-15T13:45:56.145+0200][238,304s] GC(363) Pause Young (Allocation Failure)
[2019-04-15T13:45:56.145+0200][238,304s] GC(363) Using 4 workers of 4 for evacuation
[2019-04-15T13:45:56.161+0200][238,320s] GC(363) ParNew: 99393K->13195K(109248K)
[2019-04-15T13:45:56.161+0200][238,320s] GC(363) CMS: 173714K->173757K(393216K)
[2019-04-15T13:45:56.161+0200][238,320s] GC(363) Metaspace: 85524K->85524K(1128448K)
[2019-04-15T13:45:56.161+0200][238,320s] GC(363) Pause Young (Allocation Failure) 266M->182M(490M) 15,675ms
[2019-04-15T13:45:56.161+0200][238,320s] GC(363) User=0,04s Sys=0,00s Real=0,01s
[2019-04-15T13:45:56.264+0200][238,423s] GC(364) Pause Young (Allocation Failure)
[2019-04-15T13:45:56.265+0200][238,423s] GC(364) Using 4 workers of 4 for evacuation
[2019-04-15T13:45:56.277+0200][238,436s] GC(364) ParNew: 100619K->8473K(109248K)
[2019-04-15T13:45:56.277+0200][238,436s] GC(364) CMS: 173757K->173848K(393216K)
[2019-04-15T13:45:56.277+0200][238,436s] GC(364) Metaspace: 85561K->85561K(1128448K)
[2019-04-15T13:45:56.277+0200][238,436s] GC(364) Pause Young (Allocation Failure) 267M->178M(490M) 12,805ms
[2019-04-15T13:45:56.277+0200][238,436s] GC(364) User=0,05s Sys=0,00s Real=0,02s
[2019-04-15T13:45:56.357+0200][238,516s] GC(365) Pause Young (Allocation Failure)
[2019-04-15T13:45:56.357+0200][238,516s] GC(365) Using 4 workers of 4 for evacuation
[2019-04-15T13:45:56.371+0200][238,530s] GC(365) ParNew: 95897K->4863K(109248K)
[2019-04-15T13:45:56.371+0200][238,530s] GC(365) CMS: 173848K->173896K(393216K)
[2019-04-15T13:45:56.371+0200][238,530s] GC(365) Metaspace: 85561K->85561K(1128448K)
[2019-04-15T13:45:56.371+0200][238,530s] GC(365) Pause Young (Allocation Failure) 263M->174M(490M) 13,422ms
[2019-04-15T13:45:56.371+0200][238,530s] GC(365) User=0,05s Sys=0,00s Real=0,01s
[2019-04-15T13:45:56.672+0200][238,830s] GC(366) Pause Young (Allocation Failure)
[2019-04-15T13:45:56.672+0200][238,831s] GC(366) Using 4 workers of 4 for evacuation
[2019-04-15T13:45:56.685+0200][238,844s] GC(366) ParNew: 92287K->17697K(109248K)
[2019-04-15T13:45:56.685+0200][238,844s] GC(366) CMS: 173896K->173924K(393216K)
[2019-04-15T13:45:56.685+0200][238,844s] GC(366) Metaspace: 85588K->85588K(1128448K)
[2019-04-15T13:45:56.685+0200][238,844s] GC(366) Pause Young (Allocation Failure) 259M->187M(490M) 13,454ms
[2019-04-15T13:45:56.685+0200][238,844s] GC(366) User=0,05s Sys=0,00s Real=0,02s
[2019-04-15T13:45:56.778+0200][238,937s] GC(367) Pause Young (Allocation Failure)
[2019-04-15T13:45:56.778+0200][238,937s] GC(367) Using 4 workers of 4 for evacuation
[2019-04-15T13:45:56.792+0200][238,951s] GC(367) ParNew: 105121K->13946K(109248K)
[2019-04-15T13:45:56.792+0200][238,951s] GC(367) CMS: 173924K->174196K(393216K)
[2019-04-15T13:45:56.792+0200][238,951s] GC(367) Metaspace: 85588K->85588K(1128448K)
[2019-04-15T13:45:56.792+0200][238,951s] GC(367) Pause Young (Allocation Failure) 272M->183M(490M) 14,093ms
[2019-04-15T13:45:56.792+0200][238,951s] GC(367) User=0,05s Sys=0,00s Real=0,01s
[2019-04-15T13:45:56.883+0200][239,042s] GC(368) Pause Young (Allocation Failure)
[2019-04-15T13:45:56.883+0200][239,042s] GC(368) Using 4 workers of 4 for evacuation
[2019-04-15T13:45:56.903+0200][239,062s] GC(368) ParNew: 101370K->10241K(109248K)
[2019-04-15T13:45:56.903+0200][239,062s] GC(368) CMS: 174196K->174230K(393216K)
[2019-04-15T13:45:56.903+0200][239,062s] GC(368) Metaspace: 85588K->85588K(1128448K)
[2019-04-15T13:45:56.903+0200][239,062s] GC(368) Pause Young (Allocation Failure) 269M->180M(490M) 20,333ms
[2019-04-15T13:45:56.904+0200][239,062s] GC(368) User=0,07s Sys=0,00s Real=0,02s
[2019-04-15T13:45:57.232+0200][239,391s] GC(369) Pause Young (Allocation Failure)
[2019-04-15T13:45:57.232+0200][239,391s] GC(369) Using 4 workers of 4 for evacuation
[2019-04-15T13:45:57.250+0200][239,409s] GC(369) ParNew: 97665K->21824K(109248K)
[2019-04-15T13:45:57.250+0200][239,409s] GC(369) CMS: 174230K->196041K(393216K)
[2019-04-15T13:45:57.250+0200][239,409s] GC(369) Metaspace: 85588K->85588K(1128448K)
[2019-04-15T13:45:57.250+0200][239,409s] GC(369) Pause Young (Allocation Failure) 265M->212M(490M) 17,500ms
[2019-04-15T13:45:57.250+0200][239,409s] GC(369) User=0,05s Sys=0,00s Real=0,02s
[2019-04-15T13:45:57.318+0200][239,477s] GC(370) Pause Young (Allocation Failure)
[2019-04-15T13:45:57.318+0200][239,477s] GC(370) Using 4 workers of 4 for evacuation
[2019-04-15T13:45:57.347+0200][239,506s] GC(370) ParNew: 109248K->21824K(109248K)
[2019-04-15T13:45:57.347+0200][239,506s] GC(370) CMS: 196041K->234001K(393216K)
[2019-04-15T13:45:57.347+0200][239,506s] GC(370) Metaspace: 85588K->85588K(1128448K)
[2019-04-15T13:45:57.347+0200][239,506s] GC(370) Pause Young (Allocation Failure) 298M->249M(490M) 28,459ms
[2019-04-15T13:45:57.347+0200][239,506s] GC(370) User=0,09s Sys=0,01s Real=0,03s
[2019-04-15T13:45:57.347+0200][239,506s] GC(371) Pause Initial Mark
[2019-04-15T13:45:57.349+0200][239,508s] GC(371) Pause Initial Mark 250M->250M(490M) 2,359ms
[2019-04-15T13:45:57.349+0200][239,508s] GC(371) User=0,01s Sys=0,00s Real=0,00s
[2019-04-15T13:45:57.349+0200][239,508s] GC(371) Concurrent Mark
[2019-04-15T13:45:57.349+0200][239,508s] GC(371) Using 4 workers of 4 for marking
[2019-04-15T13:45:57.404+0200][239,563s] GC(371) Concurrent Mark 54,623ms
[2019-04-15T13:45:57.404+0200][239,563s] GC(371) User=0,20s Sys=0,00s Real=0,05s
[2019-04-15T13:45:57.404+0200][239,563s] GC(371) Concurrent Preclean
[2019-04-15T13:45:57.406+0200][239,565s] GC(371) Concurrent Preclean 1,935ms
[2019-04-15T13:45:57.406+0200][239,565s] GC(371) User=0,01s Sys=0,00s Real=0,01s
[2019-04-15T13:45:57.406+0200][239,565s] GC(371) Concurrent Abortable Preclean
[2019-04-15T13:45:57.605+0200][239,764s] GC(372) Pause Young (Allocation Failure)
[2019-04-15T13:45:57.605+0200][239,764s] GC(372) Using 4 workers of 4 for evacuation
[2019-04-15T13:45:57.628+0200][239,787s] GC(372) ParNew: 109248K->21824K(109248K)
[2019-04-15T13:45:57.628+0200][239,787s] GC(372) CMS: 234001K->263403K(393216K)
[2019-04-15T13:45:57.628+0200][239,787s] GC(372) Metaspace: 85588K->85588K(1128448K)
[2019-04-15T13:45:57.628+0200][239,787s] GC(372) Pause Young (Allocation Failure) 335M->278M(490M) 22,685ms
[2019-04-15T13:45:57.628+0200][239,787s] GC(372) User=0,07s Sys=0,01s Real=0,02s
[2019-04-15T13:45:58.005+0200][240,164s] GC(371) Concurrent Abortable Preclean 598,736ms
[2019-04-15T13:45:58.005+0200][240,164s] GC(371) User=1,43s Sys=0,01s Real=0,60s
[2019-04-15T13:45:58.007+0200][240,166s] GC(371) Pause Remark
[2019-04-15T13:45:58.007+0200][240,166s] GC(373) Pause Young (CMS Final Remark)
[2019-04-15T13:45:58.007+0200][240,166s] GC(373) Using 4 workers of 4 for evacuation
[2019-04-15T13:45:58.038+0200][240,197s] GC(373) ParNew: 109156K->21824K(109248K)
[2019-04-15T13:45:58.038+0200][240,197s] GC(373) CMS: 263403K->276827K(393216K)
[2019-04-15T13:45:58.038+0200][240,197s] GC(373) Metaspace: 85591K->85591K(1128448K)
[2019-04-15T13:45:58.038+0200][240,197s] GC(373) Pause Young (CMS Final Remark) 363M->291M(490M) 31,154ms
[2019-04-15T13:45:58.038+0200][240,197s] GC(373) User=0,08s Sys=0,00s Real=0,03s
[2019-04-15T13:45:58.080+0200][240,239s] GC(371) Pause Remark 363M->291M(490M) 73,438ms
[2019-04-15T13:45:58.080+0200][240,239s] GC(371) User=0,14s Sys=0,00s Real=0,07s
[2019-04-15T13:45:58.081+0200][240,239s] GC(371) Concurrent Sweep
[2019-04-15T13:45:58.150+0200][240,309s] GC(371) Concurrent Sweep 69,295ms
[2019-04-15T13:45:58.150+0200][240,309s] GC(371) User=0,27s Sys=0,00s Real=0,07s
[2019-04-15T13:45:58.150+0200][240,309s] GC(371) Concurrent Reset
[2019-04-15T13:45:58.150+0200][240,309s] GC(371) Concurrent Reset 0,475ms
[2019-04-15T13:45:58.150+0200][240,309s] GC(371) User=0,00s Sys=0,00s Real=0,00s
[2019-04-15T13:45:58.150+0200][240,309s] GC(371) Old: 234001K->212893K(393216K)
[2019-04-15T13:45:58.176+0200][240,335s] GC(374) Pause Young (Allocation Failure)
[2019-04-15T13:45:58.176+0200][240,335s] GC(374) Using 4 workers of 4 for evacuation
[2019-04-15T13:45:58.187+0200][240,346s] GC(374) ParNew: 109227K->21824K(109248K)
[2019-04-15T13:45:58.187+0200][240,346s] GC(374) CMS: 212893K->212893K(393216K)
[2019-04-15T13:45:58.187+0200][240,346s] GC(374) Metaspace: 85596K->85596K(1128448K)
[2019-04-15T13:45:58.187+0200][240,346s] GC(374) Pause Young (Allocation Failure) 314M->229M(490M) 10,945ms
[2019-04-15T13:45:58.187+0200][240,346s] GC(374) User=0,04s Sys=0,00s Real=0,01s
[2019-04-15T13:45:58.187+0200][240,346s] GC(375) Pause Initial Mark
[2019-04-15T13:45:58.191+0200][240,350s] GC(375) Pause Initial Mark 229M->229M(490M) 3,177ms
[2019-04-15T13:45:58.191+0200][240,350s] GC(375) User=0,01s Sys=0,00s Real=0,00s
[2019-04-15T13:45:58.191+0200][240,350s] GC(375) Concurrent Mark
[2019-04-15T13:45:58.191+0200][240,350s] GC(375) Using 4 workers of 4 for marking
[2019-04-15T13:45:58.296+0200][240,455s] GC(375) Concurrent Mark 105,295ms
[2019-04-15T13:45:58.296+0200][240,455s] GC(375) User=0,39s Sys=0,01s Real=0,11s
[2019-04-15T13:45:58.296+0200][240,455s] GC(375) Concurrent Preclean
[2019-04-15T13:45:58.297+0200][240,456s] GC(375) Concurrent Preclean 1,408ms
[2019-04-15T13:45:58.297+0200][240,456s] GC(375) User=0,01s Sys=0,00s Real=0,00s
[2019-04-15T13:45:58.297+0200][240,456s] GC(375) Concurrent Abortable Preclean
[2019-04-15T13:45:58.398+0200][240,557s] GC(376) Pause Young (Allocation Failure)
[2019-04-15T13:45:58.398+0200][240,557s] GC(376) Using 4 workers of 4 for evacuation
[2019-04-15T13:45:58.417+0200][240,576s] GC(376) ParNew: 109248K->21824K(109248K)
[2019-04-15T13:45:58.417+0200][240,576s] GC(376) CMS: 212893K->212893K(393216K)
[2019-04-15T13:45:58.417+0200][240,576s] GC(376) Metaspace: 85596K->85596K(1128448K)
[2019-04-15T13:45:58.417+0200][240,576s] GC(376) Pause Young (Allocation Failure) 314M->229M(490M) 19,119ms
[2019-04-15T13:45:58.417+0200][240,576s] GC(376) User=0,07s Sys=0,00s Real=0,02s
[2019-04-15T13:45:58.658+0200][240,817s] GC(375) Concurrent Abortable Preclean 360,599ms
[2019-04-15T13:45:58.658+0200][240,817s] GC(375) User=1,27s Sys=0,01s Real=0,36s
[2019-04-15T13:45:58.658+0200][240,817s] GC(375) Pause Remark
[2019-04-15T13:45:58.658+0200][240,817s] GC(377) Pause Young (CMS Final Remark)
[2019-04-15T13:45:58.658+0200][240,817s] GC(377) Using 4 workers of 4 for evacuation
[2019-04-15T13:45:58.675+0200][240,834s] GC(377) ParNew: 76273K->21824K(109248K)
[2019-04-15T13:45:58.675+0200][240,834s] GC(377) CMS: 212893K->213886K(393216K)
[2019-04-15T13:45:58.675+0200][240,834s] GC(377) Metaspace: 85599K->85599K(1128448K)
[2019-04-15T13:45:58.675+0200][240,834s] GC(377) Pause Young (CMS Final Remark) 282M->230M(490M) 16,587ms
[2019-04-15T13:45:58.675+0200][240,834s] GC(377) User=0,07s Sys=0,00s Real=0,02s
[2019-04-15T13:45:58.734+0200][240,893s] GC(375) Pause Remark 282M->230M(490M) 75,670ms
[2019-04-15T13:45:58.734+0200][240,893s] GC(375) User=0,23s Sys=0,00s Real=0,08s
[2019-04-15T13:45:58.734+0200][240,893s] GC(375) Concurrent Sweep
[2019-04-15T13:45:58.795+0200][240,954s] GC(375) Concurrent Sweep 60,778ms
[2019-04-15T13:45:58.795+0200][240,954s] GC(375) User=0,23s Sys=0,00s Real=0,06s
[2019-04-15T13:45:58.795+0200][240,954s] GC(375) Concurrent Reset
[2019-04-15T13:45:58.795+0200][240,954s] GC(375) Concurrent Reset 0,423ms
[2019-04-15T13:45:58.796+0200][240,954s] GC(375) User=0,00s Sys=0,00s Real=0,00s
[2019-04-15T13:45:58.796+0200][240,954s] GC(375) Old: 212893K->197950K(393216K)
[2019-04-15T13:45:59.131+0200][241,290s] GC(378) Pause Young (Allocation Failure)
[2019-04-15T13:45:59.131+0200][241,290s] GC(378) Using 4 workers of 4 for evacuation
[2019-04-15T13:45:59.149+0200][241,308s] GC(378) ParNew: 109248K->21824K(109248K)
[2019-04-15T13:45:59.149+0200][241,308s] GC(378) CMS: 197950K->200523K(393216K)
[2019-04-15T13:45:59.149+0200][241,308s] GC(378) Metaspace: 85478K->85478K(1128448K)
[2019-04-15T13:45:59.149+0200][241,308s] GC(378) Pause Young (Allocation Failure) 299M->217M(490M) 18,452ms
[2019-04-15T13:45:59.149+0200][241,308s] GC(378) User=0,06s Sys=0,00s Real=0,02s
[2019-04-15T13:45:59.149+0200][241,308s] GC(379) Pause Initial Mark
[2019-04-15T13:45:59.151+0200][241,310s] GC(379) Pause Initial Mark 218M->218M(490M) 1,434ms
[2019-04-15T13:45:59.151+0200][241,310s] GC(379) User=0,01s Sys=0,00s Real=0,00s
[2019-04-15T13:45:59.151+0200][241,310s] GC(379) Concurrent Mark
[2019-04-15T13:45:59.151+0200][241,310s] GC(379) Using 4 workers of 4 for marking
[2019-04-15T13:45:59.236+0200][241,395s] GC(379) Concurrent Mark 85,118ms
[2019-04-15T13:45:59.236+0200][241,395s] GC(379) User=0,32s Sys=0,00s Real=0,09s
[2019-04-15T13:45:59.236+0200][241,395s] GC(379) Concurrent Preclean
[2019-04-15T13:45:59.238+0200][241,397s] GC(379) Concurrent Preclean 1,804ms
[2019-04-15T13:45:59.238+0200][241,397s] GC(379) User=0,01s Sys=0,00s Real=0,00s
[2019-04-15T13:45:59.238+0200][241,397s] GC(379) Concurrent Abortable Preclean
[2019-04-15T13:45:59.406+0200][241,565s] GC(380) Pause Young (Allocation Failure)
[2019-04-15T13:45:59.406+0200][241,565s] GC(380) Using 4 workers of 4 for evacuation
[2019-04-15T13:45:59.418+0200][241,577s] GC(380) ParNew: 109248K->21824K(109248K)
[2019-04-15T13:45:59.418+0200][241,577s] GC(380) CMS: 200523K->202624K(393216K)
[2019-04-15T13:45:59.418+0200][241,577s] GC(380) Metaspace: 85480K->85480K(1128448K)
[2019-04-15T13:45:59.418+0200][241,577s] GC(380) Pause Young (Allocation Failure) 302M->219M(490M) 12,006ms
[2019-04-15T13:45:59.418+0200][241,577s] GC(380) User=0,05s Sys=0,00s Real=0,01s
[2019-04-15T13:45:59.505+0200][241,664s] GC(381) Pause Young (Allocation Failure)
[2019-04-15T13:45:59.505+0200][241,664s] GC(381) Using 4 workers of 4 for evacuation
[2019-04-15T13:45:59.512+0200][241,671s] GC(381) ParNew: 109248K->21578K(109248K)
[2019-04-15T13:45:59.512+0200][241,671s] GC(381) CMS: 202624K->202624K(393216K)
[2019-04-15T13:45:59.512+0200][241,671s] GC(381) Metaspace: 85480K->85480K(1128448K)
[2019-04-15T13:45:59.512+0200][241,671s] GC(381) Pause Young (Allocation Failure) 304M->218M(490M) 6,810ms
[2019-04-15T13:45:59.512+0200][241,671s] GC(381) User=0,02s Sys=0,00s Real=0,00s
[2019-04-15T13:45:59.547+0200][241,706s] GC(379) Concurrent Abortable Preclean 309,104ms
[2019-04-15T13:45:59.547+0200][241,706s] GC(379) User=0,70s Sys=0,00s Real=0,31s
[2019-04-15T13:45:59.547+0200][241,706s] GC(379) Pause Remark
[2019-04-15T13:45:59.591+0200][241,749s] GC(379) Pause Remark 264M->264M(490M) 43,072ms
[2019-04-15T13:45:59.591+0200][241,749s] GC(379) User=0,08s Sys=0,00s Real=0,04s
[2019-04-15T13:45:59.591+0200][241,750s] GC(379) Concurrent Sweep
[2019-04-15T13:45:59.591+0200][241,750s] GC(382) Pause Young (GCLocker Initiated GC)
[2019-04-15T13:45:59.591+0200][241,750s] GC(382) Using 4 workers of 4 for evacuation
[2019-04-15T13:45:59.599+0200][241,758s] GC(382) ParNew: 68566K->17847K(109248K)
[2019-04-15T13:45:59.599+0200][241,758s] GC(382) CMS: 202624K->202624K(393216K)
[2019-04-15T13:45:59.599+0200][241,758s] GC(382) Metaspace: 85480K->85480K(1128448K)
[2019-04-15T13:45:59.599+0200][241,758s] GC(382) Pause Young (GCLocker Initiated GC) 264M->215M(490M) 8,154ms
[2019-04-15T13:45:59.599+0200][241,758s] GC(382) User=0,03s Sys=0,00s Real=0,01s
[2019-04-15T13:45:59.634+0200][241,793s] GC(379) Concurrent Sweep 43,031ms
[2019-04-15T13:45:59.634+0200][241,793s] GC(379) User=0,10s Sys=0,00s Real=0,05s
[2019-04-15T13:45:59.634+0200][241,793s] GC(379) Concurrent Reset
[2019-04-15T13:45:59.634+0200][241,793s] GC(379) Concurrent Reset 0,359ms
[2019-04-15T13:45:59.634+0200][241,793s] GC(379) User=0,00s Sys=0,00s Real=0,00s
[2019-04-15T13:45:59.634+0200][241,793s] GC(379) Old: 200523K->193068K(393216K)
[2019-04-15T13:45:59.716+0200][241,874s] GC(383) Pause Young (Allocation Failure)
[2019-04-15T13:45:59.716+0200][241,875s] GC(383) Using 4 workers of 4 for evacuation
[2019-04-15T13:45:59.723+0200][241,882s] GC(383) ParNew: 105271K->21824K(109248K)
[2019-04-15T13:45:59.723+0200][241,882s] GC(383) CMS: 193068K->193927K(393216K)
[2019-04-15T13:45:59.723+0200][241,882s] GC(383) Metaspace: 85484K->85484K(1128448K)
[2019-04-15T13:45:59.723+0200][241,882s] GC(383) Pause Young (Allocation Failure) 291M->210M(490M) 7,750ms
[2019-04-15T13:45:59.723+0200][241,882s] GC(383) User=0,03s Sys=0,00s Real=0,00s
[2019-04-15T13:45:59.790+0200][241,949s] GC(384) Pause Young (Allocation Failure)
[2019-04-15T13:45:59.790+0200][241,949s] GC(384) Using 4 workers of 4 for evacuation
[2019-04-15T13:45:59.830+0200][241,989s] GC(384) ParNew: 109248K->21824K(109248K)
[2019-04-15T13:45:59.830+0200][241,989s] GC(384) CMS: 193927K->223832K(393216K)
[2019-04-15T13:45:59.830+0200][241,989s] GC(384) Metaspace: 85485K->85485K(1128448K)
[2019-04-15T13:45:59.830+0200][241,989s] GC(384) Pause Young (Allocation Failure) 296M->239M(490M) 40,295ms
[2019-04-15T13:45:59.830+0200][241,989s] GC(384) User=0,15s Sys=0,01s Real=0,04s
[2019-04-15T13:45:59.830+0200][241,989s] GC(385) Pause Initial Mark
[2019-04-15T13:45:59.833+0200][241,992s] GC(385) Pause Initial Mark 240M->240M(490M) 2,238ms
[2019-04-15T13:45:59.833+0200][241,992s] GC(385) User=0,01s Sys=0,00s Real=0,00s
[2019-04-15T13:45:59.833+0200][241,992s] GC(385) Concurrent Mark
[2019-04-15T13:45:59.833+0200][241,992s] GC(385) Using 4 workers of 4 for marking
[2019-04-15T13:45:59.907+0200][242,066s] GC(385) Concurrent Mark 74,264ms
[2019-04-15T13:45:59.907+0200][242,066s] GC(385) User=0,28s Sys=0,00s Real=0,08s
[2019-04-15T13:45:59.907+0200][242,066s] GC(385) Concurrent Preclean
[2019-04-15T13:45:59.908+0200][242,067s] GC(385) Concurrent Preclean 1,095ms
[2019-04-15T13:45:59.908+0200][242,067s] GC(385) User=0,00s Sys=0,00s Real=0,00s
[2019-04-15T13:45:59.908+0200][242,067s] GC(385) Concurrent Abortable Preclean
[2019-04-15T13:45:59.921+0200][242,080s] GC(386) Pause Young (Allocation Failure)
[2019-04-15T13:45:59.921+0200][242,080s] GC(386) Using 4 workers of 4 for evacuation
[2019-04-15T13:45:59.968+0200][242,127s] GC(386) ParNew: 109248K->21824K(109248K)
[2019-04-15T13:45:59.968+0200][242,127s] GC(386) CMS: 223832K->247953K(393216K)
[2019-04-15T13:45:59.968+0200][242,127s] GC(386) Metaspace: 85486K->85486K(1128448K)
[2019-04-15T13:45:59.968+0200][242,127s] GC(386) Pause Young (Allocation Failure) 325M->263M(490M) 46,894ms
[2019-04-15T13:45:59.968+0200][242,127s] GC(386) User=0,17s Sys=0,00s Real=0,05s
[2019-04-15T13:46:00.036+0200][242,195s] GC(387) Pause Young (Allocation Failure)
[2019-04-15T13:46:00.036+0200][242,195s] GC(387) Using 4 workers of 4 for evacuation
[2019-04-15T13:46:00.104+0200][242,263s] GC(387) ParNew: 109248K->21824K(109248K)
[2019-04-15T13:46:00.104+0200][242,263s] GC(387) CMS: 247953K->274661K(393216K)
[2019-04-15T13:46:00.104+0200][242,263s] GC(387) Metaspace: 85486K->85486K(1128448K)
[2019-04-15T13:46:00.104+0200][242,263s] GC(387) Pause Young (Allocation Failure) 348M->289M(490M) 67,753ms
[2019-04-15T13:46:00.104+0200][242,263s] GC(387) User=0,22s Sys=0,00s Real=0,06s
[2019-04-15T13:46:00.123+0200][242,281s] GC(385) Concurrent Abortable Preclean 214,314ms
[2019-04-15T13:46:00.123+0200][242,281s] GC(385) User=0,61s Sys=0,00s Real=0,21s
[2019-04-15T13:46:00.123+0200][242,282s] GC(385) Pause Remark
[2019-04-15T13:46:00.123+0200][242,282s] GC(388) Pause Young (CMS Final Remark)
[2019-04-15T13:46:00.123+0200][242,282s] GC(388) Using 4 workers of 4 for evacuation
[2019-04-15T13:46:00.154+0200][242,313s] GC(388) ParNew: 51824K->21824K(109248K)
[2019-04-15T13:46:00.154+0200][242,313s] GC(388) CMS: 274661K->282968K(393216K)
[2019-04-15T13:46:00.154+0200][242,313s] GC(388) Metaspace: 85486K->85486K(1128448K)
[2019-04-15T13:46:00.154+0200][242,313s] GC(388) Pause Young (CMS Final Remark) 318M->297M(490M) 31,625ms
[2019-04-15T13:46:00.154+0200][242,313s] GC(388) User=0,11s Sys=0,00s Real=0,04s
[2019-04-15T13:46:00.203+0200][242,362s] GC(385) Pause Remark 318M->297M(490M) 80,494ms
[2019-04-15T13:46:00.203+0200][242,362s] GC(385) User=0,21s Sys=0,00s Real=0,08s
[2019-04-15T13:46:00.203+0200][242,362s] GC(385) Concurrent Sweep
[2019-04-15T13:46:00.257+0200][242,416s] GC(389) Pause Young (Allocation Failure)
[2019-04-15T13:46:00.257+0200][242,416s] GC(389) Using 4 workers of 4 for evacuation
[2019-04-15T13:46:00.319+0200][242,478s] GC(389) ParNew: 109248K->21824K(109248K)
[2019-04-15T13:46:00.319+0200][242,478s] GC(389) CMS: 239258K->265601K(393216K)
[2019-04-15T13:46:00.319+0200][242,478s] GC(389) Metaspace: 85486K->85486K(1128448K)
[2019-04-15T13:46:00.319+0200][242,478s] GC(389) Pause Young (Allocation Failure) 340M->280M(490M) 61,887ms
[2019-04-15T13:46:00.319+0200][242,478s] GC(389) User=0,24s Sys=0,01s Real=0,06s
[2019-04-15T13:46:00.322+0200][242,481s] GC(385) Concurrent Sweep 119,034ms
[2019-04-15T13:46:00.322+0200][242,481s] GC(385) User=0,34s Sys=0,01s Real=0,12s
[2019-04-15T13:46:00.322+0200][242,481s] GC(385) Concurrent Reset
[2019-04-15T13:46:00.323+0200][242,482s] GC(385) Concurrent Reset 0,425ms
[2019-04-15T13:46:00.323+0200][242,482s] GC(385) User=0,00s Sys=0,00s Real=0,00s
[2019-04-15T13:46:00.323+0200][242,482s] GC(385) Old: 223832K->265601K(393216K)
[2019-04-15T13:46:00.369+0200][242,528s] GC(390) Pause Young (Allocation Failure)
[2019-04-15T13:46:00.369+0200][242,528s] GC(390) Using 4 workers of 4 for evacuation
[2019-04-15T13:46:00.427+0200][242,585s] GC(390) ParNew: 109248K->21824K(109248K)
[2019-04-15T13:46:00.427+0200][242,585s] GC(390) CMS: 265601K->292311K(393216K)
[2019-04-15T13:46:00.427+0200][242,585s] GC(390) Metaspace: 85486K->85486K(1128448K)
[2019-04-15T13:46:00.427+0200][242,585s] GC(390) Pause Young (Allocation Failure) 366M->306M(490M) 57,929ms
[2019-04-15T13:46:00.427+0200][242,585s] GC(390) User=0,22s Sys=0,00s Real=0,06s
[2019-04-15T13:46:00.427+0200][242,586s] GC(391) Pause Initial Mark
[2019-04-15T13:46:00.433+0200][242,592s] GC(391) Pause Initial Mark 308M->308M(490M) 5,818ms
[2019-04-15T13:46:00.433+0200][242,592s] GC(391) User=0,02s Sys=0,00s Real=0,00s
[2019-04-15T13:46:00.433+0200][242,592s] GC(391) Concurrent Mark
[2019-04-15T13:46:00.433+0200][242,592s] GC(391) Using 4 workers of 4 for marking
[2019-04-15T13:46:00.521+0200][242,680s] GC(392) Pause Young (Allocation Failure)
[2019-04-15T13:46:00.521+0200][242,680s] GC(392) Using 4 workers of 4 for evacuation
[2019-04-15T13:46:00.591+0200][242,750s] GC(392) ParNew: 109248K->21824K(109248K)
[2019-04-15T13:46:00.591+0200][242,750s] GC(392) CMS: 292311K->314348K(393216K)
[2019-04-15T13:46:00.591+0200][242,750s] GC(392) Metaspace: 85486K->85486K(1128448K)
[2019-04-15T13:46:00.591+0200][242,750s] GC(392) Pause Young (Allocation Failure) 392M->328M(490M) 70,356ms
[2019-04-15T13:46:00.591+0200][242,750s] GC(392) User=0,25s Sys=0,01s Real=0,07s
[2019-04-15T13:46:00.670+0200][242,829s] GC(393) Pause Young (Allocation Failure)
[2019-04-15T13:46:00.670+0200][242,829s] GC(393) Using 4 workers of 4 for evacuation
[2019-04-15T13:46:00.741+0200][242,900s] GC(393) ParNew: 109248K->21822K(109248K)
[2019-04-15T13:46:00.741+0200][242,900s] GC(393) CMS: 314348K->340656K(393216K)
[2019-04-15T13:46:00.741+0200][242,900s] GC(393) Metaspace: 85486K->85486K(1128448K)
[2019-04-15T13:46:00.741+0200][242,900s] GC(393) Pause Young (Allocation Failure) 413M->353M(490M) 70,997ms
[2019-04-15T13:46:00.741+0200][242,900s] GC(393) User=0,24s Sys=0,00s Real=0,07s
[2019-04-15T13:46:00.746+0200][242,905s] GC(391) Concurrent Mark 312,847ms
[2019-04-15T13:46:00.746+0200][242,905s] GC(391) User=1,14s Sys=0,01s Real=0,32s
[2019-04-15T13:46:00.746+0200][242,905s] GC(391) Concurrent Preclean
[2019-04-15T13:46:00.812+0200][242,971s] GC(391) Concurrent Preclean 66,798ms
[2019-04-15T13:46:00.812+0200][242,971s] GC(391) User=0,13s Sys=0,00s Real=0,06s
[2019-04-15T13:46:00.813+0200][242,971s] GC(391) Concurrent Abortable Preclean
[2019-04-15T13:46:00.819+0200][242,978s] GC(394) Pause Young (Allocation Failure)
[2019-04-15T13:46:00.819+0200][242,978s] GC(394) Using 4 workers of 4 for evacuation
[2019-04-15T13:46:00.886+0200][243,045s] GC(394) ParNew: 109246K->21822K(109248K)
[2019-04-15T13:46:00.886+0200][243,045s] GC(394) CMS: 340656K->365543K(393216K)
[2019-04-15T13:46:00.886+0200][243,045s] GC(394) Metaspace: 85486K->85486K(1128448K)
[2019-04-15T13:46:00.886+0200][243,045s] GC(394) Pause Young (Allocation Failure) 439M->378M(490M) 66,940ms
[2019-04-15T13:46:00.886+0200][243,045s] GC(394) User=0,23s Sys=0,01s Real=0,07s
[2019-04-15T13:46:00.966+0200][243,125s] GC(395) Pause Young (Allocation Failure)
[2019-04-15T13:46:00.966+0200][243,125s] GC(395) Using 4 workers of 4 for evacuation
[2019-04-15T13:46:01.068+0200][243,227s] Promotion failed
[2019-04-15T13:46:01.068+0200][243,227s] GC(396) Pause Full (Allocation Failure)
[2019-04-15T13:46:01.090+0200][243,249s] GC(391) Concurrent Abortable Preclean 277,597ms
[2019-04-15T13:46:01.090+0200][243,249s] GC(391) User=0,75s Sys=0,02s Real=0,28s
[2019-04-15T13:46:01.090+0200][243,249s] GC(396) Phase 1: Mark live objects
[2019-04-15T13:46:01.261+0200][243,420s] GC(396) Phase 1: Mark live objects 170,760ms
[2019-04-15T13:46:01.261+0200][243,420s] GC(396) Phase 2: Compute new object addresses
[2019-04-15T13:46:01.458+0200][243,617s] GC(396) Phase 2: Compute new object addresses 197,062ms
[2019-04-15T13:46:01.458+0200][243,617s] GC(396) Phase 3: Adjust pointers
[2019-04-15T13:46:01.626+0200][243,785s] GC(396) Phase 3: Adjust pointers 168,286ms
[2019-04-15T13:46:01.627+0200][243,785s] GC(396) Phase 4: Move objects
[2019-04-15T13:46:01.739+0200][243,898s] GC(396) Phase 4: Move objects 112,751ms
[2019-04-15T13:46:01.740+0200][243,899s] GC(396) Pause Full (Allocation Failure) 489M->347M(490M) 672,014ms
[2019-04-15T13:46:01.740+0200][243,899s] GC(395) ParNew: 109246K->0K(109248K)
[2019-04-15T13:46:01.740+0200][243,899s] GC(395) CMS: 365543K->356078K(393216K)
[2019-04-15T13:46:01.740+0200][243,899s] GC(395) Metaspace: 85486K->85486K(1128448K)
[2019-04-15T13:46:01.740+0200][243,899s] GC(395) Pause Young (Allocation Failure) 463M->347M(490M) 773,907ms
[2019-04-15T13:46:01.740+0200][243,899s] GC(395) User=0,94s Sys=0,01s Real=0,77s
[2019-04-15T13:46:01.786+0200][243,945s] GC(397) Pause Young (Allocation Failure)
[2019-04-15T13:46:01.786+0200][243,945s] GC(397) Using 4 workers of 4 for evacuation
[2019-04-15T13:46:01.805+0200][243,963s] GC(397) ParNew: 87424K->21822K(109248K)
[2019-04-15T13:46:01.805+0200][243,963s] GC(397) CMS: 356078K->359122K(393216K)
[2019-04-15T13:46:01.805+0200][243,963s] GC(397) Metaspace: 85486K->85486K(1128448K)
[2019-04-15T13:46:01.805+0200][243,963s] GC(397) Pause Young (Allocation Failure) 433M->372M(490M) 18,735ms
[2019-04-15T13:46:01.805+0200][243,964s] GC(397) User=0,07s Sys=0,00s Real=0,01s
[2019-04-15T13:46:01.805+0200][243,964s] GC(398) Pause Initial Mark
[2019-04-15T13:46:01.809+0200][243,968s] GC(398) Pause Initial Mark 373M->373M(490M) 4,578ms
[2019-04-15T13:46:01.809+0200][243,968s] GC(398) User=0,01s Sys=0,00s Real=0,01s
[2019-04-15T13:46:01.809+0200][243,968s] GC(398) Concurrent Mark
[2019-04-15T13:46:01.809+0200][243,968s] GC(398) Using 4 workers of 4 for marking
[2019-04-15T13:46:01.952+0200][244,111s] GC(399) Pause Young (Allocation Failure)
[2019-04-15T13:46:01.952+0200][244,111s] GC(399) Using 4 workers of 4 for evacuation
[2019-04-15T13:46:02.046+0200][244,205s] Promotion failed
[2019-04-15T13:46:02.046+0200][244,205s] GC(400) Pause Full (Allocation Failure)
[2019-04-15T13:46:02.084+0200][244,243s] GC(398) Concurrent Mark 274,253ms
[2019-04-15T13:46:02.084+0200][244,243s] GC(398) User=0,96s Sys=0,00s Real=0,27s
[2019-04-15T13:46:02.084+0200][244,243s] GC(400) Phase 1: Mark live objects
[2019-04-15T13:46:02.289+0200][244,448s] GC(400) Phase 1: Mark live objects 204,779ms
[2019-04-15T13:46:02.289+0200][244,448s] GC(400) Phase 2: Compute new object addresses
[2019-04-15T13:46:02.511+0200][244,670s] GC(400) Phase 2: Compute new object addresses 222,660ms
[2019-04-15T13:46:02.511+0200][244,670s] GC(400) Phase 3: Adjust pointers
[2019-04-15T13:46:02.705+0200][244,864s] GC(400) Phase 3: Adjust pointers 193,333ms
[2019-04-15T13:46:02.705+0200][244,864s] GC(400) Phase 4: Move objects
[2019-04-15T13:46:02.832+0200][244,991s] GC(400) Phase 4: Move objects 126,747ms
[2019-04-15T13:46:02.832+0200][244,991s] GC(400) Pause Full (Allocation Failure) 490M->396M(490M) 786,552ms
[2019-04-15T13:46:02.833+0200][244,991s] GC(399) ParNew: 109246K->12998K(109248K)
[2019-04-15T13:46:02.833+0200][244,991s] GC(399) CMS: 359122K->393215K(393216K)
[2019-04-15T13:46:02.833+0200][244,991s] GC(399) Metaspace: 85486K->85486K(1128448K)
[2019-04-15T13:46:02.833+0200][244,992s] GC(399) Pause Young (Allocation Failure) 457M->396M(490M) 880,860ms
[2019-04-15T13:46:02.833+0200][244,992s] GC(399) User=1,16s Sys=0,00s Real=0,88s
[2019-04-15T13:46:02.999+0200][245,158s] GC(401) Pause Full (Allocation Failure)
[2019-04-15T13:46:03.000+0200][245,159s] GC(401) Phase 1: Mark live objects
[2019-04-15T13:46:03.211+0200][245,370s] GC(401) Phase 1: Mark live objects 210,893ms
[2019-04-15T13:46:03.211+0200][245,370s] GC(401) Phase 2: Compute new object addresses
[2019-04-15T13:46:03.432+0200][245,591s] GC(401) Phase 2: Compute new object addresses 221,584ms
[2019-04-15T13:46:03.432+0200][245,591s] GC(401) Phase 3: Adjust pointers
[2019-04-15T13:46:03.636+0200][245,795s] GC(401) Phase 3: Adjust pointers 203,907ms
[2019-04-15T13:46:03.636+0200][245,795s] GC(401) Phase 4: Move objects
[2019-04-15T13:46:03.770+0200][245,929s] GC(401) Phase 4: Move objects 133,644ms
[2019-04-15T13:46:03.771+0200][245,930s] GC(401) ParNew: 109247K->38718K(109248K)
[2019-04-15T13:46:03.771+0200][245,930s] GC(401) CMS: 393215K->393215K(393216K)
[2019-04-15T13:46:03.771+0200][245,930s] GC(401) Metaspace: 85434K->85434K(1128448K)
[2019-04-15T13:46:03.771+0200][245,930s] GC(401) Pause Full (Allocation Failure) 490M->421M(490M) 771,743ms
[2019-04-15T13:46:03.771+0200][245,930s] GC(401) User=0,77s Sys=0,00s Real=0,77s
[2019-04-15T13:46:03.771+0200][245,930s] GC(402) Pause Initial Mark
[2019-04-15T13:46:03.789+0200][245,948s] GC(402) Pause Initial Mark 423M->423M(490M) 18,083ms
[2019-04-15T13:46:03.789+0200][245,948s] GC(402) User=0,02s Sys=0,00s Real=0,02s
[2019-04-15T13:46:03.789+0200][245,948s] GC(402) Concurrent Mark
[2019-04-15T13:46:03.789+0200][245,948s] GC(402) Using 4 workers of 4 for marking
[2019-04-15T13:46:03.996+0200][246,155s] GC(402) Concurrent Mark 206,801ms
[2019-04-15T13:46:03.996+0200][246,155s] GC(402) User=0,81s Sys=0,00s Real=0,21s
[2019-04-15T13:46:03.996+0200][246,155s] GC(402) Concurrent Preclean
[2019-04-15T13:46:04.066+0200][246,225s] GC(403) Pause Full (Allocation Failure)
[2019-04-15T13:46:04.259+0200][246,418s] GC(402) Concurrent Preclean 262,780ms
[2019-04-15T13:46:04.259+0200][246,418s] GC(402) User=0,32s Sys=0,00s Real=0,26s
[2019-04-15T13:46:04.259+0200][246,418s] GC(403) Phase 1: Mark live objects
[2019-04-15T13:46:04.474+0200][246,633s] GC(403) Phase 1: Mark live objects 215,186ms
[2019-04-15T13:46:04.474+0200][246,633s] GC(403) Phase 2: Compute new object addresses
[2019-04-15T13:46:04.703+0200][246,862s] GC(403) Phase 2: Compute new object addresses 229,265ms
[2019-04-15T13:46:04.703+0200][246,862s] GC(403) Phase 3: Adjust pointers
[2019-04-15T13:46:04.918+0200][247,077s] GC(403) Phase 3: Adjust pointers 214,654ms
[2019-04-15T13:46:04.918+0200][247,077s] GC(403) Phase 4: Move objects
[2019-04-15T13:46:05.051+0200][247,210s] GC(403) Phase 4: Move objects 132,565ms
[2019-04-15T13:46:05.051+0200][247,210s] GC(403) ParNew: 109247K->55839K(109248K)
[2019-04-15T13:46:05.051+0200][247,210s] GC(403) CMS: 393215K->393215K(393216K)
[2019-04-15T13:46:05.051+0200][247,210s] GC(403) Metaspace: 85434K->85434K(1128448K)
[2019-04-15T13:46:05.051+0200][247,210s] GC(403) Pause Full (Allocation Failure) 490M->438M(490M) 985,206ms
[2019-04-15T13:46:05.051+0200][247,210s] GC(403) User=0,98s Sys=0,00s Real=0,98s
[2019-04-15T13:46:05.180+0200][247,339s] GC(404) Pause Full (Allocation Failure)
[2019-04-15T13:46:05.181+0200][247,340s] GC(404) Phase 1: Mark live objects
[2019-04-15T13:46:05.401+0200][247,560s] GC(404) Phase 1: Mark live objects 220,288ms
[2019-04-15T13:46:05.402+0200][247,560s] GC(404) Phase 2: Compute new object addresses
[2019-04-15T13:46:05.633+0200][247,792s] GC(404) Phase 2: Compute new object addresses 231,418ms
[2019-04-15T13:46:05.633+0200][247,792s] GC(404) Phase 3: Adjust pointers
[2019-04-15T13:46:05.852+0200][248,011s] GC(404) Phase 3: Adjust pointers 219,372ms
[2019-04-15T13:46:05.852+0200][248,011s] GC(404) Phase 4: Move objects
[2019-04-15T13:46:05.974+0200][248,133s] GC(404) Phase 4: Move objects 121,270ms
[2019-04-15T13:46:05.974+0200][248,133s] GC(404) ParNew: 109247K->70393K(109248K)
[2019-04-15T13:46:05.974+0200][248,133s] GC(404) CMS: 393215K->393215K(393216K)
[2019-04-15T13:46:05.974+0200][248,133s] GC(404) Metaspace: 85434K->85434K(1128448K)
[2019-04-15T13:46:05.974+0200][248,133s] GC(404) Pause Full (Allocation Failure) 490M->452M(490M) 793,927ms
[2019-04-15T13:46:05.974+0200][248,133s] GC(404) User=0,78s Sys=0,01s Real=0,80s
[2019-04-15T13:46:05.975+0200][248,134s] GC(405) Pause Initial Mark
[2019-04-15T13:46:06.008+0200][248,167s] GC(405) Pause Initial Mark 454M->454M(490M) 33,141ms
[2019-04-15T13:46:06.008+0200][248,167s] GC(405) User=0,04s Sys=0,00s Real=0,03s
[2019-04-15T13:46:06.008+0200][248,167s] GC(405) Concurrent Mark
[2019-04-15T13:46:06.008+0200][248,167s] GC(405) Using 4 workers of 4 for marking
[2019-04-15T13:46:06.244+0200][248,403s] GC(405) Concurrent Mark 236,182ms
[2019-04-15T13:46:06.244+0200][248,403s] GC(405) User=0,87s Sys=0,00s Real=0,23s
[2019-04-15T13:46:06.244+0200][248,403s] GC(405) Concurrent Preclean
[2019-04-15T13:46:06.257+0200][248,416s] GC(406) Pause Full (Allocation Failure)
[2019-04-15T13:46:06.491+0200][248,650s] GC(405) Concurrent Preclean 247,124ms
[2019-04-15T13:46:06.491+0200][248,650s] GC(405) User=0,26s Sys=0,00s Real=0,25s
[2019-04-15T13:46:06.492+0200][248,650s] GC(406) Phase 1: Mark live objects
[2019-04-15T13:46:06.719+0200][248,878s] GC(406) Phase 1: Mark live objects 227,069ms
[2019-04-15T13:46:06.719+0200][248,878s] GC(406) Phase 2: Compute new object addresses
[2019-04-15T13:46:06.955+0200][249,114s] GC(406) Phase 2: Compute new object addresses 236,467ms
[2019-04-15T13:46:06.955+0200][249,114s] GC(406) Phase 3: Adjust pointers
[2019-04-15T13:46:07.174+0200][249,333s] GC(406) Phase 3: Adjust pointers 219,015ms
[2019-04-15T13:46:07.174+0200][249,333s] GC(406) Phase 4: Move objects
[2019-04-15T13:46:07.295+0200][249,454s] GC(406) Phase 4: Move objects 120,620ms
[2019-04-15T13:46:07.296+0200][249,455s] GC(406) ParNew: 109247K->80416K(109248K)
[2019-04-15T13:46:07.296+0200][249,455s] GC(406) CMS: 393216K->393215K(393216K)
[2019-04-15T13:46:07.296+0200][249,455s] GC(406) Metaspace: 85434K->85434K(1128448K)
[2019-04-15T13:46:07.296+0200][249,455s] GC(406) Pause Full (Allocation Failure) 490M->462M(490M) 1038,381ms
[2019-04-15T13:46:07.296+0200][249,455s] GC(406) User=1,04s Sys=0,00s Real=1,04s
[2019-04-15T13:46:07.408+0200][249,567s] GC(407) Pause Full (Allocation Failure)
[2019-04-15T13:46:07.409+0200][249,568s] GC(407) Phase 1: Mark live objects
[2019-04-15T13:46:07.641+0200][249,800s] GC(407) Phase 1: Mark live objects 232,428ms
[2019-04-15T13:46:07.641+0200][249,800s] GC(407) Phase 2: Compute new object addresses
[2019-04-15T13:46:07.870+0200][250,029s] GC(407) Phase 2: Compute new object addresses 228,498ms
[2019-04-15T13:46:07.870+0200][250,029s] GC(407) Phase 3: Adjust pointers
[2019-04-15T13:46:08.092+0200][250,251s] GC(407) Phase 3: Adjust pointers 222,092ms
[2019-04-15T13:46:08.092+0200][250,251s] GC(407) Phase 4: Move objects
[2019-04-15T13:46:08.238+0200][250,397s] GC(407) Phase 4: Move objects 145,544ms
[2019-04-15T13:46:08.238+0200][250,397s] GC(407) ParNew: 109247K->87561K(109248K)
[2019-04-15T13:46:08.238+0200][250,397s] GC(407) CMS: 393216K->393215K(393216K)
[2019-04-15T13:46:08.238+0200][250,397s] GC(407) Metaspace: 85434K->85434K(1128448K)
[2019-04-15T13:46:08.238+0200][250,397s] GC(407) Pause Full (Allocation Failure) 490M->469M(490M) 830,025ms
[2019-04-15T13:46:08.238+0200][250,397s] GC(407) User=0,83s Sys=0,00s Real=0,83s
[2019-04-15T13:46:08.239+0200][250,398s] GC(408) Pause Initial Mark
[2019-04-15T13:46:08.284+0200][250,442s] GC(408) Pause Initial Mark 469M->469M(490M) 44,862ms
[2019-04-15T13:46:08.284+0200][250,443s] GC(408) User=0,04s Sys=0,00s Real=0,04s
[2019-04-15T13:46:08.284+0200][250,443s] GC(408) Concurrent Mark
[2019-04-15T13:46:08.284+0200][250,443s] GC(408) Using 4 workers of 4 for marking
[2019-04-15T13:46:08.508+0200][250,667s] GC(408) Concurrent Mark 224,350ms
[2019-04-15T13:46:08.508+0200][250,667s] GC(408) User=0,87s Sys=0,01s Real=0,23s
[2019-04-15T13:46:08.508+0200][250,667s] GC(408) Concurrent Preclean
[2019-04-15T13:46:08.509+0200][250,668s] GC(409) Pause Full (Allocation Failure)
[2019-04-15T13:46:08.752+0200][250,911s] GC(408) Concurrent Preclean 244,203ms
[2019-04-15T13:46:08.752+0200][250,911s] GC(408) User=0,25s Sys=0,00s Real=0,24s
[2019-04-15T13:46:08.752+0200][250,911s] GC(409) Phase 1: Mark live objects
[2019-04-15T13:46:08.974+0200][251,133s] GC(409) Phase 1: Mark live objects 221,469ms
[2019-04-15T13:46:08.974+0200][251,133s] GC(409) Phase 2: Compute new object addresses
[2019-04-15T13:46:09.199+0200][251,358s] GC(409) Phase 2: Compute new object addresses 224,834ms
[2019-04-15T13:46:09.199+0200][251,358s] GC(409) Phase 3: Adjust pointers
[2019-04-15T13:46:09.421+0200][251,580s] GC(409) Phase 3: Adjust pointers 222,314ms
[2019-04-15T13:46:09.421+0200][251,580s] GC(409) Phase 4: Move objects
[2019-04-15T13:46:09.570+0200][251,729s] GC(409) Phase 4: Move objects 148,394ms
[2019-04-15T13:46:09.570+0200][251,729s] GC(409) ParNew: 109248K->93466K(109248K)
[2019-04-15T13:46:09.570+0200][251,729s] GC(409) CMS: 393216K->393215K(393216K)
[2019-04-15T13:46:09.570+0200][251,729s] GC(409) Metaspace: 85327K->85327K(1128448K)
[2019-04-15T13:46:09.570+0200][251,729s] GC(409) Pause Full (Allocation Failure) 490M->475M(490M) 1061,106ms
[2019-04-15T13:46:09.570+0200][251,729s] GC(409) User=1,06s Sys=0,00s Real=1,06s
[2019-04-15T13:46:09.651+0200][251,810s] GC(410) Pause Full (Allocation Failure)
[2019-04-15T13:46:09.651+0200][251,810s] GC(410) Phase 1: Mark live objects
[2019-04-15T13:46:09.877+0200][252,036s] GC(410) Phase 1: Mark live objects 225,630ms
[2019-04-15T13:46:09.877+0200][252,036s] GC(410) Phase 2: Compute new object addresses
[2019-04-15T13:46:10.109+0200][252,268s] GC(410) Phase 2: Compute new object addresses 232,442ms
[2019-04-15T13:46:10.109+0200][252,268s] GC(410) Phase 3: Adjust pointers
[2019-04-15T13:46:10.334+0200][252,493s] GC(410) Phase 3: Adjust pointers 224,494ms
[2019-04-15T13:46:10.334+0200][252,493s] GC(410) Phase 4: Move objects
[2019-04-15T13:46:10.482+0200][252,641s] GC(410) Phase 4: Move objects 148,034ms
[2019-04-15T13:46:10.483+0200][252,641s] GC(410) ParNew: 109247K->98347K(109248K)
[2019-04-15T13:46:10.483+0200][252,641s] GC(410) CMS: 393215K->393215K(393216K)
[2019-04-15T13:46:10.483+0200][252,641s] GC(410) Metaspace: 85327K->85327K(1128448K)
[2019-04-15T13:46:10.483+0200][252,642s] GC(410) Pause Full (Allocation Failure) 490M->480M(490M) 831,845ms
[2019-04-15T13:46:10.483+0200][252,642s] GC(410) User=0,83s Sys=0,00s Real=0,83s
[2019-04-15T13:46:10.483+0200][252,642s] GC(411) Pause Initial Mark
[2019-04-15T13:46:10.527+0200][252,685s] GC(411) Pause Initial Mark 480M->480M(490M) 43,726ms
[2019-04-15T13:46:10.527+0200][252,686s] GC(411) User=0,05s Sys=0,00s Real=0,05s
[2019-04-15T13:46:10.527+0200][252,686s] GC(411) Concurrent Mark
[2019-04-15T13:46:10.527+0200][252,686s] GC(411) Using 4 workers of 4 for marking
[2019-04-15T13:46:10.634+0200][252,793s] GC(412) Pause Full (Allocation Failure)
[2019-04-15T13:46:10.712+0200][252,871s] GC(411) Concurrent Mark 185,687ms
[2019-04-15T13:46:10.712+0200][252,871s] GC(411) User=0,71s Sys=0,00s Real=0,18s
[2019-04-15T13:46:10.713+0200][252,872s] GC(412) Phase 1: Mark live objects
[2019-04-15T13:46:10.952+0200][253,111s] GC(412) Phase 1: Mark live objects 239,700ms
[2019-04-15T13:46:10.952+0200][253,111s] GC(412) Phase 2: Compute new object addresses
[2019-04-15T13:46:11.172+0200][253,331s] GC(412) Phase 2: Compute new object addresses 219,731ms
[2019-04-15T13:46:11.172+0200][253,331s] GC(412) Phase 3: Adjust pointers
[2019-04-15T13:46:11.397+0200][253,556s] GC(412) Phase 3: Adjust pointers 224,433ms
[2019-04-15T13:46:11.397+0200][253,556s] GC(412) Phase 4: Move objects
[2019-04-15T13:46:11.543+0200][253,702s] GC(412) Phase 4: Move objects 146,803ms
[2019-04-15T13:46:11.544+0200][253,703s] GC(412) ParNew: 109247K->101172K(109248K)
[2019-04-15T13:46:11.544+0200][253,703s] GC(412) CMS: 393215K->392898K(393216K)
[2019-04-15T13:46:11.544+0200][253,703s] GC(412) Metaspace: 85327K->85327K(1128448K)
[2019-04-15T13:46:11.544+0200][253,703s] GC(412) Pause Full (Allocation Failure) 490M->482M(490M) 910,574ms
[2019-04-15T13:46:11.544+0200][253,703s] GC(412) User=1,13s Sys=0,00s Real=0,90s
[2019-04-15T13:46:11.589+0200][253,747s] GC(413) Pause Full (Allocation Failure)
[2019-04-15T13:46:11.589+0200][253,748s] GC(413) Phase 1: Mark live objects
[2019-04-15T13:46:11.823+0200][253,982s] GC(413) Phase 1: Mark live objects 233,608ms
[2019-04-15T13:46:11.823+0200][253,982s] GC(413) Phase 2: Compute new object addresses
[2019-04-15T13:46:12.058+0200][254,217s] GC(413) Phase 2: Compute new object addresses 235,431ms
[2019-04-15T13:46:12.058+0200][254,217s] GC(413) Phase 3: Adjust pointers
[2019-04-15T13:46:12.282+0200][254,441s] GC(413) Phase 3: Adjust pointers 224,235ms
[2019-04-15T13:46:12.282+0200][254,441s] GC(413) Phase 4: Move objects
[2019-04-15T13:46:12.389+0200][254,548s] GC(413) Phase 4: Move objects 106,800ms
[2019-04-15T13:46:12.390+0200][254,549s] GC(413) ParNew: 109248K->103652K(109248K)
[2019-04-15T13:46:12.390+0200][254,549s] GC(413) CMS: 393215K->392997K(393216K)
[2019-04-15T13:46:12.390+0200][254,549s] GC(413) Metaspace: 85323K->85323K(1128448K)
[2019-04-15T13:46:12.390+0200][254,549s] GC(413) Pause Full (Allocation Failure) 490M->485M(490M) 801,472ms
[2019-04-15T13:46:12.390+0200][254,549s] GC(413) User=0,80s Sys=0,00s Real=0,80s
[2019-04-15T13:46:12.390+0200][254,549s] GC(414) Pause Initial Mark
[2019-04-15T13:46:12.431+0200][254,590s] GC(414) Pause Initial Mark 485M->485M(490M) 40,831ms
[2019-04-15T13:46:12.431+0200][254,590s] GC(414) User=0,06s Sys=0,00s Real=0,04s
[2019-04-15T13:46:12.431+0200][254,590s] GC(414) Concurrent Mark
[2019-04-15T13:46:12.431+0200][254,590s] GC(414) Using 4 workers of 4 for marking
[2019-04-15T13:46:12.479+0200][254,638s] GC(415) Pause Full (Allocation Failure)
[2019-04-15T13:46:12.609+0200][254,768s] GC(414) Concurrent Mark 177,848ms
[2019-04-15T13:46:12.609+0200][254,768s] GC(414) User=0,67s Sys=0,00s Real=0,18s
[2019-04-15T13:46:12.609+0200][254,768s] GC(415) Phase 1: Mark live objects
[2019-04-15T13:46:12.844+0200][255,003s] GC(415) Phase 1: Mark live objects 234,471ms
[2019-04-15T13:46:12.844+0200][255,003s] GC(415) Phase 2: Compute new object addresses
[2019-04-15T13:46:13.075+0200][255,234s] GC(415) Phase 2: Compute new object addresses 231,252ms
[2019-04-15T13:46:13.075+0200][255,234s] GC(415) Phase 3: Adjust pointers
[2019-04-15T13:46:13.296+0200][255,455s] GC(415) Phase 3: Adjust pointers 220,797ms
[2019-04-15T13:46:13.296+0200][255,455s] GC(415) Phase 4: Move objects
[2019-04-15T13:46:13.416+0200][255,575s] GC(415) Phase 4: Move objects 120,086ms
[2019-04-15T13:46:13.417+0200][255,576s] GC(415) ParNew: 109248K->105431K(109248K)
[2019-04-15T13:46:13.417+0200][255,576s] GC(415) CMS: 393215K->393030K(393216K)
[2019-04-15T13:46:13.417+0200][255,576s] GC(415) Metaspace: 85323K->85323K(1128448K)
[2019-04-15T13:46:13.417+0200][255,576s] GC(415) Pause Full (Allocation Failure) 490M->486M(490M) 938,005ms
[2019-04-15T13:46:13.417+0200][255,576s] GC(415) User=1,31s Sys=0,00s Real=0,94s
[2019-04-15T13:46:13.438+0200][255,597s] GC(416) Pause Full (Allocation Failure)
[2019-04-15T13:46:13.438+0200][255,597s] GC(416) Phase 1: Mark live objects
[2019-04-15T13:46:13.680+0200][255,839s] GC(416) Phase 1: Mark live objects 241,434ms
[2019-04-15T13:46:13.680+0200][255,839s] GC(416) Phase 2: Compute new object addresses
[2019-04-15T13:46:13.908+0200][256,067s] GC(416) Phase 2: Compute new object addresses 227,731ms
[2019-04-15T13:46:13.908+0200][256,067s] GC(416) Phase 3: Adjust pointers
[2019-04-15T13:46:14.131+0200][256,290s] GC(416) Phase 3: Adjust pointers 222,995ms
[2019-04-15T13:46:14.131+0200][256,290s] GC(416) Phase 4: Move objects
[2019-04-15T13:46:14.259+0200][256,418s] GC(416) Phase 4: Move objects 128,701ms
[2019-04-15T13:46:14.260+0200][256,419s] GC(416) ParNew: 109248K->106569K(109248K)
[2019-04-15T13:46:14.260+0200][256,419s] GC(416) CMS: 393215K->393077K(393216K)
[2019-04-15T13:46:14.260+0200][256,419s] GC(416) Metaspace: 85323K->85323K(1128448K)
[2019-04-15T13:46:14.260+0200][256,419s] GC(416) Pause Full (Allocation Failure) 490M->487M(490M) 822,143ms
[2019-04-15T13:46:14.260+0200][256,419s] GC(416) User=0,83s Sys=0,00s Real=0,82s
[2019-04-15T13:46:14.260+0200][256,419s] GC(417) Pause Initial Mark
[2019-04-15T13:46:14.302+0200][256,461s] GC(417) Pause Initial Mark 487M->487M(490M) 41,769ms
[2019-04-15T13:46:14.302+0200][256,461s] GC(417) User=0,05s Sys=0,00s Real=0,04s
[2019-04-15T13:46:14.302+0200][256,461s] GC(417) Concurrent Mark
[2019-04-15T13:46:14.302+0200][256,461s] GC(417) Using 4 workers of 4 for marking
[2019-04-15T13:46:14.326+0200][256,484s] GC(418) Pause Full (Allocation Failure)
[2019-04-15T13:46:14.464+0200][256,623s] GC(417) Concurrent Mark 161,694ms
[2019-04-15T13:46:14.464+0200][256,623s] GC(417) User=0,62s Sys=0,00s Real=0,16s
[2019-04-15T13:46:14.464+0200][256,623s] GC(418) Phase 1: Mark live objects
[2019-04-15T13:46:14.701+0200][256,860s] GC(418) Phase 1: Mark live objects 236,610ms
[2019-04-15T13:46:14.701+0200][256,860s] GC(418) Phase 2: Compute new object addresses
[2019-04-15T13:46:14.930+0200][257,089s] GC(418) Phase 2: Compute new object addresses 229,231ms
[2019-04-15T13:46:14.930+0200][257,089s] GC(418) Phase 3: Adjust pointers
[2019-04-15T13:46:15.151+0200][257,310s] GC(418) Phase 3: Adjust pointers 220,416ms
[2019-04-15T13:46:15.151+0200][257,310s] GC(418) Phase 4: Move objects
[2019-04-15T13:46:15.271+0200][257,430s] GC(418) Phase 4: Move objects 120,382ms
[2019-04-15T13:46:15.272+0200][257,431s] GC(418) ParNew: 109161K->106510K(109248K)
[2019-04-15T13:46:15.272+0200][257,431s] GC(418) CMS: 393077K->392826K(393216K)
[2019-04-15T13:46:15.272+0200][257,431s] GC(418) Metaspace: 85322K->85322K(1128448K)
[2019-04-15T13:46:15.272+0200][257,431s] GC(418) Pause Full (Allocation Failure) 490M->487M(490M) 946,504ms
[2019-04-15T13:46:15.272+0200][257,431s] GC(418) User=1,34s Sys=0,00s Real=0,94s
[2019-04-15T13:46:15.273+0200][257,432s] GC(419) Pause Full (Allocation Failure)
[2019-04-15T13:46:15.273+0200][257,432s] GC(419) Phase 1: Mark live objects
[2019-04-15T13:46:15.507+0200][257,666s] GC(419) Phase 1: Mark live objects 233,817ms
[2019-04-15T13:46:15.507+0200][257,666s] GC(419) Phase 2: Compute new object addresses
[2019-04-15T13:46:15.734+0200][257,893s] GC(419) Phase 2: Compute new object addresses 226,712ms
[2019-04-15T13:46:15.734+0200][257,893s] GC(419) Phase 3: Adjust pointers
[2019-04-15T13:46:15.954+0200][258,113s] GC(419) Phase 3: Adjust pointers 219,573ms
[2019-04-15T13:46:15.954+0200][258,113s] GC(419) Phase 4: Move objects
[2019-04-15T13:46:16.067+0200][258,226s] GC(419) Phase 4: Move objects 113,825ms
[2019-04-15T13:46:16.068+0200][258,227s] GC(419) ParNew: 108768K->106495K(109248K)
[2019-04-15T13:46:16.068+0200][258,227s] GC(419) CMS: 392826K->392727K(393216K)
[2019-04-15T13:46:16.068+0200][258,227s] GC(419) Metaspace: 85322K->85322K(1128448K)
[2019-04-15T13:46:16.068+0200][258,227s] GC(419) Pause Full (Allocation Failure) 489M->487M(490M) 795,302ms
[2019-04-15T13:46:16.068+0200][258,227s] GC(419) User=0,79s Sys=0,00s Real=0,79s
[2019-04-15T13:46:16.069+0200][258,228s] GC(420) Pause Initial Mark
[2019-04-15T13:46:16.115+0200][258,274s] GC(420) Pause Initial Mark 488M->488M(490M) 46,519ms
[2019-04-15T13:46:16.116+0200][258,274s] GC(420) User=0,06s Sys=0,00s Real=0,05s
[2019-04-15T13:46:16.116+0200][258,275s] GC(420) Concurrent Mark
[2019-04-15T13:46:16.116+0200][258,275s] GC(420) Using 4 workers of 4 for marking
[2019-04-15T13:46:16.126+0200][258,285s] GC(421) Pause Full (Allocation Failure)
[2019-04-15T13:46:16.281+0200][258,440s] GC(420) Concurrent Mark 165,269ms
[2019-04-15T13:46:16.281+0200][258,440s] GC(420) User=0,63s Sys=0,01s Real=0,16s
[2019-04-15T13:46:16.281+0200][258,440s] GC(421) Phase 1: Mark live objects
[2019-04-15T13:46:16.513+0200][258,672s] GC(421) Phase 1: Mark live objects 231,724ms
[2019-04-15T13:46:16.513+0200][258,672s] GC(421) Phase 2: Compute new object addresses
[2019-04-15T13:46:16.741+0200][258,900s] GC(421) Phase 2: Compute new object addresses 228,197ms
[2019-04-15T13:46:16.741+0200][258,900s] GC(421) Phase 3: Adjust pointers
[2019-04-15T13:46:16.970+0200][259,129s] GC(421) Phase 3: Adjust pointers 228,487ms
[2019-04-15T13:46:16.970+0200][259,129s] GC(421) Phase 4: Move objects
[2019-04-15T13:46:17.117+0200][259,276s] GC(421) Phase 4: Move objects 147,127ms
[2019-04-15T13:46:17.118+0200][259,276s] GC(421) ParNew: 109247K->105964K(109248K)
[2019-04-15T13:46:17.118+0200][259,277s] GC(421) CMS: 392729K->393216K(393216K)
[2019-04-15T13:46:17.118+0200][259,277s] GC(421) Metaspace: 85323K->85323K(1128448K)
[2019-04-15T13:46:17.118+0200][259,277s] GC(421) Pause Full (Allocation Failure) 490M->487M(490M) 991,606ms
[2019-04-15T13:46:17.118+0200][259,277s] GC(421) User=1,42s Sys=0,01s Real=0,99s
[2019-04-15T13:46:17.119+0200][259,278s] GC(422) Pause Full (Allocation Failure)
[2019-04-15T13:46:17.119+0200][259,278s] GC(422) Phase 1: Mark live objects
[2019-04-15T13:46:17.361+0200][259,520s] GC(422) Phase 1: Mark live objects 241,566ms
[2019-04-15T13:46:17.361+0200][259,520s] GC(422) Phase 2: Compute new object addresses
[2019-04-15T13:46:17.591+0200][259,750s] GC(422) Phase 2: Compute new object addresses 229,929ms
[2019-04-15T13:46:17.591+0200][259,750s] GC(422) Phase 3: Adjust pointers
[2019-04-15T13:46:17.817+0200][259,976s] GC(422) Phase 3: Adjust pointers 226,714ms
[2019-04-15T13:46:17.817+0200][259,976s] GC(422) Phase 4: Move objects
[2019-04-15T13:46:17.973+0200][260,132s] GC(422) Phase 4: Move objects 155,595ms
[2019-04-15T13:46:17.974+0200][260,133s] GC(422) ParNew: 108958K->105273K(109248K)
[2019-04-15T13:46:17.974+0200][260,133s] GC(422) CMS: 393216K->393216K(393216K)
[2019-04-15T13:46:17.974+0200][260,133s] GC(422) Metaspace: 85323K->85323K(1128448K)
[2019-04-15T13:46:17.974+0200][260,133s] GC(422) Pause Full (Allocation Failure) 490M->486M(490M) 855,214ms
[2019-04-15T13:46:17.974+0200][260,133s] GC(422) User=0,86s Sys=0,00s Real=0,86s
[2019-04-15T13:46:17.974+0200][260,133s] GC(423) Pause Initial Mark
[2019-04-15T13:46:18.011+0200][260,170s] GC(423) Pause Initial Mark 487M->487M(490M) 37,111ms
[2019-04-15T13:46:18.011+0200][260,170s] GC(423) User=0,05s Sys=0,00s Real=0,03s
[2019-04-15T13:46:18.011+0200][260,170s] GC(423) Concurrent Mark
[2019-04-15T13:46:18.011+0200][260,170s] GC(423) Using 4 workers of 4 for marking
[2019-04-15T13:46:18.012+0200][260,171s] GC(424) Pause Full (Allocation Failure)
[2019-04-15T13:46:18.177+0200][260,336s] GC(423) Concurrent Mark 165,480ms
[2019-04-15T13:46:18.177+0200][260,336s] GC(423) User=0,63s Sys=0,00s Real=0,17s
[2019-04-15T13:46:18.177+0200][260,336s] GC(424) Phase 1: Mark live objects
[2019-04-15T13:46:18.416+0200][260,575s] GC(424) Phase 1: Mark live objects 239,429ms
[2019-04-15T13:46:18.417+0200][260,575s] GC(424) Phase 2: Compute new object addresses
[2019-04-15T13:46:18.646+0200][260,805s] GC(424) Phase 2: Compute new object addresses 229,745ms
[2019-04-15T13:46:18.646+0200][260,805s] GC(424) Phase 3: Adjust pointers
[2019-04-15T13:46:18.876+0200][261,035s] GC(424) Phase 3: Adjust pointers 229,760ms
[2019-04-15T13:46:18.876+0200][261,035s] GC(424) Phase 4: Move objects
[2019-04-15T13:46:19.024+0200][261,183s] GC(424) Phase 4: Move objects 147,756ms
[2019-04-15T13:46:19.025+0200][261,184s] GC(424) ParNew: 109148K->105145K(109248K)
[2019-04-15T13:46:19.025+0200][261,184s] GC(424) CMS: 393216K->393215K(393216K)
[2019-04-15T13:46:19.025+0200][261,184s] GC(424) Metaspace: 85323K->85323K(1128448K)
[2019-04-15T13:46:19.025+0200][261,184s] GC(424) Pause Full (Allocation Failure) 490M->486M(490M) 1012,517ms
[2019-04-15T13:46:19.025+0200][261,184s] GC(424) User=1,47s Sys=0,00s Real=1,01s
[2019-04-15T13:46:19.026+0200][261,184s] GC(425) Pause Full (Allocation Failure)
[2019-04-15T13:46:19.026+0200][261,185s] GC(425) Phase 1: Mark live objects
[2019-04-15T13:46:19.269+0200][261,428s] GC(425) Phase 1: Mark live objects 242,956ms
[2019-04-15T13:46:19.269+0200][261,428s] GC(425) Phase 2: Compute new object addresses
[2019-04-15T13:46:19.496+0200][261,655s] GC(425) Phase 2: Compute new object addresses 227,028ms
[2019-04-15T13:46:19.496+0200][261,655s] GC(425) Phase 3: Adjust pointers
[2019-04-15T13:46:19.721+0200][261,880s] GC(425) Phase 3: Adjust pointers 225,389ms
[2019-04-15T13:46:19.721+0200][261,880s] GC(425) Phase 4: Move objects
[2019-04-15T13:46:19.866+0200][262,025s] GC(425) Phase 4: Move objects 144,616ms
[2019-04-15T13:46:19.878+0200][262,037s] GC(425) ParNew: 109082K->104332K(109248K)
[2019-04-15T13:46:19.878+0200][262,037s] GC(425) CMS: 393215K->393215K(393216K)
[2019-04-15T13:46:19.878+0200][262,037s] GC(425) Metaspace: 85323K->85323K(1128448K)
[2019-04-15T13:46:19.878+0200][262,037s] GC(425) Pause Full (Allocation Failure) 490M->485M(490M) 852,146ms
[2019-04-15T13:46:19.878+0200][262,037s] GC(425) User=0,86s Sys=0,00s Real=0,85s
[2019-04-15T13:46:19.878+0200][262,037s] GC(426) Pause Initial Mark
[2019-04-15T13:46:19.924+0200][262,083s] GC(426) Pause Initial Mark 486M->486M(490M) 46,175ms
[2019-04-15T13:46:19.924+0200][262,083s] GC(426) User=0,06s Sys=0,00s Real=0,04s
[2019-04-15T13:46:19.924+0200][262,083s] GC(426) Concurrent Mark
[2019-04-15T13:46:19.924+0200][262,083s] GC(426) Using 4 workers of 4 for marking
[2019-04-15T13:46:19.926+0200][262,085s] GC(427) Pause Full (Allocation Failure)
[2019-04-15T13:46:20.092+0200][262,251s] GC(426) Concurrent Mark 167,858ms
[2019-04-15T13:46:20.092+0200][262,251s] GC(426) User=0,63s Sys=0,00s Real=0,17s
[2019-04-15T13:46:20.092+0200][262,251s] GC(427) Phase 1: Mark live objects
[2019-04-15T13:46:20.331+0200][262,490s] GC(427) Phase 1: Mark live objects 238,900ms
[2019-04-15T13:46:20.331+0200][262,490s] GC(427) Phase 2: Compute new object addresses
[2019-04-15T13:46:20.562+0200][262,721s] GC(427) Phase 2: Compute new object addresses 230,244ms
[2019-04-15T13:46:20.562+0200][262,721s] GC(427) Phase 3: Adjust pointers
[2019-04-15T13:46:20.787+0200][262,946s] GC(427) Phase 3: Adjust pointers 225,384ms
[2019-04-15T13:46:20.787+0200][262,946s] GC(427) Phase 4: Move objects
[2019-04-15T13:46:20.926+0200][263,085s] GC(427) Phase 4: Move objects 138,575ms
[2019-04-15T13:46:20.926+0200][263,085s] GC(427) ParNew: 109240K->104166K(109248K)
[2019-04-15T13:46:20.926+0200][263,085s] GC(427) CMS: 393215K->393216K(393216K)
[2019-04-15T13:46:20.926+0200][263,085s] GC(427) Metaspace: 85315K->85315K(1128448K)
[2019-04-15T13:46:20.926+0200][263,085s] GC(427) Pause Full (Allocation Failure) 490M->485M(490M) 1000,798ms
[2019-04-15T13:46:20.926+0200][263,085s] GC(427) User=1,46s Sys=0,01s Real=1,00s
[2019-04-15T13:46:20.928+0200][263,087s] GC(428) Pause Full (Allocation Failure)
[2019-04-15T13:46:20.928+0200][263,087s] GC(428) Phase 1: Mark live objects
[2019-04-15T13:46:21.167+0200][263,326s] GC(428) Phase 1: Mark live objects 238,536ms
[2019-04-15T13:46:21.167+0200][263,326s] GC(428) Phase 2: Compute new object addresses
[2019-04-15T13:46:21.395+0200][263,553s] GC(428) Phase 2: Compute new object addresses 227,894ms
[2019-04-15T13:46:21.395+0200][263,553s] GC(428) Phase 3: Adjust pointers
[2019-04-15T13:46:21.618+0200][263,777s] GC(428) Phase 3: Adjust pointers 223,222ms
[2019-04-15T13:46:21.618+0200][263,777s] GC(428) Phase 4: Move objects
[2019-04-15T13:46:21.771+0200][263,930s] GC(428) Phase 4: Move objects 152,745ms
[2019-04-15T13:46:21.781+0200][263,940s] GC(428) ParNew: 108837K->103963K(109248K)
[2019-04-15T13:46:21.781+0200][263,940s] GC(428) CMS: 393216K->393215K(393216K)
[2019-04-15T13:46:21.782+0200][263,940s] GC(428) Metaspace: 85315K->85315K(1128448K)
[2019-04-15T13:46:21.782+0200][263,940s] GC(428) Pause Full (Allocation Failure) 490M->485M(490M) 853,885ms
[2019-04-15T13:46:21.782+0200][263,940s] GC(428) User=0,85s Sys=0,00s Real=0,85s
[2019-04-15T13:46:21.782+0200][263,941s] GC(429) Pause Initial Mark
[2019-04-15T13:46:21.828+0200][263,987s] GC(429) Pause Initial Mark 486M->486M(490M) 45,796ms
[2019-04-15T13:46:21.828+0200][263,987s] GC(429) User=0,06s Sys=0,00s Real=0,05s
[2019-04-15T13:46:21.828+0200][263,987s] GC(429) Concurrent Mark
[2019-04-15T13:46:21.828+0200][263,987s] GC(429) Using 4 workers of 4 for marking
[2019-04-15T13:46:21.838+0200][263,997s] GC(430) Pause Full (Allocation Failure)
[2019-04-15T13:46:22.000+0200][264,159s] GC(429) Concurrent Mark 171,677ms
[2019-04-15T13:46:22.000+0200][264,159s] GC(429) User=0,65s Sys=0,00s Real=0,17s
[2019-04-15T13:46:22.000+0200][264,159s] GC(430) Phase 1: Mark live objects
[2019-04-15T13:46:22.244+0200][264,403s] GC(430) Phase 1: Mark live objects 244,216ms
[2019-04-15T13:46:22.244+0200][264,403s] GC(430) Phase 2: Compute new object addresses
[2019-04-15T13:46:22.475+0200][264,634s] GC(430) Phase 2: Compute new object addresses 230,429ms
[2019-04-15T13:46:22.475+0200][264,634s] GC(430) Phase 3: Adjust pointers
[2019-04-15T13:46:22.697+0200][264,856s] GC(430) Phase 3: Adjust pointers 222,204ms
[2019-04-15T13:46:22.697+0200][264,856s] GC(430) Phase 4: Move objects
[2019-04-15T13:46:22.826+0200][264,985s] GC(430) Phase 4: Move objects 129,179ms
[2019-04-15T13:46:22.827+0200][264,986s] GC(430) ParNew: 108978K->104114K(109248K)
[2019-04-15T13:46:22.827+0200][264,986s] GC(430) CMS: 393215K->393216K(393216K)
[2019-04-15T13:46:22.827+0200][264,986s] GC(430) Metaspace: 85289K->85289K(1128448K)
[2019-04-15T13:46:22.827+0200][264,986s] GC(430) Pause Full (Allocation Failure) 490M->485M(490M) 988,939ms
[2019-04-15T13:46:22.827+0200][264,986s] GC(430) User=1,44s Sys=0,00s Real=0,99s
[2019-04-15T13:46:22.829+0200][264,988s] GC(431) Pause Full (Allocation Failure)
[2019-04-15T13:46:22.829+0200][264,988s] GC(431) Phase 1: Mark live objects
[2019-04-15T13:46:23.072+0200][265,231s] GC(431) Phase 1: Mark live objects 242,873ms
[2019-04-15T13:46:23.072+0200][265,231s] GC(431) Phase 2: Compute new object addresses
[2019-04-15T13:46:23.296+0200][265,455s] GC(431) Phase 2: Compute new object addresses 223,257ms
[2019-04-15T13:46:23.296+0200][265,455s] GC(431) Phase 3: Adjust pointers
[2019-04-15T13:46:23.518+0200][265,677s] GC(431) Phase 3: Adjust pointers 222,360ms
[2019-04-15T13:46:23.518+0200][265,677s] GC(431) Phase 4: Move objects
[2019-04-15T13:46:23.664+0200][265,823s] GC(431) Phase 4: Move objects 145,838ms
[2019-04-15T13:46:23.675+0200][265,834s] GC(431) ParNew: 109247K->102759K(109248K)
[2019-04-15T13:46:23.675+0200][265,834s] GC(431) CMS: 393216K->393215K(393216K)
[2019-04-15T13:46:23.675+0200][265,834s] GC(431) Metaspace: 85289K->85289K(1128448K)
[2019-04-15T13:46:23.675+0200][265,834s] GC(431) Pause Full (Allocation Failure) 490M->484M(490M) 846,168ms
[2019-04-15T13:46:23.675+0200][265,834s] GC(431) User=0,85s Sys=0,00s Real=0,85s
[2019-04-15T13:46:23.675+0200][265,834s] GC(432) Pause Initial Mark
[2019-04-15T13:46:23.720+0200][265,879s] GC(432) Pause Initial Mark 484M->484M(490M) 44,301ms
[2019-04-15T13:46:23.720+0200][265,879s] GC(432) User=0,05s Sys=0,00s Real=0,04s
[2019-04-15T13:46:23.720+0200][265,879s] GC(432) Concurrent Mark
[2019-04-15T13:46:23.720+0200][265,879s] GC(432) Using 4 workers of 4 for marking
[2019-04-15T13:46:23.759+0200][265,918s] GC(433) Pause Full (Allocation Failure)
[2019-04-15T13:46:23.916+0200][266,075s] GC(432) Concurrent Mark 195,947ms
[2019-04-15T13:46:23.916+0200][266,075s] GC(432) User=0,74s Sys=0,01s Real=0,20s
[2019-04-15T13:46:23.916+0200][266,075s] GC(433) Phase 1: Mark live objects
[2019-04-15T13:46:24.154+0200][266,313s] GC(433) Phase 1: Mark live objects 238,038ms
[2019-04-15T13:46:24.154+0200][266,313s] GC(433) Phase 2: Compute new object addresses
[2019-04-15T13:46:24.381+0200][266,540s] GC(433) Phase 2: Compute new object addresses 226,925ms
[2019-04-15T13:46:24.381+0200][266,540s] GC(433) Phase 3: Adjust pointers
[2019-04-15T13:46:24.605+0200][266,764s] GC(433) Phase 3: Adjust pointers 224,018ms
[2019-04-15T13:46:24.605+0200][266,764s] GC(433) Phase 4: Move objects
[2019-04-15T13:46:24.757+0200][266,916s] GC(433) Phase 4: Move objects 151,836ms
[2019-04-15T13:46:24.758+0200][266,917s] GC(433) ParNew: 109230K->103363K(109248K)
[2019-04-15T13:46:24.758+0200][266,917s] GC(433) CMS: 393215K->393215K(393216K)
[2019-04-15T13:46:24.758+0200][266,917s] GC(433) Metaspace: 85278K->85278K(1128448K)
[2019-04-15T13:46:24.758+0200][266,917s] GC(433) Pause Full (Allocation Failure) 490M->484M(490M) 998,899ms
[2019-04-15T13:46:24.758+0200][266,917s] GC(433) User=1,44s Sys=0,00s Real=1,00s
[2019-04-15T13:46:24.784+0200][266,943s] GC(434) Pause Full (Allocation Failure)
[2019-04-15T13:46:24.785+0200][266,944s] GC(434) Phase 1: Mark live objects
[2019-04-15T13:46:25.031+0200][267,190s] GC(434) Phase 1: Mark live objects 246,318ms
[2019-04-15T13:46:25.031+0200][267,190s] GC(434) Phase 2: Compute new object addresses
[2019-04-15T13:46:25.261+0200][267,420s] GC(434) Phase 2: Compute new object addresses 230,012ms
[2019-04-15T13:46:25.261+0200][267,420s] GC(434) Phase 3: Adjust pointers
[2019-04-15T13:46:25.491+0200][267,650s] GC(434) Phase 3: Adjust pointers 229,801ms
[2019-04-15T13:46:25.491+0200][267,650s] GC(434) Phase 4: Move objects
[2019-04-15T13:46:25.645+0200][267,804s] GC(434) Phase 4: Move objects 153,889ms
[2019-04-15T13:46:25.657+0200][267,816s] GC(434) ParNew: 109247K->103564K(109248K)
[2019-04-15T13:46:25.657+0200][267,816s] GC(434) CMS: 393215K->393215K(393216K)
[2019-04-15T13:46:25.657+0200][267,816s] GC(434) Metaspace: 85295K->85295K(1128448K)
[2019-04-15T13:46:25.657+0200][267,816s] GC(434) Pause Full (Allocation Failure) 490M->485M(490M) 873,036ms
[2019-04-15T13:46:25.657+0200][267,816s] GC(434) User=0,91s Sys=0,01s Real=0,88s
[2019-04-15T13:46:25.659+0200][267,818s] GC(435) Pause Initial Mark
[2019-04-15T13:46:25.697+0200][267,856s] GC(435) Pause Initial Mark 485M->485M(490M) 37,606ms
[2019-04-15T13:46:25.697+0200][267,856s] GC(435) User=0,05s Sys=0,00s Real=0,04s
[2019-04-15T13:46:25.697+0200][267,856s] GC(435) Concurrent Mark
[2019-04-15T13:46:25.697+0200][267,856s] GC(435) Using 4 workers of 4 for marking
[2019-04-15T13:46:25.792+0200][267,951s] GC(436) Pause Full (Allocation Failure)
[2019-04-15T13:46:25.889+0200][268,048s] GC(435) Concurrent Mark 191,638ms
[2019-04-15T13:46:25.889+0200][268,048s] GC(435) User=0,74s Sys=0,00s Real=0,19s
[2019-04-15T13:46:25.889+0200][268,048s] GC(436) Phase 1: Mark live objects
[2019-04-15T13:46:26.128+0200][268,287s] GC(436) Phase 1: Mark live objects 238,724ms
[2019-04-15T13:46:26.128+0200][268,287s] GC(436) Phase 2: Compute new object addresses
[2019-04-15T13:46:26.356+0200][268,515s] GC(436) Phase 2: Compute new object addresses 228,385ms
[2019-04-15T13:46:26.356+0200][268,515s] GC(436) Phase 3: Adjust pointers
[2019-04-15T13:46:26.580+0200][268,739s] GC(436) Phase 3: Adjust pointers 224,324ms
[2019-04-15T13:46:26.580+0200][268,739s] GC(436) Phase 4: Move objects
[2019-04-15T13:46:26.732+0200][268,891s] GC(436) Phase 4: Move objects 151,423ms
[2019-04-15T13:46:26.733+0200][268,892s] GC(436) ParNew: 109247K->105047K(109248K)
[2019-04-15T13:46:26.733+0200][268,892s] GC(436) CMS: 393215K->393216K(393216K)
[2019-04-15T13:46:26.733+0200][268,892s] GC(436) Metaspace: 85281K->85281K(1128448K)
[2019-04-15T13:46:26.733+0200][268,892s] GC(436) Pause Full (Allocation Failure) 490M->486M(490M) 940,773ms
[2019-04-15T13:46:26.733+0200][268,892s] GC(436) User=1,22s Sys=0,00s Real=0,94s
[2019-04-15T13:46:26.764+0200][268,923s] GC(437) Pause Full (Allocation Failure)
[2019-04-15T13:46:26.764+0200][268,923s] GC(437) Phase 1: Mark live objects
[2019-04-15T13:46:26.917+0200][269,076s] GC(437) Phase 1: Mark live objects 152,857ms
[2019-04-15T13:46:26.917+0200][269,076s] GC(437) Phase 2: Compute new object addresses
[2019-04-15T13:46:27.091+0200][269,250s] GC(437) Phase 2: Compute new object addresses 173,977ms
[2019-04-15T13:46:27.091+0200][269,250s] GC(437) Phase 3: Adjust pointers
[2019-04-15T13:46:27.207+0200][269,366s] GC(437) Phase 3: Adjust pointers 115,867ms
[2019-04-15T13:46:27.207+0200][269,366s] GC(437) Phase 4: Move objects
[2019-04-15T13:46:27.287+0200][269,446s] GC(437) Phase 4: Move objects 80,142ms
[2019-04-15T13:46:27.299+0200][269,458s] GC(437) ParNew: 108779K->0K(109248K)
[2019-04-15T13:46:27.299+0200][269,458s] GC(437) CMS: 393216K->283670K(393216K)
[2019-04-15T13:46:27.299+0200][269,458s] GC(437) Metaspace: 85282K->85282K(1128448K)
[2019-04-15T13:46:27.299+0200][269,458s] GC(437) Pause Full (Allocation Failure) 490M->277M(490M) 534,958ms
[2019-04-15T13:46:27.299+0200][269,458s] GC(437) User=0,54s Sys=0,01s Real=0,54s
[2019-04-15T13:46:27.299+0200][269,458s] GC(438) Pause Initial Mark
[2019-04-15T13:46:27.300+0200][269,459s] GC(438) Pause Initial Mark 277M->277M(490M) 0,516ms
[2019-04-15T13:46:27.300+0200][269,459s] GC(438) User=0,00s Sys=0,00s Real=0,00s
[2019-04-15T13:46:27.300+0200][269,459s] GC(438) Concurrent Mark
[2019-04-15T13:46:27.300+0200][269,459s] GC(438) Using 4 workers of 4 for marking
[2019-04-15T13:46:27.389+0200][269,548s] GC(439) Pause Young (Allocation Failure)
[2019-04-15T13:46:27.389+0200][269,548s] GC(439) Using 4 workers of 4 for evacuation
[2019-04-15T13:46:27.421+0200][269,580s] GC(439) ParNew: 87424K->21824K(109248K)
[2019-04-15T13:46:27.422+0200][269,580s] GC(439) CMS: 283670K->286072K(393216K)
[2019-04-15T13:46:27.422+0200][269,580s] GC(439) Metaspace: 85269K->85269K(1128448K)
[2019-04-15T13:46:27.422+0200][269,580s] GC(439) Pause Young (Allocation Failure) 362M->300M(490M) 32,925ms
[2019-04-15T13:46:27.422+0200][269,580s] GC(439) User=0,11s Sys=0,00s Real=0,03s
[2019-04-15T13:46:27.483+0200][269,642s] GC(438) Concurrent Mark 182,939ms
[2019-04-15T13:46:27.483+0200][269,642s] GC(438) User=0,66s Sys=0,00s Real=0,18s
[2019-04-15T13:46:27.483+0200][269,642s] GC(438) Concurrent Preclean
[2019-04-15T13:46:27.485+0200][269,644s] GC(438) Concurrent Preclean 2,505ms
[2019-04-15T13:46:27.485+0200][269,644s] GC(438) User=0,01s Sys=0,00s Real=0,01s
[2019-04-15T13:46:27.485+0200][269,644s] GC(438) Concurrent Abortable Preclean
[2019-04-15T13:46:27.499+0200][269,658s] GC(440) Pause Young (Allocation Failure)
[2019-04-15T13:46:27.499+0200][269,658s] GC(440) Using 4 workers of 4 for evacuation
[2019-04-15T13:46:27.570+0200][269,729s] GC(440) ParNew: 109248K->21824K(109248K)
[2019-04-15T13:46:27.570+0200][269,729s] GC(440) CMS: 286072K->320494K(393216K)
[2019-04-15T13:46:27.570+0200][269,729s] GC(440) Metaspace: 85269K->85269K(1128448K)
[2019-04-15T13:46:27.570+0200][269,729s] GC(440) Pause Young (Allocation Failure) 386M->334M(490M) 71,138ms
[2019-04-15T13:46:27.570+0200][269,729s] GC(440) User=0,27s Sys=0,00s Real=0,07s
[2019-04-15T13:46:27.642+0200][269,801s] GC(441) Pause Young (Allocation Failure)
[2019-04-15T13:46:27.642+0200][269,801s] GC(441) Using 4 workers of 4 for evacuation
[2019-04-15T13:46:27.702+0200][269,861s] GC(441) ParNew: 109248K->21824K(109248K)
[2019-04-15T13:46:27.702+0200][269,861s] GC(441) CMS: 320494K->341885K(393216K)
[2019-04-15T13:46:27.702+0200][269,861s] GC(441) Metaspace: 85269K->85269K(1128448K)
[2019-04-15T13:46:27.702+0200][269,861s] GC(441) Pause Young (Allocation Failure) 419M->355M(490M) 60,584ms
[2019-04-15T13:46:27.702+0200][269,861s] GC(441) User=0,22s Sys=0,00s Real=0,06s
[2019-04-15T13:46:27.730+0200][269,889s] GC(438) Concurrent Abortable Preclean 244,959ms
[2019-04-15T13:46:27.730+0200][269,889s] GC(438) User=0,84s Sys=0,00s Real=0,24s
[2019-04-15T13:46:27.730+0200][269,889s] GC(438) Pause Remark
[2019-04-15T13:46:27.730+0200][269,889s] GC(442) Pause Young (CMS Final Remark)
[2019-04-15T13:46:27.730+0200][269,889s] GC(442) Using 4 workers of 4 for evacuation
[2019-04-15T13:46:27.781+0200][269,940s] GC(442) ParNew: 69215K->21824K(109248K)
[2019-04-15T13:46:27.781+0200][269,940s] GC(442) CMS: 341885K->360723K(393216K)
[2019-04-15T13:46:27.781+0200][269,940s] GC(442) Metaspace: 85269K->85269K(1128448K)
[2019-04-15T13:46:27.781+0200][269,940s] GC(442) Pause Young (CMS Final Remark) 401M->373M(490M) 50,960ms
[2019-04-15T13:46:27.781+0200][269,940s] GC(442) User=0,19s Sys=0,00s Real=0,05s
[2019-04-15T13:46:27.847+0200][270,006s] GC(438) Pause Remark 401M->373M(490M) 116,868ms
[2019-04-15T13:46:27.847+0200][270,006s] GC(438) User=0,36s Sys=0,00s Real=0,12s
[2019-04-15T13:46:27.847+0200][270,006s] GC(438) Concurrent Sweep
[2019-04-15T13:46:27.910+0200][270,069s] GC(443) Pause Young (Allocation Failure)
[2019-04-15T13:46:27.910+0200][270,069s] GC(443) Using 4 workers of 4 for evacuation
[2019-04-15T13:46:27.910+0200][270,069s] GC(444) Pause Full (Allocation Failure)
[2019-04-15T13:46:28.004+0200][270,163s] GC(438) Concurrent Sweep 156,272ms
[2019-04-15T13:46:28.004+0200][270,163s] GC(438) User=0,38s Sys=0,01s Real=0,15s
[2019-04-15T13:46:28.004+0200][270,163s] GC(444) Phase 1: Mark live objects
[2019-04-15T13:46:28.234+0200][270,393s] GC(444) Phase 1: Mark live objects 229,874ms
[2019-04-15T13:46:28.234+0200][270,393s] GC(444) Phase 2: Compute new object addresses
[2019-04-15T13:46:28.434+0200][270,593s] GC(444) Phase 2: Compute new object addresses 200,689ms
[2019-04-15T13:46:28.434+0200][270,593s] GC(444) Phase 3: Adjust pointers
[2019-04-15T13:46:28.612+0200][270,771s] GC(444) Phase 3: Adjust pointers 177,150ms
[2019-04-15T13:46:28.612+0200][270,771s] GC(444) Phase 4: Move objects
[2019-04-15T13:46:28.734+0200][270,893s] GC(444) Phase 4: Move objects 122,534ms
[2019-04-15T13:46:28.735+0200][270,894s] GC(444) Pause Full (Allocation Failure) 458M->386M(490M) 825,059ms
[2019-04-15T13:46:28.735+0200][270,894s] GC(443) ParNew: 109248K->2251K(109248K)
[2019-04-15T13:46:28.735+0200][270,894s] GC(443) CMS: 360720K->393215K(393216K)
[2019-04-15T13:46:28.735+0200][270,894s] GC(443) Metaspace: 85269K->85269K(1128448K)
[2019-04-15T13:46:28.735+0200][270,894s] GC(443) Pause Young (Allocation Failure) 458M->386M(490M) 825,333ms
[2019-04-15T13:46:28.735+0200][270,894s] GC(443) User=1,06s Sys=0,00s Real=0,83s
[2019-04-15T13:46:28.735+0200][270,894s] GC(438) Old: 283670K->393215K(393216K)
[2019-04-15T13:46:28.909+0200][271,068s] GC(445) Pause Full (Allocation Failure)
[2019-04-15T13:46:28.910+0200][271,069s] GC(445) Phase 1: Mark live objects
[2019-04-15T13:46:29.117+0200][271,276s] GC(445) Phase 1: Mark live objects 207,676ms
[2019-04-15T13:46:29.117+0200][271,276s] GC(445) Phase 2: Compute new object addresses
[2019-04-15T13:46:29.329+0200][271,488s] GC(445) Phase 2: Compute new object addresses 211,809ms
[2019-04-15T13:46:29.329+0200][271,488s] GC(445) Phase 3: Adjust pointers
[2019-04-15T13:46:29.513+0200][271,672s] GC(445) Phase 3: Adjust pointers 183,748ms
[2019-04-15T13:46:29.513+0200][271,672s] GC(445) Phase 4: Move objects
[2019-04-15T13:46:29.566+0200][271,725s] GC(445) Phase 4: Move objects 53,127ms
[2019-04-15T13:46:29.567+0200][271,726s] GC(445) ParNew: 109247K->30087K(109248K)
[2019-04-15T13:46:29.567+0200][271,726s] GC(445) CMS: 393216K->393215K(393216K)
[2019-04-15T13:46:29.567+0200][271,726s] GC(445) Metaspace: 85269K->85269K(1128448K)
[2019-04-15T13:46:29.567+0200][271,726s] GC(445) Pause Full (Allocation Failure) 490M->413M(490M) 657,594ms
[2019-04-15T13:46:29.567+0200][271,726s] GC(445) User=0,65s Sys=0,00s Real=0,66s
[2019-04-15T13:46:29.567+0200][271,726s] GC(446) Pause Initial Mark
[2019-04-15T13:46:29.581+0200][271,740s] GC(446) Pause Initial Mark 415M->415M(490M) 13,978ms
[2019-04-15T13:46:29.581+0200][271,740s] GC(446) User=0,02s Sys=0,00s Real=0,01s
[2019-04-15T13:46:29.581+0200][271,740s] GC(446) Concurrent Mark
[2019-04-15T13:46:29.581+0200][271,740s] GC(446) Using 4 workers of 4 for marking
[2019-04-15T13:46:29.804+0200][271,963s] GC(446) Concurrent Mark 222,563ms
[2019-04-15T13:46:29.804+0200][271,963s] GC(446) User=0,86s Sys=0,00s Real=0,22s
[2019-04-15T13:46:29.804+0200][271,963s] GC(446) Concurrent Preclean
[2019-04-15T13:46:29.834+0200][271,993s] GC(447) Pause Full (Allocation Failure)
[2019-04-15T13:46:30.055+0200][272,214s] GC(446) Concurrent Preclean 251,659ms
[2019-04-15T13:46:30.055+0200][272,214s] GC(446) User=0,28s Sys=0,00s Real=0,26s
[2019-04-15T13:46:30.056+0200][272,215s] GC(447) Phase 1: Mark live objects
[2019-04-15T13:46:30.278+0200][272,437s] GC(447) Phase 1: Mark live objects 222,725ms
[2019-04-15T13:46:30.278+0200][272,437s] GC(447) Phase 2: Compute new object addresses
[2019-04-15T13:46:30.496+0200][272,655s] GC(447) Phase 2: Compute new object addresses 217,486ms
[2019-04-15T13:46:30.496+0200][272,655s] GC(447) Phase 3: Adjust pointers
[2019-04-15T13:46:30.690+0200][272,849s] GC(447) Phase 3: Adjust pointers 193,943ms
[2019-04-15T13:46:30.690+0200][272,849s] GC(447) Phase 4: Move objects
[2019-04-15T13:46:30.811+0200][272,970s] GC(447) Phase 4: Move objects 121,500ms
[2019-04-15T13:46:30.812+0200][272,971s] GC(447) ParNew: 109247K->51885K(109248K)
[2019-04-15T13:46:30.812+0200][272,971s] GC(447) CMS: 393215K->393215K(393216K)
[2019-04-15T13:46:30.812+0200][272,971s] GC(447) Metaspace: 85269K->85269K(1128448K)
[2019-04-15T13:46:30.812+0200][272,971s] GC(447) Pause Full (Allocation Failure) 490M->434M(490M) 977,823ms
[2019-04-15T13:46:30.812+0200][272,971s] GC(447) User=0,98s Sys=0,00s Real=0,97s
[2019-04-15T13:46:30.946+0200][273,105s] GC(448) Pause Full (Allocation Failure)
[2019-04-15T13:46:30.946+0200][273,105s] GC(448) Phase 1: Mark live objects
[2019-04-15T13:46:31.170+0200][273,328s] GC(448) Phase 1: Mark live objects 223,064ms
[2019-04-15T13:46:31.170+0200][273,329s] GC(448) Phase 2: Compute new object addresses
[2019-04-15T13:46:31.387+0200][273,546s] GC(448) Phase 2: Compute new object addresses 217,103ms
[2019-04-15T13:46:31.387+0200][273,546s] GC(448) Phase 3: Adjust pointers
[2019-04-15T13:46:31.576+0200][273,735s] GC(448) Phase 3: Adjust pointers 189,187ms
[2019-04-15T13:46:31.576+0200][273,735s] GC(448) Phase 4: Move objects
[2019-04-15T13:46:31.635+0200][273,794s] GC(448) Phase 4: Move objects 59,116ms
[2019-04-15T13:46:31.636+0200][273,795s] GC(448) ParNew: 109247K->64877K(109248K)
[2019-04-15T13:46:31.636+0200][273,795s] GC(448) CMS: 393215K->393215K(393216K)
[2019-04-15T13:46:31.636+0200][273,795s] GC(448) Metaspace: 85269K->85269K(1128448K)
[2019-04-15T13:46:31.636+0200][273,795s] GC(448) Pause Full (Allocation Failure) 490M->447M(490M) 689,684ms
[2019-04-15T13:46:31.636+0200][273,795s] GC(448) User=0,69s Sys=0,00s Real=0,69s
[2019-04-15T13:46:31.636+0200][273,795s] GC(449) Pause Initial Mark
[2019-04-15T13:46:31.666+0200][273,825s] GC(449) Pause Initial Mark 448M->448M(490M) 30,163ms
[2019-04-15T13:46:31.666+0200][273,825s] GC(449) User=0,03s Sys=0,00s Real=0,03s
[2019-04-15T13:46:31.666+0200][273,825s] GC(449) Concurrent Mark
[2019-04-15T13:46:31.666+0200][273,825s] GC(449) Using 4 workers of 4 for marking
[2019-04-15T13:46:31.886+0200][274,045s] GC(449) Concurrent Mark 219,589ms
[2019-04-15T13:46:31.886+0200][274,045s] GC(449) User=0,85s Sys=0,00s Real=0,22s
[2019-04-15T13:46:31.886+0200][274,045s] GC(449) Concurrent Preclean
[2019-04-15T13:46:31.907+0200][274,066s] GC(450) Pause Full (Allocation Failure)
[2019-04-15T13:46:32.133+0200][274,292s] GC(449) Concurrent Preclean 247,435ms
[2019-04-15T13:46:32.133+0200][274,292s] GC(449) User=0,26s Sys=0,00s Real=0,25s
[2019-04-15T13:46:32.134+0200][274,293s] GC(450) Phase 1: Mark live objects
[2019-04-15T13:46:32.366+0200][274,525s] GC(450) Phase 1: Mark live objects 232,240ms
[2019-04-15T13:46:32.366+0200][274,525s] GC(450) Phase 2: Compute new object addresses
[2019-04-15T13:46:32.583+0200][274,742s] GC(450) Phase 2: Compute new object addresses 217,128ms
[2019-04-15T13:46:32.583+0200][274,742s] GC(450) Phase 3: Adjust pointers
[2019-04-15T13:46:32.769+0200][274,928s] GC(450) Phase 3: Adjust pointers 185,803ms
[2019-04-15T13:46:32.769+0200][274,928s] GC(450) Phase 4: Move objects
[2019-04-15T13:46:32.785+0200][274,944s] GC(450) Phase 4: Move objects 15,858ms
[2019-04-15T13:46:32.785+0200][274,944s] GC(450) ParNew: 109248K->75375K(109248K)
[2019-04-15T13:46:32.786+0200][274,944s] GC(450) CMS: 393215K->393215K(393216K)
[2019-04-15T13:46:32.786+0200][274,944s] GC(450) Metaspace: 85270K->85270K(1128448K)
[2019-04-15T13:46:32.786+0200][274,944s] GC(450) Pause Full (Allocation Failure) 490M->457M(490M) 878,392ms
[2019-04-15T13:46:32.786+0200][274,944s] GC(450) User=0,87s Sys=0,01s Real=0,88s
[2019-04-15T13:46:32.901+0200][275,060s] GC(451) Pause Full (Allocation Failure)
[2019-04-15T13:46:32.902+0200][275,061s] GC(451) Phase 1: Mark live objects
[2019-04-15T13:46:33.138+0200][275,297s] GC(451) Phase 1: Mark live objects 236,342ms
[2019-04-15T13:46:33.138+0200][275,297s] GC(451) Phase 2: Compute new object addresses
[2019-04-15T13:46:33.355+0200][275,514s] GC(451) Phase 2: Compute new object addresses 216,659ms
[2019-04-15T13:46:33.355+0200][275,514s] GC(451) Phase 3: Adjust pointers
[2019-04-15T13:46:33.556+0200][275,715s] GC(451) Phase 3: Adjust pointers 201,252ms
[2019-04-15T13:46:33.556+0200][275,715s] GC(451) Phase 4: Move objects
[2019-04-15T13:46:33.622+0200][275,781s] GC(451) Phase 4: Move objects 66,065ms
[2019-04-15T13:46:33.623+0200][275,782s] GC(451) ParNew: 109247K->84927K(109248K)
[2019-04-15T13:46:33.623+0200][275,782s] GC(451) CMS: 393215K->393215K(393216K)
[2019-04-15T13:46:33.623+0200][275,782s] GC(451) Metaspace: 85270K->85270K(1128448K)
[2019-04-15T13:46:33.623+0200][275,782s] GC(451) Pause Full (Allocation Failure) 490M->466M(490M) 721,538ms
[2019-04-15T13:46:33.623+0200][275,782s] GC(451) User=0,72s Sys=0,00s Real=0,72s
[2019-04-15T13:46:33.623+0200][275,782s] GC(452) Pause Initial Mark
[2019-04-15T13:46:33.662+0200][275,821s] GC(452) Pause Initial Mark 467M->467M(490M) 39,251ms
[2019-04-15T13:46:33.662+0200][275,821s] GC(452) User=0,04s Sys=0,00s Real=0,04s
[2019-04-15T13:46:33.663+0200][275,821s] GC(452) Concurrent Mark
[2019-04-15T13:46:33.663+0200][275,822s] GC(452) Using 4 workers of 4 for marking
[2019-04-15T13:46:33.875+0200][276,034s] GC(453) Pause Full (Allocation Failure)
[2019-04-15T13:46:33.886+0200][276,045s] GC(452) Concurrent Mark 223,373ms
[2019-04-15T13:46:33.886+0200][276,045s] GC(452) User=0,86s Sys=0,00s Real=0,23s
[2019-04-15T13:46:33.886+0200][276,045s] GC(453) Phase 1: Mark live objects
[2019-04-15T13:46:34.133+0200][276,292s] GC(453) Phase 1: Mark live objects 246,888ms
[2019-04-15T13:46:34.133+0200][276,292s] GC(453) Phase 2: Compute new object addresses
[2019-04-15T13:46:34.344+0200][276,503s] GC(453) Phase 2: Compute new object addresses 211,064ms
[2019-04-15T13:46:34.344+0200][276,503s] GC(453) Phase 3: Adjust pointers
[2019-04-15T13:46:34.540+0200][276,699s] GC(453) Phase 3: Adjust pointers 196,115ms
[2019-04-15T13:46:34.540+0200][276,699s] GC(453) Phase 4: Move objects
[2019-04-15T13:46:34.607+0200][276,766s] GC(453) Phase 4: Move objects 67,046ms
[2019-04-15T13:46:34.608+0200][276,767s] GC(453) ParNew: 109247K->89269K(109248K)
[2019-04-15T13:46:34.608+0200][276,767s] GC(453) CMS: 393215K->393215K(393216K)
[2019-04-15T13:46:34.608+0200][276,767s] GC(453) Metaspace: 85270K->85270K(1128448K)
[2019-04-15T13:46:34.608+0200][276,767s] GC(453) Pause Full (Allocation Failure) 490M->471M(490M) 733,379ms
[2019-04-15T13:46:34.608+0200][276,767s] GC(453) User=0,76s Sys=0,00s Real=0,73s
[2019-04-15T13:46:34.716+0200][276,875s] GC(454) Pause Full (Allocation Failure)
[2019-04-15T13:46:34.716+0200][276,875s] GC(454) Phase 1: Mark live objects
[2019-04-15T13:46:34.953+0200][277,112s] GC(454) Phase 1: Mark live objects 236,322ms
[2019-04-15T13:46:34.953+0200][277,112s] GC(454) Phase 2: Compute new object addresses
[2019-04-15T13:46:35.166+0200][277,325s] GC(454) Phase 2: Compute new object addresses 213,008ms
[2019-04-15T13:46:35.166+0200][277,325s] GC(454) Phase 3: Adjust pointers
[2019-04-15T13:46:35.353+0200][277,512s] GC(454) Phase 3: Adjust pointers 187,072ms
[2019-04-15T13:46:35.353+0200][277,512s] GC(454) Phase 4: Move objects
[2019-04-15T13:46:35.358+0200][277,517s] GC(454) Phase 4: Move objects 4,982ms
[2019-04-15T13:46:35.359+0200][277,517s] GC(454) ParNew: 109247K->94090K(109248K)
[2019-04-15T13:46:35.359+0200][277,517s] GC(454) CMS: 393215K->393215K(393216K)
[2019-04-15T13:46:35.359+0200][277,518s] GC(454) Metaspace: 85270K->85270K(1128448K)
[2019-04-15T13:46:35.359+0200][277,518s] GC(454) Pause Full (Allocation Failure) 490M->475M(490M) 642,651ms
[2019-04-15T13:46:35.359+0200][277,518s] GC(454) User=0,64s Sys=0,00s Real=0,64s
[2019-04-15T13:46:35.359+0200][277,518s] GC(455) Pause Initial Mark
[2019-04-15T13:46:35.400+0200][277,559s] GC(455) Pause Initial Mark 475M->475M(490M) 40,989ms
[2019-04-15T13:46:35.400+0200][277,559s] GC(455) User=0,05s Sys=0,00s Real=0,04s
[2019-04-15T13:46:35.400+0200][277,559s] GC(455) Concurrent Mark
[2019-04-15T13:46:35.400+0200][277,559s] GC(455) Using 4 workers of 4 for marking
[2019-04-15T13:46:35.554+0200][277,713s] GC(456) Pause Full (Allocation Failure)
[2019-04-15T13:46:35.599+0200][277,758s] GC(455) Concurrent Mark 198,817ms
[2019-04-15T13:46:35.599+0200][277,758s] GC(455) User=0,75s Sys=0,00s Real=0,20s
[2019-04-15T13:46:35.599+0200][277,758s] GC(456) Phase 1: Mark live objects
[2019-04-15T13:46:35.839+0200][277,998s] GC(456) Phase 1: Mark live objects 240,485ms
[2019-04-15T13:46:35.840+0200][277,998s] GC(456) Phase 2: Compute new object addresses
[2019-04-15T13:46:36.055+0200][278,214s] GC(456) Phase 2: Compute new object addresses 215,641ms
[2019-04-15T13:46:36.055+0200][278,214s] GC(456) Phase 3: Adjust pointers
[2019-04-15T13:46:36.247+0200][278,406s] GC(456) Phase 3: Adjust pointers 192,045ms
[2019-04-15T13:46:36.247+0200][278,406s] GC(456) Phase 4: Move objects
[2019-04-15T13:46:36.262+0200][278,421s] GC(456) Phase 4: Move objects 14,398ms
[2019-04-15T13:46:36.262+0200][278,421s] GC(456) ParNew: 109247K->98511K(109248K)
[2019-04-15T13:46:36.262+0200][278,421s] GC(456) CMS: 393215K->393215K(393216K)
[2019-04-15T13:46:36.262+0200][278,421s] GC(456) Metaspace: 85270K->85270K(1128448K)
[2019-04-15T13:46:36.262+0200][278,421s] GC(456) Pause Full (Allocation Failure) 490M->480M(490M) 708,215ms
[2019-04-15T13:46:36.262+0200][278,421s] GC(456) User=0,84s Sys=0,00s Real=0,70s
[2019-04-15T13:46:36.315+0200][278,474s] GC(457) Pause Full (Allocation Failure)
[2019-04-15T13:46:36.316+0200][278,475s] GC(457) Phase 1: Mark live objects
[2019-04-15T13:46:36.504+0200][278,663s] GC(457) Phase 1: Mark live objects 188,362ms
[2019-04-15T13:46:36.504+0200][278,663s] GC(457) Phase 2: Compute new object addresses
[2019-04-15T13:46:36.704+0200][278,863s] GC(457) Phase 2: Compute new object addresses 200,235ms
[2019-04-15T13:46:36.704+0200][278,863s] GC(457) Phase 3: Adjust pointers
[2019-04-15T13:46:36.863+0200][279,021s] GC(457) Phase 3: Adjust pointers 158,025ms
[2019-04-15T13:46:36.863+0200][279,021s] GC(457) Phase 4: Move objects
[2019-04-15T13:46:36.953+0200][279,112s] GC(457) Phase 4: Move objects 90,674ms
[2019-04-15T13:46:36.954+0200][279,113s] GC(457) ParNew: 109247K->0K(109248K)
[2019-04-15T13:46:36.954+0200][279,113s] GC(457) CMS: 393215K->386794K(393216K)
[2019-04-15T13:46:36.954+0200][279,113s] GC(457) Metaspace: 85270K->85270K(1128448K)
[2019-04-15T13:46:36.954+0200][279,113s] GC(457) Pause Full (Allocation Failure) 490M->377M(490M) 638,537ms
[2019-04-15T13:46:36.954+0200][279,113s] GC(457) User=0,64s Sys=0,00s Real=0,64s
[2019-04-15T13:46:36.954+0200][279,113s] GC(458) Pause Initial Mark
[2019-04-15T13:46:36.955+0200][279,114s] GC(458) Pause Initial Mark 378M->378M(490M) 0,440ms
[2019-04-15T13:46:36.955+0200][279,114s] GC(458) User=0,00s Sys=0,00s Real=0,00s
[2019-04-15T13:46:36.955+0200][279,114s] GC(458) Concurrent Mark
[2019-04-15T13:46:36.955+0200][279,114s] GC(458) Using 4 workers of 4 for marking
[2019-04-15T13:46:37.065+0200][279,224s] GC(459) Pause Young (Allocation Failure)
[2019-04-15T13:46:37.065+0200][279,224s] GC(459) Using 4 workers of 4 for evacuation
[2019-04-15T13:46:37.066+0200][279,224s] GC(460) Pause Full (Allocation Failure)
[2019-04-15T13:46:37.143+0200][279,302s] GC(458) Concurrent Mark 188,411ms
[2019-04-15T13:46:37.143+0200][279,302s] GC(458) User=0,67s Sys=0,00s Real=0,18s
[2019-04-15T13:46:37.143+0200][279,302s] GC(460) Phase 1: Mark live objects
[2019-04-15T13:46:37.345+0200][279,504s] GC(460) Phase 1: Mark live objects 201,665ms
[2019-04-15T13:46:37.345+0200][279,504s] GC(460) Phase 2: Compute new object addresses
[2019-04-15T13:46:37.545+0200][279,704s] GC(460) Phase 2: Compute new object addresses 200,005ms
[2019-04-15T13:46:37.545+0200][279,704s] GC(460) Phase 3: Adjust pointers
[2019-04-15T13:46:37.713+0200][279,872s] GC(460) Phase 3: Adjust pointers 168,091ms
[2019-04-15T13:46:37.713+0200][279,872s] GC(460) Phase 4: Move objects
[2019-04-15T13:46:37.796+0200][279,955s] GC(460) Phase 4: Move objects 82,415ms
[2019-04-15T13:46:37.796+0200][279,955s] GC(460) Pause Full (Allocation Failure) 463M->394M(490M) 730,826ms
[2019-04-15T13:46:37.796+0200][279,955s] GC(459) ParNew: 87424K->10873K(109248K)
[2019-04-15T13:46:37.796+0200][279,955s] GC(459) CMS: 386794K->393216K(393216K)
[2019-04-15T13:46:37.796+0200][279,955s] GC(459) Metaspace: 85270K->85270K(1128448K)
[2019-04-15T13:46:37.796+0200][279,955s] GC(459) Pause Young (Allocation Failure) 463M->394M(490M) 730,976ms
[2019-04-15T13:46:37.796+0200][279,955s] GC(459) User=0,95s Sys=0,00s Real=0,73s
[2019-04-15T13:46:37.955+0200][280,113s] GC(461) Pause Full (Allocation Failure)
[2019-04-15T13:46:37.955+0200][280,114s] GC(461) Phase 1: Mark live objects
[2019-04-15T13:46:38.167+0200][280,326s] GC(461) Phase 1: Mark live objects 211,861ms
[2019-04-15T13:46:38.167+0200][280,326s] GC(461) Phase 2: Compute new object addresses
[2019-04-15T13:46:38.373+0200][280,532s] GC(461) Phase 2: Compute new object addresses 205,741ms
[2019-04-15T13:46:38.373+0200][280,532s] GC(461) Phase 3: Adjust pointers
[2019-04-15T13:46:38.554+0200][280,713s] GC(461) Phase 3: Adjust pointers 181,335ms
[2019-04-15T13:46:38.554+0200][280,713s] GC(461) Phase 4: Move objects
[2019-04-15T13:46:38.648+0200][280,807s] GC(461) Phase 4: Move objects 94,409ms
[2019-04-15T13:46:38.649+0200][280,808s] GC(461) ParNew: 109247K->36774K(109248K)
[2019-04-15T13:46:38.649+0200][280,808s] GC(461) CMS: 393216K->393216K(393216K)
[2019-04-15T13:46:38.649+0200][280,808s] GC(461) Metaspace: 85270K->85270K(1128448K)
[2019-04-15T13:46:38.649+0200][280,808s] GC(461) Pause Full (Allocation Failure) 490M->419M(490M) 694,658ms
[2019-04-15T13:46:38.649+0200][280,808s] GC(461) User=0,69s Sys=0,00s Real=0,69s
[2019-04-15T13:46:38.649+0200][280,808s] GC(462) Pause Initial Mark
[2019-04-15T13:46:38.666+0200][280,825s] GC(462) Pause Initial Mark 421M->421M(490M) 16,339ms
[2019-04-15T13:46:38.666+0200][280,825s] GC(462) User=0,02s Sys=0,00s Real=0,02s
[2019-04-15T13:46:38.666+0200][280,825s] GC(462) Concurrent Mark
[2019-04-15T13:46:38.666+0200][280,825s] GC(462) Using 4 workers of 4 for marking
[2019-04-15T13:46:38.862+0200][281,021s] GC(462) Concurrent Mark 196,554ms
[2019-04-15T13:46:38.862+0200][281,021s] GC(462) User=0,76s Sys=0,00s Real=0,19s
[2019-04-15T13:46:38.862+0200][281,021s] GC(462) Concurrent Preclean
[2019-04-15T13:46:38.922+0200][281,081s] GC(463) Pause Full (Allocation Failure)
[2019-04-15T13:46:39.110+0200][281,268s] GC(462) Concurrent Preclean 247,007ms
[2019-04-15T13:46:39.110+0200][281,268s] GC(462) User=0,30s Sys=0,00s Real=0,25s
[2019-04-15T13:46:39.110+0200][281,269s] GC(463) Phase 1: Mark live objects
[2019-04-15T13:46:39.330+0200][281,488s] GC(463) Phase 1: Mark live objects 219,854ms
[2019-04-15T13:46:39.330+0200][281,489s] GC(463) Phase 2: Compute new object addresses
[2019-04-15T13:46:39.542+0200][281,701s] GC(463) Phase 2: Compute new object addresses 212,113ms
[2019-04-15T13:46:39.542+0200][281,701s] GC(463) Phase 3: Adjust pointers
[2019-04-15T13:46:39.723+0200][281,882s] GC(463) Phase 3: Adjust pointers 181,657ms
[2019-04-15T13:46:39.723+0200][281,882s] GC(463) Phase 4: Move objects
[2019-04-15T13:46:39.817+0200][281,976s] GC(463) Phase 4: Move objects 93,580ms
[2019-04-15T13:46:39.818+0200][281,977s] GC(463) ParNew: 109247K->48438K(109248K)
[2019-04-15T13:46:39.819+0200][281,977s] GC(463) CMS: 393216K->393215K(393216K)
[2019-04-15T13:46:39.819+0200][281,977s] GC(463) Metaspace: 85270K->85270K(1128448K)
[2019-04-15T13:46:39.819+0200][281,977s] GC(463) Pause Full (Allocation Failure) 490M->431M(490M) 896,716ms
[2019-04-15T13:46:39.819+0200][281,977s] GC(463) User=0,90s Sys=0,00s Real=0,90s
[2019-04-15T13:46:39.952+0200][282,111s] GC(464) Pause Full (Allocation Failure)
[2019-04-15T13:46:39.952+0200][282,111s] GC(464) Phase 1: Mark live objects
[2019-04-15T13:46:40.179+0200][282,338s] GC(464) Phase 1: Mark live objects 226,337ms
[2019-04-15T13:46:40.179+0200][282,338s] GC(464) Phase 2: Compute new object addresses
[2019-04-15T13:46:40.389+0200][282,548s] GC(464) Phase 2: Compute new object addresses 209,763ms
[2019-04-15T13:46:40.389+0200][282,548s] GC(464) Phase 3: Adjust pointers
[2019-04-15T13:46:40.576+0200][282,735s] GC(464) Phase 3: Adjust pointers 187,194ms
[2019-04-15T13:46:40.576+0200][282,735s] GC(464) Phase 4: Move objects
[2019-04-15T13:46:40.674+0200][282,833s] GC(464) Phase 4: Move objects 98,569ms
[2019-04-15T13:46:40.675+0200][282,834s] GC(464) ParNew: 109247K->62185K(109248K)
[2019-04-15T13:46:40.675+0200][282,834s] GC(464) CMS: 393215K->393216K(393216K)
[2019-04-15T13:46:40.675+0200][282,834s] GC(464) Metaspace: 85270K->85270K(1128448K)
[2019-04-15T13:46:40.675+0200][282,834s] GC(464) Pause Full (Allocation Failure) 490M->444M(490M) 723,056ms
[2019-04-15T13:46:40.675+0200][282,834s] GC(464) User=0,71s Sys=0,01s Real=0,73s
[2019-04-15T13:46:40.675+0200][282,834s] GC(465) Pause Initial Mark
[2019-04-15T13:46:40.703+0200][282,862s] GC(465) Pause Initial Mark 446M->446M(490M) 28,102ms
[2019-04-15T13:46:40.703+0200][282,862s] GC(465) User=0,03s Sys=0,00s Real=0,02s
[2019-04-15T13:46:40.704+0200][282,862s] GC(465) Concurrent Mark
[2019-04-15T13:46:40.704+0200][282,862s] GC(465) Using 4 workers of 4 for marking
[2019-04-15T13:46:40.920+0200][283,079s] GC(465) Concurrent Mark 216,940ms
[2019-04-15T13:46:40.921+0200][283,079s] GC(465) User=0,84s Sys=0,00s Real=0,22s
[2019-04-15T13:46:40.921+0200][283,079s] GC(465) Concurrent Preclean
[2019-04-15T13:46:40.931+0200][283,090s] GC(466) Pause Full (Allocation Failure)
[2019-04-15T13:46:41.151+0200][283,310s] GC(465) Concurrent Preclean 230,613ms
[2019-04-15T13:46:41.151+0200][283,310s] GC(465) User=0,24s Sys=0,00s Real=0,23s
[2019-04-15T13:46:41.151+0200][283,310s] GC(466) Phase 1: Mark live objects
[2019-04-15T13:46:41.379+0200][283,538s] GC(466) Phase 1: Mark live objects 228,072ms
[2019-04-15T13:46:41.379+0200][283,538s] GC(466) Phase 2: Compute new object addresses
[2019-04-15T13:46:41.592+0200][283,751s] GC(466) Phase 2: Compute new object addresses 212,179ms
[2019-04-15T13:46:41.592+0200][283,751s] GC(466) Phase 3: Adjust pointers
[2019-04-15T13:46:41.773+0200][283,932s] GC(466) Phase 3: Adjust pointers 181,099ms
[2019-04-15T13:46:41.773+0200][283,932s] GC(466) Phase 4: Move objects
[2019-04-15T13:46:41.786+0200][283,945s] GC(466) Phase 4: Move objects 12,942ms
[2019-04-15T13:46:41.786+0200][283,945s] GC(466) ParNew: 109247K->74970K(109248K)
[2019-04-15T13:46:41.786+0200][283,945s] GC(466) CMS: 393216K->393216K(393216K)
[2019-04-15T13:46:41.786+0200][283,945s] GC(466) Metaspace: 85270K->85270K(1128448K)
[2019-04-15T13:46:41.786+0200][283,945s] GC(466) Pause Full (Allocation Failure) 490M->457M(490M) 855,223ms
[2019-04-15T13:46:41.786+0200][283,945s] GC(466) User=0,86s Sys=0,00s Real=0,86s
[2019-04-15T13:46:41.903+0200][284,062s] GC(467) Pause Full (Allocation Failure)
[2019-04-15T13:46:41.904+0200][284,062s] GC(467) Phase 1: Mark live objects
[2019-04-15T13:46:42.143+0200][284,302s] GC(467) Phase 1: Mark live objects 239,065ms
[2019-04-15T13:46:42.143+0200][284,302s] GC(467) Phase 2: Compute new object addresses
[2019-04-15T13:46:42.357+0200][284,516s] GC(467) Phase 2: Compute new object addresses 214,687ms
[2019-04-15T13:46:42.357+0200][284,516s] GC(467) Phase 3: Adjust pointers
[2019-04-15T13:46:42.554+0200][284,713s] GC(467) Phase 3: Adjust pointers 196,773ms
[2019-04-15T13:46:42.554+0200][284,713s] GC(467) Phase 4: Move objects
[2019-04-15T13:46:42.658+0200][284,817s] GC(467) Phase 4: Move objects 103,525ms
[2019-04-15T13:46:42.658+0200][284,817s] GC(467) ParNew: 109247K->83463K(109248K)
[2019-04-15T13:46:42.658+0200][284,817s] GC(467) CMS: 393216K->393215K(393216K)
[2019-04-15T13:46:42.658+0200][284,817s] GC(467) Metaspace: 85270K->85270K(1128448K)
[2019-04-15T13:46:42.658+0200][284,817s] GC(467) Pause Full (Allocation Failure) 490M->465M(490M) 755,311ms
[2019-04-15T13:46:42.658+0200][284,817s] GC(467) User=0,75s Sys=0,00s Real=0,76s
[2019-04-15T13:46:42.659+0200][284,818s] GC(468) Pause Initial Mark
[2019-04-15T13:46:42.697+0200][284,856s] GC(468) Pause Initial Mark 466M->466M(490M) 37,873ms
[2019-04-15T13:46:42.697+0200][284,856s] GC(468) User=0,04s Sys=0,00s Real=0,04s
[2019-04-15T13:46:42.697+0200][284,856s] GC(468) Concurrent Mark
[2019-04-15T13:46:42.697+0200][284,856s] GC(468) Using 4 workers of 4 for marking
[2019-04-15T13:46:42.897+0200][285,055s] GC(468) Concurrent Mark 199,805ms
[2019-04-15T13:46:42.897+0200][285,056s] GC(468) User=0,77s Sys=0,00s Real=0,20s
[2019-04-15T13:46:42.897+0200][285,056s] GC(468) Concurrent Preclean
[2019-04-15T13:46:42.926+0200][285,085s] GC(469) Pause Full (Allocation Failure)
[2019-04-15T13:46:43.148+0200][285,307s] GC(468) Concurrent Preclean 251,436ms
[2019-04-15T13:46:43.148+0200][285,307s] GC(468) User=0,28s Sys=0,00s Real=0,25s
[2019-04-15T13:46:43.148+0200][285,307s] GC(469) Phase 1: Mark live objects
[2019-04-15T13:46:43.381+0200][285,540s] GC(469) Phase 1: Mark live objects 233,126ms
[2019-04-15T13:46:43.381+0200][285,540s] GC(469) Phase 2: Compute new object addresses
[2019-04-15T13:46:43.590+0200][285,749s] GC(469) Phase 2: Compute new object addresses 208,428ms
[2019-04-15T13:46:43.590+0200][285,749s] GC(469) Phase 3: Adjust pointers
[2019-04-15T13:46:43.775+0200][285,934s] GC(469) Phase 3: Adjust pointers 185,332ms
[2019-04-15T13:46:43.775+0200][285,934s] GC(469) Phase 4: Move objects
[2019-04-15T13:46:43.806+0200][285,964s] GC(469) Phase 4: Move objects 30,242ms
[2019-04-15T13:46:43.806+0200][285,965s] GC(469) ParNew: 109247K->88215K(109248K)
[2019-04-15T13:46:43.806+0200][285,965s] GC(469) CMS: 393215K->393215K(393216K)
[2019-04-15T13:46:43.806+0200][285,965s] GC(469) Metaspace: 85270K->85270K(1128448K)
[2019-04-15T13:46:43.806+0200][285,965s] GC(469) Pause Full (Allocation Failure) 490M->470M(490M) 880,607ms
[2019-04-15T13:46:43.806+0200][285,965s] GC(469) User=0,88s Sys=0,00s Real=0,88s
[2019-04-15T13:46:43.917+0200][286,076s] GC(470) Pause Full (Allocation Failure)
[2019-04-15T13:46:43.918+0200][286,077s] GC(470) Phase 1: Mark live objects
[2019-04-15T13:46:44.157+0200][286,316s] GC(470) Phase 1: Mark live objects 238,725ms
[2019-04-15T13:46:44.157+0200][286,316s] GC(470) Phase 2: Compute new object addresses
[2019-04-15T13:46:44.366+0200][286,525s] GC(470) Phase 2: Compute new object addresses 209,604ms
[2019-04-15T13:46:44.366+0200][286,525s] GC(470) Phase 3: Adjust pointers
[2019-04-15T13:46:44.570+0200][286,729s] GC(470) Phase 3: Adjust pointers 204,148ms
[2019-04-15T13:46:44.570+0200][286,729s] GC(470) Phase 4: Move objects
[2019-04-15T13:46:44.692+0200][286,851s] GC(470) Phase 4: Move objects 121,547ms
[2019-04-15T13:46:44.693+0200][286,852s] GC(470) ParNew: 109247K->94618K(109248K)
[2019-04-15T13:46:44.693+0200][286,852s] GC(470) CMS: 393215K->393215K(393216K)
[2019-04-15T13:46:44.693+0200][286,852s] GC(470) Metaspace: 85272K->85272K(1128448K)
[2019-04-15T13:46:44.693+0200][286,852s] GC(470) Pause Full (Allocation Failure) 490M->476M(490M) 775,262ms
[2019-04-15T13:46:44.693+0200][286,852s] GC(470) User=0,78s Sys=0,00s Real=0,77s
[2019-04-15T13:46:44.693+0200][286,852s] GC(471) Pause Initial Mark
[2019-04-15T13:46:44.735+0200][286,894s] GC(471) Pause Initial Mark 476M->476M(490M) 41,895ms
[2019-04-15T13:46:44.735+0200][286,894s] GC(471) User=0,05s Sys=0,00s Real=0,04s
[2019-04-15T13:46:44.735+0200][286,894s] GC(471) Concurrent Mark
[2019-04-15T13:46:44.735+0200][286,894s] GC(471) Using 4 workers of 4 for marking
[2019-04-15T13:46:44.902+0200][287,061s] GC(472) Pause Full (Allocation Failure)
[2019-04-15T13:46:44.927+0200][287,086s] GC(471) Concurrent Mark 192,220ms
[2019-04-15T13:46:44.927+0200][287,086s] GC(471) User=0,73s Sys=0,01s Real=0,19s
[2019-04-15T13:46:44.928+0200][287,086s] GC(472) Phase 1: Mark live objects
[2019-04-15T13:46:45.159+0200][287,318s] GC(472) Phase 1: Mark live objects 231,478ms
[2019-04-15T13:46:45.159+0200][287,318s] GC(472) Phase 2: Compute new object addresses
[2019-04-15T13:46:45.370+0200][287,529s] GC(472) Phase 2: Compute new object addresses 210,815ms
[2019-04-15T13:46:45.370+0200][287,529s] GC(472) Phase 3: Adjust pointers
[2019-04-15T13:46:45.566+0200][287,724s] GC(472) Phase 3: Adjust pointers 195,585ms
[2019-04-15T13:46:45.566+0200][287,725s] GC(472) Phase 4: Move objects
[2019-04-15T13:46:45.682+0200][287,841s] GC(472) Phase 4: Move objects 116,128ms
[2019-04-15T13:46:45.682+0200][287,841s] GC(472) ParNew: 109247K->71232K(109248K)
[2019-04-15T13:46:45.682+0200][287,841s] GC(472) CMS: 393215K->393215K(393216K)
[2019-04-15T13:46:45.682+0200][287,841s] GC(472) Metaspace: 85272K->85272K(1128448K)
[2019-04-15T13:46:45.682+0200][287,841s] GC(472) Pause Full (Allocation Failure) 490M->453M(490M) 780,184ms
[2019-04-15T13:46:45.682+0200][287,841s] GC(472) User=0,85s Sys=0,00s Real=0,78s
[2019-04-15T13:46:45.802+0200][287,961s] GC(473) Pause Full (Allocation Failure)
[2019-04-15T13:46:45.802+0200][287,961s] GC(473) Phase 1: Mark live objects
[2019-04-15T13:46:46.042+0200][288,201s] GC(473) Phase 1: Mark live objects 239,876ms
[2019-04-15T13:46:46.042+0200][288,201s] GC(473) Phase 2: Compute new object addresses
[2019-04-15T13:46:46.240+0200][288,399s] GC(473) Phase 2: Compute new object addresses 198,076ms
[2019-04-15T13:46:46.240+0200][288,399s] GC(473) Phase 3: Adjust pointers
[2019-04-15T13:46:46.427+0200][288,586s] GC(473) Phase 3: Adjust pointers 186,716ms
[2019-04-15T13:46:46.427+0200][288,586s] GC(473) Phase 4: Move objects
[2019-04-15T13:46:46.484+0200][288,643s] GC(473) Phase 4: Move objects 56,309ms
[2019-04-15T13:46:46.484+0200][288,643s] GC(473) ParNew: 109247K->81438K(109248K)
[2019-04-15T13:46:46.484+0200][288,643s] GC(473) CMS: 393215K->393215K(393216K)
[2019-04-15T13:46:46.484+0200][288,643s] GC(473) Metaspace: 85274K->85274K(1128448K)
[2019-04-15T13:46:46.484+0200][288,643s] GC(473) Pause Full (Allocation Failure) 490M->463M(490M) 682,204ms
[2019-04-15T13:46:46.484+0200][288,643s] GC(473) User=0,68s Sys=0,00s Real=0,68s
[2019-04-15T13:46:46.485+0200][288,644s] GC(474) Pause Initial Mark
[2019-04-15T13:46:46.520+0200][288,679s] GC(474) Pause Initial Mark 464M->464M(490M) 35,505ms
[2019-04-15T13:46:46.520+0200][288,679s] GC(474) User=0,04s Sys=0,00s Real=0,04s
[2019-04-15T13:46:46.520+0200][288,679s] GC(474) Concurrent Mark
[2019-04-15T13:46:46.520+0200][288,679s] GC(474) Using 4 workers of 4 for marking
[2019-04-15T13:46:46.731+0200][288,889s] GC(474) Concurrent Mark 210,284ms
[2019-04-15T13:46:46.731+0200][288,889s] GC(474) User=0,79s Sys=0,00s Real=0,21s
[2019-04-15T13:46:46.731+0200][288,889s] GC(474) Concurrent Preclean
[2019-04-15T13:46:46.767+0200][288,926s] GC(475) Pause Full (Allocation Failure)
[2019-04-15T13:46:46.993+0200][289,152s] GC(474) Concurrent Preclean 262,526ms
[2019-04-15T13:46:46.993+0200][289,152s] GC(474) User=0,30s Sys=0,00s Real=0,27s
[2019-04-15T13:46:46.993+0200][289,152s] GC(475) Phase 1: Mark live objects
[2019-04-15T13:46:47.232+0200][289,391s] GC(475) Phase 1: Mark live objects 238,991ms
[2019-04-15T13:46:47.232+0200][289,391s] GC(475) Phase 2: Compute new object addresses
[2019-04-15T13:46:47.442+0200][289,601s] GC(475) Phase 2: Compute new object addresses 209,358ms
[2019-04-15T13:46:47.442+0200][289,601s] GC(475) Phase 3: Adjust pointers
[2019-04-15T13:46:47.630+0200][289,789s] GC(475) Phase 3: Adjust pointers 188,533ms
[2019-04-15T13:46:47.630+0200][289,789s] GC(475) Phase 4: Move objects
[2019-04-15T13:46:47.651+0200][289,810s] GC(475) Phase 4: Move objects 21,087ms
[2019-04-15T13:46:47.652+0200][289,811s] GC(475) ParNew: 109247K->88144K(109248K)
[2019-04-15T13:46:47.652+0200][289,811s] GC(475) CMS: 393215K->393215K(393216K)
[2019-04-15T13:46:47.652+0200][289,811s] GC(475) Metaspace: 85275K->85275K(1128448K)
[2019-04-15T13:46:47.652+0200][289,811s] GC(475) Pause Full (Allocation Failure) 490M->470M(490M) 884,792ms
[2019-04-15T13:46:47.652+0200][289,811s] GC(475) User=0,88s Sys=0,00s Real=0,88s
[2019-04-15T13:46:47.760+0200][289,919s] GC(476) Pause Full (Allocation Failure)
[2019-04-15T13:46:47.760+0200][289,919s] GC(476) Phase 1: Mark live objects
[2019-04-15T13:46:47.997+0200][290,156s] GC(476) Phase 1: Mark live objects 236,801ms
[2019-04-15T13:46:47.997+0200][290,156s] GC(476) Phase 2: Compute new object addresses
[2019-04-15T13:46:48.210+0200][290,369s] GC(476) Phase 2: Compute new object addresses 212,727ms
[2019-04-15T13:46:48.210+0200][290,369s] GC(476) Phase 3: Adjust pointers
[2019-04-15T13:46:48.402+0200][290,560s] GC(476) Phase 3: Adjust pointers 191,472ms
[2019-04-15T13:46:48.402+0200][290,560s] GC(476) Phase 4: Move objects
[2019-04-15T13:46:48.461+0200][290,620s] GC(476) Phase 4: Move objects 59,707ms
[2019-04-15T13:46:48.462+0200][290,621s] GC(476) ParNew: 109247K->94471K(109248K)
[2019-04-15T13:46:48.462+0200][290,621s] GC(476) CMS: 393215K->393215K(393216K)
[2019-04-15T13:46:48.462+0200][290,621s] GC(476) Metaspace: 85286K->85286K(1128448K)
[2019-04-15T13:46:48.462+0200][290,621s] GC(476) Pause Full (Allocation Failure) 490M->476M(490M) 702,093ms
[2019-04-15T13:46:48.462+0200][290,621s] GC(476) User=0,70s Sys=0,00s Real=0,70s
[2019-04-15T13:46:48.462+0200][290,621s] GC(477) Pause Initial Mark
[2019-04-15T13:46:48.504+0200][290,663s] GC(477) Pause Initial Mark 476M->476M(490M) 41,697ms
[2019-04-15T13:46:48.504+0200][290,663s] GC(477) User=0,05s Sys=0,00s Real=0,04s
[2019-04-15T13:46:48.504+0200][290,663s] GC(477) Concurrent Mark
[2019-04-15T13:46:48.504+0200][290,663s] GC(477) Using 4 workers of 4 for marking
[2019-04-15T13:46:48.642+0200][290,801s] GC(478) Pause Full (Allocation Failure)
[2019-04-15T13:46:48.697+0200][290,856s] GC(477) Concurrent Mark 192,972ms
[2019-04-15T13:46:48.697+0200][290,856s] GC(477) User=0,73s Sys=0,00s Real=0,20s
[2019-04-15T13:46:48.697+0200][290,856s] GC(478) Phase 1: Mark live objects
[2019-04-15T13:46:48.935+0200][291,094s] GC(478) Phase 1: Mark live objects 238,126ms
[2019-04-15T13:46:48.935+0200][291,094s] GC(478) Phase 2: Compute new object addresses
[2019-04-15T13:46:49.148+0200][291,307s] GC(478) Phase 2: Compute new object addresses 212,754ms
[2019-04-15T13:46:49.148+0200][291,307s] GC(478) Phase 3: Adjust pointers
[2019-04-15T13:46:49.346+0200][291,505s] GC(478) Phase 3: Adjust pointers 197,504ms
[2019-04-15T13:46:49.346+0200][291,505s] GC(478) Phase 4: Move objects
[2019-04-15T13:46:49.469+0200][291,628s] GC(478) Phase 4: Move objects 123,492ms
[2019-04-15T13:46:49.470+0200][291,629s] GC(478) ParNew: 109248K->90451K(109248K)
[2019-04-15T13:46:49.470+0200][291,629s] GC(478) CMS: 393215K->393216K(393216K)
[2019-04-15T13:46:49.470+0200][291,629s] GC(478) Metaspace: 85287K->85287K(1128448K)
[2019-04-15T13:46:49.470+0200][291,629s] GC(478) Pause Full (Allocation Failure) 490M->472M(490M) 827,806ms
[2019-04-15T13:46:49.470+0200][291,629s] GC(478) User=0,99s Sys=0,00s Real=0,83s
[2019-04-15T13:46:49.572+0200][291,731s] GC(479) Pause Full (Allocation Failure)
[2019-04-15T13:46:49.574+0200][291,733s] GC(479) Phase 1: Mark live objects
[2019-04-15T13:46:49.816+0200][291,975s] GC(479) Phase 1: Mark live objects 241,866ms
[2019-04-15T13:46:49.816+0200][291,975s] GC(479) Phase 2: Compute new object addresses
[2019-04-15T13:46:50.025+0200][292,184s] GC(479) Phase 2: Compute new object addresses 209,350ms
[2019-04-15T13:46:50.025+0200][292,184s] GC(479) Phase 3: Adjust pointers
[2019-04-15T13:46:50.220+0200][292,379s] GC(479) Phase 3: Adjust pointers 195,001ms
[2019-04-15T13:46:50.220+0200][292,379s] GC(479) Phase 4: Move objects
[2019-04-15T13:46:50.273+0200][292,432s] GC(479) Phase 4: Move objects 52,692ms
[2019-04-15T13:46:50.274+0200][292,433s] GC(479) ParNew: 109247K->95105K(109248K)
[2019-04-15T13:46:50.274+0200][292,433s] GC(479) CMS: 393216K->393216K(393216K)
[2019-04-15T13:46:50.274+0200][292,433s] GC(479) Metaspace: 85287K->85287K(1128448K)
[2019-04-15T13:46:50.274+0200][292,433s] GC(479) Pause Full (Allocation Failure) 490M->476M(490M) 701,341ms
[2019-04-15T13:46:50.274+0200][292,433s] GC(479) User=0,70s Sys=0,00s Real=0,71s
[2019-04-15T13:46:50.274+0200][292,433s] GC(480) Pause Initial Mark
[2019-04-15T13:46:50.311+0200][292,470s] GC(480) Pause Initial Mark 476M->476M(490M) 37,447ms
[2019-04-15T13:46:50.311+0200][292,470s] GC(480) User=0,04s Sys=0,00s Real=0,03s
[2019-04-15T13:46:50.312+0200][292,470s] GC(480) Concurrent Mark
[2019-04-15T13:46:50.312+0200][292,470s] GC(480) Using 4 workers of 4 for marking
[2019-04-15T13:46:50.488+0200][292,647s] GC(480) Concurrent Mark 176,918ms
[2019-04-15T13:46:50.489+0200][292,648s] GC(480) User=0,69s Sys=0,00s Real=0,18s
[2019-04-15T13:46:50.489+0200][292,648s] GC(480) Concurrent Preclean
[2019-04-15T13:46:50.517+0200][292,676s] GC(481) Pause Full (Allocation Failure)
[2019-04-15T13:46:50.728+0200][292,887s] GC(480) Concurrent Preclean 239,464ms
[2019-04-15T13:46:50.728+0200][292,887s] GC(480) User=0,27s Sys=0,00s Real=0,24s
[2019-04-15T13:46:50.728+0200][292,887s] GC(481) Phase 1: Mark live objects
[2019-04-15T13:46:50.962+0200][293,121s] GC(481) Phase 1: Mark live objects 233,492ms
[2019-04-15T13:46:50.962+0200][293,121s] GC(481) Phase 2: Compute new object addresses
[2019-04-15T13:46:51.171+0200][293,330s] GC(481) Phase 2: Compute new object addresses 208,802ms
[2019-04-15T13:46:51.171+0200][293,330s] GC(481) Phase 3: Adjust pointers
[2019-04-15T13:46:51.370+0200][293,529s] GC(481) Phase 3: Adjust pointers 199,260ms
[2019-04-15T13:46:51.370+0200][293,529s] GC(481) Phase 4: Move objects
[2019-04-15T13:46:51.495+0200][293,654s] GC(481) Phase 4: Move objects 124,590ms
[2019-04-15T13:46:51.495+0200][293,654s] GC(481) ParNew: 109247K->92747K(109248K)
[2019-04-15T13:46:51.495+0200][293,654s] GC(481) CMS: 393216K->393215K(393216K)
[2019-04-15T13:46:51.495+0200][293,654s] GC(481) Metaspace: 85287K->85287K(1128448K)
[2019-04-15T13:46:51.495+0200][293,654s] GC(481) Pause Full (Allocation Failure) 490M->474M(490M) 978,280ms
[2019-04-15T13:46:51.495+0200][293,654s] GC(481) User=0,98s Sys=0,00s Real=0,98s
[2019-04-15T13:46:51.585+0200][293,744s] GC(482) Pause Full (Allocation Failure)
[2019-04-15T13:46:51.585+0200][293,744s] GC(482) Phase 1: Mark live objects
[2019-04-15T13:46:51.830+0200][293,989s] GC(482) Phase 1: Mark live objects 244,219ms
[2019-04-15T13:46:51.830+0200][293,989s] GC(482) Phase 2: Compute new object addresses
[2019-04-15T13:46:52.039+0200][294,198s] GC(482) Phase 2: Compute new object addresses 209,684ms
[2019-04-15T13:46:52.039+0200][294,198s] GC(482) Phase 3: Adjust pointers
[2019-04-15T13:46:52.235+0200][294,394s] GC(482) Phase 3: Adjust pointers 195,469ms
[2019-04-15T13:46:52.235+0200][294,394s] GC(482) Phase 4: Move objects
[2019-04-15T13:46:52.284+0200][294,443s] GC(482) Phase 4: Move objects 48,773ms
[2019-04-15T13:46:52.284+0200][294,443s] GC(482) ParNew: 109248K->97013K(109248K)
[2019-04-15T13:46:52.284+0200][294,443s] GC(482) CMS: 393215K->393215K(393216K)
[2019-04-15T13:46:52.284+0200][294,443s] GC(482) Metaspace: 85287K->85287K(1128448K)
[2019-04-15T13:46:52.284+0200][294,443s] GC(482) Pause Full (Allocation Failure) 490M->478M(490M) 699,509ms
[2019-04-15T13:46:52.284+0200][294,443s] GC(482) User=0,70s Sys=0,00s Real=0,69s
[2019-04-15T13:46:52.285+0200][294,444s] GC(483) Pause Initial Mark
[2019-04-15T13:46:52.328+0200][294,487s] GC(483) Pause Initial Mark 478M->478M(490M) 43,235ms
[2019-04-15T13:46:52.328+0200][294,487s] GC(483) User=0,06s Sys=0,00s Real=0,05s
[2019-04-15T13:46:52.328+0200][294,487s] GC(483) Concurrent Mark
[2019-04-15T13:46:52.328+0200][294,487s] GC(483) Using 4 workers of 4 for marking
[2019-04-15T13:46:52.452+0200][294,611s] GC(484) Pause Full (Allocation Failure)
[2019-04-15T13:46:52.512+0200][294,671s] GC(483) Concurrent Mark 184,473ms
[2019-04-15T13:46:52.513+0200][294,671s] GC(483) User=0,70s Sys=0,00s Real=0,18s
[2019-04-15T13:46:52.513+0200][294,672s] GC(484) Phase 1: Mark live objects
[2019-04-15T13:46:52.757+0200][294,916s] GC(484) Phase 1: Mark live objects 243,910ms
[2019-04-15T13:46:52.757+0200][294,916s] GC(484) Phase 2: Compute new object addresses
[2019-04-15T13:46:52.970+0200][295,129s] GC(484) Phase 2: Compute new object addresses 213,471ms
[2019-04-15T13:46:52.970+0200][295,129s] GC(484) Phase 3: Adjust pointers
[2019-04-15T13:46:53.167+0200][295,326s] GC(484) Phase 3: Adjust pointers 196,859ms
[2019-04-15T13:46:53.167+0200][295,326s] GC(484) Phase 4: Move objects
[2019-04-15T13:46:53.200+0200][295,358s] GC(484) Phase 4: Move objects 32,386ms
[2019-04-15T13:46:53.200+0200][295,359s] GC(484) ParNew: 109247K->100816K(109248K)
[2019-04-15T13:46:53.200+0200][295,359s] GC(484) CMS: 393215K->393215K(393216K)
[2019-04-15T13:46:53.200+0200][295,359s] GC(484) Metaspace: 85287K->85287K(1128448K)
[2019-04-15T13:46:53.200+0200][295,359s] GC(484) Pause Full (Allocation Failure) 490M->482M(490M) 748,647ms
[2019-04-15T13:46:53.200+0200][295,359s] GC(484) User=0,92s Sys=0,00s Real=0,75s
[2019-04-15T13:46:53.246+0200][295,405s] GC(485) Pause Full (Allocation Failure)
[2019-04-15T13:46:53.247+0200][295,406s] GC(485) Phase 1: Mark live objects
[2019-04-15T13:46:53.492+0200][295,651s] GC(485) Phase 1: Mark live objects 245,147ms
[2019-04-15T13:46:53.492+0200][295,651s] GC(485) Phase 2: Compute new object addresses
[2019-04-15T13:46:53.703+0200][295,862s] GC(485) Phase 2: Compute new object addresses 210,727ms
[2019-04-15T13:46:53.703+0200][295,862s] GC(485) Phase 3: Adjust pointers
[2019-04-15T13:46:53.905+0200][296,064s] GC(485) Phase 3: Adjust pointers 202,648ms
[2019-04-15T13:46:53.906+0200][296,064s] GC(485) Phase 4: Move objects
[2019-04-15T13:46:54.032+0200][296,191s] GC(485) Phase 4: Move objects 126,236ms
[2019-04-15T13:46:54.032+0200][296,191s] GC(485) ParNew: 109247K->101861K(109248K)
[2019-04-15T13:46:54.032+0200][296,191s] GC(485) CMS: 393215K->393215K(393216K)
[2019-04-15T13:46:54.032+0200][296,191s] GC(485) Metaspace: 85287K->85287K(1128448K)
[2019-04-15T13:46:54.033+0200][296,191s] GC(485) Pause Full (Allocation Failure) 490M->483M(490M) 786,108ms
[2019-04-15T13:46:54.033+0200][296,191s] GC(485) User=0,79s Sys=0,00s Real=0,78s
[2019-04-15T13:46:54.033+0200][296,192s] GC(486) Pause Initial Mark
[2019-04-15T13:46:54.077+0200][296,236s] GC(486) Pause Initial Mark 483M->483M(490M) 44,738ms
[2019-04-15T13:46:54.077+0200][296,236s] GC(486) User=0,06s Sys=0,00s Real=0,05s
[2019-04-15T13:46:54.078+0200][296,236s] GC(486) Concurrent Mark
[2019-04-15T13:46:54.078+0200][296,236s] GC(486) Using 4 workers of 4 for marking
[2019-04-15T13:46:54.156+0200][296,315s] GC(487) Pause Full (Allocation Failure)
[2019-04-15T13:46:54.288+0200][296,447s] GC(486) Concurrent Mark 210,771ms
[2019-04-15T13:46:54.288+0200][296,447s] GC(486) User=0,80s Sys=0,00s Real=0,21s
[2019-04-15T13:46:54.289+0200][296,447s] GC(487) Phase 1: Mark live objects
[2019-04-15T13:46:54.530+0200][296,689s] GC(487) Phase 1: Mark live objects 241,299ms
[2019-04-15T13:46:54.530+0200][296,689s] GC(487) Phase 2: Compute new object addresses
[2019-04-15T13:46:54.741+0200][296,900s] GC(487) Phase 2: Compute new object addresses 210,769ms
[2019-04-15T13:46:54.741+0200][296,900s] GC(487) Phase 3: Adjust pointers
[2019-04-15T13:46:54.948+0200][297,107s] GC(487) Phase 3: Adjust pointers 207,733ms
[2019-04-15T13:46:54.948+0200][297,107s] GC(487) Phase 4: Move objects
[2019-04-15T13:46:55.095+0200][297,254s] GC(487) Phase 4: Move objects 146,148ms
[2019-04-15T13:46:55.095+0200][297,254s] GC(487) ParNew: 109247K->104121K(109248K)
[2019-04-15T13:46:55.095+0200][297,254s] GC(487) CMS: 393215K->393216K(393216K)
[2019-04-15T13:46:55.095+0200][297,254s] GC(487) Metaspace: 85289K->85289K(1128448K)
[2019-04-15T13:46:55.095+0200][297,254s] GC(487) Pause Full (Allocation Failure) 490M->485M(490M) 939,603ms
[2019-04-15T13:46:55.095+0200][297,254s] GC(487) User=1,32s Sys=0,00s Real=0,94s
[2019-04-15T13:46:55.123+0200][297,282s] GC(488) Pause Full (Allocation Failure)
[2019-04-15T13:46:55.124+0200][297,283s] GC(488) Phase 1: Mark live objects
[2019-04-15T13:46:55.302+0200][297,461s] GC(488) Phase 1: Mark live objects 178,360ms
[2019-04-15T13:46:55.302+0200][297,461s] GC(488) Phase 2: Compute new object addresses
[2019-04-15T13:46:55.487+0200][297,646s] GC(488) Phase 2: Compute new object addresses 184,853ms
[2019-04-15T13:46:55.487+0200][297,646s] GC(488) Phase 3: Adjust pointers
[2019-04-15T13:46:55.630+0200][297,789s] GC(488) Phase 3: Adjust pointers 143,011ms
[2019-04-15T13:46:55.630+0200][297,789s] GC(488) Phase 4: Move objects
[2019-04-15T13:46:55.708+0200][297,867s] GC(488) Phase 4: Move objects 78,182ms
[2019-04-15T13:46:55.709+0200][297,868s] GC(488) ParNew: 109248K->0K(109248K)
[2019-04-15T13:46:55.709+0200][297,868s] GC(488) CMS: 393216K->363110K(393216K)
[2019-04-15T13:46:55.709+0200][297,868s] GC(488) Metaspace: 85289K->85289K(1128448K)
[2019-04-15T13:46:55.709+0200][297,868s] GC(488) Pause Full (Allocation Failure) 490M->354M(490M) 585,629ms
[2019-04-15T13:46:55.709+0200][297,868s] GC(488) User=0,58s Sys=0,00s Real=0,59s
[2019-04-15T13:46:55.709+0200][297,868s] GC(489) Pause Initial Mark
[2019-04-15T13:46:55.710+0200][297,869s] GC(489) Pause Initial Mark 355M->355M(490M) 0,345ms
[2019-04-15T13:46:55.710+0200][297,869s] GC(489) User=0,00s Sys=0,00s Real=0,00s
[2019-04-15T13:46:55.710+0200][297,869s] GC(489) Concurrent Mark
[2019-04-15T13:46:55.710+0200][297,869s] GC(489) Using 4 workers of 4 for marking
[2019-04-15T13:46:55.811+0200][297,970s] GC(490) Pause Young (Allocation Failure)
[2019-04-15T13:46:55.812+0200][297,970s] GC(490) Using 4 workers of 4 for evacuation
[2019-04-15T13:46:55.832+0200][297,991s] GC(490) ParNew: 87424K->21824K(109248K)
[2019-04-15T13:46:55.832+0200][297,991s] GC(490) CMS: 363110K->365263K(393216K)
[2019-04-15T13:46:55.832+0200][297,991s] GC(490) Metaspace: 85289K->85289K(1128448K)
[2019-04-15T13:46:55.832+0200][297,991s] GC(490) Pause Young (Allocation Failure) 439M->378M(490M) 20,793ms
[2019-04-15T13:46:55.832+0200][297,991s] GC(490) User=0,08s Sys=0,00s Real=0,02s
[2019-04-15T13:46:55.905+0200][298,063s] GC(489) Concurrent Mark 194,866ms
[2019-04-15T13:46:55.905+0200][298,064s] GC(489) User=0,76s Sys=0,01s Real=0,19s
[2019-04-15T13:46:55.905+0200][298,064s] GC(489) Concurrent Preclean
[2019-04-15T13:46:55.908+0200][298,067s] GC(489) Concurrent Preclean 3,493ms
[2019-04-15T13:46:55.908+0200][298,067s] GC(489) User=0,00s Sys=0,00s Real=0,01s
[2019-04-15T13:46:55.908+0200][298,067s] GC(489) Concurrent Abortable Preclean
[2019-04-15T13:46:55.950+0200][298,109s] GC(491) Pause Young (Allocation Failure)
[2019-04-15T13:46:55.950+0200][298,109s] GC(491) Using 4 workers of 4 for evacuation
[2019-04-15T13:46:56.032+0200][298,191s] Promotion failed
[2019-04-15T13:46:56.032+0200][298,191s] GC(492) Pause Full (Allocation Failure)
[2019-04-15T13:46:56.051+0200][298,210s] GC(489) Concurrent Abortable Preclean 142,791ms
[2019-04-15T13:46:56.051+0200][298,210s] GC(489) User=0,35s Sys=0,00s Real=0,14s
[2019-04-15T13:46:56.051+0200][298,210s] GC(492) Phase 1: Mark live objects
[2019-04-15T13:46:56.256+0200][298,415s] GC(492) Phase 1: Mark live objects 205,078ms
[2019-04-15T13:46:56.256+0200][298,415s] GC(492) Phase 2: Compute new object addresses
[2019-04-15T13:46:56.467+0200][298,626s] GC(492) Phase 2: Compute new object addresses 210,712ms
[2019-04-15T13:46:56.467+0200][298,626s] GC(492) Phase 3: Adjust pointers
[2019-04-15T13:46:56.627+0200][298,786s] GC(492) Phase 3: Adjust pointers 159,984ms
[2019-04-15T13:46:56.627+0200][298,786s] GC(492) Phase 4: Move objects
[2019-04-15T13:46:56.647+0200][298,806s] GC(492) Phase 4: Move objects 19,478ms
[2019-04-15T13:46:56.647+0200][298,806s] GC(492) Pause Full (Allocation Failure) 490M->401M(490M) 614,990ms
[2019-04-15T13:46:56.647+0200][298,806s] GC(491) ParNew: 109248K->17627K(109248K)
[2019-04-15T13:46:56.647+0200][298,806s] GC(491) CMS: 365263K->393216K(393216K)
[2019-04-15T13:46:56.647+0200][298,806s] GC(491) Metaspace: 85289K->85289K(1128448K)
[2019-04-15T13:46:56.647+0200][298,806s] GC(491) Pause Young (Allocation Failure) 463M->401M(490M) 697,384ms
[2019-04-15T13:46:56.647+0200][298,806s] GC(491) User=0,85s Sys=0,00s Real=0,70s
[2019-04-15T13:46:56.797+0200][298,956s] GC(493) Pause Full (Allocation Failure)
[2019-04-15T13:46:56.797+0200][298,956s] GC(493) Phase 1: Mark live objects
[2019-04-15T13:46:57.016+0200][299,175s] GC(493) Phase 1: Mark live objects 218,822ms
[2019-04-15T13:46:57.016+0200][299,175s] GC(493) Phase 2: Compute new object addresses
[2019-04-15T13:46:57.219+0200][299,378s] GC(493) Phase 2: Compute new object addresses 202,816ms
[2019-04-15T13:46:57.219+0200][299,378s] GC(493) Phase 3: Adjust pointers
[2019-04-15T13:46:57.399+0200][299,558s] GC(493) Phase 3: Adjust pointers 180,499ms
[2019-04-15T13:46:57.399+0200][299,558s] GC(493) Phase 4: Move objects
[2019-04-15T13:46:57.510+0200][299,669s] GC(493) Phase 4: Move objects 110,860ms
[2019-04-15T13:46:57.511+0200][299,670s] GC(493) ParNew: 109247K->43182K(109248K)
[2019-04-15T13:46:57.511+0200][299,670s] GC(493) CMS: 393216K->393215K(393216K)
[2019-04-15T13:46:57.511+0200][299,670s] GC(493) Metaspace: 85289K->85289K(1128448K)
[2019-04-15T13:46:57.511+0200][299,670s] GC(493) Pause Full (Allocation Failure) 490M->426M(490M) 714,419ms
[2019-04-15T13:46:57.511+0200][299,670s] GC(493) User=0,72s Sys=0,00s Real=0,71s
[2019-04-15T13:46:57.511+0200][299,670s] GC(494) Pause Initial Mark
[2019-04-15T13:46:57.530+0200][299,689s] GC(494) Pause Initial Mark 427M->427M(490M) 18,314ms
[2019-04-15T13:46:57.530+0200][299,689s] GC(494) User=0,02s Sys=0,00s Real=0,02s
[2019-04-15T13:46:57.530+0200][299,689s] GC(494) Concurrent Mark
[2019-04-15T13:46:57.530+0200][299,689s] GC(494) Using 4 workers of 4 for marking
[2019-04-15T13:46:57.744+0200][299,903s] GC(494) Concurrent Mark 214,392ms
[2019-04-15T13:46:57.744+0200][299,903s] GC(494) User=0,81s Sys=0,00s Real=0,21s
[2019-04-15T13:46:57.744+0200][299,903s] GC(494) Concurrent Preclean
[2019-04-15T13:46:57.773+0200][299,932s] GC(495) Pause Full (Allocation Failure)
[2019-04-15T13:46:57.981+0200][300,140s] GC(494) Concurrent Preclean 237,110ms
[2019-04-15T13:46:57.981+0200][300,140s] GC(494) User=0,27s Sys=0,00s Real=0,24s
[2019-04-15T13:46:57.982+0200][300,141s] GC(495) Phase 1: Mark live objects
[2019-04-15T13:46:58.228+0200][300,387s] GC(495) Phase 1: Mark live objects 245,983ms
[2019-04-15T13:46:58.228+0200][300,387s] GC(495) Phase 2: Compute new object addresses
[2019-04-15T13:46:58.430+0200][300,589s] GC(495) Phase 2: Compute new object addresses 201,985ms
[2019-04-15T13:46:58.430+0200][300,589s] GC(495) Phase 3: Adjust pointers
[2019-04-15T13:46:58.618+0200][300,777s] GC(495) Phase 3: Adjust pointers 188,221ms
[2019-04-15T13:46:58.618+0200][300,777s] GC(495) Phase 4: Move objects
[2019-04-15T13:46:58.730+0200][300,889s] GC(495) Phase 4: Move objects 112,578ms
[2019-04-15T13:46:58.731+0200][300,890s] GC(495) ParNew: 109248K->61474K(109248K)
[2019-04-15T13:46:58.731+0200][300,890s] GC(495) CMS: 393215K->393215K(393216K)
[2019-04-15T13:46:58.731+0200][300,890s] GC(495) Metaspace: 85289K->85289K(1128448K)
[2019-04-15T13:46:58.731+0200][300,890s] GC(495) Pause Full (Allocation Failure) 490M->444M(490M) 958,331ms
[2019-04-15T13:46:58.731+0200][300,890s] GC(495) User=0,96s Sys=0,00s Real=0,95s
[2019-04-15T13:46:58.860+0200][301,019s] GC(496) Pause Full (Allocation Failure)
[2019-04-15T13:46:58.860+0200][301,019s] GC(496) Phase 1: Mark live objects
[2019-04-15T13:46:59.094+0200][301,253s] GC(496) Phase 1: Mark live objects 234,110ms
[2019-04-15T13:46:59.094+0200][301,253s] GC(496) Phase 2: Compute new object addresses
[2019-04-15T13:46:59.308+0200][301,467s] GC(496) Phase 2: Compute new object addresses 213,410ms
[2019-04-15T13:46:59.308+0200][301,467s] GC(496) Phase 3: Adjust pointers
[2019-04-15T13:46:59.489+0200][301,648s] GC(496) Phase 3: Adjust pointers 181,068ms
[2019-04-15T13:46:59.489+0200][301,648s] GC(496) Phase 4: Move objects
[2019-04-15T13:46:59.524+0200][301,683s] GC(496) Phase 4: Move objects 35,354ms
[2019-04-15T13:46:59.525+0200][301,684s] GC(496) ParNew: 109247K->75079K(109248K)
[2019-04-15T13:46:59.525+0200][301,684s] GC(496) CMS: 393215K->393215K(393216K)
[2019-04-15T13:46:59.525+0200][301,684s] GC(496) Metaspace: 85289K->85289K(1128448K)
[2019-04-15T13:46:59.525+0200][301,684s] GC(496) Pause Full (Allocation Failure) 490M->457M(490M) 665,192ms
[2019-04-15T13:46:59.525+0200][301,684s] GC(496) User=0,67s Sys=0,00s Real=0,67s
[2019-04-15T13:46:59.525+0200][301,684s] GC(497) Pause Initial Mark
[2019-04-15T13:46:59.559+0200][301,718s] GC(497) Pause Initial Mark 458M->458M(490M) 33,765ms
[2019-04-15T13:46:59.559+0200][301,718s] GC(497) User=0,03s Sys=0,00s Real=0,03s
[2019-04-15T13:46:59.559+0200][301,718s] GC(497) Concurrent Mark
[2019-04-15T13:46:59.559+0200][301,718s] GC(497) Using 4 workers of 4 for marking
[2019-04-15T13:46:59.759+0200][301,918s] GC(497) Concurrent Mark 200,313ms
[2019-04-15T13:46:59.759+0200][301,918s] GC(497) User=0,77s Sys=0,00s Real=0,20s
[2019-04-15T13:46:59.759+0200][301,918s] GC(497) Concurrent Preclean
[2019-04-15T13:46:59.786+0200][301,945s] GC(498) Pause Full (Allocation Failure)
[2019-04-15T13:46:59.999+0200][302,158s] GC(497) Concurrent Preclean 239,359ms
[2019-04-15T13:46:59.999+0200][302,158s] GC(497) User=0,26s Sys=0,00s Real=0,24s
[2019-04-15T13:46:59.999+0200][302,158s] GC(498) Phase 1: Mark live objects
[2019-04-15T13:47:00.254+0200][302,413s] GC(498) Phase 1: Mark live objects 255,242ms
[2019-04-15T13:47:00.254+0200][302,413s] GC(498) Phase 2: Compute new object addresses
[2019-04-15T13:47:00.469+0200][302,628s] GC(498) Phase 2: Compute new object addresses 214,751ms
[2019-04-15T13:47:00.469+0200][302,628s] GC(498) Phase 3: Adjust pointers
[2019-04-15T13:47:00.659+0200][302,818s] GC(498) Phase 3: Adjust pointers 189,656ms
[2019-04-15T13:47:00.659+0200][302,818s] GC(498) Phase 4: Move objects
[2019-04-15T13:47:00.718+0200][302,877s] GC(498) Phase 4: Move objects 59,699ms
[2019-04-15T13:47:00.719+0200][302,878s] GC(498) ParNew: 109247K->85140K(109248K)
[2019-04-15T13:47:00.719+0200][302,878s] GC(498) CMS: 393215K->393215K(393216K)
[2019-04-15T13:47:00.719+0200][302,878s] GC(498) Metaspace: 85289K->85289K(1128448K)
[2019-04-15T13:47:00.719+0200][302,878s] GC(498) Pause Full (Allocation Failure) 490M->467M(490M) 933,370ms
[2019-04-15T13:47:00.719+0200][302,878s] GC(498) User=0,93s Sys=0,00s Real=0,93s
[2019-04-15T13:47:00.842+0200][303,001s] GC(499) Pause Full (Allocation Failure)
[2019-04-15T13:47:00.843+0200][303,002s] GC(499) Phase 1: Mark live objects
[2019-04-15T13:47:01.092+0200][303,251s] GC(499) Phase 1: Mark live objects 249,458ms
[2019-04-15T13:47:01.092+0200][303,251s] GC(499) Phase 2: Compute new object addresses
[2019-04-15T13:47:01.306+0200][303,465s] GC(499) Phase 2: Compute new object addresses 213,984ms
[2019-04-15T13:47:01.306+0200][303,465s] GC(499) Phase 3: Adjust pointers
[2019-04-15T13:47:01.496+0200][303,655s] GC(499) Phase 3: Adjust pointers 189,852ms
[2019-04-15T13:47:01.496+0200][303,655s] GC(499) Phase 4: Move objects
[2019-04-15T13:47:01.520+0200][303,679s] GC(499) Phase 4: Move objects 23,582ms
[2019-04-15T13:47:01.521+0200][303,680s] GC(499) ParNew: 109247K->91989K(109248K)
[2019-04-15T13:47:01.521+0200][303,680s] GC(499) CMS: 393215K->393215K(393216K)
[2019-04-15T13:47:01.521+0200][303,680s] GC(499) Metaspace: 85289K->85289K(1128448K)
[2019-04-15T13:47:01.521+0200][303,680s] GC(499) Pause Full (Allocation Failure) 490M->473M(490M) 678,281ms
[2019-04-15T13:47:01.521+0200][303,680s] GC(499) User=0,68s Sys=0,00s Real=0,68s
[2019-04-15T13:47:01.521+0200][303,680s] GC(500) Pause Initial Mark
[2019-04-15T13:47:01.562+0200][303,721s] GC(500) Pause Initial Mark 473M->473M(490M) 41,565ms
[2019-04-15T13:47:01.562+0200][303,721s] GC(500) User=0,05s Sys=0,00s Real=0,04s
[2019-04-15T13:47:01.563+0200][303,721s] GC(500) Concurrent Mark
[2019-04-15T13:47:01.563+0200][303,721s] GC(500) Using 4 workers of 4 for marking
[2019-04-15T13:47:01.741+0200][303,900s] GC(500) Concurrent Mark 178,144ms
[2019-04-15T13:47:01.741+0200][303,900s] GC(500) User=0,68s Sys=0,00s Real=0,18s
[2019-04-15T13:47:01.741+0200][303,900s] GC(500) Concurrent Preclean
[2019-04-15T13:47:01.779+0200][303,938s] GC(501) Pause Full (Allocation Failure)
[2019-04-15T13:47:01.976+0200][304,134s] GC(500) Concurrent Preclean 234,797ms
[2019-04-15T13:47:01.976+0200][304,135s] GC(500) User=0,27s Sys=0,00s Real=0,24s
[2019-04-15T13:47:01.976+0200][304,135s] GC(501) Phase 1: Mark live objects
[2019-04-15T13:47:02.043+0200][304,202s] GC(501) Phase 1: Mark live objects 67,143ms
[2019-04-15T13:47:02.043+0200][304,202s] GC(501) Phase 2: Compute new object addresses
[2019-04-15T13:47:02.172+0200][304,331s] GC(501) Phase 2: Compute new object addresses 129,329ms
[2019-04-15T13:47:02.172+0200][304,331s] GC(501) Phase 3: Adjust pointers
[2019-04-15T13:47:02.221+0200][304,380s] GC(501) Phase 3: Adjust pointers 48,441ms
[2019-04-15T13:47:02.221+0200][304,380s] GC(501) Phase 4: Move objects
[2019-04-15T13:47:02.246+0200][304,405s] GC(501) Phase 4: Move objects 24,890ms
[2019-04-15T13:47:02.246+0200][304,405s] GC(501) ParNew: 109149K->0K(109248K)
[2019-04-15T13:47:02.246+0200][304,405s] GC(501) CMS: 393215K->111669K(393216K)
[2019-04-15T13:47:02.246+0200][304,405s] GC(501) Metaspace: 85290K->85290K(1128448K)
[2019-04-15T13:47:02.246+0200][304,405s] GC(501) Pause Full (Allocation Failure) 490M->109M(490M) 467,421ms
[2019-04-15T13:47:02.246+0200][304,405s] GC(501) User=0,46s Sys=0,00s Real=0,47s
[2019-04-15T13:47:02.307+0200][304,466s] GC(502) Pause Young (Allocation Failure)
[2019-04-15T13:47:02.307+0200][304,466s] GC(502) Using 4 workers of 4 for evacuation
[2019-04-15T13:47:02.316+0200][304,474s] GC(502) ParNew: 87424K->19544K(109248K)
[2019-04-15T13:47:02.316+0200][304,475s] GC(502) CMS: 111669K->111669K(393216K)
[2019-04-15T13:47:02.316+0200][304,475s] GC(502) Metaspace: 85290K->85290K(1128448K)
[2019-04-15T13:47:02.316+0200][304,475s] GC(502) Pause Young (Allocation Failure) 194M->128M(490M) 8,337ms
[2019-04-15T13:47:02.316+0200][304,475s] GC(502) User=0,02s Sys=0,00s Real=0,01s
[2019-04-15T13:47:02.363+0200][304,522s] GC(503) Pause Young (Allocation Failure)
[2019-04-15T13:47:02.363+0200][304,522s] GC(503) Using 4 workers of 4 for evacuation
[2019-04-15T13:47:02.369+0200][304,528s] GC(503) ParNew: 106968K->8515K(109248K)
[2019-04-15T13:47:02.369+0200][304,528s] GC(503) CMS: 111669K->111669K(393216K)
[2019-04-15T13:47:02.369+0200][304,528s] GC(503) Metaspace: 85290K->85290K(1128448K)
[2019-04-15T13:47:02.369+0200][304,528s] GC(503) Pause Young (Allocation Failure) 213M->117M(490M) 5,604ms
[2019-04-15T13:47:02.369+0200][304,528s] GC(503) User=0,01s Sys=0,00s Real=0,01s
[2019-04-15T13:47:02.419+0200][304,577s] GC(504) Pause Young (Allocation Failure)
[2019-04-15T13:47:02.419+0200][304,577s] GC(504) Using 4 workers of 4 for evacuation
[2019-04-15T13:47:02.426+0200][304,585s] GC(504) ParNew: 95939K->8188K(109248K)
[2019-04-15T13:47:02.426+0200][304,585s] GC(504) CMS: 111669K->111669K(393216K)
[2019-04-15T13:47:02.426+0200][304,585s] GC(504) Metaspace: 85290K->85290K(1128448K)
[2019-04-15T13:47:02.426+0200][304,585s] GC(504) Pause Young (Allocation Failure) 202M->117M(490M) 7,105ms
[2019-04-15T13:47:02.426+0200][304,585s] GC(504) User=0,03s Sys=0,00s Real=0,01s
[2019-04-15T13:47:02.472+0200][304,631s] GC(505) Pause Young (Allocation Failure)
[2019-04-15T13:47:02.472+0200][304,631s] GC(505) Using 4 workers of 4 for evacuation
[2019-04-15T13:47:02.479+0200][304,638s] GC(505) ParNew: 95612K->9742K(109248K)
[2019-04-15T13:47:02.479+0200][304,638s] GC(505) CMS: 111669K->111669K(393216K)
[2019-04-15T13:47:02.479+0200][304,638s] GC(505) Metaspace: 85290K->85290K(1128448K)
[2019-04-15T13:47:02.479+0200][304,638s] GC(505) Pause Young (Allocation Failure) 202M->118M(490M) 7,247ms
[2019-04-15T13:47:02.479+0200][304,638s] GC(505) User=0,02s Sys=0,00s Real=0,01s
[2019-04-15T13:47:02.527+0200][304,686s] GC(506) Pause Young (Allocation Failure)
[2019-04-15T13:47:02.527+0200][304,686s] GC(506) Using 4 workers of 4 for evacuation
[2019-04-15T13:47:02.533+0200][304,692s] GC(506) ParNew: 97166K->9137K(109248K)
[2019-04-15T13:47:02.533+0200][304,692s] GC(506) CMS: 111669K->111669K(393216K)
[2019-04-15T13:47:02.533+0200][304,692s] GC(506) Metaspace: 85290K->85290K(1128448K)
[2019-04-15T13:47:02.533+0200][304,692s] GC(506) Pause Young (Allocation Failure) 203M->117M(490M) 6,197ms
[2019-04-15T13:47:02.533+0200][304,692s] GC(506) User=0,02s Sys=0,00s Real=0,00s
[2019-04-15T13:47:02.579+0200][304,738s] GC(507) Pause Young (Allocation Failure)
[2019-04-15T13:47:02.579+0200][304,738s] GC(507) Using 4 workers of 4 for evacuation
[2019-04-15T13:47:02.586+0200][304,745s] GC(507) ParNew: 96561K->9042K(109248K)
[2019-04-15T13:47:02.586+0200][304,745s] GC(507) CMS: 111669K->111669K(393216K)
[2019-04-15T13:47:02.586+0200][304,745s] GC(507) Metaspace: 85290K->85290K(1128448K)
[2019-04-15T13:47:02.586+0200][304,745s] GC(507) Pause Young (Allocation Failure) 203M->117M(490M) 6,773ms
[2019-04-15T13:47:02.586+0200][304,745s] GC(507) User=0,02s Sys=0,00s Real=0,01s
[2019-04-15T13:47:02.636+0200][304,794s] GC(508) Pause Young (Allocation Failure)
[2019-04-15T13:47:02.636+0200][304,794s] GC(508) Using 4 workers of 4 for evacuation
[2019-04-15T13:47:02.643+0200][304,802s] GC(508) ParNew: 96466K->8841K(109248K)
[2019-04-15T13:47:02.643+0200][304,802s] GC(508) CMS: 111669K->111669K(393216K)
[2019-04-15T13:47:02.644+0200][304,802s] GC(508) Metaspace: 85290K->85290K(1128448K)
[2019-04-15T13:47:02.644+0200][304,802s] GC(508) Pause Young (Allocation Failure) 203M->117M(490M) 8,007ms
[2019-04-15T13:47:02.644+0200][304,802s] GC(508) User=0,02s Sys=0,00s Real=0,00s
[2019-04-15T13:47:02.746+0200][304,905s] GC(509) Pause Young (Allocation Failure)
[2019-04-15T13:47:02.746+0200][304,905s] GC(509) Using 4 workers of 4 for evacuation
[2019-04-15T13:47:02.756+0200][304,915s] GC(509) ParNew: 96265K->18046K(109248K)
[2019-04-15T13:47:02.756+0200][304,915s] GC(509) CMS: 111669K->111669K(393216K)
[2019-04-15T13:47:02.756+0200][304,915s] GC(509) Metaspace: 85290K->85290K(1128448K)
[2019-04-15T13:47:02.756+0200][304,915s] GC(509) Pause Young (Allocation Failure) 203M->126M(490M) 9,395ms
[2019-04-15T13:47:02.756+0200][304,915s] GC(509) User=0,04s Sys=0,00s Real=0,01s
[2019-04-15T13:47:02.838+0200][304,997s] GC(510) Pause Young (Allocation Failure)
[2019-04-15T13:47:02.838+0200][304,997s] GC(510) Using 4 workers of 4 for evacuation
[2019-04-15T13:47:02.855+0200][305,014s] GC(510) ParNew: 105470K->21824K(109248K)
[2019-04-15T13:47:02.855+0200][305,014s] GC(510) CMS: 111669K->120326K(393216K)
[2019-04-15T13:47:02.856+0200][305,014s] GC(510) Metaspace: 85292K->85292K(1128448K)
[2019-04-15T13:47:02.856+0200][305,014s] GC(510) Pause Young (Allocation Failure) 212M->138M(490M) 17,644ms
[2019-04-15T13:47:02.856+0200][305,014s] GC(510) User=0,07s Sys=0,00s Real=0,02s
[2019-04-15T13:47:02.931+0200][305,090s] GC(511) Pause Young (Allocation Failure)
[2019-04-15T13:47:02.932+0200][305,090s] GC(511) Using 4 workers of 4 for evacuation
[2019-04-15T13:47:02.949+0200][305,108s] GC(511) ParNew: 109248K->21824K(109248K)
[2019-04-15T13:47:02.949+0200][305,108s] GC(511) CMS: 120326K->132517K(393216K)
[2019-04-15T13:47:02.949+0200][305,108s] GC(511) Metaspace: 85295K->85295K(1128448K)
[2019-04-15T13:47:02.949+0200][305,108s] GC(511) Pause Young (Allocation Failure) 224M->150M(490M) 17,268ms
[2019-04-15T13:47:02.949+0200][305,108s] GC(511) User=0,06s Sys=0,00s Real=0,02s
[2019-04-15T13:47:03.032+0200][305,191s] GC(512) Pause Young (Allocation Failure)
[2019-04-15T13:47:03.032+0200][305,191s] GC(512) Using 4 workers of 4 for evacuation
[2019-04-15T13:47:03.059+0200][305,218s] GC(512) ParNew: 109248K->21824K(109248K)
[2019-04-15T13:47:03.059+0200][305,218s] GC(512) CMS: 132517K->139144K(393216K)
[2019-04-15T13:47:03.059+0200][305,218s] GC(512) Metaspace: 85298K->85298K(1128448K)
[2019-04-15T13:47:03.059+0200][305,218s] GC(512) Pause Young (Allocation Failure) 236M->157M(490M) 26,838ms
[2019-04-15T13:47:03.059+0200][305,218s] GC(512) User=0,10s Sys=0,00s Real=0,03s
[2019-04-15T13:47:03.150+0200][305,309s] GC(513) Pause Young (Allocation Failure)
[2019-04-15T13:47:03.150+0200][305,309s] GC(513) Using 4 workers of 4 for evacuation
[2019-04-15T13:47:03.173+0200][305,332s] GC(513) ParNew: 109248K->21824K(109248K)
[2019-04-15T13:47:03.173+0200][305,332s] GC(513) CMS: 139144K->142570K(393216K)
[2019-04-15T13:47:03.173+0200][305,332s] GC(513) Metaspace: 85298K->85298K(1128448K)
[2019-04-15T13:47:03.173+0200][305,332s] GC(513) Pause Young (Allocation Failure) 242M->160M(490M) 23,541ms
[2019-04-15T13:47:03.173+0200][305,332s] GC(513) User=0,09s Sys=0,00s Real=0,03s
[2019-04-15T13:47:03.240+0200][305,399s] GC(514) Pause Young (Allocation Failure)
[2019-04-15T13:47:03.241+0200][305,399s] GC(514) Using 4 workers of 4 for evacuation
[2019-04-15T13:47:03.259+0200][305,418s] GC(514) ParNew: 109248K->21824K(109248K)
[2019-04-15T13:47:03.259+0200][305,418s] GC(514) CMS: 142570K->150368K(393216K)
[2019-04-15T13:47:03.259+0200][305,418s] GC(514) Metaspace: 85300K->85300K(1128448K)
[2019-04-15T13:47:03.259+0200][305,418s] GC(514) Pause Young (Allocation Failure) 245M->168M(490M) 18,513ms
[2019-04-15T13:47:03.259+0200][305,418s] GC(514) User=0,07s Sys=0,00s Real=0,02s
[2019-04-15T13:47:03.327+0200][305,486s] GC(515) Pause Young (Allocation Failure)
[2019-04-15T13:47:03.327+0200][305,486s] GC(515) Using 4 workers of 4 for evacuation
[2019-04-15T13:47:03.347+0200][305,506s] GC(515) ParNew: 109248K->21824K(109248K)
[2019-04-15T13:47:03.347+0200][305,506s] GC(515) CMS: 150368K->156249K(393216K)
[2019-04-15T13:47:03.347+0200][305,506s] GC(515) Metaspace: 85300K->85300K(1128448K)
[2019-04-15T13:47:03.347+0200][305,506s] GC(515) Pause Young (Allocation Failure) 253M->173M(490M) 19,911ms
[2019-04-15T13:47:03.347+0200][305,506s] GC(515) User=0,08s Sys=0,00s Real=0,02s
[2019-04-15T13:47:03.420+0200][305,579s] GC(516) Pause Young (Allocation Failure)
[2019-04-15T13:47:03.420+0200][305,579s] GC(516) Using 4 workers of 4 for evacuation
[2019-04-15T13:47:03.450+0200][305,609s] GC(516) ParNew: 109248K->21824K(109248K)
[2019-04-15T13:47:03.450+0200][305,609s] GC(516) CMS: 156249K->163982K(393216K)
[2019-04-15T13:47:03.450+0200][305,609s] GC(516) Metaspace: 85300K->85300K(1128448K)
[2019-04-15T13:47:03.450+0200][305,609s] GC(516) Pause Young (Allocation Failure) 259M->181M(490M) 30,688ms
[2019-04-15T13:47:03.450+0200][305,609s] GC(516) User=0,11s Sys=0,00s Real=0,03s
[2019-04-15T13:47:03.519+0200][305,678s] GC(517) Pause Young (Allocation Failure)
[2019-04-15T13:47:03.519+0200][305,678s] GC(517) Using 4 workers of 4 for evacuation
[2019-04-15T13:47:03.538+0200][305,697s] GC(517) ParNew: 109248K->21824K(109248K)
[2019-04-15T13:47:03.538+0200][305,697s] GC(517) CMS: 163982K->169388K(393216K)
[2019-04-15T13:47:03.538+0200][305,697s] GC(517) Metaspace: 85300K->85300K(1128448K)
[2019-04-15T13:47:03.538+0200][305,697s] GC(517) Pause Young (Allocation Failure) 266M->186M(490M) 18,959ms
[2019-04-15T13:47:03.538+0200][305,697s] GC(517) User=0,07s Sys=0,00s Real=0,02s
[2019-04-15T13:47:03.604+0200][305,763s] GC(518) Pause Young (Allocation Failure)
[2019-04-15T13:47:03.604+0200][305,763s] GC(518) Using 4 workers of 4 for evacuation
[2019-04-15T13:47:03.626+0200][305,785s] GC(518) ParNew: 109248K->21824K(109248K)
[2019-04-15T13:47:03.626+0200][305,785s] GC(518) CMS: 169388K->176226K(393216K)
[2019-04-15T13:47:03.626+0200][305,785s] GC(518) Metaspace: 85300K->85300K(1128448K)
[2019-04-15T13:47:03.626+0200][305,785s] GC(518) Pause Young (Allocation Failure) 272M->193M(490M) 21,742ms
[2019-04-15T13:47:03.626+0200][305,785s] GC(518) User=0,08s Sys=0,00s Real=0,03s
[2019-04-15T13:47:03.693+0200][305,852s] GC(519) Pause Young (Allocation Failure)
[2019-04-15T13:47:03.693+0200][305,852s] GC(519) Using 4 workers of 4 for evacuation
[2019-04-15T13:47:03.721+0200][305,880s] GC(519) ParNew: 109248K->21824K(109248K)
[2019-04-15T13:47:03.721+0200][305,880s] GC(519) CMS: 176226K->184521K(393216K)
[2019-04-15T13:47:03.721+0200][305,880s] GC(519) Metaspace: 85301K->85301K(1128448K)
[2019-04-15T13:47:03.721+0200][305,880s] GC(519) Pause Young (Allocation Failure) 278M->201M(490M) 28,046ms
[2019-04-15T13:47:03.721+0200][305,880s] GC(519) User=0,09s Sys=0,00s Real=0,02s
[2019-04-15T13:47:03.790+0200][305,949s] GC(520) Pause Young (Allocation Failure)
[2019-04-15T13:47:03.790+0200][305,949s] GC(520) Using 4 workers of 4 for evacuation
[2019-04-15T13:47:03.818+0200][305,977s] GC(520) ParNew: 109248K->21824K(109248K)
[2019-04-15T13:47:03.818+0200][305,977s] GC(520) CMS: 184521K->191367K(393216K)
[2019-04-15T13:47:03.818+0200][305,977s] GC(520) Metaspace: 85301K->85301K(1128448K)
[2019-04-15T13:47:03.818+0200][305,977s] GC(520) Pause Young (Allocation Failure) 286M->208M(490M) 28,095ms
[2019-04-15T13:47:03.818+0200][305,977s] GC(520) User=0,11s Sys=0,00s Real=0,03s
[2019-04-15T13:47:03.885+0200][306,044s] GC(521) Pause Young (Allocation Failure)
[2019-04-15T13:47:03.886+0200][306,044s] GC(521) Using 4 workers of 4 for evacuation
[2019-04-15T13:47:03.906+0200][306,065s] GC(521) ParNew: 109248K->21824K(109248K)
[2019-04-15T13:47:03.906+0200][306,065s] GC(521) CMS: 191367K->197018K(393216K)
[2019-04-15T13:47:03.906+0200][306,065s] GC(521) Metaspace: 85301K->85301K(1128448K)
[2019-04-15T13:47:03.906+0200][306,065s] GC(521) Pause Young (Allocation Failure) 293M->213M(490M) 20,667ms
[2019-04-15T13:47:03.906+0200][306,065s] GC(521) User=0,07s Sys=0,00s Real=0,02s
[2019-04-15T13:47:03.906+0200][306,065s] GC(522) Pause Initial Mark
[2019-04-15T13:47:03.912+0200][306,071s] GC(522) Pause Initial Mark 215M->215M(490M) 5,589ms
[2019-04-15T13:47:03.912+0200][306,071s] GC(522) User=0,02s Sys=0,00s Real=0,00s
[2019-04-15T13:47:03.912+0200][306,071s] GC(522) Concurrent Mark
[2019-04-15T13:47:03.912+0200][306,071s] GC(522) Using 4 workers of 4 for marking
[2019-04-15T13:47:04.005+0200][306,164s] GC(522) Concurrent Mark 93,292ms
[2019-04-15T13:47:04.005+0200][306,164s] GC(522) User=0,35s Sys=0,00s Real=0,10s
[2019-04-15T13:47:04.005+0200][306,164s] GC(522) Concurrent Preclean
[2019-04-15T13:47:04.007+0200][306,166s] GC(522) Concurrent Preclean 1,228ms
[2019-04-15T13:47:04.007+0200][306,166s] GC(522) User=0,01s Sys=0,00s Real=0,00s
[2019-04-15T13:47:04.007+0200][306,166s] GC(522) Concurrent Abortable Preclean
[2019-04-15T13:47:04.022+0200][306,181s] GC(523) Pause Young (Allocation Failure)
[2019-04-15T13:47:04.022+0200][306,181s] GC(523) Using 4 workers of 4 for evacuation
[2019-04-15T13:47:04.056+0200][306,215s] GC(523) ParNew: 109248K->21824K(109248K)
[2019-04-15T13:47:04.056+0200][306,215s] GC(523) CMS: 197018K->207127K(393216K)
[2019-04-15T13:47:04.056+0200][306,215s] GC(523) Metaspace: 85301K->85301K(1128448K)
[2019-04-15T13:47:04.056+0200][306,215s] GC(523) Pause Young (Allocation Failure) 299M->223M(490M) 34,014ms
[2019-04-15T13:47:04.056+0200][306,215s] GC(523) User=0,09s Sys=0,00s Real=0,04s
[2019-04-15T13:47:04.137+0200][306,295s] GC(524) Pause Young (Allocation Failure)
[2019-04-15T13:47:04.137+0200][306,296s] GC(524) Using 4 workers of 4 for evacuation
[2019-04-15T13:47:04.158+0200][306,317s] GC(524) ParNew: 109248K->21824K(109248K)
[2019-04-15T13:47:04.158+0200][306,317s] GC(524) CMS: 207127K->213329K(393216K)
[2019-04-15T13:47:04.158+0200][306,317s] GC(524) Metaspace: 85301K->85301K(1128448K)
[2019-04-15T13:47:04.158+0200][306,317s] GC(524) Pause Young (Allocation Failure) 308M->229M(490M) 21,645ms
[2019-04-15T13:47:04.158+0200][306,317s] GC(524) User=0,08s Sys=0,01s Real=0,02s
[2019-04-15T13:47:04.164+0200][306,323s] GC(522) Concurrent Abortable Preclean 157,066ms
[2019-04-15T13:47:04.164+0200][306,323s] GC(522) User=0,37s Sys=0,01s Real=0,15s
[2019-04-15T13:47:04.164+0200][306,323s] GC(522) Pause Remark
[2019-04-15T13:47:04.164+0200][306,323s] GC(525) Pause Young (CMS Final Remark)
[2019-04-15T13:47:04.164+0200][306,323s] GC(525) Using 4 workers of 4 for evacuation
[2019-04-15T13:47:04.180+0200][306,339s] GC(525) ParNew: 25316K->20884K(109248K)
[2019-04-15T13:47:04.180+0200][306,339s] GC(525) CMS: 213329K->217153K(393216K)
[2019-04-15T13:47:04.180+0200][306,339s] GC(525) Metaspace: 85301K->85301K(1128448K)
[2019-04-15T13:47:04.180+0200][306,339s] GC(525) Pause Young (CMS Final Remark) 233M->232M(490M) 15,753ms
[2019-04-15T13:47:04.180+0200][306,339s] GC(525) User=0,06s Sys=0,00s Real=0,02s
[2019-04-15T13:47:04.219+0200][306,378s] GC(522) Pause Remark 233M->232M(490M) 54,930ms
[2019-04-15T13:47:04.219+0200][306,378s] GC(522) User=0,12s Sys=0,00s Real=0,06s
[2019-04-15T13:47:04.219+0200][306,378s] GC(522) Concurrent Sweep
[2019-04-15T13:47:04.270+0200][306,428s] GC(522) Concurrent Sweep 50,569ms
[2019-04-15T13:47:04.270+0200][306,428s] GC(522) User=0,15s Sys=0,00s Real=0,05s
[2019-04-15T13:47:04.270+0200][306,429s] GC(522) Concurrent Reset
[2019-04-15T13:47:04.270+0200][306,429s] GC(522) Concurrent Reset 0,413ms
[2019-04-15T13:47:04.270+0200][306,429s] GC(522) User=0,00s Sys=0,00s Real=0,00s
[2019-04-15T13:47:04.270+0200][306,429s] GC(522) Old: 197018K->200270K(393216K)
[2019-04-15T13:47:04.326+0200][306,485s] GC(526) Pause Young (Allocation Failure)
[2019-04-15T13:47:04.326+0200][306,485s] GC(526) Using 4 workers of 4 for evacuation
[2019-04-15T13:47:04.342+0200][306,501s] GC(526) ParNew: 108308K->21824K(109248K)
[2019-04-15T13:47:04.342+0200][306,501s] GC(526) CMS: 200270K->202453K(393216K)
[2019-04-15T13:47:04.342+0200][306,501s] GC(526) Metaspace: 85301K->85301K(1128448K)
[2019-04-15T13:47:04.342+0200][306,501s] GC(526) Pause Young (Allocation Failure) 301M->219M(490M) 16,130ms
[2019-04-15T13:47:04.342+0200][306,501s] GC(526) User=0,06s Sys=0,00s Real=0,01s
[2019-04-15T13:47:04.343+0200][306,502s] GC(527) Pause Initial Mark
[2019-04-15T13:47:04.348+0200][306,507s] GC(527) Pause Initial Mark 220M->220M(490M) 5,227ms
[2019-04-15T13:47:04.348+0200][306,507s] GC(527) User=0,02s Sys=0,00s Real=0,01s
[2019-04-15T13:47:04.348+0200][306,507s] GC(527) Concurrent Mark
[2019-04-15T13:47:04.348+0200][306,507s] GC(527) Using 4 workers of 4 for marking
[2019-04-15T13:47:04.466+0200][306,625s] GC(528) Pause Young (Allocation Failure)
[2019-04-15T13:47:04.466+0200][306,625s] GC(528) Using 4 workers of 4 for evacuation
[2019-04-15T13:47:04.489+0200][306,648s] GC(528) ParNew: 109248K->21824K(109248K)
[2019-04-15T13:47:04.489+0200][306,648s] GC(528) CMS: 202453K->209503K(393216K)
[2019-04-15T13:47:04.489+0200][306,648s] GC(528) Metaspace: 85301K->85301K(1128448K)
[2019-04-15T13:47:04.489+0200][306,648s] GC(528) Pause Young (Allocation Failure) 304M->225M(490M) 22,958ms
[2019-04-15T13:47:04.489+0200][306,648s] GC(528) User=0,09s Sys=0,00s Real=0,02s
[2019-04-15T13:47:04.523+0200][306,682s] GC(527) Concurrent Mark 174,667ms
[2019-04-15T13:47:04.523+0200][306,682s] GC(527) User=0,65s Sys=0,00s Real=0,17s
[2019-04-15T13:47:04.523+0200][306,682s] GC(527) Concurrent Preclean
[2019-04-15T13:47:04.534+0200][306,693s] GC(527) Concurrent Preclean 11,491ms
[2019-04-15T13:47:04.534+0200][306,693s] GC(527) User=0,02s Sys=0,00s Real=0,02s
[2019-04-15T13:47:04.534+0200][306,693s] GC(527) Concurrent Abortable Preclean
[2019-04-15T13:47:04.706+0200][306,864s] GC(529) Pause Young (Allocation Failure)
[2019-04-15T13:47:04.706+0200][306,865s] GC(529) Using 4 workers of 4 for evacuation
[2019-04-15T13:47:04.737+0200][306,896s] GC(529) ParNew: 109248K->21824K(109248K)
[2019-04-15T13:47:04.737+0200][306,896s] GC(529) CMS: 209503K->240800K(393216K)
[2019-04-15T13:47:04.737+0200][306,896s] GC(529) Metaspace: 85324K->85324K(1128448K)
[2019-04-15T13:47:04.737+0200][306,896s] GC(529) Pause Young (Allocation Failure) 311M->256M(490M) 31,753ms
[2019-04-15T13:47:04.737+0200][306,896s] GC(529) User=0,12s Sys=0,00s Real=0,03s
[2019-04-15T13:47:04.973+0200][307,132s] GC(530) Pause Young (Allocation Failure)
[2019-04-15T13:47:04.973+0200][307,132s] GC(530) Using 4 workers of 4 for evacuation
[2019-04-15T13:47:04.978+0200][307,137s] GC(527) Concurrent Abortable Preclean 443,539ms
[2019-04-15T13:47:04.978+0200][307,137s] GC(527) User=0,70s Sys=0,18s Real=0,44s
[2019-04-15T13:47:05.005+0200][307,164s] GC(530) ParNew: 109248K->21824K(109248K)
[2019-04-15T13:47:05.005+0200][307,164s] GC(530) CMS: 240800K->302725K(393216K)
[2019-04-15T13:47:05.005+0200][307,164s] GC(530) Metaspace: 85324K->85324K(1128448K)
[2019-04-15T13:47:05.005+0200][307,164s] GC(530) Pause Young (Allocation Failure) 341M->316M(490M) 32,160ms
[2019-04-15T13:47:05.005+0200][307,164s] GC(530) User=0,10s Sys=0,00s Real=0,04s
[2019-04-15T13:47:05.005+0200][307,164s] GC(527) Pause Remark
[2019-04-15T13:47:05.005+0200][307,164s] GC(531) Pause Young (CMS Final Remark)
[2019-04-15T13:47:05.005+0200][307,164s] GC(531) Using 4 workers of 4 for evacuation
[2019-04-15T13:47:05.019+0200][307,178s] GC(531) ParNew: 23147K->21824K(109248K)
[2019-04-15T13:47:05.019+0200][307,178s] GC(531) CMS: 302725K->308998K(393216K)
[2019-04-15T13:47:05.019+0200][307,178s] GC(531) Metaspace: 85324K->85324K(1128448K)
[2019-04-15T13:47:05.019+0200][307,178s] GC(531) Pause Young (CMS Final Remark) 318M->323M(490M) 14,303ms
[2019-04-15T13:47:05.019+0200][307,178s] GC(531) User=0,04s Sys=0,00s Real=0,01s
[2019-04-15T13:47:05.057+0200][307,216s] GC(527) Pause Remark 318M->323M(490M) 51,494ms
[2019-04-15T13:47:05.057+0200][307,216s] GC(527) User=0,10s Sys=0,00s Real=0,05s
[2019-04-15T13:47:05.057+0200][307,216s] GC(527) Concurrent Sweep
[2019-04-15T13:47:05.127+0200][307,286s] GC(527) Concurrent Sweep 69,862ms
[2019-04-15T13:47:05.127+0200][307,286s] GC(527) User=0,22s Sys=0,00s Real=0,07s
[2019-04-15T13:47:05.127+0200][307,286s] GC(527) Concurrent Reset
[2019-04-15T13:47:05.127+0200][307,286s] GC(527) Concurrent Reset 0,364ms
[2019-04-15T13:47:05.127+0200][307,286s] GC(527) User=0,01s Sys=0,00s Real=0,00s
[2019-04-15T13:47:05.127+0200][307,286s] GC(527) Old: 202453K->308767K(393216K)
[2019-04-15T13:47:05.168+0200][307,327s] GC(532) Pause Young (Allocation Failure)
[2019-04-15T13:47:05.168+0200][307,327s] GC(532) Using 4 workers of 4 for evacuation
[2019-04-15T13:47:05.181+0200][307,339s] GC(532) ParNew: 109248K->21824K(109248K)
[2019-04-15T13:47:05.181+0200][307,339s] GC(532) CMS: 308767K->309616K(393216K)
[2019-04-15T13:47:05.181+0200][307,339s] GC(532) Metaspace: 85324K->85324K(1128448K)
[2019-04-15T13:47:05.181+0200][307,339s] GC(532) Pause Young (Allocation Failure) 408M->323M(490M) 12,373ms
[2019-04-15T13:47:05.181+0200][307,340s] GC(532) User=0,04s Sys=0,00s Real=0,01s
[2019-04-15T13:47:05.181+0200][307,340s] GC(533) Pause Initial Mark
[2019-04-15T13:47:05.183+0200][307,342s] GC(533) Pause Initial Mark 325M->325M(490M) 2,372ms
[2019-04-15T13:47:05.183+0200][307,342s] GC(533) User=0,00s Sys=0,00s Real=0,00s
[2019-04-15T13:47:05.184+0200][307,342s] GC(533) Concurrent Mark
[2019-04-15T13:47:05.184+0200][307,342s] GC(533) Using 4 workers of 4 for marking
[2019-04-15T13:47:05.318+0200][307,477s] GC(533) Concurrent Mark 134,331ms
[2019-04-15T13:47:05.318+0200][307,477s] GC(533) User=0,51s Sys=0,00s Real=0,14s
[2019-04-15T13:47:05.318+0200][307,477s] GC(533) Concurrent Preclean
[2019-04-15T13:47:05.319+0200][307,478s] GC(533) Concurrent Preclean 1,206ms
[2019-04-15T13:47:05.319+0200][307,478s] GC(533) User=0,00s Sys=0,00s Real=0,00s
[2019-04-15T13:47:05.319+0200][307,478s] GC(533) Concurrent Abortable Preclean
[2019-04-15T13:47:05.352+0200][307,510s] GC(534) Pause Young (Allocation Failure)
[2019-04-15T13:47:05.352+0200][307,510s] GC(534) Using 4 workers of 4 for evacuation
[2019-04-15T13:47:05.363+0200][307,522s] GC(534) ParNew: 109248K->21824K(109248K)
[2019-04-15T13:47:05.363+0200][307,522s] GC(534) CMS: 309616K->309707K(393216K)
[2019-04-15T13:47:05.363+0200][307,522s] GC(534) Metaspace: 85324K->85324K(1128448K)
[2019-04-15T13:47:05.363+0200][307,522s] GC(534) Pause Young (Allocation Failure) 409M->323M(490M) 11,709ms
[2019-04-15T13:47:05.363+0200][307,522s] GC(534) User=0,04s Sys=0,00s Real=0,01s
[2019-04-15T13:47:05.450+0200][307,609s] GC(535) Pause Young (Allocation Failure)
[2019-04-15T13:47:05.450+0200][307,609s] GC(535) Using 4 workers of 4 for evacuation
[2019-04-15T13:47:05.460+0200][307,619s] GC(535) ParNew: 109248K->21824K(109248K)
[2019-04-15T13:47:05.460+0200][307,619s] GC(535) CMS: 309707K->310247K(393216K)
[2019-04-15T13:47:05.460+0200][307,619s] GC(535) Metaspace: 85324K->85324K(1128448K)
[2019-04-15T13:47:05.460+0200][307,619s] GC(535) Pause Young (Allocation Failure) 409M->324M(490M) 9,470ms
[2019-04-15T13:47:05.460+0200][307,619s] GC(535) User=0,03s Sys=0,00s Real=0,01s
[2019-04-15T13:47:05.460+0200][307,619s] GC(533) Concurrent Abortable Preclean 140,649ms
[2019-04-15T13:47:05.460+0200][307,619s] GC(533) User=0,36s Sys=0,00s Real=0,14s
[2019-04-15T13:47:05.460+0200][307,619s] GC(533) Pause Remark
[2019-04-15T13:47:05.460+0200][307,619s] GC(536) Pause Young (CMS Final Remark)
[2019-04-15T13:47:05.460+0200][307,619s] GC(536) Using 4 workers of 4 for evacuation
[2019-04-15T13:47:05.468+0200][307,627s] GC(536) ParNew: 23452K->21824K(109248K)
[2019-04-15T13:47:05.468+0200][307,627s] GC(536) CMS: 310247K->310759K(393216K)
[2019-04-15T13:47:05.468+0200][307,627s] GC(536) Metaspace: 85324K->85324K(1128448K)
[2019-04-15T13:47:05.468+0200][307,627s] GC(536) Pause Young (CMS Final Remark) 325M->324M(490M) 8,271ms
[2019-04-15T13:47:05.468+0200][307,627s] GC(536) User=0,02s Sys=0,01s Real=0,01s
[2019-04-15T13:47:05.504+0200][307,663s] GC(533) Pause Remark 325M->324M(490M) 43,951ms
[2019-04-15T13:47:05.504+0200][307,663s] GC(533) User=0,07s Sys=0,01s Real=0,04s
[2019-04-15T13:47:05.504+0200][307,663s] GC(533) Concurrent Sweep
[2019-04-15T13:47:05.572+0200][307,731s] GC(533) Concurrent Sweep 67,949ms
[2019-04-15T13:47:05.572+0200][307,731s] GC(533) User=0,14s Sys=0,00s Real=0,07s
[2019-04-15T13:47:05.572+0200][307,731s] GC(533) Concurrent Reset
[2019-04-15T13:47:05.572+0200][307,731s] GC(533) Concurrent Reset 0,359ms
[2019-04-15T13:47:05.572+0200][307,731s] GC(533) User=0,00s Sys=0,00s Real=0,00s
[2019-04-15T13:47:05.572+0200][307,731s] GC(533) Old: 309616K->282608K(393216K)
[2019-04-15T13:47:05.576+0200][307,735s] GC(537) Pause Young (Allocation Failure)
[2019-04-15T13:47:05.576+0200][307,735s] GC(537) Using 4 workers of 4 for evacuation
[2019-04-15T13:47:05.586+0200][307,745s] GC(537) ParNew: 109248K->21824K(109248K)
[2019-04-15T13:47:05.586+0200][307,745s] GC(537) CMS: 282608K->286033K(393216K)
[2019-04-15T13:47:05.586+0200][307,745s] GC(537) Metaspace: 85324K->85324K(1128448K)
[2019-04-15T13:47:05.586+0200][307,745s] GC(537) Pause Young (Allocation Failure) 382M->300M(490M) 10,062ms
[2019-04-15T13:47:05.586+0200][307,745s] GC(537) User=0,04s Sys=0,00s Real=0,01s
[2019-04-15T13:47:05.586+0200][307,745s] GC(538) Pause Initial Mark
[2019-04-15T13:47:05.588+0200][307,747s] GC(538) Pause Initial Mark 302M->302M(490M) 1,406ms
[2019-04-15T13:47:05.588+0200][307,747s] GC(538) User=0,01s Sys=0,00s Real=0,00s
[2019-04-15T13:47:05.588+0200][307,747s] GC(538) Concurrent Mark
[2019-04-15T13:47:05.588+0200][307,747s] GC(538) Using 4 workers of 4 for marking
[2019-04-15T13:47:05.637+0200][307,796s] GC(538) Concurrent Mark 49,393ms
[2019-04-15T13:47:05.637+0200][307,796s] GC(538) User=0,19s Sys=0,00s Real=0,05s
[2019-04-15T13:47:05.637+0200][307,796s] GC(538) Concurrent Preclean
[2019-04-15T13:47:05.638+0200][307,797s] GC(538) Concurrent Preclean 0,749ms
[2019-04-15T13:47:05.638+0200][307,797s] GC(538) User=0,00s Sys=0,00s Real=0,00s
[2019-04-15T13:47:05.638+0200][307,797s] GC(538) Concurrent Abortable Preclean
[2019-04-15T13:47:05.669+0200][307,828s] GC(539) Pause Young (Allocation Failure)
[2019-04-15T13:47:05.669+0200][307,828s] GC(539) Using 4 workers of 4 for evacuation
[2019-04-15T13:47:05.679+0200][307,838s] GC(539) ParNew: 109248K->15817K(109248K)
[2019-04-15T13:47:05.679+0200][307,838s] GC(539) CMS: 286033K->292201K(393216K)
[2019-04-15T13:47:05.679+0200][307,838s] GC(539) Metaspace: 85324K->85324K(1128448K)
[2019-04-15T13:47:05.679+0200][307,838s] GC(539) Pause Young (Allocation Failure) 386M->300M(490M) 9,726ms
[2019-04-15T13:47:05.679+0200][307,838s] GC(539) User=0,04s Sys=0,00s Real=0,01s
[2019-04-15T13:47:05.802+0200][307,961s] GC(540) Pause Young (Allocation Failure)
[2019-04-15T13:47:05.802+0200][307,961s] GC(540) Using 4 workers of 4 for evacuation
[2019-04-15T13:47:05.818+0200][307,976s] GC(540) ParNew: 103241K->21824K(109248K)
[2019-04-15T13:47:05.818+0200][307,976s] GC(540) CMS: 292201K->293724K(393216K)
[2019-04-15T13:47:05.818+0200][307,976s] GC(540) Metaspace: 85324K->85324K(1128448K)
[2019-04-15T13:47:05.818+0200][307,976s] GC(540) Pause Young (Allocation Failure) 386M->308M(490M) 15,293ms
[2019-04-15T13:47:05.818+0200][307,977s] GC(540) User=0,05s Sys=0,00s Real=0,02s
[2019-04-15T13:47:05.877+0200][308,036s] GC(538) Concurrent Abortable Preclean 238,746ms
[2019-04-15T13:47:05.877+0200][308,036s] GC(538) User=0,44s Sys=0,02s Real=0,24s
[2019-04-15T13:47:05.877+0200][308,036s] GC(538) Pause Remark
[2019-04-15T13:47:05.921+0200][308,079s] GC(538) Pause Remark 357M->357M(490M) 43,576ms
[2019-04-15T13:47:05.921+0200][308,079s] GC(538) User=0,08s Sys=0,00s Real=0,04s
[2019-04-15T13:47:05.921+0200][308,080s] GC(538) Concurrent Sweep
[2019-04-15T13:47:05.921+0200][308,080s] GC(541) Pause Young (GCLocker Initiated GC)
[2019-04-15T13:47:05.921+0200][308,080s] GC(541) Using 4 workers of 4 for evacuation
[2019-04-15T13:47:05.944+0200][308,103s] GC(541) ParNew: 72452K->20969K(109248K)
[2019-04-15T13:47:05.944+0200][308,103s] GC(541) CMS: 293724K->314322K(393216K)
[2019-04-15T13:47:05.944+0200][308,103s] GC(541) Metaspace: 85340K->85340K(1128448K)
[2019-04-15T13:47:05.944+0200][308,103s] GC(541) Pause Young (GCLocker Initiated GC) 357M->327M(490M) 23,482ms
[2019-04-15T13:47:05.944+0200][308,103s] GC(541) User=0,08s Sys=0,00s Real=0,02s
[2019-04-15T13:47:06.015+0200][308,174s] GC(542) Pause Young (Allocation Failure)
[2019-04-15T13:47:06.015+0200][308,174s] GC(542) Using 4 workers of 4 for evacuation
[2019-04-15T13:47:06.035+0200][308,194s] GC(542) ParNew: 108393K->21824K(109248K)
[2019-04-15T13:47:06.035+0200][308,194s] GC(542) CMS: 291153K->291356K(393216K)
[2019-04-15T13:47:06.035+0200][308,194s] GC(542) Metaspace: 85340K->85340K(1128448K)
[2019-04-15T13:47:06.035+0200][308,194s] GC(542) Pause Young (Allocation Failure) 390M->305M(490M) 19,669ms
[2019-04-15T13:47:06.035+0200][308,194s] GC(542) User=0,06s Sys=0,00s Real=0,02s
[2019-04-15T13:47:06.115+0200][308,274s] GC(543) Pause Young (Allocation Failure)
[2019-04-15T13:47:06.115+0200][308,274s] GC(543) Using 4 workers of 4 for evacuation
[2019-04-15T13:47:06.145+0200][308,304s] GC(543) ParNew: 109248K->21824K(109248K)
[2019-04-15T13:47:06.145+0200][308,304s] GC(543) CMS: 246426K->257839K(393216K)
[2019-04-15T13:47:06.145+0200][308,304s] GC(543) Metaspace: 85340K->85340K(1128448K)
[2019-04-15T13:47:06.145+0200][308,304s] GC(543) Pause Young (Allocation Failure) 347M->273M(490M) 29,948ms
[2019-04-15T13:47:06.145+0200][308,304s] GC(543) User=0,10s Sys=0,00s Real=0,02s
[2019-04-15T13:47:06.204+0200][308,363s] GC(538) Concurrent Sweep 283,832ms
[2019-04-15T13:47:06.204+0200][308,363s] GC(538) User=0,90s Sys=0,01s Real=0,28s
[2019-04-15T13:47:06.204+0200][308,363s] GC(538) Concurrent Reset
[2019-04-15T13:47:06.205+0200][308,364s] GC(538) Concurrent Reset 0,389ms
[2019-04-15T13:47:06.205+0200][308,364s] GC(538) User=0,01s Sys=0,00s Real=0,01s
[2019-04-15T13:47:06.205+0200][308,364s] GC(538) Old: 286033K->218866K(393216K)
[2019-04-15T13:47:06.242+0200][308,401s] GC(544) Pause Young (Allocation Failure)
[2019-04-15T13:47:06.242+0200][308,401s] GC(544) Using 4 workers of 4 for evacuation
[2019-04-15T13:47:06.261+0200][308,420s] GC(544) ParNew: 109248K->21824K(109248K)
[2019-04-15T13:47:06.261+0200][308,420s] GC(544) CMS: 218866K->225070K(393216K)
[2019-04-15T13:47:06.261+0200][308,420s] GC(544) Metaspace: 85340K->85340K(1128448K)
[2019-04-15T13:47:06.261+0200][308,420s] GC(544) Pause Young (Allocation Failure) 320M->241M(490M) 18,965ms
[2019-04-15T13:47:06.261+0200][308,420s] GC(544) User=0,08s Sys=0,00s Real=0,02s
[2019-04-15T13:47:06.261+0200][308,420s] GC(545) Pause Initial Mark
[2019-04-15T13:47:06.268+0200][308,427s] GC(545) Pause Initial Mark 242M->242M(490M) 7,131ms
[2019-04-15T13:47:06.268+0200][308,427s] GC(545) User=0,01s Sys=0,00s Real=0,01s
[2019-04-15T13:47:06.268+0200][308,427s] GC(545) Concurrent Mark
[2019-04-15T13:47:06.268+0200][308,427s] GC(545) Using 4 workers of 4 for marking
[2019-04-15T13:47:06.327+0200][308,486s] GC(545) Concurrent Mark 58,190ms
[2019-04-15T13:47:06.327+0200][308,486s] GC(545) User=0,23s Sys=0,00s Real=0,06s
[2019-04-15T13:47:06.327+0200][308,486s] GC(545) Concurrent Preclean
[2019-04-15T13:47:06.327+0200][308,486s] GC(545) Concurrent Preclean 0,815ms
[2019-04-15T13:47:06.327+0200][308,486s] GC(545) User=0,00s Sys=0,00s Real=0,00s
[2019-04-15T13:47:06.327+0200][308,486s] GC(545) Concurrent Abortable Preclean
[2019-04-15T13:47:06.361+0200][308,520s] GC(546) Pause Young (Allocation Failure)
[2019-04-15T13:47:06.361+0200][308,520s] GC(546) Using 4 workers of 4 for evacuation
[2019-04-15T13:47:06.389+0200][308,548s] GC(546) ParNew: 109248K->21824K(109248K)
[2019-04-15T13:47:06.389+0200][308,548s] GC(546) CMS: 225070K->235744K(393216K)
[2019-04-15T13:47:06.389+0200][308,548s] GC(546) Metaspace: 85340K->85340K(1128448K)
[2019-04-15T13:47:06.389+0200][308,548s] GC(546) Pause Young (Allocation Failure) 326M->251M(490M) 28,269ms
[2019-04-15T13:47:06.389+0200][308,548s] GC(546) User=0,10s Sys=0,00s Real=0,03s
[2019-04-15T13:47:06.460+0200][308,619s] GC(547) Pause Young (Allocation Failure)
[2019-04-15T13:47:06.460+0200][308,619s] GC(547) Using 4 workers of 4 for evacuation
[2019-04-15T13:47:06.486+0200][308,645s] GC(547) ParNew: 109248K->21824K(109248K)
[2019-04-15T13:47:06.486+0200][308,645s] GC(547) CMS: 235744K->244926K(393216K)
[2019-04-15T13:47:06.486+0200][308,645s] GC(547) Metaspace: 85340K->85340K(1128448K)
[2019-04-15T13:47:06.486+0200][308,645s] GC(547) Pause Young (Allocation Failure) 336M->260M(490M) 26,572ms
[2019-04-15T13:47:06.486+0200][308,645s] GC(547) User=0,10s Sys=0,00s Real=0,03s
[2019-04-15T13:47:06.495+0200][308,654s] GC(545) Concurrent Abortable Preclean 167,454ms
[2019-04-15T13:47:06.495+0200][308,654s] GC(545) User=0,42s Sys=0,00s Real=0,17s
[2019-04-15T13:47:06.495+0200][308,654s] GC(545) Pause Remark
[2019-04-15T13:47:06.536+0200][308,695s] GC(545) Pause Remark 270M->270M(490M) 41,026ms
[2019-04-15T13:47:06.536+0200][308,695s] GC(545) User=0,07s Sys=0,00s Real=0,04s
[2019-04-15T13:47:06.536+0200][308,695s] GC(545) Concurrent Sweep
[2019-04-15T13:47:06.536+0200][308,695s] GC(548) Pause Young (GCLocker Initiated GC)
[2019-04-15T13:47:06.536+0200][308,695s] GC(548) Using 4 workers of 4 for evacuation
[2019-04-15T13:47:06.556+0200][308,714s] GC(548) ParNew: 31996K->21762K(109248K)
[2019-04-15T13:47:06.556+0200][308,714s] GC(548) CMS: 244926K->251276K(393216K)
[2019-04-15T13:47:06.556+0200][308,714s] GC(548) Metaspace: 85340K->85340K(1128448K)
[2019-04-15T13:47:06.556+0200][308,715s] GC(548) Pause Young (GCLocker Initiated GC) 270M->266M(490M) 19,157ms
[2019-04-15T13:47:06.556+0200][308,715s] GC(548) User=0,07s Sys=0,00s Real=0,02s
[2019-04-15T13:47:06.614+0200][308,773s] GC(545) Concurrent Sweep 78,153ms
[2019-04-15T13:47:06.614+0200][308,773s] GC(545) User=0,20s Sys=0,00s Real=0,08s
[2019-04-15T13:47:06.614+0200][308,773s] GC(545) Concurrent Reset
[2019-04-15T13:47:06.615+0200][308,774s] GC(545) Concurrent Reset 0,373ms
[2019-04-15T13:47:06.615+0200][308,774s] GC(545) User=0,00s Sys=0,00s Real=0,00s
[2019-04-15T13:47:06.615+0200][308,774s] GC(545) Old: 225070K->198575K(393216K)
[2019-04-15T13:47:06.636+0200][308,795s] GC(549) Pause Young (Allocation Failure)
[2019-04-15T13:47:06.636+0200][308,795s] GC(549) Using 4 workers of 4 for evacuation
[2019-04-15T13:47:06.656+0200][308,815s] GC(549) ParNew: 109186K->21824K(109248K)
[2019-04-15T13:47:06.656+0200][308,815s] GC(549) CMS: 198575K->204304K(393216K)
[2019-04-15T13:47:06.657+0200][308,815s] GC(549) Metaspace: 85340K->85340K(1128448K)
[2019-04-15T13:47:06.657+0200][308,815s] GC(549) Pause Young (Allocation Failure) 300M->220M(490M) 20,839ms
[2019-04-15T13:47:06.657+0200][308,815s] GC(549) User=0,08s Sys=0,00s Real=0,02s
[2019-04-15T13:47:06.657+0200][308,816s] GC(550) Pause Initial Mark
[2019-04-15T13:47:06.663+0200][308,822s] GC(550) Pause Initial Mark 222M->222M(490M) 6,580ms
[2019-04-15T13:47:06.663+0200][308,822s] GC(550) User=0,02s Sys=0,00s Real=0,00s
[2019-04-15T13:47:06.664+0200][308,822s] GC(550) Concurrent Mark
[2019-04-15T13:47:06.664+0200][308,823s] GC(550) Using 4 workers of 4 for marking
[2019-04-15T13:47:06.747+0200][308,906s] GC(550) Concurrent Mark 83,630ms
[2019-04-15T13:47:06.747+0200][308,906s] GC(550) User=0,31s Sys=0,00s Real=0,09s
[2019-04-15T13:47:06.747+0200][308,906s] GC(550) Concurrent Preclean
[2019-04-15T13:47:06.749+0200][308,908s] GC(550) Concurrent Preclean 1,400ms
[2019-04-15T13:47:06.749+0200][308,908s] GC(550) User=0,00s Sys=0,00s Real=0,00s
[2019-04-15T13:47:06.749+0200][308,908s] GC(550) Concurrent Abortable Preclean
[2019-04-15T13:47:06.771+0200][308,930s] GC(551) Pause Young (Allocation Failure)
[2019-04-15T13:47:06.771+0200][308,930s] GC(551) Using 4 workers of 4 for evacuation
[2019-04-15T13:47:06.799+0200][308,957s] GC(551) ParNew: 109248K->21824K(109248K)
[2019-04-15T13:47:06.799+0200][308,957s] GC(551) CMS: 204304K->213755K(393216K)
[2019-04-15T13:47:06.799+0200][308,957s] GC(551) Metaspace: 85340K->85340K(1128448K)
[2019-04-15T13:47:06.799+0200][308,957s] GC(551) Pause Young (Allocation Failure) 306M->230M(490M) 27,562ms
[2019-04-15T13:47:06.799+0200][308,958s] GC(551) User=0,10s Sys=0,00s Real=0,03s
[2019-04-15T13:47:06.878+0200][309,037s] GC(552) Pause Young (Allocation Failure)
[2019-04-15T13:47:06.878+0200][309,037s] GC(552) Using 4 workers of 4 for evacuation
[2019-04-15T13:47:06.904+0200][309,063s] GC(552) ParNew: 109248K->21824K(109248K)
[2019-04-15T13:47:06.904+0200][309,063s] GC(552) CMS: 213755K->223655K(393216K)
[2019-04-15T13:47:06.904+0200][309,063s] GC(552) Metaspace: 85341K->85341K(1128448K)
[2019-04-15T13:47:06.904+0200][309,063s] GC(552) Pause Young (Allocation Failure) 315M->239M(490M) 26,192ms
[2019-04-15T13:47:06.904+0200][309,063s] GC(552) User=0,10s Sys=0,00s Real=0,02s
[2019-04-15T13:47:06.917+0200][309,076s] GC(550) Concurrent Abortable Preclean 168,353ms
[2019-04-15T13:47:06.917+0200][309,076s] GC(550) User=0,48s Sys=0,00s Real=0,17s
[2019-04-15T13:47:06.917+0200][309,076s] GC(550) Pause Remark
[2019-04-15T13:47:06.917+0200][309,076s] GC(553) Pause Young (CMS Final Remark)
[2019-04-15T13:47:06.917+0200][309,076s] GC(553) Using 4 workers of 4 for evacuation
[2019-04-15T13:47:06.939+0200][309,098s] GC(553) ParNew: 32224K->21586K(109248K)
[2019-04-15T13:47:06.940+0200][309,098s] GC(553) CMS: 223655K->230114K(393216K)
[2019-04-15T13:47:06.940+0200][309,098s] GC(553) Metaspace: 85341K->85341K(1128448K)
[2019-04-15T13:47:06.940+0200][309,098s] GC(553) Pause Young (CMS Final Remark) 249M->245M(490M) 22,294ms
[2019-04-15T13:47:06.940+0200][309,098s] GC(553) User=0,07s Sys=0,00s Real=0,02s
[2019-04-15T13:47:06.981+0200][309,140s] GC(550) Pause Remark 249M->245M(490M) 63,783ms
[2019-04-15T13:47:06.981+0200][309,140s] GC(550) User=0,14s Sys=0,00s Real=0,06s
[2019-04-15T13:47:06.981+0200][309,140s] GC(550) Concurrent Sweep
[2019-04-15T13:47:07.048+0200][309,207s] GC(550) Concurrent Sweep 67,002ms
[2019-04-15T13:47:07.048+0200][309,207s] GC(550) User=0,19s Sys=0,00s Real=0,07s
[2019-04-15T13:47:07.048+0200][309,207s] GC(550) Concurrent Reset
[2019-04-15T13:47:07.049+0200][309,208s] GC(550) Concurrent Reset 0,433ms
[2019-04-15T13:47:07.049+0200][309,208s] GC(550) User=0,00s Sys=0,00s Real=0,00s
[2019-04-15T13:47:07.049+0200][309,208s] GC(550) Old: 204304K->197289K(393216K)
[2019-04-15T13:47:07.066+0200][309,225s] GC(554) Pause Young (Allocation Failure)
[2019-04-15T13:47:07.066+0200][309,225s] GC(554) Using 4 workers of 4 for evacuation
[2019-04-15T13:47:07.089+0200][309,248s] GC(554) ParNew: 109010K->21824K(109248K)
[2019-04-15T13:47:07.089+0200][309,248s] GC(554) CMS: 197289K->201407K(393216K)
[2019-04-15T13:47:07.089+0200][309,248s] GC(554) Metaspace: 85341K->85341K(1128448K)
[2019-04-15T13:47:07.089+0200][309,248s] GC(554) Pause Young (Allocation Failure) 299M->217M(490M) 22,650ms
[2019-04-15T13:47:07.089+0200][309,248s] GC(554) User=0,07s Sys=0,00s Real=0,02s
[2019-04-15T13:47:07.090+0200][309,249s] GC(555) Pause Initial Mark
[2019-04-15T13:47:07.097+0200][309,256s] GC(555) Pause Initial Mark 219M->219M(490M) 6,898ms
[2019-04-15T13:47:07.097+0200][309,256s] GC(555) User=0,02s Sys=0,00s Real=0,01s
[2019-04-15T13:47:07.097+0200][309,256s] GC(555) Concurrent Mark
[2019-04-15T13:47:07.097+0200][309,256s] GC(555) Using 4 workers of 4 for marking
[2019-04-15T13:47:07.190+0200][309,349s] GC(555) Concurrent Mark 92,387ms
[2019-04-15T13:47:07.190+0200][309,349s] GC(555) User=0,36s Sys=0,00s Real=0,09s
[2019-04-15T13:47:07.190+0200][309,349s] GC(555) Concurrent Preclean
[2019-04-15T13:47:07.191+0200][309,350s] GC(555) Concurrent Preclean 1,449ms
[2019-04-15T13:47:07.191+0200][309,350s] GC(555) User=0,00s Sys=0,00s Real=0,00s
[2019-04-15T13:47:07.191+0200][309,350s] GC(555) Concurrent Abortable Preclean
[2019-04-15T13:47:07.205+0200][309,364s] GC(556) Pause Young (Allocation Failure)
[2019-04-15T13:47:07.205+0200][309,364s] GC(556) Using 4 workers of 4 for evacuation
[2019-04-15T13:47:07.237+0200][309,396s] GC(556) ParNew: 109248K->21824K(109248K)
[2019-04-15T13:47:07.237+0200][309,396s] GC(556) CMS: 201407K->214184K(393216K)
[2019-04-15T13:47:07.237+0200][309,396s] GC(556) Metaspace: 85341K->85341K(1128448K)
[2019-04-15T13:47:07.237+0200][309,396s] GC(556) Pause Young (Allocation Failure) 303M->230M(490M) 31,487ms
[2019-04-15T13:47:07.237+0200][309,396s] GC(556) User=0,11s Sys=0,00s Real=0,03s
[2019-04-15T13:47:07.331+0200][309,490s] GC(557) Pause Young (Allocation Failure)
[2019-04-15T13:47:07.331+0200][309,490s] GC(557) Using 4 workers of 4 for evacuation
[2019-04-15T13:47:07.355+0200][309,514s] GC(557) ParNew: 109248K->21824K(109248K)
[2019-04-15T13:47:07.355+0200][309,514s] GC(557) CMS: 214184K->223036K(393216K)
[2019-04-15T13:47:07.355+0200][309,514s] GC(557) Metaspace: 85341K->85341K(1128448K)
[2019-04-15T13:47:07.355+0200][309,514s] GC(557) Pause Young (Allocation Failure) 315M->239M(490M) 24,266ms
[2019-04-15T13:47:07.355+0200][309,514s] GC(557) User=0,09s Sys=0,01s Real=0,03s
[2019-04-15T13:47:07.364+0200][309,523s] GC(555) Concurrent Abortable Preclean 172,999ms
[2019-04-15T13:47:07.364+0200][309,523s] GC(555) User=0,43s Sys=0,01s Real=0,17s
[2019-04-15T13:47:07.364+0200][309,523s] GC(555) Pause Remark
[2019-04-15T13:47:07.364+0200][309,523s] GC(558) Pause Young (CMS Final Remark)
[2019-04-15T13:47:07.364+0200][309,523s] GC(558) Using 4 workers of 4 for evacuation
[2019-04-15T13:47:07.384+0200][309,543s] GC(558) ParNew: 32341K->21824K(109248K)
[2019-04-15T13:47:07.384+0200][309,543s] GC(558) CMS: 223036K->229864K(393216K)
[2019-04-15T13:47:07.384+0200][309,543s] GC(558) Metaspace: 85341K->85341K(1128448K)
[2019-04-15T13:47:07.384+0200][309,543s] GC(558) Pause Young (CMS Final Remark) 249M->245M(490M) 19,328ms
[2019-04-15T13:47:07.384+0200][309,543s] GC(558) User=0,07s Sys=0,00s Real=0,02s
[2019-04-15T13:47:07.422+0200][309,581s] GC(555) Pause Remark 249M->245M(490M) 58,092ms
[2019-04-15T13:47:07.423+0200][309,581s] GC(555) User=0,14s Sys=0,00s Real=0,06s
[2019-04-15T13:47:07.423+0200][309,582s] GC(555) Concurrent Sweep
[2019-04-15T13:47:07.503+0200][309,662s] GC(555) Concurrent Sweep 80,014ms
[2019-04-15T13:47:07.503+0200][309,662s] GC(555) User=0,15s Sys=0,00s Real=0,08s
[2019-04-15T13:47:07.503+0200][309,662s] GC(555) Concurrent Reset
[2019-04-15T13:47:07.503+0200][309,662s] GC(555) Concurrent Reset 0,463ms
[2019-04-15T13:47:07.503+0200][309,662s] GC(555) User=0,00s Sys=0,00s Real=0,00s
[2019-04-15T13:47:07.503+0200][309,662s] GC(555) Old: 201407K->229371K(393216K)
[2019-04-15T13:47:07.541+0200][309,700s] GC(559) Pause Young (Allocation Failure)
[2019-04-15T13:47:07.541+0200][309,700s] GC(559) Using 4 workers of 4 for evacuation
[2019-04-15T13:47:07.553+0200][309,711s] GC(559) ParNew: 109248K->21824K(109248K)
[2019-04-15T13:47:07.553+0200][309,712s] GC(559) CMS: 229371K->230097K(393216K)
[2019-04-15T13:47:07.553+0200][309,712s] GC(559) Metaspace: 85342K->85342K(1128448K)
[2019-04-15T13:47:07.553+0200][309,712s] GC(559) Pause Young (Allocation Failure) 330M->246M(490M) 11,759ms
[2019-04-15T13:47:07.553+0200][309,712s] GC(559) User=0,04s Sys=0,00s Real=0,01s
[2019-04-15T13:47:07.553+0200][309,712s] GC(560) Pause Initial Mark
[2019-04-15T13:47:07.558+0200][309,717s] GC(560) Pause Initial Mark 247M->247M(490M) 4,862ms
[2019-04-15T13:47:07.558+0200][309,717s] GC(560) User=0,02s Sys=0,00s Real=0,01s
[2019-04-15T13:47:07.558+0200][309,717s] GC(560) Concurrent Mark
[2019-04-15T13:47:07.558+0200][309,717s] GC(560) Using 4 workers of 4 for marking
[2019-04-15T13:47:07.659+0200][309,818s] GC(560) Concurrent Mark 101,405ms
[2019-04-15T13:47:07.659+0200][309,818s] GC(560) User=0,39s Sys=0,00s Real=0,10s
[2019-04-15T13:47:07.659+0200][309,818s] GC(560) Concurrent Preclean
[2019-04-15T13:47:07.660+0200][309,819s] GC(560) Concurrent Preclean 0,773ms
[2019-04-15T13:47:07.660+0200][309,819s] GC(560) User=0,00s Sys=0,00s Real=0,00s
[2019-04-15T13:47:07.660+0200][309,819s] GC(560) Concurrent Abortable Preclean
[2019-04-15T13:47:07.674+0200][309,833s] GC(561) Pause Young (Allocation Failure)
[2019-04-15T13:47:07.674+0200][309,833s] GC(561) Using 4 workers of 4 for evacuation
[2019-04-15T13:47:07.690+0200][309,849s] GC(561) ParNew: 109248K->20400K(109248K)
[2019-04-15T13:47:07.690+0200][309,849s] GC(561) CMS: 230097K->237873K(393216K)
[2019-04-15T13:47:07.690+0200][309,849s] GC(561) Metaspace: 85342K->85342K(1128448K)
[2019-04-15T13:47:07.690+0200][309,849s] GC(561) Pause Young (Allocation Failure) 331M->252M(490M) 15,666ms
[2019-04-15T13:47:07.690+0200][309,849s] GC(561) User=0,06s Sys=0,00s Real=0,01s
[2019-04-15T13:47:07.778+0200][309,937s] GC(560) Concurrent Abortable Preclean 117,670ms
[2019-04-15T13:47:07.778+0200][309,937s] GC(560) User=0,26s Sys=0,02s Real=0,12s
[2019-04-15T13:47:07.778+0200][309,937s] GC(560) Pause Remark
[2019-04-15T13:47:07.778+0200][309,937s] GC(562) Pause Young (CMS Final Remark)
[2019-04-15T13:47:07.778+0200][309,937s] GC(562) Using 4 workers of 4 for evacuation
[2019-04-15T13:47:07.793+0200][309,952s] GC(562) ParNew: 82548K->21824K(109248K)
[2019-04-15T13:47:07.793+0200][309,952s] GC(562) CMS: 237873K->237874K(393216K)
[2019-04-15T13:47:07.793+0200][309,952s] GC(562) Metaspace: 85342K->85342K(1128448K)
[2019-04-15T13:47:07.793+0200][309,952s] GC(562) Pause Young (CMS Final Remark) 312M->253M(490M) 14,708ms
[2019-04-15T13:47:07.793+0200][309,952s] GC(562) User=0,04s Sys=0,00s Real=0,01s
[2019-04-15T13:47:07.829+0200][309,988s] GC(560) Pause Remark 312M->253M(490M) 50,937ms
[2019-04-15T13:47:07.829+0200][309,988s] GC(560) User=0,10s Sys=0,00s Real=0,05s
[2019-04-15T13:47:07.829+0200][309,988s] GC(560) Concurrent Sweep
[2019-04-15T13:47:07.921+0200][310,080s] GC(560) Concurrent Sweep 92,529ms
[2019-04-15T13:47:07.922+0200][310,080s] GC(560) User=0,13s Sys=0,06s Real=0,09s
[2019-04-15T13:47:07.922+0200][310,080s] GC(560) Concurrent Reset
[2019-04-15T13:47:07.922+0200][310,081s] GC(560) Concurrent Reset 0,590ms
[2019-04-15T13:47:07.922+0200][310,081s] GC(560) User=0,00s Sys=0,00s Real=0,00s
[2019-04-15T13:47:07.922+0200][310,081s] GC(560) Old: 230097K->228003K(393216K)
[2019-04-15T13:47:08.008+0200][310,167s] GC(563) Pause Young (Allocation Failure)
[2019-04-15T13:47:08.008+0200][310,167s] GC(563) Using 4 workers of 4 for evacuation
[2019-04-15T13:47:08.050+0200][310,209s] GC(563) ParNew: 109248K->21824K(109248K)
[2019-04-15T13:47:08.050+0200][310,209s] GC(563) CMS: 228003K->259669K(393216K)
[2019-04-15T13:47:08.050+0200][310,209s] GC(563) Metaspace: 85342K->85342K(1128448K)
[2019-04-15T13:47:08.050+0200][310,209s] GC(563) Pause Young (Allocation Failure) 329M->274M(490M) 41,863ms
[2019-04-15T13:47:08.050+0200][310,209s] GC(563) User=0,09s Sys=0,00s Real=0,04s
[2019-04-15T13:47:08.050+0200][310,209s] GC(564) Pause Initial Mark
[2019-04-15T13:47:08.054+0200][310,213s] GC(564) Pause Initial Mark 276M->276M(490M) 3,558ms
[2019-04-15T13:47:08.054+0200][310,213s] GC(564) User=0,01s Sys=0,00s Real=0,01s
[2019-04-15T13:47:08.054+0200][310,213s] GC(564) Concurrent Mark
[2019-04-15T13:47:08.054+0200][310,213s] GC(564) Using 4 workers of 4 for marking
[2019-04-15T13:47:08.111+0200][310,270s] GC(564) Concurrent Mark 57,385ms
[2019-04-15T13:47:08.111+0200][310,270s] GC(564) User=0,22s Sys=0,00s Real=0,05s
[2019-04-15T13:47:08.111+0200][310,270s] GC(564) Concurrent Preclean
[2019-04-15T13:47:08.112+0200][310,271s] GC(564) Concurrent Preclean 0,754ms
[2019-04-15T13:47:08.112+0200][310,271s] GC(564) User=0,00s Sys=0,00s Real=0,00s
[2019-04-15T13:47:08.112+0200][310,271s] GC(564) Concurrent Abortable Preclean
[2019-04-15T13:47:08.142+0200][310,301s] GC(565) Pause Young (Allocation Failure)
[2019-04-15T13:47:08.142+0200][310,301s] GC(565) Using 4 workers of 4 for evacuation
[2019-04-15T13:47:08.181+0200][310,340s] GC(565) ParNew: 109248K->21824K(109248K)
[2019-04-15T13:47:08.181+0200][310,340s] GC(565) CMS: 259669K->297902K(393216K)
[2019-04-15T13:47:08.181+0200][310,340s] GC(565) Metaspace: 85342K->85342K(1128448K)
[2019-04-15T13:47:08.181+0200][310,340s] GC(565) Pause Young (Allocation Failure) 360M->312M(490M) 38,443ms
[2019-04-15T13:47:08.181+0200][310,340s] GC(565) User=0,15s Sys=0,00s Real=0,04s
[2019-04-15T13:47:08.270+0200][310,429s] GC(566) Pause Young (Allocation Failure)
[2019-04-15T13:47:08.270+0200][310,429s] GC(566) Using 4 workers of 4 for evacuation
[2019-04-15T13:47:08.306+0200][310,465s] GC(566) ParNew: 109248K->21824K(109248K)
[2019-04-15T13:47:08.306+0200][310,465s] GC(566) CMS: 297902K->329370K(393216K)
[2019-04-15T13:47:08.306+0200][310,465s] GC(566) Metaspace: 85344K->85344K(1128448K)
[2019-04-15T13:47:08.306+0200][310,465s] GC(566) Pause Young (Allocation Failure) 397M->342M(490M) 35,929ms
[2019-04-15T13:47:08.306+0200][310,465s] GC(566) User=0,13s Sys=0,00s Real=0,04s
[2019-04-15T13:47:08.322+0200][310,481s] GC(564) Concurrent Abortable Preclean 210,241ms
[2019-04-15T13:47:08.323+0200][310,481s] GC(564) User=0,55s Sys=0,00s Real=0,21s
[2019-04-15T13:47:08.323+0200][310,482s] GC(564) Pause Remark
[2019-04-15T13:47:08.323+0200][310,482s] GC(567) Pause Young (CMS Final Remark)
[2019-04-15T13:47:08.323+0200][310,482s] GC(567) Using 4 workers of 4 for evacuation
[2019-04-15T13:47:08.339+0200][310,498s] GC(567) ParNew: 42733K->21824K(109248K)
[2019-04-15T13:47:08.339+0200][310,498s] GC(567) CMS: 329370K->333692K(393216K)
[2019-04-15T13:47:08.339+0200][310,498s] GC(567) Metaspace: 85344K->85344K(1128448K)
[2019-04-15T13:47:08.339+0200][310,498s] GC(567) Pause Young (CMS Final Remark) 363M->347M(490M) 16,465ms
[2019-04-15T13:47:08.339+0200][310,498s] GC(567) User=0,06s Sys=0,00s Real=0,02s
[2019-04-15T13:47:08.382+0200][310,541s] GC(564) Pause Remark 363M->347M(490M) 58,999ms
[2019-04-15T13:47:08.382+0200][310,541s] GC(564) User=0,12s Sys=0,01s Real=0,06s
[2019-04-15T13:47:08.382+0200][310,541s] GC(564) Concurrent Sweep
[2019-04-15T13:47:08.474+0200][310,633s] GC(568) Pause Young (Allocation Failure)
[2019-04-15T13:47:08.474+0200][310,633s] GC(568) Using 4 workers of 4 for evacuation
[2019-04-15T13:47:08.486+0200][310,645s] GC(568) ParNew: 109248K->21824K(109248K)
[2019-04-15T13:47:08.486+0200][310,645s] GC(568) CMS: 290205K->291401K(393216K)
[2019-04-15T13:47:08.486+0200][310,645s] GC(568) Metaspace: 85344K->85344K(1128448K)
[2019-04-15T13:47:08.486+0200][310,645s] GC(568) Pause Young (Allocation Failure) 390M->305M(490M) 12,298ms
[2019-04-15T13:47:08.486+0200][310,645s] GC(568) User=0,04s Sys=0,00s Real=0,01s
[2019-04-15T13:47:08.554+0200][310,713s] GC(569) Pause Young (Allocation Failure)
[2019-04-15T13:47:08.554+0200][310,713s] GC(569) Using 4 workers of 4 for evacuation
[2019-04-15T13:47:08.570+0200][310,729s] GC(569) ParNew: 109248K->19659K(109248K)
[2019-04-15T13:47:08.570+0200][310,729s] GC(569) CMS: 243613K->253150K(393216K)
[2019-04-15T13:47:08.570+0200][310,729s] GC(569) Metaspace: 85344K->85344K(1128448K)
[2019-04-15T13:47:08.570+0200][310,729s] GC(569) Pause Young (Allocation Failure) 344M->266M(490M) 15,889ms
[2019-04-15T13:47:08.570+0200][310,729s] GC(569) User=0,06s Sys=0,00s Real=0,01s
[2019-04-15T13:47:08.594+0200][310,753s] GC(564) Concurrent Sweep 212,528ms
[2019-04-15T13:47:08.594+0200][310,753s] GC(564) User=0,54s Sys=0,00s Real=0,22s
[2019-04-15T13:47:08.594+0200][310,753s] GC(564) Concurrent Reset
[2019-04-15T13:47:08.595+0200][310,754s] GC(564) Concurrent Reset 0,348ms
[2019-04-15T13:47:08.595+0200][310,754s] GC(564) User=0,00s Sys=0,00s Real=0,00s
[2019-04-15T13:47:08.595+0200][310,754s] GC(564) Old: 259669K->238200K(393216K)
[2019-04-15T13:47:08.629+0200][310,788s] GC(570) Pause Young (Allocation Failure)
[2019-04-15T13:47:08.629+0200][310,788s] GC(570) Using 4 workers of 4 for evacuation
[2019-04-15T13:47:08.639+0200][310,798s] GC(570) ParNew: 107083K->15326K(109248K)
[2019-04-15T13:47:08.639+0200][310,798s] GC(570) CMS: 238200K->238200K(393216K)
[2019-04-15T13:47:08.639+0200][310,798s] GC(570) Metaspace: 85346K->85346K(1128448K)
[2019-04-15T13:47:08.639+0200][310,798s] GC(570) Pause Young (Allocation Failure) 337M->247M(490M) 9,481ms
[2019-04-15T13:47:08.639+0200][310,798s] GC(570) User=0,03s Sys=0,00s Real=0,01s
[2019-04-15T13:47:08.642+0200][310,801s] GC(571) Pause Initial Mark
[2019-04-15T13:47:08.648+0200][310,807s] GC(571) Pause Initial Mark 249M->249M(490M) 6,499ms
[2019-04-15T13:47:08.648+0200][310,807s] GC(571) User=0,02s Sys=0,00s Real=0,01s
[2019-04-15T13:47:08.649+0200][310,807s] GC(571) Concurrent Mark
[2019-04-15T13:47:08.649+0200][310,808s] GC(571) Using 4 workers of 4 for marking
[2019-04-15T13:47:08.723+0200][310,882s] GC(571) Concurrent Mark 74,164ms
[2019-04-15T13:47:08.723+0200][310,882s] GC(571) User=0,29s Sys=0,00s Real=0,07s
[2019-04-15T13:47:08.723+0200][310,882s] GC(571) Concurrent Preclean
[2019-04-15T13:47:08.724+0200][310,883s] GC(571) Concurrent Preclean 1,523ms
[2019-04-15T13:47:08.724+0200][310,883s] GC(571) User=0,00s Sys=0,00s Real=0,00s
[2019-04-15T13:47:08.724+0200][310,883s] GC(571) Concurrent Abortable Preclean
[2019-04-15T13:47:08.752+0200][310,911s] GC(572) Pause Young (Allocation Failure)
[2019-04-15T13:47:08.752+0200][310,911s] GC(572) Using 4 workers of 4 for evacuation
[2019-04-15T13:47:08.767+0200][310,926s] GC(572) ParNew: 102750K->14223K(109248K)
[2019-04-15T13:47:08.767+0200][310,926s] GC(572) CMS: 238200K->238200K(393216K)
[2019-04-15T13:47:08.767+0200][310,926s] GC(572) Metaspace: 85346K->85346K(1128448K)
[2019-04-15T13:47:08.767+0200][310,926s] GC(572) Pause Young (Allocation Failure) 332M->246M(490M) 14,776ms
[2019-04-15T13:47:08.767+0200][310,926s] GC(572) User=0,04s Sys=0,00s Real=0,02s
[2019-04-15T13:47:08.820+0200][310,979s] GC(571) Concurrent Abortable Preclean 95,842ms
[2019-04-15T13:47:08.820+0200][310,979s] GC(571) User=0,25s Sys=0,00s Real=0,10s
[2019-04-15T13:47:08.820+0200][310,979s] GC(571) Pause Remark
[2019-04-15T13:47:08.820+0200][310,979s] GC(573) Pause Young (CMS Final Remark)
[2019-04-15T13:47:08.820+0200][310,979s] GC(573) Using 4 workers of 4 for evacuation
[2019-04-15T13:47:08.834+0200][310,993s] GC(573) ParNew: 63586K->15753K(109248K)
[2019-04-15T13:47:08.834+0200][310,993s] GC(573) CMS: 238200K->238200K(393216K)
[2019-04-15T13:47:08.834+0200][310,993s] GC(573) Metaspace: 85346K->85346K(1128448K)
[2019-04-15T13:47:08.834+0200][310,993s] GC(573) Pause Young (CMS Final Remark) 294M->248M(490M) 14,001ms
[2019-04-15T13:47:08.834+0200][310,993s] GC(573) User=0,05s Sys=0,00s Real=0,02s
[2019-04-15T13:47:08.875+0200][311,034s] GC(571) Pause Remark 294M->248M(490M) 54,909ms
[2019-04-15T13:47:08.875+0200][311,034s] GC(571) User=0,13s Sys=0,00s Real=0,06s
[2019-04-15T13:47:08.875+0200][311,034s] GC(571) Concurrent Sweep
[2019-04-15T13:47:08.939+0200][311,098s] GC(574) Pause Young (Allocation Failure)
[2019-04-15T13:47:08.939+0200][311,098s] GC(574) Using 4 workers of 4 for evacuation
[2019-04-15T13:47:08.948+0200][311,107s] GC(574) ParNew: 103177K->15272K(109248K)
[2019-04-15T13:47:08.948+0200][311,107s] GC(574) CMS: 229626K->229626K(393216K)
[2019-04-15T13:47:08.948+0200][311,107s] GC(574) Metaspace: 85346K->85346K(1128448K)
[2019-04-15T13:47:08.948+0200][311,107s] GC(574) Pause Young (Allocation Failure) 325M->239M(490M) 8,879ms
[2019-04-15T13:47:08.948+0200][311,107s] GC(574) User=0,03s Sys=0,00s Real=0,01s
[2019-04-15T13:47:08.978+0200][311,137s] GC(571) Concurrent Sweep 102,569ms
[2019-04-15T13:47:08.978+0200][311,137s] GC(571) User=0,21s Sys=0,00s Real=0,10s
[2019-04-15T13:47:08.978+0200][311,137s] GC(571) Concurrent Reset
[2019-04-15T13:47:08.978+0200][311,137s] GC(571) Concurrent Reset 0,354ms
[2019-04-15T13:47:08.978+0200][311,137s] GC(571) User=0,00s Sys=0,00s Real=0,00s
[2019-04-15T13:47:08.978+0200][311,137s] GC(571) Old: 238200K->209799K(393216K)
[2019-04-15T13:47:09.014+0200][311,173s] GC(575) Pause Young (Allocation Failure)
[2019-04-15T13:47:09.014+0200][311,173s] GC(575) Using 4 workers of 4 for evacuation
[2019-04-15T13:47:09.030+0200][311,189s] GC(575) ParNew: 102696K->9415K(109248K)
[2019-04-15T13:47:09.030+0200][311,189s] GC(575) CMS: 209799K->216570K(393216K)
[2019-04-15T13:47:09.030+0200][311,189s] GC(575) Metaspace: 85346K->85346K(1128448K)
[2019-04-15T13:47:09.030+0200][311,189s] GC(575) Pause Young (Allocation Failure) 305M->220M(490M) 16,144ms
[2019-04-15T13:47:09.030+0200][311,189s] GC(575) User=0,04s Sys=0,00s Real=0,01s
[2019-04-15T13:47:09.031+0200][311,190s] GC(576) Pause Initial Mark
[2019-04-15T13:47:09.032+0200][311,191s] GC(576) Pause Initial Mark 222M->222M(490M) 1,034ms
[2019-04-15T13:47:09.032+0200][311,191s] GC(576) User=0,01s Sys=0,00s Real=0,00s
[2019-04-15T13:47:09.032+0200][311,191s] GC(576) Concurrent Mark
[2019-04-15T13:47:09.032+0200][311,191s] GC(576) Using 4 workers of 4 for marking
[2019-04-15T13:47:09.120+0200][311,278s] GC(576) Concurrent Mark 87,865ms
[2019-04-15T13:47:09.120+0200][311,279s] GC(576) User=0,33s Sys=0,00s Real=0,09s
[2019-04-15T13:47:09.120+0200][311,279s] GC(576) Concurrent Preclean
[2019-04-15T13:47:09.121+0200][311,280s] GC(576) Concurrent Preclean 1,619ms
[2019-04-15T13:47:09.121+0200][311,280s] GC(576) User=0,01s Sys=0,00s Real=0,00s
[2019-04-15T13:47:09.121+0200][311,280s] GC(576) Concurrent Abortable Preclean
[2019-04-15T13:47:09.142+0200][311,301s] GC(577) Pause Young (Allocation Failure)
[2019-04-15T13:47:09.142+0200][311,301s] GC(577) Using 4 workers of 4 for evacuation
[2019-04-15T13:47:09.151+0200][311,310s] GC(577) ParNew: 96839K->6993K(109248K)
[2019-04-15T13:47:09.151+0200][311,310s] GC(577) CMS: 216570K->216639K(393216K)
[2019-04-15T13:47:09.151+0200][311,310s] GC(577) Metaspace: 85346K->85346K(1128448K)
[2019-04-15T13:47:09.151+0200][311,310s] GC(577) Pause Young (Allocation Failure) 306M->218M(490M) 8,551ms
[2019-04-15T13:47:09.151+0200][311,310s] GC(577) User=0,03s Sys=0,00s Real=0,01s
[2019-04-15T13:47:09.228+0200][311,387s] GC(578) Pause Young (Allocation Failure)
[2019-04-15T13:47:09.228+0200][311,387s] GC(578) Using 4 workers of 4 for evacuation
[2019-04-15T13:47:09.244+0200][311,402s] GC(578) ParNew: 94417K->4969K(109248K)
[2019-04-15T13:47:09.244+0200][311,402s] GC(578) CMS: 216639K->217339K(393216K)
[2019-04-15T13:47:09.244+0200][311,402s] GC(578) Metaspace: 85346K->85346K(1128448K)
[2019-04-15T13:47:09.244+0200][311,403s] GC(578) Pause Young (Allocation Failure) 303M->217M(490M) 15,476ms
[2019-04-15T13:47:09.244+0200][311,403s] GC(578) User=0,06s Sys=0,00s Real=0,01s
[2019-04-15T13:47:09.284+0200][311,443s] GC(576) Concurrent Abortable Preclean 162,554ms
[2019-04-15T13:47:09.284+0200][311,443s] GC(576) User=0,40s Sys=0,00s Real=0,16s
[2019-04-15T13:47:09.284+0200][311,443s] GC(576) Pause Remark
[2019-04-15T13:47:09.284+0200][311,443s] GC(579) Pause Young (CMS Final Remark)
[2019-04-15T13:47:09.284+0200][311,443s] GC(579) Using 4 workers of 4 for evacuation
[2019-04-15T13:47:09.291+0200][311,450s] GC(579) ParNew: 62402K->5587K(109248K)
[2019-04-15T13:47:09.291+0200][311,450s] GC(579) CMS: 217339K->218047K(393216K)
[2019-04-15T13:47:09.291+0200][311,450s] GC(579) Metaspace: 85346K->85346K(1128448K)
[2019-04-15T13:47:09.291+0200][311,450s] GC(579) Pause Young (CMS Final Remark) 273M->218M(490M) 7,255ms
[2019-04-15T13:47:09.291+0200][311,450s] GC(579) User=0,03s Sys=0,00s Real=0,01s
[2019-04-15T13:47:09.326+0200][311,485s] GC(576) Pause Remark 273M->218M(490M) 42,190ms
[2019-04-15T13:47:09.326+0200][311,485s] GC(576) User=0,08s Sys=0,00s Real=0,05s
[2019-04-15T13:47:09.326+0200][311,485s] GC(576) Concurrent Sweep
[2019-04-15T13:47:09.375+0200][311,533s] GC(576) Concurrent Sweep 48,108ms
[2019-04-15T13:47:09.375+0200][311,534s] GC(576) User=0,09s Sys=0,00s Real=0,05s
[2019-04-15T13:47:09.375+0200][311,534s] GC(576) Concurrent Reset
[2019-04-15T13:47:09.375+0200][311,534s] GC(576) Concurrent Reset 0,336ms
[2019-04-15T13:47:09.375+0200][311,534s] GC(576) User=0,00s Sys=0,00s Real=0,00s
[2019-04-15T13:47:09.375+0200][311,534s] GC(576) Old: 216570K->217846K(393216K)
[2019-04-15T13:47:09.391+0200][311,550s] GC(580) Pause Young (Allocation Failure)
[2019-04-15T13:47:09.391+0200][311,550s] GC(580) Using 4 workers of 4 for evacuation
[2019-04-15T13:47:09.399+0200][311,558s] GC(580) ParNew: 93011K->5312K(109248K)
[2019-04-15T13:47:09.399+0200][311,558s] GC(580) CMS: 217846K->218061K(393216K)
[2019-04-15T13:47:09.399+0200][311,558s] GC(580) Metaspace: 85346K->85346K(1128448K)
[2019-04-15T13:47:09.399+0200][311,558s] GC(580) Pause Young (Allocation Failure) 303M->218M(490M) 7,580ms
[2019-04-15T13:47:09.399+0200][311,558s] GC(580) User=0,03s Sys=0,00s Real=0,01s
[2019-04-15T13:47:09.399+0200][311,558s] GC(581) Pause Initial Mark
[2019-04-15T13:47:09.400+0200][311,559s] GC(581) Pause Initial Mark 219M->219M(490M) 0,841ms
[2019-04-15T13:47:09.400+0200][311,559s] GC(581) User=0,00s Sys=0,00s Real=0,00s
[2019-04-15T13:47:09.400+0200][311,559s] GC(581) Concurrent Mark
[2019-04-15T13:47:09.400+0200][311,559s] GC(581) Using 4 workers of 4 for marking
[2019-04-15T13:47:09.468+0200][311,627s] GC(581) Concurrent Mark 68,020ms
[2019-04-15T13:47:09.468+0200][311,627s] GC(581) User=0,25s Sys=0,00s Real=0,07s
[2019-04-15T13:47:09.468+0200][311,627s] GC(581) Concurrent Preclean
[2019-04-15T13:47:09.470+0200][311,628s] GC(581) Concurrent Preclean 1,481ms
[2019-04-15T13:47:09.470+0200][311,628s] GC(581) User=0,01s Sys=0,00s Real=0,00s
[2019-04-15T13:47:09.470+0200][311,628s] GC(581) Concurrent Abortable Preclean
[2019-04-15T13:47:09.494+0200][311,653s] GC(582) Pause Young (Allocation Failure)
[2019-04-15T13:47:09.494+0200][311,653s] GC(582) Using 4 workers of 4 for evacuation
[2019-04-15T13:47:09.500+0200][311,659s] GC(582) ParNew: 92736K->4985K(109248K)
[2019-04-15T13:47:09.500+0200][311,659s] GC(582) CMS: 218061K->218255K(393216K)
[2019-04-15T13:47:09.500+0200][311,659s] GC(582) Metaspace: 85346K->85346K(1128448K)
[2019-04-15T13:47:09.500+0200][311,659s] GC(582) Pause Young (Allocation Failure) 303M->218M(490M) 5,662ms
[2019-04-15T13:47:09.500+0200][311,659s] GC(582) User=0,02s Sys=0,00s Real=0,00s
[2019-04-15T13:47:09.555+0200][311,714s] GC(583) Pause Young (Allocation Failure)
[2019-04-15T13:47:09.555+0200][311,714s] GC(583) Using 4 workers of 4 for evacuation
[2019-04-15T13:47:09.566+0200][311,725s] GC(583) ParNew: 92409K->5682K(109248K)
[2019-04-15T13:47:09.566+0200][311,725s] GC(583) CMS: 218255K->218370K(393216K)
[2019-04-15T13:47:09.566+0200][311,725s] GC(583) Metaspace: 85346K->85346K(1128448K)
[2019-04-15T13:47:09.566+0200][311,725s] GC(583) Pause Young (Allocation Failure) 303M->218M(490M) 10,716ms
[2019-04-15T13:47:09.566+0200][311,725s] GC(583) User=0,03s Sys=0,00s Real=0,01s
[2019-04-15T13:47:09.602+0200][311,761s] GC(581) Concurrent Abortable Preclean 132,023ms
[2019-04-15T13:47:09.602+0200][311,761s] GC(581) User=0,24s Sys=0,00s Real=0,13s
[2019-04-15T13:47:09.602+0200][311,761s] GC(581) Pause Remark
[2019-04-15T13:47:09.643+0200][311,802s] GC(581) Pause Remark 268M->268M(490M) 41,428ms
[2019-04-15T13:47:09.643+0200][311,802s] GC(581) User=0,08s Sys=0,00s Real=0,04s
[2019-04-15T13:47:09.643+0200][311,802s] GC(581) Concurrent Sweep
[2019-04-15T13:47:09.644+0200][311,803s] GC(584) Pause Young (GCLocker Initiated GC)
[2019-04-15T13:47:09.644+0200][311,803s] GC(584) Using 4 workers of 4 for evacuation
[2019-04-15T13:47:09.650+0200][311,809s] GC(584) ParNew: 56340K->5324K(109248K)
[2019-04-15T13:47:09.650+0200][311,809s] GC(584) CMS: 218370K->218531K(393216K)
[2019-04-15T13:47:09.650+0200][311,809s] GC(584) Metaspace: 85346K->85346K(1128448K)
[2019-04-15T13:47:09.650+0200][311,809s] GC(584) Pause Young (GCLocker Initiated GC) 268M->218M(490M) 6,805ms
[2019-04-15T13:47:09.650+0200][311,809s] GC(584) User=0,02s Sys=0,00s Real=0,01s
[2019-04-15T13:47:09.697+0200][311,856s] GC(581) Concurrent Sweep 54,017ms
[2019-04-15T13:47:09.697+0200][311,856s] GC(581) User=0,11s Sys=0,00s Real=0,06s
[2019-04-15T13:47:09.697+0200][311,856s] GC(581) Concurrent Reset
[2019-04-15T13:47:09.698+0200][311,857s] GC(581) Concurrent Reset 0,341ms
[2019-04-15T13:47:09.698+0200][311,857s] GC(581) User=0,00s Sys=0,00s Real=0,00s
[2019-04-15T13:47:09.698+0200][311,857s] GC(581) Old: 218061K->218497K(393216K)
[2019-04-15T13:47:09.718+0200][311,877s] GC(585) Pause Young (Allocation Failure)
[2019-04-15T13:47:09.718+0200][311,877s] GC(585) Using 4 workers of 4 for evacuation
[2019-04-15T13:47:09.724+0200][311,883s] GC(585) ParNew: 92748K->4808K(109248K)
[2019-04-15T13:47:09.724+0200][311,883s] GC(585) CMS: 218497K->219021K(393216K)
[2019-04-15T13:47:09.724+0200][311,883s] GC(585) Metaspace: 85346K->85346K(1128448K)
[2019-04-15T13:47:09.724+0200][311,883s] GC(585) Pause Young (Allocation Failure) 303M->218M(490M) 6,225ms
[2019-04-15T13:47:09.724+0200][311,883s] GC(585) User=0,02s Sys=0,00s Real=0,00s
[2019-04-15T13:47:09.724+0200][311,883s] GC(586) Pause Initial Mark
[2019-04-15T13:47:09.725+0200][311,884s] GC(586) Pause Initial Mark 220M->220M(490M) 0,716ms
[2019-04-15T13:47:09.725+0200][311,884s] GC(586) User=0,01s Sys=0,00s Real=0,01s
[2019-04-15T13:47:09.725+0200][311,884s] GC(586) Concurrent Mark
[2019-04-15T13:47:09.725+0200][311,884s] GC(586) Using 4 workers of 4 for marking
[2019-04-15T13:47:09.796+0200][311,955s] GC(586) Concurrent Mark 70,593ms
[2019-04-15T13:47:09.796+0200][311,955s] GC(586) User=0,26s Sys=0,00s Real=0,07s
[2019-04-15T13:47:09.796+0200][311,955s] GC(586) Concurrent Preclean
[2019-04-15T13:47:09.797+0200][311,956s] GC(586) Concurrent Preclean 0,982ms
[2019-04-15T13:47:09.797+0200][311,956s] GC(586) User=0,00s Sys=0,00s Real=0,00s
[2019-04-15T13:47:09.797+0200][311,956s] GC(586) Concurrent Abortable Preclean
[2019-04-15T13:47:09.807+0200][311,966s] GC(587) Pause Young (Allocation Failure)
[2019-04-15T13:47:09.807+0200][311,966s] GC(587) Using 4 workers of 4 for evacuation
[2019-04-15T13:47:09.814+0200][311,973s] GC(587) ParNew: 92232K->5224K(109248K)
[2019-04-15T13:47:09.814+0200][311,973s] GC(587) CMS: 219021K->219243K(393216K)
[2019-04-15T13:47:09.814+0200][311,973s] GC(587) Metaspace: 85346K->85346K(1128448K)
[2019-04-15T13:47:09.814+0200][311,973s] GC(587) Pause Young (Allocation Failure) 303M->219M(490M) 6,416ms
[2019-04-15T13:47:09.814+0200][311,973s] GC(587) User=0,02s Sys=0,00s Real=0,01s
[2019-04-15T13:47:09.875+0200][312,034s] GC(588) Pause Young (Allocation Failure)
[2019-04-15T13:47:09.875+0200][312,034s] GC(588) Using 4 workers of 4 for evacuation
[2019-04-15T13:47:09.878+0200][312,037s] GC(588) ParNew: 92648K->4357K(109248K)
[2019-04-15T13:47:09.879+0200][312,037s] GC(588) CMS: 219243K->219409K(393216K)
[2019-04-15T13:47:09.879+0200][312,037s] GC(588) Metaspace: 85346K->85346K(1128448K)
[2019-04-15T13:47:09.879+0200][312,037s] GC(588) Pause Young (Allocation Failure) 304M->218M(490M) 3,604ms
[2019-04-15T13:47:09.879+0200][312,037s] GC(588) User=0,02s Sys=0,00s Real=0,00s
[2019-04-15T13:47:09.952+0200][312,111s] GC(589) Pause Young (Allocation Failure)
[2019-04-15T13:47:09.952+0200][312,111s] GC(589) Using 4 workers of 4 for evacuation
[2019-04-15T13:47:09.956+0200][312,115s] GC(589) ParNew: 91781K->4679K(109248K)
[2019-04-15T13:47:09.956+0200][312,115s] GC(589) CMS: 219409K->219577K(393216K)
[2019-04-15T13:47:09.956+0200][312,115s] GC(589) Metaspace: 85346K->85346K(1128448K)
[2019-04-15T13:47:09.956+0200][312,115s] GC(589) Pause Young (Allocation Failure) 303M->219M(490M) 4,486ms
[2019-04-15T13:47:09.956+0200][312,115s] GC(589) User=0,01s Sys=0,00s Real=0,01s
[2019-04-15T13:47:10.016+0200][312,175s] GC(590) Pause Young (Allocation Failure)
[2019-04-15T13:47:10.016+0200][312,175s] GC(590) Using 4 workers of 4 for evacuation
[2019-04-15T13:47:10.027+0200][312,186s] GC(590) ParNew: 92103K->4093K(109248K)
[2019-04-15T13:47:10.027+0200][312,186s] GC(590) CMS: 219577K->221751K(393216K)
[2019-04-15T13:47:10.027+0200][312,186s] GC(590) Metaspace: 85346K->85346K(1128448K)
[2019-04-15T13:47:10.027+0200][312,186s] GC(590) Pause Young (Allocation Failure) 304M->220M(490M) 11,257ms
[2019-04-15T13:47:10.027+0200][312,186s] GC(590) User=0,03s Sys=0,00s Real=0,01s
[2019-04-15T13:47:10.087+0200][312,246s] GC(591) Pause Young (Allocation Failure)
[2019-04-15T13:47:10.087+0200][312,246s] GC(591) Using 4 workers of 4 for evacuation
[2019-04-15T13:47:10.097+0200][312,256s] GC(591) ParNew: 91517K->2754K(109248K)
[2019-04-15T13:47:10.097+0200][312,256s] GC(591) CMS: 221751K->221892K(393216K)
[2019-04-15T13:47:10.097+0200][312,256s] GC(591) Metaspace: 85346K->85346K(1128448K)
[2019-04-15T13:47:10.097+0200][312,256s] GC(591) Pause Young (Allocation Failure) 305M->219M(490M) 9,842ms
[2019-04-15T13:47:10.097+0200][312,256s] GC(591) User=0,02s Sys=0,00s Real=0,01s
[2019-04-15T13:47:10.181+0200][312,340s] GC(592) Pause Young (Allocation Failure)
[2019-04-15T13:47:10.181+0200][312,340s] GC(592) Using 4 workers of 4 for evacuation
[2019-04-15T13:47:10.190+0200][312,349s] GC(592) ParNew: 90178K->4771K(109248K)
[2019-04-15T13:47:10.190+0200][312,349s] GC(592) CMS: 221892K->221996K(393216K)
[2019-04-15T13:47:10.190+0200][312,349s] GC(592) Metaspace: 85346K->85346K(1128448K)
[2019-04-15T13:47:10.190+0200][312,349s] GC(592) Pause Young (Allocation Failure) 304M->221M(490M) 9,187ms
[2019-04-15T13:47:10.191+0200][312,349s] GC(592) User=0,03s Sys=0,00s Real=0,01s
[2019-04-15T13:47:10.191+0200][312,349s] GC(586) Concurrent Abortable Preclean 393,735ms
[2019-04-15T13:47:10.191+0200][312,349s] GC(586) User=0,68s Sys=0,00s Real=0,39s
[2019-04-15T13:47:10.191+0200][312,350s] GC(586) Pause Remark
[2019-04-15T13:47:10.191+0200][312,350s] GC(593) Pause Young (CMS Final Remark)
[2019-04-15T13:47:10.191+0200][312,350s] GC(593) Using 4 workers of 4 for evacuation
[2019-04-15T13:47:10.197+0200][312,356s] GC(593) ParNew: 6520K->2594K(109248K)
[2019-04-15T13:47:10.197+0200][312,356s] GC(593) CMS: 221996K->222236K(393216K)
[2019-04-15T13:47:10.197+0200][312,356s] GC(593) Metaspace: 85346K->85346K(1128448K)
[2019-04-15T13:47:10.197+0200][312,356s] GC(593) Pause Young (CMS Final Remark) 223M->219M(490M) 6,024ms
[2019-04-15T13:47:10.197+0200][312,356s] GC(593) User=0,02s Sys=0,00s Real=0,01s
[2019-04-15T13:47:10.231+0200][312,390s] GC(586) Pause Remark 223M->219M(490M) 40,269ms
[2019-04-15T13:47:10.231+0200][312,390s] GC(586) User=0,07s Sys=0,00s Real=0,04s
[2019-04-15T13:47:10.231+0200][312,390s] GC(586) Concurrent Sweep
[2019-04-15T13:47:10.275+0200][312,434s] GC(586) Concurrent Sweep 44,162ms
[2019-04-15T13:47:10.275+0200][312,434s] GC(586) User=0,08s Sys=0,00s Real=0,05s
[2019-04-15T13:47:10.275+0200][312,434s] GC(586) Concurrent Reset
[2019-04-15T13:47:10.276+0200][312,435s] GC(586) Concurrent Reset 0,384ms
[2019-04-15T13:47:10.276+0200][312,435s] GC(586) User=0,00s Sys=0,00s Real=0,00s
[2019-04-15T13:47:10.276+0200][312,435s] GC(586) Old: 219021K->222114K(393216K)
[2019-04-15T13:47:10.300+0200][312,459s] GC(594) Pause Young (Allocation Failure)
[2019-04-15T13:47:10.300+0200][312,459s] GC(594) Using 4 workers of 4 for evacuation
[2019-04-15T13:47:10.308+0200][312,467s] GC(594) ParNew: 90018K->8154K(109248K)
[2019-04-15T13:47:10.308+0200][312,467s] GC(594) CMS: 222114K->222253K(393216K)
[2019-04-15T13:47:10.308+0200][312,467s] GC(594) Metaspace: 85346K->85346K(1128448K)
[2019-04-15T13:47:10.308+0200][312,467s] GC(594) Pause Young (Allocation Failure) 304M->225M(490M) 8,558ms
[2019-04-15T13:47:10.308+0200][312,467s] GC(594) User=0,03s Sys=0,00s Real=0,01s
[2019-04-15T13:47:10.309+0200][312,467s] GC(595) Pause Initial Mark
[2019-04-15T13:47:10.309+0200][312,468s] GC(595) Pause Initial Mark 226M->226M(490M) 0,880ms
[2019-04-15T13:47:10.309+0200][312,468s] GC(595) User=0,00s Sys=0,00s Real=0,00s
[2019-04-15T13:47:10.309+0200][312,468s] GC(595) Concurrent Mark
[2019-04-15T13:47:10.310+0200][312,468s] GC(595) Using 4 workers of 4 for marking
[2019-04-15T13:47:10.375+0200][312,534s] GC(595) Concurrent Mark 65,551ms
[2019-04-15T13:47:10.375+0200][312,534s] GC(595) User=0,25s Sys=0,00s Real=0,07s
[2019-04-15T13:47:10.375+0200][312,534s] GC(595) Concurrent Preclean
[2019-04-15T13:47:10.376+0200][312,535s] GC(595) Concurrent Preclean 1,350ms
[2019-04-15T13:47:10.376+0200][312,535s] GC(595) User=0,01s Sys=0,00s Real=0,00s
[2019-04-15T13:47:10.376+0200][312,535s] GC(595) Concurrent Abortable Preclean
[2019-04-15T13:47:10.405+0200][312,564s] GC(596) Pause Young (Allocation Failure)
[2019-04-15T13:47:10.405+0200][312,564s] GC(596) Using 4 workers of 4 for evacuation
[2019-04-15T13:47:10.413+0200][312,572s] GC(596) ParNew: 95578K->7837K(109248K)
[2019-04-15T13:47:10.413+0200][312,572s] GC(596) CMS: 222253K->222428K(393216K)
[2019-04-15T13:47:10.413+0200][312,572s] GC(596) Metaspace: 85346K->85346K(1128448K)
[2019-04-15T13:47:10.413+0200][312,572s] GC(596) Pause Young (Allocation Failure) 310M->224M(490M) 8,261ms
[2019-04-15T13:47:10.413+0200][312,572s] GC(596) User=0,02s Sys=0,00s Real=0,01s
[2019-04-15T13:47:10.456+0200][312,615s] GC(595) Concurrent Abortable Preclean 79,569ms
[2019-04-15T13:47:10.456+0200][312,615s] GC(595) User=0,17s Sys=0,00s Real=0,08s
[2019-04-15T13:47:10.456+0200][312,615s] GC(595) Pause Remark
[2019-04-15T13:47:10.456+0200][312,615s] GC(597) Pause Young (CMS Final Remark)
[2019-04-15T13:47:10.456+0200][312,615s] GC(597) Using 4 workers of 4 for evacuation
[2019-04-15T13:47:10.465+0200][312,624s] GC(597) ParNew: 63772K->7017K(109248K)
[2019-04-15T13:47:10.465+0200][312,624s] GC(597) CMS: 222428K->222596K(393216K)
[2019-04-15T13:47:10.465+0200][312,624s] GC(597) Metaspace: 85346K->85346K(1128448K)
[2019-04-15T13:47:10.465+0200][312,624s] GC(597) Pause Young (CMS Final Remark) 279M->224M(490M) 8,778ms
[2019-04-15T13:47:10.465+0200][312,624s] GC(597) User=0,03s Sys=0,00s Real=0,01s
[2019-04-15T13:47:10.500+0200][312,659s] GC(595) Pause Remark 279M->224M(490M) 43,960ms
[2019-04-15T13:47:10.500+0200][312,659s] GC(595) User=0,08s Sys=0,00s Real=0,04s
[2019-04-15T13:47:10.500+0200][312,659s] GC(595) Concurrent Sweep
[2019-04-15T13:47:10.550+0200][312,709s] GC(595) Concurrent Sweep 49,622ms
[2019-04-15T13:47:10.550+0200][312,709s] GC(595) User=0,15s Sys=0,00s Real=0,05s
[2019-04-15T13:47:10.550+0200][312,709s] GC(595) Concurrent Reset
[2019-04-15T13:47:10.550+0200][312,709s] GC(595) Concurrent Reset 0,363ms
[2019-04-15T13:47:10.550+0200][312,709s] GC(595) User=0,00s Sys=0,00s Real=0,00s
[2019-04-15T13:47:10.550+0200][312,709s] GC(595) Old: 222253K->220545K(393216K)
[2019-04-15T13:47:10.574+0200][312,733s] GC(598) Pause Young (Allocation Failure)
[2019-04-15T13:47:10.574+0200][312,733s] GC(598) Using 4 workers of 4 for evacuation
[2019-04-15T13:47:10.580+0200][312,739s] GC(598) ParNew: 94441K->8440K(109248K)
[2019-04-15T13:47:10.580+0200][312,739s] GC(598) CMS: 220545K->220724K(393216K)
[2019-04-15T13:47:10.580+0200][312,739s] GC(598) Metaspace: 85346K->85346K(1128448K)
[2019-04-15T13:47:10.580+0200][312,739s] GC(598) Pause Young (Allocation Failure) 307M->223M(490M) 6,230ms
[2019-04-15T13:47:10.580+0200][312,739s] GC(598) User=0,02s Sys=0,00s Real=0,00s
[2019-04-15T13:47:10.580+0200][312,739s] GC(599) Pause Initial Mark
[2019-04-15T13:47:10.581+0200][312,740s] GC(599) Pause Initial Mark 225M->225M(490M) 0,936ms
[2019-04-15T13:47:10.581+0200][312,740s] GC(599) User=0,00s Sys=0,00s Real=0,00s
[2019-04-15T13:47:10.581+0200][312,740s] GC(599) Concurrent Mark
[2019-04-15T13:47:10.581+0200][312,740s] GC(599) Using 4 workers of 4 for marking
[2019-04-15T13:47:10.651+0200][312,810s] GC(599) Concurrent Mark 69,835ms
[2019-04-15T13:47:10.651+0200][312,810s] GC(599) User=0,27s Sys=0,00s Real=0,07s
[2019-04-15T13:47:10.651+0200][312,810s] GC(599) Concurrent Preclean
[2019-04-15T13:47:10.652+0200][312,811s] GC(599) Concurrent Preclean 0,882ms
[2019-04-15T13:47:10.652+0200][312,811s] GC(599) User=0,00s Sys=0,00s Real=0,00s
[2019-04-15T13:47:10.652+0200][312,811s] GC(599) Concurrent Abortable Preclean
[2019-04-15T13:47:10.665+0200][312,824s] GC(600) Pause Young (Allocation Failure)
[2019-04-15T13:47:10.665+0200][312,824s] GC(600) Using 4 workers of 4 for evacuation
[2019-04-15T13:47:10.670+0200][312,829s] GC(600) ParNew: 95864K->7012K(109248K)
[2019-04-15T13:47:10.670+0200][312,829s] GC(600) CMS: 220724K->221103K(393216K)
[2019-04-15T13:47:10.670+0200][312,829s] GC(600) Metaspace: 85346K->85346K(1128448K)
[2019-04-15T13:47:10.670+0200][312,829s] GC(600) Pause Young (Allocation Failure) 309M->222M(490M) 5,142ms
[2019-04-15T13:47:10.670+0200][312,829s] GC(600) User=0,02s Sys=0,00s Real=0,00s
[2019-04-15T13:47:10.735+0200][312,893s] GC(601) Pause Young (Allocation Failure)
[2019-04-15T13:47:10.735+0200][312,894s] GC(601) Using 4 workers of 4 for evacuation
[2019-04-15T13:47:10.741+0200][312,899s] GC(601) ParNew: 94436K->6900K(109248K)
[2019-04-15T13:47:10.741+0200][312,900s] GC(601) CMS: 221103K->221253K(393216K)
[2019-04-15T13:47:10.741+0200][312,900s] GC(601) Metaspace: 85346K->85346K(1128448K)
[2019-04-15T13:47:10.741+0200][312,900s] GC(601) Pause Young (Allocation Failure) 308M->222M(490M) 6,042ms
[2019-04-15T13:47:10.741+0200][312,900s] GC(601) User=0,02s Sys=0,00s Real=0,00s
[2019-04-15T13:47:10.798+0200][312,957s] GC(602) Pause Young (Allocation Failure)
[2019-04-15T13:47:10.798+0200][312,957s] GC(602) Using 4 workers of 4 for evacuation
[2019-04-15T13:47:10.807+0200][312,965s] GC(602) ParNew: 94324K->6835K(109248K)
[2019-04-15T13:47:10.807+0200][312,966s] GC(602) CMS: 221253K->221692K(393216K)
[2019-04-15T13:47:10.807+0200][312,966s] GC(602) Metaspace: 85346K->85346K(1128448K)
[2019-04-15T13:47:10.807+0200][312,966s] GC(602) Pause Young (Allocation Failure) 308M->223M(490M) 8,546ms
[2019-04-15T13:47:10.807+0200][312,966s] GC(602) User=0,03s Sys=0,00s Real=0,01s
[2019-04-15T13:47:10.872+0200][313,031s] GC(603) Pause Young (Allocation Failure)
[2019-04-15T13:47:10.872+0200][313,031s] GC(603) Using 4 workers of 4 for evacuation
[2019-04-15T13:47:10.879+0200][313,038s] GC(603) ParNew: 94259K->7921K(109248K)
[2019-04-15T13:47:10.879+0200][313,038s] GC(603) CMS: 221692K->221692K(393216K)
[2019-04-15T13:47:10.879+0200][313,038s] GC(603) Metaspace: 85346K->85346K(1128448K)
[2019-04-15T13:47:10.879+0200][313,038s] GC(603) Pause Young (Allocation Failure) 308M->224M(490M) 6,862ms
[2019-04-15T13:47:10.879+0200][313,038s] GC(603) User=0,03s Sys=0,00s Real=0,01s
[2019-04-15T13:47:10.945+0200][313,104s] GC(604) Pause Young (Allocation Failure)
[2019-04-15T13:47:10.945+0200][313,104s] GC(604) Using 4 workers of 4 for evacuation
[2019-04-15T13:47:10.951+0200][313,110s] GC(604) ParNew: 95345K->4805K(109248K)
[2019-04-15T13:47:10.951+0200][313,110s] GC(604) CMS: 221692K->226077K(393216K)
[2019-04-15T13:47:10.951+0200][313,110s] GC(604) Metaspace: 85346K->85346K(1128448K)
[2019-04-15T13:47:10.951+0200][313,110s] GC(604) Pause Young (Allocation Failure) 309M->225M(490M) 5,669ms
[2019-04-15T13:47:10.951+0200][313,110s] GC(604) User=0,02s Sys=0,00s Real=0,00s
[2019-04-15T13:47:11.014+0200][313,173s] GC(605) Pause Young (Allocation Failure)
[2019-04-15T13:47:11.014+0200][313,173s] GC(605) Using 4 workers of 4 for evacuation
[2019-04-15T13:47:11.026+0200][313,185s] GC(605) ParNew: 92229K->3149K(109248K)
[2019-04-15T13:47:11.026+0200][313,185s] GC(605) CMS: 226077K->226238K(393216K)
[2019-04-15T13:47:11.026+0200][313,185s] GC(605) Metaspace: 85346K->85346K(1128448K)
[2019-04-15T13:47:11.026+0200][313,185s] GC(605) Pause Young (Allocation Failure) 310M->224M(490M) 12,283ms
[2019-04-15T13:47:11.026+0200][313,185s] GC(605) User=0,03s Sys=0,00s Real=0,01s
[2019-04-15T13:47:11.093+0200][313,252s] GC(606) Pause Young (Allocation Failure)
[2019-04-15T13:47:11.093+0200][313,252s] GC(606) Using 4 workers of 4 for evacuation
[2019-04-15T13:47:11.106+0200][313,264s] GC(606) ParNew: 90573K->3367K(109248K)
[2019-04-15T13:47:11.106+0200][313,264s] GC(606) CMS: 226238K->226417K(393216K)
[2019-04-15T13:47:11.106+0200][313,264s] GC(606) Metaspace: 85346K->85346K(1128448K)
[2019-04-15T13:47:11.106+0200][313,265s] GC(606) Pause Young (Allocation Failure) 309M->224M(490M) 12,621ms
[2019-04-15T13:47:11.106+0200][313,265s] GC(606) User=0,04s Sys=0,00s Real=0,01s
[2019-04-15T13:47:11.106+0200][313,265s] GC(599) Concurrent Abortable Preclean 453,876ms
[2019-04-15T13:47:11.106+0200][313,265s] GC(599) User=0,80s Sys=0,00s Real=0,46s
[2019-04-15T13:47:11.106+0200][313,265s] GC(599) Pause Remark
[2019-04-15T13:47:11.106+0200][313,265s] GC(607) Pause Young (CMS Final Remark)
[2019-04-15T13:47:11.106+0200][313,265s] GC(607) Using 4 workers of 4 for evacuation
[2019-04-15T13:47:11.114+0200][313,273s] GC(607) ParNew: 5117K->3171K(109248K)
[2019-04-15T13:47:11.114+0200][313,273s] GC(607) CMS: 226417K->226783K(393216K)
[2019-04-15T13:47:11.114+0200][313,273s] GC(607) Metaspace: 85346K->85346K(1128448K)
[2019-04-15T13:47:11.114+0200][313,273s] GC(607) Pause Young (CMS Final Remark) 226M->224M(490M) 8,156ms
[2019-04-15T13:47:11.114+0200][313,273s] GC(607) User=0,03s Sys=0,00s Real=0,01s
[2019-04-15T13:47:11.155+0200][313,314s] GC(599) Pause Remark 226M->224M(490M) 48,935ms
[2019-04-15T13:47:11.155+0200][313,314s] GC(599) User=0,10s Sys=0,00s Real=0,05s
[2019-04-15T13:47:11.155+0200][313,314s] GC(599) Concurrent Sweep
[2019-04-15T13:47:11.193+0200][313,352s] GC(599) Concurrent Sweep 37,700ms
[2019-04-15T13:47:11.193+0200][313,352s] GC(599) User=0,08s Sys=0,00s Real=0,03s
[2019-04-15T13:47:11.193+0200][313,352s] GC(599) Concurrent Reset
[2019-04-15T13:47:11.193+0200][313,352s] GC(599) Concurrent Reset 0,395ms
[2019-04-15T13:47:11.193+0200][313,352s] GC(599) User=0,00s Sys=0,00s Real=0,01s
[2019-04-15T13:47:11.193+0200][313,352s] GC(599) Old: 220724K->226783K(393216K)
[2019-04-15T13:47:11.220+0200][313,378s] GC(608) Pause Young (Allocation Failure)
[2019-04-15T13:47:11.220+0200][313,379s] GC(608) Using 4 workers of 4 for evacuation
[2019-04-15T13:47:11.226+0200][313,385s] GC(608) ParNew: 90595K->3729K(109248K)
[2019-04-15T13:47:11.226+0200][313,385s] GC(608) CMS: 226783K->226877K(393216K)
[2019-04-15T13:47:11.226+0200][313,385s] GC(608) Metaspace: 85346K->85346K(1128448K)
[2019-04-15T13:47:11.226+0200][313,385s] GC(608) Pause Young (Allocation Failure) 309M->225M(490M) 6,642ms
[2019-04-15T13:47:11.226+0200][313,385s] GC(608) User=0,02s Sys=0,00s Real=0,01s
[2019-04-15T13:47:11.226+0200][313,385s] GC(609) Pause Initial Mark
[2019-04-15T13:47:11.227+0200][313,386s] GC(609) Pause Initial Mark 226M->226M(490M) 0,835ms
[2019-04-15T13:47:11.227+0200][313,386s] GC(609) User=0,00s Sys=0,00s Real=0,00s
[2019-04-15T13:47:11.227+0200][313,386s] GC(609) Concurrent Mark
[2019-04-15T13:47:11.227+0200][313,386s] GC(609) Using 4 workers of 4 for marking
[2019-04-15T13:47:11.297+0200][313,456s] GC(609) Concurrent Mark 69,915ms
[2019-04-15T13:47:11.297+0200][313,456s] GC(609) User=0,27s Sys=0,00s Real=0,07s
[2019-04-15T13:47:11.297+0200][313,456s] GC(609) Concurrent Preclean
[2019-04-15T13:47:11.298+0200][313,457s] GC(609) Concurrent Preclean 1,020ms
[2019-04-15T13:47:11.298+0200][313,457s] GC(609) User=0,00s Sys=0,00s Real=0,00s
[2019-04-15T13:47:11.298+0200][313,457s] GC(609) Concurrent Abortable Preclean
[2019-04-15T13:47:11.329+0200][313,487s] GC(610) Pause Young (Allocation Failure)
[2019-04-15T13:47:11.329+0200][313,488s] GC(610) Using 4 workers of 4 for evacuation
[2019-04-15T13:47:11.334+0200][313,493s] GC(610) ParNew: 91153K->4531K(109248K)
[2019-04-15T13:47:11.334+0200][313,493s] GC(610) CMS: 226877K->226921K(393216K)
[2019-04-15T13:47:11.334+0200][313,493s] GC(610) Metaspace: 85346K->85346K(1128448K)
[2019-04-15T13:47:11.334+0200][313,493s] GC(610) Pause Young (Allocation Failure) 310M->226M(490M) 5,656ms
[2019-04-15T13:47:11.334+0200][313,493s] GC(610) User=0,02s Sys=0,00s Real=0,01s
[2019-04-15T13:47:11.392+0200][313,551s] GC(611) Pause Young (Allocation Failure)
[2019-04-15T13:47:11.392+0200][313,551s] GC(611) Using 4 workers of 4 for evacuation
[2019-04-15T13:47:11.397+0200][313,556s] GC(611) ParNew: 91955K->3789K(109248K)
[2019-04-15T13:47:11.397+0200][313,556s] GC(611) CMS: 226921K->226999K(393216K)
[2019-04-15T13:47:11.397+0200][313,556s] GC(611) Metaspace: 85346K->85346K(1128448K)
[2019-04-15T13:47:11.397+0200][313,556s] GC(611) Pause Young (Allocation Failure) 311M->225M(490M) 5,296ms
[2019-04-15T13:47:11.397+0200][313,556s] GC(611) User=0,02s Sys=0,00s Real=0,01s
[2019-04-15T13:47:11.558+0200][313,717s] GC(609) Concurrent Abortable Preclean 260,007ms
[2019-04-15T13:47:11.558+0200][313,717s] GC(609) User=0,41s Sys=0,00s Real=0,26s
[2019-04-15T13:47:11.558+0200][313,717s] GC(609) Pause Remark
[2019-04-15T13:47:11.558+0200][313,717s] GC(612) Pause Young (CMS Final Remark)
[2019-04-15T13:47:11.558+0200][313,717s] GC(612) Using 4 workers of 4 for evacuation
[2019-04-15T13:47:11.573+0200][313,732s] GC(612) ParNew: 59423K->13535K(109248K)
[2019-04-15T13:47:11.573+0200][313,732s] GC(612) CMS: 226999K->227457K(393216K)
[2019-04-15T13:47:11.573+0200][313,732s] GC(612) Metaspace: 85371K->85371K(1128448K)
[2019-04-15T13:47:11.573+0200][313,732s] GC(612) Pause Young (CMS Final Remark) 279M->235M(490M) 14,488ms
[2019-04-15T13:47:11.573+0200][313,732s] GC(612) User=0,03s Sys=0,00s Real=0,02s
[2019-04-15T13:47:11.608+0200][313,767s] GC(609) Pause Remark 279M->235M(490M) 49,893ms
[2019-04-15T13:47:11.608+0200][313,767s] GC(609) User=0,08s Sys=0,00s Real=0,05s
[2019-04-15T13:47:11.608+0200][313,767s] GC(609) Concurrent Sweep
[2019-04-15T13:47:11.665+0200][313,824s] GC(609) Concurrent Sweep 56,684ms
[2019-04-15T13:47:11.665+0200][313,824s] GC(609) User=0,11s Sys=0,01s Real=0,06s
[2019-04-15T13:47:11.665+0200][313,824s] GC(609) Concurrent Reset
[2019-04-15T13:47:11.666+0200][313,824s] GC(609) Concurrent Reset 0,341ms
[2019-04-15T13:47:11.666+0200][313,824s] GC(609) User=0,00s Sys=0,00s Real=0,00s
[2019-04-15T13:47:11.666+0200][313,824s] GC(609) Old: 226877K->227436K(393216K)
[2019-04-15T13:47:11.682+0200][313,841s] GC(613) Pause Young (Allocation Failure)
[2019-04-15T13:47:11.682+0200][313,841s] GC(613) Using 4 workers of 4 for evacuation
[2019-04-15T13:47:11.696+0200][313,855s] GC(613) ParNew: 100959K->21824K(109248K)
[2019-04-15T13:47:11.696+0200][313,855s] GC(613) CMS: 227436K->234721K(393216K)
[2019-04-15T13:47:11.696+0200][313,855s] GC(613) Metaspace: 85372K->85372K(1128448K)
[2019-04-15T13:47:11.697+0200][313,855s] GC(613) Pause Young (Allocation Failure) 320M->250M(490M) 14,127ms
[2019-04-15T13:47:11.697+0200][313,855s] GC(613) User=0,05s Sys=0,00s Real=0,02s
[2019-04-15T13:47:11.697+0200][313,856s] GC(614) Pause Initial Mark
[2019-04-15T13:47:11.698+0200][313,857s] GC(614) Pause Initial Mark 251M->251M(490M) 1,422ms
[2019-04-15T13:47:11.698+0200][313,857s] GC(614) User=0,01s Sys=0,00s Real=0,00s
[2019-04-15T13:47:11.698+0200][313,857s] GC(614) Concurrent Mark
[2019-04-15T13:47:11.698+0200][313,857s] GC(614) Using 4 workers of 4 for marking
[2019-04-15T13:47:11.754+0200][313,913s] GC(614) Concurrent Mark 55,691ms
[2019-04-15T13:47:11.754+0200][313,913s] GC(614) User=0,21s Sys=0,00s Real=0,06s
[2019-04-15T13:47:11.754+0200][313,913s] GC(614) Concurrent Preclean
[2019-04-15T13:47:11.755+0200][313,914s] GC(614) Concurrent Preclean 0,788ms
[2019-04-15T13:47:11.755+0200][313,914s] GC(614) User=0,00s Sys=0,00s Real=0,00s
[2019-04-15T13:47:11.755+0200][313,914s] GC(614) Concurrent Abortable Preclean
[2019-04-15T13:47:11.792+0200][313,951s] GC(615) Pause Young (Allocation Failure)
[2019-04-15T13:47:11.792+0200][313,951s] GC(615) Using 4 workers of 4 for evacuation
[2019-04-15T13:47:11.803+0200][313,961s] GC(615) ParNew: 109248K->18248K(109248K)
[2019-04-15T13:47:11.803+0200][313,961s] GC(615) CMS: 234721K->247540K(393216K)
[2019-04-15T13:47:11.803+0200][313,961s] GC(615) Metaspace: 85372K->85372K(1128448K)
[2019-04-15T13:47:11.803+0200][313,961s] GC(615) Pause Young (Allocation Failure) 335M->259M(490M) 10,535ms
[2019-04-15T13:47:11.803+0200][313,962s] GC(615) User=0,04s Sys=0,00s Real=0,01s
[2019-04-15T13:47:11.855+0200][314,014s] GC(616) Pause Young (Allocation Failure)
[2019-04-15T13:47:11.855+0200][314,014s] GC(616) Using 4 workers of 4 for evacuation
[2019-04-15T13:47:11.863+0200][314,022s] GC(616) ParNew: 105672K->12112K(109248K)
[2019-04-15T13:47:11.863+0200][314,022s] GC(616) CMS: 247540K->247540K(393216K)
[2019-04-15T13:47:11.863+0200][314,022s] GC(616) Metaspace: 85372K->85372K(1128448K)
[2019-04-15T13:47:11.863+0200][314,022s] GC(616) Pause Young (Allocation Failure) 344M->253M(490M) 8,124ms
[2019-04-15T13:47:11.863+0200][314,022s] GC(616) User=0,02s Sys=0,00s Real=0,00s
[2019-04-15T13:47:11.863+0200][314,022s] GC(614) Concurrent Abortable Preclean 108,065ms
[2019-04-15T13:47:11.863+0200][314,022s] GC(614) User=0,21s Sys=0,00s Real=0,10s
[2019-04-15T13:47:11.863+0200][314,022s] GC(614) Pause Remark
[2019-04-15T13:47:11.863+0200][314,022s] GC(617) Pause Young (CMS Final Remark)
[2019-04-15T13:47:11.863+0200][314,022s] GC(617) Using 4 workers of 4 for evacuation
[2019-04-15T13:47:11.869+0200][314,028s] GC(617) ParNew: 13567K->12624K(109248K)
[2019-04-15T13:47:11.869+0200][314,028s] GC(617) CMS: 247540K->247540K(393216K)
[2019-04-15T13:47:11.869+0200][314,028s] GC(617) Metaspace: 85372K->85372K(1128448K)
[2019-04-15T13:47:11.869+0200][314,028s] GC(617) Pause Young (CMS Final Remark) 254M->254M(490M) 6,518ms
[2019-04-15T13:47:11.869+0200][314,028s] GC(617) User=0,02s Sys=0,00s Real=0,01s
[2019-04-15T13:47:11.902+0200][314,061s] GC(614) Pause Remark 254M->254M(490M) 39,141ms
[2019-04-15T13:47:11.902+0200][314,061s] GC(614) User=0,07s Sys=0,00s Real=0,04s
[2019-04-15T13:47:11.902+0200][314,061s] GC(614) Concurrent Sweep
[2019-04-15T13:47:11.953+0200][314,112s] GC(614) Concurrent Sweep 50,590ms
[2019-04-15T13:47:11.953+0200][314,112s] GC(614) User=0,10s Sys=0,00s Real=0,05s
[2019-04-15T13:47:11.953+0200][314,112s] GC(614) Concurrent Reset
[2019-04-15T13:47:11.953+0200][314,112s] GC(614) Concurrent Reset 0,653ms
[2019-04-15T13:47:11.954+0200][314,112s] GC(614) User=0,01s Sys=0,00s Real=0,01s
[2019-04-15T13:47:11.954+0200][314,113s] GC(614) Old: 234721K->191405K(393216K)
[2019-04-15T13:47:11.972+0200][314,131s] GC(618) Pause Young (Allocation Failure)
[2019-04-15T13:47:11.972+0200][314,131s] GC(618) Using 4 workers of 4 for evacuation
[2019-04-15T13:47:11.978+0200][314,137s] GC(618) ParNew: 100048K->11790K(109248K)
[2019-04-15T13:47:11.978+0200][314,137s] GC(618) CMS: 191405K->191405K(393216K)
[2019-04-15T13:47:11.978+0200][314,137s] GC(618) Metaspace: 85372K->85372K(1128448K)
[2019-04-15T13:47:11.978+0200][314,137s] GC(618) Pause Young (Allocation Failure) 284M->198M(490M) 6,209ms
[2019-04-15T13:47:11.978+0200][314,137s] GC(618) User=0,02s Sys=0,00s Real=0,01s
[2019-04-15T13:47:12.052+0200][314,211s] GC(619) Pause Young (Allocation Failure)
[2019-04-15T13:47:12.052+0200][314,211s] GC(619) Using 4 workers of 4 for evacuation
[2019-04-15T13:47:12.063+0200][314,222s] GC(619) ParNew: 99214K->12553K(109248K)
[2019-04-15T13:47:12.063+0200][314,222s] GC(619) CMS: 191405K->191405K(393216K)
[2019-04-15T13:47:12.063+0200][314,222s] GC(619) Metaspace: 85372K->85372K(1128448K)
[2019-04-15T13:47:12.063+0200][314,222s] GC(619) Pause Young (Allocation Failure) 283M->199M(490M) 11,181ms
[2019-04-15T13:47:12.063+0200][314,222s] GC(619) User=0,04s Sys=0,00s Real=0,01s
[2019-04-15T13:47:12.131+0200][314,290s] GC(620) Pause Young (Allocation Failure)
[2019-04-15T13:47:12.131+0200][314,290s] GC(620) Using 4 workers of 4 for evacuation
[2019-04-15T13:47:12.145+0200][314,304s] GC(620) ParNew: 99977K->15507K(109248K)
[2019-04-15T13:47:12.145+0200][314,304s] GC(620) CMS: 191405K->191405K(393216K)
[2019-04-15T13:47:12.145+0200][314,304s] GC(620) Metaspace: 85372K->85372K(1128448K)
[2019-04-15T13:47:12.145+0200][314,304s] GC(620) Pause Young (Allocation Failure) 284M->202M(490M) 14,188ms
[2019-04-15T13:47:12.145+0200][314,304s] GC(620) User=0,05s Sys=0,00s Real=0,01s
[2019-04-15T13:47:12.215+0200][314,374s] GC(621) Pause Young (Allocation Failure)
[2019-04-15T13:47:12.215+0200][314,374s] GC(621) Using 4 workers of 4 for evacuation
[2019-04-15T13:47:12.232+0200][314,391s] GC(621) ParNew: 102931K->12855K(109248K)
[2019-04-15T13:47:12.232+0200][314,391s] GC(621) CMS: 191405K->191405K(393216K)
[2019-04-15T13:47:12.232+0200][314,391s] GC(621) Metaspace: 85372K->85372K(1128448K)
[2019-04-15T13:47:12.232+0200][314,391s] GC(621) Pause Young (Allocation Failure) 287M->199M(490M) 16,871ms
[2019-04-15T13:47:12.232+0200][314,391s] GC(621) User=0,06s Sys=0,00s Real=0,01s
[2019-04-15T13:47:12.383+0200][314,542s] GC(622) Pause Young (Allocation Failure)
[2019-04-15T13:47:12.383+0200][314,542s] GC(622) Using 4 workers of 4 for evacuation
[2019-04-15T13:47:12.397+0200][314,556s] GC(622) ParNew: 100279K->21824K(109248K)
[2019-04-15T13:47:12.397+0200][314,556s] GC(622) CMS: 191405K->200546K(393216K)
[2019-04-15T13:47:12.397+0200][314,556s] GC(622) Metaspace: 85386K->85386K(1128448K)
[2019-04-15T13:47:12.397+0200][314,556s] GC(622) Pause Young (Allocation Failure) 284M->217M(490M) 13,930ms
[2019-04-15T13:47:12.397+0200][314,556s] GC(622) User=0,05s Sys=0,00s Real=0,02s
[2019-04-15T13:47:12.397+0200][314,556s] GC(623) Pause Initial Mark
[2019-04-15T13:47:12.399+0200][314,557s] GC(623) Pause Initial Mark 218M->218M(490M) 1,328ms
[2019-04-15T13:47:12.399+0200][314,557s] GC(623) User=0,00s Sys=0,00s Real=0,00s
[2019-04-15T13:47:12.399+0200][314,557s] GC(623) Concurrent Mark
[2019-04-15T13:47:12.399+0200][314,558s] GC(623) Using 4 workers of 4 for marking
[2019-04-15T13:47:12.447+0200][314,605s] GC(623) Concurrent Mark 47,928ms
[2019-04-15T13:47:12.447+0200][314,605s] GC(623) User=0,18s Sys=0,00s Real=0,05s
[2019-04-15T13:47:12.447+0200][314,605s] GC(623) Concurrent Preclean
[2019-04-15T13:47:12.447+0200][314,606s] GC(623) Concurrent Preclean 0,919ms
[2019-04-15T13:47:12.447+0200][314,606s] GC(623) User=0,00s Sys=0,00s Real=0,00s
[2019-04-15T13:47:12.447+0200][314,606s] GC(623) Concurrent Abortable Preclean
[2019-04-15T13:47:12.489+0200][314,648s] GC(624) Pause Young (Allocation Failure)
[2019-04-15T13:47:12.489+0200][314,648s] GC(624) Using 4 workers of 4 for evacuation
[2019-04-15T13:47:12.502+0200][314,661s] GC(624) ParNew: 109248K->18043K(109248K)
[2019-04-15T13:47:12.502+0200][314,661s] GC(624) CMS: 200546K->221942K(393216K)
[2019-04-15T13:47:12.502+0200][314,661s] GC(624) Metaspace: 85390K->85390K(1128448K)
[2019-04-15T13:47:12.502+0200][314,661s] GC(624) Pause Young (Allocation Failure) 302M->234M(490M) 12,484ms
[2019-04-15T13:47:12.502+0200][314,661s] GC(624) User=0,04s Sys=0,00s Real=0,01s
[2019-04-15T13:47:12.567+0200][314,726s] GC(625) Pause Young (Allocation Failure)
[2019-04-15T13:47:12.567+0200][314,726s] GC(625) Using 4 workers of 4 for evacuation
[2019-04-15T13:47:12.574+0200][314,733s] GC(625) ParNew: 105467K->4800K(109248K)
[2019-04-15T13:47:12.574+0200][314,733s] GC(625) CMS: 221942K->221942K(393216K)
[2019-04-15T13:47:12.574+0200][314,733s] GC(625) Metaspace: 85390K->85390K(1128448K)
[2019-04-15T13:47:12.574+0200][314,733s] GC(625) Pause Young (Allocation Failure) 319M->221M(490M) 7,089ms
[2019-04-15T13:47:12.574+0200][314,733s] GC(625) User=0,02s Sys=0,00s Real=0,01s
[2019-04-15T13:47:12.642+0200][314,801s] GC(626) Pause Young (Allocation Failure)
[2019-04-15T13:47:12.642+0200][314,801s] GC(626) Using 4 workers of 4 for evacuation
[2019-04-15T13:47:12.649+0200][314,808s] GC(626) ParNew: 92224K->4993K(109248K)
[2019-04-15T13:47:12.649+0200][314,808s] GC(626) CMS: 221942K->221942K(393216K)
[2019-04-15T13:47:12.649+0200][314,808s] GC(626) Metaspace: 85390K->85390K(1128448K)
[2019-04-15T13:47:12.649+0200][314,808s] GC(626) Pause Young (Allocation Failure) 306M->221M(490M) 6,841ms
[2019-04-15T13:47:12.649+0200][314,808s] GC(626) User=0,02s Sys=0,00s Real=0,01s
[2019-04-15T13:47:12.713+0200][314,872s] GC(627) Pause Young (Allocation Failure)
[2019-04-15T13:47:12.713+0200][314,872s] GC(627) Using 4 workers of 4 for evacuation
[2019-04-15T13:47:12.718+0200][314,877s] GC(627) ParNew: 92417K->4066K(109248K)
[2019-04-15T13:47:12.718+0200][314,877s] GC(627) CMS: 221942K->221942K(393216K)
[2019-04-15T13:47:12.718+0200][314,877s] GC(627) Metaspace: 85390K->85390K(1128448K)
[2019-04-15T13:47:12.718+0200][314,877s] GC(627) Pause Young (Allocation Failure) 306M->220M(490M) 4,442ms
[2019-04-15T13:47:12.718+0200][314,877s] GC(627) User=0,02s Sys=0,00s Real=0,00s
[2019-04-15T13:47:12.789+0200][314,948s] GC(628) Pause Young (Allocation Failure)
[2019-04-15T13:47:12.789+0200][314,948s] GC(628) Using 4 workers of 4 for evacuation
[2019-04-15T13:47:12.794+0200][314,953s] GC(628) ParNew: 91490K->4341K(109248K)
[2019-04-15T13:47:12.794+0200][314,953s] GC(628) CMS: 221942K->221942K(393216K)
[2019-04-15T13:47:12.794+0200][314,953s] GC(628) Metaspace: 85390K->85390K(1128448K)
[2019-04-15T13:47:12.794+0200][314,953s] GC(628) Pause Young (Allocation Failure) 306M->220M(490M) 5,130ms
[2019-04-15T13:47:12.794+0200][314,953s] GC(628) User=0,02s Sys=0,00s Real=0,01s
[2019-04-15T13:47:12.875+0200][315,033s] GC(629) Pause Young (Allocation Failure)
[2019-04-15T13:47:12.875+0200][315,034s] GC(629) Using 4 workers of 4 for evacuation
[2019-04-15T13:47:12.881+0200][315,040s] GC(629) ParNew: 91765K->4366K(109248K)
[2019-04-15T13:47:12.881+0200][315,040s] GC(629) CMS: 221942K->221942K(393216K)
[2019-04-15T13:47:12.881+0200][315,040s] GC(629) Metaspace: 85390K->85390K(1128448K)
[2019-04-15T13:47:12.881+0200][315,040s] GC(629) Pause Young (Allocation Failure) 306M->221M(490M) 6,457ms
[2019-04-15T13:47:12.881+0200][315,040s] GC(629) User=0,02s Sys=0,00s Real=0,00s
[2019-04-15T13:47:12.946+0200][315,105s] GC(630) Pause Young (Allocation Failure)
[2019-04-15T13:47:12.946+0200][315,105s] GC(630) Using 4 workers of 4 for evacuation
[2019-04-15T13:47:12.956+0200][315,115s] GC(630) ParNew: 91790K->4285K(109248K)
[2019-04-15T13:47:12.956+0200][315,115s] GC(630) CMS: 221942K->221942K(393216K)
[2019-04-15T13:47:12.956+0200][315,115s] GC(630) Metaspace: 85390K->85390K(1128448K)
[2019-04-15T13:47:12.956+0200][315,115s] GC(630) Pause Young (Allocation Failure) 306M->220M(490M) 9,389ms
[2019-04-15T13:47:12.956+0200][315,115s] GC(630) User=0,03s Sys=0,00s Real=0,01s
[2019-04-15T13:47:13.016+0200][315,175s] GC(631) Pause Young (Allocation Failure)
[2019-04-15T13:47:13.016+0200][315,175s] GC(631) Using 4 workers of 4 for evacuation
[2019-04-15T13:47:13.027+0200][315,186s] GC(631) ParNew: 91709K->5475K(109248K)
[2019-04-15T13:47:13.027+0200][315,186s] GC(631) CMS: 221942K->221942K(393216K)
[2019-04-15T13:47:13.027+0200][315,186s] GC(631) Metaspace: 85390K->85390K(1128448K)
[2019-04-15T13:47:13.027+0200][315,186s] GC(631) Pause Young (Allocation Failure) 306M->222M(490M) 11,143ms
[2019-04-15T13:47:13.027+0200][315,186s] GC(631) User=0,03s Sys=0,00s Real=0,01s
[2019-04-15T13:47:13.090+0200][315,249s] GC(632) Pause Young (Allocation Failure)
[2019-04-15T13:47:13.090+0200][315,249s] GC(632) Using 4 workers of 4 for evacuation
[2019-04-15T13:47:13.098+0200][315,256s] GC(632) ParNew: 92899K->3948K(109248K)
[2019-04-15T13:47:13.098+0200][315,256s] GC(632) CMS: 221942K->223817K(393216K)
[2019-04-15T13:47:13.098+0200][315,256s] GC(632) Metaspace: 85390K->85390K(1128448K)
[2019-04-15T13:47:13.098+0200][315,257s] GC(632) Pause Young (Allocation Failure) 307M->222M(490M) 7,206ms
[2019-04-15T13:47:13.098+0200][315,257s] GC(632) User=0,02s Sys=0,00s Real=0,01s
[2019-04-15T13:47:13.162+0200][315,321s] GC(633) Pause Young (Allocation Failure)
[2019-04-15T13:47:13.162+0200][315,321s] GC(633) Using 4 workers of 4 for evacuation
[2019-04-15T13:47:13.171+0200][315,330s] GC(633) ParNew: 91372K->3129K(109248K)
[2019-04-15T13:47:13.171+0200][315,330s] GC(633) CMS: 223817K->223821K(393216K)
[2019-04-15T13:47:13.171+0200][315,330s] GC(633) Metaspace: 85390K->85390K(1128448K)
[2019-04-15T13:47:13.171+0200][315,330s] GC(633) Pause Young (Allocation Failure) 307M->221M(490M) 8,869ms
[2019-04-15T13:47:13.171+0200][315,330s] GC(633) User=0,02s Sys=0,00s Real=0,01s
[2019-04-15T13:47:13.279+0200][315,438s] GC(623) Concurrent Abortable Preclean 831,377ms
[2019-04-15T13:47:13.279+0200][315,438s] GC(623) User=1,28s Sys=0,02s Real=0,83s
[2019-04-15T13:47:13.279+0200][315,438s] GC(623) Pause Remark
[2019-04-15T13:47:13.279+0200][315,438s] GC(634) Pause Young (CMS Final Remark)
[2019-04-15T13:47:13.279+0200][315,438s] GC(634) Using 4 workers of 4 for evacuation
[2019-04-15T13:47:13.287+0200][315,446s] GC(634) ParNew: 68478K->13953K(109248K)
[2019-04-15T13:47:13.287+0200][315,446s] GC(634) CMS: 223821K->223824K(393216K)
[2019-04-15T13:47:13.287+0200][315,446s] GC(634) Metaspace: 85391K->85391K(1128448K)
[2019-04-15T13:47:13.287+0200][315,446s] GC(634) Pause Young (CMS Final Remark) 285M->232M(490M) 7,659ms
[2019-04-15T13:47:13.287+0200][315,446s] GC(634) User=0,03s Sys=0,00s Real=0,01s
[2019-04-15T13:47:13.333+0200][315,492s] GC(623) Pause Remark 285M->232M(490M) 54,284ms
[2019-04-15T13:47:13.333+0200][315,492s] GC(623) User=0,13s Sys=0,00s Real=0,06s
[2019-04-15T13:47:13.333+0200][315,492s] GC(623) Concurrent Sweep
[2019-04-15T13:47:13.382+0200][315,541s] GC(623) Concurrent Sweep 48,396ms
[2019-04-15T13:47:13.382+0200][315,541s] GC(623) User=0,11s Sys=0,00s Real=0,04s
[2019-04-15T13:47:13.382+0200][315,541s] GC(623) Concurrent Reset
[2019-04-15T13:47:13.382+0200][315,541s] GC(623) Concurrent Reset 0,419ms
[2019-04-15T13:47:13.382+0200][315,541s] GC(623) User=0,00s Sys=0,00s Real=0,00s
[2019-04-15T13:47:13.382+0200][315,541s] GC(623) Old: 200546K->203946K(393216K)
[2019-04-15T13:47:13.390+0200][315,549s] GC(635) Pause Young (Allocation Failure)
[2019-04-15T13:47:13.390+0200][315,549s] GC(635) Using 4 workers of 4 for evacuation
[2019-04-15T13:47:13.397+0200][315,556s] GC(635) ParNew: 101377K->17420K(109248K)
[2019-04-15T13:47:13.397+0200][315,556s] GC(635) CMS: 203946K->203950K(393216K)
[2019-04-15T13:47:13.397+0200][315,556s] GC(635) Metaspace: 85394K->85394K(1128448K)
[2019-04-15T13:47:13.397+0200][315,556s] GC(635) Pause Young (Allocation Failure) 298M->216M(490M) 6,476ms
[2019-04-15T13:47:13.397+0200][315,556s] GC(635) User=0,02s Sys=0,00s Real=0,01s
[2019-04-15T13:47:13.397+0200][315,556s] GC(636) Pause Initial Mark
[2019-04-15T13:47:13.399+0200][315,558s] GC(636) Pause Initial Mark 217M->217M(490M) 1,472ms
[2019-04-15T13:47:13.399+0200][315,558s] GC(636) User=0,00s Sys=0,00s Real=0,00s
[2019-04-15T13:47:13.399+0200][315,558s] GC(636) Concurrent Mark
[2019-04-15T13:47:13.399+0200][315,558s] GC(636) Using 4 workers of 4 for marking
[2019-04-15T13:47:13.448+0200][315,607s] GC(636) Concurrent Mark 49,576ms
[2019-04-15T13:47:13.448+0200][315,607s] GC(636) User=0,19s Sys=0,00s Real=0,05s
[2019-04-15T13:47:13.448+0200][315,607s] GC(636) Concurrent Preclean
[2019-04-15T13:47:13.449+0200][315,608s] GC(636) Concurrent Preclean 1,210ms
[2019-04-15T13:47:13.450+0200][315,608s] GC(636) User=0,00s Sys=0,00s Real=0,00s
[2019-04-15T13:47:13.450+0200][315,608s] GC(636) Concurrent Abortable Preclean
[2019-04-15T13:47:13.481+0200][315,640s] GC(637) Pause Young (Allocation Failure)
[2019-04-15T13:47:13.481+0200][315,640s] GC(637) Using 4 workers of 4 for evacuation
[2019-04-15T13:47:13.490+0200][315,649s] GC(637) ParNew: 104844K->19351K(109248K)
[2019-04-15T13:47:13.490+0200][315,649s] GC(637) CMS: 203950K->203954K(393216K)
[2019-04-15T13:47:13.490+0200][315,649s] GC(637) Metaspace: 85394K->85394K(1128448K)
[2019-04-15T13:47:13.490+0200][315,649s] GC(637) Pause Young (Allocation Failure) 301M->218M(490M) 8,864ms
[2019-04-15T13:47:13.490+0200][315,649s] GC(637) User=0,02s Sys=0,00s Real=0,01s
[2019-04-15T13:47:13.544+0200][315,703s] GC(638) Pause Young (Allocation Failure)
[2019-04-15T13:47:13.544+0200][315,703s] GC(638) Using 4 workers of 4 for evacuation
[2019-04-15T13:47:13.551+0200][315,710s] GC(638) ParNew: 106775K->21824K(109248K)
[2019-04-15T13:47:13.551+0200][315,710s] GC(638) CMS: 203954K->203958K(393216K)
[2019-04-15T13:47:13.551+0200][315,710s] GC(638) Metaspace: 85394K->85394K(1128448K)
[2019-04-15T13:47:13.551+0200][315,710s] GC(638) Pause Young (Allocation Failure) 303M->220M(490M) 7,048ms
[2019-04-15T13:47:13.551+0200][315,710s] GC(638) User=0,02s Sys=0,00s Real=0,01s
[2019-04-15T13:47:13.551+0200][315,710s] GC(636) Concurrent Abortable Preclean 101,670ms
[2019-04-15T13:47:13.551+0200][315,710s] GC(636) User=0,20s Sys=0,00s Real=0,10s
[2019-04-15T13:47:13.551+0200][315,710s] GC(636) Pause Remark
[2019-04-15T13:47:13.551+0200][315,710s] GC(639) Pause Young (CMS Final Remark)
[2019-04-15T13:47:13.551+0200][315,710s] GC(639) Using 4 workers of 4 for evacuation
[2019-04-15T13:47:13.559+0200][315,718s] GC(639) ParNew: 23534K->18953K(109248K)
[2019-04-15T13:47:13.559+0200][315,718s] GC(639) CMS: 203958K->203961K(393216K)
[2019-04-15T13:47:13.559+0200][315,718s] GC(639) Metaspace: 85394K->85394K(1128448K)
[2019-04-15T13:47:13.559+0200][315,718s] GC(639) Pause Young (CMS Final Remark) 222M->217M(490M) 7,892ms
[2019-04-15T13:47:13.559+0200][315,718s] GC(639) User=0,03s Sys=0,01s Real=0,01s
[2019-04-15T13:47:13.595+0200][315,754s] GC(636) Pause Remark 222M->217M(490M) 43,341ms
[2019-04-15T13:47:13.595+0200][315,754s] GC(636) User=0,08s Sys=0,01s Real=0,05s
[2019-04-15T13:47:13.595+0200][315,754s] GC(636) Concurrent Sweep
[2019-04-15T13:47:13.652+0200][315,811s] GC(640) Pause Young (Allocation Failure)
[2019-04-15T13:47:13.652+0200][315,811s] GC(640) Using 4 workers of 4 for evacuation
[2019-04-15T13:47:13.660+0200][315,819s] GC(640) ParNew: 106377K->19702K(109248K)
[2019-04-15T13:47:13.660+0200][315,819s] GC(640) CMS: 154404K->154407K(393216K)
[2019-04-15T13:47:13.660+0200][315,819s] GC(640) Metaspace: 85394K->85394K(1128448K)
[2019-04-15T13:47:13.660+0200][315,819s] GC(640) Pause Young (Allocation Failure) 254M->170M(490M) 7,737ms
[2019-04-15T13:47:13.660+0200][315,819s] GC(640) User=0,03s Sys=0,00s Real=0,01s
[2019-04-15T13:47:13.697+0200][315,856s] GC(636) Concurrent Sweep 101,770ms
[2019-04-15T13:47:13.697+0200][315,856s] GC(636) User=0,21s Sys=0,00s Real=0,10s
[2019-04-15T13:47:13.697+0200][315,856s] GC(636) Concurrent Reset
[2019-04-15T13:47:13.697+0200][315,856s] GC(636) Concurrent Reset 0,327ms
[2019-04-15T13:47:13.697+0200][315,856s] GC(636) User=0,00s Sys=0,00s Real=0,00s
[2019-04-15T13:47:13.697+0200][315,856s] GC(636) Old: 203950K->124058K(393216K)
[2019-04-15T13:47:13.886+0200][316,045s] GC(641) Pause Young (Allocation Failure)
[2019-04-15T13:47:13.886+0200][316,045s] GC(641) Using 4 workers of 4 for evacuation
[2019-04-15T13:47:13.902+0200][316,061s] GC(641) ParNew: 107126K->21824K(109248K)
[2019-04-15T13:47:13.902+0200][316,061s] GC(641) CMS: 124058K->149016K(393216K)
[2019-04-15T13:47:13.902+0200][316,061s] GC(641) Metaspace: 85396K->85396K(1128448K)
[2019-04-15T13:47:13.902+0200][316,061s] GC(641) Pause Young (Allocation Failure) 225M->166M(490M) 16,249ms
[2019-04-15T13:47:13.902+0200][316,061s] GC(641) User=0,04s Sys=0,01s Real=0,01s
[2019-04-15T13:47:13.979+0200][316,137s] GC(642) Pause Young (Allocation Failure)
[2019-04-15T13:47:13.979+0200][316,138s] GC(642) Using 4 workers of 4 for evacuation
[2019-04-15T13:47:13.992+0200][316,151s] GC(642) ParNew: 109248K->21824K(109248K)
[2019-04-15T13:47:13.992+0200][316,151s] GC(642) CMS: 149016K->173414K(393216K)
[2019-04-15T13:47:13.992+0200][316,151s] GC(642) Metaspace: 85396K->85396K(1128448K)
[2019-04-15T13:47:13.992+0200][316,151s] GC(642) Pause Young (Allocation Failure) 252M->190M(490M) 13,442ms
[2019-04-15T13:47:13.992+0200][316,151s] GC(642) User=0,04s Sys=0,00s Real=0,01s
[2019-04-15T13:47:14.091+0200][316,250s] GC(643) Pause Young (Allocation Failure)
[2019-04-15T13:47:14.091+0200][316,250s] GC(643) Using 4 workers of 4 for evacuation
[2019-04-15T13:47:14.098+0200][316,257s] GC(643) ParNew: 109248K->20357K(109248K)
[2019-04-15T13:47:14.098+0200][316,257s] GC(643) CMS: 173414K->173414K(393216K)
[2019-04-15T13:47:14.099+0200][316,257s] GC(643) Metaspace: 85397K->85397K(1128448K)
[2019-04-15T13:47:14.099+0200][316,257s] GC(643) Pause Young (Allocation Failure) 276M->189M(490M) 7,473ms
[2019-04-15T13:47:14.099+0200][316,257s] GC(643) User=0,03s Sys=0,01s Real=0,01s
[2019-04-15T13:47:14.167+0200][316,326s] GC(644) Pause Young (Allocation Failure)
[2019-04-15T13:47:14.167+0200][316,326s] GC(644) Using 4 workers of 4 for evacuation
[2019-04-15T13:47:14.175+0200][316,334s] GC(644) ParNew: 107781K->21056K(109248K)
[2019-04-15T13:47:14.175+0200][316,334s] GC(644) CMS: 173414K->173414K(393216K)
[2019-04-15T13:47:14.175+0200][316,334s] GC(644) Metaspace: 85397K->85397K(1128448K)
[2019-04-15T13:47:14.175+0200][316,334s] GC(644) Pause Young (Allocation Failure) 274M->189M(490M) 7,650ms
[2019-04-15T13:47:14.175+0200][316,334s] GC(644) User=0,02s Sys=0,00s Real=0,01s
[2019-04-15T13:47:14.230+0200][316,389s] GC(645) Pause Young (Allocation Failure)
[2019-04-15T13:47:14.230+0200][316,389s] GC(645) Using 4 workers of 4 for evacuation
[2019-04-15T13:47:14.239+0200][316,398s] GC(645) ParNew: 108480K->21824K(109248K)
[2019-04-15T13:47:14.239+0200][316,398s] GC(645) CMS: 173414K->173719K(393216K)
[2019-04-15T13:47:14.239+0200][316,398s] GC(645) Metaspace: 85397K->85397K(1128448K)
[2019-04-15T13:47:14.239+0200][316,398s] GC(645) Pause Young (Allocation Failure) 275M->190M(490M) 8,935ms
[2019-04-15T13:47:14.239+0200][316,398s] GC(645) User=0,03s Sys=0,00s Real=0,01s
[2019-04-15T13:47:14.295+0200][316,454s] GC(646) Pause Young (Allocation Failure)
[2019-04-15T13:47:14.295+0200][316,454s] GC(646) Using 4 workers of 4 for evacuation
[2019-04-15T13:47:14.304+0200][316,463s] GC(646) ParNew: 109248K->21824K(109248K)
[2019-04-15T13:47:14.304+0200][316,463s] GC(646) CMS: 173719K->173719K(393216K)
[2019-04-15T13:47:14.304+0200][316,463s] GC(646) Metaspace: 85397K->85397K(1128448K)
[2019-04-15T13:47:14.304+0200][316,463s] GC(646) Pause Young (Allocation Failure) 276M->190M(490M) 8,376ms
[2019-04-15T13:47:14.304+0200][316,463s] GC(646) User=0,03s Sys=0,00s Real=0,00s
[2019-04-15T13:47:14.402+0200][316,561s] GC(647) Pause Young (Allocation Failure)
[2019-04-15T13:47:14.402+0200][316,561s] GC(647) Using 4 workers of 4 for evacuation
[2019-04-15T13:47:14.414+0200][316,573s] GC(647) ParNew: 109248K->21824K(109248K)
[2019-04-15T13:47:14.414+0200][316,573s] GC(647) CMS: 173719K->176665K(393216K)
[2019-04-15T13:47:14.414+0200][316,573s] GC(647) Metaspace: 85397K->85397K(1128448K)
[2019-04-15T13:47:14.414+0200][316,573s] GC(647) Pause Young (Allocation Failure) 276M->193M(490M) 11,837ms
[2019-04-15T13:47:14.414+0200][316,573s] GC(647) User=0,05s Sys=0,00s Real=0,02s
[2019-04-15T13:47:14.477+0200][316,636s] GC(648) Pause Young (Allocation Failure)
[2019-04-15T13:47:14.477+0200][316,636s] GC(648) Using 4 workers of 4 for evacuation
[2019-04-15T13:47:14.490+0200][316,649s] GC(648) ParNew: 109248K->21824K(109248K)
[2019-04-15T13:47:14.490+0200][316,649s] GC(648) CMS: 176665K->183371K(393216K)
[2019-04-15T13:47:14.490+0200][316,649s] GC(648) Metaspace: 85397K->85397K(1128448K)
[2019-04-15T13:47:14.490+0200][316,649s] GC(648) Pause Young (Allocation Failure) 279M->200M(490M) 12,941ms
[2019-04-15T13:47:14.490+0200][316,649s] GC(648) User=0,04s Sys=0,00s Real=0,01s
[2019-04-15T13:47:14.549+0200][316,708s] GC(649) Pause Young (Allocation Failure)
[2019-04-15T13:47:14.549+0200][316,708s] GC(649) Using 4 workers of 4 for evacuation
[2019-04-15T13:47:14.557+0200][316,716s] GC(649) ParNew: 109248K->20780K(109248K)
[2019-04-15T13:47:14.557+0200][316,716s] GC(649) CMS: 183371K->183371K(393216K)
[2019-04-15T13:47:14.558+0200][316,716s] GC(649) Metaspace: 85397K->85397K(1128448K)
[2019-04-15T13:47:14.558+0200][316,716s] GC(649) Pause Young (Allocation Failure) 285M->199M(490M) 8,373ms
[2019-04-15T13:47:14.558+0200][316,716s] GC(649) User=0,03s Sys=0,00s Real=0,01s
[2019-04-15T13:47:14.619+0200][316,778s] GC(650) Pause Young (Allocation Failure)
[2019-04-15T13:47:14.619+0200][316,778s] GC(650) Using 4 workers of 4 for evacuation
[2019-04-15T13:47:14.626+0200][316,785s] GC(650) ParNew: 108204K->20556K(109248K)
[2019-04-15T13:47:14.626+0200][316,785s] GC(650) CMS: 183371K->183371K(393216K)
[2019-04-15T13:47:14.626+0200][316,785s] GC(650) Metaspace: 85397K->85397K(1128448K)
[2019-04-15T13:47:14.626+0200][316,785s] GC(650) Pause Young (Allocation Failure) 284M->199M(490M) 7,312ms
[2019-04-15T13:47:14.626+0200][316,785s] GC(650) User=0,03s Sys=0,00s Real=0,01s
[2019-04-15T13:47:14.689+0200][316,848s] GC(651) Pause Young (Allocation Failure)
[2019-04-15T13:47:14.690+0200][316,848s] GC(651) Using 4 workers of 4 for evacuation
[2019-04-15T13:47:14.703+0200][316,861s] GC(651) ParNew: 107980K->20741K(109248K)
[2019-04-15T13:47:14.703+0200][316,862s] GC(651) CMS: 183371K->183371K(393216K)
[2019-04-15T13:47:14.703+0200][316,862s] GC(651) Metaspace: 85397K->85397K(1128448K)
[2019-04-15T13:47:14.703+0200][316,862s] GC(651) Pause Young (Allocation Failure) 284M->199M(490M) 13,112ms
[2019-04-15T13:47:14.703+0200][316,862s] GC(651) User=0,05s Sys=0,00s Real=0,01s
[2019-04-15T13:47:14.761+0200][316,920s] GC(652) Pause Young (Allocation Failure)
[2019-04-15T13:47:14.761+0200][316,920s] GC(652) Using 4 workers of 4 for evacuation
[2019-04-15T13:47:14.773+0200][316,932s] GC(652) ParNew: 108165K->11422K(109248K)
[2019-04-15T13:47:14.773+0200][316,932s] GC(652) CMS: 183371K->191988K(393216K)
[2019-04-15T13:47:14.773+0200][316,932s] GC(652) Metaspace: 85397K->85397K(1128448K)
[2019-04-15T13:47:14.774+0200][316,932s] GC(652) Pause Young (Allocation Failure) 284M->198M(490M) 12,459ms
[2019-04-15T13:47:14.774+0200][316,932s] GC(652) User=0,04s Sys=0,00s Real=0,02s
[2019-04-15T13:47:14.831+0200][316,990s] GC(653) Pause Young (Allocation Failure)
[2019-04-15T13:47:14.831+0200][316,990s] GC(653) Using 4 workers of 4 for evacuation
[2019-04-15T13:47:14.839+0200][316,998s] GC(653) ParNew: 97682K->8237K(109248K)
[2019-04-15T13:47:14.840+0200][316,998s] GC(653) CMS: 191988K->192091K(393216K)
[2019-04-15T13:47:14.840+0200][316,998s] GC(653) Metaspace: 85397K->85397K(1128448K)
[2019-04-15T13:47:14.840+0200][316,998s] GC(653) Pause Young (Allocation Failure) 282M->195M(490M) 8,155ms
[2019-04-15T13:47:14.840+0200][316,998s] GC(653) User=0,03s Sys=0,00s Real=0,01s
[2019-04-15T13:47:14.900+0200][317,059s] GC(654) Pause Young (Allocation Failure)
[2019-04-15T13:47:14.900+0200][317,059s] GC(654) Using 4 workers of 4 for evacuation
[2019-04-15T13:47:14.909+0200][317,068s] GC(654) ParNew: 95661K->13101K(109248K)
[2019-04-15T13:47:14.909+0200][317,068s] GC(654) CMS: 192091K->192132K(393216K)
[2019-04-15T13:47:14.909+0200][317,068s] GC(654) Metaspace: 85404K->85404K(1128448K)
[2019-04-15T13:47:14.909+0200][317,068s] GC(654) Pause Young (Allocation Failure) 281M->200M(490M) 8,417ms
[2019-04-15T13:47:14.909+0200][317,068s] GC(654) User=0,03s Sys=0,00s Real=0,01s
[2019-04-15T13:47:14.969+0200][317,128s] GC(655) Pause Young (Allocation Failure)
[2019-04-15T13:47:14.970+0200][317,128s] GC(655) Using 4 workers of 4 for evacuation
[2019-04-15T13:47:14.980+0200][317,139s] GC(655) ParNew: 100525K->5805K(109248K)
[2019-04-15T13:47:14.980+0200][317,139s] GC(655) CMS: 192132K->196654K(393216K)
[2019-04-15T13:47:14.980+0200][317,139s] GC(655) Metaspace: 85404K->85404K(1128448K)
[2019-04-15T13:47:14.980+0200][317,139s] GC(655) Pause Young (Allocation Failure) 285M->197M(490M) 10,844ms
[2019-04-15T13:47:14.980+0200][317,139s] GC(655) User=0,04s Sys=0,00s Real=0,01s
[2019-04-15T13:47:14.981+0200][317,139s] GC(656) Pause Initial Mark
[2019-04-15T13:47:14.981+0200][317,140s] GC(656) Pause Initial Mark 199M->199M(490M) 0,777ms
[2019-04-15T13:47:14.981+0200][317,140s] GC(656) User=0,00s Sys=0,00s Real=0,00s
[2019-04-15T13:47:14.981+0200][317,140s] GC(656) Concurrent Mark
[2019-04-15T13:47:14.981+0200][317,140s] GC(656) Using 4 workers of 4 for marking
[2019-04-15T13:47:15.039+0200][317,198s] GC(656) Concurrent Mark 58,043ms
[2019-04-15T13:47:15.039+0200][317,198s] GC(656) User=0,21s Sys=0,00s Real=0,06s
[2019-04-15T13:47:15.039+0200][317,198s] GC(656) Concurrent Preclean
[2019-04-15T13:47:15.040+0200][317,199s] GC(656) Concurrent Preclean 0,761ms
[2019-04-15T13:47:15.040+0200][317,199s] GC(656) User=0,00s Sys=0,00s Real=0,00s
[2019-04-15T13:47:15.040+0200][317,199s] GC(656) Concurrent Abortable Preclean
[2019-04-15T13:47:15.071+0200][317,230s] GC(657) Pause Young (Allocation Failure)
[2019-04-15T13:47:15.071+0200][317,230s] GC(657) Using 4 workers of 4 for evacuation
[2019-04-15T13:47:15.077+0200][317,236s] GC(657) ParNew: 93229K->5066K(109248K)
[2019-04-15T13:47:15.077+0200][317,236s] GC(657) CMS: 196654K->196765K(393216K)
[2019-04-15T13:47:15.077+0200][317,236s] GC(657) Metaspace: 85404K->85404K(1128448K)
[2019-04-15T13:47:15.077+0200][317,236s] GC(657) Pause Young (Allocation Failure) 283M->197M(490M) 5,887ms
[2019-04-15T13:47:15.077+0200][317,236s] GC(657) User=0,02s Sys=0,00s Real=0,01s
[2019-04-15T13:47:15.135+0200][317,294s] GC(658) Pause Young (Allocation Failure)
[2019-04-15T13:47:15.135+0200][317,294s] GC(658) Using 4 workers of 4 for evacuation
[2019-04-15T13:47:15.143+0200][317,301s] GC(658) ParNew: 92490K->5390K(109248K)
[2019-04-15T13:47:15.143+0200][317,301s] GC(658) CMS: 196765K->196815K(393216K)
[2019-04-15T13:47:15.143+0200][317,301s] GC(658) Metaspace: 85404K->85404K(1128448K)
[2019-04-15T13:47:15.143+0200][317,302s] GC(658) Pause Young (Allocation Failure) 282M->197M(490M) 7,145ms
[2019-04-15T13:47:15.143+0200][317,302s] GC(658) User=0,03s Sys=0,00s Real=0,00s
[2019-04-15T13:47:15.201+0200][317,360s] GC(659) Pause Young (Allocation Failure)
[2019-04-15T13:47:15.201+0200][317,360s] GC(659) Using 4 workers of 4 for evacuation
[2019-04-15T13:47:15.209+0200][317,367s] GC(659) ParNew: 92814K->4561K(109248K)
[2019-04-15T13:47:15.209+0200][317,367s] GC(659) CMS: 196815K->197260K(393216K)
[2019-04-15T13:47:15.209+0200][317,367s] GC(659) Metaspace: 85404K->85404K(1128448K)
[2019-04-15T13:47:15.209+0200][317,368s] GC(659) Pause Young (Allocation Failure) 282M->197M(490M) 7,928ms
[2019-04-15T13:47:15.209+0200][317,368s] GC(659) User=0,02s Sys=0,00s Real=0,01s
[2019-04-15T13:47:15.266+0200][317,425s] GC(660) Pause Young (Allocation Failure)
[2019-04-15T13:47:15.266+0200][317,425s] GC(660) Using 4 workers of 4 for evacuation
[2019-04-15T13:47:15.275+0200][317,433s] GC(660) ParNew: 91985K->4291K(109248K)
[2019-04-15T13:47:15.275+0200][317,434s] GC(660) CMS: 197260K->197340K(393216K)
[2019-04-15T13:47:15.275+0200][317,434s] GC(660) Metaspace: 85405K->85405K(1128448K)
[2019-04-15T13:47:15.275+0200][317,434s] GC(660) Pause Young (Allocation Failure) 282M->196M(490M) 8,383ms
[2019-04-15T13:47:15.275+0200][317,434s] GC(660) User=0,02s Sys=0,00s Real=0,01s
[2019-04-15T13:47:15.343+0200][317,502s] GC(661) Pause Young (Allocation Failure)
[2019-04-15T13:47:15.343+0200][317,502s] GC(661) Using 4 workers of 4 for evacuation
[2019-04-15T13:47:15.351+0200][317,510s] GC(661) ParNew: 91715K->4439K(109248K)
[2019-04-15T13:47:15.351+0200][317,510s] GC(661) CMS: 197340K->197622K(393216K)
[2019-04-15T13:47:15.351+0200][317,510s] GC(661) Metaspace: 85405K->85405K(1128448K)
[2019-04-15T13:47:15.351+0200][317,510s] GC(661) Pause Young (Allocation Failure) 282M->197M(490M) 8,678ms
[2019-04-15T13:47:15.351+0200][317,510s] GC(661) User=0,03s Sys=0,00s Real=0,01s
[2019-04-15T13:47:15.408+0200][317,567s] GC(662) Pause Young (Allocation Failure)
[2019-04-15T13:47:15.408+0200][317,567s] GC(662) Using 4 workers of 4 for evacuation
[2019-04-15T13:47:15.416+0200][317,575s] GC(662) ParNew: 91863K->4729K(109248K)
[2019-04-15T13:47:15.416+0200][317,575s] GC(662) CMS: 197622K->197817K(393216K)
[2019-04-15T13:47:15.416+0200][317,575s] GC(662) Metaspace: 85405K->85405K(1128448K)
[2019-04-15T13:47:15.416+0200][317,575s] GC(662) Pause Young (Allocation Failure) 282M->197M(490M) 8,765ms
[2019-04-15T13:47:15.416+0200][317,575s] GC(662) User=0,03s Sys=0,00s Real=0,01s
[2019-04-15T13:47:15.481+0200][317,639s] GC(663) Pause Young (Allocation Failure)
[2019-04-15T13:47:15.481+0200][317,640s] GC(663) Using 4 workers of 4 for evacuation
[2019-04-15T13:47:15.492+0200][317,650s] GC(663) ParNew: 92153K->1746K(109248K)
[2019-04-15T13:47:15.492+0200][317,650s] GC(663) CMS: 197817K->200105K(393216K)
[2019-04-15T13:47:15.492+0200][317,650s] GC(663) Metaspace: 85405K->85405K(1128448K)
[2019-04-15T13:47:15.492+0200][317,651s] GC(663) Pause Young (Allocation Failure) 283M->197M(490M) 11,011ms
[2019-04-15T13:47:15.492+0200][317,651s] GC(663) User=0,02s Sys=0,00s Real=0,01s
[2019-04-15T13:47:15.610+0200][317,769s] GC(656) Concurrent Abortable Preclean 569,443ms
[2019-04-15T13:47:15.610+0200][317,769s] GC(656) User=0,83s Sys=0,00s Real=0,57s
[2019-04-15T13:47:15.610+0200][317,769s] GC(656) Pause Remark
[2019-04-15T13:47:15.610+0200][317,769s] GC(664) Pause Young (CMS Final Remark)
[2019-04-15T13:47:15.610+0200][317,769s] GC(664) Using 4 workers of 4 for evacuation
[2019-04-15T13:47:15.620+0200][317,778s] GC(664) ParNew: 83927K->16478K(109248K)
[2019-04-15T13:47:15.620+0200][317,778s] GC(664) CMS: 200105K->200227K(393216K)
[2019-04-15T13:47:15.620+0200][317,779s] GC(664) Metaspace: 85405K->85405K(1128448K)
[2019-04-15T13:47:15.620+0200][317,779s] GC(664) Pause Young (CMS Final Remark) 277M->211M(490M) 9,715ms
[2019-04-15T13:47:15.620+0200][317,779s] GC(664) User=0,04s Sys=0,00s Real=0,01s
[2019-04-15T13:47:15.653+0200][317,812s] GC(656) Pause Remark 277M->211M(490M) 43,374ms
[2019-04-15T13:47:15.653+0200][317,812s] GC(656) User=0,08s Sys=0,00s Real=0,05s
[2019-04-15T13:47:15.653+0200][317,812s] GC(656) Concurrent Sweep
[2019-04-15T13:47:15.691+0200][317,850s] GC(656) Concurrent Sweep 37,733ms
[2019-04-15T13:47:15.691+0200][317,850s] GC(656) User=0,08s Sys=0,00s Real=0,03s
[2019-04-15T13:47:15.691+0200][317,850s] GC(656) Concurrent Reset
[2019-04-15T13:47:15.691+0200][317,850s] GC(656) Concurrent Reset 0,363ms
[2019-04-15T13:47:15.692+0200][317,850s] GC(656) User=0,00s Sys=0,00s Real=0,00s
[2019-04-15T13:47:15.692+0200][317,850s] GC(656) Old: 196654K->187231K(393216K)
[2019-04-15T13:47:15.717+0200][317,876s] GC(665) Pause Young (Allocation Failure)
[2019-04-15T13:47:15.717+0200][317,876s] GC(665) Using 4 workers of 4 for evacuation
[2019-04-15T13:47:15.725+0200][317,884s] GC(665) ParNew: 103902K->19541K(109248K)
[2019-04-15T13:47:15.725+0200][317,884s] GC(665) CMS: 187231K->187398K(393216K)
[2019-04-15T13:47:15.725+0200][317,884s] GC(665) Metaspace: 85406K->85406K(1128448K)
[2019-04-15T13:47:15.725+0200][317,884s] GC(665) Pause Young (Allocation Failure) 284M->202M(490M) 7,633ms
[2019-04-15T13:47:15.725+0200][317,884s] GC(665) User=0,02s Sys=0,00s Real=0,01s
[2019-04-15T13:47:15.783+0200][317,942s] GC(666) Pause Young (Allocation Failure)
[2019-04-15T13:47:15.783+0200][317,942s] GC(666) Using 4 workers of 4 for evacuation
[2019-04-15T13:47:15.791+0200][317,950s] GC(666) ParNew: 106965K->20148K(109248K)
[2019-04-15T13:47:15.791+0200][317,950s] GC(666) CMS: 187398K->187401K(393216K)
[2019-04-15T13:47:15.791+0200][317,950s] GC(666) Metaspace: 85406K->85406K(1128448K)
[2019-04-15T13:47:15.791+0200][317,950s] GC(666) Pause Young (Allocation Failure) 287M->202M(490M) 8,721ms
[2019-04-15T13:47:15.791+0200][317,950s] GC(666) User=0,03s Sys=0,00s Real=0,01s
[2019-04-15T13:47:15.844+0200][318,003s] GC(667) Pause Young (Allocation Failure)
[2019-04-15T13:47:15.844+0200][318,003s] GC(667) Using 4 workers of 4 for evacuation
[2019-04-15T13:47:15.853+0200][318,012s] GC(667) ParNew: 107572K->21824K(109248K)
[2019-04-15T13:47:15.853+0200][318,012s] GC(667) CMS: 187401K->187492K(393216K)
[2019-04-15T13:47:15.853+0200][318,012s] GC(667) Metaspace: 85406K->85406K(1128448K)
[2019-04-15T13:47:15.853+0200][318,012s] GC(667) Pause Young (Allocation Failure) 288M->204M(490M) 9,043ms
[2019-04-15T13:47:15.853+0200][318,012s] GC(667) User=0,03s Sys=0,00s Real=0,02s
[2019-04-15T13:47:15.910+0200][318,069s] GC(668) Pause Young (Allocation Failure)
[2019-04-15T13:47:15.911+0200][318,069s] GC(668) Using 4 workers of 4 for evacuation
[2019-04-15T13:47:15.920+0200][318,078s] GC(668) ParNew: 109248K->21824K(109248K)
[2019-04-15T13:47:15.920+0200][318,078s] GC(668) CMS: 187492K->188460K(393216K)
[2019-04-15T13:47:15.920+0200][318,078s] GC(668) Metaspace: 85406K->85406K(1128448K)
[2019-04-15T13:47:15.920+0200][318,078s] GC(668) Pause Young (Allocation Failure) 289M->205M(490M) 9,066ms
[2019-04-15T13:47:15.920+0200][318,079s] GC(668) User=0,03s Sys=0,00s Real=0,01s
[2019-04-15T13:47:16.261+0200][318,420s] GC(669) Pause Young (Allocation Failure)
[2019-04-15T13:47:16.261+0200][318,420s] GC(669) Using 4 workers of 4 for evacuation
[2019-04-15T13:47:16.287+0200][318,446s] GC(669) ParNew: 109248K->21824K(109248K)
[2019-04-15T13:47:16.287+0200][318,446s] GC(669) CMS: 188460K->242882K(393216K)
[2019-04-15T13:47:16.287+0200][318,446s] GC(669) Metaspace: 85406K->85406K(1128448K)
[2019-04-15T13:47:16.287+0200][318,446s] GC(669) Pause Young (Allocation Failure) 290M->258M(490M) 26,063ms
[2019-04-15T13:47:16.287+0200][318,446s] GC(669) User=0,08s Sys=0,00s Real=0,03s
[2019-04-15T13:47:16.289+0200][318,448s] GC(670) Pause Initial Mark
[2019-04-15T13:47:16.291+0200][318,450s] GC(670) Pause Initial Mark 264M->264M(490M) 2,170ms
[2019-04-15T13:47:16.291+0200][318,450s] GC(670) User=0,01s Sys=0,00s Real=0,00s
[2019-04-15T13:47:16.291+0200][318,450s] GC(670) Concurrent Mark
[2019-04-15T13:47:16.291+0200][318,450s] GC(670) Using 4 workers of 4 for marking
[2019-04-15T13:47:16.336+0200][318,494s] GC(670) Concurrent Mark 44,149ms
[2019-04-15T13:47:16.336+0200][318,495s] GC(670) User=0,17s Sys=0,01s Real=0,05s
[2019-04-15T13:47:16.336+0200][318,495s] GC(670) Concurrent Preclean
[2019-04-15T13:47:16.336+0200][318,495s] GC(670) Concurrent Preclean 0,777ms
[2019-04-15T13:47:16.336+0200][318,495s] GC(670) User=0,00s Sys=0,00s Real=0,00s
[2019-04-15T13:47:16.336+0200][318,495s] GC(670) Concurrent Abortable Preclean
[2019-04-15T13:47:16.374+0200][318,533s] GC(671) Pause Young (Allocation Failure)
[2019-04-15T13:47:16.374+0200][318,533s] GC(671) Using 4 workers of 4 for evacuation
[2019-04-15T13:47:16.401+0200][318,560s] GC(671) ParNew: 109248K->21824K(109248K)
[2019-04-15T13:47:16.401+0200][318,560s] GC(671) CMS: 242882K->297167K(393216K)
[2019-04-15T13:47:16.401+0200][318,560s] GC(671) Metaspace: 85406K->85406K(1128448K)
[2019-04-15T13:47:16.401+0200][318,560s] GC(671) Pause Young (Allocation Failure) 343M->311M(490M) 27,205ms
[2019-04-15T13:47:16.401+0200][318,560s] GC(671) User=0,10s Sys=0,00s Real=0,02s
[2019-04-15T13:47:16.515+0200][318,674s] GC(670) Concurrent Abortable Preclean 178,573ms
[2019-04-15T13:47:16.515+0200][318,674s] GC(670) User=0,53s Sys=0,00s Real=0,18s
[2019-04-15T13:47:16.517+0200][318,676s] GC(670) Pause Remark
[2019-04-15T13:47:16.517+0200][318,676s] GC(672) Pause Young (CMS Final Remark)
[2019-04-15T13:47:16.517+0200][318,676s] GC(672) Using 4 workers of 4 for evacuation
[2019-04-15T13:47:16.557+0200][318,716s] GC(672) ParNew: 97186K->21824K(109248K)
[2019-04-15T13:47:16.557+0200][318,716s] GC(672) CMS: 297167K->320886K(393216K)
[2019-04-15T13:47:16.557+0200][318,716s] GC(672) Metaspace: 85406K->85406K(1128448K)
[2019-04-15T13:47:16.558+0200][318,716s] GC(672) Pause Young (CMS Final Remark) 385M->334M(490M) 40,265ms
[2019-04-15T13:47:16.558+0200][318,716s] GC(672) User=0,15s Sys=0,00s Real=0,04s
[2019-04-15T13:47:16.608+0200][318,767s] GC(670) Pause Remark 385M->334M(490M) 90,645ms
[2019-04-15T13:47:16.608+0200][318,767s] GC(670) User=0,25s Sys=0,00s Real=0,09s
[2019-04-15T13:47:16.608+0200][318,767s] GC(670) Concurrent Sweep
[2019-04-15T13:47:16.675+0200][318,833s] GC(670) Concurrent Sweep 66,581ms
[2019-04-15T13:47:16.675+0200][318,834s] GC(670) User=0,23s Sys=0,00s Real=0,07s
[2019-04-15T13:47:16.675+0200][318,834s] GC(670) Concurrent Reset
[2019-04-15T13:47:16.675+0200][318,834s] GC(670) Concurrent Reset 0,478ms
[2019-04-15T13:47:16.675+0200][318,834s] GC(670) User=0,00s Sys=0,00s Real=0,00s
[2019-04-15T13:47:16.675+0200][318,834s] GC(670) Old: 242882K->260885K(393216K)
[2019-04-15T13:47:16.719+0200][318,878s] GC(673) Pause Young (Allocation Failure)
[2019-04-15T13:47:16.720+0200][318,878s] GC(673) Using 4 workers of 4 for evacuation
[2019-04-15T13:47:16.736+0200][318,895s] GC(673) ParNew: 109248K->21824K(109248K)
[2019-04-15T13:47:16.736+0200][318,895s] GC(673) CMS: 260885K->270883K(393216K)
[2019-04-15T13:47:16.736+0200][318,895s] GC(673) Metaspace: 85411K->85411K(1128448K)
[2019-04-15T13:47:16.736+0200][318,895s] GC(673) Pause Young (Allocation Failure) 361M->285M(490M) 16,846ms
[2019-04-15T13:47:16.736+0200][318,895s] GC(673) User=0,06s Sys=0,00s Real=0,02s
[2019-04-15T13:47:16.741+0200][318,900s] GC(674) Pause Initial Mark
[2019-04-15T13:47:16.745+0200][318,904s] GC(674) Pause Initial Mark 289M->289M(490M) 3,539ms
[2019-04-15T13:47:16.745+0200][318,904s] GC(674) User=0,01s Sys=0,00s Real=0,00s
[2019-04-15T13:47:16.745+0200][318,904s] GC(674) Concurrent Mark
[2019-04-15T13:47:16.745+0200][318,904s] GC(674) Using 4 workers of 4 for marking
[2019-04-15T13:47:16.817+0200][318,976s] GC(674) Concurrent Mark 72,568ms
[2019-04-15T13:47:16.817+0200][318,976s] GC(674) User=0,28s Sys=0,00s Real=0,08s
[2019-04-15T13:47:16.817+0200][318,976s] GC(674) Concurrent Preclean
[2019-04-15T13:47:16.819+0200][318,977s] GC(674) Concurrent Preclean 1,170ms
[2019-04-15T13:47:16.819+0200][318,978s] GC(674) User=0,00s Sys=0,00s Real=0,00s
[2019-04-15T13:47:16.819+0200][318,978s] GC(674) Concurrent Abortable Preclean
[2019-04-15T13:47:16.863+0200][319,022s] GC(675) Pause Young (Allocation Failure)
[2019-04-15T13:47:16.863+0200][319,022s] GC(675) Using 4 workers of 4 for evacuation
[2019-04-15T13:47:16.878+0200][319,037s] GC(675) ParNew: 109248K->19945K(109248K)
[2019-04-15T13:47:16.878+0200][319,037s] GC(675) CMS: 270883K->270883K(393216K)
[2019-04-15T13:47:16.878+0200][319,037s] GC(675) Metaspace: 85425K->85425K(1128448K)
[2019-04-15T13:47:16.878+0200][319,037s] GC(675) Pause Young (Allocation Failure) 371M->284M(490M) 15,533ms
[2019-04-15T13:47:16.878+0200][319,037s] GC(675) User=0,05s Sys=0,00s Real=0,02s
[2019-04-15T13:47:16.978+0200][319,137s] GC(676) Pause Young (Allocation Failure)
[2019-04-15T13:47:16.978+0200][319,137s] GC(676) Using 4 workers of 4 for evacuation
[2019-04-15T13:47:16.989+0200][319,148s] GC(676) ParNew: 107369K->21824K(109248K)
[2019-04-15T13:47:16.989+0200][319,148s] GC(676) CMS: 270883K->271318K(393216K)
[2019-04-15T13:47:16.989+0200][319,148s] GC(676) Metaspace: 85426K->85426K(1128448K)
[2019-04-15T13:47:16.989+0200][319,148s] GC(676) Pause Young (Allocation Failure) 369M->286M(490M) 10,774ms
[2019-04-15T13:47:16.989+0200][319,148s] GC(676) User=0,03s Sys=0,00s Real=0,01s
[2019-04-15T13:47:16.989+0200][319,148s] GC(674) Concurrent Abortable Preclean 170,280ms
[2019-04-15T13:47:16.989+0200][319,148s] GC(674) User=0,60s Sys=0,00s Real=0,17s
[2019-04-15T13:47:16.993+0200][319,152s] GC(674) Pause Remark
[2019-04-15T13:47:16.993+0200][319,152s] GC(677) Pause Young (CMS Final Remark)
[2019-04-15T13:47:16.993+0200][319,152s] GC(677) Using 4 workers of 4 for evacuation
[2019-04-15T13:47:17.006+0200][319,165s] GC(677) ParNew: 25833K->21824K(109248K)
[2019-04-15T13:47:17.007+0200][319,165s] GC(677) CMS: 271318K->272022K(393216K)
[2019-04-15T13:47:17.007+0200][319,165s] GC(677) Metaspace: 85426K->85426K(1128448K)
[2019-04-15T13:47:17.007+0200][319,165s] GC(677) Pause Young (CMS Final Remark) 290M->286M(490M) 13,319ms
[2019-04-15T13:47:17.007+0200][319,165s] GC(677) User=0,05s Sys=0,00s Real=0,01s
[2019-04-15T13:47:17.046+0200][319,205s] GC(674) Pause Remark 290M->286M(490M) 52,484ms
[2019-04-15T13:47:17.046+0200][319,205s] GC(674) User=0,11s Sys=0,00s Real=0,05s
[2019-04-15T13:47:17.046+0200][319,205s] GC(674) Concurrent Sweep
[2019-04-15T13:47:17.142+0200][319,301s] GC(674) Concurrent Sweep 96,708ms
[2019-04-15T13:47:17.143+0200][319,301s] GC(674) User=0,34s Sys=0,00s Real=0,09s
[2019-04-15T13:47:17.143+0200][319,302s] GC(674) Concurrent Reset
[2019-04-15T13:47:17.143+0200][319,302s] GC(674) Concurrent Reset 0,463ms
[2019-04-15T13:47:17.143+0200][319,302s] GC(674) User=0,00s Sys=0,00s Real=0,00s
[2019-04-15T13:47:17.143+0200][319,302s] GC(674) Old: 270883K->251363K(393216K)
[2019-04-15T13:47:17.152+0200][319,311s] GC(678) Pause Young (Allocation Failure)
[2019-04-15T13:47:17.152+0200][319,311s] GC(678) Using 4 workers of 4 for evacuation
[2019-04-15T13:47:17.166+0200][319,325s] GC(678) ParNew: 109248K->21824K(109248K)
[2019-04-15T13:47:17.166+0200][319,325s] GC(678) CMS: 251363K->252472K(393216K)
[2019-04-15T13:47:17.166+0200][319,325s] GC(678) Metaspace: 85429K->85429K(1128448K)
[2019-04-15T13:47:17.166+0200][319,325s] GC(678) Pause Young (Allocation Failure) 352M->267M(490M) 14,138ms
[2019-04-15T13:47:17.166+0200][319,325s] GC(678) User=0,06s Sys=0,00s Real=0,02s
[2019-04-15T13:47:17.167+0200][319,326s] GC(679) Pause Initial Mark
[2019-04-15T13:47:17.172+0200][319,331s] GC(679) Pause Initial Mark 269M->269M(490M) 5,341ms
[2019-04-15T13:47:17.172+0200][319,331s] GC(679) User=0,01s Sys=0,00s Real=0,00s
[2019-04-15T13:47:17.172+0200][319,331s] GC(679) Concurrent Mark
[2019-04-15T13:47:17.172+0200][319,331s] GC(679) Using 4 workers of 4 for marking
[2019-04-15T13:47:17.266+0200][319,425s] GC(679) Concurrent Mark 93,668ms
[2019-04-15T13:47:17.266+0200][319,425s] GC(679) User=0,35s Sys=0,01s Real=0,10s
[2019-04-15T13:47:17.266+0200][319,425s] GC(679) Concurrent Preclean
[2019-04-15T13:47:17.267+0200][319,426s] GC(679) Concurrent Preclean 1,284ms
[2019-04-15T13:47:17.267+0200][319,426s] GC(679) User=0,00s Sys=0,00s Real=0,00s
[2019-04-15T13:47:17.267+0200][319,426s] GC(679) Concurrent Abortable Preclean
[2019-04-15T13:47:17.341+0200][319,500s] GC(680) Pause Young (Allocation Failure)
[2019-04-15T13:47:17.341+0200][319,500s] GC(680) Using 4 workers of 4 for evacuation
[2019-04-15T13:47:17.363+0200][319,522s] GC(680) ParNew: 109248K->20165K(109248K)
[2019-04-15T13:47:17.363+0200][319,522s] GC(680) CMS: 252472K->264129K(393216K)
[2019-04-15T13:47:17.363+0200][319,522s] GC(680) Metaspace: 85440K->85440K(1128448K)
[2019-04-15T13:47:17.363+0200][319,522s] GC(680) Pause Young (Allocation Failure) 353M->277M(490M) 22,226ms
[2019-04-15T13:47:17.363+0200][319,522s] GC(680) User=0,07s Sys=0,00s Real=0,02s
[2019-04-15T13:47:17.452+0200][319,611s] GC(681) Pause Young (Allocation Failure)
[2019-04-15T13:47:17.452+0200][319,611s] GC(681) Using 4 workers of 4 for evacuation
[2019-04-15T13:47:17.475+0200][319,634s] GC(681) ParNew: 107589K->21824K(109248K)
[2019-04-15T13:47:17.475+0200][319,634s] GC(681) CMS: 264129K->264129K(393216K)
[2019-04-15T13:47:17.475+0200][319,634s] GC(681) Metaspace: 85440K->85440K(1128448K)
[2019-04-15T13:47:17.475+0200][319,634s] GC(681) Pause Young (Allocation Failure) 363M->279M(490M) 22,838ms
[2019-04-15T13:47:17.475+0200][319,634s] GC(681) User=0,07s Sys=0,00s Real=0,03s
[2019-04-15T13:47:17.477+0200][319,636s] GC(679) Concurrent Abortable Preclean 209,597ms
[2019-04-15T13:47:17.477+0200][319,636s] GC(679) User=0,69s Sys=0,00s Real=0,21s
[2019-04-15T13:47:17.477+0200][319,636s] GC(679) Pause Remark
[2019-04-15T13:47:17.477+0200][319,636s] GC(682) Pause Young (CMS Final Remark)
[2019-04-15T13:47:17.477+0200][319,636s] GC(682) Using 4 workers of 4 for evacuation
[2019-04-15T13:47:17.499+0200][319,658s] GC(682) ParNew: 24873K->21824K(109248K)
[2019-04-15T13:47:17.499+0200][319,658s] GC(682) CMS: 264129K->264129K(393216K)
[2019-04-15T13:47:17.499+0200][319,658s] GC(682) Metaspace: 85440K->85440K(1128448K)
[2019-04-15T13:47:17.499+0200][319,658s] GC(682) Pause Young (CMS Final Remark) 282M->279M(490M) 21,531ms
[2019-04-15T13:47:17.499+0200][319,658s] GC(682) User=0,07s Sys=0,00s Real=0,02s
[2019-04-15T13:47:17.536+0200][319,695s] GC(679) Pause Remark 282M->279M(490M) 58,606ms
[2019-04-15T13:47:17.536+0200][319,695s] GC(679) User=0,13s Sys=0,00s Real=0,06s
[2019-04-15T13:47:17.536+0200][319,695s] GC(679) Concurrent Sweep
[2019-04-15T13:47:17.577+0200][319,736s] GC(679) Concurrent Sweep 40,864ms
[2019-04-15T13:47:17.577+0200][319,736s] GC(679) User=0,08s Sys=0,00s Real=0,04s
[2019-04-15T13:47:17.577+0200][319,736s] GC(679) Concurrent Reset
[2019-04-15T13:47:17.577+0200][319,736s] GC(679) Concurrent Reset 0,382ms
[2019-04-15T13:47:17.577+0200][319,736s] GC(679) User=0,01s Sys=0,00s Real=0,00s
[2019-04-15T13:47:17.577+0200][319,736s] GC(679) Old: 252472K->248065K(393216K)
[2019-04-15T13:47:17.618+0200][319,777s] GC(683) Pause Young (Allocation Failure)
[2019-04-15T13:47:17.618+0200][319,777s] GC(683) Using 4 workers of 4 for evacuation
[2019-04-15T13:47:17.631+0200][319,790s] GC(683) ParNew: 109248K->21824K(109248K)
[2019-04-15T13:47:17.631+0200][319,790s] GC(683) CMS: 248065K->250287K(393216K)
[2019-04-15T13:47:17.631+0200][319,790s] GC(683) Metaspace: 85440K->85440K(1128448K)
[2019-04-15T13:47:17.631+0200][319,790s] GC(683) Pause Young (Allocation Failure) 348M->265M(490M) 12,769ms
[2019-04-15T13:47:17.631+0200][319,790s] GC(683) User=0,04s Sys=0,00s Real=0,01s
[2019-04-15T13:47:17.631+0200][319,790s] GC(684) Pause Initial Mark
[2019-04-15T13:47:17.635+0200][319,794s] GC(684) Pause Initial Mark 267M->267M(490M) 3,747ms
[2019-04-15T13:47:17.635+0200][319,794s] GC(684) User=0,01s Sys=0,00s Real=0,01s
[2019-04-15T13:47:17.635+0200][319,794s] GC(684) Concurrent Mark
[2019-04-15T13:47:17.635+0200][319,794s] GC(684) Using 4 workers of 4 for marking
[2019-04-15T13:47:17.702+0200][319,861s] GC(684) Concurrent Mark 66,584ms
[2019-04-15T13:47:17.702+0200][319,861s] GC(684) User=0,25s Sys=0,00s Real=0,06s
[2019-04-15T13:47:17.702+0200][319,861s] GC(684) Concurrent Preclean
[2019-04-15T13:47:17.703+0200][319,862s] GC(684) Concurrent Preclean 0,843ms
[2019-04-15T13:47:17.703+0200][319,862s] GC(684) User=0,00s Sys=0,00s Real=0,00s
[2019-04-15T13:47:17.703+0200][319,862s] GC(684) Concurrent Abortable Preclean
[2019-04-15T13:47:17.739+0200][319,898s] GC(685) Pause Young (Allocation Failure)
[2019-04-15T13:47:17.739+0200][319,898s] GC(685) Using 4 workers of 4 for evacuation
[2019-04-15T13:47:17.754+0200][319,913s] GC(685) ParNew: 109248K->21824K(109248K)
[2019-04-15T13:47:17.754+0200][319,913s] GC(685) CMS: 250287K->253288K(393216K)
[2019-04-15T13:47:17.754+0200][319,913s] GC(685) Metaspace: 85440K->85440K(1128448K)
[2019-04-15T13:47:17.754+0200][319,913s] GC(685) Pause Young (Allocation Failure) 351M->268M(490M) 15,112ms
[2019-04-15T13:47:17.754+0200][319,913s] GC(685) User=0,05s Sys=0,00s Real=0,02s
[2019-04-15T13:47:17.836+0200][319,995s] GC(686) Pause Young (Allocation Failure)
[2019-04-15T13:47:17.836+0200][319,995s] GC(686) Using 4 workers of 4 for evacuation
[2019-04-15T13:47:17.850+0200][320,008s] GC(686) ParNew: 109248K->21824K(109248K)
[2019-04-15T13:47:17.850+0200][320,009s] GC(686) CMS: 253288K->256078K(393216K)
[2019-04-15T13:47:17.850+0200][320,009s] GC(686) Metaspace: 85440K->85440K(1128448K)
[2019-04-15T13:47:17.850+0200][320,009s] GC(686) Pause Young (Allocation Failure) 354M->271M(490M) 14,013ms
[2019-04-15T13:47:17.850+0200][320,009s] GC(686) User=0,05s Sys=0,00s Real=0,01s
[2019-04-15T13:47:17.853+0200][320,012s] GC(684) Concurrent Abortable Preclean 150,662ms
[2019-04-15T13:47:17.853+0200][320,012s] GC(684) User=0,35s Sys=0,00s Real=0,16s
[2019-04-15T13:47:17.854+0200][320,013s] GC(684) Pause Remark
[2019-04-15T13:47:17.854+0200][320,013s] GC(687) Pause Young (CMS Final Remark)
[2019-04-15T13:47:17.854+0200][320,013s] GC(687) Using 4 workers of 4 for evacuation
[2019-04-15T13:47:17.872+0200][320,030s] GC(687) ParNew: 28569K->21317K(109248K)
[2019-04-15T13:47:17.872+0200][320,031s] GC(687) CMS: 256078K->262199K(393216K)
[2019-04-15T13:47:17.872+0200][320,031s] GC(687) Metaspace: 85440K->85440K(1128448K)
[2019-04-15T13:47:17.872+0200][320,031s] GC(687) Pause Young (CMS Final Remark) 277M->276M(490M) 17,974ms
[2019-04-15T13:47:17.872+0200][320,031s] GC(687) User=0,06s Sys=0,00s Real=0,01s
[2019-04-15T13:47:17.910+0200][320,069s] GC(684) Pause Remark 277M->276M(490M) 56,559ms
[2019-04-15T13:47:17.910+0200][320,069s] GC(684) User=0,12s Sys=0,00s Real=0,05s
[2019-04-15T13:47:17.910+0200][320,069s] GC(684) Concurrent Sweep
[2019-04-15T13:47:17.949+0200][320,108s] GC(684) Concurrent Sweep 38,602ms
[2019-04-15T13:47:17.949+0200][320,108s] GC(684) User=0,08s Sys=0,00s Real=0,04s
[2019-04-15T13:47:17.949+0200][320,108s] GC(684) Concurrent Reset
[2019-04-15T13:47:17.949+0200][320,108s] GC(684) Concurrent Reset 0,317ms
[2019-04-15T13:47:17.949+0200][320,108s] GC(684) User=0,00s Sys=0,00s Real=0,00s
[2019-04-15T13:47:17.949+0200][320,108s] GC(684) Old: 250287K->260819K(393216K)
[2019-04-15T13:47:18.086+0200][320,245s] GC(688) Pause Young (Allocation Failure)
[2019-04-15T13:47:18.086+0200][320,245s] GC(688) Using 4 workers of 4 for evacuation
[2019-04-15T13:47:18.107+0200][320,266s] GC(688) ParNew: 108741K->21824K(109248K)
[2019-04-15T13:47:18.107+0200][320,266s] GC(688) CMS: 260819K->279373K(393216K)
[2019-04-15T13:47:18.107+0200][320,266s] GC(688) Metaspace: 85440K->85440K(1128448K)
[2019-04-15T13:47:18.107+0200][320,266s] GC(688) Pause Young (Allocation Failure) 360M->294M(490M) 20,742ms
[2019-04-15T13:47:18.107+0200][320,266s] GC(688) User=0,07s Sys=0,00s Real=0,02s
[2019-04-15T13:47:18.108+0200][320,266s] GC(689) Pause Initial Mark
[2019-04-15T13:47:18.110+0200][320,268s] GC(689) Pause Initial Mark 295M->295M(490M) 2,027ms
[2019-04-15T13:47:18.110+0200][320,269s] GC(689) User=0,00s Sys=0,00s Real=0,00s
[2019-04-15T13:47:18.110+0200][320,269s] GC(689) Concurrent Mark
[2019-04-15T13:47:18.110+0200][320,269s] GC(689) Using 4 workers of 4 for marking
[2019-04-15T13:47:18.183+0200][320,342s] GC(689) Concurrent Mark 73,526ms
[2019-04-15T13:47:18.183+0200][320,342s] GC(689) User=0,28s Sys=0,00s Real=0,07s
[2019-04-15T13:47:18.183+0200][320,342s] GC(689) Concurrent Preclean
[2019-04-15T13:47:18.184+0200][320,343s] GC(689) Concurrent Preclean 0,852ms
[2019-04-15T13:47:18.184+0200][320,343s] GC(689) User=0,00s Sys=0,00s Real=0,00s
[2019-04-15T13:47:18.184+0200][320,343s] GC(689) Concurrent Abortable Preclean
[2019-04-15T13:47:18.221+0200][320,380s] GC(690) Pause Young (Allocation Failure)
[2019-04-15T13:47:18.221+0200][320,380s] GC(690) Using 4 workers of 4 for evacuation
[2019-04-15T13:47:18.242+0200][320,401s] GC(690) ParNew: 109248K->21824K(109248K)
[2019-04-15T13:47:18.242+0200][320,401s] GC(690) CMS: 279373K->290883K(393216K)
[2019-04-15T13:47:18.242+0200][320,401s] GC(690) Metaspace: 85440K->85440K(1128448K)
[2019-04-15T13:47:18.242+0200][320,401s] GC(690) Pause Young (Allocation Failure) 379M->305M(490M) 20,966ms
[2019-04-15T13:47:18.242+0200][320,401s] GC(690) User=0,08s Sys=0,00s Real=0,02s
[2019-04-15T13:47:18.333+0200][320,492s] GC(691) Pause Young (Allocation Failure)
[2019-04-15T13:47:18.333+0200][320,492s] GC(691) Using 4 workers of 4 for evacuation
[2019-04-15T13:47:18.370+0200][320,528s] GC(691) ParNew: 109248K->21824K(109248K)
[2019-04-15T13:47:18.370+0200][320,529s] GC(691) CMS: 290883K->310563K(393216K)
[2019-04-15T13:47:18.370+0200][320,529s] GC(691) Metaspace: 85440K->85440K(1128448K)
[2019-04-15T13:47:18.370+0200][320,529s] GC(691) Pause Young (Allocation Failure) 390M->324M(490M) 36,468ms
[2019-04-15T13:47:18.370+0200][320,529s] GC(691) User=0,14s Sys=0,00s Real=0,03s
[2019-04-15T13:47:18.370+0200][320,529s] GC(689) Concurrent Abortable Preclean 185,564ms
[2019-04-15T13:47:18.370+0200][320,529s] GC(689) User=0,47s Sys=0,00s Real=0,19s
[2019-04-15T13:47:18.370+0200][320,529s] GC(689) Pause Remark
[2019-04-15T13:47:18.370+0200][320,529s] GC(692) Pause Young (CMS Final Remark)
[2019-04-15T13:47:18.370+0200][320,529s] GC(692) Using 4 workers of 4 for evacuation
[2019-04-15T13:47:18.384+0200][320,543s] GC(692) ParNew: 23558K->21824K(109248K)
[2019-04-15T13:47:18.384+0200][320,543s] GC(692) CMS: 310563K->313927K(393216K)
[2019-04-15T13:47:18.384+0200][320,543s] GC(692) Metaspace: 85440K->85440K(1128448K)
[2019-04-15T13:47:18.384+0200][320,543s] GC(692) Pause Young (CMS Final Remark) 326M->327M(490M) 14,444ms
[2019-04-15T13:47:18.384+0200][320,543s] GC(692) User=0,05s Sys=0,00s Real=0,01s
[2019-04-15T13:47:18.426+0200][320,585s] GC(689) Pause Remark 326M->327M(490M) 56,166ms
[2019-04-15T13:47:18.426+0200][320,585s] GC(689) User=0,12s Sys=0,00s Real=0,06s
[2019-04-15T13:47:18.426+0200][320,585s] GC(689) Concurrent Sweep
[2019-04-15T13:47:18.472+0200][320,631s] GC(689) Concurrent Sweep 46,252ms
[2019-04-15T13:47:18.472+0200][320,631s] GC(689) User=0,11s Sys=0,00s Real=0,04s
[2019-04-15T13:47:18.472+0200][320,631s] GC(689) Concurrent Reset
[2019-04-15T13:47:18.473+0200][320,632s] GC(689) Concurrent Reset 0,419ms
[2019-04-15T13:47:18.473+0200][320,632s] GC(689) User=0,00s Sys=0,00s Real=0,00s
[2019-04-15T13:47:18.473+0200][320,632s] GC(689) Old: 279373K->239473K(393216K)
[2019-04-15T13:47:18.529+0200][320,687s] GC(693) Pause Young (Allocation Failure)
[2019-04-15T13:47:18.529+0200][320,687s] GC(693) Using 4 workers of 4 for evacuation
[2019-04-15T13:47:18.554+0200][320,713s] GC(693) ParNew: 109248K->21824K(109248K)
[2019-04-15T13:47:18.554+0200][320,713s] GC(693) CMS: 239473K->247536K(393216K)
[2019-04-15T13:47:18.554+0200][320,713s] GC(693) Metaspace: 85441K->85441K(1128448K)
[2019-04-15T13:47:18.554+0200][320,713s] GC(693) Pause Young (Allocation Failure) 340M->263M(490M) 25,699ms
[2019-04-15T13:47:18.554+0200][320,713s] GC(693) User=0,11s Sys=0,00s Real=0,03s
[2019-04-15T13:47:18.557+0200][320,716s] GC(694) Pause Initial Mark
[2019-04-15T13:47:18.564+0200][320,723s] GC(694) Pause Initial Mark 267M->267M(490M) 6,814ms
[2019-04-15T13:47:18.564+0200][320,723s] GC(694) User=0,02s Sys=0,00s Real=0,00s
[2019-04-15T13:47:18.564+0200][320,723s] GC(694) Concurrent Mark
[2019-04-15T13:47:18.564+0200][320,723s] GC(694) Using 4 workers of 4 for marking
[2019-04-15T13:47:18.693+0200][320,852s] GC(694) Concurrent Mark 128,841ms
[2019-04-15T13:47:18.693+0200][320,852s] GC(694) User=0,49s Sys=0,00s Real=0,14s
[2019-04-15T13:47:18.693+0200][320,852s] GC(694) Concurrent Preclean
[2019-04-15T13:47:18.694+0200][320,853s] GC(694) Concurrent Preclean 0,778ms
[2019-04-15T13:47:18.694+0200][320,853s] GC(694) User=0,01s Sys=0,00s Real=0,00s
[2019-04-15T13:47:18.694+0200][320,853s] GC(694) Concurrent Abortable Preclean
[2019-04-15T13:47:18.717+0200][320,876s] GC(695) Pause Young (Allocation Failure)
[2019-04-15T13:47:18.717+0200][320,876s] GC(695) Using 4 workers of 4 for evacuation
[2019-04-15T13:47:18.749+0200][320,908s] GC(695) ParNew: 109248K->21824K(109248K)
[2019-04-15T13:47:18.749+0200][320,908s] GC(695) CMS: 247536K->253439K(393216K)
[2019-04-15T13:47:18.749+0200][320,908s] GC(695) Metaspace: 85441K->85441K(1128448K)
[2019-04-15T13:47:18.749+0200][320,908s] GC(695) Pause Young (Allocation Failure) 348M->268M(490M) 31,772ms
[2019-04-15T13:47:18.749+0200][320,908s] GC(695) User=0,12s Sys=0,00s Real=0,03s
[2019-04-15T13:47:18.844+0200][321,003s] GC(696) Pause Young (Allocation Failure)
[2019-04-15T13:47:18.844+0200][321,003s] GC(696) Using 4 workers of 4 for evacuation
[2019-04-15T13:47:18.867+0200][321,025s] GC(696) ParNew: 109248K->21824K(109248K)
[2019-04-15T13:47:18.867+0200][321,025s] GC(696) CMS: 253439K->259131K(393216K)
[2019-04-15T13:47:18.867+0200][321,025s] GC(696) Metaspace: 85442K->85442K(1128448K)
[2019-04-15T13:47:18.867+0200][321,025s] GC(696) Pause Young (Allocation Failure) 354M->274M(490M) 22,692ms
[2019-04-15T13:47:18.867+0200][321,026s] GC(696) User=0,08s Sys=0,00s Real=0,03s
[2019-04-15T13:47:18.878+0200][321,037s] GC(694) Concurrent Abortable Preclean 184,449ms
[2019-04-15T13:47:18.878+0200][321,037s] GC(694) User=0,60s Sys=0,01s Real=0,18s
[2019-04-15T13:47:18.878+0200][321,037s] GC(694) Pause Remark
[2019-04-15T13:47:18.878+0200][321,037s] GC(697) Pause Young (CMS Final Remark)
[2019-04-15T13:47:18.879+0200][321,037s] GC(697) Using 4 workers of 4 for evacuation
[2019-04-15T13:47:18.897+0200][321,056s] GC(697) ParNew: 32111K->20631K(109248K)
[2019-04-15T13:47:18.897+0200][321,056s] GC(697) CMS: 259131K->265145K(393216K)
[2019-04-15T13:47:18.897+0200][321,056s] GC(697) Metaspace: 85442K->85442K(1128448K)
[2019-04-15T13:47:18.897+0200][321,056s] GC(697) Pause Young (CMS Final Remark) 284M->279M(490M) 18,515ms
[2019-04-15T13:47:18.897+0200][321,056s] GC(697) User=0,06s Sys=0,00s Real=0,02s
[2019-04-15T13:47:18.939+0200][321,098s] GC(694) Pause Remark 284M->279M(490M) 60,245ms
[2019-04-15T13:47:18.939+0200][321,098s] GC(694) User=0,13s Sys=0,00s Real=0,06s
[2019-04-15T13:47:18.939+0200][321,098s] GC(694) Concurrent Sweep
[2019-04-15T13:47:19.001+0200][321,160s] GC(694) Concurrent Sweep 61,854ms
[2019-04-15T13:47:19.001+0200][321,160s] GC(694) User=0,12s Sys=0,00s Real=0,06s
[2019-04-15T13:47:19.001+0200][321,160s] GC(694) Concurrent Reset
[2019-04-15T13:47:19.001+0200][321,160s] GC(694) Concurrent Reset 0,367ms
[2019-04-15T13:47:19.001+0200][321,160s] GC(694) User=0,00s Sys=0,00s Real=0,00s
[2019-04-15T13:47:19.001+0200][321,160s] GC(694) Old: 247536K->252822K(393216K)
[2019-04-15T13:47:19.022+0200][321,181s] GC(698) Pause Young (Allocation Failure)
[2019-04-15T13:47:19.022+0200][321,181s] GC(698) Using 4 workers of 4 for evacuation
[2019-04-15T13:47:19.042+0200][321,201s] GC(698) ParNew: 108055K->21824K(109248K)
[2019-04-15T13:47:19.042+0200][321,201s] GC(698) CMS: 252822K->252822K(393216K)
[2019-04-15T13:47:19.042+0200][321,201s] GC(698) Metaspace: 85442K->85442K(1128448K)
[2019-04-15T13:47:19.042+0200][321,201s] GC(698) Pause Young (Allocation Failure) 352M->268M(490M) 20,456ms
[2019-04-15T13:47:19.042+0200][321,201s] GC(698) User=0,06s Sys=0,00s Real=0,02s
[2019-04-15T13:47:19.043+0200][321,202s] GC(699) Pause Initial Mark
[2019-04-15T13:47:19.047+0200][321,206s] GC(699) Pause Initial Mark 269M->269M(490M) 3,967ms
[2019-04-15T13:47:19.047+0200][321,206s] GC(699) User=0,02s Sys=0,00s Real=0,01s
[2019-04-15T13:47:19.047+0200][321,206s] GC(699) Concurrent Mark
[2019-04-15T13:47:19.047+0200][321,206s] GC(699) Using 4 workers of 4 for marking
[2019-04-15T13:47:19.103+0200][321,262s] GC(699) Concurrent Mark 56,524ms
[2019-04-15T13:47:19.103+0200][321,262s] GC(699) User=0,21s Sys=0,00s Real=0,05s
[2019-04-15T13:47:19.103+0200][321,262s] GC(699) Concurrent Preclean
[2019-04-15T13:47:19.104+0200][321,263s] GC(699) Concurrent Preclean 0,926ms
[2019-04-15T13:47:19.104+0200][321,263s] GC(699) User=0,00s Sys=0,00s Real=0,00s
[2019-04-15T13:47:19.104+0200][321,263s] GC(699) Concurrent Abortable Preclean
[2019-04-15T13:47:19.150+0200][321,309s] GC(700) Pause Young (Allocation Failure)
[2019-04-15T13:47:19.150+0200][321,309s] GC(700) Using 4 workers of 4 for evacuation
[2019-04-15T13:47:19.164+0200][321,322s] GC(700) ParNew: 109248K->21824K(109248K)
[2019-04-15T13:47:19.164+0200][321,322s] GC(700) CMS: 252822K->253338K(393216K)
[2019-04-15T13:47:19.164+0200][321,322s] GC(700) Metaspace: 85442K->85442K(1128448K)
[2019-04-15T13:47:19.164+0200][321,323s] GC(700) Pause Young (Allocation Failure) 353M->268M(490M) 13,890ms
[2019-04-15T13:47:19.164+0200][321,323s] GC(700) User=0,05s Sys=0,00s Real=0,01s
[2019-04-15T13:47:19.236+0200][321,395s] GC(701) Pause Young (Allocation Failure)
[2019-04-15T13:47:19.236+0200][321,395s] GC(701) Using 4 workers of 4 for evacuation
[2019-04-15T13:47:19.257+0200][321,416s] GC(701) ParNew: 109248K->21824K(109248K)
[2019-04-15T13:47:19.257+0200][321,416s] GC(701) CMS: 253338K->258985K(393216K)
[2019-04-15T13:47:19.257+0200][321,416s] GC(701) Metaspace: 85442K->85442K(1128448K)
[2019-04-15T13:47:19.257+0200][321,416s] GC(701) Pause Young (Allocation Failure) 354M->274M(490M) 20,726ms
[2019-04-15T13:47:19.257+0200][321,416s] GC(701) User=0,08s Sys=0,00s Real=0,02s
[2019-04-15T13:47:19.263+0200][321,422s] GC(699) Concurrent Abortable Preclean 158,786ms
[2019-04-15T13:47:19.263+0200][321,422s] GC(699) User=0,38s Sys=0,00s Real=0,16s
[2019-04-15T13:47:19.263+0200][321,422s] GC(699) Pause Remark
[2019-04-15T13:47:19.263+0200][321,422s] GC(702) Pause Young (CMS Final Remark)
[2019-04-15T13:47:19.263+0200][321,422s] GC(702) Using 4 workers of 4 for evacuation
[2019-04-15T13:47:19.281+0200][321,439s] GC(702) ParNew: 30533K->21824K(109248K)
[2019-04-15T13:47:19.281+0200][321,440s] GC(702) CMS: 258985K->262377K(393216K)
[2019-04-15T13:47:19.281+0200][321,440s] GC(702) Metaspace: 85442K->85442K(1128448K)
[2019-04-15T13:47:19.281+0200][321,440s] GC(702) Pause Young (CMS Final Remark) 282M->277M(490M) 17,348ms
[2019-04-15T13:47:19.281+0200][321,440s] GC(702) User=0,06s Sys=0,00s Real=0,02s
[2019-04-15T13:47:19.326+0200][321,485s] GC(699) Pause Remark 282M->277M(490M) 62,431ms
[2019-04-15T13:47:19.326+0200][321,485s] GC(699) User=0,14s Sys=0,01s Real=0,07s
[2019-04-15T13:47:19.326+0200][321,485s] GC(699) Concurrent Sweep
[2019-04-15T13:47:19.392+0200][321,551s] GC(699) Concurrent Sweep 66,240ms
[2019-04-15T13:47:19.392+0200][321,551s] GC(699) User=0,13s Sys=0,00s Real=0,06s
[2019-04-15T13:47:19.392+0200][321,551s] GC(699) Concurrent Reset
[2019-04-15T13:47:19.392+0200][321,551s] GC(699) Concurrent Reset 0,350ms
[2019-04-15T13:47:19.393+0200][321,551s] GC(699) User=0,00s Sys=0,00s Real=0,00s
[2019-04-15T13:47:19.393+0200][321,551s] GC(699) Old: 252822K->233250K(393216K)
[2019-04-15T13:47:19.400+0200][321,559s] GC(703) Pause Young (Allocation Failure)
[2019-04-15T13:47:19.400+0200][321,559s] GC(703) Using 4 workers of 4 for evacuation
[2019-04-15T13:47:19.413+0200][321,572s] GC(703) ParNew: 109248K->21824K(109248K)
[2019-04-15T13:47:19.413+0200][321,572s] GC(703) CMS: 233250K->233782K(393216K)
[2019-04-15T13:47:19.413+0200][321,572s] GC(703) Metaspace: 85442K->85442K(1128448K)
[2019-04-15T13:47:19.414+0200][321,572s] GC(703) Pause Young (Allocation Failure) 334M->249M(490M) 13,544ms
[2019-04-15T13:47:19.414+0200][321,572s] GC(703) User=0,05s Sys=0,00s Real=0,02s
[2019-04-15T13:47:19.414+0200][321,573s] GC(704) Pause Initial Mark
[2019-04-15T13:47:19.418+0200][321,577s] GC(704) Pause Initial Mark 251M->251M(490M) 4,203ms
[2019-04-15T13:47:19.418+0200][321,577s] GC(704) User=0,02s Sys=0,00s Real=0,00s
[2019-04-15T13:47:19.418+0200][321,577s] GC(704) Concurrent Mark
[2019-04-15T13:47:19.418+0200][321,577s] GC(704) Using 4 workers of 4 for marking
[2019-04-15T13:47:19.491+0200][321,649s] GC(704) Concurrent Mark 72,563ms
[2019-04-15T13:47:19.491+0200][321,649s] GC(704) User=0,27s Sys=0,00s Real=0,07s
[2019-04-15T13:47:19.491+0200][321,650s] GC(704) Concurrent Preclean
[2019-04-15T13:47:19.492+0200][321,651s] GC(704) Concurrent Preclean 1,374ms
[2019-04-15T13:47:19.492+0200][321,651s] GC(704) User=0,01s Sys=0,00s Real=0,00s
[2019-04-15T13:47:19.492+0200][321,651s] GC(704) Concurrent Abortable Preclean
[2019-04-15T13:47:19.534+0200][321,693s] GC(705) Pause Young (Allocation Failure)
[2019-04-15T13:47:19.534+0200][321,693s] GC(705) Using 4 workers of 4 for evacuation
[2019-04-15T13:47:19.554+0200][321,713s] GC(705) ParNew: 109248K->21824K(109248K)
[2019-04-15T13:47:19.554+0200][321,713s] GC(705) CMS: 233782K->239169K(393216K)
[2019-04-15T13:47:19.554+0200][321,713s] GC(705) Metaspace: 85442K->85442K(1128448K)
[2019-04-15T13:47:19.554+0200][321,713s] GC(705) Pause Young (Allocation Failure) 334M->254M(490M) 19,947ms
[2019-04-15T13:47:19.554+0200][321,713s] GC(705) User=0,08s Sys=0,00s Real=0,02s
[2019-04-15T13:47:19.648+0200][321,807s] GC(706) Pause Young (Allocation Failure)
[2019-04-15T13:47:19.648+0200][321,807s] GC(706) Using 4 workers of 4 for evacuation
[2019-04-15T13:47:19.668+0200][321,826s] GC(706) ParNew: 109248K->21824K(109248K)
[2019-04-15T13:47:19.668+0200][321,826s] GC(706) CMS: 239169K->244553K(393216K)
[2019-04-15T13:47:19.668+0200][321,827s] GC(706) Metaspace: 85442K->85442K(1128448K)
[2019-04-15T13:47:19.668+0200][321,827s] GC(706) Pause Young (Allocation Failure) 340M->260M(490M) 19,608ms
[2019-04-15T13:47:19.668+0200][321,827s] GC(706) User=0,07s Sys=0,00s Real=0,02s
[2019-04-15T13:47:19.674+0200][321,833s] GC(704) Concurrent Abortable Preclean 182,049ms
[2019-04-15T13:47:19.674+0200][321,833s] GC(704) User=0,46s Sys=0,00s Real=0,19s
[2019-04-15T13:47:19.674+0200][321,833s] GC(704) Pause Remark
[2019-04-15T13:47:19.674+0200][321,833s] GC(707) Pause Young (CMS Final Remark)
[2019-04-15T13:47:19.674+0200][321,833s] GC(707) Using 4 workers of 4 for evacuation
[2019-04-15T13:47:19.689+0200][321,848s] GC(707) ParNew: 30596K->20153K(109248K)
[2019-04-15T13:47:19.689+0200][321,848s] GC(707) CMS: 244553K->247588K(393216K)
[2019-04-15T13:47:19.689+0200][321,848s] GC(707) Metaspace: 85442K->85442K(1128448K)
[2019-04-15T13:47:19.689+0200][321,848s] GC(707) Pause Young (CMS Final Remark) 268M->261M(490M) 15,022ms
[2019-04-15T13:47:19.689+0200][321,848s] GC(707) User=0,06s Sys=0,00s Real=0,01s
[2019-04-15T13:47:19.726+0200][321,885s] GC(704) Pause Remark 268M->261M(490M) 51,479ms
[2019-04-15T13:47:19.726+0200][321,885s] GC(704) User=0,11s Sys=0,00s Real=0,05s
[2019-04-15T13:47:19.726+0200][321,885s] GC(704) Concurrent Sweep
[2019-04-15T13:47:19.800+0200][321,959s] GC(704) Concurrent Sweep 74,164ms
[2019-04-15T13:47:19.800+0200][321,959s] GC(704) User=0,15s Sys=0,00s Real=0,07s
[2019-04-15T13:47:19.800+0200][321,959s] GC(704) Concurrent Reset
[2019-04-15T13:47:19.800+0200][321,959s] GC(704) Concurrent Reset 0,322ms
[2019-04-15T13:47:19.800+0200][321,959s] GC(704) User=0,00s Sys=0,00s Real=0,00s
[2019-04-15T13:47:19.800+0200][321,959s] GC(704) Old: 233782K->176271K(393216K)
[2019-04-15T13:47:19.803+0200][321,962s] GC(708) Pause Young (Allocation Failure)
[2019-04-15T13:47:19.803+0200][321,962s] GC(708) Using 4 workers of 4 for evacuation
[2019-04-15T13:47:19.816+0200][321,975s] GC(708) ParNew: 107577K->21824K(109248K)
[2019-04-15T13:47:19.817+0200][321,975s] GC(708) CMS: 176271K->176905K(393216K)
[2019-04-15T13:47:19.817+0200][321,975s] GC(708) Metaspace: 85442K->85442K(1128448K)
[2019-04-15T13:47:19.817+0200][321,975s] GC(708) Pause Young (Allocation Failure) 277M->194M(490M) 13,669ms
[2019-04-15T13:47:19.817+0200][321,975s] GC(708) User=0,04s Sys=0,00s Real=0,02s
[2019-04-15T13:47:19.890+0200][322,049s] GC(709) Pause Young (Allocation Failure)
[2019-04-15T13:47:19.890+0200][322,049s] GC(709) Using 4 workers of 4 for evacuation
[2019-04-15T13:47:19.907+0200][322,066s] GC(709) ParNew: 109248K->21824K(109248K)
[2019-04-15T13:47:19.907+0200][322,066s] GC(709) CMS: 176905K->181443K(393216K)
[2019-04-15T13:47:19.907+0200][322,066s] GC(709) Metaspace: 85442K->85442K(1128448K)
[2019-04-15T13:47:19.907+0200][322,066s] GC(709) Pause Young (Allocation Failure) 279M->198M(490M) 17,467ms
[2019-04-15T13:47:19.907+0200][322,066s] GC(709) User=0,06s Sys=0,00s Real=0,02s
[2019-04-15T13:47:19.979+0200][322,138s] GC(710) Pause Young (Allocation Failure)
[2019-04-15T13:47:19.980+0200][322,138s] GC(710) Using 4 workers of 4 for evacuation
[2019-04-15T13:47:19.996+0200][322,155s] GC(710) ParNew: 109248K->21824K(109248K)
[2019-04-15T13:47:19.996+0200][322,155s] GC(710) CMS: 181443K->183225K(393216K)
[2019-04-15T13:47:19.996+0200][322,155s] GC(710) Metaspace: 85442K->85442K(1128448K)
[2019-04-15T13:47:19.997+0200][322,155s] GC(710) Pause Young (Allocation Failure) 283M->200M(490M) 17,031ms
[2019-04-15T13:47:19.997+0200][322,155s] GC(710) User=0,06s Sys=0,00s Real=0,02s
[2019-04-15T13:47:20.064+0200][322,223s] GC(711) Pause Young (Allocation Failure)
[2019-04-15T13:47:20.064+0200][322,223s] GC(711) Using 4 workers of 4 for evacuation
[2019-04-15T13:47:20.082+0200][322,241s] GC(711) ParNew: 109248K->21824K(109248K)
[2019-04-15T13:47:20.082+0200][322,241s] GC(711) CMS: 183225K->187558K(393216K)
[2019-04-15T13:47:20.082+0200][322,241s] GC(711) Metaspace: 85442K->85442K(1128448K)
[2019-04-15T13:47:20.082+0200][322,241s] GC(711) Pause Young (Allocation Failure) 285M->204M(490M) 17,990ms
[2019-04-15T13:47:20.082+0200][322,241s] GC(711) User=0,07s Sys=0,00s Real=0,02s
[2019-04-15T13:47:20.149+0200][322,308s] GC(712) Pause Young (Allocation Failure)
[2019-04-15T13:47:20.149+0200][322,308s] GC(712) Using 4 workers of 4 for evacuation
[2019-04-15T13:47:20.169+0200][322,328s] GC(712) ParNew: 109248K->21824K(109248K)
[2019-04-15T13:47:20.169+0200][322,328s] GC(712) CMS: 187558K->193058K(393216K)
[2019-04-15T13:47:20.169+0200][322,328s] GC(712) Metaspace: 85442K->85442K(1128448K)
[2019-04-15T13:47:20.169+0200][322,328s] GC(712) Pause Young (Allocation Failure) 289M->209M(490M) 19,687ms
[2019-04-15T13:47:20.169+0200][322,328s] GC(712) User=0,07s Sys=0,00s Real=0,02s
[2019-04-15T13:47:20.230+0200][322,389s] GC(713) Pause Young (Allocation Failure)
[2019-04-15T13:47:20.230+0200][322,389s] GC(713) Using 4 workers of 4 for evacuation
[2019-04-15T13:47:20.249+0200][322,408s] GC(713) ParNew: 109248K->21824K(109248K)
[2019-04-15T13:47:20.249+0200][322,408s] GC(713) CMS: 193058K->197870K(393216K)
[2019-04-15T13:47:20.249+0200][322,408s] GC(713) Metaspace: 85442K->85442K(1128448K)
[2019-04-15T13:47:20.249+0200][322,408s] GC(713) Pause Young (Allocation Failure) 295M->214M(490M) 18,687ms
[2019-04-15T13:47:20.249+0200][322,408s] GC(713) User=0,06s Sys=0,00s Real=0,02s
[2019-04-15T13:47:20.249+0200][322,408s] GC(714) Pause Initial Mark
[2019-04-15T13:47:20.253+0200][322,412s] GC(714) Pause Initial Mark 216M->216M(490M) 4,118ms
[2019-04-15T13:47:20.253+0200][322,412s] GC(714) User=0,01s Sys=0,00s Real=0,01s
[2019-04-15T13:47:20.253+0200][322,412s] GC(714) Concurrent Mark
[2019-04-15T13:47:20.253+0200][322,412s] GC(714) Using 4 workers of 4 for marking
[2019-04-15T13:47:20.342+0200][322,501s] GC(714) Concurrent Mark 88,757ms
[2019-04-15T13:47:20.342+0200][322,501s] GC(714) User=0,35s Sys=0,00s Real=0,08s
[2019-04-15T13:47:20.342+0200][322,501s] GC(714) Concurrent Preclean
[2019-04-15T13:47:20.343+0200][322,502s] GC(714) Concurrent Preclean 0,882ms
[2019-04-15T13:47:20.343+0200][322,502s] GC(714) User=0,00s Sys=0,00s Real=0,00s
[2019-04-15T13:47:20.343+0200][322,502s] GC(714) Concurrent Abortable Preclean
[2019-04-15T13:47:20.346+0200][322,505s] GC(715) Pause Young (Allocation Failure)
[2019-04-15T13:47:20.346+0200][322,505s] GC(715) Using 4 workers of 4 for evacuation
[2019-04-15T13:47:20.361+0200][322,520s] GC(715) ParNew: 109248K->21013K(109248K)
[2019-04-15T13:47:20.361+0200][322,520s] GC(715) CMS: 197870K->201339K(393216K)
[2019-04-15T13:47:20.361+0200][322,520s] GC(715) Metaspace: 85442K->85442K(1128448K)
[2019-04-15T13:47:20.361+0200][322,520s] GC(715) Pause Young (Allocation Failure) 299M->217M(490M) 14,898ms
[2019-04-15T13:47:20.361+0200][322,520s] GC(715) User=0,05s Sys=0,00s Real=0,01s
[2019-04-15T13:47:20.428+0200][322,587s] GC(716) Pause Young (Allocation Failure)
[2019-04-15T13:47:20.428+0200][322,587s] GC(716) Using 4 workers of 4 for evacuation
[2019-04-15T13:47:20.444+0200][322,602s] GC(716) ParNew: 108437K->21824K(109248K)
[2019-04-15T13:47:20.444+0200][322,602s] GC(716) CMS: 201339K->202299K(393216K)
[2019-04-15T13:47:20.444+0200][322,602s] GC(716) Metaspace: 85442K->85442K(1128448K)
[2019-04-15T13:47:20.444+0200][322,603s] GC(716) Pause Young (Allocation Failure) 302M->218M(490M) 15,649ms
[2019-04-15T13:47:20.444+0200][322,603s] GC(716) User=0,05s Sys=0,00s Real=0,01s
[2019-04-15T13:47:20.446+0200][322,605s] GC(714) Concurrent Abortable Preclean 103,063ms
[2019-04-15T13:47:20.446+0200][322,605s] GC(714) User=0,24s Sys=0,00s Real=0,11s
[2019-04-15T13:47:20.446+0200][322,605s] GC(714) Pause Remark
[2019-04-15T13:47:20.446+0200][322,605s] GC(717) Pause Young (CMS Final Remark)
[2019-04-15T13:47:20.446+0200][322,605s] GC(717) Using 4 workers of 4 for evacuation
[2019-04-15T13:47:20.462+0200][322,621s] GC(717) ParNew: 25368K->20157K(109248K)
[2019-04-15T13:47:20.462+0200][322,621s] GC(717) CMS: 202299K->203935K(393216K)
[2019-04-15T13:47:20.462+0200][322,621s] GC(717) Metaspace: 85442K->85442K(1128448K)
[2019-04-15T13:47:20.462+0200][322,621s] GC(717) Pause Young (CMS Final Remark) 222M->218M(490M) 15,322ms
[2019-04-15T13:47:20.462+0200][322,621s] GC(717) User=0,05s Sys=0,00s Real=0,01s
[2019-04-15T13:47:20.500+0200][322,659s] GC(714) Pause Remark 222M->218M(490M) 54,135ms
[2019-04-15T13:47:20.500+0200][322,659s] GC(714) User=0,11s Sys=0,00s Real=0,05s
[2019-04-15T13:47:20.501+0200][322,659s] GC(714) Concurrent Sweep
[2019-04-15T13:47:20.559+0200][322,717s] GC(714) Concurrent Sweep 57,996ms
[2019-04-15T13:47:20.559+0200][322,717s] GC(714) User=0,11s Sys=0,00s Real=0,06s
[2019-04-15T13:47:20.559+0200][322,717s] GC(714) Concurrent Reset
[2019-04-15T13:47:20.559+0200][322,718s] GC(714) Concurrent Reset 0,299ms
[2019-04-15T13:47:20.559+0200][322,718s] GC(714) User=0,01s Sys=0,00s Real=0,00s
[2019-04-15T13:47:20.559+0200][322,718s] GC(714) Old: 197870K->202848K(393216K)
[2019-04-15T13:47:20.571+0200][322,730s] GC(718) Pause Young (Allocation Failure)
[2019-04-15T13:47:20.571+0200][322,730s] GC(718) Using 4 workers of 4 for evacuation
[2019-04-15T13:47:20.591+0200][322,750s] GC(718) ParNew: 107581K->21824K(109248K)
[2019-04-15T13:47:20.591+0200][322,750s] GC(718) CMS: 202848K->208761K(393216K)
[2019-04-15T13:47:20.591+0200][322,750s] GC(718) Metaspace: 85442K->85442K(1128448K)
[2019-04-15T13:47:20.591+0200][322,750s] GC(718) Pause Young (Allocation Failure) 303M->225M(490M) 19,258ms
[2019-04-15T13:47:20.591+0200][322,750s] GC(718) User=0,07s Sys=0,00s Real=0,02s
[2019-04-15T13:47:20.591+0200][322,750s] GC(719) Pause Initial Mark
[2019-04-15T13:47:20.595+0200][322,754s] GC(719) Pause Initial Mark 226M->226M(490M) 4,344ms
[2019-04-15T13:47:20.595+0200][322,754s] GC(719) User=0,02s Sys=0,00s Real=0,01s
[2019-04-15T13:47:20.595+0200][322,754s] GC(719) Concurrent Mark
[2019-04-15T13:47:20.595+0200][322,754s] GC(719) Using 4 workers of 4 for marking
[2019-04-15T13:47:20.700+0200][322,859s] GC(719) Concurrent Mark 104,820ms
[2019-04-15T13:47:20.700+0200][322,859s] GC(719) User=0,40s Sys=0,00s Real=0,10s
[2019-04-15T13:47:20.700+0200][322,859s] GC(719) Concurrent Preclean
[2019-04-15T13:47:20.701+0200][322,860s] GC(719) Concurrent Preclean 0,974ms
[2019-04-15T13:47:20.701+0200][322,860s] GC(719) User=0,00s Sys=0,00s Real=0,00s
[2019-04-15T13:47:20.701+0200][322,860s] GC(719) Concurrent Abortable Preclean
[2019-04-15T13:47:20.714+0200][322,872s] GC(720) Pause Young (Allocation Failure)
[2019-04-15T13:47:20.714+0200][322,873s] GC(720) Using 4 workers of 4 for evacuation
[2019-04-15T13:47:20.733+0200][322,892s] GC(720) ParNew: 109248K->21824K(109248K)
[2019-04-15T13:47:20.733+0200][322,892s] GC(720) CMS: 208761K->214076K(393216K)
[2019-04-15T13:47:20.733+0200][322,892s] GC(720) Metaspace: 85442K->85442K(1128448K)
[2019-04-15T13:47:20.733+0200][322,892s] GC(720) Pause Young (Allocation Failure) 310M->230M(490M) 19,639ms
[2019-04-15T13:47:20.733+0200][322,892s] GC(720) User=0,07s Sys=0,00s Real=0,02s
[2019-04-15T13:47:20.801+0200][322,960s] GC(721) Pause Young (Allocation Failure)
[2019-04-15T13:47:20.801+0200][322,960s] GC(721) Using 4 workers of 4 for evacuation
[2019-04-15T13:47:20.821+0200][322,980s] GC(721) ParNew: 109248K->21824K(109248K)
[2019-04-15T13:47:20.821+0200][322,980s] GC(721) CMS: 214076K->218820K(393216K)
[2019-04-15T13:47:20.821+0200][322,980s] GC(721) Metaspace: 85442K->85442K(1128448K)
[2019-04-15T13:47:20.821+0200][322,980s] GC(721) Pause Young (Allocation Failure) 315M->235M(490M) 19,935ms
[2019-04-15T13:47:20.821+0200][322,980s] GC(721) User=0,06s Sys=0,00s Real=0,02s
[2019-04-15T13:47:20.826+0200][322,985s] GC(719) Concurrent Abortable Preclean 125,009ms
[2019-04-15T13:47:20.826+0200][322,985s] GC(719) User=0,31s Sys=0,00s Real=0,13s
[2019-04-15T13:47:20.826+0200][322,985s] GC(719) Pause Remark
[2019-04-15T13:47:20.826+0200][322,985s] GC(722) Pause Young (CMS Final Remark)
[2019-04-15T13:47:20.826+0200][322,985s] GC(722) Using 4 workers of 4 for evacuation
[2019-04-15T13:47:20.842+0200][323,001s] GC(722) ParNew: 28815K->21824K(109248K)
[2019-04-15T13:47:20.842+0200][323,001s] GC(722) CMS: 218820K->221716K(393216K)
[2019-04-15T13:47:20.842+0200][323,001s] GC(722) Metaspace: 85442K->85442K(1128448K)
[2019-04-15T13:47:20.842+0200][323,001s] GC(722) Pause Young (CMS Final Remark) 241M->237M(490M) 15,218ms
[2019-04-15T13:47:20.842+0200][323,001s] GC(722) User=0,05s Sys=0,00s Real=0,01s
[2019-04-15T13:47:20.880+0200][323,038s] GC(719) Pause Remark 241M->237M(490M) 53,125ms
[2019-04-15T13:47:20.880+0200][323,038s] GC(719) User=0,11s Sys=0,00s Real=0,05s
[2019-04-15T13:47:20.880+0200][323,039s] GC(719) Concurrent Sweep
[2019-04-15T13:47:20.933+0200][323,092s] GC(719) Concurrent Sweep 53,627ms
[2019-04-15T13:47:20.933+0200][323,092s] GC(719) User=0,11s Sys=0,00s Real=0,06s
[2019-04-15T13:47:20.933+0200][323,092s] GC(719) Concurrent Reset
[2019-04-15T13:47:20.934+0200][323,093s] GC(719) Concurrent Reset 0,338ms
[2019-04-15T13:47:20.934+0200][323,093s] GC(719) User=0,00s Sys=0,00s Real=0,00s
[2019-04-15T13:47:20.934+0200][323,093s] GC(719) Old: 208761K->219647K(393216K)
[2019-04-15T13:47:20.951+0200][323,110s] GC(723) Pause Young (Allocation Failure)
[2019-04-15T13:47:20.951+0200][323,110s] GC(723) Using 4 workers of 4 for evacuation
[2019-04-15T13:47:20.968+0200][323,127s] GC(723) ParNew: 109248K->21824K(109248K)
[2019-04-15T13:47:20.968+0200][323,127s] GC(723) CMS: 219647K->222598K(393216K)
[2019-04-15T13:47:20.968+0200][323,127s] GC(723) Metaspace: 85442K->85442K(1128448K)
[2019-04-15T13:47:20.968+0200][323,127s] GC(723) Pause Young (Allocation Failure) 321M->238M(490M) 16,271ms
[2019-04-15T13:47:20.968+0200][323,127s] GC(723) User=0,05s Sys=0,00s Real=0,02s
[2019-04-15T13:47:20.968+0200][323,127s] GC(724) Pause Initial Mark
[2019-04-15T13:47:20.971+0200][323,130s] GC(724) Pause Initial Mark 238M->238M(490M) 3,374ms
[2019-04-15T13:47:20.971+0200][323,130s] GC(724) User=0,01s Sys=0,00s Real=0,00s
[2019-04-15T13:47:20.971+0200][323,130s] GC(724) Concurrent Mark
[2019-04-15T13:47:20.971+0200][323,130s] GC(724) Using 4 workers of 4 for marking
[2019-04-15T13:47:21.081+0200][323,240s] GC(725) Pause Young (Allocation Failure)
[2019-04-15T13:47:21.081+0200][323,240s] GC(725) Using 4 workers of 4 for evacuation
[2019-04-15T13:47:21.099+0200][323,258s] GC(725) ParNew: 109248K->21824K(109248K)
[2019-04-15T13:47:21.099+0200][323,258s] GC(725) CMS: 222598K->226282K(393216K)
[2019-04-15T13:47:21.099+0200][323,258s] GC(725) Metaspace: 85442K->85442K(1128448K)
[2019-04-15T13:47:21.099+0200][323,258s] GC(725) Pause Young (Allocation Failure) 324M->242M(490M) 18,654ms
[2019-04-15T13:47:21.099+0200][323,258s] GC(725) User=0,06s Sys=0,00s Real=0,02s
[2019-04-15T13:47:21.106+0200][323,264s] GC(724) Concurrent Mark 134,273ms
[2019-04-15T13:47:21.106+0200][323,264s] GC(724) User=0,48s Sys=0,00s Real=0,14s
[2019-04-15T13:47:21.106+0200][323,264s] GC(724) Concurrent Preclean
[2019-04-15T13:47:21.110+0200][323,269s] GC(724) Concurrent Preclean 4,686ms
[2019-04-15T13:47:21.110+0200][323,269s] GC(724) User=0,01s Sys=0,00s Real=0,00s
[2019-04-15T13:47:21.110+0200][323,269s] GC(724) Concurrent Abortable Preclean
[2019-04-15T13:47:21.169+0200][323,327s] GC(726) Pause Young (Allocation Failure)
[2019-04-15T13:47:21.169+0200][323,328s] GC(726) Using 4 workers of 4 for evacuation
[2019-04-15T13:47:21.186+0200][323,345s] GC(726) ParNew: 109248K->21383K(109248K)
[2019-04-15T13:47:21.186+0200][323,345s] GC(726) CMS: 226282K->234085K(393216K)
[2019-04-15T13:47:21.186+0200][323,345s] GC(726) Metaspace: 85442K->85442K(1128448K)
[2019-04-15T13:47:21.186+0200][323,345s] GC(726) Pause Young (Allocation Failure) 327M->249M(490M) 17,842ms
[2019-04-15T13:47:21.186+0200][323,345s] GC(726) User=0,07s Sys=0,00s Real=0,02s
[2019-04-15T13:47:21.191+0200][323,350s] GC(724) Concurrent Abortable Preclean 80,791ms
[2019-04-15T13:47:21.191+0200][323,350s] GC(724) User=0,20s Sys=0,00s Real=0,08s
[2019-04-15T13:47:21.191+0200][323,350s] GC(724) Pause Remark
[2019-04-15T13:47:21.191+0200][323,350s] GC(727) Pause Young (CMS Final Remark)
[2019-04-15T13:47:21.191+0200][323,350s] GC(727) Using 4 workers of 4 for evacuation
[2019-04-15T13:47:21.205+0200][323,364s] GC(727) ParNew: 28376K->21824K(109248K)
[2019-04-15T13:47:21.205+0200][323,364s] GC(727) CMS: 234085K->234085K(393216K)
[2019-04-15T13:47:21.205+0200][323,364s] GC(727) Metaspace: 85442K->85442K(1128448K)
[2019-04-15T13:47:21.205+0200][323,364s] GC(727) Pause Young (CMS Final Remark) 256M->249M(490M) 13,535ms
[2019-04-15T13:47:21.205+0200][323,364s] GC(727) User=0,04s Sys=0,00s Real=0,01s
[2019-04-15T13:47:21.242+0200][323,401s] GC(724) Pause Remark 256M->249M(490M) 50,930ms
[2019-04-15T13:47:21.242+0200][323,401s] GC(724) User=0,10s Sys=0,00s Real=0,05s
[2019-04-15T13:47:21.242+0200][323,401s] GC(724) Concurrent Sweep
[2019-04-15T13:47:21.304+0200][323,463s] GC(724) Concurrent Sweep 61,694ms
[2019-04-15T13:47:21.304+0200][323,463s] GC(724) User=0,12s Sys=0,01s Real=0,06s
[2019-04-15T13:47:21.304+0200][323,463s] GC(724) Concurrent Reset
[2019-04-15T13:47:21.304+0200][323,463s] GC(724) Concurrent Reset 0,345ms
[2019-04-15T13:47:21.304+0200][323,463s] GC(724) User=0,00s Sys=0,00s Real=0,00s
[2019-04-15T13:47:21.304+0200][323,463s] GC(724) Old: 222598K->233661K(393216K)
[2019-04-15T13:47:21.310+0200][323,469s] GC(728) Pause Young (Allocation Failure)
[2019-04-15T13:47:21.310+0200][323,469s] GC(728) Using 4 workers of 4 for evacuation
[2019-04-15T13:47:21.323+0200][323,482s] GC(728) ParNew: 109248K->21824K(109248K)
[2019-04-15T13:47:21.324+0200][323,482s] GC(728) CMS: 233661K->234022K(393216K)
[2019-04-15T13:47:21.324+0200][323,482s] GC(728) Metaspace: 85442K->85442K(1128448K)
[2019-04-15T13:47:21.324+0200][323,482s] GC(728) Pause Young (Allocation Failure) 334M->249M(490M) 13,819ms
[2019-04-15T13:47:21.324+0200][323,482s] GC(728) User=0,04s Sys=0,00s Real=0,01s
[2019-04-15T13:47:21.324+0200][323,483s] GC(729) Pause Initial Mark
[2019-04-15T13:47:21.328+0200][323,487s] GC(729) Pause Initial Mark 251M->251M(490M) 4,741ms
[2019-04-15T13:47:21.328+0200][323,487s] GC(729) User=0,02s Sys=0,00s Real=0,01s
[2019-04-15T13:47:21.329+0200][323,487s] GC(729) Concurrent Mark
[2019-04-15T13:47:21.329+0200][323,488s] GC(729) Using 4 workers of 4 for marking
[2019-04-15T13:47:21.450+0200][323,609s] GC(729) Concurrent Mark 121,601ms
[2019-04-15T13:47:21.450+0200][323,609s] GC(729) User=0,47s Sys=0,00s Real=0,12s
[2019-04-15T13:47:21.450+0200][323,609s] GC(729) Concurrent Preclean
[2019-04-15T13:47:21.451+0200][323,610s] GC(729) Concurrent Preclean 0,890ms
[2019-04-15T13:47:21.451+0200][323,610s] GC(729) User=0,00s Sys=0,00s Real=0,00s
[2019-04-15T13:47:21.451+0200][323,610s] GC(729) Concurrent Abortable Preclean
[2019-04-15T13:47:21.520+0200][323,679s] GC(730) Pause Young (Allocation Failure)
[2019-04-15T13:47:21.520+0200][323,679s] GC(730) Using 4 workers of 4 for evacuation
[2019-04-15T13:47:21.546+0200][323,704s] GC(730) ParNew: 109248K->21824K(109248K)
[2019-04-15T13:47:21.546+0200][323,704s] GC(730) CMS: 234022K->241777K(393216K)
[2019-04-15T13:47:21.546+0200][323,704s] GC(730) Metaspace: 85442K->85442K(1128448K)
[2019-04-15T13:47:21.546+0200][323,705s] GC(730) Pause Young (Allocation Failure) 335M->257M(490M) 25,297ms
[2019-04-15T13:47:21.546+0200][323,705s] GC(730) User=0,09s Sys=0,00s Real=0,03s
[2019-04-15T13:47:21.599+0200][323,758s] GC(731) Pause Young (Allocation Failure)
[2019-04-15T13:47:21.599+0200][323,758s] GC(731) Using 4 workers of 4 for evacuation
[2019-04-15T13:47:21.615+0200][323,774s] GC(731) ParNew: 109248K->21824K(109248K)
[2019-04-15T13:47:21.615+0200][323,774s] GC(731) CMS: 241777K->245199K(393216K)
[2019-04-15T13:47:21.615+0200][323,774s] GC(731) Metaspace: 85442K->85442K(1128448K)
[2019-04-15T13:47:21.615+0200][323,774s] GC(731) Pause Young (Allocation Failure) 342M->260M(490M) 15,683ms
[2019-04-15T13:47:21.615+0200][323,774s] GC(731) User=0,05s Sys=0,00s Real=0,02s
[2019-04-15T13:47:21.620+0200][323,779s] GC(729) Concurrent Abortable Preclean 168,890ms
[2019-04-15T13:47:21.620+0200][323,779s] GC(729) User=0,39s Sys=0,01s Real=0,17s
[2019-04-15T13:47:21.620+0200][323,779s] GC(729) Pause Remark
[2019-04-15T13:47:21.620+0200][323,779s] GC(732) Pause Young (CMS Final Remark)
[2019-04-15T13:47:21.620+0200][323,779s] GC(732) Using 4 workers of 4 for evacuation
[2019-04-15T13:47:21.632+0200][323,791s] GC(732) ParNew: 30103K->21824K(109248K)
[2019-04-15T13:47:21.632+0200][323,791s] GC(732) CMS: 245199K->245532K(393216K)
[2019-04-15T13:47:21.632+0200][323,791s] GC(732) Metaspace: 85442K->85442K(1128448K)
[2019-04-15T13:47:21.632+0200][323,791s] GC(732) Pause Young (CMS Final Remark) 268M->261M(490M) 11,564ms
[2019-04-15T13:47:21.632+0200][323,791s] GC(732) User=0,04s Sys=0,00s Real=0,01s
[2019-04-15T13:47:21.668+0200][323,827s] GC(729) Pause Remark 268M->261M(490M) 47,816ms
[2019-04-15T13:47:21.668+0200][323,827s] GC(729) User=0,09s Sys=0,00s Real=0,05s
[2019-04-15T13:47:21.668+0200][323,827s] GC(729) Concurrent Sweep
[2019-04-15T13:47:21.731+0200][323,890s] GC(733) Pause Young (Allocation Failure)
[2019-04-15T13:47:21.731+0200][323,890s] GC(733) Using 4 workers of 4 for evacuation
[2019-04-15T13:47:21.743+0200][323,902s] GC(733) ParNew: 109248K->21824K(109248K)
[2019-04-15T13:47:21.743+0200][323,902s] GC(733) CMS: 236673K->239171K(393216K)
[2019-04-15T13:47:21.743+0200][323,902s] GC(733) Metaspace: 85442K->85442K(1128448K)
[2019-04-15T13:47:21.743+0200][323,902s] GC(733) Pause Young (Allocation Failure) 337M->254M(490M) 11,733ms
[2019-04-15T13:47:21.743+0200][323,902s] GC(733) User=0,04s Sys=0,00s Real=0,01s
[2019-04-15T13:47:21.749+0200][323,908s] GC(729) Concurrent Sweep 81,150ms
[2019-04-15T13:47:21.749+0200][323,908s] GC(729) User=0,19s Sys=0,00s Real=0,08s
[2019-04-15T13:47:21.749+0200][323,908s] GC(729) Concurrent Reset
[2019-04-15T13:47:21.750+0200][323,909s] GC(729) Concurrent Reset 0,335ms
[2019-04-15T13:47:21.750+0200][323,909s] GC(729) User=0,00s Sys=0,00s Real=0,00s
[2019-04-15T13:47:21.750+0200][323,909s] GC(729) Old: 234022K->237729K(393216K)
[2019-04-15T13:47:21.798+0200][323,956s] GC(734) Pause Young (Allocation Failure)
[2019-04-15T13:47:21.798+0200][323,956s] GC(734) Using 4 workers of 4 for evacuation
[2019-04-15T13:47:21.809+0200][323,968s] GC(734) ParNew: 109248K->17391K(109248K)
[2019-04-15T13:47:21.809+0200][323,968s] GC(734) CMS: 237729K->240656K(393216K)
[2019-04-15T13:47:21.809+0200][323,968s] GC(734) Metaspace: 85442K->85442K(1128448K)
[2019-04-15T13:47:21.809+0200][323,968s] GC(734) Pause Young (Allocation Failure) 338M->252M(490M) 11,243ms
[2019-04-15T13:47:21.809+0200][323,968s] GC(734) User=0,05s Sys=0,00s Real=0,01s
[2019-04-15T13:47:21.809+0200][323,968s] GC(735) Pause Initial Mark
[2019-04-15T13:47:21.811+0200][323,970s] GC(735) Pause Initial Mark 253M->253M(490M) 1,756ms
[2019-04-15T13:47:21.811+0200][323,970s] GC(735) User=0,00s Sys=0,01s Real=0,00s
[2019-04-15T13:47:21.813+0200][323,972s] GC(735) Concurrent Mark
[2019-04-15T13:47:21.813+0200][323,972s] GC(735) Using 4 workers of 4 for marking
[2019-04-15T13:47:21.919+0200][324,078s] GC(735) Concurrent Mark 106,389ms
[2019-04-15T13:47:21.919+0200][324,078s] GC(735) User=0,41s Sys=0,00s Real=0,11s
[2019-04-15T13:47:21.919+0200][324,078s] GC(735) Concurrent Preclean
[2019-04-15T13:47:21.920+0200][324,079s] GC(735) Concurrent Preclean 0,723ms
[2019-04-15T13:47:21.920+0200][324,079s] GC(735) User=0,00s Sys=0,00s Real=0,00s
[2019-04-15T13:47:21.920+0200][324,079s] GC(735) Concurrent Abortable Preclean
[2019-04-15T13:47:21.936+0200][324,095s] GC(736) Pause Young (Allocation Failure)
[2019-04-15T13:47:21.936+0200][324,095s] GC(736) Using 4 workers of 4 for evacuation
[2019-04-15T13:47:21.949+0200][324,108s] GC(736) ParNew: 104815K->14449K(109248K)
[2019-04-15T13:47:21.949+0200][324,108s] GC(736) CMS: 240656K->242899K(393216K)
[2019-04-15T13:47:21.949+0200][324,108s] GC(736) Metaspace: 85442K->85442K(1128448K)
[2019-04-15T13:47:21.949+0200][324,108s] GC(736) Pause Young (Allocation Failure) 337M->251M(490M) 13,065ms
[2019-04-15T13:47:21.949+0200][324,108s] GC(736) User=0,04s Sys=0,00s Real=0,01s
[2019-04-15T13:47:22.009+0200][324,168s] GC(737) Pause Young (Allocation Failure)
[2019-04-15T13:47:22.009+0200][324,168s] GC(737) Using 4 workers of 4 for evacuation
[2019-04-15T13:47:22.021+0200][324,180s] GC(737) ParNew: 101873K->16368K(109248K)
[2019-04-15T13:47:22.021+0200][324,180s] GC(737) CMS: 242899K->242999K(393216K)
[2019-04-15T13:47:22.021+0200][324,180s] GC(737) Metaspace: 85442K->85442K(1128448K)
[2019-04-15T13:47:22.021+0200][324,180s] GC(737) Pause Young (Allocation Failure) 336M->253M(490M) 11,975ms
[2019-04-15T13:47:22.021+0200][324,180s] GC(737) User=0,03s Sys=0,00s Real=0,01s
[2019-04-15T13:47:22.086+0200][324,245s] GC(738) Pause Young (Allocation Failure)
[2019-04-15T13:47:22.086+0200][324,245s] GC(738) Using 4 workers of 4 for evacuation
[2019-04-15T13:47:22.095+0200][324,254s] GC(738) ParNew: 103792K->15049K(109248K)
[2019-04-15T13:47:22.095+0200][324,254s] GC(738) CMS: 242999K->244365K(393216K)
[2019-04-15T13:47:22.095+0200][324,254s] GC(738) Metaspace: 85442K->85442K(1128448K)
[2019-04-15T13:47:22.095+0200][324,254s] GC(738) Pause Young (Allocation Failure) 338M->253M(490M) 8,496ms
[2019-04-15T13:47:22.095+0200][324,254s] GC(738) User=0,03s Sys=0,00s Real=0,01s
[2019-04-15T13:47:22.095+0200][324,254s] GC(735) Concurrent Abortable Preclean 175,139ms
[2019-04-15T13:47:22.095+0200][324,254s] GC(735) User=0,33s Sys=0,00s Real=0,18s
[2019-04-15T13:47:22.095+0200][324,254s] GC(735) Pause Remark
[2019-04-15T13:47:22.095+0200][324,254s] GC(739) Pause Young (CMS Final Remark)
[2019-04-15T13:47:22.095+0200][324,254s] GC(739) Using 4 workers of 4 for evacuation
[2019-04-15T13:47:22.103+0200][324,262s] GC(739) ParNew: 16757K->6456K(109248K)
[2019-04-15T13:47:22.103+0200][324,262s] GC(739) CMS: 244365K->253591K(393216K)
[2019-04-15T13:47:22.103+0200][324,262s] GC(739) Metaspace: 85442K->85442K(1128448K)
[2019-04-15T13:47:22.103+0200][324,262s] GC(739) Pause Young (CMS Final Remark) 255M->253M(490M) 8,251ms
[2019-04-15T13:47:22.103+0200][324,262s] GC(739) User=0,03s Sys=0,00s Real=0,00s
[2019-04-15T13:47:22.138+0200][324,297s] GC(735) Pause Remark 255M->253M(490M) 43,152ms
[2019-04-15T13:47:22.138+0200][324,297s] GC(735) User=0,07s Sys=0,01s Real=0,04s
[2019-04-15T13:47:22.138+0200][324,297s] GC(735) Concurrent Sweep
[2019-04-15T13:47:22.212+0200][324,371s] GC(735) Concurrent Sweep 74,069ms
[2019-04-15T13:47:22.213+0200][324,371s] GC(735) User=0,15s Sys=0,00s Real=0,07s
[2019-04-15T13:47:22.213+0200][324,372s] GC(735) Concurrent Reset
[2019-04-15T13:47:22.213+0200][324,372s] GC(735) Concurrent Reset 0,535ms
[2019-04-15T13:47:22.213+0200][324,372s] GC(735) User=0,00s Sys=0,00s Real=0,01s
[2019-04-15T13:47:22.213+0200][324,372s] GC(735) Old: 240656K->248477K(393216K)
[2019-04-15T13:47:22.274+0200][324,432s] GC(740) Pause Young (Allocation Failure)
[2019-04-15T13:47:22.274+0200][324,433s] GC(740) Using 4 workers of 4 for evacuation
[2019-04-15T13:47:22.283+0200][324,442s] GC(740) ParNew: 93880K->20616K(109248K)
[2019-04-15T13:47:22.283+0200][324,442s] GC(740) CMS: 248477K->248486K(393216K)
[2019-04-15T13:47:22.283+0200][324,442s] GC(740) Metaspace: 85444K->85444K(1128448K)
[2019-04-15T13:47:22.283+0200][324,442s] GC(740) Pause Young (Allocation Failure) 334M->262M(490M) 9,626ms
[2019-04-15T13:47:22.283+0200][324,442s] GC(740) User=0,04s Sys=0,00s Real=0,00s
[2019-04-15T13:47:22.283+0200][324,442s] GC(741) Pause Initial Mark
[2019-04-15T13:47:22.285+0200][324,444s] GC(741) Pause Initial Mark 263M->263M(490M) 1,614ms
[2019-04-15T13:47:22.285+0200][324,444s] GC(741) User=0,00s Sys=0,00s Real=0,01s
[2019-04-15T13:47:22.285+0200][324,444s] GC(741) Concurrent Mark
[2019-04-15T13:47:22.285+0200][324,444s] GC(741) Using 4 workers of 4 for marking
[2019-04-15T13:47:22.332+0200][324,491s] GC(741) Concurrent Mark 46,636ms
[2019-04-15T13:47:22.332+0200][324,491s] GC(741) User=0,18s Sys=0,00s Real=0,04s
[2019-04-15T13:47:22.332+0200][324,491s] GC(741) Concurrent Preclean
[2019-04-15T13:47:22.333+0200][324,491s] GC(741) Concurrent Preclean 0,807ms
[2019-04-15T13:47:22.333+0200][324,491s] GC(741) User=0,00s Sys=0,00s Real=0,00s
[2019-04-15T13:47:22.333+0200][324,491s] GC(741) Concurrent Abortable Preclean
[2019-04-15T13:47:22.384+0200][324,543s] GC(742) Pause Young (Allocation Failure)
[2019-04-15T13:47:22.384+0200][324,543s] GC(742) Using 4 workers of 4 for evacuation
[2019-04-15T13:47:22.401+0200][324,560s] GC(742) ParNew: 108040K->21824K(109248K)
[2019-04-15T13:47:22.401+0200][324,560s] GC(742) CMS: 248486K->256235K(393216K)
[2019-04-15T13:47:22.401+0200][324,560s] GC(742) Metaspace: 85445K->85445K(1128448K)
[2019-04-15T13:47:22.401+0200][324,560s] GC(742) Pause Young (Allocation Failure) 348M->271M(490M) 16,587ms
[2019-04-15T13:47:22.401+0200][324,560s] GC(742) User=0,06s Sys=0,00s Real=0,02s
[2019-04-15T13:47:22.487+0200][324,646s] GC(743) Pause Young (Allocation Failure)
[2019-04-15T13:47:22.487+0200][324,646s] GC(743) Using 4 workers of 4 for evacuation
[2019-04-15T13:47:22.498+0200][324,657s] GC(743) ParNew: 109248K->21824K(109248K)
[2019-04-15T13:47:22.498+0200][324,657s] GC(743) CMS: 256235K->263013K(393216K)
[2019-04-15T13:47:22.498+0200][324,657s] GC(743) Metaspace: 85445K->85445K(1128448K)
[2019-04-15T13:47:22.498+0200][324,657s] GC(743) Pause Young (Allocation Failure) 356M->278M(490M) 10,858ms
[2019-04-15T13:47:22.498+0200][324,657s] GC(743) User=0,04s Sys=0,00s Real=0,01s
[2019-04-15T13:47:22.498+0200][324,657s] GC(741) Concurrent Abortable Preclean 165,465ms
[2019-04-15T13:47:22.498+0200][324,657s] GC(741) User=0,34s Sys=0,00s Real=0,17s
[2019-04-15T13:47:22.498+0200][324,657s] GC(741) Pause Remark
[2019-04-15T13:47:22.498+0200][324,657s] GC(744) Pause Young (CMS Final Remark)
[2019-04-15T13:47:22.498+0200][324,657s] GC(744) Using 4 workers of 4 for evacuation
[2019-04-15T13:47:22.507+0200][324,666s] GC(744) ParNew: 23239K->21824K(109248K)
[2019-04-15T13:47:22.507+0200][324,666s] GC(744) CMS: 263013K->263013K(393216K)
[2019-04-15T13:47:22.507+0200][324,666s] GC(744) Metaspace: 85445K->85445K(1128448K)
[2019-04-15T13:47:22.507+0200][324,666s] GC(744) Pause Young (CMS Final Remark) 279M->278M(490M) 9,281ms
[2019-04-15T13:47:22.507+0200][324,666s] GC(744) User=0,03s Sys=0,00s Real=0,01s
[2019-04-15T13:47:22.554+0200][324,713s] GC(741) Pause Remark 279M->278M(490M) 55,933ms
[2019-04-15T13:47:22.554+0200][324,713s] GC(741) User=0,12s Sys=0,00s Real=0,06s
[2019-04-15T13:47:22.554+0200][324,713s] GC(741) Concurrent Sweep
[2019-04-15T13:47:22.685+0200][324,844s] GC(745) Pause Young (Allocation Failure)
[2019-04-15T13:47:22.685+0200][324,844s] GC(745) Using 4 workers of 4 for evacuation
[2019-04-15T13:47:22.695+0200][324,854s] GC(745) ParNew: 109248K->21824K(109248K)
[2019-04-15T13:47:22.695+0200][324,854s] GC(745) CMS: 225528K->225843K(393216K)
[2019-04-15T13:47:22.695+0200][324,854s] GC(745) Metaspace: 85445K->85445K(1128448K)
[2019-04-15T13:47:22.695+0200][324,854s] GC(745) Pause Young (Allocation Failure) 326M->241M(490M) 9,924ms
[2019-04-15T13:47:22.695+0200][324,854s] GC(745) User=0,04s Sys=0,00s Real=0,01s
[2019-04-15T13:47:22.779+0200][324,938s] GC(746) Pause Young (Allocation Failure)
[2019-04-15T13:47:22.779+0200][324,938s] GC(746) Using 4 workers of 4 for evacuation
[2019-04-15T13:47:22.792+0200][324,951s] GC(746) ParNew: 109248K->19935K(109248K)
[2019-04-15T13:47:22.792+0200][324,951s] GC(746) CMS: 192452K->204497K(393216K)
[2019-04-15T13:47:22.792+0200][324,951s] GC(746) Metaspace: 85445K->85445K(1128448K)
[2019-04-15T13:47:22.792+0200][324,951s] GC(746) Pause Young (Allocation Failure) 294M->219M(490M) 13,310ms
[2019-04-15T13:47:22.792+0200][324,951s] GC(746) User=0,04s Sys=0,00s Real=0,01s
[2019-04-15T13:47:22.868+0200][325,027s] GC(741) Concurrent Sweep 313,784ms
[2019-04-15T13:47:22.868+0200][325,027s] GC(741) User=0,71s Sys=0,00s Real=0,31s
[2019-04-15T13:47:22.868+0200][325,027s] GC(741) Concurrent Reset
[2019-04-15T13:47:22.868+0200][325,027s] GC(741) Concurrent Reset 0,382ms
[2019-04-15T13:47:22.869+0200][325,027s] GC(741) User=0,00s Sys=0,00s Real=0,00s
[2019-04-15T13:47:22.869+0200][325,027s] GC(741) Old: 248486K->174442K(393216K)
[2019-04-15T13:47:22.880+0200][325,039s] GC(747) Pause Young (Allocation Failure)
[2019-04-15T13:47:22.880+0200][325,039s] GC(747) Using 4 workers of 4 for evacuation
[2019-04-15T13:47:22.889+0200][325,048s] GC(747) ParNew: 107359K->17534K(109248K)
[2019-04-15T13:47:22.889+0200][325,048s] GC(747) CMS: 174442K->174442K(393216K)
[2019-04-15T13:47:22.889+0200][325,048s] GC(747) Metaspace: 85445K->85445K(1128448K)
[2019-04-15T13:47:22.889+0200][325,048s] GC(747) Pause Young (Allocation Failure) 275M->187M(490M) 8,945ms
[2019-04-15T13:47:22.889+0200][325,048s] GC(747) User=0,03s Sys=0,00s Real=0,01s
[2019-04-15T13:47:22.970+0200][325,129s] GC(748) Pause Young (Allocation Failure)
[2019-04-15T13:47:22.970+0200][325,129s] GC(748) Using 4 workers of 4 for evacuation
[2019-04-15T13:47:22.981+0200][325,140s] GC(748) ParNew: 104958K->18186K(109248K)
[2019-04-15T13:47:22.981+0200][325,140s] GC(748) CMS: 174442K->174442K(393216K)
[2019-04-15T13:47:22.981+0200][325,140s] GC(748) Metaspace: 85445K->85445K(1128448K)
[2019-04-15T13:47:22.981+0200][325,140s] GC(748) Pause Young (Allocation Failure) 272M->188M(490M) 10,375ms
[2019-04-15T13:47:22.981+0200][325,140s] GC(748) User=0,03s Sys=0,00s Real=0,01s
[2019-04-15T13:47:23.064+0200][325,223s] GC(749) Pause Young (Allocation Failure)
[2019-04-15T13:47:23.064+0200][325,223s] GC(749) Using 4 workers of 4 for evacuation
[2019-04-15T13:47:23.076+0200][325,234s] GC(749) ParNew: 105610K->21824K(109248K)
[2019-04-15T13:47:23.076+0200][325,235s] GC(749) CMS: 174442K->174903K(393216K)
[2019-04-15T13:47:23.076+0200][325,235s] GC(749) Metaspace: 85445K->85445K(1128448K)
[2019-04-15T13:47:23.076+0200][325,235s] GC(749) Pause Young (Allocation Failure) 273M->192M(490M) 11,530ms
[2019-04-15T13:47:23.076+0200][325,235s] GC(749) User=0,04s Sys=0,00s Real=0,02s
[2019-04-15T13:47:23.161+0200][325,320s] GC(750) Pause Young (Allocation Failure)
[2019-04-15T13:47:23.161+0200][325,320s] GC(750) Using 4 workers of 4 for evacuation
[2019-04-15T13:47:23.173+0200][325,332s] GC(750) ParNew: 109248K->19174K(109248K)
[2019-04-15T13:47:23.173+0200][325,332s] GC(750) CMS: 174903K->178229K(393216K)
[2019-04-15T13:47:23.173+0200][325,332s] GC(750) Metaspace: 85445K->85445K(1128448K)
[2019-04-15T13:47:23.173+0200][325,332s] GC(750) Pause Young (Allocation Failure) 277M->192M(490M) 12,519ms
[2019-04-15T13:47:23.174+0200][325,332s] GC(750) User=0,05s Sys=0,00s Real=0,02s
[2019-04-15T13:47:23.245+0200][325,404s] GC(751) Pause Young (Allocation Failure)
[2019-04-15T13:47:23.245+0200][325,404s] GC(751) Using 4 workers of 4 for evacuation
[2019-04-15T13:47:23.257+0200][325,416s] GC(751) ParNew: 106598K->20962K(109248K)
[2019-04-15T13:47:23.257+0200][325,416s] GC(751) CMS: 178229K->179990K(393216K)
[2019-04-15T13:47:23.257+0200][325,416s] GC(751) Metaspace: 85445K->85445K(1128448K)
[2019-04-15T13:47:23.257+0200][325,416s] GC(751) Pause Young (Allocation Failure) 278M->196M(490M) 11,874ms
[2019-04-15T13:47:23.257+0200][325,416s] GC(751) User=0,03s Sys=0,00s Real=0,02s
[2019-04-15T13:47:23.335+0200][325,494s] GC(752) Pause Young (Allocation Failure)
[2019-04-15T13:47:23.335+0200][325,494s] GC(752) Using 4 workers of 4 for evacuation
[2019-04-15T13:47:23.346+0200][325,505s] GC(752) ParNew: 108386K->20611K(109248K)
[2019-04-15T13:47:23.346+0200][325,505s] GC(752) CMS: 179990K->179990K(393216K)
[2019-04-15T13:47:23.346+0200][325,505s] GC(752) Metaspace: 85445K->85445K(1128448K)
[2019-04-15T13:47:23.346+0200][325,505s] GC(752) Pause Young (Allocation Failure) 281M->195M(490M) 10,732ms
[2019-04-15T13:47:23.346+0200][325,505s] GC(752) User=0,03s Sys=0,00s Real=0,01s
[2019-04-15T13:47:23.447+0200][325,606s] GC(753) Pause Young (Allocation Failure)
[2019-04-15T13:47:23.447+0200][325,606s] GC(753) Using 4 workers of 4 for evacuation
[2019-04-15T13:47:23.461+0200][325,620s] GC(753) ParNew: 108035K->21824K(109248K)
[2019-04-15T13:47:23.461+0200][325,620s] GC(753) CMS: 179990K->182362K(393216K)
[2019-04-15T13:47:23.461+0200][325,620s] GC(753) Metaspace: 85445K->85445K(1128448K)
[2019-04-15T13:47:23.461+0200][325,620s] GC(753) Pause Young (Allocation Failure) 281M->199M(490M) 14,126ms
[2019-04-15T13:47:23.461+0200][325,620s] GC(753) User=0,04s Sys=0,01s Real=0,01s
[2019-04-15T13:47:23.529+0200][325,688s] GC(754) Pause Young (Allocation Failure)
[2019-04-15T13:47:23.529+0200][325,688s] GC(754) Using 4 workers of 4 for evacuation
[2019-04-15T13:47:23.541+0200][325,700s] GC(754) ParNew: 109248K->21824K(109248K)
[2019-04-15T13:47:23.541+0200][325,700s] GC(754) CMS: 182362K->184592K(393216K)
[2019-04-15T13:47:23.541+0200][325,700s] GC(754) Metaspace: 85445K->85445K(1128448K)
[2019-04-15T13:47:23.541+0200][325,700s] GC(754) Pause Young (Allocation Failure) 284M->201M(490M) 12,250ms
[2019-04-15T13:47:23.541+0200][325,700s] GC(754) User=0,04s Sys=0,00s Real=0,01s
[2019-04-15T13:47:23.607+0200][325,766s] GC(755) Pause Young (Allocation Failure)
[2019-04-15T13:47:23.607+0200][325,766s] GC(755) Using 4 workers of 4 for evacuation
[2019-04-15T13:47:23.620+0200][325,779s] GC(755) ParNew: 109248K->21824K(109248K)
[2019-04-15T13:47:23.620+0200][325,779s] GC(755) CMS: 184592K->186985K(393216K)
[2019-04-15T13:47:23.620+0200][325,779s] GC(755) Metaspace: 85445K->85445K(1128448K)
[2019-04-15T13:47:23.620+0200][325,779s] GC(755) Pause Young (Allocation Failure) 286M->203M(490M) 12,663ms
[2019-04-15T13:47:23.620+0200][325,779s] GC(755) User=0,04s Sys=0,00s Real=0,01s
[2019-04-15T13:47:23.690+0200][325,849s] GC(756) Pause Young (Allocation Failure)
[2019-04-15T13:47:23.690+0200][325,849s] GC(756) Using 4 workers of 4 for evacuation
[2019-04-15T13:47:23.702+0200][325,861s] GC(756) ParNew: 109248K->21824K(109248K)
[2019-04-15T13:47:23.702+0200][325,861s] GC(756) CMS: 186985K->188809K(393216K)
[2019-04-15T13:47:23.702+0200][325,861s] GC(756) Metaspace: 85447K->85447K(1128448K)
[2019-04-15T13:47:23.702+0200][325,861s] GC(756) Pause Young (Allocation Failure) 289M->205M(490M) 11,426ms
[2019-04-15T13:47:23.702+0200][325,861s] GC(756) User=0,04s Sys=0,00s Real=0,01s
[2019-04-15T13:47:23.768+0200][325,927s] GC(757) Pause Young (Allocation Failure)
[2019-04-15T13:47:23.768+0200][325,927s] GC(757) Using 4 workers of 4 for evacuation
[2019-04-15T13:47:23.779+0200][325,938s] GC(757) ParNew: 109248K->18049K(109248K)
[2019-04-15T13:47:23.779+0200][325,938s] GC(757) CMS: 188809K->191798K(393216K)
[2019-04-15T13:47:23.779+0200][325,938s] GC(757) Metaspace: 85447K->85447K(1128448K)
[2019-04-15T13:47:23.779+0200][325,938s] GC(757) Pause Young (Allocation Failure) 291M->204M(490M) 10,738ms
[2019-04-15T13:47:23.779+0200][325,938s] GC(757) User=0,03s Sys=0,00s Real=0,01s
[2019-04-15T13:47:23.874+0200][326,033s] GC(758) Pause Young (Allocation Failure)
[2019-04-15T13:47:23.874+0200][326,033s] GC(758) Using 4 workers of 4 for evacuation
[2019-04-15T13:47:23.887+0200][326,046s] GC(758) ParNew: 105473K->17090K(109248K)
[2019-04-15T13:47:23.887+0200][326,046s] GC(758) CMS: 191798K->193753K(393216K)
[2019-04-15T13:47:23.887+0200][326,046s] GC(758) Metaspace: 85447K->85447K(1128448K)
[2019-04-15T13:47:23.887+0200][326,046s] GC(758) Pause Young (Allocation Failure) 290M->205M(490M) 13,106ms
[2019-04-15T13:47:23.887+0200][326,046s] GC(758) User=0,03s Sys=0,00s Real=0,01s
[2019-04-15T13:47:23.958+0200][326,117s] GC(759) Pause Young (Allocation Failure)
[2019-04-15T13:47:23.958+0200][326,117s] GC(759) Using 4 workers of 4 for evacuation
[2019-04-15T13:47:23.974+0200][326,133s] GC(759) ParNew: 104514K->21824K(109248K)
[2019-04-15T13:47:23.974+0200][326,133s] GC(759) CMS: 193753K->207739K(393216K)
[2019-04-15T13:47:23.974+0200][326,133s] GC(759) Metaspace: 85447K->85447K(1128448K)
[2019-04-15T13:47:23.974+0200][326,133s] GC(759) Pause Young (Allocation Failure) 291M->224M(490M) 15,529ms
[2019-04-15T13:47:23.974+0200][326,133s] GC(759) User=0,06s Sys=0,00s Real=0,02s
[2019-04-15T13:47:23.974+0200][326,133s] GC(760) Pause Initial Mark
[2019-04-15T13:47:23.976+0200][326,135s] GC(760) Pause Initial Mark 225M->225M(490M) 2,010ms
[2019-04-15T13:47:23.976+0200][326,135s] GC(760) User=0,00s Sys=0,00s Real=0,00s
[2019-04-15T13:47:23.976+0200][326,135s] GC(760) Concurrent Mark
[2019-04-15T13:47:23.976+0200][326,135s] GC(760) Using 4 workers of 4 for marking
[2019-04-15T13:47:24.041+0200][326,200s] GC(760) Concurrent Mark 64,973ms
[2019-04-15T13:47:24.041+0200][326,200s] GC(760) User=0,20s Sys=0,00s Real=0,06s
[2019-04-15T13:47:24.041+0200][326,200s] GC(760) Concurrent Preclean
[2019-04-15T13:47:24.042+0200][326,201s] GC(760) Concurrent Preclean 1,020ms
[2019-04-15T13:47:24.042+0200][326,201s] GC(760) User=0,00s Sys=0,00s Real=0,00s
[2019-04-15T13:47:24.042+0200][326,201s] GC(760) Concurrent Abortable Preclean
[2019-04-15T13:47:24.084+0200][326,243s] GC(761) Pause Young (Allocation Failure)
[2019-04-15T13:47:24.084+0200][326,243s] GC(761) Using 4 workers of 4 for evacuation
[2019-04-15T13:47:24.095+0200][326,254s] GC(761) ParNew: 109248K->21824K(109248K)
[2019-04-15T13:47:24.095+0200][326,254s] GC(761) CMS: 207739K->212498K(393216K)
[2019-04-15T13:47:24.095+0200][326,254s] GC(761) Metaspace: 85447K->85447K(1128448K)
[2019-04-15T13:47:24.095+0200][326,254s] GC(761) Pause Young (Allocation Failure) 309M->228M(490M) 11,105ms
[2019-04-15T13:47:24.095+0200][326,254s] GC(761) User=0,04s Sys=0,00s Real=0,02s
[2019-04-15T13:47:24.152+0200][326,310s] GC(762) Pause Young (Allocation Failure)
[2019-04-15T13:47:24.152+0200][326,311s] GC(762) Using 4 workers of 4 for evacuation
[2019-04-15T13:47:24.160+0200][326,319s] GC(762) ParNew: 109248K->21824K(109248K)
[2019-04-15T13:47:24.160+0200][326,319s] GC(762) CMS: 212498K->212498K(393216K)
[2019-04-15T13:47:24.160+0200][326,319s] GC(762) Metaspace: 85447K->85447K(1128448K)
[2019-04-15T13:47:24.160+0200][326,319s] GC(762) Pause Young (Allocation Failure) 314M->228M(490M) 8,648ms
[2019-04-15T13:47:24.160+0200][326,319s] GC(762) User=0,03s Sys=0,00s Real=0,01s
[2019-04-15T13:47:24.160+0200][326,319s] GC(760) Concurrent Abortable Preclean 117,999ms
[2019-04-15T13:47:24.160+0200][326,319s] GC(760) User=0,24s Sys=0,01s Real=0,12s
[2019-04-15T13:47:24.160+0200][326,319s] GC(760) Pause Remark
[2019-04-15T13:47:24.160+0200][326,319s] GC(763) Pause Young (CMS Final Remark)
[2019-04-15T13:47:24.160+0200][326,319s] GC(763) Using 4 workers of 4 for evacuation
[2019-04-15T13:47:24.169+0200][326,328s] GC(763) ParNew: 23302K->21824K(109248K)
[2019-04-15T13:47:24.169+0200][326,328s] GC(763) CMS: 212498K->214867K(393216K)
[2019-04-15T13:47:24.169+0200][326,328s] GC(763) Metaspace: 85447K->85447K(1128448K)
[2019-04-15T13:47:24.169+0200][326,328s] GC(763) Pause Young (CMS Final Remark) 230M->231M(490M) 8,477ms
[2019-04-15T13:47:24.169+0200][326,328s] GC(763) User=0,03s Sys=0,00s Real=0,01s
[2019-04-15T13:47:24.204+0200][326,362s] GC(760) Pause Remark 230M->231M(490M) 43,193ms
[2019-04-15T13:47:24.204+0200][326,363s] GC(760) User=0,08s Sys=0,00s Real=0,04s
[2019-04-15T13:47:24.204+0200][326,363s] GC(760) Concurrent Sweep
[2019-04-15T13:47:24.260+0200][326,419s] GC(764) Pause Young (Allocation Failure)
[2019-04-15T13:47:24.260+0200][326,419s] GC(764) Using 4 workers of 4 for evacuation
[2019-04-15T13:47:24.269+0200][326,428s] GC(764) ParNew: 109248K->21824K(109248K)
[2019-04-15T13:47:24.269+0200][326,428s] GC(764) CMS: 175577K->175580K(393216K)
[2019-04-15T13:47:24.269+0200][326,428s] GC(764) Metaspace: 85447K->85447K(1128448K)
[2019-04-15T13:47:24.269+0200][326,428s] GC(764) Pause Young (Allocation Failure) 278M->192M(490M) 8,763ms
[2019-04-15T13:47:24.269+0200][326,428s] GC(764) User=0,03s Sys=0,00s Real=0,01s
[2019-04-15T13:47:24.291+0200][326,450s] GC(760) Concurrent Sweep 87,127ms
[2019-04-15T13:47:24.291+0200][326,450s] GC(760) User=0,19s Sys=0,00s Real=0,09s
[2019-04-15T13:47:24.291+0200][326,450s] GC(760) Concurrent Reset
[2019-04-15T13:47:24.292+0200][326,451s] GC(760) Concurrent Reset 0,887ms
[2019-04-15T13:47:24.292+0200][326,451s] GC(760) User=0,00s Sys=0,00s Real=0,00s
[2019-04-15T13:47:24.292+0200][326,451s] GC(760) Old: 207739K->161524K(393216K)
[2019-04-15T13:47:24.330+0200][326,489s] GC(765) Pause Young (Allocation Failure)
[2019-04-15T13:47:24.330+0200][326,489s] GC(765) Using 4 workers of 4 for evacuation
[2019-04-15T13:47:24.338+0200][326,497s] GC(765) ParNew: 109248K->20202K(109248K)
[2019-04-15T13:47:24.338+0200][326,497s] GC(765) CMS: 161524K->161529K(393216K)
[2019-04-15T13:47:24.338+0200][326,497s] GC(765) Metaspace: 85447K->85447K(1128448K)
[2019-04-15T13:47:24.338+0200][326,497s] GC(765) Pause Young (Allocation Failure) 264M->177M(490M) 7,967ms
[2019-04-15T13:47:24.338+0200][326,497s] GC(765) User=0,03s Sys=0,00s Real=0,01s
[2019-04-15T13:47:24.389+0200][326,548s] GC(766) Pause Young (Allocation Failure)
[2019-04-15T13:47:24.389+0200][326,548s] GC(766) Using 4 workers of 4 for evacuation
[2019-04-15T13:47:24.398+0200][326,557s] GC(766) ParNew: 107626K->21824K(109248K)
[2019-04-15T13:47:24.398+0200][326,557s] GC(766) CMS: 161529K->161549K(393216K)
[2019-04-15T13:47:24.398+0200][326,557s] GC(766) Metaspace: 85447K->85447K(1128448K)
[2019-04-15T13:47:24.398+0200][326,557s] GC(766) Pause Young (Allocation Failure) 262M->179M(490M) 9,620ms
[2019-04-15T13:47:24.398+0200][326,557s] GC(766) User=0,03s Sys=0,00s Real=0,01s
[2019-04-15T13:47:24.453+0200][326,612s] GC(767) Pause Young (Allocation Failure)
[2019-04-15T13:47:24.453+0200][326,612s] GC(767) Using 4 workers of 4 for evacuation
[2019-04-15T13:47:24.462+0200][326,621s] GC(767) ParNew: 109248K->21824K(109248K)
[2019-04-15T13:47:24.462+0200][326,621s] GC(767) CMS: 161549K->166333K(393216K)
[2019-04-15T13:47:24.462+0200][326,621s] GC(767) Metaspace: 85447K->85447K(1128448K)
[2019-04-15T13:47:24.462+0200][326,621s] GC(767) Pause Young (Allocation Failure) 264M->183M(490M) 8,536ms
[2019-04-15T13:47:24.462+0200][326,621s] GC(767) User=0,03s Sys=0,00s Real=0,00s
[2019-04-15T13:47:24.516+0200][326,675s] GC(768) Pause Young (Allocation Failure)
[2019-04-15T13:47:24.516+0200][326,675s] GC(768) Using 4 workers of 4 for evacuation
[2019-04-15T13:47:24.527+0200][326,686s] GC(768) ParNew: 109248K->9340K(109248K)
[2019-04-15T13:47:24.527+0200][326,686s] GC(768) CMS: 166333K->176213K(393216K)
[2019-04-15T13:47:24.527+0200][326,686s] GC(768) Metaspace: 85447K->85447K(1128448K)
[2019-04-15T13:47:24.527+0200][326,686s] GC(768) Pause Young (Allocation Failure) 269M->181M(490M) 10,880ms
[2019-04-15T13:47:24.527+0200][326,686s] GC(768) User=0,03s Sys=0,00s Real=0,01s
[2019-04-15T13:47:24.580+0200][326,739s] GC(769) Pause Young (Allocation Failure)
[2019-04-15T13:47:24.580+0200][326,739s] GC(769) Using 4 workers of 4 for evacuation
[2019-04-15T13:47:24.585+0200][326,744s] GC(769) ParNew: 96764K->4662K(109248K)
[2019-04-15T13:47:24.585+0200][326,744s] GC(769) CMS: 176213K->176645K(393216K)
[2019-04-15T13:47:24.585+0200][326,744s] GC(769) Metaspace: 85447K->85447K(1128448K)
[2019-04-15T13:47:24.585+0200][326,744s] GC(769) Pause Young (Allocation Failure) 266M->177M(490M) 4,720ms
[2019-04-15T13:47:24.585+0200][326,744s] GC(769) User=0,02s Sys=0,00s Real=0,00s
[2019-04-15T13:47:24.641+0200][326,800s] GC(770) Pause Young (Allocation Failure)
[2019-04-15T13:47:24.641+0200][326,800s] GC(770) Using 4 workers of 4 for evacuation
[2019-04-15T13:47:24.648+0200][326,807s] GC(770) ParNew: 92086K->4117K(109248K)
[2019-04-15T13:47:24.648+0200][326,807s] GC(770) CMS: 176645K->177060K(393216K)
[2019-04-15T13:47:24.648+0200][326,807s] GC(770) Metaspace: 85447K->85447K(1128448K)
[2019-04-15T13:47:24.648+0200][326,807s] GC(770) Pause Young (Allocation Failure) 262M->176M(490M) 7,036ms
[2019-04-15T13:47:24.648+0200][326,807s] GC(770) User=0,02s Sys=0,00s Real=0,01s
[2019-04-15T13:47:24.706+0200][326,865s] GC(771) Pause Young (Allocation Failure)
[2019-04-15T13:47:24.706+0200][326,865s] GC(771) Using 4 workers of 4 for evacuation
[2019-04-15T13:47:24.714+0200][326,873s] GC(771) ParNew: 91541K->4870K(109248K)
[2019-04-15T13:47:24.714+0200][326,873s] GC(771) CMS: 177060K->177060K(393216K)
[2019-04-15T13:47:24.714+0200][326,873s] GC(771) Metaspace: 85447K->85447K(1128448K)
[2019-04-15T13:47:24.714+0200][326,873s] GC(771) Pause Young (Allocation Failure) 262M->177M(490M) 7,957ms
[2019-04-15T13:47:24.714+0200][326,873s] GC(771) User=0,02s Sys=0,00s Real=0,01s
[2019-04-15T13:47:24.765+0200][326,924s] GC(772) Pause Young (Allocation Failure)
[2019-04-15T13:47:24.765+0200][326,924s] GC(772) Using 4 workers of 4 for evacuation
[2019-04-15T13:47:24.772+0200][326,931s] GC(772) ParNew: 92294K->6439K(109248K)
[2019-04-15T13:47:24.772+0200][326,931s] GC(772) CMS: 177060K->177472K(393216K)
[2019-04-15T13:47:24.772+0200][326,931s] GC(772) Metaspace: 85447K->85447K(1128448K)
[2019-04-15T13:47:24.772+0200][326,931s] GC(772) Pause Young (Allocation Failure) 263M->179M(490M) 7,321ms
[2019-04-15T13:47:24.772+0200][326,931s] GC(772) User=0,03s Sys=0,00s Real=0,00s
[2019-04-15T13:47:24.840+0200][326,999s] GC(773) Pause Young (Allocation Failure)
[2019-04-15T13:47:24.840+0200][326,999s] GC(773) Using 4 workers of 4 for evacuation
[2019-04-15T13:47:24.848+0200][327,007s] GC(773) ParNew: 93863K->6376K(109248K)
[2019-04-15T13:47:24.848+0200][327,007s] GC(773) CMS: 177472K->177503K(393216K)
[2019-04-15T13:47:24.848+0200][327,007s] GC(773) Metaspace: 85465K->85465K(1128448K)
[2019-04-15T13:47:24.848+0200][327,007s] GC(773) Pause Young (Allocation Failure) 264M->179M(490M) 8,139ms
[2019-04-15T13:47:24.848+0200][327,007s] GC(773) User=0,02s Sys=0,00s Real=0,01s
[2019-04-15T13:47:24.904+0200][327,063s] GC(774) Pause Young (Allocation Failure)
[2019-04-15T13:47:24.904+0200][327,063s] GC(774) Using 4 workers of 4 for evacuation
[2019-04-15T13:47:24.913+0200][327,072s] GC(774) ParNew: 93800K->7322K(109248K)
[2019-04-15T13:47:24.913+0200][327,072s] GC(774) CMS: 177503K->177553K(393216K)
[2019-04-15T13:47:24.913+0200][327,072s] GC(774) Metaspace: 85465K->85465K(1128448K)
[2019-04-15T13:47:24.913+0200][327,072s] GC(774) Pause Young (Allocation Failure) 264M->180M(490M) 8,548ms
[2019-04-15T13:47:24.913+0200][327,072s] GC(774) User=0,03s Sys=0,00s Real=0,02s
[2019-04-15T13:47:24.970+0200][327,129s] GC(775) Pause Young (Allocation Failure)
[2019-04-15T13:47:24.970+0200][327,129s] GC(775) Using 4 workers of 4 for evacuation
[2019-04-15T13:47:24.977+0200][327,136s] GC(775) ParNew: 94746K->7555K(109248K)
[2019-04-15T13:47:24.977+0200][327,136s] GC(775) CMS: 177553K->178095K(393216K)
[2019-04-15T13:47:24.977+0200][327,136s] GC(775) Metaspace: 85465K->85465K(1128448K)
[2019-04-15T13:47:24.977+0200][327,136s] GC(775) Pause Young (Allocation Failure) 265M->181M(490M) 7,788ms
[2019-04-15T13:47:24.977+0200][327,136s] GC(775) User=0,03s Sys=0,00s Real=0,01s
[2019-04-15T13:47:25.032+0200][327,191s] GC(776) Pause Young (Allocation Failure)
[2019-04-15T13:47:25.032+0200][327,191s] GC(776) Using 4 workers of 4 for evacuation
[2019-04-15T13:47:25.038+0200][327,197s] GC(776) ParNew: 94979K->6547K(109248K)
[2019-04-15T13:47:25.038+0200][327,197s] GC(776) CMS: 178095K->178403K(393216K)
[2019-04-15T13:47:25.038+0200][327,197s] GC(776) Metaspace: 85465K->85465K(1128448K)
[2019-04-15T13:47:25.038+0200][327,197s] GC(776) Pause Young (Allocation Failure) 266M->180M(490M) 5,984ms
[2019-04-15T13:47:25.038+0200][327,197s] GC(776) User=0,02s Sys=0,00s Real=0,01s
[2019-04-15T13:47:25.095+0200][327,254s] GC(777) Pause Young (Allocation Failure)
[2019-04-15T13:47:25.095+0200][327,254s] GC(777) Using 4 workers of 4 for evacuation
[2019-04-15T13:47:25.101+0200][327,260s] GC(777) ParNew: 93971K->9272K(109248K)
[2019-04-15T13:47:25.101+0200][327,260s] GC(777) CMS: 178403K->178482K(393216K)
[2019-04-15T13:47:25.101+0200][327,260s] GC(777) Metaspace: 85465K->85465K(1128448K)
[2019-04-15T13:47:25.101+0200][327,260s] GC(777) Pause Young (Allocation Failure) 265M->183M(490M) 6,313ms
[2019-04-15T13:47:25.101+0200][327,260s] GC(777) User=0,02s Sys=0,00s Real=0,00s
[2019-04-15T13:47:25.157+0200][327,316s] GC(778) Pause Young (Allocation Failure)
[2019-04-15T13:47:25.157+0200][327,316s] GC(778) Using 4 workers of 4 for evacuation
[2019-04-15T13:47:25.165+0200][327,324s] GC(778) ParNew: 96696K->7946K(109248K)
[2019-04-15T13:47:25.165+0200][327,324s] GC(778) CMS: 178482K->178930K(393216K)
[2019-04-15T13:47:25.165+0200][327,324s] GC(778) Metaspace: 85465K->85465K(1128448K)
[2019-04-15T13:47:25.165+0200][327,324s] GC(778) Pause Young (Allocation Failure) 268M->182M(490M) 8,145ms
[2019-04-15T13:47:25.165+0200][327,324s] GC(778) User=0,02s Sys=0,01s Real=0,01s
[2019-04-15T13:47:25.221+0200][327,380s] GC(779) Pause Young (Allocation Failure)
[2019-04-15T13:47:25.221+0200][327,380s] GC(779) Using 4 workers of 4 for evacuation
[2019-04-15T13:47:25.229+0200][327,388s] GC(779) ParNew: 95370K->7061K(109248K)
[2019-04-15T13:47:25.229+0200][327,388s] GC(779) CMS: 178930K->179526K(393216K)
[2019-04-15T13:47:25.229+0200][327,388s] GC(779) Metaspace: 85465K->85465K(1128448K)
[2019-04-15T13:47:25.229+0200][327,388s] GC(779) Pause Young (Allocation Failure) 267M->182M(490M) 7,826ms
[2019-04-15T13:47:25.229+0200][327,388s] GC(779) User=0,02s Sys=0,00s Real=0,01s
[2019-04-15T13:47:25.281+0200][327,440s] GC(780) Pause Young (Allocation Failure)
[2019-04-15T13:47:25.281+0200][327,440s] GC(780) Using 4 workers of 4 for evacuation
[2019-04-15T13:47:25.287+0200][327,446s] GC(780) ParNew: 94485K->6849K(109248K)
[2019-04-15T13:47:25.287+0200][327,446s] GC(780) CMS: 179526K->182053K(393216K)
[2019-04-15T13:47:25.287+0200][327,446s] GC(780) Metaspace: 85465K->85465K(1128448K)
[2019-04-15T13:47:25.288+0200][327,446s] GC(780) Pause Young (Allocation Failure) 267M->184M(490M) 6,773ms
[2019-04-15T13:47:25.288+0200][327,446s] GC(780) User=0,03s Sys=0,00s Real=0,01s
[2019-04-15T13:47:25.339+0200][327,498s] GC(781) Pause Young (Allocation Failure)
[2019-04-15T13:47:25.339+0200][327,498s] GC(781) Using 4 workers of 4 for evacuation
[2019-04-15T13:47:25.346+0200][327,505s] GC(781) ParNew: 94273K->5019K(109248K)
[2019-04-15T13:47:25.346+0200][327,505s] GC(781) CMS: 182053K->182371K(393216K)
[2019-04-15T13:47:25.346+0200][327,505s] GC(781) Metaspace: 85465K->85465K(1128448K)
[2019-04-15T13:47:25.346+0200][327,505s] GC(781) Pause Young (Allocation Failure) 269M->182M(490M) 6,460ms
[2019-04-15T13:47:25.346+0200][327,505s] GC(781) User=0,02s Sys=0,00s Real=0,01s
[2019-04-15T13:47:25.395+0200][327,554s] GC(782) Pause Young (Allocation Failure)
[2019-04-15T13:47:25.395+0200][327,554s] GC(782) Using 4 workers of 4 for evacuation
[2019-04-15T13:47:25.403+0200][327,562s] GC(782) ParNew: 92443K->8480K(109248K)
[2019-04-15T13:47:25.403+0200][327,562s] GC(782) CMS: 182371K->183092K(393216K)
[2019-04-15T13:47:25.403+0200][327,562s] GC(782) Metaspace: 85465K->85465K(1128448K)
[2019-04-15T13:47:25.403+0200][327,562s] GC(782) Pause Young (Allocation Failure) 268M->187M(490M) 7,987ms
[2019-04-15T13:47:25.403+0200][327,562s] GC(782) User=0,02s Sys=0,00s Real=0,00s
[2019-04-15T13:47:25.459+0200][327,618s] GC(783) Pause Young (Allocation Failure)
[2019-04-15T13:47:25.459+0200][327,618s] GC(783) Using 4 workers of 4 for evacuation
[2019-04-15T13:47:25.466+0200][327,625s] GC(783) ParNew: 95904K->9460K(109248K)
[2019-04-15T13:47:25.466+0200][327,625s] GC(783) CMS: 183092K->183473K(393216K)
[2019-04-15T13:47:25.466+0200][327,625s] GC(783) Metaspace: 85465K->85465K(1128448K)
[2019-04-15T13:47:25.466+0200][327,625s] GC(783) Pause Young (Allocation Failure) 272M->188M(490M) 6,542ms
[2019-04-15T13:47:25.466+0200][327,625s] GC(783) User=0,02s Sys=0,00s Real=0,01s
[2019-04-15T13:47:25.522+0200][327,681s] GC(784) Pause Young (Allocation Failure)
[2019-04-15T13:47:25.522+0200][327,681s] GC(784) Using 4 workers of 4 for evacuation
[2019-04-15T13:47:25.534+0200][327,693s] GC(784) ParNew: 96884K->8615K(109248K)
[2019-04-15T13:47:25.534+0200][327,693s] GC(784) CMS: 183473K->183767K(393216K)
[2019-04-15T13:47:25.534+0200][327,693s] GC(784) Metaspace: 85465K->85465K(1128448K)
[2019-04-15T13:47:25.534+0200][327,693s] GC(784) Pause Young (Allocation Failure) 273M->187M(490M) 11,801ms
[2019-04-15T13:47:25.534+0200][327,693s] GC(784) User=0,04s Sys=0,00s Real=0,02s
[2019-04-15T13:47:25.592+0200][327,751s] GC(785) Pause Young (Allocation Failure)
[2019-04-15T13:47:25.592+0200][327,751s] GC(785) Using 4 workers of 4 for evacuation
[2019-04-15T13:47:25.599+0200][327,758s] GC(785) ParNew: 96039K->9709K(109248K)
[2019-04-15T13:47:25.599+0200][327,758s] GC(785) CMS: 183767K->184579K(393216K)
[2019-04-15T13:47:25.599+0200][327,758s] GC(785) Metaspace: 85465K->85465K(1128448K)
[2019-04-15T13:47:25.599+0200][327,758s] GC(785) Pause Young (Allocation Failure) 273M->189M(490M) 7,256ms
[2019-04-15T13:47:25.599+0200][327,758s] GC(785) User=0,02s Sys=0,00s Real=0,01s
[2019-04-15T13:47:25.730+0200][327,889s] GC(786) Pause Young (Allocation Failure)
[2019-04-15T13:47:25.730+0200][327,889s] GC(786) Using 4 workers of 4 for evacuation
[2019-04-15T13:47:25.738+0200][327,897s] GC(786) ParNew: 97133K->18747K(109248K)
[2019-04-15T13:47:25.738+0200][327,897s] GC(786) CMS: 184579K->184598K(393216K)
[2019-04-15T13:47:25.738+0200][327,897s] GC(786) Metaspace: 85466K->85466K(1128448K)
[2019-04-15T13:47:25.738+0200][327,897s] GC(786) Pause Young (Allocation Failure) 275M->198M(490M) 7,513ms
[2019-04-15T13:47:25.738+0200][327,897s] GC(786) User=0,03s Sys=0,00s Real=0,01s
[2019-04-15T13:47:25.806+0200][327,964s] GC(787) Pause Young (Allocation Failure)
[2019-04-15T13:47:25.806+0200][327,964s] GC(787) Using 4 workers of 4 for evacuation
[2019-04-15T13:47:25.819+0200][327,978s] GC(787) ParNew: 106171K->21824K(109248K)
[2019-04-15T13:47:25.819+0200][327,978s] GC(787) CMS: 184598K->187494K(393216K)
[2019-04-15T13:47:25.819+0200][327,978s] GC(787) Metaspace: 85466K->85466K(1128448K)
[2019-04-15T13:47:25.819+0200][327,978s] GC(787) Pause Young (Allocation Failure) 283M->204M(490M) 13,630ms
[2019-04-15T13:47:25.819+0200][327,978s] GC(787) User=0,04s Sys=0,00s Real=0,01s
[2019-04-15T13:47:25.899+0200][328,058s] GC(788) Pause Young (Allocation Failure)
[2019-04-15T13:47:25.899+0200][328,058s] GC(788) Using 4 workers of 4 for evacuation
[2019-04-15T13:47:25.910+0200][328,069s] GC(788) ParNew: 109248K->21824K(109248K)
[2019-04-15T13:47:25.910+0200][328,069s] GC(788) CMS: 187494K->192231K(393216K)
[2019-04-15T13:47:25.910+0200][328,069s] GC(788) Metaspace: 85466K->85466K(1128448K)
[2019-04-15T13:47:25.910+0200][328,069s] GC(788) Pause Young (Allocation Failure) 289M->209M(490M) 10,717ms
[2019-04-15T13:47:25.910+0200][328,069s] GC(788) User=0,04s Sys=0,00s Real=0,01s
[2019-04-15T13:47:25.975+0200][328,134s] GC(789) Pause Young (Allocation Failure)
[2019-04-15T13:47:25.975+0200][328,134s] GC(789) Using 4 workers of 4 for evacuation
[2019-04-15T13:47:25.984+0200][328,143s] GC(789) ParNew: 109248K->21300K(109248K)
[2019-04-15T13:47:25.984+0200][328,143s] GC(789) CMS: 192231K->192231K(393216K)
[2019-04-15T13:47:25.984+0200][328,143s] GC(789) Metaspace: 85466K->85466K(1128448K)
[2019-04-15T13:47:25.984+0200][328,143s] GC(789) Pause Young (Allocation Failure) 294M->208M(490M) 9,223ms
[2019-04-15T13:47:25.984+0200][328,143s] GC(789) User=0,03s Sys=0,00s Real=0,00s
[2019-04-15T13:47:26.052+0200][328,211s] GC(790) Pause Young (Allocation Failure)
[2019-04-15T13:47:26.052+0200][328,211s] GC(790) Using 4 workers of 4 for evacuation
[2019-04-15T13:47:26.063+0200][328,222s] GC(790) ParNew: 108724K->21824K(109248K)
[2019-04-15T13:47:26.063+0200][328,222s] GC(790) CMS: 192231K->193523K(393216K)
[2019-04-15T13:47:26.063+0200][328,222s] GC(790) Metaspace: 85466K->85466K(1128448K)
[2019-04-15T13:47:26.063+0200][328,222s] GC(790) Pause Young (Allocation Failure) 293M->210M(490M) 10,563ms
[2019-04-15T13:47:26.063+0200][328,222s] GC(790) User=0,04s Sys=0,00s Real=0,01s
[2019-04-15T13:47:26.161+0200][328,320s] GC(791) Pause Young (Allocation Failure)
[2019-04-15T13:47:26.161+0200][328,320s] GC(791) Using 4 workers of 4 for evacuation
[2019-04-15T13:47:26.176+0200][328,335s] GC(791) ParNew: 109248K->21824K(109248K)
[2019-04-15T13:47:26.176+0200][328,335s] GC(791) CMS: 193523K->208406K(393216K)
[2019-04-15T13:47:26.176+0200][328,335s] GC(791) Metaspace: 85466K->85466K(1128448K)
[2019-04-15T13:47:26.176+0200][328,335s] GC(791) Pause Young (Allocation Failure) 295M->224M(490M) 14,852ms
[2019-04-15T13:47:26.176+0200][328,335s] GC(791) User=0,05s Sys=0,00s Real=0,02s
[2019-04-15T13:47:26.176+0200][328,335s] GC(792) Pause Initial Mark
[2019-04-15T13:47:26.178+0200][328,337s] GC(792) Pause Initial Mark 225M->225M(490M) 2,360ms
[2019-04-15T13:47:26.178+0200][328,337s] GC(792) User=0,01s Sys=0,00s Real=0,00s
[2019-04-15T13:47:26.178+0200][328,337s] GC(792) Concurrent Mark
[2019-04-15T13:47:26.178+0200][328,337s] GC(792) Using 4 workers of 4 for marking
[2019-04-15T13:47:26.225+0200][328,384s] GC(792) Concurrent Mark 46,352ms
[2019-04-15T13:47:26.225+0200][328,384s] GC(792) User=0,16s Sys=0,01s Real=0,05s
[2019-04-15T13:47:26.225+0200][328,384s] GC(792) Concurrent Preclean
[2019-04-15T13:47:26.226+0200][328,385s] GC(792) Concurrent Preclean 1,185ms
[2019-04-15T13:47:26.226+0200][328,385s] GC(792) User=0,00s Sys=0,00s Real=0,00s
[2019-04-15T13:47:26.226+0200][328,385s] GC(792) Concurrent Abortable Preclean
[2019-04-15T13:47:26.282+0200][328,441s] GC(793) Pause Young (Allocation Failure)
[2019-04-15T13:47:26.282+0200][328,441s] GC(793) Using 4 workers of 4 for evacuation
[2019-04-15T13:47:26.297+0200][328,456s] GC(793) ParNew: 109248K->21824K(109248K)
[2019-04-15T13:47:26.297+0200][328,456s] GC(793) CMS: 208406K->217542K(393216K)
[2019-04-15T13:47:26.297+0200][328,456s] GC(793) Metaspace: 85468K->85468K(1128448K)
[2019-04-15T13:47:26.297+0200][328,456s] GC(793) Pause Young (Allocation Failure) 310M->233M(490M) 15,620ms
[2019-04-15T13:47:26.297+0200][328,456s] GC(793) User=0,04s Sys=0,00s Real=0,02s
[2019-04-15T13:47:26.375+0200][328,534s] GC(792) Concurrent Abortable Preclean 148,876ms
[2019-04-15T13:47:26.375+0200][328,534s] GC(792) User=0,32s Sys=0,00s Real=0,15s
[2019-04-15T13:47:26.375+0200][328,534s] GC(792) Pause Remark
[2019-04-15T13:47:26.375+0200][328,534s] GC(794) Pause Young (CMS Final Remark)
[2019-04-15T13:47:26.375+0200][328,534s] GC(794) Using 4 workers of 4 for evacuation
[2019-04-15T13:47:26.385+0200][328,544s] GC(794) ParNew: 83935K->17801K(109248K)
[2019-04-15T13:47:26.385+0200][328,544s] GC(794) CMS: 217542K->217542K(393216K)
[2019-04-15T13:47:26.385+0200][328,544s] GC(794) Metaspace: 85481K->85481K(1128448K)
[2019-04-15T13:47:26.385+0200][328,544s] GC(794) Pause Young (CMS Final Remark) 294M->229M(490M) 9,785ms
[2019-04-15T13:47:26.385+0200][328,544s] GC(794) User=0,03s Sys=0,00s Real=0,01s
[2019-04-15T13:47:26.423+0200][328,582s] GC(792) Pause Remark 294M->229M(490M) 48,122ms
[2019-04-15T13:47:26.423+0200][328,582s] GC(792) User=0,08s Sys=0,00s Real=0,04s
[2019-04-15T13:47:26.423+0200][328,582s] GC(792) Concurrent Sweep
[2019-04-15T13:47:26.530+0200][328,689s] GC(792) Concurrent Sweep 106,791ms
[2019-04-15T13:47:26.530+0200][328,689s] GC(792) User=0,26s Sys=0,01s Real=0,11s
[2019-04-15T13:47:26.530+0200][328,689s] GC(792) Concurrent Reset
[2019-04-15T13:47:26.531+0200][328,690s] GC(792) Concurrent Reset 0,568ms
[2019-04-15T13:47:26.531+0200][328,690s] GC(792) User=0,00s Sys=0,00s Real=0,00s
[2019-04-15T13:47:26.531+0200][328,690s] GC(792) Old: 208406K->158023K(393216K)
[2019-04-15T13:47:26.550+0200][328,709s] GC(795) Pause Young (Allocation Failure)
[2019-04-15T13:47:26.550+0200][328,709s] GC(795) Using 4 workers of 4 for evacuation
[2019-04-15T13:47:26.566+0200][328,725s] GC(795) ParNew: 105225K->21727K(109248K)
[2019-04-15T13:47:26.566+0200][328,725s] GC(795) CMS: 158023K->158023K(393216K)
[2019-04-15T13:47:26.566+0200][328,725s] GC(795) Metaspace: 85529K->85529K(1128448K)
[2019-04-15T13:47:26.566+0200][328,725s] GC(795) Pause Young (Allocation Failure) 257M->175M(490M) 15,845ms
[2019-04-15T13:47:26.566+0200][328,725s] GC(795) User=0,03s Sys=0,00s Real=0,02s
[2019-04-15T13:47:26.755+0200][328,914s] GC(796) Pause Young (Allocation Failure)
[2019-04-15T13:47:26.755+0200][328,914s] GC(796) Using 4 workers of 4 for evacuation
[2019-04-15T13:47:26.785+0200][328,944s] GC(796) ParNew: 109151K->21824K(109248K)
[2019-04-15T13:47:26.785+0200][328,944s] GC(796) CMS: 158023K->181373K(393216K)
[2019-04-15T13:47:26.785+0200][328,944s] GC(796) Metaspace: 85557K->85557K(1128448K)
[2019-04-15T13:47:26.785+0200][328,944s] GC(796) Pause Young (Allocation Failure) 260M->198M(490M) 29,338ms
[2019-04-15T13:47:26.785+0200][328,944s] GC(796) User=0,07s Sys=0,01s Real=0,02s
[2019-04-15T13:47:27.107+0200][329,266s] GC(797) Pause Young (Allocation Failure)
[2019-04-15T13:47:27.108+0200][329,267s] GC(797) Using 4 workers of 4 for evacuation
[2019-04-15T13:47:27.135+0200][329,294s] GC(797) ParNew: 109248K->21824K(109248K)
[2019-04-15T13:47:27.135+0200][329,294s] GC(797) CMS: 181373K->228398K(393216K)
[2019-04-15T13:47:27.135+0200][329,294s] GC(797) Metaspace: 85557K->85557K(1128448K)
[2019-04-15T13:47:27.135+0200][329,294s] GC(797) Pause Young (Allocation Failure) 283M->244M(490M) 27,265ms
[2019-04-15T13:47:27.135+0200][329,294s] GC(797) User=0,06s Sys=0,00s Real=0,03s
[2019-04-15T13:47:27.135+0200][329,294s] GC(798) Pause Initial Mark
[2019-04-15T13:47:27.136+0200][329,295s] GC(798) Pause Initial Mark 245M->245M(490M) 1,076ms
[2019-04-15T13:47:27.136+0200][329,295s] GC(798) User=0,00s Sys=0,00s Real=0,00s
[2019-04-15T13:47:27.136+0200][329,295s] GC(798) Concurrent Mark
[2019-04-15T13:47:27.136+0200][329,295s] GC(798) Using 4 workers of 4 for marking
[2019-04-15T13:47:27.216+0200][329,375s] GC(798) Concurrent Mark 80,389ms
[2019-04-15T13:47:27.216+0200][329,375s] GC(798) User=0,19s Sys=0,05s Real=0,08s
[2019-04-15T13:47:27.216+0200][329,375s] GC(798) Concurrent Preclean
[2019-04-15T13:47:27.218+0200][329,377s] GC(798) Concurrent Preclean 1,263ms
[2019-04-15T13:47:27.218+0200][329,377s] GC(798) User=0,00s Sys=0,00s Real=0,00s
[2019-04-15T13:47:27.218+0200][329,377s] GC(798) Concurrent Abortable Preclean
[2019-04-15T13:47:27.565+0200][329,724s] GC(799) Pause Young (Allocation Failure)
[2019-04-15T13:47:27.565+0200][329,724s] GC(799) Using 4 workers of 4 for evacuation
[2019-04-15T13:47:27.599+0200][329,758s] GC(799) ParNew: 109248K->21824K(109248K)
[2019-04-15T13:47:27.599+0200][329,758s] GC(799) CMS: 228398K->308639K(393216K)
[2019-04-15T13:47:27.599+0200][329,758s] GC(799) Metaspace: 85557K->85557K(1128448K)
[2019-04-15T13:47:27.599+0200][329,758s] GC(799) Pause Young (Allocation Failure) 329M->322M(490M) 34,058ms
[2019-04-15T13:47:27.599+0200][329,758s] GC(799) User=0,07s Sys=0,01s Real=0,03s
[2019-04-15T13:47:27.633+0200][329,792s] GC(800) Pause Young (Allocation Failure)
[2019-04-15T13:47:27.633+0200][329,792s] GC(800) Using 4 workers of 4 for evacuation
[2019-04-15T13:47:27.633+0200][329,792s] GC(801) Pause Full (Allocation Failure)
[2019-04-15T13:47:27.633+0200][329,792s] GC(798) Concurrent Abortable Preclean 415,610ms
[2019-04-15T13:47:27.633+0200][329,792s] GC(798) User=0,31s Sys=0,20s Real=0,42s
[2019-04-15T13:47:27.634+0200][329,792s] GC(801) Phase 1: Mark live objects
[2019-04-15T13:47:27.708+0200][329,866s] GC(801) Phase 1: Mark live objects 73,961ms
[2019-04-15T13:47:27.708+0200][329,867s] GC(801) Phase 2: Compute new object addresses
[2019-04-15T13:47:27.755+0200][329,914s] GC(801) Phase 2: Compute new object addresses 47,025ms
[2019-04-15T13:47:27.755+0200][329,914s] GC(801) Phase 3: Adjust pointers
[2019-04-15T13:47:27.815+0200][329,973s] GC(801) Phase 3: Adjust pointers 59,882ms
[2019-04-15T13:47:27.815+0200][329,973s] GC(801) Phase 4: Move objects
[2019-04-15T13:47:27.880+0200][330,039s] GC(801) Phase 4: Move objects 65,716ms
[2019-04-15T13:47:27.881+0200][330,040s] GC(801) Pause Full (Allocation Failure) 408M->311M(490M) 247,992ms
[2019-04-15T13:47:27.881+0200][330,040s] GC(800) ParNew: 109248K->0K(109248K)
[2019-04-15T13:47:27.881+0200][330,040s] GC(800) CMS: 308639K->319055K(393216K)
[2019-04-15T13:47:27.881+0200][330,040s] GC(800) Metaspace: 85557K->85557K(1128448K)
[2019-04-15T13:47:27.881+0200][330,040s] GC(800) Pause Young (Allocation Failure) 408M->311M(490M) 248,112ms
[2019-04-15T13:47:27.881+0200][330,040s] GC(800) User=0,25s Sys=0,01s Real=0,24s
[2019-04-15T13:47:27.918+0200][330,077s] GC(802) Pause Young (Allocation Failure)
[2019-04-15T13:47:27.918+0200][330,077s] GC(802) Using 4 workers of 4 for evacuation
[2019-04-15T13:47:27.918+0200][330,077s] GC(803) Pause Full (Allocation Failure)
[2019-04-15T13:47:27.919+0200][330,078s] GC(803) Phase 1: Mark live objects
[2019-04-15T13:47:27.993+0200][330,152s] GC(803) Phase 1: Mark live objects 73,890ms
[2019-04-15T13:47:27.993+0200][330,152s] GC(803) Phase 2: Compute new object addresses
[2019-04-15T13:47:28.046+0200][330,205s] GC(803) Phase 2: Compute new object addresses 53,583ms
[2019-04-15T13:47:28.046+0200][330,205s] GC(803) Phase 3: Adjust pointers
[2019-04-15T13:47:28.111+0200][330,270s] GC(803) Phase 3: Adjust pointers 64,932ms
[2019-04-15T13:47:28.111+0200][330,270s] GC(803) Phase 4: Move objects
[2019-04-15T13:47:28.186+0200][330,345s] GC(803) Phase 4: Move objects 74,734ms
[2019-04-15T13:47:28.187+0200][330,346s] GC(803) Pause Full (Allocation Failure) 396M->360M(490M) 268,320ms
[2019-04-15T13:47:28.187+0200][330,346s] GC(802) ParNew: 87424K->0K(109248K)
[2019-04-15T13:47:28.187+0200][330,346s] GC(802) CMS: 319055K->369025K(393216K)
[2019-04-15T13:47:28.187+0200][330,346s] GC(802) Metaspace: 85557K->85557K(1128448K)
[2019-04-15T13:47:28.187+0200][330,346s] GC(802) Pause Young (Allocation Failure) 396M->360M(490M) 268,436ms
[2019-04-15T13:47:28.187+0200][330,346s] GC(802) User=0,26s Sys=0,00s Real=0,27s
[2019-04-15T13:47:28.188+0200][330,347s] GC(804) Pause Initial Mark
[2019-04-15T13:47:28.189+0200][330,348s] GC(804) Pause Initial Mark 362M->362M(490M) 1,115ms
[2019-04-15T13:47:28.189+0200][330,348s] GC(804) User=0,00s Sys=0,00s Real=0,00s
[2019-04-15T13:47:28.189+0200][330,348s] GC(804) Concurrent Mark
[2019-04-15T13:47:28.189+0200][330,348s] GC(804) Using 4 workers of 4 for marking
[2019-04-15T13:47:28.249+0200][330,408s] GC(804) Concurrent Mark 59,741ms
[2019-04-15T13:47:28.249+0200][330,408s] GC(804) User=0,23s Sys=0,00s Real=0,06s
[2019-04-15T13:47:28.249+0200][330,408s] GC(804) Concurrent Preclean
[2019-04-15T13:47:28.250+0200][330,409s] GC(804) Concurrent Preclean 1,147ms
[2019-04-15T13:47:28.250+0200][330,409s] GC(804) User=0,00s Sys=0,00s Real=0,00s
[2019-04-15T13:47:28.250+0200][330,409s] GC(804) Concurrent Abortable Preclean
[2019-04-15T13:47:28.250+0200][330,409s] GC(804) Concurrent Abortable Preclean 0,011ms
[2019-04-15T13:47:28.250+0200][330,409s] GC(804) User=0,00s Sys=0,00s Real=0,00s
[2019-04-15T13:47:28.251+0200][330,409s] GC(804) Pause Remark
[2019-04-15T13:47:28.251+0200][330,409s] GC(805) Pause Young (CMS Final Remark)
[2019-04-15T13:47:28.251+0200][330,409s] GC(805) Using 4 workers of 4 for evacuation
[2019-04-15T13:47:28.251+0200][330,410s] GC(805) ParNew: 61474K->61474K(109248K)
[2019-04-15T13:47:28.251+0200][330,410s] GC(805) CMS: 369025K->369025K(393216K)
[2019-04-15T13:47:28.251+0200][330,410s] GC(805) Metaspace: 85557K->85557K(1128448K)
[2019-04-15T13:47:28.251+0200][330,410s] GC(805) Pause Young (CMS Final Remark) 420M->420M(490M) 0,078ms
[2019-04-15T13:47:28.251+0200][330,410s] GC(805) User=0,00s Sys=0,00s Real=0,00s
[2019-04-15T13:47:28.308+0200][330,467s] GC(804) Pause Remark 420M->420M(490M) 57,079ms
[2019-04-15T13:47:28.308+0200][330,467s] GC(804) User=0,14s Sys=0,00s Real=0,06s
[2019-04-15T13:47:28.308+0200][330,467s] GC(804) Concurrent Sweep
[2019-04-15T13:47:28.385+0200][330,544s] GC(804) Concurrent Sweep 77,295ms
[2019-04-15T13:47:28.385+0200][330,544s] GC(804) User=0,23s Sys=0,00s Real=0,08s
[2019-04-15T13:47:28.385+0200][330,544s] GC(806) Pause Young (Allocation Failure)
[2019-04-15T13:47:28.385+0200][330,544s] GC(806) Using 4 workers of 4 for evacuation
[2019-04-15T13:47:28.385+0200][330,544s] GC(807) Pause Full (Allocation Failure)
[2019-04-15T13:47:28.386+0200][330,545s] GC(807) Phase 1: Mark live objects
[2019-04-15T13:47:28.486+0200][330,645s] GC(807) Phase 1: Mark live objects 100,310ms
[2019-04-15T13:47:28.486+0200][330,645s] GC(807) Phase 2: Compute new object addresses
[2019-04-15T13:47:28.544+0200][330,703s] GC(807) Phase 2: Compute new object addresses 58,447ms
[2019-04-15T13:47:28.545+0200][330,703s] GC(807) Phase 3: Adjust pointers
[2019-04-15T13:47:28.615+0200][330,774s] GC(807) Phase 3: Adjust pointers 70,754ms
[2019-04-15T13:47:28.615+0200][330,774s] GC(807) Phase 4: Move objects
[2019-04-15T13:47:28.683+0200][330,842s] GC(807) Phase 4: Move objects 67,384ms
[2019-04-15T13:47:28.683+0200][330,842s] GC(807) Pause Full (Allocation Failure) 449M->377M(490M) 298,200ms
[2019-04-15T13:47:28.683+0200][330,842s] GC(806) ParNew: 87424K->0K(109248K)
[2019-04-15T13:47:28.683+0200][330,842s] GC(806) CMS: 372421K->386100K(393216K)
[2019-04-15T13:47:28.684+0200][330,842s] GC(806) Metaspace: 85557K->85557K(1128448K)
[2019-04-15T13:47:28.684+0200][330,842s] GC(806) Pause Young (Allocation Failure) 449M->377M(490M) 298,335ms
[2019-04-15T13:47:28.684+0200][330,842s] GC(806) User=0,35s Sys=0,01s Real=0,29s
[2019-04-15T13:47:28.684+0200][330,843s] GC(804) Old: 369025K->386100K(393216K)
[2019-04-15T13:47:28.744+0200][330,903s] GC(808) Pause Young (Allocation Failure)
[2019-04-15T13:47:28.744+0200][330,903s] GC(808) Using 4 workers of 4 for evacuation
[2019-04-15T13:47:28.744+0200][330,903s] GC(809) Pause Full (Allocation Failure)
[2019-04-15T13:47:28.745+0200][330,903s] GC(809) Phase 1: Mark live objects
[2019-04-15T13:47:28.835+0200][330,993s] GC(809) Phase 1: Mark live objects 89,975ms
[2019-04-15T13:47:28.835+0200][330,994s] GC(809) Phase 2: Compute new object addresses
[2019-04-15T13:47:28.901+0200][331,060s] GC(809) Phase 2: Compute new object addresses 66,151ms
[2019-04-15T13:47:28.901+0200][331,060s] GC(809) Phase 3: Adjust pointers
[2019-04-15T13:47:28.973+0200][331,132s] GC(809) Phase 3: Adjust pointers 71,959ms
[2019-04-15T13:47:28.973+0200][331,132s] GC(809) Phase 4: Move objects
[2019-04-15T13:47:28.985+0200][331,144s] GC(809) Phase 4: Move objects 12,472ms
[2019-04-15T13:47:28.986+0200][331,145s] GC(809) Pause Full (Allocation Failure) 462M->390M(490M) 241,894ms
[2019-04-15T13:47:28.986+0200][331,145s] GC(808) ParNew: 87424K->7011K(109248K)
[2019-04-15T13:47:28.986+0200][331,145s] GC(808) CMS: 386100K->393215K(393216K)
[2019-04-15T13:47:28.986+0200][331,145s] GC(808) Metaspace: 85558K->85558K(1128448K)
[2019-04-15T13:47:28.986+0200][331,145s] GC(808) Pause Young (Allocation Failure) 462M->390M(490M) 242,114ms
[2019-04-15T13:47:28.986+0200][331,145s] GC(808) User=0,24s Sys=0,00s Real=0,25s
[2019-04-15T13:47:28.987+0200][331,146s] GC(810) Pause Initial Mark
[2019-04-15T13:47:28.990+0200][331,149s] GC(810) Pause Initial Mark 392M->392M(490M) 3,137ms
[2019-04-15T13:47:28.990+0200][331,149s] GC(810) User=0,00s Sys=0,00s Real=0,00s
[2019-04-15T13:47:28.991+0200][331,149s] GC(810) Concurrent Mark
[2019-04-15T13:47:28.991+0200][331,149s] GC(810) Using 4 workers of 4 for marking
[2019-04-15T13:47:29.049+0200][331,208s] GC(810) Concurrent Mark 58,064ms
[2019-04-15T13:47:29.049+0200][331,208s] GC(810) User=0,22s Sys=0,00s Real=0,06s
[2019-04-15T13:47:29.049+0200][331,208s] GC(810) Concurrent Preclean
[2019-04-15T13:47:29.128+0200][331,287s] GC(810) Concurrent Preclean 79,779ms
[2019-04-15T13:47:29.128+0200][331,287s] GC(810) User=0,15s Sys=0,00s Real=0,08s
[2019-04-15T13:47:29.128+0200][331,287s] GC(810) Concurrent Abortable Preclean
[2019-04-15T13:47:29.128+0200][331,287s] GC(810) Concurrent Abortable Preclean 0,007ms
[2019-04-15T13:47:29.128+0200][331,287s] GC(810) User=0,00s Sys=0,00s Real=0,00s
[2019-04-15T13:47:29.129+0200][331,288s] GC(810) Pause Remark
[2019-04-15T13:47:29.129+0200][331,288s] GC(811) Pause Young (CMS Final Remark)
[2019-04-15T13:47:29.129+0200][331,288s] GC(811) Using 4 workers of 4 for evacuation
[2019-04-15T13:47:29.129+0200][331,288s] GC(811) ParNew: 94664K->94664K(109248K)
[2019-04-15T13:47:29.129+0200][331,288s] GC(811) CMS: 393215K->393215K(393216K)
[2019-04-15T13:47:29.129+0200][331,288s] GC(811) Metaspace: 85558K->85558K(1128448K)
[2019-04-15T13:47:29.129+0200][331,288s] GC(811) Pause Young (CMS Final Remark) 476M->476M(490M) 0,061ms
[2019-04-15T13:47:29.129+0200][331,288s] GC(811) User=0,00s Sys=0,00s Real=0,00s
[2019-04-15T13:47:29.200+0200][331,359s] GC(810) Pause Remark 476M->476M(490M) 71,583ms
[2019-04-15T13:47:29.200+0200][331,359s] GC(810) User=0,19s Sys=0,00s Real=0,07s
[2019-04-15T13:47:29.200+0200][331,359s] GC(810) Concurrent Sweep
[2019-04-15T13:47:29.241+0200][331,400s] GC(810) Concurrent Sweep 40,897ms
[2019-04-15T13:47:29.241+0200][331,400s] GC(810) User=0,09s Sys=0,00s Real=0,04s
[2019-04-15T13:47:29.241+0200][331,400s] GC(810) Concurrent Reset
[2019-04-15T13:47:29.242+0200][331,400s] GC(810) Concurrent Reset 0,267ms
[2019-04-15T13:47:29.242+0200][331,400s] GC(810) User=0,00s Sys=0,00s Real=0,00s
[2019-04-15T13:47:29.242+0200][331,401s] GC(810) Old: 393215K->392856K(393216K)
[2019-04-15T13:47:29.284+0200][331,443s] GC(812) Pause Young (Allocation Failure)
[2019-04-15T13:47:29.284+0200][331,443s] GC(812) Using 4 workers of 4 for evacuation
[2019-04-15T13:47:29.284+0200][331,443s] GC(813) Pause Full (Allocation Failure)
[2019-04-15T13:47:29.285+0200][331,444s] GC(813) Phase 1: Mark live objects
[2019-04-15T13:47:29.385+0200][331,544s] GC(813) Phase 1: Mark live objects 100,402ms
[2019-04-15T13:47:29.385+0200][331,544s] GC(813) Phase 2: Compute new object addresses
[2019-04-15T13:47:29.459+0200][331,618s] GC(813) Phase 2: Compute new object addresses 73,337ms
[2019-04-15T13:47:29.459+0200][331,618s] GC(813) Phase 3: Adjust pointers
[2019-04-15T13:47:29.541+0200][331,699s] GC(813) Phase 3: Adjust pointers 81,911ms
[2019-04-15T13:47:29.541+0200][331,700s] GC(813) Phase 4: Move objects
[2019-04-15T13:47:29.616+0200][331,775s] GC(813) Phase 4: Move objects 75,678ms
[2019-04-15T13:47:29.617+0200][331,776s] GC(813) Pause Full (Allocation Failure) 490M->410M(490M) 332,568ms
[2019-04-15T13:47:29.617+0200][331,776s] GC(812) ParNew: 109248K->26745K(109248K)
[2019-04-15T13:47:29.617+0200][331,776s] GC(812) CMS: 392856K->393216K(393216K)
[2019-04-15T13:47:29.617+0200][331,776s] GC(812) Metaspace: 85558K->85558K(1128448K)
[2019-04-15T13:47:29.617+0200][331,776s] GC(812) Pause Young (Allocation Failure) 490M->410M(490M) 332,702ms
[2019-04-15T13:47:29.617+0200][331,776s] GC(812) User=0,33s Sys=0,00s Real=0,34s
[2019-04-15T13:47:29.617+0200][331,776s] GC(814) Pause Initial Mark
[2019-04-15T13:47:29.629+0200][331,788s] GC(814) Pause Initial Mark 411M->411M(490M) 11,613ms
[2019-04-15T13:47:29.629+0200][331,788s] GC(814) User=0,01s Sys=0,00s Real=0,01s
[2019-04-15T13:47:29.629+0200][331,788s] GC(814) Concurrent Mark
[2019-04-15T13:47:29.629+0200][331,788s] GC(814) Using 4 workers of 4 for marking
[2019-04-15T13:47:29.695+0200][331,854s] GC(814) Concurrent Mark 66,082ms
[2019-04-15T13:47:29.695+0200][331,854s] GC(814) User=0,26s Sys=0,00s Real=0,07s
[2019-04-15T13:47:29.695+0200][331,854s] GC(814) Concurrent Preclean
[2019-04-15T13:47:29.771+0200][331,930s] GC(814) Concurrent Preclean 75,882ms
[2019-04-15T13:47:29.771+0200][331,930s] GC(814) User=0,15s Sys=0,00s Real=0,07s
[2019-04-15T13:47:29.771+0200][331,930s] GC(814) Concurrent Abortable Preclean
[2019-04-15T13:47:29.771+0200][331,930s] GC(814) Concurrent Abortable Preclean 0,009ms
[2019-04-15T13:47:29.771+0200][331,930s] GC(814) User=0,00s Sys=0,00s Real=0,00s
[2019-04-15T13:47:29.771+0200][331,930s] GC(814) Pause Remark
[2019-04-15T13:47:29.771+0200][331,930s] GC(815) Pause Young (CMS Final Remark)
[2019-04-15T13:47:29.771+0200][331,930s] GC(815) Using 4 workers of 4 for evacuation
[2019-04-15T13:47:29.771+0200][331,930s] GC(815) ParNew: 100107K->100107K(109248K)
[2019-04-15T13:47:29.771+0200][331,930s] GC(815) CMS: 393216K->393216K(393216K)
[2019-04-15T13:47:29.771+0200][331,930s] GC(815) Metaspace: 85558K->85558K(1128448K)
[2019-04-15T13:47:29.771+0200][331,930s] GC(815) Pause Young (CMS Final Remark) 481M->481M(490M) 0,060ms
[2019-04-15T13:47:29.771+0200][331,930s] GC(815) User=0,00s Sys=0,00s Real=0,00s
[2019-04-15T13:47:29.847+0200][332,006s] GC(814) Pause Remark 481M->481M(490M) 76,025ms
[2019-04-15T13:47:29.847+0200][332,006s] GC(814) User=0,22s Sys=0,00s Real=0,08s
[2019-04-15T13:47:29.847+0200][332,006s] GC(814) Concurrent Sweep
[2019-04-15T13:47:29.888+0200][332,047s] GC(814) Concurrent Sweep 40,296ms
[2019-04-15T13:47:29.888+0200][332,047s] GC(814) User=0,08s Sys=0,00s Real=0,04s
[2019-04-15T13:47:29.888+0200][332,047s] GC(814) Concurrent Reset
[2019-04-15T13:47:29.888+0200][332,047s] GC(814) Concurrent Reset 0,255ms
[2019-04-15T13:47:29.888+0200][332,047s] GC(814) User=0,00s Sys=0,00s Real=0,00s
[2019-04-15T13:47:29.888+0200][332,047s] GC(814) Old: 393216K->393216K(393216K)
[2019-04-15T13:47:29.901+0200][332,060s] GC(816) Pause Young (Allocation Failure)
[2019-04-15T13:47:29.901+0200][332,060s] GC(816) Using 4 workers of 4 for evacuation
[2019-04-15T13:47:29.901+0200][332,060s] GC(817) Pause Full (Allocation Failure)
[2019-04-15T13:47:29.902+0200][332,061s] GC(817) Phase 1: Mark live objects
[2019-04-15T13:47:30.016+0200][332,175s] GC(817) Phase 1: Mark live objects 114,699ms
[2019-04-15T13:47:30.016+0200][332,175s] GC(817) Phase 2: Compute new object addresses
[2019-04-15T13:47:30.101+0200][332,260s] GC(817) Phase 2: Compute new object addresses 84,438ms
[2019-04-15T13:47:30.101+0200][332,260s] GC(817) Phase 3: Adjust pointers
[2019-04-15T13:47:30.189+0200][332,347s] GC(817) Phase 3: Adjust pointers 87,703ms
[2019-04-15T13:47:30.189+0200][332,347s] GC(817) Phase 4: Move objects
[2019-04-15T13:47:30.258+0200][332,417s] GC(817) Phase 4: Move objects 69,274ms
[2019-04-15T13:47:30.258+0200][332,417s] GC(817) Pause Full (Allocation Failure) 490M->427M(490M) 357,404ms
[2019-04-15T13:47:30.258+0200][332,417s] GC(816) ParNew: 109201K->44884K(109248K)
[2019-04-15T13:47:30.258+0200][332,417s] GC(816) CMS: 393216K->393215K(393216K)
[2019-04-15T13:47:30.258+0200][332,417s] GC(816) Metaspace: 85558K->85558K(1128448K)
[2019-04-15T13:47:30.259+0200][332,417s] GC(816) Pause Young (Allocation Failure) 490M->427M(490M) 357,510ms
[2019-04-15T13:47:30.259+0200][332,417s] GC(816) User=0,35s Sys=0,00s Real=0,36s
[2019-04-15T13:47:30.259+0200][332,418s] GC(818) Pause Initial Mark
[2019-04-15T13:47:30.280+0200][332,439s] GC(818) Pause Initial Mark 428M->428M(490M) 20,474ms
[2019-04-15T13:47:30.280+0200][332,439s] GC(818) User=0,02s Sys=0,00s Real=0,02s
[2019-04-15T13:47:30.280+0200][332,439s] GC(818) Concurrent Mark
[2019-04-15T13:47:30.280+0200][332,439s] GC(818) Using 4 workers of 4 for marking
[2019-04-15T13:47:30.340+0200][332,499s] GC(818) Concurrent Mark 59,715ms
[2019-04-15T13:47:30.340+0200][332,499s] GC(818) User=0,24s Sys=0,00s Real=0,06s
[2019-04-15T13:47:30.340+0200][332,499s] GC(818) Concurrent Preclean
[2019-04-15T13:47:30.418+0200][332,577s] GC(818) Concurrent Preclean 78,253ms
[2019-04-15T13:47:30.418+0200][332,577s] GC(818) User=0,15s Sys=0,00s Real=0,08s
[2019-04-15T13:47:30.418+0200][332,577s] GC(818) Concurrent Abortable Preclean
[2019-04-15T13:47:30.418+0200][332,577s] GC(818) Concurrent Abortable Preclean 0,012ms
[2019-04-15T13:47:30.418+0200][332,577s] GC(818) User=0,00s Sys=0,00s Real=0,00s
[2019-04-15T13:47:30.419+0200][332,578s] GC(818) Pause Remark
[2019-04-15T13:47:30.419+0200][332,578s] GC(819) Pause Young (CMS Final Remark)
[2019-04-15T13:47:30.419+0200][332,578s] GC(819) Using 4 workers of 4 for evacuation
[2019-04-15T13:47:30.419+0200][332,578s] GC(819) ParNew: 98981K->98981K(109248K)
[2019-04-15T13:47:30.419+0200][332,578s] GC(819) CMS: 393215K->393215K(393216K)
[2019-04-15T13:47:30.419+0200][332,578s] GC(819) Metaspace: 85558K->85558K(1128448K)
[2019-04-15T13:47:30.419+0200][332,578s] GC(819) Pause Young (CMS Final Remark) 480M->480M(490M) 0,089ms
[2019-04-15T13:47:30.419+0200][332,578s] GC(819) User=0,00s Sys=0,00s Real=0,00s
[2019-04-15T13:47:30.500+0200][332,659s] GC(818) Pause Remark 480M->480M(490M) 81,315ms
[2019-04-15T13:47:30.500+0200][332,659s] GC(818) User=0,23s Sys=0,00s Real=0,08s
[2019-04-15T13:47:30.500+0200][332,659s] GC(818) Concurrent Sweep
[2019-04-15T13:47:30.550+0200][332,708s] GC(818) Concurrent Sweep 49,476ms
[2019-04-15T13:47:30.550+0200][332,709s] GC(818) User=0,10s Sys=0,00s Real=0,05s
[2019-04-15T13:47:30.550+0200][332,709s] GC(818) Concurrent Reset
[2019-04-15T13:47:30.550+0200][332,709s] GC(818) Concurrent Reset 0,371ms
[2019-04-15T13:47:30.550+0200][332,709s] GC(818) User=0,00s Sys=0,00s Real=0,00s
[2019-04-15T13:47:30.550+0200][332,709s] GC(818) Old: 393215K->393215K(393216K)
[2019-04-15T13:47:30.570+0200][332,729s] GC(820) Pause Young (Allocation Failure)
[2019-04-15T13:47:30.570+0200][332,729s] GC(820) Using 4 workers of 4 for evacuation
[2019-04-15T13:47:30.570+0200][332,729s] GC(821) Pause Full (Allocation Failure)
[2019-04-15T13:47:30.570+0200][332,729s] GC(821) Phase 1: Mark live objects
[2019-04-15T13:47:30.688+0200][332,847s] GC(821) Phase 1: Mark live objects 117,551ms
[2019-04-15T13:47:30.688+0200][332,847s] GC(821) Phase 2: Compute new object addresses
[2019-04-15T13:47:30.765+0200][332,924s] GC(821) Phase 2: Compute new object addresses 76,785ms
[2019-04-15T13:47:30.765+0200][332,924s] GC(821) Phase 3: Adjust pointers
[2019-04-15T13:47:30.855+0200][333,014s] GC(821) Phase 3: Adjust pointers 90,632ms
[2019-04-15T13:47:30.855+0200][333,014s] GC(821) Phase 4: Move objects
[2019-04-15T13:47:30.892+0200][333,051s] GC(821) Phase 4: Move objects 36,675ms
[2019-04-15T13:47:30.893+0200][333,052s] GC(821) Pause Full (Allocation Failure) 490M->439M(490M) 322,894ms
[2019-04-15T13:47:30.893+0200][333,052s] GC(820) ParNew: 109247K->57012K(109248K)
[2019-04-15T13:47:30.893+0200][333,052s] GC(820) CMS: 393215K->393216K(393216K)
[2019-04-15T13:47:30.893+0200][333,052s] GC(820) Metaspace: 85558K->85558K(1128448K)
[2019-04-15T13:47:30.893+0200][333,052s] GC(820) Pause Young (Allocation Failure) 490M->439M(490M) 323,029ms
[2019-04-15T13:47:30.893+0200][333,052s] GC(820) User=0,32s Sys=0,00s Real=0,32s
[2019-04-15T13:47:30.893+0200][333,052s] GC(822) Pause Initial Mark
[2019-04-15T13:47:30.920+0200][333,079s] GC(822) Pause Initial Mark 441M->441M(490M) 27,309ms
[2019-04-15T13:47:30.920+0200][333,079s] GC(822) User=0,02s Sys=0,01s Real=0,02s
[2019-04-15T13:47:30.920+0200][333,079s] GC(822) Concurrent Mark
[2019-04-15T13:47:30.920+0200][333,079s] GC(822) Using 4 workers of 4 for marking
[2019-04-15T13:47:31.006+0200][333,165s] GC(822) Concurrent Mark 85,754ms
[2019-04-15T13:47:31.006+0200][333,165s] GC(822) User=0,33s Sys=0,00s Real=0,09s
[2019-04-15T13:47:31.006+0200][333,165s] GC(822) Concurrent Preclean
[2019-04-15T13:47:31.089+0200][333,248s] GC(822) Concurrent Preclean 82,546ms
[2019-04-15T13:47:31.089+0200][333,248s] GC(822) User=0,16s Sys=0,00s Real=0,08s
[2019-04-15T13:47:31.089+0200][333,248s] GC(822) Concurrent Abortable Preclean
[2019-04-15T13:47:31.089+0200][333,248s] GC(822) Concurrent Abortable Preclean 0,006ms
[2019-04-15T13:47:31.089+0200][333,248s] GC(822) User=0,00s Sys=0,00s Real=0,00s
[2019-04-15T13:47:31.089+0200][333,248s] GC(822) Pause Remark
[2019-04-15T13:47:31.089+0200][333,248s] GC(823) Pause Young (CMS Final Remark)
[2019-04-15T13:47:31.089+0200][333,248s] GC(823) Using 4 workers of 4 for evacuation
[2019-04-15T13:47:31.089+0200][333,248s] GC(823) ParNew: 106953K->106953K(109248K)
[2019-04-15T13:47:31.089+0200][333,248s] GC(823) CMS: 393216K->393216K(393216K)
[2019-04-15T13:47:31.089+0200][333,248s] GC(823) Metaspace: 85558K->85558K(1128448K)
[2019-04-15T13:47:31.089+0200][333,248s] GC(823) Pause Young (CMS Final Remark) 488M->488M(490M) 0,075ms
[2019-04-15T13:47:31.089+0200][333,248s] GC(823) User=0,00s Sys=0,00s Real=0,00s
[2019-04-15T13:47:31.165+0200][333,324s] GC(822) Pause Remark 488M->488M(490M) 75,802ms
[2019-04-15T13:47:31.165+0200][333,324s] GC(822) User=0,21s Sys=0,00s Real=0,08s
[2019-04-15T13:47:31.165+0200][333,324s] GC(822) Concurrent Sweep
[2019-04-15T13:47:31.184+0200][333,343s] GC(824) Pause Full (Allocation Failure)
[2019-04-15T13:47:31.214+0200][333,373s] GC(822) Concurrent Sweep 48,994ms
[2019-04-15T13:47:31.214+0200][333,373s] GC(822) User=0,06s Sys=0,00s Real=0,05s
[2019-04-15T13:47:31.214+0200][333,373s] GC(824) Phase 1: Mark live objects
[2019-04-15T13:47:31.331+0200][333,490s] GC(824) Phase 1: Mark live objects 116,756ms
[2019-04-15T13:47:31.331+0200][333,490s] GC(824) Phase 2: Compute new object addresses
[2019-04-15T13:47:31.409+0200][333,568s] GC(824) Phase 2: Compute new object addresses 77,478ms
[2019-04-15T13:47:31.409+0200][333,568s] GC(824) Phase 3: Adjust pointers
[2019-04-15T13:47:31.502+0200][333,661s] GC(824) Phase 3: Adjust pointers 93,489ms
[2019-04-15T13:47:31.502+0200][333,661s] GC(824) Phase 4: Move objects
[2019-04-15T13:47:31.575+0200][333,734s] GC(824) Phase 4: Move objects 73,010ms
[2019-04-15T13:47:31.576+0200][333,735s] GC(824) ParNew: 109048K->63796K(109248K)
[2019-04-15T13:47:31.576+0200][333,735s] GC(824) CMS: 393216K->393215K(393216K)
[2019-04-15T13:47:31.576+0200][333,735s] GC(824) Metaspace: 85558K->85558K(1128448K)
[2019-04-15T13:47:31.576+0200][333,735s] GC(824) Pause Full (Allocation Failure) 490M->446M(490M) 391,636ms
[2019-04-15T13:47:31.576+0200][333,735s] GC(824) User=0,40s Sys=0,00s Real=0,40s
[2019-04-15T13:47:31.576+0200][333,735s] GC(822) Old: 393216K->393215K(393216K)
[2019-04-15T13:47:31.711+0200][333,870s] GC(825) Pause Full (Allocation Failure)
[2019-04-15T13:47:31.711+0200][333,870s] GC(825) Phase 1: Mark live objects
[2019-04-15T13:47:31.830+0200][333,989s] GC(825) Phase 1: Mark live objects 118,519ms
[2019-04-15T13:47:31.830+0200][333,989s] GC(825) Phase 2: Compute new object addresses
[2019-04-15T13:47:31.915+0200][334,074s] GC(825) Phase 2: Compute new object addresses 85,210ms
[2019-04-15T13:47:31.915+0200][334,074s] GC(825) Phase 3: Adjust pointers
[2019-04-15T13:47:32.008+0200][334,167s] GC(825) Phase 3: Adjust pointers 93,395ms
[2019-04-15T13:47:32.008+0200][334,167s] GC(825) Phase 4: Move objects
[2019-04-15T13:47:32.031+0200][334,190s] GC(825) Phase 4: Move objects 22,560ms
[2019-04-15T13:47:32.032+0200][334,191s] GC(825) ParNew: 109248K->71501K(109248K)
[2019-04-15T13:47:32.032+0200][334,191s] GC(825) CMS: 393215K->393215K(393216K)
[2019-04-15T13:47:32.032+0200][334,191s] GC(825) Metaspace: 85558K->85558K(1128448K)
[2019-04-15T13:47:32.032+0200][334,191s] GC(825) Pause Full (Allocation Failure) 490M->453M(490M) 320,928ms
[2019-04-15T13:47:32.032+0200][334,191s] GC(825) User=0,32s Sys=0,00s Real=0,32s
[2019-04-15T13:47:32.032+0200][334,191s] GC(826) Pause Initial Mark
[2019-04-15T13:47:32.065+0200][334,223s] GC(826) Pause Initial Mark 454M->454M(490M) 32,553ms
[2019-04-15T13:47:32.065+0200][334,224s] GC(826) User=0,04s Sys=0,00s Real=0,03s
[2019-04-15T13:47:32.065+0200][334,224s] GC(826) Concurrent Mark
[2019-04-15T13:47:32.065+0200][334,224s] GC(826) Using 4 workers of 4 for marking
[2019-04-15T13:47:32.130+0200][334,289s] GC(826) Concurrent Mark 65,503ms
[2019-04-15T13:47:32.130+0200][334,289s] GC(826) User=0,24s Sys=0,00s Real=0,07s
[2019-04-15T13:47:32.130+0200][334,289s] GC(826) Concurrent Preclean
[2019-04-15T13:47:32.219+0200][334,378s] GC(826) Concurrent Preclean 88,913ms
[2019-04-15T13:47:32.219+0200][334,378s] GC(826) User=0,18s Sys=0,00s Real=0,09s
[2019-04-15T13:47:32.219+0200][334,378s] GC(826) Concurrent Abortable Preclean
[2019-04-15T13:47:32.219+0200][334,378s] GC(826) Concurrent Abortable Preclean 0,005ms
[2019-04-15T13:47:32.219+0200][334,378s] GC(826) User=0,00s Sys=0,00s Real=0,00s
[2019-04-15T13:47:32.219+0200][334,378s] GC(826) Pause Remark
[2019-04-15T13:47:32.219+0200][334,378s] GC(827) Pause Young (CMS Final Remark)
[2019-04-15T13:47:32.219+0200][334,378s] GC(827) Using 4 workers of 4 for evacuation
[2019-04-15T13:47:32.219+0200][334,378s] GC(827) ParNew: 105637K->105637K(109248K)
[2019-04-15T13:47:32.219+0200][334,378s] GC(827) CMS: 393215K->393215K(393216K)
[2019-04-15T13:47:32.219+0200][334,378s] GC(827) Metaspace: 85558K->85558K(1128448K)
[2019-04-15T13:47:32.219+0200][334,378s] GC(827) Pause Young (CMS Final Remark) 487M->487M(490M) 0,056ms
[2019-04-15T13:47:32.219+0200][334,378s] GC(827) User=0,00s Sys=0,00s Real=0,00s
[2019-04-15T13:47:32.301+0200][334,460s] GC(826) Pause Remark 487M->487M(490M) 82,049ms
[2019-04-15T13:47:32.301+0200][334,460s] GC(826) User=0,24s Sys=0,00s Real=0,08s
[2019-04-15T13:47:32.301+0200][334,460s] GC(826) Concurrent Sweep
[2019-04-15T13:47:32.324+0200][334,483s] GC(828) Pause Full (Allocation Failure)
[2019-04-15T13:47:32.343+0200][334,502s] GC(826) Concurrent Sweep 41,713ms
[2019-04-15T13:47:32.343+0200][334,502s] GC(826) User=0,07s Sys=0,00s Real=0,04s
[2019-04-15T13:47:32.343+0200][334,502s] GC(828) Phase 1: Mark live objects
[2019-04-15T13:47:32.467+0200][334,626s] GC(828) Phase 1: Mark live objects 123,408ms
[2019-04-15T13:47:32.467+0200][334,626s] GC(828) Phase 2: Compute new object addresses
[2019-04-15T13:47:32.550+0200][334,709s] GC(828) Phase 2: Compute new object addresses 83,338ms
[2019-04-15T13:47:32.550+0200][334,709s] GC(828) Phase 3: Adjust pointers
[2019-04-15T13:47:32.648+0200][334,807s] GC(828) Phase 3: Adjust pointers 97,534ms
[2019-04-15T13:47:32.648+0200][334,807s] GC(828) Phase 4: Move objects
[2019-04-15T13:47:32.654+0200][334,813s] GC(828) Phase 4: Move objects 6,510ms
[2019-04-15T13:47:32.655+0200][334,814s] GC(828) ParNew: 109247K->76796K(109248K)
[2019-04-15T13:47:32.655+0200][334,814s] GC(828) CMS: 393215K->393215K(393216K)
[2019-04-15T13:47:32.655+0200][334,814s] GC(828) Metaspace: 85558K->85558K(1128448K)
[2019-04-15T13:47:32.655+0200][334,814s] GC(828) Pause Full (Allocation Failure) 490M->458M(490M) 331,083ms
[2019-04-15T13:47:32.655+0200][334,814s] GC(828) User=0,33s Sys=0,00s Real=0,34s
[2019-04-15T13:47:32.655+0200][334,814s] GC(826) Old: 393215K->393215K(393216K)
[2019-04-15T13:47:32.777+0200][334,936s] GC(829) Pause Full (Allocation Failure)
[2019-04-15T13:47:32.777+0200][334,936s] GC(829) Phase 1: Mark live objects
[2019-04-15T13:47:32.901+0200][335,060s] GC(829) Phase 1: Mark live objects 123,487ms
[2019-04-15T13:47:32.901+0200][335,060s] GC(829) Phase 2: Compute new object addresses
[2019-04-15T13:47:32.983+0200][335,142s] GC(829) Phase 2: Compute new object addresses 82,107ms
[2019-04-15T13:47:32.983+0200][335,142s] GC(829) Phase 3: Adjust pointers
[2019-04-15T13:47:33.085+0200][335,244s] GC(829) Phase 3: Adjust pointers 102,630ms
[2019-04-15T13:47:33.085+0200][335,244s] GC(829) Phase 4: Move objects
[2019-04-15T13:47:33.134+0200][335,293s] GC(829) Phase 4: Move objects 48,256ms
[2019-04-15T13:47:33.134+0200][335,293s] GC(829) ParNew: 109248K->81174K(109248K)
[2019-04-15T13:47:33.134+0200][335,293s] GC(829) CMS: 393215K->393215K(393216K)
[2019-04-15T13:47:33.134+0200][335,293s] GC(829) Metaspace: 85558K->85558K(1128448K)
[2019-04-15T13:47:33.134+0200][335,293s] GC(829) Pause Full (Allocation Failure) 490M->463M(490M) 357,706ms
[2019-04-15T13:47:33.134+0200][335,293s] GC(829) User=0,36s Sys=0,00s Real=0,36s
[2019-04-15T13:47:33.135+0200][335,294s] GC(830) Pause Initial Mark
[2019-04-15T13:47:33.172+0200][335,331s] GC(830) Pause Initial Mark 464M->464M(490M) 37,439ms
[2019-04-15T13:47:33.173+0200][335,331s] GC(830) User=0,04s Sys=0,00s Real=0,03s
[2019-04-15T13:47:33.173+0200][335,332s] GC(830) Concurrent Mark
[2019-04-15T13:47:33.173+0200][335,332s] GC(830) Using 4 workers of 4 for marking
[2019-04-15T13:47:33.190+0200][335,349s] GC(831) Pause Full (Allocation Failure)
[2019-04-15T13:47:33.249+0200][335,408s] GC(830) Concurrent Mark 76,892ms
[2019-04-15T13:47:33.250+0200][335,408s] GC(830) User=0,30s Sys=0,00s Real=0,08s
[2019-04-15T13:47:33.250+0200][335,409s] GC(831) Phase 1: Mark live objects
[2019-04-15T13:47:33.374+0200][335,533s] GC(831) Phase 1: Mark live objects 123,835ms
[2019-04-15T13:47:33.374+0200][335,533s] GC(831) Phase 2: Compute new object addresses
[2019-04-15T13:47:33.448+0200][335,607s] GC(831) Phase 2: Compute new object addresses 74,726ms
[2019-04-15T13:47:33.448+0200][335,607s] GC(831) Phase 3: Adjust pointers
[2019-04-15T13:47:33.551+0200][335,710s] GC(831) Phase 3: Adjust pointers 102,728ms
[2019-04-15T13:47:33.551+0200][335,710s] GC(831) Phase 4: Move objects
[2019-04-15T13:47:33.648+0200][335,807s] GC(831) Phase 4: Move objects 97,227ms
[2019-04-15T13:47:33.649+0200][335,808s] GC(831) ParNew: 108922K->79684K(109248K)
[2019-04-15T13:47:33.649+0200][335,808s] GC(831) CMS: 393215K->393215K(393216K)
[2019-04-15T13:47:33.649+0200][335,808s] GC(831) Metaspace: 85561K->85561K(1128448K)
[2019-04-15T13:47:33.649+0200][335,808s] GC(831) Pause Full (Allocation Failure) 490M->461M(490M) 458,970ms
[2019-04-15T13:47:33.649+0200][335,808s] GC(831) User=0,64s Sys=0,00s Real=0,46s
[2019-04-15T13:47:33.659+0200][335,818s] GC(832) Pause Full (Allocation Failure)
[2019-04-15T13:47:33.659+0200][335,818s] GC(832) Phase 1: Mark live objects
[2019-04-15T13:47:33.784+0200][335,943s] GC(832) Phase 1: Mark live objects 124,644ms
[2019-04-15T13:47:33.784+0200][335,943s] GC(832) Phase 2: Compute new object addresses
[2019-04-15T13:47:33.858+0200][336,017s] GC(832) Phase 2: Compute new object addresses 73,671ms
[2019-04-15T13:47:33.858+0200][336,017s] GC(832) Phase 3: Adjust pointers
[2019-04-15T13:47:33.958+0200][336,117s] GC(832) Phase 3: Adjust pointers 100,247ms
[2019-04-15T13:47:33.958+0200][336,117s] GC(832) Phase 4: Move objects
[2019-04-15T13:47:34.062+0200][336,221s] GC(832) Phase 4: Move objects 103,818ms
[2019-04-15T13:47:34.063+0200][336,222s] GC(832) ParNew: 109247K->77965K(109248K)
[2019-04-15T13:47:34.063+0200][336,222s] GC(832) CMS: 393215K->393215K(393216K)
[2019-04-15T13:47:34.063+0200][336,222s] GC(832) Metaspace: 85562K->85562K(1128448K)
[2019-04-15T13:47:34.063+0200][336,222s] GC(832) Pause Full (Allocation Failure) 490M->460M(490M) 403,660ms
[2019-04-15T13:47:34.063+0200][336,222s] GC(832) User=0,40s Sys=0,00s Real=0,40s
[2019-04-15T13:47:34.063+0200][336,222s] GC(833) Pause Initial Mark
[2019-04-15T13:47:34.099+0200][336,258s] GC(833) Pause Initial Mark 460M->460M(490M) 36,225ms
[2019-04-15T13:47:34.099+0200][336,258s] GC(833) User=0,04s Sys=0,00s Real=0,04s
[2019-04-15T13:47:34.099+0200][336,258s] GC(833) Concurrent Mark
[2019-04-15T13:47:34.099+0200][336,258s] GC(833) Using 4 workers of 4 for marking
[2019-04-15T13:47:34.194+0200][336,353s] GC(833) Concurrent Mark 94,338ms
[2019-04-15T13:47:34.194+0200][336,353s] GC(833) User=0,36s Sys=0,00s Real=0,10s
[2019-04-15T13:47:34.194+0200][336,353s] GC(833) Concurrent Preclean
[2019-04-15T13:47:34.218+0200][336,377s] GC(834) Pause Full (Allocation Failure)
[2019-04-15T13:47:34.280+0200][336,439s] GC(833) Concurrent Preclean 86,215ms
[2019-04-15T13:47:34.280+0200][336,439s] GC(833) User=0,14s Sys=0,00s Real=0,08s
[2019-04-15T13:47:34.280+0200][336,439s] GC(834) Phase 1: Mark live objects
[2019-04-15T13:47:34.403+0200][336,562s] GC(834) Phase 1: Mark live objects 123,205ms
[2019-04-15T13:47:34.403+0200][336,562s] GC(834) Phase 2: Compute new object addresses
[2019-04-15T13:47:34.484+0200][336,643s] GC(834) Phase 2: Compute new object addresses 80,111ms
[2019-04-15T13:47:34.484+0200][336,643s] GC(834) Phase 3: Adjust pointers
[2019-04-15T13:47:34.583+0200][336,742s] GC(834) Phase 3: Adjust pointers 99,231ms
[2019-04-15T13:47:34.583+0200][336,742s] GC(834) Phase 4: Move objects
[2019-04-15T13:47:34.663+0200][336,822s] GC(834) Phase 4: Move objects 79,982ms
[2019-04-15T13:47:34.664+0200][336,823s] GC(834) ParNew: 109222K->77240K(109248K)
[2019-04-15T13:47:34.664+0200][336,823s] GC(834) CMS: 393215K->393216K(393216K)
[2019-04-15T13:47:34.664+0200][336,823s] GC(834) Metaspace: 85562K->85562K(1128448K)
[2019-04-15T13:47:34.664+0200][336,823s] GC(834) Pause Full (Allocation Failure) 490M->459M(490M) 445,756ms
[2019-04-15T13:47:34.664+0200][336,823s] GC(834) User=0,44s Sys=0,00s Real=0,44s
[2019-04-15T13:47:34.727+0200][336,886s] GC(835) Pause Full (Allocation Failure)
[2019-04-15T13:47:34.727+0200][336,886s] GC(835) Phase 1: Mark live objects
[2019-04-15T13:47:34.857+0200][337,016s] GC(835) Phase 1: Mark live objects 129,717ms
[2019-04-15T13:47:34.857+0200][337,016s] GC(835) Phase 2: Compute new object addresses
[2019-04-15T13:47:34.941+0200][337,100s] GC(835) Phase 2: Compute new object addresses 83,799ms
[2019-04-15T13:47:34.941+0200][337,100s] GC(835) Phase 3: Adjust pointers
[2019-04-15T13:47:35.038+0200][337,197s] GC(835) Phase 3: Adjust pointers 97,324ms
[2019-04-15T13:47:35.038+0200][337,197s] GC(835) Phase 4: Move objects
[2019-04-15T13:47:35.041+0200][337,199s] GC(835) Phase 4: Move objects 2,205ms
[2019-04-15T13:47:35.041+0200][337,200s] GC(835) ParNew: 109247K->78670K(109248K)
[2019-04-15T13:47:35.041+0200][337,200s] GC(835) CMS: 393216K->393216K(393216K)
[2019-04-15T13:47:35.041+0200][337,200s] GC(835) Metaspace: 85562K->85562K(1128448K)
[2019-04-15T13:47:35.041+0200][337,200s] GC(835) Pause Full (Allocation Failure) 490M->460M(490M) 314,268ms
[2019-04-15T13:47:35.041+0200][337,200s] GC(835) User=0,31s Sys=0,00s Real=0,31s
[2019-04-15T13:47:35.041+0200][337,200s] GC(836) Pause Initial Mark
[2019-04-15T13:47:35.074+0200][337,233s] GC(836) Pause Initial Mark 461M->461M(490M) 32,561ms
[2019-04-15T13:47:35.074+0200][337,233s] GC(836) User=0,04s Sys=0,00s Real=0,04s
[2019-04-15T13:47:35.074+0200][337,233s] GC(836) Concurrent Mark
[2019-04-15T13:47:35.074+0200][337,233s] GC(836) Using 4 workers of 4 for marking
[2019-04-15T13:47:35.153+0200][337,312s] GC(836) Concurrent Mark 78,973ms
[2019-04-15T13:47:35.153+0200][337,312s] GC(836) User=0,30s Sys=0,00s Real=0,08s
[2019-04-15T13:47:35.153+0200][337,312s] GC(836) Concurrent Preclean
[2019-04-15T13:47:35.237+0200][337,396s] GC(836) Concurrent Preclean 83,846ms
[2019-04-15T13:47:35.237+0200][337,396s] GC(836) User=0,20s Sys=0,00s Real=0,08s
[2019-04-15T13:47:35.237+0200][337,396s] GC(836) Concurrent Abortable Preclean
[2019-04-15T13:47:35.237+0200][337,396s] GC(836) Concurrent Abortable Preclean 0,005ms
[2019-04-15T13:47:35.237+0200][337,396s] GC(836) User=0,00s Sys=0,00s Real=0,00s
[2019-04-15T13:47:35.237+0200][337,396s] GC(836) Pause Remark
[2019-04-15T13:47:35.237+0200][337,396s] GC(837) Pause Young (CMS Final Remark)
[2019-04-15T13:47:35.237+0200][337,396s] GC(837) Using 4 workers of 4 for evacuation
[2019-04-15T13:47:35.237+0200][337,396s] GC(837) ParNew: 108337K->108337K(109248K)
[2019-04-15T13:47:35.237+0200][337,396s] GC(837) CMS: 393216K->393216K(393216K)
[2019-04-15T13:47:35.237+0200][337,396s] GC(837) Metaspace: 85562K->85562K(1128448K)
[2019-04-15T13:47:35.237+0200][337,396s] GC(837) Pause Young (CMS Final Remark) 489M->489M(490M) 0,054ms
[2019-04-15T13:47:35.237+0200][337,396s] GC(837) User=0,00s Sys=0,00s Real=0,00s
[2019-04-15T13:47:35.325+0200][337,484s] GC(836) Pause Remark 489M->489M(490M) 88,036ms
[2019-04-15T13:47:35.325+0200][337,484s] GC(836) User=0,27s Sys=0,00s Real=0,09s
[2019-04-15T13:47:35.325+0200][337,484s] GC(836) Concurrent Sweep
[2019-04-15T13:47:35.332+0200][337,490s] GC(838) Pause Full (Allocation Failure)
[2019-04-15T13:47:35.370+0200][337,529s] GC(836) Concurrent Sweep 44,970ms
[2019-04-15T13:47:35.370+0200][337,529s] GC(836) User=0,05s Sys=0,00s Real=0,04s
[2019-04-15T13:47:35.370+0200][337,529s] GC(838) Phase 1: Mark live objects
[2019-04-15T13:47:35.502+0200][337,661s] GC(838) Phase 1: Mark live objects 131,725ms
[2019-04-15T13:47:35.502+0200][337,661s] GC(838) Phase 2: Compute new object addresses
[2019-04-15T13:47:35.582+0200][337,741s] GC(838) Phase 2: Compute new object addresses 79,546ms
[2019-04-15T13:47:35.582+0200][337,741s] GC(838) Phase 3: Adjust pointers
[2019-04-15T13:47:35.687+0200][337,846s] GC(838) Phase 3: Adjust pointers 105,203ms
[2019-04-15T13:47:35.687+0200][337,846s] GC(838) Phase 4: Move objects
[2019-04-15T13:47:35.794+0200][337,953s] GC(838) Phase 4: Move objects 106,678ms
[2019-04-15T13:47:35.794+0200][337,953s] GC(838) ParNew: 109247K->78960K(109248K)
[2019-04-15T13:47:35.794+0200][337,953s] GC(838) CMS: 393216K->393215K(393216K)
[2019-04-15T13:47:35.794+0200][337,953s] GC(838) Metaspace: 85562K->85562K(1128448K)
[2019-04-15T13:47:35.794+0200][337,953s] GC(838) Pause Full (Allocation Failure) 490M->461M(490M) 462,864ms
[2019-04-15T13:47:35.794+0200][337,953s] GC(838) User=0,46s Sys=0,00s Real=0,47s
[2019-04-15T13:47:35.795+0200][337,954s] GC(836) Old: 393216K->393215K(393216K)
[2019-04-15T13:47:35.909+0200][338,068s] GC(839) Pause Full (Allocation Failure)
[2019-04-15T13:47:35.910+0200][338,069s] GC(839) Phase 1: Mark live objects
[2019-04-15T13:47:36.044+0200][338,203s] GC(839) Phase 1: Mark live objects 134,037ms
[2019-04-15T13:47:36.044+0200][338,203s] GC(839) Phase 2: Compute new object addresses
[2019-04-15T13:47:36.127+0200][338,286s] GC(839) Phase 2: Compute new object addresses 83,215ms
[2019-04-15T13:47:36.127+0200][338,286s] GC(839) Phase 3: Adjust pointers
[2019-04-15T13:47:36.235+0200][338,394s] GC(839) Phase 3: Adjust pointers 108,015ms
[2019-04-15T13:47:36.235+0200][338,394s] GC(839) Phase 4: Move objects
[2019-04-15T13:47:36.339+0200][338,498s] GC(839) Phase 4: Move objects 103,823ms
[2019-04-15T13:47:36.340+0200][338,498s] GC(839) ParNew: 109247K->86336K(109248K)
[2019-04-15T13:47:36.340+0200][338,499s] GC(839) CMS: 393215K->393215K(393216K)
[2019-04-15T13:47:36.340+0200][338,499s] GC(839) Metaspace: 85581K->85581K(1128448K)
[2019-04-15T13:47:36.340+0200][338,499s] GC(839) Pause Full (Allocation Failure) 490M->468M(490M) 430,398ms
[2019-04-15T13:47:36.340+0200][338,499s] GC(839) User=0,43s Sys=0,00s Real=0,43s
[2019-04-15T13:47:36.340+0200][338,499s] GC(840) Pause Initial Mark
[2019-04-15T13:47:36.380+0200][338,539s] GC(840) Pause Initial Mark 468M->468M(490M) 39,852ms
[2019-04-15T13:47:36.380+0200][338,539s] GC(840) User=0,04s Sys=0,00s Real=0,04s
[2019-04-15T13:47:36.380+0200][338,539s] GC(840) Concurrent Mark
[2019-04-15T13:47:36.380+0200][338,539s] GC(840) Using 4 workers of 4 for marking
[2019-04-15T13:47:36.446+0200][338,605s] GC(840) Concurrent Mark 66,561ms
[2019-04-15T13:47:36.447+0200][338,606s] GC(840) User=0,26s Sys=0,00s Real=0,07s
[2019-04-15T13:47:36.447+0200][338,606s] GC(840) Concurrent Preclean
[2019-04-15T13:47:36.541+0200][338,700s] GC(840) Concurrent Preclean 94,200ms
[2019-04-15T13:47:36.541+0200][338,700s] GC(840) User=0,19s Sys=0,00s Real=0,09s
[2019-04-15T13:47:36.541+0200][338,700s] GC(840) Concurrent Abortable Preclean
[2019-04-15T13:47:36.541+0200][338,700s] GC(840) Concurrent Abortable Preclean 0,005ms
[2019-04-15T13:47:36.541+0200][338,700s] GC(840) User=0,00s Sys=0,00s Real=0,00s
[2019-04-15T13:47:36.541+0200][338,700s] GC(840) Pause Remark
[2019-04-15T13:47:36.541+0200][338,700s] GC(841) Pause Young (CMS Final Remark)
[2019-04-15T13:47:36.541+0200][338,700s] GC(841) Using 4 workers of 4 for evacuation
[2019-04-15T13:47:36.541+0200][338,700s] GC(841) ParNew: 106476K->106476K(109248K)
[2019-04-15T13:47:36.541+0200][338,700s] GC(841) CMS: 393215K->393215K(393216K)
[2019-04-15T13:47:36.541+0200][338,700s] GC(841) Metaspace: 85581K->85581K(1128448K)
[2019-04-15T13:47:36.541+0200][338,700s] GC(841) Pause Young (CMS Final Remark) 487M->487M(490M) 0,065ms
[2019-04-15T13:47:36.541+0200][338,700s] GC(841) User=0,00s Sys=0,00s Real=0,00s
[2019-04-15T13:47:36.632+0200][338,791s] GC(840) Pause Remark 487M->487M(490M) 91,348ms
[2019-04-15T13:47:36.632+0200][338,791s] GC(840) User=0,26s Sys=0,00s Real=0,09s
[2019-04-15T13:47:36.632+0200][338,791s] GC(840) Concurrent Sweep
[2019-04-15T13:47:36.651+0200][338,810s] GC(842) Pause Full (Allocation Failure)
[2019-04-15T13:47:36.677+0200][338,836s] GC(840) Concurrent Sweep 45,037ms
[2019-04-15T13:47:36.678+0200][338,836s] GC(840) User=0,07s Sys=0,00s Real=0,05s
[2019-04-15T13:47:36.678+0200][338,837s] GC(842) Phase 1: Mark live objects
[2019-04-15T13:47:36.818+0200][338,977s] GC(842) Phase 1: Mark live objects 140,171ms
[2019-04-15T13:47:36.818+0200][338,977s] GC(842) Phase 2: Compute new object addresses
[2019-04-15T13:47:36.908+0200][339,067s] GC(842) Phase 2: Compute new object addresses 90,212ms
[2019-04-15T13:47:36.908+0200][339,067s] GC(842) Phase 3: Adjust pointers
[2019-04-15T13:47:37.011+0200][339,170s] GC(842) Phase 3: Adjust pointers 102,473ms
[2019-04-15T13:47:37.011+0200][339,170s] GC(842) Phase 4: Move objects
[2019-04-15T13:47:37.019+0200][339,178s] GC(842) Phase 4: Move objects 8,656ms
[2019-04-15T13:47:37.020+0200][339,179s] GC(842) ParNew: 109247K->92065K(109248K)
[2019-04-15T13:47:37.020+0200][339,179s] GC(842) CMS: 393215K->393215K(393216K)
[2019-04-15T13:47:37.020+0200][339,179s] GC(842) Metaspace: 85581K->85581K(1128448K)
[2019-04-15T13:47:37.020+0200][339,179s] GC(842) Pause Full (Allocation Failure) 490M->473M(490M) 369,662ms
[2019-04-15T13:47:37.020+0200][339,179s] GC(842) User=0,37s Sys=0,00s Real=0,37s
[2019-04-15T13:47:37.021+0200][339,180s] GC(840) Old: 393215K->393215K(393216K)
[2019-04-15T13:47:37.112+0200][339,271s] GC(843) Pause Full (Allocation Failure)
[2019-04-15T13:47:37.114+0200][339,272s] GC(843) Phase 1: Mark live objects
[2019-04-15T13:47:37.249+0200][339,408s] GC(843) Phase 1: Mark live objects 135,547ms
[2019-04-15T13:47:37.249+0200][339,408s] GC(843) Phase 2: Compute new object addresses
[2019-04-15T13:47:37.336+0200][339,495s] GC(843) Phase 2: Compute new object addresses 86,455ms
[2019-04-15T13:47:37.336+0200][339,495s] GC(843) Phase 3: Adjust pointers
[2019-04-15T13:47:37.443+0200][339,602s] GC(843) Phase 3: Adjust pointers 107,127ms
[2019-04-15T13:47:37.443+0200][339,602s] GC(843) Phase 4: Move objects
[2019-04-15T13:47:37.526+0200][339,685s] GC(843) Phase 4: Move objects 83,113ms
[2019-04-15T13:47:37.527+0200][339,686s] GC(843) ParNew: 109247K->92933K(109248K)
[2019-04-15T13:47:37.527+0200][339,686s] GC(843) CMS: 393215K->393215K(393216K)
[2019-04-15T13:47:37.527+0200][339,686s] GC(843) Metaspace: 85581K->85581K(1128448K)
[2019-04-15T13:47:37.527+0200][339,686s] GC(843) Pause Full (Allocation Failure) 490M->474M(490M) 414,365ms
[2019-04-15T13:47:37.527+0200][339,686s] GC(843) User=0,42s Sys=0,00s Real=0,42s
[2019-04-15T13:47:37.527+0200][339,686s] GC(844) Pause Initial Mark
[2019-04-15T13:47:37.569+0200][339,728s] GC(844) Pause Initial Mark 474M->474M(490M) 42,455ms
[2019-04-15T13:47:37.569+0200][339,728s] GC(844) User=0,04s Sys=0,00s Real=0,04s
[2019-04-15T13:47:37.569+0200][339,728s] GC(844) Concurrent Mark
[2019-04-15T13:47:37.569+0200][339,728s] GC(844) Using 4 workers of 4 for marking
[2019-04-15T13:47:37.634+0200][339,793s] GC(844) Concurrent Mark 64,461ms
[2019-04-15T13:47:37.634+0200][339,793s] GC(844) User=0,25s Sys=0,00s Real=0,07s
[2019-04-15T13:47:37.634+0200][339,793s] GC(844) Concurrent Preclean
[2019-04-15T13:47:37.714+0200][339,873s] GC(845) Pause Full (Allocation Failure)
[2019-04-15T13:47:37.718+0200][339,877s] GC(844) Concurrent Preclean 84,300ms
[2019-04-15T13:47:37.718+0200][339,877s] GC(844) User=0,16s Sys=0,00s Real=0,08s
[2019-04-15T13:47:37.718+0200][339,877s] GC(845) Phase 1: Mark live objects
[2019-04-15T13:47:37.855+0200][340,014s] GC(845) Phase 1: Mark live objects 136,127ms
[2019-04-15T13:47:37.855+0200][340,014s] GC(845) Phase 2: Compute new object addresses
[2019-04-15T13:47:37.943+0200][340,102s] GC(845) Phase 2: Compute new object addresses 88,673ms
[2019-04-15T13:47:37.943+0200][340,102s] GC(845) Phase 3: Adjust pointers
[2019-04-15T13:47:38.050+0200][340,209s] GC(845) Phase 3: Adjust pointers 106,413ms
[2019-04-15T13:47:38.050+0200][340,209s] GC(845) Phase 4: Move objects
[2019-04-15T13:47:38.058+0200][340,217s] GC(845) Phase 4: Move objects 8,170ms
[2019-04-15T13:47:38.059+0200][340,218s] GC(845) ParNew: 109247K->97902K(109248K)
[2019-04-15T13:47:38.059+0200][340,218s] GC(845) CMS: 393215K->393215K(393216K)
[2019-04-15T13:47:38.059+0200][340,218s] GC(845) Metaspace: 85581K->85581K(1128448K)
[2019-04-15T13:47:38.059+0200][340,218s] GC(845) Pause Full (Allocation Failure) 490M->479M(490M) 344,247ms
[2019-04-15T13:47:38.059+0200][340,218s] GC(845) User=0,34s Sys=0,00s Real=0,34s
[2019-04-15T13:47:38.125+0200][340,284s] GC(846) Pause Full (Allocation Failure)
[2019-04-15T13:47:38.125+0200][340,284s] GC(846) Phase 1: Mark live objects
[2019-04-15T13:47:38.264+0200][340,423s] GC(846) Phase 1: Mark live objects 138,757ms
[2019-04-15T13:47:38.264+0200][340,423s] GC(846) Phase 2: Compute new object addresses
[2019-04-15T13:47:38.352+0200][340,511s] GC(846) Phase 2: Compute new object addresses 88,462ms
[2019-04-15T13:47:38.352+0200][340,511s] GC(846) Phase 3: Adjust pointers
[2019-04-15T13:47:38.456+0200][340,615s] GC(846) Phase 3: Adjust pointers 104,164ms
[2019-04-15T13:47:38.457+0200][340,615s] GC(846) Phase 4: Move objects
[2019-04-15T13:47:38.463+0200][340,622s] GC(846) Phase 4: Move objects 6,690ms
[2019-04-15T13:47:38.464+0200][340,623s] GC(846) ParNew: 109247K->99218K(109248K)
[2019-04-15T13:47:38.464+0200][340,623s] GC(846) CMS: 393215K->393215K(393216K)
[2019-04-15T13:47:38.464+0200][340,623s] GC(846) Metaspace: 85581K->85581K(1128448K)
[2019-04-15T13:47:38.464+0200][340,623s] GC(846) Pause Full (Allocation Failure) 490M->480M(490M) 339,305ms
[2019-04-15T13:47:38.464+0200][340,623s] GC(846) User=0,34s Sys=0,00s Real=0,34s
[2019-04-15T13:47:38.464+0200][340,623s] GC(847) Pause Initial Mark
[2019-04-15T13:47:38.510+0200][340,669s] GC(847) Pause Initial Mark 480M->480M(490M) 45,741ms
[2019-04-15T13:47:38.510+0200][340,669s] GC(847) User=0,05s Sys=0,00s Real=0,05s
[2019-04-15T13:47:38.510+0200][340,669s] GC(847) Concurrent Mark
[2019-04-15T13:47:38.510+0200][340,669s] GC(847) Using 4 workers of 4 for marking
[2019-04-15T13:47:38.576+0200][340,735s] GC(847) Concurrent Mark 66,070ms
[2019-04-15T13:47:38.576+0200][340,735s] GC(847) User=0,25s Sys=0,00s Real=0,07s
[2019-04-15T13:47:38.576+0200][340,735s] GC(847) Concurrent Preclean
[2019-04-15T13:47:38.609+0200][340,768s] GC(848) Pause Full (Allocation Failure)
[2019-04-15T13:47:38.658+0200][340,817s] GC(847) Concurrent Preclean 81,713ms
[2019-04-15T13:47:38.658+0200][340,817s] GC(847) User=0,11s Sys=0,00s Real=0,08s
[2019-04-15T13:47:38.658+0200][340,817s] GC(848) Phase 1: Mark live objects
[2019-04-15T13:47:38.794+0200][340,953s] GC(848) Phase 1: Mark live objects 136,328ms
[2019-04-15T13:47:38.794+0200][340,953s] GC(848) Phase 2: Compute new object addresses
[2019-04-15T13:47:38.882+0200][341,041s] GC(848) Phase 2: Compute new object addresses 87,287ms
[2019-04-15T13:47:38.882+0200][341,041s] GC(848) Phase 3: Adjust pointers
[2019-04-15T13:47:38.990+0200][341,149s] GC(848) Phase 3: Adjust pointers 108,215ms
[2019-04-15T13:47:38.990+0200][341,149s] GC(848) Phase 4: Move objects
[2019-04-15T13:47:39.058+0200][341,217s] GC(848) Phase 4: Move objects 67,728ms
[2019-04-15T13:47:39.058+0200][341,217s] GC(848) ParNew: 109247K->99279K(109248K)
[2019-04-15T13:47:39.058+0200][341,217s] GC(848) CMS: 393215K->393215K(393216K)
[2019-04-15T13:47:39.058+0200][341,217s] GC(848) Metaspace: 85581K->85581K(1128448K)
[2019-04-15T13:47:39.058+0200][341,217s] GC(848) Pause Full (Allocation Failure) 490M->480M(490M) 449,150ms
[2019-04-15T13:47:39.058+0200][341,217s] GC(848) User=0,44s Sys=0,01s Real=0,45s
[2019-04-15T13:47:39.112+0200][341,271s] GC(849) Pause Full (Allocation Failure)
[2019-04-15T13:47:39.113+0200][341,272s] GC(849) Phase 1: Mark live objects
[2019-04-15T13:47:39.250+0200][341,409s] GC(849) Phase 1: Mark live objects 137,305ms
[2019-04-15T13:47:39.250+0200][341,409s] GC(849) Phase 2: Compute new object addresses
[2019-04-15T13:47:39.335+0200][341,494s] GC(849) Phase 2: Compute new object addresses 85,427ms
[2019-04-15T13:47:39.336+0200][341,494s] GC(849) Phase 3: Adjust pointers
[2019-04-15T13:47:39.445+0200][341,604s] GC(849) Phase 3: Adjust pointers 109,722ms
[2019-04-15T13:47:39.445+0200][341,604s] GC(849) Phase 4: Move objects
[2019-04-15T13:47:39.530+0200][341,689s] GC(849) Phase 4: Move objects 85,128ms
[2019-04-15T13:47:39.531+0200][341,690s] GC(849) ParNew: 109247K->102061K(109248K)
[2019-04-15T13:47:39.531+0200][341,690s] GC(849) CMS: 393216K->393215K(393216K)
[2019-04-15T13:47:39.531+0200][341,690s] GC(849) Metaspace: 85581K->85581K(1128448K)
[2019-04-15T13:47:39.531+0200][341,690s] GC(849) Pause Full (Allocation Failure) 490M->483M(490M) 419,090ms
[2019-04-15T13:47:39.531+0200][341,690s] GC(849) User=0,42s Sys=0,00s Real=0,42s
[2019-04-15T13:47:39.531+0200][341,690s] GC(850) Pause Initial Mark
[2019-04-15T13:47:39.572+0200][341,731s] GC(850) Pause Initial Mark 483M->483M(490M) 40,956ms
[2019-04-15T13:47:39.572+0200][341,731s] GC(850) User=0,06s Sys=0,00s Real=0,04s
[2019-04-15T13:47:39.572+0200][341,731s] GC(850) Concurrent Mark
[2019-04-15T13:47:39.572+0200][341,731s] GC(850) Using 4 workers of 4 for marking
[2019-04-15T13:47:39.643+0200][341,801s] GC(850) Concurrent Mark 70,133ms
[2019-04-15T13:47:39.643+0200][341,802s] GC(850) User=0,26s Sys=0,00s Real=0,07s
[2019-04-15T13:47:39.643+0200][341,802s] GC(850) Concurrent Preclean
[2019-04-15T13:47:39.644+0200][341,802s] GC(851) Pause Full (Allocation Failure)
[2019-04-15T13:47:39.721+0200][341,880s] GC(850) Concurrent Preclean 78,387ms
[2019-04-15T13:47:39.721+0200][341,880s] GC(850) User=0,08s Sys=0,00s Real=0,08s
[2019-04-15T13:47:39.721+0200][341,880s] GC(851) Phase 1: Mark live objects
[2019-04-15T13:47:39.863+0200][342,022s] GC(851) Phase 1: Mark live objects 141,811ms
[2019-04-15T13:47:39.863+0200][342,022s] GC(851) Phase 2: Compute new object addresses
[2019-04-15T13:47:39.951+0200][342,110s] GC(851) Phase 2: Compute new object addresses 88,298ms
[2019-04-15T13:47:39.951+0200][342,110s] GC(851) Phase 3: Adjust pointers
[2019-04-15T13:47:40.066+0200][342,225s] GC(851) Phase 3: Adjust pointers 114,996ms
[2019-04-15T13:47:40.066+0200][342,225s] GC(851) Phase 4: Move objects
[2019-04-15T13:47:40.099+0200][342,258s] GC(851) Phase 4: Move objects 32,947ms
[2019-04-15T13:47:40.100+0200][342,259s] GC(851) ParNew: 109247K->104212K(109248K)
[2019-04-15T13:47:40.100+0200][342,259s] GC(851) CMS: 393215K->393215K(393216K)
[2019-04-15T13:47:40.100+0200][342,259s] GC(851) Metaspace: 85581K->85581K(1128448K)
[2019-04-15T13:47:40.100+0200][342,259s] GC(851) Pause Full (Allocation Failure) 490M->485M(490M) 456,555ms
[2019-04-15T13:47:40.100+0200][342,259s] GC(851) User=0,45s Sys=0,00s Real=0,46s
[2019-04-15T13:47:40.128+0200][342,287s] GC(852) Pause Full (Allocation Failure)
[2019-04-15T13:47:40.128+0200][342,287s] GC(852) Phase 1: Mark live objects
[2019-04-15T13:47:40.272+0200][342,430s] GC(852) Phase 1: Mark live objects 143,391ms
[2019-04-15T13:47:40.272+0200][342,430s] GC(852) Phase 2: Compute new object addresses
[2019-04-15T13:47:40.365+0200][342,524s] GC(852) Phase 2: Compute new object addresses 93,349ms
[2019-04-15T13:47:40.365+0200][342,524s] GC(852) Phase 3: Adjust pointers
[2019-04-15T13:47:40.471+0200][342,630s] GC(852) Phase 3: Adjust pointers 105,639ms
[2019-04-15T13:47:40.471+0200][342,630s] GC(852) Phase 4: Move objects
[2019-04-15T13:47:40.473+0200][342,632s] GC(852) Phase 4: Move objects 2,503ms
[2019-04-15T13:47:40.474+0200][342,633s] GC(852) ParNew: 109247K->105823K(109248K)
[2019-04-15T13:47:40.474+0200][342,633s] GC(852) CMS: 393215K->393215K(393216K)
[2019-04-15T13:47:40.474+0200][342,633s] GC(852) Metaspace: 85581K->85581K(1128448K)
[2019-04-15T13:47:40.474+0200][342,633s] GC(852) Pause Full (Allocation Failure) 490M->487M(490M) 346,058ms
[2019-04-15T13:47:40.474+0200][342,633s] GC(852) User=0,34s Sys=0,00s Real=0,35s
[2019-04-15T13:47:40.474+0200][342,633s] GC(853) Pause Initial Mark
[2019-04-15T13:47:40.521+0200][342,680s] GC(853) Pause Initial Mark 487M->487M(490M) 47,491ms
[2019-04-15T13:47:40.522+0200][342,680s] GC(853) User=0,07s Sys=0,00s Real=0,04s
[2019-04-15T13:47:40.522+0200][342,681s] GC(853) Concurrent Mark
[2019-04-15T13:47:40.522+0200][342,681s] GC(853) Using 4 workers of 4 for marking
[2019-04-15T13:47:40.555+0200][342,714s] GC(854) Pause Full (Allocation Failure)
[2019-04-15T13:47:40.591+0200][342,750s] GC(853) Concurrent Mark 69,506ms
[2019-04-15T13:47:40.591+0200][342,750s] GC(853) User=0,26s Sys=0,00s Real=0,07s
[2019-04-15T13:47:40.591+0200][342,750s] GC(854) Phase 1: Mark live objects
[2019-04-15T13:47:40.731+0200][342,890s] GC(854) Phase 1: Mark live objects 139,919ms
[2019-04-15T13:47:40.731+0200][342,890s] GC(854) Phase 2: Compute new object addresses
[2019-04-15T13:47:40.821+0200][342,980s] GC(854) Phase 2: Compute new object addresses 89,250ms
[2019-04-15T13:47:40.821+0200][342,980s] GC(854) Phase 3: Adjust pointers
[2019-04-15T13:47:40.927+0200][343,086s] GC(854) Phase 3: Adjust pointers 106,231ms
[2019-04-15T13:47:40.927+0200][343,086s] GC(854) Phase 4: Move objects
[2019-04-15T13:47:40.929+0200][343,088s] GC(854) Phase 4: Move objects 2,152ms
[2019-04-15T13:47:40.930+0200][343,089s] GC(854) ParNew: 109247K->106387K(109248K)
[2019-04-15T13:47:40.930+0200][343,089s] GC(854) CMS: 393215K->393215K(393216K)
[2019-04-15T13:47:40.930+0200][343,089s] GC(854) Metaspace: 85581K->85581K(1128448K)
[2019-04-15T13:47:40.930+0200][343,089s] GC(854) Pause Full (Allocation Failure) 490M->487M(490M) 374,223ms
[2019-04-15T13:47:40.930+0200][343,089s] GC(854) User=0,47s Sys=0,00s Real=0,37s
[2019-04-15T13:47:40.946+0200][343,105s] GC(855) Pause Full (Allocation Failure)
[2019-04-15T13:47:40.946+0200][343,105s] GC(855) Phase 1: Mark live objects
[2019-04-15T13:47:41.090+0200][343,249s] GC(855) Phase 1: Mark live objects 143,925ms
[2019-04-15T13:47:41.090+0200][343,249s] GC(855) Phase 2: Compute new object addresses
[2019-04-15T13:47:41.181+0200][343,340s] GC(855) Phase 2: Compute new object addresses 90,771ms
[2019-04-15T13:47:41.181+0200][343,340s] GC(855) Phase 3: Adjust pointers
[2019-04-15T13:47:41.285+0200][343,444s] GC(855) Phase 3: Adjust pointers 103,885ms
[2019-04-15T13:47:41.285+0200][343,444s] GC(855) Phase 4: Move objects
[2019-04-15T13:47:41.287+0200][343,446s] GC(855) Phase 4: Move objects 2,276ms
[2019-04-15T13:47:41.288+0200][343,447s] GC(855) ParNew: 109248K->106739K(109248K)
[2019-04-15T13:47:41.288+0200][343,447s] GC(855) CMS: 393215K->393215K(393216K)
[2019-04-15T13:47:41.288+0200][343,447s] GC(855) Metaspace: 85581K->85581K(1128448K)
[2019-04-15T13:47:41.288+0200][343,447s] GC(855) Pause Full (Allocation Failure) 490M->488M(490M) 342,058ms
[2019-04-15T13:47:41.288+0200][343,447s] GC(855) User=0,34s Sys=0,00s Real=0,34s
[2019-04-15T13:47:41.288+0200][343,447s] GC(856) Pause Initial Mark
[2019-04-15T13:47:41.326+0200][343,485s] GC(856) Pause Initial Mark 488M->488M(490M) 37,929ms
[2019-04-15T13:47:41.326+0200][343,485s] GC(856) User=0,04s Sys=0,00s Real=0,04s
[2019-04-15T13:47:41.326+0200][343,485s] GC(856) Concurrent Mark
[2019-04-15T13:47:41.326+0200][343,485s] GC(856) Using 4 workers of 4 for marking
[2019-04-15T13:47:41.383+0200][343,542s] GC(857) Pause Full (Allocation Failure)
[2019-04-15T13:47:41.386+0200][343,545s] GC(856) Concurrent Mark 59,773ms
[2019-04-15T13:47:41.386+0200][343,545s] GC(856) User=0,22s Sys=0,00s Real=0,06s
[2019-04-15T13:47:41.386+0200][343,545s] GC(857) Phase 1: Mark live objects
[2019-04-15T13:47:41.529+0200][343,688s] GC(857) Phase 1: Mark live objects 142,559ms
[2019-04-15T13:47:41.529+0200][343,688s] GC(857) Phase 2: Compute new object addresses
[2019-04-15T13:47:41.615+0200][343,774s] GC(857) Phase 2: Compute new object addresses 86,030ms
[2019-04-15T13:47:41.615+0200][343,774s] GC(857) Phase 3: Adjust pointers
[2019-04-15T13:47:41.726+0200][343,885s] GC(857) Phase 3: Adjust pointers 111,433ms
[2019-04-15T13:47:41.726+0200][343,885s] GC(857) Phase 4: Move objects
[2019-04-15T13:47:41.812+0200][343,971s] GC(857) Phase 4: Move objects 85,318ms
[2019-04-15T13:47:41.812+0200][343,971s] GC(857) ParNew: 109247K->106091K(109248K)
[2019-04-15T13:47:41.812+0200][343,971s] GC(857) CMS: 393215K->393215K(393216K)
[2019-04-15T13:47:41.812+0200][343,971s] GC(857) Metaspace: 85581K->85581K(1128448K)
[2019-04-15T13:47:41.812+0200][343,971s] GC(857) Pause Full (Allocation Failure) 490M->487M(490M) 429,451ms
[2019-04-15T13:47:41.812+0200][343,971s] GC(857) User=0,44s Sys=0,00s Real=0,43s
[2019-04-15T13:47:41.829+0200][343,988s] GC(858) Pause Full (Allocation Failure)
[2019-04-15T13:47:41.829+0200][343,988s] GC(858) Phase 1: Mark live objects
[2019-04-15T13:47:41.978+0200][344,137s] GC(858) Phase 1: Mark live objects 148,752ms
[2019-04-15T13:47:41.978+0200][344,137s] GC(858) Phase 2: Compute new object addresses
[2019-04-15T13:47:42.072+0200][344,230s] GC(858) Phase 2: Compute new object addresses 93,271ms
[2019-04-15T13:47:42.072+0200][344,231s] GC(858) Phase 3: Adjust pointers
[2019-04-15T13:47:42.176+0200][344,335s] GC(858) Phase 3: Adjust pointers 104,451ms
[2019-04-15T13:47:42.176+0200][344,335s] GC(858) Phase 4: Move objects
[2019-04-15T13:47:42.180+0200][344,339s] GC(858) Phase 4: Move objects 4,152ms
[2019-04-15T13:47:42.181+0200][344,340s] GC(858) ParNew: 109247K->106398K(109248K)
[2019-04-15T13:47:42.181+0200][344,340s] GC(858) CMS: 393215K->393215K(393216K)
[2019-04-15T13:47:42.181+0200][344,340s] GC(858) Metaspace: 85581K->85581K(1128448K)
[2019-04-15T13:47:42.181+0200][344,340s] GC(858) Pause Full (Allocation Failure) 490M->487M(490M) 351,792ms
[2019-04-15T13:47:42.181+0200][344,340s] GC(858) User=0,35s Sys=0,00s Real=0,35s
[2019-04-15T13:47:42.181+0200][344,340s] GC(859) Pause Initial Mark
[2019-04-15T13:47:42.228+0200][344,387s] GC(859) Pause Initial Mark 487M->487M(490M) 47,188ms
[2019-04-15T13:47:42.228+0200][344,387s] GC(859) User=0,06s Sys=0,00s Real=0,05s
[2019-04-15T13:47:42.228+0200][344,387s] GC(859) Concurrent Mark
[2019-04-15T13:47:42.228+0200][344,387s] GC(859) Using 4 workers of 4 for marking
[2019-04-15T13:47:42.256+0200][344,415s] GC(860) Pause Full (Allocation Failure)
[2019-04-15T13:47:42.294+0200][344,453s] GC(859) Concurrent Mark 65,792ms
[2019-04-15T13:47:42.294+0200][344,453s] GC(859) User=0,25s Sys=0,00s Real=0,07s
[2019-04-15T13:47:42.294+0200][344,453s] GC(860) Phase 1: Mark live objects
[2019-04-15T13:47:42.439+0200][344,598s] GC(860) Phase 1: Mark live objects 144,755ms
[2019-04-15T13:47:42.439+0200][344,598s] GC(860) Phase 2: Compute new object addresses
[2019-04-15T13:47:42.531+0200][344,689s] GC(860) Phase 2: Compute new object addresses 91,240ms
[2019-04-15T13:47:42.531+0200][344,689s] GC(860) Phase 3: Adjust pointers
[2019-04-15T13:47:42.637+0200][344,796s] GC(860) Phase 3: Adjust pointers 106,284ms
[2019-04-15T13:47:42.637+0200][344,796s] GC(860) Phase 4: Move objects
[2019-04-15T13:47:42.646+0200][344,805s] GC(860) Phase 4: Move objects 9,216ms
[2019-04-15T13:47:42.647+0200][344,806s] GC(860) ParNew: 109247K->107051K(109248K)
[2019-04-15T13:47:42.647+0200][344,806s] GC(860) CMS: 393215K->393215K(393216K)
[2019-04-15T13:47:42.647+0200][344,806s] GC(860) Metaspace: 85581K->85581K(1128448K)
[2019-04-15T13:47:42.647+0200][344,806s] GC(860) Pause Full (Allocation Failure) 490M->488M(490M) 390,761ms
[2019-04-15T13:47:42.647+0200][344,806s] GC(860) User=0,49s Sys=0,00s Real=0,39s
[2019-04-15T13:47:42.659+0200][344,818s] GC(861) Pause Full (Allocation Failure)
[2019-04-15T13:47:42.659+0200][344,818s] GC(861) Phase 1: Mark live objects
[2019-04-15T13:47:42.801+0200][344,960s] GC(861) Phase 1: Mark live objects 141,854ms
[2019-04-15T13:47:42.801+0200][344,960s] GC(861) Phase 2: Compute new object addresses
[2019-04-15T13:47:42.888+0200][345,047s] GC(861) Phase 2: Compute new object addresses 87,014ms
[2019-04-15T13:47:42.888+0200][345,047s] GC(861) Phase 3: Adjust pointers
[2019-04-15T13:47:43.001+0200][345,160s] GC(861) Phase 3: Adjust pointers 112,595ms
[2019-04-15T13:47:43.001+0200][345,160s] GC(861) Phase 4: Move objects
[2019-04-15T13:47:43.093+0200][345,252s] GC(861) Phase 4: Move objects 92,147ms
[2019-04-15T13:47:43.093+0200][345,252s] GC(861) ParNew: 109247K->107701K(109248K)
[2019-04-15T13:47:43.093+0200][345,252s] GC(861) CMS: 393215K->393216K(393216K)
[2019-04-15T13:47:43.093+0200][345,252s] GC(861) Metaspace: 85581K->85581K(1128448K)
[2019-04-15T13:47:43.093+0200][345,252s] GC(861) Pause Full (Allocation Failure) 490M->489M(490M) 434,823ms
[2019-04-15T13:47:43.093+0200][345,252s] GC(861) User=0,43s Sys=0,01s Real=0,44s
[2019-04-15T13:47:43.094+0200][345,253s] GC(862) Pause Initial Mark
[2019-04-15T13:47:43.141+0200][345,300s] GC(862) Pause Initial Mark 489M->489M(490M) 47,523ms
[2019-04-15T13:47:43.141+0200][345,300s] GC(862) User=0,07s Sys=0,00s Real=0,04s
[2019-04-15T13:47:43.141+0200][345,300s] GC(862) Concurrent Mark
[2019-04-15T13:47:43.141+0200][345,300s] GC(862) Using 4 workers of 4 for marking
[2019-04-15T13:47:43.155+0200][345,314s] GC(863) Pause Full (Allocation Failure)
[2019-04-15T13:47:43.201+0200][345,360s] GC(862) Concurrent Mark 60,075ms
[2019-04-15T13:47:43.201+0200][345,360s] GC(862) User=0,23s Sys=0,00s Real=0,06s
[2019-04-15T13:47:43.202+0200][345,361s] GC(863) Phase 1: Mark live objects
[2019-04-15T13:47:43.344+0200][345,503s] GC(863) Phase 1: Mark live objects 142,111ms
[2019-04-15T13:47:43.344+0200][345,503s] GC(863) Phase 2: Compute new object addresses
[2019-04-15T13:47:43.431+0200][345,590s] GC(863) Phase 2: Compute new object addresses 86,913ms
[2019-04-15T13:47:43.431+0200][345,590s] GC(863) Phase 3: Adjust pointers
[2019-04-15T13:47:43.541+0200][345,700s] GC(863) Phase 3: Adjust pointers 110,396ms
[2019-04-15T13:47:43.541+0200][345,700s] GC(863) Phase 4: Move objects
[2019-04-15T13:47:43.599+0200][345,758s] GC(863) Phase 4: Move objects 57,570ms
[2019-04-15T13:47:43.599+0200][345,758s] GC(863) ParNew: 109247K->108190K(109248K)
[2019-04-15T13:47:43.599+0200][345,758s] GC(863) CMS: 393216K->393216K(393216K)
[2019-04-15T13:47:43.599+0200][345,758s] GC(863) Metaspace: 85581K->85581K(1128448K)
[2019-04-15T13:47:43.599+0200][345,758s] GC(863) Pause Full (Allocation Failure) 490M->489M(490M) 443,957ms
[2019-04-15T13:47:43.599+0200][345,758s] GC(863) User=0,58s Sys=0,00s Real=0,44s
[2019-04-15T13:47:43.605+0200][345,764s] GC(864) Pause Full (Allocation Failure)
[2019-04-15T13:47:43.605+0200][345,764s] GC(864) Phase 1: Mark live objects
[2019-04-15T13:47:43.750+0200][345,909s] GC(864) Phase 1: Mark live objects 144,699ms
[2019-04-15T13:47:43.750+0200][345,909s] GC(864) Phase 2: Compute new object addresses
[2019-04-15T13:47:43.843+0200][346,002s] GC(864) Phase 2: Compute new object addresses 92,726ms
[2019-04-15T13:47:43.843+0200][346,002s] GC(864) Phase 3: Adjust pointers
[2019-04-15T13:47:43.949+0200][346,108s] GC(864) Phase 3: Adjust pointers 106,112ms
[2019-04-15T13:47:43.949+0200][346,108s] GC(864) Phase 4: Move objects
[2019-04-15T13:47:43.949+0200][346,108s] GC(864) Phase 4: Move objects 0,132ms
[2019-04-15T13:47:43.950+0200][346,109s] GC(864) ParNew: 109247K->108507K(109248K)
[2019-04-15T13:47:43.950+0200][346,109s] GC(864) CMS: 393216K->393216K(393216K)
[2019-04-15T13:47:43.950+0200][346,109s] GC(864) Metaspace: 85581K->85581K(1128448K)
[2019-04-15T13:47:43.950+0200][346,109s] GC(864) Pause Full (Allocation Failure) 490M->489M(490M) 344,786ms
[2019-04-15T13:47:43.950+0200][346,109s] GC(864) User=0,35s Sys=0,00s Real=0,34s
[2019-04-15T13:47:43.950+0200][346,109s] GC(865) Pause Initial Mark
[2019-04-15T13:47:43.999+0200][346,158s] GC(865) Pause Initial Mark 489M->489M(490M) 48,938ms
[2019-04-15T13:47:43.999+0200][346,158s] GC(865) User=0,06s Sys=0,00s Real=0,05s
[2019-04-15T13:47:43.999+0200][346,158s] GC(865) Concurrent Mark
[2019-04-15T13:47:43.999+0200][346,158s] GC(865) Using 4 workers of 4 for marking
[2019-04-15T13:47:44.006+0200][346,165s] GC(866) Pause Full (Allocation Failure)
[2019-04-15T13:47:44.068+0200][346,227s] GC(865) Concurrent Mark 69,213ms
[2019-04-15T13:47:44.068+0200][346,227s] GC(865) User=0,23s Sys=0,00s Real=0,07s
[2019-04-15T13:47:44.069+0200][346,228s] GC(866) Phase 1: Mark live objects
[2019-04-15T13:47:44.216+0200][346,375s] GC(866) Phase 1: Mark live objects 147,399ms
[2019-04-15T13:47:44.216+0200][346,375s] GC(866) Phase 2: Compute new object addresses
[2019-04-15T13:47:44.300+0200][346,459s] GC(866) Phase 2: Compute new object addresses 84,028ms
[2019-04-15T13:47:44.300+0200][346,459s] GC(866) Phase 3: Adjust pointers
[2019-04-15T13:47:44.415+0200][346,574s] GC(866) Phase 3: Adjust pointers 115,105ms
[2019-04-15T13:47:44.415+0200][346,574s] GC(866) Phase 4: Move objects
[2019-04-15T13:47:44.524+0200][346,683s] GC(866) Phase 4: Move objects 108,310ms
[2019-04-15T13:47:44.534+0200][346,693s] GC(866) ParNew: 109247K->108723K(109248K)
[2019-04-15T13:47:44.534+0200][346,693s] GC(866) CMS: 393216K->393216K(393216K)
[2019-04-15T13:47:44.534+0200][346,693s] GC(866) Metaspace: 85581K->85581K(1128448K)
[2019-04-15T13:47:44.534+0200][346,693s] GC(866) Pause Full (Allocation Failure) 490M->490M(490M) 527,576ms
[2019-04-15T13:47:44.534+0200][346,693s] GC(866) User=0,66s Sys=0,00s Real=0,53s
[2019-04-15T13:47:44.537+0200][346,696s] GC(867) Pause Full (Allocation Failure)
[2019-04-15T13:47:44.537+0200][346,696s] GC(867) Phase 1: Mark live objects
[2019-04-15T13:47:44.683+0200][346,842s] GC(867) Phase 1: Mark live objects 145,661ms
[2019-04-15T13:47:44.683+0200][346,842s] GC(867) Phase 2: Compute new object addresses
[2019-04-15T13:47:44.768+0200][346,927s] GC(867) Phase 2: Compute new object addresses 85,057ms
[2019-04-15T13:47:44.768+0200][346,927s] GC(867) Phase 3: Adjust pointers
[2019-04-15T13:47:44.883+0200][347,042s] GC(867) Phase 3: Adjust pointers 115,093ms
[2019-04-15T13:47:44.883+0200][347,042s] GC(867) Phase 4: Move objects
[2019-04-15T13:47:44.978+0200][347,137s] GC(867) Phase 4: Move objects 94,850ms
[2019-04-15T13:47:44.979+0200][347,138s] GC(867) ParNew: 109247K->108846K(109248K)
[2019-04-15T13:47:44.979+0200][347,138s] GC(867) CMS: 393216K->393215K(393216K)
[2019-04-15T13:47:44.979+0200][347,138s] GC(867) Metaspace: 85578K->85578K(1128448K)
[2019-04-15T13:47:44.979+0200][347,138s] GC(867) Pause Full (Allocation Failure) 490M->490M(490M) 441,870ms
[2019-04-15T13:47:44.979+0200][347,138s] GC(867) User=0,44s Sys=0,00s Real=0,44s
[2019-04-15T13:47:44.979+0200][347,138s] GC(868) Pause Initial Mark
[2019-04-15T13:47:45.016+0200][347,175s] GC(868) Pause Initial Mark 490M->490M(490M) 37,034ms
[2019-04-15T13:47:45.016+0200][347,175s] GC(868) User=0,04s Sys=0,00s Real=0,04s
[2019-04-15T13:47:45.016+0200][347,175s] GC(868) Concurrent Mark
[2019-04-15T13:47:45.016+0200][347,175s] GC(868) Using 4 workers of 4 for marking
[2019-04-15T13:47:45.020+0200][347,179s] GC(869) Pause Full (Allocation Failure)
[2019-04-15T13:47:45.077+0200][347,236s] GC(868) Concurrent Mark 60,936ms
[2019-04-15T13:47:45.077+0200][347,236s] GC(868) User=0,21s Sys=0,00s Real=0,06s
[2019-04-15T13:47:45.077+0200][347,236s] GC(869) Phase 1: Mark live objects
[2019-04-15T13:47:45.219+0200][347,378s] GC(869) Phase 1: Mark live objects 141,924ms
[2019-04-15T13:47:45.219+0200][347,378s] GC(869) Phase 2: Compute new object addresses
[2019-04-15T13:47:45.305+0200][347,464s] GC(869) Phase 2: Compute new object addresses 85,177ms
[2019-04-15T13:47:45.305+0200][347,464s] GC(869) Phase 3: Adjust pointers
[2019-04-15T13:47:45.422+0200][347,581s] GC(869) Phase 3: Adjust pointers 116,922ms
[2019-04-15T13:47:45.422+0200][347,581s] GC(869) Phase 4: Move objects
[2019-04-15T13:47:45.526+0200][347,685s] GC(869) Phase 4: Move objects 104,493ms
[2019-04-15T13:47:45.527+0200][347,686s] GC(869) ParNew: 109053K->108384K(109248K)
[2019-04-15T13:47:45.527+0200][347,686s] GC(869) CMS: 393215K->393216K(393216K)
[2019-04-15T13:47:45.527+0200][347,686s] GC(869) Metaspace: 85578K->85578K(1128448K)
[2019-04-15T13:47:45.527+0200][347,686s] GC(869) Pause Full (Allocation Failure) 490M->489M(490M) 507,344ms
[2019-04-15T13:47:45.527+0200][347,686s] GC(869) User=0,65s Sys=0,00s Real=0,51s
[2019-04-15T13:47:45.531+0200][347,690s] GC(870) Pause Full (Allocation Failure)
[2019-04-15T13:47:45.531+0200][347,690s] GC(870) Phase 1: Mark live objects
[2019-04-15T13:47:45.675+0200][347,834s] GC(870) Phase 1: Mark live objects 143,441ms
[2019-04-15T13:47:45.675+0200][347,834s] GC(870) Phase 2: Compute new object addresses
[2019-04-15T13:47:45.762+0200][347,921s] GC(870) Phase 2: Compute new object addresses 86,926ms
[2019-04-15T13:47:45.762+0200][347,921s] GC(870) Phase 3: Adjust pointers
[2019-04-15T13:47:45.874+0200][348,033s] GC(870) Phase 3: Adjust pointers 112,109ms
[2019-04-15T13:47:45.874+0200][348,033s] GC(870) Phase 4: Move objects
[2019-04-15T13:47:45.961+0200][348,120s] GC(870) Phase 4: Move objects 87,529ms
[2019-04-15T13:47:45.962+0200][348,121s] GC(870) ParNew: 109247K->108692K(109248K)
[2019-04-15T13:47:45.962+0200][348,121s] GC(870) CMS: 393216K->393215K(393216K)
[2019-04-15T13:47:45.962+0200][348,121s] GC(870) Metaspace: 85578K->85578K(1128448K)
[2019-04-15T13:47:45.962+0200][348,121s] GC(870) Pause Full (Allocation Failure) 490M->490M(490M) 431,211ms
[2019-04-15T13:47:45.962+0200][348,121s] GC(870) User=0,43s Sys=0,00s Real=0,43s
[2019-04-15T13:47:45.962+0200][348,121s] GC(871) Pause Initial Mark
[2019-04-15T13:47:46.008+0200][348,167s] GC(871) Pause Initial Mark 490M->490M(490M) 45,967ms
[2019-04-15T13:47:46.008+0200][348,167s] GC(871) User=0,07s Sys=0,00s Real=0,05s
[2019-04-15T13:47:46.008+0200][348,167s] GC(871) Concurrent Mark
[2019-04-15T13:47:46.008+0200][348,167s] GC(871) Using 4 workers of 4 for marking
[2019-04-15T13:47:46.014+0200][348,173s] GC(872) Pause Full (Allocation Failure)
[2019-04-15T13:47:46.078+0200][348,237s] GC(871) Concurrent Mark 69,352ms
[2019-04-15T13:47:46.078+0200][348,237s] GC(871) User=0,22s Sys=0,00s Real=0,07s
[2019-04-15T13:47:46.078+0200][348,237s] GC(872) Phase 1: Mark live objects
[2019-04-15T13:47:46.219+0200][348,378s] GC(872) Phase 1: Mark live objects 141,373ms
[2019-04-15T13:47:46.219+0200][348,378s] GC(872) Phase 2: Compute new object addresses
[2019-04-15T13:47:46.311+0200][348,470s] GC(872) Phase 2: Compute new object addresses 91,506ms
[2019-04-15T13:47:46.311+0200][348,470s] GC(872) Phase 3: Adjust pointers
[2019-04-15T13:47:46.417+0200][348,576s] GC(872) Phase 3: Adjust pointers 106,410ms
[2019-04-15T13:47:46.417+0200][348,576s] GC(872) Phase 4: Move objects
[2019-04-15T13:47:46.417+0200][348,576s] GC(872) Phase 4: Move objects 0,077ms
[2019-04-15T13:47:46.418+0200][348,577s] GC(872) ParNew: 109248K->108858K(109248K)
[2019-04-15T13:47:46.418+0200][348,577s] GC(872) CMS: 393215K->393215K(393216K)
[2019-04-15T13:47:46.418+0200][348,577s] GC(872) Metaspace: 85578K->85578K(1128448K)
[2019-04-15T13:47:46.418+0200][348,577s] GC(872) Pause Full (Allocation Failure) 490M->490M(490M) 404,334ms
[2019-04-15T13:47:46.418+0200][348,577s] GC(872) User=0,54s Sys=0,00s Real=0,40s
[2019-04-15T13:47:46.420+0200][348,579s] GC(873) Pause Full (Allocation Failure)
[2019-04-15T13:47:46.421+0200][348,580s] GC(873) Phase 1: Mark live objects
[2019-04-15T13:47:46.564+0200][348,723s] GC(873) Phase 1: Mark live objects 143,239ms
[2019-04-15T13:47:46.564+0200][348,723s] GC(873) Phase 2: Compute new object addresses
[2019-04-15T13:47:46.651+0200][348,810s] GC(873) Phase 2: Compute new object addresses 86,558ms
[2019-04-15T13:47:46.651+0200][348,810s] GC(873) Phase 3: Adjust pointers
[2019-04-15T13:47:46.766+0200][348,925s] GC(873) Phase 3: Adjust pointers 115,441ms
[2019-04-15T13:47:46.766+0200][348,925s] GC(873) Phase 4: Move objects
[2019-04-15T13:47:46.871+0200][349,030s] GC(873) Phase 4: Move objects 105,319ms
[2019-04-15T13:47:46.872+0200][349,031s] GC(873) ParNew: 109247K->108973K(109248K)
[2019-04-15T13:47:46.872+0200][349,031s] GC(873) CMS: 393215K->393216K(393216K)
[2019-04-15T13:47:46.872+0200][349,031s] GC(873) Metaspace: 85578K->85578K(1128448K)
[2019-04-15T13:47:46.872+0200][349,031s] GC(873) Pause Full (Allocation Failure) 490M->490M(490M) 451,802ms
[2019-04-15T13:47:46.872+0200][349,031s] GC(873) User=0,45s Sys=0,00s Real=0,45s
[2019-04-15T13:47:46.873+0200][349,031s] GC(874) Pause Initial Mark
[2019-04-15T13:47:46.921+0200][349,080s] GC(874) Pause Initial Mark 490M->490M(490M) 48,397ms
[2019-04-15T13:47:46.921+0200][349,080s] GC(874) User=0,07s Sys=0,00s Real=0,05s
[2019-04-15T13:47:46.921+0200][349,080s] GC(874) Concurrent Mark
[2019-04-15T13:47:46.921+0200][349,080s] GC(874) Using 4 workers of 4 for marking
[2019-04-15T13:47:46.924+0200][349,083s] GC(875) Pause Full (Allocation Failure)
[2019-04-15T13:47:46.979+0200][349,138s] GC(874) Concurrent Mark 58,101ms
[2019-04-15T13:47:46.979+0200][349,138s] GC(874) User=0,22s Sys=0,00s Real=0,06s
[2019-04-15T13:47:46.979+0200][349,138s] GC(875) Phase 1: Mark live objects
[2019-04-15T13:47:47.126+0200][349,285s] GC(875) Phase 1: Mark live objects 146,437ms
[2019-04-15T13:47:47.126+0200][349,285s] GC(875) Phase 2: Compute new object addresses
[2019-04-15T13:47:47.218+0200][349,377s] GC(875) Phase 2: Compute new object addresses 92,217ms
[2019-04-15T13:47:47.218+0200][349,377s] GC(875) Phase 3: Adjust pointers
[2019-04-15T13:47:47.323+0200][349,482s] GC(875) Phase 3: Adjust pointers 104,836ms
[2019-04-15T13:47:47.323+0200][349,482s] GC(875) Phase 4: Move objects
[2019-04-15T13:47:47.324+0200][349,483s] GC(875) Phase 4: Move objects 1,033ms
[2019-04-15T13:47:47.325+0200][349,484s] GC(875) ParNew: 109247K->109053K(109248K)
[2019-04-15T13:47:47.325+0200][349,484s] GC(875) CMS: 393216K->393216K(393216K)
[2019-04-15T13:47:47.325+0200][349,484s] GC(875) Metaspace: 85578K->85578K(1128448K)
[2019-04-15T13:47:47.325+0200][349,484s] GC(875) Pause Full (Allocation Failure) 490M->490M(490M) 400,975ms
[2019-04-15T13:47:47.325+0200][349,484s] GC(875) User=0,55s Sys=0,00s Real=0,40s
[2019-04-15T13:47:47.326+0200][349,485s] GC(876) Pause Full (Allocation Failure)
[2019-04-15T13:47:47.326+0200][349,485s] GC(876) Phase 1: Mark live objects
[2019-04-15T13:47:47.474+0200][349,633s] GC(876) Phase 1: Mark live objects 147,797ms
[2019-04-15T13:47:47.474+0200][349,633s] GC(876) Phase 2: Compute new object addresses
[2019-04-15T13:47:47.561+0200][349,720s] GC(876) Phase 2: Compute new object addresses 87,003ms
[2019-04-15T13:47:47.561+0200][349,720s] GC(876) Phase 3: Adjust pointers
[2019-04-15T13:47:47.674+0200][349,833s] GC(876) Phase 3: Adjust pointers 112,685ms
[2019-04-15T13:47:47.674+0200][349,833s] GC(876) Phase 4: Move objects
[2019-04-15T13:47:47.761+0200][349,920s] GC(876) Phase 4: Move objects 87,221ms
[2019-04-15T13:47:47.762+0200][349,921s] GC(876) ParNew: 109247K->109099K(109248K)
[2019-04-15T13:47:47.762+0200][349,921s] GC(876) CMS: 393216K->393215K(393216K)
[2019-04-15T13:47:47.762+0200][349,921s] GC(876) Metaspace: 85578K->85578K(1128448K)
[2019-04-15T13:47:47.762+0200][349,921s] GC(876) Pause Full (Allocation Failure) 490M->490M(490M) 435,906ms
[2019-04-15T13:47:47.762+0200][349,921s] GC(876) User=0,44s Sys=0,00s Real=0,43s
[2019-04-15T13:47:47.762+0200][349,921s] GC(877) Pause Initial Mark
[2019-04-15T13:47:47.811+0200][349,970s] GC(877) Pause Initial Mark 490M->490M(490M) 48,390ms
[2019-04-15T13:47:47.811+0200][349,970s] GC(877) User=0,06s Sys=0,00s Real=0,05s
[2019-04-15T13:47:47.811+0200][349,970s] GC(877) Concurrent Mark
[2019-04-15T13:47:47.811+0200][349,970s] GC(877) Using 4 workers of 4 for marking
[2019-04-15T13:47:47.812+0200][349,971s] GC(878) Pause Full (Allocation Failure)
[2019-04-15T13:47:47.868+0200][350,027s] GC(877) Concurrent Mark 57,202ms
[2019-04-15T13:47:47.868+0200][350,027s] GC(877) User=0,22s Sys=0,00s Real=0,06s
[2019-04-15T13:47:47.868+0200][350,027s] GC(878) Phase 1: Mark live objects
[2019-04-15T13:47:48.009+0200][350,168s] GC(878) Phase 1: Mark live objects 140,617ms
[2019-04-15T13:47:48.009+0200][350,168s] GC(878) Phase 2: Compute new object addresses
[2019-04-15T13:47:48.099+0200][350,258s] GC(878) Phase 2: Compute new object addresses 89,943ms
[2019-04-15T13:47:48.099+0200][350,258s] GC(878) Phase 3: Adjust pointers
[2019-04-15T13:47:48.208+0200][350,367s] GC(878) Phase 3: Adjust pointers 109,143ms
[2019-04-15T13:47:48.208+0200][350,367s] GC(878) Phase 4: Move objects
[2019-04-15T13:47:48.292+0200][350,451s] GC(878) Phase 4: Move objects 84,422ms
[2019-04-15T13:47:48.293+0200][350,452s] GC(878) ParNew: 109247K->109135K(109248K)
[2019-04-15T13:47:48.293+0200][350,452s] GC(878) CMS: 393215K->393215K(393216K)
[2019-04-15T13:47:48.293+0200][350,452s] GC(878) Metaspace: 85578K->85578K(1128448K)
[2019-04-15T13:47:48.293+0200][350,452s] GC(878) Pause Full (Allocation Failure) 490M->490M(490M) 480,966ms
[2019-04-15T13:47:48.293+0200][350,452s] GC(878) User=0,63s Sys=0,00s Real=0,49s
[2019-04-15T13:47:48.294+0200][350,453s] GC(879) Pause Full (Allocation Failure)
[2019-04-15T13:47:48.294+0200][350,453s] GC(879) Phase 1: Mark live objects
[2019-04-15T13:47:48.438+0200][350,596s] GC(879) Phase 1: Mark live objects 143,254ms
[2019-04-15T13:47:48.438+0200][350,596s] GC(879) Phase 2: Compute new object addresses
[2019-04-15T13:47:48.523+0200][350,682s] GC(879) Phase 2: Compute new object addresses 85,484ms
[2019-04-15T13:47:48.523+0200][350,682s] GC(879) Phase 3: Adjust pointers
[2019-04-15T13:47:48.637+0200][350,795s] GC(879) Phase 3: Adjust pointers 113,422ms
[2019-04-15T13:47:48.637+0200][350,795s] GC(879) Phase 4: Move objects
[2019-04-15T13:47:48.724+0200][350,883s] GC(879) Phase 4: Move objects 87,267ms
[2019-04-15T13:47:48.725+0200][350,884s] GC(879) ParNew: 109247K->109076K(109248K)
[2019-04-15T13:47:48.725+0200][350,884s] GC(879) CMS: 393215K->393215K(393216K)
[2019-04-15T13:47:48.725+0200][350,884s] GC(879) Metaspace: 85578K->85578K(1128448K)
[2019-04-15T13:47:48.725+0200][350,884s] GC(879) Pause Full (Allocation Failure) 490M->490M(490M) 430,711ms
[2019-04-15T13:47:48.725+0200][350,884s] GC(879) User=0,44s Sys=0,00s Real=0,42s
[2019-04-15T13:47:48.725+0200][350,884s] GC(880) Pause Initial Mark
[2019-04-15T13:47:48.762+0200][350,921s] GC(880) Pause Initial Mark 490M->490M(490M) 37,389ms
[2019-04-15T13:47:48.762+0200][350,921s] GC(880) User=0,04s Sys=0,00s Real=0,04s
[2019-04-15T13:47:48.762+0200][350,921s] GC(880) Concurrent Mark
[2019-04-15T13:47:48.762+0200][350,921s] GC(880) Using 4 workers of 4 for marking
[2019-04-15T13:47:48.764+0200][350,923s] GC(881) Pause Full (Allocation Failure)
[2019-04-15T13:47:48.814+0200][350,973s] GC(880) Concurrent Mark 51,677ms
[2019-04-15T13:47:48.814+0200][350,973s] GC(880) User=0,20s Sys=0,00s Real=0,06s
[2019-04-15T13:47:48.814+0200][350,973s] GC(881) Phase 1: Mark live objects
[2019-04-15T13:47:48.959+0200][351,118s] GC(881) Phase 1: Mark live objects 144,734ms
[2019-04-15T13:47:48.959+0200][351,118s] GC(881) Phase 2: Compute new object addresses
[2019-04-15T13:47:49.053+0200][351,212s] GC(881) Phase 2: Compute new object addresses 93,832ms
[2019-04-15T13:47:49.053+0200][351,212s] GC(881) Phase 3: Adjust pointers
[2019-04-15T13:47:49.160+0200][351,319s] GC(881) Phase 3: Adjust pointers 107,389ms
[2019-04-15T13:47:49.160+0200][351,319s] GC(881) Phase 4: Move objects
[2019-04-15T13:47:49.161+0200][351,320s] GC(881) Phase 4: Move objects 0,979ms
[2019-04-15T13:47:49.162+0200][351,321s] GC(881) ParNew: 109247K->109125K(109248K)
[2019-04-15T13:47:49.162+0200][351,321s] GC(881) CMS: 393215K->393215K(393216K)
[2019-04-15T13:47:49.162+0200][351,321s] GC(881) Metaspace: 85578K->85578K(1128448K)
[2019-04-15T13:47:49.162+0200][351,321s] GC(881) Pause Full (Allocation Failure) 490M->490M(490M) 398,063ms
[2019-04-15T13:47:49.162+0200][351,321s] GC(881) User=0,54s Sys=0,00s Real=0,40s
[2019-04-15T13:47:49.163+0200][351,322s] GC(882) Pause Full (Allocation Failure)
[2019-04-15T13:47:49.163+0200][351,322s] GC(882) Phase 1: Mark live objects
[2019-04-15T13:47:49.313+0200][351,471s] GC(882) Phase 1: Mark live objects 149,183ms
[2019-04-15T13:47:49.313+0200][351,471s] GC(882) Phase 2: Compute new object addresses
[2019-04-15T13:47:49.399+0200][351,558s] GC(882) Phase 2: Compute new object addresses 86,761ms
[2019-04-15T13:47:49.399+0200][351,558s] GC(882) Phase 3: Adjust pointers
[2019-04-15T13:47:49.513+0200][351,672s] GC(882) Phase 3: Adjust pointers 113,656ms
[2019-04-15T13:47:49.513+0200][351,672s] GC(882) Phase 4: Move objects
[2019-04-15T13:47:49.611+0200][351,770s] GC(882) Phase 4: Move objects 98,162ms
[2019-04-15T13:47:49.612+0200][351,771s] GC(882) ParNew: 109247K->109083K(109248K)
[2019-04-15T13:47:49.612+0200][351,771s] GC(882) CMS: 393215K->393215K(393216K)
[2019-04-15T13:47:49.612+0200][351,771s] GC(882) Metaspace: 85578K->85578K(1128448K)
[2019-04-15T13:47:49.612+0200][351,771s] GC(882) Pause Full (Allocation Failure) 490M->490M(490M) 449,054ms
[2019-04-15T13:47:49.612+0200][351,771s] GC(882) User=0,45s Sys=0,00s Real=0,45s
[2019-04-15T13:47:49.612+0200][351,771s] GC(883) Pause Initial Mark
[2019-04-15T13:47:49.652+0200][351,811s] GC(883) Pause Initial Mark 490M->490M(490M) 39,765ms
[2019-04-15T13:47:49.652+0200][351,811s] GC(883) User=0,05s Sys=0,00s Real=0,04s
[2019-04-15T13:47:49.652+0200][351,811s] GC(883) Concurrent Mark
[2019-04-15T13:47:49.652+0200][351,811s] GC(883) Using 4 workers of 4 for marking
[2019-04-15T13:47:49.654+0200][351,813s] GC(884) Pause Full (Allocation Failure)
[2019-04-15T13:47:49.700+0200][351,859s] GC(883) Concurrent Mark 47,674ms
[2019-04-15T13:47:49.700+0200][351,859s] GC(883) User=0,17s Sys=0,00s Real=0,05s
[2019-04-15T13:47:49.700+0200][351,859s] GC(884) Phase 1: Mark live objects
[2019-04-15T13:47:49.832+0200][351,991s] GC(884) Phase 1: Mark live objects 131,427ms
[2019-04-15T13:47:49.832+0200][351,991s] GC(884) Phase 2: Compute new object addresses
[2019-04-15T13:47:49.919+0200][352,078s] GC(884) Phase 2: Compute new object addresses 87,352ms
[2019-04-15T13:47:49.919+0200][352,078s] GC(884) Phase 3: Adjust pointers
[2019-04-15T13:47:50.022+0200][352,181s] GC(884) Phase 3: Adjust pointers 103,102ms
[2019-04-15T13:47:50.022+0200][352,181s] GC(884) Phase 4: Move objects
[2019-04-15T13:47:50.061+0200][352,220s] GC(884) Phase 4: Move objects 38,986ms
[2019-04-15T13:47:50.062+0200][352,221s] GC(884) ParNew: 109247K->88999K(109248K)
[2019-04-15T13:47:50.062+0200][352,221s] GC(884) CMS: 393215K->393216K(393216K)
[2019-04-15T13:47:50.062+0200][352,221s] GC(884) Metaspace: 85562K->85562K(1128448K)
[2019-04-15T13:47:50.062+0200][352,221s] GC(884) Pause Full (Allocation Failure) 490M->470M(490M) 407,849ms
[2019-04-15T13:47:50.062+0200][352,221s] GC(884) User=0,54s Sys=0,00s Real=0,40s
[2019-04-15T13:47:50.176+0200][352,335s] GC(885) Pause Full (Allocation Failure)
[2019-04-15T13:47:50.176+0200][352,335s] GC(885) Phase 1: Mark live objects
[2019-04-15T13:47:50.311+0200][352,470s] GC(885) Phase 1: Mark live objects 135,058ms
[2019-04-15T13:47:50.312+0200][352,470s] GC(885) Phase 2: Compute new object addresses
[2019-04-15T13:47:50.401+0200][352,560s] GC(885) Phase 2: Compute new object addresses 89,915ms
[2019-04-15T13:47:50.401+0200][352,560s] GC(885) Phase 3: Adjust pointers
[2019-04-15T13:47:50.503+0200][352,662s] GC(885) Phase 3: Adjust pointers 101,945ms
[2019-04-15T13:47:50.503+0200][352,662s] GC(885) Phase 4: Move objects
[2019-04-15T13:47:50.511+0200][352,670s] GC(885) Phase 4: Move objects 8,024ms
[2019-04-15T13:47:50.512+0200][352,671s] GC(885) ParNew: 109247K->92319K(109248K)
[2019-04-15T13:47:50.512+0200][352,671s] GC(885) CMS: 393216K->393216K(393216K)
[2019-04-15T13:47:50.512+0200][352,671s] GC(885) Metaspace: 85562K->85562K(1128448K)
[2019-04-15T13:47:50.512+0200][352,671s] GC(885) Pause Full (Allocation Failure) 490M->474M(490M) 336,141ms
[2019-04-15T13:47:50.512+0200][352,671s] GC(885) User=0,34s Sys=0,00s Real=0,33s
[2019-04-15T13:47:50.512+0200][352,671s] GC(886) Pause Initial Mark
[2019-04-15T13:47:50.555+0200][352,714s] GC(886) Pause Initial Mark 474M->474M(490M) 42,629ms
[2019-04-15T13:47:50.555+0200][352,714s] GC(886) User=0,04s Sys=0,00s Real=0,05s
[2019-04-15T13:47:50.555+0200][352,714s] GC(886) Concurrent Mark
[2019-04-15T13:47:50.555+0200][352,714s] GC(886) Using 4 workers of 4 for marking
[2019-04-15T13:47:50.630+0200][352,789s] GC(886) Concurrent Mark 75,034ms
[2019-04-15T13:47:50.630+0200][352,789s] GC(886) User=0,28s Sys=0,00s Real=0,07s
[2019-04-15T13:47:50.630+0200][352,789s] GC(886) Concurrent Preclean
[2019-04-15T13:47:50.706+0200][352,865s] GC(887) Pause Full (Allocation Failure)
[2019-04-15T13:47:50.713+0200][352,872s] GC(886) Concurrent Preclean 82,587ms
[2019-04-15T13:47:50.713+0200][352,872s] GC(886) User=0,16s Sys=0,00s Real=0,08s
[2019-04-15T13:47:50.713+0200][352,872s] GC(887) Phase 1: Mark live objects
[2019-04-15T13:47:50.848+0200][353,007s] GC(887) Phase 1: Mark live objects 134,982ms
[2019-04-15T13:47:50.848+0200][353,007s] GC(887) Phase 2: Compute new object addresses
[2019-04-15T13:47:50.937+0200][353,096s] GC(887) Phase 2: Compute new object addresses 89,208ms
[2019-04-15T13:47:50.937+0200][353,096s] GC(887) Phase 3: Adjust pointers
[2019-04-15T13:47:51.044+0200][353,203s] GC(887) Phase 3: Adjust pointers 106,874ms
[2019-04-15T13:47:51.044+0200][353,203s] GC(887) Phase 4: Move objects
[2019-04-15T13:47:51.048+0200][353,207s] GC(887) Phase 4: Move objects 3,937ms
[2019-04-15T13:47:51.049+0200][353,208s] GC(887) ParNew: 109247K->97502K(109248K)
[2019-04-15T13:47:51.049+0200][353,208s] GC(887) CMS: 393216K->393216K(393216K)
[2019-04-15T13:47:51.049+0200][353,208s] GC(887) Metaspace: 85562K->85562K(1128448K)
[2019-04-15T13:47:51.049+0200][353,208s] GC(887) Pause Full (Allocation Failure) 490M->479M(490M) 343,152ms
[2019-04-15T13:47:51.049+0200][353,208s] GC(887) User=0,35s Sys=0,00s Real=0,34s
[2019-04-15T13:47:51.112+0200][353,271s] GC(888) Pause Full (Allocation Failure)
[2019-04-15T13:47:51.113+0200][353,272s] GC(888) Phase 1: Mark live objects
[2019-04-15T13:47:51.249+0200][353,408s] GC(888) Phase 1: Mark live objects 136,870ms
[2019-04-15T13:47:51.250+0200][353,408s] GC(888) Phase 2: Compute new object addresses
[2019-04-15T13:47:51.338+0200][353,497s] GC(888) Phase 2: Compute new object addresses 88,355ms
[2019-04-15T13:47:51.338+0200][353,497s] GC(888) Phase 3: Adjust pointers
[2019-04-15T13:47:51.440+0200][353,599s] GC(888) Phase 3: Adjust pointers 102,541ms
[2019-04-15T13:47:51.441+0200][353,599s] GC(888) Phase 4: Move objects
[2019-04-15T13:47:51.455+0200][353,614s] GC(888) Phase 4: Move objects 14,508ms
[2019-04-15T13:47:51.456+0200][353,615s] GC(888) ParNew: 109247K->98707K(109248K)
[2019-04-15T13:47:51.456+0200][353,615s] GC(888) CMS: 393216K->393216K(393216K)
[2019-04-15T13:47:51.456+0200][353,615s] GC(888) Metaspace: 85562K->85562K(1128448K)
[2019-04-15T13:47:51.456+0200][353,615s] GC(888) Pause Full (Allocation Failure) 490M->480M(490M) 343,494ms
[2019-04-15T13:47:51.456+0200][353,615s] GC(888) User=0,34s Sys=0,00s Real=0,35s
[2019-04-15T13:47:51.456+0200][353,615s] GC(889) Pause Initial Mark
[2019-04-15T13:47:51.500+0200][353,659s] GC(889) Pause Initial Mark 480M->480M(490M) 43,758ms
[2019-04-15T13:47:51.500+0200][353,659s] GC(889) User=0,06s Sys=0,00s Real=0,04s
[2019-04-15T13:47:51.500+0200][353,659s] GC(889) Concurrent Mark
[2019-04-15T13:47:51.500+0200][353,659s] GC(889) Using 4 workers of 4 for marking
[2019-04-15T13:47:51.577+0200][353,736s] GC(889) Concurrent Mark 77,085ms
[2019-04-15T13:47:51.577+0200][353,736s] GC(889) User=0,30s Sys=0,00s Real=0,08s
[2019-04-15T13:47:51.577+0200][353,736s] GC(889) Concurrent Preclean
[2019-04-15T13:47:51.608+0200][353,767s] GC(890) Pause Full (Allocation Failure)
[2019-04-15T13:47:51.659+0200][353,818s] GC(889) Concurrent Preclean 81,747ms
[2019-04-15T13:47:51.659+0200][353,818s] GC(889) User=0,11s Sys=0,00s Real=0,08s
[2019-04-15T13:47:51.659+0200][353,818s] GC(890) Phase 1: Mark live objects
[2019-04-15T13:47:51.795+0200][353,954s] GC(890) Phase 1: Mark live objects 136,359ms
[2019-04-15T13:47:51.795+0200][353,954s] GC(890) Phase 2: Compute new object addresses
[2019-04-15T13:47:51.885+0200][354,044s] GC(890) Phase 2: Compute new object addresses 89,720ms
[2019-04-15T13:47:51.885+0200][354,044s] GC(890) Phase 3: Adjust pointers
[2019-04-15T13:47:51.990+0200][354,148s] GC(890) Phase 3: Adjust pointers 104,291ms
[2019-04-15T13:47:51.990+0200][354,149s] GC(890) Phase 4: Move objects
[2019-04-15T13:47:51.993+0200][354,152s] GC(890) Phase 4: Move objects 3,489ms
[2019-04-15T13:47:51.994+0200][354,153s] GC(890) ParNew: 109247K->98832K(109248K)
[2019-04-15T13:47:51.994+0200][354,153s] GC(890) CMS: 393216K->393216K(393216K)
[2019-04-15T13:47:51.994+0200][354,153s] GC(890) Metaspace: 85562K->85562K(1128448K)
[2019-04-15T13:47:51.994+0200][354,153s] GC(890) Pause Full (Allocation Failure) 490M->480M(490M) 385,303ms
[2019-04-15T13:47:51.994+0200][354,153s] GC(890) User=0,39s Sys=0,00s Real=0,39s
[2019-04-15T13:47:52.067+0200][354,226s] GC(891) Pause Full (Allocation Failure)
[2019-04-15T13:47:52.068+0200][354,227s] GC(891) Phase 1: Mark live objects
[2019-04-15T13:47:52.207+0200][354,365s] GC(891) Phase 1: Mark live objects 138,891ms
[2019-04-15T13:47:52.207+0200][354,365s] GC(891) Phase 2: Compute new object addresses
[2019-04-15T13:47:52.296+0200][354,455s] GC(891) Phase 2: Compute new object addresses 89,115ms
[2019-04-15T13:47:52.296+0200][354,455s] GC(891) Phase 3: Adjust pointers
[2019-04-15T13:47:52.397+0200][354,556s] GC(891) Phase 3: Adjust pointers 101,549ms
[2019-04-15T13:47:52.397+0200][354,556s] GC(891) Phase 4: Move objects
[2019-04-15T13:47:52.404+0200][354,563s] GC(891) Phase 4: Move objects 6,937ms
[2019-04-15T13:47:52.405+0200][354,564s] GC(891) ParNew: 109247K->99191K(109248K)
[2019-04-15T13:47:52.405+0200][354,564s] GC(891) CMS: 393216K->393216K(393216K)
[2019-04-15T13:47:52.405+0200][354,564s] GC(891) Metaspace: 85562K->85562K(1128448K)
[2019-04-15T13:47:52.405+0200][354,564s] GC(891) Pause Full (Allocation Failure) 490M->480M(490M) 338,055ms
[2019-04-15T13:47:52.405+0200][354,564s] GC(891) User=0,34s Sys=0,00s Real=0,34s
[2019-04-15T13:47:52.405+0200][354,564s] GC(892) Pause Initial Mark
[2019-04-15T13:47:52.449+0200][354,608s] GC(892) Pause Initial Mark 480M->480M(490M) 44,156ms
[2019-04-15T13:47:52.449+0200][354,608s] GC(892) User=0,05s Sys=0,00s Real=0,04s
[2019-04-15T13:47:52.449+0200][354,608s] GC(892) Concurrent Mark
[2019-04-15T13:47:52.449+0200][354,608s] GC(892) Using 4 workers of 4 for marking
[2019-04-15T13:47:52.522+0200][354,681s] GC(892) Concurrent Mark 72,627ms
[2019-04-15T13:47:52.522+0200][354,681s] GC(892) User=0,28s Sys=0,00s Real=0,07s
[2019-04-15T13:47:52.522+0200][354,681s] GC(892) Concurrent Preclean
[2019-04-15T13:47:52.537+0200][354,696s] GC(893) Pause Full (Allocation Failure)
[2019-04-15T13:47:52.601+0200][354,760s] GC(892) Concurrent Preclean 78,508ms
[2019-04-15T13:47:52.601+0200][354,760s] GC(892) User=0,10s Sys=0,00s Real=0,08s
[2019-04-15T13:47:52.601+0200][354,760s] GC(893) Phase 1: Mark live objects
[2019-04-15T13:47:52.739+0200][354,898s] GC(893) Phase 1: Mark live objects 137,815ms
[2019-04-15T13:47:52.739+0200][354,898s] GC(893) Phase 2: Compute new object addresses
[2019-04-15T13:47:52.828+0200][354,987s] GC(893) Phase 2: Compute new object addresses 89,690ms
[2019-04-15T13:47:52.828+0200][354,987s] GC(893) Phase 3: Adjust pointers
[2019-04-15T13:47:52.931+0200][355,090s] GC(893) Phase 3: Adjust pointers 102,469ms
[2019-04-15T13:47:52.931+0200][355,090s] GC(893) Phase 4: Move objects
[2019-04-15T13:47:52.934+0200][355,093s] GC(893) Phase 4: Move objects 3,211ms
[2019-04-15T13:47:52.935+0200][355,094s] GC(893) ParNew: 108948K->99622K(109248K)
[2019-04-15T13:47:52.935+0200][355,094s] GC(893) CMS: 393216K->393216K(393216K)
[2019-04-15T13:47:52.935+0200][355,094s] GC(893) Metaspace: 85562K->85562K(1128448K)
[2019-04-15T13:47:52.935+0200][355,094s] GC(893) Pause Full (Allocation Failure) 490M->481M(490M) 398,078ms
[2019-04-15T13:47:52.935+0200][355,094s] GC(893) User=0,40s Sys=0,00s Real=0,40s
[2019-04-15T13:47:52.984+0200][355,142s] GC(894) Pause Full (Allocation Failure)
[2019-04-15T13:47:52.984+0200][355,143s] GC(894) Phase 1: Mark live objects
[2019-04-15T13:47:53.132+0200][355,291s] GC(894) Phase 1: Mark live objects 148,027ms
[2019-04-15T13:47:53.132+0200][355,291s] GC(894) Phase 2: Compute new object addresses
[2019-04-15T13:47:53.220+0200][355,379s] GC(894) Phase 2: Compute new object addresses 87,969ms
[2019-04-15T13:47:53.220+0200][355,379s] GC(894) Phase 3: Adjust pointers
[2019-04-15T13:47:53.325+0200][355,484s] GC(894) Phase 3: Adjust pointers 105,322ms
[2019-04-15T13:47:53.325+0200][355,484s] GC(894) Phase 4: Move objects
[2019-04-15T13:47:53.348+0200][355,507s] GC(894) Phase 4: Move objects 22,982ms
[2019-04-15T13:47:53.349+0200][355,508s] GC(894) ParNew: 109248K->100930K(109248K)
[2019-04-15T13:47:53.349+0200][355,508s] GC(894) CMS: 393216K->393216K(393216K)
[2019-04-15T13:47:53.350+0200][355,508s] GC(894) Metaspace: 85562K->85562K(1128448K)
[2019-04-15T13:47:53.350+0200][355,508s] GC(894) Pause Full (Allocation Failure) 490M->482M(490M) 366,016ms
[2019-04-15T13:47:53.350+0200][355,509s] GC(894) User=0,37s Sys=0,00s Real=0,37s
[2019-04-15T13:47:53.350+0200][355,509s] GC(895) Pause Initial Mark
[2019-04-15T13:47:53.391+0200][355,550s] GC(895) Pause Initial Mark 482M->482M(490M) 41,076ms
[2019-04-15T13:47:53.391+0200][355,550s] GC(895) User=0,04s Sys=0,00s Real=0,04s
[2019-04-15T13:47:53.391+0200][355,550s] GC(895) Concurrent Mark
[2019-04-15T13:47:53.391+0200][355,550s] GC(895) Using 4 workers of 4 for marking
[2019-04-15T13:47:53.472+0200][355,631s] GC(895) Concurrent Mark 80,523ms
[2019-04-15T13:47:53.472+0200][355,631s] GC(895) User=0,31s Sys=0,00s Real=0,08s
[2019-04-15T13:47:53.472+0200][355,631s] GC(895) Concurrent Preclean
[2019-04-15T13:47:53.473+0200][355,632s] GC(896) Pause Full (Allocation Failure)
[2019-04-15T13:47:53.555+0200][355,714s] GC(895) Concurrent Preclean 82,938ms
[2019-04-15T13:47:53.555+0200][355,714s] GC(895) User=0,08s Sys=0,01s Real=0,09s
[2019-04-15T13:47:53.555+0200][355,714s] GC(896) Phase 1: Mark live objects
[2019-04-15T13:47:53.694+0200][355,852s] GC(896) Phase 1: Mark live objects 138,632ms
[2019-04-15T13:47:53.694+0200][355,853s] GC(896) Phase 2: Compute new object addresses
[2019-04-15T13:47:53.782+0200][355,941s] GC(896) Phase 2: Compute new object addresses 88,099ms
[2019-04-15T13:47:53.782+0200][355,941s] GC(896) Phase 3: Adjust pointers
[2019-04-15T13:47:53.884+0200][356,043s] GC(896) Phase 3: Adjust pointers 102,222ms
[2019-04-15T13:47:53.884+0200][356,043s] GC(896) Phase 4: Move objects
[2019-04-15T13:47:53.893+0200][356,052s] GC(896) Phase 4: Move objects 9,339ms
[2019-04-15T13:47:53.894+0200][356,053s] GC(896) ParNew: 109247K->103473K(109248K)
[2019-04-15T13:47:53.894+0200][356,053s] GC(896) CMS: 393216K->393216K(393216K)
[2019-04-15T13:47:53.894+0200][356,053s] GC(896) Metaspace: 85562K->85562K(1128448K)
[2019-04-15T13:47:53.894+0200][356,053s] GC(896) Pause Full (Allocation Failure) 490M->485M(490M) 421,138ms
[2019-04-15T13:47:53.894+0200][356,053s] GC(896) User=0,41s Sys=0,01s Real=0,43s
[2019-04-15T13:47:53.924+0200][356,082s] GC(897) Pause Full (Allocation Failure)
[2019-04-15T13:47:53.924+0200][356,083s] GC(897) Phase 1: Mark live objects
[2019-04-15T13:47:54.069+0200][356,228s] GC(897) Phase 1: Mark live objects 144,673ms
[2019-04-15T13:47:54.069+0200][356,228s] GC(897) Phase 2: Compute new object addresses
[2019-04-15T13:47:54.162+0200][356,321s] GC(897) Phase 2: Compute new object addresses 93,538ms
[2019-04-15T13:47:54.162+0200][356,321s] GC(897) Phase 3: Adjust pointers
[2019-04-15T13:47:54.266+0200][356,425s] GC(897) Phase 3: Adjust pointers 104,210ms
[2019-04-15T13:47:54.266+0200][356,425s] GC(897) Phase 4: Move objects
[2019-04-15T13:47:54.272+0200][356,431s] GC(897) Phase 4: Move objects 5,209ms
[2019-04-15T13:47:54.272+0200][356,431s] GC(897) ParNew: 109247K->105304K(109248K)
[2019-04-15T13:47:54.272+0200][356,431s] GC(897) CMS: 393216K->393216K(393216K)
[2019-04-15T13:47:54.272+0200][356,431s] GC(897) Metaspace: 85562K->85562K(1128448K)
[2019-04-15T13:47:54.272+0200][356,431s] GC(897) Pause Full (Allocation Failure) 490M->486M(490M) 348,804ms
[2019-04-15T13:47:54.272+0200][356,431s] GC(897) User=0,35s Sys=0,00s Real=0,35s
[2019-04-15T13:47:54.273+0200][356,431s] GC(898) Pause Initial Mark
[2019-04-15T13:47:54.314+0200][356,473s] GC(898) Pause Initial Mark 486M->486M(490M) 41,770ms
[2019-04-15T13:47:54.314+0200][356,473s] GC(898) User=0,06s Sys=0,00s Real=0,05s
[2019-04-15T13:47:54.314+0200][356,473s] GC(898) Concurrent Mark
[2019-04-15T13:47:54.314+0200][356,473s] GC(898) Using 4 workers of 4 for marking
[2019-04-15T13:47:54.350+0200][356,509s] GC(899) Pause Full (Allocation Failure)
[2019-04-15T13:47:54.378+0200][356,537s] GC(898) Concurrent Mark 63,875ms
[2019-04-15T13:47:54.378+0200][356,537s] GC(898) User=0,24s Sys=0,00s Real=0,06s
[2019-04-15T13:47:54.379+0200][356,538s] GC(899) Phase 1: Mark live objects
[2019-04-15T13:47:54.506+0200][356,665s] GC(899) Phase 1: Mark live objects 127,464ms
[2019-04-15T13:47:54.506+0200][356,665s] GC(899) Phase 2: Compute new object addresses
[2019-04-15T13:47:54.591+0200][356,750s] GC(899) Phase 2: Compute new object addresses 84,653ms
[2019-04-15T13:47:54.591+0200][356,750s] GC(899) Phase 3: Adjust pointers
[2019-04-15T13:47:54.691+0200][356,850s] GC(899) Phase 3: Adjust pointers 100,228ms
[2019-04-15T13:47:54.691+0200][356,850s] GC(899) Phase 4: Move objects
[2019-04-15T13:47:54.729+0200][356,888s] GC(899) Phase 4: Move objects 37,614ms
[2019-04-15T13:47:54.729+0200][356,888s] GC(899) ParNew: 109247K->79210K(109248K)
[2019-04-15T13:47:54.729+0200][356,888s] GC(899) CMS: 393216K->393216K(393216K)
[2019-04-15T13:47:54.729+0200][356,888s] GC(899) Metaspace: 85562K->85562K(1128448K)
[2019-04-15T13:47:54.729+0200][356,888s] GC(899) Pause Full (Allocation Failure) 490M->461M(490M) 379,190ms
[2019-04-15T13:47:54.729+0200][356,888s] GC(899) User=0,45s Sys=0,00s Real=0,38s
[2019-04-15T13:47:54.861+0200][357,020s] GC(900) Pause Full (Allocation Failure)
[2019-04-15T13:47:54.862+0200][357,021s] GC(900) Phase 1: Mark live objects
[2019-04-15T13:47:54.992+0200][357,151s] GC(900) Phase 1: Mark live objects 129,632ms
[2019-04-15T13:47:54.992+0200][357,151s] GC(900) Phase 2: Compute new object addresses
[2019-04-15T13:47:55.081+0200][357,240s] GC(900) Phase 2: Compute new object addresses 89,415ms
[2019-04-15T13:47:55.081+0200][357,240s] GC(900) Phase 3: Adjust pointers
[2019-04-15T13:47:55.179+0200][357,338s] GC(900) Phase 3: Adjust pointers 97,469ms
[2019-04-15T13:47:55.179+0200][357,338s] GC(900) Phase 4: Move objects
[2019-04-15T13:47:55.183+0200][357,342s] GC(900) Phase 4: Move objects 4,573ms
[2019-04-15T13:47:55.184+0200][357,343s] GC(900) ParNew: 109247K->83029K(109248K)
[2019-04-15T13:47:55.184+0200][357,343s] GC(900) CMS: 393216K->393216K(393216K)
[2019-04-15T13:47:55.184+0200][357,343s] GC(900) Metaspace: 85562K->85562K(1128448K)
[2019-04-15T13:47:55.184+0200][357,343s] GC(900) Pause Full (Allocation Failure) 490M->465M(490M) 322,570ms
[2019-04-15T13:47:55.184+0200][357,343s] GC(900) User=0,32s Sys=0,00s Real=0,32s
[2019-04-15T13:47:55.184+0200][357,343s] GC(901) Pause Initial Mark
[2019-04-15T13:47:55.221+0200][357,380s] GC(901) Pause Initial Mark 465M->465M(490M) 36,583ms
[2019-04-15T13:47:55.221+0200][357,380s] GC(901) User=0,03s Sys=0,00s Real=0,04s
[2019-04-15T13:47:55.221+0200][357,380s] GC(901) Concurrent Mark
[2019-04-15T13:47:55.221+0200][357,380s] GC(901) Using 4 workers of 4 for marking
[2019-04-15T13:47:55.289+0200][357,448s] GC(901) Concurrent Mark 67,987ms
[2019-04-15T13:47:55.289+0200][357,448s] GC(901) User=0,26s Sys=0,00s Real=0,07s
[2019-04-15T13:47:55.289+0200][357,448s] GC(901) Concurrent Preclean
[2019-04-15T13:47:55.370+0200][357,528s] GC(901) Concurrent Preclean 80,313ms
[2019-04-15T13:47:55.370+0200][357,528s] GC(901) User=0,16s Sys=0,00s Real=0,08s
[2019-04-15T13:47:55.370+0200][357,528s] GC(901) Concurrent Abortable Preclean
[2019-04-15T13:47:55.370+0200][357,528s] GC(901) Concurrent Abortable Preclean 0,005ms
[2019-04-15T13:47:55.370+0200][357,528s] GC(901) User=0,00s Sys=0,00s Real=0,00s
[2019-04-15T13:47:55.370+0200][357,529s] GC(901) Pause Remark
[2019-04-15T13:47:55.370+0200][357,529s] GC(902) Pause Young (CMS Final Remark)
[2019-04-15T13:47:55.370+0200][357,529s] GC(902) Using 4 workers of 4 for evacuation
[2019-04-15T13:47:55.370+0200][357,529s] GC(902) ParNew: 105394K->105394K(109248K)
[2019-04-15T13:47:55.370+0200][357,529s] GC(902) CMS: 393216K->393216K(393216K)
[2019-04-15T13:47:55.370+0200][357,529s] GC(902) Metaspace: 85562K->85562K(1128448K)
[2019-04-15T13:47:55.370+0200][357,529s] GC(902) Pause Young (CMS Final Remark) 486M->486M(490M) 0,054ms
[2019-04-15T13:47:55.370+0200][357,529s] GC(902) User=0,00s Sys=0,00s Real=0,00s
[2019-04-15T13:47:55.459+0200][357,618s] GC(901) Pause Remark 486M->486M(490M) 89,549ms
[2019-04-15T13:47:55.459+0200][357,618s] GC(901) User=0,26s Sys=0,00s Real=0,09s
[2019-04-15T13:47:55.459+0200][357,618s] GC(901) Concurrent Sweep
[2019-04-15T13:47:55.483+0200][357,642s] GC(903) Pause Full (Allocation Failure)
[2019-04-15T13:47:55.504+0200][357,663s] GC(901) Concurrent Sweep 45,041ms
[2019-04-15T13:47:55.504+0200][357,663s] GC(901) User=0,07s Sys=0,00s Real=0,04s
[2019-04-15T13:47:55.505+0200][357,663s] GC(903) Phase 1: Mark live objects
[2019-04-15T13:47:55.605+0200][357,763s] GC(903) Phase 1: Mark live objects 100,028ms
[2019-04-15T13:47:55.605+0200][357,764s] GC(903) Phase 2: Compute new object addresses
[2019-04-15T13:47:55.684+0200][357,843s] GC(903) Phase 2: Compute new object addresses 79,644ms
[2019-04-15T13:47:55.684+0200][357,843s] GC(903) Phase 3: Adjust pointers
[2019-04-15T13:47:55.760+0200][357,919s] GC(903) Phase 3: Adjust pointers 75,480ms
[2019-04-15T13:47:55.760+0200][357,919s] GC(903) Phase 4: Move objects
[2019-04-15T13:47:55.780+0200][357,939s] GC(903) Phase 4: Move objects 20,379ms
[2019-04-15T13:47:55.781+0200][357,940s] GC(903) ParNew: 109247K->25241K(109248K)
[2019-04-15T13:47:55.781+0200][357,940s] GC(903) CMS: 393216K->393215K(393216K)
[2019-04-15T13:47:55.781+0200][357,940s] GC(903) Metaspace: 85562K->85562K(1128448K)
[2019-04-15T13:47:55.781+0200][357,940s] GC(903) Pause Full (Allocation Failure) 490M->408M(490M) 297,583ms
[2019-04-15T13:47:55.781+0200][357,940s] GC(903) User=0,29s Sys=0,00s Real=0,30s
[2019-04-15T13:47:55.781+0200][357,940s] GC(901) Old: 393216K->393215K(393216K)
[2019-04-15T13:47:55.934+0200][358,093s] GC(904) Pause Full (Allocation Failure)
[2019-04-15T13:47:55.935+0200][358,094s] GC(904) Phase 1: Mark live objects
[2019-04-15T13:47:56.049+0200][358,208s] GC(904) Phase 1: Mark live objects 114,056ms
[2019-04-15T13:47:56.049+0200][358,208s] GC(904) Phase 2: Compute new object addresses
[2019-04-15T13:47:56.128+0200][358,287s] GC(904) Phase 2: Compute new object addresses 79,503ms
[2019-04-15T13:47:56.128+0200][358,287s] GC(904) Phase 3: Adjust pointers
[2019-04-15T13:47:56.215+0200][358,374s] GC(904) Phase 3: Adjust pointers 86,937ms
[2019-04-15T13:47:56.215+0200][358,374s] GC(904) Phase 4: Move objects
[2019-04-15T13:47:56.241+0200][358,400s] GC(904) Phase 4: Move objects 25,845ms
[2019-04-15T13:47:56.242+0200][358,401s] GC(904) ParNew: 109247K->39109K(109248K)
[2019-04-15T13:47:56.242+0200][358,401s] GC(904) CMS: 393215K->393216K(393216K)
[2019-04-15T13:47:56.242+0200][358,401s] GC(904) Metaspace: 85562K->85562K(1128448K)
[2019-04-15T13:47:56.242+0200][358,401s] GC(904) Pause Full (Allocation Failure) 490M->422M(490M) 307,574ms
[2019-04-15T13:47:56.242+0200][358,401s] GC(904) User=0,31s Sys=0,00s Real=0,30s
[2019-04-15T13:47:56.242+0200][358,401s] GC(905) Pause Initial Mark
[2019-04-15T13:47:56.259+0200][358,418s] GC(905) Pause Initial Mark 423M->423M(490M) 17,411ms
[2019-04-15T13:47:56.260+0200][358,418s] GC(905) User=0,02s Sys=0,00s Real=0,02s
[2019-04-15T13:47:56.260+0200][358,419s] GC(905) Concurrent Mark
[2019-04-15T13:47:56.260+0200][358,419s] GC(905) Using 4 workers of 4 for marking
[2019-04-15T13:47:56.331+0200][358,490s] GC(905) Concurrent Mark 71,810ms
[2019-04-15T13:47:56.331+0200][358,490s] GC(905) User=0,28s Sys=0,00s Real=0,07s
[2019-04-15T13:47:56.331+0200][358,490s] GC(905) Concurrent Preclean
[2019-04-15T13:47:56.414+0200][358,572s] GC(905) Concurrent Preclean 82,061ms
[2019-04-15T13:47:56.414+0200][358,572s] GC(905) User=0,16s Sys=0,00s Real=0,09s
[2019-04-15T13:47:56.414+0200][358,572s] GC(905) Concurrent Abortable Preclean
[2019-04-15T13:47:56.414+0200][358,573s] GC(905) Concurrent Abortable Preclean 0,005ms
[2019-04-15T13:47:56.414+0200][358,573s] GC(905) User=0,00s Sys=0,00s Real=0,00s
[2019-04-15T13:47:56.414+0200][358,573s] GC(905) Pause Remark
[2019-04-15T13:47:56.414+0200][358,573s] GC(906) Pause Young (CMS Final Remark)
[2019-04-15T13:47:56.414+0200][358,573s] GC(906) Using 4 workers of 4 for evacuation
[2019-04-15T13:47:56.414+0200][358,573s] GC(906) ParNew: 102650K->102650K(109248K)
[2019-04-15T13:47:56.414+0200][358,573s] GC(906) CMS: 393216K->393216K(393216K)
[2019-04-15T13:47:56.414+0200][358,573s] GC(906) Metaspace: 85562K->85562K(1128448K)
[2019-04-15T13:47:56.414+0200][358,573s] GC(906) Pause Young (CMS Final Remark) 484M->484M(490M) 0,065ms
[2019-04-15T13:47:56.414+0200][358,573s] GC(906) User=0,00s Sys=0,00s Real=0,00s
[2019-04-15T13:47:56.494+0200][358,653s] GC(905) Pause Remark 484M->484M(490M) 80,323ms
[2019-04-15T13:47:56.494+0200][358,653s] GC(905) User=0,22s Sys=0,00s Real=0,08s
[2019-04-15T13:47:56.494+0200][358,653s] GC(905) Concurrent Sweep
[2019-04-15T13:47:56.540+0200][358,699s] GC(907) Pause Full (Allocation Failure)
[2019-04-15T13:47:56.549+0200][358,708s] GC(905) Concurrent Sweep 54,802ms
[2019-04-15T13:47:56.549+0200][358,708s] GC(905) User=0,10s Sys=0,00s Real=0,05s
[2019-04-15T13:47:56.549+0200][358,708s] GC(907) Phase 1: Mark live objects
[2019-04-15T13:47:56.658+0200][358,817s] GC(907) Phase 1: Mark live objects 109,188ms
[2019-04-15T13:47:56.658+0200][358,817s] GC(907) Phase 2: Compute new object addresses
[2019-04-15T13:47:56.737+0200][358,896s] GC(907) Phase 2: Compute new object addresses 78,333ms
[2019-04-15T13:47:56.737+0200][358,896s] GC(907) Phase 3: Adjust pointers
[2019-04-15T13:47:56.820+0200][358,979s] GC(907) Phase 3: Adjust pointers 83,335ms
[2019-04-15T13:47:56.820+0200][358,979s] GC(907) Phase 4: Move objects
[2019-04-15T13:47:56.846+0200][359,005s] GC(907) Phase 4: Move objects 26,113ms
[2019-04-15T13:47:56.847+0200][359,006s] GC(907) ParNew: 109248K->39246K(109248K)
[2019-04-15T13:47:56.847+0200][359,006s] GC(907) CMS: 393216K->393215K(393216K)
[2019-04-15T13:47:56.847+0200][359,006s] GC(907) Metaspace: 85562K->85562K(1128448K)
[2019-04-15T13:47:56.847+0200][359,006s] GC(907) Pause Full (Allocation Failure) 490M->422M(490M) 306,979ms
[2019-04-15T13:47:56.847+0200][359,006s] GC(907) User=0,31s Sys=0,00s Real=0,31s
[2019-04-15T13:47:56.847+0200][359,006s] GC(905) Old: 393216K->393215K(393216K)
[2019-04-15T13:47:56.993+0200][359,152s] GC(908) Pause Full (Allocation Failure)
[2019-04-15T13:47:56.993+0200][359,152s] GC(908) Phase 1: Mark live objects
[2019-04-15T13:47:57.115+0200][359,273s] GC(908) Phase 1: Mark live objects 121,000ms
[2019-04-15T13:47:57.115+0200][359,273s] GC(908) Phase 2: Compute new object addresses
[2019-04-15T13:47:57.195+0200][359,354s] GC(908) Phase 2: Compute new object addresses 80,760ms
[2019-04-15T13:47:57.195+0200][359,354s] GC(908) Phase 3: Adjust pointers
[2019-04-15T13:47:57.285+0200][359,444s] GC(908) Phase 3: Adjust pointers 90,049ms
[2019-04-15T13:47:57.285+0200][359,444s] GC(908) Phase 4: Move objects
[2019-04-15T13:47:57.300+0200][359,459s] GC(908) Phase 4: Move objects 14,517ms
[2019-04-15T13:47:57.301+0200][359,460s] GC(908) ParNew: 109247K->54242K(109248K)
[2019-04-15T13:47:57.301+0200][359,460s] GC(908) CMS: 393215K->393215K(393216K)
[2019-04-15T13:47:57.301+0200][359,460s] GC(908) Metaspace: 85562K->85562K(1128448K)
[2019-04-15T13:47:57.301+0200][359,460s] GC(908) Pause Full (Allocation Failure) 490M->436M(490M) 307,681ms
[2019-04-15T13:47:57.301+0200][359,460s] GC(908) User=0,31s Sys=0,00s Real=0,30s
[2019-04-15T13:47:57.301+0200][359,460s] GC(909) Pause Initial Mark
[2019-04-15T13:47:57.325+0200][359,484s] GC(909) Pause Initial Mark 438M->438M(490M) 24,515ms
[2019-04-15T13:47:57.325+0200][359,484s] GC(909) User=0,02s Sys=0,00s Real=0,03s
[2019-04-15T13:47:57.326+0200][359,484s] GC(909) Concurrent Mark
[2019-04-15T13:47:57.326+0200][359,484s] GC(909) Using 4 workers of 4 for marking
[2019-04-15T13:47:57.390+0200][359,549s] GC(909) Concurrent Mark 64,413ms
[2019-04-15T13:47:57.390+0200][359,549s] GC(909) User=0,25s Sys=0,00s Real=0,06s
[2019-04-15T13:47:57.390+0200][359,549s] GC(909) Concurrent Preclean
[2019-04-15T13:47:57.473+0200][359,632s] GC(909) Concurrent Preclean 82,562ms
[2019-04-15T13:47:57.473+0200][359,632s] GC(909) User=0,16s Sys=0,00s Real=0,08s
[2019-04-15T13:47:57.473+0200][359,632s] GC(909) Concurrent Abortable Preclean
[2019-04-15T13:47:57.473+0200][359,632s] GC(909) Concurrent Abortable Preclean 0,005ms
[2019-04-15T13:47:57.473+0200][359,632s] GC(909) User=0,00s Sys=0,00s Real=0,00s
[2019-04-15T13:47:57.473+0200][359,632s] GC(909) Pause Remark
[2019-04-15T13:47:57.473+0200][359,632s] GC(910) Pause Young (CMS Final Remark)
[2019-04-15T13:47:57.473+0200][359,632s] GC(910) Using 4 workers of 4 for evacuation
[2019-04-15T13:47:57.473+0200][359,632s] GC(910) ParNew: 102153K->102153K(109248K)
[2019-04-15T13:47:57.473+0200][359,632s] GC(910) CMS: 393215K->393215K(393216K)
[2019-04-15T13:47:57.473+0200][359,632s] GC(910) Metaspace: 85562K->85562K(1128448K)
[2019-04-15T13:47:57.473+0200][359,632s] GC(910) Pause Young (CMS Final Remark) 483M->483M(490M) 0,056ms
[2019-04-15T13:47:57.473+0200][359,632s] GC(910) User=0,00s Sys=0,00s Real=0,01s
[2019-04-15T13:47:57.555+0200][359,714s] GC(909) Pause Remark 483M->483M(490M) 82,238ms
[2019-04-15T13:47:57.555+0200][359,714s] GC(909) User=0,23s Sys=0,01s Real=0,09s
[2019-04-15T13:47:57.555+0200][359,714s] GC(909) Concurrent Sweep
[2019-04-15T13:47:57.596+0200][359,755s] GC(911) Pause Full (Allocation Failure)
[2019-04-15T13:47:57.599+0200][359,758s] GC(909) Concurrent Sweep 44,055ms
[2019-04-15T13:47:57.599+0200][359,758s] GC(909) User=0,08s Sys=0,00s Real=0,04s
[2019-04-15T13:47:57.599+0200][359,758s] GC(911) Phase 1: Mark live objects
[2019-04-15T13:47:57.717+0200][359,876s] GC(911) Phase 1: Mark live objects 117,683ms
[2019-04-15T13:47:57.717+0200][359,876s] GC(911) Phase 2: Compute new object addresses
[2019-04-15T13:47:57.798+0200][359,957s] GC(911) Phase 2: Compute new object addresses 80,907ms
[2019-04-15T13:47:57.798+0200][359,957s] GC(911) Phase 3: Adjust pointers
[2019-04-15T13:47:57.887+0200][360,046s] GC(911) Phase 3: Adjust pointers 89,313ms
[2019-04-15T13:47:57.887+0200][360,046s] GC(911) Phase 4: Move objects
[2019-04-15T13:47:57.961+0200][360,120s] GC(911) Phase 4: Move objects 73,366ms
[2019-04-15T13:47:57.961+0200][360,120s] GC(911) ParNew: 109248K->52447K(109248K)
[2019-04-15T13:47:57.961+0200][360,120s] GC(911) CMS: 393215K->393215K(393216K)
[2019-04-15T13:47:57.961+0200][360,120s] GC(911) Metaspace: 85562K->85562K(1128448K)
[2019-04-15T13:47:57.961+0200][360,120s] GC(911) Pause Full (Allocation Failure) 490M->435M(490M) 365,118ms
[2019-04-15T13:47:57.961+0200][360,120s] GC(911) User=0,37s Sys=0,00s Real=0,36s
[2019-04-15T13:47:57.962+0200][360,121s] GC(909) Old: 393215K->393215K(393216K)
[2019-04-15T13:47:58.115+0200][360,274s] GC(912) Pause Full (Allocation Failure)
[2019-04-15T13:47:58.115+0200][360,274s] GC(912) Phase 1: Mark live objects
[2019-04-15T13:47:58.238+0200][360,397s] GC(912) Phase 1: Mark live objects 122,335ms
[2019-04-15T13:47:58.238+0200][360,397s] GC(912) Phase 2: Compute new object addresses
[2019-04-15T13:47:58.319+0200][360,478s] GC(912) Phase 2: Compute new object addresses 81,353ms
[2019-04-15T13:47:58.319+0200][360,478s] GC(912) Phase 3: Adjust pointers
[2019-04-15T13:47:58.413+0200][360,572s] GC(912) Phase 3: Adjust pointers 93,402ms
[2019-04-15T13:47:58.413+0200][360,572s] GC(912) Phase 4: Move objects
[2019-04-15T13:47:58.438+0200][360,597s] GC(912) Phase 4: Move objects 25,298ms
[2019-04-15T13:47:58.439+0200][360,598s] GC(912) ParNew: 109247K->63043K(109248K)
[2019-04-15T13:47:58.439+0200][360,598s] GC(912) CMS: 393215K->393216K(393216K)
[2019-04-15T13:47:58.439+0200][360,598s] GC(912) Metaspace: 85566K->85566K(1128448K)
[2019-04-15T13:47:58.439+0200][360,598s] GC(912) Pause Full (Allocation Failure) 490M->445M(490M) 323,639ms
[2019-04-15T13:47:58.439+0200][360,598s] GC(912) User=0,33s Sys=0,00s Real=0,32s
[2019-04-15T13:47:58.439+0200][360,598s] GC(913) Pause Initial Mark
[2019-04-15T13:47:58.467+0200][360,626s] GC(913) Pause Initial Mark 446M->446M(490M) 28,001ms
[2019-04-15T13:47:58.467+0200][360,626s] GC(913) User=0,03s Sys=0,00s Real=0,03s
[2019-04-15T13:47:58.467+0200][360,626s] GC(913) Concurrent Mark
[2019-04-15T13:47:58.467+0200][360,626s] GC(913) Using 4 workers of 4 for marking
[2019-04-15T13:47:58.537+0200][360,696s] GC(913) Concurrent Mark 70,178ms
[2019-04-15T13:47:58.537+0200][360,696s] GC(913) User=0,27s Sys=0,00s Real=0,07s
[2019-04-15T13:47:58.537+0200][360,696s] GC(913) Concurrent Preclean
[2019-04-15T13:47:58.618+0200][360,777s] GC(913) Concurrent Preclean 80,652ms
[2019-04-15T13:47:58.618+0200][360,777s] GC(913) User=0,16s Sys=0,00s Real=0,08s
[2019-04-15T13:47:58.618+0200][360,777s] GC(913) Concurrent Abortable Preclean
[2019-04-15T13:47:58.618+0200][360,777s] GC(913) Concurrent Abortable Preclean 0,006ms
[2019-04-15T13:47:58.618+0200][360,777s] GC(913) User=0,00s Sys=0,00s Real=0,00s
[2019-04-15T13:47:58.618+0200][360,777s] GC(913) Pause Remark
[2019-04-15T13:47:58.618+0200][360,777s] GC(914) Pause Young (CMS Final Remark)
[2019-04-15T13:47:58.618+0200][360,777s] GC(914) Using 4 workers of 4 for evacuation
[2019-04-15T13:47:58.618+0200][360,777s] GC(914) ParNew: 107033K->107033K(109248K)
[2019-04-15T13:47:58.618+0200][360,777s] GC(914) CMS: 393216K->393216K(393216K)
[2019-04-15T13:47:58.618+0200][360,777s] GC(914) Metaspace: 85566K->85566K(1128448K)
[2019-04-15T13:47:58.618+0200][360,777s] GC(914) Pause Young (CMS Final Remark) 488M->488M(490M) 0,055ms
[2019-04-15T13:47:58.618+0200][360,777s] GC(914) User=0,00s Sys=0,00s Real=0,00s
[2019-04-15T13:47:58.706+0200][360,865s] GC(913) Pause Remark 488M->488M(490M) 87,423ms
[2019-04-15T13:47:58.706+0200][360,865s] GC(913) User=0,25s Sys=0,00s Real=0,09s
[2019-04-15T13:47:58.706+0200][360,865s] GC(913) Concurrent Sweep
[2019-04-15T13:47:58.720+0200][360,879s] GC(915) Pause Full (Allocation Failure)
[2019-04-15T13:47:58.752+0200][360,911s] GC(913) Concurrent Sweep 46,218ms
[2019-04-15T13:47:58.752+0200][360,911s] GC(913) User=0,06s Sys=0,00s Real=0,04s
[2019-04-15T13:47:58.752+0200][360,911s] GC(915) Phase 1: Mark live objects
[2019-04-15T13:47:58.875+0200][361,034s] GC(915) Phase 1: Mark live objects 122,834ms
[2019-04-15T13:47:58.875+0200][361,034s] GC(915) Phase 2: Compute new object addresses
[2019-04-15T13:47:58.958+0200][361,117s] GC(915) Phase 2: Compute new object addresses 82,696ms
[2019-04-15T13:47:58.958+0200][361,117s] GC(915) Phase 3: Adjust pointers
[2019-04-15T13:47:59.053+0200][361,212s] GC(915) Phase 3: Adjust pointers 95,594ms
[2019-04-15T13:47:59.053+0200][361,212s] GC(915) Phase 4: Move objects
[2019-04-15T13:47:59.087+0200][361,246s] GC(915) Phase 4: Move objects 33,550ms
[2019-04-15T13:47:59.088+0200][361,247s] GC(915) ParNew: 109247K->62517K(109248K)
[2019-04-15T13:47:59.088+0200][361,247s] GC(915) CMS: 393216K->393216K(393216K)
[2019-04-15T13:47:59.088+0200][361,247s] GC(915) Metaspace: 85566K->85566K(1128448K)
[2019-04-15T13:47:59.088+0200][361,247s] GC(915) Pause Full (Allocation Failure) 490M->445M(490M) 367,533ms
[2019-04-15T13:47:59.088+0200][361,247s] GC(915) User=0,37s Sys=0,00s Real=0,37s
[2019-04-15T13:47:59.088+0200][361,247s] GC(913) Old: 393216K->393216K(393216K)
[2019-04-15T13:47:59.223+0200][361,382s] GC(916) Pause Full (Allocation Failure)
[2019-04-15T13:47:59.223+0200][361,382s] GC(916) Phase 1: Mark live objects
[2019-04-15T13:47:59.343+0200][361,502s] GC(916) Phase 1: Mark live objects 119,566ms
[2019-04-15T13:47:59.343+0200][361,502s] GC(916) Phase 2: Compute new object addresses
[2019-04-15T13:47:59.426+0200][361,585s] GC(916) Phase 2: Compute new object addresses 82,803ms
[2019-04-15T13:47:59.426+0200][361,585s] GC(916) Phase 3: Adjust pointers
[2019-04-15T13:47:59.520+0200][361,679s] GC(916) Phase 3: Adjust pointers 94,416ms
[2019-04-15T13:47:59.520+0200][361,679s] GC(916) Phase 4: Move objects
[2019-04-15T13:47:59.549+0200][361,708s] GC(916) Phase 4: Move objects 29,158ms
[2019-04-15T13:47:59.550+0200][361,709s] GC(916) ParNew: 109247K->65786K(109248K)
[2019-04-15T13:47:59.550+0200][361,709s] GC(916) CMS: 393216K->393216K(393216K)
[2019-04-15T13:47:59.550+0200][361,709s] GC(916) Metaspace: 85566K->85566K(1128448K)
[2019-04-15T13:47:59.550+0200][361,709s] GC(916) Pause Full (Allocation Failure) 490M->448M(490M) 327,307ms
[2019-04-15T13:47:59.550+0200][361,709s] GC(916) User=0,33s Sys=0,00s Real=0,33s
[2019-04-15T13:47:59.550+0200][361,709s] GC(917) Pause Initial Mark
[2019-04-15T13:47:59.581+0200][361,740s] GC(917) Pause Initial Mark 449M->449M(490M) 30,917ms
[2019-04-15T13:47:59.581+0200][361,740s] GC(917) User=0,03s Sys=0,00s Real=0,03s
[2019-04-15T13:47:59.581+0200][361,740s] GC(917) Concurrent Mark
[2019-04-15T13:47:59.581+0200][361,740s] GC(917) Using 4 workers of 4 for marking
[2019-04-15T13:47:59.649+0200][361,808s] GC(917) Concurrent Mark 68,065ms
[2019-04-15T13:47:59.650+0200][361,808s] GC(917) User=0,26s Sys=0,00s Real=0,07s
[2019-04-15T13:47:59.650+0200][361,808s] GC(917) Concurrent Preclean
[2019-04-15T13:47:59.732+0200][361,891s] GC(917) Concurrent Preclean 82,908ms
[2019-04-15T13:47:59.732+0200][361,891s] GC(917) User=0,17s Sys=0,00s Real=0,08s
[2019-04-15T13:47:59.733+0200][361,891s] GC(917) Concurrent Abortable Preclean
[2019-04-15T13:47:59.733+0200][361,891s] GC(917) Concurrent Abortable Preclean 0,006ms
[2019-04-15T13:47:59.733+0200][361,891s] GC(917) User=0,00s Sys=0,00s Real=0,00s
[2019-04-15T13:47:59.733+0200][361,892s] GC(917) Pause Remark
[2019-04-15T13:47:59.733+0200][361,892s] GC(918) Pause Young (CMS Final Remark)
[2019-04-15T13:47:59.733+0200][361,892s] GC(918) Using 4 workers of 4 for evacuation
[2019-04-15T13:47:59.733+0200][361,892s] GC(918) ParNew: 104701K->104701K(109248K)
[2019-04-15T13:47:59.733+0200][361,892s] GC(918) CMS: 393216K->393216K(393216K)
[2019-04-15T13:47:59.733+0200][361,892s] GC(918) Metaspace: 85566K->85566K(1128448K)
[2019-04-15T13:47:59.733+0200][361,892s] GC(918) Pause Young (CMS Final Remark) 486M->486M(490M) 0,054ms
[2019-04-15T13:47:59.733+0200][361,892s] GC(918) User=0,00s Sys=0,00s Real=0,00s
[2019-04-15T13:47:59.818+0200][361,977s] GC(917) Pause Remark 486M->486M(490M) 85,172ms
[2019-04-15T13:47:59.818+0200][361,977s] GC(917) User=0,25s Sys=0,00s Real=0,09s
[2019-04-15T13:47:59.818+0200][361,977s] GC(917) Concurrent Sweep
[2019-04-15T13:47:59.849+0200][362,008s] GC(919) Pause Full (Allocation Failure)
[2019-04-15T13:47:59.866+0200][362,025s] GC(917) Concurrent Sweep 47,876ms
[2019-04-15T13:47:59.866+0200][362,025s] GC(917) User=0,08s Sys=0,00s Real=0,05s
[2019-04-15T13:47:59.866+0200][362,025s] GC(919) Phase 1: Mark live objects
[2019-04-15T13:47:59.990+0200][362,149s] GC(919) Phase 1: Mark live objects 123,817ms
[2019-04-15T13:47:59.990+0200][362,149s] GC(919) Phase 2: Compute new object addresses
[2019-04-15T13:48:00.083+0200][362,242s] GC(919) Phase 2: Compute new object addresses 92,875ms
[2019-04-15T13:48:00.083+0200][362,242s] GC(919) Phase 3: Adjust pointers
[2019-04-15T13:48:00.183+0200][362,341s] GC(919) Phase 3: Adjust pointers 99,772ms
[2019-04-15T13:48:00.183+0200][362,342s] GC(919) Phase 4: Move objects
[2019-04-15T13:48:00.219+0200][362,378s] GC(919) Phase 4: Move objects 36,066ms
[2019-04-15T13:48:00.219+0200][362,378s] GC(919) ParNew: 109247K->66641K(109248K)
[2019-04-15T13:48:00.219+0200][362,378s] GC(919) CMS: 393216K->393216K(393216K)
[2019-04-15T13:48:00.219+0200][362,378s] GC(919) Metaspace: 85566K->85566K(1128448K)
[2019-04-15T13:48:00.219+0200][362,378s] GC(919) Pause Full (Allocation Failure) 490M->449M(490M) 370,138ms
[2019-04-15T13:48:00.219+0200][362,378s] GC(919) User=0,37s Sys=0,00s Real=0,37s
[2019-04-15T13:48:00.219+0200][362,378s] GC(917) Old: 393216K->393216K(393216K)
[2019-04-15T13:48:00.363+0200][362,522s] GC(920) Pause Full (Allocation Failure)
[2019-04-15T13:48:00.363+0200][362,522s] GC(920) Phase 1: Mark live objects
[2019-04-15T13:48:00.493+0200][362,652s] GC(920) Phase 1: Mark live objects 129,842ms
[2019-04-15T13:48:00.493+0200][362,652s] GC(920) Phase 2: Compute new object addresses
[2019-04-15T13:48:00.579+0200][362,738s] GC(920) Phase 2: Compute new object addresses 85,984ms
[2019-04-15T13:48:00.579+0200][362,738s] GC(920) Phase 3: Adjust pointers
[2019-04-15T13:48:00.677+0200][362,836s] GC(920) Phase 3: Adjust pointers 97,433ms
[2019-04-15T13:48:00.677+0200][362,836s] GC(920) Phase 4: Move objects
[2019-04-15T13:48:00.699+0200][362,858s] GC(920) Phase 4: Move objects 22,538ms
[2019-04-15T13:48:00.700+0200][362,859s] GC(920) ParNew: 109247K->72956K(109248K)
[2019-04-15T13:48:00.700+0200][362,859s] GC(920) CMS: 393216K->393216K(393216K)
[2019-04-15T13:48:00.700+0200][362,859s] GC(920) Metaspace: 85566K->85566K(1128448K)
[2019-04-15T13:48:00.700+0200][362,859s] GC(920) Pause Full (Allocation Failure) 490M->455M(490M) 337,094ms
[2019-04-15T13:48:00.700+0200][362,859s] GC(920) User=0,33s Sys=0,00s Real=0,34s
[2019-04-15T13:48:00.700+0200][362,859s] GC(921) Pause Initial Mark
[2019-04-15T13:48:00.734+0200][362,893s] GC(921) Pause Initial Mark 456M->456M(490M) 34,062ms
[2019-04-15T13:48:00.734+0200][362,893s] GC(921) User=0,04s Sys=0,00s Real=0,04s
[2019-04-15T13:48:00.734+0200][362,893s] GC(921) Concurrent Mark
[2019-04-15T13:48:00.734+0200][362,893s] GC(921) Using 4 workers of 4 for marking
[2019-04-15T13:48:00.806+0200][362,965s] GC(921) Concurrent Mark 71,688ms
[2019-04-15T13:48:00.806+0200][362,965s] GC(921) User=0,28s Sys=0,00s Real=0,07s
[2019-04-15T13:48:00.806+0200][362,965s] GC(921) Concurrent Preclean
[2019-04-15T13:48:00.889+0200][363,048s] GC(921) Concurrent Preclean 82,613ms
[2019-04-15T13:48:00.889+0200][363,048s] GC(921) User=0,16s Sys=0,00s Real=0,08s
[2019-04-15T13:48:00.889+0200][363,048s] GC(921) Concurrent Abortable Preclean
[2019-04-15T13:48:00.889+0200][363,048s] GC(921) Concurrent Abortable Preclean 0,006ms
[2019-04-15T13:48:00.889+0200][363,048s] GC(921) User=0,00s Sys=0,00s Real=0,00s
[2019-04-15T13:48:00.889+0200][363,048s] GC(921) Pause Remark
[2019-04-15T13:48:00.889+0200][363,048s] GC(922) Pause Young (CMS Final Remark)
[2019-04-15T13:48:00.889+0200][363,048s] GC(922) Using 4 workers of 4 for evacuation
[2019-04-15T13:48:00.889+0200][363,048s] GC(922) ParNew: 107179K->107179K(109248K)
[2019-04-15T13:48:00.889+0200][363,048s] GC(922) CMS: 393216K->393216K(393216K)
[2019-04-15T13:48:00.889+0200][363,048s] GC(922) Metaspace: 85566K->85566K(1128448K)
[2019-04-15T13:48:00.889+0200][363,048s] GC(922) Pause Young (CMS Final Remark) 488M->488M(490M) 0,052ms
[2019-04-15T13:48:00.889+0200][363,048s] GC(922) User=0,00s Sys=0,00s Real=0,00s
[2019-04-15T13:48:00.975+0200][363,133s] GC(921) Pause Remark 488M->488M(490M) 85,684ms
[2019-04-15T13:48:00.975+0200][363,134s] GC(921) User=0,24s Sys=0,00s Real=0,09s
[2019-04-15T13:48:00.975+0200][363,134s] GC(921) Concurrent Sweep
[2019-04-15T13:48:00.996+0200][363,155s] GC(923) Pause Full (Allocation Failure)
[2019-04-15T13:48:01.033+0200][363,192s] GC(921) Concurrent Sweep 58,155ms
[2019-04-15T13:48:01.033+0200][363,192s] GC(921) User=0,08s Sys=0,00s Real=0,05s
[2019-04-15T13:48:01.033+0200][363,192s] GC(923) Phase 1: Mark live objects
[2019-04-15T13:48:01.167+0200][363,326s] GC(923) Phase 1: Mark live objects 133,977ms
[2019-04-15T13:48:01.167+0200][363,326s] GC(923) Phase 2: Compute new object addresses
[2019-04-15T13:48:01.257+0200][363,416s] GC(923) Phase 2: Compute new object addresses 89,968ms
[2019-04-15T13:48:01.257+0200][363,416s] GC(923) Phase 3: Adjust pointers
[2019-04-15T13:48:01.352+0200][363,511s] GC(923) Phase 3: Adjust pointers 94,974ms
[2019-04-15T13:48:01.352+0200][363,511s] GC(923) Phase 4: Move objects
[2019-04-15T13:48:01.357+0200][363,516s] GC(923) Phase 4: Move objects 5,110ms
[2019-04-15T13:48:01.358+0200][363,517s] GC(923) ParNew: 109247K->79654K(109248K)
[2019-04-15T13:48:01.358+0200][363,517s] GC(923) CMS: 393216K->393216K(393216K)
[2019-04-15T13:48:01.358+0200][363,517s] GC(923) Metaspace: 85566K->85566K(1128448K)
[2019-04-15T13:48:01.358+0200][363,517s] GC(923) Pause Full (Allocation Failure) 490M->461M(490M) 361,939ms
[2019-04-15T13:48:01.358+0200][363,517s] GC(923) User=0,36s Sys=0,00s Real=0,36s
[2019-04-15T13:48:01.358+0200][363,517s] GC(921) Old: 393216K->393216K(393216K)
[2019-04-15T13:48:01.492+0200][363,651s] GC(924) Pause Full (Allocation Failure)
[2019-04-15T13:48:01.492+0200][363,651s] GC(924) Phase 1: Mark live objects
[2019-04-15T13:48:01.629+0200][363,787s] GC(924) Phase 1: Mark live objects 136,526ms
[2019-04-15T13:48:01.629+0200][363,788s] GC(924) Phase 2: Compute new object addresses
[2019-04-15T13:48:01.716+0200][363,875s] GC(924) Phase 2: Compute new object addresses 86,973ms
[2019-04-15T13:48:01.716+0200][363,875s] GC(924) Phase 3: Adjust pointers
[2019-04-15T13:48:01.819+0200][363,978s] GC(924) Phase 3: Adjust pointers 103,162ms
[2019-04-15T13:48:01.819+0200][363,978s] GC(924) Phase 4: Move objects
[2019-04-15T13:48:01.898+0200][364,057s] GC(924) Phase 4: Move objects 79,258ms
[2019-04-15T13:48:01.899+0200][364,058s] GC(924) ParNew: 109247K->86256K(109248K)
[2019-04-15T13:48:01.899+0200][364,058s] GC(924) CMS: 393216K->393216K(393216K)
[2019-04-15T13:48:01.899+0200][364,058s] GC(924) Metaspace: 85566K->85566K(1128448K)
[2019-04-15T13:48:01.899+0200][364,058s] GC(924) Pause Full (Allocation Failure) 490M->468M(490M) 407,235ms
[2019-04-15T13:48:01.899+0200][364,058s] GC(924) User=0,41s Sys=0,00s Real=0,41s
[2019-04-15T13:48:01.899+0200][364,058s] GC(925) Pause Initial Mark
[2019-04-15T13:48:01.938+0200][364,096s] GC(925) Pause Initial Mark 468M->468M(490M) 38,465ms
[2019-04-15T13:48:01.938+0200][364,096s] GC(925) User=0,04s Sys=0,00s Real=0,04s
[2019-04-15T13:48:01.938+0200][364,097s] GC(925) Concurrent Mark
[2019-04-15T13:48:01.938+0200][364,097s] GC(925) Using 4 workers of 4 for marking
[2019-04-15T13:48:02.015+0200][364,174s] GC(925) Concurrent Mark 77,419ms
[2019-04-15T13:48:02.015+0200][364,174s] GC(925) User=0,29s Sys=0,01s Real=0,08s
[2019-04-15T13:48:02.015+0200][364,174s] GC(925) Concurrent Preclean
[2019-04-15T13:48:02.127+0200][364,286s] GC(926) Pause Full (Allocation Failure)
[2019-04-15T13:48:02.132+0200][364,291s] GC(925) Concurrent Preclean 116,758ms
[2019-04-15T13:48:02.132+0200][364,291s] GC(925) User=0,22s Sys=0,00s Real=0,11s
[2019-04-15T13:48:02.132+0200][364,291s] GC(926) Phase 1: Mark live objects
[2019-04-15T13:48:02.266+0200][364,425s] GC(926) Phase 1: Mark live objects 133,525ms
[2019-04-15T13:48:02.266+0200][364,425s] GC(926) Phase 2: Compute new object addresses
[2019-04-15T13:48:02.353+0200][364,512s] GC(926) Phase 2: Compute new object addresses 87,165ms
[2019-04-15T13:48:02.353+0200][364,512s] GC(926) Phase 3: Adjust pointers
[2019-04-15T13:48:02.451+0200][364,610s] GC(926) Phase 3: Adjust pointers 98,565ms
[2019-04-15T13:48:02.451+0200][364,610s] GC(926) Phase 4: Move objects
[2019-04-15T13:48:02.460+0200][364,619s] GC(926) Phase 4: Move objects 8,364ms
[2019-04-15T13:48:02.460+0200][364,619s] GC(926) ParNew: 109247K->90291K(109248K)
[2019-04-15T13:48:02.460+0200][364,619s] GC(926) CMS: 393216K->393216K(393216K)
[2019-04-15T13:48:02.460+0200][364,619s] GC(926) Metaspace: 85566K->85566K(1128448K)
[2019-04-15T13:48:02.460+0200][364,619s] GC(926) Pause Full (Allocation Failure) 490M->472M(490M) 332,941ms
[2019-04-15T13:48:02.460+0200][364,619s] GC(926) User=0,33s Sys=0,00s Real=0,33s
[2019-04-15T13:48:02.559+0200][364,718s] GC(927) Pause Full (Allocation Failure)
[2019-04-15T13:48:02.560+0200][364,719s] GC(927) Phase 1: Mark live objects
[2019-04-15T13:48:02.691+0200][364,850s] GC(927) Phase 1: Mark live objects 130,817ms
[2019-04-15T13:48:02.691+0200][364,850s] GC(927) Phase 2: Compute new object addresses
[2019-04-15T13:48:02.777+0200][364,936s] GC(927) Phase 2: Compute new object addresses 86,179ms
[2019-04-15T13:48:02.777+0200][364,936s] GC(927) Phase 3: Adjust pointers
[2019-04-15T13:48:02.878+0200][365,037s] GC(927) Phase 3: Adjust pointers 101,337ms
[2019-04-15T13:48:02.878+0200][365,037s] GC(927) Phase 4: Move objects
[2019-04-15T13:48:02.896+0200][365,055s] GC(927) Phase 4: Move objects 17,323ms
[2019-04-15T13:48:02.896+0200][365,055s] GC(927) ParNew: 109248K->93220K(109248K)
[2019-04-15T13:48:02.896+0200][365,055s] GC(927) CMS: 393216K->393216K(393216K)
[2019-04-15T13:48:02.896+0200][365,055s] GC(927) Metaspace: 85566K->85566K(1128448K)
[2019-04-15T13:48:02.896+0200][365,055s] GC(927) Pause Full (Allocation Failure) 490M->475M(490M) 336,949ms
[2019-04-15T13:48:02.896+0200][365,055s] GC(927) User=0,33s Sys=0,00s Real=0,34s
[2019-04-15T13:48:02.897+0200][365,055s] GC(928) Pause Initial Mark
[2019-04-15T13:48:02.933+0200][365,092s] GC(928) Pause Initial Mark 475M->475M(490M) 36,447ms
[2019-04-15T13:48:02.933+0200][365,092s] GC(928) User=0,04s Sys=0,00s Real=0,04s
[2019-04-15T13:48:02.933+0200][365,092s] GC(928) Concurrent Mark
[2019-04-15T13:48:02.933+0200][365,092s] GC(928) Using 4 workers of 4 for marking
[2019-04-15T13:48:03.010+0200][365,169s] GC(928) Concurrent Mark 76,833ms
[2019-04-15T13:48:03.010+0200][365,169s] GC(928) User=0,30s Sys=0,00s Real=0,07s
[2019-04-15T13:48:03.010+0200][365,169s] GC(928) Concurrent Preclean
[2019-04-15T13:48:03.052+0200][365,211s] GC(929) Pause Full (Allocation Failure)
[2019-04-15T13:48:03.092+0200][365,251s] GC(928) Concurrent Preclean 82,290ms
[2019-04-15T13:48:03.092+0200][365,251s] GC(928) User=0,12s Sys=0,00s Real=0,08s
[2019-04-15T13:48:03.093+0200][365,251s] GC(929) Phase 1: Mark live objects
[2019-04-15T13:48:03.232+0200][365,391s] GC(929) Phase 1: Mark live objects 139,308ms
[2019-04-15T13:48:03.232+0200][365,391s] GC(929) Phase 2: Compute new object addresses
[2019-04-15T13:48:03.317+0200][365,476s] GC(929) Phase 2: Compute new object addresses 84,990ms
[2019-04-15T13:48:03.317+0200][365,476s] GC(929) Phase 3: Adjust pointers
[2019-04-15T13:48:03.423+0200][365,582s] GC(929) Phase 3: Adjust pointers 105,662ms
[2019-04-15T13:48:03.423+0200][365,582s] GC(929) Phase 4: Move objects
[2019-04-15T13:48:03.463+0200][365,622s] GC(929) Phase 4: Move objects 40,291ms
[2019-04-15T13:48:03.464+0200][365,622s] GC(929) ParNew: 109247K->98143K(109248K)
[2019-04-15T13:48:03.464+0200][365,622s] GC(929) CMS: 393216K->393216K(393216K)
[2019-04-15T13:48:03.464+0200][365,623s] GC(929) Metaspace: 85566K->85566K(1128448K)
[2019-04-15T13:48:03.464+0200][365,623s] GC(929) Pause Full (Allocation Failure) 490M->479M(490M) 411,571ms
[2019-04-15T13:48:03.464+0200][365,623s] GC(929) User=0,42s Sys=0,00s Real=0,41s
[2019-04-15T13:48:03.547+0200][365,706s] GC(930) Pause Full (Allocation Failure)
[2019-04-15T13:48:03.547+0200][365,706s] GC(930) Phase 1: Mark live objects
[2019-04-15T13:48:03.685+0200][365,844s] GC(930) Phase 1: Mark live objects 138,321ms
[2019-04-15T13:48:03.685+0200][365,844s] GC(930) Phase 2: Compute new object addresses
[2019-04-15T13:48:03.775+0200][365,934s] GC(930) Phase 2: Compute new object addresses 89,416ms
[2019-04-15T13:48:03.775+0200][365,934s] GC(930) Phase 3: Adjust pointers
[2019-04-15T13:48:03.878+0200][366,036s] GC(930) Phase 3: Adjust pointers 102,717ms
[2019-04-15T13:48:03.878+0200][366,037s] GC(930) Phase 4: Move objects
[2019-04-15T13:48:03.884+0200][366,043s] GC(930) Phase 4: Move objects 6,438ms
[2019-04-15T13:48:03.885+0200][366,044s] GC(930) ParNew: 109247K->99317K(109248K)
[2019-04-15T13:48:03.885+0200][366,044s] GC(930) CMS: 393216K->393216K(393216K)
[2019-04-15T13:48:03.885+0200][366,044s] GC(930) Metaspace: 85566K->85566K(1128448K)
[2019-04-15T13:48:03.885+0200][366,044s] GC(930) Pause Full (Allocation Failure) 490M->480M(490M) 338,103ms
[2019-04-15T13:48:03.885+0200][366,044s] GC(930) User=0,34s Sys=0,00s Real=0,33s
[2019-04-15T13:48:03.885+0200][366,044s] GC(931) Pause Initial Mark
[2019-04-15T13:48:03.930+0200][366,089s] GC(931) Pause Initial Mark 480M->480M(490M) 44,831ms
[2019-04-15T13:48:03.930+0200][366,089s] GC(931) User=0,05s Sys=0,00s Real=0,04s
[2019-04-15T13:48:03.930+0200][366,089s] GC(931) Concurrent Mark
[2019-04-15T13:48:03.930+0200][366,089s] GC(931) Using 4 workers of 4 for marking
[2019-04-15T13:48:04.001+0200][366,160s] GC(931) Concurrent Mark 71,261ms
[2019-04-15T13:48:04.001+0200][366,160s] GC(931) User=0,27s Sys=0,00s Real=0,07s
[2019-04-15T13:48:04.001+0200][366,160s] GC(931) Concurrent Preclean
[2019-04-15T13:48:04.043+0200][366,202s] GC(932) Pause Full (Allocation Failure)
[2019-04-15T13:48:04.094+0200][366,253s] GC(931) Concurrent Preclean 92,933ms
[2019-04-15T13:48:04.094+0200][366,253s] GC(931) User=0,13s Sys=0,00s Real=0,10s
[2019-04-15T13:48:04.094+0200][366,253s] GC(932) Phase 1: Mark live objects
[2019-04-15T13:48:04.235+0200][366,394s] GC(932) Phase 1: Mark live objects 141,000ms
[2019-04-15T13:48:04.235+0200][366,394s] GC(932) Phase 2: Compute new object addresses
[2019-04-15T13:48:04.325+0200][366,484s] GC(932) Phase 2: Compute new object addresses 89,945ms
[2019-04-15T13:48:04.325+0200][366,484s] GC(932) Phase 3: Adjust pointers
[2019-04-15T13:48:04.428+0200][366,587s] GC(932) Phase 3: Adjust pointers 102,709ms
[2019-04-15T13:48:04.428+0200][366,587s] GC(932) Phase 4: Move objects
[2019-04-15T13:48:04.431+0200][366,590s] GC(932) Phase 4: Move objects 2,977ms
[2019-04-15T13:48:04.432+0200][366,591s] GC(932) ParNew: 109247K->101102K(109248K)
[2019-04-15T13:48:04.432+0200][366,591s] GC(932) CMS: 393216K->393216K(393216K)
[2019-04-15T13:48:04.432+0200][366,591s] GC(932) Metaspace: 85566K->85566K(1128448K)
[2019-04-15T13:48:04.432+0200][366,591s] GC(932) Pause Full (Allocation Failure) 490M->482M(490M) 388,888ms
[2019-04-15T13:48:04.432+0200][366,591s] GC(932) User=0,39s Sys=0,00s Real=0,39s
[2019-04-15T13:48:04.478+0200][366,637s] GC(933) Pause Full (Allocation Failure)
[2019-04-15T13:48:04.479+0200][366,638s] GC(933) Phase 1: Mark live objects
[2019-04-15T13:48:04.623+0200][366,781s] GC(933) Phase 1: Mark live objects 143,703ms
[2019-04-15T13:48:04.623+0200][366,782s] GC(933) Phase 2: Compute new object addresses
[2019-04-15T13:48:04.714+0200][366,873s] GC(933) Phase 2: Compute new object addresses 91,144ms
[2019-04-15T13:48:04.714+0200][366,873s] GC(933) Phase 3: Adjust pointers
[2019-04-15T13:48:04.822+0200][366,981s] GC(933) Phase 3: Adjust pointers 108,093ms
[2019-04-15T13:48:04.822+0200][366,981s] GC(933) Phase 4: Move objects
[2019-04-15T13:48:04.839+0200][366,998s] GC(933) Phase 4: Move objects 16,701ms
[2019-04-15T13:48:04.839+0200][366,998s] GC(933) ParNew: 109247K->103615K(109248K)
[2019-04-15T13:48:04.839+0200][366,998s] GC(933) CMS: 393216K->393216K(393216K)
[2019-04-15T13:48:04.839+0200][366,998s] GC(933) Metaspace: 85566K->85566K(1128448K)
[2019-04-15T13:48:04.839+0200][366,998s] GC(933) Pause Full (Allocation Failure) 490M->485M(490M) 360,823ms
[2019-04-15T13:48:04.839+0200][366,998s] GC(933) User=0,36s Sys=0,00s Real=0,36s
[2019-04-15T13:48:04.839+0200][366,998s] GC(934) Pause Initial Mark
[2019-04-15T13:48:04.886+0200][367,045s] GC(934) Pause Initial Mark 485M->485M(490M) 46,522ms
[2019-04-15T13:48:04.886+0200][367,045s] GC(934) User=0,06s Sys=0,00s Real=0,05s
[2019-04-15T13:48:04.886+0200][367,045s] GC(934) Concurrent Mark
[2019-04-15T13:48:04.886+0200][367,045s] GC(934) Using 4 workers of 4 for marking
[2019-04-15T13:48:04.954+0200][367,113s] GC(934) Concurrent Mark 68,190ms
[2019-04-15T13:48:04.954+0200][367,113s] GC(934) User=0,26s Sys=0,00s Real=0,07s
[2019-04-15T13:48:04.954+0200][367,113s] GC(934) Concurrent Preclean
[2019-04-15T13:48:04.962+0200][367,121s] GC(935) Pause Full (Allocation Failure)
[2019-04-15T13:48:05.033+0200][367,192s] GC(934) Concurrent Preclean 78,837ms
[2019-04-15T13:48:05.033+0200][367,192s] GC(934) User=0,09s Sys=0,00s Real=0,08s
[2019-04-15T13:48:05.033+0200][367,192s] GC(935) Phase 1: Mark live objects
[2019-04-15T13:48:05.175+0200][367,334s] GC(935) Phase 1: Mark live objects 142,093ms
[2019-04-15T13:48:05.176+0200][367,334s] GC(935) Phase 2: Compute new object addresses
[2019-04-15T13:48:05.266+0200][367,425s] GC(935) Phase 2: Compute new object addresses 90,974ms
[2019-04-15T13:48:05.267+0200][367,425s] GC(935) Phase 3: Adjust pointers
[2019-04-15T13:48:05.371+0200][367,530s] GC(935) Phase 3: Adjust pointers 104,508ms
[2019-04-15T13:48:05.371+0200][367,530s] GC(935) Phase 4: Move objects
[2019-04-15T13:48:05.372+0200][367,531s] GC(935) Phase 4: Move objects 0,904ms
[2019-04-15T13:48:05.373+0200][367,532s] GC(935) ParNew: 109248K->105405K(109248K)
[2019-04-15T13:48:05.373+0200][367,532s] GC(935) CMS: 393216K->393216K(393216K)
[2019-04-15T13:48:05.373+0200][367,532s] GC(935) Metaspace: 85566K->85566K(1128448K)
[2019-04-15T13:48:05.373+0200][367,532s] GC(935) Pause Full (Allocation Failure) 490M->486M(490M) 410,303ms
[2019-04-15T13:48:05.373+0200][367,532s] GC(935) User=0,41s Sys=0,00s Real=0,41s
[2019-04-15T13:48:05.394+0200][367,553s] GC(936) Pause Full (Allocation Failure)
[2019-04-15T13:48:05.395+0200][367,554s] GC(936) Phase 1: Mark live objects
[2019-04-15T13:48:05.539+0200][367,698s] GC(936) Phase 1: Mark live objects 144,201ms
[2019-04-15T13:48:05.539+0200][367,698s] GC(936) Phase 2: Compute new object addresses
[2019-04-15T13:48:05.628+0200][367,787s] GC(936) Phase 2: Compute new object addresses 88,348ms
[2019-04-15T13:48:05.628+0200][367,787s] GC(936) Phase 3: Adjust pointers
[2019-04-15T13:48:05.738+0200][367,897s] GC(936) Phase 3: Adjust pointers 110,571ms
[2019-04-15T13:48:05.738+0200][367,897s] GC(936) Phase 4: Move objects
[2019-04-15T13:48:05.825+0200][367,984s] GC(936) Phase 4: Move objects 86,536ms
[2019-04-15T13:48:05.825+0200][367,984s] GC(936) ParNew: 109247K->106556K(109248K)
[2019-04-15T13:48:05.826+0200][367,984s] GC(936) CMS: 393216K->393216K(393216K)
[2019-04-15T13:48:05.826+0200][367,984s] GC(936) Metaspace: 85566K->85566K(1128448K)
[2019-04-15T13:48:05.826+0200][367,984s] GC(936) Pause Full (Allocation Failure) 490M->488M(490M) 431,141ms
[2019-04-15T13:48:05.826+0200][367,984s] GC(936) User=0,43s Sys=0,00s Real=0,43s
[2019-04-15T13:48:05.826+0200][367,985s] GC(937) Pause Initial Mark
[2019-04-15T13:48:05.871+0200][368,030s] GC(937) Pause Initial Mark 488M->488M(490M) 45,451ms
[2019-04-15T13:48:05.871+0200][368,030s] GC(937) User=0,06s Sys=0,00s Real=0,04s
[2019-04-15T13:48:05.871+0200][368,030s] GC(937) Concurrent Mark
[2019-04-15T13:48:05.871+0200][368,030s] GC(937) Using 4 workers of 4 for marking
[2019-04-15T13:48:05.927+0200][368,086s] GC(938) Pause Full (Allocation Failure)
[2019-04-15T13:48:05.935+0200][368,093s] GC(937) Concurrent Mark 63,216ms
[2019-04-15T13:48:05.935+0200][368,094s] GC(937) User=0,25s Sys=0,00s Real=0,07s
[2019-04-15T13:48:05.935+0200][368,094s] GC(938) Phase 1: Mark live objects
[2019-04-15T13:48:06.079+0200][368,237s] GC(938) Phase 1: Mark live objects 143,660ms
[2019-04-15T13:48:06.079+0200][368,238s] GC(938) Phase 2: Compute new object addresses
[2019-04-15T13:48:06.165+0200][368,324s] GC(938) Phase 2: Compute new object addresses 86,156ms
[2019-04-15T13:48:06.165+0200][368,324s] GC(938) Phase 3: Adjust pointers
[2019-04-15T13:48:06.275+0200][368,434s] GC(938) Phase 3: Adjust pointers 109,802ms
[2019-04-15T13:48:06.275+0200][368,434s] GC(938) Phase 4: Move objects
[2019-04-15T13:48:06.319+0200][368,478s] GC(938) Phase 4: Move objects 44,192ms
[2019-04-15T13:48:06.320+0200][368,479s] GC(938) ParNew: 109247K->99211K(109248K)
[2019-04-15T13:48:06.320+0200][368,479s] GC(938) CMS: 393216K->393215K(393216K)
[2019-04-15T13:48:06.320+0200][368,479s] GC(938) Metaspace: 85566K->85566K(1128448K)
[2019-04-15T13:48:06.320+0200][368,479s] GC(938) Pause Full (Allocation Failure) 490M->480M(490M) 392,770ms
[2019-04-15T13:48:06.320+0200][368,479s] GC(938) User=0,41s Sys=0,00s Real=0,39s
[2019-04-15T13:48:06.373+0200][368,532s] GC(939) Pause Full (Allocation Failure)
[2019-04-15T13:48:06.373+0200][368,532s] GC(939) Phase 1: Mark live objects
[2019-04-15T13:48:06.511+0200][368,670s] GC(939) Phase 1: Mark live objects 137,373ms
[2019-04-15T13:48:06.511+0200][368,670s] GC(939) Phase 2: Compute new object addresses
[2019-04-15T13:48:06.601+0200][368,760s] GC(939) Phase 2: Compute new object addresses 90,554ms
[2019-04-15T13:48:06.601+0200][368,760s] GC(939) Phase 3: Adjust pointers
[2019-04-15T13:48:06.705+0200][368,864s] GC(939) Phase 3: Adjust pointers 103,522ms
[2019-04-15T13:48:06.705+0200][368,864s] GC(939) Phase 4: Move objects
[2019-04-15T13:48:06.708+0200][368,867s] GC(939) Phase 4: Move objects 3,162ms
[2019-04-15T13:48:06.709+0200][368,867s] GC(939) ParNew: 109247K->101798K(109248K)
[2019-04-15T13:48:06.709+0200][368,867s] GC(939) CMS: 393216K->393216K(393216K)
[2019-04-15T13:48:06.709+0200][368,867s] GC(939) Metaspace: 85566K->85566K(1128448K)
[2019-04-15T13:48:06.709+0200][368,868s] GC(939) Pause Full (Allocation Failure) 490M->483M(490M) 335,784ms
[2019-04-15T13:48:06.709+0200][368,868s] GC(939) User=0,34s Sys=0,00s Real=0,34s
[2019-04-15T13:48:06.709+0200][368,868s] GC(940) Pause Initial Mark
[2019-04-15T13:48:06.755+0200][368,914s] GC(940) Pause Initial Mark 483M->483M(490M) 46,566ms
[2019-04-15T13:48:06.755+0200][368,914s] GC(940) User=0,06s Sys=0,00s Real=0,05s
[2019-04-15T13:48:06.756+0200][368,914s] GC(940) Concurrent Mark
[2019-04-15T13:48:06.756+0200][368,914s] GC(940) Using 4 workers of 4 for marking
[2019-04-15T13:48:06.825+0200][368,984s] GC(940) Concurrent Mark 69,555ms
[2019-04-15T13:48:06.825+0200][368,984s] GC(940) User=0,27s Sys=0,00s Real=0,07s
[2019-04-15T13:48:06.825+0200][368,984s] GC(940) Concurrent Preclean
[2019-04-15T13:48:06.830+0200][368,989s] GC(941) Pause Full (Allocation Failure)
[2019-04-15T13:48:06.906+0200][369,065s] GC(940) Concurrent Preclean 80,777ms
[2019-04-15T13:48:06.906+0200][369,065s] GC(940) User=0,08s Sys=0,00s Real=0,08s
[2019-04-15T13:48:06.906+0200][369,065s] GC(941) Phase 1: Mark live objects
[2019-04-15T13:48:07.052+0200][369,210s] GC(941) Phase 1: Mark live objects 145,416ms
[2019-04-15T13:48:07.052+0200][369,211s] GC(941) Phase 2: Compute new object addresses
[2019-04-15T13:48:07.141+0200][369,300s] GC(941) Phase 2: Compute new object addresses 89,487ms
[2019-04-15T13:48:07.141+0200][369,300s] GC(941) Phase 3: Adjust pointers
[2019-04-15T13:48:07.244+0200][369,403s] GC(941) Phase 3: Adjust pointers 102,667ms
[2019-04-15T13:48:07.244+0200][369,403s] GC(941) Phase 4: Move objects
[2019-04-15T13:48:07.250+0200][369,409s] GC(941) Phase 4: Move objects 6,654ms
[2019-04-15T13:48:07.251+0200][369,410s] GC(941) ParNew: 109247K->104080K(109248K)
[2019-04-15T13:48:07.251+0200][369,410s] GC(941) CMS: 393216K->393216K(393216K)
[2019-04-15T13:48:07.251+0200][369,410s] GC(941) Metaspace: 85566K->85566K(1128448K)
[2019-04-15T13:48:07.252+0200][369,410s] GC(941) Pause Full (Allocation Failure) 490M->485M(490M) 421,849ms
[2019-04-15T13:48:07.252+0200][369,411s] GC(941) User=0,42s Sys=0,00s Real=0,42s
[2019-04-15T13:48:07.279+0200][369,438s] GC(942) Pause Full (Allocation Failure)
[2019-04-15T13:48:07.279+0200][369,438s] GC(942) Phase 1: Mark live objects
[2019-04-15T13:48:07.419+0200][369,578s] GC(942) Phase 1: Mark live objects 139,948ms
[2019-04-15T13:48:07.419+0200][369,578s] GC(942) Phase 2: Compute new object addresses
[2019-04-15T13:48:07.504+0200][369,663s] GC(942) Phase 2: Compute new object addresses 85,122ms
[2019-04-15T13:48:07.504+0200][369,663s] GC(942) Phase 3: Adjust pointers
[2019-04-15T13:48:07.614+0200][369,773s] GC(942) Phase 3: Adjust pointers 109,626ms
[2019-04-15T13:48:07.614+0200][369,773s] GC(942) Phase 4: Move objects
[2019-04-15T13:48:07.654+0200][369,813s] GC(942) Phase 4: Move objects 40,420ms
[2019-04-15T13:48:07.655+0200][369,814s] GC(942) ParNew: 109247K->105730K(109248K)
[2019-04-15T13:48:07.655+0200][369,814s] GC(942) CMS: 393216K->393215K(393216K)
[2019-04-15T13:48:07.655+0200][369,814s] GC(942) Metaspace: 85566K->85566K(1128448K)
[2019-04-15T13:48:07.655+0200][369,814s] GC(942) Pause Full (Allocation Failure) 490M->487M(490M) 376,619ms
[2019-04-15T13:48:07.655+0200][369,814s] GC(942) User=0,38s Sys=0,00s Real=0,38s
[2019-04-15T13:48:07.656+0200][369,815s] GC(943) Pause Initial Mark
[2019-04-15T13:48:07.701+0200][369,860s] GC(943) Pause Initial Mark 487M->487M(490M) 45,613ms
[2019-04-15T13:48:07.701+0200][369,860s] GC(943) User=0,06s Sys=0,00s Real=0,04s
[2019-04-15T13:48:07.701+0200][369,860s] GC(943) Concurrent Mark
[2019-04-15T13:48:07.701+0200][369,860s] GC(943) Using 4 workers of 4 for marking
[2019-04-15T13:48:07.733+0200][369,892s] GC(944) Pause Full (Allocation Failure)
[2019-04-15T13:48:07.769+0200][369,928s] GC(943) Concurrent Mark 67,234ms
[2019-04-15T13:48:07.769+0200][369,928s] GC(943) User=0,24s Sys=0,01s Real=0,07s
[2019-04-15T13:48:07.770+0200][369,929s] GC(944) Phase 1: Mark live objects
[2019-04-15T13:48:07.911+0200][370,070s] GC(944) Phase 1: Mark live objects 141,006ms
[2019-04-15T13:48:07.911+0200][370,070s] GC(944) Phase 2: Compute new object addresses
[2019-04-15T13:48:07.999+0200][370,158s] GC(944) Phase 2: Compute new object addresses 88,249ms
[2019-04-15T13:48:07.999+0200][370,158s] GC(944) Phase 3: Adjust pointers
[2019-04-15T13:48:08.107+0200][370,266s] GC(944) Phase 3: Adjust pointers 108,211ms
[2019-04-15T13:48:08.107+0200][370,266s] GC(944) Phase 4: Move objects
[2019-04-15T13:48:08.115+0200][370,274s] GC(944) Phase 4: Move objects 8,096ms
[2019-04-15T13:48:08.116+0200][370,275s] GC(944) ParNew: 109247K->106393K(109248K)
[2019-04-15T13:48:08.116+0200][370,275s] GC(944) CMS: 393215K->393215K(393216K)
[2019-04-15T13:48:08.116+0200][370,275s] GC(944) Metaspace: 85566K->85566K(1128448K)
[2019-04-15T13:48:08.116+0200][370,275s] GC(944) Pause Full (Allocation Failure) 490M->487M(490M) 382,450ms
[2019-04-15T13:48:08.116+0200][370,275s] GC(944) User=0,46s Sys=0,01s Real=0,38s
[2019-04-15T13:48:08.131+0200][370,290s] GC(945) Pause Full (Allocation Failure)
[2019-04-15T13:48:08.131+0200][370,290s] GC(945) Phase 1: Mark live objects
[2019-04-15T13:48:08.273+0200][370,432s] GC(945) Phase 1: Mark live objects 141,327ms
[2019-04-15T13:48:08.273+0200][370,432s] GC(945) Phase 2: Compute new object addresses
[2019-04-15T13:48:08.362+0200][370,521s] GC(945) Phase 2: Compute new object addresses 89,026ms
[2019-04-15T13:48:08.362+0200][370,521s] GC(945) Phase 3: Adjust pointers
[2019-04-15T13:48:08.464+0200][370,623s] GC(945) Phase 3: Adjust pointers 102,066ms
[2019-04-15T13:48:08.464+0200][370,623s] GC(945) Phase 4: Move objects
[2019-04-15T13:48:08.466+0200][370,625s] GC(945) Phase 4: Move objects 2,085ms
[2019-04-15T13:48:08.467+0200][370,626s] GC(945) ParNew: 109247K->105866K(109248K)
[2019-04-15T13:48:08.467+0200][370,626s] GC(945) CMS: 393215K->393215K(393216K)
[2019-04-15T13:48:08.467+0200][370,626s] GC(945) Metaspace: 85566K->85566K(1128448K)
[2019-04-15T13:48:08.467+0200][370,626s] GC(945) Pause Full (Allocation Failure) 490M->487M(490M) 335,880ms
[2019-04-15T13:48:08.467+0200][370,626s] GC(945) User=0,34s Sys=0,00s Real=0,34s
[2019-04-15T13:48:08.467+0200][370,626s] GC(946) Pause Initial Mark
[2019-04-15T13:48:08.510+0200][370,669s] GC(946) Pause Initial Mark 487M->487M(490M) 42,569ms
[2019-04-15T13:48:08.510+0200][370,669s] GC(946) User=0,06s Sys=0,00s Real=0,04s
[2019-04-15T13:48:08.510+0200][370,669s] GC(946) Concurrent Mark
[2019-04-15T13:48:08.510+0200][370,669s] GC(946) Using 4 workers of 4 for marking
[2019-04-15T13:48:08.563+0200][370,722s] GC(947) Pause Full (Allocation Failure)
[2019-04-15T13:48:08.573+0200][370,732s] GC(946) Concurrent Mark 63,115ms
[2019-04-15T13:48:08.573+0200][370,732s] GC(946) User=0,24s Sys=0,00s Real=0,06s
[2019-04-15T13:48:08.573+0200][370,732s] GC(947) Phase 1: Mark live objects
[2019-04-15T13:48:08.715+0200][370,874s] GC(947) Phase 1: Mark live objects 142,198ms
[2019-04-15T13:48:08.715+0200][370,874s] GC(947) Phase 2: Compute new object addresses
[2019-04-15T13:48:08.809+0200][370,968s] GC(947) Phase 2: Compute new object addresses 93,914ms
[2019-04-15T13:48:08.809+0200][370,968s] GC(947) Phase 3: Adjust pointers
[2019-04-15T13:48:08.913+0200][371,071s] GC(947) Phase 3: Adjust pointers 103,277ms
[2019-04-15T13:48:08.913+0200][371,072s] GC(947) Phase 4: Move objects
[2019-04-15T13:48:08.915+0200][371,074s] GC(947) Phase 4: Move objects 2,331ms
[2019-04-15T13:48:08.916+0200][371,075s] GC(947) ParNew: 109247K->106245K(109248K)
[2019-04-15T13:48:08.916+0200][371,075s] GC(947) CMS: 393215K->393215K(393216K)
[2019-04-15T13:48:08.916+0200][371,075s] GC(947) Metaspace: 85566K->85566K(1128448K)
[2019-04-15T13:48:08.916+0200][371,075s] GC(947) Pause Full (Allocation Failure) 490M->487M(490M) 352,738ms
[2019-04-15T13:48:08.916+0200][371,075s] GC(947) User=0,37s Sys=0,00s Real=0,36s
[2019-04-15T13:48:08.932+0200][371,091s] GC(948) Pause Full (Allocation Failure)
[2019-04-15T13:48:08.932+0200][371,091s] GC(948) Phase 1: Mark live objects
[2019-04-15T13:48:09.075+0200][371,234s] GC(948) Phase 1: Mark live objects 143,057ms
[2019-04-15T13:48:09.075+0200][371,234s] GC(948) Phase 2: Compute new object addresses
[2019-04-15T13:48:09.165+0200][371,324s] GC(948) Phase 2: Compute new object addresses 89,231ms
[2019-04-15T13:48:09.165+0200][371,324s] GC(948) Phase 3: Adjust pointers
[2019-04-15T13:48:09.268+0200][371,427s] GC(948) Phase 3: Adjust pointers 103,789ms
[2019-04-15T13:48:09.269+0200][371,427s] GC(948) Phase 4: Move objects
[2019-04-15T13:48:09.272+0200][371,431s] GC(948) Phase 4: Move objects 3,736ms
[2019-04-15T13:48:09.273+0200][371,432s] GC(948) ParNew: 109247K->106656K(109248K)
[2019-04-15T13:48:09.273+0200][371,432s] GC(948) CMS: 393215K->393215K(393216K)
[2019-04-15T13:48:09.273+0200][371,432s] GC(948) Metaspace: 85566K->85566K(1128448K)
[2019-04-15T13:48:09.273+0200][371,432s] GC(948) Pause Full (Allocation Failure) 490M->488M(490M) 341,244ms
[2019-04-15T13:48:09.273+0200][371,432s] GC(948) User=0,34s Sys=0,00s Real=0,35s
[2019-04-15T13:48:09.273+0200][371,432s] GC(949) Pause Initial Mark
[2019-04-15T13:48:09.320+0200][371,478s] GC(949) Pause Initial Mark 488M->488M(490M) 46,298ms
[2019-04-15T13:48:09.320+0200][371,479s] GC(949) User=0,07s Sys=0,00s Real=0,04s
[2019-04-15T13:48:09.320+0200][371,479s] GC(949) Concurrent Mark
[2019-04-15T13:48:09.320+0200][371,479s] GC(949) Using 4 workers of 4 for marking
[2019-04-15T13:48:09.344+0200][371,503s] GC(950) Pause Full (Allocation Failure)
[2019-04-15T13:48:09.382+0200][371,541s] GC(949) Concurrent Mark 62,030ms
[2019-04-15T13:48:09.382+0200][371,541s] GC(949) User=0,23s Sys=0,00s Real=0,06s
[2019-04-15T13:48:09.382+0200][371,541s] GC(950) Phase 1: Mark live objects
[2019-04-15T13:48:09.524+0200][371,683s] GC(950) Phase 1: Mark live objects 142,179ms
[2019-04-15T13:48:09.524+0200][371,683s] GC(950) Phase 2: Compute new object addresses
[2019-04-15T13:48:09.620+0200][371,779s] GC(950) Phase 2: Compute new object addresses 95,804ms
[2019-04-15T13:48:09.620+0200][371,779s] GC(950) Phase 3: Adjust pointers
[2019-04-15T13:48:09.728+0200][371,887s] GC(950) Phase 3: Adjust pointers 108,017ms
[2019-04-15T13:48:09.728+0200][371,887s] GC(950) Phase 4: Move objects
[2019-04-15T13:48:09.769+0200][371,928s] GC(950) Phase 4: Move objects 40,931ms
[2019-04-15T13:48:09.770+0200][371,929s] GC(950) ParNew: 109247K->106040K(109248K)
[2019-04-15T13:48:09.770+0200][371,929s] GC(950) CMS: 393215K->393215K(393216K)
[2019-04-15T13:48:09.770+0200][371,929s] GC(950) Metaspace: 85566K->85566K(1128448K)
[2019-04-15T13:48:09.770+0200][371,929s] GC(950) Pause Full (Allocation Failure) 490M->487M(490M) 425,488ms
[2019-04-15T13:48:09.770+0200][371,929s] GC(950) User=0,53s Sys=0,00s Real=0,43s
[2019-04-15T13:48:09.788+0200][371,947s] GC(951) Pause Full (Allocation Failure)
[2019-04-15T13:48:09.788+0200][371,947s] GC(951) Phase 1: Mark live objects
[2019-04-15T13:48:09.929+0200][372,088s] GC(951) Phase 1: Mark live objects 141,095ms
[2019-04-15T13:48:09.929+0200][372,088s] GC(951) Phase 2: Compute new object addresses
[2019-04-15T13:48:10.023+0200][372,182s] GC(951) Phase 2: Compute new object addresses 93,304ms
[2019-04-15T13:48:10.023+0200][372,182s] GC(951) Phase 3: Adjust pointers
[2019-04-15T13:48:10.134+0200][372,293s] GC(951) Phase 3: Adjust pointers 111,172ms
[2019-04-15T13:48:10.134+0200][372,293s] GC(951) Phase 4: Move objects
[2019-04-15T13:48:10.135+0200][372,294s] GC(951) Phase 4: Move objects 0,938ms
[2019-04-15T13:48:10.135+0200][372,294s] GC(951) ParNew: 109247K->106381K(109248K)
[2019-04-15T13:48:10.135+0200][372,294s] GC(951) CMS: 393215K->393215K(393216K)
[2019-04-15T13:48:10.135+0200][372,294s] GC(951) Metaspace: 85566K->85566K(1128448K)
[2019-04-15T13:48:10.135+0200][372,294s] GC(951) Pause Full (Allocation Failure) 490M->487M(490M) 347,605ms
[2019-04-15T13:48:10.135+0200][372,294s] GC(951) User=0,35s Sys=0,00s Real=0,35s
[2019-04-15T13:48:10.136+0200][372,295s] GC(952) Pause Initial Mark
[2019-04-15T13:48:10.183+0200][372,342s] GC(952) Pause Initial Mark 487M->487M(490M) 47,382ms
[2019-04-15T13:48:10.183+0200][372,342s] GC(952) User=0,06s Sys=0,00s Real=0,04s
[2019-04-15T13:48:10.183+0200][372,342s] GC(952) Concurrent Mark
[2019-04-15T13:48:10.183+0200][372,342s] GC(952) Using 4 workers of 4 for marking
[2019-04-15T13:48:10.212+0200][372,371s] GC(953) Pause Full (Allocation Failure)
[2019-04-15T13:48:10.246+0200][372,405s] GC(952) Concurrent Mark 62,377ms
[2019-04-15T13:48:10.246+0200][372,405s] GC(952) User=0,24s Sys=0,00s Real=0,07s
[2019-04-15T13:48:10.246+0200][372,405s] GC(953) Phase 1: Mark live objects
[2019-04-15T13:48:10.387+0200][372,546s] GC(953) Phase 1: Mark live objects 141,250ms
[2019-04-15T13:48:10.387+0200][372,546s] GC(953) Phase 2: Compute new object addresses
[2019-04-15T13:48:10.476+0200][372,635s] GC(953) Phase 2: Compute new object addresses 88,621ms
[2019-04-15T13:48:10.476+0200][372,635s] GC(953) Phase 3: Adjust pointers
[2019-04-15T13:48:10.580+0200][372,739s] GC(953) Phase 3: Adjust pointers 104,069ms
[2019-04-15T13:48:10.580+0200][372,739s] GC(953) Phase 4: Move objects
[2019-04-15T13:48:10.580+0200][372,739s] GC(953) Phase 4: Move objects 0,036ms
[2019-04-15T13:48:10.580+0200][372,739s] GC(953) ParNew: 109231K->105766K(109248K)
[2019-04-15T13:48:10.581+0200][372,739s] GC(953) CMS: 393215K->393215K(393216K)
[2019-04-15T13:48:10.581+0200][372,739s] GC(953) Metaspace: 85566K->85566K(1128448K)
[2019-04-15T13:48:10.581+0200][372,740s] GC(953) Pause Full (Allocation Failure) 490M->487M(490M) 368,735ms
[2019-04-15T13:48:10.581+0200][372,740s] GC(953) User=0,47s Sys=0,00s Real=0,37s
[2019-04-15T13:48:10.599+0200][372,758s] GC(954) Pause Full (Allocation Failure)
[2019-04-15T13:48:10.600+0200][372,758s] GC(954) Phase 1: Mark live objects
[2019-04-15T13:48:10.740+0200][372,899s] GC(954) Phase 1: Mark live objects 140,476ms
[2019-04-15T13:48:10.740+0200][372,899s] GC(954) Phase 2: Compute new object addresses
[2019-04-15T13:48:10.832+0200][372,991s] GC(954) Phase 2: Compute new object addresses 91,616ms
[2019-04-15T13:48:10.832+0200][372,991s] GC(954) Phase 3: Adjust pointers
[2019-04-15T13:48:10.934+0200][373,093s] GC(954) Phase 3: Adjust pointers 102,559ms
[2019-04-15T13:48:10.934+0200][373,093s] GC(954) Phase 4: Move objects
[2019-04-15T13:48:10.935+0200][373,094s] GC(954) Phase 4: Move objects 0,323ms
[2019-04-15T13:48:10.935+0200][373,094s] GC(954) ParNew: 109247K->106185K(109248K)
[2019-04-15T13:48:10.935+0200][373,094s] GC(954) CMS: 393215K->393215K(393216K)
[2019-04-15T13:48:10.935+0200][373,094s] GC(954) Metaspace: 85566K->85566K(1128448K)
[2019-04-15T13:48:10.935+0200][373,094s] GC(954) Pause Full (Allocation Failure) 490M->487M(490M) 336,231ms
[2019-04-15T13:48:10.935+0200][373,094s] GC(954) User=0,33s Sys=0,00s Real=0,34s
[2019-04-15T13:48:10.935+0200][373,094s] GC(955) Pause Initial Mark
[2019-04-15T13:48:10.981+0200][373,140s] GC(955) Pause Initial Mark 487M->487M(490M) 45,203ms
[2019-04-15T13:48:10.981+0200][373,140s] GC(955) User=0,06s Sys=0,00s Real=0,04s
[2019-04-15T13:48:10.981+0200][373,140s] GC(955) Concurrent Mark
[2019-04-15T13:48:10.981+0200][373,140s] GC(955) Using 4 workers of 4 for marking
[2019-04-15T13:48:11.009+0200][373,168s] GC(956) Pause Full (Allocation Failure)
[2019-04-15T13:48:11.052+0200][373,211s] GC(955) Concurrent Mark 70,851ms
[2019-04-15T13:48:11.052+0200][373,211s] GC(955) User=0,24s Sys=0,00s Real=0,07s
[2019-04-15T13:48:11.052+0200][373,211s] GC(956) Phase 1: Mark live objects
[2019-04-15T13:48:11.195+0200][373,354s] GC(956) Phase 1: Mark live objects 143,035ms
[2019-04-15T13:48:11.195+0200][373,354s] GC(956) Phase 2: Compute new object addresses
[2019-04-15T13:48:11.285+0200][373,444s] GC(956) Phase 2: Compute new object addresses 89,759ms
[2019-04-15T13:48:11.285+0200][373,444s] GC(956) Phase 3: Adjust pointers
[2019-04-15T13:48:11.388+0200][373,547s] GC(956) Phase 3: Adjust pointers 103,115ms
[2019-04-15T13:48:11.388+0200][373,547s] GC(956) Phase 4: Move objects
[2019-04-15T13:48:11.391+0200][373,550s] GC(956) Phase 4: Move objects 3,187ms
[2019-04-15T13:48:11.392+0200][373,551s] GC(956) ParNew: 109247K->105886K(109248K)
[2019-04-15T13:48:11.392+0200][373,551s] GC(956) CMS: 393215K->393215K(393216K)
[2019-04-15T13:48:11.392+0200][373,551s] GC(956) Metaspace: 85566K->85566K(1128448K)
[2019-04-15T13:48:11.392+0200][373,551s] GC(956) Pause Full (Allocation Failure) 490M->487M(490M) 382,894ms
[2019-04-15T13:48:11.392+0200][373,551s] GC(956) User=0,48s Sys=0,00s Real=0,38s
[2019-04-15T13:48:11.409+0200][373,568s] GC(957) Pause Full (Allocation Failure)
[2019-04-15T13:48:11.409+0200][373,568s] GC(957) Phase 1: Mark live objects
[2019-04-15T13:48:11.550+0200][373,709s] GC(957) Phase 1: Mark live objects 140,139ms
[2019-04-15T13:48:11.550+0200][373,709s] GC(957) Phase 2: Compute new object addresses
[2019-04-15T13:48:11.639+0200][373,798s] GC(957) Phase 2: Compute new object addresses 89,432ms
[2019-04-15T13:48:11.639+0200][373,798s] GC(957) Phase 3: Adjust pointers
[2019-04-15T13:48:11.747+0200][373,906s] GC(957) Phase 3: Adjust pointers 108,274ms
[2019-04-15T13:48:11.747+0200][373,906s] GC(957) Phase 4: Move objects
[2019-04-15T13:48:11.786+0200][373,945s] GC(957) Phase 4: Move objects 38,340ms
[2019-04-15T13:48:11.787+0200][373,945s] GC(957) ParNew: 109248K->106295K(109248K)
[2019-04-15T13:48:11.787+0200][373,945s] GC(957) CMS: 393215K->393215K(393216K)
[2019-04-15T13:48:11.787+0200][373,946s] GC(957) Metaspace: 85566K->85566K(1128448K)
[2019-04-15T13:48:11.787+0200][373,946s] GC(957) Pause Full (Allocation Failure) 490M->487M(490M) 377,489ms
[2019-04-15T13:48:11.787+0200][373,946s] GC(957) User=0,38s Sys=0,00s Real=0,38s
[2019-04-15T13:48:11.787+0200][373,946s] GC(958) Pause Initial Mark
[2019-04-15T13:48:11.829+0200][373,988s] GC(958) Pause Initial Mark 487M->487M(490M) 42,441ms
[2019-04-15T13:48:11.829+0200][373,988s] GC(958) User=0,06s Sys=0,00s Real=0,04s
[2019-04-15T13:48:11.829+0200][373,988s] GC(958) Concurrent Mark
[2019-04-15T13:48:11.829+0200][373,988s] GC(958) Using 4 workers of 4 for marking
[2019-04-15T13:48:11.854+0200][374,013s] GC(959) Pause Full (Allocation Failure)
[2019-04-15T13:48:11.888+0200][374,047s] GC(958) Concurrent Mark 58,602ms
[2019-04-15T13:48:11.888+0200][374,047s] GC(958) User=0,22s Sys=0,00s Real=0,06s
[2019-04-15T13:48:11.888+0200][374,047s] GC(959) Phase 1: Mark live objects
[2019-04-15T13:48:12.033+0200][374,192s] GC(959) Phase 1: Mark live objects 144,546ms
[2019-04-15T13:48:12.033+0200][374,192s] GC(959) Phase 2: Compute new object addresses
[2019-04-15T13:48:12.123+0200][374,282s] GC(959) Phase 2: Compute new object addresses 90,345ms
[2019-04-15T13:48:12.123+0200][374,282s] GC(959) Phase 3: Adjust pointers
[2019-04-15T13:48:12.231+0200][374,390s] GC(959) Phase 3: Adjust pointers 107,393ms
[2019-04-15T13:48:12.231+0200][374,390s] GC(959) Phase 4: Move objects
[2019-04-15T13:48:12.264+0200][374,423s] GC(959) Phase 4: Move objects 33,440ms
[2019-04-15T13:48:12.265+0200][374,424s] GC(959) ParNew: 109247K->106658K(109248K)
[2019-04-15T13:48:12.265+0200][374,424s] GC(959) CMS: 393215K->393215K(393216K)
[2019-04-15T13:48:12.265+0200][374,424s] GC(959) Metaspace: 85566K->85566K(1128448K)
[2019-04-15T13:48:12.265+0200][374,424s] GC(959) Pause Full (Allocation Failure) 490M->488M(490M) 411,125ms
[2019-04-15T13:48:12.265+0200][374,424s] GC(959) User=0,51s Sys=0,00s Real=0,41s
[2019-04-15T13:48:12.269+0200][374,428s] GC(960) Pause Full (Allocation Failure)
[2019-04-15T13:48:12.269+0200][374,428s] GC(960) Phase 1: Mark live objects
[2019-04-15T13:48:12.414+0200][374,573s] GC(960) Phase 1: Mark live objects 144,934ms
[2019-04-15T13:48:12.414+0200][374,573s] GC(960) Phase 2: Compute new object addresses
[2019-04-15T13:48:12.500+0200][374,659s] GC(960) Phase 2: Compute new object addresses 85,768ms
[2019-04-15T13:48:12.500+0200][374,659s] GC(960) Phase 3: Adjust pointers
[2019-04-15T13:48:12.610+0200][374,769s] GC(960) Phase 3: Adjust pointers 109,655ms
[2019-04-15T13:48:12.610+0200][374,769s] GC(960) Phase 4: Move objects
[2019-04-15T13:48:12.651+0200][374,810s] GC(960) Phase 4: Move objects 41,668ms
[2019-04-15T13:48:12.652+0200][374,811s] GC(960) ParNew: 109222K->106859K(109248K)
[2019-04-15T13:48:12.652+0200][374,811s] GC(960) CMS: 393215K->393215K(393216K)
[2019-04-15T13:48:12.652+0200][374,811s] GC(960) Metaspace: 85566K->85566K(1128448K)
[2019-04-15T13:48:12.652+0200][374,811s] GC(960) Pause Full (Allocation Failure) 490M->488M(490M) 383,329ms
[2019-04-15T13:48:12.652+0200][374,811s] GC(960) User=0,39s Sys=0,00s Real=0,38s
[2019-04-15T13:48:12.652+0200][374,811s] GC(961) Pause Initial Mark
[2019-04-15T13:48:12.697+0200][374,856s] GC(961) Pause Initial Mark 488M->488M(490M) 44,380ms
[2019-04-15T13:48:12.697+0200][374,856s] GC(961) User=0,05s Sys=0,00s Real=0,05s
[2019-04-15T13:48:12.697+0200][374,856s] GC(961) Concurrent Mark
[2019-04-15T13:48:12.697+0200][374,856s] GC(961) Using 4 workers of 4 for marking
[2019-04-15T13:48:12.732+0200][374,891s] GC(962) Pause Full (Allocation Failure)
[2019-04-15T13:48:12.767+0200][374,926s] GC(961) Concurrent Mark 69,889ms
[2019-04-15T13:48:12.767+0200][374,926s] GC(961) User=0,27s Sys=0,00s Real=0,07s
[2019-04-15T13:48:12.767+0200][374,926s] GC(962) Phase 1: Mark live objects
[2019-04-15T13:48:12.908+0200][375,067s] GC(962) Phase 1: Mark live objects 141,342ms
[2019-04-15T13:48:12.908+0200][375,067s] GC(962) Phase 2: Compute new object addresses
[2019-04-15T13:48:12.999+0200][375,158s] GC(962) Phase 2: Compute new object addresses 91,033ms
[2019-04-15T13:48:12.999+0200][375,158s] GC(962) Phase 3: Adjust pointers
[2019-04-15T13:48:13.107+0200][375,266s] GC(962) Phase 3: Adjust pointers 107,883ms
[2019-04-15T13:48:13.107+0200][375,266s] GC(962) Phase 4: Move objects
[2019-04-15T13:48:13.108+0200][375,267s] GC(962) Phase 4: Move objects 0,432ms
[2019-04-15T13:48:13.108+0200][375,267s] GC(962) ParNew: 109247K->107157K(109248K)
[2019-04-15T13:48:13.108+0200][375,267s] GC(962) CMS: 393215K->393215K(393216K)
[2019-04-15T13:48:13.108+0200][375,267s] GC(962) Metaspace: 85566K->85566K(1128448K)
[2019-04-15T13:48:13.108+0200][375,267s] GC(962) Pause Full (Allocation Failure) 490M->488M(490M) 376,443ms
[2019-04-15T13:48:13.108+0200][375,267s] GC(962) User=0,47s Sys=0,00s Real=0,38s
[2019-04-15T13:48:13.120+0200][375,279s] GC(963) Pause Full (Allocation Failure)
[2019-04-15T13:48:13.120+0200][375,279s] GC(963) Phase 1: Mark live objects
[2019-04-15T13:48:13.257+0200][375,416s] GC(963) Phase 1: Mark live objects 137,352ms
[2019-04-15T13:48:13.257+0200][375,416s] GC(963) Phase 2: Compute new object addresses
[2019-04-15T13:48:13.343+0200][375,502s] GC(963) Phase 2: Compute new object addresses 85,596ms
[2019-04-15T13:48:13.343+0200][375,502s] GC(963) Phase 3: Adjust pointers
[2019-04-15T13:48:13.450+0200][375,609s] GC(963) Phase 3: Adjust pointers 107,061ms
[2019-04-15T13:48:13.450+0200][375,609s] GC(963) Phase 4: Move objects
[2019-04-15T13:48:13.494+0200][375,653s] GC(963) Phase 4: Move objects 44,028ms
[2019-04-15T13:48:13.496+0200][375,655s] GC(963) ParNew: 109247K->100739K(109248K)
[2019-04-15T13:48:13.496+0200][375,655s] GC(963) CMS: 393215K->393216K(393216K)
[2019-04-15T13:48:13.496+0200][375,655s] GC(963) Metaspace: 85566K->85566K(1128448K)
[2019-04-15T13:48:13.496+0200][375,655s] GC(963) Pause Full (Allocation Failure) 490M->482M(490M) 376,344ms
[2019-04-15T13:48:13.496+0200][375,655s] GC(963) User=0,37s Sys=0,00s Real=0,38s
[2019-04-15T13:48:13.496+0200][375,655s] GC(964) Pause Initial Mark
[2019-04-15T13:48:13.541+0200][375,700s] GC(964) Pause Initial Mark 482M->482M(490M) 44,411ms
[2019-04-15T13:48:13.541+0200][375,700s] GC(964) User=0,06s Sys=0,00s Real=0,04s
[2019-04-15T13:48:13.541+0200][375,700s] GC(964) Concurrent Mark
[2019-04-15T13:48:13.541+0200][375,700s] GC(964) Using 4 workers of 4 for marking
[2019-04-15T13:48:13.618+0200][375,777s] GC(964) Concurrent Mark 77,569ms
[2019-04-15T13:48:13.618+0200][375,777s] GC(964) User=0,29s Sys=0,01s Real=0,08s
[2019-04-15T13:48:13.618+0200][375,777s] GC(964) Concurrent Preclean
[2019-04-15T13:48:13.619+0200][375,778s] GC(965) Pause Full (Allocation Failure)
[2019-04-15T13:48:13.693+0200][375,852s] GC(964) Concurrent Preclean 74,997ms
[2019-04-15T13:48:13.693+0200][375,852s] GC(964) User=0,08s Sys=0,00s Real=0,08s
[2019-04-15T13:48:13.694+0200][375,853s] GC(965) Phase 1: Mark live objects
[2019-04-15T13:48:13.835+0200][375,994s] GC(965) Phase 1: Mark live objects 140,992ms
[2019-04-15T13:48:13.835+0200][375,994s] GC(965) Phase 2: Compute new object addresses
[2019-04-15T13:48:13.924+0200][376,083s] GC(965) Phase 2: Compute new object addresses 89,543ms
[2019-04-15T13:48:13.924+0200][376,083s] GC(965) Phase 3: Adjust pointers
[2019-04-15T13:48:14.029+0200][376,188s] GC(965) Phase 3: Adjust pointers 104,916ms
[2019-04-15T13:48:14.029+0200][376,188s] GC(965) Phase 4: Move objects
[2019-04-15T13:48:14.030+0200][376,189s] GC(965) Phase 4: Move objects 0,886ms
[2019-04-15T13:48:14.031+0200][376,190s] GC(965) ParNew: 109205K->101730K(109248K)
[2019-04-15T13:48:14.031+0200][376,190s] GC(965) CMS: 393216K->393216K(393216K)
[2019-04-15T13:48:14.031+0200][376,190s] GC(965) Metaspace: 85566K->85566K(1128448K)
[2019-04-15T13:48:14.031+0200][376,190s] GC(965) Pause Full (Allocation Failure) 490M->483M(490M) 411,566ms
[2019-04-15T13:48:14.031+0200][376,190s] GC(965) User=0,41s Sys=0,00s Real=0,41s
[2019-04-15T13:48:14.071+0200][376,230s] GC(966) Pause Full (Allocation Failure)
[2019-04-15T13:48:14.071+0200][376,230s] GC(966) Phase 1: Mark live objects
[2019-04-15T13:48:14.211+0200][376,370s] GC(966) Phase 1: Mark live objects 139,667ms
[2019-04-15T13:48:14.211+0200][376,370s] GC(966) Phase 2: Compute new object addresses
[2019-04-15T13:48:14.302+0200][376,460s] GC(966) Phase 2: Compute new object addresses 90,381ms
[2019-04-15T13:48:14.302+0200][376,460s] GC(966) Phase 3: Adjust pointers
[2019-04-15T13:48:14.404+0200][376,563s] GC(966) Phase 3: Adjust pointers 102,766ms
[2019-04-15T13:48:14.404+0200][376,563s] GC(966) Phase 4: Move objects
[2019-04-15T13:48:14.406+0200][376,565s] GC(966) Phase 4: Move objects 1,531ms
[2019-04-15T13:48:14.406+0200][376,565s] GC(966) ParNew: 109247K->103998K(109248K)
[2019-04-15T13:48:14.406+0200][376,565s] GC(966) CMS: 393216K->393216K(393216K)
[2019-04-15T13:48:14.406+0200][376,565s] GC(966) Metaspace: 85566K->85566K(1128448K)
[2019-04-15T13:48:14.407+0200][376,565s] GC(966) Pause Full (Allocation Failure) 490M->485M(490M) 335,504ms
[2019-04-15T13:48:14.407+0200][376,565s] GC(966) User=0,34s Sys=0,00s Real=0,34s
[2019-04-15T13:48:14.407+0200][376,566s] GC(967) Pause Initial Mark
[2019-04-15T13:48:14.452+0200][376,611s] GC(967) Pause Initial Mark 485M->485M(490M) 45,112ms
[2019-04-15T13:48:14.452+0200][376,611s] GC(967) User=0,06s Sys=0,00s Real=0,04s
[2019-04-15T13:48:14.452+0200][376,611s] GC(967) Concurrent Mark
[2019-04-15T13:48:14.452+0200][376,611s] GC(967) Using 4 workers of 4 for marking
[2019-04-15T13:48:14.500+0200][376,659s] GC(968) Pause Full (Allocation Failure)
[2019-04-15T13:48:14.520+0200][376,679s] GC(967) Concurrent Mark 67,704ms
[2019-04-15T13:48:14.520+0200][376,679s] GC(967) User=0,25s Sys=0,00s Real=0,07s
[2019-04-15T13:48:14.520+0200][376,679s] GC(968) Phase 1: Mark live objects
[2019-04-15T13:48:14.660+0200][376,819s] GC(968) Phase 1: Mark live objects 139,915ms
[2019-04-15T13:48:14.660+0200][376,819s] GC(968) Phase 2: Compute new object addresses
[2019-04-15T13:48:14.749+0200][376,908s] GC(968) Phase 2: Compute new object addresses 89,547ms
[2019-04-15T13:48:14.749+0200][376,908s] GC(968) Phase 3: Adjust pointers
[2019-04-15T13:48:14.853+0200][377,012s] GC(968) Phase 3: Adjust pointers 103,879ms
[2019-04-15T13:48:14.853+0200][377,012s] GC(968) Phase 4: Move objects
[2019-04-15T13:48:14.854+0200][377,013s] GC(968) Phase 4: Move objects 0,874ms
[2019-04-15T13:48:14.855+0200][377,014s] GC(968) ParNew: 109248K->105674K(109248K)
[2019-04-15T13:48:14.855+0200][377,014s] GC(968) CMS: 393216K->393216K(393216K)
[2019-04-15T13:48:14.855+0200][377,014s] GC(968) Metaspace: 85566K->85566K(1128448K)
[2019-04-15T13:48:14.855+0200][377,014s] GC(968) Pause Full (Allocation Failure) 490M->487M(490M) 355,370ms
[2019-04-15T13:48:14.855+0200][377,014s] GC(968) User=0,41s Sys=0,00s Real=0,36s
[2019-04-15T13:48:14.874+0200][377,033s] GC(969) Pause Full (Allocation Failure)
[2019-04-15T13:48:14.875+0200][377,034s] GC(969) Phase 1: Mark live objects
[2019-04-15T13:48:15.014+0200][377,173s] GC(969) Phase 1: Mark live objects 139,709ms
[2019-04-15T13:48:15.014+0200][377,173s] GC(969) Phase 2: Compute new object addresses
[2019-04-15T13:48:15.125+0200][377,284s] GC(969) Phase 2: Compute new object addresses 110,673ms
[2019-04-15T13:48:15.125+0200][377,284s] GC(969) Phase 3: Adjust pointers
[2019-04-15T13:48:15.228+0200][377,387s] GC(969) Phase 3: Adjust pointers 103,208ms
[2019-04-15T13:48:15.228+0200][377,387s] GC(969) Phase 4: Move objects
[2019-04-15T13:48:15.231+0200][377,390s] GC(969) Phase 4: Move objects 2,600ms
[2019-04-15T13:48:15.232+0200][377,391s] GC(969) ParNew: 109248K->106744K(109248K)
[2019-04-15T13:48:15.232+0200][377,391s] GC(969) CMS: 393216K->393216K(393216K)
[2019-04-15T13:48:15.232+0200][377,391s] GC(969) Metaspace: 85566K->85566K(1128448K)
[2019-04-15T13:48:15.232+0200][377,391s] GC(969) Pause Full (Allocation Failure) 490M->488M(490M) 357,680ms
[2019-04-15T13:48:15.232+0200][377,391s] GC(969) User=0,36s Sys=0,00s Real=0,35s
[2019-04-15T13:48:15.232+0200][377,391s] GC(970) Pause Initial Mark
[2019-04-15T13:48:15.277+0200][377,436s] GC(970) Pause Initial Mark 488M->488M(490M) 44,953ms
[2019-04-15T13:48:15.277+0200][377,436s] GC(970) User=0,05s Sys=0,00s Real=0,05s
[2019-04-15T13:48:15.277+0200][377,436s] GC(970) Concurrent Mark
[2019-04-15T13:48:15.277+0200][377,436s] GC(970) Using 4 workers of 4 for marking
[2019-04-15T13:48:15.301+0200][377,459s] GC(971) Pause Full (Allocation Failure)
[2019-04-15T13:48:15.342+0200][377,500s] GC(970) Concurrent Mark 64,350ms
[2019-04-15T13:48:15.342+0200][377,500s] GC(970) User=0,24s Sys=0,00s Real=0,06s
[2019-04-15T13:48:15.342+0200][377,501s] GC(971) Phase 1: Mark live objects
[2019-04-15T13:48:15.477+0200][377,636s] GC(971) Phase 1: Mark live objects 135,045ms
[2019-04-15T13:48:15.477+0200][377,636s] GC(971) Phase 2: Compute new object addresses
[2019-04-15T13:48:15.562+0200][377,721s] GC(971) Phase 2: Compute new object addresses 85,239ms
[2019-04-15T13:48:15.562+0200][377,721s] GC(971) Phase 3: Adjust pointers
[2019-04-15T13:48:15.669+0200][377,828s] GC(971) Phase 3: Adjust pointers 106,969ms
[2019-04-15T13:48:15.669+0200][377,828s] GC(971) Phase 4: Move objects
[2019-04-15T13:48:15.717+0200][377,876s] GC(971) Phase 4: Move objects 47,639ms
[2019-04-15T13:48:15.718+0200][377,876s] GC(971) ParNew: 109247K->100503K(109248K)
[2019-04-15T13:48:15.718+0200][377,876s] GC(971) CMS: 393216K->393216K(393216K)
[2019-04-15T13:48:15.718+0200][377,876s] GC(971) Metaspace: 85566K->85566K(1128448K)
[2019-04-15T13:48:15.718+0200][377,877s] GC(971) Pause Full (Allocation Failure) 490M->482M(490M) 417,055ms
[2019-04-15T13:48:15.718+0200][377,877s] GC(971) User=0,52s Sys=0,00s Real=0,42s
[2019-04-15T13:48:15.762+0200][377,921s] GC(972) Pause Full (Allocation Failure)
[2019-04-15T13:48:15.763+0200][377,922s] GC(972) Phase 1: Mark live objects
[2019-04-15T13:48:15.906+0200][378,065s] GC(972) Phase 1: Mark live objects 142,974ms
[2019-04-15T13:48:15.906+0200][378,065s] GC(972) Phase 2: Compute new object addresses
[2019-04-15T13:48:15.995+0200][378,154s] GC(972) Phase 2: Compute new object addresses 89,594ms
[2019-04-15T13:48:15.995+0200][378,154s] GC(972) Phase 3: Adjust pointers
[2019-04-15T13:48:16.104+0200][378,263s] GC(972) Phase 3: Adjust pointers 108,710ms
[2019-04-15T13:48:16.104+0200][378,263s] GC(972) Phase 4: Move objects
[2019-04-15T13:48:16.107+0200][378,266s] GC(972) Phase 4: Move objects 2,386ms
[2019-04-15T13:48:16.107+0200][378,266s] GC(972) ParNew: 109247K->100743K(109248K)
[2019-04-15T13:48:16.107+0200][378,266s] GC(972) CMS: 393216K->393216K(393216K)
[2019-04-15T13:48:16.107+0200][378,266s] GC(972) Metaspace: 85566K->85566K(1128448K)
[2019-04-15T13:48:16.107+0200][378,266s] GC(972) Pause Full (Allocation Failure) 490M->482M(490M) 344,917ms
[2019-04-15T13:48:16.107+0200][378,266s] GC(972) User=0,34s Sys=0,00s Real=0,35s
[2019-04-15T13:48:16.108+0200][378,267s] GC(973) Pause Initial Mark
[2019-04-15T13:48:16.152+0200][378,311s] GC(973) Pause Initial Mark 482M->482M(490M) 44,368ms
[2019-04-15T13:48:16.152+0200][378,311s] GC(973) User=0,06s Sys=0,00s Real=0,04s
[2019-04-15T13:48:16.152+0200][378,311s] GC(973) Concurrent Mark
[2019-04-15T13:48:16.152+0200][378,311s] GC(973) Using 4 workers of 4 for marking
[2019-04-15T13:48:16.230+0200][378,389s] GC(974) Pause Full (Allocation Failure)
[2019-04-15T13:48:16.233+0200][378,392s] GC(973) Concurrent Mark 80,964ms
[2019-04-15T13:48:16.233+0200][378,392s] GC(973) User=0,30s Sys=0,00s Real=0,09s
[2019-04-15T13:48:16.233+0200][378,392s] GC(974) Phase 1: Mark live objects
[2019-04-15T13:48:16.372+0200][378,530s] GC(974) Phase 1: Mark live objects 138,242ms
[2019-04-15T13:48:16.372+0200][378,531s] GC(974) Phase 2: Compute new object addresses
[2019-04-15T13:48:16.458+0200][378,617s] GC(974) Phase 2: Compute new object addresses 86,702ms
[2019-04-15T13:48:16.458+0200][378,617s] GC(974) Phase 3: Adjust pointers
[2019-04-15T13:48:16.563+0200][378,722s] GC(974) Phase 3: Adjust pointers 104,723ms
[2019-04-15T13:48:16.563+0200][378,722s] GC(974) Phase 4: Move objects
[2019-04-15T13:48:16.618+0200][378,777s] GC(974) Phase 4: Move objects 55,104ms
[2019-04-15T13:48:16.619+0200][378,778s] GC(974) ParNew: 109247K->100937K(109248K)
[2019-04-15T13:48:16.619+0200][378,778s] GC(974) CMS: 393216K->393215K(393216K)
[2019-04-15T13:48:16.619+0200][378,778s] GC(974) Metaspace: 85566K->85566K(1128448K)
[2019-04-15T13:48:16.619+0200][378,778s] GC(974) Pause Full (Allocation Failure) 490M->482M(490M) 388,756ms
[2019-04-15T13:48:16.619+0200][378,778s] GC(974) User=0,39s Sys=0,00s Real=0,39s
[2019-04-15T13:48:16.665+0200][378,824s] GC(975) Pause Full (Allocation Failure)
[2019-04-15T13:48:16.666+0200][378,825s] GC(975) Phase 1: Mark live objects
[2019-04-15T13:48:16.805+0200][378,964s] GC(975) Phase 1: Mark live objects 139,011ms
[2019-04-15T13:48:16.805+0200][378,964s] GC(975) Phase 2: Compute new object addresses
[2019-04-15T13:48:16.898+0200][379,056s] GC(975) Phase 2: Compute new object addresses 92,815ms
[2019-04-15T13:48:16.898+0200][379,056s] GC(975) Phase 3: Adjust pointers
[2019-04-15T13:48:16.997+0200][379,156s] GC(975) Phase 3: Adjust pointers 99,789ms
[2019-04-15T13:48:16.997+0200][379,156s] GC(975) Phase 4: Move objects
[2019-04-15T13:48:16.998+0200][379,157s] GC(975) Phase 4: Move objects 1,030ms
[2019-04-15T13:48:16.999+0200][379,158s] GC(975) ParNew: 109247K->103325K(109248K)
[2019-04-15T13:48:16.999+0200][379,158s] GC(975) CMS: 393215K->393215K(393216K)
[2019-04-15T13:48:16.999+0200][379,158s] GC(975) Metaspace: 85566K->85566K(1128448K)
[2019-04-15T13:48:16.999+0200][379,158s] GC(975) Pause Full (Allocation Failure) 490M->484M(490M) 333,764ms
[2019-04-15T13:48:16.999+0200][379,158s] GC(975) User=0,34s Sys=0,00s Real=0,33s
[2019-04-15T13:48:16.999+0200][379,158s] GC(976) Pause Initial Mark
[2019-04-15T13:48:17.044+0200][379,203s] GC(976) Pause Initial Mark 484M->484M(490M) 44,934ms
[2019-04-15T13:48:17.044+0200][379,203s] GC(976) User=0,05s Sys=0,00s Real=0,04s
[2019-04-15T13:48:17.044+0200][379,203s] GC(976) Concurrent Mark
[2019-04-15T13:48:17.044+0200][379,203s] GC(976) Using 4 workers of 4 for marking
[2019-04-15T13:48:17.098+0200][379,257s] GC(977) Pause Full (Allocation Failure)
[2019-04-15T13:48:17.118+0200][379,277s] GC(976) Concurrent Mark 73,410ms
[2019-04-15T13:48:17.118+0200][379,277s] GC(976) User=0,28s Sys=0,00s Real=0,08s
[2019-04-15T13:48:17.118+0200][379,277s] GC(977) Phase 1: Mark live objects
[2019-04-15T13:48:17.260+0200][379,419s] GC(977) Phase 1: Mark live objects 142,446ms
[2019-04-15T13:48:17.260+0200][379,419s] GC(977) Phase 2: Compute new object addresses
[2019-04-15T13:48:17.352+0200][379,511s] GC(977) Phase 2: Compute new object addresses 91,763ms
[2019-04-15T13:48:17.352+0200][379,511s] GC(977) Phase 3: Adjust pointers
[2019-04-15T13:48:17.459+0200][379,618s] GC(977) Phase 3: Adjust pointers 107,268ms
[2019-04-15T13:48:17.459+0200][379,618s] GC(977) Phase 4: Move objects
[2019-04-15T13:48:17.478+0200][379,637s] GC(977) Phase 4: Move objects 18,582ms
[2019-04-15T13:48:17.479+0200][379,638s] GC(977) ParNew: 109247K->105149K(109248K)
[2019-04-15T13:48:17.479+0200][379,638s] GC(977) CMS: 393216K->393216K(393216K)
[2019-04-15T13:48:17.479+0200][379,638s] GC(977) Metaspace: 85566K->85566K(1128448K)
[2019-04-15T13:48:17.479+0200][379,638s] GC(977) Pause Full (Allocation Failure) 490M->486M(490M) 380,669ms
[2019-04-15T13:48:17.479+0200][379,638s] GC(977) User=0,43s Sys=0,00s Real=0,38s
[2019-04-15T13:48:17.512+0200][379,671s] GC(978) Pause Full (Allocation Failure)
[2019-04-15T13:48:17.512+0200][379,671s] GC(978) Phase 1: Mark live objects
[2019-04-15T13:48:17.654+0200][379,813s] GC(978) Phase 1: Mark live objects 141,724ms
[2019-04-15T13:48:17.654+0200][379,813s] GC(978) Phase 2: Compute new object addresses
[2019-04-15T13:48:17.740+0200][379,899s] GC(978) Phase 2: Compute new object addresses 86,160ms
[2019-04-15T13:48:17.740+0200][379,899s] GC(978) Phase 3: Adjust pointers
[2019-04-15T13:48:17.852+0200][380,011s] GC(978) Phase 3: Adjust pointers 111,598ms
[2019-04-15T13:48:17.852+0200][380,011s] GC(978) Phase 4: Move objects
[2019-04-15T13:48:17.899+0200][380,058s] GC(978) Phase 4: Move objects 46,685ms
[2019-04-15T13:48:17.899+0200][380,058s] GC(978) ParNew: 109247K->106450K(109248K)
[2019-04-15T13:48:17.899+0200][380,058s] GC(978) CMS: 393216K->393216K(393216K)
[2019-04-15T13:48:17.899+0200][380,058s] GC(978) Metaspace: 85566K->85566K(1128448K)
[2019-04-15T13:48:17.899+0200][380,058s] GC(978) Pause Full (Allocation Failure) 490M->487M(490M) 387,400ms
[2019-04-15T13:48:17.899+0200][380,058s] GC(978) User=0,42s Sys=0,00s Real=0,39s
[2019-04-15T13:48:17.900+0200][380,058s] GC(979) Pause Initial Mark
[2019-04-15T13:48:17.937+0200][380,095s] GC(979) Pause Initial Mark 487M->487M(490M) 36,964ms
[2019-04-15T13:48:17.937+0200][380,096s] GC(979) User=0,05s Sys=0,00s Real=0,04s
[2019-04-15T13:48:17.937+0200][380,096s] GC(979) Concurrent Mark
[2019-04-15T13:48:17.937+0200][380,096s] GC(979) Using 4 workers of 4 for marking
[2019-04-15T13:48:17.963+0200][380,122s] GC(980) Pause Full (Allocation Failure)
[2019-04-15T13:48:17.999+0200][380,158s] GC(979) Concurrent Mark 62,435ms
[2019-04-15T13:48:17.999+0200][380,158s] GC(979) User=0,23s Sys=0,00s Real=0,06s
[2019-04-15T13:48:17.999+0200][380,158s] GC(980) Phase 1: Mark live objects
[2019-04-15T13:48:18.140+0200][380,299s] GC(980) Phase 1: Mark live objects 140,369ms
[2019-04-15T13:48:18.140+0200][380,299s] GC(980) Phase 2: Compute new object addresses
[2019-04-15T13:48:18.228+0200][380,387s] GC(980) Phase 2: Compute new object addresses 88,105ms
[2019-04-15T13:48:18.228+0200][380,387s] GC(980) Phase 3: Adjust pointers
[2019-04-15T13:48:18.340+0200][380,498s] GC(980) Phase 3: Adjust pointers 111,674ms
[2019-04-15T13:48:18.340+0200][380,499s] GC(980) Phase 4: Move objects
[2019-04-15T13:48:18.386+0200][380,545s] GC(980) Phase 4: Move objects 46,714ms
[2019-04-15T13:48:18.387+0200][380,546s] GC(980) ParNew: 109247K->107282K(109248K)
[2019-04-15T13:48:18.387+0200][380,546s] GC(980) CMS: 393216K->393215K(393216K)
[2019-04-15T13:48:18.387+0200][380,546s] GC(980) Metaspace: 85566K->85566K(1128448K)
[2019-04-15T13:48:18.387+0200][380,546s] GC(980) Pause Full (Allocation Failure) 490M->488M(490M) 424,078ms
[2019-04-15T13:48:18.387+0200][380,546s] GC(980) User=0,52s Sys=0,00s Real=0,43s
[2019-04-15T13:48:18.398+0200][380,557s] GC(981) Pause Full (Allocation Failure)
[2019-04-15T13:48:18.399+0200][380,558s] GC(981) Phase 1: Mark live objects
[2019-04-15T13:48:18.534+0200][380,693s] GC(981) Phase 1: Mark live objects 135,070ms
[2019-04-15T13:48:18.534+0200][380,693s] GC(981) Phase 2: Compute new object addresses
[2019-04-15T13:48:18.619+0200][380,778s] GC(981) Phase 2: Compute new object addresses 85,204ms
[2019-04-15T13:48:18.619+0200][380,778s] GC(981) Phase 3: Adjust pointers
[2019-04-15T13:48:18.725+0200][380,884s] GC(981) Phase 3: Adjust pointers 105,989ms
[2019-04-15T13:48:18.725+0200][380,884s] GC(981) Phase 4: Move objects
[2019-04-15T13:48:18.767+0200][380,926s] GC(981) Phase 4: Move objects 42,174ms
[2019-04-15T13:48:18.768+0200][380,927s] GC(981) ParNew: 109247K->94286K(109248K)
[2019-04-15T13:48:18.768+0200][380,927s] GC(981) CMS: 393215K->393215K(393216K)
[2019-04-15T13:48:18.768+0200][380,927s] GC(981) Metaspace: 85566K->85566K(1128448K)
[2019-04-15T13:48:18.768+0200][380,927s] GC(981) Pause Full (Allocation Failure) 490M->476M(490M) 369,659ms
[2019-04-15T13:48:18.768+0200][380,927s] GC(981) User=0,37s Sys=0,00s Real=0,37s
[2019-04-15T13:48:18.768+0200][380,927s] GC(982) Pause Initial Mark
[2019-04-15T13:48:18.811+0200][380,970s] GC(982) Pause Initial Mark 476M->476M(490M) 42,329ms
[2019-04-15T13:48:18.811+0200][380,970s] GC(982) User=0,05s Sys=0,00s Real=0,04s
[2019-04-15T13:48:18.811+0200][380,970s] GC(982) Concurrent Mark
[2019-04-15T13:48:18.811+0200][380,970s] GC(982) Using 4 workers of 4 for marking
[2019-04-15T13:48:18.891+0200][381,049s] GC(982) Concurrent Mark 79,675ms
[2019-04-15T13:48:18.891+0200][381,050s] GC(982) User=0,30s Sys=0,00s Real=0,08s
[2019-04-15T13:48:18.891+0200][381,050s] GC(982) Concurrent Preclean
[2019-04-15T13:48:18.976+0200][381,134s] GC(982) Concurrent Preclean 84,920ms
[2019-04-15T13:48:18.976+0200][381,135s] GC(982) User=0,25s Sys=0,00s Real=0,09s
[2019-04-15T13:48:18.976+0200][381,135s] GC(982) Concurrent Abortable Preclean
[2019-04-15T13:48:18.976+0200][381,135s] GC(982) Concurrent Abortable Preclean 0,008ms
[2019-04-15T13:48:18.976+0200][381,135s] GC(982) User=0,00s Sys=0,00s Real=0,00s
[2019-04-15T13:48:18.976+0200][381,135s] GC(982) Pause Remark
[2019-04-15T13:48:18.976+0200][381,135s] GC(983) Pause Young (CMS Final Remark)
[2019-04-15T13:48:18.976+0200][381,135s] GC(983) Using 4 workers of 4 for evacuation
[2019-04-15T13:48:18.976+0200][381,135s] GC(983) ParNew: 107494K->107494K(109248K)
[2019-04-15T13:48:18.976+0200][381,135s] GC(983) CMS: 393215K->393215K(393216K)
[2019-04-15T13:48:18.976+0200][381,135s] GC(983) Metaspace: 85566K->85566K(1128448K)
[2019-04-15T13:48:18.976+0200][381,135s] GC(983) Pause Young (CMS Final Remark) 488M->488M(490M) 0,063ms
[2019-04-15T13:48:18.976+0200][381,135s] GC(983) User=0,00s Sys=0,00s Real=0,00s
[2019-04-15T13:48:19.067+0200][381,226s] GC(982) Pause Remark 488M->488M(490M) 91,262ms
[2019-04-15T13:48:19.067+0200][381,226s] GC(982) User=0,26s Sys=0,00s Real=0,09s
[2019-04-15T13:48:19.067+0200][381,226s] GC(982) Concurrent Sweep
[2019-04-15T13:48:19.085+0200][381,244s] GC(984) Pause Full (Allocation Failure)
[2019-04-15T13:48:19.117+0200][381,276s] GC(982) Concurrent Sweep 50,193ms
[2019-04-15T13:48:19.117+0200][381,276s] GC(982) User=0,07s Sys=0,00s Real=0,05s
[2019-04-15T13:48:19.118+0200][381,277s] GC(984) Phase 1: Mark live objects
[2019-04-15T13:48:19.234+0200][381,393s] GC(984) Phase 1: Mark live objects 116,000ms
[2019-04-15T13:48:19.234+0200][381,393s] GC(984) Phase 2: Compute new object addresses
[2019-04-15T13:48:19.314+0200][381,473s] GC(984) Phase 2: Compute new object addresses 80,409ms
[2019-04-15T13:48:19.314+0200][381,473s] GC(984) Phase 3: Adjust pointers
[2019-04-15T13:48:19.402+0200][381,561s] GC(984) Phase 3: Adjust pointers 88,073ms
[2019-04-15T13:48:19.402+0200][381,561s] GC(984) Phase 4: Move objects
[2019-04-15T13:48:19.432+0200][381,591s] GC(984) Phase 4: Move objects 30,293ms
[2019-04-15T13:48:19.433+0200][381,592s] GC(984) ParNew: 109247K->50137K(109248K)
[2019-04-15T13:48:19.433+0200][381,592s] GC(984) CMS: 393215K->393216K(393216K)
[2019-04-15T13:48:19.433+0200][381,592s] GC(984) Metaspace: 85566K->85566K(1128448K)
[2019-04-15T13:48:19.433+0200][381,592s] GC(984) Pause Full (Allocation Failure) 490M->432M(490M) 348,273ms
[2019-04-15T13:48:19.433+0200][381,592s] GC(984) User=0,35s Sys=0,00s Real=0,35s
[2019-04-15T13:48:19.433+0200][381,592s] GC(982) Old: 393215K->393216K(393216K)
[2019-04-15T13:48:19.566+0200][381,725s] GC(985) Pause Full (Allocation Failure)
[2019-04-15T13:48:19.566+0200][381,725s] GC(985) Phase 1: Mark live objects
[2019-04-15T13:48:19.685+0200][381,844s] GC(985) Phase 1: Mark live objects 118,731ms
[2019-04-15T13:48:19.685+0200][381,844s] GC(985) Phase 2: Compute new object addresses
[2019-04-15T13:48:19.769+0200][381,927s] GC(985) Phase 2: Compute new object addresses 83,334ms
[2019-04-15T13:48:19.769+0200][381,928s] GC(985) Phase 3: Adjust pointers
[2019-04-15T13:48:19.858+0200][382,017s] GC(985) Phase 3: Adjust pointers 89,602ms
[2019-04-15T13:48:19.858+0200][382,017s] GC(985) Phase 4: Move objects
[2019-04-15T13:48:19.866+0200][382,025s] GC(985) Phase 4: Move objects 7,372ms
[2019-04-15T13:48:19.866+0200][382,025s] GC(985) ParNew: 109247K->60494K(109248K)
[2019-04-15T13:48:19.866+0200][382,025s] GC(985) CMS: 393216K->393216K(393216K)
[2019-04-15T13:48:19.866+0200][382,025s] GC(985) Metaspace: 85566K->85566K(1128448K)
[2019-04-15T13:48:19.866+0200][382,025s] GC(985) Pause Full (Allocation Failure) 490M->443M(490M) 300,357ms
[2019-04-15T13:48:19.866+0200][382,025s] GC(985) User=0,30s Sys=0,00s Real=0,30s
[2019-04-15T13:48:19.867+0200][382,026s] GC(986) Pause Initial Mark
[2019-04-15T13:48:19.894+0200][382,053s] GC(986) Pause Initial Mark 443M->443M(490M) 27,047ms
[2019-04-15T13:48:19.894+0200][382,053s] GC(986) User=0,03s Sys=0,00s Real=0,03s
[2019-04-15T13:48:19.894+0200][382,053s] GC(986) Concurrent Mark
[2019-04-15T13:48:19.894+0200][382,053s] GC(986) Using 4 workers of 4 for marking
[2019-04-15T13:48:19.958+0200][382,117s] GC(986) Concurrent Mark 64,565ms
[2019-04-15T13:48:19.958+0200][382,117s] GC(986) User=0,25s Sys=0,00s Real=0,06s
[2019-04-15T13:48:19.958+0200][382,117s] GC(986) Concurrent Preclean
[2019-04-15T13:48:20.043+0200][382,201s] GC(986) Concurrent Preclean 84,148ms
[2019-04-15T13:48:20.043+0200][382,202s] GC(986) User=0,17s Sys=0,00s Real=0,08s
[2019-04-15T13:48:20.043+0200][382,202s] GC(986) Concurrent Abortable Preclean
[2019-04-15T13:48:20.043+0200][382,202s] GC(986) Concurrent Abortable Preclean 0,006ms
[2019-04-15T13:48:20.043+0200][382,202s] GC(986) User=0,00s Sys=0,00s Real=0,00s
[2019-04-15T13:48:20.043+0200][382,202s] GC(986) Pause Remark
[2019-04-15T13:48:20.043+0200][382,202s] GC(987) Pause Young (CMS Final Remark)
[2019-04-15T13:48:20.043+0200][382,202s] GC(987) Using 4 workers of 4 for evacuation
[2019-04-15T13:48:20.043+0200][382,202s] GC(987) ParNew: 103391K->103391K(109248K)
[2019-04-15T13:48:20.043+0200][382,202s] GC(987) CMS: 393216K->393216K(393216K)
[2019-04-15T13:48:20.043+0200][382,202s] GC(987) Metaspace: 85566K->85566K(1128448K)
[2019-04-15T13:48:20.043+0200][382,202s] GC(987) Pause Young (CMS Final Remark) 484M->484M(490M) 0,053ms
[2019-04-15T13:48:20.043+0200][382,202s] GC(987) User=0,00s Sys=0,00s Real=0,00s
[2019-04-15T13:48:20.121+0200][382,280s] GC(986) Pause Remark 484M->484M(490M) 78,325ms
[2019-04-15T13:48:20.121+0200][382,280s] GC(986) User=0,22s Sys=0,00s Real=0,08s
[2019-04-15T13:48:20.121+0200][382,280s] GC(986) Concurrent Sweep
[2019-04-15T13:48:20.157+0200][382,316s] GC(988) Pause Full (Allocation Failure)
[2019-04-15T13:48:20.166+0200][382,325s] GC(986) Concurrent Sweep 45,258ms
[2019-04-15T13:48:20.166+0200][382,325s] GC(986) User=0,08s Sys=0,00s Real=0,05s
[2019-04-15T13:48:20.167+0200][382,326s] GC(988) Phase 1: Mark live objects
[2019-04-15T13:48:20.282+0200][382,441s] GC(988) Phase 1: Mark live objects 115,653ms
[2019-04-15T13:48:20.282+0200][382,441s] GC(988) Phase 2: Compute new object addresses
[2019-04-15T13:48:20.364+0200][382,523s] GC(988) Phase 2: Compute new object addresses 81,877ms
[2019-04-15T13:48:20.364+0200][382,523s] GC(988) Phase 3: Adjust pointers
[2019-04-15T13:48:20.453+0200][382,612s] GC(988) Phase 3: Adjust pointers 88,729ms
[2019-04-15T13:48:20.453+0200][382,612s] GC(988) Phase 4: Move objects
[2019-04-15T13:48:20.483+0200][382,642s] GC(988) Phase 4: Move objects 30,230ms
[2019-04-15T13:48:20.484+0200][382,643s] GC(988) ParNew: 109247K->53907K(109248K)
[2019-04-15T13:48:20.484+0200][382,643s] GC(988) CMS: 393216K->393216K(393216K)
[2019-04-15T13:48:20.484+0200][382,643s] GC(988) Metaspace: 85566K->85566K(1128448K)
[2019-04-15T13:48:20.484+0200][382,643s] GC(988) Pause Full (Allocation Failure) 490M->436M(490M) 326,694ms
[2019-04-15T13:48:20.484+0200][382,643s] GC(988) User=0,33s Sys=0,00s Real=0,32s
[2019-04-15T13:48:20.484+0200][382,643s] GC(986) Old: 393216K->393216K(393216K)
[2019-04-15T13:48:20.619+0200][382,778s] GC(989) Pause Full (Allocation Failure)
[2019-04-15T13:48:20.620+0200][382,779s] GC(989) Phase 1: Mark live objects
[2019-04-15T13:48:20.739+0200][382,898s] GC(989) Phase 1: Mark live objects 119,363ms
[2019-04-15T13:48:20.739+0200][382,898s] GC(989) Phase 2: Compute new object addresses
[2019-04-15T13:48:20.822+0200][382,981s] GC(989) Phase 2: Compute new object addresses 83,283ms
[2019-04-15T13:48:20.823+0200][382,981s] GC(989) Phase 3: Adjust pointers
[2019-04-15T13:48:20.912+0200][383,071s] GC(989) Phase 3: Adjust pointers 89,759ms
[2019-04-15T13:48:20.912+0200][383,071s] GC(989) Phase 4: Move objects
[2019-04-15T13:48:20.917+0200][383,076s] GC(989) Phase 4: Move objects 4,642ms
[2019-04-15T13:48:20.918+0200][383,077s] GC(989) ParNew: 109247K->59895K(109248K)
[2019-04-15T13:48:20.918+0200][383,077s] GC(989) CMS: 393216K->393216K(393216K)
[2019-04-15T13:48:20.918+0200][383,077s] GC(989) Metaspace: 85566K->85566K(1128448K)
[2019-04-15T13:48:20.918+0200][383,077s] GC(989) Pause Full (Allocation Failure) 490M->442M(490M) 298,350ms
[2019-04-15T13:48:20.918+0200][383,077s] GC(989) User=0,29s Sys=0,00s Real=0,30s
[2019-04-15T13:48:20.918+0200][383,077s] GC(990) Pause Initial Mark
[2019-04-15T13:48:20.944+0200][383,103s] GC(990) Pause Initial Mark 443M->443M(490M) 25,934ms
[2019-04-15T13:48:20.944+0200][383,103s] GC(990) User=0,02s Sys=0,00s Real=0,02s
[2019-04-15T13:48:20.944+0200][383,103s] GC(990) Concurrent Mark
[2019-04-15T13:48:20.944+0200][383,103s] GC(990) Using 4 workers of 4 for marking
[2019-04-15T13:48:21.029+0200][383,188s] GC(990) Concurrent Mark 85,311ms
[2019-04-15T13:48:21.029+0200][383,188s] GC(990) User=0,31s Sys=0,00s Real=0,09s
[2019-04-15T13:48:21.029+0200][383,188s] GC(990) Concurrent Preclean
[2019-04-15T13:48:21.114+0200][383,273s] GC(990) Concurrent Preclean 84,578ms
[2019-04-15T13:48:21.114+0200][383,273s] GC(990) User=0,17s Sys=0,00s Real=0,09s
[2019-04-15T13:48:21.114+0200][383,273s] GC(990) Concurrent Abortable Preclean
[2019-04-15T13:48:21.114+0200][383,273s] GC(990) Concurrent Abortable Preclean 0,005ms
[2019-04-15T13:48:21.114+0200][383,273s] GC(990) User=0,00s Sys=0,00s Real=0,00s
[2019-04-15T13:48:21.114+0200][383,273s] GC(990) Pause Remark
[2019-04-15T13:48:21.114+0200][383,273s] GC(991) Pause Young (CMS Final Remark)
[2019-04-15T13:48:21.114+0200][383,273s] GC(991) Using 4 workers of 4 for evacuation
[2019-04-15T13:48:21.114+0200][383,273s] GC(991) ParNew: 107500K->107500K(109248K)
[2019-04-15T13:48:21.114+0200][383,273s] GC(991) CMS: 393216K->393216K(393216K)
[2019-04-15T13:48:21.114+0200][383,273s] GC(991) Metaspace: 85566K->85566K(1128448K)
[2019-04-15T13:48:21.114+0200][383,273s] GC(991) Pause Young (CMS Final Remark) 488M->488M(490M) 0,053ms
[2019-04-15T13:48:21.114+0200][383,273s] GC(991) User=0,00s Sys=0,00s Real=0,00s
[2019-04-15T13:48:21.197+0200][383,356s] GC(990) Pause Remark 488M->488M(490M) 83,321ms
[2019-04-15T13:48:21.198+0200][383,356s] GC(990) User=0,24s Sys=0,00s Real=0,08s
[2019-04-15T13:48:21.198+0200][383,357s] GC(990) Concurrent Sweep
[2019-04-15T13:48:21.214+0200][383,373s] GC(992) Pause Full (Allocation Failure)
[2019-04-15T13:48:21.246+0200][383,405s] GC(990) Concurrent Sweep 48,749ms
[2019-04-15T13:48:21.246+0200][383,405s] GC(990) User=0,07s Sys=0,00s Real=0,05s
[2019-04-15T13:48:21.246+0200][383,405s] GC(992) Phase 1: Mark live objects
[2019-04-15T13:48:21.366+0200][383,525s] GC(992) Phase 1: Mark live objects 119,410ms
[2019-04-15T13:48:21.366+0200][383,525s] GC(992) Phase 2: Compute new object addresses
[2019-04-15T13:48:21.447+0200][383,606s] GC(992) Phase 2: Compute new object addresses 80,692ms
[2019-04-15T13:48:21.447+0200][383,606s] GC(992) Phase 3: Adjust pointers
[2019-04-15T13:48:21.540+0200][383,699s] GC(992) Phase 3: Adjust pointers 93,229ms
[2019-04-15T13:48:21.540+0200][383,699s] GC(992) Phase 4: Move objects
[2019-04-15T13:48:21.574+0200][383,733s] GC(992) Phase 4: Move objects 34,178ms
[2019-04-15T13:48:21.575+0200][383,734s] GC(992) ParNew: 109247K->62099K(109248K)
[2019-04-15T13:48:21.575+0200][383,734s] GC(992) CMS: 393216K->393216K(393216K)
[2019-04-15T13:48:21.575+0200][383,734s] GC(992) Metaspace: 85566K->85566K(1128448K)
[2019-04-15T13:48:21.575+0200][383,734s] GC(992) Pause Full (Allocation Failure) 490M->444M(490M) 360,408ms
[2019-04-15T13:48:21.575+0200][383,734s] GC(992) User=0,36s Sys=0,00s Real=0,36s
[2019-04-15T13:48:21.575+0200][383,734s] GC(990) Old: 393216K->393216K(393216K)
[2019-04-15T13:48:21.715+0200][383,874s] GC(993) Pause Full (Allocation Failure)
[2019-04-15T13:48:21.715+0200][383,874s] GC(993) Phase 1: Mark live objects
[2019-04-15T13:48:21.842+0200][384,001s] GC(993) Phase 1: Mark live objects 126,790ms
[2019-04-15T13:48:21.842+0200][384,001s] GC(993) Phase 2: Compute new object addresses
[2019-04-15T13:48:21.927+0200][384,086s] GC(993) Phase 2: Compute new object addresses 85,207ms
[2019-04-15T13:48:21.927+0200][384,086s] GC(993) Phase 3: Adjust pointers
[2019-04-15T13:48:22.030+0200][384,189s] GC(993) Phase 3: Adjust pointers 103,092ms
[2019-04-15T13:48:22.030+0200][384,189s] GC(993) Phase 4: Move objects
[2019-04-15T13:48:22.050+0200][384,209s] GC(993) Phase 4: Move objects 20,264ms
[2019-04-15T13:48:22.051+0200][384,210s] GC(993) ParNew: 109247K->73471K(109248K)
[2019-04-15T13:48:22.051+0200][384,210s] GC(993) CMS: 393216K->393216K(393216K)
[2019-04-15T13:48:22.051+0200][384,210s] GC(993) Metaspace: 85566K->85566K(1128448K)
[2019-04-15T13:48:22.051+0200][384,210s] GC(993) Pause Full (Allocation Failure) 490M->455M(490M) 336,648ms
[2019-04-15T13:48:22.051+0200][384,210s] GC(993) User=0,33s Sys=0,00s Real=0,33s
[2019-04-15T13:48:22.052+0200][384,211s] GC(994) Pause Initial Mark
[2019-04-15T13:48:22.083+0200][384,242s] GC(994) Pause Initial Mark 457M->457M(490M) 30,922ms
[2019-04-15T13:48:22.083+0200][384,242s] GC(994) User=0,04s Sys=0,00s Real=0,03s
[2019-04-15T13:48:22.083+0200][384,242s] GC(994) Concurrent Mark
[2019-04-15T13:48:22.083+0200][384,242s] GC(994) Using 4 workers of 4 for marking
[2019-04-15T13:48:22.158+0200][384,317s] GC(994) Concurrent Mark 75,172ms
[2019-04-15T13:48:22.158+0200][384,317s] GC(994) User=0,29s Sys=0,00s Real=0,08s
[2019-04-15T13:48:22.158+0200][384,317s] GC(994) Concurrent Preclean
[2019-04-15T13:48:22.243+0200][384,402s] GC(994) Concurrent Preclean 84,691ms
[2019-04-15T13:48:22.243+0200][384,402s] GC(994) User=0,17s Sys=0,00s Real=0,08s
[2019-04-15T13:48:22.243+0200][384,402s] GC(994) Concurrent Abortable Preclean
[2019-04-15T13:48:22.243+0200][384,402s] GC(994) Concurrent Abortable Preclean 0,006ms
[2019-04-15T13:48:22.243+0200][384,402s] GC(994) User=0,00s Sys=0,00s Real=0,00s
[2019-04-15T13:48:22.243+0200][384,402s] GC(994) Pause Remark
[2019-04-15T13:48:22.243+0200][384,402s] GC(995) Pause Young (CMS Final Remark)
[2019-04-15T13:48:22.243+0200][384,402s] GC(995) Using 4 workers of 4 for evacuation
[2019-04-15T13:48:22.243+0200][384,402s] GC(995) ParNew: 108252K->108252K(109248K)
[2019-04-15T13:48:22.243+0200][384,402s] GC(995) CMS: 393216K->393216K(393216K)
[2019-04-15T13:48:22.243+0200][384,402s] GC(995) Metaspace: 85566K->85566K(1128448K)
[2019-04-15T13:48:22.243+0200][384,402s] GC(995) Pause Young (CMS Final Remark) 489M->489M(490M) 0,052ms
[2019-04-15T13:48:22.243+0200][384,402s] GC(995) User=0,00s Sys=0,00s Real=0,00s
[2019-04-15T13:48:22.326+0200][384,485s] GC(994) Pause Remark 489M->489M(490M) 82,864ms
[2019-04-15T13:48:22.326+0200][384,485s] GC(994) User=0,23s Sys=0,00s Real=0,09s
[2019-04-15T13:48:22.326+0200][384,485s] GC(994) Concurrent Sweep
[2019-04-15T13:48:22.336+0200][384,495s] GC(996) Pause Full (Allocation Failure)
[2019-04-15T13:48:22.377+0200][384,535s] GC(994) Concurrent Sweep 50,463ms
[2019-04-15T13:48:22.377+0200][384,536s] GC(994) User=0,06s Sys=0,00s Real=0,05s
[2019-04-15T13:48:22.377+0200][384,536s] GC(996) Phase 1: Mark live objects
[2019-04-15T13:48:22.497+0200][384,656s] GC(996) Phase 1: Mark live objects 120,336ms
[2019-04-15T13:48:22.497+0200][384,656s] GC(996) Phase 2: Compute new object addresses
[2019-04-15T13:48:22.578+0200][384,737s] GC(996) Phase 2: Compute new object addresses 80,547ms
[2019-04-15T13:48:22.578+0200][384,737s] GC(996) Phase 3: Adjust pointers
[2019-04-15T13:48:22.670+0200][384,829s] GC(996) Phase 3: Adjust pointers 92,329ms
[2019-04-15T13:48:22.670+0200][384,829s] GC(996) Phase 4: Move objects
[2019-04-15T13:48:22.746+0200][384,904s] GC(996) Phase 4: Move objects 75,463ms
[2019-04-15T13:48:22.746+0200][384,905s] GC(996) ParNew: 109247K->60494K(109248K)
[2019-04-15T13:48:22.746+0200][384,905s] GC(996) CMS: 393216K->393216K(393216K)
[2019-04-15T13:48:22.746+0200][384,905s] GC(996) Metaspace: 85566K->85566K(1128448K)
[2019-04-15T13:48:22.746+0200][384,905s] GC(996) Pause Full (Allocation Failure) 490M->443M(490M) 410,118ms
[2019-04-15T13:48:22.746+0200][384,905s] GC(996) User=0,41s Sys=0,00s Real=0,41s
[2019-04-15T13:48:22.746+0200][384,905s] GC(994) Old: 393216K->393216K(393216K)
[2019-04-15T13:48:22.883+0200][385,042s] GC(997) Pause Full (Allocation Failure)
[2019-04-15T13:48:22.884+0200][385,043s] GC(997) Phase 1: Mark live objects
[2019-04-15T13:48:23.003+0200][385,162s] GC(997) Phase 1: Mark live objects 119,503ms
[2019-04-15T13:48:23.004+0200][385,162s] GC(997) Phase 2: Compute new object addresses
[2019-04-15T13:48:23.087+0200][385,245s] GC(997) Phase 2: Compute new object addresses 82,965ms
[2019-04-15T13:48:23.087+0200][385,245s] GC(997) Phase 3: Adjust pointers
[2019-04-15T13:48:23.181+0200][385,340s] GC(997) Phase 3: Adjust pointers 94,319ms
[2019-04-15T13:48:23.181+0200][385,340s] GC(997) Phase 4: Move objects
[2019-04-15T13:48:23.257+0200][385,416s] GC(997) Phase 4: Move objects 75,763ms
[2019-04-15T13:48:23.257+0200][385,416s] GC(997) ParNew: 109248K->64801K(109248K)
[2019-04-15T13:48:23.257+0200][385,416s] GC(997) CMS: 393216K->393215K(393216K)
[2019-04-15T13:48:23.257+0200][385,416s] GC(997) Metaspace: 85566K->85566K(1128448K)
[2019-04-15T13:48:23.257+0200][385,416s] GC(997) Pause Full (Allocation Failure) 490M->447M(490M) 374,061ms
[2019-04-15T13:48:23.257+0200][385,416s] GC(997) User=0,37s Sys=0,01s Real=0,38s
[2019-04-15T13:48:23.258+0200][385,417s] GC(998) Pause Initial Mark
[2019-04-15T13:48:23.287+0200][385,446s] GC(998) Pause Initial Mark 448M->448M(490M) 28,980ms
[2019-04-15T13:48:23.287+0200][385,446s] GC(998) User=0,03s Sys=0,00s Real=0,03s
[2019-04-15T13:48:23.287+0200][385,446s] GC(998) Concurrent Mark
[2019-04-15T13:48:23.287+0200][385,446s] GC(998) Using 4 workers of 4 for marking
[2019-04-15T13:48:23.360+0200][385,519s] GC(998) Concurrent Mark 73,152ms
[2019-04-15T13:48:23.360+0200][385,519s] GC(998) User=0,28s Sys=0,00s Real=0,07s
[2019-04-15T13:48:23.360+0200][385,519s] GC(998) Concurrent Preclean
[2019-04-15T13:48:23.445+0200][385,604s] GC(998) Concurrent Preclean 84,944ms
[2019-04-15T13:48:23.445+0200][385,604s] GC(998) User=0,18s Sys=0,00s Real=0,09s
[2019-04-15T13:48:23.445+0200][385,604s] GC(998) Concurrent Abortable Preclean
[2019-04-15T13:48:23.445+0200][385,604s] GC(998) Concurrent Abortable Preclean 0,005ms
[2019-04-15T13:48:23.445+0200][385,604s] GC(998) User=0,00s Sys=0,00s Real=0,00s
[2019-04-15T13:48:23.445+0200][385,604s] GC(998) Pause Remark
[2019-04-15T13:48:23.445+0200][385,604s] GC(999) Pause Young (CMS Final Remark)
[2019-04-15T13:48:23.445+0200][385,604s] GC(999) Using 4 workers of 4 for evacuation
[2019-04-15T13:48:23.445+0200][385,604s] GC(999) ParNew: 107702K->107702K(109248K)
[2019-04-15T13:48:23.445+0200][385,604s] GC(999) CMS: 393215K->393215K(393216K)
[2019-04-15T13:48:23.445+0200][385,604s] GC(999) Metaspace: 85566K->85566K(1128448K)
[2019-04-15T13:48:23.445+0200][385,604s] GC(999) Pause Young (CMS Final Remark) 489M->489M(490M) 0,053ms
[2019-04-15T13:48:23.445+0200][385,604s] GC(999) User=0,00s Sys=0,00s Real=0,00s
[2019-04-15T13:48:23.529+0200][385,688s] GC(998) Pause Remark 489M->489M(490M) 83,541ms
[2019-04-15T13:48:23.529+0200][385,688s] GC(998) User=0,24s Sys=0,00s Real=0,08s
[2019-04-15T13:48:23.529+0200][385,688s] GC(998) Concurrent Sweep
[2019-04-15T13:48:23.539+0200][385,698s] GC(1000) Pause Full (Allocation Failure)
[2019-04-15T13:48:23.574+0200][385,733s] GC(998) Concurrent Sweep 45,104ms
[2019-04-15T13:48:23.574+0200][385,733s] GC(998) User=0,05s Sys=0,00s Real=0,05s
[2019-04-15T13:48:23.574+0200][385,733s] GC(1000) Phase 1: Mark live objects
[2019-04-15T13:48:23.699+0200][385,858s] GC(1000) Phase 1: Mark live objects 124,643ms
[2019-04-15T13:48:23.699+0200][385,858s] GC(1000) Phase 2: Compute new object addresses
[2019-04-15T13:48:23.779+0200][385,938s] GC(1000) Phase 2: Compute new object addresses 80,610ms
[2019-04-15T13:48:23.779+0200][385,938s] GC(1000) Phase 3: Adjust pointers
[2019-04-15T13:48:23.871+0200][386,030s] GC(1000) Phase 3: Adjust pointers 92,012ms
[2019-04-15T13:48:23.871+0200][386,030s] GC(1000) Phase 4: Move objects
[2019-04-15T13:48:23.904+0200][386,063s] GC(1000) Phase 4: Move objects 32,491ms
[2019-04-15T13:48:23.905+0200][386,064s] GC(1000) ParNew: 109247K->61641K(109248K)
[2019-04-15T13:48:23.906+0200][386,064s] GC(1000) CMS: 393215K->393215K(393216K)
[2019-04-15T13:48:23.906+0200][386,064s] GC(1000) Metaspace: 85566K->85566K(1128448K)
[2019-04-15T13:48:23.906+0200][386,065s] GC(1000) Pause Full (Allocation Failure) 490M->444M(490M) 366,555ms
[2019-04-15T13:48:23.906+0200][386,065s] GC(1000) User=0,36s Sys=0,00s Real=0,37s
[2019-04-15T13:48:23.906+0200][386,065s] GC(998) Old: 393215K->393215K(393216K)
[2019-04-15T13:48:24.036+0200][386,195s] GC(1001) Pause Full (Allocation Failure)
[2019-04-15T13:48:24.037+0200][386,196s] GC(1001) Phase 1: Mark live objects
[2019-04-15T13:48:24.155+0200][386,314s] GC(1001) Phase 1: Mark live objects 118,188ms
[2019-04-15T13:48:24.155+0200][386,314s] GC(1001) Phase 2: Compute new object addresses
[2019-04-15T13:48:24.238+0200][386,397s] GC(1001) Phase 2: Compute new object addresses 82,728ms
[2019-04-15T13:48:24.238+0200][386,397s] GC(1001) Phase 3: Adjust pointers
[2019-04-15T13:48:24.329+0200][386,488s] GC(1001) Phase 3: Adjust pointers 91,201ms
[2019-04-15T13:48:24.329+0200][386,488s] GC(1001) Phase 4: Move objects
[2019-04-15T13:48:24.346+0200][386,505s] GC(1001) Phase 4: Move objects 17,131ms
[2019-04-15T13:48:24.347+0200][386,506s] GC(1001) ParNew: 109247K->66760K(109248K)
[2019-04-15T13:48:24.347+0200][386,506s] GC(1001) CMS: 393215K->393215K(393216K)
[2019-04-15T13:48:24.347+0200][386,506s] GC(1001) Metaspace: 85566K->85566K(1128448K)
[2019-04-15T13:48:24.347+0200][386,506s] GC(1001) Pause Full (Allocation Failure) 490M->449M(490M) 310,811ms
[2019-04-15T13:48:24.347+0200][386,506s] GC(1001) User=0,32s Sys=0,00s Real=0,31s
[2019-04-15T13:48:24.347+0200][386,506s] GC(1002) Pause Initial Mark
[2019-04-15T13:48:24.378+0200][386,537s] GC(1002) Pause Initial Mark 450M->450M(490M) 30,663ms
[2019-04-15T13:48:24.378+0200][386,537s] GC(1002) User=0,03s Sys=0,00s Real=0,03s
[2019-04-15T13:48:24.378+0200][386,537s] GC(1002) Concurrent Mark
[2019-04-15T13:48:24.378+0200][386,537s] GC(1002) Using 4 workers of 4 for marking
[2019-04-15T13:48:24.452+0200][386,611s] GC(1002) Concurrent Mark 74,102ms
[2019-04-15T13:48:24.452+0200][386,611s] GC(1002) User=0,28s Sys=0,00s Real=0,07s
[2019-04-15T13:48:24.452+0200][386,611s] GC(1002) Concurrent Preclean
[2019-04-15T13:48:24.534+0200][386,693s] GC(1002) Concurrent Preclean 81,088ms
[2019-04-15T13:48:24.534+0200][386,693s] GC(1002) User=0,16s Sys=0,00s Real=0,09s
[2019-04-15T13:48:24.534+0200][386,693s] GC(1002) Concurrent Abortable Preclean
[2019-04-15T13:48:24.534+0200][386,693s] GC(1002) Concurrent Abortable Preclean 0,006ms
[2019-04-15T13:48:24.534+0200][386,693s] GC(1002) User=0,00s Sys=0,00s Real=0,00s
[2019-04-15T13:48:24.536+0200][386,695s] GC(1002) Pause Remark
[2019-04-15T13:48:24.536+0200][386,695s] GC(1003) Pause Young (CMS Final Remark)
[2019-04-15T13:48:24.536+0200][386,695s] GC(1003) Using 4 workers of 4 for evacuation
[2019-04-15T13:48:24.536+0200][386,695s] GC(1003) ParNew: 107660K->107660K(109248K)
[2019-04-15T13:48:24.536+0200][386,695s] GC(1003) CMS: 393215K->393215K(393216K)
[2019-04-15T13:48:24.536+0200][386,695s] GC(1003) Metaspace: 85566K->85566K(1128448K)
[2019-04-15T13:48:24.537+0200][386,695s] GC(1003) Pause Young (CMS Final Remark) 489M->489M(490M) 0,053ms
[2019-04-15T13:48:24.537+0200][386,695s] GC(1003) User=0,00s Sys=0,00s Real=0,00s
[2019-04-15T13:48:24.624+0200][386,782s] GC(1002) Pause Remark 489M->489M(490M) 87,101ms
[2019-04-15T13:48:24.624+0200][386,782s] GC(1002) User=0,26s Sys=0,00s Real=0,08s
[2019-04-15T13:48:24.624+0200][386,783s] GC(1002) Concurrent Sweep
[2019-04-15T13:48:24.634+0200][386,793s] GC(1004) Pause Full (Allocation Failure)
[2019-04-15T13:48:24.666+0200][386,825s] GC(1002) Concurrent Sweep 42,809ms
[2019-04-15T13:48:24.666+0200][386,825s] GC(1002) User=0,05s Sys=0,00s Real=0,05s
[2019-04-15T13:48:24.667+0200][386,826s] GC(1004) Phase 1: Mark live objects
[2019-04-15T13:48:24.795+0200][386,954s] GC(1004) Phase 1: Mark live objects 128,831ms
[2019-04-15T13:48:24.795+0200][386,954s] GC(1004) Phase 2: Compute new object addresses
[2019-04-15T13:48:24.875+0200][387,034s] GC(1004) Phase 2: Compute new object addresses 79,223ms
[2019-04-15T13:48:24.875+0200][387,034s] GC(1004) Phase 3: Adjust pointers
[2019-04-15T13:48:24.970+0200][387,129s] GC(1004) Phase 3: Adjust pointers 95,699ms
[2019-04-15T13:48:24.970+0200][387,129s] GC(1004) Phase 4: Move objects
[2019-04-15T13:48:25.006+0200][387,165s] GC(1004) Phase 4: Move objects 35,991ms
[2019-04-15T13:48:25.007+0200][387,166s] GC(1004) ParNew: 109248K->72022K(109248K)
[2019-04-15T13:48:25.007+0200][387,166s] GC(1004) CMS: 393215K->393215K(393216K)
[2019-04-15T13:48:25.007+0200][387,166s] GC(1004) Metaspace: 85566K->85566K(1128448K)
[2019-04-15T13:48:25.007+0200][387,166s] GC(1004) Pause Full (Allocation Failure) 490M->454M(490M) 373,566ms
[2019-04-15T13:48:25.007+0200][387,166s] GC(1004) User=0,37s Sys=0,00s Real=0,37s
[2019-04-15T13:48:25.007+0200][387,166s] GC(1002) Old: 393215K->393215K(393216K)
[2019-04-15T13:48:25.197+0200][387,356s] GC(1005) Pause Full (Allocation Failure)
[2019-04-15T13:48:25.197+0200][387,356s] GC(1005) Phase 1: Mark live objects
[2019-04-15T13:48:25.326+0200][387,485s] GC(1005) Phase 1: Mark live objects 128,712ms
[2019-04-15T13:48:25.326+0200][387,485s] GC(1005) Phase 2: Compute new object addresses
[2019-04-15T13:48:25.407+0200][387,566s] GC(1005) Phase 2: Compute new object addresses 81,024ms
[2019-04-15T13:48:25.407+0200][387,566s] GC(1005) Phase 3: Adjust pointers
[2019-04-15T13:48:25.508+0200][387,667s] GC(1005) Phase 3: Adjust pointers 101,175ms
[2019-04-15T13:48:25.508+0200][387,667s] GC(1005) Phase 4: Move objects
[2019-04-15T13:48:25.606+0200][387,765s] GC(1005) Phase 4: Move objects 97,768ms
[2019-04-15T13:48:25.607+0200][387,766s] GC(1005) ParNew: 109247K->79032K(109248K)
[2019-04-15T13:48:25.607+0200][387,766s] GC(1005) CMS: 393216K->393216K(393216K)
[2019-04-15T13:48:25.607+0200][387,766s] GC(1005) Metaspace: 85585K->85585K(1128448K)
[2019-04-15T13:48:25.607+0200][387,766s] GC(1005) Pause Full (Allocation Failure) 490M->461M(490M) 409,947ms
[2019-04-15T13:48:25.607+0200][387,766s] GC(1005) User=0,41s Sys=0,00s Real=0,41s
[2019-04-15T13:48:25.607+0200][387,766s] GC(1006) Pause Initial Mark
[2019-04-15T13:48:25.642+0200][387,801s] GC(1006) Pause Initial Mark 461M->461M(490M) 34,918ms
[2019-04-15T13:48:25.642+0200][387,801s] GC(1006) User=0,04s Sys=0,00s Real=0,03s
[2019-04-15T13:48:25.642+0200][387,801s] GC(1006) Concurrent Mark
[2019-04-15T13:48:25.642+0200][387,801s] GC(1006) Using 4 workers of 4 for marking
[2019-04-15T13:48:25.712+0200][387,871s] GC(1006) Concurrent Mark 69,731ms
[2019-04-15T13:48:25.712+0200][387,871s] GC(1006) User=0,25s Sys=0,01s Real=0,07s
[2019-04-15T13:48:25.712+0200][387,871s] GC(1006) Concurrent Preclean
[2019-04-15T13:48:25.794+0200][387,953s] GC(1006) Concurrent Preclean 81,661ms
[2019-04-15T13:48:25.794+0200][387,953s] GC(1006) User=0,17s Sys=0,00s Real=0,09s
[2019-04-15T13:48:25.794+0200][387,953s] GC(1006) Concurrent Abortable Preclean
[2019-04-15T13:48:25.794+0200][387,953s] GC(1006) Concurrent Abortable Preclean 0,005ms
[2019-04-15T13:48:25.794+0200][387,953s] GC(1006) User=0,00s Sys=0,00s Real=0,00s
[2019-04-15T13:48:25.794+0200][387,953s] GC(1006) Pause Remark
[2019-04-15T13:48:25.794+0200][387,953s] GC(1007) Pause Young (CMS Final Remark)
[2019-04-15T13:48:25.794+0200][387,953s] GC(1007) Using 4 workers of 4 for evacuation
[2019-04-15T13:48:25.794+0200][387,953s] GC(1007) ParNew: 105147K->105147K(109248K)
[2019-04-15T13:48:25.794+0200][387,953s] GC(1007) CMS: 393216K->393216K(393216K)
[2019-04-15T13:48:25.794+0200][387,953s] GC(1007) Metaspace: 85585K->85585K(1128448K)
[2019-04-15T13:48:25.794+0200][387,953s] GC(1007) Pause Young (CMS Final Remark) 486M->486M(490M) 0,055ms
[2019-04-15T13:48:25.794+0200][387,953s] GC(1007) User=0,00s Sys=0,00s Real=0,00s
[2019-04-15T13:48:25.881+0200][388,040s] GC(1006) Pause Remark 486M->486M(490M) 86,994ms
[2019-04-15T13:48:25.881+0200][388,040s] GC(1006) User=0,26s Sys=0,00s Real=0,08s
[2019-04-15T13:48:25.881+0200][388,040s] GC(1006) Concurrent Sweep
[2019-04-15T13:48:25.905+0200][388,064s] GC(1008) Pause Full (Allocation Failure)
[2019-04-15T13:48:25.927+0200][388,086s] GC(1006) Concurrent Sweep 46,452ms
[2019-04-15T13:48:25.927+0200][388,086s] GC(1006) User=0,07s Sys=0,00s Real=0,05s
[2019-04-15T13:48:25.928+0200][388,087s] GC(1008) Phase 1: Mark live objects
[2019-04-15T13:48:26.063+0200][388,222s] GC(1008) Phase 1: Mark live objects 135,669ms
[2019-04-15T13:48:26.063+0200][388,222s] GC(1008) Phase 2: Compute new object addresses
[2019-04-15T13:48:26.146+0200][388,304s] GC(1008) Phase 2: Compute new object addresses 82,207ms
[2019-04-15T13:48:26.146+0200][388,304s] GC(1008) Phase 3: Adjust pointers
[2019-04-15T13:48:26.248+0200][388,407s] GC(1008) Phase 3: Adjust pointers 102,844ms
[2019-04-15T13:48:26.248+0200][388,407s] GC(1008) Phase 4: Move objects
[2019-04-15T13:48:26.289+0200][388,448s] GC(1008) Phase 4: Move objects 40,347ms
[2019-04-15T13:48:26.289+0200][388,448s] GC(1008) ParNew: 108941K->85177K(109248K)
[2019-04-15T13:48:26.289+0200][388,448s] GC(1008) CMS: 393216K->393216K(393216K)
[2019-04-15T13:48:26.289+0200][388,448s] GC(1008) Metaspace: 85585K->85585K(1128448K)
[2019-04-15T13:48:26.289+0200][388,448s] GC(1008) Pause Full (Allocation Failure) 490M->467M(490M) 384,032ms
[2019-04-15T13:48:26.290+0200][388,448s] GC(1008) User=0,38s Sys=0,00s Real=0,38s
[2019-04-15T13:48:26.290+0200][388,449s] GC(1006) Old: 393216K->393216K(393216K)
[2019-04-15T13:48:26.408+0200][388,567s] GC(1009) Pause Full (Allocation Failure)
[2019-04-15T13:48:26.408+0200][388,567s] GC(1009) Phase 1: Mark live objects
[2019-04-15T13:48:26.538+0200][388,697s] GC(1009) Phase 1: Mark live objects 130,256ms
[2019-04-15T13:48:26.538+0200][388,697s] GC(1009) Phase 2: Compute new object addresses
[2019-04-15T13:48:26.623+0200][388,781s] GC(1009) Phase 2: Compute new object addresses 84,111ms
[2019-04-15T13:48:26.623+0200][388,782s] GC(1009) Phase 3: Adjust pointers
[2019-04-15T13:48:26.724+0200][388,883s] GC(1009) Phase 3: Adjust pointers 101,439ms
[2019-04-15T13:48:26.724+0200][388,883s] GC(1009) Phase 4: Move objects
[2019-04-15T13:48:26.748+0200][388,907s] GC(1009) Phase 4: Move objects 24,281ms
[2019-04-15T13:48:26.749+0200][388,908s] GC(1009) ParNew: 109248K->89034K(109248K)
[2019-04-15T13:48:26.749+0200][388,908s] GC(1009) CMS: 393216K->393216K(393216K)
[2019-04-15T13:48:26.749+0200][388,908s] GC(1009) Metaspace: 85585K->85585K(1128448K)
[2019-04-15T13:48:26.749+0200][388,908s] GC(1009) Pause Full (Allocation Failure) 490M->470M(490M) 341,479ms
[2019-04-15T13:48:26.749+0200][388,908s] GC(1009) User=0,34s Sys=0,00s Real=0,34s
[2019-04-15T13:48:26.749+0200][388,908s] GC(1010) Pause Initial Mark
[2019-04-15T13:48:26.791+0200][388,950s] GC(1010) Pause Initial Mark 470M->470M(490M) 41,484ms
[2019-04-15T13:48:26.791+0200][388,950s] GC(1010) User=0,04s Sys=0,00s Real=0,04s
[2019-04-15T13:48:26.791+0200][388,950s] GC(1010) Concurrent Mark
[2019-04-15T13:48:26.791+0200][388,950s] GC(1010) Using 4 workers of 4 for marking
[2019-04-15T13:48:26.852+0200][389,011s] GC(1010) Concurrent Mark 60,741ms
[2019-04-15T13:48:26.852+0200][389,011s] GC(1010) User=0,24s Sys=0,00s Real=0,06s
[2019-04-15T13:48:26.852+0200][389,011s] GC(1010) Concurrent Preclean
[2019-04-15T13:48:26.938+0200][389,096s] GC(1010) Concurrent Preclean 85,646ms
[2019-04-15T13:48:26.938+0200][389,096s] GC(1010) User=0,17s Sys=0,00s Real=0,09s
[2019-04-15T13:48:26.938+0200][389,097s] GC(1010) Concurrent Abortable Preclean
[2019-04-15T13:48:26.938+0200][389,097s] GC(1010) Concurrent Abortable Preclean 0,007ms
[2019-04-15T13:48:26.938+0200][389,097s] GC(1010) User=0,00s Sys=0,00s Real=0,00s
[2019-04-15T13:48:26.938+0200][389,097s] GC(1010) Pause Remark
[2019-04-15T13:48:26.938+0200][389,097s] GC(1011) Pause Young (CMS Final Remark)
[2019-04-15T13:48:26.938+0200][389,097s] GC(1011) Using 4 workers of 4 for evacuation
[2019-04-15T13:48:26.938+0200][389,097s] GC(1011) ParNew: 107011K->107011K(109248K)
[2019-04-15T13:48:26.938+0200][389,097s] GC(1011) CMS: 393216K->393216K(393216K)
[2019-04-15T13:48:26.938+0200][389,097s] GC(1011) Metaspace: 85585K->85585K(1128448K)
[2019-04-15T13:48:26.938+0200][389,097s] GC(1011) Pause Young (CMS Final Remark) 488M->488M(490M) 0,054ms
[2019-04-15T13:48:26.938+0200][389,097s] GC(1011) User=0,00s Sys=0,00s Real=0,00s
[2019-04-15T13:48:27.030+0200][389,189s] GC(1010) Pause Remark 488M->488M(490M) 92,709ms
[2019-04-15T13:48:27.030+0200][389,189s] GC(1010) User=0,27s Sys=0,00s Real=0,09s
[2019-04-15T13:48:27.030+0200][389,189s] GC(1010) Concurrent Sweep
[2019-04-15T13:48:27.046+0200][389,205s] GC(1012) Pause Full (Allocation Failure)
[2019-04-15T13:48:27.075+0200][389,234s] GC(1010) Concurrent Sweep 44,511ms
[2019-04-15T13:48:27.075+0200][389,234s] GC(1010) User=0,06s Sys=0,00s Real=0,05s
[2019-04-15T13:48:27.075+0200][389,234s] GC(1012) Phase 1: Mark live objects
[2019-04-15T13:48:27.207+0200][389,366s] GC(1012) Phase 1: Mark live objects 131,683ms
[2019-04-15T13:48:27.207+0200][389,366s] GC(1012) Phase 2: Compute new object addresses
[2019-04-15T13:48:27.291+0200][389,449s] GC(1012) Phase 2: Compute new object addresses 83,683ms
[2019-04-15T13:48:27.291+0200][389,450s] GC(1012) Phase 3: Adjust pointers
[2019-04-15T13:48:27.392+0200][389,551s] GC(1012) Phase 3: Adjust pointers 101,072ms
[2019-04-15T13:48:27.392+0200][389,551s] GC(1012) Phase 4: Move objects
[2019-04-15T13:48:27.436+0200][389,595s] GC(1012) Phase 4: Move objects 44,475ms
[2019-04-15T13:48:27.437+0200][389,596s] GC(1012) ParNew: 109247K->86643K(109248K)
[2019-04-15T13:48:27.437+0200][389,596s] GC(1012) CMS: 393216K->393215K(393216K)
[2019-04-15T13:48:27.437+0200][389,596s] GC(1012) Metaspace: 85585K->85585K(1128448K)
[2019-04-15T13:48:27.437+0200][389,596s] GC(1012) Pause Full (Allocation Failure) 490M->468M(490M) 391,193ms
[2019-04-15T13:48:27.437+0200][389,596s] GC(1012) User=0,39s Sys=0,00s Real=0,39s
[2019-04-15T13:48:27.437+0200][389,596s] GC(1010) Old: 393216K->393215K(393216K)
[2019-04-15T13:48:27.549+0200][389,708s] GC(1013) Pause Full (Allocation Failure)
[2019-04-15T13:48:27.550+0200][389,709s] GC(1013) Phase 1: Mark live objects
[2019-04-15T13:48:27.683+0200][389,842s] GC(1013) Phase 1: Mark live objects 133,362ms
[2019-04-15T13:48:27.683+0200][389,842s] GC(1013) Phase 2: Compute new object addresses
[2019-04-15T13:48:27.770+0200][389,929s] GC(1013) Phase 2: Compute new object addresses 86,747ms
[2019-04-15T13:48:27.770+0200][389,929s] GC(1013) Phase 3: Adjust pointers
[2019-04-15T13:48:27.869+0200][390,028s] GC(1013) Phase 3: Adjust pointers 99,085ms
[2019-04-15T13:48:27.869+0200][390,028s] GC(1013) Phase 4: Move objects
[2019-04-15T13:48:27.873+0200][390,032s] GC(1013) Phase 4: Move objects 4,213ms
[2019-04-15T13:48:27.874+0200][390,033s] GC(1013) ParNew: 109248K->92567K(109248K)
[2019-04-15T13:48:27.874+0200][390,033s] GC(1013) CMS: 393215K->393215K(393216K)
[2019-04-15T13:48:27.874+0200][390,033s] GC(1013) Metaspace: 85585K->85585K(1128448K)
[2019-04-15T13:48:27.874+0200][390,033s] GC(1013) Pause Full (Allocation Failure) 490M->474M(490M) 324,743ms
[2019-04-15T13:48:27.874+0200][390,033s] GC(1013) User=0,33s Sys=0,00s Real=0,33s
[2019-04-15T13:48:27.874+0200][390,033s] GC(1014) Pause Initial Mark
[2019-04-15T13:48:27.919+0200][390,078s] GC(1014) Pause Initial Mark 474M->474M(490M) 45,101ms
[2019-04-15T13:48:27.919+0200][390,078s] GC(1014) User=0,05s Sys=0,00s Real=0,04s
[2019-04-15T13:48:27.920+0200][390,078s] GC(1014) Concurrent Mark
[2019-04-15T13:48:27.920+0200][390,078s] GC(1014) Using 4 workers of 4 for marking
[2019-04-15T13:48:27.989+0200][390,148s] GC(1014) Concurrent Mark 69,881ms
[2019-04-15T13:48:27.989+0200][390,148s] GC(1014) User=0,27s Sys=0,00s Real=0,07s
[2019-04-15T13:48:27.989+0200][390,148s] GC(1014) Concurrent Preclean
[2019-04-15T13:48:28.065+0200][390,224s] GC(1015) Pause Full (Allocation Failure)
[2019-04-15T13:48:28.091+0200][390,250s] GC(1014) Concurrent Preclean 101,475ms
[2019-04-15T13:48:28.091+0200][390,250s] GC(1014) User=0,17s Sys=0,00s Real=0,10s
[2019-04-15T13:48:28.091+0200][390,250s] GC(1015) Phase 1: Mark live objects
[2019-04-15T13:48:28.223+0200][390,382s] GC(1015) Phase 1: Mark live objects 132,228ms
[2019-04-15T13:48:28.223+0200][390,382s] GC(1015) Phase 2: Compute new object addresses
[2019-04-15T13:48:28.310+0200][390,468s] GC(1015) Phase 2: Compute new object addresses 86,114ms
[2019-04-15T13:48:28.310+0200][390,468s] GC(1015) Phase 3: Adjust pointers
[2019-04-15T13:48:28.408+0200][390,567s] GC(1015) Phase 3: Adjust pointers 98,099ms
[2019-04-15T13:48:28.408+0200][390,567s] GC(1015) Phase 4: Move objects
[2019-04-15T13:48:28.415+0200][390,574s] GC(1015) Phase 4: Move objects 7,649ms
[2019-04-15T13:48:28.416+0200][390,575s] GC(1015) ParNew: 109247K->93836K(109248K)
[2019-04-15T13:48:28.416+0200][390,575s] GC(1015) CMS: 393215K->393215K(393216K)
[2019-04-15T13:48:28.416+0200][390,575s] GC(1015) Metaspace: 85585K->85585K(1128448K)
[2019-04-15T13:48:28.416+0200][390,575s] GC(1015) Pause Full (Allocation Failure) 490M->475M(490M) 350,905ms
[2019-04-15T13:48:28.416+0200][390,575s] GC(1015) User=0,35s Sys=0,00s Real=0,35s
[2019-04-15T13:48:28.497+0200][390,656s] GC(1016) Pause Full (Allocation Failure)
[2019-04-15T13:48:28.498+0200][390,657s] GC(1016) Phase 1: Mark live objects
[2019-04-15T13:48:28.632+0200][390,791s] GC(1016) Phase 1: Mark live objects 134,553ms
[2019-04-15T13:48:28.632+0200][390,791s] GC(1016) Phase 2: Compute new object addresses
[2019-04-15T13:48:28.717+0200][390,876s] GC(1016) Phase 2: Compute new object addresses 85,245ms
[2019-04-15T13:48:28.717+0200][390,876s] GC(1016) Phase 3: Adjust pointers
[2019-04-15T13:48:28.820+0200][390,979s] GC(1016) Phase 3: Adjust pointers 102,575ms
[2019-04-15T13:48:28.820+0200][390,979s] GC(1016) Phase 4: Move objects
[2019-04-15T13:48:28.835+0200][390,994s] GC(1016) Phase 4: Move objects 15,244ms
[2019-04-15T13:48:28.836+0200][390,995s] GC(1016) ParNew: 109247K->97971K(109248K)
[2019-04-15T13:48:28.836+0200][390,995s] GC(1016) CMS: 393215K->393215K(393216K)
[2019-04-15T13:48:28.836+0200][390,995s] GC(1016) Metaspace: 85585K->85585K(1128448K)
[2019-04-15T13:48:28.836+0200][390,995s] GC(1016) Pause Full (Allocation Failure) 490M->479M(490M) 338,987ms
[2019-04-15T13:48:28.836+0200][390,995s] GC(1016) User=0,34s Sys=0,00s Real=0,34s
[2019-04-15T13:48:28.836+0200][390,995s] GC(1017) Pause Initial Mark
[2019-04-15T13:48:28.880+0200][391,039s] GC(1017) Pause Initial Mark 479M->479M(490M) 43,607ms
[2019-04-15T13:48:28.880+0200][391,039s] GC(1017) User=0,05s Sys=0,00s Real=0,04s
[2019-04-15T13:48:28.880+0200][391,039s] GC(1017) Concurrent Mark
[2019-04-15T13:48:28.880+0200][391,039s] GC(1017) Using 4 workers of 4 for marking
[2019-04-15T13:48:28.944+0200][391,103s] GC(1017) Concurrent Mark 63,897ms
[2019-04-15T13:48:28.944+0200][391,103s] GC(1017) User=0,24s Sys=0,00s Real=0,06s
[2019-04-15T13:48:28.944+0200][391,103s] GC(1017) Concurrent Preclean
[2019-04-15T13:48:28.987+0200][391,146s] GC(1018) Pause Full (Allocation Failure)
[2019-04-15T13:48:29.025+0200][391,183s] GC(1017) Concurrent Preclean 80,681ms
[2019-04-15T13:48:29.025+0200][391,184s] GC(1017) User=0,12s Sys=0,00s Real=0,08s
[2019-04-15T13:48:29.025+0200][391,184s] GC(1018) Phase 1: Mark live objects
[2019-04-15T13:48:29.160+0200][391,319s] GC(1018) Phase 1: Mark live objects 135,654ms
[2019-04-15T13:48:29.160+0200][391,319s] GC(1018) Phase 2: Compute new object addresses
[2019-04-15T13:48:29.248+0200][391,407s] GC(1018) Phase 2: Compute new object addresses 87,737ms
[2019-04-15T13:48:29.248+0200][391,407s] GC(1018) Phase 3: Adjust pointers
[2019-04-15T13:48:29.351+0200][391,510s] GC(1018) Phase 3: Adjust pointers 102,534ms
[2019-04-15T13:48:29.351+0200][391,510s] GC(1018) Phase 4: Move objects
[2019-04-15T13:48:29.357+0200][391,515s] GC(1018) Phase 4: Move objects 5,682ms
[2019-04-15T13:48:29.357+0200][391,516s] GC(1018) ParNew: 109248K->100556K(109248K)
[2019-04-15T13:48:29.357+0200][391,516s] GC(1018) CMS: 393215K->393215K(393216K)
[2019-04-15T13:48:29.357+0200][391,516s] GC(1018) Metaspace: 85585K->85585K(1128448K)
[2019-04-15T13:48:29.357+0200][391,516s] GC(1018) Pause Full (Allocation Failure) 490M->482M(490M) 369,795ms
[2019-04-15T13:48:29.357+0200][391,516s] GC(1018) User=0,37s Sys=0,00s Real=0,37s
[2019-04-15T13:48:29.406+0200][391,565s] GC(1019) Pause Full (Allocation Failure)
[2019-04-15T13:48:29.406+0200][391,565s] GC(1019) Phase 1: Mark live objects
[2019-04-15T13:48:29.547+0200][391,706s] GC(1019) Phase 1: Mark live objects 140,742ms
[2019-04-15T13:48:29.547+0200][391,706s] GC(1019) Phase 2: Compute new object addresses
[2019-04-15T13:48:29.631+0200][391,790s] GC(1019) Phase 2: Compute new object addresses 84,515ms
[2019-04-15T13:48:29.631+0200][391,790s] GC(1019) Phase 3: Adjust pointers
[2019-04-15T13:48:29.738+0200][391,897s] GC(1019) Phase 3: Adjust pointers 107,010ms
[2019-04-15T13:48:29.738+0200][391,897s] GC(1019) Phase 4: Move objects
[2019-04-15T13:48:29.784+0200][391,943s] GC(1019) Phase 4: Move objects 45,192ms
[2019-04-15T13:48:29.784+0200][391,943s] GC(1019) ParNew: 109247K->103216K(109248K)
[2019-04-15T13:48:29.784+0200][391,943s] GC(1019) CMS: 393215K->393215K(393216K)
[2019-04-15T13:48:29.784+0200][391,943s] GC(1019) Metaspace: 85585K->85585K(1128448K)
[2019-04-15T13:48:29.784+0200][391,943s] GC(1019) Pause Full (Allocation Failure) 490M->484M(490M) 378,673ms
[2019-04-15T13:48:29.784+0200][391,943s] GC(1019) User=0,37s Sys=0,00s Real=0,37s
[2019-04-15T13:48:29.784+0200][391,943s] GC(1020) Pause Initial Mark
[2019-04-15T13:48:29.830+0200][391,989s] GC(1020) Pause Initial Mark 484M->484M(490M) 45,539ms
[2019-04-15T13:48:29.830+0200][391,989s] GC(1020) User=0,06s Sys=0,00s Real=0,05s
[2019-04-15T13:48:29.830+0200][391,989s] GC(1020) Concurrent Mark
[2019-04-15T13:48:29.830+0200][391,989s] GC(1020) Using 4 workers of 4 for marking
[2019-04-15T13:48:29.897+0200][392,056s] GC(1020) Concurrent Mark 66,494ms
[2019-04-15T13:48:29.897+0200][392,056s] GC(1020) User=0,26s Sys=0,00s Real=0,07s
[2019-04-15T13:48:29.897+0200][392,056s] GC(1020) Concurrent Preclean
[2019-04-15T13:48:29.908+0200][392,067s] GC(1021) Pause Full (Allocation Failure)
[2019-04-15T13:48:29.981+0200][392,140s] GC(1020) Concurrent Preclean 84,006ms
[2019-04-15T13:48:29.981+0200][392,140s] GC(1020) User=0,10s Sys=0,00s Real=0,08s
[2019-04-15T13:48:29.981+0200][392,140s] GC(1021) Phase 1: Mark live objects
[2019-04-15T13:48:30.122+0200][392,281s] GC(1021) Phase 1: Mark live objects 141,362ms
[2019-04-15T13:48:30.122+0200][392,281s] GC(1021) Phase 2: Compute new object addresses
[2019-04-15T13:48:30.208+0200][392,367s] GC(1021) Phase 2: Compute new object addresses 86,023ms
[2019-04-15T13:48:30.208+0200][392,367s] GC(1021) Phase 3: Adjust pointers
[2019-04-15T13:48:30.310+0200][392,469s] GC(1021) Phase 3: Adjust pointers 102,069ms
[2019-04-15T13:48:30.311+0200][392,469s] GC(1021) Phase 4: Move objects
[2019-04-15T13:48:30.311+0200][392,470s] GC(1021) Phase 4: Move objects 0,791ms
[2019-04-15T13:48:30.312+0200][392,471s] GC(1021) ParNew: 108862K->104908K(109248K)
[2019-04-15T13:48:30.312+0200][392,471s] GC(1021) CMS: 393215K->393215K(393216K)
[2019-04-15T13:48:30.312+0200][392,471s] GC(1021) Metaspace: 85585K->85585K(1128448K)
[2019-04-15T13:48:30.312+0200][392,471s] GC(1021) Pause Full (Allocation Failure) 490M->486M(490M) 403,618ms
[2019-04-15T13:48:30.312+0200][392,471s] GC(1021) User=0,40s Sys=0,00s Real=0,40s
[2019-04-15T13:48:30.334+0200][392,493s] GC(1022) Pause Full (Allocation Failure)
[2019-04-15T13:48:30.335+0200][392,494s] GC(1022) Phase 1: Mark live objects
[2019-04-15T13:48:30.473+0200][392,632s] GC(1022) Phase 1: Mark live objects 138,434ms
[2019-04-15T13:48:30.473+0200][392,632s] GC(1022) Phase 2: Compute new object addresses
[2019-04-15T13:48:30.560+0200][392,719s] GC(1022) Phase 2: Compute new object addresses 86,595ms
[2019-04-15T13:48:30.560+0200][392,719s] GC(1022) Phase 3: Adjust pointers
[2019-04-15T13:48:30.662+0200][392,820s] GC(1022) Phase 3: Adjust pointers 101,646ms
[2019-04-15T13:48:30.662+0200][392,820s] GC(1022) Phase 4: Move objects
[2019-04-15T13:48:30.666+0200][392,825s] GC(1022) Phase 4: Move objects 4,492ms
[2019-04-15T13:48:30.667+0200][392,826s] GC(1022) ParNew: 109247K->106310K(109248K)
[2019-04-15T13:48:30.667+0200][392,826s] GC(1022) CMS: 393215K->393215K(393216K)
[2019-04-15T13:48:30.667+0200][392,826s] GC(1022) Metaspace: 85585K->85585K(1128448K)
[2019-04-15T13:48:30.667+0200][392,826s] GC(1022) Pause Full (Allocation Failure) 490M->487M(490M) 332,332ms
[2019-04-15T13:48:30.667+0200][392,826s] GC(1022) User=0,33s Sys=0,00s Real=0,33s
[2019-04-15T13:48:30.667+0200][392,826s] GC(1023) Pause Initial Mark
[2019-04-15T13:48:30.713+0200][392,872s] GC(1023) Pause Initial Mark 487M->487M(490M) 45,604ms
[2019-04-15T13:48:30.713+0200][392,872s] GC(1023) User=0,07s Sys=0,00s Real=0,04s
[2019-04-15T13:48:30.713+0200][392,872s] GC(1023) Concurrent Mark
[2019-04-15T13:48:30.713+0200][392,872s] GC(1023) Using 4 workers of 4 for marking
[2019-04-15T13:48:30.740+0200][392,898s] GC(1024) Pause Full (Allocation Failure)
[2019-04-15T13:48:30.777+0200][392,936s] GC(1023) Concurrent Mark 64,017ms
[2019-04-15T13:48:30.777+0200][392,936s] GC(1023) User=0,23s Sys=0,00s Real=0,07s
[2019-04-15T13:48:30.777+0200][392,936s] GC(1024) Phase 1: Mark live objects
[2019-04-15T13:48:30.915+0200][393,074s] GC(1024) Phase 1: Mark live objects 138,373ms
[2019-04-15T13:48:30.915+0200][393,074s] GC(1024) Phase 2: Compute new object addresses
[2019-04-15T13:48:31.003+0200][393,162s] GC(1024) Phase 2: Compute new object addresses 87,497ms
[2019-04-15T13:48:31.003+0200][393,162s] GC(1024) Phase 3: Adjust pointers
[2019-04-15T13:48:31.113+0200][393,272s] GC(1024) Phase 3: Adjust pointers 109,803ms
[2019-04-15T13:48:31.113+0200][393,272s] GC(1024) Phase 4: Move objects
[2019-04-15T13:48:31.121+0200][393,280s] GC(1024) Phase 4: Move objects 8,254ms
[2019-04-15T13:48:31.122+0200][393,281s] GC(1024) ParNew: 109247K->106925K(109248K)
[2019-04-15T13:48:31.122+0200][393,281s] GC(1024) CMS: 393215K->393215K(393216K)
[2019-04-15T13:48:31.122+0200][393,281s] GC(1024) Metaspace: 85585K->85585K(1128448K)
[2019-04-15T13:48:31.122+0200][393,281s] GC(1024) Pause Full (Allocation Failure) 490M->488M(490M) 382,239ms
[2019-04-15T13:48:31.122+0200][393,281s] GC(1024) User=0,47s Sys=0,00s Real=0,38s
[2019-04-15T13:48:31.135+0200][393,294s] GC(1025) Pause Full (Allocation Failure)
[2019-04-15T13:48:31.135+0200][393,294s] GC(1025) Phase 1: Mark live objects
[2019-04-15T13:48:31.273+0200][393,432s] GC(1025) Phase 1: Mark live objects 137,664ms
[2019-04-15T13:48:31.273+0200][393,432s] GC(1025) Phase 2: Compute new object addresses
[2019-04-15T13:48:31.356+0200][393,515s] GC(1025) Phase 2: Compute new object addresses 83,349ms
[2019-04-15T13:48:31.356+0200][393,515s] GC(1025) Phase 3: Adjust pointers
[2019-04-15T13:48:31.464+0200][393,623s] GC(1025) Phase 3: Adjust pointers 107,461ms
[2019-04-15T13:48:31.464+0200][393,623s] GC(1025) Phase 4: Move objects
[2019-04-15T13:48:31.508+0200][393,667s] GC(1025) Phase 4: Move objects 43,998ms
[2019-04-15T13:48:31.508+0200][393,667s] GC(1025) ParNew: 109247K->100110K(109248K)
[2019-04-15T13:48:31.508+0200][393,667s] GC(1025) CMS: 393215K->393215K(393216K)
[2019-04-15T13:48:31.509+0200][393,667s] GC(1025) Metaspace: 85585K->85585K(1128448K)
[2019-04-15T13:48:31.509+0200][393,667s] GC(1025) Pause Full (Allocation Failure) 490M->481M(490M) 373,694ms
[2019-04-15T13:48:31.509+0200][393,667s] GC(1025) User=0,37s Sys=0,00s Real=0,37s
[2019-04-15T13:48:31.512+0200][393,671s] GC(1026) Pause Initial Mark
[2019-04-15T13:48:31.552+0200][393,711s] GC(1026) Pause Initial Mark 482M->482M(490M) 40,012ms
[2019-04-15T13:48:31.552+0200][393,711s] GC(1026) User=0,05s Sys=0,00s Real=0,04s
[2019-04-15T13:48:31.552+0200][393,711s] GC(1026) Concurrent Mark
[2019-04-15T13:48:31.552+0200][393,711s] GC(1026) Using 4 workers of 4 for marking
[2019-04-15T13:48:31.621+0200][393,780s] GC(1026) Concurrent Mark 68,951ms
[2019-04-15T13:48:31.621+0200][393,780s] GC(1026) User=0,26s Sys=0,00s Real=0,07s
[2019-04-15T13:48:31.621+0200][393,780s] GC(1026) Concurrent Preclean
[2019-04-15T13:48:31.667+0200][393,826s] GC(1027) Pause Full (Allocation Failure)
[2019-04-15T13:48:31.715+0200][393,873s] GC(1026) Concurrent Preclean 93,483ms
[2019-04-15T13:48:31.715+0200][393,874s] GC(1026) User=0,14s Sys=0,00s Real=0,10s
[2019-04-15T13:48:31.715+0200][393,874s] GC(1027) Phase 1: Mark live objects
[2019-04-15T13:48:31.855+0200][394,014s] GC(1027) Phase 1: Mark live objects 139,858ms
[2019-04-15T13:48:31.855+0200][394,014s] GC(1027) Phase 2: Compute new object addresses
[2019-04-15T13:48:31.944+0200][394,103s] GC(1027) Phase 2: Compute new object addresses 89,683ms
[2019-04-15T13:48:31.944+0200][394,103s] GC(1027) Phase 3: Adjust pointers
[2019-04-15T13:48:32.051+0200][394,210s] GC(1027) Phase 3: Adjust pointers 106,333ms
[2019-04-15T13:48:32.051+0200][394,210s] GC(1027) Phase 4: Move objects
[2019-04-15T13:48:32.053+0200][394,212s] GC(1027) Phase 4: Move objects 2,714ms
[2019-04-15T13:48:32.054+0200][394,213s] GC(1027) ParNew: 109247K->100540K(109248K)
[2019-04-15T13:48:32.054+0200][394,213s] GC(1027) CMS: 393215K->393215K(393216K)
[2019-04-15T13:48:32.054+0200][394,213s] GC(1027) Metaspace: 85585K->85585K(1128448K)
[2019-04-15T13:48:32.054+0200][394,213s] GC(1027) Pause Full (Allocation Failure) 490M->482M(490M) 386,935ms
[2019-04-15T13:48:32.054+0200][394,213s] GC(1027) User=0,38s Sys=0,00s Real=0,39s
[2019-04-15T13:48:32.100+0200][394,259s] GC(1028) Pause Full (Allocation Failure)
[2019-04-15T13:48:32.100+0200][394,259s] GC(1028) Phase 1: Mark live objects
[2019-04-15T13:48:32.237+0200][394,396s] GC(1028) Phase 1: Mark live objects 137,125ms
[2019-04-15T13:48:32.237+0200][394,396s] GC(1028) Phase 2: Compute new object addresses
[2019-04-15T13:48:32.327+0200][394,486s] GC(1028) Phase 2: Compute new object addresses 89,135ms
[2019-04-15T13:48:32.327+0200][394,486s] GC(1028) Phase 3: Adjust pointers
[2019-04-15T13:48:32.431+0200][394,589s] GC(1028) Phase 3: Adjust pointers 103,875ms
[2019-04-15T13:48:32.431+0200][394,590s] GC(1028) Phase 4: Move objects
[2019-04-15T13:48:32.431+0200][394,590s] GC(1028) Phase 4: Move objects 0,840ms
[2019-04-15T13:48:32.432+0200][394,591s] GC(1028) ParNew: 109247K->102193K(109248K)
[2019-04-15T13:48:32.432+0200][394,591s] GC(1028) CMS: 393215K->393215K(393216K)
[2019-04-15T13:48:32.432+0200][394,591s] GC(1028) Metaspace: 85585K->85585K(1128448K)
[2019-04-15T13:48:32.432+0200][394,591s] GC(1028) Pause Full (Allocation Failure) 490M->483M(490M) 332,110ms
[2019-04-15T13:48:32.432+0200][394,591s] GC(1028) User=0,33s Sys=0,00s Real=0,33s
[2019-04-15T13:48:32.432+0200][394,591s] GC(1029) Pause Initial Mark
[2019-04-15T13:48:32.473+0200][394,632s] GC(1029) Pause Initial Mark 483M->483M(490M) 40,354ms
[2019-04-15T13:48:32.473+0200][394,632s] GC(1029) User=0,05s Sys=0,00s Real=0,04s
[2019-04-15T13:48:32.473+0200][394,632s] GC(1029) Concurrent Mark
[2019-04-15T13:48:32.473+0200][394,632s] GC(1029) Using 4 workers of 4 for marking
[2019-04-15T13:48:32.530+0200][394,689s] GC(1029) Concurrent Mark 57,467ms
[2019-04-15T13:48:32.530+0200][394,689s] GC(1029) User=0,22s Sys=0,01s Real=0,06s
[2019-04-15T13:48:32.530+0200][394,689s] GC(1029) Concurrent Preclean
[2019-04-15T13:48:32.554+0200][394,713s] GC(1030) Pause Full (Allocation Failure)
[2019-04-15T13:48:32.607+0200][394,766s] GC(1029) Concurrent Preclean 76,325ms
[2019-04-15T13:48:32.607+0200][394,766s] GC(1029) User=0,10s Sys=0,00s Real=0,08s
[2019-04-15T13:48:32.607+0200][394,766s] GC(1030) Phase 1: Mark live objects
[2019-04-15T13:48:32.748+0200][394,906s] GC(1030) Phase 1: Mark live objects 140,632ms
[2019-04-15T13:48:32.748+0200][394,906s] GC(1030) Phase 2: Compute new object addresses
[2019-04-15T13:48:32.838+0200][394,997s] GC(1030) Phase 2: Compute new object addresses 90,135ms
[2019-04-15T13:48:32.838+0200][394,997s] GC(1030) Phase 3: Adjust pointers
[2019-04-15T13:48:32.941+0200][395,100s] GC(1030) Phase 3: Adjust pointers 103,307ms
[2019-04-15T13:48:32.941+0200][395,100s] GC(1030) Phase 4: Move objects
[2019-04-15T13:48:32.952+0200][395,111s] GC(1030) Phase 4: Move objects 11,197ms
[2019-04-15T13:48:32.953+0200][395,112s] GC(1030) ParNew: 109247K->104315K(109248K)
[2019-04-15T13:48:32.953+0200][395,112s] GC(1030) CMS: 393215K->393215K(393216K)
[2019-04-15T13:48:32.953+0200][395,112s] GC(1030) Metaspace: 85585K->85585K(1128448K)
[2019-04-15T13:48:32.953+0200][395,112s] GC(1030) Pause Full (Allocation Failure) 490M->485M(490M) 399,489ms
[2019-04-15T13:48:32.953+0200][395,112s] GC(1030) User=0,40s Sys=0,00s Real=0,40s
[2019-04-15T13:48:32.980+0200][395,139s] GC(1031) Pause Full (Allocation Failure)
[2019-04-15T13:48:32.980+0200][395,139s] GC(1031) Phase 1: Mark live objects
[2019-04-15T13:48:33.123+0200][395,282s] GC(1031) Phase 1: Mark live objects 142,284ms
[2019-04-15T13:48:33.123+0200][395,282s] GC(1031) Phase 2: Compute new object addresses
[2019-04-15T13:48:33.212+0200][395,371s] GC(1031) Phase 2: Compute new object addresses 89,135ms
[2019-04-15T13:48:33.212+0200][395,371s] GC(1031) Phase 3: Adjust pointers
[2019-04-15T13:48:33.317+0200][395,476s] GC(1031) Phase 3: Adjust pointers 105,621ms
[2019-04-15T13:48:33.317+0200][395,476s] GC(1031) Phase 4: Move objects
[2019-04-15T13:48:33.323+0200][395,482s] GC(1031) Phase 4: Move objects 5,798ms
[2019-04-15T13:48:33.324+0200][395,483s] GC(1031) ParNew: 109247K->105893K(109248K)
[2019-04-15T13:48:33.324+0200][395,483s] GC(1031) CMS: 393215K->393215K(393216K)
[2019-04-15T13:48:33.324+0200][395,483s] GC(1031) Metaspace: 85585K->85585K(1128448K)
[2019-04-15T13:48:33.324+0200][395,483s] GC(1031) Pause Full (Allocation Failure) 490M->487M(490M) 344,066ms
[2019-04-15T13:48:33.324+0200][395,483s] GC(1031) User=0,34s Sys=0,00s Real=0,34s
[2019-04-15T13:48:33.324+0200][395,483s] GC(1032) Pause Initial Mark
[2019-04-15T13:48:33.361+0200][395,520s] GC(1032) Pause Initial Mark 487M->487M(490M) 36,836ms
[2019-04-15T13:48:33.361+0200][395,520s] GC(1032) User=0,05s Sys=0,00s Real=0,04s
[2019-04-15T13:48:33.361+0200][395,520s] GC(1032) Concurrent Mark
[2019-04-15T13:48:33.361+0200][395,520s] GC(1032) Using 4 workers of 4 for marking
[2019-04-15T13:48:33.423+0200][395,582s] GC(1032) Concurrent Mark 62,182ms
[2019-04-15T13:48:33.423+0200][395,582s] GC(1032) User=0,24s Sys=0,00s Real=0,06s
[2019-04-15T13:48:33.423+0200][395,582s] GC(1032) Concurrent Preclean
[2019-04-15T13:48:33.424+0200][395,583s] GC(1033) Pause Full (Allocation Failure)
[2019-04-15T13:48:33.499+0200][395,658s] GC(1032) Concurrent Preclean 75,244ms
[2019-04-15T13:48:33.499+0200][395,658s] GC(1032) User=0,07s Sys=0,00s Real=0,08s
[2019-04-15T13:48:33.499+0200][395,658s] GC(1033) Phase 1: Mark live objects
[2019-04-15T13:48:33.638+0200][395,796s] GC(1033) Phase 1: Mark live objects 138,751ms
[2019-04-15T13:48:33.638+0200][395,797s] GC(1033) Phase 2: Compute new object addresses
[2019-04-15T13:48:33.722+0200][395,881s] GC(1033) Phase 2: Compute new object addresses 84,493ms
[2019-04-15T13:48:33.722+0200][395,881s] GC(1033) Phase 3: Adjust pointers
[2019-04-15T13:48:33.833+0200][395,992s] GC(1033) Phase 3: Adjust pointers 111,012ms
[2019-04-15T13:48:33.833+0200][395,992s] GC(1033) Phase 4: Move objects
[2019-04-15T13:48:33.879+0200][396,038s] GC(1033) Phase 4: Move objects 46,159ms
[2019-04-15T13:48:33.880+0200][396,039s] GC(1033) ParNew: 109247K->106874K(109248K)
[2019-04-15T13:48:33.880+0200][396,039s] GC(1033) CMS: 393215K->393215K(393216K)
[2019-04-15T13:48:33.880+0200][396,039s] GC(1033) Metaspace: 85585K->85585K(1128448K)
[2019-04-15T13:48:33.880+0200][396,039s] GC(1033) Pause Full (Allocation Failure) 490M->488M(490M) 455,852ms
[2019-04-15T13:48:33.880+0200][396,039s] GC(1033) User=0,45s Sys=0,00s Real=0,46s
[2019-04-15T13:48:33.893+0200][396,052s] GC(1034) Pause Full (Allocation Failure)
[2019-04-15T13:48:33.894+0200][396,053s] GC(1034) Phase 1: Mark live objects
[2019-04-15T13:48:34.044+0200][396,203s] GC(1034) Phase 1: Mark live objects 150,483ms
[2019-04-15T13:48:34.044+0200][396,203s] GC(1034) Phase 2: Compute new object addresses
[2019-04-15T13:48:34.130+0200][396,289s] GC(1034) Phase 2: Compute new object addresses 85,649ms
[2019-04-15T13:48:34.130+0200][396,289s] GC(1034) Phase 3: Adjust pointers
[2019-04-15T13:48:34.239+0200][396,398s] GC(1034) Phase 3: Adjust pointers 108,902ms
[2019-04-15T13:48:34.239+0200][396,398s] GC(1034) Phase 4: Move objects
[2019-04-15T13:48:34.287+0200][396,446s] GC(1034) Phase 4: Move objects 48,034ms
[2019-04-15T13:48:34.288+0200][396,447s] GC(1034) ParNew: 109247K->106888K(109248K)
[2019-04-15T13:48:34.288+0200][396,447s] GC(1034) CMS: 393215K->393216K(393216K)
[2019-04-15T13:48:34.288+0200][396,447s] GC(1034) Metaspace: 85585K->85585K(1128448K)
[2019-04-15T13:48:34.288+0200][396,447s] GC(1034) Pause Full (Allocation Failure) 490M->488M(490M) 394,464ms
[2019-04-15T13:48:34.288+0200][396,447s] GC(1034) User=0,40s Sys=0,00s Real=0,39s
[2019-04-15T13:48:34.288+0200][396,447s] GC(1035) Pause Initial Mark
[2019-04-15T13:48:34.334+0200][396,493s] GC(1035) Pause Initial Mark 488M->488M(490M) 46,039ms
[2019-04-15T13:48:34.334+0200][396,493s] GC(1035) User=0,06s Sys=0,00s Real=0,05s
[2019-04-15T13:48:34.334+0200][396,493s] GC(1035) Concurrent Mark
[2019-04-15T13:48:34.334+0200][396,493s] GC(1035) Using 4 workers of 4 for marking
[2019-04-15T13:48:34.381+0200][396,540s] GC(1036) Pause Full (Allocation Failure)
[2019-04-15T13:48:34.396+0200][396,555s] GC(1035) Concurrent Mark 61,493ms
[2019-04-15T13:48:34.396+0200][396,555s] GC(1035) User=0,23s Sys=0,00s Real=0,06s
[2019-04-15T13:48:34.396+0200][396,555s] GC(1036) Phase 1: Mark live objects
[2019-04-15T13:48:34.536+0200][396,695s] GC(1036) Phase 1: Mark live objects 140,306ms
[2019-04-15T13:48:34.536+0200][396,695s] GC(1036) Phase 2: Compute new object addresses
[2019-04-15T13:48:34.619+0200][396,778s] GC(1036) Phase 2: Compute new object addresses 82,417ms
[2019-04-15T13:48:34.619+0200][396,778s] GC(1036) Phase 3: Adjust pointers
[2019-04-15T13:48:34.726+0200][396,885s] GC(1036) Phase 3: Adjust pointers 107,074ms
[2019-04-15T13:48:34.726+0200][396,885s] GC(1036) Phase 4: Move objects
[2019-04-15T13:48:34.772+0200][396,931s] GC(1036) Phase 4: Move objects 45,794ms
[2019-04-15T13:48:34.772+0200][396,931s] GC(1036) ParNew: 109247K->107459K(109248K)
[2019-04-15T13:48:34.772+0200][396,931s] GC(1036) CMS: 393216K->393215K(393216K)
[2019-04-15T13:48:34.772+0200][396,931s] GC(1036) Metaspace: 85585K->85585K(1128448K)
[2019-04-15T13:48:34.772+0200][396,931s] GC(1036) Pause Full (Allocation Failure) 490M->488M(490M) 391,681ms
[2019-04-15T13:48:34.772+0200][396,931s] GC(1036) User=0,43s Sys=0,00s Real=0,39s
[2019-04-15T13:48:34.782+0200][396,941s] GC(1037) Pause Full (Allocation Failure)
[2019-04-15T13:48:34.783+0200][396,942s] GC(1037) Phase 1: Mark live objects
[2019-04-15T13:48:34.924+0200][397,082s] GC(1037) Phase 1: Mark live objects 140,933ms
[2019-04-15T13:48:34.924+0200][397,083s] GC(1037) Phase 2: Compute new object addresses
[2019-04-15T13:48:35.008+0200][397,167s] GC(1037) Phase 2: Compute new object addresses 84,345ms
[2019-04-15T13:48:35.008+0200][397,167s] GC(1037) Phase 3: Adjust pointers
[2019-04-15T13:48:35.118+0200][397,277s] GC(1037) Phase 3: Adjust pointers 109,897ms
[2019-04-15T13:48:35.118+0200][397,277s] GC(1037) Phase 4: Move objects
[2019-04-15T13:48:35.164+0200][397,323s] GC(1037) Phase 4: Move objects 45,915ms
[2019-04-15T13:48:35.164+0200][397,323s] GC(1037) ParNew: 109247K->107993K(109248K)
[2019-04-15T13:48:35.165+0200][397,323s] GC(1037) CMS: 393215K->393215K(393216K)
[2019-04-15T13:48:35.165+0200][397,323s] GC(1037) Metaspace: 85585K->85585K(1128448K)
[2019-04-15T13:48:35.165+0200][397,323s] GC(1037) Pause Full (Allocation Failure) 490M->489M(490M) 382,282ms
[2019-04-15T13:48:35.165+0200][397,323s] GC(1037) User=0,38s Sys=0,00s Real=0,38s
[2019-04-15T13:48:35.165+0200][397,324s] GC(1038) Pause Initial Mark
[2019-04-15T13:48:35.212+0200][397,371s] GC(1038) Pause Initial Mark 489M->489M(490M) 46,896ms
[2019-04-15T13:48:35.212+0200][397,371s] GC(1038) User=0,07s Sys=0,00s Real=0,05s
[2019-04-15T13:48:35.212+0200][397,371s] GC(1038) Concurrent Mark
[2019-04-15T13:48:35.212+0200][397,371s] GC(1038) Using 4 workers of 4 for marking
[2019-04-15T13:48:35.223+0200][397,382s] GC(1039) Pause Full (Allocation Failure)
[2019-04-15T13:48:35.269+0200][397,428s] GC(1038) Concurrent Mark 56,991ms
[2019-04-15T13:48:35.269+0200][397,428s] GC(1038) User=0,21s Sys=0,00s Real=0,06s
[2019-04-15T13:48:35.269+0200][397,428s] GC(1039) Phase 1: Mark live objects
[2019-04-15T13:48:35.411+0200][397,570s] GC(1039) Phase 1: Mark live objects 142,222ms
[2019-04-15T13:48:35.411+0200][397,570s] GC(1039) Phase 2: Compute new object addresses
[2019-04-15T13:48:35.499+0200][397,658s] GC(1039) Phase 2: Compute new object addresses 87,568ms
[2019-04-15T13:48:35.499+0200][397,658s] GC(1039) Phase 3: Adjust pointers
[2019-04-15T13:48:35.606+0200][397,765s] GC(1039) Phase 3: Adjust pointers 107,512ms
[2019-04-15T13:48:35.606+0200][397,765s] GC(1039) Phase 4: Move objects
[2019-04-15T13:48:35.653+0200][397,812s] GC(1039) Phase 4: Move objects 46,205ms
[2019-04-15T13:48:35.653+0200][397,812s] GC(1039) ParNew: 109247K->108376K(109248K)
[2019-04-15T13:48:35.653+0200][397,812s] GC(1039) CMS: 393215K->393215K(393216K)
[2019-04-15T13:48:35.653+0200][397,812s] GC(1039) Metaspace: 85585K->85585K(1128448K)
[2019-04-15T13:48:35.653+0200][397,812s] GC(1039) Pause Full (Allocation Failure) 490M->489M(490M) 430,315ms
[2019-04-15T13:48:35.653+0200][397,812s] GC(1039) User=0,56s Sys=0,00s Real=0,44s
[2019-04-15T13:48:35.659+0200][397,818s] GC(1040) Pause Full (Allocation Failure)
[2019-04-15T13:48:35.659+0200][397,818s] GC(1040) Phase 1: Mark live objects
[2019-04-15T13:48:35.802+0200][397,961s] GC(1040) Phase 1: Mark live objects 142,553ms
[2019-04-15T13:48:35.802+0200][397,961s] GC(1040) Phase 2: Compute new object addresses
[2019-04-15T13:48:35.886+0200][398,045s] GC(1040) Phase 2: Compute new object addresses 84,285ms
[2019-04-15T13:48:35.886+0200][398,045s] GC(1040) Phase 3: Adjust pointers
[2019-04-15T13:48:35.995+0200][398,154s] GC(1040) Phase 3: Adjust pointers 108,807ms
[2019-04-15T13:48:35.995+0200][398,154s] GC(1040) Phase 4: Move objects
[2019-04-15T13:48:36.041+0200][398,200s] GC(1040) Phase 4: Move objects 45,817ms
[2019-04-15T13:48:36.042+0200][398,201s] GC(1040) ParNew: 109247K->108617K(109248K)
[2019-04-15T13:48:36.042+0200][398,201s] GC(1040) CMS: 393215K->393215K(393216K)
[2019-04-15T13:48:36.042+0200][398,201s] GC(1040) Metaspace: 85585K->85585K(1128448K)
[2019-04-15T13:48:36.042+0200][398,201s] GC(1040) Pause Full (Allocation Failure) 490M->490M(490M) 383,669ms
[2019-04-15T13:48:36.042+0200][398,201s] GC(1040) User=0,39s Sys=0,00s Real=0,38s
[2019-04-15T13:48:36.042+0200][398,201s] GC(1041) Pause Initial Mark
[2019-04-15T13:48:36.081+0200][398,239s] GC(1041) Pause Initial Mark 490M->490M(490M) 38,092ms
[2019-04-15T13:48:36.081+0200][398,239s] GC(1041) User=0,04s Sys=0,00s Real=0,04s
[2019-04-15T13:48:36.081+0200][398,240s] GC(1041) Concurrent Mark
[2019-04-15T13:48:36.081+0200][398,240s] GC(1041) Using 4 workers of 4 for marking
[2019-04-15T13:48:36.086+0200][398,245s] GC(1042) Pause Full (Allocation Failure)
[2019-04-15T13:48:36.135+0200][398,294s] GC(1041) Concurrent Mark 53,990ms
[2019-04-15T13:48:36.135+0200][398,294s] GC(1041) User=0,21s Sys=0,00s Real=0,06s
[2019-04-15T13:48:36.135+0200][398,294s] GC(1042) Phase 1: Mark live objects
[2019-04-15T13:48:36.279+0200][398,438s] GC(1042) Phase 1: Mark live objects 144,086ms
[2019-04-15T13:48:36.279+0200][398,438s] GC(1042) Phase 2: Compute new object addresses
[2019-04-15T13:48:36.368+0200][398,526s] GC(1042) Phase 2: Compute new object addresses 88,551ms
[2019-04-15T13:48:36.368+0200][398,526s] GC(1042) Phase 3: Adjust pointers
[2019-04-15T13:48:36.470+0200][398,629s] GC(1042) Phase 3: Adjust pointers 102,050ms
[2019-04-15T13:48:36.470+0200][398,629s] GC(1042) Phase 4: Move objects
[2019-04-15T13:48:36.470+0200][398,629s] GC(1042) Phase 4: Move objects 0,082ms
[2019-04-15T13:48:36.470+0200][398,629s] GC(1042) ParNew: 109247K->108806K(109248K)
[2019-04-15T13:48:36.470+0200][398,629s] GC(1042) CMS: 393215K->393215K(393216K)
[2019-04-15T13:48:36.470+0200][398,629s] GC(1042) Metaspace: 85585K->85585K(1128448K)
[2019-04-15T13:48:36.470+0200][398,629s] GC(1042) Pause Full (Allocation Failure) 490M->490M(490M) 384,060ms
[2019-04-15T13:48:36.470+0200][398,629s] GC(1042) User=0,52s Sys=0,00s Real=0,38s
[2019-04-15T13:48:36.473+0200][398,632s] GC(1043) Pause Full (Allocation Failure)
[2019-04-15T13:48:36.473+0200][398,632s] GC(1043) Phase 1: Mark live objects
[2019-04-15T13:48:36.612+0200][398,771s] GC(1043) Phase 1: Mark live objects 138,798ms
[2019-04-15T13:48:36.612+0200][398,771s] GC(1043) Phase 2: Compute new object addresses
[2019-04-15T13:48:36.695+0200][398,854s] GC(1043) Phase 2: Compute new object addresses 83,300ms
[2019-04-15T13:48:36.695+0200][398,854s] GC(1043) Phase 3: Adjust pointers
[2019-04-15T13:48:36.803+0200][398,962s] GC(1043) Phase 3: Adjust pointers 107,290ms
[2019-04-15T13:48:36.803+0200][398,962s] GC(1043) Phase 4: Move objects
[2019-04-15T13:48:36.847+0200][399,006s] GC(1043) Phase 4: Move objects 44,561ms
[2019-04-15T13:48:36.848+0200][399,007s] GC(1043) ParNew: 109248K->102274K(109248K)
[2019-04-15T13:48:36.848+0200][399,007s] GC(1043) CMS: 393215K->393215K(393216K)
[2019-04-15T13:48:36.848+0200][399,007s] GC(1043) Metaspace: 85585K->85585K(1128448K)
[2019-04-15T13:48:36.848+0200][399,007s] GC(1043) Pause Full (Allocation Failure) 490M->483M(490M) 375,150ms
[2019-04-15T13:48:36.848+0200][399,007s] GC(1043) User=0,37s Sys=0,00s Real=0,38s
[2019-04-15T13:48:36.848+0200][399,007s] GC(1044) Pause Initial Mark
[2019-04-15T13:48:36.886+0200][399,045s] GC(1044) Pause Initial Mark 483M->483M(490M) 37,836ms
[2019-04-15T13:48:36.886+0200][399,045s] GC(1044) User=0,05s Sys=0,00s Real=0,04s
[2019-04-15T13:48:36.886+0200][399,045s] GC(1044) Concurrent Mark
[2019-04-15T13:48:36.886+0200][399,045s] GC(1044) Using 4 workers of 4 for marking
[2019-04-15T13:48:36.947+0200][399,106s] GC(1045) Pause Full (Allocation Failure)
[2019-04-15T13:48:36.955+0200][399,114s] GC(1044) Concurrent Mark 69,222ms
[2019-04-15T13:48:36.955+0200][399,114s] GC(1044) User=0,26s Sys=0,00s Real=0,07s
[2019-04-15T13:48:36.956+0200][399,114s] GC(1045) Phase 1: Mark live objects
[2019-04-15T13:48:37.101+0200][399,260s] GC(1045) Phase 1: Mark live objects 145,662ms
[2019-04-15T13:48:37.101+0200][399,260s] GC(1045) Phase 2: Compute new object addresses
[2019-04-15T13:48:37.189+0200][399,348s] GC(1045) Phase 2: Compute new object addresses 87,574ms
[2019-04-15T13:48:37.189+0200][399,348s] GC(1045) Phase 3: Adjust pointers
[2019-04-15T13:48:37.293+0200][399,452s] GC(1045) Phase 3: Adjust pointers 104,425ms
[2019-04-15T13:48:37.293+0200][399,452s] GC(1045) Phase 4: Move objects
[2019-04-15T13:48:37.295+0200][399,454s] GC(1045) Phase 4: Move objects 1,328ms
[2019-04-15T13:48:37.295+0200][399,454s] GC(1045) ParNew: 109247K->104415K(109248K)
[2019-04-15T13:48:37.295+0200][399,454s] GC(1045) CMS: 393216K->393215K(393216K)
[2019-04-15T13:48:37.295+0200][399,454s] GC(1045) Metaspace: 85585K->85585K(1128448K)
[2019-04-15T13:48:37.295+0200][399,454s] GC(1045) Pause Full (Allocation Failure) 490M->485M(490M) 348,055ms
[2019-04-15T13:48:37.295+0200][399,454s] GC(1045) User=0,37s Sys=0,00s Real=0,35s
[2019-04-15T13:48:37.319+0200][399,478s] GC(1046) Pause Full (Allocation Failure)
[2019-04-15T13:48:37.320+0200][399,479s] GC(1046) Phase 1: Mark live objects
[2019-04-15T13:48:37.459+0200][399,618s] GC(1046) Phase 1: Mark live objects 139,241ms
[2019-04-15T13:48:37.459+0200][399,618s] GC(1046) Phase 2: Compute new object addresses
[2019-04-15T13:48:37.544+0200][399,703s] GC(1046) Phase 2: Compute new object addresses 85,512ms
[2019-04-15T13:48:37.545+0200][399,703s] GC(1046) Phase 3: Adjust pointers
[2019-04-15T13:48:37.651+0200][399,810s] GC(1046) Phase 3: Adjust pointers 106,273ms
[2019-04-15T13:48:37.651+0200][399,810s] GC(1046) Phase 4: Move objects
[2019-04-15T13:48:37.686+0200][399,845s] GC(1046) Phase 4: Move objects 35,364ms
[2019-04-15T13:48:37.687+0200][399,846s] GC(1046) ParNew: 109247K->105964K(109248K)
[2019-04-15T13:48:37.687+0200][399,846s] GC(1046) CMS: 393216K->393215K(393216K)
[2019-04-15T13:48:37.687+0200][399,846s] GC(1046) Metaspace: 85585K->85585K(1128448K)
[2019-04-15T13:48:37.687+0200][399,846s] GC(1046) Pause Full (Allocation Failure) 490M->487M(490M) 367,610ms
[2019-04-15T13:48:37.687+0200][399,846s] GC(1046) User=0,36s Sys=0,00s Real=0,37s
[2019-04-15T13:48:37.687+0200][399,846s] GC(1047) Pause Initial Mark
[2019-04-15T13:48:37.731+0200][399,890s] GC(1047) Pause Initial Mark 487M->487M(490M) 43,796ms
[2019-04-15T13:48:37.731+0200][399,890s] GC(1047) User=0,06s Sys=0,00s Real=0,04s
[2019-04-15T13:48:37.731+0200][399,890s] GC(1047) Concurrent Mark
[2019-04-15T13:48:37.731+0200][399,890s] GC(1047) Using 4 workers of 4 for marking
[2019-04-15T13:48:37.795+0200][399,954s] GC(1047) Concurrent Mark 64,207ms
[2019-04-15T13:48:37.795+0200][399,954s] GC(1047) User=0,24s Sys=0,00s Real=0,07s
[2019-04-15T13:48:37.795+0200][399,954s] GC(1047) Concurrent Preclean
[2019-04-15T13:48:37.798+0200][399,957s] GC(1048) Pause Full (Allocation Failure)
[2019-04-15T13:48:37.873+0200][400,032s] GC(1047) Concurrent Preclean 77,849ms
[2019-04-15T13:48:37.873+0200][400,032s] GC(1047) User=0,08s Sys=0,00s Real=0,08s
[2019-04-15T13:48:37.874+0200][400,033s] GC(1048) Phase 1: Mark live objects
[2019-04-15T13:48:38.012+0200][400,171s] GC(1048) Phase 1: Mark live objects 138,313ms
[2019-04-15T13:48:38.012+0200][400,171s] GC(1048) Phase 2: Compute new object addresses
[2019-04-15T13:48:38.099+0200][400,258s] GC(1048) Phase 2: Compute new object addresses 87,348ms
[2019-04-15T13:48:38.099+0200][400,258s] GC(1048) Phase 3: Adjust pointers
[2019-04-15T13:48:38.206+0200][400,365s] GC(1048) Phase 3: Adjust pointers 106,281ms
[2019-04-15T13:48:38.206+0200][400,365s] GC(1048) Phase 4: Move objects
[2019-04-15T13:48:38.239+0200][400,398s] GC(1048) Phase 4: Move objects 33,048ms
[2019-04-15T13:48:38.240+0200][400,399s] GC(1048) ParNew: 109248K->106913K(109248K)
[2019-04-15T13:48:38.240+0200][400,399s] GC(1048) CMS: 393215K->393215K(393216K)
[2019-04-15T13:48:38.240+0200][400,399s] GC(1048) Metaspace: 85585K->85585K(1128448K)
[2019-04-15T13:48:38.240+0200][400,399s] GC(1048) Pause Full (Allocation Failure) 490M->488M(490M) 442,467ms
[2019-04-15T13:48:38.240+0200][400,399s] GC(1048) User=0,44s Sys=0,00s Real=0,44s
[2019-04-15T13:48:38.253+0200][400,412s] GC(1049) Pause Full (Allocation Failure)
[2019-04-15T13:48:38.253+0200][400,412s] GC(1049) Phase 1: Mark live objects
[2019-04-15T13:48:38.396+0200][400,555s] GC(1049) Phase 1: Mark live objects 142,467ms
[2019-04-15T13:48:38.396+0200][400,555s] GC(1049) Phase 2: Compute new object addresses
[2019-04-15T13:48:38.484+0200][400,643s] GC(1049) Phase 2: Compute new object addresses 88,402ms
[2019-04-15T13:48:38.484+0200][400,643s] GC(1049) Phase 3: Adjust pointers
[2019-04-15T13:48:38.586+0200][400,745s] GC(1049) Phase 3: Adjust pointers 102,261ms
[2019-04-15T13:48:38.586+0200][400,745s] GC(1049) Phase 4: Move objects
[2019-04-15T13:48:38.589+0200][400,748s] GC(1049) Phase 4: Move objects 2,107ms
[2019-04-15T13:48:38.589+0200][400,748s] GC(1049) ParNew: 109247K->106853K(109248K)
[2019-04-15T13:48:38.589+0200][400,748s] GC(1049) CMS: 393215K->393215K(393216K)
[2019-04-15T13:48:38.589+0200][400,748s] GC(1049) Metaspace: 85585K->85585K(1128448K)
[2019-04-15T13:48:38.589+0200][400,748s] GC(1049) Pause Full (Allocation Failure) 490M->488M(490M) 336,709ms
[2019-04-15T13:48:38.589+0200][400,748s] GC(1049) User=0,34s Sys=0,00s Real=0,34s
[2019-04-15T13:48:38.590+0200][400,749s] GC(1050) Pause Initial Mark
[2019-04-15T13:48:38.637+0200][400,796s] GC(1050) Pause Initial Mark 488M->488M(490M) 46,924ms
[2019-04-15T13:48:38.637+0200][400,796s] GC(1050) User=0,06s Sys=0,00s Real=0,05s
[2019-04-15T13:48:38.637+0200][400,796s] GC(1050) Concurrent Mark
[2019-04-15T13:48:38.637+0200][400,796s] GC(1050) Using 4 workers of 4 for marking
[2019-04-15T13:48:38.671+0200][400,830s] GC(1051) Pause Full (Allocation Failure)
[2019-04-15T13:48:38.700+0200][400,859s] GC(1050) Concurrent Mark 63,768ms
[2019-04-15T13:48:38.701+0200][400,859s] GC(1050) User=0,25s Sys=0,00s Real=0,06s
[2019-04-15T13:48:38.701+0200][400,860s] GC(1051) Phase 1: Mark live objects
[2019-04-15T13:48:38.843+0200][401,002s] GC(1051) Phase 1: Mark live objects 142,715ms
[2019-04-15T13:48:38.843+0200][401,002s] GC(1051) Phase 2: Compute new object addresses
[2019-04-15T13:48:38.931+0200][401,090s] GC(1051) Phase 2: Compute new object addresses 87,961ms
[2019-04-15T13:48:38.931+0200][401,090s] GC(1051) Phase 3: Adjust pointers
[2019-04-15T13:48:39.039+0200][401,198s] GC(1051) Phase 3: Adjust pointers 107,485ms
[2019-04-15T13:48:39.039+0200][401,198s] GC(1051) Phase 4: Move objects
[2019-04-15T13:48:39.056+0200][401,215s] GC(1051) Phase 4: Move objects 16,601ms
[2019-04-15T13:48:39.056+0200][401,215s] GC(1051) ParNew: 109247K->106848K(109248K)
[2019-04-15T13:48:39.057+0200][401,215s] GC(1051) CMS: 393215K->393215K(393216K)
[2019-04-15T13:48:39.057+0200][401,215s] GC(1051) Metaspace: 85585K->85585K(1128448K)
[2019-04-15T13:48:39.057+0200][401,216s] GC(1051) Pause Full (Allocation Failure) 490M->488M(490M) 385,166ms
[2019-04-15T13:48:39.057+0200][401,216s] GC(1051) User=0,46s Sys=0,00s Real=0,39s
[2019-04-15T13:48:39.071+0200][401,230s] GC(1052) Pause Full (Allocation Failure)
[2019-04-15T13:48:39.071+0200][401,230s] GC(1052) Phase 1: Mark live objects
[2019-04-15T13:48:39.209+0200][401,368s] GC(1052) Phase 1: Mark live objects 138,051ms
[2019-04-15T13:48:39.209+0200][401,368s] GC(1052) Phase 2: Compute new object addresses
[2019-04-15T13:48:39.293+0200][401,451s] GC(1052) Phase 2: Compute new object addresses 83,216ms
[2019-04-15T13:48:39.293+0200][401,451s] GC(1052) Phase 3: Adjust pointers
[2019-04-15T13:48:39.399+0200][401,558s] GC(1052) Phase 3: Adjust pointers 106,566ms
[2019-04-15T13:48:39.399+0200][401,558s] GC(1052) Phase 4: Move objects
[2019-04-15T13:48:39.444+0200][401,602s] GC(1052) Phase 4: Move objects 44,368ms
[2019-04-15T13:48:39.444+0200][401,603s] GC(1052) ParNew: 109247K->106770K(109248K)
[2019-04-15T13:48:39.444+0200][401,603s] GC(1052) CMS: 393215K->393216K(393216K)
[2019-04-15T13:48:39.444+0200][401,603s] GC(1052) Metaspace: 85585K->85585K(1128448K)
[2019-04-15T13:48:39.444+0200][401,603s] GC(1052) Pause Full (Allocation Failure) 490M->488M(490M) 373,651ms
[2019-04-15T13:48:39.444+0200][401,603s] GC(1052) User=0,37s Sys=0,00s Real=0,37s
[2019-04-15T13:48:39.444+0200][401,603s] GC(1053) Pause Initial Mark
[2019-04-15T13:48:39.482+0200][401,641s] GC(1053) Pause Initial Mark 488M->488M(490M) 37,797ms
[2019-04-15T13:48:39.482+0200][401,641s] GC(1053) User=0,05s Sys=0,00s Real=0,04s
[2019-04-15T13:48:39.482+0200][401,641s] GC(1053) Concurrent Mark
[2019-04-15T13:48:39.482+0200][401,641s] GC(1053) Using 4 workers of 4 for marking
[2019-04-15T13:48:39.504+0200][401,663s] GC(1054) Pause Full (Allocation Failure)
[2019-04-15T13:48:39.542+0200][401,701s] GC(1053) Concurrent Mark 59,595ms
[2019-04-15T13:48:39.542+0200][401,701s] GC(1053) User=0,22s Sys=0,00s Real=0,06s
[2019-04-15T13:48:39.542+0200][401,701s] GC(1054) Phase 1: Mark live objects
[2019-04-15T13:48:39.681+0200][401,840s] GC(1054) Phase 1: Mark live objects 139,055ms
[2019-04-15T13:48:39.681+0200][401,840s] GC(1054) Phase 2: Compute new object addresses
[2019-04-15T13:48:39.766+0200][401,925s] GC(1054) Phase 2: Compute new object addresses 84,386ms
[2019-04-15T13:48:39.766+0200][401,925s] GC(1054) Phase 3: Adjust pointers
[2019-04-15T13:48:39.876+0200][402,035s] GC(1054) Phase 3: Adjust pointers 109,837ms
[2019-04-15T13:48:39.876+0200][402,035s] GC(1054) Phase 4: Move objects
[2019-04-15T13:48:39.922+0200][402,081s] GC(1054) Phase 4: Move objects 46,863ms
[2019-04-15T13:48:39.923+0200][402,082s] GC(1054) ParNew: 109247K->106792K(109248K)
[2019-04-15T13:48:39.923+0200][402,082s] GC(1054) CMS: 393216K->393215K(393216K)
[2019-04-15T13:48:39.923+0200][402,082s] GC(1054) Metaspace: 85585K->85585K(1128448K)
[2019-04-15T13:48:39.923+0200][402,082s] GC(1054) Pause Full (Allocation Failure) 490M->488M(490M) 418,682ms
[2019-04-15T13:48:39.923+0200][402,082s] GC(1054) User=0,51s Sys=0,00s Real=0,42s
[2019-04-15T13:48:39.936+0200][402,095s] GC(1055) Pause Full (Allocation Failure)
[2019-04-15T13:48:39.936+0200][402,095s] GC(1055) Phase 1: Mark live objects
[2019-04-15T13:48:40.084+0200][402,243s] GC(1055) Phase 1: Mark live objects 147,638ms
[2019-04-15T13:48:40.084+0200][402,243s] GC(1055) Phase 2: Compute new object addresses
[2019-04-15T13:48:40.169+0200][402,328s] GC(1055) Phase 2: Compute new object addresses 84,845ms
[2019-04-15T13:48:40.169+0200][402,328s] GC(1055) Phase 3: Adjust pointers
[2019-04-15T13:48:40.279+0200][402,438s] GC(1055) Phase 3: Adjust pointers 109,957ms
[2019-04-15T13:48:40.279+0200][402,438s] GC(1055) Phase 4: Move objects
[2019-04-15T13:48:40.326+0200][402,485s] GC(1055) Phase 4: Move objects 46,874ms
[2019-04-15T13:48:40.326+0200][402,485s] GC(1055) ParNew: 109226K->106738K(109248K)
[2019-04-15T13:48:40.326+0200][402,485s] GC(1055) CMS: 393215K->393215K(393216K)
[2019-04-15T13:48:40.326+0200][402,485s] GC(1055) Metaspace: 85585K->85585K(1128448K)
[2019-04-15T13:48:40.326+0200][402,485s] GC(1055) Pause Full (Allocation Failure) 490M->488M(490M) 390,654ms
[2019-04-15T13:48:40.326+0200][402,485s] GC(1055) User=0,39s Sys=0,00s Real=0,39s
[2019-04-15T13:48:40.327+0200][402,486s] GC(1056) Pause Initial Mark
[2019-04-15T13:48:40.374+0200][402,533s] GC(1056) Pause Initial Mark 488M->488M(490M) 47,666ms
[2019-04-15T13:48:40.374+0200][402,533s] GC(1056) User=0,06s Sys=0,00s Real=0,05s
[2019-04-15T13:48:40.374+0200][402,533s] GC(1056) Concurrent Mark
[2019-04-15T13:48:40.374+0200][402,533s] GC(1056) Using 4 workers of 4 for marking
[2019-04-15T13:48:40.418+0200][402,577s] GC(1057) Pause Full (Allocation Failure)
[2019-04-15T13:48:40.435+0200][402,594s] GC(1056) Concurrent Mark 60,924ms
[2019-04-15T13:48:40.435+0200][402,594s] GC(1056) User=0,23s Sys=0,00s Real=0,06s
[2019-04-15T13:48:40.436+0200][402,595s] GC(1057) Phase 1: Mark live objects
[2019-04-15T13:48:40.576+0200][402,735s] GC(1057) Phase 1: Mark live objects 140,189ms
[2019-04-15T13:48:40.576+0200][402,735s] GC(1057) Phase 2: Compute new object addresses
[2019-04-15T13:48:40.663+0200][402,822s] GC(1057) Phase 2: Compute new object addresses 87,439ms
[2019-04-15T13:48:40.663+0200][402,822s] GC(1057) Phase 3: Adjust pointers
[2019-04-15T13:48:40.765+0200][402,924s] GC(1057) Phase 3: Adjust pointers 101,266ms
[2019-04-15T13:48:40.765+0200][402,924s] GC(1057) Phase 4: Move objects
[2019-04-15T13:48:40.765+0200][402,924s] GC(1057) Phase 4: Move objects 0,510ms
[2019-04-15T13:48:40.766+0200][402,925s] GC(1057) ParNew: 109248K->107085K(109248K)
[2019-04-15T13:48:40.766+0200][402,925s] GC(1057) CMS: 393215K->393215K(393216K)
[2019-04-15T13:48:40.766+0200][402,925s] GC(1057) Metaspace: 85585K->85585K(1128448K)
[2019-04-15T13:48:40.766+0200][402,925s] GC(1057) Pause Full (Allocation Failure) 490M->488M(490M) 348,202ms
[2019-04-15T13:48:40.766+0200][402,925s] GC(1057) User=0,39s Sys=0,00s Real=0,35s
[2019-04-15T13:48:40.778+0200][402,937s] GC(1058) Pause Full (Allocation Failure)
[2019-04-15T13:48:40.779+0200][402,938s] GC(1058) Phase 1: Mark live objects
[2019-04-15T13:48:40.920+0200][403,079s] GC(1058) Phase 1: Mark live objects 141,431ms
[2019-04-15T13:48:40.920+0200][403,079s] GC(1058) Phase 2: Compute new object addresses
[2019-04-15T13:48:41.010+0200][403,169s] GC(1058) Phase 2: Compute new object addresses 89,512ms
[2019-04-15T13:48:41.010+0200][403,169s] GC(1058) Phase 3: Adjust pointers
[2019-04-15T13:48:41.115+0200][403,274s] GC(1058) Phase 3: Adjust pointers 105,097ms
[2019-04-15T13:48:41.115+0200][403,274s] GC(1058) Phase 4: Move objects
[2019-04-15T13:48:41.115+0200][403,274s] GC(1058) Phase 4: Move objects 0,245ms
[2019-04-15T13:48:41.116+0200][403,275s] GC(1058) ParNew: 109247K->107407K(109248K)
[2019-04-15T13:48:41.116+0200][403,275s] GC(1058) CMS: 393215K->393215K(393216K)
[2019-04-15T13:48:41.116+0200][403,275s] GC(1058) Metaspace: 85585K->85585K(1128448K)
[2019-04-15T13:48:41.116+0200][403,275s] GC(1058) Pause Full (Allocation Failure) 490M->488M(490M) 337,379ms
[2019-04-15T13:48:41.116+0200][403,275s] GC(1058) User=0,33s Sys=0,00s Real=0,34s
[2019-04-15T13:48:41.116+0200][403,275s] GC(1059) Pause Initial Mark
[2019-04-15T13:48:41.162+0200][403,321s] GC(1059) Pause Initial Mark 488M->488M(490M) 46,463ms
[2019-04-15T13:48:41.162+0200][403,321s] GC(1059) User=0,07s Sys=0,00s Real=0,04s
[2019-04-15T13:48:41.163+0200][403,321s] GC(1059) Concurrent Mark
[2019-04-15T13:48:41.163+0200][403,321s] GC(1059) Using 4 workers of 4 for marking
[2019-04-15T13:48:41.204+0200][403,363s] GC(1060) Pause Full (Allocation Failure)
[2019-04-15T13:48:41.222+0200][403,381s] GC(1059) Concurrent Mark 59,834ms
[2019-04-15T13:48:41.222+0200][403,381s] GC(1059) User=0,22s Sys=0,00s Real=0,06s
[2019-04-15T13:48:41.223+0200][403,382s] GC(1060) Phase 1: Mark live objects
[2019-04-15T13:48:41.362+0200][403,521s] GC(1060) Phase 1: Mark live objects 139,680ms
[2019-04-15T13:48:41.362+0200][403,521s] GC(1060) Phase 2: Compute new object addresses
[2019-04-15T13:48:41.451+0200][403,610s] GC(1060) Phase 2: Compute new object addresses 88,283ms
[2019-04-15T13:48:41.451+0200][403,610s] GC(1060) Phase 3: Adjust pointers
[2019-04-15T13:48:41.557+0200][403,716s] GC(1060) Phase 3: Adjust pointers 106,082ms
[2019-04-15T13:48:41.557+0200][403,716s] GC(1060) Phase 4: Move objects
[2019-04-15T13:48:41.557+0200][403,716s] GC(1060) Phase 4: Move objects 0,063ms
[2019-04-15T13:48:41.557+0200][403,716s] GC(1060) ParNew: 109247K->106856K(109248K)
[2019-04-15T13:48:41.558+0200][403,716s] GC(1060) CMS: 393215K->393215K(393216K)
[2019-04-15T13:48:41.558+0200][403,716s] GC(1060) Metaspace: 85585K->85585K(1128448K)
[2019-04-15T13:48:41.558+0200][403,716s] GC(1060) Pause Full (Allocation Failure) 490M->488M(490M) 353,238ms
[2019-04-15T13:48:41.558+0200][403,716s] GC(1060) User=0,40s Sys=0,00s Real=0,36s
[2019-04-15T13:48:41.570+0200][403,729s] GC(1061) Pause Full (Allocation Failure)
[2019-04-15T13:48:41.571+0200][403,730s] GC(1061) Phase 1: Mark live objects
[2019-04-15T13:48:41.710+0200][403,869s] GC(1061) Phase 1: Mark live objects 138,913ms
[2019-04-15T13:48:41.710+0200][403,869s] GC(1061) Phase 2: Compute new object addresses
[2019-04-15T13:48:41.796+0200][403,955s] GC(1061) Phase 2: Compute new object addresses 86,269ms
[2019-04-15T13:48:41.796+0200][403,955s] GC(1061) Phase 3: Adjust pointers
[2019-04-15T13:48:41.902+0200][404,061s] GC(1061) Phase 3: Adjust pointers 105,791ms
[2019-04-15T13:48:41.902+0200][404,061s] GC(1061) Phase 4: Move objects
[2019-04-15T13:48:41.950+0200][404,109s] GC(1061) Phase 4: Move objects 47,465ms
[2019-04-15T13:48:41.950+0200][404,109s] GC(1061) ParNew: 109248K->100479K(109248K)
[2019-04-15T13:48:41.950+0200][404,109s] GC(1061) CMS: 393216K->393215K(393216K)
[2019-04-15T13:48:41.950+0200][404,109s] GC(1061) Metaspace: 85585K->85585K(1128448K)
[2019-04-15T13:48:41.950+0200][404,109s] GC(1061) Pause Full (Allocation Failure) 490M->482M(490M) 379,924ms
[2019-04-15T13:48:41.950+0200][404,109s] GC(1061) User=0,38s Sys=0,00s Real=0,38s
[2019-04-15T13:48:41.951+0200][404,110s] GC(1062) Pause Initial Mark
[2019-04-15T13:48:41.987+0200][404,146s] GC(1062) Pause Initial Mark 482M->482M(490M) 36,681ms
[2019-04-15T13:48:41.987+0200][404,146s] GC(1062) User=0,05s Sys=0,00s Real=0,04s
[2019-04-15T13:48:41.987+0200][404,146s] GC(1062) Concurrent Mark
[2019-04-15T13:48:41.988+0200][404,146s] GC(1062) Using 4 workers of 4 for marking
[2019-04-15T13:48:42.082+0200][404,241s] GC(1063) Pause Full (Allocation Failure)
[2019-04-15T13:48:42.087+0200][404,245s] GC(1062) Concurrent Mark 99,040ms
[2019-04-15T13:48:42.087+0200][404,246s] GC(1062) User=0,32s Sys=0,00s Real=0,10s
[2019-04-15T13:48:42.087+0200][404,246s] GC(1063) Phase 1: Mark live objects
[2019-04-15T13:48:42.229+0200][404,388s] GC(1063) Phase 1: Mark live objects 142,718ms
[2019-04-15T13:48:42.230+0200][404,388s] GC(1063) Phase 2: Compute new object addresses
[2019-04-15T13:48:42.316+0200][404,475s] GC(1063) Phase 2: Compute new object addresses 86,895ms
[2019-04-15T13:48:42.316+0200][404,475s] GC(1063) Phase 3: Adjust pointers
[2019-04-15T13:48:42.423+0200][404,582s] GC(1063) Phase 3: Adjust pointers 106,447ms
[2019-04-15T13:48:42.423+0200][404,582s] GC(1063) Phase 4: Move objects
[2019-04-15T13:48:42.457+0200][404,616s] GC(1063) Phase 4: Move objects 34,408ms
[2019-04-15T13:48:42.458+0200][404,617s] GC(1063) ParNew: 109247K->100700K(109248K)
[2019-04-15T13:48:42.458+0200][404,617s] GC(1063) CMS: 393215K->393215K(393216K)
[2019-04-15T13:48:42.458+0200][404,617s] GC(1063) Metaspace: 85585K->85585K(1128448K)
[2019-04-15T13:48:42.458+0200][404,617s] GC(1063) Pause Full (Allocation Failure) 490M->482M(490M) 376,459ms
[2019-04-15T13:48:42.458+0200][404,617s] GC(1063) User=0,38s Sys=0,00s Real=0,38s
[2019-04-15T13:48:42.501+0200][404,660s] GC(1064) Pause Full (Allocation Failure)
[2019-04-15T13:48:42.502+0200][404,661s] GC(1064) Phase 1: Mark live objects
[2019-04-15T13:48:42.640+0200][404,799s] GC(1064) Phase 1: Mark live objects 137,612ms
[2019-04-15T13:48:42.640+0200][404,799s] GC(1064) Phase 2: Compute new object addresses
[2019-04-15T13:48:42.729+0200][404,888s] GC(1064) Phase 2: Compute new object addresses 89,209ms
[2019-04-15T13:48:42.729+0200][404,888s] GC(1064) Phase 3: Adjust pointers
[2019-04-15T13:48:42.832+0200][404,991s] GC(1064) Phase 3: Adjust pointers 103,257ms
[2019-04-15T13:48:42.832+0200][404,991s] GC(1064) Phase 4: Move objects
[2019-04-15T13:48:42.833+0200][404,992s] GC(1064) Phase 4: Move objects 0,390ms
[2019-04-15T13:48:42.833+0200][404,992s] GC(1064) ParNew: 109247K->100863K(109248K)
[2019-04-15T13:48:42.833+0200][404,992s] GC(1064) CMS: 393215K->393215K(393216K)
[2019-04-15T13:48:42.833+0200][404,992s] GC(1064) Metaspace: 85585K->85585K(1128448K)
[2019-04-15T13:48:42.834+0200][404,992s] GC(1064) Pause Full (Allocation Failure) 490M->482M(490M) 332,352ms
[2019-04-15T13:48:42.834+0200][404,992s] GC(1064) User=0,32s Sys=0,01s Real=0,34s
[2019-04-15T13:48:42.834+0200][404,993s] GC(1065) Pause Initial Mark
[2019-04-15T13:48:42.879+0200][405,038s] GC(1065) Pause Initial Mark 482M->482M(490M) 45,301ms
[2019-04-15T13:48:42.879+0200][405,038s] GC(1065) User=0,06s Sys=0,00s Real=0,04s
[2019-04-15T13:48:42.879+0200][405,038s] GC(1065) Concurrent Mark
[2019-04-15T13:48:42.879+0200][405,038s] GC(1065) Using 4 workers of 4 for marking
[2019-04-15T13:48:42.957+0200][405,115s] GC(1065) Concurrent Mark 77,290ms
[2019-04-15T13:48:42.957+0200][405,116s] GC(1065) User=0,30s Sys=0,00s Real=0,08s
[2019-04-15T13:48:42.957+0200][405,116s] GC(1065) Concurrent Preclean
[2019-04-15T13:48:42.961+0200][405,120s] GC(1066) Pause Full (Allocation Failure)
[2019-04-15T13:48:43.038+0200][405,197s] GC(1065) Concurrent Preclean 81,243ms
[2019-04-15T13:48:43.038+0200][405,197s] GC(1065) User=0,09s Sys=0,00s Real=0,08s
[2019-04-15T13:48:43.038+0200][405,197s] GC(1066) Phase 1: Mark live objects
[2019-04-15T13:48:43.174+0200][405,333s] GC(1066) Phase 1: Mark live objects 136,152ms
[2019-04-15T13:48:43.174+0200][405,333s] GC(1066) Phase 2: Compute new object addresses
[2019-04-15T13:48:43.261+0200][405,420s] GC(1066) Phase 2: Compute new object addresses 86,984ms
[2019-04-15T13:48:43.261+0200][405,420s] GC(1066) Phase 3: Adjust pointers
[2019-04-15T13:48:43.362+0200][405,521s] GC(1066) Phase 3: Adjust pointers 100,737ms
[2019-04-15T13:48:43.362+0200][405,521s] GC(1066) Phase 4: Move objects
[2019-04-15T13:48:43.363+0200][405,522s] GC(1066) Phase 4: Move objects 0,674ms
[2019-04-15T13:48:43.363+0200][405,522s] GC(1066) ParNew: 109247K->101641K(109248K)
[2019-04-15T13:48:43.363+0200][405,522s] GC(1066) CMS: 393215K->393215K(393216K)
[2019-04-15T13:48:43.363+0200][405,522s] GC(1066) Metaspace: 85585K->85585K(1128448K)
[2019-04-15T13:48:43.363+0200][405,522s] GC(1066) Pause Full (Allocation Failure) 490M->483M(490M) 402,653ms
[2019-04-15T13:48:43.363+0200][405,522s] GC(1066) User=0,40s Sys=0,00s Real=0,40s
[2019-04-15T13:48:43.405+0200][405,564s] GC(1067) Pause Full (Allocation Failure)
[2019-04-15T13:48:43.405+0200][405,564s] GC(1067) Phase 1: Mark live objects
[2019-04-15T13:48:43.544+0200][405,703s] GC(1067) Phase 1: Mark live objects 138,687ms
[2019-04-15T13:48:43.544+0200][405,703s] GC(1067) Phase 2: Compute new object addresses
[2019-04-15T13:48:43.631+0200][405,790s] GC(1067) Phase 2: Compute new object addresses 86,503ms
[2019-04-15T13:48:43.631+0200][405,790s] GC(1067) Phase 3: Adjust pointers
[2019-04-15T13:48:43.733+0200][405,892s] GC(1067) Phase 3: Adjust pointers 102,711ms
[2019-04-15T13:48:43.733+0200][405,892s] GC(1067) Phase 4: Move objects
[2019-04-15T13:48:43.748+0200][405,906s] GC(1067) Phase 4: Move objects 14,166ms
[2019-04-15T13:48:43.748+0200][405,907s] GC(1067) ParNew: 109247K->103949K(109248K)
[2019-04-15T13:48:43.748+0200][405,907s] GC(1067) CMS: 393216K->393216K(393216K)
[2019-04-15T13:48:43.748+0200][405,907s] GC(1067) Metaspace: 85585K->85585K(1128448K)
[2019-04-15T13:48:43.748+0200][405,907s] GC(1067) Pause Full (Allocation Failure) 490M->485M(490M) 343,276ms
[2019-04-15T13:48:43.748+0200][405,907s] GC(1067) User=0,35s Sys=0,00s Real=0,34s
[2019-04-15T13:48:43.748+0200][405,907s] GC(1068) Pause Initial Mark
[2019-04-15T13:48:43.792+0200][405,951s] GC(1068) Pause Initial Mark 485M->485M(490M) 43,467ms
[2019-04-15T13:48:43.792+0200][405,951s] GC(1068) User=0,05s Sys=0,00s Real=0,04s
[2019-04-15T13:48:43.792+0200][405,951s] GC(1068) Concurrent Mark
[2019-04-15T13:48:43.792+0200][405,951s] GC(1068) Using 4 workers of 4 for marking
[2019-04-15T13:48:43.859+0200][406,018s] GC(1068) Concurrent Mark 66,907ms
[2019-04-15T13:48:43.859+0200][406,018s] GC(1068) User=0,26s Sys=0,00s Real=0,07s
[2019-04-15T13:48:43.859+0200][406,018s] GC(1068) Concurrent Preclean
[2019-04-15T13:48:43.865+0200][406,024s] GC(1069) Pause Full (Allocation Failure)
[2019-04-15T13:48:43.934+0200][406,093s] GC(1068) Concurrent Preclean 74,730ms
[2019-04-15T13:48:43.934+0200][406,093s] GC(1068) User=0,08s Sys=0,00s Real=0,08s
[2019-04-15T13:48:43.934+0200][406,093s] GC(1069) Phase 1: Mark live objects
[2019-04-15T13:48:44.082+0200][406,241s] GC(1069) Phase 1: Mark live objects 148,404ms
[2019-04-15T13:48:44.082+0200][406,241s] GC(1069) Phase 2: Compute new object addresses
[2019-04-15T13:48:44.172+0200][406,331s] GC(1069) Phase 2: Compute new object addresses 90,142ms
[2019-04-15T13:48:44.173+0200][406,331s] GC(1069) Phase 3: Adjust pointers
[2019-04-15T13:48:44.278+0200][406,437s] GC(1069) Phase 3: Adjust pointers 105,574ms
[2019-04-15T13:48:44.278+0200][406,437s] GC(1069) Phase 4: Move objects
[2019-04-15T13:48:44.280+0200][406,439s] GC(1069) Phase 4: Move objects 1,689ms
[2019-04-15T13:48:44.280+0200][406,439s] GC(1069) ParNew: 109145K->105503K(109248K)
[2019-04-15T13:48:44.280+0200][406,439s] GC(1069) CMS: 393216K->393215K(393216K)
[2019-04-15T13:48:44.280+0200][406,439s] GC(1069) Metaspace: 85585K->85585K(1128448K)
[2019-04-15T13:48:44.280+0200][406,439s] GC(1069) Pause Full (Allocation Failure) 490M->487M(490M) 415,516ms
[2019-04-15T13:48:44.281+0200][406,439s] GC(1069) User=0,42s Sys=0,00s Real=0,41s
[2019-04-15T13:48:44.298+0200][406,457s] GC(1070) Pause Full (Allocation Failure)
[2019-04-15T13:48:44.299+0200][406,458s] GC(1070) Phase 1: Mark live objects
[2019-04-15T13:48:44.432+0200][406,591s] GC(1070) Phase 1: Mark live objects 133,358ms
[2019-04-15T13:48:44.432+0200][406,591s] GC(1070) Phase 2: Compute new object addresses
[2019-04-15T13:48:44.516+0200][406,675s] GC(1070) Phase 2: Compute new object addresses 83,964ms
[2019-04-15T13:48:44.516+0200][406,675s] GC(1070) Phase 3: Adjust pointers
[2019-04-15T13:48:44.620+0200][406,779s] GC(1070) Phase 3: Adjust pointers 103,565ms
[2019-04-15T13:48:44.620+0200][406,779s] GC(1070) Phase 4: Move objects
[2019-04-15T13:48:44.661+0200][406,820s] GC(1070) Phase 4: Move objects 41,419ms
[2019-04-15T13:48:44.662+0200][406,821s] GC(1070) ParNew: 109247K->93265K(109248K)
[2019-04-15T13:48:44.662+0200][406,821s] GC(1070) CMS: 393215K->393215K(393216K)
[2019-04-15T13:48:44.662+0200][406,821s] GC(1070) Metaspace: 85585K->85585K(1128448K)
[2019-04-15T13:48:44.662+0200][406,821s] GC(1070) Pause Full (Allocation Failure) 490M->475M(490M) 363,611ms
[2019-04-15T13:48:44.662+0200][406,821s] GC(1070) User=0,37s Sys=0,00s Real=0,36s
[2019-04-15T13:48:44.662+0200][406,821s] GC(1071) Pause Initial Mark
[2019-04-15T13:48:44.705+0200][406,864s] GC(1071) Pause Initial Mark 475M->475M(490M) 42,599ms
[2019-04-15T13:48:44.705+0200][406,864s] GC(1071) User=0,05s Sys=0,00s Real=0,05s
[2019-04-15T13:48:44.705+0200][406,864s] GC(1071) Concurrent Mark
[2019-04-15T13:48:44.705+0200][406,864s] GC(1071) Using 4 workers of 4 for marking
[2019-04-15T13:48:44.776+0200][406,935s] GC(1071) Concurrent Mark 70,746ms
[2019-04-15T13:48:44.776+0200][406,935s] GC(1071) User=0,26s Sys=0,01s Real=0,07s
[2019-04-15T13:48:44.776+0200][406,935s] GC(1071) Concurrent Preclean
[2019-04-15T13:48:44.822+0200][406,981s] GC(1072) Pause Full (Allocation Failure)
[2019-04-15T13:48:44.850+0200][407,009s] GC(1071) Concurrent Preclean 74,636ms
[2019-04-15T13:48:44.851+0200][407,009s] GC(1071) User=0,12s Sys=0,00s Real=0,07s
[2019-04-15T13:48:44.851+0200][407,010s] GC(1072) Phase 1: Mark live objects
[2019-04-15T13:48:44.984+0200][407,143s] GC(1072) Phase 1: Mark live objects 132,838ms
[2019-04-15T13:48:44.984+0200][407,143s] GC(1072) Phase 2: Compute new object addresses
[2019-04-15T13:48:45.073+0200][407,232s] GC(1072) Phase 2: Compute new object addresses 89,409ms
[2019-04-15T13:48:45.073+0200][407,232s] GC(1072) Phase 3: Adjust pointers
[2019-04-15T13:48:45.171+0200][407,330s] GC(1072) Phase 3: Adjust pointers 98,258ms
[2019-04-15T13:48:45.171+0200][407,330s] GC(1072) Phase 4: Move objects
[2019-04-15T13:48:45.174+0200][407,333s] GC(1072) Phase 4: Move objects 2,304ms
[2019-04-15T13:48:45.174+0200][407,333s] GC(1072) ParNew: 109247K->93964K(109248K)
[2019-04-15T13:48:45.174+0200][407,333s] GC(1072) CMS: 393215K->393215K(393216K)
[2019-04-15T13:48:45.174+0200][407,333s] GC(1072) Metaspace: 85585K->85585K(1128448K)
[2019-04-15T13:48:45.174+0200][407,333s] GC(1072) Pause Full (Allocation Failure) 490M->475M(490M) 352,186ms
[2019-04-15T13:48:45.174+0200][407,333s] GC(1072) User=0,35s Sys=0,00s Real=0,36s
[2019-04-15T13:48:45.253+0200][407,412s] GC(1073) Pause Full (Allocation Failure)
[2019-04-15T13:48:45.253+0200][407,412s] GC(1073) Phase 1: Mark live objects
[2019-04-15T13:48:45.388+0200][407,547s] GC(1073) Phase 1: Mark live objects 134,712ms
[2019-04-15T13:48:45.388+0200][407,547s] GC(1073) Phase 2: Compute new object addresses
[2019-04-15T13:48:45.474+0200][407,633s] GC(1073) Phase 2: Compute new object addresses 85,752ms
[2019-04-15T13:48:45.474+0200][407,633s] GC(1073) Phase 3: Adjust pointers
[2019-04-15T13:48:45.574+0200][407,733s] GC(1073) Phase 3: Adjust pointers 100,516ms
[2019-04-15T13:48:45.575+0200][407,733s] GC(1073) Phase 4: Move objects
[2019-04-15T13:48:45.586+0200][407,745s] GC(1073) Phase 4: Move objects 11,453ms
[2019-04-15T13:48:45.587+0200][407,746s] GC(1073) ParNew: 109049K->96115K(109248K)
[2019-04-15T13:48:45.587+0200][407,746s] GC(1073) CMS: 393215K->393215K(393216K)
[2019-04-15T13:48:45.587+0200][407,746s] GC(1073) Metaspace: 85585K->85585K(1128448K)
[2019-04-15T13:48:45.587+0200][407,746s] GC(1073) Pause Full (Allocation Failure) 490M->477M(490M) 333,589ms
[2019-04-15T13:48:45.587+0200][407,746s] GC(1073) User=0,34s Sys=0,00s Real=0,33s
[2019-04-15T13:48:45.587+0200][407,746s] GC(1074) Pause Initial Mark
[2019-04-15T13:48:45.630+0200][407,789s] GC(1074) Pause Initial Mark 478M->478M(490M) 43,242ms
[2019-04-15T13:48:45.630+0200][407,789s] GC(1074) User=0,05s Sys=0,00s Real=0,04s
[2019-04-15T13:48:45.630+0200][407,789s] GC(1074) Concurrent Mark
[2019-04-15T13:48:45.630+0200][407,789s] GC(1074) Using 4 workers of 4 for marking
[2019-04-15T13:48:45.708+0200][407,867s] GC(1074) Concurrent Mark 77,495ms
[2019-04-15T13:48:45.708+0200][407,867s] GC(1074) User=0,30s Sys=0,00s Real=0,08s
[2019-04-15T13:48:45.708+0200][407,867s] GC(1074) Concurrent Preclean
[2019-04-15T13:48:45.735+0200][407,894s] GC(1075) Pause Full (Allocation Failure)
[2019-04-15T13:48:45.787+0200][407,946s] GC(1074) Concurrent Preclean 78,933ms
[2019-04-15T13:48:45.787+0200][407,946s] GC(1074) User=0,11s Sys=0,00s Real=0,08s
[2019-04-15T13:48:45.787+0200][407,946s] GC(1075) Phase 1: Mark live objects
[2019-04-15T13:48:45.923+0200][408,082s] GC(1075) Phase 1: Mark live objects 136,258ms
[2019-04-15T13:48:45.923+0200][408,082s] GC(1075) Phase 2: Compute new object addresses
[2019-04-15T13:48:46.012+0200][408,171s] GC(1075) Phase 2: Compute new object addresses 88,658ms
[2019-04-15T13:48:46.012+0200][408,171s] GC(1075) Phase 3: Adjust pointers
[2019-04-15T13:48:46.126+0200][408,285s] GC(1075) Phase 3: Adjust pointers 113,907ms
[2019-04-15T13:48:46.126+0200][408,285s] GC(1075) Phase 4: Move objects
[2019-04-15T13:48:46.128+0200][408,287s] GC(1075) Phase 4: Move objects 2,233ms
[2019-04-15T13:48:46.129+0200][408,288s] GC(1075) ParNew: 109247K->100140K(109248K)
[2019-04-15T13:48:46.129+0200][408,288s] GC(1075) CMS: 393216K->393215K(393216K)
[2019-04-15T13:48:46.129+0200][408,288s] GC(1075) Metaspace: 85585K->85585K(1128448K)
[2019-04-15T13:48:46.129+0200][408,288s] GC(1075) Pause Full (Allocation Failure) 490M->481M(490M) 393,650ms
[2019-04-15T13:48:46.129+0200][408,288s] GC(1075) User=0,38s Sys=0,00s Real=0,39s
[2019-04-15T13:48:46.177+0200][408,336s] GC(1076) Pause Full (Allocation Failure)
[2019-04-15T13:48:46.178+0200][408,337s] GC(1076) Phase 1: Mark live objects
[2019-04-15T13:48:46.317+0200][408,476s] GC(1076) Phase 1: Mark live objects 139,321ms
[2019-04-15T13:48:46.317+0200][408,476s] GC(1076) Phase 2: Compute new object addresses
[2019-04-15T13:48:46.406+0200][408,565s] GC(1076) Phase 2: Compute new object addresses 89,260ms
[2019-04-15T13:48:46.406+0200][408,565s] GC(1076) Phase 3: Adjust pointers
[2019-04-15T13:48:46.509+0200][408,668s] GC(1076) Phase 3: Adjust pointers 102,556ms
[2019-04-15T13:48:46.509+0200][408,668s] GC(1076) Phase 4: Move objects
[2019-04-15T13:48:46.514+0200][408,673s] GC(1076) Phase 4: Move objects 4,980ms
[2019-04-15T13:48:46.515+0200][408,673s] GC(1076) ParNew: 109247K->102484K(109248K)
[2019-04-15T13:48:46.515+0200][408,673s] GC(1076) CMS: 393216K->393216K(393216K)
[2019-04-15T13:48:46.515+0200][408,673s] GC(1076) Metaspace: 85585K->85585K(1128448K)
[2019-04-15T13:48:46.515+0200][408,674s] GC(1076) Pause Full (Allocation Failure) 490M->484M(490M) 337,452ms
[2019-04-15T13:48:46.515+0200][408,674s] GC(1076) User=0,34s Sys=0,00s Real=0,34s
[2019-04-15T13:48:46.515+0200][408,674s] GC(1077) Pause Initial Mark
[2019-04-15T13:48:46.556+0200][408,715s] GC(1077) Pause Initial Mark 484M->484M(490M) 40,800ms
[2019-04-15T13:48:46.556+0200][408,715s] GC(1077) User=0,05s Sys=0,00s Real=0,04s
[2019-04-15T13:48:46.556+0200][408,715s] GC(1077) Concurrent Mark
[2019-04-15T13:48:46.556+0200][408,715s] GC(1077) Using 4 workers of 4 for marking
[2019-04-15T13:48:46.621+0200][408,780s] GC(1077) Concurrent Mark 65,525ms
[2019-04-15T13:48:46.621+0200][408,780s] GC(1077) User=0,25s Sys=0,00s Real=0,06s
[2019-04-15T13:48:46.621+0200][408,780s] GC(1077) Concurrent Preclean
[2019-04-15T13:48:46.636+0200][408,795s] GC(1078) Pause Full (Allocation Failure)
[2019-04-15T13:48:46.698+0200][408,857s] GC(1077) Concurrent Preclean 76,643ms
[2019-04-15T13:48:46.698+0200][408,857s] GC(1077) User=0,09s Sys=0,00s Real=0,08s
[2019-04-15T13:48:46.698+0200][408,857s] GC(1078) Phase 1: Mark live objects
[2019-04-15T13:48:46.842+0200][409,001s] GC(1078) Phase 1: Mark live objects 143,712ms
[2019-04-15T13:48:46.842+0200][409,001s] GC(1078) Phase 2: Compute new object addresses
[2019-04-15T13:48:46.931+0200][409,090s] GC(1078) Phase 2: Compute new object addresses 89,234ms
[2019-04-15T13:48:46.931+0200][409,090s] GC(1078) Phase 3: Adjust pointers
[2019-04-15T13:48:47.045+0200][409,204s] GC(1078) Phase 3: Adjust pointers 113,104ms
[2019-04-15T13:48:47.045+0200][409,204s] GC(1078) Phase 4: Move objects
[2019-04-15T13:48:47.048+0200][409,207s] GC(1078) Phase 4: Move objects 3,568ms
[2019-04-15T13:48:47.049+0200][409,208s] GC(1078) ParNew: 109247K->104542K(109248K)
[2019-04-15T13:48:47.049+0200][409,208s] GC(1078) CMS: 393216K->393215K(393216K)
[2019-04-15T13:48:47.049+0200][409,208s] GC(1078) Metaspace: 85585K->85585K(1128448K)
[2019-04-15T13:48:47.049+0200][409,208s] GC(1078) Pause Full (Allocation Failure) 490M->486M(490M) 413,317ms
[2019-04-15T13:48:47.049+0200][409,208s] GC(1078) User=0,41s Sys=0,00s Real=0,41s
[2019-04-15T13:48:47.073+0200][409,232s] GC(1079) Pause Full (Allocation Failure)
[2019-04-15T13:48:47.073+0200][409,232s] GC(1079) Phase 1: Mark live objects
[2019-04-15T13:48:47.197+0200][409,356s] GC(1079) Phase 1: Mark live objects 123,424ms
[2019-04-15T13:48:47.197+0200][409,356s] GC(1079) Phase 2: Compute new object addresses
[2019-04-15T13:48:47.281+0200][409,440s] GC(1079) Phase 2: Compute new object addresses 83,860ms
[2019-04-15T13:48:47.281+0200][409,440s] GC(1079) Phase 3: Adjust pointers
[2019-04-15T13:48:47.375+0200][409,534s] GC(1079) Phase 3: Adjust pointers 94,013ms
[2019-04-15T13:48:47.375+0200][409,534s] GC(1079) Phase 4: Move objects
[2019-04-15T13:48:47.408+0200][409,567s] GC(1079) Phase 4: Move objects 33,696ms
[2019-04-15T13:48:47.409+0200][409,568s] GC(1079) ParNew: 109247K->72540K(109248K)
[2019-04-15T13:48:47.409+0200][409,568s] GC(1079) CMS: 393215K->393215K(393216K)
[2019-04-15T13:48:47.409+0200][409,568s] GC(1079) Metaspace: 85585K->85585K(1128448K)
[2019-04-15T13:48:47.409+0200][409,568s] GC(1079) Pause Full (Allocation Failure) 490M->454M(490M) 336,379ms
[2019-04-15T13:48:47.409+0200][409,568s] GC(1079) User=0,34s Sys=0,00s Real=0,34s
[2019-04-15T13:48:47.413+0200][409,571s] GC(1080) Pause Initial Mark
[2019-04-15T13:48:47.447+0200][409,606s] GC(1080) Pause Initial Mark 460M->460M(490M) 34,625ms
[2019-04-15T13:48:47.447+0200][409,606s] GC(1080) User=0,04s Sys=0,00s Real=0,04s
[2019-04-15T13:48:47.448+0200][409,607s] GC(1080) Concurrent Mark
[2019-04-15T13:48:47.448+0200][409,607s] GC(1080) Using 4 workers of 4 for marking
[2019-04-15T13:48:47.523+0200][409,682s] GC(1080) Concurrent Mark 74,904ms
[2019-04-15T13:48:47.523+0200][409,682s] GC(1080) User=0,27s Sys=0,00s Real=0,07s
[2019-04-15T13:48:47.523+0200][409,682s] GC(1080) Concurrent Preclean
[2019-04-15T13:48:47.607+0200][409,765s] GC(1080) Concurrent Preclean 83,872ms
[2019-04-15T13:48:47.607+0200][409,766s] GC(1080) User=0,17s Sys=0,00s Real=0,09s
[2019-04-15T13:48:47.607+0200][409,766s] GC(1080) Concurrent Abortable Preclean
[2019-04-15T13:48:47.607+0200][409,766s] GC(1080) Concurrent Abortable Preclean 0,006ms
[2019-04-15T13:48:47.607+0200][409,766s] GC(1080) User=0,00s Sys=0,00s Real=0,00s
[2019-04-15T13:48:47.607+0200][409,766s] GC(1080) Pause Remark
[2019-04-15T13:48:47.607+0200][409,766s] GC(1081) Pause Young (CMS Final Remark)
[2019-04-15T13:48:47.607+0200][409,766s] GC(1081) Using 4 workers of 4 for evacuation
[2019-04-15T13:48:47.607+0200][409,766s] GC(1081) ParNew: 109094K->109094K(109248K)
[2019-04-15T13:48:47.607+0200][409,766s] GC(1081) CMS: 393215K->393215K(393216K)
[2019-04-15T13:48:47.607+0200][409,766s] GC(1081) Metaspace: 85585K->85585K(1128448K)
[2019-04-15T13:48:47.607+0200][409,766s] GC(1081) Pause Young (CMS Final Remark) 490M->490M(490M) 0,056ms
[2019-04-15T13:48:47.607+0200][409,766s] GC(1081) User=0,00s Sys=0,00s Real=0,00s
[2019-04-15T13:48:47.693+0200][409,852s] GC(1080) Pause Remark 490M->490M(490M) 86,713ms
[2019-04-15T13:48:47.693+0200][409,852s] GC(1080) User=0,25s Sys=0,00s Real=0,09s
[2019-04-15T13:48:47.694+0200][409,853s] GC(1080) Concurrent Sweep
[2019-04-15T13:48:47.695+0200][409,854s] GC(1082) Pause Full (Allocation Failure)
[2019-04-15T13:48:47.739+0200][409,898s] GC(1080) Concurrent Sweep 45,250ms
[2019-04-15T13:48:47.739+0200][409,898s] GC(1080) User=0,05s Sys=0,00s Real=0,04s
[2019-04-15T13:48:47.739+0200][409,898s] GC(1082) Phase 1: Mark live objects
[2019-04-15T13:48:47.844+0200][410,003s] GC(1082) Phase 1: Mark live objects 105,200ms
[2019-04-15T13:48:47.844+0200][410,003s] GC(1082) Phase 2: Compute new object addresses
[2019-04-15T13:48:47.923+0200][410,082s] GC(1082) Phase 2: Compute new object addresses 78,680ms
[2019-04-15T13:48:47.923+0200][410,082s] GC(1082) Phase 3: Adjust pointers
[2019-04-15T13:48:48.000+0200][410,159s] GC(1082) Phase 3: Adjust pointers 76,740ms
[2019-04-15T13:48:48.000+0200][410,159s] GC(1082) Phase 4: Move objects
[2019-04-15T13:48:48.021+0200][410,180s] GC(1082) Phase 4: Move objects 21,350ms
[2019-04-15T13:48:48.022+0200][410,181s] GC(1082) ParNew: 109247K->26931K(109248K)
[2019-04-15T13:48:48.022+0200][410,181s] GC(1082) CMS: 393215K->393215K(393216K)
[2019-04-15T13:48:48.022+0200][410,181s] GC(1082) Metaspace: 85585K->85585K(1128448K)
[2019-04-15T13:48:48.022+0200][410,181s] GC(1082) Pause Full (Allocation Failure) 490M->410M(490M) 327,504ms
[2019-04-15T13:48:48.022+0200][410,181s] GC(1082) User=0,32s Sys=0,00s Real=0,32s
[2019-04-15T13:48:48.022+0200][410,181s] GC(1080) Old: 393215K->393215K(393216K)
[2019-04-15T13:48:48.174+0200][410,333s] GC(1083) Pause Full (Allocation Failure)
[2019-04-15T13:48:48.175+0200][410,333s] GC(1083) Phase 1: Mark live objects
[2019-04-15T13:48:48.290+0200][410,449s] GC(1083) Phase 1: Mark live objects 115,669ms
[2019-04-15T13:48:48.290+0200][410,449s] GC(1083) Phase 2: Compute new object addresses
[2019-04-15T13:48:48.371+0200][410,530s] GC(1083) Phase 2: Compute new object addresses 80,877ms
[2019-04-15T13:48:48.371+0200][410,530s] GC(1083) Phase 3: Adjust pointers
[2019-04-15T13:48:48.458+0200][410,617s] GC(1083) Phase 3: Adjust pointers 86,800ms
[2019-04-15T13:48:48.458+0200][410,617s] GC(1083) Phase 4: Move objects
[2019-04-15T13:48:48.473+0200][410,632s] GC(1083) Phase 4: Move objects 15,298ms
[2019-04-15T13:48:48.474+0200][410,633s] GC(1083) ParNew: 109247K->48375K(109248K)
[2019-04-15T13:48:48.474+0200][410,633s] GC(1083) CMS: 393216K->393216K(393216K)
[2019-04-15T13:48:48.474+0200][410,633s] GC(1083) Metaspace: 85585K->85585K(1128448K)
[2019-04-15T13:48:48.474+0200][410,633s] GC(1083) Pause Full (Allocation Failure) 490M->431M(490M) 299,967ms
[2019-04-15T13:48:48.474+0200][410,633s] GC(1083) User=0,30s Sys=0,00s Real=0,30s
[2019-04-15T13:48:48.474+0200][410,633s] GC(1084) Pause Initial Mark
[2019-04-15T13:48:48.497+0200][410,656s] GC(1084) Pause Initial Mark 432M->432M(490M) 22,891ms
[2019-04-15T13:48:48.497+0200][410,656s] GC(1084) User=0,02s Sys=0,00s Real=0,02s
[2019-04-15T13:48:48.497+0200][410,656s] GC(1084) Concurrent Mark
[2019-04-15T13:48:48.497+0200][410,656s] GC(1084) Using 4 workers of 4 for marking
[2019-04-15T13:48:48.574+0200][410,733s] GC(1084) Concurrent Mark 76,830ms
[2019-04-15T13:48:48.574+0200][410,733s] GC(1084) User=0,30s Sys=0,00s Real=0,08s
[2019-04-15T13:48:48.574+0200][410,733s] GC(1084) Concurrent Preclean
[2019-04-15T13:48:48.659+0200][410,818s] GC(1084) Concurrent Preclean 85,096ms
[2019-04-15T13:48:48.659+0200][410,818s] GC(1084) User=0,16s Sys=0,00s Real=0,08s
[2019-04-15T13:48:48.659+0200][410,818s] GC(1084) Concurrent Abortable Preclean
[2019-04-15T13:48:48.659+0200][410,818s] GC(1084) Concurrent Abortable Preclean 0,005ms
[2019-04-15T13:48:48.659+0200][410,818s] GC(1084) User=0,00s Sys=0,00s Real=0,00s
[2019-04-15T13:48:48.660+0200][410,819s] GC(1084) Pause Remark
[2019-04-15T13:48:48.660+0200][410,819s] GC(1085) Pause Young (CMS Final Remark)
[2019-04-15T13:48:48.660+0200][410,819s] GC(1085) Using 4 workers of 4 for evacuation
[2019-04-15T13:48:48.660+0200][410,819s] GC(1085) ParNew: 104784K->104784K(109248K)
[2019-04-15T13:48:48.660+0200][410,819s] GC(1085) CMS: 393216K->393216K(393216K)
[2019-04-15T13:48:48.660+0200][410,819s] GC(1085) Metaspace: 85585K->85585K(1128448K)
[2019-04-15T13:48:48.660+0200][410,819s] GC(1085) Pause Young (CMS Final Remark) 486M->486M(490M) 0,056ms
[2019-04-15T13:48:48.660+0200][410,819s] GC(1085) User=0,00s Sys=0,00s Real=0,00s
[2019-04-15T13:48:48.743+0200][410,901s] GC(1084) Pause Remark 486M->486M(490M) 82,930ms
[2019-04-15T13:48:48.743+0200][410,901s] GC(1084) User=0,24s Sys=0,00s Real=0,08s
[2019-04-15T13:48:48.743+0200][410,902s] GC(1084) Concurrent Sweep
[2019-04-15T13:48:48.774+0200][410,933s] GC(1086) Pause Full (Allocation Failure)
[2019-04-15T13:48:48.792+0200][410,951s] GC(1084) Concurrent Sweep 49,437ms
[2019-04-15T13:48:48.792+0200][410,951s] GC(1084) User=0,08s Sys=0,00s Real=0,05s
[2019-04-15T13:48:48.792+0200][410,951s] GC(1086) Phase 1: Mark live objects
[2019-04-15T13:48:48.908+0200][411,067s] GC(1086) Phase 1: Mark live objects 115,623ms
[2019-04-15T13:48:48.908+0200][411,067s] GC(1086) Phase 2: Compute new object addresses
[2019-04-15T13:48:48.987+0200][411,146s] GC(1086) Phase 2: Compute new object addresses 79,576ms
[2019-04-15T13:48:48.987+0200][411,146s] GC(1086) Phase 3: Adjust pointers
[2019-04-15T13:48:49.085+0200][411,244s] GC(1086) Phase 3: Adjust pointers 97,958ms
[2019-04-15T13:48:49.085+0200][411,244s] GC(1086) Phase 4: Move objects
[2019-04-15T13:48:49.116+0200][411,275s] GC(1086) Phase 4: Move objects 30,543ms
[2019-04-15T13:48:49.117+0200][411,276s] GC(1086) ParNew: 109247K->53174K(109248K)
[2019-04-15T13:48:49.117+0200][411,276s] GC(1086) CMS: 393216K->393216K(393216K)
[2019-04-15T13:48:49.117+0200][411,276s] GC(1086) Metaspace: 85585K->85585K(1128448K)
[2019-04-15T13:48:49.117+0200][411,276s] GC(1086) Pause Full (Allocation Failure) 490M->435M(490M) 342,212ms
[2019-04-15T13:48:49.117+0200][411,276s] GC(1086) User=0,34s Sys=0,00s Real=0,34s
[2019-04-15T13:48:49.117+0200][411,276s] GC(1084) Old: 393216K->393216K(393216K)
[2019-04-15T13:48:49.260+0200][411,419s] GC(1087) Pause Full (Allocation Failure)
[2019-04-15T13:48:49.260+0200][411,419s] GC(1087) Phase 1: Mark live objects
[2019-04-15T13:48:49.386+0200][411,545s] GC(1087) Phase 1: Mark live objects 126,008ms
[2019-04-15T13:48:49.386+0200][411,545s] GC(1087) Phase 2: Compute new object addresses
[2019-04-15T13:48:49.468+0200][411,626s] GC(1087) Phase 2: Compute new object addresses 81,096ms
[2019-04-15T13:48:49.468+0200][411,626s] GC(1087) Phase 3: Adjust pointers
[2019-04-15T13:48:49.560+0200][411,719s] GC(1087) Phase 3: Adjust pointers 92,560ms
[2019-04-15T13:48:49.560+0200][411,719s] GC(1087) Phase 4: Move objects
[2019-04-15T13:48:49.589+0200][411,748s] GC(1087) Phase 4: Move objects 28,673ms
[2019-04-15T13:48:49.589+0200][411,748s] GC(1087) ParNew: 109247K->66499K(109248K)
[2019-04-15T13:48:49.590+0200][411,748s] GC(1087) CMS: 393216K->393216K(393216K)
[2019-04-15T13:48:49.590+0200][411,748s] GC(1087) Metaspace: 85585K->85585K(1128448K)
[2019-04-15T13:48:49.590+0200][411,748s] GC(1087) Pause Full (Allocation Failure) 490M->448M(490M) 329,668ms
[2019-04-15T13:48:49.590+0200][411,748s] GC(1087) User=0,33s Sys=0,00s Real=0,33s
[2019-04-15T13:48:49.590+0200][411,749s] GC(1088) Pause Initial Mark
[2019-04-15T13:48:49.621+0200][411,780s] GC(1088) Pause Initial Mark 449M->449M(490M) 30,905ms
[2019-04-15T13:48:49.621+0200][411,780s] GC(1088) User=0,03s Sys=0,00s Real=0,03s
[2019-04-15T13:48:49.621+0200][411,780s] GC(1088) Concurrent Mark
[2019-04-15T13:48:49.621+0200][411,780s] GC(1088) Using 4 workers of 4 for marking
[2019-04-15T13:48:49.703+0200][411,861s] GC(1088) Concurrent Mark 81,688ms
[2019-04-15T13:48:49.703+0200][411,861s] GC(1088) User=0,31s Sys=0,00s Real=0,08s
[2019-04-15T13:48:49.703+0200][411,861s] GC(1088) Concurrent Preclean
[2019-04-15T13:48:49.821+0200][411,980s] GC(1088) Concurrent Preclean 118,019ms
[2019-04-15T13:48:49.821+0200][411,980s] GC(1088) User=0,23s Sys=0,00s Real=0,12s
[2019-04-15T13:48:49.821+0200][411,980s] GC(1088) Concurrent Abortable Preclean
[2019-04-15T13:48:49.821+0200][411,980s] GC(1088) Concurrent Abortable Preclean 0,006ms
[2019-04-15T13:48:49.821+0200][411,980s] GC(1088) User=0,00s Sys=0,00s Real=0,00s
[2019-04-15T13:48:49.821+0200][411,980s] GC(1088) Pause Remark
[2019-04-15T13:48:49.821+0200][411,980s] GC(1089) Pause Young (CMS Final Remark)
[2019-04-15T13:48:49.821+0200][411,980s] GC(1089) Using 4 workers of 4 for evacuation
[2019-04-15T13:48:49.821+0200][411,980s] GC(1089) ParNew: 108333K->108333K(109248K)
[2019-04-15T13:48:49.821+0200][411,980s] GC(1089) CMS: 393216K->393216K(393216K)
[2019-04-15T13:48:49.821+0200][411,980s] GC(1089) Metaspace: 85585K->85585K(1128448K)
[2019-04-15T13:48:49.821+0200][411,980s] GC(1089) Pause Young (CMS Final Remark) 489M->489M(490M) 0,056ms
[2019-04-15T13:48:49.821+0200][411,980s] GC(1089) User=0,00s Sys=0,00s Real=0,00s
[2019-04-15T13:48:49.902+0200][412,061s] GC(1088) Pause Remark 489M->489M(490M) 81,520ms
[2019-04-15T13:48:49.902+0200][412,061s] GC(1088) User=0,22s Sys=0,01s Real=0,08s
[2019-04-15T13:48:49.902+0200][412,061s] GC(1088) Concurrent Sweep
[2019-04-15T13:48:49.909+0200][412,067s] GC(1090) Pause Full (Allocation Failure)
[2019-04-15T13:48:49.946+0200][412,105s] GC(1088) Concurrent Sweep 43,212ms
[2019-04-15T13:48:49.946+0200][412,105s] GC(1088) User=0,05s Sys=0,00s Real=0,05s
[2019-04-15T13:48:49.946+0200][412,105s] GC(1090) Phase 1: Mark live objects
[2019-04-15T13:48:50.067+0200][412,226s] GC(1090) Phase 1: Mark live objects 121,436ms
[2019-04-15T13:48:50.067+0200][412,226s] GC(1090) Phase 2: Compute new object addresses
[2019-04-15T13:48:50.148+0200][412,307s] GC(1090) Phase 2: Compute new object addresses 80,330ms
[2019-04-15T13:48:50.148+0200][412,307s] GC(1090) Phase 3: Adjust pointers
[2019-04-15T13:48:50.241+0200][412,400s] GC(1090) Phase 3: Adjust pointers 93,136ms
[2019-04-15T13:48:50.241+0200][412,400s] GC(1090) Phase 4: Move objects
[2019-04-15T13:48:50.274+0200][412,433s] GC(1090) Phase 4: Move objects 33,355ms
[2019-04-15T13:48:50.275+0200][412,434s] GC(1090) ParNew: 109247K->66510K(109248K)
[2019-04-15T13:48:50.275+0200][412,434s] GC(1090) CMS: 393216K->393216K(393216K)
[2019-04-15T13:48:50.275+0200][412,434s] GC(1090) Metaspace: 85585K->85585K(1128448K)
[2019-04-15T13:48:50.275+0200][412,434s] GC(1090) Pause Full (Allocation Failure) 490M->448M(490M) 366,404ms
[2019-04-15T13:48:50.275+0200][412,434s] GC(1090) User=0,37s Sys=0,00s Real=0,37s
[2019-04-15T13:48:50.275+0200][412,434s] GC(1088) Old: 393216K->393216K(393216K)
[2019-04-15T13:48:50.406+0200][412,565s] GC(1091) Pause Full (Allocation Failure)
[2019-04-15T13:48:50.406+0200][412,565s] GC(1091) Phase 1: Mark live objects
[2019-04-15T13:48:50.532+0200][412,691s] GC(1091) Phase 1: Mark live objects 125,841ms
[2019-04-15T13:48:50.532+0200][412,691s] GC(1091) Phase 2: Compute new object addresses
[2019-04-15T13:48:50.615+0200][412,774s] GC(1091) Phase 2: Compute new object addresses 82,903ms
[2019-04-15T13:48:50.615+0200][412,774s] GC(1091) Phase 3: Adjust pointers
[2019-04-15T13:48:50.710+0200][412,869s] GC(1091) Phase 3: Adjust pointers 94,417ms
[2019-04-15T13:48:50.710+0200][412,869s] GC(1091) Phase 4: Move objects
[2019-04-15T13:48:50.724+0200][412,883s] GC(1091) Phase 4: Move objects 14,118ms
[2019-04-15T13:48:50.724+0200][412,883s] GC(1091) ParNew: 109247K->75351K(109248K)
[2019-04-15T13:48:50.724+0200][412,883s] GC(1091) CMS: 393216K->393215K(393216K)
[2019-04-15T13:48:50.724+0200][412,883s] GC(1091) Metaspace: 85585K->85585K(1128448K)
[2019-04-15T13:48:50.725+0200][412,883s] GC(1091) Pause Full (Allocation Failure) 490M->457M(490M) 318,507ms
[2019-04-15T13:48:50.725+0200][412,883s] GC(1091) User=0,32s Sys=0,00s Real=0,31s
[2019-04-15T13:48:50.725+0200][412,884s] GC(1092) Pause Initial Mark
[2019-04-15T13:48:50.759+0200][412,918s] GC(1092) Pause Initial Mark 458M->458M(490M) 34,097ms
[2019-04-15T13:48:50.759+0200][412,918s] GC(1092) User=0,03s Sys=0,00s Real=0,04s
[2019-04-15T13:48:50.759+0200][412,918s] GC(1092) Concurrent Mark
[2019-04-15T13:48:50.759+0200][412,918s] GC(1092) Using 4 workers of 4 for marking
[2019-04-15T13:48:50.845+0200][413,004s] GC(1092) Concurrent Mark 85,897ms
[2019-04-15T13:48:50.845+0200][413,004s] GC(1092) User=0,33s Sys=0,00s Real=0,09s
[2019-04-15T13:48:50.845+0200][413,004s] GC(1092) Concurrent Preclean
[2019-04-15T13:48:50.924+0200][413,083s] GC(1093) Pause Full (Allocation Failure)
[2019-04-15T13:48:50.926+0200][413,085s] GC(1092) Concurrent Preclean 81,472ms
[2019-04-15T13:48:50.926+0200][413,085s] GC(1092) User=0,16s Sys=0,00s Real=0,08s
[2019-04-15T13:48:50.927+0200][413,086s] GC(1093) Phase 1: Mark live objects
[2019-04-15T13:48:51.059+0200][413,218s] GC(1093) Phase 1: Mark live objects 132,509ms
[2019-04-15T13:48:51.059+0200][413,218s] GC(1093) Phase 2: Compute new object addresses
[2019-04-15T13:48:51.145+0200][413,304s] GC(1093) Phase 2: Compute new object addresses 86,072ms
[2019-04-15T13:48:51.145+0200][413,304s] GC(1093) Phase 3: Adjust pointers
[2019-04-15T13:48:51.244+0200][413,403s] GC(1093) Phase 3: Adjust pointers 99,097ms
[2019-04-15T13:48:51.244+0200][413,403s] GC(1093) Phase 4: Move objects
[2019-04-15T13:48:51.260+0200][413,419s] GC(1093) Phase 4: Move objects 15,525ms
[2019-04-15T13:48:51.261+0200][413,420s] GC(1093) ParNew: 109036K->84683K(109248K)
[2019-04-15T13:48:51.261+0200][413,420s] GC(1093) CMS: 393215K->393215K(393216K)
[2019-04-15T13:48:51.261+0200][413,420s] GC(1093) Metaspace: 85585K->85585K(1128448K)
[2019-04-15T13:48:51.261+0200][413,420s] GC(1093) Pause Full (Allocation Failure) 490M->466M(490M) 336,564ms
[2019-04-15T13:48:51.261+0200][413,420s] GC(1093) User=0,33s Sys=0,00s Real=0,34s
[2019-04-15T13:48:51.387+0200][413,546s] GC(1094) Pause Full (Allocation Failure)
[2019-04-15T13:48:51.387+0200][413,546s] GC(1094) Phase 1: Mark live objects
[2019-04-15T13:48:51.520+0200][413,679s] GC(1094) Phase 1: Mark live objects 132,284ms
[2019-04-15T13:48:51.520+0200][413,679s] GC(1094) Phase 2: Compute new object addresses
[2019-04-15T13:48:51.605+0200][413,764s] GC(1094) Phase 2: Compute new object addresses 85,637ms
[2019-04-15T13:48:51.605+0200][413,764s] GC(1094) Phase 3: Adjust pointers
[2019-04-15T13:48:51.708+0200][413,867s] GC(1094) Phase 3: Adjust pointers 102,827ms
[2019-04-15T13:48:51.708+0200][413,867s] GC(1094) Phase 4: Move objects
[2019-04-15T13:48:51.745+0200][413,904s] GC(1094) Phase 4: Move objects 36,584ms
[2019-04-15T13:48:51.746+0200][413,905s] GC(1094) ParNew: 109247K->91116K(109248K)
[2019-04-15T13:48:51.746+0200][413,905s] GC(1094) CMS: 393215K->393215K(393216K)
[2019-04-15T13:48:51.746+0200][413,905s] GC(1094) Metaspace: 85585K->85585K(1128448K)
[2019-04-15T13:48:51.746+0200][413,905s] GC(1094) Pause Full (Allocation Failure) 490M->472M(490M) 358,531ms
[2019-04-15T13:48:51.746+0200][413,905s] GC(1094) User=0,35s Sys=0,00s Real=0,36s
[2019-04-15T13:48:51.746+0200][413,905s] GC(1095) Pause Initial Mark
[2019-04-15T13:48:51.788+0200][413,947s] GC(1095) Pause Initial Mark 472M->472M(490M) 42,009ms
[2019-04-15T13:48:51.788+0200][413,947s] GC(1095) User=0,04s Sys=0,00s Real=0,04s
[2019-04-15T13:48:51.788+0200][413,947s] GC(1095) Concurrent Mark
[2019-04-15T13:48:51.788+0200][413,947s] GC(1095) Using 4 workers of 4 for marking
[2019-04-15T13:48:51.871+0200][414,030s] GC(1095) Concurrent Mark 82,797ms
[2019-04-15T13:48:51.871+0200][414,030s] GC(1095) User=0,32s Sys=0,00s Real=0,08s
[2019-04-15T13:48:51.871+0200][414,030s] GC(1095) Concurrent Preclean
[2019-04-15T13:48:51.925+0200][414,084s] GC(1096) Pause Full (Allocation Failure)
[2019-04-15T13:48:51.951+0200][414,110s] GC(1095) Concurrent Preclean 80,336ms
[2019-04-15T13:48:51.951+0200][414,110s] GC(1095) User=0,14s Sys=0,00s Real=0,08s
[2019-04-15T13:48:51.951+0200][414,110s] GC(1096) Phase 1: Mark live objects
[2019-04-15T13:48:52.096+0200][414,255s] GC(1096) Phase 1: Mark live objects 144,218ms
[2019-04-15T13:48:52.096+0200][414,255s] GC(1096) Phase 2: Compute new object addresses
[2019-04-15T13:48:52.182+0200][414,341s] GC(1096) Phase 2: Compute new object addresses 86,569ms
[2019-04-15T13:48:52.182+0200][414,341s] GC(1096) Phase 3: Adjust pointers
[2019-04-15T13:48:52.286+0200][414,445s] GC(1096) Phase 3: Adjust pointers 103,927ms
[2019-04-15T13:48:52.286+0200][414,445s] GC(1096) Phase 4: Move objects
[2019-04-15T13:48:52.308+0200][414,467s] GC(1096) Phase 4: Move objects 21,655ms
[2019-04-15T13:48:52.309+0200][414,468s] GC(1096) ParNew: 109247K->95527K(109248K)
[2019-04-15T13:48:52.309+0200][414,468s] GC(1096) CMS: 393216K->393215K(393216K)
[2019-04-15T13:48:52.309+0200][414,468s] GC(1096) Metaspace: 85585K->85585K(1128448K)
[2019-04-15T13:48:52.309+0200][414,468s] GC(1096) Pause Full (Allocation Failure) 490M->477M(490M) 383,614ms
[2019-04-15T13:48:52.309+0200][414,468s] GC(1096) User=0,38s Sys=0,00s Real=0,38s
[2019-04-15T13:48:52.386+0200][414,545s] GC(1097) Pause Full (Allocation Failure)
[2019-04-15T13:48:52.386+0200][414,545s] GC(1097) Phase 1: Mark live objects
[2019-04-15T13:48:52.523+0200][414,682s] GC(1097) Phase 1: Mark live objects 136,686ms
[2019-04-15T13:48:52.523+0200][414,682s] GC(1097) Phase 2: Compute new object addresses
[2019-04-15T13:48:52.607+0200][414,766s] GC(1097) Phase 2: Compute new object addresses 84,088ms
[2019-04-15T13:48:52.607+0200][414,766s] GC(1097) Phase 3: Adjust pointers
[2019-04-15T13:48:52.716+0200][414,875s] GC(1097) Phase 3: Adjust pointers 108,937ms
[2019-04-15T13:48:52.716+0200][414,875s] GC(1097) Phase 4: Move objects
[2019-04-15T13:48:52.752+0200][414,911s] GC(1097) Phase 4: Move objects 36,183ms
[2019-04-15T13:48:52.753+0200][414,912s] GC(1097) ParNew: 109247K->99757K(109248K)
[2019-04-15T13:48:52.753+0200][414,912s] GC(1097) CMS: 393215K->393215K(393216K)
[2019-04-15T13:48:52.753+0200][414,912s] GC(1097) Metaspace: 85585K->85585K(1128448K)
[2019-04-15T13:48:52.753+0200][414,912s] GC(1097) Pause Full (Allocation Failure) 490M->481M(490M) 367,103ms
[2019-04-15T13:48:52.753+0200][414,912s] GC(1097) User=0,36s Sys=0,00s Real=0,37s
[2019-04-15T13:48:52.753+0200][414,912s] GC(1098) Pause Initial Mark
[2019-04-15T13:48:52.794+0200][414,953s] GC(1098) Pause Initial Mark 481M->481M(490M) 40,737ms
[2019-04-15T13:48:52.794+0200][414,953s] GC(1098) User=0,05s Sys=0,00s Real=0,04s
[2019-04-15T13:48:52.794+0200][414,953s] GC(1098) Concurrent Mark
[2019-04-15T13:48:52.794+0200][414,953s] GC(1098) Using 4 workers of 4 for marking
[2019-04-15T13:48:52.867+0200][415,026s] GC(1098) Concurrent Mark 73,078ms
[2019-04-15T13:48:52.867+0200][415,026s] GC(1098) User=0,29s Sys=0,00s Real=0,07s
[2019-04-15T13:48:52.867+0200][415,026s] GC(1098) Concurrent Preclean
[2019-04-15T13:48:52.881+0200][415,040s] GC(1099) Pause Full (Allocation Failure)
[2019-04-15T13:48:52.952+0200][415,111s] GC(1098) Concurrent Preclean 84,532ms
[2019-04-15T13:48:52.952+0200][415,111s] GC(1098) User=0,09s Sys=0,00s Real=0,08s
[2019-04-15T13:48:52.952+0200][415,111s] GC(1099) Phase 1: Mark live objects
[2019-04-15T13:48:53.095+0200][415,254s] GC(1099) Phase 1: Mark live objects 142,977ms
[2019-04-15T13:48:53.095+0200][415,254s] GC(1099) Phase 2: Compute new object addresses
[2019-04-15T13:48:53.185+0200][415,344s] GC(1099) Phase 2: Compute new object addresses 89,668ms
[2019-04-15T13:48:53.185+0200][415,344s] GC(1099) Phase 3: Adjust pointers
[2019-04-15T13:48:53.289+0200][415,448s] GC(1099) Phase 3: Adjust pointers 104,052ms
[2019-04-15T13:48:53.289+0200][415,448s] GC(1099) Phase 4: Move objects
[2019-04-15T13:48:53.297+0200][415,456s] GC(1099) Phase 4: Move objects 8,702ms
[2019-04-15T13:48:53.298+0200][415,457s] GC(1099) ParNew: 109247K->102400K(109248K)
[2019-04-15T13:48:53.298+0200][415,457s] GC(1099) CMS: 393215K->393215K(393216K)
[2019-04-15T13:48:53.298+0200][415,457s] GC(1099) Metaspace: 85585K->85585K(1128448K)
[2019-04-15T13:48:53.298+0200][415,457s] GC(1099) Pause Full (Allocation Failure) 490M->484M(490M) 417,477ms
[2019-04-15T13:48:53.298+0200][415,457s] GC(1099) User=0,42s Sys=0,00s Real=0,42s
[2019-04-15T13:48:53.338+0200][415,497s] GC(1100) Pause Full (Allocation Failure)
[2019-04-15T13:48:53.339+0200][415,498s] GC(1100) Phase 1: Mark live objects
[2019-04-15T13:48:53.482+0200][415,641s] GC(1100) Phase 1: Mark live objects 143,452ms
[2019-04-15T13:48:53.482+0200][415,641s] GC(1100) Phase 2: Compute new object addresses
[2019-04-15T13:48:53.568+0200][415,727s] GC(1100) Phase 2: Compute new object addresses 86,024ms
[2019-04-15T13:48:53.568+0200][415,727s] GC(1100) Phase 3: Adjust pointers
[2019-04-15T13:48:53.677+0200][415,836s] GC(1100) Phase 3: Adjust pointers 108,265ms
[2019-04-15T13:48:53.677+0200][415,836s] GC(1100) Phase 4: Move objects
[2019-04-15T13:48:53.716+0200][415,875s] GC(1100) Phase 4: Move objects 39,121ms
[2019-04-15T13:48:53.716+0200][415,875s] GC(1100) ParNew: 109247K->104420K(109248K)
[2019-04-15T13:48:53.717+0200][415,875s] GC(1100) CMS: 393215K->393215K(393216K)
[2019-04-15T13:48:53.717+0200][415,875s] GC(1100) Metaspace: 85585K->85585K(1128448K)
[2019-04-15T13:48:53.717+0200][415,875s] GC(1100) Pause Full (Allocation Failure) 490M->485M(490M) 378,113ms
[2019-04-15T13:48:53.717+0200][415,875s] GC(1100) User=0,38s Sys=0,00s Real=0,38s
[2019-04-15T13:48:53.717+0200][415,876s] GC(1101) Pause Initial Mark
[2019-04-15T13:48:53.763+0200][415,922s] GC(1101) Pause Initial Mark 485M->485M(490M) 46,396ms
[2019-04-15T13:48:53.763+0200][415,922s] GC(1101) User=0,06s Sys=0,01s Real=0,04s
[2019-04-15T13:48:53.763+0200][415,922s] GC(1101) Concurrent Mark
[2019-04-15T13:48:53.763+0200][415,922s] GC(1101) Using 4 workers of 4 for marking
[2019-04-15T13:48:53.806+0200][415,965s] GC(1102) Pause Full (Allocation Failure)
[2019-04-15T13:48:53.835+0200][415,994s] GC(1101) Concurrent Mark 72,226ms
[2019-04-15T13:48:53.836+0200][415,994s] GC(1101) User=0,27s Sys=0,00s Real=0,08s
[2019-04-15T13:48:53.836+0200][415,995s] GC(1102) Phase 1: Mark live objects
[2019-04-15T13:48:53.981+0200][416,140s] GC(1102) Phase 1: Mark live objects 145,254ms
[2019-04-15T13:48:53.981+0200][416,140s] GC(1102) Phase 2: Compute new object addresses
[2019-04-15T13:48:54.072+0200][416,231s] GC(1102) Phase 2: Compute new object addresses 91,181ms
[2019-04-15T13:48:54.072+0200][416,231s] GC(1102) Phase 3: Adjust pointers
[2019-04-15T13:48:54.177+0200][416,336s] GC(1102) Phase 3: Adjust pointers 104,414ms
[2019-04-15T13:48:54.177+0200][416,336s] GC(1102) Phase 4: Move objects
[2019-04-15T13:48:54.181+0200][416,340s] GC(1102) Phase 4: Move objects 4,685ms
[2019-04-15T13:48:54.182+0200][416,341s] GC(1102) ParNew: 109247K->105968K(109248K)
[2019-04-15T13:48:54.182+0200][416,341s] GC(1102) CMS: 393215K->393215K(393216K)
[2019-04-15T13:48:54.182+0200][416,341s] GC(1102) Metaspace: 85585K->85585K(1128448K)
[2019-04-15T13:48:54.182+0200][416,341s] GC(1102) Pause Full (Allocation Failure) 490M->487M(490M) 376,345ms
[2019-04-15T13:48:54.182+0200][416,341s] GC(1102) User=0,46s Sys=0,00s Real=0,37s
[2019-04-15T13:48:54.201+0200][416,360s] GC(1103) Pause Full (Allocation Failure)
[2019-04-15T13:48:54.201+0200][416,360s] GC(1103) Phase 1: Mark live objects
[2019-04-15T13:48:54.343+0200][416,502s] GC(1103) Phase 1: Mark live objects 141,947ms
[2019-04-15T13:48:54.343+0200][416,502s] GC(1103) Phase 2: Compute new object addresses
[2019-04-15T13:48:54.434+0200][416,593s] GC(1103) Phase 2: Compute new object addresses 90,379ms
[2019-04-15T13:48:54.434+0200][416,593s] GC(1103) Phase 3: Adjust pointers
[2019-04-15T13:48:54.540+0200][416,699s] GC(1103) Phase 3: Adjust pointers 106,205ms
[2019-04-15T13:48:54.540+0200][416,699s] GC(1103) Phase 4: Move objects
[2019-04-15T13:48:54.542+0200][416,701s] GC(1103) Phase 4: Move objects 2,483ms
[2019-04-15T13:48:54.543+0200][416,702s] GC(1103) ParNew: 109247K->106597K(109248K)
[2019-04-15T13:48:54.543+0200][416,702s] GC(1103) CMS: 393215K->393215K(393216K)
[2019-04-15T13:48:54.543+0200][416,702s] GC(1103) Metaspace: 85585K->85585K(1128448K)
[2019-04-15T13:48:54.543+0200][416,702s] GC(1103) Pause Full (Allocation Failure) 490M->488M(490M) 342,190ms
[2019-04-15T13:48:54.543+0200][416,702s] GC(1103) User=0,34s Sys=0,00s Real=0,34s
[2019-04-15T13:48:54.543+0200][416,702s] GC(1104) Pause Initial Mark
[2019-04-15T13:48:54.591+0200][416,749s] GC(1104) Pause Initial Mark 488M->488M(490M) 47,150ms
[2019-04-15T13:48:54.591+0200][416,750s] GC(1104) User=0,06s Sys=0,00s Real=0,05s
[2019-04-15T13:48:54.591+0200][416,750s] GC(1104) Concurrent Mark
[2019-04-15T13:48:54.591+0200][416,750s] GC(1104) Using 4 workers of 4 for marking
[2019-04-15T13:48:54.648+0200][416,807s] GC(1105) Pause Full (Allocation Failure)
[2019-04-15T13:48:54.656+0200][416,815s] GC(1104) Concurrent Mark 65,563ms
[2019-04-15T13:48:54.656+0200][416,815s] GC(1104) User=0,25s Sys=0,00s Real=0,07s
[2019-04-15T13:48:54.657+0200][416,815s] GC(1105) Phase 1: Mark live objects
[2019-04-15T13:48:54.794+0200][416,953s] GC(1105) Phase 1: Mark live objects 137,699ms
[2019-04-15T13:48:54.794+0200][416,953s] GC(1105) Phase 2: Compute new object addresses
[2019-04-15T13:48:54.880+0200][417,039s] GC(1105) Phase 2: Compute new object addresses 86,225ms
[2019-04-15T13:48:54.881+0200][417,039s] GC(1105) Phase 3: Adjust pointers
[2019-04-15T13:48:54.989+0200][417,148s] GC(1105) Phase 3: Adjust pointers 108,378ms
[2019-04-15T13:48:54.989+0200][417,148s] GC(1105) Phase 4: Move objects
[2019-04-15T13:48:55.035+0200][417,194s] GC(1105) Phase 4: Move objects 46,272ms
[2019-04-15T13:48:55.036+0200][417,195s] GC(1105) ParNew: 109247K->100098K(109248K)
[2019-04-15T13:48:55.036+0200][417,195s] GC(1105) CMS: 393215K->393215K(393216K)
[2019-04-15T13:48:55.036+0200][417,195s] GC(1105) Metaspace: 85585K->85585K(1128448K)
[2019-04-15T13:48:55.036+0200][417,195s] GC(1105) Pause Full (Allocation Failure) 490M->481M(490M) 388,400ms
[2019-04-15T13:48:55.036+0200][417,195s] GC(1105) User=0,41s Sys=0,00s Real=0,39s
[2019-04-15T13:48:55.088+0200][417,247s] GC(1106) Pause Full (Allocation Failure)
[2019-04-15T13:48:55.089+0200][417,248s] GC(1106) Phase 1: Mark live objects
[2019-04-15T13:48:55.231+0200][417,390s] GC(1106) Phase 1: Mark live objects 141,878ms
[2019-04-15T13:48:55.231+0200][417,390s] GC(1106) Phase 2: Compute new object addresses
[2019-04-15T13:48:55.317+0200][417,476s] GC(1106) Phase 2: Compute new object addresses 85,708ms
[2019-04-15T13:48:55.317+0200][417,476s] GC(1106) Phase 3: Adjust pointers
[2019-04-15T13:48:55.424+0200][417,583s] GC(1106) Phase 3: Adjust pointers 107,143ms
[2019-04-15T13:48:55.424+0200][417,583s] GC(1106) Phase 4: Move objects
[2019-04-15T13:48:55.464+0200][417,623s] GC(1106) Phase 4: Move objects 40,319ms
[2019-04-15T13:48:55.465+0200][417,624s] GC(1106) ParNew: 109248K->102902K(109248K)
[2019-04-15T13:48:55.465+0200][417,624s] GC(1106) CMS: 393215K->393215K(393216K)
[2019-04-15T13:48:55.465+0200][417,624s] GC(1106) Metaspace: 85585K->85585K(1128448K)
[2019-04-15T13:48:55.465+0200][417,624s] GC(1106) Pause Full (Allocation Failure) 490M->484M(490M) 376,335ms
[2019-04-15T13:48:55.465+0200][417,624s] GC(1106) User=0,38s Sys=0,00s Real=0,37s
[2019-04-15T13:48:55.465+0200][417,624s] GC(1107) Pause Initial Mark
[2019-04-15T13:48:55.512+0200][417,671s] GC(1107) Pause Initial Mark 484M->484M(490M) 47,477ms
[2019-04-15T13:48:55.513+0200][417,671s] GC(1107) User=0,06s Sys=0,00s Real=0,04s
[2019-04-15T13:48:55.513+0200][417,671s] GC(1107) Concurrent Mark
[2019-04-15T13:48:55.513+0200][417,671s] GC(1107) Using 4 workers of 4 for marking
[2019-04-15T13:48:55.576+0200][417,735s] GC(1108) Pause Full (Allocation Failure)
[2019-04-15T13:48:55.585+0200][417,744s] GC(1107) Concurrent Mark 72,270ms
[2019-04-15T13:48:55.585+0200][417,744s] GC(1107) User=0,28s Sys=0,00s Real=0,07s
[2019-04-15T13:48:55.585+0200][417,744s] GC(1108) Phase 1: Mark live objects
[2019-04-15T13:48:55.728+0200][417,887s] GC(1108) Phase 1: Mark live objects 142,699ms
[2019-04-15T13:48:55.728+0200][417,887s] GC(1108) Phase 2: Compute new object addresses
[2019-04-15T13:48:55.817+0200][417,976s] GC(1108) Phase 2: Compute new object addresses 89,555ms
[2019-04-15T13:48:55.817+0200][417,976s] GC(1108) Phase 3: Adjust pointers
[2019-04-15T13:48:55.921+0200][418,080s] GC(1108) Phase 3: Adjust pointers 103,734ms
[2019-04-15T13:48:55.921+0200][418,080s] GC(1108) Phase 4: Move objects
[2019-04-15T13:48:55.922+0200][418,081s] GC(1108) Phase 4: Move objects 0,953ms
[2019-04-15T13:48:55.923+0200][418,082s] GC(1108) ParNew: 109247K->104907K(109248K)
[2019-04-15T13:48:55.923+0200][418,082s] GC(1108) CMS: 393215K->393215K(393216K)
[2019-04-15T13:48:55.923+0200][418,082s] GC(1108) Metaspace: 85585K->85585K(1128448K)
[2019-04-15T13:48:55.923+0200][418,082s] GC(1108) Pause Full (Allocation Failure) 490M->486M(490M) 346,867ms
[2019-04-15T13:48:55.923+0200][418,082s] GC(1108) User=0,37s Sys=0,00s Real=0,34s
[2019-04-15T13:48:55.946+0200][418,105s] GC(1109) Pause Full (Allocation Failure)
[2019-04-15T13:48:55.947+0200][418,106s] GC(1109) Phase 1: Mark live objects
[2019-04-15T13:48:56.091+0200][418,250s] GC(1109) Phase 1: Mark live objects 144,194ms
[2019-04-15T13:48:56.091+0200][418,250s] GC(1109) Phase 2: Compute new object addresses
[2019-04-15T13:48:56.182+0200][418,340s] GC(1109) Phase 2: Compute new object addresses 90,702ms
[2019-04-15T13:48:56.182+0200][418,341s] GC(1109) Phase 3: Adjust pointers
[2019-04-15T13:48:56.285+0200][418,444s] GC(1109) Phase 3: Adjust pointers 103,767ms
[2019-04-15T13:48:56.285+0200][418,444s] GC(1109) Phase 4: Move objects
[2019-04-15T13:48:56.287+0200][418,446s] GC(1109) Phase 4: Move objects 2,034ms
[2019-04-15T13:48:56.288+0200][418,447s] GC(1109) ParNew: 109247K->106208K(109248K)
[2019-04-15T13:48:56.288+0200][418,447s] GC(1109) CMS: 393215K->393215K(393216K)
[2019-04-15T13:48:56.288+0200][418,447s] GC(1109) Metaspace: 85585K->85585K(1128448K)
[2019-04-15T13:48:56.288+0200][418,447s] GC(1109) Pause Full (Allocation Failure) 490M->487M(490M) 341,894ms
[2019-04-15T13:48:56.288+0200][418,447s] GC(1109) User=0,34s Sys=0,00s Real=0,34s
[2019-04-15T13:48:56.289+0200][418,448s] GC(1110) Pause Initial Mark
[2019-04-15T13:48:56.336+0200][418,495s] GC(1110) Pause Initial Mark 487M->487M(490M) 47,785ms
[2019-04-15T13:48:56.336+0200][418,495s] GC(1110) User=0,07s Sys=0,00s Real=0,05s
[2019-04-15T13:48:56.337+0200][418,495s] GC(1110) Concurrent Mark
[2019-04-15T13:48:56.337+0200][418,495s] GC(1110) Using 4 workers of 4 for marking
[2019-04-15T13:48:56.366+0200][418,525s] GC(1111) Pause Full (Allocation Failure)
[2019-04-15T13:48:56.401+0200][418,560s] GC(1110) Concurrent Mark 64,614ms
[2019-04-15T13:48:56.401+0200][418,560s] GC(1110) User=0,24s Sys=0,00s Real=0,06s
[2019-04-15T13:48:56.401+0200][418,560s] GC(1111) Phase 1: Mark live objects
[2019-04-15T13:48:56.545+0200][418,704s] GC(1111) Phase 1: Mark live objects 143,292ms
[2019-04-15T13:48:56.545+0200][418,704s] GC(1111) Phase 2: Compute new object addresses
[2019-04-15T13:48:56.632+0200][418,791s] GC(1111) Phase 2: Compute new object addresses 87,535ms
[2019-04-15T13:48:56.632+0200][418,791s] GC(1111) Phase 3: Adjust pointers
[2019-04-15T13:48:56.746+0200][418,905s] GC(1111) Phase 3: Adjust pointers 113,391ms
[2019-04-15T13:48:56.746+0200][418,905s] GC(1111) Phase 4: Move objects
[2019-04-15T13:48:56.792+0200][418,951s] GC(1111) Phase 4: Move objects 46,439ms
[2019-04-15T13:48:56.793+0200][418,952s] GC(1111) ParNew: 109247K->106619K(109248K)
[2019-04-15T13:48:56.793+0200][418,952s] GC(1111) CMS: 393215K->393215K(393216K)
[2019-04-15T13:48:56.793+0200][418,952s] GC(1111) Metaspace: 85585K->85585K(1128448K)
[2019-04-15T13:48:56.793+0200][418,952s] GC(1111) Pause Full (Allocation Failure) 490M->488M(490M) 427,284ms
[2019-04-15T13:48:56.793+0200][418,952s] GC(1111) User=0,53s Sys=0,00s Real=0,43s
[2019-04-15T13:48:56.807+0200][418,966s] GC(1112) Pause Full (Allocation Failure)
[2019-04-15T13:48:56.808+0200][418,967s] GC(1112) Phase 1: Mark live objects
[2019-04-15T13:48:56.947+0200][419,105s] GC(1112) Phase 1: Mark live objects 138,922ms
[2019-04-15T13:48:56.947+0200][419,105s] GC(1112) Phase 2: Compute new object addresses
[2019-04-15T13:48:57.037+0200][419,196s] GC(1112) Phase 2: Compute new object addresses 90,769ms
[2019-04-15T13:48:57.037+0200][419,196s] GC(1112) Phase 3: Adjust pointers
[2019-04-15T13:48:57.141+0200][419,299s] GC(1112) Phase 3: Adjust pointers 103,151ms
[2019-04-15T13:48:57.141+0200][419,299s] GC(1112) Phase 4: Move objects
[2019-04-15T13:48:57.146+0200][419,305s] GC(1112) Phase 4: Move objects 5,375ms
[2019-04-15T13:48:57.147+0200][419,306s] GC(1112) ParNew: 109247K->106523K(109248K)
[2019-04-15T13:48:57.147+0200][419,306s] GC(1112) CMS: 393215K->393215K(393216K)
[2019-04-15T13:48:57.147+0200][419,306s] GC(1112) Metaspace: 85585K->85585K(1128448K)
[2019-04-15T13:48:57.147+0200][419,306s] GC(1112) Pause Full (Allocation Failure) 490M->488M(490M) 339,721ms
[2019-04-15T13:48:57.147+0200][419,306s] GC(1112) User=0,33s Sys=0,00s Real=0,34s
[2019-04-15T13:48:57.147+0200][419,306s] GC(1113) Pause Initial Mark
[2019-04-15T13:48:57.192+0200][419,351s] GC(1113) Pause Initial Mark 488M->488M(490M) 45,227ms
[2019-04-15T13:48:57.192+0200][419,351s] GC(1113) User=0,06s Sys=0,00s Real=0,04s
[2019-04-15T13:48:57.192+0200][419,351s] GC(1113) Concurrent Mark
[2019-04-15T13:48:57.192+0200][419,351s] GC(1113) Using 4 workers of 4 for marking
[2019-04-15T13:48:57.218+0200][419,377s] GC(1114) Pause Full (Allocation Failure)
[2019-04-15T13:48:57.246+0200][419,405s] GC(1113) Concurrent Mark 53,968ms
[2019-04-15T13:48:57.246+0200][419,405s] GC(1113) User=0,20s Sys=0,00s Real=0,06s
[2019-04-15T13:48:57.246+0200][419,405s] GC(1114) Phase 1: Mark live objects
[2019-04-15T13:48:57.382+0200][419,541s] GC(1114) Phase 1: Mark live objects 135,772ms
[2019-04-15T13:48:57.382+0200][419,541s] GC(1114) Phase 2: Compute new object addresses
[2019-04-15T13:48:57.467+0200][419,626s] GC(1114) Phase 2: Compute new object addresses 85,145ms
[2019-04-15T13:48:57.467+0200][419,626s] GC(1114) Phase 3: Adjust pointers
[2019-04-15T13:48:57.574+0200][419,733s] GC(1114) Phase 3: Adjust pointers 106,861ms
[2019-04-15T13:48:57.574+0200][419,733s] GC(1114) Phase 4: Move objects
[2019-04-15T13:48:57.618+0200][419,777s] GC(1114) Phase 4: Move objects 43,876ms
[2019-04-15T13:48:57.619+0200][419,778s] GC(1114) ParNew: 109247K->99933K(109248K)
[2019-04-15T13:48:57.619+0200][419,778s] GC(1114) CMS: 393215K->393215K(393216K)
[2019-04-15T13:48:57.619+0200][419,778s] GC(1114) Metaspace: 85585K->85585K(1128448K)
[2019-04-15T13:48:57.619+0200][419,778s] GC(1114) Pause Full (Allocation Failure) 490M->481M(490M) 401,239ms
[2019-04-15T13:48:57.619+0200][419,778s] GC(1114) User=0,48s Sys=0,00s Real=0,40s
[2019-04-15T13:48:57.669+0200][419,828s] GC(1115) Pause Full (Allocation Failure)
[2019-04-15T13:48:57.670+0200][419,829s] GC(1115) Phase 1: Mark live objects
[2019-04-15T13:48:57.807+0200][419,966s] GC(1115) Phase 1: Mark live objects 137,161ms
[2019-04-15T13:48:57.807+0200][419,966s] GC(1115) Phase 2: Compute new object addresses
[2019-04-15T13:48:57.896+0200][420,054s] GC(1115) Phase 2: Compute new object addresses 88,673ms
[2019-04-15T13:48:57.896+0200][420,054s] GC(1115) Phase 3: Adjust pointers
[2019-04-15T13:48:57.998+0200][420,157s] GC(1115) Phase 3: Adjust pointers 102,764ms
[2019-04-15T13:48:57.998+0200][420,157s] GC(1115) Phase 4: Move objects
[2019-04-15T13:48:58.000+0200][420,159s] GC(1115) Phase 4: Move objects 2,014ms
[2019-04-15T13:48:58.001+0200][420,160s] GC(1115) ParNew: 109247K->100024K(109248K)
[2019-04-15T13:48:58.001+0200][420,160s] GC(1115) CMS: 393215K->393215K(393216K)
[2019-04-15T13:48:58.001+0200][420,160s] GC(1115) Metaspace: 85585K->85585K(1128448K)
[2019-04-15T13:48:58.001+0200][420,160s] GC(1115) Pause Full (Allocation Failure) 490M->481M(490M) 331,802ms
[2019-04-15T13:48:58.001+0200][420,160s] GC(1115) User=0,33s Sys=0,00s Real=0,33s
[2019-04-15T13:48:58.001+0200][420,160s] GC(1116) Pause Initial Mark
[2019-04-15T13:48:58.059+0200][420,218s] GC(1116) Pause Initial Mark 481M->481M(490M) 57,659ms
[2019-04-15T13:48:58.059+0200][420,218s] GC(1116) User=0,07s Sys=0,00s Real=0,06s
[2019-04-15T13:48:58.059+0200][420,218s] GC(1116) Concurrent Mark
[2019-04-15T13:48:58.059+0200][420,218s] GC(1116) Using 4 workers of 4 for marking
[2019-04-15T13:48:58.141+0200][420,299s] GC(1116) Concurrent Mark 81,458ms
[2019-04-15T13:48:58.141+0200][420,300s] GC(1116) User=0,31s Sys=0,00s Real=0,08s
[2019-04-15T13:48:58.141+0200][420,300s] GC(1116) Concurrent Preclean
[2019-04-15T13:48:58.145+0200][420,304s] GC(1117) Pause Full (Allocation Failure)
[2019-04-15T13:48:58.222+0200][420,381s] GC(1116) Concurrent Preclean 81,540ms
[2019-04-15T13:48:58.222+0200][420,381s] GC(1116) User=0,09s Sys=0,00s Real=0,08s
[2019-04-15T13:48:58.222+0200][420,381s] GC(1117) Phase 1: Mark live objects
[2019-04-15T13:48:58.359+0200][420,518s] GC(1117) Phase 1: Mark live objects 136,496ms
[2019-04-15T13:48:58.359+0200][420,518s] GC(1117) Phase 2: Compute new object addresses
[2019-04-15T13:48:58.446+0200][420,605s] GC(1117) Phase 2: Compute new object addresses 86,677ms
[2019-04-15T13:48:58.446+0200][420,605s] GC(1117) Phase 3: Adjust pointers
[2019-04-15T13:48:58.549+0200][420,708s] GC(1117) Phase 3: Adjust pointers 103,712ms
[2019-04-15T13:48:58.549+0200][420,708s] GC(1117) Phase 4: Move objects
[2019-04-15T13:48:58.558+0200][420,717s] GC(1117) Phase 4: Move objects 8,152ms
[2019-04-15T13:48:58.558+0200][420,717s] GC(1117) ParNew: 109247K->102782K(109248K)
[2019-04-15T13:48:58.558+0200][420,717s] GC(1117) CMS: 393215K->393215K(393216K)
[2019-04-15T13:48:58.558+0200][420,717s] GC(1117) Metaspace: 85585K->85585K(1128448K)
[2019-04-15T13:48:58.558+0200][420,717s] GC(1117) Pause Full (Allocation Failure) 490M->484M(490M) 413,375ms
[2019-04-15T13:48:58.558+0200][420,717s] GC(1117) User=0,42s Sys=0,00s Real=0,41s
[2019-04-15T13:48:58.590+0200][420,749s] GC(1118) Pause Full (Allocation Failure)
[2019-04-15T13:48:58.590+0200][420,749s] GC(1118) Phase 1: Mark live objects
[2019-04-15T13:48:58.732+0200][420,891s] GC(1118) Phase 1: Mark live objects 141,845ms
[2019-04-15T13:48:58.732+0200][420,891s] GC(1118) Phase 2: Compute new object addresses
[2019-04-15T13:48:58.821+0200][420,980s] GC(1118) Phase 2: Compute new object addresses 88,348ms
[2019-04-15T13:48:58.821+0200][420,980s] GC(1118) Phase 3: Adjust pointers
[2019-04-15T13:48:58.923+0200][421,082s] GC(1118) Phase 3: Adjust pointers 102,442ms
[2019-04-15T13:48:58.923+0200][421,082s] GC(1118) Phase 4: Move objects
[2019-04-15T13:48:58.924+0200][421,083s] GC(1118) Phase 4: Move objects 0,872ms
[2019-04-15T13:48:58.925+0200][421,084s] GC(1118) ParNew: 108809K->104588K(109248K)
[2019-04-15T13:48:58.925+0200][421,084s] GC(1118) CMS: 393215K->393215K(393216K)
[2019-04-15T13:48:58.925+0200][421,084s] GC(1118) Metaspace: 85585K->85585K(1128448K)
[2019-04-15T13:48:58.925+0200][421,084s] GC(1118) Pause Full (Allocation Failure) 490M->486M(490M) 334,787ms
[2019-04-15T13:48:58.925+0200][421,084s] GC(1118) User=0,33s Sys=0,00s Real=0,33s
[2019-04-15T13:48:58.926+0200][421,084s] GC(1119) Pause Initial Mark
[2019-04-15T13:48:58.971+0200][421,129s] GC(1119) Pause Initial Mark 486M->486M(490M) 44,948ms
[2019-04-15T13:48:58.971+0200][421,129s] GC(1119) User=0,06s Sys=0,00s Real=0,04s
[2019-04-15T13:48:58.971+0200][421,130s] GC(1119) Concurrent Mark
[2019-04-15T13:48:58.971+0200][421,130s] GC(1119) Using 4 workers of 4 for marking
[2019-04-15T13:48:59.010+0200][421,169s] GC(1120) Pause Full (Allocation Failure)
[2019-04-15T13:48:59.045+0200][421,204s] GC(1119) Concurrent Mark 74,542ms
[2019-04-15T13:48:59.045+0200][421,204s] GC(1119) User=0,27s Sys=0,00s Real=0,08s
[2019-04-15T13:48:59.045+0200][421,204s] GC(1120) Phase 1: Mark live objects
[2019-04-15T13:48:59.189+0200][421,348s] GC(1120) Phase 1: Mark live objects 143,524ms
[2019-04-15T13:48:59.189+0200][421,348s] GC(1120) Phase 2: Compute new object addresses
[2019-04-15T13:48:59.277+0200][421,436s] GC(1120) Phase 2: Compute new object addresses 88,449ms
[2019-04-15T13:48:59.277+0200][421,436s] GC(1120) Phase 3: Adjust pointers
[2019-04-15T13:48:59.381+0200][421,540s] GC(1120) Phase 3: Adjust pointers 103,195ms
[2019-04-15T13:48:59.381+0200][421,540s] GC(1120) Phase 4: Move objects
[2019-04-15T13:48:59.385+0200][421,544s] GC(1120) Phase 4: Move objects 3,906ms
[2019-04-15T13:48:59.385+0200][421,544s] GC(1120) ParNew: 109247K->106084K(109248K)
[2019-04-15T13:48:59.385+0200][421,544s] GC(1120) CMS: 393215K->393215K(393216K)
[2019-04-15T13:48:59.385+0200][421,544s] GC(1120) Metaspace: 85585K->85585K(1128448K)
[2019-04-15T13:48:59.385+0200][421,544s] GC(1120) Pause Full (Allocation Failure) 490M->487M(490M) 375,066ms
[2019-04-15T13:48:59.385+0200][421,544s] GC(1120) User=0,47s Sys=0,00s Real=0,38s
[2019-04-15T13:48:59.403+0200][421,562s] GC(1121) Pause Full (Allocation Failure)
[2019-04-15T13:48:59.404+0200][421,562s] GC(1121) Phase 1: Mark live objects
[2019-04-15T13:48:59.545+0200][421,704s] GC(1121) Phase 1: Mark live objects 141,955ms
[2019-04-15T13:48:59.546+0200][421,704s] GC(1121) Phase 2: Compute new object addresses
[2019-04-15T13:48:59.631+0200][421,789s] GC(1121) Phase 2: Compute new object addresses 84,975ms
[2019-04-15T13:48:59.631+0200][421,789s] GC(1121) Phase 3: Adjust pointers
[2019-04-15T13:48:59.738+0200][421,897s] GC(1121) Phase 3: Adjust pointers 107,580ms
[2019-04-15T13:48:59.738+0200][421,897s] GC(1121) Phase 4: Move objects
[2019-04-15T13:48:59.783+0200][421,942s] GC(1121) Phase 4: Move objects 45,234ms
[2019-04-15T13:48:59.784+0200][421,943s] GC(1121) ParNew: 109247K->106385K(109248K)
[2019-04-15T13:48:59.784+0200][421,943s] GC(1121) CMS: 393216K->393215K(393216K)
[2019-04-15T13:48:59.784+0200][421,943s] GC(1121) Metaspace: 85585K->85585K(1128448K)
[2019-04-15T13:48:59.784+0200][421,943s] GC(1121) Pause Full (Allocation Failure) 490M->487M(490M) 381,348ms
[2019-04-15T13:48:59.784+0200][421,943s] GC(1121) User=0,38s Sys=0,00s Real=0,38s
[2019-04-15T13:48:59.784+0200][421,943s] GC(1122) Pause Initial Mark
[2019-04-15T13:48:59.827+0200][421,986s] GC(1122) Pause Initial Mark 487M->487M(490M) 42,486ms
[2019-04-15T13:48:59.827+0200][421,986s] GC(1122) User=0,06s Sys=0,00s Real=0,05s
[2019-04-15T13:48:59.827+0200][421,986s] GC(1122) Concurrent Mark
[2019-04-15T13:48:59.827+0200][421,986s] GC(1122) Using 4 workers of 4 for marking
[2019-04-15T13:48:59.851+0200][422,010s] GC(1123) Pause Full (Allocation Failure)
[2019-04-15T13:48:59.888+0200][422,047s] GC(1122) Concurrent Mark 61,430ms
[2019-04-15T13:48:59.888+0200][422,047s] GC(1122) User=0,23s Sys=0,00s Real=0,06s
[2019-04-15T13:48:59.889+0200][422,048s] GC(1123) Phase 1: Mark live objects
[2019-04-15T13:49:00.044+0200][422,203s] GC(1123) Phase 1: Mark live objects 155,493ms
[2019-04-15T13:49:00.044+0200][422,203s] GC(1123) Phase 2: Compute new object addresses
[2019-04-15T13:49:00.136+0200][422,294s] GC(1123) Phase 2: Compute new object addresses 91,356ms
[2019-04-15T13:49:00.136+0200][422,294s] GC(1123) Phase 3: Adjust pointers
[2019-04-15T13:49:00.242+0200][422,401s] GC(1123) Phase 3: Adjust pointers 106,105ms
[2019-04-15T13:49:00.242+0200][422,401s] GC(1123) Phase 4: Move objects
[2019-04-15T13:49:00.244+0200][422,403s] GC(1123) Phase 4: Move objects 2,241ms
[2019-04-15T13:49:00.245+0200][422,403s] GC(1123) ParNew: 109247K->106829K(109248K)
[2019-04-15T13:49:00.245+0200][422,403s] GC(1123) CMS: 393215K->393215K(393216K)
[2019-04-15T13:49:00.245+0200][422,404s] GC(1123) Metaspace: 85585K->85585K(1128448K)
[2019-04-15T13:49:00.245+0200][422,404s] GC(1123) Pause Full (Allocation Failure) 490M->488M(490M) 393,327ms
[2019-04-15T13:49:00.245+0200][422,404s] GC(1123) User=0,49s Sys=0,00s Real=0,39s
[2019-04-15T13:49:00.257+0200][422,416s] GC(1124) Pause Full (Allocation Failure)
[2019-04-15T13:49:00.258+0200][422,417s] GC(1124) Phase 1: Mark live objects
[2019-04-15T13:49:00.398+0200][422,557s] GC(1124) Phase 1: Mark live objects 140,828ms
[2019-04-15T13:49:00.398+0200][422,557s] GC(1124) Phase 2: Compute new object addresses
[2019-04-15T13:49:00.491+0200][422,650s] GC(1124) Phase 2: Compute new object addresses 92,421ms
[2019-04-15T13:49:00.491+0200][422,650s] GC(1124) Phase 3: Adjust pointers
[2019-04-15T13:49:00.595+0200][422,754s] GC(1124) Phase 3: Adjust pointers 104,150ms
[2019-04-15T13:49:00.595+0200][422,754s] GC(1124) Phase 4: Move objects
[2019-04-15T13:49:00.598+0200][422,756s] GC(1124) Phase 4: Move objects 2,399ms
[2019-04-15T13:49:00.598+0200][422,757s] GC(1124) ParNew: 109247K->107577K(109248K)
[2019-04-15T13:49:00.598+0200][422,757s] GC(1124) CMS: 393215K->393215K(393216K)
[2019-04-15T13:49:00.598+0200][422,757s] GC(1124) Metaspace: 85585K->85585K(1128448K)
[2019-04-15T13:49:00.598+0200][422,757s] GC(1124) Pause Full (Allocation Failure) 490M->489M(490M) 340,953ms
[2019-04-15T13:49:00.598+0200][422,757s] GC(1124) User=0,34s Sys=0,00s Real=0,34s
[2019-04-15T13:49:00.598+0200][422,757s] GC(1125) Pause Initial Mark
[2019-04-15T13:49:00.646+0200][422,805s] GC(1125) Pause Initial Mark 489M->489M(490M) 47,441ms
[2019-04-15T13:49:00.646+0200][422,805s] GC(1125) User=0,07s Sys=0,00s Real=0,05s
[2019-04-15T13:49:00.646+0200][422,805s] GC(1125) Concurrent Mark
[2019-04-15T13:49:00.646+0200][422,805s] GC(1125) Using 4 workers of 4 for marking
[2019-04-15T13:49:00.684+0200][422,843s] GC(1126) Pause Full (Allocation Failure)
[2019-04-15T13:49:00.716+0200][422,875s] GC(1125) Concurrent Mark 70,134ms
[2019-04-15T13:49:00.716+0200][422,875s] GC(1125) User=0,26s Sys=0,00s Real=0,07s
[2019-04-15T13:49:00.716+0200][422,875s] GC(1126) Phase 1: Mark live objects
[2019-04-15T13:49:00.852+0200][423,011s] GC(1126) Phase 1: Mark live objects 135,378ms
[2019-04-15T13:49:00.852+0200][423,011s] GC(1126) Phase 2: Compute new object addresses
[2019-04-15T13:49:00.936+0200][423,095s] GC(1126) Phase 2: Compute new object addresses 84,008ms
[2019-04-15T13:49:00.936+0200][423,095s] GC(1126) Phase 3: Adjust pointers
[2019-04-15T13:49:01.048+0200][423,207s] GC(1126) Phase 3: Adjust pointers 112,533ms
[2019-04-15T13:49:01.048+0200][423,207s] GC(1126) Phase 4: Move objects
[2019-04-15T13:49:01.092+0200][423,251s] GC(1126) Phase 4: Move objects 43,858ms
[2019-04-15T13:49:01.093+0200][423,252s] GC(1126) ParNew: 109247K->101404K(109248K)
[2019-04-15T13:49:01.093+0200][423,252s] GC(1126) CMS: 393215K->393215K(393216K)
[2019-04-15T13:49:01.093+0200][423,252s] GC(1126) Metaspace: 85585K->85585K(1128448K)
[2019-04-15T13:49:01.093+0200][423,252s] GC(1126) Pause Full (Allocation Failure) 490M->483M(490M) 409,398ms
[2019-04-15T13:49:01.093+0200][423,252s] GC(1126) User=0,50s Sys=0,00s Real=0,42s
[2019-04-15T13:49:01.134+0200][423,293s] GC(1127) Pause Full (Allocation Failure)
[2019-04-15T13:49:01.134+0200][423,293s] GC(1127) Phase 1: Mark live objects
[2019-04-15T13:49:01.273+0200][423,432s] GC(1127) Phase 1: Mark live objects 139,056ms
[2019-04-15T13:49:01.273+0200][423,432s] GC(1127) Phase 2: Compute new object addresses
[2019-04-15T13:49:01.358+0200][423,517s] GC(1127) Phase 2: Compute new object addresses 84,436ms
[2019-04-15T13:49:01.358+0200][423,517s] GC(1127) Phase 3: Adjust pointers
[2019-04-15T13:49:01.464+0200][423,623s] GC(1127) Phase 3: Adjust pointers 106,468ms
[2019-04-15T13:49:01.464+0200][423,623s] GC(1127) Phase 4: Move objects
[2019-04-15T13:49:01.508+0200][423,667s] GC(1127) Phase 4: Move objects 44,041ms
[2019-04-15T13:49:01.509+0200][423,668s] GC(1127) ParNew: 109247K->103801K(109248K)
[2019-04-15T13:49:01.509+0200][423,668s] GC(1127) CMS: 393215K->393215K(393216K)
[2019-04-15T13:49:01.509+0200][423,668s] GC(1127) Metaspace: 85585K->85585K(1128448K)
[2019-04-15T13:49:01.509+0200][423,668s] GC(1127) Pause Full (Allocation Failure) 490M->485M(490M) 375,289ms
[2019-04-15T13:49:01.509+0200][423,668s] GC(1127) User=0,37s Sys=0,00s Real=0,37s
[2019-04-15T13:49:01.509+0200][423,668s] GC(1128) Pause Initial Mark
[2019-04-15T13:49:01.555+0200][423,714s] GC(1128) Pause Initial Mark 485M->485M(490M) 45,526ms
[2019-04-15T13:49:01.555+0200][423,714s] GC(1128) User=0,06s Sys=0,00s Real=0,05s
[2019-04-15T13:49:01.555+0200][423,714s] GC(1128) Concurrent Mark
[2019-04-15T13:49:01.555+0200][423,714s] GC(1128) Using 4 workers of 4 for marking
[2019-04-15T13:49:01.618+0200][423,777s] GC(1128) Concurrent Mark 62,541ms
[2019-04-15T13:49:01.618+0200][423,777s] GC(1128) User=0,24s Sys=0,00s Real=0,06s
[2019-04-15T13:49:01.618+0200][423,777s] GC(1128) Concurrent Preclean
[2019-04-15T13:49:01.629+0200][423,788s] GC(1129) Pause Full (Allocation Failure)
[2019-04-15T13:49:01.696+0200][423,855s] GC(1128) Concurrent Preclean 77,791ms
[2019-04-15T13:49:01.696+0200][423,855s] GC(1128) User=0,09s Sys=0,00s Real=0,08s
[2019-04-15T13:49:01.696+0200][423,855s] GC(1129) Phase 1: Mark live objects
[2019-04-15T13:49:01.835+0200][423,994s] GC(1129) Phase 1: Mark live objects 138,695ms
[2019-04-15T13:49:01.835+0200][423,994s] GC(1129) Phase 2: Compute new object addresses
[2019-04-15T13:49:01.924+0200][424,083s] GC(1129) Phase 2: Compute new object addresses 89,220ms
[2019-04-15T13:49:01.924+0200][424,083s] GC(1129) Phase 3: Adjust pointers
[2019-04-15T13:49:02.029+0200][424,188s] GC(1129) Phase 3: Adjust pointers 105,374ms
[2019-04-15T13:49:02.029+0200][424,188s] GC(1129) Phase 4: Move objects
[2019-04-15T13:49:02.032+0200][424,191s] GC(1129) Phase 4: Move objects 2,282ms
[2019-04-15T13:49:02.032+0200][424,191s] GC(1129) ParNew: 109247K->105535K(109248K)
[2019-04-15T13:49:02.032+0200][424,191s] GC(1129) CMS: 393215K->393215K(393216K)
[2019-04-15T13:49:02.032+0200][424,191s] GC(1129) Metaspace: 85585K->85585K(1128448K)
[2019-04-15T13:49:02.032+0200][424,191s] GC(1129) Pause Full (Allocation Failure) 490M->487M(490M) 402,901ms
[2019-04-15T13:49:02.032+0200][424,191s] GC(1129) User=0,40s Sys=0,00s Real=0,40s
[2019-04-15T13:49:02.052+0200][424,211s] GC(1130) Pause Full (Allocation Failure)
[2019-04-15T13:49:02.052+0200][424,211s] GC(1130) Phase 1: Mark live objects
[2019-04-15T13:49:02.201+0200][424,360s] GC(1130) Phase 1: Mark live objects 148,876ms
[2019-04-15T13:49:02.201+0200][424,360s] GC(1130) Phase 2: Compute new object addresses
[2019-04-15T13:49:02.292+0200][424,451s] GC(1130) Phase 2: Compute new object addresses 90,260ms
[2019-04-15T13:49:02.292+0200][424,451s] GC(1130) Phase 3: Adjust pointers
[2019-04-15T13:49:02.395+0200][424,554s] GC(1130) Phase 3: Adjust pointers 103,139ms
[2019-04-15T13:49:02.395+0200][424,554s] GC(1130) Phase 4: Move objects
[2019-04-15T13:49:02.397+0200][424,556s] GC(1130) Phase 4: Move objects 2,110ms
[2019-04-15T13:49:02.398+0200][424,556s] GC(1130) ParNew: 109247K->106648K(109248K)
[2019-04-15T13:49:02.398+0200][424,556s] GC(1130) CMS: 393215K->393215K(393216K)
[2019-04-15T13:49:02.398+0200][424,556s] GC(1130) Metaspace: 85585K->85585K(1128448K)
[2019-04-15T13:49:02.398+0200][424,556s] GC(1130) Pause Full (Allocation Failure) 490M->488M(490M) 345,614ms
[2019-04-15T13:49:02.398+0200][424,557s] GC(1130) User=0,34s Sys=0,00s Real=0,35s
[2019-04-15T13:49:02.398+0200][424,557s] GC(1131) Pause Initial Mark
[2019-04-15T13:49:02.446+0200][424,604s] GC(1131) Pause Initial Mark 488M->488M(490M) 47,741ms
[2019-04-15T13:49:02.446+0200][424,604s] GC(1131) User=0,07s Sys=0,00s Real=0,05s
[2019-04-15T13:49:02.446+0200][424,605s] GC(1131) Concurrent Mark
[2019-04-15T13:49:02.446+0200][424,605s] GC(1131) Using 4 workers of 4 for marking
[2019-04-15T13:49:02.490+0200][424,649s] GC(1132) Pause Full (Allocation Failure)
[2019-04-15T13:49:02.508+0200][424,667s] GC(1131) Concurrent Mark 62,586ms
[2019-04-15T13:49:02.508+0200][424,667s] GC(1131) User=0,23s Sys=0,01s Real=0,06s
[2019-04-15T13:49:02.508+0200][424,667s] GC(1132) Phase 1: Mark live objects
[2019-04-15T13:49:02.646+0200][424,805s] GC(1132) Phase 1: Mark live objects 137,514ms
[2019-04-15T13:49:02.646+0200][424,805s] GC(1132) Phase 2: Compute new object addresses
[2019-04-15T13:49:02.730+0200][424,889s] GC(1132) Phase 2: Compute new object addresses 83,929ms
[2019-04-15T13:49:02.730+0200][424,889s] GC(1132) Phase 3: Adjust pointers
[2019-04-15T13:49:02.838+0200][424,997s] GC(1132) Phase 3: Adjust pointers 107,769ms
[2019-04-15T13:49:02.838+0200][424,997s] GC(1132) Phase 4: Move objects
[2019-04-15T13:49:02.883+0200][425,042s] GC(1132) Phase 4: Move objects 44,831ms
[2019-04-15T13:49:02.884+0200][425,043s] GC(1132) ParNew: 109247K->106356K(109248K)
[2019-04-15T13:49:02.884+0200][425,043s] GC(1132) CMS: 393215K->393216K(393216K)
[2019-04-15T13:49:02.884+0200][425,043s] GC(1132) Metaspace: 85585K->85585K(1128448K)
[2019-04-15T13:49:02.884+0200][425,043s] GC(1132) Pause Full (Allocation Failure) 490M->487M(490M) 393,317ms
[2019-04-15T13:49:02.884+0200][425,043s] GC(1132) User=0,45s Sys=0,00s Real=0,39s
[2019-04-15T13:49:02.899+0200][425,058s] GC(1133) Pause Full (Allocation Failure)
[2019-04-15T13:49:02.900+0200][425,059s] GC(1133) Phase 1: Mark live objects
[2019-04-15T13:49:03.048+0200][425,207s] GC(1133) Phase 1: Mark live objects 148,044ms
[2019-04-15T13:49:03.048+0200][425,207s] GC(1133) Phase 2: Compute new object addresses
[2019-04-15T13:49:03.138+0200][425,297s] GC(1133) Phase 2: Compute new object addresses 90,032ms
[2019-04-15T13:49:03.138+0200][425,297s] GC(1133) Phase 3: Adjust pointers
[2019-04-15T13:49:03.241+0200][425,400s] GC(1133) Phase 3: Adjust pointers 103,431ms
[2019-04-15T13:49:03.241+0200][425,400s] GC(1133) Phase 4: Move objects
[2019-04-15T13:49:03.244+0200][425,403s] GC(1133) Phase 4: Move objects 2,240ms
[2019-04-15T13:49:03.244+0200][425,403s] GC(1133) ParNew: 109247K->106742K(109248K)
[2019-04-15T13:49:03.244+0200][425,403s] GC(1133) CMS: 393216K->393216K(393216K)
[2019-04-15T13:49:03.244+0200][425,403s] GC(1133) Metaspace: 85585K->85585K(1128448K)
[2019-04-15T13:49:03.244+0200][425,403s] GC(1133) Pause Full (Allocation Failure) 490M->488M(490M) 344,998ms
[2019-04-15T13:49:03.244+0200][425,403s] GC(1133) User=0,34s Sys=0,00s Real=0,34s
[2019-04-15T13:49:03.244+0200][425,403s] GC(1134) Pause Initial Mark
[2019-04-15T13:49:03.289+0200][425,448s] GC(1134) Pause Initial Mark 488M->488M(490M) 44,814ms
[2019-04-15T13:49:03.289+0200][425,448s] GC(1134) User=0,05s Sys=0,00s Real=0,05s
[2019-04-15T13:49:03.289+0200][425,448s] GC(1134) Concurrent Mark
[2019-04-15T13:49:03.289+0200][425,448s] GC(1134) Using 4 workers of 4 for marking
[2019-04-15T13:49:03.339+0200][425,498s] GC(1135) Pause Full (Allocation Failure)
[2019-04-15T13:49:03.348+0200][425,507s] GC(1134) Concurrent Mark 58,768ms
[2019-04-15T13:49:03.348+0200][425,507s] GC(1134) User=0,23s Sys=0,00s Real=0,06s
[2019-04-15T13:49:03.348+0200][425,507s] GC(1135) Phase 1: Mark live objects
[2019-04-15T13:49:03.490+0200][425,649s] GC(1135) Phase 1: Mark live objects 142,029ms
[2019-04-15T13:49:03.491+0200][425,649s] GC(1135) Phase 2: Compute new object addresses
[2019-04-15T13:49:03.576+0200][425,735s] GC(1135) Phase 2: Compute new object addresses 85,576ms
[2019-04-15T13:49:03.576+0200][425,735s] GC(1135) Phase 3: Adjust pointers
[2019-04-15T13:49:03.685+0200][425,844s] GC(1135) Phase 3: Adjust pointers 108,750ms
[2019-04-15T13:49:03.685+0200][425,844s] GC(1135) Phase 4: Move objects
[2019-04-15T13:49:03.733+0200][425,892s] GC(1135) Phase 4: Move objects 48,443ms
[2019-04-15T13:49:03.735+0200][425,894s] GC(1135) ParNew: 109247K->106345K(109248K)
[2019-04-15T13:49:03.735+0200][425,894s] GC(1135) CMS: 393216K->393215K(393216K)
[2019-04-15T13:49:03.735+0200][425,894s] GC(1135) Metaspace: 85585K->85585K(1128448K)
[2019-04-15T13:49:03.735+0200][425,894s] GC(1135) Pause Full (Allocation Failure) 490M->487M(490M) 396,099ms
[2019-04-15T13:49:03.735+0200][425,894s] GC(1135) User=0,42s Sys=0,00s Real=0,40s
[2019-04-15T13:49:03.750+0200][425,909s] GC(1136) Pause Full (Allocation Failure)
[2019-04-15T13:49:03.750+0200][425,909s] GC(1136) Phase 1: Mark live objects
[2019-04-15T13:49:03.891+0200][426,050s] GC(1136) Phase 1: Mark live objects 140,133ms
[2019-04-15T13:49:03.891+0200][426,050s] GC(1136) Phase 2: Compute new object addresses
[2019-04-15T13:49:03.982+0200][426,141s] GC(1136) Phase 2: Compute new object addresses 91,195ms
[2019-04-15T13:49:03.982+0200][426,141s] GC(1136) Phase 3: Adjust pointers
[2019-04-15T13:49:04.099+0200][426,258s] GC(1136) Phase 3: Adjust pointers 117,403ms
[2019-04-15T13:49:04.099+0200][426,258s] GC(1136) Phase 4: Move objects
[2019-04-15T13:49:04.100+0200][426,259s] GC(1136) Phase 4: Move objects 0,286ms
[2019-04-15T13:49:04.100+0200][426,259s] GC(1136) ParNew: 109247K->106719K(109248K)
[2019-04-15T13:49:04.100+0200][426,259s] GC(1136) CMS: 393215K->393215K(393216K)
[2019-04-15T13:49:04.100+0200][426,259s] GC(1136) Metaspace: 85585K->85585K(1128448K)
[2019-04-15T13:49:04.100+0200][426,259s] GC(1136) Pause Full (Allocation Failure) 490M->488M(490M) 350,334ms
[2019-04-15T13:49:04.101+0200][426,259s] GC(1136) User=0,35s Sys=0,00s Real=0,35s
[2019-04-15T13:49:04.101+0200][426,260s] GC(1137) Pause Initial Mark
[2019-04-15T13:49:04.139+0200][426,298s] GC(1137) Pause Initial Mark 488M->488M(490M) 37,456ms
[2019-04-15T13:49:04.139+0200][426,298s] GC(1137) User=0,05s Sys=0,00s Real=0,04s
[2019-04-15T13:49:04.139+0200][426,298s] GC(1137) Concurrent Mark
[2019-04-15T13:49:04.139+0200][426,298s] GC(1137) Using 4 workers of 4 for marking
[2019-04-15T13:49:04.199+0200][426,358s] GC(1138) Pause Full (Allocation Failure)
[2019-04-15T13:49:04.200+0200][426,359s] GC(1137) Concurrent Mark 61,627ms
[2019-04-15T13:49:04.200+0200][426,359s] GC(1137) User=0,23s Sys=0,00s Real=0,06s
[2019-04-15T13:49:04.201+0200][426,360s] GC(1138) Phase 1: Mark live objects
[2019-04-15T13:49:04.339+0200][426,498s] GC(1138) Phase 1: Mark live objects 137,972ms
[2019-04-15T13:49:04.339+0200][426,498s] GC(1138) Phase 2: Compute new object addresses
[2019-04-15T13:49:04.423+0200][426,582s] GC(1138) Phase 2: Compute new object addresses 84,670ms
[2019-04-15T13:49:04.423+0200][426,582s] GC(1138) Phase 3: Adjust pointers
[2019-04-15T13:49:04.534+0200][426,693s] GC(1138) Phase 3: Adjust pointers 110,513ms
[2019-04-15T13:49:04.534+0200][426,693s] GC(1138) Phase 4: Move objects
[2019-04-15T13:49:04.579+0200][426,738s] GC(1138) Phase 4: Move objects 44,797ms
[2019-04-15T13:49:04.579+0200][426,738s] GC(1138) ParNew: 109247K->106652K(109248K)
[2019-04-15T13:49:04.579+0200][426,738s] GC(1138) CMS: 393216K->393215K(393216K)
[2019-04-15T13:49:04.579+0200][426,738s] GC(1138) Metaspace: 85585K->85585K(1128448K)
[2019-04-15T13:49:04.579+0200][426,738s] GC(1138) Pause Full (Allocation Failure) 490M->488M(490M) 380,676ms
[2019-04-15T13:49:04.579+0200][426,738s] GC(1138) User=0,38s Sys=0,00s Real=0,38s
[2019-04-15T13:49:04.593+0200][426,752s] GC(1139) Pause Full (Allocation Failure)
[2019-04-15T13:49:04.594+0200][426,753s] GC(1139) Phase 1: Mark live objects
[2019-04-15T13:49:04.738+0200][426,897s] GC(1139) Phase 1: Mark live objects 144,118ms
[2019-04-15T13:49:04.738+0200][426,897s] GC(1139) Phase 2: Compute new object addresses
[2019-04-15T13:49:04.822+0200][426,981s] GC(1139) Phase 2: Compute new object addresses 84,234ms
[2019-04-15T13:49:04.822+0200][426,981s] GC(1139) Phase 3: Adjust pointers
[2019-04-15T13:49:04.931+0200][427,090s] GC(1139) Phase 3: Adjust pointers 108,918ms
[2019-04-15T13:49:04.931+0200][427,090s] GC(1139) Phase 4: Move objects
[2019-04-15T13:49:04.977+0200][427,135s] GC(1139) Phase 4: Move objects 45,414ms
[2019-04-15T13:49:04.977+0200][427,136s] GC(1139) ParNew: 109247K->107400K(109248K)
[2019-04-15T13:49:04.977+0200][427,136s] GC(1139) CMS: 393215K->393215K(393216K)
[2019-04-15T13:49:04.977+0200][427,136s] GC(1139) Metaspace: 85585K->85585K(1128448K)
[2019-04-15T13:49:04.977+0200][427,136s] GC(1139) Pause Full (Allocation Failure) 490M->488M(490M) 383,942ms
[2019-04-15T13:49:04.977+0200][427,136s] GC(1139) User=0,38s Sys=0,00s Real=0,38s
[2019-04-15T13:49:04.977+0200][427,136s] GC(1140) Pause Initial Mark
[2019-04-15T13:49:05.016+0200][427,175s] GC(1140) Pause Initial Mark 488M->488M(490M) 38,827ms
[2019-04-15T13:49:05.016+0200][427,175s] GC(1140) User=0,05s Sys=0,00s Real=0,04s
[2019-04-15T13:49:05.016+0200][427,175s] GC(1140) Concurrent Mark
[2019-04-15T13:49:05.016+0200][427,175s] GC(1140) Using 4 workers of 4 for marking
[2019-04-15T13:49:05.037+0200][427,196s] GC(1141) Pause Full (Allocation Failure)
[2019-04-15T13:49:05.076+0200][427,235s] GC(1140) Concurrent Mark 60,027ms
[2019-04-15T13:49:05.076+0200][427,235s] GC(1140) User=0,22s Sys=0,00s Real=0,06s
[2019-04-15T13:49:05.077+0200][427,236s] GC(1141) Phase 1: Mark live objects
[2019-04-15T13:49:05.217+0200][427,376s] GC(1141) Phase 1: Mark live objects 140,272ms
[2019-04-15T13:49:05.217+0200][427,376s] GC(1141) Phase 2: Compute new object addresses
[2019-04-15T13:49:05.306+0200][427,465s] GC(1141) Phase 2: Compute new object addresses 89,385ms
[2019-04-15T13:49:05.306+0200][427,465s] GC(1141) Phase 3: Adjust pointers
[2019-04-15T13:49:05.416+0200][427,575s] GC(1141) Phase 3: Adjust pointers 109,654ms
[2019-04-15T13:49:05.416+0200][427,575s] GC(1141) Phase 4: Move objects
[2019-04-15T13:49:05.463+0200][427,622s] GC(1141) Phase 4: Move objects 46,784ms
[2019-04-15T13:49:05.464+0200][427,622s] GC(1141) ParNew: 109247K->107950K(109248K)
[2019-04-15T13:49:05.464+0200][427,622s] GC(1141) CMS: 393215K->393215K(393216K)
[2019-04-15T13:49:05.464+0200][427,622s] GC(1141) Metaspace: 85585K->85585K(1128448K)
[2019-04-15T13:49:05.464+0200][427,623s] GC(1141) Pause Full (Allocation Failure) 490M->489M(490M) 426,631ms
[2019-04-15T13:49:05.464+0200][427,623s] GC(1141) User=0,54s Sys=0,00s Real=0,42s
[2019-04-15T13:49:05.471+0200][427,630s] GC(1142) Pause Full (Allocation Failure)
[2019-04-15T13:49:05.471+0200][427,630s] GC(1142) Phase 1: Mark live objects
[2019-04-15T13:49:05.616+0200][427,774s] GC(1142) Phase 1: Mark live objects 144,473ms
[2019-04-15T13:49:05.616+0200][427,774s] GC(1142) Phase 2: Compute new object addresses
[2019-04-15T13:49:05.702+0200][427,861s] GC(1142) Phase 2: Compute new object addresses 86,412ms
[2019-04-15T13:49:05.702+0200][427,861s] GC(1142) Phase 3: Adjust pointers
[2019-04-15T13:49:05.812+0200][427,971s] GC(1142) Phase 3: Adjust pointers 110,307ms
[2019-04-15T13:49:05.812+0200][427,971s] GC(1142) Phase 4: Move objects
[2019-04-15T13:49:05.859+0200][428,018s] GC(1142) Phase 4: Move objects 46,866ms
[2019-04-15T13:49:05.860+0200][428,019s] GC(1142) ParNew: 109247K->108292K(109248K)
[2019-04-15T13:49:05.860+0200][428,019s] GC(1142) CMS: 393215K->393216K(393216K)
[2019-04-15T13:49:05.860+0200][428,019s] GC(1142) Metaspace: 85585K->85585K(1128448K)
[2019-04-15T13:49:05.860+0200][428,019s] GC(1142) Pause Full (Allocation Failure) 490M->489M(490M) 389,242ms
[2019-04-15T13:49:05.860+0200][428,019s] GC(1142) User=0,39s Sys=0,00s Real=0,39s
[2019-04-15T13:49:05.860+0200][428,019s] GC(1143) Pause Initial Mark
[2019-04-15T13:49:05.897+0200][428,056s] GC(1143) Pause Initial Mark 489M->489M(490M) 37,087ms
[2019-04-15T13:49:05.897+0200][428,056s] GC(1143) User=0,05s Sys=0,00s Real=0,04s
[2019-04-15T13:49:05.897+0200][428,056s] GC(1143) Concurrent Mark
[2019-04-15T13:49:05.897+0200][428,056s] GC(1143) Using 4 workers of 4 for marking
[2019-04-15T13:49:05.906+0200][428,065s] GC(1144) Pause Full (Allocation Failure)
[2019-04-15T13:49:05.955+0200][428,114s] GC(1143) Concurrent Mark 57,349ms
[2019-04-15T13:49:05.955+0200][428,114s] GC(1143) User=0,21s Sys=0,00s Real=0,06s
[2019-04-15T13:49:05.955+0200][428,114s] GC(1144) Phase 1: Mark live objects
[2019-04-15T13:49:06.098+0200][428,257s] GC(1144) Phase 1: Mark live objects 143,338ms
[2019-04-15T13:49:06.098+0200][428,257s] GC(1144) Phase 2: Compute new object addresses
[2019-04-15T13:49:06.187+0200][428,346s] GC(1144) Phase 2: Compute new object addresses 88,266ms
[2019-04-15T13:49:06.187+0200][428,346s] GC(1144) Phase 3: Adjust pointers
[2019-04-15T13:49:06.292+0200][428,451s] GC(1144) Phase 3: Adjust pointers 104,886ms
[2019-04-15T13:49:06.292+0200][428,451s] GC(1144) Phase 4: Move objects
[2019-04-15T13:49:06.302+0200][428,460s] GC(1144) Phase 4: Move objects 9,956ms
[2019-04-15T13:49:06.302+0200][428,461s] GC(1144) ParNew: 109247K->108578K(109248K)
[2019-04-15T13:49:06.302+0200][428,461s] GC(1144) CMS: 393216K->393216K(393216K)
[2019-04-15T13:49:06.302+0200][428,461s] GC(1144) Metaspace: 85585K->85585K(1128448K)
[2019-04-15T13:49:06.302+0200][428,461s] GC(1144) Pause Full (Allocation Failure) 490M->490M(490M) 396,133ms
[2019-04-15T13:49:06.302+0200][428,461s] GC(1144) User=0,53s Sys=0,00s Real=0,39s
[2019-04-15T13:49:06.305+0200][428,464s] GC(1145) Pause Full (Allocation Failure)
[2019-04-15T13:49:06.305+0200][428,464s] GC(1145) Phase 1: Mark live objects
[2019-04-15T13:49:06.443+0200][428,602s] GC(1145) Phase 1: Mark live objects 137,654ms
[2019-04-15T13:49:06.443+0200][428,602s] GC(1145) Phase 2: Compute new object addresses
[2019-04-15T13:49:06.527+0200][428,686s] GC(1145) Phase 2: Compute new object addresses 83,830ms
[2019-04-15T13:49:06.527+0200][428,686s] GC(1145) Phase 3: Adjust pointers
[2019-04-15T13:49:06.635+0200][428,794s] GC(1145) Phase 3: Adjust pointers 108,051ms
[2019-04-15T13:49:06.635+0200][428,794s] GC(1145) Phase 4: Move objects
[2019-04-15T13:49:06.679+0200][428,838s] GC(1145) Phase 4: Move objects 43,957ms
[2019-04-15T13:49:06.680+0200][428,839s] GC(1145) ParNew: 109247K->102080K(109248K)
[2019-04-15T13:49:06.680+0200][428,839s] GC(1145) CMS: 393216K->393215K(393216K)
[2019-04-15T13:49:06.680+0200][428,839s] GC(1145) Metaspace: 85585K->85585K(1128448K)
[2019-04-15T13:49:06.680+0200][428,839s] GC(1145) Pause Full (Allocation Failure) 490M->483M(490M) 374,686ms
[2019-04-15T13:49:06.680+0200][428,839s] GC(1145) User=0,37s Sys=0,00s Real=0,37s
[2019-04-15T13:49:06.680+0200][428,839s] GC(1146) Pause Initial Mark
[2019-04-15T13:49:06.720+0200][428,879s] GC(1146) Pause Initial Mark 483M->483M(490M) 39,683ms
[2019-04-15T13:49:06.720+0200][428,879s] GC(1146) User=0,05s Sys=0,00s Real=0,04s
[2019-04-15T13:49:06.720+0200][428,879s] GC(1146) Concurrent Mark
[2019-04-15T13:49:06.720+0200][428,879s] GC(1146) Using 4 workers of 4 for marking
[2019-04-15T13:49:06.792+0200][428,951s] GC(1146) Concurrent Mark 71,835ms
[2019-04-15T13:49:06.792+0200][428,951s] GC(1146) User=0,27s Sys=0,00s Real=0,07s
[2019-04-15T13:49:06.792+0200][428,951s] GC(1146) Concurrent Preclean
[2019-04-15T13:49:06.819+0200][428,978s] GC(1147) Pause Full (Allocation Failure)
[2019-04-15T13:49:06.879+0200][429,038s] GC(1146) Concurrent Preclean 86,937ms
[2019-04-15T13:49:06.879+0200][429,038s] GC(1146) User=0,12s Sys=0,00s Real=0,09s
[2019-04-15T13:49:06.879+0200][429,038s] GC(1147) Phase 1: Mark live objects
[2019-04-15T13:49:07.019+0200][429,178s] GC(1147) Phase 1: Mark live objects 139,846ms
[2019-04-15T13:49:07.019+0200][429,178s] GC(1147) Phase 2: Compute new object addresses
[2019-04-15T13:49:07.108+0200][429,267s] GC(1147) Phase 2: Compute new object addresses 89,187ms
[2019-04-15T13:49:07.108+0200][429,267s] GC(1147) Phase 3: Adjust pointers
[2019-04-15T13:49:07.210+0200][429,369s] GC(1147) Phase 3: Adjust pointers 102,450ms
[2019-04-15T13:49:07.210+0200][429,369s] GC(1147) Phase 4: Move objects
[2019-04-15T13:49:07.212+0200][429,371s] GC(1147) Phase 4: Move objects 1,631ms
[2019-04-15T13:49:07.213+0200][429,372s] GC(1147) ParNew: 109247K->104227K(109248K)
[2019-04-15T13:49:07.213+0200][429,372s] GC(1147) CMS: 393215K->393215K(393216K)
[2019-04-15T13:49:07.213+0200][429,372s] GC(1147) Metaspace: 85585K->85585K(1128448K)
[2019-04-15T13:49:07.213+0200][429,372s] GC(1147) Pause Full (Allocation Failure) 490M->485M(490M) 393,607ms
[2019-04-15T13:49:07.213+0200][429,372s] GC(1147) User=0,39s Sys=0,00s Real=0,39s
[2019-04-15T13:49:07.238+0200][429,397s] GC(1148) Pause Full (Allocation Failure)
[2019-04-15T13:49:07.239+0200][429,397s] GC(1148) Phase 1: Mark live objects
[2019-04-15T13:49:07.380+0200][429,539s] GC(1148) Phase 1: Mark live objects 141,134ms
[2019-04-15T13:49:07.380+0200][429,539s] GC(1148) Phase 2: Compute new object addresses
[2019-04-15T13:49:07.466+0200][429,625s] GC(1148) Phase 2: Compute new object addresses 85,941ms
[2019-04-15T13:49:07.466+0200][429,625s] GC(1148) Phase 3: Adjust pointers
[2019-04-15T13:49:07.578+0200][429,737s] GC(1148) Phase 3: Adjust pointers 112,237ms
[2019-04-15T13:49:07.578+0200][429,737s] GC(1148) Phase 4: Move objects
[2019-04-15T13:49:07.624+0200][429,783s] GC(1148) Phase 4: Move objects 46,302ms
[2019-04-15T13:49:07.625+0200][429,784s] GC(1148) ParNew: 109247K->105832K(109248K)
[2019-04-15T13:49:07.625+0200][429,784s] GC(1148) CMS: 393215K->393215K(393216K)
[2019-04-15T13:49:07.625+0200][429,784s] GC(1148) Metaspace: 85585K->85585K(1128448K)
[2019-04-15T13:49:07.625+0200][429,784s] GC(1148) Pause Full (Allocation Failure) 490M->487M(490M) 386,837ms
[2019-04-15T13:49:07.625+0200][429,784s] GC(1148) User=0,39s Sys=0,00s Real=0,39s
[2019-04-15T13:49:07.625+0200][429,784s] GC(1149) Pause Initial Mark
[2019-04-15T13:49:07.663+0200][429,822s] GC(1149) Pause Initial Mark 487M->487M(490M) 37,612ms
[2019-04-15T13:49:07.663+0200][429,822s] GC(1149) User=0,05s Sys=0,00s Real=0,03s
[2019-04-15T13:49:07.663+0200][429,822s] GC(1149) Concurrent Mark
[2019-04-15T13:49:07.663+0200][429,822s] GC(1149) Using 4 workers of 4 for marking
[2019-04-15T13:49:07.694+0200][429,853s] GC(1150) Pause Full (Allocation Failure)
[2019-04-15T13:49:07.729+0200][429,888s] GC(1149) Concurrent Mark 65,644ms
[2019-04-15T13:49:07.729+0200][429,888s] GC(1149) User=0,25s Sys=0,00s Real=0,07s
[2019-04-15T13:49:07.729+0200][429,888s] GC(1150) Phase 1: Mark live objects
[2019-04-15T13:49:07.872+0200][430,031s] GC(1150) Phase 1: Mark live objects 143,117ms
[2019-04-15T13:49:07.872+0200][430,031s] GC(1150) Phase 2: Compute new object addresses
[2019-04-15T13:49:07.961+0200][430,120s] GC(1150) Phase 2: Compute new object addresses 88,796ms
[2019-04-15T13:49:07.961+0200][430,120s] GC(1150) Phase 3: Adjust pointers
[2019-04-15T13:49:08.067+0200][430,226s] GC(1150) Phase 3: Adjust pointers 106,148ms
[2019-04-15T13:49:08.067+0200][430,226s] GC(1150) Phase 4: Move objects
[2019-04-15T13:49:08.069+0200][430,228s] GC(1150) Phase 4: Move objects 2,239ms
[2019-04-15T13:49:08.070+0200][430,229s] GC(1150) ParNew: 109247K->106466K(109248K)
[2019-04-15T13:49:08.071+0200][430,229s] GC(1150) CMS: 393215K->393215K(393216K)
[2019-04-15T13:49:08.071+0200][430,229s] GC(1150) Metaspace: 85585K->85585K(1128448K)
[2019-04-15T13:49:08.071+0200][430,229s] GC(1150) Pause Full (Allocation Failure) 490M->487M(490M) 376,541ms
[2019-04-15T13:49:08.071+0200][430,229s] GC(1150) User=0,47s Sys=0,00s Real=0,37s
[2019-04-15T13:49:08.086+0200][430,245s] GC(1151) Pause Full (Allocation Failure)
[2019-04-15T13:49:08.086+0200][430,245s] GC(1151) Phase 1: Mark live objects
[2019-04-15T13:49:08.226+0200][430,385s] GC(1151) Phase 1: Mark live objects 139,536ms
[2019-04-15T13:49:08.226+0200][430,385s] GC(1151) Phase 2: Compute new object addresses
[2019-04-15T13:49:08.318+0200][430,477s] GC(1151) Phase 2: Compute new object addresses 92,188ms
[2019-04-15T13:49:08.318+0200][430,477s] GC(1151) Phase 3: Adjust pointers
[2019-04-15T13:49:08.421+0200][430,580s] GC(1151) Phase 3: Adjust pointers 102,384ms
[2019-04-15T13:49:08.421+0200][430,580s] GC(1151) Phase 4: Move objects
[2019-04-15T13:49:08.423+0200][430,582s] GC(1151) Phase 4: Move objects 2,069ms
[2019-04-15T13:49:08.423+0200][430,582s] GC(1151) ParNew: 109247K->106400K(109248K)
[2019-04-15T13:49:08.423+0200][430,582s] GC(1151) CMS: 393215K->393215K(393216K)
[2019-04-15T13:49:08.423+0200][430,582s] GC(1151) Metaspace: 85585K->85585K(1128448K)
[2019-04-15T13:49:08.424+0200][430,582s] GC(1151) Pause Full (Allocation Failure) 490M->487M(490M) 337,417ms
[2019-04-15T13:49:08.424+0200][430,582s] GC(1151) User=0,34s Sys=0,00s Real=0,33s
[2019-04-15T13:49:08.424+0200][430,583s] GC(1152) Pause Initial Mark
[2019-04-15T13:49:08.470+0200][430,629s] GC(1152) Pause Initial Mark 487M->487M(490M) 46,237ms
[2019-04-15T13:49:08.470+0200][430,629s] GC(1152) User=0,06s Sys=0,00s Real=0,05s
[2019-04-15T13:49:08.470+0200][430,629s] GC(1152) Concurrent Mark
[2019-04-15T13:49:08.470+0200][430,629s] GC(1152) Using 4 workers of 4 for marking
[2019-04-15T13:49:08.513+0200][430,672s] GC(1153) Pause Full (Allocation Failure)
[2019-04-15T13:49:08.533+0200][430,692s] GC(1152) Concurrent Mark 62,845ms
[2019-04-15T13:49:08.533+0200][430,692s] GC(1152) User=0,24s Sys=0,00s Real=0,07s
[2019-04-15T13:49:08.533+0200][430,692s] GC(1153) Phase 1: Mark live objects
[2019-04-15T13:49:08.675+0200][430,834s] GC(1153) Phase 1: Mark live objects 141,656ms
[2019-04-15T13:49:08.675+0200][430,834s] GC(1153) Phase 2: Compute new object addresses
[2019-04-15T13:49:08.765+0200][430,924s] GC(1153) Phase 2: Compute new object addresses 89,722ms
[2019-04-15T13:49:08.765+0200][430,924s] GC(1153) Phase 3: Adjust pointers
[2019-04-15T13:49:08.867+0200][431,026s] GC(1153) Phase 3: Adjust pointers 102,696ms
[2019-04-15T13:49:08.867+0200][431,026s] GC(1153) Phase 4: Move objects
[2019-04-15T13:49:08.869+0200][431,028s] GC(1153) Phase 4: Move objects 2,065ms
[2019-04-15T13:49:08.870+0200][431,029s] GC(1153) ParNew: 109247K->106344K(109248K)
[2019-04-15T13:49:08.870+0200][431,029s] GC(1153) CMS: 393215K->393215K(393216K)
[2019-04-15T13:49:08.870+0200][431,029s] GC(1153) Metaspace: 85585K->85585K(1128448K)
[2019-04-15T13:49:08.870+0200][431,029s] GC(1153) Pause Full (Allocation Failure) 490M->487M(490M) 357,192ms
[2019-04-15T13:49:08.870+0200][431,029s] GC(1153) User=0,42s Sys=0,00s Real=0,35s
[2019-04-15T13:49:08.886+0200][431,045s] GC(1154) Pause Full (Allocation Failure)
[2019-04-15T13:49:08.886+0200][431,045s] GC(1154) Phase 1: Mark live objects
[2019-04-15T13:49:09.030+0200][431,189s] GC(1154) Phase 1: Mark live objects 143,625ms
[2019-04-15T13:49:09.030+0200][431,189s] GC(1154) Phase 2: Compute new object addresses
[2019-04-15T13:49:09.120+0200][431,279s] GC(1154) Phase 2: Compute new object addresses 90,173ms
[2019-04-15T13:49:09.120+0200][431,279s] GC(1154) Phase 3: Adjust pointers
[2019-04-15T13:49:09.223+0200][431,382s] GC(1154) Phase 3: Adjust pointers 102,772ms
[2019-04-15T13:49:09.223+0200][431,382s] GC(1154) Phase 4: Move objects
[2019-04-15T13:49:09.223+0200][431,382s] GC(1154) Phase 4: Move objects 0,304ms
[2019-04-15T13:49:09.224+0200][431,383s] GC(1154) ParNew: 109247K->106977K(109248K)
[2019-04-15T13:49:09.224+0200][431,383s] GC(1154) CMS: 393215K->393215K(393216K)
[2019-04-15T13:49:09.224+0200][431,383s] GC(1154) Metaspace: 85585K->85585K(1128448K)
[2019-04-15T13:49:09.224+0200][431,383s] GC(1154) Pause Full (Allocation Failure) 490M->488M(490M) 338,002ms
[2019-04-15T13:49:09.224+0200][431,383s] GC(1154) User=0,34s Sys=0,00s Real=0,33s
[2019-04-15T13:49:09.224+0200][431,383s] GC(1155) Pause Initial Mark
[2019-04-15T13:49:09.269+0200][431,428s] GC(1155) Pause Initial Mark 488M->488M(490M) 44,916ms
[2019-04-15T13:49:09.269+0200][431,428s] GC(1155) User=0,06s Sys=0,00s Real=0,05s
[2019-04-15T13:49:09.269+0200][431,428s] GC(1155) Concurrent Mark
[2019-04-15T13:49:09.269+0200][431,428s] GC(1155) Using 4 workers of 4 for marking
[2019-04-15T13:49:09.290+0200][431,449s] GC(1156) Pause Full (Allocation Failure)
[2019-04-15T13:49:09.329+0200][431,487s] GC(1155) Concurrent Mark 59,521ms
[2019-04-15T13:49:09.329+0200][431,488s] GC(1155) User=0,23s Sys=0,00s Real=0,06s
[2019-04-15T13:49:09.329+0200][431,488s] GC(1156) Phase 1: Mark live objects
[2019-04-15T13:49:09.465+0200][431,624s] GC(1156) Phase 1: Mark live objects 136,694ms
[2019-04-15T13:49:09.466+0200][431,624s] GC(1156) Phase 2: Compute new object addresses
[2019-04-15T13:49:09.550+0200][431,709s] GC(1156) Phase 2: Compute new object addresses 84,741ms
[2019-04-15T13:49:09.550+0200][431,709s] GC(1156) Phase 3: Adjust pointers
[2019-04-15T13:49:09.658+0200][431,817s] GC(1156) Phase 3: Adjust pointers 108,103ms
[2019-04-15T13:49:09.658+0200][431,817s] GC(1156) Phase 4: Move objects
[2019-04-15T13:49:09.702+0200][431,861s] GC(1156) Phase 4: Move objects 43,892ms
[2019-04-15T13:49:09.703+0200][431,862s] GC(1156) ParNew: 109248K->100988K(109248K)
[2019-04-15T13:49:09.703+0200][431,862s] GC(1156) CMS: 393215K->393216K(393216K)
[2019-04-15T13:49:09.703+0200][431,862s] GC(1156) Metaspace: 85585K->85585K(1128448K)
[2019-04-15T13:49:09.703+0200][431,862s] GC(1156) Pause Full (Allocation Failure) 490M->482M(490M) 413,053ms
[2019-04-15T13:49:09.703+0200][431,862s] GC(1156) User=0,52s Sys=0,00s Real=0,41s
[2019-04-15T13:49:09.747+0200][431,905s] GC(1157) Pause Full (Allocation Failure)
[2019-04-15T13:49:09.747+0200][431,906s] GC(1157) Phase 1: Mark live objects
[2019-04-15T13:49:09.886+0200][432,045s] GC(1157) Phase 1: Mark live objects 138,838ms
[2019-04-15T13:49:09.886+0200][432,045s] GC(1157) Phase 2: Compute new object addresses
[2019-04-15T13:49:09.974+0200][432,133s] GC(1157) Phase 2: Compute new object addresses 88,309ms
[2019-04-15T13:49:09.974+0200][432,133s] GC(1157) Phase 3: Adjust pointers
[2019-04-15T13:49:10.083+0200][432,242s] GC(1157) Phase 3: Adjust pointers 109,126ms
[2019-04-15T13:49:10.083+0200][432,242s] GC(1157) Phase 4: Move objects
[2019-04-15T13:49:10.086+0200][432,245s] GC(1157) Phase 4: Move objects 2,812ms
[2019-04-15T13:49:10.087+0200][432,246s] GC(1157) ParNew: 109247K->103538K(109248K)
[2019-04-15T13:49:10.087+0200][432,246s] GC(1157) CMS: 393216K->393216K(393216K)
[2019-04-15T13:49:10.087+0200][432,246s] GC(1157) Metaspace: 85585K->85585K(1128448K)
[2019-04-15T13:49:10.087+0200][432,246s] GC(1157) Pause Full (Allocation Failure) 490M->485M(490M) 340,235ms
[2019-04-15T13:49:10.087+0200][432,246s] GC(1157) User=0,34s Sys=0,00s Real=0,34s
[2019-04-15T13:49:10.087+0200][432,246s] GC(1158) Pause Initial Mark
[2019-04-15T13:49:10.132+0200][432,291s] GC(1158) Pause Initial Mark 485M->485M(490M) 45,299ms
[2019-04-15T13:49:10.132+0200][432,291s] GC(1158) User=0,06s Sys=0,00s Real=0,04s
[2019-04-15T13:49:10.132+0200][432,291s] GC(1158) Concurrent Mark
[2019-04-15T13:49:10.132+0200][432,291s] GC(1158) Using 4 workers of 4 for marking
[2019-04-15T13:49:10.184+0200][432,343s] GC(1159) Pause Full (Allocation Failure)
[2019-04-15T13:49:10.201+0200][432,360s] GC(1158) Concurrent Mark 68,634ms
[2019-04-15T13:49:10.201+0200][432,360s] GC(1158) User=0,26s Sys=0,00s Real=0,07s
[2019-04-15T13:49:10.201+0200][432,360s] GC(1159) Phase 1: Mark live objects
[2019-04-15T13:49:10.345+0200][432,504s] GC(1159) Phase 1: Mark live objects 143,430ms
[2019-04-15T13:49:10.345+0200][432,504s] GC(1159) Phase 2: Compute new object addresses
[2019-04-15T13:49:10.434+0200][432,593s] GC(1159) Phase 2: Compute new object addresses 89,267ms
[2019-04-15T13:49:10.434+0200][432,593s] GC(1159) Phase 3: Adjust pointers
[2019-04-15T13:49:10.535+0200][432,694s] GC(1159) Phase 3: Adjust pointers 101,203ms
[2019-04-15T13:49:10.535+0200][432,694s] GC(1159) Phase 4: Move objects
[2019-04-15T13:49:10.536+0200][432,695s] GC(1159) Phase 4: Move objects 0,952ms
[2019-04-15T13:49:10.537+0200][432,696s] GC(1159) ParNew: 109248K->105352K(109248K)
[2019-04-15T13:49:10.537+0200][432,696s] GC(1159) CMS: 393216K->393216K(393216K)
[2019-04-15T13:49:10.537+0200][432,696s] GC(1159) Metaspace: 85585K->85585K(1128448K)
[2019-04-15T13:49:10.537+0200][432,696s] GC(1159) Pause Full (Allocation Failure) 490M->486M(490M) 352,856ms
[2019-04-15T13:49:10.537+0200][432,696s] GC(1159) User=0,39s Sys=0,00s Real=0,36s
[2019-04-15T13:49:10.557+0200][432,716s] GC(1160) Pause Full (Allocation Failure)
[2019-04-15T13:49:10.558+0200][432,717s] GC(1160) Phase 1: Mark live objects
[2019-04-15T13:49:10.701+0200][432,860s] GC(1160) Phase 1: Mark live objects 143,327ms
[2019-04-15T13:49:10.701+0200][432,860s] GC(1160) Phase 2: Compute new object addresses
[2019-04-15T13:49:10.790+0200][432,949s] GC(1160) Phase 2: Compute new object addresses 88,887ms
[2019-04-15T13:49:10.790+0200][432,949s] GC(1160) Phase 3: Adjust pointers
[2019-04-15T13:49:10.893+0200][433,052s] GC(1160) Phase 3: Adjust pointers 103,226ms
[2019-04-15T13:49:10.894+0200][433,052s] GC(1160) Phase 4: Move objects
[2019-04-15T13:49:10.898+0200][433,057s] GC(1160) Phase 4: Move objects 4,820ms
[2019-04-15T13:49:10.899+0200][433,058s] GC(1160) ParNew: 109248K->106509K(109248K)
[2019-04-15T13:49:10.899+0200][433,058s] GC(1160) CMS: 393216K->393216K(393216K)
[2019-04-15T13:49:10.899+0200][433,058s] GC(1160) Metaspace: 85585K->85585K(1128448K)
[2019-04-15T13:49:10.899+0200][433,058s] GC(1160) Pause Full (Allocation Failure) 490M->488M(490M) 341,505ms
[2019-04-15T13:49:10.899+0200][433,058s] GC(1160) User=0,34s Sys=0,00s Real=0,34s
[2019-04-15T13:49:10.899+0200][433,058s] GC(1161) Pause Initial Mark
[2019-04-15T13:49:10.939+0200][433,098s] GC(1161) Pause Initial Mark 488M->488M(490M) 39,535ms
[2019-04-15T13:49:10.939+0200][433,098s] GC(1161) User=0,05s Sys=0,00s Real=0,04s
[2019-04-15T13:49:10.939+0200][433,098s] GC(1161) Concurrent Mark
[2019-04-15T13:49:10.939+0200][433,098s] GC(1161) Using 4 workers of 4 for marking
[2019-04-15T13:49:10.965+0200][433,124s] GC(1162) Pause Full (Allocation Failure)
[2019-04-15T13:49:11.004+0200][433,163s] GC(1161) Concurrent Mark 65,208ms
[2019-04-15T13:49:11.004+0200][433,163s] GC(1161) User=0,24s Sys=0,01s Real=0,06s
[2019-04-15T13:49:11.004+0200][433,163s] GC(1162) Phase 1: Mark live objects
[2019-04-15T13:49:11.142+0200][433,301s] GC(1162) Phase 1: Mark live objects 137,297ms
[2019-04-15T13:49:11.142+0200][433,301s] GC(1162) Phase 2: Compute new object addresses
[2019-04-15T13:49:11.227+0200][433,386s] GC(1162) Phase 2: Compute new object addresses 85,458ms
[2019-04-15T13:49:11.227+0200][433,386s] GC(1162) Phase 3: Adjust pointers
[2019-04-15T13:49:11.331+0200][433,490s] GC(1162) Phase 3: Adjust pointers 103,557ms
[2019-04-15T13:49:11.331+0200][433,490s] GC(1162) Phase 4: Move objects
[2019-04-15T13:49:11.373+0200][433,532s] GC(1162) Phase 4: Move objects 41,793ms
[2019-04-15T13:49:11.374+0200][433,532s] GC(1162) ParNew: 109247K->93234K(109248K)
[2019-04-15T13:49:11.374+0200][433,532s] GC(1162) CMS: 393216K->393215K(393216K)
[2019-04-15T13:49:11.374+0200][433,532s] GC(1162) Metaspace: 85585K->85585K(1128448K)
[2019-04-15T13:49:11.374+0200][433,532s] GC(1162) Pause Full (Allocation Failure) 490M->475M(490M) 408,705ms
[2019-04-15T13:49:11.374+0200][433,532s] GC(1162) User=0,51s Sys=0,01s Real=0,42s
[2019-04-15T13:49:11.464+0200][433,623s] GC(1163) Pause Full (Allocation Failure)
[2019-04-15T13:49:11.464+0200][433,623s] GC(1163) Phase 1: Mark live objects
[2019-04-15T13:49:11.605+0200][433,764s] GC(1163) Phase 1: Mark live objects 140,443ms
[2019-04-15T13:49:11.605+0200][433,764s] GC(1163) Phase 2: Compute new object addresses
[2019-04-15T13:49:11.693+0200][433,852s] GC(1163) Phase 2: Compute new object addresses 88,179ms
[2019-04-15T13:49:11.693+0200][433,852s] GC(1163) Phase 3: Adjust pointers
[2019-04-15T13:49:11.797+0200][433,956s] GC(1163) Phase 3: Adjust pointers 103,763ms
[2019-04-15T13:49:11.797+0200][433,956s] GC(1163) Phase 4: Move objects
[2019-04-15T13:49:11.809+0200][433,968s] GC(1163) Phase 4: Move objects 12,099ms
[2019-04-15T13:49:11.810+0200][433,969s] GC(1163) ParNew: 109247K->98204K(109248K)
[2019-04-15T13:49:11.810+0200][433,969s] GC(1163) CMS: 393215K->393215K(393216K)
[2019-04-15T13:49:11.810+0200][433,969s] GC(1163) Metaspace: 85585K->85585K(1128448K)
[2019-04-15T13:49:11.810+0200][433,969s] GC(1163) Pause Full (Allocation Failure) 490M->479M(490M) 345,919ms
[2019-04-15T13:49:11.810+0200][433,969s] GC(1163) User=0,35s Sys=0,00s Real=0,35s
[2019-04-15T13:49:11.810+0200][433,969s] GC(1164) Pause Initial Mark
[2019-04-15T13:49:11.850+0200][434,009s] GC(1164) Pause Initial Mark 479M->479M(490M) 39,789ms
[2019-04-15T13:49:11.850+0200][434,009s] GC(1164) User=0,04s Sys=0,00s Real=0,04s
[2019-04-15T13:49:11.850+0200][434,009s] GC(1164) Concurrent Mark
[2019-04-15T13:49:11.850+0200][434,009s] GC(1164) Using 4 workers of 4 for marking
[2019-04-15T13:49:11.925+0200][434,084s] GC(1164) Concurrent Mark 74,652ms
[2019-04-15T13:49:11.925+0200][434,084s] GC(1164) User=0,29s Sys=0,00s Real=0,08s
[2019-04-15T13:49:11.925+0200][434,084s] GC(1164) Concurrent Preclean
[2019-04-15T13:49:11.954+0200][434,113s] GC(1165) Pause Full (Allocation Failure)
[2019-04-15T13:49:12.009+0200][434,168s] GC(1164) Concurrent Preclean 83,444ms
[2019-04-15T13:49:12.009+0200][434,168s] GC(1164) User=0,11s Sys=0,00s Real=0,08s
[2019-04-15T13:49:12.009+0200][434,168s] GC(1165) Phase 1: Mark live objects
[2019-04-15T13:49:12.151+0200][434,310s] GC(1165) Phase 1: Mark live objects 142,257ms
[2019-04-15T13:49:12.151+0200][434,310s] GC(1165) Phase 2: Compute new object addresses
[2019-04-15T13:49:12.238+0200][434,397s] GC(1165) Phase 2: Compute new object addresses 87,118ms
[2019-04-15T13:49:12.238+0200][434,397s] GC(1165) Phase 3: Adjust pointers
[2019-04-15T13:49:12.338+0200][434,497s] GC(1165) Phase 3: Adjust pointers 99,535ms
[2019-04-15T13:49:12.338+0200][434,497s] GC(1165) Phase 4: Move objects
[2019-04-15T13:49:12.342+0200][434,501s] GC(1165) Phase 4: Move objects 4,233ms
[2019-04-15T13:49:12.343+0200][434,502s] GC(1165) ParNew: 109247K->99704K(109248K)
[2019-04-15T13:49:12.343+0200][434,502s] GC(1165) CMS: 393215K->393215K(393216K)
[2019-04-15T13:49:12.343+0200][434,502s] GC(1165) Metaspace: 85585K->85585K(1128448K)
[2019-04-15T13:49:12.343+0200][434,502s] GC(1165) Pause Full (Allocation Failure) 490M->481M(490M) 388,940ms
[2019-04-15T13:49:12.343+0200][434,502s] GC(1165) User=0,38s Sys=0,00s Real=0,38s
[2019-04-15T13:49:12.396+0200][434,555s] GC(1166) Pause Full (Allocation Failure)
[2019-04-15T13:49:12.396+0200][434,555s] GC(1166) Phase 1: Mark live objects
[2019-04-15T13:49:12.533+0200][434,692s] GC(1166) Phase 1: Mark live objects 136,351ms
[2019-04-15T13:49:12.533+0200][434,692s] GC(1166) Phase 2: Compute new object addresses
[2019-04-15T13:49:12.617+0200][434,776s] GC(1166) Phase 2: Compute new object addresses 84,388ms
[2019-04-15T13:49:12.617+0200][434,776s] GC(1166) Phase 3: Adjust pointers
[2019-04-15T13:49:12.727+0200][434,886s] GC(1166) Phase 3: Adjust pointers 110,244ms
[2019-04-15T13:49:12.727+0200][434,886s] GC(1166) Phase 4: Move objects
[2019-04-15T13:49:12.816+0200][434,975s] GC(1166) Phase 4: Move objects 88,533ms
[2019-04-15T13:49:12.817+0200][434,976s] GC(1166) ParNew: 109248K->99768K(109248K)
[2019-04-15T13:49:12.817+0200][434,976s] GC(1166) CMS: 393215K->393215K(393216K)
[2019-04-15T13:49:12.817+0200][434,976s] GC(1166) Metaspace: 85585K->85585K(1128448K)
[2019-04-15T13:49:12.817+0200][434,976s] GC(1166) Pause Full (Allocation Failure) 490M->481M(490M) 420,773ms
[2019-04-15T13:49:12.817+0200][434,976s] GC(1166) User=0,42s Sys=0,00s Real=0,42s
[2019-04-15T13:49:12.817+0200][434,976s] GC(1167) Pause Initial Mark
[2019-04-15T13:49:12.860+0200][435,019s] GC(1167) Pause Initial Mark 481M->481M(490M) 42,952ms
[2019-04-15T13:49:12.860+0200][435,019s] GC(1167) User=0,04s Sys=0,00s Real=0,04s
[2019-04-15T13:49:12.860+0200][435,019s] GC(1167) Concurrent Mark
[2019-04-15T13:49:12.860+0200][435,019s] GC(1167) Using 4 workers of 4 for marking
[2019-04-15T13:49:12.931+0200][435,090s] GC(1167) Concurrent Mark 71,282ms
[2019-04-15T13:49:12.931+0200][435,090s] GC(1167) User=0,28s Sys=0,00s Real=0,07s
[2019-04-15T13:49:12.931+0200][435,090s] GC(1167) Concurrent Preclean
[2019-04-15T13:49:12.942+0200][435,101s] GC(1168) Pause Full (Allocation Failure)
[2019-04-15T13:49:13.007+0200][435,166s] GC(1167) Concurrent Preclean 75,735ms
[2019-04-15T13:49:13.007+0200][435,166s] GC(1167) User=0,08s Sys=0,00s Real=0,08s
[2019-04-15T13:49:13.007+0200][435,166s] GC(1168) Phase 1: Mark live objects
[2019-04-15T13:49:13.154+0200][435,313s] GC(1168) Phase 1: Mark live objects 146,638ms
[2019-04-15T13:49:13.154+0200][435,313s] GC(1168) Phase 2: Compute new object addresses
[2019-04-15T13:49:13.241+0200][435,400s] GC(1168) Phase 2: Compute new object addresses 86,477ms
[2019-04-15T13:49:13.241+0200][435,400s] GC(1168) Phase 3: Adjust pointers
[2019-04-15T13:49:13.374+0200][435,533s] GC(1168) Phase 3: Adjust pointers 133,409ms
[2019-04-15T13:49:13.374+0200][435,533s] GC(1168) Phase 4: Move objects
[2019-04-15T13:49:13.409+0200][435,567s] GC(1168) Phase 4: Move objects 34,394ms
[2019-04-15T13:49:13.409+0200][435,568s] GC(1168) ParNew: 109247K->100701K(109248K)
[2019-04-15T13:49:13.409+0200][435,568s] GC(1168) CMS: 393215K->393215K(393216K)
[2019-04-15T13:49:13.409+0200][435,568s] GC(1168) Metaspace: 85585K->85585K(1128448K)
[2019-04-15T13:49:13.409+0200][435,568s] GC(1168) Pause Full (Allocation Failure) 490M->482M(490M) 467,351ms
[2019-04-15T13:49:13.409+0200][435,568s] GC(1168) User=0,46s Sys=0,00s Real=0,47s
[2019-04-15T13:49:13.462+0200][435,621s] GC(1169) Pause Full (Allocation Failure)
[2019-04-15T13:49:13.463+0200][435,622s] GC(1169) Phase 1: Mark live objects
[2019-04-15T13:49:13.634+0200][435,793s] GC(1169) Phase 1: Mark live objects 171,158ms
[2019-04-15T13:49:13.634+0200][435,793s] GC(1169) Phase 2: Compute new object addresses
[2019-04-15T13:49:13.724+0200][435,883s] GC(1169) Phase 2: Compute new object addresses 90,029ms
[2019-04-15T13:49:13.724+0200][435,883s] GC(1169) Phase 3: Adjust pointers
[2019-04-15T13:49:13.831+0200][435,990s] GC(1169) Phase 3: Adjust pointers 106,468ms
[2019-04-15T13:49:13.831+0200][435,990s] GC(1169) Phase 4: Move objects
[2019-04-15T13:49:13.842+0200][436,001s] GC(1169) Phase 4: Move objects 11,667ms
[2019-04-15T13:49:13.843+0200][436,002s] GC(1169) ParNew: 109247K->103287K(109248K)
[2019-04-15T13:49:13.843+0200][436,002s] GC(1169) CMS: 393215K->393215K(393216K)
[2019-04-15T13:49:13.843+0200][436,002s] GC(1169) Metaspace: 85585K->85585K(1128448K)
[2019-04-15T13:49:13.843+0200][436,002s] GC(1169) Pause Full (Allocation Failure) 490M->484M(490M) 380,628ms
[2019-04-15T13:49:13.843+0200][436,002s] GC(1169) User=0,38s Sys=0,00s Real=0,38s
[2019-04-15T13:49:13.843+0200][436,002s] GC(1170) Pause Initial Mark
[2019-04-15T13:49:13.881+0200][436,040s] GC(1170) Pause Initial Mark 484M->484M(490M) 37,824ms
[2019-04-15T13:49:13.881+0200][436,040s] GC(1170) User=0,05s Sys=0,00s Real=0,04s
[2019-04-15T13:49:13.881+0200][436,040s] GC(1170) Concurrent Mark
[2019-04-15T13:49:13.881+0200][436,040s] GC(1170) Using 4 workers of 4 for marking
[2019-04-15T13:49:13.948+0200][436,106s] GC(1170) Concurrent Mark 66,461ms
[2019-04-15T13:49:13.948+0200][436,106s] GC(1170) User=0,25s Sys=0,01s Real=0,07s
[2019-04-15T13:49:13.948+0200][436,106s] GC(1170) Concurrent Preclean
[2019-04-15T13:49:13.948+0200][436,107s] GC(1171) Pause Full (Allocation Failure)
[2019-04-15T13:49:14.026+0200][436,184s] GC(1170) Concurrent Preclean 77,975ms
[2019-04-15T13:49:14.026+0200][436,185s] GC(1170) User=0,08s Sys=0,00s Real=0,08s
[2019-04-15T13:49:14.026+0200][436,185s] GC(1171) Phase 1: Mark live objects
[2019-04-15T13:49:14.167+0200][436,326s] GC(1171) Phase 1: Mark live objects 141,523ms
[2019-04-15T13:49:14.167+0200][436,326s] GC(1171) Phase 2: Compute new object addresses
[2019-04-15T13:49:14.257+0200][436,416s] GC(1171) Phase 2: Compute new object addresses 89,741ms
[2019-04-15T13:49:14.257+0200][436,416s] GC(1171) Phase 3: Adjust pointers
[2019-04-15T13:49:14.364+0200][436,523s] GC(1171) Phase 3: Adjust pointers 107,341ms
[2019-04-15T13:49:14.364+0200][436,523s] GC(1171) Phase 4: Move objects
[2019-04-15T13:49:14.371+0200][436,530s] GC(1171) Phase 4: Move objects 6,457ms
[2019-04-15T13:49:14.372+0200][436,531s] GC(1171) ParNew: 109248K->105170K(109248K)
[2019-04-15T13:49:14.372+0200][436,531s] GC(1171) CMS: 393215K->393215K(393216K)
[2019-04-15T13:49:14.372+0200][436,531s] GC(1171) Metaspace: 85585K->85585K(1128448K)
[2019-04-15T13:49:14.372+0200][436,531s] GC(1171) Pause Full (Allocation Failure) 490M->486M(490M) 423,430ms
[2019-04-15T13:49:14.372+0200][436,531s] GC(1171) User=0,42s Sys=0,00s Real=0,42s
[2019-04-15T13:49:14.396+0200][436,555s] GC(1172) Pause Full (Allocation Failure)
[2019-04-15T13:49:14.396+0200][436,555s] GC(1172) Phase 1: Mark live objects
[2019-04-15T13:49:14.513+0200][436,672s] GC(1172) Phase 1: Mark live objects 116,664ms
[2019-04-15T13:49:14.513+0200][436,672s] GC(1172) Phase 2: Compute new object addresses
[2019-04-15T13:49:14.596+0200][436,754s] GC(1172) Phase 2: Compute new object addresses 82,555ms
[2019-04-15T13:49:14.596+0200][436,754s] GC(1172) Phase 3: Adjust pointers
[2019-04-15T13:49:14.698+0200][436,857s] GC(1172) Phase 3: Adjust pointers 102,148ms
[2019-04-15T13:49:14.698+0200][436,857s] GC(1172) Phase 4: Move objects
[2019-04-15T13:49:14.729+0200][436,888s] GC(1172) Phase 4: Move objects 30,838ms
[2019-04-15T13:49:14.729+0200][436,888s] GC(1172) ParNew: 109247K->59485K(109248K)
[2019-04-15T13:49:14.729+0200][436,888s] GC(1172) CMS: 393215K->393215K(393216K)
[2019-04-15T13:49:14.729+0200][436,888s] GC(1172) Metaspace: 85585K->85585K(1128448K)
[2019-04-15T13:49:14.729+0200][436,888s] GC(1172) Pause Full (Allocation Failure) 490M->442M(490M) 333,437ms
[2019-04-15T13:49:14.729+0200][436,888s] GC(1172) User=0,33s Sys=0,00s Real=0,33s
[2019-04-15T13:49:14.730+0200][436,888s] GC(1173) Pause Initial Mark
[2019-04-15T13:49:14.757+0200][436,916s] GC(1173) Pause Initial Mark 442M->442M(490M) 27,761ms
[2019-04-15T13:49:14.757+0200][436,916s] GC(1173) User=0,03s Sys=0,00s Real=0,03s
[2019-04-15T13:49:14.757+0200][436,916s] GC(1173) Concurrent Mark
[2019-04-15T13:49:14.757+0200][436,916s] GC(1173) Using 4 workers of 4 for marking
[2019-04-15T13:49:14.840+0200][436,999s] GC(1173) Concurrent Mark 82,199ms
[2019-04-15T13:49:14.840+0200][436,999s] GC(1173) User=0,31s Sys=0,00s Real=0,08s
[2019-04-15T13:49:14.840+0200][436,999s] GC(1173) Concurrent Preclean
[2019-04-15T13:49:14.942+0200][437,101s] GC(1173) Concurrent Preclean 102,135ms
[2019-04-15T13:49:14.942+0200][437,101s] GC(1173) User=0,16s Sys=0,03s Real=0,10s
[2019-04-15T13:49:14.942+0200][437,101s] GC(1173) Concurrent Abortable Preclean
[2019-04-15T13:49:14.942+0200][437,101s] GC(1173) Concurrent Abortable Preclean 0,009ms
[2019-04-15T13:49:14.942+0200][437,101s] GC(1173) User=0,00s Sys=0,00s Real=0,00s
[2019-04-15T13:49:14.942+0200][437,101s] GC(1173) Pause Remark
[2019-04-15T13:49:14.942+0200][437,101s] GC(1174) Pause Young (CMS Final Remark)
[2019-04-15T13:49:14.942+0200][437,101s] GC(1174) Using 4 workers of 4 for evacuation
[2019-04-15T13:49:14.942+0200][437,101s] GC(1174) ParNew: 105458K->105458K(109248K)
[2019-04-15T13:49:14.942+0200][437,101s] GC(1174) CMS: 393215K->393215K(393216K)
[2019-04-15T13:49:14.942+0200][437,101s] GC(1174) Metaspace: 85590K->85590K(1128448K)
[2019-04-15T13:49:14.942+0200][437,101s] GC(1174) Pause Young (CMS Final Remark) 486M->486M(490M) 0,066ms
[2019-04-15T13:49:14.942+0200][437,101s] GC(1174) User=0,00s Sys=0,00s Real=0,00s
[2019-04-15T13:49:15.029+0200][437,188s] GC(1173) Pause Remark 486M->486M(490M) 86,731ms
[2019-04-15T13:49:15.029+0200][437,188s] GC(1173) User=0,23s Sys=0,00s Real=0,09s
[2019-04-15T13:49:15.029+0200][437,188s] GC(1173) Concurrent Sweep
[2019-04-15T13:49:15.035+0200][437,194s] GC(1175) Pause Full (Allocation Failure)
[2019-04-15T13:49:15.078+0200][437,237s] GC(1173) Concurrent Sweep 48,983ms
[2019-04-15T13:49:15.078+0200][437,237s] GC(1173) User=0,05s Sys=0,01s Real=0,05s
[2019-04-15T13:49:15.078+0200][437,237s] GC(1175) Phase 1: Mark live objects
[2019-04-15T13:49:15.151+0200][437,309s] GC(1175) Phase 1: Mark live objects 72,255ms
[2019-04-15T13:49:15.151+0200][437,309s] GC(1175) Phase 2: Compute new object addresses
[2019-04-15T13:49:15.212+0200][437,371s] GC(1175) Phase 2: Compute new object addresses 61,663ms
[2019-04-15T13:49:15.212+0200][437,371s] GC(1175) Phase 3: Adjust pointers
[2019-04-15T13:49:15.266+0200][437,425s] GC(1175) Phase 3: Adjust pointers 53,531ms
[2019-04-15T13:49:15.266+0200][437,425s] GC(1175) Phase 4: Move objects
[2019-04-15T13:49:15.307+0200][437,466s] GC(1175) Phase 4: Move objects 41,324ms
[2019-04-15T13:49:15.309+0200][437,468s] GC(1175) ParNew: 109245K->0K(109248K)
[2019-04-15T13:49:15.309+0200][437,468s] GC(1175) CMS: 393215K->245693K(393216K)
[2019-04-15T13:49:15.309+0200][437,468s] GC(1175) Metaspace: 85590K->85590K(1128448K)
[2019-04-15T13:49:15.309+0200][437,468s] GC(1175) Pause Full (Allocation Failure) 490M->239M(490M) 273,780ms
[2019-04-15T13:49:15.309+0200][437,468s] GC(1175) User=0,27s Sys=0,00s Real=0,27s
[2019-04-15T13:49:15.309+0200][437,468s] GC(1173) Old: 393215K->245693K(393216K)
[2019-04-15T13:49:15.670+0200][437,829s] GC(1176) Pause Young (Allocation Failure)
[2019-04-15T13:49:15.670+0200][437,829s] GC(1176) Using 4 workers of 4 for evacuation
[2019-04-15T13:49:15.696+0200][437,855s] GC(1176) ParNew: 87424K->21824K(109248K)
[2019-04-15T13:49:15.696+0200][437,855s] GC(1176) CMS: 245693K->310887K(393216K)
[2019-04-15T13:49:15.696+0200][437,855s] GC(1176) Metaspace: 85590K->85590K(1128448K)
[2019-04-15T13:49:15.696+0200][437,855s] GC(1176) Pause Young (Allocation Failure) 325M->324M(490M) 25,487ms
[2019-04-15T13:49:15.696+0200][437,855s] GC(1176) User=0,09s Sys=0,00s Real=0,03s
[2019-04-15T13:49:15.696+0200][437,855s] GC(1177) Pause Initial Mark
[2019-04-15T13:49:15.697+0200][437,856s] GC(1177) Pause Initial Mark 326M->326M(490M) 0,664ms
[2019-04-15T13:49:15.697+0200][437,856s] GC(1177) User=0,00s Sys=0,00s Real=0,00s
[2019-04-15T13:49:15.697+0200][437,856s] GC(1177) Concurrent Mark
[2019-04-15T13:49:15.697+0200][437,856s] GC(1177) Using 4 workers of 4 for marking
[2019-04-15T13:49:15.733+0200][437,891s] GC(1178) Pause Young (Allocation Failure)
[2019-04-15T13:49:15.733+0200][437,891s] GC(1178) Using 4 workers of 4 for evacuation
[2019-04-15T13:49:15.733+0200][437,892s] GC(1179) Pause Full (Allocation Failure)
[2019-04-15T13:49:15.743+0200][437,902s] GC(1177) Concurrent Mark 46,624ms
[2019-04-15T13:49:15.743+0200][437,902s] GC(1177) User=0,17s Sys=0,01s Real=0,04s
[2019-04-15T13:49:15.744+0200][437,903s] GC(1179) Phase 1: Mark live objects
[2019-04-15T13:49:15.813+0200][437,972s] GC(1179) Phase 1: Mark live objects 69,793ms
[2019-04-15T13:49:15.813+0200][437,972s] GC(1179) Phase 2: Compute new object addresses
[2019-04-15T13:49:15.853+0200][438,012s] GC(1179) Phase 2: Compute new object addresses 39,209ms
[2019-04-15T13:49:15.853+0200][438,012s] GC(1179) Phase 3: Adjust pointers
[2019-04-15T13:49:15.909+0200][438,068s] GC(1179) Phase 3: Adjust pointers 56,102ms
[2019-04-15T13:49:15.909+0200][438,068s] GC(1179) Phase 4: Move objects
[2019-04-15T13:49:15.948+0200][438,107s] GC(1179) Phase 4: Move objects 39,052ms
[2019-04-15T13:49:15.949+0200][438,108s] GC(1179) Pause Full (Allocation Failure) 410M->269M(490M) 216,047ms
[2019-04-15T13:49:15.949+0200][438,108s] GC(1178) ParNew: 109248K->0K(109248K)
[2019-04-15T13:49:15.949+0200][438,108s] GC(1178) CMS: 310887K->275993K(393216K)
[2019-04-15T13:49:15.949+0200][438,108s] GC(1178) Metaspace: 85590K->85590K(1128448K)
[2019-04-15T13:49:15.949+0200][438,108s] GC(1178) Pause Young (Allocation Failure) 410M->269M(490M) 216,168ms
[2019-04-15T13:49:15.949+0200][438,108s] GC(1178) User=0,24s Sys=0,01s Real=0,22s
[2019-04-15T13:49:15.997+0200][438,156s] GC(1180) Pause Young (Allocation Failure)
[2019-04-15T13:49:15.997+0200][438,156s] GC(1180) Using 4 workers of 4 for evacuation
[2019-04-15T13:49:16.041+0200][438,200s] GC(1180) ParNew: 87424K->21824K(109248K)
[2019-04-15T13:49:16.041+0200][438,200s] GC(1180) CMS: 275993K->288131K(393216K)
[2019-04-15T13:49:16.041+0200][438,200s] GC(1180) Metaspace: 85591K->85591K(1128448K)
[2019-04-15T13:49:16.041+0200][438,200s] GC(1180) Pause Young (Allocation Failure) 354M->302M(490M) 43,951ms
[2019-04-15T13:49:16.041+0200][438,200s] GC(1180) User=0,12s Sys=0,00s Real=0,04s
[2019-04-15T13:49:16.045+0200][438,204s] GC(1181) Pause Initial Mark
[2019-04-15T13:49:16.049+0200][438,207s] GC(1181) Pause Initial Mark 308M->308M(490M) 3,832ms
[2019-04-15T13:49:16.049+0200][438,208s] GC(1181) User=0,00s Sys=0,00s Real=0,01s
[2019-04-15T13:49:16.049+0200][438,208s] GC(1181) Concurrent Mark
[2019-04-15T13:49:16.049+0200][438,208s] GC(1181) Using 4 workers of 4 for marking
[2019-04-15T13:49:16.109+0200][438,268s] GC(1181) Concurrent Mark 60,558ms
[2019-04-15T13:49:16.109+0200][438,268s] GC(1181) User=0,22s Sys=0,00s Real=0,06s
[2019-04-15T13:49:16.109+0200][438,268s] GC(1181) Concurrent Preclean
[2019-04-15T13:49:16.110+0200][438,269s] GC(1181) Concurrent Preclean 0,833ms
[2019-04-15T13:49:16.110+0200][438,269s] GC(1181) User=0,00s Sys=0,00s Real=0,00s
[2019-04-15T13:49:16.110+0200][438,269s] GC(1181) Concurrent Abortable Preclean
[2019-04-15T13:49:16.127+0200][438,286s] GC(1182) Pause Young (Allocation Failure)
[2019-04-15T13:49:16.127+0200][438,286s] GC(1182) Using 4 workers of 4 for evacuation
[2019-04-15T13:49:16.169+0200][438,328s] GC(1182) ParNew: 108814K->21824K(109248K)
[2019-04-15T13:49:16.169+0200][438,328s] GC(1182) CMS: 288131K->314250K(393216K)
[2019-04-15T13:49:16.169+0200][438,328s] GC(1182) Metaspace: 85591K->85591K(1128448K)
[2019-04-15T13:49:16.169+0200][438,328s] GC(1182) Pause Young (Allocation Failure) 387M->328M(490M) 41,864ms
[2019-04-15T13:49:16.169+0200][438,328s] GC(1182) User=0,16s Sys=0,00s Real=0,04s
[2019-04-15T13:49:16.229+0200][438,388s] GC(1183) Pause Young (Allocation Failure)
[2019-04-15T13:49:16.229+0200][438,388s] GC(1183) Using 4 workers of 4 for evacuation
[2019-04-15T13:49:16.282+0200][438,441s] GC(1183) ParNew: 109248K->21824K(109248K)
[2019-04-15T13:49:16.282+0200][438,441s] GC(1183) CMS: 314250K->333589K(393216K)
[2019-04-15T13:49:16.282+0200][438,441s] GC(1183) Metaspace: 85591K->85591K(1128448K)
[2019-04-15T13:49:16.282+0200][438,441s] GC(1183) Pause Young (Allocation Failure) 413M->347M(490M) 53,233ms
[2019-04-15T13:49:16.282+0200][438,441s] GC(1183) User=0,20s Sys=0,00s Real=0,05s
[2019-04-15T13:49:16.306+0200][438,465s] GC(1181) Concurrent Abortable Preclean 195,931ms
[2019-04-15T13:49:16.306+0200][438,465s] GC(1181) User=0,56s Sys=0,00s Real=0,20s
[2019-04-15T13:49:16.306+0200][438,465s] GC(1181) Pause Remark
[2019-04-15T13:49:16.306+0200][438,465s] GC(1184) Pause Young (CMS Final Remark)
[2019-04-15T13:49:16.306+0200][438,465s] GC(1184) Using 4 workers of 4 for evacuation
[2019-04-15T13:49:16.344+0200][438,503s] GC(1184) ParNew: 49172K->21824K(109248K)
[2019-04-15T13:49:16.344+0200][438,503s] GC(1184) CMS: 333589K->349732K(393216K)
[2019-04-15T13:49:16.344+0200][438,503s] GC(1184) Metaspace: 85591K->85591K(1128448K)
[2019-04-15T13:49:16.344+0200][438,503s] GC(1184) Pause Young (CMS Final Remark) 373M->362M(490M) 37,432ms
[2019-04-15T13:49:16.344+0200][438,503s] GC(1184) User=0,14s Sys=0,00s Real=0,03s
[2019-04-15T13:49:16.385+0200][438,544s] GC(1181) Pause Remark 373M->362M(490M) 78,724ms
[2019-04-15T13:49:16.385+0200][438,544s] GC(1181) User=0,22s Sys=0,00s Real=0,08s
[2019-04-15T13:49:16.385+0200][438,544s] GC(1181) Concurrent Sweep
[2019-04-15T13:49:16.440+0200][438,599s] GC(1181) Concurrent Sweep 54,829ms
[2019-04-15T13:49:16.440+0200][438,599s] GC(1181) User=0,10s Sys=0,00s Real=0,05s
[2019-04-15T13:49:16.440+0200][438,599s] GC(1181) Concurrent Reset
[2019-04-15T13:49:16.441+0200][438,600s] GC(1181) Concurrent Reset 0,877ms
[2019-04-15T13:49:16.441+0200][438,600s] GC(1181) User=0,01s Sys=0,00s Real=0,00s
[2019-04-15T13:49:16.441+0200][438,600s] GC(1181) Old: 288131K->349291K(393216K)
[2019-04-15T13:49:16.445+0200][438,604s] GC(1185) Pause Young (Allocation Failure)
[2019-04-15T13:49:16.445+0200][438,604s] GC(1185) Using 4 workers of 4 for evacuation
[2019-04-15T13:49:16.484+0200][438,643s] GC(1185) ParNew: 109248K->21824K(109248K)
[2019-04-15T13:49:16.484+0200][438,643s] GC(1185) CMS: 349291K->362670K(393216K)
[2019-04-15T13:49:16.484+0200][438,643s] GC(1185) Metaspace: 85591K->85591K(1128448K)
[2019-04-15T13:49:16.484+0200][438,643s] GC(1185) Pause Young (Allocation Failure) 447M->375M(490M) 39,131ms
[2019-04-15T13:49:16.484+0200][438,643s] GC(1185) User=0,15s Sys=0,00s Real=0,03s
[2019-04-15T13:49:16.484+0200][438,643s] GC(1186) Pause Initial Mark
[2019-04-15T13:49:16.490+0200][438,649s] GC(1186) Pause Initial Mark 377M->377M(490M) 5,873ms
[2019-04-15T13:49:16.490+0200][438,649s] GC(1186) User=0,02s Sys=0,00s Real=0,01s
[2019-04-15T13:49:16.490+0200][438,649s] GC(1186) Concurrent Mark
[2019-04-15T13:49:16.490+0200][438,649s] GC(1186) Using 4 workers of 4 for marking
[2019-04-15T13:49:16.581+0200][438,740s] GC(1186) Concurrent Mark 90,719ms
[2019-04-15T13:49:16.581+0200][438,740s] GC(1186) User=0,35s Sys=0,00s Real=0,09s
[2019-04-15T13:49:16.581+0200][438,740s] GC(1186) Concurrent Preclean
[2019-04-15T13:49:16.582+0200][438,741s] GC(1186) Concurrent Preclean 0,744ms
[2019-04-15T13:49:16.582+0200][438,741s] GC(1186) User=0,00s Sys=0,00s Real=0,00s
[2019-04-15T13:49:16.582+0200][438,741s] GC(1186) Concurrent Abortable Preclean
[2019-04-15T13:49:16.612+0200][438,771s] GC(1187) Pause Young (Allocation Failure)
[2019-04-15T13:49:16.612+0200][438,771s] GC(1187) Using 4 workers of 4 for evacuation
[2019-04-15T13:49:16.667+0200][438,826s] GC(1187) ParNew: 109248K->21824K(109248K)
[2019-04-15T13:49:16.667+0200][438,826s] GC(1187) CMS: 362670K->384178K(393216K)
[2019-04-15T13:49:16.667+0200][438,826s] GC(1187) Metaspace: 85591K->85591K(1128448K)
[2019-04-15T13:49:16.667+0200][438,826s] GC(1187) Pause Young (Allocation Failure) 460M->396M(490M) 54,824ms
[2019-04-15T13:49:16.667+0200][438,826s] GC(1187) User=0,21s Sys=0,00s Real=0,06s
[2019-04-15T13:49:16.683+0200][438,842s] GC(1186) Concurrent Abortable Preclean 101,589ms
[2019-04-15T13:49:16.683+0200][438,842s] GC(1186) User=0,30s Sys=0,00s Real=0,10s
[2019-04-15T13:49:16.684+0200][438,843s] GC(1186) Pause Remark
[2019-04-15T13:49:16.684+0200][438,843s] GC(1188) Pause Young (CMS Final Remark)
[2019-04-15T13:49:16.684+0200][438,843s] GC(1188) Using 4 workers of 4 for evacuation
[2019-04-15T13:49:16.684+0200][438,843s] GC(1188) ParNew: 50667K->50667K(109248K)
[2019-04-15T13:49:16.684+0200][438,843s] GC(1188) CMS: 384178K->384178K(393216K)
[2019-04-15T13:49:16.684+0200][438,843s] GC(1188) Metaspace: 85591K->85591K(1128448K)
[2019-04-15T13:49:16.684+0200][438,843s] GC(1188) Pause Young (CMS Final Remark) 424M->424M(490M) 0,055ms
[2019-04-15T13:49:16.684+0200][438,843s] GC(1188) User=0,00s Sys=0,00s Real=0,00s
[2019-04-15T13:49:16.734+0200][438,893s] GC(1186) Pause Remark 424M->424M(490M) 50,148ms
[2019-04-15T13:49:16.734+0200][438,893s] GC(1186) User=0,12s Sys=0,00s Real=0,06s
[2019-04-15T13:49:16.734+0200][438,893s] GC(1186) Concurrent Sweep
[2019-04-15T13:49:16.937+0200][439,096s] GC(1189) Pause Full (Allocation Failure)
[2019-04-15T13:49:16.939+0200][439,097s] GC(1186) Concurrent Sweep 204,680ms
[2019-04-15T13:49:16.939+0200][439,097s] GC(1186) User=0,40s Sys=0,00s Real=0,20s
[2019-04-15T13:49:16.939+0200][439,098s] GC(1189) Phase 1: Mark live objects
[2019-04-15T13:49:17.073+0200][439,232s] GC(1189) Phase 1: Mark live objects 134,022ms
[2019-04-15T13:49:17.073+0200][439,232s] GC(1189) Phase 2: Compute new object addresses
[2019-04-15T13:49:17.205+0200][439,364s] GC(1189) Phase 2: Compute new object addresses 132,640ms
[2019-04-15T13:49:17.205+0200][439,364s] GC(1189) Phase 3: Adjust pointers
[2019-04-15T13:49:17.324+0200][439,483s] GC(1189) Phase 3: Adjust pointers 118,117ms
[2019-04-15T13:49:17.324+0200][439,483s] GC(1189) Phase 4: Move objects
[2019-04-15T13:49:17.402+0200][439,561s] GC(1189) Phase 4: Move objects 78,094ms
[2019-04-15T13:49:17.403+0200][439,562s] GC(1189) ParNew: 109248K->26879K(109248K)
[2019-04-15T13:49:17.403+0200][439,562s] GC(1189) CMS: 393206K->393215K(393216K)
[2019-04-15T13:49:17.403+0200][439,562s] GC(1189) Metaspace: 85591K->85591K(1128448K)
[2019-04-15T13:49:17.403+0200][439,562s] GC(1189) Pause Full (Allocation Failure) 490M->410M(490M) 466,666ms
[2019-04-15T13:49:17.403+0200][439,562s] GC(1189) User=0,47s Sys=0,00s Real=0,46s
[2019-04-15T13:49:17.403+0200][439,562s] GC(1186) Old: 362670K->393215K(393216K)
[2019-04-15T13:49:17.562+0200][439,721s] GC(1190) Pause Full (Allocation Failure)
[2019-04-15T13:49:17.563+0200][439,722s] GC(1190) Phase 1: Mark live objects
[2019-04-15T13:49:17.704+0200][439,863s] GC(1190) Phase 1: Mark live objects 141,031ms
[2019-04-15T13:49:17.704+0200][439,863s] GC(1190) Phase 2: Compute new object addresses
[2019-04-15T13:49:17.827+0200][439,986s] GC(1190) Phase 2: Compute new object addresses 123,381ms
[2019-04-15T13:49:17.827+0200][439,986s] GC(1190) Phase 3: Adjust pointers
[2019-04-15T13:49:17.954+0200][440,112s] GC(1190) Phase 3: Adjust pointers 126,080ms
[2019-04-15T13:49:17.954+0200][440,112s] GC(1190) Phase 4: Move objects
[2019-04-15T13:49:18.034+0200][440,193s] GC(1190) Phase 4: Move objects 80,005ms
[2019-04-15T13:49:18.034+0200][440,193s] GC(1190) ParNew: 109247K->46292K(109248K)
[2019-04-15T13:49:18.034+0200][440,193s] GC(1190) CMS: 393215K->393215K(393216K)
[2019-04-15T13:49:18.034+0200][440,193s] GC(1190) Metaspace: 85591K->85591K(1128448K)
[2019-04-15T13:49:18.034+0200][440,193s] GC(1190) Pause Full (Allocation Failure) 490M->429M(490M) 471,820ms
[2019-04-15T13:49:18.034+0200][440,193s] GC(1190) User=0,47s Sys=0,01s Real=0,48s
[2019-04-15T13:49:18.035+0200][440,194s] GC(1191) Pause Initial Mark
[2019-04-15T13:49:18.057+0200][440,216s] GC(1191) Pause Initial Mark 430M->430M(490M) 22,397ms
[2019-04-15T13:49:18.057+0200][440,216s] GC(1191) User=0,02s Sys=0,00s Real=0,02s
[2019-04-15T13:49:18.057+0200][440,216s] GC(1191) Concurrent Mark
[2019-04-15T13:49:18.057+0200][440,216s] GC(1191) Using 4 workers of 4 for marking
[2019-04-15T13:49:18.165+0200][440,324s] GC(1191) Concurrent Mark 108,049ms
[2019-04-15T13:49:18.165+0200][440,324s] GC(1191) User=0,42s Sys=0,00s Real=0,11s
[2019-04-15T13:49:18.165+0200][440,324s] GC(1191) Concurrent Preclean
[2019-04-15T13:49:18.277+0200][440,436s] GC(1192) Pause Full (Allocation Failure)
[2019-04-15T13:49:18.296+0200][440,455s] GC(1191) Concurrent Preclean 130,895ms
[2019-04-15T13:49:18.296+0200][440,455s] GC(1191) User=0,24s Sys=0,00s Real=0,13s
[2019-04-15T13:49:18.296+0200][440,455s] GC(1192) Phase 1: Mark live objects
[2019-04-15T13:49:18.446+0200][440,605s] GC(1192) Phase 1: Mark live objects 150,118ms
[2019-04-15T13:49:18.446+0200][440,605s] GC(1192) Phase 2: Compute new object addresses
[2019-04-15T13:49:18.570+0200][440,729s] GC(1192) Phase 2: Compute new object addresses 123,333ms
[2019-04-15T13:49:18.570+0200][440,729s] GC(1192) Phase 3: Adjust pointers
[2019-04-15T13:49:18.712+0200][440,871s] GC(1192) Phase 3: Adjust pointers 141,890ms
[2019-04-15T13:49:18.712+0200][440,871s] GC(1192) Phase 4: Move objects
[2019-04-15T13:49:18.796+0200][440,955s] GC(1192) Phase 4: Move objects 84,660ms
[2019-04-15T13:49:18.797+0200][440,956s] GC(1192) ParNew: 109247K->61801K(109248K)
[2019-04-15T13:49:18.797+0200][440,956s] GC(1192) CMS: 393215K->393216K(393216K)
[2019-04-15T13:49:18.797+0200][440,956s] GC(1192) Metaspace: 85591K->85591K(1128448K)
[2019-04-15T13:49:18.797+0200][440,956s] GC(1192) Pause Full (Allocation Failure) 490M->444M(490M) 519,729ms
[2019-04-15T13:49:18.797+0200][440,956s] GC(1192) User=0,52s Sys=0,00s Real=0,52s
[2019-04-15T13:49:18.928+0200][441,087s] GC(1193) Pause Full (Allocation Failure)
[2019-04-15T13:49:18.929+0200][441,088s] GC(1193) Phase 1: Mark live objects
[2019-04-15T13:49:19.082+0200][441,241s] GC(1193) Phase 1: Mark live objects 152,956ms
[2019-04-15T13:49:19.082+0200][441,241s] GC(1193) Phase 2: Compute new object addresses
[2019-04-15T13:49:19.209+0200][441,368s] GC(1193) Phase 2: Compute new object addresses 127,017ms
[2019-04-15T13:49:19.209+0200][441,368s] GC(1193) Phase 3: Adjust pointers
[2019-04-15T13:49:19.340+0200][441,499s] GC(1193) Phase 3: Adjust pointers 131,457ms
[2019-04-15T13:49:19.340+0200][441,499s] GC(1193) Phase 4: Move objects
[2019-04-15T13:49:19.389+0200][441,548s] GC(1193) Phase 4: Move objects 49,118ms
[2019-04-15T13:49:19.390+0200][441,549s] GC(1193) ParNew: 109247K->70690K(109248K)
[2019-04-15T13:49:19.390+0200][441,549s] GC(1193) CMS: 393216K->393215K(393216K)
[2019-04-15T13:49:19.390+0200][441,549s] GC(1193) Metaspace: 85591K->85591K(1128448K)
[2019-04-15T13:49:19.390+0200][441,549s] GC(1193) Pause Full (Allocation Failure) 490M->453M(490M) 461,750ms
[2019-04-15T13:49:19.390+0200][441,549s] GC(1193) User=0,46s Sys=0,00s Real=0,46s
[2019-04-15T13:49:19.390+0200][441,549s] GC(1194) Pause Initial Mark
[2019-04-15T13:49:19.422+0200][441,581s] GC(1194) Pause Initial Mark 454M->454M(490M) 31,437ms
[2019-04-15T13:49:19.422+0200][441,581s] GC(1194) User=0,03s Sys=0,00s Real=0,03s
[2019-04-15T13:49:19.422+0200][441,581s] GC(1194) Concurrent Mark
[2019-04-15T13:49:19.422+0200][441,581s] GC(1194) Using 4 workers of 4 for marking
[2019-04-15T13:49:19.531+0200][441,690s] GC(1194) Concurrent Mark 108,754ms
[2019-04-15T13:49:19.531+0200][441,690s] GC(1194) User=0,41s Sys=0,00s Real=0,11s
[2019-04-15T13:49:19.531+0200][441,690s] GC(1194) Concurrent Preclean
[2019-04-15T13:49:19.646+0200][441,805s] GC(1195) Pause Full (Allocation Failure)
[2019-04-15T13:49:19.678+0200][441,837s] GC(1194) Concurrent Preclean 147,284ms
[2019-04-15T13:49:19.678+0200][441,837s] GC(1194) User=0,26s Sys=0,00s Real=0,15s
[2019-04-15T13:49:19.678+0200][441,837s] GC(1195) Phase 1: Mark live objects
[2019-04-15T13:49:19.834+0200][441,993s] GC(1195) Phase 1: Mark live objects 156,086ms
[2019-04-15T13:49:19.834+0200][441,993s] GC(1195) Phase 2: Compute new object addresses
[2019-04-15T13:49:19.968+0200][442,126s] GC(1195) Phase 2: Compute new object addresses 133,195ms
[2019-04-15T13:49:19.968+0200][442,126s] GC(1195) Phase 3: Adjust pointers
[2019-04-15T13:49:20.107+0200][442,266s] GC(1195) Phase 3: Adjust pointers 139,903ms
[2019-04-15T13:49:20.108+0200][442,266s] GC(1195) Phase 4: Move objects
[2019-04-15T13:49:20.199+0200][442,358s] GC(1195) Phase 4: Move objects 91,687ms
[2019-04-15T13:49:20.201+0200][442,360s] GC(1195) ParNew: 109247K->80214K(109248K)
[2019-04-15T13:49:20.201+0200][442,360s] GC(1195) CMS: 393216K->393215K(393216K)
[2019-04-15T13:49:20.201+0200][442,360s] GC(1195) Metaspace: 85591K->85591K(1128448K)
[2019-04-15T13:49:20.201+0200][442,360s] GC(1195) Pause Full (Allocation Failure) 490M->462M(490M) 554,732ms
[2019-04-15T13:49:20.201+0200][442,360s] GC(1195) User=0,56s Sys=0,00s Real=0,55s
[2019-04-15T13:49:20.324+0200][442,483s] GC(1196) Pause Full (Allocation Failure)
[2019-04-15T13:49:20.325+0200][442,484s] GC(1196) Phase 1: Mark live objects
[2019-04-15T13:49:20.486+0200][442,645s] GC(1196) Phase 1: Mark live objects 161,137ms
[2019-04-15T13:49:20.486+0200][442,645s] GC(1196) Phase 2: Compute new object addresses
[2019-04-15T13:49:20.612+0200][442,771s] GC(1196) Phase 2: Compute new object addresses 126,182ms
[2019-04-15T13:49:20.612+0200][442,771s] GC(1196) Phase 3: Adjust pointers
[2019-04-15T13:49:20.750+0200][442,909s] GC(1196) Phase 3: Adjust pointers 137,432ms
[2019-04-15T13:49:20.750+0200][442,909s] GC(1196) Phase 4: Move objects
[2019-04-15T13:49:20.844+0200][443,003s] GC(1196) Phase 4: Move objects 93,904ms
[2019-04-15T13:49:20.844+0200][443,003s] GC(1196) ParNew: 109247K->86450K(109248K)
[2019-04-15T13:49:20.844+0200][443,003s] GC(1196) CMS: 393215K->393215K(393216K)
[2019-04-15T13:49:20.844+0200][443,003s] GC(1196) Metaspace: 85591K->85591K(1128448K)
[2019-04-15T13:49:20.844+0200][443,003s] GC(1196) Pause Full (Allocation Failure) 490M->468M(490M) 520,023ms
[2019-04-15T13:49:20.844+0200][443,003s] GC(1196) User=0,52s Sys=0,00s Real=0,52s
[2019-04-15T13:49:20.845+0200][443,004s] GC(1197) Pause Initial Mark
[2019-04-15T13:49:20.885+0200][443,044s] GC(1197) Pause Initial Mark 469M->469M(490M) 40,552ms
[2019-04-15T13:49:20.885+0200][443,044s] GC(1197) User=0,04s Sys=0,00s Real=0,05s
[2019-04-15T13:49:20.885+0200][443,044s] GC(1197) Concurrent Mark
[2019-04-15T13:49:20.885+0200][443,044s] GC(1197) Using 4 workers of 4 for marking
[2019-04-15T13:49:21.026+0200][443,185s] GC(1197) Concurrent Mark 140,479ms
[2019-04-15T13:49:21.026+0200][443,185s] GC(1197) User=0,53s Sys=0,00s Real=0,14s
[2019-04-15T13:49:21.026+0200][443,185s] GC(1197) Concurrent Preclean
[2019-04-15T13:49:21.069+0200][443,228s] GC(1198) Pause Full (Allocation Failure)
[2019-04-15T13:49:21.150+0200][443,309s] GC(1197) Concurrent Preclean 124,152ms
[2019-04-15T13:49:21.150+0200][443,309s] GC(1197) User=0,16s Sys=0,00s Real=0,12s
[2019-04-15T13:49:21.150+0200][443,309s] GC(1198) Phase 1: Mark live objects
[2019-04-15T13:49:21.311+0200][443,470s] GC(1198) Phase 1: Mark live objects 160,397ms
[2019-04-15T13:49:21.311+0200][443,470s] GC(1198) Phase 2: Compute new object addresses
[2019-04-15T13:49:21.440+0200][443,599s] GC(1198) Phase 2: Compute new object addresses 129,111ms
[2019-04-15T13:49:21.440+0200][443,599s] GC(1198) Phase 3: Adjust pointers
[2019-04-15T13:49:21.581+0200][443,740s] GC(1198) Phase 3: Adjust pointers 141,388ms
[2019-04-15T13:49:21.581+0200][443,740s] GC(1198) Phase 4: Move objects
[2019-04-15T13:49:21.675+0200][443,834s] GC(1198) Phase 4: Move objects 94,224ms
[2019-04-15T13:49:21.676+0200][443,835s] GC(1198) ParNew: 109247K->89936K(109248K)
[2019-04-15T13:49:21.676+0200][443,835s] GC(1198) CMS: 393215K->393215K(393216K)
[2019-04-15T13:49:21.676+0200][443,835s] GC(1198) Metaspace: 85591K->85591K(1128448K)
[2019-04-15T13:49:21.676+0200][443,835s] GC(1198) Pause Full (Allocation Failure) 490M->471M(490M) 607,141ms
[2019-04-15T13:49:21.676+0200][443,835s] GC(1198) User=0,61s Sys=0,00s Real=0,61s
[2019-04-15T13:49:21.775+0200][443,934s] GC(1199) Pause Full (Allocation Failure)
[2019-04-15T13:49:21.775+0200][443,934s] GC(1199) Phase 1: Mark live objects
[2019-04-15T13:49:21.937+0200][444,096s] GC(1199) Phase 1: Mark live objects 162,203ms
[2019-04-15T13:49:21.937+0200][444,096s] GC(1199) Phase 2: Compute new object addresses
[2019-04-15T13:49:22.083+0200][444,242s] GC(1199) Phase 2: Compute new object addresses 145,996ms
[2019-04-15T13:49:22.083+0200][444,242s] GC(1199) Phase 3: Adjust pointers
[2019-04-15T13:49:22.221+0200][444,380s] GC(1199) Phase 3: Adjust pointers 137,111ms
[2019-04-15T13:49:22.221+0200][444,380s] GC(1199) Phase 4: Move objects
[2019-04-15T13:49:22.231+0200][444,390s] GC(1199) Phase 4: Move objects 10,609ms
[2019-04-15T13:49:22.232+0200][444,391s] GC(1199) ParNew: 109247K->95833K(109248K)
[2019-04-15T13:49:22.232+0200][444,391s] GC(1199) CMS: 393216K->393216K(393216K)
[2019-04-15T13:49:22.232+0200][444,391s] GC(1199) Metaspace: 85591K->85591K(1128448K)
[2019-04-15T13:49:22.232+0200][444,391s] GC(1199) Pause Full (Allocation Failure) 490M->477M(490M) 457,130ms
[2019-04-15T13:49:22.232+0200][444,391s] GC(1199) User=0,46s Sys=0,00s Real=0,45s
[2019-04-15T13:49:22.232+0200][444,391s] GC(1200) Pause Initial Mark
[2019-04-15T13:49:22.271+0200][444,430s] GC(1200) Pause Initial Mark 477M->477M(490M) 39,119ms
[2019-04-15T13:49:22.271+0200][444,430s] GC(1200) User=0,04s Sys=0,00s Real=0,04s
[2019-04-15T13:49:22.271+0200][444,430s] GC(1200) Concurrent Mark
[2019-04-15T13:49:22.271+0200][444,430s] GC(1200) Using 4 workers of 4 for marking
[2019-04-15T13:49:22.398+0200][444,557s] GC(1200) Concurrent Mark 126,854ms
[2019-04-15T13:49:22.398+0200][444,557s] GC(1200) User=0,50s Sys=0,00s Real=0,13s
[2019-04-15T13:49:22.398+0200][444,557s] GC(1201) Pause Full (Allocation Failure)
[2019-04-15T13:49:22.399+0200][444,558s] GC(1201) Phase 1: Mark live objects
[2019-04-15T13:49:22.567+0200][444,726s] GC(1201) Phase 1: Mark live objects 167,908ms
[2019-04-15T13:49:22.567+0200][444,726s] GC(1201) Phase 2: Compute new object addresses
[2019-04-15T13:49:22.695+0200][444,854s] GC(1201) Phase 2: Compute new object addresses 127,844ms
[2019-04-15T13:49:22.695+0200][444,854s] GC(1201) Phase 3: Adjust pointers
[2019-04-15T13:49:22.832+0200][444,991s] GC(1201) Phase 3: Adjust pointers 137,049ms
[2019-04-15T13:49:22.832+0200][444,991s] GC(1201) Phase 4: Move objects
[2019-04-15T13:49:22.847+0200][445,006s] GC(1201) Phase 4: Move objects 15,293ms
[2019-04-15T13:49:22.848+0200][445,007s] GC(1201) ParNew: 109247K->99062K(109248K)
[2019-04-15T13:49:22.848+0200][445,007s] GC(1201) CMS: 393216K->393216K(393216K)
[2019-04-15T13:49:22.848+0200][445,007s] GC(1201) Metaspace: 85591K->85591K(1128448K)
[2019-04-15T13:49:22.848+0200][445,007s] GC(1201) Pause Full (Allocation Failure) 490M->480M(490M) 449,463ms
[2019-04-15T13:49:22.848+0200][445,007s] GC(1201) User=0,45s Sys=0,00s Real=0,45s
[2019-04-15T13:49:22.905+0200][445,064s] GC(1202) Pause Full (Allocation Failure)
[2019-04-15T13:49:22.906+0200][445,065s] GC(1202) Phase 1: Mark live objects
[2019-04-15T13:49:23.076+0200][445,234s] GC(1202) Phase 1: Mark live objects 169,930ms
[2019-04-15T13:49:23.076+0200][445,234s] GC(1202) Phase 2: Compute new object addresses
[2019-04-15T13:49:23.206+0200][445,365s] GC(1202) Phase 2: Compute new object addresses 130,641ms
[2019-04-15T13:49:23.206+0200][445,365s] GC(1202) Phase 3: Adjust pointers
[2019-04-15T13:49:23.354+0200][445,513s] GC(1202) Phase 3: Adjust pointers 148,016ms
[2019-04-15T13:49:23.354+0200][445,513s] GC(1202) Phase 4: Move objects
[2019-04-15T13:49:23.452+0200][445,611s] GC(1202) Phase 4: Move objects 97,940ms
[2019-04-15T13:49:23.453+0200][445,612s] GC(1202) ParNew: 109247K->102183K(109248K)
[2019-04-15T13:49:23.453+0200][445,612s] GC(1202) CMS: 393216K->393215K(393216K)
[2019-04-15T13:49:23.453+0200][445,612s] GC(1202) Metaspace: 85591K->85591K(1128448K)
[2019-04-15T13:49:23.453+0200][445,612s] GC(1202) Pause Full (Allocation Failure) 490M->483M(490M) 547,769ms
[2019-04-15T13:49:23.453+0200][445,612s] GC(1202) User=0,55s Sys=0,00s Real=0,55s
[2019-04-15T13:49:23.453+0200][445,612s] GC(1203) Pause Initial Mark
[2019-04-15T13:49:23.506+0200][445,665s] GC(1203) Pause Initial Mark 483M->483M(490M) 52,570ms
[2019-04-15T13:49:23.506+0200][445,665s] GC(1203) User=0,07s Sys=0,00s Real=0,05s
[2019-04-15T13:49:23.506+0200][445,665s] GC(1203) Concurrent Mark
[2019-04-15T13:49:23.506+0200][445,665s] GC(1203) Using 4 workers of 4 for marking
[2019-04-15T13:49:23.617+0200][445,776s] GC(1203) Concurrent Mark 110,984ms
[2019-04-15T13:49:23.617+0200][445,776s] GC(1203) User=0,42s Sys=0,00s Real=0,11s
[2019-04-15T13:49:23.617+0200][445,776s] GC(1203) Concurrent Preclean
[2019-04-15T13:49:23.622+0200][445,780s] GC(1204) Pause Full (Allocation Failure)
[2019-04-15T13:49:23.736+0200][445,895s] GC(1203) Concurrent Preclean 118,972ms
[2019-04-15T13:49:23.736+0200][445,895s] GC(1203) User=0,12s Sys=0,00s Real=0,12s
[2019-04-15T13:49:23.736+0200][445,895s] GC(1204) Phase 1: Mark live objects
[2019-04-15T13:49:23.900+0200][446,059s] GC(1204) Phase 1: Mark live objects 164,395ms
[2019-04-15T13:49:23.900+0200][446,059s] GC(1204) Phase 2: Compute new object addresses
[2019-04-15T13:49:24.036+0200][446,195s] GC(1204) Phase 2: Compute new object addresses 135,346ms
[2019-04-15T13:49:24.036+0200][446,195s] GC(1204) Phase 3: Adjust pointers
[2019-04-15T13:49:24.179+0200][446,338s] GC(1204) Phase 3: Adjust pointers 142,958ms
[2019-04-15T13:49:24.179+0200][446,338s] GC(1204) Phase 4: Move objects
[2019-04-15T13:49:24.274+0200][446,433s] GC(1204) Phase 4: Move objects 95,114ms
[2019-04-15T13:49:24.275+0200][446,434s] GC(1204) ParNew: 109247K->102980K(109248K)
[2019-04-15T13:49:24.275+0200][446,434s] GC(1204) CMS: 393215K->393215K(393216K)
[2019-04-15T13:49:24.275+0200][446,434s] GC(1204) Metaspace: 85591K->85591K(1128448K)
[2019-04-15T13:49:24.275+0200][446,434s] GC(1204) Pause Full (Allocation Failure) 490M->484M(490M) 653,209ms
[2019-04-15T13:49:24.275+0200][446,434s] GC(1204) User=0,65s Sys=0,00s Real=0,66s
[2019-04-15T13:49:24.308+0200][446,467s] GC(1205) Pause Full (Allocation Failure)
[2019-04-15T13:49:24.309+0200][446,467s] GC(1205) Phase 1: Mark live objects
[2019-04-15T13:49:24.471+0200][446,630s] GC(1205) Phase 1: Mark live objects 162,549ms
[2019-04-15T13:49:24.471+0200][446,630s] GC(1205) Phase 2: Compute new object addresses
[2019-04-15T13:49:24.597+0200][446,755s] GC(1205) Phase 2: Compute new object addresses 125,416ms
[2019-04-15T13:49:24.597+0200][446,756s] GC(1205) Phase 3: Adjust pointers
[2019-04-15T13:49:24.729+0200][446,887s] GC(1205) Phase 3: Adjust pointers 131,900ms
[2019-04-15T13:49:24.729+0200][446,887s] GC(1205) Phase 4: Move objects
[2019-04-15T13:49:24.735+0200][446,894s] GC(1205) Phase 4: Move objects 6,550ms
[2019-04-15T13:49:24.736+0200][446,895s] GC(1205) ParNew: 109247K->103218K(109248K)
[2019-04-15T13:49:24.736+0200][446,895s] GC(1205) CMS: 393215K->393215K(393216K)
[2019-04-15T13:49:24.736+0200][446,895s] GC(1205) Metaspace: 85591K->85591K(1128448K)
[2019-04-15T13:49:24.736+0200][446,895s] GC(1205) Pause Full (Allocation Failure) 490M->484M(490M) 427,759ms
[2019-04-15T13:49:24.736+0200][446,895s] GC(1205) User=0,43s Sys=0,00s Real=0,43s
[2019-04-15T13:49:24.736+0200][446,895s] GC(1206) Pause Initial Mark
[2019-04-15T13:49:24.783+0200][446,942s] GC(1206) Pause Initial Mark 484M->484M(490M) 46,654ms
[2019-04-15T13:49:24.783+0200][446,942s] GC(1206) User=0,06s Sys=0,00s Real=0,04s
[2019-04-15T13:49:24.783+0200][446,942s] GC(1206) Concurrent Mark
[2019-04-15T13:49:24.783+0200][446,942s] GC(1206) Using 4 workers of 4 for marking
[2019-04-15T13:49:24.839+0200][446,998s] GC(1207) Pause Full (Allocation Failure)
[2019-04-15T13:49:24.888+0200][447,047s] GC(1206) Concurrent Mark 105,499ms
[2019-04-15T13:49:24.888+0200][447,047s] GC(1206) User=0,41s Sys=0,00s Real=0,11s
[2019-04-15T13:49:24.889+0200][447,047s] GC(1207) Phase 1: Mark live objects
[2019-04-15T13:49:25.058+0200][447,217s] GC(1207) Phase 1: Mark live objects 169,185ms
[2019-04-15T13:49:25.058+0200][447,217s] GC(1207) Phase 2: Compute new object addresses
[2019-04-15T13:49:25.185+0200][447,344s] GC(1207) Phase 2: Compute new object addresses 127,355ms
[2019-04-15T13:49:25.185+0200][447,344s] GC(1207) Phase 3: Adjust pointers
[2019-04-15T13:49:25.328+0200][447,487s] GC(1207) Phase 3: Adjust pointers 142,523ms
[2019-04-15T13:49:25.328+0200][447,487s] GC(1207) Phase 4: Move objects
[2019-04-15T13:49:25.421+0200][447,580s] GC(1207) Phase 4: Move objects 92,919ms
[2019-04-15T13:49:25.421+0200][447,580s] GC(1207) ParNew: 109247K->103303K(109248K)
[2019-04-15T13:49:25.421+0200][447,580s] GC(1207) CMS: 393215K->393215K(393216K)
[2019-04-15T13:49:25.421+0200][447,580s] GC(1207) Metaspace: 85591K->85591K(1128448K)
[2019-04-15T13:49:25.421+0200][447,580s] GC(1207) Pause Full (Allocation Failure) 490M->484M(490M) 582,697ms
[2019-04-15T13:49:25.421+0200][447,580s] GC(1207) User=0,73s Sys=0,00s Real=0,58s
[2019-04-15T13:49:25.460+0200][447,619s] GC(1208) Pause Full (Allocation Failure)
[2019-04-15T13:49:25.460+0200][447,619s] GC(1208) Phase 1: Mark live objects
[2019-04-15T13:49:25.626+0200][447,785s] GC(1208) Phase 1: Mark live objects 165,994ms
[2019-04-15T13:49:25.626+0200][447,785s] GC(1208) Phase 2: Compute new object addresses
[2019-04-15T13:49:25.755+0200][447,914s] GC(1208) Phase 2: Compute new object addresses 128,818ms
[2019-04-15T13:49:25.755+0200][447,914s] GC(1208) Phase 3: Adjust pointers
[2019-04-15T13:49:25.902+0200][448,061s] GC(1208) Phase 3: Adjust pointers 147,259ms
[2019-04-15T13:49:25.902+0200][448,061s] GC(1208) Phase 4: Move objects
[2019-04-15T13:49:26.006+0200][448,165s] GC(1208) Phase 4: Move objects 103,437ms
[2019-04-15T13:49:26.006+0200][448,165s] GC(1208) ParNew: 109247K->103476K(109248K)
[2019-04-15T13:49:26.006+0200][448,165s] GC(1208) CMS: 393215K->393215K(393216K)
[2019-04-15T13:49:26.007+0200][448,165s] GC(1208) Metaspace: 85600K->85600K(1128448K)
[2019-04-15T13:49:26.007+0200][448,165s] GC(1208) Pause Full (Allocation Failure) 490M->485M(490M) 546,709ms
[2019-04-15T13:49:26.007+0200][448,165s] GC(1208) User=0,55s Sys=0,00s Real=0,55s
[2019-04-15T13:49:26.007+0200][448,166s] GC(1209) Pause Initial Mark
[2019-04-15T13:49:26.047+0200][448,206s] GC(1209) Pause Initial Mark 485M->485M(490M) 40,201ms
[2019-04-15T13:49:26.047+0200][448,206s] GC(1209) User=0,05s Sys=0,00s Real=0,04s
[2019-04-15T13:49:26.047+0200][448,206s] GC(1209) Concurrent Mark
[2019-04-15T13:49:26.047+0200][448,206s] GC(1209) Using 4 workers of 4 for marking
[2019-04-15T13:49:26.134+0200][448,293s] GC(1210) Pause Full (Allocation Failure)
[2019-04-15T13:49:26.149+0200][448,308s] GC(1209) Concurrent Mark 102,297ms
[2019-04-15T13:49:26.150+0200][448,308s] GC(1209) User=0,39s Sys=0,00s Real=0,10s
[2019-04-15T13:49:26.150+0200][448,309s] GC(1210) Phase 1: Mark live objects
[2019-04-15T13:49:26.317+0200][448,475s] GC(1210) Phase 1: Mark live objects 166,822ms
[2019-04-15T13:49:26.317+0200][448,476s] GC(1210) Phase 2: Compute new object addresses
[2019-04-15T13:49:26.444+0200][448,603s] GC(1210) Phase 2: Compute new object addresses 127,209ms
[2019-04-15T13:49:26.444+0200][448,603s] GC(1210) Phase 3: Adjust pointers
[2019-04-15T13:49:26.579+0200][448,738s] GC(1210) Phase 3: Adjust pointers 135,303ms
[2019-04-15T13:49:26.579+0200][448,738s] GC(1210) Phase 4: Move objects
[2019-04-15T13:49:26.580+0200][448,739s] GC(1210) Phase 4: Move objects 0,876ms
[2019-04-15T13:49:26.581+0200][448,740s] GC(1210) ParNew: 109247K->105187K(109248K)
[2019-04-15T13:49:26.581+0200][448,740s] GC(1210) CMS: 393215K->393215K(393216K)
[2019-04-15T13:49:26.581+0200][448,740s] GC(1210) Metaspace: 85600K->85600K(1128448K)
[2019-04-15T13:49:26.581+0200][448,740s] GC(1210) Pause Full (Allocation Failure) 490M->486M(490M) 446,350ms
[2019-04-15T13:49:26.581+0200][448,740s] GC(1210) User=0,48s Sys=0,00s Real=0,44s
[2019-04-15T13:49:26.602+0200][448,761s] GC(1211) Pause Full (Allocation Failure)
[2019-04-15T13:49:26.603+0200][448,762s] GC(1211) Phase 1: Mark live objects
[2019-04-15T13:49:26.772+0200][448,931s] GC(1211) Phase 1: Mark live objects 168,798ms
[2019-04-15T13:49:26.772+0200][448,931s] GC(1211) Phase 2: Compute new object addresses
[2019-04-15T13:49:26.901+0200][449,060s] GC(1211) Phase 2: Compute new object addresses 129,020ms
[2019-04-15T13:49:26.901+0200][449,060s] GC(1211) Phase 3: Adjust pointers
[2019-04-15T13:49:27.040+0200][449,199s] GC(1211) Phase 3: Adjust pointers 139,429ms
[2019-04-15T13:49:27.040+0200][449,199s] GC(1211) Phase 4: Move objects
[2019-04-15T13:49:27.046+0200][449,205s] GC(1211) Phase 4: Move objects 5,820ms
[2019-04-15T13:49:27.047+0200][449,206s] GC(1211) ParNew: 109247K->106449K(109248K)
[2019-04-15T13:49:27.047+0200][449,206s] GC(1211) CMS: 393215K->393215K(393216K)
[2019-04-15T13:49:27.047+0200][449,206s] GC(1211) Metaspace: 85600K->85600K(1128448K)
[2019-04-15T13:49:27.047+0200][449,206s] GC(1211) Pause Full (Allocation Failure) 490M->487M(490M) 444,369ms
[2019-04-15T13:49:27.047+0200][449,206s] GC(1211) User=0,44s Sys=0,00s Real=0,45s
[2019-04-15T13:49:27.047+0200][449,206s] GC(1212) Pause Initial Mark
[2019-04-15T13:49:27.096+0200][449,255s] GC(1212) Pause Initial Mark 487M->487M(490M) 49,144ms
[2019-04-15T13:49:27.096+0200][449,255s] GC(1212) User=0,07s Sys=0,00s Real=0,05s
[2019-04-15T13:49:27.096+0200][449,255s] GC(1212) Concurrent Mark
[2019-04-15T13:49:27.096+0200][449,255s] GC(1212) Using 4 workers of 4 for marking
[2019-04-15T13:49:27.160+0200][449,319s] GC(1213) Pause Full (Allocation Failure)
[2019-04-15T13:49:27.196+0200][449,355s] GC(1212) Concurrent Mark 100,184ms
[2019-04-15T13:49:27.197+0200][449,355s] GC(1212) User=0,39s Sys=0,00s Real=0,10s
[2019-04-15T13:49:27.197+0200][449,356s] GC(1213) Phase 1: Mark live objects
[2019-04-15T13:49:27.362+0200][449,521s] GC(1213) Phase 1: Mark live objects 165,459ms
[2019-04-15T13:49:27.362+0200][449,521s] GC(1213) Phase 2: Compute new object addresses
[2019-04-15T13:49:27.490+0200][449,649s] GC(1213) Phase 2: Compute new object addresses 127,607ms
[2019-04-15T13:49:27.490+0200][449,649s] GC(1213) Phase 3: Adjust pointers
[2019-04-15T13:49:27.633+0200][449,792s] GC(1213) Phase 3: Adjust pointers 142,732ms
[2019-04-15T13:49:27.633+0200][449,792s] GC(1213) Phase 4: Move objects
[2019-04-15T13:49:27.724+0200][449,882s] GC(1213) Phase 4: Move objects 90,873ms
[2019-04-15T13:49:27.724+0200][449,883s] GC(1213) ParNew: 109247K->107287K(109248K)
[2019-04-15T13:49:27.724+0200][449,883s] GC(1213) CMS: 393215K->393215K(393216K)
[2019-04-15T13:49:27.724+0200][449,883s] GC(1213) Metaspace: 85600K->85600K(1128448K)
[2019-04-15T13:49:27.724+0200][449,883s] GC(1213) Pause Full (Allocation Failure) 490M->488M(490M) 563,977ms
[2019-04-15T13:49:27.724+0200][449,883s] GC(1213) User=0,66s Sys=0,00s Real=0,56s
[2019-04-15T13:49:27.733+0200][449,892s] GC(1214) Pause Full (Allocation Failure)
[2019-04-15T13:49:27.733+0200][449,892s] GC(1214) Phase 1: Mark live objects
[2019-04-15T13:49:27.902+0200][450,061s] GC(1214) Phase 1: Mark live objects 168,586ms
[2019-04-15T13:49:27.902+0200][450,061s] GC(1214) Phase 2: Compute new object addresses
[2019-04-15T13:49:28.039+0200][450,198s] GC(1214) Phase 2: Compute new object addresses 136,624ms
[2019-04-15T13:49:28.039+0200][450,198s] GC(1214) Phase 3: Adjust pointers
[2019-04-15T13:49:28.184+0200][450,343s] GC(1214) Phase 3: Adjust pointers 145,527ms
[2019-04-15T13:49:28.184+0200][450,343s] GC(1214) Phase 4: Move objects
[2019-04-15T13:49:28.278+0200][450,437s] GC(1214) Phase 4: Move objects 93,562ms
[2019-04-15T13:49:28.279+0200][450,438s] GC(1214) ParNew: 109247K->107976K(109248K)
[2019-04-15T13:49:28.279+0200][450,438s] GC(1214) CMS: 393215K->393215K(393216K)
[2019-04-15T13:49:28.279+0200][450,438s] GC(1214) Metaspace: 85600K->85600K(1128448K)
[2019-04-15T13:49:28.279+0200][450,438s] GC(1214) Pause Full (Allocation Failure) 490M->489M(490M) 545,850ms
[2019-04-15T13:49:28.279+0200][450,438s] GC(1214) User=0,55s Sys=0,00s Real=0,54s
[2019-04-15T13:49:28.279+0200][450,438s] GC(1215) Pause Initial Mark
[2019-04-15T13:49:28.327+0200][450,486s] GC(1215) Pause Initial Mark 489M->489M(490M) 48,157ms
[2019-04-15T13:49:28.327+0200][450,486s] GC(1215) User=0,07s Sys=0,00s Real=0,05s
[2019-04-15T13:49:28.327+0200][450,486s] GC(1215) Concurrent Mark
[2019-04-15T13:49:28.327+0200][450,486s] GC(1215) Using 4 workers of 4 for marking
[2019-04-15T13:49:28.340+0200][450,499s] GC(1216) Pause Full (Allocation Failure)
[2019-04-15T13:49:28.420+0200][450,579s] GC(1215) Concurrent Mark 92,518ms
[2019-04-15T13:49:28.420+0200][450,579s] GC(1215) User=0,35s Sys=0,00s Real=0,09s
[2019-04-15T13:49:28.420+0200][450,579s] GC(1216) Phase 1: Mark live objects
[2019-04-15T13:49:28.589+0200][450,747s] GC(1216) Phase 1: Mark live objects 168,341ms
[2019-04-15T13:49:28.589+0200][450,748s] GC(1216) Phase 2: Compute new object addresses
[2019-04-15T13:49:28.717+0200][450,876s] GC(1216) Phase 2: Compute new object addresses 127,987ms
[2019-04-15T13:49:28.717+0200][450,876s] GC(1216) Phase 3: Adjust pointers
[2019-04-15T13:49:28.850+0200][451,009s] GC(1216) Phase 3: Adjust pointers 133,702ms
[2019-04-15T13:49:28.850+0200][451,009s] GC(1216) Phase 4: Move objects
[2019-04-15T13:49:28.851+0200][451,010s] GC(1216) Phase 4: Move objects 0,338ms
[2019-04-15T13:49:28.851+0200][451,010s] GC(1216) ParNew: 109248K->108356K(109248K)
[2019-04-15T13:49:28.851+0200][451,010s] GC(1216) CMS: 393215K->393215K(393216K)
[2019-04-15T13:49:28.851+0200][451,010s] GC(1216) Metaspace: 85600K->85600K(1128448K)
[2019-04-15T13:49:28.851+0200][451,010s] GC(1216) Pause Full (Allocation Failure) 490M->489M(490M) 511,698ms
[2019-04-15T13:49:28.851+0200][451,010s] GC(1216) User=0,74s Sys=0,00s Real=0,51s
[2019-04-15T13:49:28.857+0200][451,016s] GC(1217) Pause Full (Allocation Failure)
[2019-04-15T13:49:28.857+0200][451,016s] GC(1217) Phase 1: Mark live objects
[2019-04-15T13:49:29.034+0200][451,193s] GC(1217) Phase 1: Mark live objects 177,151ms
[2019-04-15T13:49:29.034+0200][451,193s] GC(1217) Phase 2: Compute new object addresses
[2019-04-15T13:49:29.163+0200][451,322s] GC(1217) Phase 2: Compute new object addresses 128,553ms
[2019-04-15T13:49:29.163+0200][451,322s] GC(1217) Phase 3: Adjust pointers
[2019-04-15T13:49:29.298+0200][451,457s] GC(1217) Phase 3: Adjust pointers 135,077ms
[2019-04-15T13:49:29.298+0200][451,457s] GC(1217) Phase 4: Move objects
[2019-04-15T13:49:29.300+0200][451,459s] GC(1217) Phase 4: Move objects 1,748ms
[2019-04-15T13:49:29.301+0200][451,459s] GC(1217) ParNew: 109248K->108620K(109248K)
[2019-04-15T13:49:29.301+0200][451,459s] GC(1217) CMS: 393215K->393215K(393216K)
[2019-04-15T13:49:29.301+0200][451,459s] GC(1217) Metaspace: 85600K->85600K(1128448K)
[2019-04-15T13:49:29.301+0200][451,459s] GC(1217) Pause Full (Allocation Failure) 490M->490M(490M) 443,740ms
[2019-04-15T13:49:29.301+0200][451,459s] GC(1217) User=0,44s Sys=0,00s Real=0,44s
[2019-04-15T13:49:29.301+0200][451,460s] GC(1218) Pause Initial Mark
[2019-04-15T13:49:29.350+0200][451,509s] GC(1218) Pause Initial Mark 490M->490M(490M) 49,229ms
[2019-04-15T13:49:29.350+0200][451,509s] GC(1218) User=0,07s Sys=0,00s Real=0,05s
[2019-04-15T13:49:29.350+0200][451,509s] GC(1218) Concurrent Mark
[2019-04-15T13:49:29.350+0200][451,509s] GC(1218) Using 4 workers of 4 for marking
[2019-04-15T13:49:29.356+0200][451,515s] GC(1219) Pause Full (Allocation Failure)
[2019-04-15T13:49:29.448+0200][451,607s] GC(1218) Concurrent Mark 97,850ms
[2019-04-15T13:49:29.448+0200][451,607s] GC(1218) User=0,37s Sys=0,01s Real=0,10s
[2019-04-15T13:49:29.448+0200][451,607s] GC(1219) Phase 1: Mark live objects
[2019-04-15T13:49:29.616+0200][451,775s] GC(1219) Phase 1: Mark live objects 167,455ms
[2019-04-15T13:49:29.616+0200][451,775s] GC(1219) Phase 2: Compute new object addresses
[2019-04-15T13:49:29.744+0200][451,903s] GC(1219) Phase 2: Compute new object addresses 128,369ms
[2019-04-15T13:49:29.744+0200][451,903s] GC(1219) Phase 3: Adjust pointers
[2019-04-15T13:49:29.889+0200][452,048s] GC(1219) Phase 3: Adjust pointers 145,219ms
[2019-04-15T13:49:29.889+0200][452,048s] GC(1219) Phase 4: Move objects
[2019-04-15T13:49:29.984+0200][452,143s] GC(1219) Phase 4: Move objects 94,291ms
[2019-04-15T13:49:29.984+0200][452,143s] GC(1219) ParNew: 109247K->108807K(109248K)
[2019-04-15T13:49:29.984+0200][452,143s] GC(1219) CMS: 393215K->393216K(393216K)
[2019-04-15T13:49:29.984+0200][452,143s] GC(1219) Metaspace: 85600K->85600K(1128448K)
[2019-04-15T13:49:29.984+0200][452,143s] GC(1219) Pause Full (Allocation Failure) 490M->490M(490M) 628,211ms
[2019-04-15T13:49:29.984+0200][452,143s] GC(1219) User=0,89s Sys=0,01s Real=0,62s
[2019-04-15T13:49:29.986+0200][452,145s] GC(1220) Pause Full (Allocation Failure)
[2019-04-15T13:49:29.986+0200][452,145s] GC(1220) Phase 1: Mark live objects
[2019-04-15T13:49:30.158+0200][452,317s] GC(1220) Phase 1: Mark live objects 172,328ms
[2019-04-15T13:49:30.158+0200][452,317s] GC(1220) Phase 2: Compute new object addresses
[2019-04-15T13:49:30.287+0200][452,446s] GC(1220) Phase 2: Compute new object addresses 128,477ms
[2019-04-15T13:49:30.287+0200][452,446s] GC(1220) Phase 3: Adjust pointers
[2019-04-15T13:49:30.434+0200][452,593s] GC(1220) Phase 3: Adjust pointers 146,792ms
[2019-04-15T13:49:30.434+0200][452,593s] GC(1220) Phase 4: Move objects
[2019-04-15T13:49:30.530+0200][452,689s] GC(1220) Phase 4: Move objects 95,887ms
[2019-04-15T13:49:30.530+0200][452,689s] GC(1220) ParNew: 109245K->108752K(109248K)
[2019-04-15T13:49:30.530+0200][452,689s] GC(1220) CMS: 393216K->393215K(393216K)
[2019-04-15T13:49:30.530+0200][452,689s] GC(1220) Metaspace: 85600K->85600K(1128448K)
[2019-04-15T13:49:30.530+0200][452,689s] GC(1220) Pause Full (Allocation Failure) 490M->490M(490M) 544,858ms
[2019-04-15T13:49:30.531+0200][452,689s] GC(1220) User=0,55s Sys=0,00s Real=0,54s
[2019-04-15T13:49:30.531+0200][452,690s] GC(1221) Pause Initial Mark
[2019-04-15T13:49:30.571+0200][452,730s] GC(1221) Pause Initial Mark 490M->490M(490M) 40,263ms
[2019-04-15T13:49:30.571+0200][452,730s] GC(1221) User=0,05s Sys=0,00s Real=0,04s
[2019-04-15T13:49:30.571+0200][452,730s] GC(1221) Concurrent Mark
[2019-04-15T13:49:30.571+0200][452,730s] GC(1221) Using 4 workers of 4 for marking
[2019-04-15T13:49:30.572+0200][452,731s] GC(1222) Pause Full (Allocation Failure)
[2019-04-15T13:49:30.657+0200][452,816s] GC(1221) Concurrent Mark 86,217ms
[2019-04-15T13:49:30.657+0200][452,816s] GC(1221) User=0,33s Sys=0,00s Real=0,09s
[2019-04-15T13:49:30.658+0200][452,816s] GC(1222) Phase 1: Mark live objects
[2019-04-15T13:49:30.825+0200][452,984s] GC(1222) Phase 1: Mark live objects 167,651ms
[2019-04-15T13:49:30.825+0200][452,984s] GC(1222) Phase 2: Compute new object addresses
[2019-04-15T13:49:30.958+0200][453,117s] GC(1222) Phase 2: Compute new object addresses 132,500ms
[2019-04-15T13:49:30.958+0200][453,117s] GC(1222) Phase 3: Adjust pointers
[2019-04-15T13:49:31.106+0200][453,265s] GC(1222) Phase 3: Adjust pointers 148,382ms
[2019-04-15T13:49:31.106+0200][453,265s] GC(1222) Phase 4: Move objects
[2019-04-15T13:49:31.199+0200][453,358s] GC(1222) Phase 4: Move objects 92,442ms
[2019-04-15T13:49:31.199+0200][453,358s] GC(1222) ParNew: 108989K->108771K(109248K)
[2019-04-15T13:49:31.199+0200][453,358s] GC(1222) CMS: 393215K->393215K(393216K)
[2019-04-15T13:49:31.199+0200][453,358s] GC(1222) Metaspace: 85600K->85600K(1128448K)
[2019-04-15T13:49:31.199+0200][453,358s] GC(1222) Pause Full (Allocation Failure) 490M->490M(490M) 627,122ms
[2019-04-15T13:49:31.199+0200][453,358s] GC(1222) User=0,87s Sys=0,00s Real=0,63s
[2019-04-15T13:49:31.199+0200][453,358s] GC(1223) Pause Full (Allocation Failure)
[2019-04-15T13:49:31.200+0200][453,359s] GC(1223) Phase 1: Mark live objects
[2019-04-15T13:49:31.270+0200][453,429s] GC(1223) Phase 1: Mark live objects 70,272ms
[2019-04-15T13:49:31.270+0200][453,429s] GC(1223) Phase 2: Compute new object addresses
[2019-04-15T13:49:31.361+0200][453,520s] GC(1223) Phase 2: Compute new object addresses 90,518ms
[2019-04-15T13:49:31.361+0200][453,520s] GC(1223) Phase 3: Adjust pointers
[2019-04-15T13:49:31.418+0200][453,577s] GC(1223) Phase 3: Adjust pointers 57,028ms
[2019-04-15T13:49:31.418+0200][453,577s] GC(1223) Phase 4: Move objects
[2019-04-15T13:49:31.457+0200][453,616s] GC(1223) Phase 4: Move objects 39,547ms
[2019-04-15T13:49:31.458+0200][453,617s] GC(1223) ParNew: 108771K->0K(109248K)
[2019-04-15T13:49:31.458+0200][453,617s] GC(1223) CMS: 393215K->293553K(393216K)
[2019-04-15T13:49:31.458+0200][453,617s] GC(1223) Metaspace: 85600K->85600K(1128448K)
[2019-04-15T13:49:31.458+0200][453,617s] GC(1223) Pause Full (Allocation Failure) 490M->286M(490M) 258,704ms
[2019-04-15T13:49:31.458+0200][453,617s] GC(1223) User=0,26s Sys=0,00s Real=0,26s
[2019-04-15T13:49:31.507+0200][453,666s] GC(1224) Pause Young (Allocation Failure)
[2019-04-15T13:49:31.507+0200][453,666s] GC(1224) Using 4 workers of 4 for evacuation
[2019-04-15T13:49:31.519+0200][453,677s] GC(1224) ParNew: 87424K->20517K(109248K)
[2019-04-15T13:49:31.519+0200][453,677s] GC(1224) CMS: 293553K->293553K(393216K)
[2019-04-15T13:49:31.519+0200][453,677s] GC(1224) Metaspace: 85630K->85630K(1128448K)
[2019-04-15T13:49:31.519+0200][453,678s] GC(1224) Pause Young (Allocation Failure) 372M->306M(490M) 11,581ms
[2019-04-15T13:49:31.519+0200][453,678s] GC(1224) User=0,04s Sys=0,00s Real=0,01s
[2019-04-15T13:49:31.519+0200][453,678s] GC(1225) Pause Initial Mark
[2019-04-15T13:49:31.521+0200][453,680s] GC(1225) Pause Initial Mark 307M->307M(490M) 2,601ms
[2019-04-15T13:49:31.521+0200][453,680s] GC(1225) User=0,00s Sys=0,00s Real=0,00s
[2019-04-15T13:49:31.521+0200][453,680s] GC(1225) Concurrent Mark
[2019-04-15T13:49:31.521+0200][453,680s] GC(1225) Using 4 workers of 4 for marking
[2019-04-15T13:49:31.583+0200][453,742s] GC(1225) Concurrent Mark 61,900ms
[2019-04-15T13:49:31.583+0200][453,742s] GC(1225) User=0,22s Sys=0,00s Real=0,06s
[2019-04-15T13:49:31.583+0200][453,742s] GC(1225) Concurrent Preclean
[2019-04-15T13:49:31.585+0200][453,744s] GC(1225) Concurrent Preclean 1,193ms
[2019-04-15T13:49:31.585+0200][453,744s] GC(1225) User=0,01s Sys=0,00s Real=0,00s
[2019-04-15T13:49:31.585+0200][453,744s] GC(1225) Concurrent Abortable Preclean
[2019-04-15T13:49:31.604+0200][453,763s] GC(1226) Pause Young (Allocation Failure)
[2019-04-15T13:49:31.604+0200][453,763s] GC(1226) Using 4 workers of 4 for evacuation
[2019-04-15T13:49:31.639+0200][453,798s] GC(1226) ParNew: 107941K->21824K(109248K)
[2019-04-15T13:49:31.639+0200][453,798s] GC(1226) CMS: 293553K->305020K(393216K)
[2019-04-15T13:49:31.639+0200][453,798s] GC(1226) Metaspace: 85632K->85632K(1128448K)
[2019-04-15T13:49:31.639+0200][453,798s] GC(1226) Pause Young (Allocation Failure) 392M->319M(490M) 35,367ms
[2019-04-15T13:49:31.640+0200][453,798s] GC(1226) User=0,13s Sys=0,00s Real=0,04s
[2019-04-15T13:49:31.703+0200][453,862s] GC(1227) Pause Young (Allocation Failure)
[2019-04-15T13:49:31.703+0200][453,862s] GC(1227) Using 4 workers of 4 for evacuation
[2019-04-15T13:49:31.759+0200][453,918s] GC(1227) ParNew: 109248K->21824K(109248K)
[2019-04-15T13:49:31.759+0200][453,918s] GC(1227) CMS: 305020K->330278K(393216K)
[2019-04-15T13:49:31.759+0200][453,918s] GC(1227) Metaspace: 85635K->85635K(1128448K)
[2019-04-15T13:49:31.759+0200][453,918s] GC(1227) Pause Young (Allocation Failure) 404M->343M(490M) 56,586ms
[2019-04-15T13:49:31.759+0200][453,918s] GC(1227) User=0,22s Sys=0,00s Real=0,06s
[2019-04-15T13:49:31.776+0200][453,935s] GC(1225) Concurrent Abortable Preclean 191,831ms
[2019-04-15T13:49:31.777+0200][453,935s] GC(1225) User=0,57s Sys=0,00s Real=0,20s
[2019-04-15T13:49:31.777+0200][453,936s] GC(1225) Pause Remark
[2019-04-15T13:49:31.777+0200][453,936s] GC(1228) Pause Young (CMS Final Remark)
[2019-04-15T13:49:31.777+0200][453,936s] GC(1228) Using 4 workers of 4 for evacuation
[2019-04-15T13:49:31.807+0200][453,966s] GC(1228) ParNew: 49689K->21824K(109248K)
[2019-04-15T13:49:31.807+0200][453,966s] GC(1228) CMS: 330278K->341329K(393216K)
[2019-04-15T13:49:31.807+0200][453,966s] GC(1228) Metaspace: 85635K->85635K(1128448K)
[2019-04-15T13:49:31.807+0200][453,966s] GC(1228) Pause Young (CMS Final Remark) 371M->354M(490M) 30,183ms
[2019-04-15T13:49:31.807+0200][453,966s] GC(1228) User=0,12s Sys=0,00s Real=0,03s
[2019-04-15T13:49:31.847+0200][454,006s] GC(1225) Pause Remark 371M->354M(490M) 70,289ms
[2019-04-15T13:49:31.847+0200][454,006s] GC(1225) User=0,19s Sys=0,00s Real=0,07s
[2019-04-15T13:49:31.847+0200][454,006s] GC(1225) Concurrent Sweep
[2019-04-15T13:49:31.898+0200][454,057s] GC(1225) Concurrent Sweep 51,452ms
[2019-04-15T13:49:31.899+0200][454,057s] GC(1225) User=0,10s Sys=0,00s Real=0,05s
[2019-04-15T13:49:31.899+0200][454,057s] GC(1225) Concurrent Reset
[2019-04-15T13:49:31.899+0200][454,058s] GC(1225) Concurrent Reset 0,398ms
[2019-04-15T13:49:31.899+0200][454,058s] GC(1225) User=0,00s Sys=0,00s Real=0,00s
[2019-04-15T13:49:31.899+0200][454,058s] GC(1225) Old: 293553K->338429K(393216K)
[2019-04-15T13:49:31.906+0200][454,065s] GC(1229) Pause Young (Allocation Failure)
[2019-04-15T13:49:31.906+0200][454,065s] GC(1229) Using 4 workers of 4 for evacuation
[2019-04-15T13:49:31.948+0200][454,107s] GC(1229) ParNew: 109248K->21824K(109248K)
[2019-04-15T13:49:31.948+0200][454,107s] GC(1229) CMS: 338429K->354648K(393216K)
[2019-04-15T13:49:31.948+0200][454,107s] GC(1229) Metaspace: 85635K->85635K(1128448K)
[2019-04-15T13:49:31.948+0200][454,107s] GC(1229) Pause Young (Allocation Failure) 437M->367M(490M) 42,022ms
[2019-04-15T13:49:31.948+0200][454,107s] GC(1229) User=0,16s Sys=0,00s Real=0,04s
[2019-04-15T13:49:31.948+0200][454,107s] GC(1230) Pause Initial Mark
[2019-04-15T13:49:31.953+0200][454,112s] GC(1230) Pause Initial Mark 368M->368M(490M) 5,015ms
[2019-04-15T13:49:31.953+0200][454,112s] GC(1230) User=0,02s Sys=0,00s Real=0,01s
[2019-04-15T13:49:31.953+0200][454,112s] GC(1230) Concurrent Mark
[2019-04-15T13:49:31.953+0200][454,112s] GC(1230) Using 4 workers of 4 for marking
[2019-04-15T13:49:32.037+0200][454,196s] GC(1231) Pause Young (Allocation Failure)
[2019-04-15T13:49:32.037+0200][454,196s] GC(1231) Using 4 workers of 4 for evacuation
[2019-04-15T13:49:32.098+0200][454,257s] GC(1231) ParNew: 109248K->21824K(109248K)
[2019-04-15T13:49:32.098+0200][454,257s] GC(1231) CMS: 354648K->377429K(393216K)
[2019-04-15T13:49:32.098+0200][454,257s] GC(1231) Metaspace: 85635K->85635K(1128448K)
[2019-04-15T13:49:32.098+0200][454,257s] GC(1231) Pause Young (Allocation Failure) 453M->389M(490M) 61,070ms
[2019-04-15T13:49:32.098+0200][454,257s] GC(1231) User=0,21s Sys=0,00s Real=0,06s
[2019-04-15T13:49:32.146+0200][454,305s] GC(1230) Concurrent Mark 193,252ms
[2019-04-15T13:49:32.146+0200][454,305s] GC(1230) User=0,70s Sys=0,00s Real=0,19s
[2019-04-15T13:49:32.146+0200][454,305s] GC(1230) Concurrent Preclean
[2019-04-15T13:49:32.175+0200][454,334s] GC(1230) Concurrent Preclean 28,380ms
[2019-04-15T13:49:32.175+0200][454,334s] GC(1230) User=0,06s Sys=0,00s Real=0,03s
[2019-04-15T13:49:32.175+0200][454,334s] GC(1230) Concurrent Abortable Preclean
[2019-04-15T13:49:32.175+0200][454,334s] GC(1230) Concurrent Abortable Preclean 0,010ms
[2019-04-15T13:49:32.175+0200][454,334s] GC(1230) User=0,00s Sys=0,00s Real=0,00s
[2019-04-15T13:49:32.175+0200][454,334s] GC(1230) Pause Remark
[2019-04-15T13:49:32.175+0200][454,334s] GC(1232) Pause Young (CMS Final Remark)
[2019-04-15T13:49:32.175+0200][454,334s] GC(1232) Using 4 workers of 4 for evacuation
[2019-04-15T13:49:32.175+0200][454,334s] GC(1232) ParNew: 96887K->96887K(109248K)
[2019-04-15T13:49:32.175+0200][454,334s] GC(1232) CMS: 377429K->377429K(393216K)
[2019-04-15T13:49:32.175+0200][454,334s] GC(1232) Metaspace: 85635K->85635K(1128448K)
[2019-04-15T13:49:32.175+0200][454,334s] GC(1232) Pause Young (CMS Final Remark) 463M->463M(490M) 0,052ms
[2019-04-15T13:49:32.175+0200][454,334s] GC(1232) User=0,00s Sys=0,00s Real=0,00s
[2019-04-15T13:49:32.247+0200][454,406s] GC(1230) Pause Remark 463M->463M(490M) 71,760ms
[2019-04-15T13:49:32.247+0200][454,406s] GC(1230) User=0,19s Sys=0,00s Real=0,07s
[2019-04-15T13:49:32.247+0200][454,406s] GC(1230) Concurrent Sweep
[2019-04-15T13:49:32.533+0200][454,692s] GC(1233) Pause Full (Allocation Failure)
[2019-04-15T13:49:32.539+0200][454,698s] GC(1230) Concurrent Sweep 292,269ms
[2019-04-15T13:49:32.539+0200][454,698s] GC(1230) User=0,58s Sys=0,00s Real=0,29s
[2019-04-15T13:49:32.539+0200][454,698s] GC(1233) Phase 1: Mark live objects
[2019-04-15T13:49:32.674+0200][454,833s] GC(1233) Phase 1: Mark live objects 134,946ms
[2019-04-15T13:49:32.674+0200][454,833s] GC(1233) Phase 2: Compute new object addresses
[2019-04-15T13:49:32.796+0200][454,955s] GC(1233) Phase 2: Compute new object addresses 121,332ms
[2019-04-15T13:49:32.796+0200][454,955s] GC(1233) Phase 3: Adjust pointers
[2019-04-15T13:49:32.912+0200][455,071s] GC(1233) Phase 3: Adjust pointers 116,507ms
[2019-04-15T13:49:32.912+0200][455,071s] GC(1233) Phase 4: Move objects
[2019-04-15T13:49:32.990+0200][455,149s] GC(1233) Phase 4: Move objects 77,986ms
[2019-04-15T13:49:32.991+0200][455,150s] GC(1233) ParNew: 109248K->21334K(109248K)
[2019-04-15T13:49:32.991+0200][455,150s] GC(1233) CMS: 393209K->392864K(393216K)
[2019-04-15T13:49:32.991+0200][455,150s] GC(1233) Metaspace: 85635K->85635K(1128448K)
[2019-04-15T13:49:32.991+0200][455,150s] GC(1233) Pause Full (Allocation Failure) 490M->404M(490M) 458,091ms
[2019-04-15T13:49:32.991+0200][455,150s] GC(1233) User=0,46s Sys=0,00s Real=0,46s
[2019-04-15T13:49:32.991+0200][455,150s] GC(1230) Old: 354648K->392864K(393216K)
[2019-04-15T13:49:33.163+0200][455,321s] GC(1234) Pause Full (Allocation Failure)
[2019-04-15T13:49:33.163+0200][455,322s] GC(1234) Phase 1: Mark live objects
[2019-04-15T13:49:33.303+0200][455,462s] GC(1234) Phase 1: Mark live objects 140,226ms
[2019-04-15T13:49:33.303+0200][455,462s] GC(1234) Phase 2: Compute new object addresses
[2019-04-15T13:49:33.428+0200][455,587s] GC(1234) Phase 2: Compute new object addresses 124,414ms
[2019-04-15T13:49:33.428+0200][455,587s] GC(1234) Phase 3: Adjust pointers
[2019-04-15T13:49:33.550+0200][455,709s] GC(1234) Phase 3: Adjust pointers 121,964ms
[2019-04-15T13:49:33.550+0200][455,709s] GC(1234) Phase 4: Move objects
[2019-04-15T13:49:33.632+0200][455,791s] GC(1234) Phase 4: Move objects 82,433ms
[2019-04-15T13:49:33.633+0200][455,792s] GC(1234) ParNew: 109247K->41797K(109248K)
[2019-04-15T13:49:33.633+0200][455,792s] GC(1234) CMS: 393215K->393215K(393216K)
[2019-04-15T13:49:33.633+0200][455,792s] GC(1234) Metaspace: 85635K->85635K(1128448K)
[2019-04-15T13:49:33.633+0200][455,792s] GC(1234) Pause Full (Allocation Failure) 490M->424M(490M) 470,280ms
[2019-04-15T13:49:33.633+0200][455,792s] GC(1234) User=0,47s Sys=0,00s Real=0,47s
[2019-04-15T13:49:33.633+0200][455,792s] GC(1235) Pause Initial Mark
[2019-04-15T13:49:33.653+0200][455,812s] GC(1235) Pause Initial Mark 426M->426M(490M) 20,256ms
[2019-04-15T13:49:33.654+0200][455,812s] GC(1235) User=0,02s Sys=0,00s Real=0,02s
[2019-04-15T13:49:33.654+0200][455,812s] GC(1235) Concurrent Mark
[2019-04-15T13:49:33.654+0200][455,813s] GC(1235) Using 4 workers of 4 for marking
[2019-04-15T13:49:33.776+0200][455,935s] GC(1235) Concurrent Mark 122,780ms
[2019-04-15T13:49:33.776+0200][455,935s] GC(1235) User=0,47s Sys=0,00s Real=0,12s
[2019-04-15T13:49:33.776+0200][455,935s] GC(1235) Concurrent Preclean
[2019-04-15T13:49:33.873+0200][456,032s] GC(1236) Pause Full (Allocation Failure)
[2019-04-15T13:49:33.928+0200][456,087s] GC(1235) Concurrent Preclean 151,326ms
[2019-04-15T13:49:33.928+0200][456,087s] GC(1235) User=0,25s Sys=0,00s Real=0,15s
[2019-04-15T13:49:33.928+0200][456,087s] GC(1236) Phase 1: Mark live objects
[2019-04-15T13:49:34.090+0200][456,249s] GC(1236) Phase 1: Mark live objects 161,831ms
[2019-04-15T13:49:34.090+0200][456,249s] GC(1236) Phase 2: Compute new object addresses
[2019-04-15T13:49:34.216+0200][456,375s] GC(1236) Phase 2: Compute new object addresses 126,168ms
[2019-04-15T13:49:34.216+0200][456,375s] GC(1236) Phase 3: Adjust pointers
[2019-04-15T13:49:34.342+0200][456,501s] GC(1236) Phase 3: Adjust pointers 125,921ms
[2019-04-15T13:49:34.342+0200][456,501s] GC(1236) Phase 4: Move objects
[2019-04-15T13:49:34.397+0200][456,556s] GC(1236) Phase 4: Move objects 54,619ms
[2019-04-15T13:49:34.397+0200][456,556s] GC(1236) ParNew: 109245K->53783K(109248K)
[2019-04-15T13:49:34.397+0200][456,556s] GC(1236) CMS: 393215K->393216K(393216K)
[2019-04-15T13:49:34.397+0200][456,556s] GC(1236) Metaspace: 85635K->85635K(1128448K)
[2019-04-15T13:49:34.397+0200][456,556s] GC(1236) Pause Full (Allocation Failure) 490M->436M(490M) 524,051ms
[2019-04-15T13:49:34.397+0200][456,556s] GC(1236) User=0,52s Sys=0,00s Real=0,52s
[2019-04-15T13:49:34.542+0200][456,701s] GC(1237) Pause Full (Allocation Failure)
[2019-04-15T13:49:34.543+0200][456,702s] GC(1237) Phase 1: Mark live objects
[2019-04-15T13:49:34.695+0200][456,854s] GC(1237) Phase 1: Mark live objects 152,226ms
[2019-04-15T13:49:34.695+0200][456,854s] GC(1237) Phase 2: Compute new object addresses
[2019-04-15T13:49:34.819+0200][456,978s] GC(1237) Phase 2: Compute new object addresses 124,051ms
[2019-04-15T13:49:34.819+0200][456,978s] GC(1237) Phase 3: Adjust pointers
[2019-04-15T13:49:34.946+0200][457,105s] GC(1237) Phase 3: Adjust pointers 126,930ms
[2019-04-15T13:49:34.946+0200][457,105s] GC(1237) Phase 4: Move objects
[2019-04-15T13:49:34.956+0200][457,115s] GC(1237) Phase 4: Move objects 10,161ms
[2019-04-15T13:49:34.957+0200][457,116s] GC(1237) ParNew: 109248K->67248K(109248K)
[2019-04-15T13:49:34.957+0200][457,116s] GC(1237) CMS: 393216K->393216K(393216K)
[2019-04-15T13:49:34.957+0200][457,116s] GC(1237) Metaspace: 85635K->85635K(1128448K)
[2019-04-15T13:49:34.957+0200][457,116s] GC(1237) Pause Full (Allocation Failure) 490M->449M(490M) 414,542ms
[2019-04-15T13:49:34.957+0200][457,116s] GC(1237) User=0,41s Sys=0,00s Real=0,42s
[2019-04-15T13:49:34.957+0200][457,116s] GC(1238) Pause Initial Mark
[2019-04-15T13:49:34.990+0200][457,149s] GC(1238) Pause Initial Mark 450M->450M(490M) 32,349ms
[2019-04-15T13:49:34.990+0200][457,149s] GC(1238) User=0,04s Sys=0,00s Real=0,03s
[2019-04-15T13:49:34.990+0200][457,149s] GC(1238) Concurrent Mark
[2019-04-15T13:49:34.990+0200][457,149s] GC(1238) Using 4 workers of 4 for marking
[2019-04-15T13:49:35.113+0200][457,272s] GC(1238) Concurrent Mark 123,207ms
[2019-04-15T13:49:35.113+0200][457,272s] GC(1238) User=0,45s Sys=0,00s Real=0,13s
[2019-04-15T13:49:35.113+0200][457,272s] GC(1238) Concurrent Preclean
[2019-04-15T13:49:35.220+0200][457,379s] GC(1239) Pause Full (Allocation Failure)
[2019-04-15T13:49:35.268+0200][457,427s] GC(1238) Concurrent Preclean 154,540ms
[2019-04-15T13:49:35.268+0200][457,427s] GC(1238) User=0,25s Sys=0,00s Real=0,15s
[2019-04-15T13:49:35.268+0200][457,427s] GC(1239) Phase 1: Mark live objects
[2019-04-15T13:49:35.422+0200][457,581s] GC(1239) Phase 1: Mark live objects 154,529ms
[2019-04-15T13:49:35.422+0200][457,581s] GC(1239) Phase 2: Compute new object addresses
[2019-04-15T13:49:35.548+0200][457,707s] GC(1239) Phase 2: Compute new object addresses 125,315ms
[2019-04-15T13:49:35.548+0200][457,707s] GC(1239) Phase 3: Adjust pointers
[2019-04-15T13:49:35.680+0200][457,839s] GC(1239) Phase 3: Adjust pointers 132,036ms
[2019-04-15T13:49:35.680+0200][457,839s] GC(1239) Phase 4: Move objects
[2019-04-15T13:49:35.740+0200][457,899s] GC(1239) Phase 4: Move objects 60,471ms
[2019-04-15T13:49:35.741+0200][457,900s] GC(1239) ParNew: 109248K->73919K(109248K)
[2019-04-15T13:49:35.741+0200][457,900s] GC(1239) CMS: 393216K->393215K(393216K)
[2019-04-15T13:49:35.741+0200][457,900s] GC(1239) Metaspace: 85635K->85635K(1128448K)
[2019-04-15T13:49:35.741+0200][457,900s] GC(1239) Pause Full (Allocation Failure) 490M->456M(490M) 521,389ms
[2019-04-15T13:49:35.741+0200][457,900s] GC(1239) User=0,52s Sys=0,00s Real=0,52s
[2019-04-15T13:49:35.873+0200][458,031s] GC(1240) Pause Full (Allocation Failure)
[2019-04-15T13:49:35.873+0200][458,032s] GC(1240) Phase 1: Mark live objects
[2019-04-15T13:49:36.029+0200][458,188s] GC(1240) Phase 1: Mark live objects 155,701ms
[2019-04-15T13:49:36.029+0200][458,188s] GC(1240) Phase 2: Compute new object addresses
[2019-04-15T13:49:36.159+0200][458,318s] GC(1240) Phase 2: Compute new object addresses 130,452ms
[2019-04-15T13:49:36.159+0200][458,318s] GC(1240) Phase 3: Adjust pointers
[2019-04-15T13:49:36.293+0200][458,452s] GC(1240) Phase 3: Adjust pointers 134,236ms
[2019-04-15T13:49:36.293+0200][458,452s] GC(1240) Phase 4: Move objects
[2019-04-15T13:49:36.351+0200][458,510s] GC(1240) Phase 4: Move objects 57,095ms
[2019-04-15T13:49:36.351+0200][458,510s] GC(1240) ParNew: 109247K->81040K(109248K)
[2019-04-15T13:49:36.351+0200][458,510s] GC(1240) CMS: 393215K->393215K(393216K)
[2019-04-15T13:49:36.351+0200][458,510s] GC(1240) Metaspace: 85635K->85635K(1128448K)
[2019-04-15T13:49:36.351+0200][458,510s] GC(1240) Pause Full (Allocation Failure) 490M->463M(490M) 478,784ms
[2019-04-15T13:49:36.351+0200][458,510s] GC(1240) User=0,48s Sys=0,00s Real=0,48s
[2019-04-15T13:49:36.352+0200][458,511s] GC(1241) Pause Initial Mark
[2019-04-15T13:49:36.391+0200][458,550s] GC(1241) Pause Initial Mark 464M->464M(490M) 38,935ms
[2019-04-15T13:49:36.391+0200][458,550s] GC(1241) User=0,04s Sys=0,00s Real=0,04s
[2019-04-15T13:49:36.391+0200][458,550s] GC(1241) Concurrent Mark
[2019-04-15T13:49:36.391+0200][458,550s] GC(1241) Using 4 workers of 4 for marking
[2019-04-15T13:49:36.519+0200][458,678s] GC(1241) Concurrent Mark 128,121ms
[2019-04-15T13:49:36.519+0200][458,678s] GC(1241) User=0,50s Sys=0,00s Real=0,13s
[2019-04-15T13:49:36.519+0200][458,678s] GC(1241) Concurrent Preclean
[2019-04-15T13:49:36.573+0200][458,732s] GC(1242) Pause Full (Allocation Failure)
[2019-04-15T13:49:36.651+0200][458,810s] GC(1241) Concurrent Preclean 132,007ms
[2019-04-15T13:49:36.651+0200][458,810s] GC(1241) User=0,18s Sys=0,00s Real=0,13s
[2019-04-15T13:49:36.651+0200][458,810s] GC(1242) Phase 1: Mark live objects
[2019-04-15T13:49:36.810+0200][458,969s] GC(1242) Phase 1: Mark live objects 159,001ms
[2019-04-15T13:49:36.810+0200][458,969s] GC(1242) Phase 2: Compute new object addresses
[2019-04-15T13:49:36.940+0200][459,099s] GC(1242) Phase 2: Compute new object addresses 129,917ms
[2019-04-15T13:49:36.940+0200][459,099s] GC(1242) Phase 3: Adjust pointers
[2019-04-15T13:49:37.086+0200][459,245s] GC(1242) Phase 3: Adjust pointers 145,971ms
[2019-04-15T13:49:37.086+0200][459,245s] GC(1242) Phase 4: Move objects
[2019-04-15T13:49:37.150+0200][459,309s] GC(1242) Phase 4: Move objects 63,575ms
[2019-04-15T13:49:37.151+0200][459,310s] GC(1242) ParNew: 109247K->88728K(109248K)
[2019-04-15T13:49:37.151+0200][459,310s] GC(1242) CMS: 393215K->393216K(393216K)
[2019-04-15T13:49:37.151+0200][459,310s] GC(1242) Metaspace: 85635K->85635K(1128448K)
[2019-04-15T13:49:37.151+0200][459,310s] GC(1242) Pause Full (Allocation Failure) 490M->470M(490M) 577,732ms
[2019-04-15T13:49:37.151+0200][459,310s] GC(1242) User=0,57s Sys=0,00s Real=0,57s
[2019-04-15T13:49:37.258+0200][459,417s] GC(1243) Pause Full (Allocation Failure)
[2019-04-15T13:49:37.259+0200][459,418s] GC(1243) Phase 1: Mark live objects
[2019-04-15T13:49:37.426+0200][459,585s] GC(1243) Phase 1: Mark live objects 166,968ms
[2019-04-15T13:49:37.426+0200][459,585s] GC(1243) Phase 2: Compute new object addresses
[2019-04-15T13:49:37.556+0200][459,715s] GC(1243) Phase 2: Compute new object addresses 130,161ms
[2019-04-15T13:49:37.556+0200][459,715s] GC(1243) Phase 3: Adjust pointers
[2019-04-15T13:49:37.698+0200][459,857s] GC(1243) Phase 3: Adjust pointers 141,618ms
[2019-04-15T13:49:37.698+0200][459,857s] GC(1243) Phase 4: Move objects
[2019-04-15T13:49:37.764+0200][459,923s] GC(1243) Phase 4: Move objects 66,676ms
[2019-04-15T13:49:37.765+0200][459,924s] GC(1243) ParNew: 109248K->94392K(109248K)
[2019-04-15T13:49:37.765+0200][459,924s] GC(1243) CMS: 393216K->393215K(393216K)
[2019-04-15T13:49:37.765+0200][459,924s] GC(1243) Metaspace: 85635K->85635K(1128448K)
[2019-04-15T13:49:37.765+0200][459,924s] GC(1243) Pause Full (Allocation Failure) 490M->476M(490M) 507,138ms
[2019-04-15T13:49:37.765+0200][459,924s] GC(1243) User=0,52s Sys=0,00s Real=0,51s
[2019-04-15T13:49:37.765+0200][459,924s] GC(1244) Pause Initial Mark
[2019-04-15T13:49:37.809+0200][459,968s] GC(1244) Pause Initial Mark 476M->476M(490M) 43,733ms
[2019-04-15T13:49:37.809+0200][459,968s] GC(1244) User=0,05s Sys=0,00s Real=0,04s
[2019-04-15T13:49:37.809+0200][459,968s] GC(1244) Concurrent Mark
[2019-04-15T13:49:37.809+0200][459,968s] GC(1244) Using 4 workers of 4 for marking
[2019-04-15T13:49:37.930+0200][460,089s] GC(1244) Concurrent Mark 121,082ms
[2019-04-15T13:49:37.930+0200][460,089s] GC(1244) User=0,47s Sys=0,00s Real=0,12s
[2019-04-15T13:49:37.930+0200][460,089s] GC(1244) Concurrent Preclean
[2019-04-15T13:49:37.958+0200][460,117s] GC(1245) Pause Full (Allocation Failure)
[2019-04-15T13:49:38.056+0200][460,214s] GC(1244) Concurrent Preclean 125,106ms
[2019-04-15T13:49:38.056+0200][460,214s] GC(1244) User=0,15s Sys=0,00s Real=0,13s
[2019-04-15T13:49:38.056+0200][460,215s] GC(1245) Phase 1: Mark live objects
[2019-04-15T13:49:38.219+0200][460,378s] GC(1245) Phase 1: Mark live objects 163,501ms
[2019-04-15T13:49:38.219+0200][460,378s] GC(1245) Phase 2: Compute new object addresses
[2019-04-15T13:49:38.347+0200][460,506s] GC(1245) Phase 2: Compute new object addresses 127,507ms
[2019-04-15T13:49:38.347+0200][460,506s] GC(1245) Phase 3: Adjust pointers
[2019-04-15T13:49:38.483+0200][460,642s] GC(1245) Phase 3: Adjust pointers 136,234ms
[2019-04-15T13:49:38.483+0200][460,642s] GC(1245) Phase 4: Move objects
[2019-04-15T13:49:38.502+0200][460,661s] GC(1245) Phase 4: Move objects 19,170ms
[2019-04-15T13:49:38.503+0200][460,662s] GC(1245) ParNew: 109248K->97712K(109248K)
[2019-04-15T13:49:38.503+0200][460,662s] GC(1245) CMS: 393215K->393215K(393216K)
[2019-04-15T13:49:38.503+0200][460,662s] GC(1245) Metaspace: 85635K->85635K(1128448K)
[2019-04-15T13:49:38.503+0200][460,662s] GC(1245) Pause Full (Allocation Failure) 490M->479M(490M) 544,680ms
[2019-04-15T13:49:38.503+0200][460,662s] GC(1245) User=0,55s Sys=0,00s Real=0,54s
[2019-04-15T13:49:38.561+0200][460,720s] GC(1246) Pause Full (Allocation Failure)
[2019-04-15T13:49:38.561+0200][460,720s] GC(1246) Phase 1: Mark live objects
[2019-04-15T13:49:38.730+0200][460,889s] GC(1246) Phase 1: Mark live objects 168,884ms
[2019-04-15T13:49:38.730+0200][460,889s] GC(1246) Phase 2: Compute new object addresses
[2019-04-15T13:49:38.860+0200][461,019s] GC(1246) Phase 2: Compute new object addresses 130,068ms
[2019-04-15T13:49:38.860+0200][461,019s] GC(1246) Phase 3: Adjust pointers
[2019-04-15T13:49:38.995+0200][461,154s] GC(1246) Phase 3: Adjust pointers 134,827ms
[2019-04-15T13:49:38.995+0200][461,154s] GC(1246) Phase 4: Move objects
[2019-04-15T13:49:39.000+0200][461,159s] GC(1246) Phase 4: Move objects 5,248ms
[2019-04-15T13:49:39.001+0200][461,160s] GC(1246) ParNew: 109247K->100909K(109248K)
[2019-04-15T13:49:39.001+0200][461,160s] GC(1246) CMS: 393215K->393215K(393216K)
[2019-04-15T13:49:39.001+0200][461,160s] GC(1246) Metaspace: 85635K->85635K(1128448K)
[2019-04-15T13:49:39.001+0200][461,160s] GC(1246) Pause Full (Allocation Failure) 490M->482M(490M) 440,330ms
[2019-04-15T13:49:39.001+0200][461,160s] GC(1246) User=0,44s Sys=0,00s Real=0,44s
[2019-04-15T13:49:39.001+0200][461,160s] GC(1247) Pause Initial Mark
[2019-04-15T13:49:39.051+0200][461,210s] GC(1247) Pause Initial Mark 482M->482M(490M) 49,899ms
[2019-04-15T13:49:39.051+0200][461,210s] GC(1247) User=0,06s Sys=0,00s Real=0,05s
[2019-04-15T13:49:39.051+0200][461,210s] GC(1247) Concurrent Mark
[2019-04-15T13:49:39.051+0200][461,210s] GC(1247) Using 4 workers of 4 for marking
[2019-04-15T13:49:39.144+0200][461,303s] GC(1248) Pause Full (Allocation Failure)
[2019-04-15T13:49:39.168+0200][461,327s] GC(1247) Concurrent Mark 116,804ms
[2019-04-15T13:49:39.168+0200][461,327s] GC(1247) User=0,44s Sys=0,01s Real=0,12s
[2019-04-15T13:49:39.168+0200][461,327s] GC(1248) Phase 1: Mark live objects
[2019-04-15T13:49:39.336+0200][461,495s] GC(1248) Phase 1: Mark live objects 168,047ms
[2019-04-15T13:49:39.336+0200][461,495s] GC(1248) Phase 2: Compute new object addresses
[2019-04-15T13:49:39.467+0200][461,626s] GC(1248) Phase 2: Compute new object addresses 131,045ms
[2019-04-15T13:49:39.467+0200][461,626s] GC(1248) Phase 3: Adjust pointers
[2019-04-15T13:49:39.611+0200][461,770s] GC(1248) Phase 3: Adjust pointers 143,721ms
[2019-04-15T13:49:39.611+0200][461,770s] GC(1248) Phase 4: Move objects
[2019-04-15T13:49:39.680+0200][461,838s] GC(1248) Phase 4: Move objects 68,406ms
[2019-04-15T13:49:39.680+0200][461,839s] GC(1248) ParNew: 109247K->100559K(109248K)
[2019-04-15T13:49:39.680+0200][461,839s] GC(1248) CMS: 393215K->393215K(393216K)
[2019-04-15T13:49:39.680+0200][461,839s] GC(1248) Metaspace: 85635K->85635K(1128448K)
[2019-04-15T13:49:39.680+0200][461,839s] GC(1248) Pause Full (Allocation Failure) 490M->482M(490M) 536,230ms
[2019-04-15T13:49:39.680+0200][461,839s] GC(1248) User=0,60s Sys=0,01s Real=0,54s
[2019-04-15T13:49:39.726+0200][461,885s] GC(1249) Pause Full (Allocation Failure)
[2019-04-15T13:49:39.727+0200][461,886s] GC(1249) Phase 1: Mark live objects
[2019-04-15T13:49:39.890+0200][462,049s] GC(1249) Phase 1: Mark live objects 163,079ms
[2019-04-15T13:49:39.890+0200][462,049s] GC(1249) Phase 2: Compute new object addresses
[2019-04-15T13:49:40.017+0200][462,176s] GC(1249) Phase 2: Compute new object addresses 126,691ms
[2019-04-15T13:49:40.017+0200][462,176s] GC(1249) Phase 3: Adjust pointers
[2019-04-15T13:49:40.163+0200][462,322s] GC(1249) Phase 3: Adjust pointers 146,279ms
[2019-04-15T13:49:40.163+0200][462,322s] GC(1249) Phase 4: Move objects
[2019-04-15T13:49:40.188+0200][462,347s] GC(1249) Phase 4: Move objects 25,186ms
[2019-04-15T13:49:40.189+0200][462,348s] GC(1249) ParNew: 109248K->100690K(109248K)
[2019-04-15T13:49:40.189+0200][462,348s] GC(1249) CMS: 393215K->393215K(393216K)
[2019-04-15T13:49:40.189+0200][462,348s] GC(1249) Metaspace: 85635K->85635K(1128448K)
[2019-04-15T13:49:40.189+0200][462,348s] GC(1249) Pause Full (Allocation Failure) 490M->482M(490M) 462,438ms
[2019-04-15T13:49:40.189+0200][462,348s] GC(1249) User=0,46s Sys=0,00s Real=0,46s
[2019-04-15T13:49:40.189+0200][462,348s] GC(1250) Pause Initial Mark
[2019-04-15T13:49:40.235+0200][462,394s] GC(1250) Pause Initial Mark 482M->482M(490M) 45,699ms
[2019-04-15T13:49:40.235+0200][462,394s] GC(1250) User=0,06s Sys=0,00s Real=0,05s
[2019-04-15T13:49:40.235+0200][462,394s] GC(1250) Concurrent Mark
[2019-04-15T13:49:40.235+0200][462,394s] GC(1250) Using 4 workers of 4 for marking
[2019-04-15T13:49:40.321+0200][462,480s] GC(1251) Pause Full (Allocation Failure)
[2019-04-15T13:49:40.350+0200][462,509s] GC(1250) Concurrent Mark 115,285ms
[2019-04-15T13:49:40.350+0200][462,509s] GC(1250) User=0,44s Sys=0,00s Real=0,11s
[2019-04-15T13:49:40.350+0200][462,509s] GC(1251) Phase 1: Mark live objects
[2019-04-15T13:49:40.514+0200][462,673s] GC(1251) Phase 1: Mark live objects 163,702ms
[2019-04-15T13:49:40.514+0200][462,673s] GC(1251) Phase 2: Compute new object addresses
[2019-04-15T13:49:40.644+0200][462,803s] GC(1251) Phase 2: Compute new object addresses 129,469ms
[2019-04-15T13:49:40.644+0200][462,803s] GC(1251) Phase 3: Adjust pointers
[2019-04-15T13:49:40.777+0200][462,936s] GC(1251) Phase 3: Adjust pointers 132,845ms
[2019-04-15T13:49:40.777+0200][462,936s] GC(1251) Phase 4: Move objects
[2019-04-15T13:49:40.786+0200][462,945s] GC(1251) Phase 4: Move objects 9,102ms
[2019-04-15T13:49:40.786+0200][462,945s] GC(1251) ParNew: 109247K->102989K(109248K)
[2019-04-15T13:49:40.786+0200][462,945s] GC(1251) CMS: 393215K->393215K(393216K)
[2019-04-15T13:49:40.786+0200][462,945s] GC(1251) Metaspace: 85635K->85635K(1128448K)
[2019-04-15T13:49:40.786+0200][462,945s] GC(1251) Pause Full (Allocation Failure) 490M->484M(490M) 465,371ms
[2019-04-15T13:49:40.786+0200][462,945s] GC(1251) User=0,55s Sys=0,00s Real=0,47s
[2019-04-15T13:49:40.818+0200][462,977s] GC(1252) Pause Full (Allocation Failure)
[2019-04-15T13:49:40.818+0200][462,977s] GC(1252) Phase 1: Mark live objects
[2019-04-15T13:49:40.984+0200][463,143s] GC(1252) Phase 1: Mark live objects 165,765ms
[2019-04-15T13:49:40.984+0200][463,143s] GC(1252) Phase 2: Compute new object addresses
[2019-04-15T13:49:41.124+0200][463,283s] GC(1252) Phase 2: Compute new object addresses 140,075ms
[2019-04-15T13:49:41.124+0200][463,283s] GC(1252) Phase 3: Adjust pointers
[2019-04-15T13:49:41.257+0200][463,416s] GC(1252) Phase 3: Adjust pointers 133,043ms
[2019-04-15T13:49:41.257+0200][463,416s] GC(1252) Phase 4: Move objects
[2019-04-15T13:49:41.259+0200][463,418s] GC(1252) Phase 4: Move objects 1,301ms
[2019-04-15T13:49:41.259+0200][463,418s] GC(1252) ParNew: 109247K->104916K(109248K)
[2019-04-15T13:49:41.259+0200][463,418s] GC(1252) CMS: 393215K->393215K(393216K)
[2019-04-15T13:49:41.259+0200][463,418s] GC(1252) Metaspace: 85635K->85635K(1128448K)
[2019-04-15T13:49:41.259+0200][463,418s] GC(1252) Pause Full (Allocation Failure) 490M->486M(490M) 441,342ms
[2019-04-15T13:49:41.259+0200][463,418s] GC(1252) User=0,44s Sys=0,00s Real=0,44s
[2019-04-15T13:49:41.260+0200][463,419s] GC(1253) Pause Initial Mark
[2019-04-15T13:49:41.298+0200][463,457s] GC(1253) Pause Initial Mark 486M->486M(490M) 38,501ms
[2019-04-15T13:49:41.298+0200][463,457s] GC(1253) User=0,05s Sys=0,00s Real=0,04s
[2019-04-15T13:49:41.298+0200][463,457s] GC(1253) Concurrent Mark
[2019-04-15T13:49:41.298+0200][463,457s] GC(1253) Using 4 workers of 4 for marking
[2019-04-15T13:49:41.333+0200][463,492s] GC(1254) Pause Full (Allocation Failure)
[2019-04-15T13:49:41.397+0200][463,556s] GC(1253) Concurrent Mark 99,242ms
[2019-04-15T13:49:41.398+0200][463,556s] GC(1253) User=0,38s Sys=0,00s Real=0,10s
[2019-04-15T13:49:41.398+0200][463,557s] GC(1254) Phase 1: Mark live objects
[2019-04-15T13:49:41.570+0200][463,729s] GC(1254) Phase 1: Mark live objects 171,898ms
[2019-04-15T13:49:41.570+0200][463,729s] GC(1254) Phase 2: Compute new object addresses
[2019-04-15T13:49:41.702+0200][463,861s] GC(1254) Phase 2: Compute new object addresses 132,512ms
[2019-04-15T13:49:41.702+0200][463,861s] GC(1254) Phase 3: Adjust pointers
[2019-04-15T13:49:41.846+0200][464,005s] GC(1254) Phase 3: Adjust pointers 144,179ms
[2019-04-15T13:49:41.846+0200][464,005s] GC(1254) Phase 4: Move objects
[2019-04-15T13:49:41.917+0200][464,076s] GC(1254) Phase 4: Move objects 70,709ms
[2019-04-15T13:49:41.918+0200][464,077s] GC(1254) ParNew: 109247K->106315K(109248K)
[2019-04-15T13:49:41.918+0200][464,077s] GC(1254) CMS: 393215K->393216K(393216K)
[2019-04-15T13:49:41.918+0200][464,077s] GC(1254) Metaspace: 85635K->85635K(1128448K)
[2019-04-15T13:49:41.918+0200][464,077s] GC(1254) Pause Full (Allocation Failure) 490M->487M(490M) 584,907ms
[2019-04-15T13:49:41.918+0200][464,077s] GC(1254) User=0,77s Sys=0,00s Real=0,58s
[2019-04-15T13:49:41.934+0200][464,093s] GC(1255) Pause Full (Allocation Failure)
[2019-04-15T13:49:41.934+0200][464,093s] GC(1255) Phase 1: Mark live objects
[2019-04-15T13:49:42.107+0200][464,266s] GC(1255) Phase 1: Mark live objects 172,720ms
[2019-04-15T13:49:42.107+0200][464,266s] GC(1255) Phase 2: Compute new object addresses
[2019-04-15T13:49:42.237+0200][464,396s] GC(1255) Phase 2: Compute new object addresses 129,961ms
[2019-04-15T13:49:42.237+0200][464,396s] GC(1255) Phase 3: Adjust pointers
[2019-04-15T13:49:42.373+0200][464,532s] GC(1255) Phase 3: Adjust pointers 135,799ms
[2019-04-15T13:49:42.373+0200][464,532s] GC(1255) Phase 4: Move objects
[2019-04-15T13:49:42.375+0200][464,534s] GC(1255) Phase 4: Move objects 2,349ms
[2019-04-15T13:49:42.376+0200][464,535s] GC(1255) ParNew: 109247K->107194K(109248K)
[2019-04-15T13:49:42.376+0200][464,535s] GC(1255) CMS: 393216K->393216K(393216K)
[2019-04-15T13:49:42.376+0200][464,535s] GC(1255) Metaspace: 85635K->85635K(1128448K)
[2019-04-15T13:49:42.376+0200][464,535s] GC(1255) Pause Full (Allocation Failure) 490M->488M(490M) 441,991ms
[2019-04-15T13:49:42.376+0200][464,535s] GC(1255) User=0,44s Sys=0,00s Real=0,44s
[2019-04-15T13:49:42.376+0200][464,535s] GC(1256) Pause Initial Mark
[2019-04-15T13:49:42.415+0200][464,574s] GC(1256) Pause Initial Mark 488M->488M(490M) 38,948ms
[2019-04-15T13:49:42.415+0200][464,574s] GC(1256) User=0,05s Sys=0,00s Real=0,04s
[2019-04-15T13:49:42.415+0200][464,574s] GC(1256) Concurrent Mark
[2019-04-15T13:49:42.415+0200][464,574s] GC(1256) Using 4 workers of 4 for marking
[2019-04-15T13:49:42.434+0200][464,593s] GC(1257) Pause Full (Allocation Failure)
[2019-04-15T13:49:42.511+0200][464,670s] GC(1256) Concurrent Mark 96,309ms
[2019-04-15T13:49:42.511+0200][464,670s] GC(1256) User=0,37s Sys=0,00s Real=0,09s
[2019-04-15T13:49:42.512+0200][464,671s] GC(1257) Phase 1: Mark live objects
[2019-04-15T13:49:42.684+0200][464,843s] GC(1257) Phase 1: Mark live objects 172,514ms
[2019-04-15T13:49:42.684+0200][464,843s] GC(1257) Phase 2: Compute new object addresses
[2019-04-15T13:49:42.815+0200][464,974s] GC(1257) Phase 2: Compute new object addresses 130,936ms
[2019-04-15T13:49:42.815+0200][464,974s] GC(1257) Phase 3: Adjust pointers
[2019-04-15T13:49:42.953+0200][465,112s] GC(1257) Phase 3: Adjust pointers 137,440ms
[2019-04-15T13:49:42.953+0200][465,112s] GC(1257) Phase 4: Move objects
[2019-04-15T13:49:42.957+0200][465,116s] GC(1257) Phase 4: Move objects 4,156ms
[2019-04-15T13:49:42.958+0200][465,116s] GC(1257) ParNew: 109247K->107631K(109248K)
[2019-04-15T13:49:42.958+0200][465,116s] GC(1257) CMS: 393216K->393216K(393216K)
[2019-04-15T13:49:42.958+0200][465,116s] GC(1257) Metaspace: 85635K->85635K(1128448K)
[2019-04-15T13:49:42.958+0200][465,117s] GC(1257) Pause Full (Allocation Failure) 490M->489M(490M) 523,311ms
[2019-04-15T13:49:42.958+0200][465,117s] GC(1257) User=0,74s Sys=0,00s Real=0,52s
[2019-04-15T13:49:42.966+0200][465,125s] GC(1258) Pause Full (Allocation Failure)
[2019-04-15T13:49:42.967+0200][465,125s] GC(1258) Phase 1: Mark live objects
[2019-04-15T13:49:43.140+0200][465,299s] GC(1258) Phase 1: Mark live objects 173,718ms
[2019-04-15T13:49:43.140+0200][465,299s] GC(1258) Phase 2: Compute new object addresses
[2019-04-15T13:49:43.270+0200][465,429s] GC(1258) Phase 2: Compute new object addresses 130,129ms
[2019-04-15T13:49:43.270+0200][465,429s] GC(1258) Phase 3: Adjust pointers
[2019-04-15T13:49:43.406+0200][465,564s] GC(1258) Phase 3: Adjust pointers 135,062ms
[2019-04-15T13:49:43.406+0200][465,565s] GC(1258) Phase 4: Move objects
[2019-04-15T13:49:43.414+0200][465,573s] GC(1258) Phase 4: Move objects 8,652ms
[2019-04-15T13:49:43.415+0200][465,574s] GC(1258) ParNew: 109247K->107843K(109248K)
[2019-04-15T13:49:43.415+0200][465,574s] GC(1258) CMS: 393216K->393216K(393216K)
[2019-04-15T13:49:43.415+0200][465,574s] GC(1258) Metaspace: 85635K->85635K(1128448K)
[2019-04-15T13:49:43.415+0200][465,574s] GC(1258) Pause Full (Allocation Failure) 490M->489M(490M) 448,730ms
[2019-04-15T13:49:43.415+0200][465,574s] GC(1258) User=0,45s Sys=0,00s Real=0,45s
[2019-04-15T13:49:43.415+0200][465,574s] GC(1259) Pause Initial Mark
[2019-04-15T13:49:43.464+0200][465,623s] GC(1259) Pause Initial Mark 489M->489M(490M) 48,697ms
[2019-04-15T13:49:43.464+0200][465,623s] GC(1259) User=0,07s Sys=0,00s Real=0,04s
[2019-04-15T13:49:43.464+0200][465,623s] GC(1259) Concurrent Mark
[2019-04-15T13:49:43.464+0200][465,623s] GC(1259) Using 4 workers of 4 for marking
[2019-04-15T13:49:43.477+0200][465,636s] GC(1260) Pause Full (Allocation Failure)
[2019-04-15T13:49:43.561+0200][465,720s] GC(1259) Concurrent Mark 96,784ms
[2019-04-15T13:49:43.561+0200][465,720s] GC(1259) User=0,37s Sys=0,00s Real=0,10s
[2019-04-15T13:49:43.561+0200][465,720s] GC(1260) Phase 1: Mark live objects
[2019-04-15T13:49:43.732+0200][465,891s] GC(1260) Phase 1: Mark live objects 171,328ms
[2019-04-15T13:49:43.732+0200][465,891s] GC(1260) Phase 2: Compute new object addresses
[2019-04-15T13:49:43.860+0200][466,018s] GC(1260) Phase 2: Compute new object addresses 127,157ms
[2019-04-15T13:49:43.860+0200][466,018s] GC(1260) Phase 3: Adjust pointers
[2019-04-15T13:49:44.006+0200][466,165s] GC(1260) Phase 3: Adjust pointers 146,657ms
[2019-04-15T13:49:44.006+0200][466,165s] GC(1260) Phase 4: Move objects
[2019-04-15T13:49:44.076+0200][466,235s] GC(1260) Phase 4: Move objects 69,499ms
[2019-04-15T13:49:44.077+0200][466,235s] GC(1260) ParNew: 109247K->107202K(109248K)
[2019-04-15T13:49:44.077+0200][466,235s] GC(1260) CMS: 393216K->393215K(393216K)
[2019-04-15T13:49:44.077+0200][466,235s] GC(1260) Metaspace: 85635K->85635K(1128448K)
[2019-04-15T13:49:44.077+0200][466,236s] GC(1260) Pause Full (Allocation Failure) 490M->488M(490M) 599,877ms
[2019-04-15T13:49:44.077+0200][466,236s] GC(1260) User=0,84s Sys=0,00s Real=0,60s
[2019-04-15T13:49:44.088+0200][466,247s] GC(1261) Pause Full (Allocation Failure)
[2019-04-15T13:49:44.088+0200][466,247s] GC(1261) Phase 1: Mark live objects
[2019-04-15T13:49:44.257+0200][466,416s] GC(1261) Phase 1: Mark live objects 168,661ms
[2019-04-15T13:49:44.257+0200][466,416s] GC(1261) Phase 2: Compute new object addresses
[2019-04-15T13:49:44.387+0200][466,546s] GC(1261) Phase 2: Compute new object addresses 130,311ms
[2019-04-15T13:49:44.387+0200][466,546s] GC(1261) Phase 3: Adjust pointers
[2019-04-15T13:49:44.524+0200][466,683s] GC(1261) Phase 3: Adjust pointers 137,394ms
[2019-04-15T13:49:44.524+0200][466,683s] GC(1261) Phase 4: Move objects
[2019-04-15T13:49:44.527+0200][466,686s] GC(1261) Phase 4: Move objects 2,203ms
[2019-04-15T13:49:44.527+0200][466,686s] GC(1261) ParNew: 109247K->107424K(109248K)
[2019-04-15T13:49:44.527+0200][466,686s] GC(1261) CMS: 393215K->393215K(393216K)
[2019-04-15T13:49:44.527+0200][466,686s] GC(1261) Metaspace: 85635K->85635K(1128448K)
[2019-04-15T13:49:44.527+0200][466,686s] GC(1261) Pause Full (Allocation Failure) 490M->488M(490M) 439,759ms
[2019-04-15T13:49:44.527+0200][466,686s] GC(1261) User=0,44s Sys=0,00s Real=0,44s
[2019-04-15T13:49:44.528+0200][466,686s] GC(1262) Pause Initial Mark
[2019-04-15T13:49:44.577+0200][466,736s] GC(1262) Pause Initial Mark 488M->488M(490M) 49,041ms
[2019-04-15T13:49:44.577+0200][466,736s] GC(1262) User=0,06s Sys=0,00s Real=0,05s
[2019-04-15T13:49:44.577+0200][466,736s] GC(1262) Concurrent Mark
[2019-04-15T13:49:44.577+0200][466,736s] GC(1262) Using 4 workers of 4 for marking
[2019-04-15T13:49:44.594+0200][466,753s] GC(1263) Pause Full (Allocation Failure)
[2019-04-15T13:49:44.681+0200][466,840s] GC(1262) Concurrent Mark 104,121ms
[2019-04-15T13:49:44.681+0200][466,840s] GC(1262) User=0,39s Sys=0,01s Real=0,10s
[2019-04-15T13:49:44.681+0200][466,840s] GC(1263) Phase 1: Mark live objects
[2019-04-15T13:49:44.853+0200][467,012s] GC(1263) Phase 1: Mark live objects 171,945ms
[2019-04-15T13:49:44.853+0200][467,012s] GC(1263) Phase 2: Compute new object addresses
[2019-04-15T13:49:44.985+0200][467,144s] GC(1263) Phase 2: Compute new object addresses 132,192ms
[2019-04-15T13:49:44.985+0200][467,144s] GC(1263) Phase 3: Adjust pointers
[2019-04-15T13:49:45.135+0200][467,294s] GC(1263) Phase 3: Adjust pointers 149,217ms
[2019-04-15T13:49:45.135+0200][467,294s] GC(1263) Phase 4: Move objects
[2019-04-15T13:49:45.137+0200][467,296s] GC(1263) Phase 4: Move objects 2,692ms
[2019-04-15T13:49:45.138+0200][467,297s] GC(1263) ParNew: 109247K->107655K(109248K)
[2019-04-15T13:49:45.138+0200][467,297s] GC(1263) CMS: 393215K->393215K(393216K)
[2019-04-15T13:49:45.138+0200][467,297s] GC(1263) Metaspace: 85635K->85635K(1128448K)
[2019-04-15T13:49:45.138+0200][467,297s] GC(1263) Pause Full (Allocation Failure) 490M->489M(490M) 543,751ms
[2019-04-15T13:49:45.138+0200][467,297s] GC(1263) User=0,78s Sys=0,00s Real=0,54s
[2019-04-15T13:49:45.148+0200][467,307s] GC(1264) Pause Full (Allocation Failure)
[2019-04-15T13:49:45.148+0200][467,307s] GC(1264) Phase 1: Mark live objects
[2019-04-15T13:49:45.317+0200][467,476s] GC(1264) Phase 1: Mark live objects 169,488ms
[2019-04-15T13:49:45.317+0200][467,476s] GC(1264) Phase 2: Compute new object addresses
[2019-04-15T13:49:45.450+0200][467,609s] GC(1264) Phase 2: Compute new object addresses 132,500ms
[2019-04-15T13:49:45.450+0200][467,609s] GC(1264) Phase 3: Adjust pointers
[2019-04-15T13:49:45.595+0200][467,754s] GC(1264) Phase 3: Adjust pointers 144,610ms
[2019-04-15T13:49:45.595+0200][467,754s] GC(1264) Phase 4: Move objects
[2019-04-15T13:49:45.667+0200][467,826s] GC(1264) Phase 4: Move objects 72,025ms
[2019-04-15T13:49:45.667+0200][467,826s] GC(1264) ParNew: 109247K->107369K(109248K)
[2019-04-15T13:49:45.667+0200][467,826s] GC(1264) CMS: 393215K->393215K(393216K)
[2019-04-15T13:49:45.667+0200][467,826s] GC(1264) Metaspace: 85635K->85635K(1128448K)
[2019-04-15T13:49:45.667+0200][467,826s] GC(1264) Pause Full (Allocation Failure) 490M->488M(490M) 519,824ms
[2019-04-15T13:49:45.667+0200][467,826s] GC(1264) User=0,52s Sys=0,00s Real=0,52s
[2019-04-15T13:49:45.668+0200][467,827s] GC(1265) Pause Initial Mark
[2019-04-15T13:49:45.706+0200][467,865s] GC(1265) Pause Initial Mark 488M->488M(490M) 38,103ms
[2019-04-15T13:49:45.706+0200][467,865s] GC(1265) User=0,04s Sys=0,00s Real=0,04s
[2019-04-15T13:49:45.706+0200][467,865s] GC(1265) Concurrent Mark
[2019-04-15T13:49:45.706+0200][467,865s] GC(1265) Using 4 workers of 4 for marking
[2019-04-15T13:49:45.734+0200][467,893s] GC(1266) Pause Full (Allocation Failure)
[2019-04-15T13:49:45.802+0200][467,961s] GC(1265) Concurrent Mark 96,483ms
[2019-04-15T13:49:45.802+0200][467,961s] GC(1265) User=0,38s Sys=0,00s Real=0,09s
[2019-04-15T13:49:45.803+0200][467,962s] GC(1266) Phase 1: Mark live objects
[2019-04-15T13:49:45.969+0200][468,128s] GC(1266) Phase 1: Mark live objects 166,535ms
[2019-04-15T13:49:45.969+0200][468,128s] GC(1266) Phase 2: Compute new object addresses
[2019-04-15T13:49:46.101+0200][468,260s] GC(1266) Phase 2: Compute new object addresses 132,273ms
[2019-04-15T13:49:46.102+0200][468,260s] GC(1266) Phase 3: Adjust pointers
[2019-04-15T13:49:46.237+0200][468,396s] GC(1266) Phase 3: Adjust pointers 135,130ms
[2019-04-15T13:49:46.237+0200][468,396s] GC(1266) Phase 4: Move objects
[2019-04-15T13:49:46.237+0200][468,396s] GC(1266) Phase 4: Move objects 0,191ms
[2019-04-15T13:49:46.237+0200][468,396s] GC(1266) ParNew: 109247K->107592K(109248K)
[2019-04-15T13:49:46.237+0200][468,396s] GC(1266) CMS: 393216K->393216K(393216K)
[2019-04-15T13:49:46.237+0200][468,396s] GC(1266) Metaspace: 85635K->85635K(1128448K)
[2019-04-15T13:49:46.237+0200][468,396s] GC(1266) Pause Full (Allocation Failure) 490M->489M(490M) 503,318ms
[2019-04-15T13:49:46.237+0200][468,396s] GC(1266) User=0,70s Sys=0,00s Real=0,50s
[2019-04-15T13:49:46.247+0200][468,406s] GC(1267) Pause Full (Allocation Failure)
[2019-04-15T13:49:46.247+0200][468,406s] GC(1267) Phase 1: Mark live objects
[2019-04-15T13:49:46.415+0200][468,574s] GC(1267) Phase 1: Mark live objects 168,127ms
[2019-04-15T13:49:46.415+0200][468,574s] GC(1267) Phase 2: Compute new object addresses
[2019-04-15T13:49:46.545+0200][468,704s] GC(1267) Phase 2: Compute new object addresses 129,713ms
[2019-04-15T13:49:46.545+0200][468,704s] GC(1267) Phase 3: Adjust pointers
[2019-04-15T13:49:46.681+0200][468,840s] GC(1267) Phase 3: Adjust pointers 136,097ms
[2019-04-15T13:49:46.681+0200][468,840s] GC(1267) Phase 4: Move objects
[2019-04-15T13:49:46.684+0200][468,842s] GC(1267) Phase 4: Move objects 2,268ms
[2019-04-15T13:49:46.684+0200][468,843s] GC(1267) ParNew: 109247K->108082K(109248K)
[2019-04-15T13:49:46.684+0200][468,843s] GC(1267) CMS: 393216K->393215K(393216K)
[2019-04-15T13:49:46.684+0200][468,843s] GC(1267) Metaspace: 85635K->85635K(1128448K)
[2019-04-15T13:49:46.684+0200][468,843s] GC(1267) Pause Full (Allocation Failure) 490M->489M(490M) 437,365ms
[2019-04-15T13:49:46.684+0200][468,843s] GC(1267) User=0,44s Sys=0,00s Real=0,43s
[2019-04-15T13:49:46.684+0200][468,843s] GC(1268) Pause Initial Mark
[2019-04-15T13:49:46.736+0200][468,895s] GC(1268) Pause Initial Mark 489M->489M(490M) 51,460ms
[2019-04-15T13:49:46.736+0200][468,895s] GC(1268) User=0,07s Sys=0,00s Real=0,06s
[2019-04-15T13:49:46.736+0200][468,895s] GC(1268) Concurrent Mark
[2019-04-15T13:49:46.736+0200][468,895s] GC(1268) Using 4 workers of 4 for marking
[2019-04-15T13:49:46.760+0200][468,919s] GC(1269) Pause Full (Allocation Failure)
[2019-04-15T13:49:46.834+0200][468,993s] GC(1268) Concurrent Mark 97,780ms
[2019-04-15T13:49:46.834+0200][468,993s] GC(1268) User=0,37s Sys=0,00s Real=0,10s
[2019-04-15T13:49:46.834+0200][468,993s] GC(1269) Phase 1: Mark live objects
[2019-04-15T13:49:47.004+0200][469,163s] GC(1269) Phase 1: Mark live objects 169,617ms
[2019-04-15T13:49:47.004+0200][469,163s] GC(1269) Phase 2: Compute new object addresses
[2019-04-15T13:49:47.139+0200][469,298s] GC(1269) Phase 2: Compute new object addresses 135,369ms
[2019-04-15T13:49:47.139+0200][469,298s] GC(1269) Phase 3: Adjust pointers
[2019-04-15T13:49:47.275+0200][469,434s] GC(1269) Phase 3: Adjust pointers 136,046ms
[2019-04-15T13:49:47.275+0200][469,434s] GC(1269) Phase 4: Move objects
[2019-04-15T13:49:47.276+0200][469,435s] GC(1269) Phase 4: Move objects 0,463ms
[2019-04-15T13:49:47.276+0200][469,435s] GC(1269) ParNew: 109247K->108441K(109248K)
[2019-04-15T13:49:47.276+0200][469,435s] GC(1269) CMS: 393216K->393216K(393216K)
[2019-04-15T13:49:47.276+0200][469,435s] GC(1269) Metaspace: 85635K->85635K(1128448K)
[2019-04-15T13:49:47.276+0200][469,435s] GC(1269) Pause Full (Allocation Failure) 490M->489M(490M) 516,247ms
[2019-04-15T13:49:47.276+0200][469,435s] GC(1269) User=0,71s Sys=0,00s Real=0,52s
[2019-04-15T13:49:47.282+0200][469,440s] GC(1270) Pause Full (Allocation Failure)
[2019-04-15T13:49:47.282+0200][469,441s] GC(1270) Phase 1: Mark live objects
[2019-04-15T13:49:47.455+0200][469,613s] GC(1270) Phase 1: Mark live objects 172,516ms
[2019-04-15T13:49:47.455+0200][469,613s] GC(1270) Phase 2: Compute new object addresses
[2019-04-15T13:49:47.587+0200][469,746s] GC(1270) Phase 2: Compute new object addresses 132,363ms
[2019-04-15T13:49:47.587+0200][469,746s] GC(1270) Phase 3: Adjust pointers
[2019-04-15T13:49:47.736+0200][469,895s] GC(1270) Phase 3: Adjust pointers 149,271ms
[2019-04-15T13:49:47.736+0200][469,895s] GC(1270) Phase 4: Move objects
[2019-04-15T13:49:47.835+0200][469,994s] GC(1270) Phase 4: Move objects 98,808ms
[2019-04-15T13:49:47.836+0200][469,995s] GC(1270) ParNew: 109247K->108682K(109248K)
[2019-04-15T13:49:47.836+0200][469,995s] GC(1270) CMS: 393216K->393215K(393216K)
[2019-04-15T13:49:47.836+0200][469,995s] GC(1270) Metaspace: 85635K->85635K(1128448K)
[2019-04-15T13:49:47.836+0200][469,995s] GC(1270) Pause Full (Allocation Failure) 490M->490M(490M) 554,239ms
[2019-04-15T13:49:47.836+0200][469,995s] GC(1270) User=0,55s Sys=0,00s Real=0,56s
[2019-04-15T13:49:47.836+0200][469,995s] GC(1271) Pause Initial Mark
[2019-04-15T13:49:47.875+0200][470,034s] GC(1271) Pause Initial Mark 490M->490M(490M) 39,261ms
[2019-04-15T13:49:47.875+0200][470,034s] GC(1271) User=0,05s Sys=0,00s Real=0,04s
[2019-04-15T13:49:47.875+0200][470,034s] GC(1271) Concurrent Mark
[2019-04-15T13:49:47.875+0200][470,034s] GC(1271) Using 4 workers of 4 for marking
[2019-04-15T13:49:47.880+0200][470,039s] GC(1272) Pause Full (Allocation Failure)
[2019-04-15T13:49:47.969+0200][470,128s] GC(1271) Concurrent Mark 93,411ms
[2019-04-15T13:49:47.969+0200][470,128s] GC(1271) User=0,35s Sys=0,01s Real=0,09s
[2019-04-15T13:49:47.969+0200][470,128s] GC(1272) Phase 1: Mark live objects
[2019-04-15T13:49:48.145+0200][470,303s] GC(1272) Phase 1: Mark live objects 175,426ms
[2019-04-15T13:49:48.145+0200][470,303s] GC(1272) Phase 2: Compute new object addresses
[2019-04-15T13:49:48.276+0200][470,435s] GC(1272) Phase 2: Compute new object addresses 131,715ms
[2019-04-15T13:49:48.276+0200][470,435s] GC(1272) Phase 3: Adjust pointers
[2019-04-15T13:49:48.414+0200][470,573s] GC(1272) Phase 3: Adjust pointers 137,457ms
[2019-04-15T13:49:48.414+0200][470,573s] GC(1272) Phase 4: Move objects
[2019-04-15T13:49:48.414+0200][470,573s] GC(1272) Phase 4: Move objects 0,436ms
[2019-04-15T13:49:48.415+0200][470,574s] GC(1272) ParNew: 109178K->108830K(109248K)
[2019-04-15T13:49:48.415+0200][470,574s] GC(1272) CMS: 393215K->393215K(393216K)
[2019-04-15T13:49:48.415+0200][470,574s] GC(1272) Metaspace: 85635K->85635K(1128448K)
[2019-04-15T13:49:48.415+0200][470,574s] GC(1272) Pause Full (Allocation Failure) 490M->490M(490M) 535,025ms
[2019-04-15T13:49:48.415+0200][470,574s] GC(1272) User=0,78s Sys=0,01s Real=0,54s
[2019-04-15T13:49:48.417+0200][470,576s] GC(1273) Pause Full (Allocation Failure)
[2019-04-15T13:49:48.417+0200][470,576s] GC(1273) Phase 1: Mark live objects
[2019-04-15T13:49:48.590+0200][470,749s] GC(1273) Phase 1: Mark live objects 172,826ms
[2019-04-15T13:49:48.590+0200][470,749s] GC(1273) Phase 2: Compute new object addresses
[2019-04-15T13:49:48.720+0200][470,879s] GC(1273) Phase 2: Compute new object addresses 130,487ms
[2019-04-15T13:49:48.721+0200][470,879s] GC(1273) Phase 3: Adjust pointers
[2019-04-15T13:49:48.855+0200][471,014s] GC(1273) Phase 3: Adjust pointers 134,898ms
[2019-04-15T13:49:48.855+0200][471,014s] GC(1273) Phase 4: Move objects
[2019-04-15T13:49:48.856+0200][471,015s] GC(1273) Phase 4: Move objects 0,229ms
[2019-04-15T13:49:48.856+0200][471,015s] GC(1273) ParNew: 109247K->108980K(109248K)
[2019-04-15T13:49:48.856+0200][471,015s] GC(1273) CMS: 393215K->393215K(393216K)
[2019-04-15T13:49:48.856+0200][471,015s] GC(1273) Metaspace: 85635K->85635K(1128448K)
[2019-04-15T13:49:48.856+0200][471,015s] GC(1273) Pause Full (Allocation Failure) 490M->490M(490M) 439,550ms
[2019-04-15T13:49:48.856+0200][471,015s] GC(1273) User=0,44s Sys=0,00s Real=0,44s
[2019-04-15T13:49:48.857+0200][471,015s] GC(1274) Pause Initial Mark
[2019-04-15T13:49:48.905+0200][471,064s] GC(1274) Pause Initial Mark 490M->490M(490M) 48,775ms
[2019-04-15T13:49:48.905+0200][471,064s] GC(1274) User=0,07s Sys=0,00s Real=0,05s
[2019-04-15T13:49:48.905+0200][471,064s] GC(1274) Concurrent Mark
[2019-04-15T13:49:48.905+0200][471,064s] GC(1274) Using 4 workers of 4 for marking
[2019-04-15T13:49:48.908+0200][471,067s] GC(1275) Pause Full (Allocation Failure)
[2019-04-15T13:49:48.999+0200][471,158s] GC(1274) Concurrent Mark 93,836ms
[2019-04-15T13:49:48.999+0200][471,158s] GC(1274) User=0,36s Sys=0,00s Real=0,09s
[2019-04-15T13:49:49.000+0200][471,158s] GC(1275) Phase 1: Mark live objects
[2019-04-15T13:49:49.174+0200][471,333s] GC(1275) Phase 1: Mark live objects 174,244ms
[2019-04-15T13:49:49.174+0200][471,333s] GC(1275) Phase 2: Compute new object addresses
[2019-04-15T13:49:49.305+0200][471,463s] GC(1275) Phase 2: Compute new object addresses 130,721ms
[2019-04-15T13:49:49.305+0200][471,463s] GC(1275) Phase 3: Adjust pointers
[2019-04-15T13:49:49.440+0200][471,599s] GC(1275) Phase 3: Adjust pointers 135,706ms
[2019-04-15T13:49:49.440+0200][471,599s] GC(1275) Phase 4: Move objects
[2019-04-15T13:49:49.441+0200][471,600s] GC(1275) Phase 4: Move objects 0,597ms
[2019-04-15T13:49:49.442+0200][471,601s] GC(1275) ParNew: 109247K->109059K(109248K)
[2019-04-15T13:49:49.442+0200][471,601s] GC(1275) CMS: 393216K->393216K(393216K)
[2019-04-15T13:49:49.442+0200][471,601s] GC(1275) Metaspace: 85635K->85635K(1128448K)
[2019-04-15T13:49:49.442+0200][471,601s] GC(1275) Pause Full (Allocation Failure) 490M->490M(490M) 534,157ms
[2019-04-15T13:49:49.442+0200][471,601s] GC(1275) User=0,79s Sys=0,00s Real=0,53s
[2019-04-15T13:49:49.444+0200][471,603s] GC(1276) Pause Full (Allocation Failure)
[2019-04-15T13:49:49.444+0200][471,603s] GC(1276) Phase 1: Mark live objects
[2019-04-15T13:49:49.617+0200][471,776s] GC(1276) Phase 1: Mark live objects 173,180ms
[2019-04-15T13:49:49.617+0200][471,776s] GC(1276) Phase 2: Compute new object addresses
[2019-04-15T13:49:49.746+0200][471,905s] GC(1276) Phase 2: Compute new object addresses 129,265ms
[2019-04-15T13:49:49.747+0200][471,905s] GC(1276) Phase 3: Adjust pointers
[2019-04-15T13:49:49.885+0200][472,044s] GC(1276) Phase 3: Adjust pointers 138,909ms
[2019-04-15T13:49:49.885+0200][472,044s] GC(1276) Phase 4: Move objects
[2019-04-15T13:49:49.913+0200][472,072s] GC(1276) Phase 4: Move objects 27,934ms
[2019-04-15T13:49:49.914+0200][472,073s] GC(1276) ParNew: 109247K->109111K(109248K)
[2019-04-15T13:49:49.914+0200][472,073s] GC(1276) CMS: 393216K->393216K(393216K)
[2019-04-15T13:49:49.914+0200][472,073s] GC(1276) Metaspace: 85635K->85635K(1128448K)
[2019-04-15T13:49:49.914+0200][472,073s] GC(1276) Pause Full (Allocation Failure) 490M->490M(490M) 470,475ms
[2019-04-15T13:49:49.914+0200][472,073s] GC(1276) User=0,47s Sys=0,00s Real=0,48s
[2019-04-15T13:49:49.914+0200][472,073s] GC(1277) Pause Initial Mark
[2019-04-15T13:49:49.953+0200][472,111s] GC(1277) Pause Initial Mark 490M->490M(490M) 38,172ms
[2019-04-15T13:49:49.953+0200][472,111s] GC(1277) User=0,05s Sys=0,00s Real=0,03s
[2019-04-15T13:49:49.953+0200][472,112s] GC(1277) Concurrent Mark
[2019-04-15T13:49:49.953+0200][472,112s] GC(1277) Using 4 workers of 4 for marking
[2019-04-15T13:49:49.954+0200][472,113s] GC(1278) Pause Full (Allocation Failure)
[2019-04-15T13:49:50.050+0200][472,208s] GC(1277) Concurrent Mark 96,942ms
[2019-04-15T13:49:50.050+0200][472,209s] GC(1277) User=0,35s Sys=0,00s Real=0,10s
[2019-04-15T13:49:50.050+0200][472,209s] GC(1278) Phase 1: Mark live objects
[2019-04-15T13:49:50.227+0200][472,386s] GC(1278) Phase 1: Mark live objects 177,147ms
[2019-04-15T13:49:50.227+0200][472,386s] GC(1278) Phase 2: Compute new object addresses
[2019-04-15T13:49:50.358+0200][472,517s] GC(1278) Phase 2: Compute new object addresses 131,068ms
[2019-04-15T13:49:50.358+0200][472,517s] GC(1278) Phase 3: Adjust pointers
[2019-04-15T13:49:50.494+0200][472,653s] GC(1278) Phase 3: Adjust pointers 136,186ms
[2019-04-15T13:49:50.494+0200][472,653s] GC(1278) Phase 4: Move objects
[2019-04-15T13:49:50.494+0200][472,653s] GC(1278) Phase 4: Move objects 0,146ms
[2019-04-15T13:49:50.495+0200][472,654s] GC(1278) ParNew: 109247K->109151K(109248K)
[2019-04-15T13:49:50.495+0200][472,654s] GC(1278) CMS: 393216K->393216K(393216K)
[2019-04-15T13:49:50.495+0200][472,654s] GC(1278) Metaspace: 85635K->85635K(1128448K)
[2019-04-15T13:49:50.495+0200][472,654s] GC(1278) Pause Full (Allocation Failure) 490M->490M(490M) 540,800ms
[2019-04-15T13:49:50.495+0200][472,654s] GC(1278) User=0,78s Sys=0,00s Real=0,54s
[2019-04-15T13:49:50.496+0200][472,655s] GC(1279) Pause Full (Allocation Failure)
[2019-04-15T13:49:50.496+0200][472,655s] GC(1279) Phase 1: Mark live objects
[2019-04-15T13:49:50.669+0200][472,828s] GC(1279) Phase 1: Mark live objects 172,572ms
[2019-04-15T13:49:50.669+0200][472,828s] GC(1279) Phase 2: Compute new object addresses
[2019-04-15T13:49:50.804+0200][472,963s] GC(1279) Phase 2: Compute new object addresses 135,490ms
[2019-04-15T13:49:50.804+0200][472,963s] GC(1279) Phase 3: Adjust pointers
[2019-04-15T13:49:50.940+0200][473,099s] GC(1279) Phase 3: Adjust pointers 135,278ms
[2019-04-15T13:49:50.940+0200][473,099s] GC(1279) Phase 4: Move objects
[2019-04-15T13:49:50.940+0200][473,099s] GC(1279) Phase 4: Move objects 0,036ms
[2019-04-15T13:49:50.940+0200][473,099s] GC(1279) ParNew: 109247K->109180K(109248K)
[2019-04-15T13:49:50.940+0200][473,099s] GC(1279) CMS: 393216K->393216K(393216K)
[2019-04-15T13:49:50.940+0200][473,099s] GC(1279) Metaspace: 85635K->85635K(1128448K)
[2019-04-15T13:49:50.940+0200][473,099s] GC(1279) Pause Full (Allocation Failure) 490M->490M(490M) 444,662ms
[2019-04-15T13:49:50.941+0200][473,099s] GC(1279) User=0,45s Sys=0,00s Real=0,44s
[2019-04-15T13:49:50.941+0200][473,100s] GC(1280) Pause Initial Mark
[2019-04-15T13:49:50.979+0200][473,138s] GC(1280) Pause Initial Mark 490M->490M(490M) 38,347ms
[2019-04-15T13:49:50.979+0200][473,138s] GC(1280) User=0,05s Sys=0,00s Real=0,04s
[2019-04-15T13:49:50.979+0200][473,138s] GC(1280) Concurrent Mark
[2019-04-15T13:49:50.979+0200][473,138s] GC(1280) Using 4 workers of 4 for marking
[2019-04-15T13:49:50.983+0200][473,142s] GC(1281) Pause Full (Allocation Failure)
[2019-04-15T13:49:51.073+0200][473,232s] GC(1280) Concurrent Mark 93,483ms
[2019-04-15T13:49:51.073+0200][473,232s] GC(1280) User=0,34s Sys=0,00s Real=0,10s
[2019-04-15T13:49:51.073+0200][473,232s] GC(1281) Phase 1: Mark live objects
[2019-04-15T13:49:51.240+0200][473,399s] GC(1281) Phase 1: Mark live objects 166,534ms
[2019-04-15T13:49:51.240+0200][473,399s] GC(1281) Phase 2: Compute new object addresses
[2019-04-15T13:49:51.368+0200][473,527s] GC(1281) Phase 2: Compute new object addresses 127,888ms
[2019-04-15T13:49:51.368+0200][473,527s] GC(1281) Phase 3: Adjust pointers
[2019-04-15T13:49:51.502+0200][473,661s] GC(1281) Phase 3: Adjust pointers 134,369ms
[2019-04-15T13:49:51.502+0200][473,661s] GC(1281) Phase 4: Move objects
[2019-04-15T13:49:51.502+0200][473,661s] GC(1281) Phase 4: Move objects 0,084ms
[2019-04-15T13:49:51.503+0200][473,662s] GC(1281) ParNew: 109247K->109199K(109248K)
[2019-04-15T13:49:51.503+0200][473,662s] GC(1281) CMS: 393216K->393216K(393216K)
[2019-04-15T13:49:51.503+0200][473,662s] GC(1281) Metaspace: 85635K->85635K(1128448K)
[2019-04-15T13:49:51.503+0200][473,662s] GC(1281) Pause Full (Allocation Failure) 490M->490M(490M) 520,053ms
[2019-04-15T13:49:51.503+0200][473,662s] GC(1281) User=0,76s Sys=0,00s Real=0,52s
[2019-04-15T13:49:51.503+0200][473,662s] GC(1282) Pause Full (Allocation Failure)
[2019-04-15T13:49:51.504+0200][473,663s] GC(1282) Phase 1: Mark live objects
[2019-04-15T13:49:51.674+0200][473,833s] GC(1282) Phase 1: Mark live objects 169,981ms
[2019-04-15T13:49:51.674+0200][473,833s] GC(1282) Phase 2: Compute new object addresses
[2019-04-15T13:49:51.801+0200][473,960s] GC(1282) Phase 2: Compute new object addresses 127,365ms
[2019-04-15T13:49:51.801+0200][473,960s] GC(1282) Phase 3: Adjust pointers
[2019-04-15T13:49:51.936+0200][474,094s] GC(1282) Phase 3: Adjust pointers 134,488ms
[2019-04-15T13:49:51.936+0200][474,095s] GC(1282) Phase 4: Move objects
[2019-04-15T13:49:51.946+0200][474,105s] GC(1282) Phase 4: Move objects 10,727ms
[2019-04-15T13:49:51.947+0200][474,106s] GC(1282) ParNew: 109247K->109212K(109248K)
[2019-04-15T13:49:51.947+0200][474,106s] GC(1282) CMS: 393216K->393216K(393216K)
[2019-04-15T13:49:51.947+0200][474,106s] GC(1282) Metaspace: 85635K->85635K(1128448K)
[2019-04-15T13:49:51.947+0200][474,106s] GC(1282) Pause Full (Allocation Failure) 490M->490M(490M) 443,761ms
[2019-04-15T13:49:51.947+0200][474,106s] GC(1282) User=0,44s Sys=0,00s Real=0,45s
[2019-04-15T13:49:51.947+0200][474,106s] GC(1283) Pause Initial Mark
[2019-04-15T13:49:51.985+0200][474,144s] GC(1283) Pause Initial Mark 490M->490M(490M) 38,182ms
[2019-04-15T13:49:51.985+0200][474,144s] GC(1283) User=0,05s Sys=0,00s Real=0,04s
[2019-04-15T13:49:51.985+0200][474,144s] GC(1283) Concurrent Mark
[2019-04-15T13:49:51.986+0200][474,144s] GC(1283) Using 4 workers of 4 for marking
[2019-04-15T13:49:51.986+0200][474,145s] GC(1284) Pause Full (Allocation Failure)
[2019-04-15T13:49:52.100+0200][474,259s] GC(1283) Concurrent Mark 114,938ms
[2019-04-15T13:49:52.100+0200][474,259s] GC(1283) User=0,33s Sys=0,00s Real=0,11s
[2019-04-15T13:49:52.101+0200][474,260s] GC(1284) Phase 1: Mark live objects
[2019-04-15T13:49:52.272+0200][474,431s] GC(1284) Phase 1: Mark live objects 171,260ms
[2019-04-15T13:49:52.272+0200][474,431s] GC(1284) Phase 2: Compute new object addresses
[2019-04-15T13:49:52.403+0200][474,562s] GC(1284) Phase 2: Compute new object addresses 130,679ms
[2019-04-15T13:49:52.403+0200][474,562s] GC(1284) Phase 3: Adjust pointers
[2019-04-15T13:49:52.540+0200][474,699s] GC(1284) Phase 3: Adjust pointers 137,117ms
[2019-04-15T13:49:52.540+0200][474,699s] GC(1284) Phase 4: Move objects
[2019-04-15T13:49:52.540+0200][474,699s] GC(1284) Phase 4: Move objects 0,047ms
[2019-04-15T13:49:52.540+0200][474,699s] GC(1284) ParNew: 109247K->109220K(109248K)
[2019-04-15T13:49:52.540+0200][474,699s] GC(1284) CMS: 393216K->393216K(393216K)
[2019-04-15T13:49:52.540+0200][474,699s] GC(1284) Metaspace: 85635K->85635K(1128448K)
[2019-04-15T13:49:52.541+0200][474,699s] GC(1284) Pause Full (Allocation Failure) 490M->490M(490M) 554,591ms
[2019-04-15T13:49:52.541+0200][474,699s] GC(1284) User=0,77s Sys=0,00s Real=0,55s
[2019-04-15T13:49:52.541+0200][474,700s] GC(1285) Pause Full (Allocation Failure)
[2019-04-15T13:49:52.541+0200][474,700s] GC(1285) Phase 1: Mark live objects
[2019-04-15T13:49:52.707+0200][474,866s] GC(1285) Phase 1: Mark live objects 165,746ms
[2019-04-15T13:49:52.707+0200][474,866s] GC(1285) Phase 2: Compute new object addresses
[2019-04-15T13:49:52.834+0200][474,993s] GC(1285) Phase 2: Compute new object addresses 127,239ms
[2019-04-15T13:49:52.834+0200][474,993s] GC(1285) Phase 3: Adjust pointers
[2019-04-15T13:49:52.974+0200][475,133s] GC(1285) Phase 3: Adjust pointers 139,513ms
[2019-04-15T13:49:52.974+0200][475,133s] GC(1285) Phase 4: Move objects
[2019-04-15T13:49:53.043+0200][475,202s] GC(1285) Phase 4: Move objects 68,857ms
[2019-04-15T13:49:53.043+0200][475,202s] GC(1285) ParNew: 109247K->95754K(109248K)
[2019-04-15T13:49:53.043+0200][475,202s] GC(1285) CMS: 393216K->393215K(393216K)
[2019-04-15T13:49:53.044+0200][475,202s] GC(1285) Metaspace: 85635K->85635K(1128448K)
[2019-04-15T13:49:53.044+0200][475,202s] GC(1285) Pause Full (Allocation Failure) 490M->477M(490M) 502,587ms
[2019-04-15T13:49:53.044+0200][475,202s] GC(1285) User=0,51s Sys=0,00s Real=0,50s
[2019-04-15T13:49:53.044+0200][475,203s] GC(1286) Pause Initial Mark
[2019-04-15T13:49:53.081+0200][475,240s] GC(1286) Pause Initial Mark 477M->477M(490M) 36,960ms
[2019-04-15T13:49:53.081+0200][475,240s] GC(1286) User=0,04s Sys=0,00s Real=0,04s
[2019-04-15T13:49:53.081+0200][475,240s] GC(1286) Concurrent Mark
[2019-04-15T13:49:53.081+0200][475,240s] GC(1286) Using 4 workers of 4 for marking
[2019-04-15T13:49:53.157+0200][475,316s] GC(1286) Concurrent Mark 76,522ms
[2019-04-15T13:49:53.157+0200][475,316s] GC(1286) User=0,30s Sys=0,00s Real=0,08s
[2019-04-15T13:49:53.157+0200][475,316s] GC(1286) Concurrent Preclean
[2019-04-15T13:49:53.213+0200][475,372s] GC(1287) Pause Full (Allocation Failure)
[2019-04-15T13:49:53.281+0200][475,440s] GC(1286) Concurrent Preclean 123,223ms
[2019-04-15T13:49:53.281+0200][475,440s] GC(1286) User=0,17s Sys=0,01s Real=0,12s
[2019-04-15T13:49:53.281+0200][475,440s] GC(1287) Phase 1: Mark live objects
[2019-04-15T13:49:53.447+0200][475,606s] GC(1287) Phase 1: Mark live objects 166,540ms
[2019-04-15T13:49:53.447+0200][475,606s] GC(1287) Phase 2: Compute new object addresses
[2019-04-15T13:49:53.575+0200][475,734s] GC(1287) Phase 2: Compute new object addresses 127,176ms
[2019-04-15T13:49:53.575+0200][475,734s] GC(1287) Phase 3: Adjust pointers
[2019-04-15T13:49:53.710+0200][475,869s] GC(1287) Phase 3: Adjust pointers 135,247ms
[2019-04-15T13:49:53.710+0200][475,869s] GC(1287) Phase 4: Move objects
[2019-04-15T13:49:53.720+0200][475,879s] GC(1287) Phase 4: Move objects 10,153ms
[2019-04-15T13:49:53.721+0200][475,880s] GC(1287) ParNew: 109247K->99948K(109248K)
[2019-04-15T13:49:53.721+0200][475,880s] GC(1287) CMS: 393215K->393215K(393216K)
[2019-04-15T13:49:53.721+0200][475,880s] GC(1287) Metaspace: 85635K->85635K(1128448K)
[2019-04-15T13:49:53.721+0200][475,880s] GC(1287) Pause Full (Allocation Failure) 490M->481M(490M) 507,910ms
[2019-04-15T13:49:53.721+0200][475,880s] GC(1287) User=0,50s Sys=0,01s Real=0,51s
[2019-04-15T13:49:53.770+0200][475,929s] GC(1288) Pause Full (Allocation Failure)
[2019-04-15T13:49:53.770+0200][475,929s] GC(1288) Phase 1: Mark live objects
[2019-04-15T13:49:53.935+0200][476,094s] GC(1288) Phase 1: Mark live objects 164,451ms
[2019-04-15T13:49:53.935+0200][476,094s] GC(1288) Phase 2: Compute new object addresses
[2019-04-15T13:49:54.067+0200][476,226s] GC(1288) Phase 2: Compute new object addresses 131,799ms
[2019-04-15T13:49:54.067+0200][476,226s] GC(1288) Phase 3: Adjust pointers
[2019-04-15T13:49:54.200+0200][476,359s] GC(1288) Phase 3: Adjust pointers 133,438ms
[2019-04-15T13:49:54.200+0200][476,359s] GC(1288) Phase 4: Move objects
[2019-04-15T13:49:54.203+0200][476,362s] GC(1288) Phase 4: Move objects 3,188ms
[2019-04-15T13:49:54.204+0200][476,363s] GC(1288) ParNew: 109248K->100940K(109248K)
[2019-04-15T13:49:54.204+0200][476,363s] GC(1288) CMS: 393215K->393215K(393216K)
[2019-04-15T13:49:54.204+0200][476,363s] GC(1288) Metaspace: 85635K->85635K(1128448K)
[2019-04-15T13:49:54.204+0200][476,363s] GC(1288) Pause Full (Allocation Failure) 490M->482M(490M) 434,596ms
[2019-04-15T13:49:54.204+0200][476,363s] GC(1288) User=0,43s Sys=0,00s Real=0,43s
[2019-04-15T13:49:54.205+0200][476,364s] GC(1289) Pause Initial Mark
[2019-04-15T13:49:54.245+0200][476,404s] GC(1289) Pause Initial Mark 482M->482M(490M) 39,966ms
[2019-04-15T13:49:54.245+0200][476,404s] GC(1289) User=0,05s Sys=0,00s Real=0,04s
[2019-04-15T13:49:54.245+0200][476,404s] GC(1289) Concurrent Mark
[2019-04-15T13:49:54.245+0200][476,404s] GC(1289) Using 4 workers of 4 for marking
[2019-04-15T13:49:54.318+0200][476,477s] GC(1290) Pause Full (Allocation Failure)
[2019-04-15T13:49:54.354+0200][476,513s] GC(1289) Concurrent Mark 109,228ms
[2019-04-15T13:49:54.354+0200][476,513s] GC(1289) User=0,42s Sys=0,00s Real=0,12s
[2019-04-15T13:49:54.354+0200][476,513s] GC(1290) Phase 1: Mark live objects
[2019-04-15T13:49:54.523+0200][476,682s] GC(1290) Phase 1: Mark live objects 168,777ms
[2019-04-15T13:49:54.523+0200][476,682s] GC(1290) Phase 2: Compute new object addresses
[2019-04-15T13:49:54.652+0200][476,811s] GC(1290) Phase 2: Compute new object addresses 129,440ms
[2019-04-15T13:49:54.652+0200][476,811s] GC(1290) Phase 3: Adjust pointers
[2019-04-15T13:49:54.788+0200][476,946s] GC(1290) Phase 3: Adjust pointers 135,032ms
[2019-04-15T13:49:54.788+0200][476,946s] GC(1290) Phase 4: Move objects
[2019-04-15T13:49:54.791+0200][476,950s] GC(1290) Phase 4: Move objects 3,057ms
[2019-04-15T13:49:54.791+0200][476,950s] GC(1290) ParNew: 109247K->103465K(109248K)
[2019-04-15T13:49:54.791+0200][476,950s] GC(1290) CMS: 393215K->393215K(393216K)
[2019-04-15T13:49:54.791+0200][476,950s] GC(1290) Metaspace: 85635K->85635K(1128448K)
[2019-04-15T13:49:54.791+0200][476,950s] GC(1290) Pause Full (Allocation Failure) 490M->485M(490M) 473,050ms
[2019-04-15T13:49:54.791+0200][476,950s] GC(1290) User=0,57s Sys=0,00s Real=0,47s
[2019-04-15T13:49:54.825+0200][476,984s] GC(1291) Pause Full (Allocation Failure)
[2019-04-15T13:49:54.825+0200][476,984s] GC(1291) Phase 1: Mark live objects
[2019-04-15T13:49:54.995+0200][477,154s] GC(1291) Phase 1: Mark live objects 169,731ms
[2019-04-15T13:49:54.995+0200][477,154s] GC(1291) Phase 2: Compute new object addresses
[2019-04-15T13:49:55.129+0200][477,288s] GC(1291) Phase 2: Compute new object addresses 133,876ms
[2019-04-15T13:49:55.129+0200][477,288s] GC(1291) Phase 3: Adjust pointers
[2019-04-15T13:49:55.263+0200][477,422s] GC(1291) Phase 3: Adjust pointers 134,113ms
[2019-04-15T13:49:55.263+0200][477,422s] GC(1291) Phase 4: Move objects
[2019-04-15T13:49:55.264+0200][477,423s] GC(1291) Phase 4: Move objects 0,637ms
[2019-04-15T13:49:55.264+0200][477,423s] GC(1291) ParNew: 109247K->105198K(109248K)
[2019-04-15T13:49:55.264+0200][477,423s] GC(1291) CMS: 393215K->393215K(393216K)
[2019-04-15T13:49:55.264+0200][477,423s] GC(1291) Metaspace: 85635K->85635K(1128448K)
[2019-04-15T13:49:55.264+0200][477,423s] GC(1291) Pause Full (Allocation Failure) 490M->486M(490M) 439,495ms
[2019-04-15T13:49:55.264+0200][477,423s] GC(1291) User=0,44s Sys=0,00s Real=0,43s
[2019-04-15T13:49:55.265+0200][477,424s] GC(1292) Pause Initial Mark
[2019-04-15T13:49:55.311+0200][477,470s] GC(1292) Pause Initial Mark 486M->486M(490M) 46,400ms
[2019-04-15T13:49:55.311+0200][477,470s] GC(1292) User=0,06s Sys=0,00s Real=0,05s
[2019-04-15T13:49:55.311+0200][477,470s] GC(1292) Concurrent Mark
[2019-04-15T13:49:55.311+0200][477,470s] GC(1292) Using 4 workers of 4 for marking
[2019-04-15T13:49:55.348+0200][477,507s] GC(1293) Pause Full (Allocation Failure)
[2019-04-15T13:49:55.410+0200][477,569s] GC(1292) Concurrent Mark 98,536ms
[2019-04-15T13:49:55.410+0200][477,569s] GC(1292) User=0,38s Sys=0,00s Real=0,10s
[2019-04-15T13:49:55.410+0200][477,569s] GC(1293) Phase 1: Mark live objects
[2019-04-15T13:49:55.577+0200][477,736s] GC(1293) Phase 1: Mark live objects 167,100ms
[2019-04-15T13:49:55.577+0200][477,736s] GC(1293) Phase 2: Compute new object addresses
[2019-04-15T13:49:55.704+0200][477,862s] GC(1293) Phase 2: Compute new object addresses 126,501ms
[2019-04-15T13:49:55.704+0200][477,863s] GC(1293) Phase 3: Adjust pointers
[2019-04-15T13:49:55.838+0200][477,997s] GC(1293) Phase 3: Adjust pointers 134,511ms
[2019-04-15T13:49:55.838+0200][477,997s] GC(1293) Phase 4: Move objects
[2019-04-15T13:49:55.844+0200][478,003s] GC(1293) Phase 4: Move objects 5,727ms
[2019-04-15T13:49:55.844+0200][478,003s] GC(1293) ParNew: 109247K->106513K(109248K)
[2019-04-15T13:49:55.844+0200][478,003s] GC(1293) CMS: 393215K->393215K(393216K)
[2019-04-15T13:49:55.844+0200][478,003s] GC(1293) Metaspace: 85635K->85635K(1128448K)
[2019-04-15T13:49:55.845+0200][478,003s] GC(1293) Pause Full (Allocation Failure) 490M->488M(490M) 496,422ms
[2019-04-15T13:49:55.845+0200][478,003s] GC(1293) User=0,67s Sys=0,00s Real=0,49s
[2019-04-15T13:49:55.860+0200][478,019s] GC(1294) Pause Full (Allocation Failure)
[2019-04-15T13:49:55.860+0200][478,019s] GC(1294) Phase 1: Mark live objects
[2019-04-15T13:49:55.977+0200][478,136s] GC(1294) Phase 1: Mark live objects 116,752ms
[2019-04-15T13:49:55.977+0200][478,136s] GC(1294) Phase 2: Compute new object addresses
[2019-04-15T13:49:56.090+0200][478,249s] GC(1294) Phase 2: Compute new object addresses 113,186ms
[2019-04-15T13:49:56.090+0200][478,249s] GC(1294) Phase 3: Adjust pointers
[2019-04-15T13:49:56.180+0200][478,339s] GC(1294) Phase 3: Adjust pointers 89,716ms
[2019-04-15T13:49:56.180+0200][478,339s] GC(1294) Phase 4: Move objects
[2019-04-15T13:49:56.249+0200][478,408s] GC(1294) Phase 4: Move objects 69,123ms
[2019-04-15T13:49:56.250+0200][478,409s] GC(1294) ParNew: 109248K->39K(109248K)
[2019-04-15T13:49:56.250+0200][478,409s] GC(1294) CMS: 393215K->393215K(393216K)
[2019-04-15T13:49:56.250+0200][478,409s] GC(1294) Metaspace: 85635K->85635K(1128448K)
[2019-04-15T13:49:56.250+0200][478,409s] GC(1294) Pause Full (Allocation Failure) 490M->384M(490M) 390,129ms
[2019-04-15T13:49:56.250+0200][478,409s] GC(1294) User=0,39s Sys=0,00s Real=0,39s
[2019-04-15T13:49:56.250+0200][478,409s] GC(1295) Pause Initial Mark
[2019-04-15T13:49:56.251+0200][478,410s] GC(1295) Pause Initial Mark 384M->384M(490M) 0,728ms
[2019-04-15T13:49:56.251+0200][478,410s] GC(1295) User=0,01s Sys=0,00s Real=0,00s
[2019-04-15T13:49:56.251+0200][478,410s] GC(1295) Concurrent Mark
[2019-04-15T13:49:56.251+0200][478,410s] GC(1295) Using 4 workers of 4 for marking
[2019-04-15T13:49:56.361+0200][478,520s] GC(1295) Concurrent Mark 109,947ms
[2019-04-15T13:49:56.361+0200][478,520s] GC(1295) User=0,42s Sys=0,00s Real=0,11s
[2019-04-15T13:49:56.361+0200][478,520s] GC(1295) Concurrent Preclean
[2019-04-15T13:49:56.489+0200][478,648s] GC(1296) Pause Full (Allocation Failure)
[2019-04-15T13:49:56.491+0200][478,650s] GC(1295) Concurrent Preclean 129,803ms
[2019-04-15T13:49:56.491+0200][478,650s] GC(1295) User=0,26s Sys=0,00s Real=0,13s
[2019-04-15T13:49:56.491+0200][478,650s] GC(1296) Phase 1: Mark live objects
[2019-04-15T13:49:56.629+0200][478,788s] GC(1296) Phase 1: Mark live objects 137,604ms
[2019-04-15T13:49:56.629+0200][478,788s] GC(1296) Phase 2: Compute new object addresses
[2019-04-15T13:49:56.749+0200][478,908s] GC(1296) Phase 2: Compute new object addresses 119,909ms
[2019-04-15T13:49:56.749+0200][478,908s] GC(1296) Phase 3: Adjust pointers
[2019-04-15T13:49:56.848+0200][479,006s] GC(1296) Phase 3: Adjust pointers 98,850ms
[2019-04-15T13:49:56.848+0200][479,007s] GC(1296) Phase 4: Move objects
[2019-04-15T13:49:56.860+0200][479,019s] GC(1296) Phase 4: Move objects 12,659ms
[2019-04-15T13:49:56.861+0200][479,020s] GC(1296) ParNew: 109247K->20441K(109248K)
[2019-04-15T13:49:56.861+0200][479,020s] GC(1296) CMS: 393215K->393215K(393216K)
[2019-04-15T13:49:56.861+0200][479,020s] GC(1296) Metaspace: 85635K->85635K(1128448K)
[2019-04-15T13:49:56.861+0200][479,020s] GC(1296) Pause Full (Allocation Failure) 490M->403M(490M) 372,186ms
[2019-04-15T13:49:56.861+0200][479,020s] GC(1296) User=0,37s Sys=0,00s Real=0,37s
[2019-04-15T13:49:57.041+0200][479,200s] GC(1297) Pause Full (Allocation Failure)
[2019-04-15T13:49:57.042+0200][479,201s] GC(1297) Phase 1: Mark live objects
[2019-04-15T13:49:57.174+0200][479,333s] GC(1297) Phase 1: Mark live objects 132,124ms
[2019-04-15T13:49:57.174+0200][479,333s] GC(1297) Phase 2: Compute new object addresses
[2019-04-15T13:49:57.288+0200][479,447s] GC(1297) Phase 2: Compute new object addresses 114,125ms
[2019-04-15T13:49:57.288+0200][479,447s] GC(1297) Phase 3: Adjust pointers
[2019-04-15T13:49:57.391+0200][479,550s] GC(1297) Phase 3: Adjust pointers 102,795ms
[2019-04-15T13:49:57.391+0200][479,550s] GC(1297) Phase 4: Move objects
[2019-04-15T13:49:57.434+0200][479,593s] GC(1297) Phase 4: Move objects 43,170ms
[2019-04-15T13:49:57.435+0200][479,594s] GC(1297) ParNew: 109247K->21214K(109248K)
[2019-04-15T13:49:57.435+0200][479,594s] GC(1297) CMS: 393215K->393215K(393216K)
[2019-04-15T13:49:57.435+0200][479,594s] GC(1297) Metaspace: 85635K->85635K(1128448K)
[2019-04-15T13:49:57.435+0200][479,594s] GC(1297) Pause Full (Allocation Failure) 490M->404M(490M) 394,081ms
[2019-04-15T13:49:57.435+0200][479,594s] GC(1297) User=0,39s Sys=0,00s Real=0,40s
[2019-04-15T13:49:57.436+0200][479,595s] GC(1298) Pause Initial Mark
[2019-04-15T13:49:57.444+0200][479,603s] GC(1298) Pause Initial Mark 406M->406M(490M) 8,564ms
[2019-04-15T13:49:57.444+0200][479,603s] GC(1298) User=0,01s Sys=0,00s Real=0,00s
[2019-04-15T13:49:57.444+0200][479,603s] GC(1298) Concurrent Mark
[2019-04-15T13:49:57.444+0200][479,603s] GC(1298) Using 4 workers of 4 for marking
[2019-04-15T13:49:57.562+0200][479,721s] GC(1298) Concurrent Mark 117,651ms
[2019-04-15T13:49:57.562+0200][479,721s] GC(1298) User=0,46s Sys=0,00s Real=0,12s
[2019-04-15T13:49:57.562+0200][479,721s] GC(1298) Concurrent Preclean
[2019-04-15T13:49:57.659+0200][479,818s] GC(1299) Pause Full (Allocation Failure)
[2019-04-15T13:49:57.693+0200][479,852s] GC(1298) Concurrent Preclean 130,953ms
[2019-04-15T13:49:57.693+0200][479,852s] GC(1298) User=0,23s Sys=0,00s Real=0,14s
[2019-04-15T13:49:57.693+0200][479,852s] GC(1299) Phase 1: Mark live objects
[2019-04-15T13:49:57.834+0200][479,993s] GC(1299) Phase 1: Mark live objects 140,690ms
[2019-04-15T13:49:57.834+0200][479,993s] GC(1299) Phase 2: Compute new object addresses
[2019-04-15T13:49:57.953+0200][480,112s] GC(1299) Phase 2: Compute new object addresses 118,728ms
[2019-04-15T13:49:57.953+0200][480,112s] GC(1299) Phase 3: Adjust pointers
[2019-04-15T13:49:58.059+0200][480,218s] GC(1299) Phase 3: Adjust pointers 106,264ms
[2019-04-15T13:49:58.059+0200][480,218s] GC(1299) Phase 4: Move objects
[2019-04-15T13:49:58.073+0200][480,232s] GC(1299) Phase 4: Move objects 13,883ms
[2019-04-15T13:49:58.074+0200][480,233s] GC(1299) ParNew: 109247K->34722K(109248K)
[2019-04-15T13:49:58.074+0200][480,233s] GC(1299) CMS: 393215K->393216K(393216K)
[2019-04-15T13:49:58.074+0200][480,233s] GC(1299) Metaspace: 85635K->85635K(1128448K)
[2019-04-15T13:49:58.074+0200][480,233s] GC(1299) Pause Full (Allocation Failure) 490M->417M(490M) 414,377ms
[2019-04-15T13:49:58.074+0200][480,233s] GC(1299) User=0,42s Sys=0,00s Real=0,42s
[2019-04-15T13:49:58.235+0200][480,394s] GC(1300) Pause Full (Allocation Failure)
[2019-04-15T13:49:58.235+0200][480,394s] GC(1300) Phase 1: Mark live objects
[2019-04-15T13:49:58.376+0200][480,535s] GC(1300) Phase 1: Mark live objects 140,417ms
[2019-04-15T13:49:58.376+0200][480,535s] GC(1300) Phase 2: Compute new object addresses
[2019-04-15T13:49:58.493+0200][480,652s] GC(1300) Phase 2: Compute new object addresses 116,995ms
[2019-04-15T13:49:58.493+0200][480,652s] GC(1300) Phase 3: Adjust pointers
[2019-04-15T13:49:58.600+0200][480,759s] GC(1300) Phase 3: Adjust pointers 107,006ms
[2019-04-15T13:49:58.600+0200][480,759s] GC(1300) Phase 4: Move objects
[2019-04-15T13:49:58.608+0200][480,766s] GC(1300) Phase 4: Move objects 7,737ms
[2019-04-15T13:49:58.608+0200][480,767s] GC(1300) ParNew: 109247K->41938K(109248K)
[2019-04-15T13:49:58.608+0200][480,767s] GC(1300) CMS: 393216K->393216K(393216K)
[2019-04-15T13:49:58.608+0200][480,767s] GC(1300) Metaspace: 85635K->85635K(1128448K)
[2019-04-15T13:49:58.608+0200][480,767s] GC(1300) Pause Full (Allocation Failure) 490M->424M(490M) 373,527ms
[2019-04-15T13:49:58.608+0200][480,767s] GC(1300) User=0,37s Sys=0,00s Real=0,37s
[2019-04-15T13:49:58.608+0200][480,767s] GC(1301) Pause Initial Mark
[2019-04-15T13:49:58.627+0200][480,786s] GC(1301) Pause Initial Mark 426M->426M(490M) 18,440ms
[2019-04-15T13:49:58.627+0200][480,786s] GC(1301) User=0,02s Sys=0,00s Real=0,02s
[2019-04-15T13:49:58.627+0200][480,786s] GC(1301) Concurrent Mark
[2019-04-15T13:49:58.627+0200][480,786s] GC(1301) Using 4 workers of 4 for marking
[2019-04-15T13:49:58.749+0200][480,908s] GC(1301) Concurrent Mark 122,153ms
[2019-04-15T13:49:58.749+0200][480,908s] GC(1301) User=0,47s Sys=0,00s Real=0,12s
[2019-04-15T13:49:58.749+0200][480,908s] GC(1301) Concurrent Preclean
[2019-04-15T13:49:58.866+0200][481,025s] GC(1302) Pause Full (Allocation Failure)
[2019-04-15T13:49:58.898+0200][481,057s] GC(1301) Concurrent Preclean 149,168ms
[2019-04-15T13:49:58.898+0200][481,057s] GC(1301) User=0,26s Sys=0,00s Real=0,15s
[2019-04-15T13:49:58.899+0200][481,058s] GC(1302) Phase 1: Mark live objects
[2019-04-15T13:49:59.045+0200][481,204s] GC(1302) Phase 1: Mark live objects 146,517ms
[2019-04-15T13:49:59.045+0200][481,204s] GC(1302) Phase 2: Compute new object addresses
[2019-04-15T13:49:59.160+0200][481,319s] GC(1302) Phase 2: Compute new object addresses 115,171ms
[2019-04-15T13:49:59.160+0200][481,319s] GC(1302) Phase 3: Adjust pointers
[2019-04-15T13:49:59.272+0200][481,431s] GC(1302) Phase 3: Adjust pointers 111,195ms
[2019-04-15T13:49:59.272+0200][481,431s] GC(1302) Phase 4: Move objects
[2019-04-15T13:49:59.322+0200][481,481s] GC(1302) Phase 4: Move objects 50,303ms
[2019-04-15T13:49:59.323+0200][481,481s] GC(1302) ParNew: 109247K->42445K(109248K)
[2019-04-15T13:49:59.323+0200][481,482s] GC(1302) CMS: 393216K->393215K(393216K)
[2019-04-15T13:49:59.323+0200][481,482s] GC(1302) Metaspace: 85635K->85635K(1128448K)
[2019-04-15T13:49:59.323+0200][481,482s] GC(1302) Pause Full (Allocation Failure) 490M->425M(490M) 456,796ms
[2019-04-15T13:49:59.323+0200][481,482s] GC(1302) User=0,45s Sys=0,00s Real=0,45s
[2019-04-15T13:49:59.466+0200][481,625s] GC(1303) Pause Full (Allocation Failure)
[2019-04-15T13:49:59.467+0200][481,626s] GC(1303) Phase 1: Mark live objects
[2019-04-15T13:49:59.618+0200][481,777s] GC(1303) Phase 1: Mark live objects 151,155ms
[2019-04-15T13:49:59.618+0200][481,777s] GC(1303) Phase 2: Compute new object addresses
[2019-04-15T13:49:59.732+0200][481,891s] GC(1303) Phase 2: Compute new object addresses 114,279ms
[2019-04-15T13:49:59.732+0200][481,891s] GC(1303) Phase 3: Adjust pointers
[2019-04-15T13:49:59.849+0200][482,008s] GC(1303) Phase 3: Adjust pointers 116,339ms
[2019-04-15T13:49:59.849+0200][482,008s] GC(1303) Phase 4: Move objects
[2019-04-15T13:49:59.899+0200][482,058s] GC(1303) Phase 4: Move objects 50,487ms
[2019-04-15T13:49:59.900+0200][482,059s] GC(1303) ParNew: 109247K->54435K(109248K)
[2019-04-15T13:49:59.900+0200][482,059s] GC(1303) CMS: 393215K->393216K(393216K)
[2019-04-15T13:49:59.900+0200][482,059s] GC(1303) Metaspace: 85635K->85635K(1128448K)
[2019-04-15T13:49:59.900+0200][482,059s] GC(1303) Pause Full (Allocation Failure) 490M->437M(490M) 433,603ms
[2019-04-15T13:49:59.900+0200][482,059s] GC(1303) User=0,43s Sys=0,00s Real=0,43s
[2019-04-15T13:49:59.900+0200][482,059s] GC(1304) Pause Initial Mark
[2019-04-15T13:49:59.924+0200][482,083s] GC(1304) Pause Initial Mark 438M->438M(490M) 24,106ms
[2019-04-15T13:49:59.925+0200][482,083s] GC(1304) User=0,03s Sys=0,00s Real=0,02s
[2019-04-15T13:49:59.925+0200][482,084s] GC(1304) Concurrent Mark
[2019-04-15T13:49:59.925+0200][482,084s] GC(1304) Using 4 workers of 4 for marking
[2019-04-15T13:50:00.057+0200][482,216s] GC(1304) Concurrent Mark 132,748ms
[2019-04-15T13:50:00.057+0200][482,216s] GC(1304) User=0,43s Sys=0,00s Real=0,14s
[2019-04-15T13:50:00.057+0200][482,216s] GC(1304) Concurrent Preclean
[2019-04-15T13:50:00.155+0200][482,314s] GC(1305) Pause Full (Allocation Failure)
[2019-04-15T13:50:00.199+0200][482,358s] GC(1304) Concurrent Preclean 141,928ms
[2019-04-15T13:50:00.199+0200][482,358s] GC(1304) User=0,23s Sys=0,00s Real=0,14s
[2019-04-15T13:50:00.200+0200][482,359s] GC(1305) Phase 1: Mark live objects
[2019-04-15T13:50:00.358+0200][482,517s] GC(1305) Phase 1: Mark live objects 158,733ms
[2019-04-15T13:50:00.358+0200][482,517s] GC(1305) Phase 2: Compute new object addresses
[2019-04-15T13:50:00.481+0200][482,640s] GC(1305) Phase 2: Compute new object addresses 122,979ms
[2019-04-15T13:50:00.481+0200][482,640s] GC(1305) Phase 3: Adjust pointers
[2019-04-15T13:50:00.604+0200][482,763s] GC(1305) Phase 3: Adjust pointers 122,687ms
[2019-04-15T13:50:00.604+0200][482,763s] GC(1305) Phase 4: Move objects
[2019-04-15T13:50:00.620+0200][482,779s] GC(1305) Phase 4: Move objects 15,661ms
[2019-04-15T13:50:00.620+0200][482,779s] GC(1305) ParNew: 109247K->66214K(109248K)
[2019-04-15T13:50:00.620+0200][482,779s] GC(1305) CMS: 393216K->393216K(393216K)
[2019-04-15T13:50:00.620+0200][482,779s] GC(1305) Metaspace: 85635K->85635K(1128448K)
[2019-04-15T13:50:00.621+0200][482,779s] GC(1305) Pause Full (Allocation Failure) 490M->448M(490M) 465,381ms
[2019-04-15T13:50:00.621+0200][482,779s] GC(1305) User=0,46s Sys=0,00s Real=0,46s
[2019-04-15T13:50:00.762+0200][482,921s] GC(1306) Pause Full (Allocation Failure)
[2019-04-15T13:50:00.763+0200][482,922s] GC(1306) Phase 1: Mark live objects
[2019-04-15T13:50:00.926+0200][483,085s] GC(1306) Phase 1: Mark live objects 163,009ms
[2019-04-15T13:50:00.926+0200][483,085s] GC(1306) Phase 2: Compute new object addresses
[2019-04-15T13:50:01.052+0200][483,211s] GC(1306) Phase 2: Compute new object addresses 125,988ms
[2019-04-15T13:50:01.052+0200][483,211s] GC(1306) Phase 3: Adjust pointers
[2019-04-15T13:50:01.173+0200][483,332s] GC(1306) Phase 3: Adjust pointers 121,477ms
[2019-04-15T13:50:01.173+0200][483,332s] GC(1306) Phase 4: Move objects
[2019-04-15T13:50:01.186+0200][483,345s] GC(1306) Phase 4: Move objects 12,878ms
[2019-04-15T13:50:01.187+0200][483,346s] GC(1306) ParNew: 109248K->75606K(109248K)
[2019-04-15T13:50:01.187+0200][483,346s] GC(1306) CMS: 393216K->393215K(393216K)
[2019-04-15T13:50:01.187+0200][483,346s] GC(1306) Metaspace: 85635K->85635K(1128448K)
[2019-04-15T13:50:01.187+0200][483,346s] GC(1306) Pause Full (Allocation Failure) 490M->457M(490M) 424,798ms
[2019-04-15T13:50:01.187+0200][483,346s] GC(1306) User=0,42s Sys=0,00s Real=0,43s
[2019-04-15T13:50:01.187+0200][483,346s] GC(1307) Pause Initial Mark
[2019-04-15T13:50:01.221+0200][483,380s] GC(1307) Pause Initial Mark 458M->458M(490M) 34,077ms
[2019-04-15T13:50:01.221+0200][483,380s] GC(1307) User=0,04s Sys=0,00s Real=0,03s
[2019-04-15T13:50:01.221+0200][483,380s] GC(1307) Concurrent Mark
[2019-04-15T13:50:01.221+0200][483,380s] GC(1307) Using 4 workers of 4 for marking
[2019-04-15T13:50:01.348+0200][483,507s] GC(1307) Concurrent Mark 126,341ms
[2019-04-15T13:50:01.348+0200][483,507s] GC(1307) User=0,47s Sys=0,00s Real=0,13s
[2019-04-15T13:50:01.348+0200][483,507s] GC(1307) Concurrent Preclean
[2019-04-15T13:50:01.429+0200][483,588s] GC(1308) Pause Full (Allocation Failure)
[2019-04-15T13:50:01.486+0200][483,645s] GC(1307) Concurrent Preclean 138,367ms
[2019-04-15T13:50:01.486+0200][483,645s] GC(1307) User=0,23s Sys=0,00s Real=0,14s
[2019-04-15T13:50:01.486+0200][483,645s] GC(1308) Phase 1: Mark live objects
[2019-04-15T13:50:01.650+0200][483,809s] GC(1308) Phase 1: Mark live objects 163,906ms
[2019-04-15T13:50:01.650+0200][483,809s] GC(1308) Phase 2: Compute new object addresses
[2019-04-15T13:50:01.771+0200][483,930s] GC(1308) Phase 2: Compute new object addresses 120,980ms
[2019-04-15T13:50:01.771+0200][483,930s] GC(1308) Phase 3: Adjust pointers
[2019-04-15T13:50:01.901+0200][484,060s] GC(1308) Phase 3: Adjust pointers 129,338ms
[2019-04-15T13:50:01.901+0200][484,060s] GC(1308) Phase 4: Move objects
[2019-04-15T13:50:01.965+0200][484,124s] GC(1308) Phase 4: Move objects 63,995ms
[2019-04-15T13:50:01.965+0200][484,124s] GC(1308) ParNew: 109247K->82907K(109248K)
[2019-04-15T13:50:01.965+0200][484,124s] GC(1308) CMS: 393215K->393215K(393216K)
[2019-04-15T13:50:01.965+0200][484,124s] GC(1308) Metaspace: 85635K->85635K(1128448K)
[2019-04-15T13:50:01.965+0200][484,124s] GC(1308) Pause Full (Allocation Failure) 490M->464M(490M) 536,051ms
[2019-04-15T13:50:01.966+0200][484,124s] GC(1308) User=0,53s Sys=0,00s Real=0,54s
[2019-04-15T13:50:02.095+0200][484,254s] GC(1309) Pause Full (Allocation Failure)
[2019-04-15T13:50:02.096+0200][484,255s] GC(1309) Phase 1: Mark live objects
[2019-04-15T13:50:02.270+0200][484,429s] GC(1309) Phase 1: Mark live objects 173,849ms
[2019-04-15T13:50:02.270+0200][484,429s] GC(1309) Phase 2: Compute new object addresses
[2019-04-15T13:50:02.397+0200][484,556s] GC(1309) Phase 2: Compute new object addresses 126,536ms
[2019-04-15T13:50:02.397+0200][484,556s] GC(1309) Phase 3: Adjust pointers
[2019-04-15T13:50:02.519+0200][484,678s] GC(1309) Phase 3: Adjust pointers 122,316ms
[2019-04-15T13:50:02.519+0200][484,678s] GC(1309) Phase 4: Move objects
[2019-04-15T13:50:02.526+0200][484,685s] GC(1309) Phase 4: Move objects 6,769ms
[2019-04-15T13:50:02.527+0200][484,685s] GC(1309) ParNew: 109248K->89042K(109248K)
[2019-04-15T13:50:02.527+0200][484,686s] GC(1309) CMS: 393215K->393215K(393216K)
[2019-04-15T13:50:02.527+0200][484,686s] GC(1309) Metaspace: 85635K->85635K(1128448K)
[2019-04-15T13:50:02.527+0200][484,686s] GC(1309) Pause Full (Allocation Failure) 490M->470M(490M) 431,112ms
[2019-04-15T13:50:02.527+0200][484,686s] GC(1309) User=0,43s Sys=0,00s Real=0,43s
[2019-04-15T13:50:02.527+0200][484,686s] GC(1310) Pause Initial Mark
[2019-04-15T13:50:02.567+0200][484,726s] GC(1310) Pause Initial Mark 470M->470M(490M) 40,244ms
[2019-04-15T13:50:02.567+0200][484,726s] GC(1310) User=0,04s Sys=0,00s Real=0,04s
[2019-04-15T13:50:02.567+0200][484,726s] GC(1310) Concurrent Mark
[2019-04-15T13:50:02.567+0200][484,726s] GC(1310) Using 4 workers of 4 for marking
[2019-04-15T13:50:02.670+0200][484,829s] GC(1310) Concurrent Mark 102,675ms
[2019-04-15T13:50:02.670+0200][484,829s] GC(1310) User=0,39s Sys=0,00s Real=0,10s
[2019-04-15T13:50:02.670+0200][484,829s] GC(1310) Concurrent Preclean
[2019-04-15T13:50:02.757+0200][484,915s] GC(1311) Pause Full (Allocation Failure)
[2019-04-15T13:50:02.804+0200][484,962s] GC(1310) Concurrent Preclean 133,632ms
[2019-04-15T13:50:02.804+0200][484,963s] GC(1310) User=0,23s Sys=0,00s Real=0,13s
[2019-04-15T13:50:02.804+0200][484,963s] GC(1311) Phase 1: Mark live objects
[2019-04-15T13:50:02.971+0200][485,130s] GC(1311) Phase 1: Mark live objects 167,246ms
[2019-04-15T13:50:02.971+0200][485,130s] GC(1311) Phase 2: Compute new object addresses
[2019-04-15T13:50:03.097+0200][485,256s] GC(1311) Phase 2: Compute new object addresses 126,443ms
[2019-04-15T13:50:03.097+0200][485,256s] GC(1311) Phase 3: Adjust pointers
[2019-04-15T13:50:03.225+0200][485,384s] GC(1311) Phase 3: Adjust pointers 127,224ms
[2019-04-15T13:50:03.225+0200][485,384s] GC(1311) Phase 4: Move objects
[2019-04-15T13:50:03.242+0200][485,401s] GC(1311) Phase 4: Move objects 17,693ms
[2019-04-15T13:50:03.243+0200][485,402s] GC(1311) ParNew: 109248K->95242K(109248K)
[2019-04-15T13:50:03.243+0200][485,402s] GC(1311) CMS: 393216K->393215K(393216K)
[2019-04-15T13:50:03.243+0200][485,402s] GC(1311) Metaspace: 85635K->85635K(1128448K)
[2019-04-15T13:50:03.243+0200][485,402s] GC(1311) Pause Full (Allocation Failure) 490M->477M(490M) 486,836ms
[2019-04-15T13:50:03.243+0200][485,402s] GC(1311) User=0,48s Sys=0,00s Real=0,48s
[2019-04-15T13:50:03.318+0200][485,477s] GC(1312) Pause Full (Allocation Failure)
[2019-04-15T13:50:03.318+0200][485,477s] GC(1312) Phase 1: Mark live objects
[2019-04-15T13:50:03.485+0200][485,644s] GC(1312) Phase 1: Mark live objects 166,698ms
[2019-04-15T13:50:03.485+0200][485,644s] GC(1312) Phase 2: Compute new object addresses
[2019-04-15T13:50:03.607+0200][485,766s] GC(1312) Phase 2: Compute new object addresses 121,711ms
[2019-04-15T13:50:03.607+0200][485,766s] GC(1312) Phase 3: Adjust pointers
[2019-04-15T13:50:03.735+0200][485,894s] GC(1312) Phase 3: Adjust pointers 128,600ms
[2019-04-15T13:50:03.735+0200][485,894s] GC(1312) Phase 4: Move objects
[2019-04-15T13:50:03.770+0200][485,929s] GC(1312) Phase 4: Move objects 34,766ms
[2019-04-15T13:50:03.771+0200][485,930s] GC(1312) ParNew: 109247K->97104K(109248K)
[2019-04-15T13:50:03.771+0200][485,930s] GC(1312) CMS: 393216K->393216K(393216K)
[2019-04-15T13:50:03.771+0200][485,930s] GC(1312) Metaspace: 85635K->85635K(1128448K)
[2019-04-15T13:50:03.771+0200][485,930s] GC(1312) Pause Full (Allocation Failure) 490M->478M(490M) 452,995ms
[2019-04-15T13:50:03.771+0200][485,930s] GC(1312) User=0,45s Sys=0,00s Real=0,45s
[2019-04-15T13:50:03.771+0200][485,930s] GC(1313) Pause Initial Mark
[2019-04-15T13:50:03.814+0200][485,973s] GC(1313) Pause Initial Mark 478M->478M(490M) 42,829ms
[2019-04-15T13:50:03.814+0200][485,973s] GC(1313) User=0,05s Sys=0,00s Real=0,05s
[2019-04-15T13:50:03.814+0200][485,973s] GC(1313) Concurrent Mark
[2019-04-15T13:50:03.814+0200][485,973s] GC(1313) Using 4 workers of 4 for marking
[2019-04-15T13:50:03.928+0200][486,087s] GC(1313) Concurrent Mark 114,206ms
[2019-04-15T13:50:03.928+0200][486,087s] GC(1313) User=0,45s Sys=0,00s Real=0,11s
[2019-04-15T13:50:03.928+0200][486,087s] GC(1313) Concurrent Preclean
[2019-04-15T13:50:03.933+0200][486,092s] GC(1314) Pause Full (Allocation Failure)
[2019-04-15T13:50:04.070+0200][486,229s] GC(1313) Concurrent Preclean 141,227ms
[2019-04-15T13:50:04.070+0200][486,229s] GC(1313) User=0,15s Sys=0,00s Real=0,14s
[2019-04-15T13:50:04.070+0200][486,229s] GC(1314) Phase 1: Mark live objects
[2019-04-15T13:50:04.242+0200][486,401s] GC(1314) Phase 1: Mark live objects 172,324ms
[2019-04-15T13:50:04.242+0200][486,401s] GC(1314) Phase 2: Compute new object addresses
[2019-04-15T13:50:04.370+0200][486,529s] GC(1314) Phase 2: Compute new object addresses 127,452ms
[2019-04-15T13:50:04.370+0200][486,529s] GC(1314) Phase 3: Adjust pointers
[2019-04-15T13:50:04.496+0200][486,655s] GC(1314) Phase 3: Adjust pointers 126,156ms
[2019-04-15T13:50:04.496+0200][486,655s] GC(1314) Phase 4: Move objects
[2019-04-15T13:50:04.504+0200][486,663s] GC(1314) Phase 4: Move objects 7,932ms
[2019-04-15T13:50:04.504+0200][486,663s] GC(1314) ParNew: 109247K->100844K(109248K)
[2019-04-15T13:50:04.504+0200][486,663s] GC(1314) CMS: 393216K->393216K(393216K)
[2019-04-15T13:50:04.504+0200][486,663s] GC(1314) Metaspace: 85635K->85635K(1128448K)
[2019-04-15T13:50:04.504+0200][486,663s] GC(1314) Pause Full (Allocation Failure) 490M->482M(490M) 571,024ms
[2019-04-15T13:50:04.504+0200][486,663s] GC(1314) User=0,57s Sys=0,00s Real=0,56s
[2019-04-15T13:50:04.553+0200][486,712s] GC(1315) Pause Full (Allocation Failure)
[2019-04-15T13:50:04.554+0200][486,712s] GC(1315) Phase 1: Mark live objects
[2019-04-15T13:50:04.700+0200][486,859s] GC(1315) Phase 1: Mark live objects 146,327ms
[2019-04-15T13:50:04.700+0200][486,859s] GC(1315) Phase 2: Compute new object addresses
[2019-04-15T13:50:04.817+0200][486,976s] GC(1315) Phase 2: Compute new object addresses 116,757ms
[2019-04-15T13:50:04.817+0200][486,976s] GC(1315) Phase 3: Adjust pointers
[2019-04-15T13:50:04.928+0200][487,087s] GC(1315) Phase 3: Adjust pointers 111,463ms
[2019-04-15T13:50:04.928+0200][487,087s] GC(1315) Phase 4: Move objects
[2019-04-15T13:50:05.007+0200][487,166s] GC(1315) Phase 4: Move objects 78,845ms
[2019-04-15T13:50:05.008+0200][487,167s] GC(1315) ParNew: 109247K->48234K(109248K)
[2019-04-15T13:50:05.008+0200][487,167s] GC(1315) CMS: 393216K->393215K(393216K)
[2019-04-15T13:50:05.008+0200][487,167s] GC(1315) Metaspace: 85635K->85635K(1128448K)
[2019-04-15T13:50:05.008+0200][487,167s] GC(1315) Pause Full (Allocation Failure) 490M->431M(490M) 454,703ms
[2019-04-15T13:50:05.008+0200][487,167s] GC(1315) User=0,45s Sys=0,00s Real=0,45s
[2019-04-15T13:50:05.008+0200][487,167s] GC(1316) Pause Initial Mark
[2019-04-15T13:50:05.032+0200][487,191s] GC(1316) Pause Initial Mark 431M->431M(490M) 23,370ms
[2019-04-15T13:50:05.032+0200][487,191s] GC(1316) User=0,02s Sys=0,00s Real=0,02s
[2019-04-15T13:50:05.032+0200][487,191s] GC(1316) Concurrent Mark
[2019-04-15T13:50:05.032+0200][487,191s] GC(1316) Using 4 workers of 4 for marking
[2019-04-15T13:50:05.127+0200][487,286s] GC(1316) Concurrent Mark 95,326ms
[2019-04-15T13:50:05.127+0200][487,286s] GC(1316) User=0,36s Sys=0,00s Real=0,10s
[2019-04-15T13:50:05.127+0200][487,286s] GC(1316) Concurrent Preclean
[2019-04-15T13:50:05.249+0200][487,408s] GC(1317) Pause Full (Allocation Failure)
[2019-04-15T13:50:05.256+0200][487,415s] GC(1316) Concurrent Preclean 128,791ms
[2019-04-15T13:50:05.256+0200][487,415s] GC(1316) User=0,25s Sys=0,00s Real=0,13s
[2019-04-15T13:50:05.256+0200][487,415s] GC(1317) Phase 1: Mark live objects
[2019-04-15T13:50:05.415+0200][487,574s] GC(1317) Phase 1: Mark live objects 159,141ms
[2019-04-15T13:50:05.415+0200][487,574s] GC(1317) Phase 2: Compute new object addresses
[2019-04-15T13:50:05.534+0200][487,693s] GC(1317) Phase 2: Compute new object addresses 118,943ms
[2019-04-15T13:50:05.534+0200][487,693s] GC(1317) Phase 3: Adjust pointers
[2019-04-15T13:50:05.654+0200][487,813s] GC(1317) Phase 3: Adjust pointers 120,221ms
[2019-04-15T13:50:05.654+0200][487,813s] GC(1317) Phase 4: Move objects
[2019-04-15T13:50:05.700+0200][487,859s] GC(1317) Phase 4: Move objects 45,344ms
[2019-04-15T13:50:05.700+0200][487,859s] GC(1317) ParNew: 109247K->62308K(109248K)
[2019-04-15T13:50:05.701+0200][487,859s] GC(1317) CMS: 393215K->393215K(393216K)
[2019-04-15T13:50:05.701+0200][487,859s] GC(1317) Metaspace: 85635K->85635K(1128448K)
[2019-04-15T13:50:05.701+0200][487,859s] GC(1317) Pause Full (Allocation Failure) 490M->444M(490M) 451,041ms
[2019-04-15T13:50:05.701+0200][487,859s] GC(1317) User=0,45s Sys=0,00s Real=0,45s
[2019-04-15T13:50:05.829+0200][487,987s] GC(1318) Pause Full (Allocation Failure)
[2019-04-15T13:50:05.829+0200][487,988s] GC(1318) Phase 1: Mark live objects
[2019-04-15T13:50:05.987+0200][488,146s] GC(1318) Phase 1: Mark live objects 158,198ms
[2019-04-15T13:50:05.987+0200][488,146s] GC(1318) Phase 2: Compute new object addresses
[2019-04-15T13:50:06.115+0200][488,274s] GC(1318) Phase 2: Compute new object addresses 127,401ms
[2019-04-15T13:50:06.115+0200][488,274s] GC(1318) Phase 3: Adjust pointers
[2019-04-15T13:50:06.236+0200][488,395s] GC(1318) Phase 3: Adjust pointers 121,555ms
[2019-04-15T13:50:06.236+0200][488,395s] GC(1318) Phase 4: Move objects
[2019-04-15T13:50:06.265+0200][488,424s] GC(1318) Phase 4: Move objects 28,942ms
[2019-04-15T13:50:06.266+0200][488,425s] GC(1318) ParNew: 109248K->74417K(109248K)
[2019-04-15T13:50:06.266+0200][488,425s] GC(1318) CMS: 393215K->393215K(393216K)
[2019-04-15T13:50:06.266+0200][488,425s] GC(1318) Metaspace: 85635K->85635K(1128448K)
[2019-04-15T13:50:06.266+0200][488,425s] GC(1318) Pause Full (Allocation Failure) 490M->456M(490M) 437,349ms
[2019-04-15T13:50:06.266+0200][488,425s] GC(1318) User=0,43s Sys=0,00s Real=0,44s
[2019-04-15T13:50:06.266+0200][488,425s] GC(1319) Pause Initial Mark
[2019-04-15T13:50:06.301+0200][488,460s] GC(1319) Pause Initial Mark 457M->457M(490M) 34,702ms
[2019-04-15T13:50:06.301+0200][488,460s] GC(1319) User=0,04s Sys=0,00s Real=0,03s
[2019-04-15T13:50:06.301+0200][488,460s] GC(1319) Concurrent Mark
[2019-04-15T13:50:06.301+0200][488,460s] GC(1319) Using 4 workers of 4 for marking
[2019-04-15T13:50:06.413+0200][488,572s] GC(1319) Concurrent Mark 111,684ms
[2019-04-15T13:50:06.413+0200][488,572s] GC(1319) User=0,42s Sys=0,00s Real=0,12s
[2019-04-15T13:50:06.413+0200][488,572s] GC(1319) Concurrent Preclean
[2019-04-15T13:50:06.499+0200][488,658s] GC(1320) Pause Full (Allocation Failure)
[2019-04-15T13:50:06.544+0200][488,703s] GC(1319) Concurrent Preclean 130,749ms
[2019-04-15T13:50:06.544+0200][488,703s] GC(1319) User=0,21s Sys=0,01s Real=0,12s
[2019-04-15T13:50:06.544+0200][488,703s] GC(1320) Phase 1: Mark live objects
[2019-04-15T13:50:06.712+0200][488,871s] GC(1320) Phase 1: Mark live objects 168,339ms
[2019-04-15T13:50:06.712+0200][488,871s] GC(1320) Phase 2: Compute new object addresses
[2019-04-15T13:50:06.834+0200][488,993s] GC(1320) Phase 2: Compute new object addresses 121,776ms
[2019-04-15T13:50:06.834+0200][488,993s] GC(1320) Phase 3: Adjust pointers
[2019-04-15T13:50:06.961+0200][489,120s] GC(1320) Phase 3: Adjust pointers 126,602ms
[2019-04-15T13:50:06.961+0200][489,120s] GC(1320) Phase 4: Move objects
[2019-04-15T13:50:07.011+0200][489,170s] GC(1320) Phase 4: Move objects 50,266ms
[2019-04-15T13:50:07.012+0200][489,170s] GC(1320) ParNew: 109247K->81775K(109248K)
[2019-04-15T13:50:07.012+0200][489,171s] GC(1320) CMS: 393215K->393216K(393216K)
[2019-04-15T13:50:07.012+0200][489,171s] GC(1320) Metaspace: 85635K->85635K(1128448K)
[2019-04-15T13:50:07.012+0200][489,171s] GC(1320) Pause Full (Allocation Failure) 490M->463M(490M) 513,000ms
[2019-04-15T13:50:07.012+0200][489,171s] GC(1320) User=0,51s Sys=0,00s Real=0,51s
[2019-04-15T13:50:07.135+0200][489,294s] GC(1321) Pause Full (Allocation Failure)
[2019-04-15T13:50:07.135+0200][489,294s] GC(1321) Phase 1: Mark live objects
[2019-04-15T13:50:07.302+0200][489,461s] GC(1321) Phase 1: Mark live objects 166,662ms
[2019-04-15T13:50:07.302+0200][489,461s] GC(1321) Phase 2: Compute new object addresses
[2019-04-15T13:50:07.426+0200][489,585s] GC(1321) Phase 2: Compute new object addresses 123,940ms
[2019-04-15T13:50:07.426+0200][489,585s] GC(1321) Phase 3: Adjust pointers
[2019-04-15T13:50:07.555+0200][489,714s] GC(1321) Phase 3: Adjust pointers 129,605ms
[2019-04-15T13:50:07.555+0200][489,714s] GC(1321) Phase 4: Move objects
[2019-04-15T13:50:07.622+0200][489,781s] GC(1321) Phase 4: Move objects 66,416ms
[2019-04-15T13:50:07.624+0200][489,782s] GC(1321) ParNew: 109248K->88369K(109248K)
[2019-04-15T13:50:07.624+0200][489,783s] GC(1321) CMS: 393216K->393215K(393216K)
[2019-04-15T13:50:07.624+0200][489,783s] GC(1321) Metaspace: 85635K->85635K(1128448K)
[2019-04-15T13:50:07.624+0200][489,783s] GC(1321) Pause Full (Allocation Failure) 490M->470M(490M) 489,003ms
[2019-04-15T13:50:07.624+0200][489,783s] GC(1321) User=0,49s Sys=0,00s Real=0,48s
[2019-04-15T13:50:07.624+0200][489,783s] GC(1322) Pause Initial Mark
[2019-04-15T13:50:07.660+0200][489,819s] GC(1322) Pause Initial Mark 470M->470M(490M) 36,143ms
[2019-04-15T13:50:07.660+0200][489,819s] GC(1322) User=0,04s Sys=0,00s Real=0,04s
[2019-04-15T13:50:07.660+0200][489,819s] GC(1322) Concurrent Mark
[2019-04-15T13:50:07.660+0200][489,819s] GC(1322) Using 4 workers of 4 for marking
[2019-04-15T13:50:07.777+0200][489,936s] GC(1322) Concurrent Mark 117,150ms
[2019-04-15T13:50:07.777+0200][489,936s] GC(1322) User=0,46s Sys=0,00s Real=0,12s
[2019-04-15T13:50:07.777+0200][489,936s] GC(1322) Concurrent Preclean
[2019-04-15T13:50:07.826+0200][489,985s] GC(1323) Pause Full (Allocation Failure)
[2019-04-15T13:50:07.909+0200][490,068s] GC(1322) Concurrent Preclean 131,328ms
[2019-04-15T13:50:07.909+0200][490,068s] GC(1322) User=0,18s Sys=0,00s Real=0,13s
[2019-04-15T13:50:07.909+0200][490,068s] GC(1323) Phase 1: Mark live objects
[2019-04-15T13:50:08.087+0200][490,246s] GC(1323) Phase 1: Mark live objects 177,653ms
[2019-04-15T13:50:08.087+0200][490,246s] GC(1323) Phase 2: Compute new object addresses
[2019-04-15T13:50:08.215+0200][490,374s] GC(1323) Phase 2: Compute new object addresses 128,091ms
[2019-04-15T13:50:08.215+0200][490,374s] GC(1323) Phase 3: Adjust pointers
[2019-04-15T13:50:08.341+0200][490,500s] GC(1323) Phase 3: Adjust pointers 126,525ms
[2019-04-15T13:50:08.341+0200][490,500s] GC(1323) Phase 4: Move objects
[2019-04-15T13:50:08.356+0200][490,515s] GC(1323) Phase 4: Move objects 14,704ms
[2019-04-15T13:50:08.357+0200][490,516s] GC(1323) ParNew: 109247K->94735K(109248K)
[2019-04-15T13:50:08.357+0200][490,516s] GC(1323) CMS: 393215K->393215K(393216K)
[2019-04-15T13:50:08.357+0200][490,516s] GC(1323) Metaspace: 85635K->85635K(1128448K)
[2019-04-15T13:50:08.357+0200][490,516s] GC(1323) Pause Full (Allocation Failure) 490M->476M(490M) 531,074ms
[2019-04-15T13:50:08.357+0200][490,516s] GC(1323) User=0,53s Sys=0,00s Real=0,53s
[2019-04-15T13:50:08.441+0200][490,600s] GC(1324) Pause Full (Allocation Failure)
[2019-04-15T13:50:08.441+0200][490,600s] GC(1324) Phase 1: Mark live objects
[2019-04-15T13:50:08.607+0200][490,766s] GC(1324) Phase 1: Mark live objects 165,526ms
[2019-04-15T13:50:08.607+0200][490,766s] GC(1324) Phase 2: Compute new object addresses
[2019-04-15T13:50:08.731+0200][490,890s] GC(1324) Phase 2: Compute new object addresses 123,847ms
[2019-04-15T13:50:08.731+0200][490,890s] GC(1324) Phase 3: Adjust pointers
[2019-04-15T13:50:08.856+0200][491,015s] GC(1324) Phase 3: Adjust pointers 124,978ms
[2019-04-15T13:50:08.856+0200][491,015s] GC(1324) Phase 4: Move objects
[2019-04-15T13:50:08.859+0200][491,018s] GC(1324) Phase 4: Move objects 3,740ms
[2019-04-15T13:50:08.860+0200][491,019s] GC(1324) ParNew: 109247K->97484K(109248K)
[2019-04-15T13:50:08.860+0200][491,019s] GC(1324) CMS: 393215K->393215K(393216K)
[2019-04-15T13:50:08.860+0200][491,019s] GC(1324) Metaspace: 85635K->85635K(1128448K)
[2019-04-15T13:50:08.860+0200][491,019s] GC(1324) Pause Full (Allocation Failure) 490M->479M(490M) 419,376ms
[2019-04-15T13:50:08.860+0200][491,019s] GC(1324) User=0,42s Sys=0,00s Real=0,42s
[2019-04-15T13:50:08.860+0200][491,019s] GC(1325) Pause Initial Mark
[2019-04-15T13:50:08.900+0200][491,059s] GC(1325) Pause Initial Mark 479M->479M(490M) 39,778ms
[2019-04-15T13:50:08.900+0200][491,059s] GC(1325) User=0,05s Sys=0,00s Real=0,04s
[2019-04-15T13:50:08.900+0200][491,059s] GC(1325) Concurrent Mark
[2019-04-15T13:50:08.900+0200][491,059s] GC(1325) Using 4 workers of 4 for marking
[2019-04-15T13:50:09.009+0200][491,168s] GC(1326) Pause Full (Allocation Failure)
[2019-04-15T13:50:09.011+0200][491,170s] GC(1325) Concurrent Mark 110,890ms
[2019-04-15T13:50:09.011+0200][491,170s] GC(1325) User=0,42s Sys=0,00s Real=0,11s
[2019-04-15T13:50:09.011+0200][491,170s] GC(1326) Phase 1: Mark live objects
[2019-04-15T13:50:09.182+0200][491,341s] GC(1326) Phase 1: Mark live objects 171,129ms
[2019-04-15T13:50:09.182+0200][491,341s] GC(1326) Phase 2: Compute new object addresses
[2019-04-15T13:50:09.302+0200][491,461s] GC(1326) Phase 2: Compute new object addresses 119,847ms
[2019-04-15T13:50:09.302+0200][491,461s] GC(1326) Phase 3: Adjust pointers
[2019-04-15T13:50:09.429+0200][491,588s] GC(1326) Phase 3: Adjust pointers 126,994ms
[2019-04-15T13:50:09.429+0200][491,588s] GC(1326) Phase 4: Move objects
[2019-04-15T13:50:09.495+0200][491,654s] GC(1326) Phase 4: Move objects 65,568ms
[2019-04-15T13:50:09.496+0200][491,655s] GC(1326) ParNew: 109247K->87670K(109248K)
[2019-04-15T13:50:09.496+0200][491,655s] GC(1326) CMS: 393215K->393215K(393216K)
[2019-04-15T13:50:09.496+0200][491,655s] GC(1326) Metaspace: 85635K->85635K(1128448K)
[2019-04-15T13:50:09.496+0200][491,655s] GC(1326) Pause Full (Allocation Failure) 490M->469M(490M) 486,962ms
[2019-04-15T13:50:09.496+0200][491,655s] GC(1326) User=0,48s Sys=0,00s Real=0,49s
[2019-04-15T13:50:09.616+0200][491,775s] GC(1327) Pause Full (Allocation Failure)
[2019-04-15T13:50:09.617+0200][491,775s] GC(1327) Phase 1: Mark live objects
[2019-04-15T13:50:09.783+0200][491,942s] GC(1327) Phase 1: Mark live objects 166,629ms
[2019-04-15T13:50:09.783+0200][491,942s] GC(1327) Phase 2: Compute new object addresses
[2019-04-15T13:50:09.903+0200][492,062s] GC(1327) Phase 2: Compute new object addresses 119,631ms
[2019-04-15T13:50:09.903+0200][492,062s] GC(1327) Phase 3: Adjust pointers
[2019-04-15T13:50:10.039+0200][492,198s] GC(1327) Phase 3: Adjust pointers 136,231ms
[2019-04-15T13:50:10.039+0200][492,198s] GC(1327) Phase 4: Move objects
[2019-04-15T13:50:10.099+0200][492,258s] GC(1327) Phase 4: Move objects 59,701ms
[2019-04-15T13:50:10.100+0200][492,258s] GC(1327) ParNew: 109248K->93116K(109248K)
[2019-04-15T13:50:10.100+0200][492,258s] GC(1327) CMS: 393215K->393215K(393216K)
[2019-04-15T13:50:10.100+0200][492,258s] GC(1327) Metaspace: 85635K->85635K(1128448K)
[2019-04-15T13:50:10.100+0200][492,259s] GC(1327) Pause Full (Allocation Failure) 490M->474M(490M) 483,445ms
[2019-04-15T13:50:10.100+0200][492,259s] GC(1327) User=0,47s Sys=0,00s Real=0,48s
[2019-04-15T13:50:10.100+0200][492,259s] GC(1328) Pause Initial Mark
[2019-04-15T13:50:10.143+0200][492,302s] GC(1328) Pause Initial Mark 474M->474M(490M) 43,389ms
[2019-04-15T13:50:10.143+0200][492,302s] GC(1328) User=0,04s Sys=0,01s Real=0,04s
[2019-04-15T13:50:10.143+0200][492,302s] GC(1328) Concurrent Mark
[2019-04-15T13:50:10.143+0200][492,302s] GC(1328) Using 4 workers of 4 for marking
[2019-04-15T13:50:10.265+0200][492,424s] GC(1328) Concurrent Mark 121,605ms
[2019-04-15T13:50:10.265+0200][492,424s] GC(1328) User=0,47s Sys=0,00s Real=0,13s
[2019-04-15T13:50:10.265+0200][492,424s] GC(1328) Concurrent Preclean
[2019-04-15T13:50:10.304+0200][492,463s] GC(1329) Pause Full (Allocation Failure)
[2019-04-15T13:50:10.406+0200][492,565s] GC(1328) Concurrent Preclean 141,309ms
[2019-04-15T13:50:10.407+0200][492,565s] GC(1328) User=0,18s Sys=0,00s Real=0,14s
[2019-04-15T13:50:10.407+0200][492,566s] GC(1329) Phase 1: Mark live objects
[2019-04-15T13:50:10.577+0200][492,736s] GC(1329) Phase 1: Mark live objects 170,209ms
[2019-04-15T13:50:10.577+0200][492,736s] GC(1329) Phase 2: Compute new object addresses
[2019-04-15T13:50:10.705+0200][492,864s] GC(1329) Phase 2: Compute new object addresses 128,163ms
[2019-04-15T13:50:10.705+0200][492,864s] GC(1329) Phase 3: Adjust pointers
[2019-04-15T13:50:10.828+0200][492,987s] GC(1329) Phase 3: Adjust pointers 123,240ms
[2019-04-15T13:50:10.828+0200][492,987s] GC(1329) Phase 4: Move objects
[2019-04-15T13:50:10.835+0200][492,994s] GC(1329) Phase 4: Move objects 6,290ms
[2019-04-15T13:50:10.835+0200][492,994s] GC(1329) ParNew: 109247K->95044K(109248K)
[2019-04-15T13:50:10.835+0200][492,994s] GC(1329) CMS: 393215K->393215K(393216K)
[2019-04-15T13:50:10.835+0200][492,994s] GC(1329) Metaspace: 85635K->85635K(1128448K)
[2019-04-15T13:50:10.835+0200][492,994s] GC(1329) Pause Full (Allocation Failure) 490M->476M(490M) 531,501ms
[2019-04-15T13:50:10.835+0200][492,994s] GC(1329) User=0,52s Sys=0,00s Real=0,54s
[2019-04-15T13:50:10.910+0200][493,069s] GC(1330) Pause Full (Allocation Failure)
[2019-04-15T13:50:10.910+0200][493,069s] GC(1330) Phase 1: Mark live objects
[2019-04-15T13:50:11.082+0200][493,241s] GC(1330) Phase 1: Mark live objects 171,811ms
[2019-04-15T13:50:11.082+0200][493,241s] GC(1330) Phase 2: Compute new object addresses
[2019-04-15T13:50:11.211+0200][493,370s] GC(1330) Phase 2: Compute new object addresses 129,284ms
[2019-04-15T13:50:11.212+0200][493,370s] GC(1330) Phase 3: Adjust pointers
[2019-04-15T13:50:11.337+0200][493,496s] GC(1330) Phase 3: Adjust pointers 125,433ms
[2019-04-15T13:50:11.337+0200][493,496s] GC(1330) Phase 4: Move objects
[2019-04-15T13:50:11.341+0200][493,500s] GC(1330) Phase 4: Move objects 3,723ms
[2019-04-15T13:50:11.341+0200][493,500s] GC(1330) ParNew: 109247K->99302K(109248K)
[2019-04-15T13:50:11.341+0200][493,500s] GC(1330) CMS: 393215K->393215K(393216K)
[2019-04-15T13:50:11.341+0200][493,500s] GC(1330) Metaspace: 85635K->85635K(1128448K)
[2019-04-15T13:50:11.341+0200][493,500s] GC(1330) Pause Full (Allocation Failure) 490M->480M(490M) 431,413ms
[2019-04-15T13:50:11.341+0200][493,500s] GC(1330) User=0,43s Sys=0,00s Real=0,43s
[2019-04-15T13:50:11.342+0200][493,501s] GC(1331) Pause Initial Mark
[2019-04-15T13:50:11.387+0200][493,546s] GC(1331) Pause Initial Mark 480M->480M(490M) 45,334ms
[2019-04-15T13:50:11.387+0200][493,546s] GC(1331) User=0,06s Sys=0,00s Real=0,05s
[2019-04-15T13:50:11.387+0200][493,546s] GC(1331) Concurrent Mark
[2019-04-15T13:50:11.387+0200][493,546s] GC(1331) Using 4 workers of 4 for marking
[2019-04-15T13:50:11.488+0200][493,647s] GC(1331) Concurrent Mark 101,042ms
[2019-04-15T13:50:11.488+0200][493,647s] GC(1331) User=0,39s Sys=0,00s Real=0,10s
[2019-04-15T13:50:11.488+0200][493,647s] GC(1331) Concurrent Preclean
[2019-04-15T13:50:11.512+0200][493,671s] GC(1332) Pause Full (Allocation Failure)
[2019-04-15T13:50:11.619+0200][493,778s] GC(1331) Concurrent Preclean 130,343ms
[2019-04-15T13:50:11.619+0200][493,778s] GC(1331) User=0,16s Sys=0,00s Real=0,13s
[2019-04-15T13:50:11.619+0200][493,778s] GC(1332) Phase 1: Mark live objects
[2019-04-15T13:50:11.788+0200][493,947s] GC(1332) Phase 1: Mark live objects 169,016ms
[2019-04-15T13:50:11.788+0200][493,947s] GC(1332) Phase 2: Compute new object addresses
[2019-04-15T13:50:11.913+0200][494,072s] GC(1332) Phase 2: Compute new object addresses 125,058ms
[2019-04-15T13:50:11.913+0200][494,072s] GC(1332) Phase 3: Adjust pointers
[2019-04-15T13:50:12.045+0200][494,204s] GC(1332) Phase 3: Adjust pointers 131,771ms
[2019-04-15T13:50:12.045+0200][494,204s] GC(1332) Phase 4: Move objects
[2019-04-15T13:50:12.111+0200][494,270s] GC(1332) Phase 4: Move objects 65,757ms
[2019-04-15T13:50:12.111+0200][494,270s] GC(1332) ParNew: 109248K->87895K(109248K)
[2019-04-15T13:50:12.111+0200][494,270s] GC(1332) CMS: 393215K->393215K(393216K)
[2019-04-15T13:50:12.111+0200][494,270s] GC(1332) Metaspace: 85635K->85635K(1128448K)
[2019-04-15T13:50:12.111+0200][494,270s] GC(1332) Pause Full (Allocation Failure) 490M->469M(490M) 599,427ms
[2019-04-15T13:50:12.111+0200][494,270s] GC(1332) User=0,60s Sys=0,00s Real=0,60s
[2019-04-15T13:50:12.226+0200][494,384s] GC(1333) Pause Full (Allocation Failure)
[2019-04-15T13:50:12.226+0200][494,385s] GC(1333) Phase 1: Mark live objects
[2019-04-15T13:50:12.396+0200][494,555s] GC(1333) Phase 1: Mark live objects 169,671ms
[2019-04-15T13:50:12.396+0200][494,555s] GC(1333) Phase 2: Compute new object addresses
[2019-04-15T13:50:12.524+0200][494,683s] GC(1333) Phase 2: Compute new object addresses 128,164ms
[2019-04-15T13:50:12.524+0200][494,683s] GC(1333) Phase 3: Adjust pointers
[2019-04-15T13:50:12.650+0200][494,809s] GC(1333) Phase 3: Adjust pointers 126,004ms
[2019-04-15T13:50:12.650+0200][494,809s] GC(1333) Phase 4: Move objects
[2019-04-15T13:50:12.670+0200][494,829s] GC(1333) Phase 4: Move objects 19,956ms
[2019-04-15T13:50:12.670+0200][494,829s] GC(1333) ParNew: 109247K->94464K(109248K)
[2019-04-15T13:50:12.671+0200][494,829s] GC(1333) CMS: 393215K->393215K(393216K)
[2019-04-15T13:50:12.671+0200][494,829s] GC(1333) Metaspace: 85635K->85635K(1128448K)
[2019-04-15T13:50:12.671+0200][494,829s] GC(1333) Pause Full (Allocation Failure) 490M->476M(490M) 444,972ms
[2019-04-15T13:50:12.671+0200][494,829s] GC(1333) User=0,45s Sys=0,00s Real=0,44s
[2019-04-15T13:50:12.671+0200][494,830s] GC(1334) Pause Initial Mark
[2019-04-15T13:50:12.715+0200][494,874s] GC(1334) Pause Initial Mark 476M->476M(490M) 44,046ms
[2019-04-15T13:50:12.715+0200][494,874s] GC(1334) User=0,05s Sys=0,00s Real=0,05s
[2019-04-15T13:50:12.715+0200][494,874s] GC(1334) Concurrent Mark
[2019-04-15T13:50:12.715+0200][494,874s] GC(1334) Using 4 workers of 4 for marking
[2019-04-15T13:50:12.836+0200][494,995s] GC(1334) Concurrent Mark 121,188ms
[2019-04-15T13:50:12.836+0200][494,995s] GC(1334) User=0,46s Sys=0,01s Real=0,12s
[2019-04-15T13:50:12.836+0200][494,995s] GC(1334) Concurrent Preclean
[2019-04-15T13:50:12.851+0200][495,010s] GC(1335) Pause Full (Allocation Failure)
[2019-04-15T13:50:12.972+0200][495,131s] GC(1334) Concurrent Preclean 136,155ms
[2019-04-15T13:50:12.972+0200][495,131s] GC(1334) User=0,16s Sys=0,00s Real=0,13s
[2019-04-15T13:50:12.973+0200][495,131s] GC(1335) Phase 1: Mark live objects
[2019-04-15T13:50:13.149+0200][495,307s] GC(1335) Phase 1: Mark live objects 176,029ms
[2019-04-15T13:50:13.149+0200][495,308s] GC(1335) Phase 2: Compute new object addresses
[2019-04-15T13:50:13.278+0200][495,437s] GC(1335) Phase 2: Compute new object addresses 129,504ms
[2019-04-15T13:50:13.278+0200][495,437s] GC(1335) Phase 3: Adjust pointers
[2019-04-15T13:50:13.407+0200][495,566s] GC(1335) Phase 3: Adjust pointers 128,507ms
[2019-04-15T13:50:13.407+0200][495,566s] GC(1335) Phase 4: Move objects
[2019-04-15T13:50:13.412+0200][495,571s] GC(1335) Phase 4: Move objects 5,762ms
[2019-04-15T13:50:13.413+0200][495,572s] GC(1335) ParNew: 109247K->97709K(109248K)
[2019-04-15T13:50:13.413+0200][495,572s] GC(1335) CMS: 393216K->393216K(393216K)
[2019-04-15T13:50:13.413+0200][495,572s] GC(1335) Metaspace: 85635K->85635K(1128448K)
[2019-04-15T13:50:13.413+0200][495,572s] GC(1335) Pause Full (Allocation Failure) 490M->479M(490M) 562,528ms
[2019-04-15T13:50:13.413+0200][495,572s] GC(1335) User=0,57s Sys=0,00s Real=0,57s
[2019-04-15T13:50:13.472+0200][495,631s] GC(1336) Pause Full (Allocation Failure)
[2019-04-15T13:50:13.473+0200][495,632s] GC(1336) Phase 1: Mark live objects
[2019-04-15T13:50:13.643+0200][495,802s] GC(1336) Phase 1: Mark live objects 169,876ms
[2019-04-15T13:50:13.643+0200][495,802s] GC(1336) Phase 2: Compute new object addresses
[2019-04-15T13:50:13.766+0200][495,925s] GC(1336) Phase 2: Compute new object addresses 123,110ms
[2019-04-15T13:50:13.766+0200][495,925s] GC(1336) Phase 3: Adjust pointers
[2019-04-15T13:50:13.899+0200][496,058s] GC(1336) Phase 3: Adjust pointers 132,881ms
[2019-04-15T13:50:13.899+0200][496,058s] GC(1336) Phase 4: Move objects
[2019-04-15T13:50:13.961+0200][496,120s] GC(1336) Phase 4: Move objects 61,977ms
[2019-04-15T13:50:13.962+0200][496,120s] GC(1336) ParNew: 109248K->101191K(109248K)
[2019-04-15T13:50:13.962+0200][496,121s] GC(1336) CMS: 393216K->393215K(393216K)
[2019-04-15T13:50:13.962+0200][496,121s] GC(1336) Metaspace: 85635K->85635K(1128448K)
[2019-04-15T13:50:13.962+0200][496,121s] GC(1336) Pause Full (Allocation Failure) 490M->482M(490M) 489,129ms
[2019-04-15T13:50:13.962+0200][496,121s] GC(1336) User=0,49s Sys=0,00s Real=0,49s
[2019-04-15T13:50:13.962+0200][496,121s] GC(1337) Pause Initial Mark
[2019-04-15T13:50:14.007+0200][496,166s] GC(1337) Pause Initial Mark 482M->482M(490M) 44,963ms
[2019-04-15T13:50:14.007+0200][496,166s] GC(1337) User=0,05s Sys=0,00s Real=0,05s
[2019-04-15T13:50:14.007+0200][496,166s] GC(1337) Concurrent Mark
[2019-04-15T13:50:14.007+0200][496,166s] GC(1337) Using 4 workers of 4 for marking
[2019-04-15T13:50:14.113+0200][496,272s] GC(1338) Pause Full (Allocation Failure)
[2019-04-15T13:50:14.143+0200][496,302s] GC(1337) Concurrent Mark 135,712ms
[2019-04-15T13:50:14.143+0200][496,302s] GC(1337) User=0,43s Sys=0,00s Real=0,13s
[2019-04-15T13:50:14.143+0200][496,302s] GC(1338) Phase 1: Mark live objects
[2019-04-15T13:50:14.311+0200][496,470s] GC(1338) Phase 1: Mark live objects 167,752ms
[2019-04-15T13:50:14.311+0200][496,470s] GC(1338) Phase 2: Compute new object addresses
[2019-04-15T13:50:14.433+0200][496,592s] GC(1338) Phase 2: Compute new object addresses 122,654ms
[2019-04-15T13:50:14.433+0200][496,592s] GC(1338) Phase 3: Adjust pointers
[2019-04-15T13:50:14.563+0200][496,721s] GC(1338) Phase 3: Adjust pointers 129,140ms
[2019-04-15T13:50:14.563+0200][496,721s] GC(1338) Phase 4: Move objects
[2019-04-15T13:50:14.630+0200][496,789s] GC(1338) Phase 4: Move objects 67,112ms
[2019-04-15T13:50:14.630+0200][496,789s] GC(1338) ParNew: 109247K->95190K(109248K)
[2019-04-15T13:50:14.630+0200][496,789s] GC(1338) CMS: 393215K->393215K(393216K)
[2019-04-15T13:50:14.630+0200][496,789s] GC(1338) Metaspace: 85635K->85635K(1128448K)
[2019-04-15T13:50:14.630+0200][496,789s] GC(1338) Pause Full (Allocation Failure) 490M->476M(490M) 517,403ms
[2019-04-15T13:50:14.630+0200][496,789s] GC(1338) User=0,60s Sys=0,00s Real=0,51s
[2019-04-15T13:50:14.706+0200][496,865s] GC(1339) Pause Full (Allocation Failure)
[2019-04-15T13:50:14.707+0200][496,866s] GC(1339) Phase 1: Mark live objects
[2019-04-15T13:50:14.875+0200][497,034s] GC(1339) Phase 1: Mark live objects 168,070ms
[2019-04-15T13:50:14.875+0200][497,034s] GC(1339) Phase 2: Compute new object addresses
[2019-04-15T13:50:15.001+0200][497,160s] GC(1339) Phase 2: Compute new object addresses 125,944ms
[2019-04-15T13:50:15.001+0200][497,160s] GC(1339) Phase 3: Adjust pointers
[2019-04-15T13:50:15.127+0200][497,286s] GC(1339) Phase 3: Adjust pointers 126,684ms
[2019-04-15T13:50:15.127+0200][497,286s] GC(1339) Phase 4: Move objects
[2019-04-15T13:50:15.131+0200][497,290s] GC(1339) Phase 4: Move objects 3,731ms
[2019-04-15T13:50:15.132+0200][497,291s] GC(1339) ParNew: 109248K->99453K(109248K)
[2019-04-15T13:50:15.132+0200][497,291s] GC(1339) CMS: 393216K->393216K(393216K)
[2019-04-15T13:50:15.132+0200][497,291s] GC(1339) Metaspace: 85635K->85635K(1128448K)
[2019-04-15T13:50:15.132+0200][497,291s] GC(1339) Pause Full (Allocation Failure) 490M->481M(490M) 425,637ms
[2019-04-15T13:50:15.132+0200][497,291s] GC(1339) User=0,43s Sys=0,00s Real=0,42s
[2019-04-15T13:50:15.132+0200][497,291s] GC(1340) Pause Initial Mark
[2019-04-15T13:50:15.177+0200][497,336s] GC(1340) Pause Initial Mark 481M->481M(490M) 44,676ms
[2019-04-15T13:50:15.177+0200][497,336s] GC(1340) User=0,05s Sys=0,00s Real=0,05s
[2019-04-15T13:50:15.177+0200][497,336s] GC(1340) Concurrent Mark
[2019-04-15T13:50:15.177+0200][497,336s] GC(1340) Using 4 workers of 4 for marking
[2019-04-15T13:50:15.268+0200][497,427s] GC(1341) Pause Full (Allocation Failure)
[2019-04-15T13:50:15.289+0200][497,448s] GC(1340) Concurrent Mark 111,962ms
[2019-04-15T13:50:15.289+0200][497,448s] GC(1340) User=0,43s Sys=0,00s Real=0,11s
[2019-04-15T13:50:15.289+0200][497,448s] GC(1341) Phase 1: Mark live objects
[2019-04-15T13:50:15.464+0200][497,623s] GC(1341) Phase 1: Mark live objects 175,060ms
[2019-04-15T13:50:15.464+0200][497,623s] GC(1341) Phase 2: Compute new object addresses
[2019-04-15T13:50:15.585+0200][497,744s] GC(1341) Phase 2: Compute new object addresses 120,384ms
[2019-04-15T13:50:15.585+0200][497,744s] GC(1341) Phase 3: Adjust pointers
[2019-04-15T13:50:15.720+0200][497,879s] GC(1341) Phase 3: Adjust pointers 135,323ms
[2019-04-15T13:50:15.720+0200][497,879s] GC(1341) Phase 4: Move objects
[2019-04-15T13:50:15.789+0200][497,948s] GC(1341) Phase 4: Move objects 69,048ms
[2019-04-15T13:50:15.790+0200][497,949s] GC(1341) ParNew: 109247K->101350K(109248K)
[2019-04-15T13:50:15.790+0200][497,949s] GC(1341) CMS: 393216K->393216K(393216K)
[2019-04-15T13:50:15.790+0200][497,949s] GC(1341) Metaspace: 85635K->85635K(1128448K)
[2019-04-15T13:50:15.790+0200][497,949s] GC(1341) Pause Full (Allocation Failure) 490M->482M(490M) 522,114ms
[2019-04-15T13:50:15.790+0200][497,949s] GC(1341) User=0,58s Sys=0,00s Real=0,52s
[2019-04-15T13:50:15.835+0200][497,993s] GC(1342) Pause Full (Allocation Failure)
[2019-04-15T13:50:15.835+0200][497,994s] GC(1342) Phase 1: Mark live objects
[2019-04-15T13:50:16.008+0200][498,167s] GC(1342) Phase 1: Mark live objects 172,990ms
[2019-04-15T13:50:16.008+0200][498,167s] GC(1342) Phase 2: Compute new object addresses
[2019-04-15T13:50:16.137+0200][498,296s] GC(1342) Phase 2: Compute new object addresses 129,119ms
[2019-04-15T13:50:16.137+0200][498,296s] GC(1342) Phase 3: Adjust pointers
[2019-04-15T13:50:16.267+0200][498,426s] GC(1342) Phase 3: Adjust pointers 129,809ms
[2019-04-15T13:50:16.267+0200][498,426s] GC(1342) Phase 4: Move objects
[2019-04-15T13:50:16.270+0200][498,429s] GC(1342) Phase 4: Move objects 3,215ms
[2019-04-15T13:50:16.271+0200][498,430s] GC(1342) ParNew: 109247K->103735K(109248K)
[2019-04-15T13:50:16.271+0200][498,430s] GC(1342) CMS: 393216K->393216K(393216K)
[2019-04-15T13:50:16.271+0200][498,430s] GC(1342) Metaspace: 85635K->85635K(1128448K)
[2019-04-15T13:50:16.271+0200][498,430s] GC(1342) Pause Full (Allocation Failure) 490M->485M(490M) 436,318ms
[2019-04-15T13:50:16.271+0200][498,430s] GC(1342) User=0,44s Sys=0,00s Real=0,43s
[2019-04-15T13:50:16.271+0200][498,430s] GC(1343) Pause Initial Mark
[2019-04-15T13:50:16.316+0200][498,474s] GC(1343) Pause Initial Mark 485M->485M(490M) 44,455ms
[2019-04-15T13:50:16.316+0200][498,474s] GC(1343) User=0,06s Sys=0,00s Real=0,05s
[2019-04-15T13:50:16.316+0200][498,475s] GC(1343) Concurrent Mark
[2019-04-15T13:50:16.316+0200][498,475s] GC(1343) Using 4 workers of 4 for marking
[2019-04-15T13:50:16.367+0200][498,526s] GC(1344) Pause Full (Allocation Failure)
[2019-04-15T13:50:16.416+0200][498,575s] GC(1343) Concurrent Mark 100,777ms
[2019-04-15T13:50:16.416+0200][498,575s] GC(1343) User=0,37s Sys=0,00s Real=0,10s
[2019-04-15T13:50:16.417+0200][498,576s] GC(1344) Phase 1: Mark live objects
[2019-04-15T13:50:16.587+0200][498,746s] GC(1344) Phase 1: Mark live objects 170,103ms
[2019-04-15T13:50:16.587+0200][498,746s] GC(1344) Phase 2: Compute new object addresses
[2019-04-15T13:50:16.716+0200][498,875s] GC(1344) Phase 2: Compute new object addresses 128,963ms
[2019-04-15T13:50:16.716+0200][498,875s] GC(1344) Phase 3: Adjust pointers
[2019-04-15T13:50:16.846+0200][499,005s] GC(1344) Phase 3: Adjust pointers 130,421ms
[2019-04-15T13:50:16.846+0200][499,005s] GC(1344) Phase 4: Move objects
[2019-04-15T13:50:16.854+0200][499,013s] GC(1344) Phase 4: Move objects 8,128ms
[2019-04-15T13:50:16.855+0200][499,014s] GC(1344) ParNew: 109247K->105435K(109248K)
[2019-04-15T13:50:16.855+0200][499,014s] GC(1344) CMS: 393216K->393216K(393216K)
[2019-04-15T13:50:16.855+0200][499,014s] GC(1344) Metaspace: 85635K->85635K(1128448K)
[2019-04-15T13:50:16.855+0200][499,014s] GC(1344) Pause Full (Allocation Failure) 490M->486M(490M) 488,138ms
[2019-04-15T13:50:16.855+0200][499,014s] GC(1344) User=0,61s Sys=0,00s Real=0,49s
[2019-04-15T13:50:16.873+0200][499,032s] GC(1345) Pause Full (Allocation Failure)
[2019-04-15T13:50:16.874+0200][499,033s] GC(1345) Phase 1: Mark live objects
[2019-04-15T13:50:17.051+0200][499,210s] GC(1345) Phase 1: Mark live objects 177,632ms
[2019-04-15T13:50:17.051+0200][499,210s] GC(1345) Phase 2: Compute new object addresses
[2019-04-15T13:50:17.190+0200][499,349s] GC(1345) Phase 2: Compute new object addresses 138,899ms
[2019-04-15T13:50:17.190+0200][499,349s] GC(1345) Phase 3: Adjust pointers
[2019-04-15T13:50:17.320+0200][499,479s] GC(1345) Phase 3: Adjust pointers 129,885ms
[2019-04-15T13:50:17.320+0200][499,479s] GC(1345) Phase 4: Move objects
[2019-04-15T13:50:17.321+0200][499,480s] GC(1345) Phase 4: Move objects 0,957ms
[2019-04-15T13:50:17.322+0200][499,481s] GC(1345) ParNew: 109247K->106680K(109248K)
[2019-04-15T13:50:17.322+0200][499,481s] GC(1345) CMS: 393216K->393216K(393216K)
[2019-04-15T13:50:17.322+0200][499,481s] GC(1345) Metaspace: 85635K->85635K(1128448K)
[2019-04-15T13:50:17.322+0200][499,481s] GC(1345) Pause Full (Allocation Failure) 490M->488M(490M) 448,671ms
[2019-04-15T13:50:17.322+0200][499,481s] GC(1345) User=0,45s Sys=0,00s Real=0,44s
[2019-04-15T13:50:17.322+0200][499,481s] GC(1346) Pause Initial Mark
[2019-04-15T13:50:17.369+0200][499,528s] GC(1346) Pause Initial Mark 488M->488M(490M) 46,483ms
[2019-04-15T13:50:17.369+0200][499,528s] GC(1346) User=0,06s Sys=0,00s Real=0,05s
[2019-04-15T13:50:17.369+0200][499,528s] GC(1346) Concurrent Mark
[2019-04-15T13:50:17.369+0200][499,528s] GC(1346) Using 4 workers of 4 for marking
[2019-04-15T13:50:17.424+0200][499,583s] GC(1347) Pause Full (Allocation Failure)
[2019-04-15T13:50:17.468+0200][499,627s] GC(1346) Concurrent Mark 99,639ms
[2019-04-15T13:50:17.468+0200][499,627s] GC(1346) User=0,38s Sys=0,00s Real=0,10s
[2019-04-15T13:50:17.469+0200][499,628s] GC(1347) Phase 1: Mark live objects
[2019-04-15T13:50:17.638+0200][499,797s] GC(1347) Phase 1: Mark live objects 169,730ms
[2019-04-15T13:50:17.638+0200][499,797s] GC(1347) Phase 2: Compute new object addresses
[2019-04-15T13:50:17.758+0200][499,917s] GC(1347) Phase 2: Compute new object addresses 119,396ms
[2019-04-15T13:50:17.758+0200][499,917s] GC(1347) Phase 3: Adjust pointers
[2019-04-15T13:50:17.889+0200][500,048s] GC(1347) Phase 3: Adjust pointers 131,176ms
[2019-04-15T13:50:17.889+0200][500,048s] GC(1347) Phase 4: Move objects
[2019-04-15T13:50:17.959+0200][500,118s] GC(1347) Phase 4: Move objects 69,506ms
[2019-04-15T13:50:17.959+0200][500,118s] GC(1347) ParNew: 109247K->100759K(109248K)
[2019-04-15T13:50:17.959+0200][500,118s] GC(1347) CMS: 393216K->393215K(393216K)
[2019-04-15T13:50:17.959+0200][500,118s] GC(1347) Metaspace: 85635K->85635K(1128448K)
[2019-04-15T13:50:17.959+0200][500,118s] GC(1347) Pause Full (Allocation Failure) 490M->482M(490M) 535,762ms
[2019-04-15T13:50:17.959+0200][500,118s] GC(1347) User=0,67s Sys=0,00s Real=0,54s
[2019-04-15T13:50:18.005+0200][500,164s] GC(1348) Pause Full (Allocation Failure)
[2019-04-15T13:50:18.005+0200][500,164s] GC(1348) Phase 1: Mark live objects
[2019-04-15T13:50:18.177+0200][500,335s] GC(1348) Phase 1: Mark live objects 171,490ms
[2019-04-15T13:50:18.177+0200][500,336s] GC(1348) Phase 2: Compute new object addresses
[2019-04-15T13:50:18.305+0200][500,464s] GC(1348) Phase 2: Compute new object addresses 128,517ms
[2019-04-15T13:50:18.305+0200][500,464s] GC(1348) Phase 3: Adjust pointers
[2019-04-15T13:50:18.435+0200][500,594s] GC(1348) Phase 3: Adjust pointers 129,976ms
[2019-04-15T13:50:18.435+0200][500,594s] GC(1348) Phase 4: Move objects
[2019-04-15T13:50:18.438+0200][500,597s] GC(1348) Phase 4: Move objects 2,494ms
[2019-04-15T13:50:18.438+0200][500,597s] GC(1348) ParNew: 109247K->101819K(109248K)
[2019-04-15T13:50:18.438+0200][500,597s] GC(1348) CMS: 393215K->393215K(393216K)
[2019-04-15T13:50:18.438+0200][500,597s] GC(1348) Metaspace: 85635K->85635K(1128448K)
[2019-04-15T13:50:18.438+0200][500,597s] GC(1348) Pause Full (Allocation Failure) 490M->483M(490M) 433,636ms
[2019-04-15T13:50:18.438+0200][500,597s] GC(1348) User=0,43s Sys=0,00s Real=0,44s
[2019-04-15T13:50:18.439+0200][500,598s] GC(1349) Pause Initial Mark
[2019-04-15T13:50:18.481+0200][500,640s] GC(1349) Pause Initial Mark 483M->483M(490M) 42,444ms
[2019-04-15T13:50:18.481+0200][500,640s] GC(1349) User=0,05s Sys=0,00s Real=0,04s
[2019-04-15T13:50:18.481+0200][500,640s] GC(1349) Concurrent Mark
[2019-04-15T13:50:18.481+0200][500,640s] GC(1349) Using 4 workers of 4 for marking
[2019-04-15T13:50:18.553+0200][500,712s] GC(1350) Pause Full (Allocation Failure)
[2019-04-15T13:50:18.585+0200][500,744s] GC(1349) Concurrent Mark 103,523ms
[2019-04-15T13:50:18.585+0200][500,744s] GC(1349) User=0,39s Sys=0,01s Real=0,10s
[2019-04-15T13:50:18.585+0200][500,744s] GC(1350) Phase 1: Mark live objects
[2019-04-15T13:50:18.760+0200][500,919s] GC(1350) Phase 1: Mark live objects 175,101ms
[2019-04-15T13:50:18.760+0200][500,919s] GC(1350) Phase 2: Compute new object addresses
[2019-04-15T13:50:18.889+0200][501,048s] GC(1350) Phase 2: Compute new object addresses 128,440ms
[2019-04-15T13:50:18.889+0200][501,048s] GC(1350) Phase 3: Adjust pointers
[2019-04-15T13:50:19.022+0200][501,181s] GC(1350) Phase 3: Adjust pointers 133,740ms
[2019-04-15T13:50:19.022+0200][501,181s] GC(1350) Phase 4: Move objects
[2019-04-15T13:50:19.032+0200][501,191s] GC(1350) Phase 4: Move objects 9,442ms
[2019-04-15T13:50:19.033+0200][501,192s] GC(1350) ParNew: 109247K->103036K(109248K)
[2019-04-15T13:50:19.033+0200][501,192s] GC(1350) CMS: 393216K->393216K(393216K)
[2019-04-15T13:50:19.033+0200][501,192s] GC(1350) Metaspace: 85635K->85635K(1128448K)
[2019-04-15T13:50:19.033+0200][501,192s] GC(1350) Pause Full (Allocation Failure) 490M->484M(490M) 479,440ms
[2019-04-15T13:50:19.033+0200][501,192s] GC(1350) User=0,56s Sys=0,01s Real=0,47s
[2019-04-15T13:50:19.064+0200][501,223s] GC(1351) Pause Full (Allocation Failure)
[2019-04-15T13:50:19.065+0200][501,224s] GC(1351) Phase 1: Mark live objects
[2019-04-15T13:50:19.238+0200][501,397s] GC(1351) Phase 1: Mark live objects 172,773ms
[2019-04-15T13:50:19.238+0200][501,397s] GC(1351) Phase 2: Compute new object addresses
[2019-04-15T13:50:19.360+0200][501,519s] GC(1351) Phase 2: Compute new object addresses 122,275ms
[2019-04-15T13:50:19.360+0200][501,519s] GC(1351) Phase 3: Adjust pointers
[2019-04-15T13:50:19.489+0200][501,648s] GC(1351) Phase 3: Adjust pointers 128,652ms
[2019-04-15T13:50:19.489+0200][501,648s] GC(1351) Phase 4: Move objects
[2019-04-15T13:50:19.523+0200][501,682s] GC(1351) Phase 4: Move objects 34,294ms
[2019-04-15T13:50:19.524+0200][501,683s] GC(1351) ParNew: 109248K->104949K(109248K)
[2019-04-15T13:50:19.524+0200][501,683s] GC(1351) CMS: 393216K->393215K(393216K)
[2019-04-15T13:50:19.524+0200][501,683s] GC(1351) Metaspace: 85635K->85635K(1128448K)
[2019-04-15T13:50:19.524+0200][501,683s] GC(1351) Pause Full (Allocation Failure) 490M->486M(490M) 459,589ms
[2019-04-15T13:50:19.524+0200][501,683s] GC(1351) User=0,46s Sys=0,00s Real=0,46s
[2019-04-15T13:50:19.524+0200][501,683s] GC(1352) Pause Initial Mark
[2019-04-15T13:50:19.570+0200][501,729s] GC(1352) Pause Initial Mark 486M->486M(490M) 45,393ms
[2019-04-15T13:50:19.570+0200][501,729s] GC(1352) User=0,06s Sys=0,00s Real=0,05s
[2019-04-15T13:50:19.570+0200][501,729s] GC(1352) Concurrent Mark
[2019-04-15T13:50:19.570+0200][501,729s] GC(1352) Using 4 workers of 4 for marking
[2019-04-15T13:50:19.615+0200][501,774s] GC(1353) Pause Full (Allocation Failure)
[2019-04-15T13:50:19.665+0200][501,824s] GC(1352) Concurrent Mark 94,907ms
[2019-04-15T13:50:19.665+0200][501,824s] GC(1352) User=0,37s Sys=0,00s Real=0,09s
[2019-04-15T13:50:19.665+0200][501,824s] GC(1353) Phase 1: Mark live objects
[2019-04-15T13:50:19.839+0200][501,997s] GC(1353) Phase 1: Mark live objects 173,664ms
[2019-04-15T13:50:19.839+0200][501,997s] GC(1353) Phase 2: Compute new object addresses
[2019-04-15T13:50:19.966+0200][502,125s] GC(1353) Phase 2: Compute new object addresses 127,055ms
[2019-04-15T13:50:19.966+0200][502,125s] GC(1353) Phase 3: Adjust pointers
[2019-04-15T13:50:20.098+0200][502,257s] GC(1353) Phase 3: Adjust pointers 132,030ms
[2019-04-15T13:50:20.098+0200][502,257s] GC(1353) Phase 4: Move objects
[2019-04-15T13:50:20.121+0200][502,279s] GC(1353) Phase 4: Move objects 22,797ms
[2019-04-15T13:50:20.121+0200][502,280s] GC(1353) ParNew: 109247K->106235K(109248K)
[2019-04-15T13:50:20.121+0200][502,280s] GC(1353) CMS: 393215K->393215K(393216K)
[2019-04-15T13:50:20.121+0200][502,280s] GC(1353) Metaspace: 85635K->85635K(1128448K)
[2019-04-15T13:50:20.121+0200][502,280s] GC(1353) Pause Full (Allocation Failure) 490M->487M(490M) 505,840ms
[2019-04-15T13:50:20.121+0200][502,280s] GC(1353) User=0,64s Sys=0,00s Real=0,50s
[2019-04-15T13:50:20.135+0200][502,294s] GC(1354) Pause Full (Allocation Failure)
[2019-04-15T13:50:20.136+0200][502,295s] GC(1354) Phase 1: Mark live objects
[2019-04-15T13:50:20.313+0200][502,472s] GC(1354) Phase 1: Mark live objects 177,027ms
[2019-04-15T13:50:20.313+0200][502,472s] GC(1354) Phase 2: Compute new object addresses
[2019-04-15T13:50:20.445+0200][502,604s] GC(1354) Phase 2: Compute new object addresses 131,911ms
[2019-04-15T13:50:20.445+0200][502,604s] GC(1354) Phase 3: Adjust pointers
[2019-04-15T13:50:20.572+0200][502,731s] GC(1354) Phase 3: Adjust pointers 127,457ms
[2019-04-15T13:50:20.572+0200][502,731s] GC(1354) Phase 4: Move objects
[2019-04-15T13:50:20.574+0200][502,733s] GC(1354) Phase 4: Move objects 1,863ms
[2019-04-15T13:50:20.575+0200][502,734s] GC(1354) ParNew: 109247K->107240K(109248K)
[2019-04-15T13:50:20.575+0200][502,734s] GC(1354) CMS: 393215K->393215K(393216K)
[2019-04-15T13:50:20.575+0200][502,734s] GC(1354) Metaspace: 85635K->85635K(1128448K)
[2019-04-15T13:50:20.575+0200][502,734s] GC(1354) Pause Full (Allocation Failure) 490M->488M(490M) 439,679ms
[2019-04-15T13:50:20.575+0200][502,734s] GC(1354) User=0,44s Sys=0,00s Real=0,44s
[2019-04-15T13:50:20.575+0200][502,734s] GC(1355) Pause Initial Mark
[2019-04-15T13:50:20.622+0200][502,781s] GC(1355) Pause Initial Mark 488M->488M(490M) 47,196ms
[2019-04-15T13:50:20.622+0200][502,781s] GC(1355) User=0,06s Sys=0,00s Real=0,04s
[2019-04-15T13:50:20.622+0200][502,781s] GC(1355) Concurrent Mark
[2019-04-15T13:50:20.622+0200][502,781s] GC(1355) Using 4 workers of 4 for marking
[2019-04-15T13:50:20.642+0200][502,801s] GC(1356) Pause Full (Allocation Failure)
[2019-04-15T13:50:20.700+0200][502,859s] GC(1355) Concurrent Mark 77,508ms
[2019-04-15T13:50:20.700+0200][502,859s] GC(1355) User=0,30s Sys=0,00s Real=0,08s
[2019-04-15T13:50:20.700+0200][502,859s] GC(1356) Phase 1: Mark live objects
[2019-04-15T13:50:20.859+0200][503,018s] GC(1356) Phase 1: Mark live objects 158,807ms
[2019-04-15T13:50:20.859+0200][503,018s] GC(1356) Phase 2: Compute new object addresses
[2019-04-15T13:50:20.980+0200][503,139s] GC(1356) Phase 2: Compute new object addresses 121,270ms
[2019-04-15T13:50:20.980+0200][503,139s] GC(1356) Phase 3: Adjust pointers
[2019-04-15T13:50:21.101+0200][503,260s] GC(1356) Phase 3: Adjust pointers 120,554ms
[2019-04-15T13:50:21.101+0200][503,260s] GC(1356) Phase 4: Move objects
[2019-04-15T13:50:21.157+0200][503,316s] GC(1356) Phase 4: Move objects 55,937ms
[2019-04-15T13:50:21.158+0200][503,316s] GC(1356) ParNew: 109247K->74189K(109248K)
[2019-04-15T13:50:21.158+0200][503,316s] GC(1356) CMS: 393216K->393215K(393216K)
[2019-04-15T13:50:21.158+0200][503,316s] GC(1356) Metaspace: 85635K->85635K(1128448K)
[2019-04-15T13:50:21.158+0200][503,316s] GC(1356) Pause Full (Allocation Failure) 490M->456M(490M) 515,246ms
[2019-04-15T13:50:21.158+0200][503,317s] GC(1356) User=0,67s Sys=0,00s Real=0,52s
[2019-04-15T13:50:21.284+0200][503,443s] GC(1357) Pause Full (Allocation Failure)
[2019-04-15T13:50:21.284+0200][503,443s] GC(1357) Phase 1: Mark live objects
[2019-04-15T13:50:21.447+0200][503,606s] GC(1357) Phase 1: Mark live objects 162,540ms
[2019-04-15T13:50:21.447+0200][503,606s] GC(1357) Phase 2: Compute new object addresses
[2019-04-15T13:50:21.561+0200][503,720s] GC(1357) Phase 2: Compute new object addresses 114,053ms
[2019-04-15T13:50:21.561+0200][503,720s] GC(1357) Phase 3: Adjust pointers
[2019-04-15T13:50:21.685+0200][503,844s] GC(1357) Phase 3: Adjust pointers 124,590ms
[2019-04-15T13:50:21.685+0200][503,844s] GC(1357) Phase 4: Move objects
[2019-04-15T13:50:21.749+0200][503,908s] GC(1357) Phase 4: Move objects 63,275ms
[2019-04-15T13:50:21.749+0200][503,908s] GC(1357) ParNew: 109248K->82078K(109248K)
[2019-04-15T13:50:21.749+0200][503,908s] GC(1357) CMS: 393215K->393216K(393216K)
[2019-04-15T13:50:21.749+0200][503,908s] GC(1357) Metaspace: 85635K->85635K(1128448K)
[2019-04-15T13:50:21.749+0200][503,908s] GC(1357) Pause Full (Allocation Failure) 490M->464M(490M) 465,817ms
[2019-04-15T13:50:21.749+0200][503,908s] GC(1357) User=0,46s Sys=0,00s Real=0,47s
[2019-04-15T13:50:21.750+0200][503,909s] GC(1358) Pause Initial Mark
[2019-04-15T13:50:21.786+0200][503,945s] GC(1358) Pause Initial Mark 464M->464M(490M) 36,374ms
[2019-04-15T13:50:21.786+0200][503,945s] GC(1358) User=0,04s Sys=0,00s Real=0,04s
[2019-04-15T13:50:21.786+0200][503,945s] GC(1358) Concurrent Mark
[2019-04-15T13:50:21.786+0200][503,945s] GC(1358) Using 4 workers of 4 for marking
[2019-04-15T13:50:21.893+0200][504,052s] GC(1358) Concurrent Mark 106,565ms
[2019-04-15T13:50:21.893+0200][504,052s] GC(1358) User=0,42s Sys=0,00s Real=0,10s
[2019-04-15T13:50:21.893+0200][504,052s] GC(1358) Concurrent Preclean
[2019-04-15T13:50:21.973+0200][504,132s] GC(1359) Pause Full (Allocation Failure)
[2019-04-15T13:50:22.027+0200][504,186s] GC(1358) Concurrent Preclean 133,789ms
[2019-04-15T13:50:22.027+0200][504,186s] GC(1358) User=0,21s Sys=0,00s Real=0,14s
[2019-04-15T13:50:22.027+0200][504,186s] GC(1359) Phase 1: Mark live objects
[2019-04-15T13:50:22.198+0200][504,356s] GC(1359) Phase 1: Mark live objects 170,655ms
[2019-04-15T13:50:22.198+0200][504,356s] GC(1359) Phase 2: Compute new object addresses
[2019-04-15T13:50:22.323+0200][504,482s] GC(1359) Phase 2: Compute new object addresses 125,874ms
[2019-04-15T13:50:22.323+0200][504,482s] GC(1359) Phase 3: Adjust pointers
[2019-04-15T13:50:22.447+0200][504,606s] GC(1359) Phase 3: Adjust pointers 123,841ms
[2019-04-15T13:50:22.447+0200][504,606s] GC(1359) Phase 4: Move objects
[2019-04-15T13:50:22.457+0200][504,616s] GC(1359) Phase 4: Move objects 9,499ms
[2019-04-15T13:50:22.458+0200][504,616s] GC(1359) ParNew: 109247K->88396K(109248K)
[2019-04-15T13:50:22.458+0200][504,616s] GC(1359) CMS: 393216K->393216K(393216K)
[2019-04-15T13:50:22.458+0200][504,616s] GC(1359) Metaspace: 85635K->85635K(1128448K)
[2019-04-15T13:50:22.458+0200][504,617s] GC(1359) Pause Full (Allocation Failure) 490M->470M(490M) 484,860ms
[2019-04-15T13:50:22.458+0200][504,617s] GC(1359) User=0,48s Sys=0,00s Real=0,49s
[2019-04-15T13:50:22.574+0200][504,733s] GC(1360) Pause Full (Allocation Failure)
[2019-04-15T13:50:22.574+0200][504,733s] GC(1360) Phase 1: Mark live objects
[2019-04-15T13:50:22.744+0200][504,903s] GC(1360) Phase 1: Mark live objects 170,119ms
[2019-04-15T13:50:22.744+0200][504,903s] GC(1360) Phase 2: Compute new object addresses
[2019-04-15T13:50:22.870+0200][505,029s] GC(1360) Phase 2: Compute new object addresses 125,251ms
[2019-04-15T13:50:22.870+0200][505,029s] GC(1360) Phase 3: Adjust pointers
[2019-04-15T13:50:22.994+0200][505,152s] GC(1360) Phase 3: Adjust pointers 123,787ms
[2019-04-15T13:50:22.994+0200][505,152s] GC(1360) Phase 4: Move objects
[2019-04-15T13:50:22.998+0200][505,157s] GC(1360) Phase 4: Move objects 4,157ms
[2019-04-15T13:50:22.998+0200][505,157s] GC(1360) ParNew: 109247K->93434K(109248K)
[2019-04-15T13:50:22.998+0200][505,157s] GC(1360) CMS: 393216K->393216K(393216K)
[2019-04-15T13:50:22.998+0200][505,157s] GC(1360) Metaspace: 85635K->85635K(1128448K)
[2019-04-15T13:50:22.998+0200][505,157s] GC(1360) Pause Full (Allocation Failure) 490M->475M(490M) 424,492ms
[2019-04-15T13:50:22.998+0200][505,157s] GC(1360) User=0,43s Sys=0,00s Real=0,42s
[2019-04-15T13:50:22.999+0200][505,158s] GC(1361) Pause Initial Mark
[2019-04-15T13:50:23.042+0200][505,201s] GC(1361) Pause Initial Mark 475M->475M(490M) 43,870ms
[2019-04-15T13:50:23.043+0200][505,201s] GC(1361) User=0,05s Sys=0,00s Real=0,04s
[2019-04-15T13:50:23.043+0200][505,202s] GC(1361) Concurrent Mark
[2019-04-15T13:50:23.043+0200][505,202s] GC(1361) Using 4 workers of 4 for marking
[2019-04-15T13:50:23.141+0200][505,300s] GC(1361) Concurrent Mark 98,483ms
[2019-04-15T13:50:23.141+0200][505,300s] GC(1361) User=0,38s Sys=0,00s Real=0,10s
[2019-04-15T13:50:23.141+0200][505,300s] GC(1361) Concurrent Preclean
[2019-04-15T13:50:23.205+0200][505,364s] GC(1362) Pause Full (Allocation Failure)
[2019-04-15T13:50:23.274+0200][505,433s] GC(1361) Concurrent Preclean 132,651ms
[2019-04-15T13:50:23.274+0200][505,433s] GC(1361) User=0,20s Sys=0,00s Real=0,14s
[2019-04-15T13:50:23.274+0200][505,433s] GC(1362) Phase 1: Mark live objects
[2019-04-15T13:50:23.442+0200][505,601s] GC(1362) Phase 1: Mark live objects 167,664ms
[2019-04-15T13:50:23.442+0200][505,601s] GC(1362) Phase 2: Compute new object addresses
[2019-04-15T13:50:23.563+0200][505,722s] GC(1362) Phase 2: Compute new object addresses 120,880ms
[2019-04-15T13:50:23.563+0200][505,722s] GC(1362) Phase 3: Adjust pointers
[2019-04-15T13:50:23.697+0200][505,856s] GC(1362) Phase 3: Adjust pointers 134,449ms
[2019-04-15T13:50:23.697+0200][505,856s] GC(1362) Phase 4: Move objects
[2019-04-15T13:50:23.794+0200][505,953s] GC(1362) Phase 4: Move objects 97,109ms
[2019-04-15T13:50:23.795+0200][505,954s] GC(1362) ParNew: 109247K->96627K(109248K)
[2019-04-15T13:50:23.795+0200][505,954s] GC(1362) CMS: 393216K->393215K(393216K)
[2019-04-15T13:50:23.795+0200][505,954s] GC(1362) Metaspace: 85635K->85635K(1128448K)
[2019-04-15T13:50:23.795+0200][505,954s] GC(1362) Pause Full (Allocation Failure) 490M->478M(490M) 589,708ms
[2019-04-15T13:50:23.795+0200][505,954s] GC(1362) User=0,59s Sys=0,00s Real=0,59s
[2019-04-15T13:50:23.861+0200][506,019s] GC(1363) Pause Full (Allocation Failure)
[2019-04-15T13:50:23.861+0200][506,020s] GC(1363) Phase 1: Mark live objects
[2019-04-15T13:50:24.034+0200][506,193s] GC(1363) Phase 1: Mark live objects 173,333ms
[2019-04-15T13:50:24.034+0200][506,193s] GC(1363) Phase 2: Compute new object addresses
[2019-04-15T13:50:24.162+0200][506,321s] GC(1363) Phase 2: Compute new object addresses 127,708ms
[2019-04-15T13:50:24.162+0200][506,321s] GC(1363) Phase 3: Adjust pointers
[2019-04-15T13:50:24.289+0200][506,448s] GC(1363) Phase 3: Adjust pointers 126,999ms
[2019-04-15T13:50:24.289+0200][506,448s] GC(1363) Phase 4: Move objects
[2019-04-15T13:50:24.294+0200][506,452s] GC(1363) Phase 4: Move objects 4,465ms
[2019-04-15T13:50:24.294+0200][506,453s] GC(1363) ParNew: 109248K->100503K(109248K)
[2019-04-15T13:50:24.294+0200][506,453s] GC(1363) CMS: 393215K->393215K(393216K)
[2019-04-15T13:50:24.294+0200][506,453s] GC(1363) Metaspace: 85635K->85635K(1128448K)
[2019-04-15T13:50:24.294+0200][506,453s] GC(1363) Pause Full (Allocation Failure) 490M->482M(490M) 433,732ms
[2019-04-15T13:50:24.294+0200][506,453s] GC(1363) User=0,43s Sys=0,00s Real=0,44s
[2019-04-15T13:50:24.294+0200][506,453s] GC(1364) Pause Initial Mark
[2019-04-15T13:50:24.331+0200][506,490s] GC(1364) Pause Initial Mark 482M->482M(490M) 36,631ms
[2019-04-15T13:50:24.331+0200][506,490s] GC(1364) User=0,05s Sys=0,00s Real=0,03s
[2019-04-15T13:50:24.331+0200][506,490s] GC(1364) Concurrent Mark
[2019-04-15T13:50:24.331+0200][506,490s] GC(1364) Using 4 workers of 4 for marking
[2019-04-15T13:50:24.423+0200][506,582s] GC(1364) Concurrent Mark 91,912ms
[2019-04-15T13:50:24.423+0200][506,582s] GC(1364) User=0,35s Sys=0,01s Real=0,09s
[2019-04-15T13:50:24.423+0200][506,582s] GC(1364) Concurrent Preclean
[2019-04-15T13:50:24.448+0200][506,607s] GC(1365) Pause Full (Allocation Failure)
[2019-04-15T13:50:24.547+0200][506,706s] GC(1364) Concurrent Preclean 123,869ms
[2019-04-15T13:50:24.547+0200][506,706s] GC(1364) User=0,15s Sys=0,00s Real=0,13s
[2019-04-15T13:50:24.547+0200][506,706s] GC(1365) Phase 1: Mark live objects
[2019-04-15T13:50:24.718+0200][506,877s] GC(1365) Phase 1: Mark live objects 171,108ms
[2019-04-15T13:50:24.718+0200][506,877s] GC(1365) Phase 2: Compute new object addresses
[2019-04-15T13:50:24.847+0200][507,006s] GC(1365) Phase 2: Compute new object addresses 128,324ms
[2019-04-15T13:50:24.847+0200][507,006s] GC(1365) Phase 3: Adjust pointers
[2019-04-15T13:50:24.975+0200][507,134s] GC(1365) Phase 3: Adjust pointers 128,026ms
[2019-04-15T13:50:24.975+0200][507,134s] GC(1365) Phase 4: Move objects
[2019-04-15T13:50:24.981+0200][507,139s] GC(1365) Phase 4: Move objects 5,688ms
[2019-04-15T13:50:24.981+0200][507,140s] GC(1365) ParNew: 109247K->101002K(109248K)
[2019-04-15T13:50:24.981+0200][507,140s] GC(1365) CMS: 393215K->393215K(393216K)
[2019-04-15T13:50:24.981+0200][507,140s] GC(1365) Metaspace: 85635K->85635K(1128448K)
[2019-04-15T13:50:24.981+0200][507,140s] GC(1365) Pause Full (Allocation Failure) 490M->482M(490M) 532,973ms
[2019-04-15T13:50:24.981+0200][507,140s] GC(1365) User=0,53s Sys=0,00s Real=0,53s
[2019-04-15T13:50:25.022+0200][507,181s] GC(1366) Pause Full (Allocation Failure)
[2019-04-15T13:50:25.023+0200][507,182s] GC(1366) Phase 1: Mark live objects
[2019-04-15T13:50:25.195+0200][507,354s] GC(1366) Phase 1: Mark live objects 172,023ms
[2019-04-15T13:50:25.195+0200][507,354s] GC(1366) Phase 2: Compute new object addresses
[2019-04-15T13:50:25.317+0200][507,476s] GC(1366) Phase 2: Compute new object addresses 122,509ms
[2019-04-15T13:50:25.317+0200][507,476s] GC(1366) Phase 3: Adjust pointers
[2019-04-15T13:50:25.453+0200][507,612s] GC(1366) Phase 3: Adjust pointers 135,421ms
[2019-04-15T13:50:25.453+0200][507,612s] GC(1366) Phase 4: Move objects
[2019-04-15T13:50:25.551+0200][507,710s] GC(1366) Phase 4: Move objects 98,270ms
[2019-04-15T13:50:25.552+0200][507,711s] GC(1366) ParNew: 109247K->102211K(109248K)
[2019-04-15T13:50:25.552+0200][507,711s] GC(1366) CMS: 393215K->393215K(393216K)
[2019-04-15T13:50:25.552+0200][507,711s] GC(1366) Metaspace: 85635K->85635K(1128448K)
[2019-04-15T13:50:25.552+0200][507,711s] GC(1366) Pause Full (Allocation Failure) 490M->483M(490M) 529,456ms
[2019-04-15T13:50:25.552+0200][507,711s] GC(1366) User=0,52s Sys=0,00s Real=0,53s
[2019-04-15T13:50:25.552+0200][507,711s] GC(1367) Pause Initial Mark
[2019-04-15T13:50:25.597+0200][507,756s] GC(1367) Pause Initial Mark 483M->483M(490M) 45,473ms
[2019-04-15T13:50:25.597+0200][507,756s] GC(1367) User=0,06s Sys=0,00s Real=0,05s
[2019-04-15T13:50:25.598+0200][507,756s] GC(1367) Concurrent Mark
[2019-04-15T13:50:25.598+0200][507,756s] GC(1367) Using 4 workers of 4 for marking
[2019-04-15T13:50:25.717+0200][507,876s] GC(1368) Pause Full (Allocation Failure)
[2019-04-15T13:50:25.729+0200][507,888s] GC(1367) Concurrent Mark 131,500ms
[2019-04-15T13:50:25.729+0200][507,888s] GC(1367) User=0,50s Sys=0,00s Real=0,13s
[2019-04-15T13:50:25.729+0200][507,888s] GC(1368) Phase 1: Mark live objects
[2019-04-15T13:50:25.904+0200][508,062s] GC(1368) Phase 1: Mark live objects 174,256ms
[2019-04-15T13:50:25.904+0200][508,062s] GC(1368) Phase 2: Compute new object addresses
[2019-04-15T13:50:26.027+0200][508,186s] GC(1368) Phase 2: Compute new object addresses 123,838ms
[2019-04-15T13:50:26.027+0200][508,186s] GC(1368) Phase 3: Adjust pointers
[2019-04-15T13:50:26.166+0200][508,325s] GC(1368) Phase 3: Adjust pointers 138,900ms
[2019-04-15T13:50:26.166+0200][508,325s] GC(1368) Phase 4: Move objects
[2019-04-15T13:50:26.273+0200][508,432s] GC(1368) Phase 4: Move objects 106,995ms
[2019-04-15T13:50:26.275+0200][508,434s] GC(1368) ParNew: 109247K->103043K(109248K)
[2019-04-15T13:50:26.275+0200][508,434s] GC(1368) CMS: 393215K->393215K(393216K)
[2019-04-15T13:50:26.275+0200][508,434s] GC(1368) Metaspace: 85648K->85648K(1128448K)
[2019-04-15T13:50:26.275+0200][508,434s] GC(1368) Pause Full (Allocation Failure) 490M->484M(490M) 558,292ms
[2019-04-15T13:50:26.275+0200][508,434s] GC(1368) User=0,59s Sys=0,00s Real=0,56s
[2019-04-15T13:50:26.304+0200][508,463s] GC(1369) Pause Full (Allocation Failure)
[2019-04-15T13:50:26.305+0200][508,464s] GC(1369) Phase 1: Mark live objects
[2019-04-15T13:50:26.470+0200][508,629s] GC(1369) Phase 1: Mark live objects 165,053ms
[2019-04-15T13:50:26.470+0200][508,629s] GC(1369) Phase 2: Compute new object addresses
[2019-04-15T13:50:26.594+0200][508,753s] GC(1369) Phase 2: Compute new object addresses 124,062ms
[2019-04-15T13:50:26.594+0200][508,753s] GC(1369) Phase 3: Adjust pointers
[2019-04-15T13:50:26.726+0200][508,885s] GC(1369) Phase 3: Adjust pointers 131,711ms
[2019-04-15T13:50:26.726+0200][508,885s] GC(1369) Phase 4: Move objects
[2019-04-15T13:50:26.792+0200][508,951s] GC(1369) Phase 4: Move objects 66,180ms
[2019-04-15T13:50:26.793+0200][508,952s] GC(1369) ParNew: 109248K->90562K(109248K)
[2019-04-15T13:50:26.793+0200][508,952s] GC(1369) CMS: 393215K->393215K(393216K)
[2019-04-15T13:50:26.793+0200][508,952s] GC(1369) Metaspace: 85648K->85648K(1128448K)
[2019-04-15T13:50:26.793+0200][508,952s] GC(1369) Pause Full (Allocation Failure) 490M->472M(490M) 488,291ms
[2019-04-15T13:50:26.793+0200][508,952s] GC(1369) User=0,49s Sys=0,00s Real=0,49s
[2019-04-15T13:50:26.793+0200][508,952s] GC(1370) Pause Initial Mark
[2019-04-15T13:50:26.834+0200][508,993s] GC(1370) Pause Initial Mark 472M->472M(490M) 41,391ms
[2019-04-15T13:50:26.834+0200][508,993s] GC(1370) User=0,04s Sys=0,00s Real=0,04s
[2019-04-15T13:50:26.834+0200][508,993s] GC(1370) Concurrent Mark
[2019-04-15T13:50:26.834+0200][508,993s] GC(1370) Using 4 workers of 4 for marking
[2019-04-15T13:50:26.950+0200][509,108s] GC(1370) Concurrent Mark 115,097ms
[2019-04-15T13:50:26.950+0200][509,108s] GC(1370) User=0,45s Sys=0,00s Real=0,11s
[2019-04-15T13:50:26.950+0200][509,108s] GC(1370) Concurrent Preclean
[2019-04-15T13:50:26.995+0200][509,154s] GC(1371) Pause Full (Allocation Failure)
[2019-04-15T13:50:27.078+0200][509,237s] GC(1370) Concurrent Preclean 128,269ms
[2019-04-15T13:50:27.078+0200][509,237s] GC(1370) User=0,17s Sys=0,00s Real=0,13s
[2019-04-15T13:50:27.078+0200][509,237s] GC(1371) Phase 1: Mark live objects
[2019-04-15T13:50:27.245+0200][509,404s] GC(1371) Phase 1: Mark live objects 166,696ms
[2019-04-15T13:50:27.245+0200][509,404s] GC(1371) Phase 2: Compute new object addresses
[2019-04-15T13:50:27.371+0200][509,530s] GC(1371) Phase 2: Compute new object addresses 125,939ms
[2019-04-15T13:50:27.371+0200][509,530s] GC(1371) Phase 3: Adjust pointers
[2019-04-15T13:50:27.496+0200][509,654s] GC(1371) Phase 3: Adjust pointers 124,795ms
[2019-04-15T13:50:27.496+0200][509,654s] GC(1371) Phase 4: Move objects
[2019-04-15T13:50:27.497+0200][509,656s] GC(1371) Phase 4: Move objects 1,885ms
[2019-04-15T13:50:27.498+0200][509,657s] GC(1371) ParNew: 109248K->92200K(109248K)
[2019-04-15T13:50:27.498+0200][509,657s] GC(1371) CMS: 393215K->393215K(393216K)
[2019-04-15T13:50:27.498+0200][509,657s] GC(1371) Metaspace: 85648K->85648K(1128448K)
[2019-04-15T13:50:27.498+0200][509,657s] GC(1371) Pause Full (Allocation Failure) 490M->474M(490M) 503,162ms
[2019-04-15T13:50:27.498+0200][509,657s] GC(1371) User=0,50s Sys=0,00s Real=0,50s
[2019-04-15T13:50:27.586+0200][509,745s] GC(1372) Pause Full (Allocation Failure)
[2019-04-15T13:50:27.586+0200][509,745s] GC(1372) Phase 1: Mark live objects
[2019-04-15T13:50:27.661+0200][509,819s] GC(1372) Phase 1: Mark live objects 74,301ms
[2019-04-15T13:50:27.661+0200][509,820s] GC(1372) Phase 2: Compute new object addresses
[2019-04-15T13:50:27.748+0200][509,907s] GC(1372) Phase 2: Compute new object addresses 87,309ms
[2019-04-15T13:50:27.748+0200][509,907s] GC(1372) Phase 3: Adjust pointers
[2019-04-15T13:50:27.797+0200][509,956s] GC(1372) Phase 3: Adjust pointers 48,932ms
[2019-04-15T13:50:27.797+0200][509,956s] GC(1372) Phase 4: Move objects
[2019-04-15T13:50:27.814+0200][509,973s] GC(1372) Phase 4: Move objects 16,836ms
[2019-04-15T13:50:27.814+0200][509,973s] GC(1372) ParNew: 109245K->0K(109248K)
[2019-04-15T13:50:27.815+0200][509,973s] GC(1372) CMS: 393215K->195634K(393216K)
[2019-04-15T13:50:27.815+0200][509,973s] GC(1372) Metaspace: 85651K->85651K(1128448K)
[2019-04-15T13:50:27.815+0200][509,973s] GC(1372) Pause Full (Allocation Failure) 490M->191M(490M) 228,777ms
[2019-04-15T13:50:27.815+0200][509,973s] GC(1372) User=0,25s Sys=0,00s Real=0,23s
[2019-04-15T13:50:27.946+0200][510,105s] GC(1373) Pause Young (Allocation Failure)
[2019-04-15T13:50:27.946+0200][510,105s] GC(1373) Using 4 workers of 4 for evacuation
[2019-04-15T13:50:27.956+0200][510,114s] GC(1373) ParNew: 87424K->21169K(109248K)
[2019-04-15T13:50:27.956+0200][510,114s] GC(1373) CMS: 195634K->195634K(393216K)
[2019-04-15T13:50:27.956+0200][510,114s] GC(1373) Metaspace: 85670K->85670K(1128448K)
[2019-04-15T13:50:27.956+0200][510,115s] GC(1373) Pause Young (Allocation Failure) 276M->211M(490M) 9,854ms
[2019-04-15T13:50:27.956+0200][510,115s] GC(1373) User=0,03s Sys=0,00s Real=0,01s
[2019-04-15T13:50:28.161+0200][510,320s] GC(1374) Pause Young (Allocation Failure)
[2019-04-15T13:50:28.162+0200][510,320s] GC(1374) Using 4 workers of 4 for evacuation
[2019-04-15T13:50:28.174+0200][510,333s] GC(1374) ParNew: 108593K->10689K(109248K)
[2019-04-15T13:50:28.174+0200][510,333s] GC(1374) CMS: 195634K->195634K(393216K)
[2019-04-15T13:50:28.174+0200][510,333s] GC(1374) Metaspace: 85734K->85734K(1128448K)
[2019-04-15T13:50:28.174+0200][510,333s] GC(1374) Pause Young (Allocation Failure) 297M->201M(490M) 12,718ms
[2019-04-15T13:50:28.174+0200][510,333s] GC(1374) User=0,04s Sys=0,00s Real=0,02s
[2019-04-15T13:50:28.381+0200][510,540s] GC(1375) Pause Young (Allocation Failure)
[2019-04-15T13:50:28.382+0200][510,541s] GC(1375) Using 4 workers of 4 for evacuation
[2019-04-15T13:50:28.394+0200][510,552s] GC(1375) ParNew: 98113K->10367K(109248K)
[2019-04-15T13:50:28.394+0200][510,552s] GC(1375) CMS: 195634K->195634K(393216K)
[2019-04-15T13:50:28.394+0200][510,552s] GC(1375) Metaspace: 85752K->85752K(1128448K)
[2019-04-15T13:50:28.394+0200][510,552s] GC(1375) Pause Young (Allocation Failure) 286M->201M(490M) 12,073ms
[2019-04-15T13:50:28.394+0200][510,553s] GC(1375) User=0,04s Sys=0,00s Real=0,02s
[2019-04-15T13:50:28.525+0200][510,684s] GC(1376) Pause Young (Allocation Failure)
[2019-04-15T13:50:28.525+0200][510,684s] GC(1376) Using 4 workers of 4 for evacuation
[2019-04-15T13:50:28.531+0200][510,690s] GC(1376) ParNew: 97791K->13369K(109248K)
[2019-04-15T13:50:28.532+0200][510,690s] GC(1376) CMS: 195634K->195634K(393216K)
[2019-04-15T13:50:28.532+0200][510,690s] GC(1376) Metaspace: 85752K->85752K(1128448K)
[2019-04-15T13:50:28.532+0200][510,690s] GC(1376) Pause Young (Allocation Failure) 286M->204M(490M) 6,830ms
[2019-04-15T13:50:28.532+0200][510,690s] GC(1376) User=0,02s Sys=0,00s Real=0,01s
[2019-04-15T13:50:28.718+0200][510,877s] GC(1377) Pause Young (Allocation Failure)
[2019-04-15T13:50:28.719+0200][510,878s] GC(1377) Using 4 workers of 4 for evacuation
[2019-04-15T13:50:28.734+0200][510,893s] GC(1377) ParNew: 100793K->10779K(109248K)
[2019-04-15T13:50:28.734+0200][510,893s] GC(1377) CMS: 195634K->195634K(393216K)
[2019-04-15T13:50:28.734+0200][510,893s] GC(1377) Metaspace: 85758K->85758K(1128448K)
[2019-04-15T13:50:28.734+0200][510,893s] GC(1377) Pause Young (Allocation Failure) 289M->201M(490M) 15,768ms
[2019-04-15T13:50:28.734+0200][510,893s] GC(1377) User=0,06s Sys=0,00s Real=0,02s
[2019-04-15T13:50:28.910+0200][511,069s] GC(1378) Pause Young (Allocation Failure)
[2019-04-15T13:50:28.910+0200][511,069s] GC(1378) Using 4 workers of 4 for evacuation
[2019-04-15T13:50:28.923+0200][511,082s] GC(1378) ParNew: 98203K->12911K(109248K)
[2019-04-15T13:50:28.923+0200][511,082s] GC(1378) CMS: 195634K->195634K(393216K)
[2019-04-15T13:50:28.923+0200][511,082s] GC(1378) Metaspace: 85800K->85800K(1128448K)
[2019-04-15T13:50:28.923+0200][511,082s] GC(1378) Pause Young (Allocation Failure) 286M->203M(490M) 13,162ms
[2019-04-15T13:50:28.923+0200][511,082s] GC(1378) User=0,04s Sys=0,00s Real=0,01s
[2019-04-15T13:50:29.122+0200][511,281s] GC(1379) Pause Young (Allocation Failure)
[2019-04-15T13:50:29.122+0200][511,281s] GC(1379) Using 4 workers of 4 for evacuation
[2019-04-15T13:50:29.137+0200][511,296s] GC(1379) ParNew: 100335K->12771K(109248K)
[2019-04-15T13:50:29.137+0200][511,296s] GC(1379) CMS: 195634K->195634K(393216K)
[2019-04-15T13:50:29.137+0200][511,296s] GC(1379) Metaspace: 85818K->85818K(1128448K)
[2019-04-15T13:50:29.137+0200][511,296s] GC(1379) Pause Young (Allocation Failure) 289M->203M(490M) 15,074ms
[2019-04-15T13:50:29.137+0200][511,296s] GC(1379) User=0,05s Sys=0,00s Real=0,02s
[2019-04-15T13:50:29.327+0200][511,486s] GC(1380) Pause Young (Allocation Failure)
[2019-04-15T13:50:29.327+0200][511,486s] GC(1380) Using 4 workers of 4 for evacuation
[2019-04-15T13:50:29.345+0200][511,504s] GC(1380) ParNew: 99762K->12601K(109248K)
[2019-04-15T13:50:29.345+0200][511,504s] GC(1380) CMS: 195634K->195634K(393216K)
[2019-04-15T13:50:29.345+0200][511,504s] GC(1380) Metaspace: 85825K->85825K(1128448K)
[2019-04-15T13:50:29.345+0200][511,504s] GC(1380) Pause Young (Allocation Failure) 288M->203M(490M) 18,316ms
[2019-04-15T13:50:29.345+0200][511,504s] GC(1380) User=0,07s Sys=0,00s Real=0,02s
[2019-04-15T13:50:29.502+0200][511,661s] GC(1381) Pause Young (Allocation Failure)
[2019-04-15T13:50:29.502+0200][511,661s] GC(1381) Using 4 workers of 4 for evacuation
[2019-04-15T13:50:29.516+0200][511,675s] GC(1381) ParNew: 100025K->12944K(109248K)
[2019-04-15T13:50:29.516+0200][511,675s] GC(1381) CMS: 195634K->196016K(393216K)
[2019-04-15T13:50:29.516+0200][511,675s] GC(1381) Metaspace: 85834K->85834K(1128448K)
[2019-04-15T13:50:29.516+0200][511,675s] GC(1381) Pause Young (Allocation Failure) 288M->204M(490M) 14,455ms
[2019-04-15T13:50:29.516+0200][511,675s] GC(1381) User=0,05s Sys=0,00s Real=0,02s
[2019-04-15T13:50:29.719+0200][511,878s] GC(1382) Pause Young (Allocation Failure)
[2019-04-15T13:50:29.719+0200][511,878s] GC(1382) Using 4 workers of 4 for evacuation
[2019-04-15T13:50:29.735+0200][511,894s] GC(1382) ParNew: 100368K->13216K(109248K)
[2019-04-15T13:50:29.735+0200][511,894s] GC(1382) CMS: 196016K->197676K(393216K)
[2019-04-15T13:50:29.735+0200][511,894s] GC(1382) Metaspace: 85837K->85837K(1128448K)
[2019-04-15T13:50:29.735+0200][511,894s] GC(1382) Pause Young (Allocation Failure) 289M->205M(490M) 15,755ms
[2019-04-15T13:50:29.735+0200][511,894s] GC(1382) User=0,05s Sys=0,00s Real=0,02s
[2019-04-15T13:50:29.737+0200][511,896s] GC(1383) Pause Initial Mark
[2019-04-15T13:50:29.740+0200][511,899s] GC(1383) Pause Initial Mark 208M->208M(490M) 3,293ms
[2019-04-15T13:50:29.740+0200][511,899s] GC(1383) User=0,01s Sys=0,00s Real=0,00s
[2019-04-15T13:50:29.740+0200][511,899s] GC(1383) Concurrent Mark
[2019-04-15T13:50:29.740+0200][511,899s] GC(1383) Using 4 workers of 4 for marking
[2019-04-15T13:50:29.808+0200][511,967s] GC(1383) Concurrent Mark 67,122ms
[2019-04-15T13:50:29.808+0200][511,967s] GC(1383) User=0,24s Sys=0,00s Real=0,07s
[2019-04-15T13:50:29.808+0200][511,967s] GC(1383) Concurrent Preclean
[2019-04-15T13:50:29.809+0200][511,968s] GC(1383) Concurrent Preclean 1,018ms
[2019-04-15T13:50:29.809+0200][511,968s] GC(1383) User=0,00s Sys=0,00s Real=0,00s
[2019-04-15T13:50:29.809+0200][511,968s] GC(1383) Concurrent Abortable Preclean
[2019-04-15T13:50:29.978+0200][512,137s] GC(1384) Pause Young (Allocation Failure)
[2019-04-15T13:50:29.978+0200][512,137s] GC(1384) Using 4 workers of 4 for evacuation
[2019-04-15T13:50:29.990+0200][512,149s] GC(1384) ParNew: 100640K->11227K(109248K)
[2019-04-15T13:50:29.990+0200][512,149s] GC(1384) CMS: 197676K->197761K(393216K)
[2019-04-15T13:50:29.990+0200][512,149s] GC(1384) Metaspace: 85840K->85840K(1128448K)
[2019-04-15T13:50:29.990+0200][512,149s] GC(1384) Pause Young (Allocation Failure) 291M->204M(490M) 11,995ms
[2019-04-15T13:50:29.990+0200][512,149s] GC(1384) User=0,05s Sys=0,00s Real=0,01s
[2019-04-15T13:50:30.186+0200][512,345s] GC(1383) Concurrent Abortable Preclean 377,459ms
[2019-04-15T13:50:30.186+0200][512,345s] GC(1383) User=1,19s Sys=0,02s Real=0,38s
[2019-04-15T13:50:30.190+0200][512,349s] GC(1383) Pause Remark
[2019-04-15T13:50:30.190+0200][512,349s] GC(1385) Pause Young (CMS Final Remark)
[2019-04-15T13:50:30.190+0200][512,349s] GC(1385) Using 4 workers of 4 for evacuation
[2019-04-15T13:50:30.206+0200][512,365s] GC(1385) ParNew: 91323K->7157K(109248K)
[2019-04-15T13:50:30.207+0200][512,365s] GC(1385) CMS: 197761K->197768K(393216K)
[2019-04-15T13:50:30.207+0200][512,365s] GC(1385) Metaspace: 86034K->86034K(1128448K)
[2019-04-15T13:50:30.207+0200][512,365s] GC(1385) Pause Young (CMS Final Remark) 282M->200M(490M) 16,492ms
[2019-04-15T13:50:30.207+0200][512,366s] GC(1385) User=0,04s Sys=0,00s Real=0,02s
[2019-04-15T13:50:30.248+0200][512,407s] GC(1383) Pause Remark 282M->200M(490M) 58,269ms
[2019-04-15T13:50:30.248+0200][512,407s] GC(1383) User=0,14s Sys=0,00s Real=0,06s
[2019-04-15T13:50:30.248+0200][512,407s] GC(1383) Concurrent Sweep
[2019-04-15T13:50:30.291+0200][512,450s] GC(1383) Concurrent Sweep 42,463ms
[2019-04-15T13:50:30.291+0200][512,450s] GC(1383) User=0,14s Sys=0,00s Real=0,04s
[2019-04-15T13:50:30.291+0200][512,450s] GC(1383) Concurrent Reset
[2019-04-15T13:50:30.291+0200][512,450s] GC(1383) Concurrent Reset 0,458ms
[2019-04-15T13:50:30.291+0200][512,450s] GC(1383) User=0,00s Sys=0,00s Real=0,00s
[2019-04-15T13:50:30.291+0200][512,450s] GC(1383) Old: 197676K->105666K(393216K)
[2019-04-15T13:50:30.440+0200][512,599s] GC(1386) Pause Young (Allocation Failure)
[2019-04-15T13:50:30.440+0200][512,599s] GC(1386) Using 4 workers of 4 for evacuation
[2019-04-15T13:50:30.461+0200][512,620s] GC(1386) ParNew: 94581K->10001K(109248K)
[2019-04-15T13:50:30.461+0200][512,620s] GC(1386) CMS: 105666K->106111K(393216K)
[2019-04-15T13:50:30.461+0200][512,620s] GC(1386) Metaspace: 86045K->86045K(1128448K)
[2019-04-15T13:50:30.461+0200][512,620s] GC(1386) Pause Young (Allocation Failure) 195M->113M(490M) 20,778ms
[2019-04-15T13:50:30.461+0200][512,620s] GC(1386) User=0,07s Sys=0,00s Real=0,02s
[2019-04-15T13:50:30.672+0200][512,831s] GC(1387) Pause Young (Allocation Failure)
[2019-04-15T13:50:30.672+0200][512,831s] GC(1387) Using 4 workers of 4 for evacuation
[2019-04-15T13:50:30.694+0200][512,853s] GC(1387) ParNew: 97425K->9481K(109248K)
[2019-04-15T13:50:30.694+0200][512,853s] GC(1387) CMS: 106111K->106125K(393216K)
[2019-04-15T13:50:30.694+0200][512,853s] GC(1387) Metaspace: 86046K->86046K(1128448K)
[2019-04-15T13:50:30.694+0200][512,853s] GC(1387) Pause Young (Allocation Failure) 198M->112M(490M) 21,419ms
[2019-04-15T13:50:30.694+0200][512,853s] GC(1387) User=0,08s Sys=0,01s Real=0,03s
[2019-04-15T13:50:30.860+0200][513,019s] GC(1388) Pause Young (Allocation Failure)
[2019-04-15T13:50:30.860+0200][513,019s] GC(1388) Using 4 workers of 4 for evacuation
[2019-04-15T13:50:30.877+0200][513,036s] GC(1388) ParNew: 96905K->10765K(109248K)
[2019-04-15T13:50:30.877+0200][513,036s] GC(1388) CMS: 106125K->106176K(393216K)
[2019-04-15T13:50:30.877+0200][513,036s] GC(1388) Metaspace: 86055K->86055K(1128448K)
[2019-04-15T13:50:30.877+0200][513,036s] GC(1388) Pause Young (Allocation Failure) 198M->114M(490M) 17,366ms
[2019-04-15T13:50:30.877+0200][513,036s] GC(1388) User=0,05s Sys=0,00s Real=0,02s
[2019-04-15T13:50:31.026+0200][513,185s] GC(1389) Pause Young (Allocation Failure)
[2019-04-15T13:50:31.026+0200][513,185s] GC(1389) Using 4 workers of 4 for evacuation
[2019-04-15T13:50:31.034+0200][513,193s] GC(1389) ParNew: 98189K->7935K(109248K)
[2019-04-15T13:50:31.034+0200][513,193s] GC(1389) CMS: 106176K->106222K(393216K)
[2019-04-15T13:50:31.034+0200][513,193s] GC(1389) Metaspace: 86084K->86084K(1128448K)
[2019-04-15T13:50:31.034+0200][513,193s] GC(1389) Pause Young (Allocation Failure) 199M->111M(490M) 7,816ms
[2019-04-15T13:50:31.034+0200][513,193s] GC(1389) User=0,02s Sys=0,00s Real=0,01s
[2019-04-15T13:50:31.140+0200][513,299s] GC(1390) Pause Young (Allocation Failure)
[2019-04-15T13:50:31.140+0200][513,299s] GC(1390) Using 4 workers of 4 for evacuation
[2019-04-15T13:50:31.146+0200][513,304s] GC(1390) ParNew: 95359K->8313K(109248K)
[2019-04-15T13:50:31.146+0200][513,305s] GC(1390) CMS: 106222K->106235K(393216K)
[2019-04-15T13:50:31.146+0200][513,305s] GC(1390) Metaspace: 86088K->86088K(1128448K)
[2019-04-15T13:50:31.146+0200][513,305s] GC(1390) Pause Young (Allocation Failure) 196M->111M(490M) 5,790ms
[2019-04-15T13:50:31.146+0200][513,305s] GC(1390) User=0,02s Sys=0,00s Real=0,01s
[2019-04-15T13:50:31.331+0200][513,490s] GC(1391) Pause Young (Allocation Failure)
[2019-04-15T13:50:31.331+0200][513,490s] GC(1391) Using 4 workers of 4 for evacuation
[2019-04-15T13:50:31.341+0200][513,499s] GC(1391) ParNew: 95737K->10637K(109248K)
[2019-04-15T13:50:31.341+0200][513,499s] GC(1391) CMS: 106235K->106289K(393216K)
[2019-04-15T13:50:31.341+0200][513,500s] GC(1391) Metaspace: 86125K->86125K(1128448K)
[2019-04-15T13:50:31.341+0200][513,500s] GC(1391) Pause Young (Allocation Failure) 197M->114M(490M) 9,141ms
[2019-04-15T13:50:31.341+0200][513,500s] GC(1391) User=0,03s Sys=0,00s Real=0,01s
[2019-04-15T13:50:31.544+0200][513,703s] GC(1392) Pause Young (Allocation Failure)
[2019-04-15T13:50:31.544+0200][513,703s] GC(1392) Using 4 workers of 4 for evacuation
[2019-04-15T13:50:31.553+0200][513,712s] GC(1392) ParNew: 98061K->8325K(109248K)
[2019-04-15T13:50:31.553+0200][513,712s] GC(1392) CMS: 106289K->106370K(393216K)
[2019-04-15T13:50:31.553+0200][513,712s] GC(1392) Metaspace: 86252K->86252K(1128448K)
[2019-04-15T13:50:31.553+0200][513,712s] GC(1392) Pause Young (Allocation Failure) 199M->112M(490M) 9,102ms
[2019-04-15T13:50:31.553+0200][513,712s] GC(1392) User=0,03s Sys=0,00s Real=0,02s
[2019-04-15T13:50:31.676+0200][513,835s] GC(1393) Pause Young (Allocation Failure)
[2019-04-15T13:50:31.676+0200][513,835s] GC(1393) Using 4 workers of 4 for evacuation
[2019-04-15T13:50:31.683+0200][513,842s] GC(1393) ParNew: 95749K->10333K(109248K)
[2019-04-15T13:50:31.683+0200][513,842s] GC(1393) CMS: 106370K->106469K(393216K)
[2019-04-15T13:50:31.683+0200][513,842s] GC(1393) Metaspace: 86254K->86254K(1128448K)
[2019-04-15T13:50:31.683+0200][513,842s] GC(1393) Pause Young (Allocation Failure) 197M->114M(490M) 7,384ms
[2019-04-15T13:50:31.683+0200][513,842s] GC(1393) User=0,03s Sys=0,00s Real=0,00s
[2019-04-15T13:50:31.888+0200][514,047s] GC(1394) Pause Young (Allocation Failure)
[2019-04-15T13:50:31.888+0200][514,047s] GC(1394) Using 4 workers of 4 for evacuation
[2019-04-15T13:50:31.895+0200][514,054s] GC(1394) ParNew: 97757K->10550K(109248K)
[2019-04-15T13:50:31.895+0200][514,054s] GC(1394) CMS: 106469K->106518K(393216K)
[2019-04-15T13:50:31.895+0200][514,054s] GC(1394) Metaspace: 86305K->86305K(1128448K)
[2019-04-15T13:50:31.895+0200][514,054s] GC(1394) Pause Young (Allocation Failure) 199M->114M(490M) 6,510ms
[2019-04-15T13:50:31.895+0200][514,054s] GC(1394) User=0,01s Sys=0,00s Real=0,01s
[2019-04-15T13:50:32.092+0200][514,251s] GC(1395) Pause Young (Allocation Failure)
[2019-04-15T13:50:32.092+0200][514,251s] GC(1395) Using 4 workers of 4 for evacuation
[2019-04-15T13:50:32.109+0200][514,268s] GC(1395) ParNew: 97974K->10187K(109248K)
[2019-04-15T13:50:32.109+0200][514,268s] GC(1395) CMS: 106518K->106563K(393216K)
[2019-04-15T13:50:32.109+0200][514,268s] GC(1395) Metaspace: 86306K->86306K(1128448K)
[2019-04-15T13:50:32.109+0200][514,268s] GC(1395) Pause Young (Allocation Failure) 199M->114M(490M) 16,701ms
[2019-04-15T13:50:32.109+0200][514,268s] GC(1395) User=0,07s Sys=0,00s Real=0,02s
[2019-04-15T13:50:32.291+0200][514,450s] GC(1396) Pause Young (Allocation Failure)
[2019-04-15T13:50:32.291+0200][514,450s] GC(1396) Using 4 workers of 4 for evacuation
[2019-04-15T13:50:32.302+0200][514,461s] GC(1396) ParNew: 97611K->10778K(109248K)
[2019-04-15T13:50:32.302+0200][514,461s] GC(1396) CMS: 106563K->107004K(393216K)
[2019-04-15T13:50:32.302+0200][514,461s] GC(1396) Metaspace: 86311K->86311K(1128448K)
[2019-04-15T13:50:32.302+0200][514,461s] GC(1396) Pause Young (Allocation Failure) 199M->115M(490M) 10,890ms
[2019-04-15T13:50:32.302+0200][514,461s] GC(1396) User=0,04s Sys=0,00s Real=0,01s
[2019-04-15T13:50:32.544+0200][514,703s] GC(1397) Pause Young (Allocation Failure)
[2019-04-15T13:50:32.544+0200][514,703s] GC(1397) Using 4 workers of 4 for evacuation
[2019-04-15T13:50:32.566+0200][514,725s] GC(1397) ParNew: 98202K->10829K(109248K)
[2019-04-15T13:50:32.566+0200][514,725s] GC(1397) CMS: 107004K->107054K(393216K)
[2019-04-15T13:50:32.566+0200][514,725s] GC(1397) Metaspace: 86640K->86640K(1128448K)
[2019-04-15T13:50:32.566+0200][514,725s] GC(1397) Pause Young (Allocation Failure) 200M->115M(490M) 21,973ms
[2019-04-15T13:50:32.566+0200][514,725s] GC(1397) User=0,09s Sys=0,00s Real=0,03s
[2019-04-15T13:50:32.757+0200][514,916s] GC(1398) Pause Young (Allocation Failure)
[2019-04-15T13:50:32.757+0200][514,916s] GC(1398) Using 4 workers of 4 for evacuation
[2019-04-15T13:50:32.788+0200][514,947s] GC(1398) ParNew: 98253K->13553K(109248K)
[2019-04-15T13:50:32.788+0200][514,947s] GC(1398) CMS: 107054K->107065K(393216K)
[2019-04-15T13:50:32.788+0200][514,947s] GC(1398) Metaspace: 86640K->86640K(1128448K)
[2019-04-15T13:50:32.788+0200][514,947s] GC(1398) Pause Young (Allocation Failure) 200M->117M(490M) 30,947ms
[2019-04-15T13:50:32.788+0200][514,947s] GC(1398) User=0,10s Sys=0,00s Real=0,03s
[2019-04-15T13:50:32.925+0200][515,083s] GC(1399) Pause Young (Allocation Failure)
[2019-04-15T13:50:32.925+0200][515,083s] GC(1399) Using 4 workers of 4 for evacuation
[2019-04-15T13:50:32.936+0200][515,095s] GC(1399) ParNew: 100977K->10926K(109248K)
[2019-04-15T13:50:32.936+0200][515,095s] GC(1399) CMS: 107065K->107149K(393216K)
[2019-04-15T13:50:32.936+0200][515,095s] GC(1399) Metaspace: 86640K->86640K(1128448K)
[2019-04-15T13:50:32.936+0200][515,095s] GC(1399) Pause Young (Allocation Failure) 203M->115M(490M) 11,829ms
[2019-04-15T13:50:32.936+0200][515,095s] GC(1399) User=0,04s Sys=0,00s Real=0,02s
[2019-04-15T13:50:33.068+0200][515,227s] GC(1400) Pause Young (Allocation Failure)
[2019-04-15T13:50:33.068+0200][515,227s] GC(1400) Using 4 workers of 4 for evacuation
[2019-04-15T13:50:33.081+0200][515,239s] GC(1400) ParNew: 98350K->10146K(109248K)
[2019-04-15T13:50:33.081+0200][515,240s] GC(1400) CMS: 107149K->107200K(393216K)
[2019-04-15T13:50:33.081+0200][515,240s] GC(1400) Metaspace: 86642K->86642K(1128448K)
[2019-04-15T13:50:33.081+0200][515,240s] GC(1400) Pause Young (Allocation Failure) 200M->114M(490M) 12,220ms
[2019-04-15T13:50:33.081+0200][515,240s] GC(1400) User=0,05s Sys=0,00s Real=0,01s
[2019-04-15T13:50:33.277+0200][515,436s] GC(1401) Pause Young (Allocation Failure)
[2019-04-15T13:50:33.277+0200][515,436s] GC(1401) Using 4 workers of 4 for evacuation
[2019-04-15T13:50:33.285+0200][515,444s] GC(1401) ParNew: 97570K->9251K(109248K)
[2019-04-15T13:50:33.285+0200][515,444s] GC(1401) CMS: 107200K->107218K(393216K)
[2019-04-15T13:50:33.285+0200][515,444s] GC(1401) Metaspace: 86689K->86689K(1128448K)
[2019-04-15T13:50:33.285+0200][515,444s] GC(1401) Pause Young (Allocation Failure) 199M->113M(490M) 7,879ms
[2019-04-15T13:50:33.285+0200][515,444s] GC(1401) User=0,02s Sys=0,00s Real=0,01s
[2019-04-15T13:50:33.389+0200][515,548s] GC(1402) Pause Young (Allocation Failure)
[2019-04-15T13:50:33.389+0200][515,548s] GC(1402) Using 4 workers of 4 for evacuation
[2019-04-15T13:50:33.398+0200][515,557s] GC(1402) ParNew: 96675K->10419K(109248K)
[2019-04-15T13:50:33.398+0200][515,557s] GC(1402) CMS: 107218K->107300K(393216K)
[2019-04-15T13:50:33.398+0200][515,557s] GC(1402) Metaspace: 86689K->86689K(1128448K)
[2019-04-15T13:50:33.398+0200][515,557s] GC(1402) Pause Young (Allocation Failure) 199M->114M(490M) 8,447ms
[2019-04-15T13:50:33.398+0200][515,557s] GC(1402) User=0,03s Sys=0,00s Real=0,01s
[2019-04-15T13:50:33.461+0200][515,619s] GC(1403) Pause Young (Allocation Failure)
[2019-04-15T13:50:33.461+0200][515,620s] GC(1403) Using 4 workers of 4 for evacuation
[2019-04-15T13:50:33.469+0200][515,628s] GC(1403) ParNew: 97843K->12524K(109248K)
[2019-04-15T13:50:33.469+0200][515,628s] GC(1403) CMS: 107300K->107353K(393216K)
[2019-04-15T13:50:33.469+0200][515,628s] GC(1403) Metaspace: 86689K->86689K(1128448K)
[2019-04-15T13:50:33.469+0200][515,628s] GC(1403) Pause Young (Allocation Failure) 200M->117M(490M) 8,783ms
[2019-04-15T13:50:33.469+0200][515,628s] GC(1403) User=0,03s Sys=0,00s Real=0,01s
[2019-04-15T13:50:33.702+0200][515,861s] GC(1404) Pause Young (Allocation Failure)
[2019-04-15T13:50:33.703+0200][515,861s] GC(1404) Using 4 workers of 4 for evacuation
[2019-04-15T13:50:33.719+0200][515,878s] GC(1404) ParNew: 99948K->21824K(109248K)
[2019-04-15T13:50:33.719+0200][515,878s] GC(1404) CMS: 107353K->112334K(393216K)
[2019-04-15T13:50:33.719+0200][515,878s] GC(1404) Metaspace: 86802K->86802K(1128448K)
[2019-04-15T13:50:33.719+0200][515,878s] GC(1404) Pause Young (Allocation Failure) 202M->131M(490M) 16,474ms
[2019-04-15T13:50:33.719+0200][515,878s] GC(1404) User=0,04s Sys=0,00s Real=0,02s
[2019-04-15T13:50:33.919+0200][516,078s] GC(1405) Pause Young (Allocation Failure)
[2019-04-15T13:50:33.919+0200][516,078s] GC(1405) Using 4 workers of 4 for evacuation
[2019-04-15T13:50:33.929+0200][516,088s] GC(1405) ParNew: 109248K->21824K(109248K)
[2019-04-15T13:50:33.929+0200][516,088s] GC(1405) CMS: 112334K->118592K(393216K)
[2019-04-15T13:50:33.929+0200][516,088s] GC(1405) Metaspace: 86870K->86870K(1128448K)
[2019-04-15T13:50:33.929+0200][516,088s] GC(1405) Pause Young (Allocation Failure) 216M->137M(490M) 10,203ms
[2019-04-15T13:50:33.929+0200][516,088s] GC(1405) User=0,04s Sys=0,00s Real=0,01s
[2019-04-15T13:50:34.051+0200][516,210s] GC(1406) Pause Young (Allocation Failure)
[2019-04-15T13:50:34.051+0200][516,210s] GC(1406) Using 4 workers of 4 for evacuation
[2019-04-15T13:50:34.063+0200][516,222s] GC(1406) ParNew: 109248K->20506K(109248K)
[2019-04-15T13:50:34.063+0200][516,222s] GC(1406) CMS: 118592K->121790K(393216K)
[2019-04-15T13:50:34.063+0200][516,222s] GC(1406) Metaspace: 86870K->86870K(1128448K)
[2019-04-15T13:50:34.063+0200][516,222s] GC(1406) Pause Young (Allocation Failure) 222M->138M(490M) 12,184ms
[2019-04-15T13:50:34.063+0200][516,222s] GC(1406) User=0,03s Sys=0,00s Real=0,01s
[2019-04-15T13:50:34.139+0200][516,297s] GC(1407) Pause Young (Allocation Failure)
[2019-04-15T13:50:34.139+0200][516,298s] GC(1407) Using 4 workers of 4 for evacuation
[2019-04-15T13:50:34.146+0200][516,305s] GC(1407) ParNew: 107930K->7447K(109248K)
[2019-04-15T13:50:34.146+0200][516,305s] GC(1407) CMS: 121790K->121790K(393216K)
[2019-04-15T13:50:34.146+0200][516,305s] GC(1407) Metaspace: 86873K->86873K(1128448K)
[2019-04-15T13:50:34.146+0200][516,305s] GC(1407) Pause Young (Allocation Failure) 224M->126M(490M) 7,201ms
[2019-04-15T13:50:34.146+0200][516,305s] GC(1407) User=0,02s Sys=0,00s Real=0,01s
[2019-04-15T13:50:34.219+0200][516,378s] GC(1408) Pause Young (Allocation Failure)
[2019-04-15T13:50:34.219+0200][516,378s] GC(1408) Using 4 workers of 4 for evacuation
[2019-04-15T13:50:34.228+0200][516,387s] GC(1408) ParNew: 94871K->5954K(109248K)
[2019-04-15T13:50:34.228+0200][516,387s] GC(1408) CMS: 121790K->121790K(393216K)
[2019-04-15T13:50:34.228+0200][516,387s] GC(1408) Metaspace: 86873K->86873K(1128448K)
[2019-04-15T13:50:34.228+0200][516,387s] GC(1408) Pause Young (Allocation Failure) 211M->124M(490M) 9,096ms
[2019-04-15T13:50:34.228+0200][516,387s] GC(1408) User=0,03s Sys=0,00s Real=0,01s
[2019-04-15T13:50:34.358+0200][516,517s] GC(1409) Pause Young (Allocation Failure)
[2019-04-15T13:50:34.358+0200][516,517s] GC(1409) Using 4 workers of 4 for evacuation
[2019-04-15T13:50:34.368+0200][516,527s] GC(1409) ParNew: 93378K->7070K(109248K)
[2019-04-15T13:50:34.368+0200][516,527s] GC(1409) CMS: 121790K->121790K(393216K)
[2019-04-15T13:50:34.368+0200][516,527s] GC(1409) Metaspace: 86880K->86880K(1128448K)
[2019-04-15T13:50:34.368+0200][516,527s] GC(1409) Pause Young (Allocation Failure) 210M->125M(490M) 9,244ms
[2019-04-15T13:50:34.368+0200][516,527s] GC(1409) User=0,03s Sys=0,00s Real=0,01s
[2019-04-15T13:50:34.489+0200][516,648s] GC(1410) Pause Young (Allocation Failure)
[2019-04-15T13:50:34.489+0200][516,648s] GC(1410) Using 4 workers of 4 for evacuation
[2019-04-15T13:50:34.506+0200][516,665s] GC(1410) ParNew: 94494K->7041K(109248K)
[2019-04-15T13:50:34.506+0200][516,665s] GC(1410) CMS: 121790K->121790K(393216K)
[2019-04-15T13:50:34.506+0200][516,665s] GC(1410) Metaspace: 86881K->86881K(1128448K)
[2019-04-15T13:50:34.506+0200][516,665s] GC(1410) Pause Young (Allocation Failure) 211M->125M(490M) 16,430ms
[2019-04-15T13:50:34.506+0200][516,665s] GC(1410) User=0,05s Sys=0,00s Real=0,02s
[2019-04-15T13:50:34.607+0200][516,765s] GC(1411) Pause Young (Allocation Failure)
[2019-04-15T13:50:34.607+0200][516,766s] GC(1411) Using 4 workers of 4 for evacuation
[2019-04-15T13:50:34.617+0200][516,776s] GC(1411) ParNew: 94465K->7219K(109248K)
[2019-04-15T13:50:34.617+0200][516,776s] GC(1411) CMS: 121790K->121790K(393216K)
[2019-04-15T13:50:34.617+0200][516,776s] GC(1411) Metaspace: 86881K->86881K(1128448K)
[2019-04-15T13:50:34.617+0200][516,776s] GC(1411) Pause Young (Allocation Failure) 211M->125M(490M) 10,131ms
[2019-04-15T13:50:34.617+0200][516,776s] GC(1411) User=0,04s Sys=0,00s Real=0,01s
[2019-04-15T13:50:34.803+0200][516,962s] GC(1412) Pause Young (Allocation Failure)
[2019-04-15T13:50:34.803+0200][516,962s] GC(1412) Using 4 workers of 4 for evacuation
[2019-04-15T13:50:34.816+0200][516,975s] GC(1412) ParNew: 94643K->18974K(109248K)
[2019-04-15T13:50:34.816+0200][516,975s] GC(1412) CMS: 121790K->121790K(393216K)
[2019-04-15T13:50:34.816+0200][516,975s] GC(1412) Metaspace: 86881K->86881K(1128448K)
[2019-04-15T13:50:34.816+0200][516,975s] GC(1412) Pause Young (Allocation Failure) 211M->137M(490M) 13,495ms
[2019-04-15T13:50:34.816+0200][516,975s] GC(1412) User=0,03s Sys=0,00s Real=0,02s
[2019-04-15T13:50:34.962+0200][517,121s] GC(1413) Pause Young (Allocation Failure)
[2019-04-15T13:50:34.962+0200][517,121s] GC(1413) Using 4 workers of 4 for evacuation
[2019-04-15T13:50:34.970+0200][517,129s] GC(1413) ParNew: 106398K->14753K(109248K)
[2019-04-15T13:50:34.970+0200][517,129s] GC(1413) CMS: 121790K->122032K(393216K)
[2019-04-15T13:50:34.970+0200][517,129s] GC(1413) Metaspace: 86896K->86896K(1128448K)
[2019-04-15T13:50:34.970+0200][517,129s] GC(1413) Pause Young (Allocation Failure) 222M->133M(490M) 8,239ms
[2019-04-15T13:50:34.970+0200][517,129s] GC(1413) User=0,03s Sys=0,00s Real=0,01s
[2019-04-15T13:50:35.130+0200][517,289s] GC(1414) Pause Young (Allocation Failure)
[2019-04-15T13:50:35.130+0200][517,289s] GC(1414) Using 4 workers of 4 for evacuation
[2019-04-15T13:50:35.141+0200][517,300s] GC(1414) ParNew: 102177K->11298K(109248K)
[2019-04-15T13:50:35.141+0200][517,300s] GC(1414) CMS: 122032K->122231K(393216K)
[2019-04-15T13:50:35.141+0200][517,300s] GC(1414) Metaspace: 86909K->86909K(1128448K)
[2019-04-15T13:50:35.141+0200][517,300s] GC(1414) Pause Young (Allocation Failure) 218M->130M(490M) 11,073ms
[2019-04-15T13:50:35.141+0200][517,300s] GC(1414) User=0,04s Sys=0,00s Real=0,01s
[2019-04-15T13:50:35.290+0200][517,449s] GC(1415) Pause Young (Allocation Failure)
[2019-04-15T13:50:35.290+0200][517,449s] GC(1415) Using 4 workers of 4 for evacuation
[2019-04-15T13:50:35.296+0200][517,455s] GC(1415) ParNew: 98722K->7651K(109248K)
[2019-04-15T13:50:35.296+0200][517,455s] GC(1415) CMS: 122231K->122266K(393216K)
[2019-04-15T13:50:35.296+0200][517,455s] GC(1415) Metaspace: 86911K->86911K(1128448K)
[2019-04-15T13:50:35.296+0200][517,455s] GC(1415) Pause Young (Allocation Failure) 215M->126M(490M) 5,673ms
[2019-04-15T13:50:35.296+0200][517,455s] GC(1415) User=0,01s Sys=0,00s Real=0,01s
[2019-04-15T13:50:35.549+0200][517,708s] GC(1416) Pause Young (Allocation Failure)
[2019-04-15T13:50:35.549+0200][517,708s] GC(1416) Using 4 workers of 4 for evacuation
[2019-04-15T13:50:35.561+0200][517,720s] GC(1416) ParNew: 95075K->17046K(109248K)
[2019-04-15T13:50:35.561+0200][517,720s] GC(1416) CMS: 122266K->122302K(393216K)
[2019-04-15T13:50:35.561+0200][517,720s] GC(1416) Metaspace: 86960K->86960K(1128448K)
[2019-04-15T13:50:35.561+0200][517,720s] GC(1416) Pause Young (Allocation Failure) 212M->136M(490M) 12,333ms
[2019-04-15T13:50:35.561+0200][517,720s] GC(1416) User=0,05s Sys=0,00s Real=0,01s
[2019-04-15T13:50:35.816+0200][517,975s] GC(1417) Pause Young (Allocation Failure)
[2019-04-15T13:50:35.816+0200][517,975s] GC(1417) Using 4 workers of 4 for evacuation
[2019-04-15T13:50:35.835+0200][517,994s] GC(1417) ParNew: 104470K->21824K(109248K)
[2019-04-15T13:50:35.835+0200][517,994s] GC(1417) CMS: 122302K->140095K(393216K)
[2019-04-15T13:50:35.835+0200][517,994s] GC(1417) Metaspace: 87117K->87117K(1128448K)
[2019-04-15T13:50:35.835+0200][517,994s] GC(1417) Pause Young (Allocation Failure) 221M->158M(490M) 18,703ms
[2019-04-15T13:50:35.835+0200][517,994s] GC(1417) User=0,07s Sys=0,00s Real=0,02s
[2019-04-15T13:50:36.252+0200][518,411s] GC(1418) Pause Young (Allocation Failure)
[2019-04-15T13:50:36.252+0200][518,411s] GC(1418) Using 4 workers of 4 for evacuation
[2019-04-15T13:50:36.279+0200][518,438s] GC(1418) ParNew: 109248K->21824K(109248K)
[2019-04-15T13:50:36.279+0200][518,438s] GC(1418) CMS: 140095K->198991K(393216K)
[2019-04-15T13:50:36.279+0200][518,438s] GC(1418) Metaspace: 87121K->87121K(1128448K)
[2019-04-15T13:50:36.279+0200][518,438s] GC(1418) Pause Young (Allocation Failure) 243M->215M(490M) 27,137ms
[2019-04-15T13:50:36.279+0200][518,438s] GC(1418) User=0,06s Sys=0,00s Real=0,03s
[2019-04-15T13:50:36.279+0200][518,438s] GC(1419) Pause Initial Mark
[2019-04-15T13:50:36.280+0200][518,439s] GC(1419) Pause Initial Mark 215M->215M(490M) 1,298ms
[2019-04-15T13:50:36.281+0200][518,439s] GC(1419) User=0,01s Sys=0,00s Real=0,00s
[2019-04-15T13:50:36.281+0200][518,440s] GC(1419) Concurrent Mark
[2019-04-15T13:50:36.281+0200][518,440s] GC(1419) Using 4 workers of 4 for marking
[2019-04-15T13:50:36.338+0200][518,496s] GC(1419) Concurrent Mark 56,916ms
[2019-04-15T13:50:36.338+0200][518,496s] GC(1419) User=0,22s Sys=0,00s Real=0,06s
[2019-04-15T13:50:36.338+0200][518,497s] GC(1419) Concurrent Preclean
[2019-04-15T13:50:36.339+0200][518,498s] GC(1419) Concurrent Preclean 1,265ms
[2019-04-15T13:50:36.339+0200][518,498s] GC(1419) User=0,00s Sys=0,00s Real=0,00s
[2019-04-15T13:50:36.339+0200][518,498s] GC(1419) Concurrent Abortable Preclean
[2019-04-15T13:50:36.341+0200][518,499s] GC(1420) Pause Young (Allocation Failure)
[2019-04-15T13:50:36.341+0200][518,500s] GC(1420) Using 4 workers of 4 for evacuation
[2019-04-15T13:50:36.369+0200][518,528s] GC(1420) ParNew: 109248K->21824K(109248K)
[2019-04-15T13:50:36.369+0200][518,528s] GC(1420) CMS: 198991K->265606K(393216K)
[2019-04-15T13:50:36.369+0200][518,528s] GC(1420) Metaspace: 87121K->87121K(1128448K)
[2019-04-15T13:50:36.369+0200][518,528s] GC(1420) Pause Young (Allocation Failure) 301M->280M(490M) 28,495ms
[2019-04-15T13:50:36.369+0200][518,528s] GC(1420) User=0,09s Sys=0,00s Real=0,03s
[2019-04-15T13:50:36.535+0200][518,694s] GC(1419) Concurrent Abortable Preclean 196,399ms
[2019-04-15T13:50:36.536+0200][518,694s] GC(1419) User=0,37s Sys=0,06s Real=0,20s
[2019-04-15T13:50:36.536+0200][518,695s] GC(1419) Pause Remark
[2019-04-15T13:50:36.536+0200][518,695s] GC(1421) Pause Young (CMS Final Remark)
[2019-04-15T13:50:36.536+0200][518,695s] GC(1421) Using 4 workers of 4 for evacuation
[2019-04-15T13:50:36.552+0200][518,711s] GC(1421) ParNew: 105151K->21824K(109248K)
[2019-04-15T13:50:36.552+0200][518,711s] GC(1421) CMS: 265606K->269626K(393216K)
[2019-04-15T13:50:36.552+0200][518,711s] GC(1421) Metaspace: 87127K->87127K(1128448K)
[2019-04-15T13:50:36.552+0200][518,711s] GC(1421) Pause Young (CMS Final Remark) 362M->284M(490M) 15,902ms
[2019-04-15T13:50:36.552+0200][518,711s] GC(1421) User=0,06s Sys=0,00s Real=0,01s
[2019-04-15T13:50:36.591+0200][518,750s] GC(1419) Pause Remark 362M->284M(490M) 54,661ms
[2019-04-15T13:50:36.591+0200][518,750s] GC(1419) User=0,14s Sys=0,00s Real=0,05s
[2019-04-15T13:50:36.591+0200][518,750s] GC(1419) Concurrent Sweep
[2019-04-15T13:50:36.644+0200][518,803s] GC(1419) Concurrent Sweep 52,494ms
[2019-04-15T13:50:36.644+0200][518,803s] GC(1419) User=0,18s Sys=0,00s Real=0,05s
[2019-04-15T13:50:36.644+0200][518,803s] GC(1419) Concurrent Reset
[2019-04-15T13:50:36.644+0200][518,803s] GC(1419) Concurrent Reset 0,594ms
[2019-04-15T13:50:36.644+0200][518,803s] GC(1419) User=0,00s Sys=0,00s Real=0,00s
[2019-04-15T13:50:36.644+0200][518,803s] GC(1419) Old: 198991K->221013K(393216K)
[2019-04-15T13:50:36.877+0200][519,036s] GC(1422) Pause Young (Allocation Failure)
[2019-04-15T13:50:36.877+0200][519,036s] GC(1422) Using 4 workers of 4 for evacuation
[2019-04-15T13:50:36.885+0200][519,044s] GC(1422) ParNew: 109248K->8771K(109248K)
[2019-04-15T13:50:36.885+0200][519,044s] GC(1422) CMS: 221013K->221013K(393216K)
[2019-04-15T13:50:36.885+0200][519,044s] GC(1422) Metaspace: 87301K->87301K(1130496K)
[2019-04-15T13:50:36.885+0200][519,044s] GC(1422) Pause Young (Allocation Failure) 322M->224M(490M) 7,936ms
[2019-04-15T13:50:36.885+0200][519,044s] GC(1422) User=0,03s Sys=0,00s Real=0,01s
[2019-04-15T13:50:36.886+0200][519,044s] GC(1423) Pause Initial Mark
[2019-04-15T13:50:36.887+0200][519,046s] GC(1423) Pause Initial Mark 224M->224M(490M) 1,278ms
[2019-04-15T13:50:36.887+0200][519,046s] GC(1423) User=0,00s Sys=0,00s Real=0,00s
[2019-04-15T13:50:36.887+0200][519,046s] GC(1423) Concurrent Mark
[2019-04-15T13:50:36.887+0200][519,046s] GC(1423) Using 4 workers of 4 for marking
[2019-04-15T13:50:36.957+0200][519,116s] GC(1423) Concurrent Mark 70,396ms
[2019-04-15T13:50:36.957+0200][519,116s] GC(1423) User=0,23s Sys=0,00s Real=0,07s
[2019-04-15T13:50:36.957+0200][519,116s] GC(1423) Concurrent Preclean
[2019-04-15T13:50:36.960+0200][519,119s] GC(1423) Concurrent Preclean 2,279ms
[2019-04-15T13:50:36.960+0200][519,119s] GC(1423) User=0,00s Sys=0,00s Real=0,00s
[2019-04-15T13:50:36.960+0200][519,119s] GC(1423) Concurrent Abortable Preclean
[2019-04-15T13:50:37.068+0200][519,227s] GC(1424) Pause Young (Allocation Failure)
[2019-04-15T13:50:37.068+0200][519,227s] GC(1424) Using 4 workers of 4 for evacuation
[2019-04-15T13:50:37.076+0200][519,235s] GC(1423) Concurrent Abortable Preclean 116,541ms
[2019-04-15T13:50:37.076+0200][519,235s] GC(1423) User=0,29s Sys=0,02s Real=0,12s
[2019-04-15T13:50:37.083+0200][519,242s] GC(1424) ParNew: 96195K->20327K(109248K)
[2019-04-15T13:50:37.083+0200][519,242s] GC(1424) CMS: 221013K->221013K(393216K)
[2019-04-15T13:50:37.083+0200][519,242s] GC(1424) Metaspace: 87304K->87304K(1130496K)
[2019-04-15T13:50:37.083+0200][519,242s] GC(1424) Pause Young (Allocation Failure) 309M->235M(490M) 14,748ms
[2019-04-15T13:50:37.083+0200][519,242s] GC(1424) User=0,05s Sys=0,00s Real=0,01s
[2019-04-15T13:50:37.083+0200][519,242s] GC(1423) Pause Remark
[2019-04-15T13:50:37.083+0200][519,242s] GC(1425) Pause Young (CMS Final Remark)
[2019-04-15T13:50:37.083+0200][519,242s] GC(1425) Using 4 workers of 4 for evacuation
[2019-04-15T13:50:37.099+0200][519,257s] GC(1425) ParNew: 21501K->21824K(109248K)
[2019-04-15T13:50:37.099+0200][519,257s] GC(1425) CMS: 221013K->221013K(393216K)
[2019-04-15T13:50:37.099+0200][519,257s] GC(1425) Metaspace: 87304K->87304K(1130496K)
[2019-04-15T13:50:37.099+0200][519,257s] GC(1425) Pause Young (CMS Final Remark) 236M->237M(490M) 15,525ms
[2019-04-15T13:50:37.099+0200][519,258s] GC(1425) User=0,05s Sys=0,00s Real=0,02s
[2019-04-15T13:50:37.135+0200][519,294s] GC(1423) Pause Remark 236M->237M(490M) 52,434ms
[2019-04-15T13:50:37.135+0200][519,294s] GC(1423) User=0,11s Sys=0,00s Real=0,06s
[2019-04-15T13:50:37.136+0200][519,294s] GC(1423) Concurrent Sweep
[2019-04-15T13:50:37.188+0200][519,347s] GC(1423) Concurrent Sweep 52,532ms
[2019-04-15T13:50:37.188+0200][519,347s] GC(1423) User=0,17s Sys=0,00s Real=0,05s
[2019-04-15T13:50:37.189+0200][519,348s] GC(1423) Concurrent Reset
[2019-04-15T13:50:37.189+0200][519,348s] GC(1423) Concurrent Reset 0,526ms
[2019-04-15T13:50:37.189+0200][519,348s] GC(1423) User=0,01s Sys=0,00s Real=0,00s
[2019-04-15T13:50:37.189+0200][519,348s] GC(1423) Old: 221013K->175825K(393216K)
[2019-04-15T13:50:37.274+0200][519,433s] GC(1426) Pause Young (Allocation Failure)
[2019-04-15T13:50:37.275+0200][519,433s] GC(1426) Using 4 workers of 4 for evacuation
[2019-04-15T13:50:37.281+0200][519,440s] GC(1426) ParNew: 109248K->17738K(109248K)
[2019-04-15T13:50:37.281+0200][519,440s] GC(1426) CMS: 175825K->175825K(393216K)
[2019-04-15T13:50:37.281+0200][519,440s] GC(1426) Metaspace: 87305K->87305K(1130496K)
[2019-04-15T13:50:37.281+0200][519,440s] GC(1426) Pause Young (Allocation Failure) 278M->189M(490M) 6,471ms
[2019-04-15T13:50:37.281+0200][519,440s] GC(1426) User=0,02s Sys=0,00s Real=0,00s
[2019-04-15T13:50:37.526+0200][519,685s] GC(1427) Pause Young (Allocation Failure)
[2019-04-15T13:50:37.526+0200][519,685s] GC(1427) Using 4 workers of 4 for evacuation
[2019-04-15T13:50:37.542+0200][519,701s] GC(1427) ParNew: 105162K->21824K(109248K)
[2019-04-15T13:50:37.542+0200][519,701s] GC(1427) CMS: 175825K->180081K(393216K)
[2019-04-15T13:50:37.542+0200][519,701s] GC(1427) Metaspace: 87306K->87306K(1130496K)
[2019-04-15T13:50:37.542+0200][519,701s] GC(1427) Pause Young (Allocation Failure) 274M->197M(490M) 15,490ms
[2019-04-15T13:50:37.542+0200][519,701s] GC(1427) User=0,05s Sys=0,00s Real=0,01s
[2019-04-15T13:50:37.752+0200][519,910s] GC(1428) Pause Young (Allocation Failure)
[2019-04-15T13:50:37.752+0200][519,911s] GC(1428) Using 4 workers of 4 for evacuation
[2019-04-15T13:50:37.764+0200][519,923s] GC(1428) ParNew: 109248K->21824K(109248K)
[2019-04-15T13:50:37.764+0200][519,923s] GC(1428) CMS: 180081K->190255K(393216K)
[2019-04-15T13:50:37.764+0200][519,923s] GC(1428) Metaspace: 87306K->87306K(1130496K)
[2019-04-15T13:50:37.764+0200][519,923s] GC(1428) Pause Young (Allocation Failure) 282M->207M(490M) 12,248ms
[2019-04-15T13:50:37.764+0200][519,923s] GC(1428) User=0,04s Sys=0,00s Real=0,01s
[2019-04-15T13:50:37.923+0200][520,082s] GC(1429) Pause Young (Allocation Failure)
[2019-04-15T13:50:37.923+0200][520,082s] GC(1429) Using 4 workers of 4 for evacuation
[2019-04-15T13:50:37.931+0200][520,090s] GC(1429) ParNew: 109248K->21824K(109248K)
[2019-04-15T13:50:37.931+0200][520,090s] GC(1429) CMS: 190255K->191688K(393216K)
[2019-04-15T13:50:37.931+0200][520,090s] GC(1429) Metaspace: 87306K->87306K(1130496K)
[2019-04-15T13:50:37.931+0200][520,090s] GC(1429) Pause Young (Allocation Failure) 292M->208M(490M) 8,410ms
[2019-04-15T13:50:37.931+0200][520,090s] GC(1429) User=0,03s Sys=0,00s Real=0,01s
[2019-04-15T13:50:38.030+0200][520,189s] GC(1430) Pause Young (Allocation Failure)
[2019-04-15T13:50:38.030+0200][520,189s] GC(1430) Using 4 workers of 4 for evacuation
[2019-04-15T13:50:38.039+0200][520,198s] GC(1430) ParNew: 109248K->14535K(109248K)
[2019-04-15T13:50:38.039+0200][520,198s] GC(1430) CMS: 191688K->191688K(393216K)
[2019-04-15T13:50:38.039+0200][520,198s] GC(1430) Metaspace: 87306K->87306K(1130496K)
[2019-04-15T13:50:38.039+0200][520,198s] GC(1430) Pause Young (Allocation Failure) 293M->201M(490M) 8,981ms
[2019-04-15T13:50:38.039+0200][520,198s] GC(1430) User=0,03s Sys=0,00s Real=0,01s
[2019-04-15T13:50:38.152+0200][520,311s] GC(1431) Pause Young (Allocation Failure)
[2019-04-15T13:50:38.152+0200][520,311s] GC(1431) Using 4 workers of 4 for evacuation
[2019-04-15T13:50:38.162+0200][520,321s] GC(1431) ParNew: 101959K->21824K(109248K)
[2019-04-15T13:50:38.162+0200][520,321s] GC(1431) CMS: 191688K->191688K(393216K)
[2019-04-15T13:50:38.162+0200][520,321s] GC(1431) Metaspace: 87306K->87306K(1130496K)
[2019-04-15T13:50:38.162+0200][520,321s] GC(1431) Pause Young (Allocation Failure) 286M->208M(490M) 9,854ms
[2019-04-15T13:50:38.162+0200][520,321s] GC(1431) User=0,04s Sys=0,00s Real=0,01s
[2019-04-15T13:50:38.264+0200][520,423s] GC(1432) Pause Young (Allocation Failure)
[2019-04-15T13:50:38.264+0200][520,423s] GC(1432) Using 4 workers of 4 for evacuation
[2019-04-15T13:50:38.273+0200][520,432s] GC(1432) ParNew: 109248K->13776K(109248K)
[2019-04-15T13:50:38.273+0200][520,432s] GC(1432) CMS: 191688K->191688K(393216K)
[2019-04-15T13:50:38.273+0200][520,432s] GC(1432) Metaspace: 87306K->87306K(1130496K)
[2019-04-15T13:50:38.273+0200][520,432s] GC(1432) Pause Young (Allocation Failure) 293M->200M(490M) 8,658ms
[2019-04-15T13:50:38.273+0200][520,432s] GC(1432) User=0,03s Sys=0,00s Real=0,01s
[2019-04-15T13:50:38.381+0200][520,540s] GC(1433) Pause Young (Allocation Failure)
[2019-04-15T13:50:38.381+0200][520,540s] GC(1433) Using 4 workers of 4 for evacuation
[2019-04-15T13:50:38.387+0200][520,546s] GC(1433) ParNew: 101200K->12667K(109248K)
[2019-04-15T13:50:38.387+0200][520,546s] GC(1433) CMS: 191688K->191688K(393216K)
[2019-04-15T13:50:38.387+0200][520,546s] GC(1433) Metaspace: 87306K->87306K(1130496K)
[2019-04-15T13:50:38.387+0200][520,546s] GC(1433) Pause Young (Allocation Failure) 286M->199M(490M) 6,023ms
[2019-04-15T13:50:38.387+0200][520,546s] GC(1433) User=0,03s Sys=0,00s Real=0,01s
[2019-04-15T13:50:38.478+0200][520,637s] GC(1434) Pause Young (Allocation Failure)
[2019-04-15T13:50:38.478+0200][520,637s] GC(1434) Using 4 workers of 4 for evacuation
[2019-04-15T13:50:38.486+0200][520,645s] GC(1434) ParNew: 100091K->17974K(109248K)
[2019-04-15T13:50:38.486+0200][520,645s] GC(1434) CMS: 191688K->191688K(393216K)
[2019-04-15T13:50:38.486+0200][520,645s] GC(1434) Metaspace: 87306K->87306K(1130496K)
[2019-04-15T13:50:38.486+0200][520,645s] GC(1434) Pause Young (Allocation Failure) 284M->204M(490M) 8,023ms
[2019-04-15T13:50:38.486+0200][520,645s] GC(1434) User=0,02s Sys=0,00s Real=0,01s
[2019-04-15T13:50:38.580+0200][520,739s] GC(1435) Pause Young (Allocation Failure)
[2019-04-15T13:50:38.580+0200][520,739s] GC(1435) Using 4 workers of 4 for evacuation
[2019-04-15T13:50:38.586+0200][520,745s] GC(1435) ParNew: 105398K->15819K(109248K)
[2019-04-15T13:50:38.586+0200][520,745s] GC(1435) CMS: 191688K->191688K(393216K)
[2019-04-15T13:50:38.586+0200][520,745s] GC(1435) Metaspace: 87306K->87306K(1130496K)
[2019-04-15T13:50:38.586+0200][520,745s] GC(1435) Pause Young (Allocation Failure) 290M->202M(490M) 5,923ms
[2019-04-15T13:50:38.586+0200][520,745s] GC(1435) User=0,02s Sys=0,00s Real=0,01s
[2019-04-15T13:50:38.686+0200][520,845s] GC(1436) Pause Young (Allocation Failure)
[2019-04-15T13:50:38.686+0200][520,845s] GC(1436) Using 4 workers of 4 for evacuation
[2019-04-15T13:50:38.695+0200][520,854s] GC(1436) ParNew: 103243K->19951K(109248K)
[2019-04-15T13:50:38.695+0200][520,854s] GC(1436) CMS: 191688K->191733K(393216K)
[2019-04-15T13:50:38.695+0200][520,854s] GC(1436) Metaspace: 87306K->87306K(1130496K)
[2019-04-15T13:50:38.695+0200][520,854s] GC(1436) Pause Young (Allocation Failure) 288M->206M(490M) 9,203ms
[2019-04-15T13:50:38.695+0200][520,854s] GC(1436) User=0,03s Sys=0,00s Real=0,01s
[2019-04-15T13:50:38.796+0200][520,955s] GC(1437) Pause Young (Allocation Failure)
[2019-04-15T13:50:38.796+0200][520,955s] GC(1437) Using 4 workers of 4 for evacuation
[2019-04-15T13:50:38.804+0200][520,963s] GC(1437) ParNew: 107375K->7997K(109248K)
[2019-04-15T13:50:38.804+0200][520,963s] GC(1437) CMS: 191733K->199091K(393216K)
[2019-04-15T13:50:38.804+0200][520,963s] GC(1437) Metaspace: 87306K->87306K(1130496K)
[2019-04-15T13:50:38.804+0200][520,963s] GC(1437) Pause Young (Allocation Failure) 292M->202M(490M) 7,763ms
[2019-04-15T13:50:38.804+0200][520,963s] GC(1437) User=0,03s Sys=0,00s Real=0,00s
[2019-04-15T13:50:38.804+0200][520,963s] GC(1438) Pause Initial Mark
[2019-04-15T13:50:38.805+0200][520,964s] GC(1438) Pause Initial Mark 203M->203M(490M) 0,447ms
[2019-04-15T13:50:38.805+0200][520,964s] GC(1438) User=0,00s Sys=0,00s Real=0,00s
[2019-04-15T13:50:38.805+0200][520,964s] GC(1438) Concurrent Mark
[2019-04-15T13:50:38.805+0200][520,964s] GC(1438) Using 4 workers of 4 for marking
[2019-04-15T13:50:38.843+0200][521,002s] GC(1438) Concurrent Mark 38,408ms
[2019-04-15T13:50:38.843+0200][521,002s] GC(1438) User=0,14s Sys=0,00s Real=0,04s
[2019-04-15T13:50:38.843+0200][521,002s] GC(1438) Concurrent Preclean
[2019-04-15T13:50:38.844+0200][521,003s] GC(1438) Concurrent Preclean 0,784ms
[2019-04-15T13:50:38.844+0200][521,003s] GC(1438) User=0,01s Sys=0,00s Real=0,00s
[2019-04-15T13:50:38.844+0200][521,003s] GC(1438) Concurrent Abortable Preclean
[2019-04-15T13:50:38.950+0200][521,109s] GC(1438) Concurrent Abortable Preclean 105,935ms
[2019-04-15T13:50:38.950+0200][521,109s] GC(1438) User=0,11s Sys=0,00s Real=0,11s
[2019-04-15T13:50:38.950+0200][521,109s] GC(1438) Pause Remark
[2019-04-15T13:50:38.950+0200][521,109s] GC(1439) Pause Young (CMS Final Remark)
[2019-04-15T13:50:38.950+0200][521,109s] GC(1439) Using 4 workers of 4 for evacuation
[2019-04-15T13:50:38.956+0200][521,115s] GC(1439) ParNew: 83519K->7052K(109248K)
[2019-04-15T13:50:38.956+0200][521,115s] GC(1439) CMS: 199091K->199092K(393216K)
[2019-04-15T13:50:38.956+0200][521,115s] GC(1439) Metaspace: 87306K->87306K(1130496K)
[2019-04-15T13:50:38.956+0200][521,115s] GC(1439) Pause Young (CMS Final Remark) 275M->201M(490M) 5,689ms
[2019-04-15T13:50:38.956+0200][521,115s] GC(1439) User=0,02s Sys=0,00s Real=0,01s
[2019-04-15T13:50:38.990+0200][521,149s] GC(1438) Pause Remark 275M->201M(490M) 40,276ms
[2019-04-15T13:50:38.991+0200][521,149s] GC(1438) User=0,07s Sys=0,00s Real=0,04s
[2019-04-15T13:50:38.991+0200][521,149s] GC(1438) Concurrent Sweep
[2019-04-15T13:50:39.039+0200][521,198s] GC(1438) Concurrent Sweep 48,129ms
[2019-04-15T13:50:39.039+0200][521,198s] GC(1438) User=0,11s Sys=0,00s Real=0,05s
[2019-04-15T13:50:39.039+0200][521,198s] GC(1438) Concurrent Reset
[2019-04-15T13:50:39.039+0200][521,198s] GC(1438) Concurrent Reset 0,448ms
[2019-04-15T13:50:39.039+0200][521,198s] GC(1438) User=0,00s Sys=0,00s Real=0,00s
[2019-04-15T13:50:39.039+0200][521,198s] GC(1438) Old: 199091K->119698K(393216K)
[2019-04-15T13:50:39.311+0200][521,470s] GC(1440) Pause Young (Allocation Failure)
[2019-04-15T13:50:39.311+0200][521,470s] GC(1440) Using 4 workers of 4 for evacuation
[2019-04-15T13:50:39.325+0200][521,484s] GC(1440) ParNew: 94476K->21824K(109248K)
[2019-04-15T13:50:39.325+0200][521,484s] GC(1440) CMS: 119698K->141294K(393216K)
[2019-04-15T13:50:39.325+0200][521,484s] GC(1440) Metaspace: 87338K->87338K(1130496K)
[2019-04-15T13:50:39.325+0200][521,484s] GC(1440) Pause Young (Allocation Failure) 209M->159M(490M) 14,430ms
[2019-04-15T13:50:39.325+0200][521,484s] GC(1440) User=0,05s Sys=0,00s Real=0,02s
[2019-04-15T13:50:40.158+0200][522,316s] GC(1441) Pause Young (Allocation Failure)
[2019-04-15T13:50:40.158+0200][522,317s] GC(1441) Using 4 workers of 4 for evacuation
[2019-04-15T13:50:40.178+0200][522,337s] GC(1441) ParNew: 109248K->21824K(109248K)
[2019-04-15T13:50:40.178+0200][522,337s] GC(1441) CMS: 141294K->163979K(393216K)
[2019-04-15T13:50:40.178+0200][522,337s] GC(1441) Metaspace: 87338K->87338K(1130496K)
[2019-04-15T13:50:40.178+0200][522,337s] GC(1441) Pause Young (Allocation Failure) 244M->181M(490M) 20,178ms
[2019-04-15T13:50:40.178+0200][522,337s] GC(1441) User=0,07s Sys=0,00s Real=0,02s
[2019-04-15T13:50:40.565+0200][522,724s] GC(1442) Pause Young (Allocation Failure)
[2019-04-15T13:50:40.565+0200][522,724s] GC(1442) Using 4 workers of 4 for evacuation
[2019-04-15T13:50:40.580+0200][522,739s] GC(1442) ParNew: 109248K->20523K(109248K)
[2019-04-15T13:50:40.580+0200][522,739s] GC(1442) CMS: 163979K->177337K(393216K)
[2019-04-15T13:50:40.580+0200][522,739s] GC(1442) Metaspace: 87341K->87341K(1130496K)
[2019-04-15T13:50:40.580+0200][522,739s] GC(1442) Pause Young (Allocation Failure) 266M->193M(490M) 15,064ms
[2019-04-15T13:50:40.580+0200][522,739s] GC(1442) User=0,06s Sys=0,01s Real=0,01s
[2019-04-15T13:50:40.704+0200][522,863s] GC(1443) Pause Young (Allocation Failure)
[2019-04-15T13:50:40.704+0200][522,863s] GC(1443) Using 4 workers of 4 for evacuation
[2019-04-15T13:50:40.724+0200][522,883s] GC(1443) ParNew: 107947K->21824K(109248K)
[2019-04-15T13:50:40.724+0200][522,883s] GC(1443) CMS: 177337K->177337K(393216K)
[2019-04-15T13:50:40.724+0200][522,883s] GC(1443) Metaspace: 87341K->87341K(1130496K)
[2019-04-15T13:50:40.724+0200][522,883s] GC(1443) Pause Young (Allocation Failure) 278M->194M(490M) 20,818ms
[2019-04-15T13:50:40.725+0200][522,883s] GC(1443) User=0,07s Sys=0,00s Real=0,02s
[2019-04-15T13:50:40.842+0200][523,001s] GC(1444) Pause Young (Allocation Failure)
[2019-04-15T13:50:40.842+0200][523,001s] GC(1444) Using 4 workers of 4 for evacuation
[2019-04-15T13:50:40.855+0200][523,013s] GC(1444) ParNew: 109248K->21824K(109248K)
[2019-04-15T13:50:40.855+0200][523,013s] GC(1444) CMS: 177337K->178010K(393216K)
[2019-04-15T13:50:40.855+0200][523,013s] GC(1444) Metaspace: 87341K->87341K(1130496K)
[2019-04-15T13:50:40.855+0200][523,014s] GC(1444) Pause Young (Allocation Failure) 279M->195M(490M) 12,714ms
[2019-04-15T13:50:40.855+0200][523,014s] GC(1444) User=0,05s Sys=0,00s Real=0,02s
[2019-04-15T13:50:40.933+0200][523,092s] GC(1445) Pause Young (Allocation Failure)
[2019-04-15T13:50:40.933+0200][523,092s] GC(1445) Using 4 workers of 4 for evacuation
[2019-04-15T13:50:40.948+0200][523,107s] GC(1445) ParNew: 109248K->21824K(109248K)
[2019-04-15T13:50:40.948+0200][523,107s] GC(1445) CMS: 178010K->179324K(393216K)
[2019-04-15T13:50:40.948+0200][523,107s] GC(1445) Metaspace: 87341K->87341K(1130496K)
[2019-04-15T13:50:40.948+0200][523,107s] GC(1445) Pause Young (Allocation Failure) 280M->196M(490M) 15,666ms
[2019-04-15T13:50:40.948+0200][523,107s] GC(1445) User=0,06s Sys=0,00s Real=0,02s
[2019-04-15T13:50:41.036+0200][523,194s] GC(1446) Pause Young (Allocation Failure)
[2019-04-15T13:50:41.036+0200][523,194s] GC(1446) Using 4 workers of 4 for evacuation
[2019-04-15T13:50:41.046+0200][523,205s] GC(1446) ParNew: 109248K->18984K(109248K)
[2019-04-15T13:50:41.046+0200][523,205s] GC(1446) CMS: 179324K->179324K(393216K)
[2019-04-15T13:50:41.046+0200][523,205s] GC(1446) Metaspace: 87341K->87341K(1130496K)
[2019-04-15T13:50:41.046+0200][523,205s] GC(1446) Pause Young (Allocation Failure) 281M->193M(490M) 10,316ms
[2019-04-15T13:50:41.046+0200][523,205s] GC(1446) User=0,04s Sys=0,00s Real=0,01s
[2019-04-15T13:50:41.566+0200][523,725s] GC(1447) Pause Young (Allocation Failure)
[2019-04-15T13:50:41.566+0200][523,725s] GC(1447) Using 4 workers of 4 for evacuation
[2019-04-15T13:50:41.588+0200][523,747s] GC(1447) ParNew: 106408K->21824K(109248K)
[2019-04-15T13:50:41.588+0200][523,747s] GC(1447) CMS: 179324K->184079K(393216K)
[2019-04-15T13:50:41.588+0200][523,747s] GC(1447) Metaspace: 87590K->87590K(1130496K)
[2019-04-15T13:50:41.588+0200][523,747s] GC(1447) Pause Young (Allocation Failure) 279M->201M(490M) 22,140ms
[2019-04-15T13:50:41.588+0200][523,747s] GC(1447) User=0,09s Sys=0,00s Real=0,02s
[2019-04-15T13:50:42.069+0200][524,228s] GC(1448) Pause Young (Allocation Failure)
[2019-04-15T13:50:42.069+0200][524,228s] GC(1448) Using 4 workers of 4 for evacuation
[2019-04-15T13:50:42.103+0200][524,262s] GC(1448) ParNew: 109248K->21824K(109248K)
[2019-04-15T13:50:42.103+0200][524,262s] GC(1448) CMS: 184079K->252038K(393216K)
[2019-04-15T13:50:42.103+0200][524,262s] GC(1448) Metaspace: 87590K->87590K(1130496K)
[2019-04-15T13:50:42.103+0200][524,262s] GC(1448) Pause Young (Allocation Failure) 286M->267M(490M) 33,651ms
[2019-04-15T13:50:42.103+0200][524,262s] GC(1448) User=0,12s Sys=0,00s Real=0,03s
[2019-04-15T13:50:42.103+0200][524,262s] GC(1449) Pause Initial Mark
[2019-04-15T13:50:42.104+0200][524,263s] GC(1449) Pause Initial Mark 267M->267M(490M) 1,189ms
[2019-04-15T13:50:42.104+0200][524,263s] GC(1449) User=0,00s Sys=0,00s Real=0,00s
[2019-04-15T13:50:42.104+0200][524,263s] GC(1449) Concurrent Mark
[2019-04-15T13:50:42.104+0200][524,263s] GC(1449) Using 4 workers of 4 for marking
[2019-04-15T13:50:42.177+0200][524,336s] GC(1449) Concurrent Mark 72,639ms
[2019-04-15T13:50:42.177+0200][524,336s] GC(1449) User=0,19s Sys=0,03s Real=0,08s
[2019-04-15T13:50:42.177+0200][524,336s] GC(1449) Concurrent Preclean
[2019-04-15T13:50:42.178+0200][524,337s] GC(1449) Concurrent Preclean 0,710ms
[2019-04-15T13:50:42.178+0200][524,337s] GC(1449) User=0,00s Sys=0,00s Real=0,00s
[2019-04-15T13:50:42.178+0200][524,337s] GC(1449) Concurrent Abortable Preclean
[2019-04-15T13:50:42.630+0200][524,789s] GC(1450) Pause Young (Allocation Failure)
[2019-04-15T13:50:42.631+0200][524,789s] GC(1450) Using 4 workers of 4 for evacuation
[2019-04-15T13:50:42.650+0200][524,809s] GC(1450) ParNew: 109241K->21824K(109248K)
[2019-04-15T13:50:42.650+0200][524,809s] GC(1450) CMS: 252038K->263815K(393216K)
[2019-04-15T13:50:42.650+0200][524,809s] GC(1450) Metaspace: 87598K->87598K(1130496K)
[2019-04-15T13:50:42.650+0200][524,809s] GC(1450) Pause Young (Allocation Failure) 352M->278M(490M) 19,873ms
[2019-04-15T13:50:42.650+0200][524,809s] GC(1450) User=0,07s Sys=0,00s Real=0,02s
[2019-04-15T13:50:42.905+0200][525,064s] GC(1451) Pause Young (Allocation Failure)
[2019-04-15T13:50:42.905+0200][525,064s] GC(1451) Using 4 workers of 4 for evacuation
[2019-04-15T13:50:42.915+0200][525,074s] GC(1451) ParNew: 109248K->21179K(109248K)
[2019-04-15T13:50:42.915+0200][525,074s] GC(1451) CMS: 263815K->280728K(393216K)
[2019-04-15T13:50:42.915+0200][525,074s] GC(1451) Metaspace: 87602K->87602K(1130496K)
[2019-04-15T13:50:42.915+0200][525,074s] GC(1451) Pause Young (Allocation Failure) 364M->294M(490M) 10,047ms
[2019-04-15T13:50:42.915+0200][525,074s] GC(1451) User=0,03s Sys=0,00s Real=0,01s
[2019-04-15T13:50:42.915+0200][525,074s] GC(1449) Concurrent Abortable Preclean 737,564ms
[2019-04-15T13:50:42.915+0200][525,074s] GC(1449) User=1,67s Sys=0,00s Real=0,74s
[2019-04-15T13:50:42.916+0200][525,075s] GC(1449) Pause Remark
[2019-04-15T13:50:42.916+0200][525,075s] GC(1452) Pause Young (CMS Final Remark)
[2019-04-15T13:50:42.916+0200][525,075s] GC(1452) Using 4 workers of 4 for evacuation
[2019-04-15T13:50:42.920+0200][525,079s] GC(1452) ParNew: 22141K->8861K(109248K)
[2019-04-15T13:50:42.920+0200][525,079s] GC(1452) CMS: 280728K->280728K(393216K)
[2019-04-15T13:50:42.920+0200][525,079s] GC(1452) Metaspace: 87602K->87602K(1130496K)
[2019-04-15T13:50:42.920+0200][525,079s] GC(1452) Pause Young (CMS Final Remark) 295M->282M(490M) 4,661ms
[2019-04-15T13:50:42.920+0200][525,079s] GC(1452) User=0,01s Sys=0,00s Real=0,00s
[2019-04-15T13:50:42.956+0200][525,115s] GC(1449) Pause Remark 295M->282M(490M) 40,024ms
[2019-04-15T13:50:42.956+0200][525,115s] GC(1449) User=0,07s Sys=0,00s Real=0,04s
[2019-04-15T13:50:42.956+0200][525,115s] GC(1449) Concurrent Sweep
[2019-04-15T13:50:43.014+0200][525,173s] GC(1449) Concurrent Sweep 58,526ms
[2019-04-15T13:50:43.014+0200][525,173s] GC(1449) User=0,19s Sys=0,00s Real=0,06s
[2019-04-15T13:50:43.014+0200][525,173s] GC(1449) Concurrent Reset
[2019-04-15T13:50:43.015+0200][525,174s] GC(1449) Concurrent Reset 0,310ms
[2019-04-15T13:50:43.015+0200][525,174s] GC(1449) User=0,00s Sys=0,00s Real=0,00s
[2019-04-15T13:50:43.015+0200][525,174s] GC(1449) Old: 252038K->244230K(393216K)
[2019-04-15T13:50:45.015+0200][527,174s] GC(1453) Pause Initial Mark
[2019-04-15T13:50:45.016+0200][527,175s] GC(1453) Pause Initial Mark 254M->254M(490M) 1,850ms
[2019-04-15T13:50:45.016+0200][527,175s] GC(1453) User=0,01s Sys=0,00s Real=0,00s
[2019-04-15T13:50:45.017+0200][527,175s] GC(1453) Concurrent Mark
[2019-04-15T13:50:45.017+0200][527,175s] GC(1453) Using 4 workers of 4 for marking
[2019-04-15T13:50:45.061+0200][527,220s] GC(1453) Concurrent Mark 44,606ms
[2019-04-15T13:50:45.061+0200][527,220s] GC(1453) User=0,16s Sys=0,00s Real=0,04s
[2019-04-15T13:50:45.061+0200][527,220s] GC(1453) Concurrent Preclean
[2019-04-15T13:50:45.062+0200][527,221s] GC(1453) Concurrent Preclean 0,966ms
[2019-04-15T13:50:45.062+0200][527,221s] GC(1453) User=0,00s Sys=0,00s Real=0,00s
[2019-04-15T13:50:45.062+0200][527,221s] GC(1453) Concurrent Abortable Preclean
[2019-04-15T13:50:46.384+0200][528,543s] GC(1454) Pause Young (Allocation Failure)
[2019-04-15T13:50:46.384+0200][528,543s] GC(1454) Using 4 workers of 4 for evacuation
[2019-04-15T13:50:46.410+0200][528,569s] GC(1453) Concurrent Abortable Preclean 1347,476ms
[2019-04-15T13:50:46.410+0200][528,569s] GC(1453) User=1,46s Sys=0,01s Real=1,35s
[2019-04-15T13:50:46.413+0200][528,572s] GC(1454) ParNew: 96285K->21824K(109248K)
[2019-04-15T13:50:46.413+0200][528,572s] GC(1454) CMS: 244230K->308842K(393216K)
[2019-04-15T13:50:46.413+0200][528,572s] GC(1454) Metaspace: 87610K->87610K(1130496K)
[2019-04-15T13:50:46.413+0200][528,572s] GC(1454) Pause Young (Allocation Failure) 332M->322M(490M) 29,404ms
[2019-04-15T13:50:46.413+0200][528,572s] GC(1454) User=0,10s Sys=0,01s Real=0,04s
[2019-04-15T13:50:46.413+0200][528,572s] GC(1453) Pause Remark
[2019-04-15T13:50:46.413+0200][528,572s] GC(1455) Pause Young (CMS Final Remark)
[2019-04-15T13:50:46.413+0200][528,572s] GC(1455) Using 4 workers of 4 for evacuation
[2019-04-15T13:50:46.422+0200][528,581s] GC(1455) ParNew: 23077K->7954K(109248K)
[2019-04-15T13:50:46.422+0200][528,581s] GC(1455) CMS: 308842K->329159K(393216K)
[2019-04-15T13:50:46.422+0200][528,581s] GC(1455) Metaspace: 87610K->87610K(1130496K)
[2019-04-15T13:50:46.422+0200][528,581s] GC(1455) Pause Young (CMS Final Remark) 324M->329M(490M) 9,016ms
[2019-04-15T13:50:46.422+0200][528,581s] GC(1455) User=0,04s Sys=0,00s Real=0,00s
[2019-04-15T13:50:46.457+0200][528,615s] GC(1453) Pause Remark 324M->329M(490M) 43,140ms
[2019-04-15T13:50:46.457+0200][528,615s] GC(1453) User=0,08s Sys=0,00s Real=0,04s
[2019-04-15T13:50:46.457+0200][528,616s] GC(1453) Concurrent Sweep
[2019-04-15T13:50:46.502+0200][528,661s] GC(1453) Concurrent Sweep 45,410ms
[2019-04-15T13:50:46.502+0200][528,661s] GC(1453) User=0,12s Sys=0,00s Real=0,04s
[2019-04-15T13:50:46.502+0200][528,661s] GC(1453) Concurrent Reset
[2019-04-15T13:50:46.503+0200][528,662s] GC(1453) Concurrent Reset 0,512ms
[2019-04-15T13:50:46.503+0200][528,662s] GC(1453) User=0,00s Sys=0,00s Real=0,00s
[2019-04-15T13:50:46.503+0200][528,662s] GC(1453) Old: 244230K->274593K(393216K)
[2019-04-15T13:50:46.563+0200][528,722s] GC(1456) Pause Young (Allocation Failure)
[2019-04-15T13:50:46.563+0200][528,722s] GC(1456) Using 4 workers of 4 for evacuation
[2019-04-15T13:50:46.567+0200][528,726s] GC(1456) ParNew: 95378K->8484K(109248K)
[2019-04-15T13:50:46.567+0200][528,726s] GC(1456) CMS: 274593K->274593K(393216K)
[2019-04-15T13:50:46.567+0200][528,726s] GC(1456) Metaspace: 87610K->87610K(1130496K)
[2019-04-15T13:50:46.567+0200][528,726s] GC(1456) Pause Young (Allocation Failure) 361M->276M(490M) 3,914ms
[2019-04-15T13:50:46.567+0200][528,726s] GC(1456) User=0,02s Sys=0,00s Real=0,01s
[2019-04-15T13:50:46.568+0200][528,726s] GC(1457) Pause Initial Mark
[2019-04-15T13:50:46.569+0200][528,728s] GC(1457) Pause Initial Mark 276M->276M(490M) 1,581ms
[2019-04-15T13:50:46.569+0200][528,728s] GC(1457) User=0,00s Sys=0,00s Real=0,00s
[2019-04-15T13:50:46.569+0200][528,728s] GC(1457) Concurrent Mark
[2019-04-15T13:50:46.569+0200][528,728s] GC(1457) Using 4 workers of 4 for marking
[2019-04-15T13:50:46.657+0200][528,815s] GC(1457) Concurrent Mark 87,333ms
[2019-04-15T13:50:46.657+0200][528,816s] GC(1457) User=0,31s Sys=0,01s Real=0,09s
[2019-04-15T13:50:46.657+0200][528,816s] GC(1457) Concurrent Preclean
[2019-04-15T13:50:46.658+0200][528,817s] GC(1457) Concurrent Preclean 1,405ms
[2019-04-15T13:50:46.658+0200][528,817s] GC(1457) User=0,00s Sys=0,00s Real=0,00s
[2019-04-15T13:50:46.658+0200][528,817s] GC(1457) Concurrent Abortable Preclean
[2019-04-15T13:50:46.782+0200][528,941s] GC(1457) Concurrent Abortable Preclean 123,578ms
[2019-04-15T13:50:46.782+0200][528,941s] GC(1457) User=0,36s Sys=0,00s Real=0,12s
[2019-04-15T13:50:46.785+0200][528,944s] GC(1457) Pause Remark
[2019-04-15T13:50:46.785+0200][528,944s] GC(1458) Pause Young (CMS Final Remark)
[2019-04-15T13:50:46.785+0200][528,944s] GC(1458) Using 4 workers of 4 for evacuation
[2019-04-15T13:50:46.798+0200][528,957s] GC(1458) ParNew: 65253K->11096K(109248K)
[2019-04-15T13:50:46.798+0200][528,957s] GC(1458) CMS: 274593K->274593K(393216K)
[2019-04-15T13:50:46.798+0200][528,957s] GC(1458) Metaspace: 87779K->87779K(1130496K)
[2019-04-15T13:50:46.798+0200][528,957s] GC(1458) Pause Young (CMS Final Remark) 331M->278M(490M) 12,912ms
[2019-04-15T13:50:46.798+0200][528,957s] GC(1458) User=0,05s Sys=0,00s Real=0,02s
[2019-04-15T13:50:46.842+0200][529,001s] GC(1457) Pause Remark 331M->278M(490M) 57,007ms
[2019-04-15T13:50:46.842+0200][529,001s] GC(1457) User=0,14s Sys=0,00s Real=0,06s
[2019-04-15T13:50:46.842+0200][529,001s] GC(1457) Concurrent Sweep
[2019-04-15T13:50:46.908+0200][529,067s] GC(1457) Concurrent Sweep 66,442ms
[2019-04-15T13:50:46.908+0200][529,067s] GC(1457) User=0,22s Sys=0,00s Real=0,07s
[2019-04-15T13:50:46.908+0200][529,067s] GC(1457) Concurrent Reset
[2019-04-15T13:50:46.909+0200][529,068s] GC(1457) Concurrent Reset 0,480ms
[2019-04-15T13:50:46.909+0200][529,068s] GC(1457) User=0,00s Sys=0,00s Real=0,00s
[2019-04-15T13:50:46.909+0200][529,068s] GC(1457) Old: 274593K->189945K(393216K)
[2019-04-15T13:50:47.251+0200][529,410s] GC(1459) Pause Young (Allocation Failure)
[2019-04-15T13:50:47.251+0200][529,410s] GC(1459) Using 4 workers of 4 for evacuation
[2019-04-15T13:50:47.274+0200][529,432s] GC(1459) ParNew: 98520K->15285K(109248K)
[2019-04-15T13:50:47.274+0200][529,432s] GC(1459) CMS: 189945K->189945K(393216K)
[2019-04-15T13:50:47.274+0200][529,433s] GC(1459) Metaspace: 87816K->87816K(1130496K)
[2019-04-15T13:50:47.274+0200][529,433s] GC(1459) Pause Young (Allocation Failure) 281M->200M(490M) 22,991ms
[2019-04-15T13:50:47.274+0200][529,433s] GC(1459) User=0,07s Sys=0,00s Real=0,03s
[2019-04-15T13:50:47.422+0200][529,581s] GC(1460) Pause Young (Allocation Failure)
[2019-04-15T13:50:47.422+0200][529,581s] GC(1460) Using 4 workers of 4 for evacuation
[2019-04-15T13:50:47.431+0200][529,590s] GC(1460) ParNew: 102709K->14437K(109248K)
[2019-04-15T13:50:47.431+0200][529,590s] GC(1460) CMS: 189945K->189945K(393216K)
[2019-04-15T13:50:47.431+0200][529,590s] GC(1460) Metaspace: 87816K->87816K(1130496K)
[2019-04-15T13:50:47.431+0200][529,590s] GC(1460) Pause Young (Allocation Failure) 285M->199M(490M) 9,324ms
[2019-04-15T13:50:47.431+0200][529,590s] GC(1460) User=0,02s Sys=0,00s Real=0,01s
[2019-04-15T13:50:47.506+0200][529,665s] GC(1461) Pause Young (Allocation Failure)
[2019-04-15T13:50:47.506+0200][529,665s] GC(1461) Using 4 workers of 4 for evacuation
[2019-04-15T13:50:47.513+0200][529,672s] GC(1461) ParNew: 101861K->16776K(109248K)
[2019-04-15T13:50:47.513+0200][529,672s] GC(1461) CMS: 189945K->189945K(393216K)
[2019-04-15T13:50:47.513+0200][529,672s] GC(1461) Metaspace: 87816K->87816K(1130496K)
[2019-04-15T13:50:47.513+0200][529,672s] GC(1461) Pause Young (Allocation Failure) 284M->201M(490M) 7,488ms
[2019-04-15T13:50:47.513+0200][529,672s] GC(1461) User=0,03s Sys=0,00s Real=0,01s
[2019-04-15T13:50:47.579+0200][529,738s] GC(1462) Pause Young (Allocation Failure)
[2019-04-15T13:50:47.579+0200][529,738s] GC(1462) Using 4 workers of 4 for evacuation
[2019-04-15T13:50:47.586+0200][529,745s] GC(1462) ParNew: 104200K->17167K(109248K)
[2019-04-15T13:50:47.586+0200][529,745s] GC(1462) CMS: 189945K->189945K(393216K)
[2019-04-15T13:50:47.586+0200][529,745s] GC(1462) Metaspace: 87816K->87816K(1130496K)
[2019-04-15T13:50:47.586+0200][529,745s] GC(1462) Pause Young (Allocation Failure) 287M->202M(490M) 6,410ms
[2019-04-15T13:50:47.586+0200][529,745s] GC(1462) User=0,02s Sys=0,00s Real=0,01s
[2019-04-15T13:50:47.676+0200][529,835s] GC(1463) Pause Young (Allocation Failure)
[2019-04-15T13:50:47.676+0200][529,835s] GC(1463) Using 4 workers of 4 for evacuation
[2019-04-15T13:50:47.685+0200][529,844s] GC(1463) ParNew: 104591K->21824K(109248K)
[2019-04-15T13:50:47.685+0200][529,844s] GC(1463) CMS: 189945K->189945K(393216K)
[2019-04-15T13:50:47.685+0200][529,844s] GC(1463) Metaspace: 87816K->87816K(1130496K)
[2019-04-15T13:50:47.685+0200][529,844s] GC(1463) Pause Young (Allocation Failure) 287M->206M(490M) 9,051ms
[2019-04-15T13:50:47.685+0200][529,844s] GC(1463) User=0,03s Sys=0,00s Real=0,01s
[2019-04-15T13:50:47.750+0200][529,909s] GC(1464) Pause Young (Allocation Failure)
[2019-04-15T13:50:47.750+0200][529,909s] GC(1464) Using 4 workers of 4 for evacuation
[2019-04-15T13:50:47.759+0200][529,918s] GC(1464) ParNew: 109248K->15587K(109248K)
[2019-04-15T13:50:47.759+0200][529,918s] GC(1464) CMS: 189945K->189945K(393216K)
[2019-04-15T13:50:47.759+0200][529,918s] GC(1464) Metaspace: 87816K->87816K(1130496K)
[2019-04-15T13:50:47.759+0200][529,918s] GC(1464) Pause Young (Allocation Failure) 292M->200M(490M) 9,142ms
[2019-04-15T13:50:47.759+0200][529,918s] GC(1464) User=0,03s Sys=0,00s Real=0,01s
[2019-04-15T13:50:47.822+0200][529,981s] GC(1465) Pause Young (Allocation Failure)
[2019-04-15T13:50:47.822+0200][529,981s] GC(1465) Using 4 workers of 4 for evacuation
[2019-04-15T13:50:47.831+0200][529,990s] GC(1465) ParNew: 103011K->15973K(109248K)
[2019-04-15T13:50:47.831+0200][529,990s] GC(1465) CMS: 189945K->193343K(393216K)
[2019-04-15T13:50:47.831+0200][529,990s] GC(1465) Metaspace: 87816K->87816K(1130496K)
[2019-04-15T13:50:47.831+0200][529,990s] GC(1465) Pause Young (Allocation Failure) 286M->204M(490M) 9,206ms
[2019-04-15T13:50:47.831+0200][529,990s] GC(1465) User=0,03s Sys=0,00s Real=0,01s
[2019-04-15T13:50:47.943+0200][530,102s] GC(1466) Pause Young (Allocation Failure)
[2019-04-15T13:50:47.943+0200][530,102s] GC(1466) Using 4 workers of 4 for evacuation
[2019-04-15T13:50:47.957+0200][530,116s] GC(1466) ParNew: 103397K->11885K(109248K)
[2019-04-15T13:50:47.957+0200][530,116s] GC(1466) CMS: 193343K->195171K(393216K)
[2019-04-15T13:50:47.957+0200][530,116s] GC(1466) Metaspace: 87817K->87817K(1130496K)
[2019-04-15T13:50:47.957+0200][530,116s] GC(1466) Pause Young (Allocation Failure) 289M->202M(490M) 13,373ms
[2019-04-15T13:50:47.957+0200][530,116s] GC(1466) User=0,04s Sys=0,00s Real=0,02s
[2019-04-15T13:50:48.012+0200][530,171s] GC(1467) Pause Young (Allocation Failure)
[2019-04-15T13:50:48.012+0200][530,171s] GC(1467) Using 4 workers of 4 for evacuation
[2019-04-15T13:50:48.025+0200][530,183s] GC(1467) ParNew: 99309K->10300K(109248K)
[2019-04-15T13:50:48.025+0200][530,184s] GC(1467) CMS: 195171K->195606K(393216K)
[2019-04-15T13:50:48.025+0200][530,184s] GC(1467) Metaspace: 87818K->87818K(1130496K)
[2019-04-15T13:50:48.025+0200][530,184s] GC(1467) Pause Young (Allocation Failure) 287M->201M(490M) 12,197ms
[2019-04-15T13:50:48.025+0200][530,184s] GC(1467) User=0,02s Sys=0,00s Real=0,01s
[2019-04-15T13:50:48.111+0200][530,270s] GC(1468) Pause Young (Allocation Failure)
[2019-04-15T13:50:48.111+0200][530,270s] GC(1468) Using 4 workers of 4 for evacuation
[2019-04-15T13:50:48.122+0200][530,281s] GC(1468) ParNew: 97724K->4488K(109248K)
[2019-04-15T13:50:48.122+0200][530,281s] GC(1468) CMS: 195606K->195876K(393216K)
[2019-04-15T13:50:48.122+0200][530,281s] GC(1468) Metaspace: 87820K->87820K(1130496K)
[2019-04-15T13:50:48.122+0200][530,281s] GC(1468) Pause Young (Allocation Failure) 286M->195M(490M) 11,209ms
[2019-04-15T13:50:48.122+0200][530,281s] GC(1468) User=0,04s Sys=0,00s Real=0,01s
[2019-04-15T13:50:48.287+0200][530,446s] GC(1469) Pause Young (Allocation Failure)
[2019-04-15T13:50:48.287+0200][530,446s] GC(1469) Using 4 workers of 4 for evacuation
[2019-04-15T13:50:48.296+0200][530,455s] GC(1469) ParNew: 91912K->13188K(109248K)
[2019-04-15T13:50:48.296+0200][530,455s] GC(1469) CMS: 195876K->195877K(393216K)
[2019-04-15T13:50:48.296+0200][530,455s] GC(1469) Metaspace: 87824K->87824K(1130496K)
[2019-04-15T13:50:48.296+0200][530,455s] GC(1469) Pause Young (Allocation Failure) 281M->204M(490M) 8,886ms
[2019-04-15T13:50:48.296+0200][530,455s] GC(1469) User=0,03s Sys=0,00s Real=0,01s
[2019-04-15T13:50:48.373+0200][530,532s] GC(1470) Pause Young (Allocation Failure)
[2019-04-15T13:50:48.373+0200][530,532s] GC(1470) Using 4 workers of 4 for evacuation
[2019-04-15T13:50:48.383+0200][530,542s] GC(1470) ParNew: 100612K->21824K(109248K)
[2019-04-15T13:50:48.383+0200][530,542s] GC(1470) CMS: 195877K->195877K(393216K)
[2019-04-15T13:50:48.383+0200][530,542s] GC(1470) Metaspace: 87824K->87824K(1130496K)
[2019-04-15T13:50:48.383+0200][530,542s] GC(1470) Pause Young (Allocation Failure) 289M->212M(490M) 10,086ms
[2019-04-15T13:50:48.383+0200][530,542s] GC(1470) User=0,02s Sys=0,01s Real=0,01s
[2019-04-15T13:50:48.454+0200][530,613s] GC(1471) Pause Young (Allocation Failure)
[2019-04-15T13:50:48.454+0200][530,613s] GC(1471) Using 4 workers of 4 for evacuation
[2019-04-15T13:50:48.464+0200][530,623s] GC(1471) ParNew: 109248K->21824K(109248K)
[2019-04-15T13:50:48.464+0200][530,623s] GC(1471) CMS: 195877K->196149K(393216K)
[2019-04-15T13:50:48.464+0200][530,623s] GC(1471) Metaspace: 87824K->87824K(1130496K)
[2019-04-15T13:50:48.464+0200][530,623s] GC(1471) Pause Young (Allocation Failure) 297M->212M(490M) 10,167ms
[2019-04-15T13:50:48.464+0200][530,623s] GC(1471) User=0,04s Sys=0,00s Real=0,00s
[2019-04-15T13:50:48.525+0200][530,684s] GC(1472) Pause Young (Allocation Failure)
[2019-04-15T13:50:48.525+0200][530,684s] GC(1472) Using 4 workers of 4 for evacuation
[2019-04-15T13:50:48.534+0200][530,693s] GC(1472) ParNew: 109248K->21824K(109248K)
[2019-04-15T13:50:48.534+0200][530,693s] GC(1472) CMS: 196149K->197298K(393216K)
[2019-04-15T13:50:48.534+0200][530,693s] GC(1472) Metaspace: 87824K->87824K(1130496K)
[2019-04-15T13:50:48.534+0200][530,693s] GC(1472) Pause Young (Allocation Failure) 298M->213M(490M) 9,359ms
[2019-04-15T13:50:48.535+0200][530,693s] GC(1472) User=0,03s Sys=0,00s Real=0,01s
[2019-04-15T13:50:48.535+0200][530,694s] GC(1473) Pause Initial Mark
[2019-04-15T13:50:48.538+0200][530,697s] GC(1473) Pause Initial Mark 215M->215M(490M) 3,032ms
[2019-04-15T13:50:48.538+0200][530,697s] GC(1473) User=0,01s Sys=0,00s Real=0,00s
[2019-04-15T13:50:48.538+0200][530,697s] GC(1473) Concurrent Mark
[2019-04-15T13:50:48.538+0200][530,697s] GC(1473) Using 4 workers of 4 for marking
[2019-04-15T13:50:48.572+0200][530,731s] GC(1473) Concurrent Mark 34,583ms
[2019-04-15T13:50:48.573+0200][530,731s] GC(1473) User=0,13s Sys=0,00s Real=0,03s
[2019-04-15T13:50:48.573+0200][530,732s] GC(1473) Concurrent Preclean
[2019-04-15T13:50:48.573+0200][530,732s] GC(1473) Concurrent Preclean 0,780ms
[2019-04-15T13:50:48.573+0200][530,732s] GC(1473) User=0,01s Sys=0,00s Real=0,01s
[2019-04-15T13:50:48.573+0200][530,732s] GC(1473) Concurrent Abortable Preclean
[2019-04-15T13:50:48.627+0200][530,786s] GC(1474) Pause Young (Allocation Failure)
[2019-04-15T13:50:48.627+0200][530,786s] GC(1474) Using 4 workers of 4 for evacuation
[2019-04-15T13:50:48.635+0200][530,794s] GC(1474) ParNew: 109248K->21824K(109248K)
[2019-04-15T13:50:48.635+0200][530,794s] GC(1474) CMS: 197298K->198941K(393216K)
[2019-04-15T13:50:48.635+0200][530,794s] GC(1474) Metaspace: 87824K->87824K(1130496K)
[2019-04-15T13:50:48.635+0200][530,794s] GC(1474) Pause Young (Allocation Failure) 299M->215M(490M) 8,807ms
[2019-04-15T13:50:48.635+0200][530,794s] GC(1474) User=0,04s Sys=0,00s Real=0,01s
[2019-04-15T13:50:48.678+0200][530,837s] GC(1473) Concurrent Abortable Preclean 104,982ms
[2019-04-15T13:50:48.678+0200][530,837s] GC(1473) User=0,21s Sys=0,00s Real=0,10s
[2019-04-15T13:50:48.679+0200][530,837s] GC(1473) Pause Remark
[2019-04-15T13:50:48.679+0200][530,838s] GC(1475) Pause Young (CMS Final Remark)
[2019-04-15T13:50:48.679+0200][530,838s] GC(1475) Using 4 workers of 4 for evacuation
[2019-04-15T13:50:48.690+0200][530,849s] GC(1475) ParNew: 85104K->21824K(109248K)
[2019-04-15T13:50:48.690+0200][530,849s] GC(1475) CMS: 198941K->199935K(393216K)
[2019-04-15T13:50:48.690+0200][530,849s] GC(1475) Metaspace: 87824K->87824K(1130496K)
[2019-04-15T13:50:48.690+0200][530,849s] GC(1475) Pause Young (CMS Final Remark) 277M->216M(490M) 11,128ms
[2019-04-15T13:50:48.690+0200][530,849s] GC(1475) User=0,04s Sys=0,00s Real=0,01s
[2019-04-15T13:50:48.725+0200][530,884s] GC(1473) Pause Remark 277M->216M(490M) 46,734ms
[2019-04-15T13:50:48.725+0200][530,884s] GC(1473) User=0,09s Sys=0,00s Real=0,05s
[2019-04-15T13:50:48.725+0200][530,884s] GC(1473) Concurrent Sweep
[2019-04-15T13:50:48.755+0200][530,914s] GC(1473) Concurrent Sweep 30,111ms
[2019-04-15T13:50:48.756+0200][530,914s] GC(1473) User=0,06s Sys=0,00s Real=0,03s
[2019-04-15T13:50:48.756+0200][530,914s] GC(1473) Concurrent Reset
[2019-04-15T13:50:48.756+0200][530,915s] GC(1473) Concurrent Reset 0,371ms
[2019-04-15T13:50:48.756+0200][530,915s] GC(1473) User=0,00s Sys=0,00s Real=0,00s
[2019-04-15T13:50:48.756+0200][530,915s] GC(1473) Old: 197298K->111875K(393216K)
[2019-04-15T13:50:48.789+0200][530,948s] GC(1476) Pause Young (Allocation Failure)
[2019-04-15T13:50:48.789+0200][530,948s] GC(1476) Using 4 workers of 4 for evacuation
[2019-04-15T13:50:48.798+0200][530,957s] GC(1476) ParNew: 109248K->21824K(109248K)
[2019-04-15T13:50:48.798+0200][530,957s] GC(1476) CMS: 111875K->112900K(393216K)
[2019-04-15T13:50:48.798+0200][530,957s] GC(1476) Metaspace: 87824K->87824K(1130496K)
[2019-04-15T13:50:48.798+0200][530,957s] GC(1476) Pause Young (Allocation Failure) 215M->131M(490M) 8,267ms
[2019-04-15T13:50:48.798+0200][530,957s] GC(1476) User=0,03s Sys=0,00s Real=0,01s
[2019-04-15T13:50:48.857+0200][531,016s] GC(1477) Pause Young (Allocation Failure)
[2019-04-15T13:50:48.857+0200][531,016s] GC(1477) Using 4 workers of 4 for evacuation
[2019-04-15T13:50:48.867+0200][531,026s] GC(1477) ParNew: 109248K->21824K(109248K)
[2019-04-15T13:50:48.867+0200][531,026s] GC(1477) CMS: 112900K->112900K(393216K)
[2019-04-15T13:50:48.867+0200][531,026s] GC(1477) Metaspace: 87824K->87824K(1130496K)
[2019-04-15T13:50:48.867+0200][531,026s] GC(1477) Pause Young (Allocation Failure) 216M->131M(490M) 9,208ms
[2019-04-15T13:50:48.867+0200][531,026s] GC(1477) User=0,03s Sys=0,00s Real=0,01s
[2019-04-15T13:50:48.928+0200][531,087s] GC(1478) Pause Young (Allocation Failure)
[2019-04-15T13:50:48.928+0200][531,087s] GC(1478) Using 4 workers of 4 for evacuation
[2019-04-15T13:50:48.939+0200][531,098s] GC(1478) ParNew: 109248K->18132K(109248K)
[2019-04-15T13:50:48.939+0200][531,098s] GC(1478) CMS: 112900K->119201K(393216K)
[2019-04-15T13:50:48.939+0200][531,098s] GC(1478) Metaspace: 87824K->87824K(1130496K)
[2019-04-15T13:50:48.939+0200][531,098s] GC(1478) Pause Young (Allocation Failure) 216M->134M(490M) 10,857ms
[2019-04-15T13:50:48.939+0200][531,098s] GC(1478) User=0,04s Sys=0,00s Real=0,01s
[2019-04-15T13:50:49.000+0200][531,159s] GC(1479) Pause Young (Allocation Failure)
[2019-04-15T13:50:49.000+0200][531,159s] GC(1479) Using 4 workers of 4 for evacuation
[2019-04-15T13:50:49.011+0200][531,170s] GC(1479) ParNew: 105556K->7547K(109248K)
[2019-04-15T13:50:49.011+0200][531,170s] GC(1479) CMS: 119201K->128283K(393216K)
[2019-04-15T13:50:49.011+0200][531,170s] GC(1479) Metaspace: 87824K->87824K(1130496K)
[2019-04-15T13:50:49.011+0200][531,170s] GC(1479) Pause Young (Allocation Failure) 219M->132M(490M) 11,128ms
[2019-04-15T13:50:49.011+0200][531,170s] GC(1479) User=0,04s Sys=0,00s Real=0,01s
[2019-04-15T13:50:49.077+0200][531,236s] GC(1480) Pause Young (Allocation Failure)
[2019-04-15T13:50:49.077+0200][531,236s] GC(1480) Using 4 workers of 4 for evacuation
[2019-04-15T13:50:49.080+0200][531,239s] GC(1480) ParNew: 94971K->3583K(109248K)
[2019-04-15T13:50:49.080+0200][531,239s] GC(1480) CMS: 128283K->129005K(393216K)
[2019-04-15T13:50:49.080+0200][531,239s] GC(1480) Metaspace: 87824K->87824K(1130496K)
[2019-04-15T13:50:49.081+0200][531,239s] GC(1480) Pause Young (Allocation Failure) 218M->129M(490M) 3,680ms
[2019-04-15T13:50:49.081+0200][531,239s] GC(1480) User=0,01s Sys=0,00s Real=0,00s
[2019-04-15T13:50:49.218+0200][531,377s] GC(1481) Pause Young (Allocation Failure)
[2019-04-15T13:50:49.218+0200][531,377s] GC(1481) Using 4 workers of 4 for evacuation
[2019-04-15T13:50:49.230+0200][531,389s] GC(1481) ParNew: 91007K->21824K(109248K)
[2019-04-15T13:50:49.230+0200][531,389s] GC(1481) CMS: 129005K->137115K(393216K)
[2019-04-15T13:50:49.230+0200][531,389s] GC(1481) Metaspace: 87824K->87824K(1130496K)
[2019-04-15T13:50:49.230+0200][531,389s] GC(1481) Pause Young (Allocation Failure) 214M->155M(490M) 12,093ms
[2019-04-15T13:50:49.230+0200][531,389s] GC(1481) User=0,04s Sys=0,00s Real=0,01s
[2019-04-15T13:50:49.308+0200][531,467s] GC(1482) Pause Young (Allocation Failure)
[2019-04-15T13:50:49.308+0200][531,467s] GC(1482) Using 4 workers of 4 for evacuation
[2019-04-15T13:50:49.322+0200][531,481s] GC(1482) ParNew: 109248K->13802K(109248K)
[2019-04-15T13:50:49.322+0200][531,481s] GC(1482) CMS: 137115K->159046K(393216K)
[2019-04-15T13:50:49.322+0200][531,481s] GC(1482) Metaspace: 87824K->87824K(1130496K)
[2019-04-15T13:50:49.322+0200][531,481s] GC(1482) Pause Young (Allocation Failure) 240M->168M(490M) 13,916ms
[2019-04-15T13:50:49.322+0200][531,481s] GC(1482) User=0,04s Sys=0,00s Real=0,01s
[2019-04-15T13:50:49.396+0200][531,555s] GC(1483) Pause Young (Allocation Failure)
[2019-04-15T13:50:49.397+0200][531,555s] GC(1483) Using 4 workers of 4 for evacuation
[2019-04-15T13:50:49.404+0200][531,563s] GC(1483) ParNew: 101226K->6270K(109248K)
[2019-04-15T13:50:49.404+0200][531,563s] GC(1483) CMS: 159046K->159046K(393216K)
[2019-04-15T13:50:49.404+0200][531,563s] GC(1483) Metaspace: 87824K->87824K(1130496K)
[2019-04-15T13:50:49.404+0200][531,563s] GC(1483) Pause Young (Allocation Failure) 254M->161M(490M) 7,421ms
[2019-04-15T13:50:49.404+0200][531,563s] GC(1483) User=0,02s Sys=0,00s Real=0,00s
[2019-04-15T13:50:49.480+0200][531,639s] GC(1484) Pause Young (Allocation Failure)
[2019-04-15T13:50:49.480+0200][531,639s] GC(1484) Using 4 workers of 4 for evacuation
[2019-04-15T13:50:49.491+0200][531,650s] GC(1484) ParNew: 93694K->17216K(109248K)
[2019-04-15T13:50:49.491+0200][531,650s] GC(1484) CMS: 159046K->159046K(393216K)
[2019-04-15T13:50:49.491+0200][531,650s] GC(1484) Metaspace: 87824K->87824K(1130496K)
[2019-04-15T13:50:49.491+0200][531,650s] GC(1484) Pause Young (Allocation Failure) 246M->172M(490M) 11,597ms
[2019-04-15T13:50:49.491+0200][531,650s] GC(1484) User=0,04s Sys=0,00s Real=0,01s
[2019-04-15T13:50:49.568+0200][531,727s] GC(1485) Pause Young (Allocation Failure)
[2019-04-15T13:50:49.568+0200][531,727s] GC(1485) Using 4 workers of 4 for evacuation
[2019-04-15T13:50:49.579+0200][531,738s] GC(1485) ParNew: 104640K->21824K(109248K)
[2019-04-15T13:50:49.579+0200][531,738s] GC(1485) CMS: 159046K->159046K(393216K)
[2019-04-15T13:50:49.579+0200][531,738s] GC(1485) Metaspace: 87824K->87824K(1130496K)
[2019-04-15T13:50:49.579+0200][531,738s] GC(1485) Pause Young (Allocation Failure) 257M->176M(490M) 11,268ms
[2019-04-15T13:50:49.579+0200][531,738s] GC(1485) User=0,04s Sys=0,00s Real=0,01s
[2019-04-15T13:50:49.661+0200][531,820s] GC(1486) Pause Young (Allocation Failure)
[2019-04-15T13:50:49.661+0200][531,820s] GC(1486) Using 4 workers of 4 for evacuation
[2019-04-15T13:50:49.674+0200][531,833s] GC(1486) ParNew: 109248K->21824K(109248K)
[2019-04-15T13:50:49.674+0200][531,833s] GC(1486) CMS: 159046K->159046K(393216K)
[2019-04-15T13:50:49.674+0200][531,833s] GC(1486) Metaspace: 87824K->87824K(1130496K)
[2019-04-15T13:50:49.674+0200][531,833s] GC(1486) Pause Young (Allocation Failure) 262M->176M(490M) 12,908ms
[2019-04-15T13:50:49.674+0200][531,833s] GC(1486) User=0,05s Sys=0,00s Real=0,02s
[2019-04-15T13:50:49.758+0200][531,917s] GC(1487) Pause Young (Allocation Failure)
[2019-04-15T13:50:49.758+0200][531,917s] GC(1487) Using 4 workers of 4 for evacuation
[2019-04-15T13:50:49.779+0200][531,938s] GC(1487) ParNew: 109248K->21824K(109248K)
[2019-04-15T13:50:49.779+0200][531,938s] GC(1487) CMS: 159046K->165275K(393216K)
[2019-04-15T13:50:49.779+0200][531,938s] GC(1487) Metaspace: 87824K->87824K(1130496K)
[2019-04-15T13:50:49.779+0200][531,938s] GC(1487) Pause Young (Allocation Failure) 262M->182M(490M) 20,998ms
[2019-04-15T13:50:49.779+0200][531,938s] GC(1487) User=0,08s Sys=0,00s Real=0,02s
[2019-04-15T13:50:49.871+0200][532,030s] GC(1488) Pause Young (Allocation Failure)
[2019-04-15T13:50:49.871+0200][532,030s] GC(1488) Using 4 workers of 4 for evacuation
[2019-04-15T13:50:49.886+0200][532,045s] GC(1488) ParNew: 109248K->21824K(109248K)
[2019-04-15T13:50:49.886+0200][532,045s] GC(1488) CMS: 165275K->169750K(393216K)
[2019-04-15T13:50:49.886+0200][532,045s] GC(1488) Metaspace: 87824K->87824K(1130496K)
[2019-04-15T13:50:49.886+0200][532,045s] GC(1488) Pause Young (Allocation Failure) 268M->187M(490M) 15,133ms
[2019-04-15T13:50:49.886+0200][532,045s] GC(1488) User=0,05s Sys=0,00s Real=0,02s
[2019-04-15T13:50:49.945+0200][532,104s] GC(1489) Pause Young (Allocation Failure)
[2019-04-15T13:50:49.945+0200][532,104s] GC(1489) Using 4 workers of 4 for evacuation
[2019-04-15T13:50:49.954+0200][532,113s] GC(1489) ParNew: 109248K->21806K(109248K)
[2019-04-15T13:50:49.954+0200][532,113s] GC(1489) CMS: 169750K->169750K(393216K)
[2019-04-15T13:50:49.954+0200][532,113s] GC(1489) Metaspace: 87824K->87824K(1130496K)
[2019-04-15T13:50:49.954+0200][532,113s] GC(1489) Pause Young (Allocation Failure) 272M->187M(490M) 8,948ms
[2019-04-15T13:50:49.954+0200][532,113s] GC(1489) User=0,03s Sys=0,00s Real=0,01s
[2019-04-15T13:50:50.049+0200][532,208s] GC(1490) Pause Young (Allocation Failure)
[2019-04-15T13:50:50.049+0200][532,208s] GC(1490) Using 4 workers of 4 for evacuation
[2019-04-15T13:50:50.066+0200][532,225s] GC(1490) ParNew: 109230K->15632K(109248K)
[2019-04-15T13:50:50.066+0200][532,225s] GC(1490) CMS: 169750K->169750K(393216K)
[2019-04-15T13:50:50.066+0200][532,225s] GC(1490) Metaspace: 87855K->87855K(1130496K)
[2019-04-15T13:50:50.066+0200][532,225s] GC(1490) Pause Young (Allocation Failure) 272M->181M(490M) 17,660ms
[2019-04-15T13:50:50.066+0200][532,225s] GC(1490) User=0,07s Sys=0,00s Real=0,02s
[2019-04-15T13:50:50.284+0200][532,443s] GC(1491) Pause Young (Allocation Failure)
[2019-04-15T13:50:50.284+0200][532,443s] GC(1491) Using 4 workers of 4 for evacuation
[2019-04-15T13:50:50.303+0200][532,462s] GC(1491) ParNew: 103056K->21824K(109248K)
[2019-04-15T13:50:50.303+0200][532,462s] GC(1491) CMS: 169750K->169885K(393216K)
[2019-04-15T13:50:50.303+0200][532,462s] GC(1491) Metaspace: 87864K->87864K(1130496K)
[2019-04-15T13:50:50.303+0200][532,462s] GC(1491) Pause Young (Allocation Failure) 266M->187M(490M) 19,150ms
[2019-04-15T13:50:50.303+0200][532,462s] GC(1491) User=0,07s Sys=0,00s Real=0,02s
[2019-04-15T13:50:50.734+0200][532,893s] GC(1492) Pause Young (Allocation Failure)
[2019-04-15T13:50:50.734+0200][532,893s] GC(1492) Using 4 workers of 4 for evacuation
[2019-04-15T13:50:50.760+0200][532,919s] GC(1492) ParNew: 108805K->19779K(109248K)
[2019-04-15T13:50:50.760+0200][532,919s] GC(1492) CMS: 169885K->178620K(393216K)
[2019-04-15T13:50:50.760+0200][532,919s] GC(1492) Metaspace: 87882K->87882K(1130496K)
[2019-04-15T13:50:50.760+0200][532,919s] GC(1492) Pause Young (Allocation Failure) 272M->193M(490M) 26,310ms
[2019-04-15T13:50:50.760+0200][532,919s] GC(1492) User=0,09s Sys=0,01s Real=0,02s
[2019-04-15T13:50:50.915+0200][533,074s] GC(1493) Pause Young (Allocation Failure)
[2019-04-15T13:50:50.915+0200][533,074s] GC(1493) Using 4 workers of 4 for evacuation
[2019-04-15T13:50:50.923+0200][533,082s] GC(1493) ParNew: 107203K->11952K(109248K)
[2019-04-15T13:50:50.923+0200][533,082s] GC(1493) CMS: 178620K->179136K(393216K)
[2019-04-15T13:50:50.923+0200][533,082s] GC(1493) Metaspace: 87925K->87925K(1130496K)
[2019-04-15T13:50:50.923+0200][533,082s] GC(1493) Pause Young (Allocation Failure) 279M->186M(490M) 8,147ms
[2019-04-15T13:50:50.923+0200][533,082s] GC(1493) User=0,02s Sys=0,00s Real=0,00s
[2019-04-15T13:50:51.153+0200][533,312s] GC(1494) Pause Young (Allocation Failure)
[2019-04-15T13:50:51.153+0200][533,312s] GC(1494) Using 4 workers of 4 for evacuation
[2019-04-15T13:50:51.166+0200][533,325s] GC(1494) ParNew: 99376K->13033K(109248K)
[2019-04-15T13:50:51.166+0200][533,325s] GC(1494) CMS: 179136K->180390K(393216K)
[2019-04-15T13:50:51.166+0200][533,325s] GC(1494) Metaspace: 87990K->87990K(1130496K)
[2019-04-15T13:50:51.166+0200][533,325s] GC(1494) Pause Young (Allocation Failure) 271M->188M(490M) 13,271ms
[2019-04-15T13:50:51.166+0200][533,325s] GC(1494) User=0,05s Sys=0,00s Real=0,01s
[2019-04-15T13:50:51.329+0200][533,488s] GC(1495) Pause Young (Allocation Failure)
[2019-04-15T13:50:51.329+0200][533,488s] GC(1495) Using 4 workers of 4 for evacuation
[2019-04-15T13:50:51.340+0200][533,499s] GC(1495) ParNew: 100457K->15318K(109248K)
[2019-04-15T13:50:51.340+0200][533,499s] GC(1495) CMS: 180390K->180983K(393216K)
[2019-04-15T13:50:51.340+0200][533,499s] GC(1495) Metaspace: 88004K->88004K(1130496K)
[2019-04-15T13:50:51.341+0200][533,499s] GC(1495) Pause Young (Allocation Failure) 274M->191M(490M) 11,292ms
[2019-04-15T13:50:51.341+0200][533,499s] GC(1495) User=0,03s Sys=0,00s Real=0,01s
[2019-04-15T13:50:51.452+0200][533,611s] GC(1496) Pause Young (Allocation Failure)
[2019-04-15T13:50:51.452+0200][533,611s] GC(1496) Using 4 workers of 4 for evacuation
[2019-04-15T13:50:51.459+0200][533,618s] GC(1496) ParNew: 102742K->10284K(109248K)
[2019-04-15T13:50:51.459+0200][533,618s] GC(1496) CMS: 180983K->181052K(393216K)
[2019-04-15T13:50:51.459+0200][533,618s] GC(1496) Metaspace: 88025K->88025K(1130496K)
[2019-04-15T13:50:51.459+0200][533,618s] GC(1496) Pause Young (Allocation Failure) 277M->186M(490M) 6,838ms
[2019-04-15T13:50:51.459+0200][533,618s] GC(1496) User=0,02s Sys=0,00s Real=0,01s
[2019-04-15T13:50:51.572+0200][533,731s] GC(1497) Pause Young (Allocation Failure)
[2019-04-15T13:50:51.572+0200][533,731s] GC(1497) Using 4 workers of 4 for evacuation
[2019-04-15T13:50:51.578+0200][533,737s] GC(1497) ParNew: 97708K->15405K(109248K)
[2019-04-15T13:50:51.578+0200][533,737s] GC(1497) CMS: 181052K->181052K(393216K)
[2019-04-15T13:50:51.578+0200][533,737s] GC(1497) Metaspace: 88029K->88029K(1130496K)
[2019-04-15T13:50:51.578+0200][533,737s] GC(1497) Pause Young (Allocation Failure) 272M->191M(490M) 5,723ms
[2019-04-15T13:50:51.578+0200][533,737s] GC(1497) User=0,02s Sys=0,00s Real=0,01s
[2019-04-15T13:50:51.677+0200][533,836s] GC(1498) Pause Young (Allocation Failure)
[2019-04-15T13:50:51.677+0200][533,836s] GC(1498) Using 4 workers of 4 for evacuation
[2019-04-15T13:50:51.687+0200][533,846s] GC(1498) ParNew: 102829K->11121K(109248K)
[2019-04-15T13:50:51.687+0200][533,846s] GC(1498) CMS: 181052K->181633K(393216K)
[2019-04-15T13:50:51.687+0200][533,846s] GC(1498) Metaspace: 88029K->88029K(1130496K)
[2019-04-15T13:50:51.687+0200][533,846s] GC(1498) Pause Young (Allocation Failure) 277M->188M(490M) 9,677ms
[2019-04-15T13:50:51.687+0200][533,846s] GC(1498) User=0,03s Sys=0,00s Real=0,01s
[2019-04-15T13:50:51.780+0200][533,939s] GC(1499) Pause Young (Allocation Failure)
[2019-04-15T13:50:51.780+0200][533,939s] GC(1499) Using 4 workers of 4 for evacuation
[2019-04-15T13:50:51.790+0200][533,949s] GC(1499) ParNew: 98545K->8344K(109248K)
[2019-04-15T13:50:51.790+0200][533,949s] GC(1499) CMS: 181633K->182162K(393216K)
[2019-04-15T13:50:51.790+0200][533,949s] GC(1499) Metaspace: 88029K->88029K(1130496K)
[2019-04-15T13:50:51.790+0200][533,949s] GC(1499) Pause Young (Allocation Failure) 273M->186M(490M) 9,658ms
[2019-04-15T13:50:51.790+0200][533,949s] GC(1499) User=0,02s Sys=0,00s Real=0,01s
[2019-04-15T13:50:51.989+0200][534,148s] GC(1500) Pause Young (Allocation Failure)
[2019-04-15T13:50:51.989+0200][534,148s] GC(1500) Using 4 workers of 4 for evacuation
[2019-04-15T13:50:52.005+0200][534,164s] GC(1500) ParNew: 95768K->21824K(109248K)
[2019-04-15T13:50:52.005+0200][534,164s] GC(1500) CMS: 182162K->182260K(393216K)
[2019-04-15T13:50:52.005+0200][534,164s] GC(1500) Metaspace: 88029K->88029K(1130496K)
[2019-04-15T13:50:52.005+0200][534,164s] GC(1500) Pause Young (Allocation Failure) 271M->199M(490M) 15,919ms
[2019-04-15T13:50:52.005+0200][534,164s] GC(1500) User=0,05s Sys=0,01s Real=0,01s
[2019-04-15T13:50:52.226+0200][534,385s] GC(1501) Pause Young (Allocation Failure)
[2019-04-15T13:50:52.226+0200][534,385s] GC(1501) Using 4 workers of 4 for evacuation
[2019-04-15T13:50:52.245+0200][534,404s] GC(1501) ParNew: 109248K->21824K(109248K)
[2019-04-15T13:50:52.245+0200][534,404s] GC(1501) CMS: 182260K->192691K(393216K)
[2019-04-15T13:50:52.245+0200][534,404s] GC(1501) Metaspace: 88029K->88029K(1130496K)
[2019-04-15T13:50:52.245+0200][534,404s] GC(1501) Pause Young (Allocation Failure) 284M->209M(490M) 18,998ms
[2019-04-15T13:50:52.245+0200][534,404s] GC(1501) User=0,05s Sys=0,00s Real=0,02s
[2019-04-15T13:50:52.430+0200][534,589s] GC(1502) Pause Young (Allocation Failure)
[2019-04-15T13:50:52.430+0200][534,589s] GC(1502) Using 4 workers of 4 for evacuation
[2019-04-15T13:50:52.445+0200][534,604s] GC(1502) ParNew: 109248K->21824K(109248K)
[2019-04-15T13:50:52.445+0200][534,604s] GC(1502) CMS: 192691K->194412K(393216K)
[2019-04-15T13:50:52.445+0200][534,604s] GC(1502) Metaspace: 88029K->88029K(1130496K)
[2019-04-15T13:50:52.445+0200][534,604s] GC(1502) Pause Young (Allocation Failure) 294M->211M(490M) 14,686ms
[2019-04-15T13:50:52.445+0200][534,604s] GC(1502) User=0,05s Sys=0,00s Real=0,02s
[2019-04-15T13:50:52.540+0200][534,699s] GC(1503) Pause Young (Allocation Failure)
[2019-04-15T13:50:52.540+0200][534,699s] GC(1503) Using 4 workers of 4 for evacuation
[2019-04-15T13:50:52.547+0200][534,705s] GC(1503) ParNew: 109248K->21739K(109248K)
[2019-04-15T13:50:52.547+0200][534,706s] GC(1503) CMS: 194412K->194412K(393216K)
[2019-04-15T13:50:52.547+0200][534,706s] GC(1503) Metaspace: 88029K->88029K(1130496K)
[2019-04-15T13:50:52.547+0200][534,706s] GC(1503) Pause Young (Allocation Failure) 296M->211M(490M) 6,943ms
[2019-04-15T13:50:52.547+0200][534,706s] GC(1503) User=0,02s Sys=0,00s Real=0,01s
[2019-04-15T13:50:52.648+0200][534,807s] GC(1504) Pause Young (Allocation Failure)
[2019-04-15T13:50:52.648+0200][534,807s] GC(1504) Using 4 workers of 4 for evacuation
[2019-04-15T13:50:52.665+0200][534,824s] GC(1504) ParNew: 109163K->19395K(109248K)
[2019-04-15T13:50:52.665+0200][534,824s] GC(1504) CMS: 194412K->194412K(393216K)
[2019-04-15T13:50:52.665+0200][534,824s] GC(1504) Metaspace: 88029K->88029K(1130496K)
[2019-04-15T13:50:52.665+0200][534,824s] GC(1504) Pause Young (Allocation Failure) 296M->208M(490M) 16,876ms
[2019-04-15T13:50:52.665+0200][534,824s] GC(1504) User=0,05s Sys=0,00s Real=0,02s
[2019-04-15T13:50:52.758+0200][534,917s] GC(1505) Pause Young (Allocation Failure)
[2019-04-15T13:50:52.758+0200][534,917s] GC(1505) Using 4 workers of 4 for evacuation
[2019-04-15T13:50:52.766+0200][534,924s] GC(1505) ParNew: 106819K->17270K(109248K)
[2019-04-15T13:50:52.766+0200][534,924s] GC(1505) CMS: 194412K->194462K(393216K)
[2019-04-15T13:50:52.766+0200][534,924s] GC(1505) Metaspace: 88034K->88034K(1130496K)
[2019-04-15T13:50:52.766+0200][534,925s] GC(1505) Pause Young (Allocation Failure) 294M->206M(490M) 7,866ms
[2019-04-15T13:50:52.766+0200][534,925s] GC(1505) User=0,02s Sys=0,00s Real=0,01s
[2019-04-15T13:50:52.959+0200][535,118s] GC(1506) Pause Young (Allocation Failure)
[2019-04-15T13:50:52.959+0200][535,118s] GC(1506) Using 4 workers of 4 for evacuation
[2019-04-15T13:50:52.972+0200][535,131s] GC(1506) ParNew: 104694K->21824K(109248K)
[2019-04-15T13:50:52.972+0200][535,131s] GC(1506) CMS: 194462K->194641K(393216K)
[2019-04-15T13:50:52.972+0200][535,131s] GC(1506) Metaspace: 88035K->88035K(1130496K)
[2019-04-15T13:50:52.972+0200][535,131s] GC(1506) Pause Young (Allocation Failure) 292M->211M(490M) 13,042ms
[2019-04-15T13:50:52.972+0200][535,131s] GC(1506) User=0,05s Sys=0,00s Real=0,01s
[2019-04-15T13:50:53.109+0200][535,268s] GC(1507) Pause Young (Allocation Failure)
[2019-04-15T13:50:53.109+0200][535,268s] GC(1507) Using 4 workers of 4 for evacuation
[2019-04-15T13:50:53.118+0200][535,277s] GC(1507) ParNew: 109248K->21824K(109248K)
[2019-04-15T13:50:53.118+0200][535,277s] GC(1507) CMS: 194641K->195017K(393216K)
[2019-04-15T13:50:53.118+0200][535,277s] GC(1507) Metaspace: 88035K->88035K(1130496K)
[2019-04-15T13:50:53.118+0200][535,277s] GC(1507) Pause Young (Allocation Failure) 296M->211M(490M) 9,252ms
[2019-04-15T13:50:53.118+0200][535,277s] GC(1507) User=0,03s Sys=0,00s Real=0,01s
[2019-04-15T13:50:53.203+0200][535,362s] GC(1508) Pause Young (Allocation Failure)
[2019-04-15T13:50:53.203+0200][535,362s] GC(1508) Using 4 workers of 4 for evacuation
[2019-04-15T13:50:53.214+0200][535,373s] GC(1508) ParNew: 109248K->21824K(109248K)
[2019-04-15T13:50:53.214+0200][535,373s] GC(1508) CMS: 195017K->200293K(393216K)
[2019-04-15T13:50:53.214+0200][535,373s] GC(1508) Metaspace: 88035K->88035K(1130496K)
[2019-04-15T13:50:53.214+0200][535,373s] GC(1508) Pause Young (Allocation Failure) 297M->216M(490M) 10,541ms
[2019-04-15T13:50:53.214+0200][535,373s] GC(1508) User=0,04s Sys=0,00s Real=0,02s
[2019-04-15T13:50:53.214+0200][535,373s] GC(1509) Pause Initial Mark
[2019-04-15T13:50:53.217+0200][535,376s] GC(1509) Pause Initial Mark 217M->217M(490M) 2,914ms
[2019-04-15T13:50:53.217+0200][535,376s] GC(1509) User=0,01s Sys=0,00s Real=0,00s
[2019-04-15T13:50:53.217+0200][535,376s] GC(1509) Concurrent Mark
[2019-04-15T13:50:53.217+0200][535,376s] GC(1509) Using 4 workers of 4 for marking
[2019-04-15T13:50:53.264+0200][535,423s] GC(1509) Concurrent Mark 46,760ms
[2019-04-15T13:50:53.264+0200][535,423s] GC(1509) User=0,17s Sys=0,00s Real=0,04s
[2019-04-15T13:50:53.264+0200][535,423s] GC(1509) Concurrent Preclean
[2019-04-15T13:50:53.265+0200][535,424s] GC(1509) Concurrent Preclean 1,203ms
[2019-04-15T13:50:53.265+0200][535,424s] GC(1509) User=0,01s Sys=0,00s Real=0,01s
[2019-04-15T13:50:53.265+0200][535,424s] GC(1509) Concurrent Abortable Preclean
[2019-04-15T13:50:53.460+0200][535,619s] GC(1510) Pause Young (Allocation Failure)
[2019-04-15T13:50:53.460+0200][535,619s] GC(1510) Using 4 workers of 4 for evacuation
[2019-04-15T13:50:53.473+0200][535,632s] GC(1510) ParNew: 109248K->21824K(109248K)
[2019-04-15T13:50:53.473+0200][535,632s] GC(1510) CMS: 200293K->208713K(393216K)
[2019-04-15T13:50:53.473+0200][535,632s] GC(1510) Metaspace: 88035K->88035K(1130496K)
[2019-04-15T13:50:53.473+0200][535,632s] GC(1510) Pause Young (Allocation Failure) 302M->225M(490M) 13,042ms
[2019-04-15T13:50:53.473+0200][535,632s] GC(1510) User=0,04s Sys=0,00s Real=0,02s
[2019-04-15T13:50:53.543+0200][535,702s] GC(1511) Pause Young (Allocation Failure)
[2019-04-15T13:50:53.543+0200][535,702s] GC(1511) Using 4 workers of 4 for evacuation
[2019-04-15T13:50:53.563+0200][535,722s] GC(1511) ParNew: 109248K->21824K(109248K)
[2019-04-15T13:50:53.563+0200][535,722s] GC(1511) CMS: 208713K->230983K(393216K)
[2019-04-15T13:50:53.563+0200][535,722s] GC(1511) Metaspace: 88035K->88035K(1130496K)
[2019-04-15T13:50:53.563+0200][535,722s] GC(1511) Pause Young (Allocation Failure) 310M->246M(490M) 19,543ms
[2019-04-15T13:50:53.563+0200][535,722s] GC(1511) User=0,07s Sys=0,00s Real=0,02s
[2019-04-15T13:50:53.609+0200][535,767s] GC(1509) Concurrent Abortable Preclean 343,477ms
[2019-04-15T13:50:53.609+0200][535,768s] GC(1509) User=0,54s Sys=0,06s Real=0,34s
[2019-04-15T13:50:53.609+0200][535,768s] GC(1509) Pause Remark
[2019-04-15T13:50:53.609+0200][535,768s] GC(1512) Pause Young (CMS Final Remark)
[2019-04-15T13:50:53.609+0200][535,768s] GC(1512) Using 4 workers of 4 for evacuation
[2019-04-15T13:50:53.634+0200][535,793s] GC(1512) ParNew: 89908K->21824K(109248K)
[2019-04-15T13:50:53.634+0200][535,793s] GC(1512) CMS: 230983K->258468K(393216K)
[2019-04-15T13:50:53.634+0200][535,793s] GC(1512) Metaspace: 88035K->88035K(1130496K)
[2019-04-15T13:50:53.634+0200][535,793s] GC(1512) Pause Young (CMS Final Remark) 313M->273M(490M) 25,250ms
[2019-04-15T13:50:53.634+0200][535,793s] GC(1512) User=0,10s Sys=0,00s Real=0,03s
[2019-04-15T13:50:53.676+0200][535,835s] GC(1509) Pause Remark 313M->273M(490M) 67,040ms
[2019-04-15T13:50:53.676+0200][535,835s] GC(1509) User=0,17s Sys=0,00s Real=0,07s
[2019-04-15T13:50:53.676+0200][535,835s] GC(1509) Concurrent Sweep
[2019-04-15T13:50:53.731+0200][535,890s] GC(1509) Concurrent Sweep 54,712ms
[2019-04-15T13:50:53.731+0200][535,890s] GC(1509) User=0,11s Sys=0,00s Real=0,05s
[2019-04-15T13:50:53.731+0200][535,890s] GC(1509) Concurrent Reset
[2019-04-15T13:50:53.731+0200][535,890s] GC(1509) Concurrent Reset 0,329ms
[2019-04-15T13:50:53.731+0200][535,890s] GC(1509) User=0,00s Sys=0,00s Real=0,00s
[2019-04-15T13:50:53.731+0200][535,890s] GC(1509) Old: 200293K->203932K(393216K)
[2019-04-15T13:50:53.741+0200][535,900s] GC(1513) Pause Young (Allocation Failure)
[2019-04-15T13:50:53.741+0200][535,900s] GC(1513) Using 4 workers of 4 for evacuation
[2019-04-15T13:50:53.765+0200][535,924s] GC(1513) ParNew: 109248K->21824K(109248K)
[2019-04-15T13:50:53.765+0200][535,924s] GC(1513) CMS: 203932K->229230K(393216K)
[2019-04-15T13:50:53.765+0200][535,924s] GC(1513) Metaspace: 88035K->88035K(1130496K)
[2019-04-15T13:50:53.765+0200][535,924s] GC(1513) Pause Young (Allocation Failure) 305M->245M(490M) 24,325ms
[2019-04-15T13:50:53.765+0200][535,924s] GC(1513) User=0,09s Sys=0,00s Real=0,03s
[2019-04-15T13:50:53.765+0200][535,924s] GC(1514) Pause Initial Mark
[2019-04-15T13:50:53.768+0200][535,927s] GC(1514) Pause Initial Mark 246M->246M(490M) 2,539ms
[2019-04-15T13:50:53.768+0200][535,927s] GC(1514) User=0,00s Sys=0,00s Real=0,00s
[2019-04-15T13:50:53.768+0200][535,927s] GC(1514) Concurrent Mark
[2019-04-15T13:50:53.768+0200][535,927s] GC(1514) Using 4 workers of 4 for marking
[2019-04-15T13:50:53.831+0200][535,990s] GC(1514) Concurrent Mark 63,503ms
[2019-04-15T13:50:53.831+0200][535,990s] GC(1514) User=0,24s Sys=0,00s Real=0,06s
[2019-04-15T13:50:53.831+0200][535,990s] GC(1514) Concurrent Preclean
[2019-04-15T13:50:53.833+0200][535,992s] GC(1514) Concurrent Preclean 1,640ms
[2019-04-15T13:50:53.833+0200][535,992s] GC(1514) User=0,00s Sys=0,00s Real=0,01s
[2019-04-15T13:50:53.833+0200][535,992s] GC(1514) Concurrent Abortable Preclean
[2019-04-15T13:50:53.884+0200][536,043s] GC(1515) Pause Young (Allocation Failure)
[2019-04-15T13:50:53.884+0200][536,043s] GC(1515) Using 4 workers of 4 for evacuation
[2019-04-15T13:50:53.897+0200][536,056s] GC(1515) ParNew: 109248K->21770K(109248K)
[2019-04-15T13:50:53.897+0200][536,056s] GC(1515) CMS: 229230K->242783K(393216K)
[2019-04-15T13:50:53.897+0200][536,056s] GC(1515) Metaspace: 88035K->88035K(1130496K)
[2019-04-15T13:50:53.897+0200][536,056s] GC(1515) Pause Young (Allocation Failure) 330M->258M(490M) 12,753ms
[2019-04-15T13:50:53.897+0200][536,056s] GC(1515) User=0,04s Sys=0,00s Real=0,02s
[2019-04-15T13:50:53.972+0200][536,131s] GC(1516) Pause Young (Allocation Failure)
[2019-04-15T13:50:53.972+0200][536,131s] GC(1516) Using 4 workers of 4 for evacuation
[2019-04-15T13:50:53.977+0200][536,136s] GC(1516) ParNew: 109194K->12239K(109248K)
[2019-04-15T13:50:53.977+0200][536,136s] GC(1516) CMS: 242783K->242783K(393216K)
[2019-04-15T13:50:53.977+0200][536,136s] GC(1516) Metaspace: 88035K->88035K(1130496K)
[2019-04-15T13:50:53.977+0200][536,136s] GC(1516) Pause Young (Allocation Failure) 343M->249M(490M) 5,228ms
[2019-04-15T13:50:53.977+0200][536,136s] GC(1516) User=0,02s Sys=0,00s Real=0,01s
[2019-04-15T13:50:54.068+0200][536,227s] GC(1517) Pause Young (Allocation Failure)
[2019-04-15T13:50:54.068+0200][536,227s] GC(1517) Using 4 workers of 4 for evacuation
[2019-04-15T13:50:54.075+0200][536,234s] GC(1517) ParNew: 99663K->12677K(109248K)
[2019-04-15T13:50:54.075+0200][536,234s] GC(1517) CMS: 242783K->242783K(393216K)
[2019-04-15T13:50:54.075+0200][536,234s] GC(1517) Metaspace: 88035K->88035K(1130496K)
[2019-04-15T13:50:54.075+0200][536,234s] GC(1517) Pause Young (Allocation Failure) 334M->249M(490M) 6,846ms
[2019-04-15T13:50:54.075+0200][536,234s] GC(1517) User=0,03s Sys=0,00s Real=0,01s
[2019-04-15T13:50:54.148+0200][536,307s] GC(1518) Pause Young (Allocation Failure)
[2019-04-15T13:50:54.148+0200][536,307s] GC(1518) Using 4 workers of 4 for evacuation
[2019-04-15T13:50:54.157+0200][536,316s] GC(1518) ParNew: 100101K->11018K(109248K)
[2019-04-15T13:50:54.157+0200][536,316s] GC(1518) CMS: 242783K->242783K(393216K)
[2019-04-15T13:50:54.157+0200][536,316s] GC(1518) Metaspace: 88035K->88035K(1130496K)
[2019-04-15T13:50:54.157+0200][536,316s] GC(1518) Pause Young (Allocation Failure) 334M->247M(490M) 8,633ms
[2019-04-15T13:50:54.157+0200][536,316s] GC(1518) User=0,02s Sys=0,00s Real=0,01s
[2019-04-15T13:50:54.157+0200][536,316s] GC(1514) Concurrent Abortable Preclean 323,751ms
[2019-04-15T13:50:54.157+0200][536,316s] GC(1514) User=0,57s Sys=0,00s Real=0,32s
[2019-04-15T13:50:54.157+0200][536,316s] GC(1514) Pause Remark
[2019-04-15T13:50:54.157+0200][536,316s] GC(1519) Pause Young (CMS Final Remark)
[2019-04-15T13:50:54.157+0200][536,316s] GC(1519) Using 4 workers of 4 for evacuation
[2019-04-15T13:50:54.164+0200][536,323s] GC(1519) ParNew: 12729K->12568K(109248K)
[2019-04-15T13:50:54.164+0200][536,323s] GC(1519) CMS: 242783K->242783K(393216K)
[2019-04-15T13:50:54.164+0200][536,323s] GC(1519) Metaspace: 88035K->88035K(1130496K)
[2019-04-15T13:50:54.164+0200][536,323s] GC(1519) Pause Young (CMS Final Remark) 249M->249M(490M) 7,171ms
[2019-04-15T13:50:54.164+0200][536,323s] GC(1519) User=0,02s Sys=0,00s Real=0,00s
[2019-04-15T13:50:54.201+0200][536,360s] GC(1514) Pause Remark 249M->249M(490M) 44,181ms
[2019-04-15T13:50:54.201+0200][536,360s] GC(1514) User=0,07s Sys=0,00s Real=0,04s
[2019-04-15T13:50:54.201+0200][536,360s] GC(1514) Concurrent Sweep
[2019-04-15T13:50:54.250+0200][536,409s] GC(1514) Concurrent Sweep 48,917ms
[2019-04-15T13:50:54.250+0200][536,409s] GC(1514) User=0,09s Sys=0,00s Real=0,05s
[2019-04-15T13:50:54.250+0200][536,409s] GC(1514) Concurrent Reset
[2019-04-15T13:50:54.251+0200][536,410s] GC(1514) Concurrent Reset 0,336ms
[2019-04-15T13:50:54.251+0200][536,410s] GC(1514) User=0,00s Sys=0,00s Real=0,00s
[2019-04-15T13:50:54.251+0200][536,410s] GC(1514) Old: 229230K->199370K(393216K)
[2019-04-15T13:50:54.275+0200][536,434s] GC(1520) Pause Young (Allocation Failure)
[2019-04-15T13:50:54.275+0200][536,434s] GC(1520) Using 4 workers of 4 for evacuation
[2019-04-15T13:50:54.282+0200][536,441s] GC(1520) ParNew: 99992K->12752K(109248K)
[2019-04-15T13:50:54.282+0200][536,441s] GC(1520) CMS: 199370K->199370K(393216K)
[2019-04-15T13:50:54.282+0200][536,441s] GC(1520) Metaspace: 88035K->88035K(1130496K)
[2019-04-15T13:50:54.282+0200][536,441s] GC(1520) Pause Young (Allocation Failure) 292M->207M(490M) 7,149ms
[2019-04-15T13:50:54.282+0200][536,441s] GC(1520) User=0,02s Sys=0,00s Real=0,00s
[2019-04-15T13:50:54.282+0200][536,441s] GC(1521) Pause Initial Mark
[2019-04-15T13:50:54.283+0200][536,442s] GC(1521) Pause Initial Mark 208M->208M(490M) 1,075ms
[2019-04-15T13:50:54.283+0200][536,442s] GC(1521) User=0,01s Sys=0,00s Real=0,00s
[2019-04-15T13:50:54.283+0200][536,442s] GC(1521) Concurrent Mark
[2019-04-15T13:50:54.283+0200][536,442s] GC(1521) Using 4 workers of 4 for marking
[2019-04-15T13:50:54.349+0200][536,508s] GC(1521) Concurrent Mark 65,502ms
[2019-04-15T13:50:54.349+0200][536,508s] GC(1521) User=0,23s Sys=0,00s Real=0,07s
[2019-04-15T13:50:54.349+0200][536,508s] GC(1521) Concurrent Preclean
[2019-04-15T13:50:54.350+0200][536,509s] GC(1521) Concurrent Preclean 0,915ms
[2019-04-15T13:50:54.350+0200][536,509s] GC(1521) User=0,01s Sys=0,00s Real=0,00s
[2019-04-15T13:50:54.350+0200][536,509s] GC(1521) Concurrent Abortable Preclean
[2019-04-15T13:50:54.382+0200][536,541s] GC(1522) Pause Young (Allocation Failure)
[2019-04-15T13:50:54.382+0200][536,541s] GC(1522) Using 4 workers of 4 for evacuation
[2019-04-15T13:50:54.388+0200][536,547s] GC(1522) ParNew: 100176K->14396K(109248K)
[2019-04-15T13:50:54.388+0200][536,547s] GC(1522) CMS: 199370K->199370K(393216K)
[2019-04-15T13:50:54.388+0200][536,547s] GC(1522) Metaspace: 88035K->88035K(1130496K)
[2019-04-15T13:50:54.388+0200][536,547s] GC(1522) Pause Young (Allocation Failure) 292M->208M(490M) 5,268ms
[2019-04-15T13:50:54.388+0200][536,547s] GC(1522) User=0,02s Sys=0,00s Real=0,01s
[2019-04-15T13:50:54.478+0200][536,637s] GC(1523) Pause Young (Allocation Failure)
[2019-04-15T13:50:54.478+0200][536,637s] GC(1523) Using 4 workers of 4 for evacuation
[2019-04-15T13:50:54.488+0200][536,647s] GC(1523) ParNew: 101820K->5466K(109248K)
[2019-04-15T13:50:54.488+0200][536,647s] GC(1523) CMS: 199370K->207360K(393216K)
[2019-04-15T13:50:54.488+0200][536,647s] GC(1523) Metaspace: 88035K->88035K(1130496K)
[2019-04-15T13:50:54.488+0200][536,647s] GC(1523) Pause Young (Allocation Failure) 294M->207M(490M) 9,932ms
[2019-04-15T13:50:54.488+0200][536,647s] GC(1523) User=0,03s Sys=0,00s Real=0,01s
[2019-04-15T13:50:54.562+0200][536,721s] GC(1524) Pause Young (Allocation Failure)
[2019-04-15T13:50:54.562+0200][536,721s] GC(1524) Using 4 workers of 4 for evacuation
[2019-04-15T13:50:54.570+0200][536,729s] GC(1524) ParNew: 92890K->2233K(109248K)
[2019-04-15T13:50:54.570+0200][536,729s] GC(1524) CMS: 207360K->207945K(393216K)
[2019-04-15T13:50:54.570+0200][536,729s] GC(1524) Metaspace: 88035K->88035K(1130496K)
[2019-04-15T13:50:54.570+0200][536,729s] GC(1524) Pause Young (Allocation Failure) 293M->205M(490M) 8,574ms
[2019-04-15T13:50:54.570+0200][536,729s] GC(1524) User=0,02s Sys=0,00s Real=0,01s
[2019-04-15T13:50:54.644+0200][536,803s] GC(1525) Pause Young (Allocation Failure)
[2019-04-15T13:50:54.644+0200][536,803s] GC(1525) Using 4 workers of 4 for evacuation
[2019-04-15T13:50:54.651+0200][536,810s] GC(1525) ParNew: 89657K->1575K(109248K)
[2019-04-15T13:50:54.651+0200][536,810s] GC(1525) CMS: 207945K->207948K(393216K)
[2019-04-15T13:50:54.651+0200][536,810s] GC(1525) Metaspace: 88035K->88035K(1130496K)
[2019-04-15T13:50:54.651+0200][536,810s] GC(1525) Pause Young (Allocation Failure) 290M->204M(490M) 6,824ms
[2019-04-15T13:50:54.651+0200][536,810s] GC(1525) User=0,02s Sys=0,00s Real=0,01s
[2019-04-15T13:50:54.724+0200][536,883s] GC(1526) Pause Young (Allocation Failure)
[2019-04-15T13:50:54.724+0200][536,883s] GC(1526) Using 4 workers of 4 for evacuation
[2019-04-15T13:50:54.731+0200][536,890s] GC(1526) ParNew: 88999K->2455K(109248K)
[2019-04-15T13:50:54.731+0200][536,890s] GC(1526) CMS: 207948K->207951K(393216K)
[2019-04-15T13:50:54.731+0200][536,890s] GC(1526) Metaspace: 88035K->88035K(1130496K)
[2019-04-15T13:50:54.731+0200][536,890s] GC(1526) Pause Young (Allocation Failure) 289M->205M(490M) 7,061ms
[2019-04-15T13:50:54.731+0200][536,890s] GC(1526) User=0,02s Sys=0,00s Real=0,01s
[2019-04-15T13:50:54.799+0200][536,958s] GC(1527) Pause Young (Allocation Failure)
[2019-04-15T13:50:54.799+0200][536,958s] GC(1527) Using 4 workers of 4 for evacuation
[2019-04-15T13:50:54.803+0200][536,962s] GC(1527) ParNew: 89879K->2455K(109248K)
[2019-04-15T13:50:54.803+0200][536,962s] GC(1527) CMS: 207951K->207954K(393216K)
[2019-04-15T13:50:54.803+0200][536,962s] GC(1527) Metaspace: 88035K->88035K(1130496K)
[2019-04-15T13:50:54.803+0200][536,962s] GC(1527) Pause Young (Allocation Failure) 290M->205M(490M) 4,008ms
[2019-04-15T13:50:54.803+0200][536,962s] GC(1527) User=0,02s Sys=0,00s Real=0,00s
[2019-04-15T13:50:54.874+0200][537,033s] GC(1528) Pause Young (Allocation Failure)
[2019-04-15T13:50:54.874+0200][537,033s] GC(1528) Using 4 workers of 4 for evacuation
[2019-04-15T13:50:54.881+0200][537,040s] GC(1528) ParNew: 89879K->2389K(109248K)
[2019-04-15T13:50:54.881+0200][537,040s] GC(1528) CMS: 207954K->207954K(393216K)
[2019-04-15T13:50:54.881+0200][537,040s] GC(1528) Metaspace: 88035K->88035K(1130496K)
[2019-04-15T13:50:54.881+0200][537,040s] GC(1528) Pause Young (Allocation Failure) 290M->205M(490M) 7,383ms
[2019-04-15T13:50:54.881+0200][537,040s] GC(1528) User=0,02s Sys=0,00s Real=0,00s
[2019-04-15T13:50:54.953+0200][537,112s] GC(1529) Pause Young (Allocation Failure)
[2019-04-15T13:50:54.953+0200][537,112s] GC(1529) Using 4 workers of 4 for evacuation
[2019-04-15T13:50:54.960+0200][537,119s] GC(1529) ParNew: 89813K->2385K(109248K)
[2019-04-15T13:50:54.960+0200][537,119s] GC(1529) CMS: 207954K->207962K(393216K)
[2019-04-15T13:50:54.960+0200][537,119s] GC(1529) Metaspace: 88035K->88035K(1130496K)
[2019-04-15T13:50:54.960+0200][537,119s] GC(1529) Pause Young (Allocation Failure) 290M->205M(490M) 7,627ms
[2019-04-15T13:50:54.960+0200][537,119s] GC(1529) User=0,02s Sys=0,00s Real=0,01s
[2019-04-15T13:50:55.040+0200][537,199s] GC(1530) Pause Young (Allocation Failure)
[2019-04-15T13:50:55.040+0200][537,199s] GC(1530) Using 4 workers of 4 for evacuation
[2019-04-15T13:50:55.046+0200][537,205s] GC(1530) ParNew: 89809K->2551K(109248K)
[2019-04-15T13:50:55.046+0200][537,205s] GC(1530) CMS: 207962K->207965K(393216K)
[2019-04-15T13:50:55.046+0200][537,205s] GC(1530) Metaspace: 88035K->88035K(1130496K)
[2019-04-15T13:50:55.046+0200][537,205s] GC(1530) Pause Young (Allocation Failure) 290M->205M(490M) 5,589ms
[2019-04-15T13:50:55.046+0200][537,205s] GC(1530) User=0,02s Sys=0,00s Real=0,01s
[2019-04-15T13:50:55.116+0200][537,275s] GC(1531) Pause Young (Allocation Failure)
[2019-04-15T13:50:55.116+0200][537,275s] GC(1531) Using 4 workers of 4 for evacuation
[2019-04-15T13:50:55.123+0200][537,282s] GC(1531) ParNew: 89975K->2493K(109248K)
[2019-04-15T13:50:55.123+0200][537,282s] GC(1531) CMS: 207965K->207968K(393216K)
[2019-04-15T13:50:55.123+0200][537,282s] GC(1531) Metaspace: 88035K->88035K(1130496K)
[2019-04-15T13:50:55.123+0200][537,282s] GC(1531) Pause Young (Allocation Failure) 290M->205M(490M) 6,754ms
[2019-04-15T13:50:55.123+0200][537,282s] GC(1531) User=0,02s Sys=0,00s Real=0,00s
[2019-04-15T13:50:55.237+0200][537,396s] GC(1521) Concurrent Abortable Preclean 887,277ms
[2019-04-15T13:50:55.237+0200][537,396s] GC(1521) User=1,15s Sys=0,01s Real=0,89s
[2019-04-15T13:50:55.237+0200][537,396s] GC(1521) Pause Remark
[2019-04-15T13:50:55.237+0200][537,396s] GC(1532) Pause Young (CMS Final Remark)
[2019-04-15T13:50:55.237+0200][537,396s] GC(1532) Using 4 workers of 4 for evacuation
[2019-04-15T13:50:55.249+0200][537,407s] GC(1532) ParNew: 76462K->8787K(109248K)
[2019-04-15T13:50:55.249+0200][537,408s] GC(1532) CMS: 207968K->207971K(393216K)
[2019-04-15T13:50:55.249+0200][537,408s] GC(1532) Metaspace: 88035K->88035K(1130496K)
[2019-04-15T13:50:55.249+0200][537,408s] GC(1532) Pause Young (CMS Final Remark) 277M->211M(490M) 11,519ms
[2019-04-15T13:50:55.249+0200][537,408s] GC(1532) User=0,03s Sys=0,00s Real=0,01s
[2019-04-15T13:50:55.285+0200][537,444s] GC(1521) Pause Remark 277M->211M(490M) 48,081ms
[2019-04-15T13:50:55.285+0200][537,444s] GC(1521) User=0,08s Sys=0,00s Real=0,05s
[2019-04-15T13:50:55.285+0200][537,444s] GC(1521) Concurrent Sweep
[2019-04-15T13:50:55.350+0200][537,509s] GC(1521) Concurrent Sweep 64,474ms
[2019-04-15T13:50:55.350+0200][537,509s] GC(1521) User=0,12s Sys=0,01s Real=0,06s
[2019-04-15T13:50:55.350+0200][537,509s] GC(1521) Concurrent Reset
[2019-04-15T13:50:55.350+0200][537,509s] GC(1521) Concurrent Reset 0,361ms
[2019-04-15T13:50:55.350+0200][537,509s] GC(1521) User=0,00s Sys=0,00s Real=0,00s
[2019-04-15T13:50:55.350+0200][537,509s] GC(1521) Old: 199370K->207282K(393216K)
[2019-04-15T13:50:55.393+0200][537,552s] GC(1533) Pause Young (Allocation Failure)
[2019-04-15T13:50:55.393+0200][537,552s] GC(1533) Using 4 workers of 4 for evacuation
[2019-04-15T13:50:55.409+0200][537,568s] GC(1533) ParNew: 96211K->21824K(109248K)
[2019-04-15T13:50:55.409+0200][537,568s] GC(1533) CMS: 207282K->212007K(393216K)
[2019-04-15T13:50:55.409+0200][537,568s] GC(1533) Metaspace: 88035K->88035K(1130496K)
[2019-04-15T13:50:55.409+0200][537,568s] GC(1533) Pause Young (Allocation Failure) 296M->228M(490M) 15,906ms
[2019-04-15T13:50:55.409+0200][537,568s] GC(1533) User=0,06s Sys=0,00s Real=0,02s
[2019-04-15T13:50:55.409+0200][537,568s] GC(1534) Pause Initial Mark
[2019-04-15T13:50:55.413+0200][537,572s] GC(1534) Pause Initial Mark 229M->229M(490M) 3,627ms
[2019-04-15T13:50:55.413+0200][537,572s] GC(1534) User=0,01s Sys=0,00s Real=0,00s
[2019-04-15T13:50:55.413+0200][537,572s] GC(1534) Concurrent Mark
[2019-04-15T13:50:55.413+0200][537,572s] GC(1534) Using 4 workers of 4 for marking
[2019-04-15T13:50:55.483+0200][537,642s] GC(1534) Concurrent Mark 70,527ms
[2019-04-15T13:50:55.483+0200][537,642s] GC(1534) User=0,27s Sys=0,00s Real=0,07s
[2019-04-15T13:50:55.483+0200][537,642s] GC(1534) Concurrent Preclean
[2019-04-15T13:50:55.485+0200][537,644s] GC(1534) Concurrent Preclean 1,478ms
[2019-04-15T13:50:55.485+0200][537,644s] GC(1534) User=0,00s Sys=0,00s Real=0,00s
[2019-04-15T13:50:55.485+0200][537,644s] GC(1534) Concurrent Abortable Preclean
[2019-04-15T13:50:55.495+0200][537,654s] GC(1535) Pause Young (Allocation Failure)
[2019-04-15T13:50:55.495+0200][537,654s] GC(1535) Using 4 workers of 4 for evacuation
[2019-04-15T13:50:55.506+0200][537,665s] GC(1535) ParNew: 109248K->21824K(109248K)
[2019-04-15T13:50:55.507+0200][537,665s] GC(1535) CMS: 212007K->218597K(393216K)
[2019-04-15T13:50:55.507+0200][537,665s] GC(1535) Metaspace: 88037K->88037K(1130496K)
[2019-04-15T13:50:55.507+0200][537,665s] GC(1535) Pause Young (Allocation Failure) 313M->234M(490M) 11,816ms
[2019-04-15T13:50:55.507+0200][537,665s] GC(1535) User=0,04s Sys=0,00s Real=0,01s
[2019-04-15T13:50:55.562+0200][537,721s] GC(1536) Pause Young (Allocation Failure)
[2019-04-15T13:50:55.562+0200][537,721s] GC(1536) Using 4 workers of 4 for evacuation
[2019-04-15T13:50:55.572+0200][537,731s] GC(1536) ParNew: 109248K->20493K(109248K)
[2019-04-15T13:50:55.573+0200][537,731s] GC(1536) CMS: 218597K->218597K(393216K)
[2019-04-15T13:50:55.573+0200][537,731s] GC(1536) Metaspace: 88037K->88037K(1130496K)
[2019-04-15T13:50:55.573+0200][537,731s] GC(1536) Pause Young (Allocation Failure) 320M->233M(490M) 10,228ms
[2019-04-15T13:50:55.573+0200][537,731s] GC(1536) User=0,04s Sys=0,00s Real=0,01s
[2019-04-15T13:50:55.574+0200][537,733s] GC(1534) Concurrent Abortable Preclean 89,147ms
[2019-04-15T13:50:55.574+0200][537,733s] GC(1534) User=0,22s Sys=0,00s Real=0,10s
[2019-04-15T13:50:55.574+0200][537,733s] GC(1534) Pause Remark
[2019-04-15T13:50:55.574+0200][537,733s] GC(1537) Pause Young (CMS Final Remark)
[2019-04-15T13:50:55.574+0200][537,733s] GC(1537) Using 4 workers of 4 for evacuation
[2019-04-15T13:50:55.585+0200][537,744s] GC(1537) ParNew: 23261K->21789K(109248K)
[2019-04-15T13:50:55.585+0200][537,744s] GC(1537) CMS: 218597K->218597K(393216K)
[2019-04-15T13:50:55.585+0200][537,744s] GC(1537) Metaspace: 88037K->88037K(1130496K)
[2019-04-15T13:50:55.585+0200][537,744s] GC(1537) Pause Young (CMS Final Remark) 236M->234M(490M) 10,669ms
[2019-04-15T13:50:55.585+0200][537,744s] GC(1537) User=0,03s Sys=0,00s Real=0,00s
[2019-04-15T13:50:55.625+0200][537,784s] GC(1534) Pause Remark 236M->234M(490M) 50,484ms
[2019-04-15T13:50:55.625+0200][537,784s] GC(1534) User=0,09s Sys=0,00s Real=0,04s
[2019-04-15T13:50:55.625+0200][537,784s] GC(1534) Concurrent Sweep
[2019-04-15T13:50:55.679+0200][537,838s] GC(1538) Pause Young (Allocation Failure)
[2019-04-15T13:50:55.679+0200][537,838s] GC(1538) Using 4 workers of 4 for evacuation
[2019-04-15T13:50:55.691+0200][537,850s] GC(1538) ParNew: 109213K->21449K(109248K)
[2019-04-15T13:50:55.691+0200][537,850s] GC(1538) CMS: 167183K->167183K(393216K)
[2019-04-15T13:50:55.691+0200][537,850s] GC(1538) Metaspace: 88037K->88037K(1130496K)
[2019-04-15T13:50:55.691+0200][537,850s] GC(1538) Pause Young (Allocation Failure) 269M->184M(490M) 12,234ms
[2019-04-15T13:50:55.691+0200][537,850s] GC(1538) User=0,04s Sys=0,00s Real=0,01s
[2019-04-15T13:50:55.698+0200][537,857s] GC(1534) Concurrent Sweep 73,215ms
[2019-04-15T13:50:55.698+0200][537,857s] GC(1534) User=0,16s Sys=0,00s Real=0,08s
[2019-04-15T13:50:55.698+0200][537,857s] GC(1534) Concurrent Reset
[2019-04-15T13:50:55.698+0200][537,857s] GC(1534) Concurrent Reset 0,452ms
[2019-04-15T13:50:55.698+0200][537,857s] GC(1534) User=0,00s Sys=0,00s Real=0,00s
[2019-04-15T13:50:55.698+0200][537,857s] GC(1534) Old: 212007K->161944K(393216K)
[2019-04-15T13:50:55.750+0200][537,909s] GC(1539) Pause Young (Allocation Failure)
[2019-04-15T13:50:55.750+0200][537,909s] GC(1539) Using 4 workers of 4 for evacuation
[2019-04-15T13:50:55.760+0200][537,919s] GC(1539) ParNew: 108873K->19143K(109248K)
[2019-04-15T13:50:55.760+0200][537,919s] GC(1539) CMS: 161944K->161944K(393216K)
[2019-04-15T13:50:55.760+0200][537,919s] GC(1539) Metaspace: 88037K->88037K(1130496K)
[2019-04-15T13:50:55.760+0200][537,919s] GC(1539) Pause Young (Allocation Failure) 264M->176M(490M) 10,027ms
[2019-04-15T13:50:55.760+0200][537,919s] GC(1539) User=0,03s Sys=0,00s Real=0,01s
[2019-04-15T13:50:55.817+0200][537,976s] GC(1540) Pause Young (Allocation Failure)
[2019-04-15T13:50:55.817+0200][537,976s] GC(1540) Using 4 workers of 4 for evacuation
[2019-04-15T13:50:55.826+0200][537,985s] GC(1540) ParNew: 106567K->21824K(109248K)
[2019-04-15T13:50:55.826+0200][537,985s] GC(1540) CMS: 161944K->161944K(393216K)
[2019-04-15T13:50:55.826+0200][537,985s] GC(1540) Metaspace: 88037K->88037K(1130496K)
[2019-04-15T13:50:55.826+0200][537,985s] GC(1540) Pause Young (Allocation Failure) 262M->179M(490M) 9,317ms
[2019-04-15T13:50:55.826+0200][537,985s] GC(1540) User=0,03s Sys=0,00s Real=0,01s
[2019-04-15T13:50:55.880+0200][538,039s] GC(1541) Pause Young (Allocation Failure)
[2019-04-15T13:50:55.880+0200][538,039s] GC(1541) Using 4 workers of 4 for evacuation
[2019-04-15T13:50:55.889+0200][538,048s] GC(1541) ParNew: 109248K->21824K(109248K)
[2019-04-15T13:50:55.889+0200][538,048s] GC(1541) CMS: 161944K->161944K(393216K)
[2019-04-15T13:50:55.889+0200][538,048s] GC(1541) Metaspace: 88037K->88037K(1130496K)
[2019-04-15T13:50:55.889+0200][538,048s] GC(1541) Pause Young (Allocation Failure) 264M->179M(490M) 8,834ms
[2019-04-15T13:50:55.889+0200][538,048s] GC(1541) User=0,03s Sys=0,00s Real=0,01s
[2019-04-15T13:50:55.945+0200][538,104s] GC(1542) Pause Young (Allocation Failure)
[2019-04-15T13:50:55.945+0200][538,104s] GC(1542) Using 4 workers of 4 for evacuation
[2019-04-15T13:50:55.965+0200][538,124s] GC(1542) ParNew: 109248K->8842K(109248K)
[2019-04-15T13:50:55.965+0200][538,124s] GC(1542) CMS: 161944K->176926K(393216K)
[2019-04-15T13:50:55.965+0200][538,124s] GC(1542) Metaspace: 88037K->88037K(1130496K)
[2019-04-15T13:50:55.965+0200][538,124s] GC(1542) Pause Young (Allocation Failure) 264M->181M(490M) 19,701ms
[2019-04-15T13:50:55.965+0200][538,124s] GC(1542) User=0,07s Sys=0,00s Real=0,01s
[2019-04-15T13:50:56.024+0200][538,183s] GC(1543) Pause Young (Allocation Failure)
[2019-04-15T13:50:56.024+0200][538,183s] GC(1543) Using 4 workers of 4 for evacuation
[2019-04-15T13:50:56.033+0200][538,192s] GC(1543) ParNew: 96266K->3485K(109248K)
[2019-04-15T13:50:56.033+0200][538,192s] GC(1543) CMS: 176926K->177054K(393216K)
[2019-04-15T13:50:56.033+0200][538,192s] GC(1543) Metaspace: 88037K->88037K(1130496K)
[2019-04-15T13:50:56.033+0200][538,192s] GC(1543) Pause Young (Allocation Failure) 266M->176M(490M) 8,341ms
[2019-04-15T13:50:56.033+0200][538,192s] GC(1543) User=0,03s Sys=0,00s Real=0,01s
[2019-04-15T13:50:56.083+0200][538,241s] GC(1544) Pause Young (Allocation Failure)
[2019-04-15T13:50:56.083+0200][538,241s] GC(1544) Using 4 workers of 4 for evacuation
[2019-04-15T13:50:56.087+0200][538,246s] GC(1544) ParNew: 90909K->3406K(109248K)
[2019-04-15T13:50:56.087+0200][538,246s] GC(1544) CMS: 177054K->177197K(393216K)
[2019-04-15T13:50:56.087+0200][538,246s] GC(1544) Metaspace: 88037K->88037K(1130496K)
[2019-04-15T13:50:56.087+0200][538,246s] GC(1544) Pause Young (Allocation Failure) 261M->176M(490M) 4,457ms
[2019-04-15T13:50:56.087+0200][538,246s] GC(1544) User=0,01s Sys=0,00s Real=0,01s
[2019-04-15T13:50:56.143+0200][538,302s] GC(1545) Pause Young (Allocation Failure)
[2019-04-15T13:50:56.143+0200][538,302s] GC(1545) Using 4 workers of 4 for evacuation
[2019-04-15T13:50:56.149+0200][538,308s] GC(1545) ParNew: 90830K->3207K(109248K)
[2019-04-15T13:50:56.149+0200][538,308s] GC(1545) CMS: 177197K->177197K(393216K)
[2019-04-15T13:50:56.149+0200][538,308s] GC(1545) Metaspace: 88037K->88037K(1130496K)
[2019-04-15T13:50:56.149+0200][538,308s] GC(1545) Pause Young (Allocation Failure) 261M->176M(490M) 6,143ms
[2019-04-15T13:50:56.149+0200][538,308s] GC(1545) User=0,01s Sys=0,00s Real=0,01s
[2019-04-15T13:50:56.207+0200][538,366s] GC(1546) Pause Young (Allocation Failure)
[2019-04-15T13:50:56.207+0200][538,366s] GC(1546) Using 4 workers of 4 for evacuation
[2019-04-15T13:50:56.214+0200][538,373s] GC(1546) ParNew: 90631K->3235K(109248K)
[2019-04-15T13:50:56.214+0200][538,373s] GC(1546) CMS: 177197K->177225K(393216K)
[2019-04-15T13:50:56.215+0200][538,373s] GC(1546) Metaspace: 88037K->88037K(1130496K)
[2019-04-15T13:50:56.215+0200][538,373s] GC(1546) Pause Young (Allocation Failure) 261M->176M(490M) 7,693ms
[2019-04-15T13:50:56.215+0200][538,373s] GC(1546) User=0,02s Sys=0,00s Real=0,01s
[2019-04-15T13:50:56.270+0200][538,429s] GC(1547) Pause Young (Allocation Failure)
[2019-04-15T13:50:56.270+0200][538,429s] GC(1547) Using 4 workers of 4 for evacuation
[2019-04-15T13:50:56.277+0200][538,436s] GC(1547) ParNew: 90659K->3354K(109248K)
[2019-04-15T13:50:56.277+0200][538,436s] GC(1547) CMS: 177225K->177263K(393216K)
[2019-04-15T13:50:56.277+0200][538,436s] GC(1547) Metaspace: 88037K->88037K(1130496K)
[2019-04-15T13:50:56.277+0200][538,436s] GC(1547) Pause Young (Allocation Failure) 261M->176M(490M) 6,813ms
[2019-04-15T13:50:56.277+0200][538,436s] GC(1547) User=0,02s Sys=0,00s Real=0,01s
[2019-04-15T13:50:56.334+0200][538,492s] GC(1548) Pause Young (Allocation Failure)
[2019-04-15T13:50:56.334+0200][538,493s] GC(1548) Using 4 workers of 4 for evacuation
[2019-04-15T13:50:56.341+0200][538,500s] GC(1548) ParNew: 90778K->2904K(109248K)
[2019-04-15T13:50:56.341+0200][538,500s] GC(1548) CMS: 177263K->177329K(393216K)
[2019-04-15T13:50:56.341+0200][538,500s] GC(1548) Metaspace: 88037K->88037K(1130496K)
[2019-04-15T13:50:56.341+0200][538,500s] GC(1548) Pause Young (Allocation Failure) 261M->176M(490M) 7,301ms
[2019-04-15T13:50:56.341+0200][538,500s] GC(1548) User=0,02s Sys=0,00s Real=0,00s
[2019-04-15T13:50:56.398+0200][538,557s] GC(1549) Pause Young (Allocation Failure)
[2019-04-15T13:50:56.398+0200][538,557s] GC(1549) Using 4 workers of 4 for evacuation
[2019-04-15T13:50:56.405+0200][538,564s] GC(1549) ParNew: 90328K->3168K(109248K)
[2019-04-15T13:50:56.405+0200][538,564s] GC(1549) CMS: 177329K->177359K(393216K)
[2019-04-15T13:50:56.405+0200][538,564s] GC(1549) Metaspace: 88037K->88037K(1130496K)
[2019-04-15T13:50:56.405+0200][538,564s] GC(1549) Pause Young (Allocation Failure) 261M->176M(490M) 6,360ms
[2019-04-15T13:50:56.405+0200][538,564s] GC(1549) User=0,02s Sys=0,00s Real=0,00s
[2019-04-15T13:50:56.466+0200][538,625s] GC(1550) Pause Young (Allocation Failure)
[2019-04-15T13:50:56.466+0200][538,625s] GC(1550) Using 4 workers of 4 for evacuation
[2019-04-15T13:50:56.472+0200][538,631s] GC(1550) ParNew: 90592K->3191K(109248K)
[2019-04-15T13:50:56.472+0200][538,631s] GC(1550) CMS: 177359K->177370K(393216K)
[2019-04-15T13:50:56.472+0200][538,631s] GC(1550) Metaspace: 88037K->88037K(1130496K)
[2019-04-15T13:50:56.472+0200][538,631s] GC(1550) Pause Young (Allocation Failure) 261M->176M(490M) 5,974ms
[2019-04-15T13:50:56.472+0200][538,631s] GC(1550) User=0,02s Sys=0,00s Real=0,00s
[2019-04-15T13:50:56.531+0200][538,690s] GC(1551) Pause Young (Allocation Failure)
[2019-04-15T13:50:56.531+0200][538,690s] GC(1551) Using 4 workers of 4 for evacuation
[2019-04-15T13:50:56.538+0200][538,697s] GC(1551) ParNew: 90615K->3700K(109248K)
[2019-04-15T13:50:56.538+0200][538,697s] GC(1551) CMS: 177370K->177403K(393216K)
[2019-04-15T13:50:56.538+0200][538,697s] GC(1551) Metaspace: 88037K->88037K(1130496K)
[2019-04-15T13:50:56.538+0200][538,697s] GC(1551) Pause Young (Allocation Failure) 261M->176M(490M) 7,745ms
[2019-04-15T13:50:56.538+0200][538,697s] GC(1551) User=0,02s Sys=0,00s Real=0,01s
[2019-04-15T13:50:56.592+0200][538,751s] GC(1552) Pause Young (Allocation Failure)
[2019-04-15T13:50:56.592+0200][538,751s] GC(1552) Using 4 workers of 4 for evacuation
[2019-04-15T13:50:56.598+0200][538,757s] GC(1552) ParNew: 91124K->5455K(109248K)
[2019-04-15T13:50:56.598+0200][538,757s] GC(1552) CMS: 177403K->177448K(393216K)
[2019-04-15T13:50:56.598+0200][538,757s] GC(1552) Metaspace: 88037K->88037K(1130496K)
[2019-04-15T13:50:56.598+0200][538,757s] GC(1552) Pause Young (Allocation Failure) 262M->178M(490M) 6,621ms
[2019-04-15T13:50:56.598+0200][538,757s] GC(1552) User=0,02s Sys=0,00s Real=0,01s
[2019-04-15T13:50:56.738+0200][538,897s] GC(1553) Pause Young (Allocation Failure)
[2019-04-15T13:50:56.738+0200][538,897s] GC(1553) Using 4 workers of 4 for evacuation
[2019-04-15T13:50:56.747+0200][538,906s] GC(1553) ParNew: 92879K->14685K(109248K)
[2019-04-15T13:50:56.747+0200][538,906s] GC(1553) CMS: 177448K->177459K(393216K)
[2019-04-15T13:50:56.747+0200][538,906s] GC(1553) Metaspace: 88037K->88037K(1130496K)
[2019-04-15T13:50:56.747+0200][538,906s] GC(1553) Pause Young (Allocation Failure) 263M->187M(490M) 9,506ms
[2019-04-15T13:50:56.747+0200][538,906s] GC(1553) User=0,03s Sys=0,00s Real=0,01s
[2019-04-15T13:50:56.846+0200][539,005s] GC(1554) Pause Young (Allocation Failure)
[2019-04-15T13:50:56.846+0200][539,005s] GC(1554) Using 4 workers of 4 for evacuation
[2019-04-15T13:50:56.855+0200][539,013s] GC(1554) ParNew: 102109K->17095K(109248K)
[2019-04-15T13:50:56.855+0200][539,013s] GC(1554) CMS: 177459K->177470K(393216K)
[2019-04-15T13:50:56.855+0200][539,013s] GC(1554) Metaspace: 88037K->88037K(1130496K)
[2019-04-15T13:50:56.855+0200][539,013s] GC(1554) Pause Young (Allocation Failure) 273M->190M(490M) 8,221ms
[2019-04-15T13:50:56.855+0200][539,013s] GC(1554) User=0,03s Sys=0,00s Real=0,01s
[2019-04-15T13:50:56.934+0200][539,093s] GC(1555) Pause Young (Allocation Failure)
[2019-04-15T13:50:56.934+0200][539,093s] GC(1555) Using 4 workers of 4 for evacuation
[2019-04-15T13:50:56.944+0200][539,103s] GC(1555) ParNew: 104519K->14907K(109248K)
[2019-04-15T13:50:56.944+0200][539,103s] GC(1555) CMS: 177470K->177499K(393216K)
[2019-04-15T13:50:56.944+0200][539,103s] GC(1555) Metaspace: 88037K->88037K(1130496K)
[2019-04-15T13:50:56.944+0200][539,103s] GC(1555) Pause Young (Allocation Failure) 275M->187M(490M) 9,596ms
[2019-04-15T13:50:56.944+0200][539,103s] GC(1555) User=0,03s Sys=0,00s Real=0,00s
[2019-04-15T13:50:57.025+0200][539,184s] GC(1556) Pause Young (Allocation Failure)
[2019-04-15T13:50:57.025+0200][539,184s] GC(1556) Using 4 workers of 4 for evacuation
[2019-04-15T13:50:57.035+0200][539,194s] GC(1556) ParNew: 102331K->17143K(109248K)
[2019-04-15T13:50:57.035+0200][539,194s] GC(1556) CMS: 177499K->177508K(393216K)
[2019-04-15T13:50:57.035+0200][539,194s] GC(1556) Metaspace: 88037K->88037K(1130496K)
[2019-04-15T13:50:57.035+0200][539,194s] GC(1556) Pause Young (Allocation Failure) 273M->190M(490M) 10,549ms
[2019-04-15T13:50:57.035+0200][539,194s] GC(1556) User=0,04s Sys=0,00s Real=0,02s
[2019-04-15T13:50:57.114+0200][539,273s] GC(1557) Pause Young (Allocation Failure)
[2019-04-15T13:50:57.114+0200][539,273s] GC(1557) Using 4 workers of 4 for evacuation
[2019-04-15T13:50:57.126+0200][539,285s] GC(1557) ParNew: 104567K->14856K(109248K)
[2019-04-15T13:50:57.126+0200][539,285s] GC(1557) CMS: 177508K->177518K(393216K)
[2019-04-15T13:50:57.126+0200][539,285s] GC(1557) Metaspace: 88037K->88037K(1130496K)
[2019-04-15T13:50:57.126+0200][539,285s] GC(1557) Pause Young (Allocation Failure) 275M->187M(490M) 12,078ms
[2019-04-15T13:50:57.126+0200][539,285s] GC(1557) User=0,03s Sys=0,00s Real=0,01s
[2019-04-15T13:50:57.209+0200][539,367s] GC(1558) Pause Young (Allocation Failure)
[2019-04-15T13:50:57.209+0200][539,368s] GC(1558) Using 4 workers of 4 for evacuation
[2019-04-15T13:50:57.217+0200][539,376s] GC(1558) ParNew: 102280K->15216K(109248K)
[2019-04-15T13:50:57.217+0200][539,376s] GC(1558) CMS: 177518K->177737K(393216K)
[2019-04-15T13:50:57.217+0200][539,376s] GC(1558) Metaspace: 88037K->88037K(1130496K)
[2019-04-15T13:50:57.217+0200][539,376s] GC(1558) Pause Young (Allocation Failure) 273M->188M(490M) 8,553ms
[2019-04-15T13:50:57.217+0200][539,376s] GC(1558) User=0,03s Sys=0,00s Real=0,01s
[2019-04-15T13:50:57.281+0200][539,440s] GC(1559) Pause Young (Allocation Failure)
[2019-04-15T13:50:57.281+0200][539,440s] GC(1559) Using 4 workers of 4 for evacuation
[2019-04-15T13:50:57.289+0200][539,448s] GC(1559) ParNew: 102640K->14955K(109248K)
[2019-04-15T13:50:57.289+0200][539,448s] GC(1559) CMS: 177737K->177975K(393216K)
[2019-04-15T13:50:57.289+0200][539,448s] GC(1559) Metaspace: 88037K->88037K(1130496K)
[2019-04-15T13:50:57.289+0200][539,448s] GC(1559) Pause Young (Allocation Failure) 273M->188M(490M) 7,489ms
[2019-04-15T13:50:57.289+0200][539,448s] GC(1559) User=0,03s Sys=0,00s Real=0,01s
[2019-04-15T13:50:57.368+0200][539,527s] GC(1560) Pause Young (Allocation Failure)
[2019-04-15T13:50:57.368+0200][539,527s] GC(1560) Using 4 workers of 4 for evacuation
[2019-04-15T13:50:57.377+0200][539,536s] GC(1560) ParNew: 102379K->9953K(109248K)
[2019-04-15T13:50:57.377+0200][539,536s] GC(1560) CMS: 177975K->182094K(393216K)
[2019-04-15T13:50:57.377+0200][539,536s] GC(1560) Metaspace: 88059K->88059K(1130496K)
[2019-04-15T13:50:57.377+0200][539,536s] GC(1560) Pause Young (Allocation Failure) 273M->187M(490M) 9,353ms
[2019-04-15T13:50:57.377+0200][539,536s] GC(1560) User=0,03s Sys=0,00s Real=0,01s
[2019-04-15T13:50:57.448+0200][539,607s] GC(1561) Pause Young (Allocation Failure)
[2019-04-15T13:50:57.448+0200][539,607s] GC(1561) Using 4 workers of 4 for evacuation
[2019-04-15T13:50:57.456+0200][539,615s] GC(1561) ParNew: 97377K->8597K(109248K)
[2019-04-15T13:50:57.456+0200][539,615s] GC(1561) CMS: 182094K->185453K(393216K)
[2019-04-15T13:50:57.456+0200][539,615s] GC(1561) Metaspace: 88059K->88059K(1130496K)
[2019-04-15T13:50:57.456+0200][539,615s] GC(1561) Pause Young (Allocation Failure) 272M->189M(490M) 8,077ms
[2019-04-15T13:50:57.456+0200][539,615s] GC(1561) User=0,02s Sys=0,00s Real=0,01s
[2019-04-15T13:50:57.552+0200][539,711s] GC(1562) Pause Young (Allocation Failure)
[2019-04-15T13:50:57.552+0200][539,711s] GC(1562) Using 4 workers of 4 for evacuation
[2019-04-15T13:50:57.560+0200][539,719s] GC(1562) ParNew: 96021K->7352K(109248K)
[2019-04-15T13:50:57.560+0200][539,719s] GC(1562) CMS: 185453K->185477K(393216K)
[2019-04-15T13:50:57.560+0200][539,719s] GC(1562) Metaspace: 88059K->88059K(1130496K)
[2019-04-15T13:50:57.560+0200][539,719s] GC(1562) Pause Young (Allocation Failure) 274M->188M(490M) 7,876ms
[2019-04-15T13:50:57.560+0200][539,719s] GC(1562) User=0,03s Sys=0,00s Real=0,01s
[2019-04-15T13:50:57.658+0200][539,817s] GC(1563) Pause Young (Allocation Failure)
[2019-04-15T13:50:57.658+0200][539,817s] GC(1563) Using 4 workers of 4 for evacuation
[2019-04-15T13:50:57.666+0200][539,825s] GC(1563) ParNew: 94776K->7587K(109248K)
[2019-04-15T13:50:57.666+0200][539,825s] GC(1563) CMS: 185477K->185584K(393216K)
[2019-04-15T13:50:57.666+0200][539,825s] GC(1563) Metaspace: 88059K->88059K(1130496K)
[2019-04-15T13:50:57.666+0200][539,825s] GC(1563) Pause Young (Allocation Failure) 273M->188M(490M) 8,151ms
[2019-04-15T13:50:57.666+0200][539,825s] GC(1563) User=0,03s Sys=0,00s Real=0,01s
[2019-04-15T13:50:57.799+0200][539,958s] GC(1564) Pause Young (Allocation Failure)
[2019-04-15T13:50:57.799+0200][539,958s] GC(1564) Using 4 workers of 4 for evacuation
[2019-04-15T13:50:57.813+0200][539,972s] GC(1564) ParNew: 95011K->8346K(109248K)
[2019-04-15T13:50:57.813+0200][539,972s] GC(1564) CMS: 185584K->185588K(393216K)
[2019-04-15T13:50:57.813+0200][539,972s] GC(1564) Metaspace: 88059K->88059K(1130496K)
[2019-04-15T13:50:57.813+0200][539,972s] GC(1564) Pause Young (Allocation Failure) 274M->189M(490M) 14,482ms
[2019-04-15T13:50:57.813+0200][539,972s] GC(1564) User=0,05s Sys=0,00s Real=0,02s
[2019-04-15T13:50:57.907+0200][540,066s] GC(1565) Pause Young (Allocation Failure)
[2019-04-15T13:50:57.907+0200][540,066s] GC(1565) Using 4 workers of 4 for evacuation
[2019-04-15T13:50:57.919+0200][540,078s] GC(1565) ParNew: 95770K->7330K(109248K)
[2019-04-15T13:50:57.919+0200][540,078s] GC(1565) CMS: 185588K->185659K(393216K)
[2019-04-15T13:50:57.919+0200][540,078s] GC(1565) Metaspace: 88059K->88059K(1130496K)
[2019-04-15T13:50:57.919+0200][540,078s] GC(1565) Pause Young (Allocation Failure) 274M->188M(490M) 11,852ms
[2019-04-15T13:50:57.919+0200][540,078s] GC(1565) User=0,03s Sys=0,00s Real=0,01s
[2019-04-15T13:50:58.015+0200][540,174s] GC(1566) Pause Young (Allocation Failure)
[2019-04-15T13:50:58.015+0200][540,174s] GC(1566) Using 4 workers of 4 for evacuation
[2019-04-15T13:50:58.054+0200][540,213s] GC(1566) ParNew: 94754K->5908K(109248K)
[2019-04-15T13:50:58.054+0200][540,213s] GC(1566) CMS: 185659K->185683K(393216K)
[2019-04-15T13:50:58.054+0200][540,213s] GC(1566) Metaspace: 88059K->88059K(1130496K)
[2019-04-15T13:50:58.054+0200][540,213s] GC(1566) Pause Young (Allocation Failure) 273M->187M(490M) 38,749ms
[2019-04-15T13:50:58.054+0200][540,213s] GC(1566) User=0,09s Sys=0,00s Real=0,04s
[2019-04-15T13:50:58.200+0200][540,359s] GC(1567) Pause Young (Allocation Failure)
[2019-04-15T13:50:58.201+0200][540,359s] GC(1567) Using 4 workers of 4 for evacuation
[2019-04-15T13:50:58.211+0200][540,369s] GC(1567) ParNew: 93332K->21824K(109248K)
[2019-04-15T13:50:58.211+0200][540,369s] GC(1567) CMS: 185683K->187831K(393216K)
[2019-04-15T13:50:58.211+0200][540,370s] GC(1567) Metaspace: 88059K->88059K(1130496K)
[2019-04-15T13:50:58.211+0200][540,370s] GC(1567) Pause Young (Allocation Failure) 272M->204M(490M) 10,113ms
[2019-04-15T13:50:58.211+0200][540,370s] GC(1567) User=0,02s Sys=0,00s Real=0,01s
[2019-04-15T13:50:58.325+0200][540,483s] GC(1568) Pause Young (Allocation Failure)
[2019-04-15T13:50:58.325+0200][540,483s] GC(1568) Using 4 workers of 4 for evacuation
[2019-04-15T13:50:58.334+0200][540,493s] GC(1568) ParNew: 109248K->19017K(109248K)
[2019-04-15T13:50:58.334+0200][540,493s] GC(1568) CMS: 187831K->189424K(393216K)
[2019-04-15T13:50:58.334+0200][540,493s] GC(1568) Metaspace: 88062K->88062K(1130496K)
[2019-04-15T13:50:58.334+0200][540,493s] GC(1568) Pause Young (Allocation Failure) 290M->203M(490M) 9,836ms
[2019-04-15T13:50:58.334+0200][540,493s] GC(1568) User=0,02s Sys=0,00s Real=0,02s
[2019-04-15T13:50:58.467+0200][540,626s] GC(1569) Pause Young (Allocation Failure)
[2019-04-15T13:50:58.467+0200][540,626s] GC(1569) Using 4 workers of 4 for evacuation
[2019-04-15T13:50:58.474+0200][540,633s] GC(1569) ParNew: 106441K->6682K(109248K)
[2019-04-15T13:50:58.474+0200][540,633s] GC(1569) CMS: 189424K->189424K(393216K)
[2019-04-15T13:50:58.474+0200][540,633s] GC(1569) Metaspace: 88062K->88062K(1130496K)
[2019-04-15T13:50:58.474+0200][540,633s] GC(1569) Pause Young (Allocation Failure) 288M->191M(490M) 6,638ms
[2019-04-15T13:50:58.474+0200][540,633s] GC(1569) User=0,03s Sys=0,00s Real=0,01s
[2019-04-15T13:50:58.674+0200][540,833s] GC(1570) Pause Young (Allocation Failure)
[2019-04-15T13:50:58.674+0200][540,833s] GC(1570) Using 4 workers of 4 for evacuation
[2019-04-15T13:50:58.685+0200][540,844s] GC(1570) ParNew: 94106K->6477K(109248K)
[2019-04-15T13:50:58.685+0200][540,844s] GC(1570) CMS: 189424K->189424K(393216K)
[2019-04-15T13:50:58.685+0200][540,844s] GC(1570) Metaspace: 88084K->88084K(1130496K)
[2019-04-15T13:50:58.685+0200][540,844s] GC(1570) Pause Young (Allocation Failure) 276M->191M(490M) 10,921ms
[2019-04-15T13:50:58.685+0200][540,844s] GC(1570) User=0,04s Sys=0,00s Real=0,01s
[2019-04-15T13:50:58.958+0200][541,117s] GC(1571) Pause Young (Allocation Failure)
[2019-04-15T13:50:58.958+0200][541,117s] GC(1571) Using 4 workers of 4 for evacuation
[2019-04-15T13:50:58.978+0200][541,137s] GC(1571) ParNew: 93901K->14712K(109248K)
[2019-04-15T13:50:58.979+0200][541,137s] GC(1571) CMS: 189424K->189492K(393216K)
[2019-04-15T13:50:58.979+0200][541,137s] GC(1571) Metaspace: 88084K->88084K(1130496K)
[2019-04-15T13:50:58.979+0200][541,138s] GC(1571) Pause Young (Allocation Failure) 276M->199M(490M) 20,350ms
[2019-04-15T13:50:58.979+0200][541,138s] GC(1571) User=0,07s Sys=0,00s Real=0,02s
[2019-04-15T13:50:59.092+0200][541,251s] GC(1572) Pause Young (Allocation Failure)
[2019-04-15T13:50:59.092+0200][541,251s] GC(1572) Using 4 workers of 4 for evacuation
[2019-04-15T13:50:59.100+0200][541,259s] GC(1572) ParNew: 102136K->11560K(109248K)
[2019-04-15T13:50:59.100+0200][541,259s] GC(1572) CMS: 189492K->189528K(393216K)
[2019-04-15T13:50:59.100+0200][541,259s] GC(1572) Metaspace: 88088K->88088K(1130496K)
[2019-04-15T13:50:59.100+0200][541,259s] GC(1572) Pause Young (Allocation Failure) 284M->196M(490M) 7,548ms
[2019-04-15T13:50:59.100+0200][541,259s] GC(1572) User=0,02s Sys=0,00s Real=0,01s
[2019-04-15T13:50:59.168+0200][541,327s] GC(1573) Pause Young (Allocation Failure)
[2019-04-15T13:50:59.168+0200][541,327s] GC(1573) Using 4 workers of 4 for evacuation
[2019-04-15T13:50:59.176+0200][541,335s] GC(1573) ParNew: 98984K->14005K(109248K)
[2019-04-15T13:50:59.176+0200][541,335s] GC(1573) CMS: 189528K->189596K(393216K)
[2019-04-15T13:50:59.176+0200][541,335s] GC(1573) Metaspace: 88088K->88088K(1130496K)
[2019-04-15T13:50:59.176+0200][541,335s] GC(1573) Pause Young (Allocation Failure) 281M->198M(490M) 7,531ms
[2019-04-15T13:50:59.176+0200][541,335s] GC(1573) User=0,03s Sys=0,00s Real=0,01s
[2019-04-15T13:50:59.305+0200][541,464s] GC(1574) Pause Young (Allocation Failure)
[2019-04-15T13:50:59.305+0200][541,464s] GC(1574) Using 4 workers of 4 for evacuation
[2019-04-15T13:50:59.315+0200][541,474s] GC(1574) ParNew: 101429K->8199K(109248K)
[2019-04-15T13:50:59.315+0200][541,474s] GC(1574) CMS: 189596K->189598K(393216K)
[2019-04-15T13:50:59.315+0200][541,474s] GC(1574) Metaspace: 88107K->88107K(1130496K)
[2019-04-15T13:50:59.315+0200][541,474s] GC(1574) Pause Young (Allocation Failure) 284M->193M(490M) 9,974ms
[2019-04-15T13:50:59.315+0200][541,474s] GC(1574) User=0,03s Sys=0,00s Real=0,01s
[2019-04-15T13:50:59.412+0200][541,571s] GC(1575) Pause Young (Allocation Failure)
[2019-04-15T13:50:59.412+0200][541,571s] GC(1575) Using 4 workers of 4 for evacuation
[2019-04-15T13:50:59.421+0200][541,580s] GC(1575) ParNew: 95623K->14451K(109248K)
[2019-04-15T13:50:59.421+0200][541,580s] GC(1575) CMS: 189598K->189602K(393216K)
[2019-04-15T13:50:59.421+0200][541,580s] GC(1575) Metaspace: 88107K->88107K(1130496K)
[2019-04-15T13:50:59.422+0200][541,580s] GC(1575) Pause Young (Allocation Failure) 278M->199M(490M) 9,719ms
[2019-04-15T13:50:59.422+0200][541,580s] GC(1575) User=0,04s Sys=0,00s Real=0,01s
[2019-04-15T13:50:59.498+0200][541,657s] GC(1576) Pause Young (Allocation Failure)
[2019-04-15T13:50:59.498+0200][541,657s] GC(1576) Using 4 workers of 4 for evacuation
[2019-04-15T13:50:59.505+0200][541,664s] GC(1576) ParNew: 101875K->19987K(109248K)
[2019-04-15T13:50:59.505+0200][541,664s] GC(1576) CMS: 189602K->189660K(393216K)
[2019-04-15T13:50:59.505+0200][541,664s] GC(1576) Metaspace: 88107K->88107K(1130496K)
[2019-04-15T13:50:59.505+0200][541,664s] GC(1576) Pause Young (Allocation Failure) 284M->204M(490M) 7,689ms
[2019-04-15T13:50:59.505+0200][541,664s] GC(1576) User=0,03s Sys=0,00s Real=0,01s
[2019-04-15T13:50:59.633+0200][541,792s] GC(1577) Pause Young (Allocation Failure)
[2019-04-15T13:50:59.633+0200][541,792s] GC(1577) Using 4 workers of 4 for evacuation
[2019-04-15T13:50:59.644+0200][541,803s] GC(1577) ParNew: 107411K->17510K(109248K)
[2019-04-15T13:50:59.644+0200][541,803s] GC(1577) CMS: 189660K->189708K(393216K)
[2019-04-15T13:50:59.644+0200][541,803s] GC(1577) Metaspace: 88113K->88113K(1130496K)
[2019-04-15T13:50:59.644+0200][541,803s] GC(1577) Pause Young (Allocation Failure) 290M->202M(490M) 10,515ms
[2019-04-15T13:50:59.644+0200][541,803s] GC(1577) User=0,03s Sys=0,00s Real=0,00s
[2019-04-15T13:50:59.797+0200][541,956s] GC(1578) Pause Young (Allocation Failure)
[2019-04-15T13:50:59.797+0200][541,956s] GC(1578) Using 4 workers of 4 for evacuation
[2019-04-15T13:50:59.806+0200][541,965s] GC(1578) ParNew: 104934K->10238K(109248K)
[2019-04-15T13:50:59.806+0200][541,965s] GC(1578) CMS: 189708K->189958K(393216K)
[2019-04-15T13:50:59.806+0200][541,965s] GC(1578) Metaspace: 88178K->88178K(1130496K)
[2019-04-15T13:50:59.806+0200][541,965s] GC(1578) Pause Young (Allocation Failure) 287M->195M(490M) 9,049ms
[2019-04-15T13:50:59.806+0200][541,965s] GC(1578) User=0,03s Sys=0,00s Real=0,01s
[2019-04-15T13:51:00.025+0200][542,184s] GC(1579) Pause Young (Allocation Failure)
[2019-04-15T13:51:00.025+0200][542,184s] GC(1579) Using 4 workers of 4 for evacuation
[2019-04-15T13:51:00.044+0200][542,203s] GC(1579) ParNew: 97662K->20778K(109248K)
[2019-04-15T13:51:00.044+0200][542,203s] GC(1579) CMS: 189958K->190024K(393216K)
[2019-04-15T13:51:00.044+0200][542,203s] GC(1579) Metaspace: 88178K->88178K(1130496K)
[2019-04-15T13:51:00.044+0200][542,203s] GC(1579) Pause Young (Allocation Failure) 280M->205M(490M) 19,081ms
[2019-04-15T13:51:00.044+0200][542,203s] GC(1579) User=0,04s Sys=0,00s Real=0,02s
[2019-04-15T13:51:00.142+0200][542,301s] GC(1580) Pause Young (Allocation Failure)
[2019-04-15T13:51:00.142+0200][542,301s] GC(1580) Using 4 workers of 4 for evacuation
[2019-04-15T13:51:00.157+0200][542,316s] GC(1580) ParNew: 108202K->21824K(109248K)
[2019-04-15T13:51:00.157+0200][542,316s] GC(1580) CMS: 190024K->201829K(393216K)
[2019-04-15T13:51:00.157+0200][542,316s] GC(1580) Metaspace: 88178K->88178K(1130496K)
[2019-04-15T13:51:00.157+0200][542,316s] GC(1580) Pause Young (Allocation Failure) 291M->218M(490M) 14,884ms
[2019-04-15T13:51:00.157+0200][542,316s] GC(1580) User=0,05s Sys=0,00s Real=0,02s
[2019-04-15T13:51:00.157+0200][542,316s] GC(1581) Pause Initial Mark
[2019-04-15T13:51:00.159+0200][542,318s] GC(1581) Pause Initial Mark 219M->219M(490M) 2,572ms
[2019-04-15T13:51:00.159+0200][542,318s] GC(1581) User=0,00s Sys=0,00s Real=0,00s
[2019-04-15T13:51:00.160+0200][542,318s] GC(1581) Concurrent Mark
[2019-04-15T13:51:00.160+0200][542,318s] GC(1581) Using 4 workers of 4 for marking
[2019-04-15T13:51:00.212+0200][542,371s] GC(1581) Concurrent Mark 52,106ms
[2019-04-15T13:51:00.212+0200][542,371s] GC(1581) User=0,20s Sys=0,00s Real=0,05s
[2019-04-15T13:51:00.212+0200][542,371s] GC(1581) Concurrent Preclean
[2019-04-15T13:51:00.213+0200][542,372s] GC(1581) Concurrent Preclean 1,008ms
[2019-04-15T13:51:00.213+0200][542,372s] GC(1581) User=0,00s Sys=0,00s Real=0,00s
[2019-04-15T13:51:00.213+0200][542,372s] GC(1581) Concurrent Abortable Preclean
[2019-04-15T13:51:00.250+0200][542,409s] GC(1582) Pause Young (Allocation Failure)
[2019-04-15T13:51:00.250+0200][542,409s] GC(1582) Using 4 workers of 4 for evacuation
[2019-04-15T13:51:00.262+0200][542,421s] GC(1582) ParNew: 109248K->21824K(109248K)
[2019-04-15T13:51:00.262+0200][542,421s] GC(1582) CMS: 201829K->210631K(393216K)
[2019-04-15T13:51:00.262+0200][542,421s] GC(1582) Metaspace: 88178K->88178K(1130496K)
[2019-04-15T13:51:00.262+0200][542,421s] GC(1582) Pause Young (Allocation Failure) 303M->227M(490M) 11,683ms
[2019-04-15T13:51:00.262+0200][542,421s] GC(1582) User=0,04s Sys=0,00s Real=0,01s
[2019-04-15T13:51:00.337+0200][542,496s] GC(1583) Pause Young (Allocation Failure)
[2019-04-15T13:51:00.337+0200][542,496s] GC(1583) Using 4 workers of 4 for evacuation
[2019-04-15T13:51:00.345+0200][542,504s] GC(1583) ParNew: 109248K->19775K(109248K)
[2019-04-15T13:51:00.345+0200][542,504s] GC(1583) CMS: 210631K->210631K(393216K)
[2019-04-15T13:51:00.345+0200][542,504s] GC(1583) Metaspace: 88178K->88178K(1130496K)
[2019-04-15T13:51:00.345+0200][542,504s] GC(1583) Pause Young (Allocation Failure) 312M->225M(490M) 7,958ms
[2019-04-15T13:51:00.345+0200][542,504s] GC(1583) User=0,02s Sys=0,00s Real=0,00s
[2019-04-15T13:51:00.345+0200][542,504s] GC(1581) Concurrent Abortable Preclean 132,192ms
[2019-04-15T13:51:00.345+0200][542,504s] GC(1581) User=0,27s Sys=0,01s Real=0,14s
[2019-04-15T13:51:00.345+0200][542,504s] GC(1581) Pause Remark
[2019-04-15T13:51:00.345+0200][542,504s] GC(1584) Pause Young (CMS Final Remark)
[2019-04-15T13:51:00.345+0200][542,504s] GC(1584) Using 4 workers of 4 for evacuation
[2019-04-15T13:51:00.353+0200][542,512s] GC(1584) ParNew: 21264K->17244K(109248K)
[2019-04-15T13:51:00.353+0200][542,512s] GC(1584) CMS: 210631K->210631K(393216K)
[2019-04-15T13:51:00.353+0200][542,512s] GC(1584) Metaspace: 88178K->88178K(1130496K)
[2019-04-15T13:51:00.353+0200][542,512s] GC(1584) Pause Young (CMS Final Remark) 226M->222M(490M) 8,246ms
[2019-04-15T13:51:00.353+0200][542,512s] GC(1584) User=0,02s Sys=0,00s Real=0,01s
[2019-04-15T13:51:00.394+0200][542,553s] GC(1581) Pause Remark 226M->222M(490M) 48,963ms
[2019-04-15T13:51:00.394+0200][542,553s] GC(1581) User=0,08s Sys=0,00s Real=0,05s
[2019-04-15T13:51:00.394+0200][542,553s] GC(1581) Concurrent Sweep
[2019-04-15T13:51:00.446+0200][542,605s] GC(1581) Concurrent Sweep 51,507ms
[2019-04-15T13:51:00.446+0200][542,605s] GC(1581) User=0,11s Sys=0,00s Real=0,05s
[2019-04-15T13:51:00.446+0200][542,605s] GC(1581) Concurrent Reset
[2019-04-15T13:51:00.446+0200][542,605s] GC(1581) Concurrent Reset 0,378ms
[2019-04-15T13:51:00.446+0200][542,605s] GC(1581) User=0,00s Sys=0,00s Real=0,00s
[2019-04-15T13:51:00.446+0200][542,605s] GC(1581) Old: 201829K->147424K(393216K)
[2019-04-15T13:51:00.467+0200][542,626s] GC(1585) Pause Young (Allocation Failure)
[2019-04-15T13:51:00.467+0200][542,626s] GC(1585) Using 4 workers of 4 for evacuation
[2019-04-15T13:51:00.476+0200][542,635s] GC(1585) ParNew: 104668K->19198K(109248K)
[2019-04-15T13:51:00.476+0200][542,635s] GC(1585) CMS: 147424K->147424K(393216K)
[2019-04-15T13:51:00.476+0200][542,635s] GC(1585) Metaspace: 88178K->88178K(1130496K)
[2019-04-15T13:51:00.476+0200][542,635s] GC(1585) Pause Young (Allocation Failure) 246M->162M(490M) 8,764ms
[2019-04-15T13:51:00.476+0200][542,635s] GC(1585) User=0,03s Sys=0,00s Real=0,01s
[2019-04-15T13:51:00.568+0200][542,727s] GC(1586) Pause Young (Allocation Failure)
[2019-04-15T13:51:00.568+0200][542,727s] GC(1586) Using 4 workers of 4 for evacuation
[2019-04-15T13:51:00.579+0200][542,738s] GC(1586) ParNew: 106622K->21824K(109248K)
[2019-04-15T13:51:00.579+0200][542,738s] GC(1586) CMS: 147424K->147424K(393216K)
[2019-04-15T13:51:00.579+0200][542,738s] GC(1586) Metaspace: 88178K->88178K(1130496K)
[2019-04-15T13:51:00.579+0200][542,738s] GC(1586) Pause Young (Allocation Failure) 248M->165M(490M) 11,568ms
[2019-04-15T13:51:00.579+0200][542,738s] GC(1586) User=0,03s Sys=0,00s Real=0,01s
[2019-04-15T13:51:00.644+0200][542,803s] GC(1587) Pause Young (Allocation Failure)
[2019-04-15T13:51:00.644+0200][542,803s] GC(1587) Using 4 workers of 4 for evacuation
[2019-04-15T13:51:00.652+0200][542,811s] GC(1587) ParNew: 109248K->21824K(109248K)
[2019-04-15T13:51:00.652+0200][542,811s] GC(1587) CMS: 147424K->147578K(393216K)
[2019-04-15T13:51:00.652+0200][542,811s] GC(1587) Metaspace: 88178K->88178K(1130496K)
[2019-04-15T13:51:00.652+0200][542,811s] GC(1587) Pause Young (Allocation Failure) 250M->165M(490M) 8,624ms
[2019-04-15T13:51:00.652+0200][542,811s] GC(1587) User=0,03s Sys=0,00s Real=0,01s
[2019-04-15T13:51:00.720+0200][542,879s] GC(1588) Pause Young (Allocation Failure)
[2019-04-15T13:51:00.720+0200][542,879s] GC(1588) Using 4 workers of 4 for evacuation
[2019-04-15T13:51:00.732+0200][542,891s] GC(1588) ParNew: 109248K->13311K(109248K)
[2019-04-15T13:51:00.732+0200][542,891s] GC(1588) CMS: 147578K->155232K(393216K)
[2019-04-15T13:51:00.732+0200][542,891s] GC(1588) Metaspace: 88178K->88178K(1130496K)
[2019-04-15T13:51:00.732+0200][542,891s] GC(1588) Pause Young (Allocation Failure) 250M->164M(490M) 11,903ms
[2019-04-15T13:51:00.732+0200][542,891s] GC(1588) User=0,03s Sys=0,00s Real=0,01s
[2019-04-15T13:51:00.795+0200][542,954s] GC(1589) Pause Young (Allocation Failure)
[2019-04-15T13:51:00.795+0200][542,954s] GC(1589) Using 4 workers of 4 for evacuation
[2019-04-15T13:51:00.803+0200][542,962s] GC(1589) ParNew: 100735K->5827K(109248K)
[2019-04-15T13:51:00.803+0200][542,962s] GC(1589) CMS: 155232K->161099K(393216K)
[2019-04-15T13:51:00.803+0200][542,962s] GC(1589) Metaspace: 88178K->88178K(1130496K)
[2019-04-15T13:51:00.803+0200][542,962s] GC(1589) Pause Young (Allocation Failure) 249M->163M(490M) 8,347ms
[2019-04-15T13:51:00.804+0200][542,962s] GC(1589) User=0,03s Sys=0,00s Real=0,00s
[2019-04-15T13:51:00.870+0200][543,029s] GC(1590) Pause Young (Allocation Failure)
[2019-04-15T13:51:00.870+0200][543,029s] GC(1590) Using 4 workers of 4 for evacuation
[2019-04-15T13:51:00.878+0200][543,036s] GC(1590) ParNew: 93251K->3000K(109248K)
[2019-04-15T13:51:00.878+0200][543,036s] GC(1590) CMS: 161099K->161264K(393216K)
[2019-04-15T13:51:00.878+0200][543,037s] GC(1590) Metaspace: 88178K->88178K(1130496K)
[2019-04-15T13:51:00.878+0200][543,037s] GC(1590) Pause Young (Allocation Failure) 248M->160M(490M) 7,368ms
[2019-04-15T13:51:00.878+0200][543,037s] GC(1590) User=0,03s Sys=0,00s Real=0,01s
[2019-04-15T13:51:00.951+0200][543,110s] GC(1591) Pause Young (Allocation Failure)
[2019-04-15T13:51:00.951+0200][543,110s] GC(1591) Using 4 workers of 4 for evacuation
[2019-04-15T13:51:00.957+0200][543,116s] GC(1591) ParNew: 90424K->2600K(109248K)
[2019-04-15T13:51:00.957+0200][543,116s] GC(1591) CMS: 161264K->161270K(393216K)
[2019-04-15T13:51:00.957+0200][543,116s] GC(1591) Metaspace: 88178K->88178K(1130496K)
[2019-04-15T13:51:00.957+0200][543,116s] GC(1591) Pause Young (Allocation Failure) 245M->160M(490M) 6,466ms
[2019-04-15T13:51:00.957+0200][543,116s] GC(1591) User=0,02s Sys=0,00s Real=0,01s
[2019-04-15T13:51:01.020+0200][543,179s] GC(1592) Pause Young (Allocation Failure)
[2019-04-15T13:51:01.020+0200][543,179s] GC(1592) Using 4 workers of 4 for evacuation
[2019-04-15T13:51:01.028+0200][543,187s] GC(1592) ParNew: 90024K->3629K(109248K)
[2019-04-15T13:51:01.028+0200][543,187s] GC(1592) CMS: 161270K->161270K(393216K)
[2019-04-15T13:51:01.028+0200][543,187s] GC(1592) Metaspace: 88178K->88178K(1130496K)
[2019-04-15T13:51:01.028+0200][543,187s] GC(1592) Pause Young (Allocation Failure) 245M->161M(490M) 8,407ms
[2019-04-15T13:51:01.028+0200][543,187s] GC(1592) User=0,03s Sys=0,00s Real=0,01s
[2019-04-15T13:51:01.099+0200][543,258s] GC(1593) Pause Young (Allocation Failure)
[2019-04-15T13:51:01.099+0200][543,258s] GC(1593) Using 4 workers of 4 for evacuation
[2019-04-15T13:51:01.104+0200][543,263s] GC(1593) ParNew: 91053K->3297K(109248K)
[2019-04-15T13:51:01.104+0200][543,263s] GC(1593) CMS: 161270K->161273K(393216K)
[2019-04-15T13:51:01.104+0200][543,263s] GC(1593) Metaspace: 88178K->88178K(1130496K)
[2019-04-15T13:51:01.104+0200][543,263s] GC(1593) Pause Young (Allocation Failure) 246M->160M(490M) 4,956ms
[2019-04-15T13:51:01.104+0200][543,263s] GC(1593) User=0,01s Sys=0,00s Real=0,00s
[2019-04-15T13:51:01.169+0200][543,328s] GC(1594) Pause Young (Allocation Failure)
[2019-04-15T13:51:01.169+0200][543,328s] GC(1594) Using 4 workers of 4 for evacuation
[2019-04-15T13:51:01.174+0200][543,333s] GC(1594) ParNew: 90721K->3778K(109248K)
[2019-04-15T13:51:01.174+0200][543,333s] GC(1594) CMS: 161273K->161276K(393216K)
[2019-04-15T13:51:01.174+0200][543,333s] GC(1594) Metaspace: 88178K->88178K(1130496K)
[2019-04-15T13:51:01.174+0200][543,333s] GC(1594) Pause Young (Allocation Failure) 246M->161M(490M) 5,600ms
[2019-04-15T13:51:01.174+0200][543,333s] GC(1594) User=0,02s Sys=0,00s Real=0,01s
[2019-04-15T13:51:01.243+0200][543,402s] GC(1595) Pause Young (Allocation Failure)
[2019-04-15T13:51:01.243+0200][543,402s] GC(1595) Using 4 workers of 4 for evacuation
[2019-04-15T13:51:01.252+0200][543,411s] GC(1595) ParNew: 91202K->3610K(109248K)
[2019-04-15T13:51:01.252+0200][543,411s] GC(1595) CMS: 161276K->161278K(393216K)
[2019-04-15T13:51:01.252+0200][543,411s] GC(1595) Metaspace: 88178K->88178K(1130496K)
[2019-04-15T13:51:01.252+0200][543,411s] GC(1595) Pause Young (Allocation Failure) 246M->161M(490M) 8,738ms
[2019-04-15T13:51:01.252+0200][543,411s] GC(1595) User=0,03s Sys=0,00s Real=0,01s
[2019-04-15T13:51:01.320+0200][543,479s] GC(1596) Pause Young (Allocation Failure)
[2019-04-15T13:51:01.321+0200][543,479s] GC(1596) Using 4 workers of 4 for evacuation
[2019-04-15T13:51:01.328+0200][543,487s] GC(1596) ParNew: 91034K->3874K(109248K)
[2019-04-15T13:51:01.328+0200][543,487s] GC(1596) CMS: 161278K->161281K(393216K)
[2019-04-15T13:51:01.328+0200][543,487s] GC(1596) Metaspace: 88178K->88178K(1130496K)
[2019-04-15T13:51:01.328+0200][543,487s] GC(1596) Pause Young (Allocation Failure) 246M->161M(490M) 7,586ms
[2019-04-15T13:51:01.328+0200][543,487s] GC(1596) User=0,02s Sys=0,00s Real=0,01s
[2019-04-15T13:51:01.394+0200][543,553s] GC(1597) Pause Young (Allocation Failure)
[2019-04-15T13:51:01.394+0200][543,553s] GC(1597) Using 4 workers of 4 for evacuation
[2019-04-15T13:51:01.401+0200][543,560s] GC(1597) ParNew: 91298K->3915K(109248K)
[2019-04-15T13:51:01.401+0200][543,560s] GC(1597) CMS: 161281K->161283K(393216K)
[2019-04-15T13:51:01.401+0200][543,560s] GC(1597) Metaspace: 88178K->88178K(1130496K)
[2019-04-15T13:51:01.402+0200][543,560s] GC(1597) Pause Young (Allocation Failure) 246M->161M(490M) 7,283ms
[2019-04-15T13:51:01.402+0200][543,560s] GC(1597) User=0,02s Sys=0,01s Real=0,00s
[2019-04-15T13:51:01.470+0200][543,629s] GC(1598) Pause Young (Allocation Failure)
[2019-04-15T13:51:01.470+0200][543,629s] GC(1598) Using 4 workers of 4 for evacuation
[2019-04-15T13:51:01.477+0200][543,636s] GC(1598) ParNew: 91339K->4274K(109248K)
[2019-04-15T13:51:01.477+0200][543,636s] GC(1598) CMS: 161283K->161285K(393216K)
[2019-04-15T13:51:01.477+0200][543,636s] GC(1598) Metaspace: 88178K->88178K(1130496K)
[2019-04-15T13:51:01.477+0200][543,636s] GC(1598) Pause Young (Allocation Failure) 246M->161M(490M) 7,163ms
[2019-04-15T13:51:01.477+0200][543,636s] GC(1598) User=0,01s Sys=0,00s Real=0,01s
[2019-04-15T13:51:01.538+0200][543,697s] GC(1599) Pause Young (Allocation Failure)
[2019-04-15T13:51:01.538+0200][543,697s] GC(1599) Using 4 workers of 4 for evacuation
[2019-04-15T13:51:01.544+0200][543,703s] GC(1599) ParNew: 91607K->3913K(109248K)
[2019-04-15T13:51:01.544+0200][543,703s] GC(1599) CMS: 161285K->161308K(393216K)
[2019-04-15T13:51:01.544+0200][543,703s] GC(1599) Metaspace: 88179K->88179K(1130496K)
[2019-04-15T13:51:01.544+0200][543,703s] GC(1599) Pause Young (Allocation Failure) 246M->161M(490M) 6,343ms
[2019-04-15T13:51:01.544+0200][543,703s] GC(1599) User=0,02s Sys=0,00s Real=0,00s
[2019-04-15T13:51:01.591+0200][543,750s] GC(1600) Pause Young (Allocation Failure)
[2019-04-15T13:51:01.591+0200][543,750s] GC(1600) Using 4 workers of 4 for evacuation
[2019-04-15T13:51:01.597+0200][543,756s] GC(1600) ParNew: 91337K->1667K(109248K)
[2019-04-15T13:51:01.597+0200][543,756s] GC(1600) CMS: 161308K->163361K(393216K)
[2019-04-15T13:51:01.597+0200][543,756s] GC(1600) Metaspace: 88188K->88188K(1130496K)
[2019-04-15T13:51:01.597+0200][543,756s] GC(1600) Pause Young (Allocation Failure) 246M->161M(490M) 5,514ms
[2019-04-15T13:51:01.597+0200][543,756s] GC(1600) User=0,02s Sys=0,00s Real=0,01s
[2019-04-15T13:51:01.666+0200][543,825s] GC(1601) Pause Young (Allocation Failure)
[2019-04-15T13:51:01.666+0200][543,825s] GC(1601) Using 4 workers of 4 for evacuation
[2019-04-15T13:51:01.670+0200][543,829s] GC(1601) ParNew: 89091K->1690K(109248K)
[2019-04-15T13:51:01.670+0200][543,829s] GC(1601) CMS: 163361K->163365K(393216K)
[2019-04-15T13:51:01.670+0200][543,829s] GC(1601) Metaspace: 88191K->88191K(1130496K)
[2019-04-15T13:51:01.670+0200][543,829s] GC(1601) Pause Young (Allocation Failure) 246M->161M(490M) 4,430ms
[2019-04-15T13:51:01.670+0200][543,829s] GC(1601) User=0,02s Sys=0,00s Real=0,00s
[2019-04-15T13:51:01.731+0200][543,890s] GC(1602) Pause Young (Allocation Failure)
[2019-04-15T13:51:01.731+0200][543,890s] GC(1602) Using 4 workers of 4 for evacuation
[2019-04-15T13:51:01.737+0200][543,896s] GC(1602) ParNew: 89114K->2042K(109248K)
[2019-04-15T13:51:01.737+0200][543,896s] GC(1602) CMS: 163365K->163367K(393216K)
[2019-04-15T13:51:01.737+0200][543,896s] GC(1602) Metaspace: 88194K->88194K(1130496K)
[2019-04-15T13:51:01.737+0200][543,896s] GC(1602) Pause Young (Allocation Failure) 246M->161M(490M) 5,960ms
[2019-04-15T13:51:01.737+0200][543,896s] GC(1602) User=0,02s Sys=0,00s Real=0,01s
[2019-04-15T13:51:01.825+0200][543,984s] GC(1603) Pause Young (Allocation Failure)
[2019-04-15T13:51:01.825+0200][543,984s] GC(1603) Using 4 workers of 4 for evacuation
[2019-04-15T13:51:01.830+0200][543,989s] GC(1603) ParNew: 89466K->2170K(109248K)
[2019-04-15T13:51:01.830+0200][543,989s] GC(1603) CMS: 163367K->163434K(393216K)
[2019-04-15T13:51:01.830+0200][543,989s] GC(1603) Metaspace: 88194K->88194K(1130496K)
[2019-04-15T13:51:01.830+0200][543,989s] GC(1603) Pause Young (Allocation Failure) 246M->161M(490M) 5,047ms
[2019-04-15T13:51:01.830+0200][543,989s] GC(1603) User=0,01s Sys=0,00s Real=0,01s
[2019-04-15T13:51:01.909+0200][544,068s] GC(1604) Pause Young (Allocation Failure)
[2019-04-15T13:51:01.909+0200][544,068s] GC(1604) Using 4 workers of 4 for evacuation
[2019-04-15T13:51:01.915+0200][544,074s] GC(1604) ParNew: 89594K->3565K(109248K)
[2019-04-15T13:51:01.915+0200][544,074s] GC(1604) CMS: 163434K->163438K(393216K)
[2019-04-15T13:51:01.915+0200][544,074s] GC(1604) Metaspace: 88196K->88196K(1130496K)
[2019-04-15T13:51:01.915+0200][544,074s] GC(1604) Pause Young (Allocation Failure) 247M->163M(490M) 6,467ms
[2019-04-15T13:51:01.915+0200][544,074s] GC(1604) User=0,02s Sys=0,00s Real=0,01s
[2019-04-15T13:51:01.995+0200][544,154s] GC(1605) Pause Young (Allocation Failure)
[2019-04-15T13:51:01.995+0200][544,154s] GC(1605) Using 4 workers of 4 for evacuation
[2019-04-15T13:51:02.003+0200][544,162s] GC(1605) ParNew: 90989K->7397K(109248K)
[2019-04-15T13:51:02.003+0200][544,162s] GC(1605) CMS: 163438K->163440K(393216K)
[2019-04-15T13:51:02.003+0200][544,162s] GC(1605) Metaspace: 88196K->88196K(1130496K)
[2019-04-15T13:51:02.003+0200][544,162s] GC(1605) Pause Young (Allocation Failure) 248M->166M(490M) 8,707ms
[2019-04-15T13:51:02.003+0200][544,162s] GC(1605) User=0,02s Sys=0,00s Real=0,00s
[2019-04-15T13:51:02.076+0200][544,235s] GC(1606) Pause Young (Allocation Failure)
[2019-04-15T13:51:02.076+0200][544,235s] GC(1606) Using 4 workers of 4 for evacuation
[2019-04-15T13:51:02.081+0200][544,239s] GC(1606) ParNew: 94821K->8168K(109248K)
[2019-04-15T13:51:02.081+0200][544,240s] GC(1606) CMS: 163440K->163475K(393216K)
[2019-04-15T13:51:02.081+0200][544,240s] GC(1606) Metaspace: 88196K->88196K(1130496K)
[2019-04-15T13:51:02.081+0200][544,240s] GC(1606) Pause Young (Allocation Failure) 252M->167M(490M) 4,288ms
[2019-04-15T13:51:02.081+0200][544,240s] GC(1606) User=0,02s Sys=0,00s Real=0,00s
[2019-04-15T13:51:02.150+0200][544,309s] GC(1607) Pause Young (Allocation Failure)
[2019-04-15T13:51:02.150+0200][544,309s] GC(1607) Using 4 workers of 4 for evacuation
[2019-04-15T13:51:02.156+0200][544,315s] GC(1607) ParNew: 95592K->6846K(109248K)
[2019-04-15T13:51:02.156+0200][544,315s] GC(1607) CMS: 163475K->163486K(393216K)
[2019-04-15T13:51:02.156+0200][544,315s] GC(1607) Metaspace: 88196K->88196K(1130496K)
[2019-04-15T13:51:02.156+0200][544,315s] GC(1607) Pause Young (Allocation Failure) 252M->166M(490M) 6,331ms
[2019-04-15T13:51:02.156+0200][544,315s] GC(1607) User=0,02s Sys=0,00s Real=0,01s
[2019-04-15T13:51:02.227+0200][544,386s] GC(1608) Pause Young (Allocation Failure)
[2019-04-15T13:51:02.227+0200][544,386s] GC(1608) Using 4 workers of 4 for evacuation
[2019-04-15T13:51:02.235+0200][544,394s] GC(1608) ParNew: 94270K->7410K(109248K)
[2019-04-15T13:51:02.235+0200][544,394s] GC(1608) CMS: 163486K->163527K(393216K)
[2019-04-15T13:51:02.235+0200][544,394s] GC(1608) Metaspace: 88196K->88196K(1130496K)
[2019-04-15T13:51:02.235+0200][544,394s] GC(1608) Pause Young (Allocation Failure) 251M->166M(490M) 7,549ms
[2019-04-15T13:51:02.235+0200][544,394s] GC(1608) User=0,02s Sys=0,00s Real=0,01s
[2019-04-15T13:51:02.312+0200][544,471s] GC(1609) Pause Young (Allocation Failure)
[2019-04-15T13:51:02.313+0200][544,471s] GC(1609) Using 4 workers of 4 for evacuation
[2019-04-15T13:51:02.317+0200][544,476s] GC(1609) ParNew: 94834K->7036K(109248K)
[2019-04-15T13:51:02.317+0200][544,476s] GC(1609) CMS: 163527K->163542K(393216K)
[2019-04-15T13:51:02.317+0200][544,476s] GC(1609) Metaspace: 88196K->88196K(1130496K)
[2019-04-15T13:51:02.317+0200][544,476s] GC(1609) Pause Young (Allocation Failure) 252M->166M(490M) 4,624ms
[2019-04-15T13:51:02.317+0200][544,476s] GC(1609) User=0,02s Sys=0,00s Real=0,01s
[2019-04-15T13:51:02.388+0200][544,546s] GC(1610) Pause Young (Allocation Failure)
[2019-04-15T13:51:02.388+0200][544,547s] GC(1610) Using 4 workers of 4 for evacuation
[2019-04-15T13:51:02.395+0200][544,554s] GC(1610) ParNew: 94460K->8221K(109248K)
[2019-04-15T13:51:02.395+0200][544,554s] GC(1610) CMS: 163542K->163553K(393216K)
[2019-04-15T13:51:02.395+0200][544,554s] GC(1610) Metaspace: 88196K->88196K(1130496K)
[2019-04-15T13:51:02.395+0200][544,554s] GC(1610) Pause Young (Allocation Failure) 251M->167M(490M) 7,143ms
[2019-04-15T13:51:02.395+0200][544,554s] GC(1610) User=0,02s Sys=0,00s Real=0,01s
[2019-04-15T13:51:02.466+0200][544,625s] GC(1611) Pause Young (Allocation Failure)
[2019-04-15T13:51:02.467+0200][544,625s] GC(1611) Using 4 workers of 4 for evacuation
[2019-04-15T13:51:02.474+0200][544,633s] GC(1611) ParNew: 95645K->7218K(109248K)
[2019-04-15T13:51:02.474+0200][544,633s] GC(1611) CMS: 163553K->163629K(393216K)
[2019-04-15T13:51:02.474+0200][544,633s] GC(1611) Metaspace: 88196K->88196K(1130496K)
[2019-04-15T13:51:02.474+0200][544,633s] GC(1611) Pause Young (Allocation Failure) 253M->166M(490M) 7,201ms
[2019-04-15T13:51:02.474+0200][544,633s] GC(1611) User=0,02s Sys=0,00s Real=0,01s
[2019-04-15T13:51:02.547+0200][544,706s] GC(1612) Pause Young (Allocation Failure)
[2019-04-15T13:51:02.547+0200][544,706s] GC(1612) Using 4 workers of 4 for evacuation
[2019-04-15T13:51:02.556+0200][544,714s] GC(1612) ParNew: 94642K->7276K(109248K)
[2019-04-15T13:51:02.556+0200][544,715s] GC(1612) CMS: 163629K->164695K(393216K)
[2019-04-15T13:51:02.556+0200][544,715s] GC(1612) Metaspace: 88196K->88196K(1130496K)
[2019-04-15T13:51:02.556+0200][544,715s] GC(1612) Pause Young (Allocation Failure) 252M->167M(490M) 9,028ms
[2019-04-15T13:51:02.556+0200][544,715s] GC(1612) User=0,02s Sys=0,00s Real=0,01s
[2019-04-15T13:51:02.628+0200][544,787s] GC(1613) Pause Young (Allocation Failure)
[2019-04-15T13:51:02.628+0200][544,787s] GC(1613) Using 4 workers of 4 for evacuation
[2019-04-15T13:51:02.636+0200][544,794s] GC(1613) ParNew: 94700K->1843K(109248K)
[2019-04-15T13:51:02.636+0200][544,795s] GC(1613) CMS: 164695K->168798K(393216K)
[2019-04-15T13:51:02.636+0200][544,795s] GC(1613) Metaspace: 88196K->88196K(1130496K)
[2019-04-15T13:51:02.636+0200][544,795s] GC(1613) Pause Young (Allocation Failure) 253M->166M(490M) 7,788ms
[2019-04-15T13:51:02.636+0200][544,795s] GC(1613) User=0,03s Sys=0,00s Real=0,01s
[2019-04-15T13:51:02.703+0200][544,862s] GC(1614) Pause Young (Allocation Failure)
[2019-04-15T13:51:02.703+0200][544,862s] GC(1614) Using 4 workers of 4 for evacuation
[2019-04-15T13:51:02.707+0200][544,866s] GC(1614) ParNew: 89267K->2297K(109248K)
[2019-04-15T13:51:02.707+0200][544,866s] GC(1614) CMS: 168798K->168801K(393216K)
[2019-04-15T13:51:02.707+0200][544,866s] GC(1614) Metaspace: 88196K->88196K(1130496K)
[2019-04-15T13:51:02.707+0200][544,866s] GC(1614) Pause Young (Allocation Failure) 252M->167M(490M) 3,921ms
[2019-04-15T13:51:02.707+0200][544,866s] GC(1614) User=0,02s Sys=0,00s Real=0,01s
[2019-04-15T13:51:02.794+0200][544,953s] GC(1615) Pause Young (Allocation Failure)
[2019-04-15T13:51:02.794+0200][544,953s] GC(1615) Using 4 workers of 4 for evacuation
[2019-04-15T13:51:02.802+0200][544,961s] GC(1615) ParNew: 89721K->1915K(109248K)
[2019-04-15T13:51:02.802+0200][544,961s] GC(1615) CMS: 168801K->168803K(393216K)
[2019-04-15T13:51:02.802+0200][544,961s] GC(1615) Metaspace: 88196K->88196K(1130496K)
[2019-04-15T13:51:02.802+0200][544,961s] GC(1615) Pause Young (Allocation Failure) 252M->166M(490M) 8,194ms
[2019-04-15T13:51:02.802+0200][544,961s] GC(1615) User=0,02s Sys=0,00s Real=0,00s
[2019-04-15T13:51:02.888+0200][545,047s] GC(1616) Pause Young (Allocation Failure)
[2019-04-15T13:51:02.888+0200][545,047s] GC(1616) Using 4 workers of 4 for evacuation
[2019-04-15T13:51:02.901+0200][545,060s] GC(1616) ParNew: 89339K->2179K(109248K)
[2019-04-15T13:51:02.901+0200][545,060s] GC(1616) CMS: 168803K->168806K(393216K)
[2019-04-15T13:51:02.901+0200][545,060s] GC(1616) Metaspace: 88196K->88196K(1130496K)
[2019-04-15T13:51:02.901+0200][545,060s] GC(1616) Pause Young (Allocation Failure) 252M->166M(490M) 13,583ms
[2019-04-15T13:51:02.901+0200][545,060s] GC(1616) User=0,04s Sys=0,00s Real=0,01s
[2019-04-15T13:51:02.996+0200][545,154s] GC(1617) Pause Young (Allocation Failure)
[2019-04-15T13:51:02.996+0200][545,154s] GC(1617) Using 4 workers of 4 for evacuation
[2019-04-15T13:51:03.003+0200][545,162s] GC(1617) ParNew: 89603K->2637K(109248K)
[2019-04-15T13:51:03.003+0200][545,162s] GC(1617) CMS: 168806K->168869K(393216K)
[2019-04-15T13:51:03.003+0200][545,162s] GC(1617) Metaspace: 88196K->88196K(1130496K)
[2019-04-15T13:51:03.003+0200][545,162s] GC(1617) Pause Young (Allocation Failure) 252M->167M(490M) 7,895ms
[2019-04-15T13:51:03.003+0200][545,162s] GC(1617) User=0,02s Sys=0,00s Real=0,00s
[2019-04-15T13:51:03.080+0200][545,239s] GC(1618) Pause Young (Allocation Failure)
[2019-04-15T13:51:03.080+0200][545,239s] GC(1618) Using 4 workers of 4 for evacuation
[2019-04-15T13:51:03.088+0200][545,247s] GC(1618) ParNew: 90061K->2478K(109248K)
[2019-04-15T13:51:03.088+0200][545,247s] GC(1618) CMS: 168869K->168872K(393216K)
[2019-04-15T13:51:03.088+0200][545,247s] GC(1618) Metaspace: 88196K->88196K(1130496K)
[2019-04-15T13:51:03.088+0200][545,247s] GC(1618) Pause Young (Allocation Failure) 252M->167M(490M) 7,691ms
[2019-04-15T13:51:03.088+0200][545,247s] GC(1618) User=0,02s Sys=0,00s Real=0,01s
[2019-04-15T13:51:03.151+0200][545,310s] GC(1619) Pause Young (Allocation Failure)
[2019-04-15T13:51:03.151+0200][545,310s] GC(1619) Using 4 workers of 4 for evacuation
[2019-04-15T13:51:03.158+0200][545,317s] GC(1619) ParNew: 89902K->1964K(109248K)
[2019-04-15T13:51:03.158+0200][545,317s] GC(1619) CMS: 168872K->168874K(393216K)
[2019-04-15T13:51:03.158+0200][545,317s] GC(1619) Metaspace: 88196K->88196K(1130496K)
[2019-04-15T13:51:03.158+0200][545,317s] GC(1619) Pause Young (Allocation Failure) 252M->166M(490M) 7,620ms
[2019-04-15T13:51:03.158+0200][545,317s] GC(1619) User=0,02s Sys=0,00s Real=0,01s
[2019-04-15T13:51:03.316+0200][545,475s] GC(1620) Pause Young (Allocation Failure)
[2019-04-15T13:51:03.317+0200][545,475s] GC(1620) Using 4 workers of 4 for evacuation
[2019-04-15T13:51:03.327+0200][545,486s] GC(1620) ParNew: 89388K->15637K(109248K)
[2019-04-15T13:51:03.327+0200][545,486s] GC(1620) CMS: 168874K->168934K(393216K)
[2019-04-15T13:51:03.327+0200][545,486s] GC(1620) Metaspace: 88196K->88196K(1130496K)
[2019-04-15T13:51:03.327+0200][545,486s] GC(1620) Pause Young (Allocation Failure) 252M->180M(490M) 10,814ms
[2019-04-15T13:51:03.327+0200][545,486s] GC(1620) User=0,03s Sys=0,00s Real=0,01s
[2019-04-15T13:51:03.387+0200][545,546s] GC(1621) Pause Young (Allocation Failure)
[2019-04-15T13:51:03.387+0200][545,546s] GC(1621) Using 4 workers of 4 for evacuation
[2019-04-15T13:51:03.396+0200][545,555s] GC(1621) ParNew: 103061K->19774K(109248K)
[2019-04-15T13:51:03.396+0200][545,555s] GC(1621) CMS: 168934K->169018K(393216K)
[2019-04-15T13:51:03.396+0200][545,555s] GC(1621) Metaspace: 88196K->88196K(1130496K)
[2019-04-15T13:51:03.396+0200][545,555s] GC(1621) Pause Young (Allocation Failure) 265M->184M(490M) 8,935ms
[2019-04-15T13:51:03.396+0200][545,555s] GC(1621) User=0,03s Sys=0,00s Real=0,01s
[2019-04-15T13:51:03.648+0200][545,806s] GC(1622) Pause Young (Allocation Failure)
[2019-04-15T13:51:03.648+0200][545,806s] GC(1622) Using 4 workers of 4 for evacuation
[2019-04-15T13:51:03.666+0200][545,825s] GC(1622) ParNew: 107198K->21824K(109248K)
[2019-04-15T13:51:03.666+0200][545,825s] GC(1622) CMS: 169018K->196897K(393216K)
[2019-04-15T13:51:03.666+0200][545,825s] GC(1622) Metaspace: 88208K->88208K(1130496K)
[2019-04-15T13:51:03.666+0200][545,825s] GC(1622) Pause Young (Allocation Failure) 269M->213M(490M) 18,608ms
[2019-04-15T13:51:03.666+0200][545,825s] GC(1622) User=0,04s Sys=0,00s Real=0,02s
[2019-04-15T13:51:03.666+0200][545,825s] GC(1623) Pause Initial Mark
[2019-04-15T13:51:03.667+0200][545,826s] GC(1623) Pause Initial Mark 213M->213M(490M) 0,747ms
[2019-04-15T13:51:03.667+0200][545,826s] GC(1623) User=0,00s Sys=0,00s Real=0,00s
[2019-04-15T13:51:03.667+0200][545,826s] GC(1623) Concurrent Mark
[2019-04-15T13:51:03.667+0200][545,826s] GC(1623) Using 4 workers of 4 for marking
[2019-04-15T13:51:03.723+0200][545,882s] GC(1623) Concurrent Mark 56,025ms
[2019-04-15T13:51:03.723+0200][545,882s] GC(1623) User=0,17s Sys=0,01s Real=0,05s
[2019-04-15T13:51:03.723+0200][545,882s] GC(1623) Concurrent Preclean
[2019-04-15T13:51:03.724+0200][545,883s] GC(1623) Concurrent Preclean 0,830ms
[2019-04-15T13:51:03.724+0200][545,883s] GC(1623) User=0,00s Sys=0,00s Real=0,00s
[2019-04-15T13:51:03.724+0200][545,883s] GC(1623) Concurrent Abortable Preclean
[2019-04-15T13:51:03.949+0200][546,108s] GC(1624) Pause Young (Allocation Failure)
[2019-04-15T13:51:03.949+0200][546,108s] GC(1624) Using 4 workers of 4 for evacuation
[2019-04-15T13:51:03.982+0200][546,141s] GC(1624) ParNew: 109248K->21824K(109248K)
[2019-04-15T13:51:03.982+0200][546,141s] GC(1624) CMS: 196897K->275822K(393216K)
[2019-04-15T13:51:03.982+0200][546,141s] GC(1624) Metaspace: 88208K->88208K(1130496K)
[2019-04-15T13:51:03.982+0200][546,141s] GC(1624) Pause Young (Allocation Failure) 298M->290M(490M) 32,879ms
[2019-04-15T13:51:03.982+0200][546,141s] GC(1624) User=0,07s Sys=0,00s Real=0,03s
[2019-04-15T13:51:04.000+0200][546,158s] GC(1623) Concurrent Abortable Preclean 275,467ms
[2019-04-15T13:51:04.000+0200][546,159s] GC(1623) User=0,21s Sys=0,12s Real=0,28s
[2019-04-15T13:51:04.000+0200][546,159s] GC(1623) Pause Remark
[2019-04-15T13:51:04.000+0200][546,159s] GC(1625) Pause Young (CMS Final Remark)
[2019-04-15T13:51:04.000+0200][546,159s] GC(1625) Using 4 workers of 4 for evacuation
[2019-04-15T13:51:04.030+0200][546,188s] GC(1625) ParNew: 83309K->21824K(109248K)
[2019-04-15T13:51:04.030+0200][546,188s] GC(1625) CMS: 275822K->331324K(393216K)
[2019-04-15T13:51:04.030+0200][546,188s] GC(1625) Metaspace: 88208K->88208K(1130496K)
[2019-04-15T13:51:04.030+0200][546,188s] GC(1625) Pause Young (CMS Final Remark) 350M->344M(490M) 29,781ms
[2019-04-15T13:51:04.030+0200][546,189s] GC(1625) User=0,09s Sys=0,00s Real=0,03s
[2019-04-15T13:51:04.068+0200][546,227s] GC(1623) Pause Remark 350M->344M(490M) 68,551ms
[2019-04-15T13:51:04.068+0200][546,227s] GC(1623) User=0,14s Sys=0,00s Real=0,07s
[2019-04-15T13:51:04.068+0200][546,227s] GC(1623) Concurrent Sweep
[2019-04-15T13:51:04.147+0200][546,306s] GC(1623) Concurrent Sweep 78,718ms
[2019-04-15T13:51:04.147+0200][546,306s] GC(1623) User=0,15s Sys=0,02s Real=0,08s
[2019-04-15T13:51:04.147+0200][546,306s] GC(1623) Concurrent Reset
[2019-04-15T13:51:04.148+0200][546,307s] GC(1623) Concurrent Reset 0,381ms
[2019-04-15T13:51:04.148+0200][546,307s] GC(1623) User=0,00s Sys=0,00s Real=0,00s
[2019-04-15T13:51:04.148+0200][546,307s] GC(1623) Old: 196897K->283056K(393216K)
[2019-04-15T13:51:04.322+0200][546,481s] GC(1626) Pause Young (Allocation Failure)
[2019-04-15T13:51:04.322+0200][546,481s] GC(1626) Using 4 workers of 4 for evacuation
[2019-04-15T13:51:04.355+0200][546,514s] GC(1626) ParNew: 109248K->21824K(109248K)
[2019-04-15T13:51:04.355+0200][546,514s] GC(1626) CMS: 283056K->302251K(393216K)
[2019-04-15T13:51:04.355+0200][546,514s] GC(1626) Metaspace: 88225K->88225K(1130496K)
[2019-04-15T13:51:04.355+0200][546,514s] GC(1626) Pause Young (Allocation Failure) 383M->316M(490M) 33,065ms
[2019-04-15T13:51:04.355+0200][546,514s] GC(1626) User=0,09s Sys=0,00s Real=0,04s
[2019-04-15T13:51:04.361+0200][546,520s] GC(1627) Pause Initial Mark
[2019-04-15T13:51:04.362+0200][546,521s] GC(1627) Pause Initial Mark 322M->322M(490M) 1,713ms
[2019-04-15T13:51:04.362+0200][546,521s] GC(1627) User=0,01s Sys=0,00s Real=0,00s
[2019-04-15T13:51:04.362+0200][546,521s] GC(1627) Concurrent Mark
[2019-04-15T13:51:04.362+0200][546,521s] GC(1627) Using 4 workers of 4 for marking
[2019-04-15T13:51:04.417+0200][546,576s] GC(1627) Concurrent Mark 54,393ms
[2019-04-15T13:51:04.417+0200][546,576s] GC(1627) User=0,15s Sys=0,02s Real=0,06s
[2019-04-15T13:51:04.417+0200][546,576s] GC(1627) Concurrent Preclean
[2019-04-15T13:51:04.418+0200][546,577s] GC(1627) Concurrent Preclean 0,797ms
[2019-04-15T13:51:04.418+0200][546,577s] GC(1627) User=0,00s Sys=0,00s Real=0,00s
[2019-04-15T13:51:04.418+0200][546,577s] GC(1627) Concurrent Abortable Preclean
[2019-04-15T13:51:04.701+0200][546,860s] GC(1628) Pause Young (Allocation Failure)
[2019-04-15T13:51:04.701+0200][546,860s] GC(1628) Using 4 workers of 4 for evacuation
[2019-04-15T13:51:04.730+0200][546,889s] GC(1628) ParNew: 109248K->21824K(109248K)
[2019-04-15T13:51:04.730+0200][546,889s] GC(1628) CMS: 302251K->368554K(393216K)
[2019-04-15T13:51:04.730+0200][546,889s] GC(1628) Metaspace: 88225K->88225K(1130496K)
[2019-04-15T13:51:04.730+0200][546,889s] GC(1628) Pause Young (Allocation Failure) 401M->381M(490M) 28,896ms
[2019-04-15T13:51:04.730+0200][546,889s] GC(1628) User=0,07s Sys=0,01s Real=0,03s
[2019-04-15T13:51:04.744+0200][546,903s] GC(1627) Concurrent Abortable Preclean 326,600ms
[2019-04-15T13:51:04.744+0200][546,903s] GC(1627) User=0,27s Sys=0,13s Real=0,32s
[2019-04-15T13:51:04.745+0200][546,904s] GC(1627) Pause Remark
[2019-04-15T13:51:04.745+0200][546,904s] GC(1629) Pause Young (CMS Final Remark)
[2019-04-15T13:51:04.745+0200][546,904s] GC(1629) Using 4 workers of 4 for evacuation
[2019-04-15T13:51:04.745+0200][546,904s] GC(1629) ParNew: 42285K->42285K(109248K)
[2019-04-15T13:51:04.745+0200][546,904s] GC(1629) CMS: 368554K->368554K(393216K)
[2019-04-15T13:51:04.745+0200][546,904s] GC(1629) Metaspace: 88225K->88225K(1130496K)
[2019-04-15T13:51:04.745+0200][546,904s] GC(1629) Pause Young (CMS Final Remark) 401M->401M(490M) 0,062ms
[2019-04-15T13:51:04.745+0200][546,904s] GC(1629) User=0,00s Sys=0,00s Real=0,00s
[2019-04-15T13:51:04.779+0200][546,938s] GC(1627) Pause Remark 401M->401M(490M) 34,217ms
[2019-04-15T13:51:04.779+0200][546,938s] GC(1627) User=0,05s Sys=0,00s Real=0,04s
[2019-04-15T13:51:04.779+0200][546,938s] GC(1627) Concurrent Sweep
[2019-04-15T13:51:04.859+0200][547,017s] GC(1627) Concurrent Sweep 79,579ms
[2019-04-15T13:51:04.859+0200][547,018s] GC(1627) User=0,16s Sys=0,00s Real=0,08s
[2019-04-15T13:51:04.859+0200][547,018s] GC(1630) Pause Young (Allocation Failure)
[2019-04-15T13:51:04.859+0200][547,018s] GC(1630) Using 4 workers of 4 for evacuation
[2019-04-15T13:51:04.887+0200][547,046s] GC(1630) ParNew: 109248K->21824K(109248K)
[2019-04-15T13:51:04.887+0200][547,046s] GC(1630) CMS: 276320K->337649K(393216K)
[2019-04-15T13:51:04.887+0200][547,046s] GC(1630) Metaspace: 88225K->88225K(1130496K)
[2019-04-15T13:51:04.887+0200][547,046s] GC(1630) Pause Young (Allocation Failure) 376M->351M(490M) 28,037ms
[2019-04-15T13:51:04.887+0200][547,046s] GC(1630) User=0,10s Sys=0,00s Real=0,03s
[2019-04-15T13:51:04.887+0200][547,046s] GC(1627) Concurrent Reset
[2019-04-15T13:51:04.887+0200][547,046s] GC(1627) Concurrent Reset 0,352ms
[2019-04-15T13:51:04.887+0200][547,046s] GC(1627) User=0,00s Sys=0,00s Real=0,00s
[2019-04-15T13:51:04.887+0200][547,046s] GC(1627) Old: 302251K->337649K(393216K)
[2019-04-15T13:51:04.935+0200][547,094s] GC(1631) Pause Young (Allocation Failure)
[2019-04-15T13:51:04.935+0200][547,094s] GC(1631) Using 4 workers of 4 for evacuation
[2019-04-15T13:51:04.935+0200][547,094s] GC(1632) Pause Full (Allocation Failure)
[2019-04-15T13:51:04.936+0200][547,095s] GC(1632) Phase 1: Mark live objects
[2019-04-15T13:51:05.017+0200][547,175s] GC(1632) Phase 1: Mark live objects 80,948ms
[2019-04-15T13:51:05.017+0200][547,176s] GC(1632) Phase 2: Compute new object addresses
[2019-04-15T13:51:05.075+0200][547,234s] GC(1632) Phase 2: Compute new object addresses 58,180ms
[2019-04-15T13:51:05.075+0200][547,234s] GC(1632) Phase 3: Adjust pointers
[2019-04-15T13:51:05.139+0200][547,298s] GC(1632) Phase 3: Adjust pointers 64,098ms
[2019-04-15T13:51:05.139+0200][547,298s] GC(1632) Phase 4: Move objects
[2019-04-15T13:51:05.206+0200][547,365s] GC(1632) Phase 4: Move objects 66,634ms
[2019-04-15T13:51:05.206+0200][547,365s] GC(1632) Pause Full (Allocation Failure) 436M->302M(490M) 271,187ms
[2019-04-15T13:51:05.206+0200][547,365s] GC(1631) ParNew: 109248K->0K(109248K)
[2019-04-15T13:51:05.206+0200][547,365s] GC(1631) CMS: 337649K->309281K(393216K)
[2019-04-15T13:51:05.206+0200][547,365s] GC(1631) Metaspace: 88225K->88225K(1130496K)
[2019-04-15T13:51:05.206+0200][547,365s] GC(1631) Pause Young (Allocation Failure) 436M->302M(490M) 271,306ms
[2019-04-15T13:51:05.206+0200][547,365s] GC(1631) User=0,27s Sys=0,00s Real=0,27s
[2019-04-15T13:51:05.207+0200][547,366s] GC(1633) Pause Initial Mark
[2019-04-15T13:51:05.207+0200][547,366s] GC(1633) Pause Initial Mark 303M->303M(490M) 0,414ms
[2019-04-15T13:51:05.207+0200][547,366s] GC(1633) User=0,00s Sys=0,00s Real=0,00s
[2019-04-15T13:51:05.207+0200][547,366s] GC(1633) Concurrent Mark
[2019-04-15T13:51:05.207+0200][547,366s] GC(1633) Using 4 workers of 4 for marking
[2019-04-15T13:51:05.260+0200][547,419s] GC(1633) Concurrent Mark 52,666ms
[2019-04-15T13:51:05.260+0200][547,419s] GC(1633) User=0,21s Sys=0,00s Real=0,05s
[2019-04-15T13:51:05.260+0200][547,419s] GC(1633) Concurrent Preclean
[2019-04-15T13:51:05.261+0200][547,420s] GC(1633) Concurrent Preclean 1,255ms
[2019-04-15T13:51:05.261+0200][547,420s] GC(1633) User=0,00s Sys=0,00s Real=0,00s
[2019-04-15T13:51:05.261+0200][547,420s] GC(1633) Concurrent Abortable Preclean
[2019-04-15T13:51:05.285+0200][547,444s] GC(1634) Pause Young (Allocation Failure)
[2019-04-15T13:51:05.285+0200][547,444s] GC(1634) Using 4 workers of 4 for evacuation
[2019-04-15T13:51:05.288+0200][547,447s] GC(1634) ParNew: 87424K->21808K(109248K)
[2019-04-15T13:51:05.288+0200][547,447s] GC(1634) CMS: 309281K->309281K(393216K)
[2019-04-15T13:51:05.288+0200][547,447s] GC(1634) Metaspace: 88225K->88225K(1130496K)
[2019-04-15T13:51:05.288+0200][547,447s] GC(1634) Pause Young (Allocation Failure) 387M->323M(490M) 3,535ms
[2019-04-15T13:51:05.288+0200][547,447s] GC(1634) User=0,01s Sys=0,00s Real=0,01s
[2019-04-15T13:51:05.358+0200][547,517s] GC(1635) Pause Young (Allocation Failure)
[2019-04-15T13:51:05.358+0200][547,517s] GC(1635) Using 4 workers of 4 for evacuation
[2019-04-15T13:51:05.362+0200][547,521s] GC(1635) ParNew: 109232K->5627K(109248K)
[2019-04-15T13:51:05.362+0200][547,521s] GC(1635) CMS: 309281K->309281K(393216K)
[2019-04-15T13:51:05.362+0200][547,521s] GC(1635) Metaspace: 88225K->88225K(1130496K)
[2019-04-15T13:51:05.362+0200][547,521s] GC(1635) Pause Young (Allocation Failure) 408M->307M(490M) 3,805ms
[2019-04-15T13:51:05.362+0200][547,521s] GC(1635) User=0,01s Sys=0,00s Real=0,00s
[2019-04-15T13:51:05.418+0200][547,577s] GC(1636) Pause Young (Allocation Failure)
[2019-04-15T13:51:05.418+0200][547,577s] GC(1636) Using 4 workers of 4 for evacuation
[2019-04-15T13:51:05.426+0200][547,585s] GC(1636) ParNew: 93051K->3798K(109248K)
[2019-04-15T13:51:05.426+0200][547,585s] GC(1636) CMS: 309281K->309281K(393216K)
[2019-04-15T13:51:05.426+0200][547,585s] GC(1636) Metaspace: 88225K->88225K(1130496K)
[2019-04-15T13:51:05.426+0200][547,585s] GC(1636) Pause Young (Allocation Failure) 392M->305M(490M) 7,633ms
[2019-04-15T13:51:05.426+0200][547,585s] GC(1636) User=0,02s Sys=0,00s Real=0,01s
[2019-04-15T13:51:05.426+0200][547,585s] GC(1633) Concurrent Abortable Preclean 164,836ms
[2019-04-15T13:51:05.426+0200][547,585s] GC(1633) User=0,26s Sys=0,00s Real=0,17s
[2019-04-15T13:51:05.426+0200][547,585s] GC(1633) Pause Remark
[2019-04-15T13:51:05.426+0200][547,585s] GC(1637) Pause Young (CMS Final Remark)
[2019-04-15T13:51:05.426+0200][547,585s] GC(1637) Using 4 workers of 4 for evacuation
[2019-04-15T13:51:05.429+0200][547,588s] GC(1637) ParNew: 5497K->2813K(109248K)
[2019-04-15T13:51:05.429+0200][547,588s] GC(1637) CMS: 309281K->309281K(393216K)
[2019-04-15T13:51:05.429+0200][547,588s] GC(1637) Metaspace: 88225K->88225K(1130496K)
[2019-04-15T13:51:05.429+0200][547,588s] GC(1637) Pause Young (CMS Final Remark) 307M->304M(490M) 2,501ms
[2019-04-15T13:51:05.429+0200][547,588s] GC(1637) User=0,01s Sys=0,00s Real=0,00s
[2019-04-15T13:51:05.463+0200][547,622s] GC(1633) Pause Remark 307M->304M(490M) 36,812ms
[2019-04-15T13:51:05.463+0200][547,622s] GC(1633) User=0,06s Sys=0,00s Real=0,03s
[2019-04-15T13:51:05.463+0200][547,622s] GC(1633) Concurrent Sweep
[2019-04-15T13:51:05.495+0200][547,654s] GC(1633) Concurrent Sweep 31,879ms
[2019-04-15T13:51:05.495+0200][547,654s] GC(1633) User=0,06s Sys=0,00s Real=0,04s
[2019-04-15T13:51:05.495+0200][547,654s] GC(1633) Concurrent Reset
[2019-04-15T13:51:05.495+0200][547,654s] GC(1633) Concurrent Reset 0,321ms
[2019-04-15T13:51:05.495+0200][547,654s] GC(1633) User=0,00s Sys=0,00s Real=0,00s
[2019-04-15T13:51:05.495+0200][547,654s] GC(1633) Old: 309281K->308950K(393216K)
[2019-04-15T13:51:05.521+0200][547,680s] GC(1638) Pause Young (Allocation Failure)
[2019-04-15T13:51:05.521+0200][547,680s] GC(1638) Using 4 workers of 4 for evacuation
[2019-04-15T13:51:05.530+0200][547,689s] GC(1638) ParNew: 90237K->3709K(109248K)
[2019-04-15T13:51:05.530+0200][547,689s] GC(1638) CMS: 308950K->308950K(393216K)
[2019-04-15T13:51:05.530+0200][547,689s] GC(1638) Metaspace: 88225K->88225K(1130496K)
[2019-04-15T13:51:05.530+0200][547,689s] GC(1638) Pause Young (Allocation Failure) 389M->305M(490M) 8,983ms
[2019-04-15T13:51:05.530+0200][547,689s] GC(1638) User=0,02s Sys=0,00s Real=0,01s
[2019-04-15T13:51:05.530+0200][547,689s] GC(1639) Pause Initial Mark
[2019-04-15T13:51:05.531+0200][547,690s] GC(1639) Pause Initial Mark 307M->307M(490M) 0,647ms
[2019-04-15T13:51:05.531+0200][547,690s] GC(1639) User=0,01s Sys=0,00s Real=0,00s
[2019-04-15T13:51:05.531+0200][547,690s] GC(1639) Concurrent Mark
[2019-04-15T13:51:05.531+0200][547,690s] GC(1639) Using 4 workers of 4 for marking
[2019-04-15T13:51:05.587+0200][547,746s] GC(1639) Concurrent Mark 56,549ms
[2019-04-15T13:51:05.587+0200][547,746s] GC(1639) User=0,21s Sys=0,00s Real=0,06s
[2019-04-15T13:51:05.587+0200][547,746s] GC(1639) Concurrent Preclean
[2019-04-15T13:51:05.589+0200][547,748s] GC(1639) Concurrent Preclean 1,475ms
[2019-04-15T13:51:05.589+0200][547,748s] GC(1639) User=0,00s Sys=0,00s Real=0,00s
[2019-04-15T13:51:05.589+0200][547,748s] GC(1639) Concurrent Abortable Preclean
[2019-04-15T13:51:05.615+0200][547,774s] GC(1640) Pause Young (Allocation Failure)
[2019-04-15T13:51:05.615+0200][547,774s] GC(1640) Using 4 workers of 4 for evacuation
[2019-04-15T13:51:05.618+0200][547,777s] GC(1640) ParNew: 91133K->5533K(109248K)
[2019-04-15T13:51:05.619+0200][547,777s] GC(1640) CMS: 308950K->308950K(393216K)
[2019-04-15T13:51:05.619+0200][547,777s] GC(1640) Metaspace: 88225K->88225K(1130496K)
[2019-04-15T13:51:05.619+0200][547,778s] GC(1640) Pause Young (Allocation Failure) 390M->307M(490M) 3,606ms
[2019-04-15T13:51:05.619+0200][547,778s] GC(1640) User=0,02s Sys=0,00s Real=0,00s
[2019-04-15T13:51:05.697+0200][547,856s] GC(1641) Pause Young (Allocation Failure)
[2019-04-15T13:51:05.697+0200][547,856s] GC(1641) Using 4 workers of 4 for evacuation
[2019-04-15T13:51:05.703+0200][547,862s] GC(1641) ParNew: 92957K->4284K(109248K)
[2019-04-15T13:51:05.703+0200][547,862s] GC(1641) CMS: 308950K->308950K(393216K)
[2019-04-15T13:51:05.703+0200][547,862s] GC(1641) Metaspace: 88225K->88225K(1130496K)
[2019-04-15T13:51:05.703+0200][547,862s] GC(1641) Pause Young (Allocation Failure) 392M->305M(490M) 6,028ms
[2019-04-15T13:51:05.703+0200][547,862s] GC(1641) User=0,02s Sys=0,00s Real=0,00s
[2019-04-15T13:51:05.703+0200][547,862s] GC(1639) Concurrent Abortable Preclean 114,530ms
[2019-04-15T13:51:05.703+0200][547,862s] GC(1639) User=0,22s Sys=0,00s Real=0,11s
[2019-04-15T13:51:05.704+0200][547,862s] GC(1639) Pause Remark
[2019-04-15T13:51:05.704+0200][547,862s] GC(1642) Pause Young (CMS Final Remark)
[2019-04-15T13:51:05.704+0200][547,862s] GC(1642) Using 4 workers of 4 for evacuation
[2019-04-15T13:51:05.706+0200][547,865s] GC(1642) ParNew: 6023K->3905K(109248K)
[2019-04-15T13:51:05.706+0200][547,865s] GC(1642) CMS: 308950K->308950K(393216K)
[2019-04-15T13:51:05.706+0200][547,865s] GC(1642) Metaspace: 88225K->88225K(1130496K)
[2019-04-15T13:51:05.706+0200][547,865s] GC(1642) Pause Young (CMS Final Remark) 307M->305M(490M) 2,787ms
[2019-04-15T13:51:05.706+0200][547,865s] GC(1642) User=0,01s Sys=0,00s Real=0,01s
[2019-04-15T13:51:05.737+0200][547,896s] GC(1639) Pause Remark 307M->305M(490M) 33,672ms
[2019-04-15T13:51:05.737+0200][547,896s] GC(1639) User=0,05s Sys=0,00s Real=0,04s
[2019-04-15T13:51:05.737+0200][547,896s] GC(1639) Concurrent Sweep
[2019-04-15T13:51:05.769+0200][547,928s] GC(1639) Concurrent Sweep 31,735ms
[2019-04-15T13:51:05.769+0200][547,928s] GC(1639) User=0,06s Sys=0,00s Real=0,03s
[2019-04-15T13:51:05.769+0200][547,928s] GC(1639) Concurrent Reset
[2019-04-15T13:51:05.770+0200][547,928s] GC(1639) Concurrent Reset 0,427ms
[2019-04-15T13:51:05.770+0200][547,929s] GC(1639) User=0,00s Sys=0,00s Real=0,00s
[2019-04-15T13:51:05.770+0200][547,929s] GC(1639) Old: 308950K->308899K(393216K)
[2019-04-15T13:51:05.798+0200][547,957s] GC(1643) Pause Young (Allocation Failure)
[2019-04-15T13:51:05.798+0200][547,957s] GC(1643) Using 4 workers of 4 for evacuation
[2019-04-15T13:51:05.805+0200][547,964s] GC(1643) ParNew: 91329K->3885K(109248K)
[2019-04-15T13:51:05.805+0200][547,964s] GC(1643) CMS: 308899K->309317K(393216K)
[2019-04-15T13:51:05.805+0200][547,964s] GC(1643) Metaspace: 88225K->88225K(1130496K)
[2019-04-15T13:51:05.805+0200][547,964s] GC(1643) Pause Young (Allocation Failure) 390M->305M(490M) 6,967ms
[2019-04-15T13:51:05.805+0200][547,964s] GC(1643) User=0,02s Sys=0,00s Real=0,01s
[2019-04-15T13:51:05.805+0200][547,964s] GC(1644) Pause Initial Mark
[2019-04-15T13:51:05.806+0200][547,965s] GC(1644) Pause Initial Mark 307M->307M(490M) 0,507ms
[2019-04-15T13:51:05.806+0200][547,965s] GC(1644) User=0,00s Sys=0,00s Real=0,00s
[2019-04-15T13:51:05.806+0200][547,965s] GC(1644) Concurrent Mark
[2019-04-15T13:51:05.806+0200][547,965s] GC(1644) Using 4 workers of 4 for marking
[2019-04-15T13:51:05.866+0200][548,025s] GC(1644) Concurrent Mark 59,793ms
[2019-04-15T13:51:05.866+0200][548,025s] GC(1644) User=0,23s Sys=0,00s Real=0,06s
[2019-04-15T13:51:05.866+0200][548,025s] GC(1644) Concurrent Preclean
[2019-04-15T13:51:05.867+0200][548,026s] GC(1644) Concurrent Preclean 1,072ms
[2019-04-15T13:51:05.867+0200][548,026s] GC(1644) User=0,01s Sys=0,00s Real=0,00s
[2019-04-15T13:51:05.867+0200][548,026s] GC(1644) Concurrent Abortable Preclean
[2019-04-15T13:51:05.884+0200][548,043s] GC(1645) Pause Young (Allocation Failure)
[2019-04-15T13:51:05.884+0200][548,043s] GC(1645) Using 4 workers of 4 for evacuation
[2019-04-15T13:51:05.889+0200][548,048s] GC(1645) ParNew: 91309K->3489K(109248K)
[2019-04-15T13:51:05.889+0200][548,048s] GC(1645) CMS: 309317K->309481K(393216K)
[2019-04-15T13:51:05.889+0200][548,048s] GC(1645) Metaspace: 88225K->88225K(1130496K)
[2019-04-15T13:51:05.889+0200][548,048s] GC(1645) Pause Young (Allocation Failure) 391M->305M(490M) 4,752ms
[2019-04-15T13:51:05.889+0200][548,048s] GC(1645) User=0,01s Sys=0,00s Real=0,01s
[2019-04-15T13:51:05.949+0200][548,108s] GC(1646) Pause Young (Allocation Failure)
[2019-04-15T13:51:05.949+0200][548,108s] GC(1646) Using 4 workers of 4 for evacuation
[2019-04-15T13:51:05.952+0200][548,111s] GC(1646) ParNew: 90913K->3649K(109248K)
[2019-04-15T13:51:05.953+0200][548,111s] GC(1646) CMS: 309481K->309587K(393216K)
[2019-04-15T13:51:05.953+0200][548,111s] GC(1646) Metaspace: 88225K->88225K(1130496K)
[2019-04-15T13:51:05.953+0200][548,111s] GC(1646) Pause Young (Allocation Failure) 391M->305M(490M) 3,948ms
[2019-04-15T13:51:05.953+0200][548,111s] GC(1646) User=0,02s Sys=0,00s Real=0,00s
[2019-04-15T13:51:06.012+0200][548,171s] GC(1647) Pause Young (Allocation Failure)
[2019-04-15T13:51:06.012+0200][548,171s] GC(1647) Using 4 workers of 4 for evacuation
[2019-04-15T13:51:06.025+0200][548,184s] GC(1647) ParNew: 91073K->3655K(109248K)
[2019-04-15T13:51:06.025+0200][548,184s] GC(1647) CMS: 309587K->309587K(393216K)
[2019-04-15T13:51:06.025+0200][548,184s] GC(1647) Metaspace: 88225K->88225K(1130496K)
[2019-04-15T13:51:06.025+0200][548,184s] GC(1647) Pause Young (Allocation Failure) 391M->305M(490M) 13,521ms
[2019-04-15T13:51:06.025+0200][548,184s] GC(1647) User=0,03s Sys=0,00s Real=0,02s
[2019-04-15T13:51:06.089+0200][548,248s] GC(1648) Pause Young (Allocation Failure)
[2019-04-15T13:51:06.089+0200][548,248s] GC(1648) Using 4 workers of 4 for evacuation
[2019-04-15T13:51:06.093+0200][548,252s] GC(1648) ParNew: 91079K->3642K(109248K)
[2019-04-15T13:51:06.093+0200][548,252s] GC(1648) CMS: 309587K->309640K(393216K)
[2019-04-15T13:51:06.093+0200][548,252s] GC(1648) Metaspace: 88225K->88225K(1130496K)
[2019-04-15T13:51:06.093+0200][548,252s] GC(1648) Pause Young (Allocation Failure) 391M->305M(490M) 3,497ms
[2019-04-15T13:51:06.093+0200][548,252s] GC(1648) User=0,01s Sys=0,00s Real=0,01s
[2019-04-15T13:51:06.149+0200][548,308s] GC(1649) Pause Young (Allocation Failure)
[2019-04-15T13:51:06.149+0200][548,308s] GC(1649) Using 4 workers of 4 for evacuation
[2019-04-15T13:51:06.152+0200][548,311s] GC(1649) ParNew: 91066K->3072K(109248K)
[2019-04-15T13:51:06.152+0200][548,311s] GC(1649) CMS: 309640K->309641K(393216K)
[2019-04-15T13:51:06.152+0200][548,311s] GC(1649) Metaspace: 88225K->88225K(1130496K)
[2019-04-15T13:51:06.152+0200][548,311s] GC(1649) Pause Young (Allocation Failure) 391M->305M(490M) 2,474ms
[2019-04-15T13:51:06.152+0200][548,311s] GC(1649) User=0,01s Sys=0,00s Real=0,00s
[2019-04-15T13:51:06.217+0200][548,376s] GC(1650) Pause Young (Allocation Failure)
[2019-04-15T13:51:06.217+0200][548,376s] GC(1650) Using 4 workers of 4 for evacuation
[2019-04-15T13:51:06.223+0200][548,382s] GC(1650) ParNew: 90496K->3172K(109248K)
[2019-04-15T13:51:06.223+0200][548,382s] GC(1650) CMS: 309641K->309646K(393216K)
[2019-04-15T13:51:06.223+0200][548,382s] GC(1650) Metaspace: 88225K->88225K(1130496K)
[2019-04-15T13:51:06.223+0200][548,382s] GC(1650) Pause Young (Allocation Failure) 390M->305M(490M) 5,542ms
[2019-04-15T13:51:06.223+0200][548,382s] GC(1650) User=0,02s Sys=0,00s Real=0,00s
[2019-04-15T13:51:06.283+0200][548,441s] GC(1651) Pause Young (Allocation Failure)
[2019-04-15T13:51:06.283+0200][548,441s] GC(1651) Using 4 workers of 4 for evacuation
[2019-04-15T13:51:06.289+0200][548,448s] GC(1651) ParNew: 90596K->3456K(109248K)
[2019-04-15T13:51:06.289+0200][548,448s] GC(1651) CMS: 309646K->309646K(393216K)
[2019-04-15T13:51:06.289+0200][548,448s] GC(1651) Metaspace: 88225K->88225K(1130496K)
[2019-04-15T13:51:06.289+0200][548,448s] GC(1651) Pause Young (Allocation Failure) 390M->305M(490M) 6,444ms
[2019-04-15T13:51:06.289+0200][548,448s] GC(1651) User=0,02s Sys=0,00s Real=0,01s
[2019-04-15T13:51:06.348+0200][548,507s] GC(1652) Pause Young (Allocation Failure)
[2019-04-15T13:51:06.348+0200][548,507s] GC(1652) Using 4 workers of 4 for evacuation
[2019-04-15T13:51:06.352+0200][548,511s] GC(1652) ParNew: 90880K->3108K(109248K)
[2019-04-15T13:51:06.352+0200][548,511s] GC(1652) CMS: 309646K->309702K(393216K)
[2019-04-15T13:51:06.352+0200][548,511s] GC(1652) Metaspace: 88225K->88225K(1130496K)
[2019-04-15T13:51:06.352+0200][548,511s] GC(1652) Pause Young (Allocation Failure) 391M->305M(490M) 3,784ms
[2019-04-15T13:51:06.352+0200][548,511s] GC(1652) User=0,02s Sys=0,00s Real=0,00s
[2019-04-15T13:51:06.415+0200][548,574s] GC(1653) Pause Young (Allocation Failure)
[2019-04-15T13:51:06.415+0200][548,574s] GC(1653) Using 4 workers of 4 for evacuation
[2019-04-15T13:51:06.418+0200][548,577s] GC(1653) ParNew: 90532K->5267K(109248K)
[2019-04-15T13:51:06.418+0200][548,577s] GC(1653) CMS: 309702K->309705K(393216K)
[2019-04-15T13:51:06.418+0200][548,577s] GC(1653) Metaspace: 88225K->88225K(1130496K)
[2019-04-15T13:51:06.418+0200][548,577s] GC(1653) Pause Young (Allocation Failure) 390M->307M(490M) 3,088ms
[2019-04-15T13:51:06.418+0200][548,577s] GC(1653) User=0,01s Sys=0,00s Real=0,00s
[2019-04-15T13:51:06.480+0200][548,639s] GC(1654) Pause Young (Allocation Failure)
[2019-04-15T13:51:06.480+0200][548,639s] GC(1654) Using 4 workers of 4 for evacuation
[2019-04-15T13:51:06.483+0200][548,642s] GC(1654) ParNew: 92691K->5321K(109248K)
[2019-04-15T13:51:06.483+0200][548,642s] GC(1654) CMS: 309705K->309708K(393216K)
[2019-04-15T13:51:06.483+0200][548,642s] GC(1654) Metaspace: 88225K->88225K(1130496K)
[2019-04-15T13:51:06.483+0200][548,642s] GC(1654) Pause Young (Allocation Failure) 392M->307M(490M) 3,256ms
[2019-04-15T13:51:06.483+0200][548,642s] GC(1654) User=0,01s Sys=0,00s Real=0,00s
[2019-04-15T13:51:06.549+0200][548,708s] GC(1655) Pause Young (Allocation Failure)
[2019-04-15T13:51:06.549+0200][548,708s] GC(1655) Using 4 workers of 4 for evacuation
[2019-04-15T13:51:06.557+0200][548,715s] GC(1655) ParNew: 92745K->4962K(109248K)
[2019-04-15T13:51:06.557+0200][548,715s] GC(1655) CMS: 309708K->309710K(393216K)
[2019-04-15T13:51:06.557+0200][548,715s] GC(1655) Metaspace: 88225K->88225K(1130496K)
[2019-04-15T13:51:06.557+0200][548,715s] GC(1655) Pause Young (Allocation Failure) 393M->307M(490M) 7,428ms
[2019-04-15T13:51:06.557+0200][548,715s] GC(1655) User=0,02s Sys=0,00s Real=0,01s
[2019-04-15T13:51:06.610+0200][548,769s] GC(1656) Pause Young (Allocation Failure)
[2019-04-15T13:51:06.610+0200][548,769s] GC(1656) Using 4 workers of 4 for evacuation
[2019-04-15T13:51:06.619+0200][548,778s] GC(1656) ParNew: 92386K->5457K(109248K)
[2019-04-15T13:51:06.619+0200][548,778s] GC(1656) CMS: 309710K->309712K(393216K)
[2019-04-15T13:51:06.619+0200][548,778s] GC(1656) Metaspace: 88225K->88225K(1130496K)
[2019-04-15T13:51:06.619+0200][548,778s] GC(1656) Pause Young (Allocation Failure) 392M->307M(490M) 8,639ms
[2019-04-15T13:51:06.619+0200][548,778s] GC(1656) User=0,03s Sys=0,00s Real=0,01s
[2019-04-15T13:51:06.673+0200][548,832s] GC(1657) Pause Young (Allocation Failure)
[2019-04-15T13:51:06.673+0200][548,832s] GC(1657) Using 4 workers of 4 for evacuation
[2019-04-15T13:51:06.680+0200][548,839s] GC(1657) ParNew: 92881K->5529K(109248K)
[2019-04-15T13:51:06.680+0200][548,839s] GC(1657) CMS: 309712K->309714K(393216K)
[2019-04-15T13:51:06.680+0200][548,839s] GC(1657) Metaspace: 88225K->88225K(1130496K)
[2019-04-15T13:51:06.680+0200][548,839s] GC(1657) Pause Young (Allocation Failure) 393M->307M(490M) 6,814ms
[2019-04-15T13:51:06.680+0200][548,839s] GC(1657) User=0,02s Sys=0,00s Real=0,00s
[2019-04-15T13:51:06.742+0200][548,901s] GC(1658) Pause Young (Allocation Failure)
[2019-04-15T13:51:06.742+0200][548,901s] GC(1658) Using 4 workers of 4 for evacuation
[2019-04-15T13:51:06.745+0200][548,904s] GC(1658) ParNew: 92953K->5286K(109248K)
[2019-04-15T13:51:06.745+0200][548,904s] GC(1658) CMS: 309714K->309715K(393216K)
[2019-04-15T13:51:06.745+0200][548,904s] GC(1658) Metaspace: 88225K->88225K(1130496K)
[2019-04-15T13:51:06.745+0200][548,904s] GC(1658) Pause Young (Allocation Failure) 393M->307M(490M) 2,814ms
[2019-04-15T13:51:06.745+0200][548,904s] GC(1658) User=0,01s Sys=0,00s Real=0,01s
[2019-04-15T13:51:06.803+0200][548,962s] GC(1659) Pause Young (Allocation Failure)
[2019-04-15T13:51:06.803+0200][548,962s] GC(1659) Using 4 workers of 4 for evacuation
[2019-04-15T13:51:06.807+0200][548,966s] GC(1659) ParNew: 92710K->5334K(109248K)
[2019-04-15T13:51:06.807+0200][548,966s] GC(1659) CMS: 309715K->309717K(393216K)
[2019-04-15T13:51:06.807+0200][548,966s] GC(1659) Metaspace: 88225K->88225K(1130496K)
[2019-04-15T13:51:06.807+0200][548,966s] GC(1659) Pause Young (Allocation Failure) 392M->307M(490M) 4,151ms
[2019-04-15T13:51:06.807+0200][548,966s] GC(1659) User=0,01s Sys=0,00s Real=0,01s
[2019-04-15T13:51:06.861+0200][549,020s] GC(1660) Pause Young (Allocation Failure)
[2019-04-15T13:51:06.861+0200][549,020s] GC(1660) Using 4 workers of 4 for evacuation
[2019-04-15T13:51:06.867+0200][549,025s] GC(1660) ParNew: 92758K->5348K(109248K)
[2019-04-15T13:51:06.867+0200][549,026s] GC(1660) CMS: 309717K->309719K(393216K)
[2019-04-15T13:51:06.867+0200][549,026s] GC(1660) Metaspace: 88225K->88225K(1130496K)
[2019-04-15T13:51:06.867+0200][549,026s] GC(1660) Pause Young (Allocation Failure) 393M->307M(490M) 5,637ms
[2019-04-15T13:51:06.867+0200][549,026s] GC(1660) User=0,02s Sys=0,00s Real=0,01s
[2019-04-15T13:51:06.924+0200][549,083s] GC(1661) Pause Young (Allocation Failure)
[2019-04-15T13:51:06.924+0200][549,083s] GC(1661) Using 4 workers of 4 for evacuation
[2019-04-15T13:51:06.932+0200][549,091s] GC(1661) ParNew: 92772K->1514K(109248K)
[2019-04-15T13:51:06.932+0200][549,091s] GC(1661) CMS: 309719K->313872K(393216K)
[2019-04-15T13:51:06.932+0200][549,091s] GC(1661) Metaspace: 88225K->88225K(1130496K)
[2019-04-15T13:51:06.932+0200][549,091s] GC(1661) Pause Young (Allocation Failure) 393M->307M(490M) 7,871ms
[2019-04-15T13:51:06.932+0200][549,091s] GC(1661) User=0,03s Sys=0,00s Real=0,01s
[2019-04-15T13:51:06.991+0200][549,150s] GC(1662) Pause Young (Allocation Failure)
[2019-04-15T13:51:06.991+0200][549,150s] GC(1662) Using 4 workers of 4 for evacuation
[2019-04-15T13:51:06.997+0200][549,156s] GC(1662) ParNew: 88938K->1686K(109248K)
[2019-04-15T13:51:06.997+0200][549,156s] GC(1662) CMS: 313872K->313873K(393216K)
[2019-04-15T13:51:06.997+0200][549,156s] GC(1662) Metaspace: 88225K->88225K(1130496K)
[2019-04-15T13:51:06.997+0200][549,156s] GC(1662) Pause Young (Allocation Failure) 393M->308M(490M) 5,980ms
[2019-04-15T13:51:06.997+0200][549,156s] GC(1662) User=0,02s Sys=0,00s Real=0,01s
[2019-04-15T13:51:07.059+0200][549,218s] GC(1663) Pause Young (Allocation Failure)
[2019-04-15T13:51:07.059+0200][549,218s] GC(1663) Using 4 workers of 4 for evacuation
[2019-04-15T13:51:07.066+0200][549,224s] GC(1663) ParNew: 89110K->1247K(109248K)
[2019-04-15T13:51:07.066+0200][549,224s] GC(1663) CMS: 313873K->313927K(393216K)
[2019-04-15T13:51:07.066+0200][549,224s] GC(1663) Metaspace: 88225K->88225K(1130496K)
[2019-04-15T13:51:07.066+0200][549,225s] GC(1663) Pause Young (Allocation Failure) 393M->307M(490M) 6,269ms
[2019-04-15T13:51:07.066+0200][549,225s] GC(1663) User=0,02s Sys=0,00s Real=0,01s
[2019-04-15T13:51:07.130+0200][549,289s] GC(1664) Pause Young (Allocation Failure)
[2019-04-15T13:51:07.130+0200][549,289s] GC(1664) Using 4 workers of 4 for evacuation
[2019-04-15T13:51:07.137+0200][549,296s] GC(1664) ParNew: 88671K->1723K(109248K)
[2019-04-15T13:51:07.137+0200][549,296s] GC(1664) CMS: 313927K->313929K(393216K)
[2019-04-15T13:51:07.137+0200][549,296s] GC(1664) Metaspace: 88225K->88225K(1130496K)
[2019-04-15T13:51:07.137+0200][549,296s] GC(1664) Pause Young (Allocation Failure) 393M->308M(490M) 6,870ms
[2019-04-15T13:51:07.137+0200][549,296s] GC(1664) User=0,01s Sys=0,01s Real=0,01s
[2019-04-15T13:51:07.191+0200][549,350s] GC(1665) Pause Young (Allocation Failure)
[2019-04-15T13:51:07.191+0200][549,350s] GC(1665) Using 4 workers of 4 for evacuation
[2019-04-15T13:51:07.203+0200][549,362s] GC(1665) ParNew: 89147K->1827K(109248K)
[2019-04-15T13:51:07.203+0200][549,362s] GC(1665) CMS: 313929K->313930K(393216K)
[2019-04-15T13:51:07.203+0200][549,362s] GC(1665) Metaspace: 88225K->88225K(1130496K)
[2019-04-15T13:51:07.203+0200][549,362s] GC(1665) Pause Young (Allocation Failure) 393M->308M(490M) 12,149ms
[2019-04-15T13:51:07.203+0200][549,362s] GC(1665) User=0,04s Sys=0,00s Real=0,01s
[2019-04-15T13:51:07.262+0200][549,421s] GC(1666) Pause Young (Allocation Failure)
[2019-04-15T13:51:07.262+0200][549,421s] GC(1666) Using 4 workers of 4 for evacuation
[2019-04-15T13:51:07.270+0200][549,429s] GC(1666) ParNew: 89251K->1455K(109248K)
[2019-04-15T13:51:07.270+0200][549,429s] GC(1666) CMS: 313930K->313933K(393216K)
[2019-04-15T13:51:07.270+0200][549,429s] GC(1666) Metaspace: 88225K->88225K(1130496K)
[2019-04-15T13:51:07.270+0200][549,429s] GC(1666) Pause Young (Allocation Failure) 393M->307M(490M) 8,743ms
[2019-04-15T13:51:07.270+0200][549,429s] GC(1666) User=0,02s Sys=0,00s Real=0,01s
[2019-04-15T13:51:07.327+0200][549,486s] GC(1667) Pause Young (Allocation Failure)
[2019-04-15T13:51:07.327+0200][549,486s] GC(1667) Using 4 workers of 4 for evacuation
[2019-04-15T13:51:07.336+0200][549,495s] GC(1667) ParNew: 88879K->1983K(109248K)
[2019-04-15T13:51:07.336+0200][549,495s] GC(1667) CMS: 313933K->313935K(393216K)
[2019-04-15T13:51:07.336+0200][549,495s] GC(1667) Metaspace: 88225K->88225K(1130496K)
[2019-04-15T13:51:07.336+0200][549,495s] GC(1667) Pause Young (Allocation Failure) 393M->308M(490M) 8,852ms
[2019-04-15T13:51:07.336+0200][549,495s] GC(1667) User=0,03s Sys=0,00s Real=0,01s
[2019-04-15T13:51:07.395+0200][549,554s] GC(1668) Pause Young (Allocation Failure)
[2019-04-15T13:51:07.395+0200][549,554s] GC(1668) Using 4 workers of 4 for evacuation
[2019-04-15T13:51:07.404+0200][549,563s] GC(1668) ParNew: 89407K->1487K(109248K)
[2019-04-15T13:51:07.404+0200][549,563s] GC(1668) CMS: 313935K->313937K(393216K)
[2019-04-15T13:51:07.404+0200][549,563s] GC(1668) Metaspace: 88225K->88225K(1130496K)
[2019-04-15T13:51:07.404+0200][549,563s] GC(1668) Pause Young (Allocation Failure) 393M->308M(490M) 8,758ms
[2019-04-15T13:51:07.404+0200][549,563s] GC(1668) User=0,03s Sys=0,00s Real=0,00s
[2019-04-15T13:51:07.462+0200][549,621s] GC(1669) Pause Young (Allocation Failure)
[2019-04-15T13:51:07.462+0200][549,621s] GC(1669) Using 4 workers of 4 for evacuation
[2019-04-15T13:51:07.468+0200][549,627s] GC(1669) ParNew: 88911K->1464K(109248K)
[2019-04-15T13:51:07.468+0200][549,627s] GC(1669) CMS: 313937K->313939K(393216K)
[2019-04-15T13:51:07.468+0200][549,627s] GC(1669) Metaspace: 88225K->88225K(1130496K)
[2019-04-15T13:51:07.468+0200][549,627s] GC(1669) Pause Young (Allocation Failure) 393M->308M(490M) 6,285ms
[2019-04-15T13:51:07.468+0200][549,627s] GC(1669) User=0,02s Sys=0,00s Real=0,01s
[2019-04-15T13:51:07.520+0200][549,679s] GC(1670) Pause Young (Allocation Failure)
[2019-04-15T13:51:07.520+0200][549,679s] GC(1670) Using 4 workers of 4 for evacuation
[2019-04-15T13:51:07.528+0200][549,687s] GC(1670) ParNew: 88888K->9698K(109248K)
[2019-04-15T13:51:07.528+0200][549,687s] GC(1670) CMS: 313939K->313941K(393216K)
[2019-04-15T13:51:07.528+0200][549,687s] GC(1670) Metaspace: 88225K->88225K(1130496K)
[2019-04-15T13:51:07.528+0200][549,687s] GC(1670) Pause Young (Allocation Failure) 393M->316M(490M) 7,700ms
[2019-04-15T13:51:07.528+0200][549,687s] GC(1670) User=0,02s Sys=0,00s Real=0,01s
[2019-04-15T13:51:07.587+0200][549,746s] GC(1671) Pause Young (Allocation Failure)
[2019-04-15T13:51:07.587+0200][549,746s] GC(1671) Using 4 workers of 4 for evacuation
[2019-04-15T13:51:07.593+0200][549,752s] GC(1671) ParNew: 97122K->9722K(109248K)
[2019-04-15T13:51:07.593+0200][549,752s] GC(1671) CMS: 313941K->313944K(393216K)
[2019-04-15T13:51:07.593+0200][549,752s] GC(1671) Metaspace: 88225K->88225K(1130496K)
[2019-04-15T13:51:07.593+0200][549,752s] GC(1671) Pause Young (Allocation Failure) 401M->316M(490M) 6,474ms
[2019-04-15T13:51:07.593+0200][549,752s] GC(1671) User=0,02s Sys=0,00s Real=0,01s
[2019-04-15T13:51:07.651+0200][549,810s] GC(1672) Pause Young (Allocation Failure)
[2019-04-15T13:51:07.651+0200][549,810s] GC(1672) Using 4 workers of 4 for evacuation
[2019-04-15T13:51:07.660+0200][549,819s] GC(1672) ParNew: 97146K->9720K(109248K)
[2019-04-15T13:51:07.660+0200][549,819s] GC(1672) CMS: 313944K->313945K(393216K)
[2019-04-15T13:51:07.660+0200][549,819s] GC(1672) Metaspace: 88225K->88225K(1130496K)
[2019-04-15T13:51:07.660+0200][549,819s] GC(1672) Pause Young (Allocation Failure) 401M->316M(490M) 9,122ms
[2019-04-15T13:51:07.660+0200][549,819s] GC(1672) User=0,03s Sys=0,00s Real=0,01s
[2019-04-15T13:51:07.720+0200][549,879s] GC(1673) Pause Young (Allocation Failure)
[2019-04-15T13:51:07.720+0200][549,879s] GC(1673) Using 4 workers of 4 for evacuation
[2019-04-15T13:51:07.728+0200][549,887s] GC(1673) ParNew: 97144K->9840K(109248K)
[2019-04-15T13:51:07.728+0200][549,887s] GC(1673) CMS: 313945K->313947K(393216K)
[2019-04-15T13:51:07.728+0200][549,887s] GC(1673) Metaspace: 88225K->88225K(1130496K)
[2019-04-15T13:51:07.728+0200][549,887s] GC(1673) Pause Young (Allocation Failure) 401M->316M(490M) 8,347ms
[2019-04-15T13:51:07.728+0200][549,887s] GC(1673) User=0,02s Sys=0,00s Real=0,01s
[2019-04-15T13:51:07.790+0200][549,949s] GC(1674) Pause Young (Allocation Failure)
[2019-04-15T13:51:07.790+0200][549,949s] GC(1674) Using 4 workers of 4 for evacuation
[2019-04-15T13:51:07.796+0200][549,955s] GC(1674) ParNew: 97264K->9232K(109248K)
[2019-04-15T13:51:07.796+0200][549,955s] GC(1674) CMS: 313947K->313949K(393216K)
[2019-04-15T13:51:07.796+0200][549,955s] GC(1674) Metaspace: 88225K->88225K(1130496K)
[2019-04-15T13:51:07.796+0200][549,955s] GC(1674) Pause Young (Allocation Failure) 401M->315M(490M) 6,297ms
[2019-04-15T13:51:07.796+0200][549,955s] GC(1674) User=0,01s Sys=0,00s Real=0,01s
[2019-04-15T13:51:07.859+0200][550,017s] GC(1675) Pause Young (Allocation Failure)
[2019-04-15T13:51:07.859+0200][550,017s] GC(1675) Using 4 workers of 4 for evacuation
[2019-04-15T13:51:07.866+0200][550,025s] GC(1675) ParNew: 96656K->9398K(109248K)
[2019-04-15T13:51:07.866+0200][550,025s] GC(1675) CMS: 313949K->313950K(393216K)
[2019-04-15T13:51:07.866+0200][550,025s] GC(1675) Metaspace: 88225K->88225K(1130496K)
[2019-04-15T13:51:07.866+0200][550,025s] GC(1675) Pause Young (Allocation Failure) 400M->315M(490M) 7,785ms
[2019-04-15T13:51:07.866+0200][550,025s] GC(1675) User=0,02s Sys=0,00s Real=0,01s
[2019-04-15T13:51:07.921+0200][550,080s] GC(1676) Pause Young (Allocation Failure)
[2019-04-15T13:51:07.921+0200][550,080s] GC(1676) Using 4 workers of 4 for evacuation
[2019-04-15T13:51:07.928+0200][550,087s] GC(1676) ParNew: 96822K->10096K(109248K)
[2019-04-15T13:51:07.928+0200][550,087s] GC(1676) CMS: 313950K->313954K(393216K)
[2019-04-15T13:51:07.928+0200][550,087s] GC(1676) Metaspace: 88225K->88225K(1130496K)
[2019-04-15T13:51:07.928+0200][550,087s] GC(1676) Pause Young (Allocation Failure) 401M->316M(490M) 7,387ms
[2019-04-15T13:51:07.928+0200][550,087s] GC(1676) User=0,03s Sys=0,00s Real=0,01s
[2019-04-15T13:51:07.984+0200][550,142s] GC(1677) Pause Young (Allocation Failure)
[2019-04-15T13:51:07.984+0200][550,143s] GC(1677) Using 4 workers of 4 for evacuation
[2019-04-15T13:51:07.990+0200][550,149s] GC(1677) ParNew: 97520K->10219K(109248K)
[2019-04-15T13:51:07.990+0200][550,149s] GC(1677) CMS: 313954K->313956K(393216K)
[2019-04-15T13:51:07.990+0200][550,149s] GC(1677) Metaspace: 88225K->88225K(1130496K)
[2019-04-15T13:51:07.990+0200][550,149s] GC(1677) Pause Young (Allocation Failure) 401M->316M(490M) 6,243ms
[2019-04-15T13:51:07.990+0200][550,149s] GC(1677) User=0,02s Sys=0,00s Real=0,01s
[2019-04-15T13:51:08.050+0200][550,209s] GC(1678) Pause Young (Allocation Failure)
[2019-04-15T13:51:08.050+0200][550,209s] GC(1678) Using 4 workers of 4 for evacuation
[2019-04-15T13:51:08.055+0200][550,214s] GC(1678) ParNew: 97643K->1963K(109248K)
[2019-04-15T13:51:08.055+0200][550,214s] GC(1678) CMS: 313956K->322158K(393216K)
[2019-04-15T13:51:08.055+0200][550,214s] GC(1678) Metaspace: 88225K->88225K(1130496K)
[2019-04-15T13:51:08.055+0200][550,214s] GC(1678) Pause Young (Allocation Failure) 401M->316M(490M) 4,843ms
[2019-04-15T13:51:08.055+0200][550,214s] GC(1678) User=0,02s Sys=0,00s Real=0,01s
[2019-04-15T13:51:08.114+0200][550,273s] GC(1679) Pause Young (Allocation Failure)
[2019-04-15T13:51:08.114+0200][550,273s] GC(1679) Using 4 workers of 4 for evacuation
[2019-04-15T13:51:08.121+0200][550,280s] GC(1679) ParNew: 89387K->1263K(109248K)
[2019-04-15T13:51:08.121+0200][550,280s] GC(1679) CMS: 322158K->322160K(393216K)
[2019-04-15T13:51:08.121+0200][550,280s] GC(1679) Metaspace: 88225K->88225K(1130496K)
[2019-04-15T13:51:08.121+0200][550,280s] GC(1679) Pause Young (Allocation Failure) 401M->315M(490M) 7,129ms
[2019-04-15T13:51:08.121+0200][550,280s] GC(1679) User=0,02s Sys=0,00s Real=0,00s
[2019-04-15T13:51:08.179+0200][550,338s] GC(1680) Pause Young (Allocation Failure)
[2019-04-15T13:51:08.179+0200][550,338s] GC(1680) Using 4 workers of 4 for evacuation
[2019-04-15T13:51:08.183+0200][550,342s] GC(1680) ParNew: 88687K->1554K(109248K)
[2019-04-15T13:51:08.183+0200][550,342s] GC(1680) CMS: 322160K->322212K(393216K)
[2019-04-15T13:51:08.183+0200][550,342s] GC(1680) Metaspace: 88225K->88225K(1130496K)
[2019-04-15T13:51:08.183+0200][550,342s] GC(1680) Pause Young (Allocation Failure) 401M->316M(490M) 4,153ms
[2019-04-15T13:51:08.183+0200][550,342s] GC(1680) User=0,01s Sys=0,00s Real=0,00s
[2019-04-15T13:51:08.238+0200][550,397s] GC(1681) Pause Young (Allocation Failure)
[2019-04-15T13:51:08.238+0200][550,397s] GC(1681) Using 4 workers of 4 for evacuation
[2019-04-15T13:51:08.245+0200][550,404s] GC(1681) ParNew: 88978K->1657K(109248K)
[2019-04-15T13:51:08.245+0200][550,404s] GC(1681) CMS: 322212K->322213K(393216K)
[2019-04-15T13:51:08.245+0200][550,404s] GC(1681) Metaspace: 88225K->88225K(1130496K)
[2019-04-15T13:51:08.245+0200][550,404s] GC(1681) Pause Young (Allocation Failure) 401M->316M(490M) 6,753ms
[2019-04-15T13:51:08.245+0200][550,404s] GC(1681) User=0,02s Sys=0,00s Real=0,00s
[2019-04-15T13:51:08.301+0200][550,460s] GC(1682) Pause Young (Allocation Failure)
[2019-04-15T13:51:08.301+0200][550,460s] GC(1682) Using 4 workers of 4 for evacuation
[2019-04-15T13:51:08.309+0200][550,468s] GC(1682) ParNew: 89081K->1231K(109248K)
[2019-04-15T13:51:08.309+0200][550,468s] GC(1682) CMS: 322213K->322215K(393216K)
[2019-04-15T13:51:08.309+0200][550,468s] GC(1682) Metaspace: 88225K->88225K(1130496K)
[2019-04-15T13:51:08.309+0200][550,468s] GC(1682) Pause Young (Allocation Failure) 401M->315M(490M) 8,035ms
[2019-04-15T13:51:08.309+0200][550,468s] GC(1682) User=0,02s Sys=0,00s Real=0,01s
[2019-04-15T13:51:08.364+0200][550,523s] GC(1683) Pause Young (Allocation Failure)
[2019-04-15T13:51:08.364+0200][550,523s] GC(1683) Using 4 workers of 4 for evacuation
[2019-04-15T13:51:08.369+0200][550,528s] GC(1683) ParNew: 88655K->735K(109248K)
[2019-04-15T13:51:08.369+0200][550,528s] GC(1683) CMS: 322215K->322219K(393216K)
[2019-04-15T13:51:08.369+0200][550,528s] GC(1683) Metaspace: 88225K->88225K(1130496K)
[2019-04-15T13:51:08.369+0200][550,528s] GC(1683) Pause Young (Allocation Failure) 401M->315M(490M) 4,456ms
[2019-04-15T13:51:08.369+0200][550,528s] GC(1683) User=0,01s Sys=0,00s Real=0,01s
[2019-04-15T13:51:08.425+0200][550,584s] GC(1684) Pause Young (Allocation Failure)
[2019-04-15T13:51:08.425+0200][550,584s] GC(1684) Using 4 workers of 4 for evacuation
[2019-04-15T13:51:08.429+0200][550,588s] GC(1684) ParNew: 88159K->1121K(109248K)
[2019-04-15T13:51:08.429+0200][550,588s] GC(1684) CMS: 322219K->322271K(393216K)
[2019-04-15T13:51:08.429+0200][550,588s] GC(1684) Metaspace: 88225K->88225K(1130496K)
[2019-04-15T13:51:08.429+0200][550,588s] GC(1684) Pause Young (Allocation Failure) 400M->315M(490M) 4,524ms
[2019-04-15T13:51:08.429+0200][550,588s] GC(1684) User=0,02s Sys=0,00s Real=0,01s
[2019-04-15T13:51:08.492+0200][550,651s] GC(1685) Pause Young (Allocation Failure)
[2019-04-15T13:51:08.492+0200][550,651s] GC(1685) Using 4 workers of 4 for evacuation
[2019-04-15T13:51:08.499+0200][550,658s] GC(1685) ParNew: 88545K->1234K(109248K)
[2019-04-15T13:51:08.499+0200][550,658s] GC(1685) CMS: 322271K->322273K(393216K)
[2019-04-15T13:51:08.499+0200][550,658s] GC(1685) Metaspace: 88225K->88225K(1130496K)
[2019-04-15T13:51:08.499+0200][550,658s] GC(1685) Pause Young (Allocation Failure) 401M->315M(490M) 7,004ms
[2019-04-15T13:51:08.499+0200][550,658s] GC(1685) User=0,02s Sys=0,00s Real=0,01s
[2019-04-15T13:51:08.554+0200][550,713s] GC(1686) Pause Young (Allocation Failure)
[2019-04-15T13:51:08.554+0200][550,713s] GC(1686) Using 4 workers of 4 for evacuation
[2019-04-15T13:51:08.558+0200][550,717s] GC(1686) ParNew: 88658K->826K(109248K)
[2019-04-15T13:51:08.558+0200][550,717s] GC(1686) CMS: 322273K->322275K(393216K)
[2019-04-15T13:51:08.558+0200][550,717s] GC(1686) Metaspace: 88225K->88225K(1130496K)
[2019-04-15T13:51:08.558+0200][550,717s] GC(1686) Pause Young (Allocation Failure) 401M->315M(490M) 4,542ms
[2019-04-15T13:51:08.558+0200][550,717s] GC(1686) User=0,01s Sys=0,00s Real=0,00s
[2019-04-15T13:51:08.613+0200][550,772s] GC(1687) Pause Young (Allocation Failure)
[2019-04-15T13:51:08.613+0200][550,772s] GC(1687) Using 4 workers of 4 for evacuation
[2019-04-15T13:51:08.619+0200][550,778s] GC(1687) ParNew: 88250K->1208K(109248K)
[2019-04-15T13:51:08.619+0200][550,778s] GC(1687) CMS: 322275K->322277K(393216K)
[2019-04-15T13:51:08.619+0200][550,778s] GC(1687) Metaspace: 88225K->88225K(1130496K)
[2019-04-15T13:51:08.619+0200][550,778s] GC(1687) Pause Young (Allocation Failure) 400M->315M(490M) 5,484ms
[2019-04-15T13:51:08.619+0200][550,778s] GC(1687) User=0,02s Sys=0,00s Real=0,00s
[2019-04-15T13:51:08.673+0200][550,832s] GC(1688) Pause Young (Allocation Failure)
[2019-04-15T13:51:08.673+0200][550,832s] GC(1688) Using 4 workers of 4 for evacuation
[2019-04-15T13:51:08.678+0200][550,837s] GC(1688) ParNew: 88632K->1458K(109248K)
[2019-04-15T13:51:08.678+0200][550,837s] GC(1688) CMS: 322277K->322281K(393216K)
[2019-04-15T13:51:08.678+0200][550,837s] GC(1688) Metaspace: 88225K->88225K(1130496K)
[2019-04-15T13:51:08.678+0200][550,837s] GC(1688) Pause Young (Allocation Failure) 401M->316M(490M) 4,805ms
[2019-04-15T13:51:08.678+0200][550,837s] GC(1688) User=0,02s Sys=0,00s Real=0,00s
[2019-04-15T13:51:08.737+0200][550,896s] GC(1689) Pause Young (Allocation Failure)
[2019-04-15T13:51:08.738+0200][550,896s] GC(1689) Using 4 workers of 4 for evacuation
[2019-04-15T13:51:08.743+0200][550,902s] GC(1689) ParNew: 88882K->1012K(109248K)
[2019-04-15T13:51:08.744+0200][550,902s] GC(1689) CMS: 322281K->322282K(393216K)
[2019-04-15T13:51:08.744+0200][550,902s] GC(1689) Metaspace: 88225K->88225K(1130496K)
[2019-04-15T13:51:08.744+0200][550,902s] GC(1689) Pause Young (Allocation Failure) 401M->315M(490M) 6,065ms
[2019-04-15T13:51:08.744+0200][550,902s] GC(1689) User=0,02s Sys=0,00s Real=0,00s
[2019-04-15T13:51:08.800+0200][550,959s] GC(1690) Pause Young (Allocation Failure)
[2019-04-15T13:51:08.800+0200][550,959s] GC(1690) Using 4 workers of 4 for evacuation
[2019-04-15T13:51:08.805+0200][550,964s] GC(1690) ParNew: 88436K->1453K(109248K)
[2019-04-15T13:51:08.805+0200][550,964s] GC(1690) CMS: 322282K->322284K(393216K)
[2019-04-15T13:51:08.805+0200][550,964s] GC(1690) Metaspace: 88225K->88225K(1130496K)
[2019-04-15T13:51:08.805+0200][550,964s] GC(1690) Pause Young (Allocation Failure) 401M->316M(490M) 4,878ms
[2019-04-15T13:51:08.805+0200][550,964s] GC(1690) User=0,02s Sys=0,00s Real=0,00s
[2019-04-15T13:51:08.859+0200][551,018s] GC(1691) Pause Young (Allocation Failure)
[2019-04-15T13:51:08.859+0200][551,018s] GC(1691) Using 4 workers of 4 for evacuation
[2019-04-15T13:51:08.863+0200][551,022s] GC(1691) ParNew: 88877K->1126K(109248K)
[2019-04-15T13:51:08.863+0200][551,022s] GC(1691) CMS: 322284K->322286K(393216K)
[2019-04-15T13:51:08.863+0200][551,022s] GC(1691) Metaspace: 88225K->88225K(1130496K)
[2019-04-15T13:51:08.863+0200][551,022s] GC(1691) Pause Young (Allocation Failure) 401M->315M(490M) 4,053ms
[2019-04-15T13:51:08.863+0200][551,022s] GC(1691) User=0,01s Sys=0,00s Real=0,00s
[2019-04-15T13:51:08.918+0200][551,077s] GC(1692) Pause Young (Allocation Failure)
[2019-04-15T13:51:08.918+0200][551,077s] GC(1692) Using 4 workers of 4 for evacuation
[2019-04-15T13:51:08.922+0200][551,081s] GC(1692) ParNew: 88550K->795K(109248K)
[2019-04-15T13:51:08.922+0200][551,081s] GC(1692) CMS: 322286K->322287K(393216K)
[2019-04-15T13:51:08.922+0200][551,081s] GC(1692) Metaspace: 88225K->88225K(1130496K)
[2019-04-15T13:51:08.922+0200][551,081s] GC(1692) Pause Young (Allocation Failure) 401M->315M(490M) 3,902ms
[2019-04-15T13:51:08.922+0200][551,081s] GC(1692) User=0,01s Sys=0,00s Real=0,00s
[2019-04-15T13:51:08.977+0200][551,136s] GC(1693) Pause Young (Allocation Failure)
[2019-04-15T13:51:08.977+0200][551,136s] GC(1693) Using 4 workers of 4 for evacuation
[2019-04-15T13:51:08.981+0200][551,140s] GC(1693) ParNew: 88219K->714K(109248K)
[2019-04-15T13:51:08.981+0200][551,140s] GC(1693) CMS: 322287K->322289K(393216K)
[2019-04-15T13:51:08.981+0200][551,140s] GC(1693) Metaspace: 88225K->88225K(1130496K)
[2019-04-15T13:51:08.981+0200][551,140s] GC(1693) Pause Young (Allocation Failure) 400M->315M(490M) 3,379ms
[2019-04-15T13:51:08.981+0200][551,140s] GC(1693) User=0,01s Sys=0,00s Real=0,00s
[2019-04-15T13:51:09.042+0200][551,201s] GC(1694) Pause Young (Allocation Failure)
[2019-04-15T13:51:09.042+0200][551,201s] GC(1694) Using 4 workers of 4 for evacuation
[2019-04-15T13:51:09.047+0200][551,206s] GC(1694) ParNew: 88138K->872K(109248K)
[2019-04-15T13:51:09.047+0200][551,206s] GC(1694) CMS: 322289K->322291K(393216K)
[2019-04-15T13:51:09.047+0200][551,206s] GC(1694) Metaspace: 88225K->88225K(1130496K)
[2019-04-15T13:51:09.047+0200][551,206s] GC(1694) Pause Young (Allocation Failure) 400M->315M(490M) 4,530ms
[2019-04-15T13:51:09.047+0200][551,206s] GC(1694) User=0,01s Sys=0,00s Real=0,01s
[2019-04-15T13:51:09.152+0200][551,311s] GC(1644) Concurrent Abortable Preclean 3285,233ms
[2019-04-15T13:51:09.152+0200][551,311s] GC(1644) User=4,36s Sys=0,01s Real=3,28s
[2019-04-15T13:51:09.152+0200][551,311s] GC(1644) Pause Remark
[2019-04-15T13:51:09.152+0200][551,311s] GC(1695) Pause Young (CMS Final Remark)
[2019-04-15T13:51:09.152+0200][551,311s] GC(1695) Using 4 workers of 4 for evacuation
[2019-04-15T13:51:09.159+0200][551,318s] GC(1695) ParNew: 70605K->11349K(109248K)
[2019-04-15T13:51:09.159+0200][551,318s] GC(1695) CMS: 322291K->322293K(393216K)
[2019-04-15T13:51:09.159+0200][551,318s] GC(1695) Metaspace: 88225K->88225K(1130496K)
[2019-04-15T13:51:09.159+0200][551,318s] GC(1695) Pause Young (CMS Final Remark) 383M->325M(490M) 6,805ms
[2019-04-15T13:51:09.159+0200][551,318s] GC(1695) User=0,03s Sys=0,00s Real=0,01s
[2019-04-15T13:51:09.194+0200][551,353s] GC(1644) Pause Remark 383M->325M(490M) 41,509ms
[2019-04-15T13:51:09.194+0200][551,353s] GC(1644) User=0,07s Sys=0,00s Real=0,05s
[2019-04-15T13:51:09.194+0200][551,353s] GC(1644) Concurrent Sweep
[2019-04-15T13:51:09.226+0200][551,385s] GC(1644) Concurrent Sweep 32,070ms
[2019-04-15T13:51:09.226+0200][551,385s] GC(1644) User=0,07s Sys=0,00s Real=0,03s
[2019-04-15T13:51:09.226+0200][551,385s] GC(1644) Concurrent Reset
[2019-04-15T13:51:09.226+0200][551,385s] GC(1644) Concurrent Reset 0,301ms
[2019-04-15T13:51:09.226+0200][551,385s] GC(1644) User=0,00s Sys=0,00s Real=0,00s
[2019-04-15T13:51:09.226+0200][551,385s] GC(1644) Old: 309317K->322272K(393216K)
[2019-04-15T13:51:09.488+0200][551,646s] GC(1696) Pause Young (Allocation Failure)
[2019-04-15T13:51:09.488+0200][551,647s] GC(1696) Using 4 workers of 4 for evacuation
[2019-04-15T13:51:09.507+0200][551,666s] GC(1696) ParNew: 98773K->21824K(109248K)
[2019-04-15T13:51:09.507+0200][551,666s] GC(1696) CMS: 322272K->340238K(393216K)
[2019-04-15T13:51:09.507+0200][551,666s] GC(1696) Metaspace: 88232K->88232K(1130496K)
[2019-04-15T13:51:09.507+0200][551,666s] GC(1696) Pause Young (Allocation Failure) 411M->353M(490M) 19,868ms
[2019-04-15T13:51:09.507+0200][551,666s] GC(1696) User=0,07s Sys=0,00s Real=0,02s
[2019-04-15T13:51:09.508+0200][551,667s] GC(1697) Pause Initial Mark
[2019-04-15T13:51:09.508+0200][551,667s] GC(1697) Pause Initial Mark 354M->354M(490M) 0,856ms
[2019-04-15T13:51:09.508+0200][551,667s] GC(1697) User=0,00s Sys=0,00s Real=0,00s
[2019-04-15T13:51:09.508+0200][551,667s] GC(1697) Concurrent Mark
[2019-04-15T13:51:09.508+0200][551,667s] GC(1697) Using 4 workers of 4 for marking
[2019-04-15T13:51:09.558+0200][551,717s] GC(1697) Concurrent Mark 49,711ms
[2019-04-15T13:51:09.558+0200][551,717s] GC(1697) User=0,19s Sys=0,00s Real=0,05s
[2019-04-15T13:51:09.558+0200][551,717s] GC(1697) Concurrent Preclean
[2019-04-15T13:51:09.559+0200][551,718s] GC(1697) Concurrent Preclean 0,807ms
[2019-04-15T13:51:09.559+0200][551,718s] GC(1697) User=0,00s Sys=0,00s Real=0,00s
[2019-04-15T13:51:09.559+0200][551,718s] GC(1697) Concurrent Abortable Preclean
[2019-04-15T13:51:09.613+0200][551,772s] GC(1698) Pause Young (Allocation Failure)
[2019-04-15T13:51:09.613+0200][551,772s] GC(1698) Using 4 workers of 4 for evacuation
[2019-04-15T13:51:09.625+0200][551,784s] GC(1698) ParNew: 109248K->21824K(109248K)
[2019-04-15T13:51:09.625+0200][551,784s] GC(1698) CMS: 340238K->350487K(393216K)
[2019-04-15T13:51:09.625+0200][551,784s] GC(1698) Metaspace: 88232K->88232K(1130496K)
[2019-04-15T13:51:09.625+0200][551,784s] GC(1698) Pause Young (Allocation Failure) 438M->363M(490M) 12,188ms
[2019-04-15T13:51:09.625+0200][551,784s] GC(1698) User=0,05s Sys=0,00s Real=0,01s
[2019-04-15T13:51:09.695+0200][551,854s] GC(1699) Pause Young (Allocation Failure)
[2019-04-15T13:51:09.695+0200][551,854s] GC(1699) Using 4 workers of 4 for evacuation
[2019-04-15T13:51:09.705+0200][551,864s] GC(1699) ParNew: 109248K->21824K(109248K)
[2019-04-15T13:51:09.705+0200][551,864s] GC(1699) CMS: 350487K->351286K(393216K)
[2019-04-15T13:51:09.705+0200][551,864s] GC(1699) Metaspace: 88232K->88232K(1130496K)
[2019-04-15T13:51:09.705+0200][551,864s] GC(1699) Pause Young (Allocation Failure) 448M->364M(490M) 9,644ms
[2019-04-15T13:51:09.705+0200][551,864s] GC(1699) User=0,04s Sys=0,00s Real=0,01s
[2019-04-15T13:51:09.705+0200][551,864s] GC(1697) Concurrent Abortable Preclean 145,915ms
[2019-04-15T13:51:09.705+0200][551,864s] GC(1697) User=0,26s Sys=0,00s Real=0,15s
[2019-04-15T13:51:09.705+0200][551,864s] GC(1697) Pause Remark
[2019-04-15T13:51:09.705+0200][551,864s] GC(1700) Pause Young (CMS Final Remark)
[2019-04-15T13:51:09.705+0200][551,864s] GC(1700) Using 4 workers of 4 for evacuation
[2019-04-15T13:51:09.714+0200][551,873s] GC(1700) ParNew: 23142K->21824K(109248K)
[2019-04-15T13:51:09.714+0200][551,873s] GC(1700) CMS: 351286K->352079K(393216K)
[2019-04-15T13:51:09.714+0200][551,873s] GC(1700) Metaspace: 88232K->88232K(1130496K)
[2019-04-15T13:51:09.714+0200][551,873s] GC(1700) Pause Young (CMS Final Remark) 365M->365M(490M) 9,037ms
[2019-04-15T13:51:09.714+0200][551,873s] GC(1700) User=0,03s Sys=0,00s Real=0,01s
[2019-04-15T13:51:09.751+0200][551,910s] GC(1697) Pause Remark 365M->365M(490M) 45,936ms
[2019-04-15T13:51:09.751+0200][551,910s] GC(1697) User=0,08s Sys=0,00s Real=0,04s
[2019-04-15T13:51:09.751+0200][551,910s] GC(1697) Concurrent Sweep
[2019-04-15T13:51:09.794+0200][551,953s] GC(1697) Concurrent Sweep 42,511ms
[2019-04-15T13:51:09.794+0200][551,953s] GC(1697) User=0,08s Sys=0,00s Real=0,05s
[2019-04-15T13:51:09.794+0200][551,953s] GC(1697) Concurrent Reset
[2019-04-15T13:51:09.794+0200][551,953s] GC(1697) Concurrent Reset 0,336ms
[2019-04-15T13:51:09.794+0200][551,953s] GC(1697) User=0,00s Sys=0,00s Real=0,00s
[2019-04-15T13:51:09.794+0200][551,953s] GC(1697) Old: 340238K->237405K(393216K)
[2019-04-15T13:51:09.828+0200][551,987s] GC(1701) Pause Young (Allocation Failure)
[2019-04-15T13:51:09.828+0200][551,987s] GC(1701) Using 4 workers of 4 for evacuation
[2019-04-15T13:51:09.838+0200][551,997s] GC(1701) ParNew: 109248K->21824K(109248K)
[2019-04-15T13:51:09.838+0200][551,997s] GC(1701) CMS: 237405K->237405K(393216K)
[2019-04-15T13:51:09.838+0200][551,997s] GC(1701) Metaspace: 88232K->88232K(1130496K)
[2019-04-15T13:51:09.838+0200][551,997s] GC(1701) Pause Young (Allocation Failure) 338M->253M(490M) 10,156ms
[2019-04-15T13:51:09.838+0200][551,997s] GC(1701) User=0,03s Sys=0,01s Real=0,01s
[2019-04-15T13:51:09.838+0200][551,997s] GC(1702) Pause Initial Mark
[2019-04-15T13:51:09.839+0200][551,998s] GC(1702) Pause Initial Mark 254M->254M(490M) 1,248ms
[2019-04-15T13:51:09.839+0200][551,998s] GC(1702) User=0,00s Sys=0,00s Real=0,00s
[2019-04-15T13:51:09.840+0200][551,998s] GC(1702) Concurrent Mark
[2019-04-15T13:51:09.840+0200][551,998s] GC(1702) Using 4 workers of 4 for marking
[2019-04-15T13:51:09.883+0200][552,042s] GC(1702) Concurrent Mark 43,345ms
[2019-04-15T13:51:09.883+0200][552,042s] GC(1702) User=0,17s Sys=0,00s Real=0,04s
[2019-04-15T13:51:09.883+0200][552,042s] GC(1702) Concurrent Preclean
[2019-04-15T13:51:09.884+0200][552,043s] GC(1702) Concurrent Preclean 1,515ms
[2019-04-15T13:51:09.884+0200][552,043s] GC(1702) User=0,00s Sys=0,00s Real=0,00s
[2019-04-15T13:51:09.884+0200][552,043s] GC(1702) Concurrent Abortable Preclean
[2019-04-15T13:51:09.953+0200][552,112s] GC(1703) Pause Young (Allocation Failure)
[2019-04-15T13:51:09.953+0200][552,112s] GC(1703) Using 4 workers of 4 for evacuation
[2019-04-15T13:51:09.961+0200][552,120s] GC(1703) ParNew: 109248K->21824K(109248K)
[2019-04-15T13:51:09.961+0200][552,120s] GC(1703) CMS: 237405K->239534K(393216K)
[2019-04-15T13:51:09.961+0200][552,120s] GC(1703) Metaspace: 88232K->88232K(1130496K)
[2019-04-15T13:51:09.961+0200][552,120s] GC(1703) Pause Young (Allocation Failure) 338M->255M(490M) 8,527ms
[2019-04-15T13:51:09.961+0200][552,120s] GC(1703) User=0,03s Sys=0,00s Real=0,01s
[2019-04-15T13:51:10.036+0200][552,195s] GC(1704) Pause Young (Allocation Failure)
[2019-04-15T13:51:10.036+0200][552,195s] GC(1704) Using 4 workers of 4 for evacuation
[2019-04-15T13:51:10.053+0200][552,212s] GC(1704) ParNew: 109248K->21824K(109248K)
[2019-04-15T13:51:10.053+0200][552,212s] GC(1704) CMS: 239534K->239534K(393216K)
[2019-04-15T13:51:10.053+0200][552,212s] GC(1704) Metaspace: 88232K->88232K(1130496K)
[2019-04-15T13:51:10.053+0200][552,212s] GC(1704) Pause Young (Allocation Failure) 340M->255M(490M) 17,448ms
[2019-04-15T13:51:10.053+0200][552,212s] GC(1704) User=0,04s Sys=0,00s Real=0,02s
[2019-04-15T13:51:10.053+0200][552,212s] GC(1702) Concurrent Abortable Preclean 168,631ms
[2019-04-15T13:51:10.053+0200][552,212s] GC(1702) User=0,29s Sys=0,00s Real=0,18s
[2019-04-15T13:51:10.053+0200][552,212s] GC(1702) Pause Remark
[2019-04-15T13:51:10.053+0200][552,212s] GC(1705) Pause Young (CMS Final Remark)
[2019-04-15T13:51:10.053+0200][552,212s] GC(1705) Using 4 workers of 4 for evacuation
[2019-04-15T13:51:10.063+0200][552,222s] GC(1705) ParNew: 23455K->21535K(109248K)
[2019-04-15T13:51:10.063+0200][552,222s] GC(1705) CMS: 239534K->239534K(393216K)
[2019-04-15T13:51:10.063+0200][552,222s] GC(1705) Metaspace: 88232K->88232K(1130496K)
[2019-04-15T13:51:10.063+0200][552,222s] GC(1705) Pause Young (CMS Final Remark) 256M->254M(490M) 9,781ms
[2019-04-15T13:51:10.063+0200][552,222s] GC(1705) User=0,02s Sys=0,00s Real=0,00s
[2019-04-15T13:51:10.099+0200][552,258s] GC(1702) Pause Remark 256M->254M(490M) 46,010ms
[2019-04-15T13:51:10.099+0200][552,258s] GC(1702) User=0,07s Sys=0,00s Real=0,04s
[2019-04-15T13:51:10.099+0200][552,258s] GC(1702) Concurrent Sweep
[2019-04-15T13:51:10.158+0200][552,317s] GC(1702) Concurrent Sweep 58,620ms
[2019-04-15T13:51:10.158+0200][552,317s] GC(1702) User=0,12s Sys=0,00s Real=0,06s
[2019-04-15T13:51:10.158+0200][552,317s] GC(1702) Concurrent Reset
[2019-04-15T13:51:10.158+0200][552,317s] GC(1702) Concurrent Reset 0,357ms
[2019-04-15T13:51:10.158+0200][552,317s] GC(1702) User=0,00s Sys=0,00s Real=0,00s
[2019-04-15T13:51:10.158+0200][552,317s] GC(1702) Old: 237405K->131699K(393216K)
[2019-04-15T13:51:10.168+0200][552,327s] GC(1706) Pause Young (Allocation Failure)
[2019-04-15T13:51:10.168+0200][552,327s] GC(1706) Using 4 workers of 4 for evacuation
[2019-04-15T13:51:10.177+0200][552,336s] GC(1706) ParNew: 108959K->17113K(109248K)
[2019-04-15T13:51:10.177+0200][552,336s] GC(1706) CMS: 131699K->143090K(393216K)
[2019-04-15T13:51:10.177+0200][552,336s] GC(1706) Metaspace: 88232K->88232K(1130496K)
[2019-04-15T13:51:10.177+0200][552,336s] GC(1706) Pause Young (Allocation Failure) 235M->156M(490M) 9,286ms
[2019-04-15T13:51:10.177+0200][552,336s] GC(1706) User=0,04s Sys=0,00s Real=0,01s
[2019-04-15T13:51:10.243+0200][552,402s] GC(1707) Pause Young (Allocation Failure)
[2019-04-15T13:51:10.243+0200][552,402s] GC(1707) Using 4 workers of 4 for evacuation
[2019-04-15T13:51:10.251+0200][552,410s] GC(1707) ParNew: 104537K->5234K(109248K)
[2019-04-15T13:51:10.251+0200][552,410s] GC(1707) CMS: 143090K->147260K(393216K)
[2019-04-15T13:51:10.251+0200][552,410s] GC(1707) Metaspace: 88232K->88232K(1130496K)
[2019-04-15T13:51:10.251+0200][552,410s] GC(1707) Pause Young (Allocation Failure) 241M->148M(490M) 7,652ms
[2019-04-15T13:51:10.251+0200][552,410s] GC(1707) User=0,03s Sys=0,00s Real=0,01s
[2019-04-15T13:51:10.318+0200][552,477s] GC(1708) Pause Young (Allocation Failure)
[2019-04-15T13:51:10.318+0200][552,477s] GC(1708) Using 4 workers of 4 for evacuation
[2019-04-15T13:51:10.325+0200][552,484s] GC(1708) ParNew: 92658K->3463K(109248K)
[2019-04-15T13:51:10.325+0200][552,484s] GC(1708) CMS: 147260K->147364K(393216K)
[2019-04-15T13:51:10.325+0200][552,484s] GC(1708) Metaspace: 88232K->88232K(1130496K)
[2019-04-15T13:51:10.325+0200][552,484s] GC(1708) Pause Young (Allocation Failure) 234M->147M(490M) 7,474ms
[2019-04-15T13:51:10.325+0200][552,484s] GC(1708) User=0,01s Sys=0,00s Real=0,01s
[2019-04-15T13:51:10.394+0200][552,553s] GC(1709) Pause Young (Allocation Failure)
[2019-04-15T13:51:10.394+0200][552,553s] GC(1709) Using 4 workers of 4 for evacuation
[2019-04-15T13:51:10.401+0200][552,560s] GC(1709) ParNew: 90887K->2756K(109248K)
[2019-04-15T13:51:10.401+0200][552,560s] GC(1709) CMS: 147364K->147364K(393216K)
[2019-04-15T13:51:10.401+0200][552,560s] GC(1709) Metaspace: 88232K->88232K(1130496K)
[2019-04-15T13:51:10.401+0200][552,560s] GC(1709) Pause Young (Allocation Failure) 232M->146M(490M) 7,382ms
[2019-04-15T13:51:10.401+0200][552,560s] GC(1709) User=0,02s Sys=0,00s Real=0,00s
[2019-04-15T13:51:10.465+0200][552,624s] GC(1710) Pause Young (Allocation Failure)
[2019-04-15T13:51:10.465+0200][552,624s] GC(1710) Using 4 workers of 4 for evacuation
[2019-04-15T13:51:10.469+0200][552,628s] GC(1710) ParNew: 90180K->2845K(109248K)
[2019-04-15T13:51:10.469+0200][552,628s] GC(1710) CMS: 147364K->147368K(393216K)
[2019-04-15T13:51:10.469+0200][552,628s] GC(1710) Metaspace: 88232K->88232K(1130496K)
[2019-04-15T13:51:10.469+0200][552,628s] GC(1710) Pause Young (Allocation Failure) 231M->146M(490M) 3,950ms
[2019-04-15T13:51:10.469+0200][552,628s] GC(1710) User=0,01s Sys=0,00s Real=0,00s
[2019-04-15T13:51:10.536+0200][552,695s] GC(1711) Pause Young (Allocation Failure)
[2019-04-15T13:51:10.536+0200][552,695s] GC(1711) Using 4 workers of 4 for evacuation
[2019-04-15T13:51:10.542+0200][552,701s] GC(1711) ParNew: 90269K->3501K(109248K)
[2019-04-15T13:51:10.542+0200][552,701s] GC(1711) CMS: 147368K->147373K(393216K)
[2019-04-15T13:51:10.542+0200][552,701s] GC(1711) Metaspace: 88232K->88232K(1130496K)
[2019-04-15T13:51:10.542+0200][552,701s] GC(1711) Pause Young (Allocation Failure) 232M->147M(490M) 6,218ms
[2019-04-15T13:51:10.542+0200][552,701s] GC(1711) User=0,02s Sys=0,00s Real=0,00s
[2019-04-15T13:51:10.608+0200][552,767s] GC(1712) Pause Young (Allocation Failure)
[2019-04-15T13:51:10.608+0200][552,767s] GC(1712) Using 4 workers of 4 for evacuation
[2019-04-15T13:51:10.612+0200][552,770s] GC(1712) ParNew: 90925K->3663K(109248K)
[2019-04-15T13:51:10.612+0200][552,770s] GC(1712) CMS: 147373K->147376K(393216K)
[2019-04-15T13:51:10.612+0200][552,770s] GC(1712) Metaspace: 88232K->88232K(1130496K)
[2019-04-15T13:51:10.612+0200][552,770s] GC(1712) Pause Young (Allocation Failure) 232M->147M(490M) 3,784ms
[2019-04-15T13:51:10.612+0200][552,771s] GC(1712) User=0,02s Sys=0,00s Real=0,00s
[2019-04-15T13:51:10.678+0200][552,837s] GC(1713) Pause Young (Allocation Failure)
[2019-04-15T13:51:10.678+0200][552,837s] GC(1713) Using 4 workers of 4 for evacuation
[2019-04-15T13:51:10.684+0200][552,843s] GC(1713) ParNew: 91087K->3337K(109248K)
[2019-04-15T13:51:10.684+0200][552,843s] GC(1713) CMS: 147376K->147376K(393216K)
[2019-04-15T13:51:10.684+0200][552,843s] GC(1713) Metaspace: 88232K->88232K(1130496K)
[2019-04-15T13:51:10.684+0200][552,843s] GC(1713) Pause Young (Allocation Failure) 232M->147M(490M) 5,763ms
[2019-04-15T13:51:10.684+0200][552,843s] GC(1713) User=0,02s Sys=0,00s Real=0,00s
[2019-04-15T13:51:10.752+0200][552,910s] GC(1714) Pause Young (Allocation Failure)
[2019-04-15T13:51:10.752+0200][552,910s] GC(1714) Using 4 workers of 4 for evacuation
[2019-04-15T13:51:10.758+0200][552,917s] GC(1714) ParNew: 90761K->3662K(109248K)
[2019-04-15T13:51:10.758+0200][552,917s] GC(1714) CMS: 147376K->147378K(393216K)
[2019-04-15T13:51:10.758+0200][552,917s] GC(1714) Metaspace: 88232K->88232K(1130496K)
[2019-04-15T13:51:10.758+0200][552,917s] GC(1714) Pause Young (Allocation Failure) 232M->147M(490M) 6,679ms
[2019-04-15T13:51:10.758+0200][552,917s] GC(1714) User=0,02s Sys=0,00s Real=0,01s
[2019-04-15T13:51:10.828+0200][552,987s] GC(1715) Pause Young (Allocation Failure)
[2019-04-15T13:51:10.829+0200][552,987s] GC(1715) Using 4 workers of 4 for evacuation
[2019-04-15T13:51:10.836+0200][552,995s] GC(1715) ParNew: 91086K->3957K(109248K)
[2019-04-15T13:51:10.836+0200][552,995s] GC(1715) CMS: 147378K->147381K(393216K)
[2019-04-15T13:51:10.836+0200][552,995s] GC(1715) Metaspace: 88232K->88232K(1130496K)
[2019-04-15T13:51:10.836+0200][552,995s] GC(1715) Pause Young (Allocation Failure) 232M->147M(490M) 7,618ms
[2019-04-15T13:51:10.836+0200][552,995s] GC(1715) User=0,02s Sys=0,00s Real=0,01s
[2019-04-15T13:51:10.898+0200][553,057s] GC(1716) Pause Young (Allocation Failure)
[2019-04-15T13:51:10.898+0200][553,057s] GC(1716) Using 4 workers of 4 for evacuation
[2019-04-15T13:51:10.907+0200][553,066s] GC(1716) ParNew: 91381K->3770K(109248K)
[2019-04-15T13:51:10.907+0200][553,066s] GC(1716) CMS: 147381K->147383K(393216K)
[2019-04-15T13:51:10.907+0200][553,066s] GC(1716) Metaspace: 88232K->88232K(1130496K)
[2019-04-15T13:51:10.907+0200][553,066s] GC(1716) Pause Young (Allocation Failure) 233M->147M(490M) 9,082ms
[2019-04-15T13:51:10.907+0200][553,066s] GC(1716) User=0,02s Sys=0,00s Real=0,01s
[2019-04-15T13:51:10.976+0200][553,135s] GC(1717) Pause Young (Allocation Failure)
[2019-04-15T13:51:10.976+0200][553,135s] GC(1717) Using 4 workers of 4 for evacuation
[2019-04-15T13:51:10.985+0200][553,144s] GC(1717) ParNew: 91194K->3863K(109248K)
[2019-04-15T13:51:10.985+0200][553,144s] GC(1717) CMS: 147383K->147385K(393216K)
[2019-04-15T13:51:10.985+0200][553,144s] GC(1717) Metaspace: 88232K->88232K(1130496K)
[2019-04-15T13:51:10.985+0200][553,144s] GC(1717) Pause Young (Allocation Failure) 232M->147M(490M) 8,320ms
[2019-04-15T13:51:10.985+0200][553,144s] GC(1717) User=0,02s Sys=0,00s Real=0,00s
[2019-04-15T13:51:11.051+0200][553,210s] GC(1718) Pause Young (Allocation Failure)
[2019-04-15T13:51:11.051+0200][553,210s] GC(1718) Using 4 workers of 4 for evacuation
[2019-04-15T13:51:11.056+0200][553,214s] GC(1718) ParNew: 91287K->3535K(109248K)
[2019-04-15T13:51:11.056+0200][553,214s] GC(1718) CMS: 147385K->147408K(393216K)
[2019-04-15T13:51:11.056+0200][553,214s] GC(1718) Metaspace: 88232K->88232K(1130496K)
[2019-04-15T13:51:11.056+0200][553,214s] GC(1718) Pause Young (Allocation Failure) 233M->147M(490M) 4,636ms
[2019-04-15T13:51:11.056+0200][553,214s] GC(1718) User=0,01s Sys=0,00s Real=0,01s
[2019-04-15T13:51:11.125+0200][553,284s] GC(1719) Pause Young (Allocation Failure)
[2019-04-15T13:51:11.125+0200][553,284s] GC(1719) Using 4 workers of 4 for evacuation
[2019-04-15T13:51:11.129+0200][553,288s] GC(1719) ParNew: 90959K->1715K(109248K)
[2019-04-15T13:51:11.129+0200][553,288s] GC(1719) CMS: 147408K->149461K(393216K)
[2019-04-15T13:51:11.129+0200][553,288s] GC(1719) Metaspace: 88232K->88232K(1130496K)
[2019-04-15T13:51:11.129+0200][553,288s] GC(1719) Pause Young (Allocation Failure) 232M->147M(490M) 4,431ms
[2019-04-15T13:51:11.129+0200][553,288s] GC(1719) User=0,02s Sys=0,00s Real=0,01s
[2019-04-15T13:51:11.206+0200][553,365s] GC(1720) Pause Young (Allocation Failure)
[2019-04-15T13:51:11.206+0200][553,365s] GC(1720) Using 4 workers of 4 for evacuation
[2019-04-15T13:51:11.213+0200][553,372s] GC(1720) ParNew: 89139K->2279K(109248K)
[2019-04-15T13:51:11.213+0200][553,372s] GC(1720) CMS: 149461K->149464K(393216K)
[2019-04-15T13:51:11.213+0200][553,372s] GC(1720) Metaspace: 88232K->88232K(1130496K)
[2019-04-15T13:51:11.213+0200][553,372s] GC(1720) Pause Young (Allocation Failure) 233M->148M(490M) 7,474ms
[2019-04-15T13:51:11.213+0200][553,372s] GC(1720) User=0,02s Sys=0,00s Real=0,01s
[2019-04-15T13:51:11.292+0200][553,450s] GC(1721) Pause Young (Allocation Failure)
[2019-04-15T13:51:11.292+0200][553,451s] GC(1721) Using 4 workers of 4 for evacuation
[2019-04-15T13:51:11.299+0200][553,458s] GC(1721) ParNew: 89703K->1929K(109248K)
[2019-04-15T13:51:11.299+0200][553,458s] GC(1721) CMS: 149464K->149466K(393216K)
[2019-04-15T13:51:11.299+0200][553,458s] GC(1721) Metaspace: 88232K->88232K(1130496K)
[2019-04-15T13:51:11.299+0200][553,458s] GC(1721) Pause Young (Allocation Failure) 233M->147M(490M) 7,251ms
[2019-04-15T13:51:11.299+0200][553,458s] GC(1721) User=0,03s Sys=0,00s Real=0,01s
[2019-04-15T13:51:11.371+0200][553,530s] GC(1722) Pause Young (Allocation Failure)
[2019-04-15T13:51:11.371+0200][553,530s] GC(1722) Using 4 workers of 4 for evacuation
[2019-04-15T13:51:11.376+0200][553,535s] GC(1722) ParNew: 89353K->6444K(109248K)
[2019-04-15T13:51:11.376+0200][553,535s] GC(1722) CMS: 149466K->149533K(393216K)
[2019-04-15T13:51:11.376+0200][553,535s] GC(1722) Metaspace: 88232K->88232K(1130496K)
[2019-04-15T13:51:11.376+0200][553,535s] GC(1722) Pause Young (Allocation Failure) 233M->152M(490M) 5,408ms
[2019-04-15T13:51:11.376+0200][553,535s] GC(1722) User=0,01s Sys=0,00s Real=0,01s
[2019-04-15T13:51:11.451+0200][553,610s] GC(1723) Pause Young (Allocation Failure)
[2019-04-15T13:51:11.451+0200][553,610s] GC(1723) Using 4 workers of 4 for evacuation
[2019-04-15T13:51:11.456+0200][553,615s] GC(1723) ParNew: 93868K->5962K(109248K)
[2019-04-15T13:51:11.456+0200][553,615s] GC(1723) CMS: 149533K->149537K(393216K)
[2019-04-15T13:51:11.456+0200][553,615s] GC(1723) Metaspace: 88232K->88232K(1130496K)
[2019-04-15T13:51:11.456+0200][553,615s] GC(1723) Pause Young (Allocation Failure) 237M->151M(490M) 4,846ms
[2019-04-15T13:51:11.456+0200][553,615s] GC(1723) User=0,01s Sys=0,00s Real=0,01s
[2019-04-15T13:51:11.523+0200][553,682s] GC(1724) Pause Young (Allocation Failure)
[2019-04-15T13:51:11.523+0200][553,682s] GC(1724) Using 4 workers of 4 for evacuation
[2019-04-15T13:51:11.530+0200][553,689s] GC(1724) ParNew: 93386K->5763K(109248K)
[2019-04-15T13:51:11.530+0200][553,689s] GC(1724) CMS: 149537K->149539K(393216K)
[2019-04-15T13:51:11.530+0200][553,689s] GC(1724) Metaspace: 88232K->88232K(1130496K)
[2019-04-15T13:51:11.530+0200][553,689s] GC(1724) Pause Young (Allocation Failure) 237M->151M(490M) 7,233ms
[2019-04-15T13:51:11.530+0200][553,689s] GC(1724) User=0,02s Sys=0,00s Real=0,01s
[2019-04-15T13:51:11.594+0200][553,753s] GC(1725) Pause Young (Allocation Failure)
[2019-04-15T13:51:11.594+0200][553,753s] GC(1725) Using 4 workers of 4 for evacuation
[2019-04-15T13:51:11.599+0200][553,758s] GC(1725) ParNew: 93187K->5364K(109248K)
[2019-04-15T13:51:11.599+0200][553,758s] GC(1725) CMS: 149539K->149574K(393216K)
[2019-04-15T13:51:11.599+0200][553,758s] GC(1725) Metaspace: 88232K->88232K(1130496K)
[2019-04-15T13:51:11.599+0200][553,758s] GC(1725) Pause Young (Allocation Failure) 237M->151M(490M) 5,106ms
[2019-04-15T13:51:11.599+0200][553,758s] GC(1725) User=0,01s Sys=0,00s Real=0,00s
[2019-04-15T13:51:11.671+0200][553,830s] GC(1726) Pause Young (Allocation Failure)
[2019-04-15T13:51:11.671+0200][553,830s] GC(1726) Using 4 workers of 4 for evacuation
[2019-04-15T13:51:11.678+0200][553,836s] GC(1726) ParNew: 92788K->5941K(109248K)
[2019-04-15T13:51:11.678+0200][553,837s] GC(1726) CMS: 149574K->149577K(393216K)
[2019-04-15T13:51:11.678+0200][553,837s] GC(1726) Metaspace: 88232K->88232K(1130496K)
[2019-04-15T13:51:11.678+0200][553,837s] GC(1726) Pause Young (Allocation Failure) 236M->151M(490M) 6,486ms
[2019-04-15T13:51:11.678+0200][553,837s] GC(1726) User=0,02s Sys=0,00s Real=0,01s
[2019-04-15T13:51:11.753+0200][553,912s] GC(1727) Pause Young (Allocation Failure)
[2019-04-15T13:51:11.753+0200][553,912s] GC(1727) Using 4 workers of 4 for evacuation
[2019-04-15T13:51:11.759+0200][553,918s] GC(1727) ParNew: 93365K->6468K(109248K)
[2019-04-15T13:51:11.759+0200][553,918s] GC(1727) CMS: 149577K->149579K(393216K)
[2019-04-15T13:51:11.759+0200][553,918s] GC(1727) Metaspace: 88232K->88232K(1130496K)
[2019-04-15T13:51:11.759+0200][553,918s] GC(1727) Pause Young (Allocation Failure) 237M->152M(490M) 6,376ms
[2019-04-15T13:51:11.759+0200][553,918s] GC(1727) User=0,02s Sys=0,00s Real=0,00s
[2019-04-15T13:51:11.822+0200][553,981s] GC(1728) Pause Young (Allocation Failure)
[2019-04-15T13:51:11.822+0200][553,981s] GC(1728) Using 4 workers of 4 for evacuation
[2019-04-15T13:51:11.828+0200][553,987s] GC(1728) ParNew: 93892K->6128K(109248K)
[2019-04-15T13:51:11.828+0200][553,987s] GC(1728) CMS: 149579K->149656K(393216K)
[2019-04-15T13:51:11.828+0200][553,987s] GC(1728) Metaspace: 88232K->88232K(1130496K)
[2019-04-15T13:51:11.828+0200][553,987s] GC(1728) Pause Young (Allocation Failure) 237M->152M(490M) 6,774ms
[2019-04-15T13:51:11.828+0200][553,987s] GC(1728) User=0,02s Sys=0,00s Real=0,01s
[2019-04-15T13:51:11.900+0200][554,059s] GC(1729) Pause Young (Allocation Failure)
[2019-04-15T13:51:11.901+0200][554,059s] GC(1729) Using 4 workers of 4 for evacuation
[2019-04-15T13:51:11.909+0200][554,068s] GC(1729) ParNew: 93552K->5893K(109248K)
[2019-04-15T13:51:11.909+0200][554,068s] GC(1729) CMS: 149656K->149700K(393216K)
[2019-04-15T13:51:11.909+0200][554,068s] GC(1729) Metaspace: 88232K->88232K(1130496K)
[2019-04-15T13:51:11.909+0200][554,068s] GC(1729) Pause Young (Allocation Failure) 237M->151M(490M) 8,861ms
[2019-04-15T13:51:11.909+0200][554,068s] GC(1729) User=0,03s Sys=0,00s Real=0,01s
[2019-04-15T13:51:11.987+0200][554,146s] GC(1730) Pause Young (Allocation Failure)
[2019-04-15T13:51:11.987+0200][554,146s] GC(1730) Using 4 workers of 4 for evacuation
[2019-04-15T13:51:11.994+0200][554,153s] GC(1730) ParNew: 93317K->2170K(109248K)
[2019-04-15T13:51:11.994+0200][554,153s] GC(1730) CMS: 149700K->153803K(393216K)
[2019-04-15T13:51:11.994+0200][554,153s] GC(1730) Metaspace: 88232K->88232K(1130496K)
[2019-04-15T13:51:11.994+0200][554,153s] GC(1730) Pause Young (Allocation Failure) 237M->152M(490M) 7,076ms
[2019-04-15T13:51:11.994+0200][554,153s] GC(1730) User=0,02s Sys=0,00s Real=0,01s
[2019-04-15T13:51:12.064+0200][554,223s] GC(1731) Pause Young (Allocation Failure)
[2019-04-15T13:51:12.064+0200][554,223s] GC(1731) Using 4 workers of 4 for evacuation
[2019-04-15T13:51:12.069+0200][554,228s] GC(1731) ParNew: 89594K->2667K(109248K)
[2019-04-15T13:51:12.069+0200][554,228s] GC(1731) CMS: 153803K->153806K(393216K)
[2019-04-15T13:51:12.069+0200][554,228s] GC(1731) Metaspace: 88232K->88232K(1130496K)
[2019-04-15T13:51:12.069+0200][554,228s] GC(1731) Pause Young (Allocation Failure) 237M->152M(490M) 5,532ms
[2019-04-15T13:51:12.069+0200][554,228s] GC(1731) User=0,02s Sys=0,00s Real=0,01s
[2019-04-15T13:51:12.141+0200][554,300s] GC(1732) Pause Young (Allocation Failure)
[2019-04-15T13:51:12.141+0200][554,300s] GC(1732) Using 4 workers of 4 for evacuation
[2019-04-15T13:51:12.146+0200][554,305s] GC(1732) ParNew: 90091K->1745K(109248K)
[2019-04-15T13:51:12.146+0200][554,305s] GC(1732) CMS: 153806K->153808K(393216K)
[2019-04-15T13:51:12.146+0200][554,305s] GC(1732) Metaspace: 88232K->88232K(1130496K)
[2019-04-15T13:51:12.146+0200][554,305s] GC(1732) Pause Young (Allocation Failure) 238M->151M(490M) 5,694ms
[2019-04-15T13:51:12.146+0200][554,305s] GC(1732) User=0,02s Sys=0,00s Real=0,01s
[2019-04-15T13:51:12.224+0200][554,383s] GC(1733) Pause Young (Allocation Failure)
[2019-04-15T13:51:12.224+0200][554,383s] GC(1733) Using 4 workers of 4 for evacuation
[2019-04-15T13:51:12.231+0200][554,390s] GC(1733) ParNew: 89169K->2051K(109248K)
[2019-04-15T13:51:12.231+0200][554,390s] GC(1733) CMS: 153808K->153811K(393216K)
[2019-04-15T13:51:12.231+0200][554,390s] GC(1733) Metaspace: 88232K->88232K(1130496K)
[2019-04-15T13:51:12.231+0200][554,390s] GC(1733) Pause Young (Allocation Failure) 237M->152M(490M) 6,976ms
[2019-04-15T13:51:12.231+0200][554,390s] GC(1733) User=0,02s Sys=0,00s Real=0,01s
[2019-04-15T13:51:12.323+0200][554,482s] GC(1734) Pause Young (Allocation Failure)
[2019-04-15T13:51:12.323+0200][554,482s] GC(1734) Using 4 workers of 4 for evacuation
[2019-04-15T13:51:12.328+0200][554,487s] GC(1734) ParNew: 89475K->2723K(109248K)
[2019-04-15T13:51:12.328+0200][554,487s] GC(1734) CMS: 153811K->153874K(393216K)
[2019-04-15T13:51:12.328+0200][554,487s] GC(1734) Metaspace: 88232K->88232K(1130496K)
[2019-04-15T13:51:12.328+0200][554,487s] GC(1734) Pause Young (Allocation Failure) 237M->152M(490M) 5,470ms
[2019-04-15T13:51:12.328+0200][554,487s] GC(1734) User=0,01s Sys=0,00s Real=0,01s
[2019-04-15T13:51:12.401+0200][554,560s] GC(1735) Pause Young (Allocation Failure)
[2019-04-15T13:51:12.401+0200][554,560s] GC(1735) Using 4 workers of 4 for evacuation
[2019-04-15T13:51:12.408+0200][554,566s] GC(1735) ParNew: 90147K->3140K(109248K)
[2019-04-15T13:51:12.408+0200][554,566s] GC(1735) CMS: 153874K->153877K(393216K)
[2019-04-15T13:51:12.408+0200][554,566s] GC(1735) Metaspace: 88232K->88232K(1130496K)
[2019-04-15T13:51:12.408+0200][554,566s] GC(1735) Pause Young (Allocation Failure) 238M->153M(490M) 6,873ms
[2019-04-15T13:51:12.408+0200][554,567s] GC(1735) User=0,02s Sys=0,00s Real=0,01s
[2019-04-15T13:51:12.472+0200][554,631s] GC(1736) Pause Young (Allocation Failure)
[2019-04-15T13:51:12.472+0200][554,631s] GC(1736) Using 4 workers of 4 for evacuation
[2019-04-15T13:51:12.482+0200][554,640s] GC(1736) ParNew: 90564K->2277K(109248K)
[2019-04-15T13:51:12.482+0200][554,641s] GC(1736) CMS: 153877K->153879K(393216K)
[2019-04-15T13:51:12.482+0200][554,641s] GC(1736) Metaspace: 88232K->88232K(1130496K)
[2019-04-15T13:51:12.482+0200][554,641s] GC(1736) Pause Young (Allocation Failure) 238M->152M(490M) 9,181ms
[2019-04-15T13:51:12.482+0200][554,641s] GC(1736) User=0,03s Sys=0,00s Real=0,01s
[2019-04-15T13:51:12.628+0200][554,787s] GC(1737) Pause Young (Allocation Failure)
[2019-04-15T13:51:12.628+0200][554,787s] GC(1737) Using 4 workers of 4 for evacuation
[2019-04-15T13:51:12.635+0200][554,794s] GC(1737) ParNew: 89701K->7447K(109248K)
[2019-04-15T13:51:12.636+0200][554,794s] GC(1737) CMS: 153879K->153941K(393216K)
[2019-04-15T13:51:12.636+0200][554,794s] GC(1737) Metaspace: 88232K->88232K(1130496K)
[2019-04-15T13:51:12.636+0200][554,794s] GC(1737) Pause Young (Allocation Failure) 237M->157M(490M) 7,278ms
[2019-04-15T13:51:12.636+0200][554,794s] GC(1737) User=0,02s Sys=0,00s Real=0,01s
[2019-04-15T13:51:12.778+0200][554,937s] GC(1738) Pause Young (Allocation Failure)
[2019-04-15T13:51:12.778+0200][554,937s] GC(1738) Using 4 workers of 4 for evacuation
[2019-04-15T13:51:12.787+0200][554,946s] GC(1738) ParNew: 94871K->8876K(109248K)
[2019-04-15T13:51:12.787+0200][554,946s] GC(1738) CMS: 153941K->154025K(393216K)
[2019-04-15T13:51:12.787+0200][554,946s] GC(1738) Metaspace: 88240K->88240K(1130496K)
[2019-04-15T13:51:12.787+0200][554,946s] GC(1738) Pause Young (Allocation Failure) 242M->159M(490M) 9,117ms
[2019-04-15T13:51:12.787+0200][554,946s] GC(1738) User=0,03s Sys=0,00s Real=0,01s
[2019-04-15T13:51:13.030+0200][555,189s] GC(1739) Pause Young (Allocation Failure)
[2019-04-15T13:51:13.030+0200][555,189s] GC(1739) Using 4 workers of 4 for evacuation
[2019-04-15T13:51:13.045+0200][555,204s] GC(1739) ParNew: 96300K->7960K(109248K)
[2019-04-15T13:51:13.045+0200][555,204s] GC(1739) CMS: 154025K->154027K(393216K)
[2019-04-15T13:51:13.045+0200][555,204s] GC(1739) Metaspace: 88260K->88260K(1130496K)
[2019-04-15T13:51:13.045+0200][555,204s] GC(1739) Pause Young (Allocation Failure) 244M->158M(490M) 14,926ms
[2019-04-15T13:51:13.045+0200][555,204s] GC(1739) User=0,05s Sys=0,00s Real=0,02s
[2019-04-15T13:51:13.535+0200][555,694s] GC(1740) Pause Young (Allocation Failure)
[2019-04-15T13:51:13.535+0200][555,694s] GC(1740) Using 4 workers of 4 for evacuation
[2019-04-15T13:51:13.544+0200][555,703s] GC(1740) ParNew: 95384K->8750K(109248K)
[2019-04-15T13:51:13.544+0200][555,703s] GC(1740) CMS: 154027K->154030K(393216K)
[2019-04-15T13:51:13.544+0200][555,703s] GC(1740) Metaspace: 88519K->88519K(1130496K)
[2019-04-15T13:51:13.544+0200][555,703s] GC(1740) Pause Young (Allocation Failure) 243M->158M(490M) 8,642ms
[2019-04-15T13:51:13.544+0200][555,703s] GC(1740) User=0,02s Sys=0,00s Real=0,00s
[2019-04-15T13:51:13.667+0200][555,826s] GC(1741) Pause Young (Allocation Failure)
[2019-04-15T13:51:13.667+0200][555,826s] GC(1741) Using 4 workers of 4 for evacuation
[2019-04-15T13:51:13.674+0200][555,833s] GC(1741) ParNew: 96174K->13930K(109248K)
[2019-04-15T13:51:13.674+0200][555,833s] GC(1741) CMS: 154030K->154092K(393216K)
[2019-04-15T13:51:13.674+0200][555,833s] GC(1741) Metaspace: 88524K->88524K(1130496K)
[2019-04-15T13:51:13.674+0200][555,833s] GC(1741) Pause Young (Allocation Failure) 244M->164M(490M) 6,989ms
[2019-04-15T13:51:13.674+0200][555,833s] GC(1741) User=0,02s Sys=0,00s Real=0,01s
[2019-04-15T13:51:13.765+0200][555,924s] GC(1742) Pause Young (Allocation Failure)
[2019-04-15T13:51:13.765+0200][555,924s] GC(1742) Using 4 workers of 4 for evacuation
[2019-04-15T13:51:13.778+0200][555,936s] GC(1742) ParNew: 101354K->18123K(109248K)
[2019-04-15T13:51:13.778+0200][555,937s] GC(1742) CMS: 154092K->154094K(393216K)
[2019-04-15T13:51:13.778+0200][555,937s] GC(1742) Metaspace: 88524K->88524K(1130496K)
[2019-04-15T13:51:13.778+0200][555,937s] GC(1742) Pause Young (Allocation Failure) 249M->168M(490M) 12,995ms
[2019-04-15T13:51:13.778+0200][555,937s] GC(1742) User=0,04s Sys=0,00s Real=0,02s
[2019-04-15T13:51:13.905+0200][556,064s] GC(1743) Pause Young (Allocation Failure)
[2019-04-15T13:51:13.905+0200][556,064s] GC(1743) Using 4 workers of 4 for evacuation
[2019-04-15T13:51:13.919+0200][556,078s] GC(1743) ParNew: 105547K->21824K(109248K)
[2019-04-15T13:51:13.919+0200][556,078s] GC(1743) CMS: 154094K->154097K(393216K)
[2019-04-15T13:51:13.919+0200][556,078s] GC(1743) Metaspace: 88531K->88531K(1130496K)
[2019-04-15T13:51:13.919+0200][556,078s] GC(1743) Pause Young (Allocation Failure) 253M->171M(490M) 13,902ms
[2019-04-15T13:51:13.919+0200][556,078s] GC(1743) User=0,03s Sys=0,00s Real=0,01s
[2019-04-15T13:51:14.300+0200][556,458s] GC(1744) Pause Young (Allocation Failure)
[2019-04-15T13:51:14.300+0200][556,459s] GC(1744) Using 4 workers of 4 for evacuation
[2019-04-15T13:51:14.316+0200][556,475s] GC(1744) ParNew: 106034K->21824K(109248K)
[2019-04-15T13:51:14.316+0200][556,475s] GC(1744) CMS: 154097K->158477K(393216K)
[2019-04-15T13:51:14.316+0200][556,475s] GC(1744) Metaspace: 88569K->88569K(1130496K)
[2019-04-15T13:51:14.316+0200][556,475s] GC(1744) Pause Young (Allocation Failure) 254M->176M(490M) 16,742ms
[2019-04-15T13:51:14.316+0200][556,475s] GC(1744) User=0,05s Sys=0,00s Real=0,02s
[2019-04-15T13:51:14.449+0200][556,608s] GC(1745) Pause Young (Allocation Failure)
[2019-04-15T13:51:14.449+0200][556,608s] GC(1745) Using 4 workers of 4 for evacuation
[2019-04-15T13:51:14.469+0200][556,628s] GC(1745) ParNew: 99772K->21341K(109248K)
[2019-04-15T13:51:14.469+0200][556,628s] GC(1745) CMS: 158477K->190737K(393216K)
[2019-04-15T13:51:14.469+0200][556,628s] GC(1745) Metaspace: 88569K->88569K(1130496K)
[2019-04-15T13:51:14.469+0200][556,628s] GC(1745) Pause Young (Allocation Failure) 252M->207M(490M) 20,167ms
[2019-04-15T13:51:14.469+0200][556,628s] GC(1745) User=0,07s Sys=0,00s Real=0,02s
[2019-04-15T13:51:14.498+0200][556,657s] GC(1746) Pause Young (Allocation Failure)
[2019-04-15T13:51:14.499+0200][556,657s] GC(1746) Using 4 workers of 4 for evacuation
[2019-04-15T13:51:14.507+0200][556,666s] GC(1746) ParNew: 108765K->6889K(109248K)
[2019-04-15T13:51:14.507+0200][556,666s] GC(1746) CMS: 190737K->191129K(393216K)
[2019-04-15T13:51:14.507+0200][556,666s] GC(1746) Metaspace: 88571K->88571K(1130496K)
[2019-04-15T13:51:14.507+0200][556,666s] GC(1746) Pause Young (Allocation Failure) 292M->193M(490M) 8,483ms
[2019-04-15T13:51:14.507+0200][556,666s] GC(1746) User=0,03s Sys=0,00s Real=0,01s
[2019-04-15T13:51:14.634+0200][556,793s] GC(1747) Pause Young (Allocation Failure)
[2019-04-15T13:51:14.634+0200][556,793s] GC(1747) Using 4 workers of 4 for evacuation
[2019-04-15T13:51:14.640+0200][556,799s] GC(1747) ParNew: 94313K->9608K(109248K)
[2019-04-15T13:51:14.640+0200][556,799s] GC(1747) CMS: 191129K->192113K(393216K)
[2019-04-15T13:51:14.640+0200][556,799s] GC(1747) Metaspace: 88576K->88576K(1130496K)
[2019-04-15T13:51:14.640+0200][556,799s] GC(1747) Pause Young (Allocation Failure) 278M->196M(490M) 6,527ms
[2019-04-15T13:51:14.641+0200][556,799s] GC(1747) User=0,02s Sys=0,00s Real=0,00s
[2019-04-15T13:51:14.764+0200][556,923s] GC(1748) Pause Young (Allocation Failure)
[2019-04-15T13:51:14.764+0200][556,923s] GC(1748) Using 4 workers of 4 for evacuation
[2019-04-15T13:51:14.770+0200][556,929s] GC(1748) ParNew: 97032K->7812K(109248K)
[2019-04-15T13:51:14.770+0200][556,929s] GC(1748) CMS: 192113K->193275K(393216K)
[2019-04-15T13:51:14.770+0200][556,929s] GC(1748) Metaspace: 88687K->88687K(1130496K)
[2019-04-15T13:51:14.770+0200][556,929s] GC(1748) Pause Young (Allocation Failure) 282M->196M(490M) 6,016ms
[2019-04-15T13:51:14.770+0200][556,929s] GC(1748) User=0,03s Sys=0,00s Real=0,01s
[2019-04-15T13:51:14.991+0200][557,150s] GC(1749) Pause Young (Allocation Failure)
[2019-04-15T13:51:14.991+0200][557,150s] GC(1749) Using 4 workers of 4 for evacuation
[2019-04-15T13:51:15.002+0200][557,161s] GC(1749) ParNew: 95236K->8235K(109248K)
[2019-04-15T13:51:15.002+0200][557,161s] GC(1749) CMS: 193275K->195163K(393216K)
[2019-04-15T13:51:15.002+0200][557,161s] GC(1749) Metaspace: 89303K->89303K(1130496K)
[2019-04-15T13:51:15.002+0200][557,161s] GC(1749) Pause Young (Allocation Failure) 281M->198M(490M) 11,065ms
[2019-04-15T13:51:15.002+0200][557,161s] GC(1749) User=0,04s Sys=0,00s Real=0,01s
[2019-04-15T13:51:15.111+0200][557,270s] GC(1750) Pause Young (Allocation Failure)
[2019-04-15T13:51:15.111+0200][557,270s] GC(1750) Using 4 workers of 4 for evacuation
[2019-04-15T13:51:15.120+0200][557,279s] GC(1750) ParNew: 95659K->9689K(109248K)
[2019-04-15T13:51:15.120+0200][557,279s] GC(1750) CMS: 195163K->195282K(393216K)
[2019-04-15T13:51:15.120+0200][557,279s] GC(1750) Metaspace: 89319K->89319K(1130496K)
[2019-04-15T13:51:15.120+0200][557,279s] GC(1750) Pause Young (Allocation Failure) 284M->200M(490M) 9,497ms
[2019-04-15T13:51:15.120+0200][557,279s] GC(1750) User=0,03s Sys=0,00s Real=0,01s
[2019-04-15T13:51:15.213+0200][557,371s] GC(1751) Pause Young (Allocation Failure)
[2019-04-15T13:51:15.213+0200][557,372s] GC(1751) Using 4 workers of 4 for evacuation
[2019-04-15T13:51:15.218+0200][557,377s] GC(1751) ParNew: 97113K->2960K(109248K)
[2019-04-15T13:51:15.218+0200][557,377s] GC(1751) CMS: 195282K->196107K(393216K)
[2019-04-15T13:51:15.218+0200][557,377s] GC(1751) Metaspace: 89356K->89356K(1130496K)
[2019-04-15T13:51:15.218+0200][557,377s] GC(1751) Pause Young (Allocation Failure) 285M->194M(490M) 5,346ms
[2019-04-15T13:51:15.218+0200][557,377s] GC(1751) User=0,01s Sys=0,00s Real=0,01s
[2019-04-15T13:51:15.326+0200][557,485s] GC(1752) Pause Young (Allocation Failure)
[2019-04-15T13:51:15.326+0200][557,485s] GC(1752) Using 4 workers of 4 for evacuation
[2019-04-15T13:51:15.343+0200][557,502s] GC(1752) ParNew: 90384K->12788K(109248K)
[2019-04-15T13:51:15.343+0200][557,502s] GC(1752) CMS: 196107K->196445K(393216K)
[2019-04-15T13:51:15.343+0200][557,502s] GC(1752) Metaspace: 89356K->89356K(1130496K)
[2019-04-15T13:51:15.343+0200][557,502s] GC(1752) Pause Young (Allocation Failure) 279M->204M(490M) 17,238ms
[2019-04-15T13:51:15.343+0200][557,502s] GC(1752) User=0,06s Sys=0,00s Real=0,01s
[2019-04-15T13:51:15.410+0200][557,569s] GC(1753) Pause Young (Allocation Failure)
[2019-04-15T13:51:15.410+0200][557,569s] GC(1753) Using 4 workers of 4 for evacuation
[2019-04-15T13:51:15.419+0200][557,578s] GC(1753) ParNew: 100212K->18585K(109248K)
[2019-04-15T13:51:15.419+0200][557,578s] GC(1753) CMS: 196445K->196445K(393216K)
[2019-04-15T13:51:15.419+0200][557,578s] GC(1753) Metaspace: 89356K->89356K(1130496K)
[2019-04-15T13:51:15.419+0200][557,578s] GC(1753) Pause Young (Allocation Failure) 289M->209M(490M) 9,007ms
[2019-04-15T13:51:15.419+0200][557,578s] GC(1753) User=0,03s Sys=0,01s Real=0,01s
[2019-04-15T13:51:15.492+0200][557,651s] GC(1754) Pause Young (Allocation Failure)
[2019-04-15T13:51:15.492+0200][557,651s] GC(1754) Using 4 workers of 4 for evacuation
[2019-04-15T13:51:15.501+0200][557,660s] GC(1754) ParNew: 106009K->17079K(109248K)
[2019-04-15T13:51:15.501+0200][557,660s] GC(1754) CMS: 196445K->196445K(393216K)
[2019-04-15T13:51:15.501+0200][557,660s] GC(1754) Metaspace: 89356K->89356K(1130496K)
[2019-04-15T13:51:15.501+0200][557,660s] GC(1754) Pause Young (Allocation Failure) 295M->208M(490M) 8,326ms
[2019-04-15T13:51:15.501+0200][557,660s] GC(1754) User=0,03s Sys=0,00s Real=0,01s
[2019-04-15T13:51:15.566+0200][557,724s] GC(1755) Pause Young (Allocation Failure)
[2019-04-15T13:51:15.566+0200][557,724s] GC(1755) Using 4 workers of 4 for evacuation
[2019-04-15T13:51:15.574+0200][557,733s] GC(1755) ParNew: 104503K->16169K(109248K)
[2019-04-15T13:51:15.574+0200][557,733s] GC(1755) CMS: 196445K->196491K(393216K)
[2019-04-15T13:51:15.574+0200][557,733s] GC(1755) Metaspace: 89356K->89356K(1130496K)
[2019-04-15T13:51:15.574+0200][557,733s] GC(1755) Pause Young (Allocation Failure) 293M->207M(490M) 8,782ms
[2019-04-15T13:51:15.574+0200][557,733s] GC(1755) User=0,03s Sys=0,00s Real=0,01s
[2019-04-15T13:51:15.641+0200][557,800s] GC(1756) Pause Young (Allocation Failure)
[2019-04-15T13:51:15.641+0200][557,800s] GC(1756) Using 4 workers of 4 for evacuation
[2019-04-15T13:51:15.650+0200][557,809s] GC(1756) ParNew: 103593K->16733K(109248K)
[2019-04-15T13:51:15.650+0200][557,809s] GC(1756) CMS: 196491K->196660K(393216K)
[2019-04-15T13:51:15.650+0200][557,809s] GC(1756) Metaspace: 89356K->89356K(1130496K)
[2019-04-15T13:51:15.650+0200][557,809s] GC(1756) Pause Young (Allocation Failure) 293M->208M(490M) 9,321ms
[2019-04-15T13:51:15.650+0200][557,809s] GC(1756) User=0,03s Sys=0,00s Real=0,01s
[2019-04-15T13:51:15.651+0200][557,810s] GC(1757) Pause Initial Mark
[2019-04-15T13:51:15.653+0200][557,812s] GC(1757) Pause Initial Mark 209M->209M(490M) 2,274ms
[2019-04-15T13:51:15.653+0200][557,812s] GC(1757) User=0,01s Sys=0,00s Real=0,01s
[2019-04-15T13:51:15.653+0200][557,812s] GC(1757) Concurrent Mark
[2019-04-15T13:51:15.653+0200][557,812s] GC(1757) Using 4 workers of 4 for marking
[2019-04-15T13:51:15.701+0200][557,860s] GC(1757) Concurrent Mark 47,917ms
[2019-04-15T13:51:15.701+0200][557,860s] GC(1757) User=0,18s Sys=0,00s Real=0,04s
[2019-04-15T13:51:15.701+0200][557,860s] GC(1757) Concurrent Preclean
[2019-04-15T13:51:15.702+0200][557,861s] GC(1757) Concurrent Preclean 0,798ms
[2019-04-15T13:51:15.702+0200][557,861s] GC(1757) User=0,00s Sys=0,00s Real=0,00s
[2019-04-15T13:51:15.702+0200][557,861s] GC(1757) Concurrent Abortable Preclean
[2019-04-15T13:51:15.754+0200][557,913s] GC(1758) Pause Young (Allocation Failure)
[2019-04-15T13:51:15.754+0200][557,913s] GC(1758) Using 4 workers of 4 for evacuation
[2019-04-15T13:51:15.766+0200][557,925s] GC(1758) ParNew: 104157K->13174K(109248K)
[2019-04-15T13:51:15.766+0200][557,925s] GC(1758) CMS: 196660K->197019K(393216K)
[2019-04-15T13:51:15.766+0200][557,925s] GC(1758) Metaspace: 89356K->89356K(1130496K)
[2019-04-15T13:51:15.766+0200][557,925s] GC(1758) Pause Young (Allocation Failure) 293M->205M(490M) 11,598ms
[2019-04-15T13:51:15.766+0200][557,925s] GC(1758) User=0,03s Sys=0,00s Real=0,01s
[2019-04-15T13:51:15.875+0200][558,034s] GC(1759) Pause Young (Allocation Failure)
[2019-04-15T13:51:15.875+0200][558,034s] GC(1759) Using 4 workers of 4 for evacuation
[2019-04-15T13:51:15.885+0200][558,044s] GC(1759) ParNew: 100598K->21824K(109248K)
[2019-04-15T13:51:15.885+0200][558,044s] GC(1759) CMS: 197019K->198062K(393216K)
[2019-04-15T13:51:15.885+0200][558,044s] GC(1759) Metaspace: 89377K->89377K(1130496K)
[2019-04-15T13:51:15.885+0200][558,044s] GC(1759) Pause Young (Allocation Failure) 290M->214M(490M) 9,558ms
[2019-04-15T13:51:15.885+0200][558,044s] GC(1759) User=0,04s Sys=0,00s Real=0,01s
[2019-04-15T13:51:16.082+0200][558,241s] GC(1757) Concurrent Abortable Preclean 379,886ms
[2019-04-15T13:51:16.082+0200][558,241s] GC(1757) User=0,82s Sys=0,05s Real=0,38s
[2019-04-15T13:51:16.082+0200][558,241s] GC(1757) Pause Remark
[2019-04-15T13:51:16.138+0200][558,297s] GC(1757) Pause Remark 296M->296M(490M) 56,096ms
[2019-04-15T13:51:16.138+0200][558,297s] GC(1757) User=0,12s Sys=0,00s Real=0,06s
[2019-04-15T13:51:16.138+0200][558,297s] GC(1757) Concurrent Sweep
[2019-04-15T13:51:16.138+0200][558,297s] GC(1760) Pause Young (GCLocker Initiated GC)
[2019-04-15T13:51:16.138+0200][558,297s] GC(1760) Using 4 workers of 4 for evacuation
[2019-04-15T13:51:16.151+0200][558,310s] GC(1760) ParNew: 105307K->20769K(109248K)
[2019-04-15T13:51:16.151+0200][558,310s] GC(1760) CMS: 198062K->204971K(393216K)
[2019-04-15T13:51:16.151+0200][558,310s] GC(1760) Metaspace: 89389K->89389K(1130496K)
[2019-04-15T13:51:16.151+0200][558,310s] GC(1760) Pause Young (GCLocker Initiated GC) 296M->220M(490M) 12,879ms
[2019-04-15T13:51:16.151+0200][558,310s] GC(1760) User=0,04s Sys=0,00s Real=0,01s
[2019-04-15T13:51:16.185+0200][558,344s] GC(1757) Concurrent Sweep 46,689ms
[2019-04-15T13:51:16.185+0200][558,344s] GC(1757) User=0,11s Sys=0,00s Real=0,04s
[2019-04-15T13:51:16.185+0200][558,344s] GC(1757) Concurrent Reset
[2019-04-15T13:51:16.185+0200][558,344s] GC(1757) Concurrent Reset 0,507ms
[2019-04-15T13:51:16.185+0200][558,344s] GC(1757) User=0,01s Sys=0,00s Real=0,01s
[2019-04-15T13:51:16.185+0200][558,344s] GC(1757) Old: 196660K->144717K(393216K)
[2019-04-15T13:51:16.285+0200][558,444s] GC(1761) Pause Young (Allocation Failure)
[2019-04-15T13:51:16.285+0200][558,444s] GC(1761) Using 4 workers of 4 for evacuation
[2019-04-15T13:51:16.300+0200][558,459s] GC(1761) ParNew: 108193K->14570K(109248K)
[2019-04-15T13:51:16.300+0200][558,459s] GC(1761) CMS: 144717K->144717K(393216K)
[2019-04-15T13:51:16.300+0200][558,459s] GC(1761) Metaspace: 89389K->89389K(1130496K)
[2019-04-15T13:51:16.300+0200][558,459s] GC(1761) Pause Young (Allocation Failure) 246M->155M(490M) 15,176ms
[2019-04-15T13:51:16.300+0200][558,459s] GC(1761) User=0,05s Sys=0,00s Real=0,02s
[2019-04-15T13:51:16.457+0200][558,616s] GC(1762) Pause Young (Allocation Failure)
[2019-04-15T13:51:16.457+0200][558,616s] GC(1762) Using 4 workers of 4 for evacuation
[2019-04-15T13:51:16.472+0200][558,631s] GC(1762) ParNew: 101994K->21824K(109248K)
[2019-04-15T13:51:16.472+0200][558,631s] GC(1762) CMS: 144717K->168630K(393216K)
[2019-04-15T13:51:16.472+0200][558,631s] GC(1762) Metaspace: 89389K->89389K(1130496K)
[2019-04-15T13:51:16.472+0200][558,631s] GC(1762) Pause Young (Allocation Failure) 240M->185M(490M) 15,712ms
[2019-04-15T13:51:16.472+0200][558,631s] GC(1762) User=0,05s Sys=0,01s Real=0,01s
[2019-04-15T13:51:16.705+0200][558,864s] GC(1763) Pause Young (Allocation Failure)
[2019-04-15T13:51:16.705+0200][558,864s] GC(1763) Using 4 workers of 4 for evacuation
[2019-04-15T13:51:16.731+0200][558,890s] GC(1763) ParNew: 109248K->21824K(109248K)
[2019-04-15T13:51:16.731+0200][558,890s] GC(1763) CMS: 168630K->221523K(393216K)
[2019-04-15T13:51:16.731+0200][558,890s] GC(1763) Metaspace: 89395K->89395K(1130496K)
[2019-04-15T13:51:16.731+0200][558,890s] GC(1763) Pause Young (Allocation Failure) 271M->237M(490M) 25,882ms
[2019-04-15T13:51:16.731+0200][558,890s] GC(1763) User=0,06s Sys=0,00s Real=0,03s
[2019-04-15T13:51:16.731+0200][558,890s] GC(1764) Pause Initial Mark
[2019-04-15T13:51:16.732+0200][558,891s] GC(1764) Pause Initial Mark 238M->238M(490M) 0,772ms
[2019-04-15T13:51:16.732+0200][558,891s] GC(1764) User=0,00s Sys=0,00s Real=0,00s
[2019-04-15T13:51:16.732+0200][558,891s] GC(1764) Concurrent Mark
[2019-04-15T13:51:16.732+0200][558,891s] GC(1764) Using 4 workers of 4 for marking
[2019-04-15T13:51:16.784+0200][558,943s] GC(1764) Concurrent Mark 52,236ms
[2019-04-15T13:51:16.784+0200][558,943s] GC(1764) User=0,17s Sys=0,01s Real=0,05s
[2019-04-15T13:51:16.784+0200][558,943s] GC(1764) Concurrent Preclean
[2019-04-15T13:51:16.785+0200][558,944s] GC(1764) Concurrent Preclean 1,015ms
[2019-04-15T13:51:16.785+0200][558,944s] GC(1764) User=0,00s Sys=0,00s Real=0,01s
[2019-04-15T13:51:16.785+0200][558,944s] GC(1764) Concurrent Abortable Preclean
[2019-04-15T13:51:17.015+0200][559,174s] GC(1765) Pause Young (Allocation Failure)
[2019-04-15T13:51:17.015+0200][559,174s] GC(1765) Using 4 workers of 4 for evacuation
[2019-04-15T13:51:17.043+0200][559,201s] GC(1765) ParNew: 109248K->21824K(109248K)
[2019-04-15T13:51:17.043+0200][559,201s] GC(1765) CMS: 221523K->269879K(393216K)
[2019-04-15T13:51:17.043+0200][559,201s] GC(1765) Metaspace: 89395K->89395K(1130496K)
[2019-04-15T13:51:17.043+0200][559,201s] GC(1765) Pause Young (Allocation Failure) 323M->284M(490M) 27,581ms
[2019-04-15T13:51:17.043+0200][559,202s] GC(1765) User=0,05s Sys=0,00s Real=0,02s
[2019-04-15T13:51:17.271+0200][559,430s] GC(1764) Concurrent Abortable Preclean 486,087ms
[2019-04-15T13:51:17.271+0200][559,430s] GC(1764) User=0,35s Sys=0,22s Real=0,48s
[2019-04-15T13:51:17.271+0200][559,430s] GC(1764) Pause Remark
[2019-04-15T13:51:17.271+0200][559,430s] GC(1766) Pause Young (CMS Final Remark)
[2019-04-15T13:51:17.271+0200][559,430s] GC(1766) Using 4 workers of 4 for evacuation
[2019-04-15T13:51:17.294+0200][559,453s] GC(1766) ParNew: 103262K->21824K(109248K)
[2019-04-15T13:51:17.294+0200][559,453s] GC(1766) CMS: 269879K->308171K(393216K)
[2019-04-15T13:51:17.294+0200][559,453s] GC(1766) Metaspace: 89395K->89395K(1130496K)
[2019-04-15T13:51:17.294+0200][559,453s] GC(1766) Pause Young (CMS Final Remark) 364M->322M(490M) 22,640ms
[2019-04-15T13:51:17.294+0200][559,453s] GC(1766) User=0,05s Sys=0,00s Real=0,03s
[2019-04-15T13:51:17.327+0200][559,486s] GC(1764) Pause Remark 364M->322M(490M) 55,734ms
[2019-04-15T13:51:17.327+0200][559,486s] GC(1764) User=0,08s Sys=0,00s Real=0,06s
[2019-04-15T13:51:17.327+0200][559,486s] GC(1764) Concurrent Sweep
[2019-04-15T13:51:17.387+0200][559,546s] GC(1764) Concurrent Sweep 59,552ms
[2019-04-15T13:51:17.387+0200][559,546s] GC(1764) User=0,13s Sys=0,01s Real=0,06s
[2019-04-15T13:51:17.387+0200][559,546s] GC(1764) Concurrent Reset
[2019-04-15T13:51:17.387+0200][559,546s] GC(1764) Concurrent Reset 0,366ms
[2019-04-15T13:51:17.387+0200][559,546s] GC(1764) User=0,00s Sys=0,00s Real=0,00s
[2019-04-15T13:51:17.387+0200][559,546s] GC(1764) Old: 221523K->267530K(393216K)
[2019-04-15T13:51:17.416+0200][559,575s] GC(1767) Pause Young (Allocation Failure)
[2019-04-15T13:51:17.416+0200][559,575s] GC(1767) Using 4 workers of 4 for evacuation
[2019-04-15T13:51:17.428+0200][559,587s] GC(1767) ParNew: 109248K->21748K(109248K)
[2019-04-15T13:51:17.428+0200][559,587s] GC(1767) CMS: 267530K->289000K(393216K)
[2019-04-15T13:51:17.428+0200][559,587s] GC(1767) Metaspace: 89395K->89395K(1130496K)
[2019-04-15T13:51:17.428+0200][559,587s] GC(1767) Pause Young (Allocation Failure) 367M->303M(490M) 11,846ms
[2019-04-15T13:51:17.428+0200][559,587s] GC(1767) User=0,04s Sys=0,00s Real=0,01s
[2019-04-15T13:51:17.428+0200][559,587s] GC(1768) Pause Initial Mark
[2019-04-15T13:51:17.430+0200][559,589s] GC(1768) Pause Initial Mark 304M->304M(490M) 1,633ms
[2019-04-15T13:51:17.430+0200][559,589s] GC(1768) User=0,00s Sys=0,00s Real=0,00s
[2019-04-15T13:51:17.430+0200][559,589s] GC(1768) Concurrent Mark
[2019-04-15T13:51:17.430+0200][559,589s] GC(1768) Using 4 workers of 4 for marking
[2019-04-15T13:51:17.468+0200][559,627s] GC(1768) Concurrent Mark 38,252ms
[2019-04-15T13:51:17.468+0200][559,627s] GC(1768) User=0,15s Sys=0,00s Real=0,04s
[2019-04-15T13:51:17.468+0200][559,627s] GC(1768) Concurrent Preclean
[2019-04-15T13:51:17.469+0200][559,628s] GC(1768) Concurrent Preclean 0,720ms
[2019-04-15T13:51:17.469+0200][559,628s] GC(1768) User=0,00s Sys=0,00s Real=0,00s
[2019-04-15T13:51:17.469+0200][559,628s] GC(1768) Concurrent Abortable Preclean
[2019-04-15T13:51:17.526+0200][559,685s] GC(1769) Pause Young (Allocation Failure)
[2019-04-15T13:51:17.526+0200][559,685s] GC(1769) Using 4 workers of 4 for evacuation
[2019-04-15T13:51:17.533+0200][559,692s] GC(1769) ParNew: 109172K->17187K(109248K)
[2019-04-15T13:51:17.533+0200][559,692s] GC(1769) CMS: 289000K->289000K(393216K)
[2019-04-15T13:51:17.533+0200][559,692s] GC(1769) Metaspace: 89395K->89395K(1130496K)
[2019-04-15T13:51:17.533+0200][559,692s] GC(1769) Pause Young (Allocation Failure) 388M->299M(490M) 7,366ms
[2019-04-15T13:51:17.533+0200][559,692s] GC(1769) User=0,02s Sys=0,00s Real=0,01s
[2019-04-15T13:51:17.618+0200][559,777s] GC(1768) Concurrent Abortable Preclean 149,008ms
[2019-04-15T13:51:17.618+0200][559,777s] GC(1768) User=0,27s Sys=0,00s Real=0,15s
[2019-04-15T13:51:17.618+0200][559,777s] GC(1768) Pause Remark
[2019-04-15T13:51:17.618+0200][559,777s] GC(1770) Pause Young (CMS Final Remark)
[2019-04-15T13:51:17.618+0200][559,777s] GC(1770) Using 4 workers of 4 for evacuation
[2019-04-15T13:51:17.622+0200][559,781s] GC(1770) ParNew: 62981K->12077K(109248K)
[2019-04-15T13:51:17.622+0200][559,781s] GC(1770) CMS: 289000K->289000K(393216K)
[2019-04-15T13:51:17.622+0200][559,781s] GC(1770) Metaspace: 89396K->89396K(1130496K)
[2019-04-15T13:51:17.623+0200][559,781s] GC(1770) Pause Young (CMS Final Remark) 343M->294M(490M) 4,553ms
[2019-04-15T13:51:17.623+0200][559,781s] GC(1770) User=0,01s Sys=0,00s Real=0,00s
[2019-04-15T13:51:17.663+0200][559,822s] GC(1768) Pause Remark 343M->294M(490M) 45,518ms
[2019-04-15T13:51:17.663+0200][559,822s] GC(1768) User=0,06s Sys=0,00s Real=0,04s
[2019-04-15T13:51:17.664+0200][559,822s] GC(1768) Concurrent Sweep
[2019-04-15T13:51:17.714+0200][559,873s] GC(1768) Concurrent Sweep 50,615ms
[2019-04-15T13:51:17.714+0200][559,873s] GC(1768) User=0,11s Sys=0,02s Real=0,06s
[2019-04-15T13:51:17.714+0200][559,873s] GC(1768) Concurrent Reset
[2019-04-15T13:51:17.715+0200][559,874s] GC(1768) Concurrent Reset 0,701ms
[2019-04-15T13:51:17.715+0200][559,874s] GC(1768) User=0,01s Sys=0,00s Real=0,00s
[2019-04-15T13:51:17.715+0200][559,874s] GC(1768) Old: 289000K->176844K(393216K)
[2019-04-15T13:51:17.840+0200][559,999s] GC(1771) Pause Young (Allocation Failure)
[2019-04-15T13:51:17.840+0200][559,999s] GC(1771) Using 4 workers of 4 for evacuation
[2019-04-15T13:51:17.853+0200][560,012s] GC(1771) ParNew: 99501K->13671K(109248K)
[2019-04-15T13:51:17.853+0200][560,012s] GC(1771) CMS: 176844K->176844K(393216K)
[2019-04-15T13:51:17.853+0200][560,012s] GC(1771) Metaspace: 89413K->89413K(1130496K)
[2019-04-15T13:51:17.853+0200][560,012s] GC(1771) Pause Young (Allocation Failure) 269M->186M(490M) 13,238ms
[2019-04-15T13:51:17.853+0200][560,012s] GC(1771) User=0,05s Sys=0,00s Real=0,02s
[2019-04-15T13:51:17.982+0200][560,141s] GC(1772) Pause Young (Allocation Failure)
[2019-04-15T13:51:17.982+0200][560,141s] GC(1772) Using 4 workers of 4 for evacuation
[2019-04-15T13:51:17.989+0200][560,148s] GC(1772) ParNew: 101095K->13125K(109248K)
[2019-04-15T13:51:17.989+0200][560,148s] GC(1772) CMS: 176844K->176844K(393216K)
[2019-04-15T13:51:17.989+0200][560,148s] GC(1772) Metaspace: 89421K->89421K(1130496K)
[2019-04-15T13:51:17.989+0200][560,148s] GC(1772) Pause Young (Allocation Failure) 271M->185M(490M) 6,996ms
[2019-04-15T13:51:17.989+0200][560,148s] GC(1772) User=0,02s Sys=0,00s Real=0,01s
[2019-04-15T13:51:18.165+0200][560,324s] GC(1773) Pause Young (Allocation Failure)
[2019-04-15T13:51:18.165+0200][560,324s] GC(1773) Using 4 workers of 4 for evacuation
[2019-04-15T13:51:18.172+0200][560,331s] GC(1773) ParNew: 100549K->9891K(109248K)
[2019-04-15T13:51:18.172+0200][560,331s] GC(1773) CMS: 176844K->176844K(393216K)
[2019-04-15T13:51:18.172+0200][560,331s] GC(1773) Metaspace: 89431K->89431K(1130496K)
[2019-04-15T13:51:18.172+0200][560,331s] GC(1773) Pause Young (Allocation Failure) 270M->182M(490M) 7,231ms
[2019-04-15T13:51:18.172+0200][560,331s] GC(1773) User=0,03s Sys=0,00s Real=0,00s
[2019-04-15T13:51:18.259+0200][560,418s] GC(1774) Pause Young (Allocation Failure)
[2019-04-15T13:51:18.259+0200][560,418s] GC(1774) Using 4 workers of 4 for evacuation
[2019-04-15T13:51:18.268+0200][560,427s] GC(1774) ParNew: 97315K->15199K(109248K)
[2019-04-15T13:51:18.268+0200][560,427s] GC(1774) CMS: 176844K->176844K(393216K)
[2019-04-15T13:51:18.268+0200][560,427s] GC(1774) Metaspace: 89446K->89446K(1130496K)
[2019-04-15T13:51:18.268+0200][560,427s] GC(1774) Pause Young (Allocation Failure) 267M->187M(490M) 8,859ms
[2019-04-15T13:51:18.268+0200][560,427s] GC(1774) User=0,03s Sys=0,00s Real=0,01s
[2019-04-15T13:51:18.328+0200][560,486s] GC(1775) Pause Young (Allocation Failure)
[2019-04-15T13:51:18.328+0200][560,486s] GC(1775) Using 4 workers of 4 for evacuation
[2019-04-15T13:51:18.337+0200][560,496s] GC(1775) ParNew: 102623K->13794K(109248K)
[2019-04-15T13:51:18.337+0200][560,496s] GC(1775) CMS: 176844K->176844K(393216K)
[2019-04-15T13:51:18.337+0200][560,496s] GC(1775) Metaspace: 89464K->89464K(1130496K)
[2019-04-15T13:51:18.337+0200][560,496s] GC(1775) Pause Young (Allocation Failure) 272M->186M(490M) 9,261ms
[2019-04-15T13:51:18.337+0200][560,496s] GC(1775) User=0,03s Sys=0,00s Real=0,01s
[2019-04-15T13:51:18.435+0200][560,594s] GC(1776) Pause Young (Allocation Failure)
[2019-04-15T13:51:18.435+0200][560,594s] GC(1776) Using 4 workers of 4 for evacuation
[2019-04-15T13:51:18.446+0200][560,605s] GC(1776) ParNew: 101218K->4927K(109248K)
[2019-04-15T13:51:18.446+0200][560,605s] GC(1776) CMS: 176844K->181781K(393216K)
[2019-04-15T13:51:18.446+0200][560,605s] GC(1776) Metaspace: 89465K->89465K(1130496K)
[2019-04-15T13:51:18.446+0200][560,605s] GC(1776) Pause Young (Allocation Failure) 271M->182M(490M) 10,468ms
[2019-04-15T13:51:18.446+0200][560,605s] GC(1776) User=0,03s Sys=0,00s Real=0,01s
[2019-04-15T13:51:18.602+0200][560,761s] GC(1777) Pause Young (Allocation Failure)
[2019-04-15T13:51:18.602+0200][560,761s] GC(1777) Using 4 workers of 4 for evacuation
[2019-04-15T13:51:18.623+0200][560,782s] GC(1777) ParNew: 92351K->18063K(109248K)
[2019-04-15T13:51:18.623+0200][560,782s] GC(1777) CMS: 181781K->181781K(393216K)
[2019-04-15T13:51:18.623+0200][560,782s] GC(1777) Metaspace: 89465K->89465K(1130496K)
[2019-04-15T13:51:18.623+0200][560,782s] GC(1777) Pause Young (Allocation Failure) 267M->195M(490M) 21,042ms
[2019-04-15T13:51:18.623+0200][560,782s] GC(1777) User=0,07s Sys=0,00s Real=0,02s
[2019-04-15T13:51:18.857+0200][561,016s] GC(1778) Pause Young (Allocation Failure)
[2019-04-15T13:51:18.857+0200][561,016s] GC(1778) Using 4 workers of 4 for evacuation
[2019-04-15T13:51:18.872+0200][561,031s] GC(1778) ParNew: 105065K->21824K(109248K)
[2019-04-15T13:51:18.872+0200][561,031s] GC(1778) CMS: 181781K->190554K(393216K)
[2019-04-15T13:51:18.872+0200][561,031s] GC(1778) Metaspace: 89478K->89478K(1130496K)
[2019-04-15T13:51:18.872+0200][561,031s] GC(1778) Pause Young (Allocation Failure) 280M->207M(490M) 15,193ms
[2019-04-15T13:51:18.872+0200][561,031s] GC(1778) User=0,03s Sys=0,00s Real=0,01s
[2019-04-15T13:51:19.162+0200][561,321s] GC(1779) Pause Young (Allocation Failure)
[2019-04-15T13:51:19.162+0200][561,321s] GC(1779) Using 4 workers of 4 for evacuation
[2019-04-15T13:51:19.183+0200][561,342s] GC(1779) ParNew: 109248K->21824K(109248K)
[2019-04-15T13:51:19.183+0200][561,342s] GC(1779) CMS: 190554K->207341K(393216K)
[2019-04-15T13:51:19.183+0200][561,342s] GC(1779) Metaspace: 89494K->89494K(1130496K)
[2019-04-15T13:51:19.183+0200][561,342s] GC(1779) Pause Young (Allocation Failure) 292M->223M(490M) 20,989ms
[2019-04-15T13:51:19.183+0200][561,342s] GC(1779) User=0,06s Sys=0,00s Real=0,02s
[2019-04-15T13:51:19.184+0200][561,343s] GC(1780) Pause Initial Mark
[2019-04-15T13:51:19.186+0200][561,345s] GC(1780) Pause Initial Mark 225M->225M(490M) 2,011ms
[2019-04-15T13:51:19.186+0200][561,345s] GC(1780) User=0,01s Sys=0,00s Real=0,01s
[2019-04-15T13:51:19.186+0200][561,345s] GC(1780) Concurrent Mark
[2019-04-15T13:51:19.186+0200][561,345s] GC(1780) Using 4 workers of 4 for marking
[2019-04-15T13:51:19.293+0200][561,452s] GC(1780) Concurrent Mark 107,093ms
[2019-04-15T13:51:19.293+0200][561,452s] GC(1780) User=0,37s Sys=0,02s Real=0,11s
[2019-04-15T13:51:19.293+0200][561,452s] GC(1780) Concurrent Preclean
[2019-04-15T13:51:19.294+0200][561,453s] GC(1780) Concurrent Preclean 1,272ms
[2019-04-15T13:51:19.294+0200][561,453s] GC(1780) User=0,00s Sys=0,00s Real=0,00s
[2019-04-15T13:51:19.294+0200][561,453s] GC(1780) Concurrent Abortable Preclean
[2019-04-15T13:51:19.494+0200][561,653s] GC(1781) Pause Young (Allocation Failure)
[2019-04-15T13:51:19.494+0200][561,653s] GC(1781) Using 4 workers of 4 for evacuation
[2019-04-15T13:51:19.518+0200][561,677s] GC(1781) ParNew: 109248K->21824K(109248K)
[2019-04-15T13:51:19.518+0200][561,677s] GC(1781) CMS: 207341K->213116K(393216K)
[2019-04-15T13:51:19.519+0200][561,677s] GC(1781) Metaspace: 89494K->89494K(1130496K)
[2019-04-15T13:51:19.519+0200][561,677s] GC(1781) Pause Young (Allocation Failure) 309M->229M(490M) 24,157ms
[2019-04-15T13:51:19.519+0200][561,677s] GC(1781) User=0,06s Sys=0,00s Real=0,02s
[2019-04-15T13:51:19.692+0200][561,851s] GC(1780) Concurrent Abortable Preclean 397,335ms
[2019-04-15T13:51:19.692+0200][561,851s] GC(1780) User=1,05s Sys=0,15s Real=0,39s
[2019-04-15T13:51:19.692+0200][561,851s] GC(1780) Pause Remark
[2019-04-15T13:51:19.692+0200][561,851s] GC(1782) Pause Young (CMS Final Remark)
[2019-04-15T13:51:19.692+0200][561,851s] GC(1782) Using 4 workers of 4 for evacuation
[2019-04-15T13:51:19.715+0200][561,874s] GC(1782) ParNew: 95638K->21824K(109248K)
[2019-04-15T13:51:19.715+0200][561,874s] GC(1782) CMS: 213116K->236518K(393216K)
[2019-04-15T13:51:19.715+0200][561,874s] GC(1782) Metaspace: 89494K->89494K(1130496K)
[2019-04-15T13:51:19.715+0200][561,874s] GC(1782) Pause Young (CMS Final Remark) 301M->252M(490M) 22,435ms
[2019-04-15T13:51:19.715+0200][561,874s] GC(1782) User=0,06s Sys=0,00s Real=0,03s
[2019-04-15T13:51:19.757+0200][561,916s] GC(1780) Pause Remark 301M->252M(490M) 64,904ms
[2019-04-15T13:51:19.757+0200][561,916s] GC(1780) User=0,13s Sys=0,00s Real=0,07s
[2019-04-15T13:51:19.757+0200][561,916s] GC(1780) Concurrent Sweep
[2019-04-15T13:51:19.809+0200][561,968s] GC(1780) Concurrent Sweep 52,247ms
[2019-04-15T13:51:19.810+0200][561,968s] GC(1780) User=0,12s Sys=0,03s Real=0,05s
[2019-04-15T13:51:19.810+0200][561,968s] GC(1780) Concurrent Reset
[2019-04-15T13:51:19.810+0200][561,969s] GC(1780) Concurrent Reset 0,598ms
[2019-04-15T13:51:19.810+0200][561,969s] GC(1780) User=0,00s Sys=0,00s Real=0,00s
[2019-04-15T13:51:19.810+0200][561,969s] GC(1780) Old: 207341K->140346K(393216K)
[2019-04-15T13:51:19.948+0200][562,107s] GC(1783) Pause Young (Allocation Failure)
[2019-04-15T13:51:19.948+0200][562,107s] GC(1783) Using 4 workers of 4 for evacuation
[2019-04-15T13:51:19.971+0200][562,130s] GC(1783) ParNew: 109248K->21824K(109248K)
[2019-04-15T13:51:19.972+0200][562,130s] GC(1783) CMS: 140346K->150070K(393216K)
[2019-04-15T13:51:19.972+0200][562,130s] GC(1783) Metaspace: 89498K->89498K(1130496K)
[2019-04-15T13:51:19.972+0200][562,130s] GC(1783) Pause Young (Allocation Failure) 243M->167M(490M) 23,438ms
[2019-04-15T13:51:19.972+0200][562,130s] GC(1783) User=0,06s Sys=0,00s Real=0,02s
[2019-04-15T13:51:20.135+0200][562,294s] GC(1784) Pause Young (Allocation Failure)
[2019-04-15T13:51:20.135+0200][562,294s] GC(1784) Using 4 workers of 4 for evacuation
[2019-04-15T13:51:20.148+0200][562,307s] GC(1784) ParNew: 109248K->21824K(109248K)
[2019-04-15T13:51:20.148+0200][562,307s] GC(1784) CMS: 150070K->153441K(393216K)
[2019-04-15T13:51:20.148+0200][562,307s] GC(1784) Metaspace: 89498K->89498K(1130496K)
[2019-04-15T13:51:20.148+0200][562,307s] GC(1784) Pause Young (Allocation Failure) 253M->171M(490M) 13,543ms
[2019-04-15T13:51:20.149+0200][562,307s] GC(1784) User=0,03s Sys=0,00s Real=0,01s
[2019-04-15T13:51:20.290+0200][562,449s] GC(1785) Pause Young (Allocation Failure)
[2019-04-15T13:51:20.290+0200][562,449s] GC(1785) Using 4 workers of 4 for evacuation
[2019-04-15T13:51:20.304+0200][562,463s] GC(1785) ParNew: 109248K->21824K(109248K)
[2019-04-15T13:51:20.304+0200][562,463s] GC(1785) CMS: 153441K->157209K(393216K)
[2019-04-15T13:51:20.304+0200][562,463s] GC(1785) Metaspace: 89498K->89498K(1130496K)
[2019-04-15T13:51:20.304+0200][562,463s] GC(1785) Pause Young (Allocation Failure) 256M->174M(490M) 14,059ms
[2019-04-15T13:51:20.304+0200][562,463s] GC(1785) User=0,03s Sys=0,01s Real=0,01s
[2019-04-15T13:51:20.465+0200][562,624s] GC(1786) Pause Young (Allocation Failure)
[2019-04-15T13:51:20.465+0200][562,624s] GC(1786) Using 4 workers of 4 for evacuation
[2019-04-15T13:51:20.476+0200][562,635s] GC(1786) ParNew: 109248K->21824K(109248K)
[2019-04-15T13:51:20.476+0200][562,635s] GC(1786) CMS: 157209K->161987K(393216K)
[2019-04-15T13:51:20.476+0200][562,635s] GC(1786) Metaspace: 89498K->89498K(1130496K)
[2019-04-15T13:51:20.476+0200][562,635s] GC(1786) Pause Young (Allocation Failure) 260M->179M(490M) 10,540ms
[2019-04-15T13:51:20.476+0200][562,635s] GC(1786) User=0,02s Sys=0,01s Real=0,01s
[2019-04-15T13:51:20.613+0200][562,772s] GC(1787) Pause Young (Allocation Failure)
[2019-04-15T13:51:20.613+0200][562,772s] GC(1787) Using 4 workers of 4 for evacuation
[2019-04-15T13:51:20.624+0200][562,783s] GC(1787) ParNew: 109248K->21824K(109248K)
[2019-04-15T13:51:20.624+0200][562,783s] GC(1787) CMS: 161987K->164151K(393216K)
[2019-04-15T13:51:20.624+0200][562,783s] GC(1787) Metaspace: 89498K->89498K(1130496K)
[2019-04-15T13:51:20.624+0200][562,783s] GC(1787) Pause Young (Allocation Failure) 264M->181M(490M) 11,062ms
[2019-04-15T13:51:20.624+0200][562,783s] GC(1787) User=0,03s Sys=0,00s Real=0,01s
[2019-04-15T13:51:20.784+0200][562,943s] GC(1788) Pause Young (Allocation Failure)
[2019-04-15T13:51:20.784+0200][562,943s] GC(1788) Using 4 workers of 4 for evacuation
[2019-04-15T13:51:20.789+0200][562,948s] GC(1788) ParNew: 109248K->20015K(109248K)
[2019-04-15T13:51:20.789+0200][562,948s] GC(1788) CMS: 164151K->164191K(393216K)
[2019-04-15T13:51:20.789+0200][562,948s] GC(1788) Metaspace: 89505K->89505K(1130496K)
[2019-04-15T13:51:20.789+0200][562,948s] GC(1788) Pause Young (Allocation Failure) 266M->179M(490M) 4,761ms
[2019-04-15T13:51:20.789+0200][562,948s] GC(1788) User=0,02s Sys=0,00s Real=0,01s
[2019-04-15T13:51:20.940+0200][563,099s] GC(1789) Pause Young (Allocation Failure)
[2019-04-15T13:51:20.940+0200][563,099s] GC(1789) Using 4 workers of 4 for evacuation
[2019-04-15T13:51:20.948+0200][563,107s] GC(1789) ParNew: 107439K->6456K(109248K)
[2019-04-15T13:51:20.948+0200][563,107s] GC(1789) CMS: 164191K->164191K(393216K)
[2019-04-15T13:51:20.948+0200][563,107s] GC(1789) Metaspace: 89505K->89505K(1130496K)
[2019-04-15T13:51:20.948+0200][563,107s] GC(1789) Pause Young (Allocation Failure) 265M->166M(490M) 8,402ms
[2019-04-15T13:51:20.948+0200][563,107s] GC(1789) User=0,02s Sys=0,00s Real=0,01s
[2019-04-15T13:51:21.015+0200][563,174s] GC(1790) Pause Young (Allocation Failure)
[2019-04-15T13:51:21.015+0200][563,174s] GC(1790) Using 4 workers of 4 for evacuation
[2019-04-15T13:51:21.030+0200][563,189s] GC(1790) ParNew: 93880K->9088K(109248K)
[2019-04-15T13:51:21.030+0200][563,189s] GC(1790) CMS: 164191K->164191K(393216K)
[2019-04-15T13:51:21.030+0200][563,189s] GC(1790) Metaspace: 89506K->89506K(1130496K)
[2019-04-15T13:51:21.030+0200][563,189s] GC(1790) Pause Young (Allocation Failure) 252M->169M(490M) 14,802ms
[2019-04-15T13:51:21.030+0200][563,189s] GC(1790) User=0,02s Sys=0,00s Real=0,01s
[2019-04-15T13:51:21.132+0200][563,291s] GC(1791) Pause Young (Allocation Failure)
[2019-04-15T13:51:21.132+0200][563,291s] GC(1791) Using 4 workers of 4 for evacuation
[2019-04-15T13:51:21.142+0200][563,301s] GC(1791) ParNew: 96512K->9875K(109248K)
[2019-04-15T13:51:21.142+0200][563,301s] GC(1791) CMS: 164191K->164191K(393216K)
[2019-04-15T13:51:21.142+0200][563,301s] GC(1791) Metaspace: 89512K->89512K(1130496K)
[2019-04-15T13:51:21.142+0200][563,301s] GC(1791) Pause Young (Allocation Failure) 254M->169M(490M) 9,342ms
[2019-04-15T13:51:21.142+0200][563,301s] GC(1791) User=0,02s Sys=0,00s Real=0,01s
[2019-04-15T13:51:21.289+0200][563,448s] GC(1792) Pause Young (Allocation Failure)
[2019-04-15T13:51:21.289+0200][563,448s] GC(1792) Using 4 workers of 4 for evacuation
[2019-04-15T13:51:21.306+0200][563,465s] GC(1792) ParNew: 96876K->9376K(109248K)
[2019-04-15T13:51:21.306+0200][563,465s] GC(1792) CMS: 164191K->164191K(393216K)
[2019-04-15T13:51:21.307+0200][563,465s] GC(1792) Metaspace: 89535K->89535K(1130496K)
[2019-04-15T13:51:21.307+0200][563,465s] GC(1792) Pause Young (Allocation Failure) 254M->169M(490M) 17,312ms
[2019-04-15T13:51:21.307+0200][563,466s] GC(1792) User=0,06s Sys=0,00s Real=0,02s
[2019-04-15T13:51:21.375+0200][563,534s] GC(1793) Pause Young (Allocation Failure)
[2019-04-15T13:51:21.375+0200][563,534s] GC(1793) Using 4 workers of 4 for evacuation
[2019-04-15T13:51:21.388+0200][563,547s] GC(1793) ParNew: 96800K->11294K(109248K)
[2019-04-15T13:51:21.388+0200][563,547s] GC(1793) CMS: 164191K->164191K(393216K)
[2019-04-15T13:51:21.388+0200][563,547s] GC(1793) Metaspace: 89553K->89553K(1130496K)
[2019-04-15T13:51:21.388+0200][563,547s] GC(1793) Pause Young (Allocation Failure) 254M->171M(490M) 13,080ms
[2019-04-15T13:51:21.388+0200][563,547s] GC(1793) User=0,04s Sys=0,00s Real=0,01s
[2019-04-15T13:51:22.115+0200][564,274s] GC(1794) Pause Young (Allocation Failure)
[2019-04-15T13:51:22.115+0200][564,274s] GC(1794) Using 4 workers of 4 for evacuation
[2019-04-15T13:51:22.123+0200][564,282s] GC(1794) ParNew: 98718K->8271K(109248K)
[2019-04-15T13:51:22.123+0200][564,282s] GC(1794) CMS: 164191K->164191K(393216K)
[2019-04-15T13:51:22.123+0200][564,282s] GC(1794) Metaspace: 89575K->89575K(1130496K)
[2019-04-15T13:51:22.123+0200][564,282s] GC(1794) Pause Young (Allocation Failure) 256M->168M(490M) 8,521ms
[2019-04-15T13:51:22.123+0200][564,282s] GC(1794) User=0,02s Sys=0,00s Real=0,00s
[2019-04-15T13:51:22.786+0200][564,945s] GC(1795) Pause Young (Allocation Failure)
[2019-04-15T13:51:22.786+0200][564,945s] GC(1795) Using 4 workers of 4 for evacuation
[2019-04-15T13:51:22.798+0200][564,957s] GC(1795) ParNew: 95695K->7580K(109248K)
[2019-04-15T13:51:22.798+0200][564,957s] GC(1795) CMS: 164191K->165689K(393216K)
[2019-04-15T13:51:22.798+0200][564,957s] GC(1795) Metaspace: 89575K->89575K(1130496K)
[2019-04-15T13:51:22.798+0200][564,957s] GC(1795) Pause Young (Allocation Failure) 253M->169M(490M) 11,645ms
[2019-04-15T13:51:22.798+0200][564,957s] GC(1795) User=0,03s Sys=0,00s Real=0,01s
[2019-04-15T13:51:23.201+0200][565,360s] GC(1796) Pause Young (Allocation Failure)
[2019-04-15T13:51:23.201+0200][565,360s] GC(1796) Using 4 workers of 4 for evacuation
[2019-04-15T13:51:23.209+0200][565,368s] GC(1796) ParNew: 95004K->19302K(109248K)
[2019-04-15T13:51:23.209+0200][565,368s] GC(1796) CMS: 165689K->165764K(393216K)
[2019-04-15T13:51:23.209+0200][565,368s] GC(1796) Metaspace: 89575K->89575K(1130496K)
[2019-04-15T13:51:23.209+0200][565,368s] GC(1796) Pause Young (Allocation Failure) 254M->180M(490M) 8,180ms
[2019-04-15T13:51:23.209+0200][565,368s] GC(1796) User=0,02s Sys=0,00s Real=0,01s
[2019-04-15T13:51:23.923+0200][566,081s] GC(1797) Pause Young (Allocation Failure)
[2019-04-15T13:51:23.923+0200][566,082s] GC(1797) Using 4 workers of 4 for evacuation
[2019-04-15T13:51:23.931+0200][566,089s] GC(1797) ParNew: 106726K->20687K(109248K)
[2019-04-15T13:51:23.931+0200][566,090s] GC(1797) CMS: 165764K->165813K(393216K)
[2019-04-15T13:51:23.931+0200][566,090s] GC(1797) Metaspace: 89576K->89576K(1130496K)
[2019-04-15T13:51:23.931+0200][566,090s] GC(1797) Pause Young (Allocation Failure) 266M->182M(490M) 8,045ms
[2019-04-15T13:51:23.931+0200][566,090s] GC(1797) User=0,03s Sys=0,00s Real=0,01s
[2019-04-15T13:51:24.652+0200][566,811s] GC(1798) Pause Young (Allocation Failure)
[2019-04-15T13:51:24.652+0200][566,811s] GC(1798) Using 4 workers of 4 for evacuation
[2019-04-15T13:51:24.656+0200][566,815s] GC(1798) ParNew: 108111K->14405K(109248K)
[2019-04-15T13:51:24.656+0200][566,815s] GC(1798) CMS: 165813K->165813K(393216K)
[2019-04-15T13:51:24.656+0200][566,815s] GC(1798) Metaspace: 89576K->89576K(1130496K)
[2019-04-15T13:51:24.656+0200][566,815s] GC(1798) Pause Young (Allocation Failure) 267M->175M(490M) 4,056ms
[2019-04-15T13:51:24.656+0200][566,815s] GC(1798) User=0,02s Sys=0,00s Real=0,01s
[2019-04-15T13:51:25.377+0200][567,536s] GC(1799) Pause Young (Allocation Failure)
[2019-04-15T13:51:25.377+0200][567,536s] GC(1799) Using 4 workers of 4 for evacuation
[2019-04-15T13:51:25.383+0200][567,542s] GC(1799) ParNew: 101829K->13996K(109248K)
[2019-04-15T13:51:25.383+0200][567,542s] GC(1799) CMS: 165813K->166112K(393216K)
[2019-04-15T13:51:25.383+0200][567,542s] GC(1799) Metaspace: 89576K->89576K(1130496K)
[2019-04-15T13:51:25.383+0200][567,542s] GC(1799) Pause Young (Allocation Failure) 261M->175M(490M) 6,515ms
[2019-04-15T13:51:25.383+0200][567,542s] GC(1799) User=0,02s Sys=0,01s Real=0,00s
[2019-04-15T13:51:26.128+0200][568,287s] GC(1800) Pause Young (Allocation Failure)
[2019-04-15T13:51:26.128+0200][568,287s] GC(1800) Using 4 workers of 4 for evacuation
[2019-04-15T13:51:26.137+0200][568,296s] GC(1800) ParNew: 101420K->17965K(109248K)
[2019-04-15T13:51:26.137+0200][568,296s] GC(1800) CMS: 166112K->166328K(393216K)
[2019-04-15T13:51:26.137+0200][568,296s] GC(1800) Metaspace: 89584K->89584K(1130496K)
[2019-04-15T13:51:26.137+0200][568,296s] GC(1800) Pause Young (Allocation Failure) 261M->179M(490M) 9,371ms
[2019-04-15T13:51:26.137+0200][568,296s] GC(1800) User=0,02s Sys=0,00s Real=0,01s
[2019-04-15T13:51:26.574+0200][568,733s] GC(1801) Pause Young (Allocation Failure)
[2019-04-15T13:51:26.574+0200][568,733s] GC(1801) Using 4 workers of 4 for evacuation
[2019-04-15T13:51:26.583+0200][568,742s] GC(1801) ParNew: 105389K->6792K(109248K)
[2019-04-15T13:51:26.583+0200][568,742s] GC(1801) CMS: 166328K->166328K(393216K)
[2019-04-15T13:51:26.583+0200][568,742s] GC(1801) Metaspace: 89665K->89665K(1132544K)
[2019-04-15T13:51:26.583+0200][568,742s] GC(1801) Pause Young (Allocation Failure) 265M->169M(490M) 8,967ms
[2019-04-15T13:51:26.583+0200][568,742s] GC(1801) User=0,02s Sys=0,00s Real=0,00s
[2019-04-15T13:51:26.973+0200][569,132s] GC(1802) Pause Young (Allocation Failure)
[2019-04-15T13:51:26.973+0200][569,132s] GC(1802) Using 4 workers of 4 for evacuation
[2019-04-15T13:51:26.982+0200][569,141s] GC(1802) ParNew: 94216K->7679K(109248K)
[2019-04-15T13:51:26.982+0200][569,141s] GC(1802) CMS: 166328K->167126K(393216K)
[2019-04-15T13:51:26.982+0200][569,141s] GC(1802) Metaspace: 91041K->91041K(1132544K)
[2019-04-15T13:51:26.982+0200][569,141s] GC(1802) Pause Young (Allocation Failure) 254M->170M(490M) 8,995ms
[2019-04-15T13:51:26.982+0200][569,141s] GC(1802) User=0,03s Sys=0,00s Real=0,00s
[2019-04-15T13:51:27.105+0200][569,263s] GC(1803) Pause Young (Allocation Failure)
[2019-04-15T13:51:27.105+0200][569,263s] GC(1803) Using 4 workers of 4 for evacuation
[2019-04-15T13:51:27.114+0200][569,273s] GC(1803) ParNew: 95103K->14284K(109248K)
[2019-04-15T13:51:27.114+0200][569,273s] GC(1803) CMS: 167126K->167129K(393216K)
[2019-04-15T13:51:27.114+0200][569,273s] GC(1803) Metaspace: 91042K->91042K(1132544K)
[2019-04-15T13:51:27.114+0200][569,273s] GC(1803) Pause Young (Allocation Failure) 256M->177M(490M) 9,799ms
[2019-04-15T13:51:27.114+0200][569,273s] GC(1803) User=0,02s Sys=0,00s Real=0,02s
[2019-04-15T13:51:27.219+0200][569,378s] GC(1804) Pause Young (Allocation Failure)
[2019-04-15T13:51:27.219+0200][569,378s] GC(1804) Using 4 workers of 4 for evacuation
[2019-04-15T13:51:27.226+0200][569,385s] GC(1804) ParNew: 101708K->12353K(109248K)
[2019-04-15T13:51:27.226+0200][569,385s] GC(1804) CMS: 167129K->167215K(393216K)
[2019-04-15T13:51:27.226+0200][569,385s] GC(1804) Metaspace: 91042K->91042K(1132544K)
[2019-04-15T13:51:27.226+0200][569,385s] GC(1804) Pause Young (Allocation Failure) 262M->175M(490M) 7,286ms
[2019-04-15T13:51:27.226+0200][569,385s] GC(1804) User=0,02s Sys=0,00s Real=0,01s
[2019-04-15T13:51:27.341+0200][569,500s] GC(1805) Pause Young (Allocation Failure)
[2019-04-15T13:51:27.341+0200][569,500s] GC(1805) Using 4 workers of 4 for evacuation
[2019-04-15T13:51:27.350+0200][569,508s] GC(1805) ParNew: 99777K->16928K(109248K)
[2019-04-15T13:51:27.350+0200][569,509s] GC(1805) CMS: 167215K->167342K(393216K)
[2019-04-15T13:51:27.350+0200][569,509s] GC(1805) Metaspace: 91042K->91042K(1132544K)
[2019-04-15T13:51:27.350+0200][569,509s] GC(1805) Pause Young (Allocation Failure) 260M->179M(490M) 8,255ms
[2019-04-15T13:51:27.350+0200][569,509s] GC(1805) User=0,03s Sys=0,00s Real=0,01s
[2019-04-15T13:51:27.493+0200][569,652s] GC(1806) Pause Young (Allocation Failure)
[2019-04-15T13:51:27.493+0200][569,652s] GC(1806) Using 4 workers of 4 for evacuation
[2019-04-15T13:51:27.511+0200][569,670s] GC(1806) ParNew: 104352K->14861K(109248K)
[2019-04-15T13:51:27.511+0200][569,670s] GC(1806) CMS: 167342K->167403K(393216K)
[2019-04-15T13:51:27.511+0200][569,670s] GC(1806) Metaspace: 91046K->91046K(1132544K)
[2019-04-15T13:51:27.511+0200][569,670s] GC(1806) Pause Young (Allocation Failure) 265M->177M(490M) 17,954ms
[2019-04-15T13:51:27.511+0200][569,670s] GC(1806) User=0,07s Sys=0,00s Real=0,02s
[2019-04-15T13:51:27.760+0200][569,919s] GC(1807) Pause Young (Allocation Failure)
[2019-04-15T13:51:27.760+0200][569,919s] GC(1807) Using 4 workers of 4 for evacuation
[2019-04-15T13:51:27.771+0200][569,930s] GC(1807) ParNew: 102285K->21824K(109248K)
[2019-04-15T13:51:27.771+0200][569,930s] GC(1807) CMS: 167403K->167525K(393216K)
[2019-04-15T13:51:27.771+0200][569,930s] GC(1807) Metaspace: 91048K->91048K(1132544K)
[2019-04-15T13:51:27.771+0200][569,930s] GC(1807) Pause Young (Allocation Failure) 263M->184M(490M) 11,707ms
[2019-04-15T13:51:27.771+0200][569,930s] GC(1807) User=0,04s Sys=0,00s Real=0,01s
[2019-04-15T13:51:27.957+0200][570,116s] GC(1808) Pause Young (Allocation Failure)
[2019-04-15T13:51:27.957+0200][570,116s] GC(1808) Using 4 workers of 4 for evacuation
[2019-04-15T13:51:27.980+0200][570,139s] GC(1808) ParNew: 109248K->21824K(109248K)
[2019-04-15T13:51:27.980+0200][570,139s] GC(1808) CMS: 167525K->183338K(393216K)
[2019-04-15T13:51:27.980+0200][570,139s] GC(1808) Metaspace: 91048K->91048K(1132544K)
[2019-04-15T13:51:27.980+0200][570,139s] GC(1808) Pause Young (Allocation Failure) 270M->200M(490M) 22,884ms
[2019-04-15T13:51:27.980+0200][570,139s] GC(1808) User=0,06s Sys=0,00s Real=0,02s
[2019-04-15T13:51:28.152+0200][570,311s] GC(1809) Pause Young (Allocation Failure)
[2019-04-15T13:51:28.152+0200][570,311s] GC(1809) Using 4 workers of 4 for evacuation
[2019-04-15T13:51:28.170+0200][570,329s] GC(1809) ParNew: 109248K->21824K(109248K)
[2019-04-15T13:51:28.170+0200][570,329s] GC(1809) CMS: 183338K->218620K(393216K)
[2019-04-15T13:51:28.170+0200][570,329s] GC(1809) Metaspace: 91048K->91048K(1132544K)
[2019-04-15T13:51:28.170+0200][570,329s] GC(1809) Pause Young (Allocation Failure) 285M->234M(490M) 17,783ms
[2019-04-15T13:51:28.170+0200][570,329s] GC(1809) User=0,06s Sys=0,00s Real=0,02s
[2019-04-15T13:51:28.170+0200][570,329s] GC(1810) Pause Initial Mark
[2019-04-15T13:51:28.171+0200][570,330s] GC(1810) Pause Initial Mark 235M->235M(490M) 1,141ms
[2019-04-15T13:51:28.171+0200][570,330s] GC(1810) User=0,00s Sys=0,00s Real=0,00s
[2019-04-15T13:51:28.171+0200][570,330s] GC(1810) Concurrent Mark
[2019-04-15T13:51:28.171+0200][570,330s] GC(1810) Using 4 workers of 4 for marking
[2019-04-15T13:51:28.249+0200][570,408s] GC(1810) Concurrent Mark 77,647ms
[2019-04-15T13:51:28.249+0200][570,408s] GC(1810) User=0,23s Sys=0,01s Real=0,08s
[2019-04-15T13:51:28.249+0200][570,408s] GC(1810) Concurrent Preclean
[2019-04-15T13:51:28.251+0200][570,410s] GC(1810) Concurrent Preclean 1,718ms
[2019-04-15T13:51:28.251+0200][570,410s] GC(1810) User=0,01s Sys=0,00s Real=0,00s
[2019-04-15T13:51:28.251+0200][570,410s] GC(1810) Concurrent Abortable Preclean
[2019-04-15T13:51:28.500+0200][570,659s] GC(1811) Pause Young (Allocation Failure)
[2019-04-15T13:51:28.501+0200][570,659s] GC(1811) Using 4 workers of 4 for evacuation
[2019-04-15T13:51:28.513+0200][570,672s] GC(1811) ParNew: 109248K->21824K(109248K)
[2019-04-15T13:51:28.513+0200][570,672s] GC(1811) CMS: 218620K->236377K(393216K)
[2019-04-15T13:51:28.513+0200][570,672s] GC(1811) Metaspace: 91503K->91503K(1132544K)
[2019-04-15T13:51:28.513+0200][570,672s] GC(1811) Pause Young (Allocation Failure) 320M->252M(490M) 12,582ms
[2019-04-15T13:51:28.513+0200][570,672s] GC(1811) User=0,04s Sys=0,00s Real=0,02s
[2019-04-15T13:51:28.616+0200][570,774s] GC(1812) Pause Young (Allocation Failure)
[2019-04-15T13:51:28.616+0200][570,775s] GC(1812) Using 4 workers of 4 for evacuation
[2019-04-15T13:51:28.628+0200][570,787s] GC(1812) ParNew: 109248K->20159K(109248K)
[2019-04-15T13:51:28.628+0200][570,787s] GC(1812) CMS: 236377K->247548K(393216K)
[2019-04-15T13:51:28.628+0200][570,787s] GC(1812) Metaspace: 91503K->91503K(1132544K)
[2019-04-15T13:51:28.628+0200][570,787s] GC(1812) Pause Young (Allocation Failure) 337M->261M(490M) 12,134ms
[2019-04-15T13:51:28.628+0200][570,787s] GC(1812) User=0,03s Sys=0,00s Real=0,01s
[2019-04-15T13:51:28.851+0200][571,010s] GC(1810) Concurrent Abortable Preclean 599,910ms
[2019-04-15T13:51:28.851+0200][571,012s] GC(1810) User=1,38s Sys=0,06s Real=0,60s
[2019-04-15T13:51:28.853+0200][571,012s] GC(1810) Pause Remark
[2019-04-15T13:51:28.854+0200][571,012s] GC(1813) Pause Young (CMS Final Remark)
[2019-04-15T13:51:28.854+0200][571,013s] GC(1813) Using 4 workers of 4 for evacuation
[2019-04-15T13:51:28.873+0200][571,032s] GC(1813) ParNew: 96549K->5166K(109248K)
[2019-04-15T13:51:28.873+0200][571,032s] GC(1813) CMS: 247548K->247548K(393216K)
[2019-04-15T13:51:28.873+0200][571,032s] GC(1813) Metaspace: 91503K->91503K(1132544K)
[2019-04-15T13:51:28.873+0200][571,032s] GC(1813) Pause Young (CMS Final Remark) 336M->246M(490M) 19,823ms
[2019-04-15T13:51:28.873+0200][571,032s] GC(1813) User=0,06s Sys=0,00s Real=0,02s
[2019-04-15T13:51:28.918+0200][571,077s] GC(1810) Pause Remark 336M->246M(490M) 64,837ms
[2019-04-15T13:51:28.918+0200][571,077s] GC(1810) User=0,16s Sys=0,00s Real=0,06s
[2019-04-15T13:51:28.918+0200][571,077s] GC(1810) Concurrent Sweep
[2019-04-15T13:51:28.967+0200][571,126s] GC(1810) Concurrent Sweep 48,956ms
[2019-04-15T13:51:28.967+0200][571,126s] GC(1810) User=0,13s Sys=0,01s Real=0,05s
[2019-04-15T13:51:28.967+0200][571,126s] GC(1810) Concurrent Reset
[2019-04-15T13:51:28.968+0200][571,127s] GC(1810) Concurrent Reset 0,464ms
[2019-04-15T13:51:28.968+0200][571,127s] GC(1810) User=0,01s Sys=0,00s Real=0,00s
[2019-04-15T13:51:28.968+0200][571,127s] GC(1810) Old: 218620K->159803K(393216K)
[2019-04-15T13:51:29.113+0200][571,272s] GC(1814) Pause Young (Allocation Failure)
[2019-04-15T13:51:29.113+0200][571,272s] GC(1814) Using 4 workers of 4 for evacuation
[2019-04-15T13:51:29.127+0200][571,286s] GC(1814) ParNew: 92590K->19886K(109248K)
[2019-04-15T13:51:29.127+0200][571,286s] GC(1814) CMS: 159803K->159803K(393216K)
[2019-04-15T13:51:29.127+0200][571,286s] GC(1814) Metaspace: 91531K->91531K(1132544K)
[2019-04-15T13:51:29.127+0200][571,286s] GC(1814) Pause Young (Allocation Failure) 246M->175M(490M) 13,825ms
[2019-04-15T13:51:29.127+0200][571,286s] GC(1814) User=0,05s Sys=0,00s Real=0,01s
[2019-04-15T13:51:29.362+0200][571,521s] GC(1815) Pause Young (Allocation Failure)
[2019-04-15T13:51:29.362+0200][571,521s] GC(1815) Using 4 workers of 4 for evacuation
[2019-04-15T13:51:29.378+0200][571,537s] GC(1815) ParNew: 107310K->21824K(109248K)
[2019-04-15T13:51:29.378+0200][571,537s] GC(1815) CMS: 159803K->159870K(393216K)
[2019-04-15T13:51:29.378+0200][571,537s] GC(1815) Metaspace: 91609K->91609K(1132544K)
[2019-04-15T13:51:29.378+0200][571,537s] GC(1815) Pause Young (Allocation Failure) 260M->177M(490M) 16,072ms
[2019-04-15T13:51:29.378+0200][571,537s] GC(1815) User=0,05s Sys=0,00s Real=0,02s
[2019-04-15T13:51:29.585+0200][571,744s] GC(1816) Pause Young (Allocation Failure)
[2019-04-15T13:51:29.586+0200][571,744s] GC(1816) Using 4 workers of 4 for evacuation
[2019-04-15T13:51:29.598+0200][571,757s] GC(1816) ParNew: 109248K->21824K(109248K)
[2019-04-15T13:51:29.598+0200][571,757s] GC(1816) CMS: 159870K->160087K(393216K)
[2019-04-15T13:51:29.598+0200][571,757s] GC(1816) Metaspace: 91621K->91621K(1132544K)
[2019-04-15T13:51:29.598+0200][571,757s] GC(1816) Pause Young (Allocation Failure) 262M->177M(490M) 12,844ms
[2019-04-15T13:51:29.598+0200][571,757s] GC(1816) User=0,05s Sys=0,00s Real=0,01s
[2019-04-15T13:51:29.891+0200][572,050s] GC(1817) Pause Young (Allocation Failure)
[2019-04-15T13:51:29.891+0200][572,050s] GC(1817) Using 4 workers of 4 for evacuation
[2019-04-15T13:51:29.904+0200][572,063s] GC(1817) ParNew: 108152K->21824K(109248K)
[2019-04-15T13:51:29.904+0200][572,063s] GC(1817) CMS: 160087K->160891K(393216K)
[2019-04-15T13:51:29.904+0200][572,063s] GC(1817) Metaspace: 91622K->91622K(1132544K)
[2019-04-15T13:51:29.904+0200][572,063s] GC(1817) Pause Young (Allocation Failure) 261M->178M(490M) 13,251ms
[2019-04-15T13:51:29.904+0200][572,063s] GC(1817) User=0,05s Sys=0,00s Real=0,01s
[2019-04-15T13:51:30.161+0200][572,320s] GC(1818) Pause Young (Allocation Failure)
[2019-04-15T13:51:30.161+0200][572,320s] GC(1818) Using 4 workers of 4 for evacuation
[2019-04-15T13:51:30.201+0200][572,360s] GC(1818) ParNew: 109091K->21824K(109248K)
[2019-04-15T13:51:30.201+0200][572,360s] GC(1818) CMS: 160891K->180476K(393216K)
[2019-04-15T13:51:30.201+0200][572,360s] GC(1818) Metaspace: 91624K->91624K(1132544K)
[2019-04-15T13:51:30.201+0200][572,360s] GC(1818) Pause Young (Allocation Failure) 263M->197M(490M) 39,664ms
[2019-04-15T13:51:30.201+0200][572,360s] GC(1818) User=0,13s Sys=0,00s Real=0,04s
[2019-04-15T13:51:30.354+0200][572,513s] GC(1819) Pause Young (Allocation Failure)
[2019-04-15T13:51:30.354+0200][572,513s] GC(1819) Using 4 workers of 4 for evacuation
[2019-04-15T13:51:30.372+0200][572,531s] GC(1819) ParNew: 109248K->21824K(109248K)
[2019-04-15T13:51:30.373+0200][572,531s] GC(1819) CMS: 180476K->188688K(393216K)
[2019-04-15T13:51:30.373+0200][572,531s] GC(1819) Metaspace: 91665K->91665K(1132544K)
[2019-04-15T13:51:30.373+0200][572,531s] GC(1819) Pause Young (Allocation Failure) 282M->205M(490M) 18,729ms
[2019-04-15T13:51:30.373+0200][572,531s] GC(1819) User=0,07s Sys=0,00s Real=0,01s
[2019-04-15T13:51:30.497+0200][572,656s] GC(1820) Pause Young (Allocation Failure)
[2019-04-15T13:51:30.497+0200][572,656s] GC(1820) Using 4 workers of 4 for evacuation
[2019-04-15T13:51:30.517+0200][572,676s] GC(1820) ParNew: 109248K->13999K(109248K)
[2019-04-15T13:51:30.517+0200][572,676s] GC(1820) CMS: 188688K->188688K(393216K)
[2019-04-15T13:51:30.517+0200][572,676s] GC(1820) Metaspace: 91665K->91665K(1132544K)
[2019-04-15T13:51:30.517+0200][572,676s] GC(1820) Pause Young (Allocation Failure) 290M->197M(490M) 20,239ms
[2019-04-15T13:51:30.517+0200][572,676s] GC(1820) User=0,08s Sys=0,00s Real=0,02s
[2019-04-15T13:51:30.664+0200][572,822s] GC(1821) Pause Young (Allocation Failure)
[2019-04-15T13:51:30.664+0200][572,823s] GC(1821) Using 4 workers of 4 for evacuation
[2019-04-15T13:51:30.672+0200][572,831s] GC(1821) ParNew: 101423K->13867K(109248K)
[2019-04-15T13:51:30.672+0200][572,831s] GC(1821) CMS: 188688K->188688K(393216K)
[2019-04-15T13:51:30.672+0200][572,831s] GC(1821) Metaspace: 91669K->91669K(1132544K)
[2019-04-15T13:51:30.672+0200][572,831s] GC(1821) Pause Young (Allocation Failure) 283M->197M(490M) 8,785ms
[2019-04-15T13:51:30.672+0200][572,831s] GC(1821) User=0,03s Sys=0,00s Real=0,01s
[2019-04-15T13:51:30.866+0200][573,025s] GC(1822) Pause Young (Allocation Failure)
[2019-04-15T13:51:30.867+0200][573,025s] GC(1822) Using 4 workers of 4 for evacuation
[2019-04-15T13:51:30.876+0200][573,035s] GC(1822) ParNew: 101291K->21272K(109248K)
[2019-04-15T13:51:30.876+0200][573,035s] GC(1822) CMS: 188688K->188688K(393216K)
[2019-04-15T13:51:30.876+0200][573,035s] GC(1822) Metaspace: 91677K->91677K(1132544K)
[2019-04-15T13:51:30.876+0200][573,035s] GC(1822) Pause Young (Allocation Failure) 283M->205M(490M) 9,374ms
[2019-04-15T13:51:30.876+0200][573,035s] GC(1822) User=0,03s Sys=0,00s Real=0,01s
[2019-04-15T13:51:31.045+0200][573,204s] GC(1823) Pause Young (Allocation Failure)
[2019-04-15T13:51:31.046+0200][573,204s] GC(1823) Using 4 workers of 4 for evacuation
[2019-04-15T13:51:31.063+0200][573,222s] GC(1823) ParNew: 108696K->21119K(109248K)
[2019-04-15T13:51:31.063+0200][573,222s] GC(1823) CMS: 188688K->188701K(393216K)
[2019-04-15T13:51:31.063+0200][573,222s] GC(1823) Metaspace: 91678K->91678K(1132544K)
[2019-04-15T13:51:31.063+0200][573,222s] GC(1823) Pause Young (Allocation Failure) 290M->204M(490M) 17,215ms
[2019-04-15T13:51:31.063+0200][573,222s] GC(1823) User=0,06s Sys=0,00s Real=0,01s
[2019-04-15T13:51:31.216+0200][573,375s] GC(1824) Pause Young (Allocation Failure)
[2019-04-15T13:51:31.216+0200][573,375s] GC(1824) Using 4 workers of 4 for evacuation
[2019-04-15T13:51:31.236+0200][573,395s] GC(1824) ParNew: 108543K->20502K(109248K)
[2019-04-15T13:51:31.236+0200][573,395s] GC(1824) CMS: 188701K->188701K(393216K)
[2019-04-15T13:51:31.236+0200][573,395s] GC(1824) Metaspace: 91678K->91678K(1132544K)
[2019-04-15T13:51:31.236+0200][573,395s] GC(1824) Pause Young (Allocation Failure) 290M->204M(490M) 19,983ms
[2019-04-15T13:51:31.236+0200][573,395s] GC(1824) User=0,08s Sys=0,00s Real=0,02s
[2019-04-15T13:51:31.409+0200][573,568s] GC(1825) Pause Young (Allocation Failure)
[2019-04-15T13:51:31.409+0200][573,568s] GC(1825) Using 4 workers of 4 for evacuation
[2019-04-15T13:51:31.433+0200][573,592s] GC(1825) ParNew: 107926K->21824K(109248K)
[2019-04-15T13:51:31.433+0200][573,592s] GC(1825) CMS: 188701K->188988K(393216K)
[2019-04-15T13:51:31.433+0200][573,592s] GC(1825) Metaspace: 91678K->91678K(1132544K)
[2019-04-15T13:51:31.433+0200][573,592s] GC(1825) Pause Young (Allocation Failure) 289M->205M(490M) 24,571ms
[2019-04-15T13:51:31.433+0200][573,592s] GC(1825) User=0,10s Sys=0,00s Real=0,03s
[2019-04-15T13:51:31.561+0200][573,720s] GC(1826) Pause Young (Allocation Failure)
[2019-04-15T13:51:31.561+0200][573,720s] GC(1826) Using 4 workers of 4 for evacuation
[2019-04-15T13:51:31.579+0200][573,738s] GC(1826) ParNew: 109248K->21605K(109248K)
[2019-04-15T13:51:31.579+0200][573,738s] GC(1826) CMS: 188988K->192194K(393216K)
[2019-04-15T13:51:31.579+0200][573,738s] GC(1826) Metaspace: 91678K->91678K(1132544K)
[2019-04-15T13:51:31.579+0200][573,738s] GC(1826) Pause Young (Allocation Failure) 291M->208M(490M) 18,164ms
[2019-04-15T13:51:31.579+0200][573,738s] GC(1826) User=0,06s Sys=0,00s Real=0,02s
[2019-04-15T13:51:31.696+0200][573,854s] GC(1827) Pause Young (Allocation Failure)
[2019-04-15T13:51:31.696+0200][573,855s] GC(1827) Using 4 workers of 4 for evacuation
[2019-04-15T13:51:31.705+0200][573,864s] GC(1827) ParNew: 109029K->20829K(109248K)
[2019-04-15T13:51:31.705+0200][573,864s] GC(1827) CMS: 192194K->196913K(393216K)
[2019-04-15T13:51:31.705+0200][573,864s] GC(1827) Metaspace: 91678K->91678K(1132544K)
[2019-04-15T13:51:31.705+0200][573,864s] GC(1827) Pause Young (Allocation Failure) 294M->212M(490M) 9,083ms
[2019-04-15T13:51:31.705+0200][573,864s] GC(1827) User=0,03s Sys=0,00s Real=0,00s
[2019-04-15T13:51:31.705+0200][573,864s] GC(1828) Pause Initial Mark
[2019-04-15T13:51:31.707+0200][573,866s] GC(1828) Pause Initial Mark 213M->213M(490M) 1,888ms
[2019-04-15T13:51:31.707+0200][573,866s] GC(1828) User=0,01s Sys=0,00s Real=0,01s
[2019-04-15T13:51:31.707+0200][573,866s] GC(1828) Concurrent Mark
[2019-04-15T13:51:31.707+0200][573,866s] GC(1828) Using 4 workers of 4 for marking
[2019-04-15T13:51:31.756+0200][573,915s] GC(1828) Concurrent Mark 48,975ms
[2019-04-15T13:51:31.756+0200][573,915s] GC(1828) User=0,19s Sys=0,00s Real=0,05s
[2019-04-15T13:51:31.756+0200][573,915s] GC(1828) Concurrent Preclean
[2019-04-15T13:51:31.757+0200][573,915s] GC(1828) Concurrent Preclean 0,762ms
[2019-04-15T13:51:31.757+0200][573,915s] GC(1828) User=0,00s Sys=0,00s Real=0,00s
[2019-04-15T13:51:31.757+0200][573,915s] GC(1828) Concurrent Abortable Preclean
[2019-04-15T13:51:31.818+0200][573,977s] GC(1829) Pause Young (Allocation Failure)
[2019-04-15T13:51:31.818+0200][573,977s] GC(1829) Using 4 workers of 4 for evacuation
[2019-04-15T13:51:31.826+0200][573,985s] GC(1829) ParNew: 108253K->16605K(109248K)
[2019-04-15T13:51:31.826+0200][573,985s] GC(1829) CMS: 196913K->196913K(393216K)
[2019-04-15T13:51:31.826+0200][573,985s] GC(1829) Metaspace: 91678K->91678K(1132544K)
[2019-04-15T13:51:31.826+0200][573,985s] GC(1829) Pause Young (Allocation Failure) 298M->208M(490M) 7,579ms
[2019-04-15T13:51:31.826+0200][573,985s] GC(1829) User=0,03s Sys=0,00s Real=0,01s
[2019-04-15T13:51:31.937+0200][574,096s] GC(1830) Pause Young (Allocation Failure)
[2019-04-15T13:51:31.937+0200][574,096s] GC(1830) Using 4 workers of 4 for evacuation
[2019-04-15T13:51:31.946+0200][574,104s] GC(1830) ParNew: 104029K->21824K(109248K)
[2019-04-15T13:51:31.946+0200][574,105s] GC(1830) CMS: 196913K->196914K(393216K)
[2019-04-15T13:51:31.946+0200][574,105s] GC(1830) Metaspace: 91678K->91678K(1132544K)
[2019-04-15T13:51:31.946+0200][574,105s] GC(1830) Pause Young (Allocation Failure) 293M->213M(490M) 8,806ms
[2019-04-15T13:51:31.946+0200][574,105s] GC(1830) User=0,02s Sys=0,01s Real=0,01s
[2019-04-15T13:51:31.946+0200][574,105s] GC(1828) Concurrent Abortable Preclean 189,096ms
[2019-04-15T13:51:31.946+0200][574,105s] GC(1828) User=0,31s Sys=0,03s Real=0,19s
[2019-04-15T13:51:31.946+0200][574,105s] GC(1828) Pause Remark
[2019-04-15T13:51:31.946+0200][574,105s] GC(1831) Pause Young (CMS Final Remark)
[2019-04-15T13:51:31.946+0200][574,105s] GC(1831) Using 4 workers of 4 for evacuation
[2019-04-15T13:51:31.954+0200][574,113s] GC(1831) ParNew: 22761K->19692K(109248K)
[2019-04-15T13:51:31.954+0200][574,113s] GC(1831) CMS: 196914K->197322K(393216K)
[2019-04-15T13:51:31.954+0200][574,113s] GC(1831) Metaspace: 91678K->91678K(1132544K)
[2019-04-15T13:51:31.954+0200][574,113s] GC(1831) Pause Young (CMS Final Remark) 214M->211M(490M) 8,163ms
[2019-04-15T13:51:31.954+0200][574,113s] GC(1831) User=0,03s Sys=0,00s Real=0,01s
[2019-04-15T13:51:31.992+0200][574,151s] GC(1828) Pause Remark 214M->211M(490M) 46,057ms
[2019-04-15T13:51:31.992+0200][574,151s] GC(1828) User=0,08s Sys=0,00s Real=0,04s
[2019-04-15T13:51:31.992+0200][574,151s] GC(1828) Concurrent Sweep
[2019-04-15T13:51:32.063+0200][574,222s] GC(1828) Concurrent Sweep 70,941ms
[2019-04-15T13:51:32.063+0200][574,222s] GC(1828) User=0,12s Sys=0,01s Real=0,07s
[2019-04-15T13:51:32.063+0200][574,222s] GC(1828) Concurrent Reset
[2019-04-15T13:51:32.064+0200][574,223s] GC(1828) Concurrent Reset 1,229ms
[2019-04-15T13:51:32.064+0200][574,223s] GC(1828) User=0,00s Sys=0,00s Real=0,00s
[2019-04-15T13:51:32.064+0200][574,223s] GC(1828) Old: 196913K->124545K(393216K)
[2019-04-15T13:51:32.192+0200][574,351s] GC(1832) Pause Young (Allocation Failure)
[2019-04-15T13:51:32.192+0200][574,351s] GC(1832) Using 4 workers of 4 for evacuation
[2019-04-15T13:51:32.202+0200][574,361s] GC(1832) ParNew: 107116K->21824K(109248K)
[2019-04-15T13:51:32.202+0200][574,361s] GC(1832) CMS: 124545K->127103K(393216K)
[2019-04-15T13:51:32.202+0200][574,361s] GC(1832) Metaspace: 91678K->91678K(1132544K)
[2019-04-15T13:51:32.202+0200][574,361s] GC(1832) Pause Young (Allocation Failure) 226M->145M(490M) 10,537ms
[2019-04-15T13:51:32.202+0200][574,361s] GC(1832) User=0,04s Sys=0,00s Real=0,01s
[2019-04-15T13:51:32.319+0200][574,478s] GC(1833) Pause Young (Allocation Failure)
[2019-04-15T13:51:32.319+0200][574,478s] GC(1833) Using 4 workers of 4 for evacuation
[2019-04-15T13:51:32.331+0200][574,490s] GC(1833) ParNew: 109248K->21824K(109248K)
[2019-04-15T13:51:32.331+0200][574,490s] GC(1833) CMS: 127103K->129077K(393216K)
[2019-04-15T13:51:32.331+0200][574,490s] GC(1833) Metaspace: 91681K->91681K(1132544K)
[2019-04-15T13:51:32.331+0200][574,490s] GC(1833) Pause Young (Allocation Failure) 230M->147M(490M) 12,697ms
[2019-04-15T13:51:32.331+0200][574,490s] GC(1833) User=0,04s Sys=0,01s Real=0,01s
[2019-04-15T13:51:32.557+0200][574,716s] GC(1834) Pause Young (Allocation Failure)
[2019-04-15T13:51:32.557+0200][574,716s] GC(1834) Using 4 workers of 4 for evacuation
[2019-04-15T13:51:32.570+0200][574,728s] GC(1834) ParNew: 109248K->21824K(109248K)
[2019-04-15T13:51:32.570+0200][574,729s] GC(1834) CMS: 129077K->133802K(393216K)
[2019-04-15T13:51:32.570+0200][574,729s] GC(1834) Metaspace: 91689K->91689K(1132544K)
[2019-04-15T13:51:32.570+0200][574,729s] GC(1834) Pause Young (Allocation Failure) 232M->151M(490M) 12,592ms
[2019-04-15T13:51:32.570+0200][574,729s] GC(1834) User=0,04s Sys=0,00s Real=0,01s
[2019-04-15T13:51:32.763+0200][574,922s] GC(1835) Pause Young (Allocation Failure)
[2019-04-15T13:51:32.764+0200][574,922s] GC(1835) Using 4 workers of 4 for evacuation
[2019-04-15T13:51:32.788+0200][574,947s] GC(1835) ParNew: 109248K->21824K(109248K)
[2019-04-15T13:51:32.788+0200][574,947s] GC(1835) CMS: 133802K->142593K(393216K)
[2019-04-15T13:51:32.788+0200][574,947s] GC(1835) Metaspace: 91696K->91696K(1132544K)
[2019-04-15T13:51:32.788+0200][574,947s] GC(1835) Pause Young (Allocation Failure) 237M->160M(490M) 24,397ms
[2019-04-15T13:51:32.788+0200][574,947s] GC(1835) User=0,08s Sys=0,00s Real=0,03s
[2019-04-15T13:51:32.995+0200][575,154s] GC(1836) Pause Young (Allocation Failure)
[2019-04-15T13:51:32.995+0200][575,154s] GC(1836) Using 4 workers of 4 for evacuation
[2019-04-15T13:51:33.016+0200][575,175s] GC(1836) ParNew: 109248K->21824K(109248K)
[2019-04-15T13:51:33.016+0200][575,175s] GC(1836) CMS: 142593K->148258K(393216K)
[2019-04-15T13:51:33.016+0200][575,175s] GC(1836) Metaspace: 91700K->91700K(1132544K)
[2019-04-15T13:51:33.016+0200][575,175s] GC(1836) Pause Young (Allocation Failure) 245M->166M(490M) 20,776ms
[2019-04-15T13:51:33.016+0200][575,175s] GC(1836) User=0,07s Sys=0,00s Real=0,02s
[2019-04-15T13:51:33.241+0200][575,400s] GC(1837) Pause Young (Allocation Failure)
[2019-04-15T13:51:33.241+0200][575,400s] GC(1837) Using 4 workers of 4 for evacuation
[2019-04-15T13:51:33.258+0200][575,417s] GC(1837) ParNew: 109248K->21824K(109248K)
[2019-04-15T13:51:33.258+0200][575,417s] GC(1837) CMS: 148258K->161241K(393216K)
[2019-04-15T13:51:33.258+0200][575,417s] GC(1837) Metaspace: 91700K->91700K(1132544K)
[2019-04-15T13:51:33.258+0200][575,417s] GC(1837) Pause Young (Allocation Failure) 251M->178M(490M) 17,219ms
[2019-04-15T13:51:33.258+0200][575,417s] GC(1837) User=0,06s Sys=0,00s Real=0,02s
[2019-04-15T13:51:33.388+0200][575,547s] GC(1838) Pause Young (Allocation Failure)
[2019-04-15T13:51:33.388+0200][575,547s] GC(1838) Using 4 workers of 4 for evacuation
[2019-04-15T13:51:33.411+0200][575,570s] GC(1838) ParNew: 109248K->21824K(109248K)
[2019-04-15T13:51:33.412+0200][575,570s] GC(1838) CMS: 161241K->162333K(393216K)
[2019-04-15T13:51:33.412+0200][575,570s] GC(1838) Metaspace: 91700K->91700K(1132544K)
[2019-04-15T13:51:33.412+0200][575,570s] GC(1838) Pause Young (Allocation Failure) 264M->179M(490M) 23,777ms
[2019-04-15T13:51:33.412+0200][575,570s] GC(1838) User=0,08s Sys=0,00s Real=0,02s
[2019-04-15T13:51:33.487+0200][575,646s] GC(1839) Pause Young (Allocation Failure)
[2019-04-15T13:51:33.487+0200][575,646s] GC(1839) Using 4 workers of 4 for evacuation
[2019-04-15T13:51:33.507+0200][575,666s] GC(1839) ParNew: 108851K->21824K(109248K)
[2019-04-15T13:51:33.507+0200][575,666s] GC(1839) CMS: 162333K->164875K(393216K)
[2019-04-15T13:51:33.507+0200][575,666s] GC(1839) Metaspace: 91701K->91701K(1132544K)
[2019-04-15T13:51:33.507+0200][575,666s] GC(1839) Pause Young (Allocation Failure) 264M->182M(490M) 19,586ms
[2019-04-15T13:51:33.507+0200][575,666s] GC(1839) User=0,06s Sys=0,00s Real=0,02s
[2019-04-15T13:51:33.586+0200][575,745s] GC(1840) Pause Young (Allocation Failure)
[2019-04-15T13:51:33.586+0200][575,745s] GC(1840) Using 4 workers of 4 for evacuation
[2019-04-15T13:51:33.624+0200][575,782s] GC(1840) ParNew: 109248K->21824K(109248K)
[2019-04-15T13:51:33.624+0200][575,782s] GC(1840) CMS: 164875K->174128K(393216K)
[2019-04-15T13:51:33.624+0200][575,782s] GC(1840) Metaspace: 91709K->91709K(1132544K)
[2019-04-15T13:51:33.624+0200][575,782s] GC(1840) Pause Young (Allocation Failure) 267M->191M(490M) 37,621ms
[2019-04-15T13:51:33.624+0200][575,783s] GC(1840) User=0,13s Sys=0,00s Real=0,03s
[2019-04-15T13:51:33.784+0200][575,943s] GC(1841) Pause Young (Allocation Failure)
[2019-04-15T13:51:33.784+0200][575,943s] GC(1841) Using 4 workers of 4 for evacuation
[2019-04-15T13:51:33.798+0200][575,957s] GC(1841) ParNew: 109248K->19673K(109248K)
[2019-04-15T13:51:33.798+0200][575,957s] GC(1841) CMS: 174128K->174128K(393216K)
[2019-04-15T13:51:33.798+0200][575,957s] GC(1841) Metaspace: 91709K->91709K(1132544K)
[2019-04-15T13:51:33.798+0200][575,957s] GC(1841) Pause Young (Allocation Failure) 276M->189M(490M) 14,702ms
[2019-04-15T13:51:33.798+0200][575,957s] GC(1841) User=0,05s Sys=0,00s Real=0,02s
[2019-04-15T13:51:34.052+0200][576,211s] GC(1842) Pause Young (Allocation Failure)
[2019-04-15T13:51:34.052+0200][576,211s] GC(1842) Using 4 workers of 4 for evacuation
[2019-04-15T13:51:34.070+0200][576,229s] GC(1842) ParNew: 106979K->21467K(109248K)
[2019-04-15T13:51:34.070+0200][576,229s] GC(1842) CMS: 174128K->174128K(393216K)
[2019-04-15T13:51:34.070+0200][576,229s] GC(1842) Metaspace: 91736K->91736K(1132544K)
[2019-04-15T13:51:34.070+0200][576,229s] GC(1842) Pause Young (Allocation Failure) 274M->191M(490M) 18,032ms
[2019-04-15T13:51:34.070+0200][576,229s] GC(1842) User=0,07s Sys=0,00s Real=0,02s
[2019-04-15T13:51:34.208+0200][576,367s] GC(1843) Pause Young (Allocation Failure)
[2019-04-15T13:51:34.209+0200][576,367s] GC(1843) Using 4 workers of 4 for evacuation
[2019-04-15T13:51:34.236+0200][576,394s] GC(1843) ParNew: 108891K->21824K(109248K)
[2019-04-15T13:51:34.236+0200][576,394s] GC(1843) CMS: 174128K->178733K(393216K)
[2019-04-15T13:51:34.236+0200][576,394s] GC(1843) Metaspace: 91778K->91778K(1132544K)
[2019-04-15T13:51:34.236+0200][576,395s] GC(1843) Pause Young (Allocation Failure) 276M->195M(490M) 27,124ms
[2019-04-15T13:51:34.236+0200][576,395s] GC(1843) User=0,11s Sys=0,00s Real=0,03s
[2019-04-15T13:51:34.478+0200][576,637s] GC(1844) Pause Young (Allocation Failure)
[2019-04-15T13:51:34.478+0200][576,637s] GC(1844) Using 4 workers of 4 for evacuation
[2019-04-15T13:51:34.502+0200][576,661s] GC(1844) ParNew: 109248K->21824K(109248K)
[2019-04-15T13:51:34.503+0200][576,661s] GC(1844) CMS: 178733K->184205K(393216K)
[2019-04-15T13:51:34.503+0200][576,661s] GC(1844) Metaspace: 91784K->91784K(1132544K)
[2019-04-15T13:51:34.503+0200][576,661s] GC(1844) Pause Young (Allocation Failure) 281M->201M(490M) 24,558ms
[2019-04-15T13:51:34.503+0200][576,661s] GC(1844) User=0,09s Sys=0,00s Real=0,02s
[2019-04-15T13:51:34.662+0200][576,821s] GC(1845) Pause Young (Allocation Failure)
[2019-04-15T13:51:34.662+0200][576,821s] GC(1845) Using 4 workers of 4 for evacuation
[2019-04-15T13:51:34.680+0200][576,839s] GC(1845) ParNew: 109248K->21824K(109248K)
[2019-04-15T13:51:34.680+0200][576,839s] GC(1845) CMS: 184205K->190484K(393216K)
[2019-04-15T13:51:34.680+0200][576,839s] GC(1845) Metaspace: 91788K->91788K(1132544K)
[2019-04-15T13:51:34.680+0200][576,839s] GC(1845) Pause Young (Allocation Failure) 286M->207M(490M) 17,872ms
[2019-04-15T13:51:34.680+0200][576,839s] GC(1845) User=0,06s Sys=0,00s Real=0,02s
[2019-04-15T13:51:34.779+0200][576,938s] GC(1846) Pause Young (Allocation Failure)
[2019-04-15T13:51:34.779+0200][576,938s] GC(1846) Using 4 workers of 4 for evacuation
[2019-04-15T13:51:34.797+0200][576,956s] GC(1846) ParNew: 109248K->21824K(109248K)
[2019-04-15T13:51:34.797+0200][576,956s] GC(1846) CMS: 190484K->193429K(393216K)
[2019-04-15T13:51:34.797+0200][576,956s] GC(1846) Metaspace: 91788K->91788K(1132544K)
[2019-04-15T13:51:34.797+0200][576,956s] GC(1846) Pause Young (Allocation Failure) 292M->210M(490M) 18,003ms
[2019-04-15T13:51:34.797+0200][576,956s] GC(1846) User=0,06s Sys=0,00s Real=0,02s
[2019-04-15T13:51:34.880+0200][577,039s] GC(1847) Pause Young (Allocation Failure)
[2019-04-15T13:51:34.880+0200][577,039s] GC(1847) Using 4 workers of 4 for evacuation
[2019-04-15T13:51:34.897+0200][577,056s] GC(1847) ParNew: 109248K->21824K(109248K)
[2019-04-15T13:51:34.897+0200][577,056s] GC(1847) CMS: 193429K->195132K(393216K)
[2019-04-15T13:51:34.897+0200][577,056s] GC(1847) Metaspace: 91788K->91788K(1132544K)
[2019-04-15T13:51:34.897+0200][577,056s] GC(1847) Pause Young (Allocation Failure) 295M->211M(490M) 16,938ms
[2019-04-15T13:51:34.897+0200][577,056s] GC(1847) User=0,06s Sys=0,00s Real=0,02s
[2019-04-15T13:51:34.968+0200][577,127s] GC(1848) Pause Young (Allocation Failure)
[2019-04-15T13:51:34.968+0200][577,127s] GC(1848) Using 4 workers of 4 for evacuation
[2019-04-15T13:51:34.984+0200][577,142s] GC(1848) ParNew: 109248K->21824K(109248K)
[2019-04-15T13:51:34.984+0200][577,142s] GC(1848) CMS: 195132K->198678K(393216K)
[2019-04-15T13:51:34.984+0200][577,142s] GC(1848) Metaspace: 91788K->91788K(1132544K)
[2019-04-15T13:51:34.984+0200][577,143s] GC(1848) Pause Young (Allocation Failure) 297M->215M(490M) 15,823ms
[2019-04-15T13:51:34.984+0200][577,143s] GC(1848) User=0,06s Sys=0,00s Real=0,01s
[2019-04-15T13:51:34.985+0200][577,144s] GC(1849) Pause Initial Mark
[2019-04-15T13:51:34.989+0200][577,148s] GC(1849) Pause Initial Mark 217M->217M(490M) 4,004ms
[2019-04-15T13:51:34.989+0200][577,148s] GC(1849) User=0,02s Sys=0,00s Real=0,00s
[2019-04-15T13:51:34.989+0200][577,148s] GC(1849) Concurrent Mark
[2019-04-15T13:51:34.989+0200][577,148s] GC(1849) Using 4 workers of 4 for marking
[2019-04-15T13:51:35.041+0200][577,200s] GC(1849) Concurrent Mark 52,134ms
[2019-04-15T13:51:35.041+0200][577,200s] GC(1849) User=0,19s Sys=0,00s Real=0,05s
[2019-04-15T13:51:35.041+0200][577,200s] GC(1849) Concurrent Preclean
[2019-04-15T13:51:35.043+0200][577,202s] GC(1849) Concurrent Preclean 1,410ms
[2019-04-15T13:51:35.043+0200][577,202s] GC(1849) User=0,00s Sys=0,00s Real=0,00s
[2019-04-15T13:51:35.043+0200][577,202s] GC(1849) Concurrent Abortable Preclean
[2019-04-15T13:51:35.122+0200][577,281s] GC(1850) Pause Young (Allocation Failure)
[2019-04-15T13:51:35.122+0200][577,281s] GC(1850) Using 4 workers of 4 for evacuation
[2019-04-15T13:51:35.134+0200][577,293s] GC(1850) ParNew: 109248K->21824K(109248K)
[2019-04-15T13:51:35.134+0200][577,293s] GC(1850) CMS: 198678K->199152K(393216K)
[2019-04-15T13:51:35.134+0200][577,293s] GC(1850) Metaspace: 91788K->91788K(1132544K)
[2019-04-15T13:51:35.134+0200][577,293s] GC(1850) Pause Young (Allocation Failure) 300M->215M(490M) 11,746ms
[2019-04-15T13:51:35.134+0200][577,293s] GC(1850) User=0,04s Sys=0,00s Real=0,02s
[2019-04-15T13:51:35.213+0200][577,372s] GC(1851) Pause Young (Allocation Failure)
[2019-04-15T13:51:35.213+0200][577,372s] GC(1851) Using 4 workers of 4 for evacuation
[2019-04-15T13:51:35.223+0200][577,382s] GC(1851) ParNew: 109248K->21824K(109248K)
[2019-04-15T13:51:35.223+0200][577,382s] GC(1851) CMS: 199152K->199173K(393216K)
[2019-04-15T13:51:35.223+0200][577,382s] GC(1851) Metaspace: 91788K->91788K(1132544K)
[2019-04-15T13:51:35.223+0200][577,382s] GC(1851) Pause Young (Allocation Failure) 301M->215M(490M) 9,854ms
[2019-04-15T13:51:35.223+0200][577,382s] GC(1851) User=0,03s Sys=0,00s Real=0,00s
[2019-04-15T13:51:35.223+0200][577,382s] GC(1849) Concurrent Abortable Preclean 180,189ms
[2019-04-15T13:51:35.223+0200][577,382s] GC(1849) User=0,41s Sys=0,01s Real=0,18s
[2019-04-15T13:51:35.223+0200][577,382s] GC(1849) Pause Remark
[2019-04-15T13:51:35.223+0200][577,382s] GC(1852) Pause Young (CMS Final Remark)
[2019-04-15T13:51:35.223+0200][577,382s] GC(1852) Using 4 workers of 4 for evacuation
[2019-04-15T13:51:35.235+0200][577,394s] GC(1852) ParNew: 22953K->21164K(109248K)
[2019-04-15T13:51:35.235+0200][577,394s] GC(1852) CMS: 199173K->203759K(393216K)
[2019-04-15T13:51:35.235+0200][577,394s] GC(1852) Metaspace: 91788K->91788K(1132544K)
[2019-04-15T13:51:35.235+0200][577,394s] GC(1852) Pause Young (CMS Final Remark) 216M->219M(490M) 11,594ms
[2019-04-15T13:51:35.235+0200][577,394s] GC(1852) User=0,04s Sys=0,00s Real=0,02s
[2019-04-15T13:51:35.273+0200][577,432s] GC(1849) Pause Remark 216M->219M(490M) 49,984ms
[2019-04-15T13:51:35.273+0200][577,432s] GC(1849) User=0,10s Sys=0,00s Real=0,06s
[2019-04-15T13:51:35.273+0200][577,432s] GC(1849) Concurrent Sweep
[2019-04-15T13:51:35.341+0200][577,500s] GC(1849) Concurrent Sweep 68,085ms
[2019-04-15T13:51:35.341+0200][577,500s] GC(1849) User=0,13s Sys=0,00s Real=0,06s
[2019-04-15T13:51:35.341+0200][577,500s] GC(1849) Concurrent Reset
[2019-04-15T13:51:35.342+0200][577,501s] GC(1849) Concurrent Reset 0,386ms
[2019-04-15T13:51:35.342+0200][577,501s] GC(1849) User=0,00s Sys=0,00s Real=0,00s
[2019-04-15T13:51:35.342+0200][577,501s] GC(1849) Old: 198678K->118554K(393216K)
[2019-04-15T13:51:35.373+0200][577,531s] GC(1853) Pause Young (Allocation Failure)
[2019-04-15T13:51:35.373+0200][577,532s] GC(1853) Using 4 workers of 4 for evacuation
[2019-04-15T13:51:35.385+0200][577,544s] GC(1853) ParNew: 108588K->14832K(109248K)
[2019-04-15T13:51:35.385+0200][577,544s] GC(1853) CMS: 118554K->123763K(393216K)
[2019-04-15T13:51:35.385+0200][577,544s] GC(1853) Metaspace: 91788K->91788K(1132544K)
[2019-04-15T13:51:35.385+0200][577,544s] GC(1853) Pause Young (Allocation Failure) 221M->135M(490M) 12,783ms
[2019-04-15T13:51:35.385+0200][577,544s] GC(1853) User=0,04s Sys=0,00s Real=0,02s
[2019-04-15T13:51:35.484+0200][577,643s] GC(1854) Pause Young (Allocation Failure)
[2019-04-15T13:51:35.484+0200][577,643s] GC(1854) Using 4 workers of 4 for evacuation
[2019-04-15T13:51:35.492+0200][577,651s] GC(1854) ParNew: 102256K->18837K(109248K)
[2019-04-15T13:51:35.492+0200][577,651s] GC(1854) CMS: 123763K->124526K(393216K)
[2019-04-15T13:51:35.492+0200][577,651s] GC(1854) Metaspace: 91788K->91788K(1132544K)
[2019-04-15T13:51:35.492+0200][577,651s] GC(1854) Pause Young (Allocation Failure) 220M->140M(490M) 8,002ms
[2019-04-15T13:51:35.492+0200][577,651s] GC(1854) User=0,02s Sys=0,00s Real=0,01s
[2019-04-15T13:51:35.605+0200][577,763s] GC(1855) Pause Young (Allocation Failure)
[2019-04-15T13:51:35.605+0200][577,764s] GC(1855) Using 4 workers of 4 for evacuation
[2019-04-15T13:51:35.614+0200][577,773s] GC(1855) ParNew: 106261K->18730K(109248K)
[2019-04-15T13:51:35.614+0200][577,773s] GC(1855) CMS: 124526K->125205K(393216K)
[2019-04-15T13:51:35.614+0200][577,773s] GC(1855) Metaspace: 91788K->91788K(1132544K)
[2019-04-15T13:51:35.614+0200][577,773s] GC(1855) Pause Young (Allocation Failure) 225M->140M(490M) 9,285ms
[2019-04-15T13:51:35.614+0200][577,773s] GC(1855) User=0,03s Sys=0,00s Real=0,02s
[2019-04-15T13:51:35.691+0200][577,850s] GC(1856) Pause Young (Allocation Failure)
[2019-04-15T13:51:35.692+0200][577,850s] GC(1856) Using 4 workers of 4 for evacuation
[2019-04-15T13:51:35.700+0200][577,859s] GC(1856) ParNew: 106154K->17446K(109248K)
[2019-04-15T13:51:35.700+0200][577,859s] GC(1856) CMS: 125205K->126364K(393216K)
[2019-04-15T13:51:35.700+0200][577,859s] GC(1856) Metaspace: 91788K->91788K(1132544K)
[2019-04-15T13:51:35.700+0200][577,859s] GC(1856) Pause Young (Allocation Failure) 225M->140M(490M) 8,379ms
[2019-04-15T13:51:35.700+0200][577,859s] GC(1856) User=0,02s Sys=0,00s Real=0,01s
[2019-04-15T13:51:35.785+0200][577,944s] GC(1857) Pause Young (Allocation Failure)
[2019-04-15T13:51:35.785+0200][577,944s] GC(1857) Using 4 workers of 4 for evacuation
[2019-04-15T13:51:35.792+0200][577,951s] GC(1857) ParNew: 104870K->18209K(109248K)
[2019-04-15T13:51:35.792+0200][577,951s] GC(1857) CMS: 126364K->126748K(393216K)
[2019-04-15T13:51:35.792+0200][577,951s] GC(1857) Metaspace: 91788K->91788K(1132544K)
[2019-04-15T13:51:35.792+0200][577,951s] GC(1857) Pause Young (Allocation Failure) 225M->141M(490M) 7,667ms
[2019-04-15T13:51:35.792+0200][577,951s] GC(1857) User=0,02s Sys=0,00s Real=0,01s
[2019-04-15T13:51:35.868+0200][578,027s] GC(1858) Pause Young (Allocation Failure)
[2019-04-15T13:51:35.868+0200][578,027s] GC(1858) Using 4 workers of 4 for evacuation
[2019-04-15T13:51:35.877+0200][578,036s] GC(1858) ParNew: 105633K->18336K(109248K)
[2019-04-15T13:51:35.877+0200][578,036s] GC(1858) CMS: 126748K->128082K(393216K)
[2019-04-15T13:51:35.877+0200][578,036s] GC(1858) Metaspace: 91788K->91788K(1132544K)
[2019-04-15T13:51:35.877+0200][578,036s] GC(1858) Pause Young (Allocation Failure) 226M->142M(490M) 8,709ms
[2019-04-15T13:51:35.877+0200][578,036s] GC(1858) User=0,03s Sys=0,00s Real=0,01s
[2019-04-15T13:51:35.952+0200][578,111s] GC(1859) Pause Young (Allocation Failure)
[2019-04-15T13:51:35.952+0200][578,111s] GC(1859) Using 4 workers of 4 for evacuation
[2019-04-15T13:51:35.960+0200][578,119s] GC(1859) ParNew: 105760K->19082K(109248K)
[2019-04-15T13:51:35.960+0200][578,119s] GC(1859) CMS: 128082K->128082K(393216K)
[2019-04-15T13:51:35.960+0200][578,119s] GC(1859) Metaspace: 91788K->91788K(1132544K)
[2019-04-15T13:51:35.960+0200][578,119s] GC(1859) Pause Young (Allocation Failure) 228M->143M(490M) 7,978ms
[2019-04-15T13:51:35.960+0200][578,119s] GC(1859) User=0,03s Sys=0,00s Real=0,01s
[2019-04-15T13:51:36.076+0200][578,235s] GC(1860) Pause Young (Allocation Failure)
[2019-04-15T13:51:36.076+0200][578,235s] GC(1860) Using 4 workers of 4 for evacuation
[2019-04-15T13:51:36.084+0200][578,243s] GC(1860) ParNew: 106506K->19886K(109248K)
[2019-04-15T13:51:36.084+0200][578,243s] GC(1860) CMS: 128082K->128082K(393216K)
[2019-04-15T13:51:36.084+0200][578,243s] GC(1860) Metaspace: 91788K->91788K(1132544K)
[2019-04-15T13:51:36.084+0200][578,243s] GC(1860) Pause Young (Allocation Failure) 229M->144M(490M) 7,765ms
[2019-04-15T13:51:36.084+0200][578,243s] GC(1860) User=0,02s Sys=0,00s Real=0,00s
[2019-04-15T13:51:36.162+0200][578,321s] GC(1861) Pause Young (Allocation Failure)
[2019-04-15T13:51:36.162+0200][578,321s] GC(1861) Using 4 workers of 4 for evacuation
[2019-04-15T13:51:36.169+0200][578,328s] GC(1861) ParNew: 107310K->17315K(109248K)
[2019-04-15T13:51:36.169+0200][578,328s] GC(1861) CMS: 128082K->128231K(393216K)
[2019-04-15T13:51:36.169+0200][578,328s] GC(1861) Metaspace: 91788K->91788K(1132544K)
[2019-04-15T13:51:36.169+0200][578,328s] GC(1861) Pause Young (Allocation Failure) 229M->142M(490M) 6,943ms
[2019-04-15T13:51:36.169+0200][578,328s] GC(1861) User=0,03s Sys=0,00s Real=0,01s
[2019-04-15T13:51:36.251+0200][578,410s] GC(1862) Pause Young (Allocation Failure)
[2019-04-15T13:51:36.251+0200][578,410s] GC(1862) Using 4 workers of 4 for evacuation
[2019-04-15T13:51:36.258+0200][578,417s] GC(1862) ParNew: 104739K->21824K(109248K)
[2019-04-15T13:51:36.258+0200][578,417s] GC(1862) CMS: 128231K->128385K(393216K)
[2019-04-15T13:51:36.258+0200][578,417s] GC(1862) Metaspace: 91788K->91788K(1132544K)
[2019-04-15T13:51:36.258+0200][578,417s] GC(1862) Pause Young (Allocation Failure) 227M->146M(490M) 7,302ms
[2019-04-15T13:51:36.258+0200][578,417s] GC(1862) User=0,03s Sys=0,00s Real=0,01s
[2019-04-15T13:51:36.339+0200][578,498s] GC(1863) Pause Young (Allocation Failure)
[2019-04-15T13:51:36.339+0200][578,498s] GC(1863) Using 4 workers of 4 for evacuation
[2019-04-15T13:51:36.346+0200][578,505s] GC(1863) ParNew: 109248K->21824K(109248K)
[2019-04-15T13:51:36.346+0200][578,505s] GC(1863) CMS: 128385K->128392K(393216K)
[2019-04-15T13:51:36.346+0200][578,505s] GC(1863) Metaspace: 91788K->91788K(1132544K)
[2019-04-15T13:51:36.346+0200][578,505s] GC(1863) Pause Young (Allocation Failure) 232M->146M(490M) 7,032ms
[2019-04-15T13:51:36.346+0200][578,505s] GC(1863) User=0,02s Sys=0,00s Real=0,01s
[2019-04-15T13:51:36.428+0200][578,586s] GC(1864) Pause Young (Allocation Failure)
[2019-04-15T13:51:36.428+0200][578,586s] GC(1864) Using 4 workers of 4 for evacuation
[2019-04-15T13:51:36.434+0200][578,593s] GC(1864) ParNew: 109248K->21824K(109248K)
[2019-04-15T13:51:36.434+0200][578,593s] GC(1864) CMS: 128392K->128394K(393216K)
[2019-04-15T13:51:36.434+0200][578,593s] GC(1864) Metaspace: 91788K->91788K(1132544K)
[2019-04-15T13:51:36.434+0200][578,593s] GC(1864) Pause Young (Allocation Failure) 232M->146M(490M) 6,720ms
[2019-04-15T13:51:36.434+0200][578,593s] GC(1864) User=0,03s Sys=0,00s Real=0,01s
[2019-04-15T13:51:36.509+0200][578,668s] GC(1865) Pause Young (Allocation Failure)
[2019-04-15T13:51:36.509+0200][578,668s] GC(1865) Using 4 workers of 4 for evacuation
[2019-04-15T13:51:36.517+0200][578,676s] GC(1865) ParNew: 109248K->21824K(109248K)
[2019-04-15T13:51:36.517+0200][578,676s] GC(1865) CMS: 128394K->128439K(393216K)
[2019-04-15T13:51:36.517+0200][578,676s] GC(1865) Metaspace: 91788K->91788K(1132544K)
[2019-04-15T13:51:36.517+0200][578,676s] GC(1865) Pause Young (Allocation Failure) 232M->146M(490M) 8,380ms
[2019-04-15T13:51:36.517+0200][578,676s] GC(1865) User=0,02s Sys=0,00s Real=0,01s
[2019-04-15T13:51:36.595+0200][578,754s] GC(1866) Pause Young (Allocation Failure)
[2019-04-15T13:51:36.595+0200][578,754s] GC(1866) Using 4 workers of 4 for evacuation
[2019-04-15T13:51:36.604+0200][578,762s] GC(1866) ParNew: 109248K->21593K(109248K)
[2019-04-15T13:51:36.604+0200][578,762s] GC(1866) CMS: 128439K->128440K(393216K)
[2019-04-15T13:51:36.604+0200][578,762s] GC(1866) Metaspace: 91788K->91788K(1132544K)
[2019-04-15T13:51:36.604+0200][578,762s] GC(1866) Pause Young (Allocation Failure) 232M->146M(490M) 8,323ms
[2019-04-15T13:51:36.604+0200][578,763s] GC(1866) User=0,03s Sys=0,00s Real=0,00s
[2019-04-15T13:51:36.686+0200][578,845s] GC(1867) Pause Young (Allocation Failure)
[2019-04-15T13:51:36.686+0200][578,845s] GC(1867) Using 4 workers of 4 for evacuation
[2019-04-15T13:51:36.693+0200][578,852s] GC(1867) ParNew: 109017K->21824K(109248K)
[2019-04-15T13:51:36.693+0200][578,852s] GC(1867) CMS: 128440K->128443K(393216K)
[2019-04-15T13:51:36.693+0200][578,852s] GC(1867) Metaspace: 91788K->91788K(1132544K)
[2019-04-15T13:51:36.693+0200][578,852s] GC(1867) Pause Young (Allocation Failure) 231M->146M(490M) 7,206ms
[2019-04-15T13:51:36.693+0200][578,852s] GC(1867) User=0,03s Sys=0,00s Real=0,01s
[2019-04-15T13:51:36.763+0200][578,922s] GC(1868) Pause Young (Allocation Failure)
[2019-04-15T13:51:36.763+0200][578,922s] GC(1868) Using 4 workers of 4 for evacuation
[2019-04-15T13:51:36.772+0200][578,931s] GC(1868) ParNew: 109248K->10312K(109248K)
[2019-04-15T13:51:36.772+0200][578,931s] GC(1868) CMS: 128443K->137978K(393216K)
[2019-04-15T13:51:36.772+0200][578,931s] GC(1868) Metaspace: 91788K->91788K(1132544K)
[2019-04-15T13:51:36.772+0200][578,931s] GC(1868) Pause Young (Allocation Failure) 232M->144M(490M) 8,598ms
[2019-04-15T13:51:36.772+0200][578,931s] GC(1868) User=0,02s Sys=0,00s Real=0,01s
[2019-04-15T13:51:36.848+0200][579,007s] GC(1869) Pause Young (Allocation Failure)
[2019-04-15T13:51:36.848+0200][579,007s] GC(1869) Using 4 workers of 4 for evacuation
[2019-04-15T13:51:36.854+0200][579,013s] GC(1869) ParNew: 97736K->8017K(109248K)
[2019-04-15T13:51:36.854+0200][579,013s] GC(1869) CMS: 137978K->137978K(393216K)
[2019-04-15T13:51:36.854+0200][579,013s] GC(1869) Metaspace: 91788K->91788K(1132544K)
[2019-04-15T13:51:36.854+0200][579,013s] GC(1869) Pause Young (Allocation Failure) 230M->142M(490M) 5,924ms
[2019-04-15T13:51:36.854+0200][579,013s] GC(1869) User=0,02s Sys=0,00s Real=0,01s
[2019-04-15T13:51:36.936+0200][579,095s] GC(1870) Pause Young (Allocation Failure)
[2019-04-15T13:51:36.936+0200][579,095s] GC(1870) Using 4 workers of 4 for evacuation
[2019-04-15T13:51:36.944+0200][579,103s] GC(1870) ParNew: 95441K->12673K(109248K)
[2019-04-15T13:51:36.944+0200][579,103s] GC(1870) CMS: 137978K->137998K(393216K)
[2019-04-15T13:51:36.944+0200][579,103s] GC(1870) Metaspace: 91788K->91788K(1132544K)
[2019-04-15T13:51:36.944+0200][579,103s] GC(1870) Pause Young (Allocation Failure) 227M->147M(490M) 7,887ms
[2019-04-15T13:51:36.944+0200][579,103s] GC(1870) User=0,03s Sys=0,00s Real=0,00s
[2019-04-15T13:51:37.020+0200][579,179s] GC(1871) Pause Young (Allocation Failure)
[2019-04-15T13:51:37.020+0200][579,179s] GC(1871) Using 4 workers of 4 for evacuation
[2019-04-15T13:51:37.034+0200][579,193s] GC(1871) ParNew: 100097K->11184K(109248K)
[2019-04-15T13:51:37.034+0200][579,193s] GC(1871) CMS: 137998K->137998K(393216K)
[2019-04-15T13:51:37.034+0200][579,193s] GC(1871) Metaspace: 91788K->91788K(1132544K)
[2019-04-15T13:51:37.034+0200][579,193s] GC(1871) Pause Young (Allocation Failure) 232M->145M(490M) 14,618ms
[2019-04-15T13:51:37.034+0200][579,193s] GC(1871) User=0,03s Sys=0,00s Real=0,02s
[2019-04-15T13:51:37.112+0200][579,271s] GC(1872) Pause Young (Allocation Failure)
[2019-04-15T13:51:37.112+0200][579,271s] GC(1872) Using 4 workers of 4 for evacuation
[2019-04-15T13:51:37.118+0200][579,277s] GC(1872) ParNew: 98608K->9595K(109248K)
[2019-04-15T13:51:37.118+0200][579,277s] GC(1872) CMS: 137998K->137998K(393216K)
[2019-04-15T13:51:37.118+0200][579,277s] GC(1872) Metaspace: 91788K->91788K(1132544K)
[2019-04-15T13:51:37.118+0200][579,277s] GC(1872) Pause Young (Allocation Failure) 231M->144M(490M) 6,021ms
[2019-04-15T13:51:37.118+0200][579,277s] GC(1872) User=0,02s Sys=0,00s Real=0,01s
[2019-04-15T13:51:37.215+0200][579,374s] GC(1873) Pause Young (Allocation Failure)
[2019-04-15T13:51:37.215+0200][579,374s] GC(1873) Using 4 workers of 4 for evacuation
[2019-04-15T13:51:37.223+0200][579,382s] GC(1873) ParNew: 97019K->14783K(109248K)
[2019-04-15T13:51:37.223+0200][579,382s] GC(1873) CMS: 137998K->137998K(393216K)
[2019-04-15T13:51:37.223+0200][579,382s] GC(1873) Metaspace: 91788K->91788K(1132544K)
[2019-04-15T13:51:37.223+0200][579,382s] GC(1873) Pause Young (Allocation Failure) 229M->149M(490M) 7,834ms
[2019-04-15T13:51:37.223+0200][579,382s] GC(1873) User=0,02s Sys=0,00s Real=0,00s
[2019-04-15T13:51:37.320+0200][579,479s] GC(1874) Pause Young (Allocation Failure)
[2019-04-15T13:51:37.320+0200][579,479s] GC(1874) Using 4 workers of 4 for evacuation
[2019-04-15T13:51:37.328+0200][579,487s] GC(1874) ParNew: 102207K->21824K(109248K)
[2019-04-15T13:51:37.328+0200][579,487s] GC(1874) CMS: 137998K->138396K(393216K)
[2019-04-15T13:51:37.328+0200][579,487s] GC(1874) Metaspace: 91788K->91788K(1132544K)
[2019-04-15T13:51:37.328+0200][579,487s] GC(1874) Pause Young (Allocation Failure) 234M->156M(490M) 8,244ms
[2019-04-15T13:51:37.328+0200][579,487s] GC(1874) User=0,03s Sys=0,00s Real=0,01s
[2019-04-15T13:51:37.407+0200][579,566s] GC(1875) Pause Young (Allocation Failure)
[2019-04-15T13:51:37.407+0200][579,566s] GC(1875) Using 4 workers of 4 for evacuation
[2019-04-15T13:51:37.416+0200][579,575s] GC(1875) ParNew: 109248K->21824K(109248K)
[2019-04-15T13:51:37.416+0200][579,575s] GC(1875) CMS: 138396K->144910K(393216K)
[2019-04-15T13:51:37.416+0200][579,575s] GC(1875) Metaspace: 91788K->91788K(1132544K)
[2019-04-15T13:51:37.416+0200][579,575s] GC(1875) Pause Young (Allocation Failure) 241M->162M(490M) 8,524ms
[2019-04-15T13:51:37.416+0200][579,575s] GC(1875) User=0,03s Sys=0,00s Real=0,01s
[2019-04-15T13:51:37.499+0200][579,658s] GC(1876) Pause Young (Allocation Failure)
[2019-04-15T13:51:37.499+0200][579,658s] GC(1876) Using 4 workers of 4 for evacuation
[2019-04-15T13:51:37.506+0200][579,665s] GC(1876) ParNew: 109248K->17764K(109248K)
[2019-04-15T13:51:37.506+0200][579,665s] GC(1876) CMS: 144910K->144910K(393216K)
[2019-04-15T13:51:37.506+0200][579,665s] GC(1876) Metaspace: 91788K->91788K(1132544K)
[2019-04-15T13:51:37.506+0200][579,665s] GC(1876) Pause Young (Allocation Failure) 248M->158M(490M) 6,560ms
[2019-04-15T13:51:37.506+0200][579,665s] GC(1876) User=0,03s Sys=0,00s Real=0,01s
[2019-04-15T13:51:37.589+0200][579,748s] GC(1877) Pause Young (Allocation Failure)
[2019-04-15T13:51:37.590+0200][579,748s] GC(1877) Using 4 workers of 4 for evacuation
[2019-04-15T13:51:37.596+0200][579,755s] GC(1877) ParNew: 105188K->21824K(109248K)
[2019-04-15T13:51:37.596+0200][579,755s] GC(1877) CMS: 144910K->144910K(393216K)
[2019-04-15T13:51:37.596+0200][579,755s] GC(1877) Metaspace: 91788K->91788K(1132544K)
[2019-04-15T13:51:37.597+0200][579,755s] GC(1877) Pause Young (Allocation Failure) 244M->162M(490M) 7,034ms
[2019-04-15T13:51:37.597+0200][579,755s] GC(1877) User=0,02s Sys=0,00s Real=0,01s
[2019-04-15T13:51:37.667+0200][579,826s] GC(1878) Pause Young (Allocation Failure)
[2019-04-15T13:51:37.667+0200][579,826s] GC(1878) Using 4 workers of 4 for evacuation
[2019-04-15T13:51:37.675+0200][579,834s] GC(1878) ParNew: 109248K->19181K(109248K)
[2019-04-15T13:51:37.675+0200][579,834s] GC(1878) CMS: 144910K->144910K(393216K)
[2019-04-15T13:51:37.675+0200][579,834s] GC(1878) Metaspace: 91788K->91788K(1132544K)
[2019-04-15T13:51:37.675+0200][579,834s] GC(1878) Pause Young (Allocation Failure) 248M->160M(490M) 7,333ms
[2019-04-15T13:51:37.675+0200][579,834s] GC(1878) User=0,02s Sys=0,00s Real=0,01s
[2019-04-15T13:51:37.752+0200][579,911s] GC(1879) Pause Young (Allocation Failure)
[2019-04-15T13:51:37.752+0200][579,911s] GC(1879) Using 4 workers of 4 for evacuation
[2019-04-15T13:51:37.760+0200][579,919s] GC(1879) ParNew: 106605K->18835K(109248K)
[2019-04-15T13:51:37.760+0200][579,919s] GC(1879) CMS: 144910K->144910K(393216K)
[2019-04-15T13:51:37.760+0200][579,919s] GC(1879) Metaspace: 91788K->91788K(1132544K)
[2019-04-15T13:51:37.760+0200][579,919s] GC(1879) Pause Young (Allocation Failure) 245M->159M(490M) 8,829ms
[2019-04-15T13:51:37.760+0200][579,919s] GC(1879) User=0,03s Sys=0,00s Real=0,01s
[2019-04-15T13:51:37.849+0200][580,008s] GC(1880) Pause Young (Allocation Failure)
[2019-04-15T13:51:37.849+0200][580,008s] GC(1880) Using 4 workers of 4 for evacuation
[2019-04-15T13:51:37.859+0200][580,018s] GC(1880) ParNew: 106259K->21824K(109248K)
[2019-04-15T13:51:37.859+0200][580,018s] GC(1880) CMS: 144910K->144910K(393216K)
[2019-04-15T13:51:37.859+0200][580,018s] GC(1880) Metaspace: 91788K->91788K(1132544K)
[2019-04-15T13:51:37.859+0200][580,018s] GC(1880) Pause Young (Allocation Failure) 245M->162M(490M) 9,955ms
[2019-04-15T13:51:37.859+0200][580,018s] GC(1880) User=0,03s Sys=0,00s Real=0,01s
[2019-04-15T13:51:37.970+0200][580,129s] GC(1881) Pause Young (Allocation Failure)
[2019-04-15T13:51:37.970+0200][580,129s] GC(1881) Using 4 workers of 4 for evacuation
[2019-04-15T13:51:37.979+0200][580,138s] GC(1881) ParNew: 109248K->20370K(109248K)
[2019-04-15T13:51:37.979+0200][580,138s] GC(1881) CMS: 144910K->149469K(393216K)
[2019-04-15T13:51:37.979+0200][580,138s] GC(1881) Metaspace: 91789K->91789K(1132544K)
[2019-04-15T13:51:37.979+0200][580,138s] GC(1881) Pause Young (Allocation Failure) 248M->165M(490M) 9,206ms
[2019-04-15T13:51:37.979+0200][580,138s] GC(1881) User=0,03s Sys=0,00s Real=0,01s
[2019-04-15T13:51:38.323+0200][580,482s] GC(1882) Pause Young (Allocation Failure)
[2019-04-15T13:51:38.323+0200][580,482s] GC(1882) Using 4 workers of 4 for evacuation
[2019-04-15T13:51:38.332+0200][580,491s] GC(1882) ParNew: 107794K->16131K(109248K)
[2019-04-15T13:51:38.332+0200][580,491s] GC(1882) CMS: 149469K->152790K(393216K)
[2019-04-15T13:51:38.332+0200][580,491s] GC(1882) Metaspace: 91913K->91913K(1134592K)
[2019-04-15T13:51:38.332+0200][580,491s] GC(1882) Pause Young (Allocation Failure) 251M->164M(490M) 8,668ms
[2019-04-15T13:51:38.332+0200][580,491s] GC(1882) User=0,03s Sys=0,00s Real=0,01s
[2019-04-15T13:51:38.512+0200][580,671s] GC(1883) Pause Young (Allocation Failure)
[2019-04-15T13:51:38.512+0200][580,671s] GC(1883) Using 4 workers of 4 for evacuation
[2019-04-15T13:51:38.519+0200][580,678s] GC(1883) ParNew: 102850K->20560K(109248K)
[2019-04-15T13:51:38.519+0200][580,678s] GC(1883) CMS: 152790K->152790K(393216K)
[2019-04-15T13:51:38.519+0200][580,678s] GC(1883) Metaspace: 91913K->91913K(1134592K)
[2019-04-15T13:51:38.519+0200][580,678s] GC(1883) Pause Young (Allocation Failure) 249M->169M(490M) 7,702ms
[2019-04-15T13:51:38.519+0200][580,678s] GC(1883) User=0,03s Sys=0,00s Real=0,01s
[2019-04-15T13:51:38.612+0200][580,771s] GC(1884) Pause Young (Allocation Failure)
[2019-04-15T13:51:38.612+0200][580,771s] GC(1884) Using 4 workers of 4 for evacuation
[2019-04-15T13:51:38.622+0200][580,781s] GC(1884) ParNew: 107984K->17083K(109248K)
[2019-04-15T13:51:38.622+0200][580,781s] GC(1884) CMS: 152790K->152790K(393216K)
[2019-04-15T13:51:38.622+0200][580,781s] GC(1884) Metaspace: 91918K->91918K(1134592K)
[2019-04-15T13:51:38.622+0200][580,781s] GC(1884) Pause Young (Allocation Failure) 254M->165M(490M) 10,116ms
[2019-04-15T13:51:38.622+0200][580,781s] GC(1884) User=0,03s Sys=0,00s Real=0,01s
[2019-04-15T13:51:38.748+0200][580,907s] GC(1885) Pause Young (Allocation Failure)
[2019-04-15T13:51:38.748+0200][580,907s] GC(1885) Using 4 workers of 4 for evacuation
[2019-04-15T13:51:38.775+0200][580,934s] GC(1885) ParNew: 104507K->12058K(109248K)
[2019-04-15T13:51:38.775+0200][580,934s] GC(1885) CMS: 152790K->152790K(393216K)
[2019-04-15T13:51:38.775+0200][580,934s] GC(1885) Metaspace: 91920K->91920K(1134592K)
[2019-04-15T13:51:38.775+0200][580,934s] GC(1885) Pause Young (Allocation Failure) 251M->160M(490M) 27,449ms
[2019-04-15T13:51:38.775+0200][580,934s] GC(1885) User=0,11s Sys=0,00s Real=0,03s
[2019-04-15T13:51:39.102+0200][581,261s] GC(1886) Pause Young (Allocation Failure)
[2019-04-15T13:51:39.102+0200][581,261s] GC(1886) Using 4 workers of 4 for evacuation
[2019-04-15T13:51:39.110+0200][581,269s] GC(1886) ParNew: 99482K->21824K(109248K)
[2019-04-15T13:51:39.111+0200][581,269s] GC(1886) CMS: 152790K->152790K(393216K)
[2019-04-15T13:51:39.111+0200][581,269s] GC(1886) Metaspace: 91920K->91920K(1134592K)
[2019-04-15T13:51:39.111+0200][581,269s] GC(1886) Pause Young (Allocation Failure) 246M->170M(490M) 8,817ms
[2019-04-15T13:51:39.111+0200][581,269s] GC(1886) User=0,03s Sys=0,00s Real=0,01s
[2019-04-15T13:51:39.291+0200][581,450s] GC(1887) Pause Young (Allocation Failure)
[2019-04-15T13:51:39.291+0200][581,450s] GC(1887) Using 4 workers of 4 for evacuation
[2019-04-15T13:51:39.299+0200][581,458s] GC(1887) ParNew: 109248K->18889K(109248K)
[2019-04-15T13:51:39.299+0200][581,458s] GC(1887) CMS: 152790K->153686K(393216K)
[2019-04-15T13:51:39.299+0200][581,458s] GC(1887) Metaspace: 91987K->91987K(1134592K)
[2019-04-15T13:51:39.299+0200][581,458s] GC(1887) Pause Young (Allocation Failure) 255M->168M(490M) 7,720ms
[2019-04-15T13:51:39.299+0200][581,458s] GC(1887) User=0,03s Sys=0,00s Real=0,01s
[2019-04-15T13:51:39.498+0200][581,657s] GC(1888) Pause Young (Allocation Failure)
[2019-04-15T13:51:39.498+0200][581,657s] GC(1888) Using 4 workers of 4 for evacuation
[2019-04-15T13:51:39.506+0200][581,665s] GC(1888) ParNew: 105635K->8688K(109248K)
[2019-04-15T13:51:39.506+0200][581,665s] GC(1888) CMS: 153686K->154207K(393216K)
[2019-04-15T13:51:39.506+0200][581,665s] GC(1888) Metaspace: 92005K->92005K(1134592K)
[2019-04-15T13:51:39.506+0200][581,665s] GC(1888) Pause Young (Allocation Failure) 253M->159M(490M) 8,439ms
[2019-04-15T13:51:39.506+0200][581,665s] GC(1888) User=0,03s Sys=0,00s Real=0,01s
[2019-04-15T13:51:39.639+0200][581,798s] GC(1889) Pause Young (Allocation Failure)
[2019-04-15T13:51:39.639+0200][581,798s] GC(1889) Using 4 workers of 4 for evacuation
[2019-04-15T13:51:39.646+0200][581,805s] GC(1889) ParNew: 96112K->6113K(109248K)
[2019-04-15T13:51:39.646+0200][581,805s] GC(1889) CMS: 154207K->154782K(393216K)
[2019-04-15T13:51:39.646+0200][581,805s] GC(1889) Metaspace: 92007K->92007K(1134592K)
[2019-04-15T13:51:39.646+0200][581,805s] GC(1889) Pause Young (Allocation Failure) 244M->157M(490M) 7,286ms
[2019-04-15T13:51:39.646+0200][581,805s] GC(1889) User=0,03s Sys=0,00s Real=0,01s
[2019-04-15T13:51:39.706+0200][581,865s] GC(1890) Pause Young (Allocation Failure)
[2019-04-15T13:51:39.706+0200][581,865s] GC(1890) Using 4 workers of 4 for evacuation
[2019-04-15T13:51:39.715+0200][581,874s] GC(1890) ParNew: 93537K->6398K(109248K)
[2019-04-15T13:51:39.715+0200][581,874s] GC(1890) CMS: 154782K->154928K(393216K)
[2019-04-15T13:51:39.715+0200][581,874s] GC(1890) Metaspace: 92007K->92007K(1134592K)
[2019-04-15T13:51:39.715+0200][581,874s] GC(1890) Pause Young (Allocation Failure) 242M->157M(490M) 8,255ms
[2019-04-15T13:51:39.715+0200][581,874s] GC(1890) User=0,02s Sys=0,00s Real=0,01s
[2019-04-15T13:51:39.846+0200][582,005s] GC(1891) Pause Young (Allocation Failure)
[2019-04-15T13:51:39.846+0200][582,005s] GC(1891) Using 4 workers of 4 for evacuation
[2019-04-15T13:51:39.855+0200][582,014s] GC(1891) ParNew: 93822K->9927K(109248K)
[2019-04-15T13:51:39.855+0200][582,014s] GC(1891) CMS: 154928K->154973K(393216K)
[2019-04-15T13:51:39.855+0200][582,014s] GC(1891) Metaspace: 92009K->92009K(1134592K)
[2019-04-15T13:51:39.855+0200][582,014s] GC(1891) Pause Young (Allocation Failure) 242M->161M(490M) 9,419ms
[2019-04-15T13:51:39.855+0200][582,014s] GC(1891) User=0,03s Sys=0,00s Real=0,01s
[2019-04-15T13:51:39.959+0200][582,118s] GC(1892) Pause Young (Allocation Failure)
[2019-04-15T13:51:39.959+0200][582,118s] GC(1892) Using 4 workers of 4 for evacuation
[2019-04-15T13:51:39.970+0200][582,129s] GC(1892) ParNew: 97351K->20294K(109248K)
[2019-04-15T13:51:39.970+0200][582,129s] GC(1892) CMS: 154973K->154992K(393216K)
[2019-04-15T13:51:39.970+0200][582,129s] GC(1892) Metaspace: 92009K->92009K(1134592K)
[2019-04-15T13:51:39.970+0200][582,129s] GC(1892) Pause Young (Allocation Failure) 246M->171M(490M) 10,891ms
[2019-04-15T13:51:39.970+0200][582,129s] GC(1892) User=0,04s Sys=0,00s Real=0,01s
[2019-04-15T13:51:40.101+0200][582,260s] GC(1893) Pause Young (Allocation Failure)
[2019-04-15T13:51:40.101+0200][582,260s] GC(1893) Using 4 workers of 4 for evacuation
[2019-04-15T13:51:40.113+0200][582,272s] GC(1893) ParNew: 107718K->21824K(109248K)
[2019-04-15T13:51:40.113+0200][582,272s] GC(1893) CMS: 154992K->156052K(393216K)
[2019-04-15T13:51:40.113+0200][582,272s] GC(1893) Metaspace: 92009K->92009K(1134592K)
[2019-04-15T13:51:40.113+0200][582,272s] GC(1893) Pause Young (Allocation Failure) 256M->173M(490M) 11,707ms
[2019-04-15T13:51:40.113+0200][582,272s] GC(1893) User=0,04s Sys=0,00s Real=0,02s
[2019-04-15T13:51:40.334+0200][582,493s] GC(1894) Pause Young (Allocation Failure)
[2019-04-15T13:51:40.334+0200][582,493s] GC(1894) Using 4 workers of 4 for evacuation
[2019-04-15T13:51:40.347+0200][582,506s] GC(1894) ParNew: 109248K->21824K(109248K)
[2019-04-15T13:51:40.347+0200][582,506s] GC(1894) CMS: 156052K->157351K(393216K)
[2019-04-15T13:51:40.347+0200][582,506s] GC(1894) Metaspace: 92009K->92009K(1134592K)
[2019-04-15T13:51:40.347+0200][582,506s] GC(1894) Pause Young (Allocation Failure) 259M->174M(490M) 13,045ms
[2019-04-15T13:51:40.347+0200][582,506s] GC(1894) User=0,03s Sys=0,00s Real=0,01s
[2019-04-15T13:51:40.612+0200][582,771s] GC(1895) Pause Young (Allocation Failure)
[2019-04-15T13:51:40.612+0200][582,771s] GC(1895) Using 4 workers of 4 for evacuation
[2019-04-15T13:51:40.631+0200][582,790s] GC(1895) ParNew: 109248K->21824K(109248K)
[2019-04-15T13:51:40.631+0200][582,790s] GC(1895) CMS: 157351K->161429K(393216K)
[2019-04-15T13:51:40.631+0200][582,790s] GC(1895) Metaspace: 92011K->92011K(1134592K)
[2019-04-15T13:51:40.631+0200][582,790s] GC(1895) Pause Young (Allocation Failure) 260M->178M(490M) 18,285ms
[2019-04-15T13:51:40.631+0200][582,790s] GC(1895) User=0,07s Sys=0,00s Real=0,02s
[2019-04-15T13:51:40.773+0200][582,932s] GC(1896) Pause Young (Allocation Failure)
[2019-04-15T13:51:40.773+0200][582,932s] GC(1896) Using 4 workers of 4 for evacuation
[2019-04-15T13:51:40.794+0200][582,953s] GC(1896) ParNew: 109248K->21824K(109248K)
[2019-04-15T13:51:40.794+0200][582,953s] GC(1896) CMS: 161429K->167438K(393216K)
[2019-04-15T13:51:40.794+0200][582,953s] GC(1896) Metaspace: 92014K->92014K(1134592K)
[2019-04-15T13:51:40.794+0200][582,953s] GC(1896) Pause Young (Allocation Failure) 264M->184M(490M) 21,124ms
[2019-04-15T13:51:40.794+0200][582,953s] GC(1896) User=0,07s Sys=0,00s Real=0,02s
[2019-04-15T13:51:41.036+0200][583,195s] GC(1897) Pause Young (Allocation Failure)
[2019-04-15T13:51:41.036+0200][583,195s] GC(1897) Using 4 workers of 4 for evacuation
[2019-04-15T13:51:41.050+0200][583,209s] GC(1897) ParNew: 109248K->19223K(109248K)
[2019-04-15T13:51:41.050+0200][583,209s] GC(1897) CMS: 167438K->172374K(393216K)
[2019-04-15T13:51:41.050+0200][583,209s] GC(1897) Metaspace: 92017K->92017K(1134592K)
[2019-04-15T13:51:41.050+0200][583,209s] GC(1897) Pause Young (Allocation Failure) 270M->187M(490M) 13,491ms
[2019-04-15T13:51:41.050+0200][583,209s] GC(1897) User=0,04s Sys=0,00s Real=0,01s
[2019-04-15T13:51:41.279+0200][583,438s] GC(1898) Pause Young (Allocation Failure)
[2019-04-15T13:51:41.279+0200][583,438s] GC(1898) Using 4 workers of 4 for evacuation
[2019-04-15T13:51:41.296+0200][583,455s] GC(1898) ParNew: 106647K->21824K(109248K)
[2019-04-15T13:51:41.296+0200][583,455s] GC(1898) CMS: 172374K->173048K(393216K)
[2019-04-15T13:51:41.296+0200][583,455s] GC(1898) Metaspace: 92018K->92018K(1134592K)
[2019-04-15T13:51:41.296+0200][583,455s] GC(1898) Pause Young (Allocation Failure) 272M->190M(490M) 17,380ms
[2019-04-15T13:51:41.296+0200][583,455s] GC(1898) User=0,07s Sys=0,00s Real=0,02s
[2019-04-15T13:51:41.421+0200][583,580s] GC(1899) Pause Young (Allocation Failure)
[2019-04-15T13:51:41.421+0200][583,580s] GC(1899) Using 4 workers of 4 for evacuation
[2019-04-15T13:51:41.436+0200][583,594s] GC(1899) ParNew: 109248K->21824K(109248K)
[2019-04-15T13:51:41.436+0200][583,595s] GC(1899) CMS: 173048K->181044K(393216K)
[2019-04-15T13:51:41.436+0200][583,595s] GC(1899) Metaspace: 92018K->92018K(1134592K)
[2019-04-15T13:51:41.436+0200][583,595s] GC(1899) Pause Young (Allocation Failure) 275M->198M(490M) 14,738ms
[2019-04-15T13:51:41.436+0200][583,595s] GC(1899) User=0,06s Sys=0,00s Real=0,02s
[2019-04-15T13:51:41.552+0200][583,711s] GC(1900) Pause Young (Allocation Failure)
[2019-04-15T13:51:41.552+0200][583,711s] GC(1900) Using 4 workers of 4 for evacuation
[2019-04-15T13:51:41.568+0200][583,727s] GC(1900) ParNew: 109248K->21824K(109248K)
[2019-04-15T13:51:41.568+0200][583,727s] GC(1900) CMS: 181044K->183130K(393216K)
[2019-04-15T13:51:41.568+0200][583,727s] GC(1900) Metaspace: 92018K->92018K(1134592K)
[2019-04-15T13:51:41.568+0200][583,727s] GC(1900) Pause Young (Allocation Failure) 283M->200M(490M) 15,620ms
[2019-04-15T13:51:41.568+0200][583,727s] GC(1900) User=0,06s Sys=0,00s Real=0,02s
[2019-04-15T13:51:41.698+0200][583,857s] GC(1901) Pause Young (Allocation Failure)
[2019-04-15T13:51:41.698+0200][583,857s] GC(1901) Using 4 workers of 4 for evacuation
[2019-04-15T13:51:41.720+0200][583,879s] GC(1901) ParNew: 109248K->18662K(109248K)
[2019-04-15T13:51:41.720+0200][583,879s] GC(1901) CMS: 183130K->183130K(393216K)
[2019-04-15T13:51:41.720+0200][583,879s] GC(1901) Metaspace: 92018K->92018K(1134592K)
[2019-04-15T13:51:41.720+0200][583,879s] GC(1901) Pause Young (Allocation Failure) 285M->197M(490M) 21,759ms
[2019-04-15T13:51:41.720+0200][583,879s] GC(1901) User=0,07s Sys=0,00s Real=0,02s
[2019-04-15T13:51:41.895+0200][584,054s] GC(1902) Pause Young (Allocation Failure)
[2019-04-15T13:51:41.895+0200][584,054s] GC(1902) Using 4 workers of 4 for evacuation
[2019-04-15T13:51:41.910+0200][584,069s] GC(1902) ParNew: 106086K->21824K(109248K)
[2019-04-15T13:51:41.910+0200][584,069s] GC(1902) CMS: 183130K->192311K(393216K)
[2019-04-15T13:51:41.910+0200][584,069s] GC(1902) Metaspace: 92018K->92018K(1134592K)
[2019-04-15T13:51:41.910+0200][584,069s] GC(1902) Pause Young (Allocation Failure) 282M->209M(490M) 15,725ms
[2019-04-15T13:51:41.911+0200][584,069s] GC(1902) User=0,05s Sys=0,00s Real=0,01s
[2019-04-15T13:51:42.054+0200][584,213s] GC(1903) Pause Young (Allocation Failure)
[2019-04-15T13:51:42.054+0200][584,213s] GC(1903) Using 4 workers of 4 for evacuation
[2019-04-15T13:51:42.071+0200][584,230s] GC(1903) ParNew: 109248K->21824K(109248K)
[2019-04-15T13:51:42.071+0200][584,230s] GC(1903) CMS: 192311K->198537K(393216K)
[2019-04-15T13:51:42.071+0200][584,230s] GC(1903) Metaspace: 92018K->92018K(1134592K)
[2019-04-15T13:51:42.071+0200][584,230s] GC(1903) Pause Young (Allocation Failure) 294M->215M(490M) 16,701ms
[2019-04-15T13:51:42.071+0200][584,230s] GC(1903) User=0,06s Sys=0,00s Real=0,01s
[2019-04-15T13:51:42.071+0200][584,230s] GC(1904) Pause Initial Mark
[2019-04-15T13:51:42.074+0200][584,233s] GC(1904) Pause Initial Mark 216M->216M(490M) 2,943ms
[2019-04-15T13:51:42.074+0200][584,233s] GC(1904) User=0,00s Sys=0,00s Real=0,01s
[2019-04-15T13:51:42.074+0200][584,233s] GC(1904) Concurrent Mark
[2019-04-15T13:51:42.074+0200][584,233s] GC(1904) Using 4 workers of 4 for marking
[2019-04-15T13:51:42.142+0200][584,301s] GC(1904) Concurrent Mark 68,340ms
[2019-04-15T13:51:42.142+0200][584,301s] GC(1904) User=0,18s Sys=0,02s Real=0,06s
[2019-04-15T13:51:42.142+0200][584,301s] GC(1904) Concurrent Preclean
[2019-04-15T13:51:42.144+0200][584,303s] GC(1904) Concurrent Preclean 1,504ms
[2019-04-15T13:51:42.144+0200][584,303s] GC(1904) User=0,00s Sys=0,00s Real=0,00s
[2019-04-15T13:51:42.144+0200][584,303s] GC(1904) Concurrent Abortable Preclean
[2019-04-15T13:51:42.265+0200][584,424s] GC(1905) Pause Young (Allocation Failure)
[2019-04-15T13:51:42.265+0200][584,424s] GC(1905) Using 4 workers of 4 for evacuation
[2019-04-15T13:51:42.286+0200][584,445s] GC(1905) ParNew: 109248K->21824K(109248K)
[2019-04-15T13:51:42.286+0200][584,445s] GC(1905) CMS: 198537K->206557K(393216K)
[2019-04-15T13:51:42.286+0200][584,445s] GC(1905) Metaspace: 92018K->92018K(1134592K)
[2019-04-15T13:51:42.286+0200][584,445s] GC(1905) Pause Young (Allocation Failure) 300M->223M(490M) 21,377ms
[2019-04-15T13:51:42.286+0200][584,445s] GC(1905) User=0,08s Sys=0,00s Real=0,02s
[2019-04-15T13:51:42.412+0200][584,571s] GC(1904) Concurrent Abortable Preclean 267,712ms
[2019-04-15T13:51:42.412+0200][584,571s] GC(1904) User=0,71s Sys=0,03s Real=0,27s
[2019-04-15T13:51:42.412+0200][584,571s] GC(1904) Pause Remark
[2019-04-15T13:51:42.412+0200][584,571s] GC(1906) Pause Young (CMS Final Remark)
[2019-04-15T13:51:42.412+0200][584,571s] GC(1906) Using 4 workers of 4 for evacuation
[2019-04-15T13:51:42.430+0200][584,589s] GC(1906) ParNew: 84577K->21824K(109248K)
[2019-04-15T13:51:42.430+0200][584,589s] GC(1906) CMS: 206557K->213329K(393216K)
[2019-04-15T13:51:42.430+0200][584,589s] GC(1906) Metaspace: 92018K->92018K(1134592K)
[2019-04-15T13:51:42.430+0200][584,589s] GC(1906) Pause Young (CMS Final Remark) 284M->229M(490M) 17,807ms
[2019-04-15T13:51:42.430+0200][584,589s] GC(1906) User=0,07s Sys=0,00s Real=0,02s
[2019-04-15T13:51:42.470+0200][584,628s] GC(1904) Pause Remark 284M->229M(490M) 57,646ms
[2019-04-15T13:51:42.470+0200][584,628s] GC(1904) User=0,12s Sys=0,00s Real=0,06s
[2019-04-15T13:51:42.470+0200][584,629s] GC(1904) Concurrent Sweep
[2019-04-15T13:51:42.540+0200][584,699s] GC(1904) Concurrent Sweep 70,702ms
[2019-04-15T13:51:42.540+0200][584,699s] GC(1904) User=0,12s Sys=0,03s Real=0,07s
[2019-04-15T13:51:42.540+0200][584,699s] GC(1904) Concurrent Reset
[2019-04-15T13:51:42.541+0200][584,700s] GC(1904) Concurrent Reset 0,392ms
[2019-04-15T13:51:42.541+0200][584,700s] GC(1904) User=0,00s Sys=0,00s Real=0,00s
[2019-04-15T13:51:42.541+0200][584,700s] GC(1904) Old: 198537K->175006K(393216K)
[2019-04-15T13:51:42.634+0200][584,793s] GC(1907) Pause Young (Allocation Failure)
[2019-04-15T13:51:42.634+0200][584,793s] GC(1907) Using 4 workers of 4 for evacuation
[2019-04-15T13:51:42.645+0200][584,804s] GC(1907) ParNew: 109248K->21824K(109248K)
[2019-04-15T13:51:42.645+0200][584,804s] GC(1907) CMS: 175006K->175210K(393216K)
[2019-04-15T13:51:42.645+0200][584,804s] GC(1907) Metaspace: 92027K->92027K(1134592K)
[2019-04-15T13:51:42.645+0200][584,804s] GC(1907) Pause Young (Allocation Failure) 277M->192M(490M) 10,650ms
[2019-04-15T13:51:42.645+0200][584,804s] GC(1907) User=0,03s Sys=0,00s Real=0,01s
[2019-04-15T13:51:42.725+0200][584,884s] GC(1908) Pause Young (Allocation Failure)
[2019-04-15T13:51:42.725+0200][584,884s] GC(1908) Using 4 workers of 4 for evacuation
[2019-04-15T13:51:42.750+0200][584,909s] GC(1908) ParNew: 109248K->21824K(109248K)
[2019-04-15T13:51:42.750+0200][584,909s] GC(1908) CMS: 175210K->187572K(393216K)
[2019-04-15T13:51:42.750+0200][584,909s] GC(1908) Metaspace: 92027K->92027K(1134592K)
[2019-04-15T13:51:42.750+0200][584,909s] GC(1908) Pause Young (Allocation Failure) 277M->204M(490M) 25,134ms
[2019-04-15T13:51:42.750+0200][584,909s] GC(1908) User=0,09s Sys=0,00s Real=0,03s
[2019-04-15T13:51:42.830+0200][584,989s] GC(1909) Pause Young (Allocation Failure)
[2019-04-15T13:51:42.830+0200][584,989s] GC(1909) Using 4 workers of 4 for evacuation
[2019-04-15T13:51:42.850+0200][585,009s] GC(1909) ParNew: 109248K->21824K(109248K)
[2019-04-15T13:51:42.850+0200][585,009s] GC(1909) CMS: 187572K->197721K(393216K)
[2019-04-15T13:51:42.850+0200][585,009s] GC(1909) Metaspace: 92027K->92027K(1134592K)
[2019-04-15T13:51:42.850+0200][585,009s] GC(1909) Pause Young (Allocation Failure) 289M->214M(490M) 20,023ms
[2019-04-15T13:51:42.850+0200][585,009s] GC(1909) User=0,07s Sys=0,00s Real=0,02s
[2019-04-15T13:51:42.851+0200][585,010s] GC(1910) Pause Initial Mark
[2019-04-15T13:51:42.855+0200][585,014s] GC(1910) Pause Initial Mark 215M->215M(490M) 4,423ms
[2019-04-15T13:51:42.855+0200][585,014s] GC(1910) User=0,01s Sys=0,00s Real=0,01s
[2019-04-15T13:51:42.855+0200][585,014s] GC(1910) Concurrent Mark
[2019-04-15T13:51:42.855+0200][585,014s] GC(1910) Using 4 workers of 4 for marking
[2019-04-15T13:51:42.917+0200][585,076s] GC(1910) Concurrent Mark 61,574ms
[2019-04-15T13:51:42.917+0200][585,076s] GC(1910) User=0,24s Sys=0,00s Real=0,06s
[2019-04-15T13:51:42.917+0200][585,076s] GC(1910) Concurrent Preclean
[2019-04-15T13:51:42.918+0200][585,077s] GC(1910) Concurrent Preclean 0,914ms
[2019-04-15T13:51:42.918+0200][585,077s] GC(1910) User=0,00s Sys=0,00s Real=0,00s
[2019-04-15T13:51:42.918+0200][585,077s] GC(1910) Concurrent Abortable Preclean
[2019-04-15T13:51:42.957+0200][585,116s] GC(1911) Pause Young (Allocation Failure)
[2019-04-15T13:51:42.957+0200][585,116s] GC(1911) Using 4 workers of 4 for evacuation
[2019-04-15T13:51:42.971+0200][585,130s] GC(1911) ParNew: 109248K->21824K(109248K)
[2019-04-15T13:51:42.971+0200][585,130s] GC(1911) CMS: 197721K->201053K(393216K)
[2019-04-15T13:51:42.971+0200][585,130s] GC(1911) Metaspace: 92027K->92027K(1134592K)
[2019-04-15T13:51:42.971+0200][585,130s] GC(1911) Pause Young (Allocation Failure) 299M->217M(490M) 14,072ms
[2019-04-15T13:51:42.971+0200][585,130s] GC(1911) User=0,05s Sys=0,00s Real=0,01s
[2019-04-15T13:51:43.050+0200][585,209s] GC(1912) Pause Young (Allocation Failure)
[2019-04-15T13:51:43.050+0200][585,209s] GC(1912) Using 4 workers of 4 for evacuation
[2019-04-15T13:51:43.062+0200][585,221s] GC(1912) ParNew: 109248K->21824K(109248K)
[2019-04-15T13:51:43.062+0200][585,221s] GC(1912) CMS: 201053K->201646K(393216K)
[2019-04-15T13:51:43.062+0200][585,221s] GC(1912) Metaspace: 92027K->92027K(1134592K)
[2019-04-15T13:51:43.062+0200][585,221s] GC(1912) Pause Young (Allocation Failure) 303M->218M(490M) 11,810ms
[2019-04-15T13:51:43.062+0200][585,221s] GC(1912) User=0,04s Sys=0,00s Real=0,01s
[2019-04-15T13:51:43.062+0200][585,221s] GC(1910) Concurrent Abortable Preclean 144,356ms
[2019-04-15T13:51:43.062+0200][585,221s] GC(1910) User=0,32s Sys=0,00s Real=0,14s
[2019-04-15T13:51:43.065+0200][585,224s] GC(1910) Pause Remark
[2019-04-15T13:51:43.065+0200][585,224s] GC(1913) Pause Young (CMS Final Remark)
[2019-04-15T13:51:43.065+0200][585,224s] GC(1913) Using 4 workers of 4 for evacuation
[2019-04-15T13:51:43.076+0200][585,235s] GC(1913) ParNew: 23302K->21824K(109248K)
[2019-04-15T13:51:43.076+0200][585,235s] GC(1913) CMS: 201646K->201646K(393216K)
[2019-04-15T13:51:43.076+0200][585,235s] GC(1913) Metaspace: 92027K->92027K(1134592K)
[2019-04-15T13:51:43.076+0200][585,235s] GC(1913) Pause Young (CMS Final Remark) 219M->218M(490M) 11,487ms
[2019-04-15T13:51:43.076+0200][585,235s] GC(1913) User=0,04s Sys=0,00s Real=0,02s
[2019-04-15T13:51:43.116+0200][585,275s] GC(1910) Pause Remark 219M->218M(490M) 51,192ms
[2019-04-15T13:51:43.116+0200][585,275s] GC(1910) User=0,10s Sys=0,00s Real=0,06s
[2019-04-15T13:51:43.116+0200][585,275s] GC(1910) Concurrent Sweep
[2019-04-15T13:51:43.188+0200][585,347s] GC(1910) Concurrent Sweep 71,792ms
[2019-04-15T13:51:43.188+0200][585,347s] GC(1910) User=0,14s Sys=0,01s Real=0,07s
[2019-04-15T13:51:43.188+0200][585,347s] GC(1910) Concurrent Reset
[2019-04-15T13:51:43.188+0200][585,347s] GC(1910) Concurrent Reset 0,560ms
[2019-04-15T13:51:43.189+0200][585,347s] GC(1910) User=0,00s Sys=0,00s Real=0,00s
[2019-04-15T13:51:43.189+0200][585,347s] GC(1910) Old: 197721K->140923K(393216K)
[2019-04-15T13:51:43.203+0200][585,362s] GC(1914) Pause Young (Allocation Failure)
[2019-04-15T13:51:43.203+0200][585,362s] GC(1914) Using 4 workers of 4 for evacuation
[2019-04-15T13:51:43.218+0200][585,376s] GC(1914) ParNew: 109248K->21824K(109248K)
[2019-04-15T13:51:43.218+0200][585,377s] GC(1914) CMS: 140923K->147129K(393216K)
[2019-04-15T13:51:43.218+0200][585,377s] GC(1914) Metaspace: 92027K->92027K(1134592K)
[2019-04-15T13:51:43.218+0200][585,377s] GC(1914) Pause Young (Allocation Failure) 244M->164M(490M) 14,715ms
[2019-04-15T13:51:43.218+0200][585,377s] GC(1914) User=0,05s Sys=0,00s Real=0,02s
[2019-04-15T13:51:43.278+0200][585,437s] GC(1915) Pause Young (Allocation Failure)
[2019-04-15T13:51:43.278+0200][585,437s] GC(1915) Using 4 workers of 4 for evacuation
[2019-04-15T13:51:43.289+0200][585,448s] GC(1915) ParNew: 109248K->20772K(109248K)
[2019-04-15T13:51:43.289+0200][585,448s] GC(1915) CMS: 147129K->147129K(393216K)
[2019-04-15T13:51:43.289+0200][585,448s] GC(1915) Metaspace: 92027K->92027K(1134592K)
[2019-04-15T13:51:43.289+0200][585,448s] GC(1915) Pause Young (Allocation Failure) 250M->163M(490M) 10,453ms
[2019-04-15T13:51:43.289+0200][585,448s] GC(1915) User=0,04s Sys=0,00s Real=0,01s
[2019-04-15T13:51:43.376+0200][585,535s] GC(1916) Pause Young (Allocation Failure)
[2019-04-15T13:51:43.376+0200][585,535s] GC(1916) Using 4 workers of 4 for evacuation
[2019-04-15T13:51:43.389+0200][585,548s] GC(1916) ParNew: 108196K->21824K(109248K)
[2019-04-15T13:51:43.389+0200][585,548s] GC(1916) CMS: 147129K->148559K(393216K)
[2019-04-15T13:51:43.389+0200][585,548s] GC(1916) Metaspace: 92028K->92028K(1134592K)
[2019-04-15T13:51:43.389+0200][585,548s] GC(1916) Pause Young (Allocation Failure) 249M->166M(490M) 13,575ms
[2019-04-15T13:51:43.389+0200][585,548s] GC(1916) User=0,04s Sys=0,00s Real=0,01s
[2019-04-15T13:51:43.541+0200][585,700s] GC(1917) Pause Young (Allocation Failure)
[2019-04-15T13:51:43.541+0200][585,700s] GC(1917) Using 4 workers of 4 for evacuation
[2019-04-15T13:51:43.558+0200][585,717s] GC(1917) ParNew: 109248K->21824K(109248K)
[2019-04-15T13:51:43.558+0200][585,717s] GC(1917) CMS: 148559K->160373K(393216K)
[2019-04-15T13:51:43.558+0200][585,717s] GC(1917) Metaspace: 92028K->92028K(1134592K)
[2019-04-15T13:51:43.558+0200][585,717s] GC(1917) Pause Young (Allocation Failure) 251M->177M(490M) 16,382ms
[2019-04-15T13:51:43.558+0200][585,717s] GC(1917) User=0,05s Sys=0,00s Real=0,02s
[2019-04-15T13:51:43.644+0200][585,803s] GC(1918) Pause Young (Allocation Failure)
[2019-04-15T13:51:43.644+0200][585,803s] GC(1918) Using 4 workers of 4 for evacuation
[2019-04-15T13:51:43.662+0200][585,821s] GC(1918) ParNew: 109248K->21824K(109248K)
[2019-04-15T13:51:43.662+0200][585,821s] GC(1918) CMS: 160373K->165977K(393216K)
[2019-04-15T13:51:43.662+0200][585,821s] GC(1918) Metaspace: 92028K->92028K(1134592K)
[2019-04-15T13:51:43.662+0200][585,821s] GC(1918) Pause Young (Allocation Failure) 263M->183M(490M) 18,299ms
[2019-04-15T13:51:43.662+0200][585,821s] GC(1918) User=0,04s Sys=0,01s Real=0,02s
[2019-04-15T13:51:43.901+0200][586,060s] GC(1919) Pause Young (Allocation Failure)
[2019-04-15T13:51:43.901+0200][586,060s] GC(1919) Using 4 workers of 4 for evacuation
[2019-04-15T13:51:43.931+0200][586,090s] GC(1919) ParNew: 109248K->21824K(109248K)
[2019-04-15T13:51:43.931+0200][586,090s] GC(1919) CMS: 165977K->201231K(393216K)
[2019-04-15T13:51:43.931+0200][586,090s] GC(1919) Metaspace: 92028K->92028K(1134592K)
[2019-04-15T13:51:43.931+0200][586,090s] GC(1919) Pause Young (Allocation Failure) 268M->217M(490M) 30,249ms
[2019-04-15T13:51:43.931+0200][586,090s] GC(1919) User=0,06s Sys=0,00s Real=0,03s
[2019-04-15T13:51:43.932+0200][586,091s] GC(1920) Pause Initial Mark
[2019-04-15T13:51:43.934+0200][586,093s] GC(1920) Pause Initial Mark 219M->219M(490M) 2,100ms
[2019-04-15T13:51:43.934+0200][586,093s] GC(1920) User=0,00s Sys=0,00s Real=0,01s
[2019-04-15T13:51:43.934+0200][586,093s] GC(1920) Concurrent Mark
[2019-04-15T13:51:43.934+0200][586,093s] GC(1920) Using 4 workers of 4 for marking
[2019-04-15T13:51:44.001+0200][586,160s] GC(1920) Concurrent Mark 67,059ms
[2019-04-15T13:51:44.001+0200][586,160s] GC(1920) User=0,20s Sys=0,00s Real=0,06s
[2019-04-15T13:51:44.001+0200][586,160s] GC(1920) Concurrent Preclean
[2019-04-15T13:51:44.002+0200][586,161s] GC(1920) Concurrent Preclean 1,226ms
[2019-04-15T13:51:44.002+0200][586,161s] GC(1920) User=0,00s Sys=0,00s Real=0,00s
[2019-04-15T13:51:44.002+0200][586,161s] GC(1920) Concurrent Abortable Preclean
[2019-04-15T13:51:44.113+0200][586,272s] GC(1921) Pause Young (Allocation Failure)
[2019-04-15T13:51:44.113+0200][586,272s] GC(1921) Using 4 workers of 4 for evacuation
[2019-04-15T13:51:44.129+0200][586,288s] GC(1921) ParNew: 109248K->21824K(109248K)
[2019-04-15T13:51:44.129+0200][586,288s] GC(1921) CMS: 201231K->217217K(393216K)
[2019-04-15T13:51:44.129+0200][586,288s] GC(1921) Metaspace: 92028K->92028K(1134592K)
[2019-04-15T13:51:44.129+0200][586,288s] GC(1921) Pause Young (Allocation Failure) 303M->233M(490M) 16,244ms
[2019-04-15T13:51:44.129+0200][586,288s] GC(1921) User=0,06s Sys=0,01s Real=0,02s
[2019-04-15T13:51:44.226+0200][586,385s] GC(1922) Pause Young (Allocation Failure)
[2019-04-15T13:51:44.226+0200][586,385s] GC(1922) Using 4 workers of 4 for evacuation
[2019-04-15T13:51:44.243+0200][586,402s] GC(1922) ParNew: 109248K->21824K(109248K)
[2019-04-15T13:51:44.243+0200][586,402s] GC(1922) CMS: 217217K->232964K(393216K)
[2019-04-15T13:51:44.243+0200][586,402s] GC(1922) Metaspace: 92028K->92028K(1134592K)
[2019-04-15T13:51:44.243+0200][586,402s] GC(1922) Pause Young (Allocation Failure) 318M->248M(490M) 17,360ms
[2019-04-15T13:51:44.243+0200][586,402s] GC(1922) User=0,06s Sys=0,00s Real=0,01s
[2019-04-15T13:51:44.388+0200][586,546s] GC(1923) Pause Young (Allocation Failure)
[2019-04-15T13:51:44.388+0200][586,546s] GC(1923) Using 4 workers of 4 for evacuation
[2019-04-15T13:51:44.411+0200][586,569s] GC(1923) ParNew: 109248K->21824K(109248K)
[2019-04-15T13:51:44.411+0200][586,569s] GC(1923) CMS: 232964K->272458K(393216K)
[2019-04-15T13:51:44.411+0200][586,569s] GC(1923) Metaspace: 92028K->92028K(1134592K)
[2019-04-15T13:51:44.411+0200][586,570s] GC(1923) Pause Young (Allocation Failure) 334M->287M(490M) 23,059ms
[2019-04-15T13:51:44.411+0200][586,570s] GC(1923) User=0,08s Sys=0,00s Real=0,02s
[2019-04-15T13:51:44.469+0200][586,628s] GC(1920) Concurrent Abortable Preclean 466,614ms
[2019-04-15T13:51:44.469+0200][586,628s] GC(1920) User=0,77s Sys=0,05s Real=0,47s
[2019-04-15T13:51:44.469+0200][586,628s] GC(1920) Pause Remark
[2019-04-15T13:51:44.469+0200][586,628s] GC(1924) Pause Young (CMS Final Remark)
[2019-04-15T13:51:44.469+0200][586,628s] GC(1924) Using 4 workers of 4 for evacuation
[2019-04-15T13:51:44.479+0200][586,638s] GC(1924) ParNew: 71849K->21824K(109248K)
[2019-04-15T13:51:44.479+0200][586,638s] GC(1924) CMS: 272458K->280191K(393216K)
[2019-04-15T13:51:44.479+0200][586,638s] GC(1924) Metaspace: 92028K->92028K(1134592K)
[2019-04-15T13:51:44.479+0200][586,638s] GC(1924) Pause Young (CMS Final Remark) 336M->294M(490M) 10,043ms
[2019-04-15T13:51:44.479+0200][586,638s] GC(1924) User=0,03s Sys=0,00s Real=0,01s
[2019-04-15T13:51:44.518+0200][586,677s] GC(1920) Pause Remark 336M->294M(490M) 49,213ms
[2019-04-15T13:51:44.518+0200][586,677s] GC(1920) User=0,09s Sys=0,00s Real=0,05s
[2019-04-15T13:51:44.518+0200][586,677s] GC(1920) Concurrent Sweep
[2019-04-15T13:51:44.585+0200][586,744s] GC(1925) Pause Young (Allocation Failure)
[2019-04-15T13:51:44.585+0200][586,744s] GC(1925) Using 4 workers of 4 for evacuation
[2019-04-15T13:51:44.597+0200][586,756s] GC(1925) ParNew: 109248K->21824K(109248K)
[2019-04-15T13:51:44.597+0200][586,756s] GC(1925) CMS: 244979K->245489K(393216K)
[2019-04-15T13:51:44.597+0200][586,756s] GC(1925) Metaspace: 92028K->92028K(1134592K)
[2019-04-15T13:51:44.597+0200][586,756s] GC(1925) Pause Young (Allocation Failure) 345M->261M(490M) 11,605ms
[2019-04-15T13:51:44.597+0200][586,756s] GC(1925) User=0,03s Sys=0,00s Real=0,01s
[2019-04-15T13:51:44.612+0200][586,771s] GC(1920) Concurrent Sweep 94,004ms
[2019-04-15T13:51:44.613+0200][586,771s] GC(1920) User=0,23s Sys=0,00s Real=0,09s
[2019-04-15T13:51:44.613+0200][586,771s] GC(1920) Concurrent Reset
[2019-04-15T13:51:44.613+0200][586,772s] GC(1920) Concurrent Reset 0,476ms
[2019-04-15T13:51:44.613+0200][586,772s] GC(1920) User=0,00s Sys=0,00s Real=0,01s
[2019-04-15T13:51:44.613+0200][586,772s] GC(1920) Old: 201231K->234082K(393216K)
[2019-04-15T13:51:44.734+0200][586,893s] GC(1926) Pause Young (Allocation Failure)
[2019-04-15T13:51:44.734+0200][586,893s] GC(1926) Using 4 workers of 4 for evacuation
[2019-04-15T13:51:44.748+0200][586,907s] GC(1926) ParNew: 109248K->21824K(109248K)
[2019-04-15T13:51:44.748+0200][586,907s] GC(1926) CMS: 234082K->242325K(393216K)
[2019-04-15T13:51:44.748+0200][586,907s] GC(1926) Metaspace: 92028K->92028K(1134592K)
[2019-04-15T13:51:44.748+0200][586,907s] GC(1926) Pause Young (Allocation Failure) 335M->257M(490M) 13,522ms
[2019-04-15T13:51:44.748+0200][586,907s] GC(1926) User=0,04s Sys=0,01s Real=0,01s
[2019-04-15T13:51:44.749+0200][586,908s] GC(1927) Pause Initial Mark
[2019-04-15T13:51:44.752+0200][586,911s] GC(1927) Pause Initial Mark 259M->259M(490M) 2,831ms
[2019-04-15T13:51:44.752+0200][586,911s] GC(1927) User=0,01s Sys=0,00s Real=0,00s
[2019-04-15T13:51:44.752+0200][586,911s] GC(1927) Concurrent Mark
[2019-04-15T13:51:44.752+0200][586,911s] GC(1927) Using 4 workers of 4 for marking
[2019-04-15T13:51:44.811+0200][586,970s] GC(1927) Concurrent Mark 58,734ms
[2019-04-15T13:51:44.811+0200][586,970s] GC(1927) User=0,22s Sys=0,00s Real=0,06s
[2019-04-15T13:51:44.811+0200][586,970s] GC(1927) Concurrent Preclean
[2019-04-15T13:51:44.812+0200][586,971s] GC(1927) Concurrent Preclean 1,021ms
[2019-04-15T13:51:44.812+0200][586,971s] GC(1927) User=0,00s Sys=0,00s Real=0,00s
[2019-04-15T13:51:44.812+0200][586,971s] GC(1927) Concurrent Abortable Preclean
[2019-04-15T13:51:44.846+0200][587,005s] GC(1928) Pause Young (Allocation Failure)
[2019-04-15T13:51:44.846+0200][587,005s] GC(1928) Using 4 workers of 4 for evacuation
[2019-04-15T13:51:44.869+0200][587,028s] GC(1928) ParNew: 109248K->21824K(109248K)
[2019-04-15T13:51:44.869+0200][587,028s] GC(1928) CMS: 242325K->271110K(393216K)
[2019-04-15T13:51:44.869+0200][587,028s] GC(1928) Metaspace: 92028K->92028K(1134592K)
[2019-04-15T13:51:44.869+0200][587,028s] GC(1928) Pause Young (Allocation Failure) 343M->286M(490M) 22,733ms
[2019-04-15T13:51:44.869+0200][587,028s] GC(1928) User=0,07s Sys=0,00s Real=0,02s
[2019-04-15T13:51:44.931+0200][587,090s] GC(1927) Concurrent Abortable Preclean 119,407ms
[2019-04-15T13:51:44.931+0200][587,090s] GC(1927) User=0,27s Sys=0,00s Real=0,12s
[2019-04-15T13:51:44.931+0200][587,090s] GC(1927) Pause Remark
[2019-04-15T13:51:44.931+0200][587,090s] GC(1929) Pause Young (CMS Final Remark)
[2019-04-15T13:51:44.931+0200][587,090s] GC(1929) Using 4 workers of 4 for evacuation
[2019-04-15T13:51:44.946+0200][587,105s] GC(1929) ParNew: 85251K->21824K(109248K)
[2019-04-15T13:51:44.946+0200][587,105s] GC(1929) CMS: 271110K->281411K(393216K)
[2019-04-15T13:51:44.946+0200][587,105s] GC(1929) Metaspace: 92028K->92028K(1134592K)
[2019-04-15T13:51:44.946+0200][587,105s] GC(1929) Pause Young (CMS Final Remark) 348M->296M(490M) 14,896ms
[2019-04-15T13:51:44.946+0200][587,105s] GC(1929) User=0,05s Sys=0,00s Real=0,02s
[2019-04-15T13:51:44.988+0200][587,147s] GC(1927) Pause Remark 348M->296M(490M) 56,727ms
[2019-04-15T13:51:44.988+0200][587,147s] GC(1927) User=0,11s Sys=0,00s Real=0,06s
[2019-04-15T13:51:44.988+0200][587,147s] GC(1927) Concurrent Sweep
[2019-04-15T13:51:45.038+0200][587,197s] GC(1927) Concurrent Sweep 49,948ms
[2019-04-15T13:51:45.038+0200][587,197s] GC(1927) User=0,09s Sys=0,00s Real=0,05s
[2019-04-15T13:51:45.038+0200][587,197s] GC(1927) Concurrent Reset
[2019-04-15T13:51:45.039+0200][587,198s] GC(1927) Concurrent Reset 0,319ms
[2019-04-15T13:51:45.039+0200][587,198s] GC(1927) User=0,00s Sys=0,00s Real=0,00s
[2019-04-15T13:51:45.039+0200][587,198s] GC(1927) Old: 242325K->232023K(393216K)
[2019-04-15T13:51:45.084+0200][587,243s] GC(1930) Pause Young (Allocation Failure)
[2019-04-15T13:51:45.084+0200][587,243s] GC(1930) Using 4 workers of 4 for evacuation
[2019-04-15T13:51:45.094+0200][587,253s] GC(1930) ParNew: 109248K->21824K(109248K)
[2019-04-15T13:51:45.094+0200][587,253s] GC(1930) CMS: 232023K->234179K(393216K)
[2019-04-15T13:51:45.094+0200][587,253s] GC(1930) Metaspace: 92028K->92028K(1134592K)
[2019-04-15T13:51:45.094+0200][587,253s] GC(1930) Pause Young (Allocation Failure) 333M->250M(490M) 10,427ms
[2019-04-15T13:51:45.094+0200][587,253s] GC(1930) User=0,04s Sys=0,00s Real=0,02s
[2019-04-15T13:51:45.095+0200][587,254s] GC(1931) Pause Initial Mark
[2019-04-15T13:51:45.097+0200][587,256s] GC(1931) Pause Initial Mark 251M->251M(490M) 2,402ms
[2019-04-15T13:51:45.097+0200][587,256s] GC(1931) User=0,01s Sys=0,00s Real=0,00s
[2019-04-15T13:51:45.097+0200][587,256s] GC(1931) Concurrent Mark
[2019-04-15T13:51:45.097+0200][587,256s] GC(1931) Using 4 workers of 4 for marking
[2019-04-15T13:51:45.155+0200][587,314s] GC(1931) Concurrent Mark 58,065ms
[2019-04-15T13:51:45.155+0200][587,314s] GC(1931) User=0,21s Sys=0,00s Real=0,06s
[2019-04-15T13:51:45.155+0200][587,314s] GC(1931) Concurrent Preclean
[2019-04-15T13:51:45.156+0200][587,315s] GC(1931) Concurrent Preclean 1,078ms
[2019-04-15T13:51:45.156+0200][587,315s] GC(1931) User=0,00s Sys=0,00s Real=0,00s
[2019-04-15T13:51:45.156+0200][587,315s] GC(1931) Concurrent Abortable Preclean
[2019-04-15T13:51:45.293+0200][587,452s] GC(1932) Pause Young (Allocation Failure)
[2019-04-15T13:51:45.293+0200][587,452s] GC(1932) Using 4 workers of 4 for evacuation
[2019-04-15T13:51:45.308+0200][587,467s] GC(1932) ParNew: 109248K->21824K(109248K)
[2019-04-15T13:51:45.308+0200][587,467s] GC(1932) CMS: 234179K->242664K(393216K)
[2019-04-15T13:51:45.308+0200][587,467s] GC(1932) Metaspace: 92028K->92028K(1134592K)
[2019-04-15T13:51:45.308+0200][587,467s] GC(1932) Pause Young (Allocation Failure) 335M->258M(490M) 14,652ms
[2019-04-15T13:51:45.308+0200][587,467s] GC(1932) User=0,05s Sys=0,00s Real=0,01s
[2019-04-15T13:51:45.361+0200][587,520s] GC(1931) Concurrent Abortable Preclean 204,971ms
[2019-04-15T13:51:45.361+0200][587,520s] GC(1931) User=0,34s Sys=0,06s Real=0,20s
[2019-04-15T13:51:45.361+0200][587,520s] GC(1931) Pause Remark
[2019-04-15T13:51:45.361+0200][587,520s] GC(1933) Pause Young (CMS Final Remark)
[2019-04-15T13:51:45.361+0200][587,520s] GC(1933) Using 4 workers of 4 for evacuation
[2019-04-15T13:51:45.394+0200][587,553s] GC(1933) ParNew: 79136K->21317K(109248K)
[2019-04-15T13:51:45.394+0200][587,553s] GC(1933) CMS: 242664K->247601K(393216K)
[2019-04-15T13:51:45.394+0200][587,553s] GC(1933) Metaspace: 92028K->92028K(1134592K)
[2019-04-15T13:51:45.394+0200][587,553s] GC(1933) Pause Young (CMS Final Remark) 314M->262M(490M) 32,757ms
[2019-04-15T13:51:45.394+0200][587,553s] GC(1933) User=0,08s Sys=0,00s Real=0,04s
[2019-04-15T13:51:45.436+0200][587,595s] GC(1931) Pause Remark 314M->262M(490M) 74,365ms
[2019-04-15T13:51:45.436+0200][587,595s] GC(1931) User=0,14s Sys=0,00s Real=0,08s
[2019-04-15T13:51:45.436+0200][587,595s] GC(1931) Concurrent Sweep
[2019-04-15T13:51:45.503+0200][587,662s] GC(1931) Concurrent Sweep 67,069ms
[2019-04-15T13:51:45.503+0200][587,662s] GC(1931) User=0,20s Sys=0,00s Real=0,06s
[2019-04-15T13:51:45.503+0200][587,662s] GC(1931) Concurrent Reset
[2019-04-15T13:51:45.503+0200][587,662s] GC(1931) Concurrent Reset 0,349ms
[2019-04-15T13:51:45.503+0200][587,662s] GC(1931) User=0,00s Sys=0,00s Real=0,00s
[2019-04-15T13:51:45.503+0200][587,662s] GC(1931) Old: 234179K->208881K(393216K)
[2019-04-15T13:51:45.620+0200][587,779s] GC(1934) Pause Young (Allocation Failure)
[2019-04-15T13:51:45.620+0200][587,779s] GC(1934) Using 4 workers of 4 for evacuation
[2019-04-15T13:51:45.628+0200][587,787s] GC(1934) ParNew: 107764K->21824K(109248K)
[2019-04-15T13:51:45.628+0200][587,787s] GC(1934) CMS: 208881K->211457K(393216K)
[2019-04-15T13:51:45.628+0200][587,787s] GC(1934) Metaspace: 92040K->92040K(1134592K)
[2019-04-15T13:51:45.628+0200][587,787s] GC(1934) Pause Young (Allocation Failure) 309M->227M(490M) 7,872ms
[2019-04-15T13:51:45.628+0200][587,787s] GC(1934) User=0,02s Sys=0,00s Real=0,01s
[2019-04-15T13:51:45.628+0200][587,787s] GC(1935) Pause Initial Mark
[2019-04-15T13:51:45.629+0200][587,788s] GC(1935) Pause Initial Mark 228M->228M(490M) 0,941ms
[2019-04-15T13:51:45.629+0200][587,788s] GC(1935) User=0,01s Sys=0,00s Real=0,00s
[2019-04-15T13:51:45.629+0200][587,788s] GC(1935) Concurrent Mark
[2019-04-15T13:51:45.629+0200][587,788s] GC(1935) Using 4 workers of 4 for marking
[2019-04-15T13:51:45.686+0200][587,845s] GC(1935) Concurrent Mark 57,281ms
[2019-04-15T13:51:45.686+0200][587,845s] GC(1935) User=0,22s Sys=0,00s Real=0,06s
[2019-04-15T13:51:45.686+0200][587,845s] GC(1935) Concurrent Preclean
[2019-04-15T13:51:45.687+0200][587,846s] GC(1935) Concurrent Preclean 0,869ms
[2019-04-15T13:51:45.687+0200][587,846s] GC(1935) User=0,00s Sys=0,00s Real=0,00s
[2019-04-15T13:51:45.687+0200][587,846s] GC(1935) Concurrent Abortable Preclean
[2019-04-15T13:51:45.882+0200][588,041s] GC(1936) Pause Young (Allocation Failure)
[2019-04-15T13:51:45.882+0200][588,041s] GC(1936) Using 4 workers of 4 for evacuation
[2019-04-15T13:51:45.887+0200][588,046s] GC(1936) ParNew: 108440K->6817K(109248K)
[2019-04-15T13:51:45.887+0200][588,046s] GC(1936) CMS: 211457K->211457K(393216K)
[2019-04-15T13:51:45.887+0200][588,046s] GC(1936) Metaspace: 92073K->92073K(1134592K)
[2019-04-15T13:51:45.887+0200][588,046s] GC(1936) Pause Young (Allocation Failure) 312M->213M(490M) 5,635ms
[2019-04-15T13:51:45.887+0200][588,046s] GC(1936) User=0,02s Sys=0,00s Real=0,01s
[2019-04-15T13:51:46.050+0200][588,209s] GC(1935) Concurrent Abortable Preclean 362,895ms
[2019-04-15T13:51:46.050+0200][588,209s] GC(1935) User=0,54s Sys=0,09s Real=0,36s
[2019-04-15T13:51:46.050+0200][588,209s] GC(1935) Pause Remark
[2019-04-15T13:51:46.050+0200][588,209s] GC(1937) Pause Young (CMS Final Remark)
[2019-04-15T13:51:46.050+0200][588,209s] GC(1937) Using 4 workers of 4 for evacuation
[2019-04-15T13:51:46.056+0200][588,215s] GC(1937) ParNew: 91669K->9406K(109248K)
[2019-04-15T13:51:46.056+0200][588,215s] GC(1937) CMS: 211457K->211457K(393216K)
[2019-04-15T13:51:46.056+0200][588,215s] GC(1937) Metaspace: 92076K->92076K(1134592K)
[2019-04-15T13:51:46.056+0200][588,215s] GC(1937) Pause Young (CMS Final Remark) 296M->215M(490M) 5,194ms
[2019-04-15T13:51:46.056+0200][588,215s] GC(1937) User=0,02s Sys=0,00s Real=0,01s
[2019-04-15T13:51:46.093+0200][588,252s] GC(1935) Pause Remark 296M->215M(490M) 42,620ms
[2019-04-15T13:51:46.093+0200][588,252s] GC(1935) User=0,07s Sys=0,00s Real=0,05s
[2019-04-15T13:51:46.093+0200][588,252s] GC(1935) Concurrent Sweep
[2019-04-15T13:51:46.171+0200][588,330s] GC(1935) Concurrent Sweep 77,786ms
[2019-04-15T13:51:46.171+0200][588,330s] GC(1935) User=0,13s Sys=0,01s Real=0,07s
[2019-04-15T13:51:46.171+0200][588,330s] GC(1935) Concurrent Reset
[2019-04-15T13:51:46.171+0200][588,330s] GC(1935) Concurrent Reset 0,372ms
[2019-04-15T13:51:46.171+0200][588,330s] GC(1935) User=0,00s Sys=0,00s Real=0,00s
[2019-04-15T13:51:46.171+0200][588,330s] GC(1935) Old: 211457K->149132K(393216K)
[2019-04-15T13:51:46.247+0200][588,406s] GC(1938) Pause Young (Allocation Failure)
[2019-04-15T13:51:46.247+0200][588,406s] GC(1938) Using 4 workers of 4 for evacuation
[2019-04-15T13:51:46.256+0200][588,415s] GC(1938) ParNew: 96830K->17049K(109248K)
[2019-04-15T13:51:46.256+0200][588,415s] GC(1938) CMS: 149132K->149132K(393216K)
[2019-04-15T13:51:46.257+0200][588,415s] GC(1938) Metaspace: 92076K->92076K(1134592K)
[2019-04-15T13:51:46.257+0200][588,415s] GC(1938) Pause Young (Allocation Failure) 240M->162M(490M) 9,781ms
[2019-04-15T13:51:46.257+0200][588,415s] GC(1938) User=0,02s Sys=0,00s Real=0,01s
[2019-04-15T13:51:46.372+0200][588,531s] GC(1939) Pause Young (Allocation Failure)
[2019-04-15T13:51:46.372+0200][588,531s] GC(1939) Using 4 workers of 4 for evacuation
[2019-04-15T13:51:46.380+0200][588,539s] GC(1939) ParNew: 104287K->21824K(109248K)
[2019-04-15T13:51:46.380+0200][588,539s] GC(1939) CMS: 149132K->150896K(393216K)
[2019-04-15T13:51:46.380+0200][588,539s] GC(1939) Metaspace: 92076K->92076K(1134592K)
[2019-04-15T13:51:46.380+0200][588,539s] GC(1939) Pause Young (Allocation Failure) 247M->168M(490M) 8,193ms
[2019-04-15T13:51:46.380+0200][588,539s] GC(1939) User=0,03s Sys=0,00s Real=0,01s
[2019-04-15T13:51:46.559+0200][588,718s] GC(1940) Pause Young (Allocation Failure)
[2019-04-15T13:51:46.559+0200][588,718s] GC(1940) Using 4 workers of 4 for evacuation
[2019-04-15T13:51:46.577+0200][588,736s] GC(1940) ParNew: 109248K->21824K(109248K)
[2019-04-15T13:51:46.577+0200][588,736s] GC(1940) CMS: 150896K->177346K(393216K)
[2019-04-15T13:51:46.577+0200][588,736s] GC(1940) Metaspace: 92076K->92076K(1134592K)
[2019-04-15T13:51:46.577+0200][588,736s] GC(1940) Pause Young (Allocation Failure) 254M->194M(490M) 18,048ms
[2019-04-15T13:51:46.577+0200][588,736s] GC(1940) User=0,06s Sys=0,00s Real=0,02s
[2019-04-15T13:51:46.672+0200][588,831s] GC(1941) Pause Young (Allocation Failure)
[2019-04-15T13:51:46.672+0200][588,831s] GC(1941) Using 4 workers of 4 for evacuation
[2019-04-15T13:51:46.688+0200][588,847s] GC(1941) ParNew: 109248K->21824K(109248K)
[2019-04-15T13:51:46.688+0200][588,847s] GC(1941) CMS: 177346K->201183K(393216K)
[2019-04-15T13:51:46.688+0200][588,847s] GC(1941) Metaspace: 92076K->92076K(1134592K)
[2019-04-15T13:51:46.688+0200][588,847s] GC(1941) Pause Young (Allocation Failure) 279M->217M(490M) 15,447ms
[2019-04-15T13:51:46.688+0200][588,847s] GC(1941) User=0,05s Sys=0,00s Real=0,02s
[2019-04-15T13:51:46.688+0200][588,847s] GC(1942) Pause Initial Mark
[2019-04-15T13:51:46.690+0200][588,849s] GC(1942) Pause Initial Mark 219M->219M(490M) 1,937ms
[2019-04-15T13:51:46.690+0200][588,849s] GC(1942) User=0,01s Sys=0,00s Real=0,00s
[2019-04-15T13:51:46.690+0200][588,849s] GC(1942) Concurrent Mark
[2019-04-15T13:51:46.690+0200][588,849s] GC(1942) Using 4 workers of 4 for marking
[2019-04-15T13:51:46.753+0200][588,912s] GC(1942) Concurrent Mark 62,863ms
[2019-04-15T13:51:46.753+0200][588,912s] GC(1942) User=0,22s Sys=0,00s Real=0,06s
[2019-04-15T13:51:46.753+0200][588,912s] GC(1942) Concurrent Preclean
[2019-04-15T13:51:46.754+0200][588,913s] GC(1942) Concurrent Preclean 1,298ms
[2019-04-15T13:51:46.754+0200][588,913s] GC(1942) User=0,00s Sys=0,00s Real=0,01s
[2019-04-15T13:51:46.754+0200][588,913s] GC(1942) Concurrent Abortable Preclean
[2019-04-15T13:51:46.828+0200][588,987s] GC(1943) Pause Young (Allocation Failure)
[2019-04-15T13:51:46.828+0200][588,987s] GC(1943) Using 4 workers of 4 for evacuation
[2019-04-15T13:51:46.843+0200][589,002s] GC(1943) ParNew: 109248K->21824K(109248K)
[2019-04-15T13:51:46.844+0200][589,002s] GC(1943) CMS: 201183K->216840K(393216K)
[2019-04-15T13:51:46.844+0200][589,002s] GC(1943) Metaspace: 92076K->92076K(1134592K)
[2019-04-15T13:51:46.844+0200][589,002s] GC(1943) Pause Young (Allocation Failure) 303M->233M(490M) 15,780ms
[2019-04-15T13:51:46.844+0200][589,002s] GC(1943) User=0,05s Sys=0,00s Real=0,01s
[2019-04-15T13:51:46.917+0200][589,076s] GC(1942) Concurrent Abortable Preclean 163,142ms
[2019-04-15T13:51:46.917+0200][589,076s] GC(1942) User=0,33s Sys=0,00s Real=0,16s
[2019-04-15T13:51:46.918+0200][589,076s] GC(1942) Pause Remark
[2019-04-15T13:51:46.918+0200][589,076s] GC(1944) Pause Young (CMS Final Remark)
[2019-04-15T13:51:46.918+0200][589,077s] GC(1944) Using 4 workers of 4 for evacuation
[2019-04-15T13:51:46.933+0200][589,092s] GC(1944) ParNew: 77064K->21499K(109248K)
[2019-04-15T13:51:46.933+0200][589,092s] GC(1944) CMS: 216840K->221691K(393216K)
[2019-04-15T13:51:46.933+0200][589,092s] GC(1944) Metaspace: 92076K->92076K(1134592K)
[2019-04-15T13:51:46.933+0200][589,092s] GC(1944) Pause Young (CMS Final Remark) 287M->237M(490M) 15,153ms
[2019-04-15T13:51:46.933+0200][589,092s] GC(1944) User=0,04s Sys=0,00s Real=0,01s
[2019-04-15T13:51:46.970+0200][589,129s] GC(1942) Pause Remark 287M->237M(490M) 52,499ms
[2019-04-15T13:51:46.970+0200][589,129s] GC(1942) User=0,09s Sys=0,00s Real=0,05s
[2019-04-15T13:51:46.970+0200][589,129s] GC(1942) Concurrent Sweep
[2019-04-15T13:51:47.022+0200][589,181s] GC(1942) Concurrent Sweep 52,060ms
[2019-04-15T13:51:47.022+0200][589,181s] GC(1942) User=0,09s Sys=0,01s Real=0,05s
[2019-04-15T13:51:47.022+0200][589,181s] GC(1942) Concurrent Reset
[2019-04-15T13:51:47.023+0200][589,182s] GC(1942) Concurrent Reset 0,522ms
[2019-04-15T13:51:47.023+0200][589,182s] GC(1942) User=0,00s Sys=0,00s Real=0,00s
[2019-04-15T13:51:47.023+0200][589,182s] GC(1942) Old: 201183K->181394K(393216K)
[2019-04-15T13:51:47.141+0200][589,300s] GC(1945) Pause Young (Allocation Failure)
[2019-04-15T13:51:47.141+0200][589,300s] GC(1945) Using 4 workers of 4 for evacuation
[2019-04-15T13:51:47.152+0200][589,311s] GC(1945) ParNew: 108923K->21824K(109248K)
[2019-04-15T13:51:47.152+0200][589,311s] GC(1945) CMS: 181394K->181394K(393216K)
[2019-04-15T13:51:47.152+0200][589,311s] GC(1945) Metaspace: 92076K->92076K(1134592K)
[2019-04-15T13:51:47.152+0200][589,311s] GC(1945) Pause Young (Allocation Failure) 283M->198M(490M) 10,772ms
[2019-04-15T13:51:47.152+0200][589,311s] GC(1945) User=0,04s Sys=0,00s Real=0,01s
[2019-04-15T13:51:47.399+0200][589,558s] GC(1946) Pause Young (Allocation Failure)
[2019-04-15T13:51:47.400+0200][589,558s] GC(1946) Using 4 workers of 4 for evacuation
[2019-04-15T13:51:47.418+0200][589,577s] GC(1946) ParNew: 109248K->21824K(109248K)
[2019-04-15T13:51:47.418+0200][589,577s] GC(1946) CMS: 181394K->194932K(393216K)
[2019-04-15T13:51:47.418+0200][589,577s] GC(1946) Metaspace: 92076K->92076K(1134592K)
[2019-04-15T13:51:47.418+0200][589,577s] GC(1946) Pause Young (Allocation Failure) 283M->211M(490M) 18,609ms
[2019-04-15T13:51:47.418+0200][589,577s] GC(1946) User=0,05s Sys=0,00s Real=0,02s
[2019-04-15T13:51:47.485+0200][589,644s] GC(1947) Pause Young (Allocation Failure)
[2019-04-15T13:51:47.485+0200][589,644s] GC(1947) Using 4 workers of 4 for evacuation
[2019-04-15T13:51:47.502+0200][589,661s] GC(1947) ParNew: 109248K->21824K(109248K)
[2019-04-15T13:51:47.502+0200][589,661s] GC(1947) CMS: 194932K->216656K(393216K)
[2019-04-15T13:51:47.502+0200][589,661s] GC(1947) Metaspace: 92076K->92076K(1134592K)
[2019-04-15T13:51:47.502+0200][589,661s] GC(1947) Pause Young (Allocation Failure) 297M->232M(490M) 17,109ms
[2019-04-15T13:51:47.502+0200][589,661s] GC(1947) User=0,03s Sys=0,00s Real=0,02s
[2019-04-15T13:51:47.502+0200][589,661s] GC(1948) Pause Initial Mark
[2019-04-15T13:51:47.503+0200][589,662s] GC(1948) Pause Initial Mark 233M->233M(490M) 0,631ms
[2019-04-15T13:51:47.503+0200][589,662s] GC(1948) User=0,00s Sys=0,00s Real=0,00s
[2019-04-15T13:51:47.503+0200][589,662s] GC(1948) Concurrent Mark
[2019-04-15T13:51:47.503+0200][589,662s] GC(1948) Using 4 workers of 4 for marking
[2019-04-15T13:51:47.558+0200][589,717s] GC(1948) Concurrent Mark 55,401ms
[2019-04-15T13:51:47.558+0200][589,717s] GC(1948) User=0,20s Sys=0,00s Real=0,06s
[2019-04-15T13:51:47.558+0200][589,717s] GC(1948) Concurrent Preclean
[2019-04-15T13:51:47.560+0200][589,719s] GC(1948) Concurrent Preclean 1,504ms
[2019-04-15T13:51:47.560+0200][589,719s] GC(1948) User=0,00s Sys=0,00s Real=0,00s
[2019-04-15T13:51:47.560+0200][589,719s] GC(1948) Concurrent Abortable Preclean
[2019-04-15T13:51:47.616+0200][589,775s] GC(1949) Pause Young (Allocation Failure)
[2019-04-15T13:51:47.616+0200][589,775s] GC(1949) Using 4 workers of 4 for evacuation
[2019-04-15T13:51:47.624+0200][589,783s] GC(1949) ParNew: 109248K->15104K(109248K)
[2019-04-15T13:51:47.624+0200][589,783s] GC(1949) CMS: 216656K->216656K(393216K)
[2019-04-15T13:51:47.624+0200][589,783s] GC(1949) Metaspace: 92076K->92076K(1134592K)
[2019-04-15T13:51:47.624+0200][589,783s] GC(1949) Pause Young (Allocation Failure) 318M->226M(490M) 8,021ms
[2019-04-15T13:51:47.624+0200][589,783s] GC(1949) User=0,02s Sys=0,00s Real=0,00s
[2019-04-15T13:51:47.690+0200][589,849s] GC(1950) Pause Young (Allocation Failure)
[2019-04-15T13:51:47.690+0200][589,849s] GC(1950) Using 4 workers of 4 for evacuation
[2019-04-15T13:51:47.696+0200][589,854s] GC(1950) ParNew: 102528K->15735K(109248K)
[2019-04-15T13:51:47.696+0200][589,854s] GC(1950) CMS: 216656K->216656K(393216K)
[2019-04-15T13:51:47.696+0200][589,854s] GC(1950) Metaspace: 92076K->92076K(1134592K)
[2019-04-15T13:51:47.696+0200][589,855s] GC(1950) Pause Young (Allocation Failure) 311M->226M(490M) 5,937ms
[2019-04-15T13:51:47.696+0200][589,855s] GC(1950) User=0,02s Sys=0,00s Real=0,01s
[2019-04-15T13:51:47.793+0200][589,952s] GC(1951) Pause Young (Allocation Failure)
[2019-04-15T13:51:47.793+0200][589,952s] GC(1951) Using 4 workers of 4 for evacuation
[2019-04-15T13:51:47.804+0200][589,963s] GC(1951) ParNew: 103159K->14136K(109248K)
[2019-04-15T13:51:47.804+0200][589,963s] GC(1951) CMS: 216656K->216656K(393216K)
[2019-04-15T13:51:47.804+0200][589,963s] GC(1951) Metaspace: 92076K->92076K(1134592K)
[2019-04-15T13:51:47.804+0200][589,963s] GC(1951) Pause Young (Allocation Failure) 312M->225M(490M) 10,866ms
[2019-04-15T13:51:47.804+0200][589,963s] GC(1951) User=0,03s Sys=0,00s Real=0,00s
[2019-04-15T13:51:47.806+0200][589,965s] GC(1948) Concurrent Abortable Preclean 246,485ms
[2019-04-15T13:51:47.806+0200][589,965s] GC(1948) User=0,45s Sys=0,00s Real=0,25s
[2019-04-15T13:51:47.806+0200][589,965s] GC(1948) Pause Remark
[2019-04-15T13:51:47.807+0200][589,965s] GC(1952) Pause Young (CMS Final Remark)
[2019-04-15T13:51:47.807+0200][589,966s] GC(1952) Using 4 workers of 4 for evacuation
[2019-04-15T13:51:47.817+0200][589,976s] GC(1952) ParNew: 26891K->11008K(109248K)
[2019-04-15T13:51:47.817+0200][589,976s] GC(1952) CMS: 216656K->216656K(393216K)
[2019-04-15T13:51:47.817+0200][589,976s] GC(1952) Metaspace: 92076K->92076K(1134592K)
[2019-04-15T13:51:47.817+0200][589,976s] GC(1952) Pause Young (CMS Final Remark) 237M->222M(490M) 10,135ms
[2019-04-15T13:51:47.817+0200][589,976s] GC(1952) User=0,03s Sys=0,00s Real=0,01s
[2019-04-15T13:51:47.856+0200][590,015s] GC(1948) Pause Remark 237M->222M(490M) 49,644ms
[2019-04-15T13:51:47.856+0200][590,015s] GC(1948) User=0,08s Sys=0,00s Real=0,05s
[2019-04-15T13:51:47.856+0200][590,015s] GC(1948) Concurrent Sweep
[2019-04-15T13:51:47.924+0200][590,083s] GC(1948) Concurrent Sweep 67,459ms
[2019-04-15T13:51:47.924+0200][590,083s] GC(1948) User=0,26s Sys=0,00s Real=0,06s
[2019-04-15T13:51:47.924+0200][590,083s] GC(1948) Concurrent Reset
[2019-04-15T13:51:47.924+0200][590,083s] GC(1948) Concurrent Reset 0,462ms
[2019-04-15T13:51:47.924+0200][590,083s] GC(1948) User=0,00s Sys=0,00s Real=0,00s
[2019-04-15T13:51:47.924+0200][590,083s] GC(1948) Old: 216656K->170505K(393216K)
[2019-04-15T13:51:48.270+0200][590,429s] GC(1953) Pause Young (Allocation Failure)
[2019-04-15T13:51:48.270+0200][590,429s] GC(1953) Using 4 workers of 4 for evacuation
[2019-04-15T13:51:48.276+0200][590,435s] GC(1953) ParNew: 98432K->13263K(109248K)
[2019-04-15T13:51:48.276+0200][590,435s] GC(1953) CMS: 170505K->170505K(393216K)
[2019-04-15T13:51:48.276+0200][590,435s] GC(1953) Metaspace: 92078K->92078K(1134592K)
[2019-04-15T13:51:48.276+0200][590,435s] GC(1953) Pause Young (Allocation Failure) 262M->179M(490M) 5,523ms
[2019-04-15T13:51:48.276+0200][590,435s] GC(1953) User=0,02s Sys=0,00s Real=0,01s
[2019-04-15T13:56:49.161+0200][891,320s] GC(1954) Pause Young (Allocation Failure)
[2019-04-15T13:56:49.161+0200][891,320s] GC(1954) Using 4 workers of 4 for evacuation
[2019-04-15T13:56:49.186+0200][891,345s] GC(1954) ParNew: 100687K->14536K(109248K)
[2019-04-15T13:56:49.186+0200][891,345s] GC(1954) CMS: 170505K->170505K(393216K)
[2019-04-15T13:56:49.186+0200][891,345s] GC(1954) Metaspace: 92159K->92159K(1134592K)
[2019-04-15T13:56:49.186+0200][891,345s] GC(1954) Pause Young (Allocation Failure) 264M->180M(490M) 24,636ms
[2019-04-15T13:56:49.186+0200][891,345s] GC(1954) User=0,03s Sys=0,00s Real=0,03s
[2019-04-15T13:56:49.671+0200][891,830s] GC(1955) Pause Young (Allocation Failure)
[2019-04-15T13:56:49.671+0200][891,830s] GC(1955) Using 4 workers of 4 for evacuation
[2019-04-15T13:56:49.684+0200][891,843s] GC(1955) ParNew: 101960K->18530K(109248K)
[2019-04-15T13:56:49.684+0200][891,843s] GC(1955) CMS: 170505K->170505K(393216K)
[2019-04-15T13:56:49.684+0200][891,843s] GC(1955) Metaspace: 92165K->92165K(1134592K)
[2019-04-15T13:56:49.684+0200][891,843s] GC(1955) Pause Young (Allocation Failure) 266M->184M(490M) 13,397ms
[2019-04-15T13:56:49.684+0200][891,843s] GC(1955) User=0,03s Sys=0,00s Real=0,01s
[2019-04-15T13:56:50.272+0200][892,431s] GC(1956) Pause Young (Allocation Failure)
[2019-04-15T13:56:50.272+0200][892,431s] GC(1956) Using 4 workers of 4 for evacuation
[2019-04-15T13:56:50.299+0200][892,458s] GC(1956) ParNew: 105954K->7104K(109248K)
[2019-04-15T13:56:50.299+0200][892,458s] GC(1956) CMS: 170505K->176967K(393216K)
[2019-04-15T13:56:50.299+0200][892,458s] GC(1956) Metaspace: 92170K->92170K(1134592K)
[2019-04-15T13:56:50.299+0200][892,458s] GC(1956) Pause Young (Allocation Failure) 269M->179M(490M) 26,588ms
[2019-04-15T13:56:50.299+0200][892,458s] GC(1956) User=0,04s Sys=0,00s Real=0,03s
[2019-04-15T13:56:50.649+0200][892,808s] GC(1957) Pause Young (Allocation Failure)
[2019-04-15T13:56:50.649+0200][892,808s] GC(1957) Using 4 workers of 4 for evacuation
[2019-04-15T13:56:50.673+0200][892,832s] GC(1957) ParNew: 94528K->6557K(109248K)
[2019-04-15T13:56:50.673+0200][892,832s] GC(1957) CMS: 176967K->178460K(393216K)
[2019-04-15T13:56:50.673+0200][892,832s] GC(1957) Metaspace: 92195K->92195K(1134592K)
[2019-04-15T13:56:50.673+0200][892,832s] GC(1957) Pause Young (Allocation Failure) 265M->180M(490M) 23,854ms
[2019-04-15T13:56:50.673+0200][892,832s] GC(1957) User=0,04s Sys=0,00s Real=0,03s
[2019-04-15T13:56:51.302+0200][893,461s] GC(1958) Pause Young (Allocation Failure)
[2019-04-15T13:56:51.302+0200][893,461s] GC(1958) Using 4 workers of 4 for evacuation
[2019-04-15T13:56:51.323+0200][893,482s] GC(1958) ParNew: 93981K->9037K(109248K)
[2019-04-15T13:56:51.323+0200][893,482s] GC(1958) CMS: 178460K->178504K(393216K)
[2019-04-15T13:56:51.323+0200][893,482s] GC(1958) Metaspace: 92212K->92212K(1134592K)
[2019-04-15T13:56:51.323+0200][893,482s] GC(1958) Pause Young (Allocation Failure) 266M->183M(490M) 20,887ms
[2019-04-15T13:56:51.323+0200][893,482s] GC(1958) User=0,03s Sys=0,00s Real=0,02s
[2019-04-15T13:56:51.887+0200][894,046s] GC(1959) Pause Young (Allocation Failure)
[2019-04-15T13:56:51.887+0200][894,046s] GC(1959) Using 4 workers of 4 for evacuation
[2019-04-15T13:56:51.924+0200][894,083s] GC(1959) ParNew: 96461K->16160K(109248K)
[2019-04-15T13:56:51.924+0200][894,083s] GC(1959) CMS: 178504K->178552K(393216K)
[2019-04-15T13:56:51.924+0200][894,083s] GC(1959) Metaspace: 92971K->92971K(1134592K)
[2019-04-15T13:56:51.924+0200][894,083s] GC(1959) Pause Young (Allocation Failure) 268M->190M(490M) 37,059ms
[2019-04-15T13:56:51.924+0200][894,083s] GC(1959) User=0,05s Sys=0,00s Real=0,03s
[2019-04-15T13:56:52.516+0200][894,674s] GC(1960) Pause Young (Allocation Failure)
[2019-04-15T13:56:52.516+0200][894,675s] GC(1960) Using 4 workers of 4 for evacuation
[2019-04-15T13:56:52.558+0200][894,717s] GC(1960) ParNew: 103584K->16141K(109248K)
[2019-04-15T13:56:52.558+0200][894,717s] GC(1960) CMS: 178552K->178559K(393216K)
[2019-04-15T13:56:52.558+0200][894,717s] GC(1960) Metaspace: 93690K->93690K(1134592K)
[2019-04-15T13:56:52.558+0200][894,717s] GC(1960) Pause Young (Allocation Failure) 275M->190M(490M) 42,227ms
[2019-04-15T13:56:52.558+0200][894,717s] GC(1960) User=0,07s Sys=0,00s Real=0,04s
[2019-04-15T13:56:53.711+0200][895,870s] GC(1961) Pause Young (Allocation Failure)
[2019-04-15T13:56:53.711+0200][895,870s] GC(1961) Using 4 workers of 4 for evacuation
[2019-04-15T13:56:53.758+0200][895,917s] GC(1961) ParNew: 103565K->15372K(109248K)
[2019-04-15T13:56:53.758+0200][895,917s] GC(1961) CMS: 178559K->179045K(393216K)
[2019-04-15T13:56:53.758+0200][895,917s] GC(1961) Metaspace: 94371K->94371K(1136640K)
[2019-04-15T13:56:53.758+0200][895,917s] GC(1961) Pause Young (Allocation Failure) 275M->189M(490M) 46,767ms
[2019-04-15T13:56:53.758+0200][895,917s] GC(1961) User=0,07s Sys=0,00s Real=0,05s
[2019-04-15T13:56:53.870+0200][896,029s] GC(1962) Pause Young (Allocation Failure)
[2019-04-15T13:56:53.870+0200][896,029s] GC(1962) Using 4 workers of 4 for evacuation
[2019-04-15T13:56:53.924+0200][896,083s] GC(1962) ParNew: 102796K->15712K(109248K)
[2019-04-15T13:56:53.924+0200][896,083s] GC(1962) CMS: 179045K->181518K(393216K)
[2019-04-15T13:56:53.924+0200][896,083s] GC(1962) Metaspace: 94392K->94392K(1136640K)
[2019-04-15T13:56:53.924+0200][896,083s] GC(1962) Pause Young (Allocation Failure) 275M->192M(490M) 54,042ms
[2019-04-15T13:56:53.924+0200][896,083s] GC(1962) User=0,09s Sys=0,00s Real=0,05s
[2019-04-15T13:56:54.636+0200][896,795s] GC(1963) Pause Young (Allocation Failure)
[2019-04-15T13:56:54.636+0200][896,795s] GC(1963) Using 4 workers of 4 for evacuation
[2019-04-15T13:56:54.662+0200][896,821s] GC(1963) ParNew: 103136K->10571K(109248K)
[2019-04-15T13:56:54.662+0200][896,821s] GC(1963) CMS: 181518K->181565K(393216K)
[2019-04-15T13:56:54.662+0200][896,821s] GC(1963) Metaspace: 94398K->94398K(1136640K)
[2019-04-15T13:56:54.662+0200][896,821s] GC(1963) Pause Young (Allocation Failure) 277M->187M(490M) 26,045ms
[2019-04-15T13:56:54.662+0200][896,821s] GC(1963) User=0,04s Sys=0,00s Real=0,02s
[2019-04-15T13:56:54.956+0200][897,114s] GC(1964) Pause Young (Allocation Failure)
[2019-04-15T13:56:54.956+0200][897,115s] GC(1964) Using 4 workers of 4 for evacuation
[2019-04-15T13:56:54.998+0200][897,157s] GC(1964) ParNew: 97995K->18520K(109248K)
[2019-04-15T13:56:54.998+0200][897,157s] GC(1964) CMS: 181565K->181603K(393216K)
[2019-04-15T13:56:54.998+0200][897,157s] GC(1964) Metaspace: 94411K->94411K(1136640K)
[2019-04-15T13:56:54.998+0200][897,157s] GC(1964) Pause Young (Allocation Failure) 273M->195M(490M) 42,649ms
[2019-04-15T13:56:54.998+0200][897,157s] GC(1964) User=0,06s Sys=0,00s Real=0,04s
[2019-04-15T13:56:55.201+0200][897,360s] GC(1965) Pause Young (Allocation Failure)
[2019-04-15T13:56:55.201+0200][897,360s] GC(1965) Using 4 workers of 4 for evacuation
[2019-04-15T13:56:55.252+0200][897,411s] GC(1965) ParNew: 105944K->20263K(109248K)
[2019-04-15T13:56:55.252+0200][897,411s] GC(1965) CMS: 181603K->181608K(393216K)
[2019-04-15T13:56:55.252+0200][897,411s] GC(1965) Metaspace: 94420K->94420K(1136640K)
[2019-04-15T13:56:55.252+0200][897,411s] GC(1965) Pause Young (Allocation Failure) 280M->197M(490M) 50,979ms
[2019-04-15T13:56:55.252+0200][897,411s] GC(1965) User=0,08s Sys=0,00s Real=0,05s
[2019-04-15T13:56:55.364+0200][897,523s] GC(1966) Pause Young (Allocation Failure)
[2019-04-15T13:56:55.364+0200][897,523s] GC(1966) Using 4 workers of 4 for evacuation
[2019-04-15T13:56:55.388+0200][897,547s] GC(1966) ParNew: 107687K->21824K(109248K)
[2019-04-15T13:56:55.388+0200][897,547s] GC(1966) CMS: 181608K->183297K(393216K)
[2019-04-15T13:56:55.388+0200][897,547s] GC(1966) Metaspace: 94428K->94428K(1136640K)
[2019-04-15T13:56:55.388+0200][897,547s] GC(1966) Pause Young (Allocation Failure) 282M->200M(490M) 24,400ms
[2019-04-15T13:56:55.388+0200][897,547s] GC(1966) User=0,07s Sys=0,01s Real=0,03s
[2019-04-15T13:56:55.619+0200][897,778s] GC(1967) Pause Young (Allocation Failure)
[2019-04-15T13:56:55.619+0200][897,778s] GC(1967) Using 4 workers of 4 for evacuation
[2019-04-15T13:56:55.658+0200][897,817s] GC(1967) ParNew: 109248K->21824K(109248K)
[2019-04-15T13:56:55.658+0200][897,817s] GC(1967) CMS: 183297K->186537K(393216K)
[2019-04-15T13:56:55.658+0200][897,817s] GC(1967) Metaspace: 94428K->94428K(1136640K)
[2019-04-15T13:56:55.658+0200][897,817s] GC(1967) Pause Young (Allocation Failure) 285M->203M(490M) 39,202ms
[2019-04-15T13:56:55.658+0200][897,817s] GC(1967) User=0,07s Sys=0,00s Real=0,04s
[2019-04-15T13:56:55.776+0200][897,934s] GC(1968) Pause Young (Allocation Failure)
[2019-04-15T13:56:55.776+0200][897,935s] GC(1968) Using 4 workers of 4 for evacuation
[2019-04-15T13:56:55.837+0200][897,996s] GC(1968) ParNew: 109248K->21824K(109248K)
[2019-04-15T13:56:55.837+0200][897,996s] GC(1968) CMS: 186537K->192005K(393216K)
[2019-04-15T13:56:55.837+0200][897,996s] GC(1968) Metaspace: 94428K->94428K(1136640K)
[2019-04-15T13:56:55.837+0200][897,996s] GC(1968) Pause Young (Allocation Failure) 288M->208M(490M) 61,422ms
[2019-04-15T13:56:55.837+0200][897,996s] GC(1968) User=0,13s Sys=0,00s Real=0,06s
[2019-04-15T13:56:56.088+0200][898,246s] GC(1969) Pause Young (Allocation Failure)
[2019-04-15T13:56:56.088+0200][898,247s] GC(1969) Using 4 workers of 4 for evacuation
[2019-04-15T13:56:56.119+0200][898,277s] GC(1969) ParNew: 109248K->21824K(109248K)
[2019-04-15T13:56:56.119+0200][898,277s] GC(1969) CMS: 192005K->192832K(393216K)
[2019-04-15T13:56:56.119+0200][898,278s] GC(1969) Metaspace: 94428K->94428K(1136640K)
[2019-04-15T13:56:56.119+0200][898,278s] GC(1969) Pause Young (Allocation Failure) 294M->209M(490M) 31,046ms
[2019-04-15T13:56:56.119+0200][898,278s] GC(1969) User=0,09s Sys=0,00s Real=0,03s
[2019-04-15T13:56:56.344+0200][898,503s] GC(1970) Pause Young (Allocation Failure)
[2019-04-15T13:56:56.344+0200][898,503s] GC(1970) Using 4 workers of 4 for evacuation
[2019-04-15T13:56:56.385+0200][898,544s] GC(1970) ParNew: 109248K->21824K(109248K)
[2019-04-15T13:56:56.385+0200][898,544s] GC(1970) CMS: 192832K->194664K(393216K)
[2019-04-15T13:56:56.385+0200][898,544s] GC(1970) Metaspace: 94428K->94428K(1136640K)
[2019-04-15T13:56:56.385+0200][898,544s] GC(1970) Pause Young (Allocation Failure) 295M->211M(490M) 41,171ms
[2019-04-15T13:56:56.385+0200][898,544s] GC(1970) User=0,08s Sys=0,00s Real=0,05s
[2019-04-15T13:56:56.679+0200][898,838s] GC(1971) Pause Young (Allocation Failure)
[2019-04-15T13:56:56.679+0200][898,838s] GC(1971) Using 4 workers of 4 for evacuation
[2019-04-15T13:56:56.718+0200][898,877s] GC(1971) ParNew: 109248K->21824K(109248K)
[2019-04-15T13:56:56.718+0200][898,877s] GC(1971) CMS: 194664K->196994K(393216K)
[2019-04-15T13:56:56.718+0200][898,877s] GC(1971) Metaspace: 94429K->94429K(1136640K)
[2019-04-15T13:56:56.718+0200][898,877s] GC(1971) Pause Young (Allocation Failure) 296M->213M(490M) 38,830ms
[2019-04-15T13:56:56.718+0200][898,877s] GC(1971) User=0,07s Sys=0,00s Real=0,04s
[2019-04-15T13:56:56.723+0200][898,882s] GC(1972) Pause Initial Mark
[2019-04-15T13:56:56.748+0200][898,907s] GC(1972) Pause Initial Mark 215M->215M(490M) 24,680ms
[2019-04-15T13:56:56.748+0200][898,907s] GC(1972) User=0,04s Sys=0,00s Real=0,03s
[2019-04-15T13:56:56.748+0200][898,907s] GC(1972) Concurrent Mark
[2019-04-15T13:56:56.748+0200][898,907s] GC(1972) Using 4 workers of 4 for marking
[2019-04-15T13:56:56.867+0200][899,026s] GC(1972) Concurrent Mark 118,425ms
[2019-04-15T13:56:56.867+0200][899,026s] GC(1972) User=0,27s Sys=0,00s Real=0,12s
[2019-04-15T13:56:56.867+0200][899,026s] GC(1972) Concurrent Preclean
[2019-04-15T13:56:56.868+0200][899,027s] GC(1972) Concurrent Preclean 1,689ms
[2019-04-15T13:56:56.868+0200][899,027s] GC(1972) User=0,00s Sys=0,00s Real=0,00s
[2019-04-15T13:56:56.868+0200][899,027s] GC(1972) Concurrent Abortable Preclean
[2019-04-15T13:56:56.962+0200][899,121s] GC(1973) Pause Young (Allocation Failure)
[2019-04-15T13:56:56.962+0200][899,121s] GC(1973) Using 4 workers of 4 for evacuation
[2019-04-15T13:56:57.026+0200][899,185s] GC(1973) ParNew: 109248K->21824K(109248K)
[2019-04-15T13:56:57.026+0200][899,185s] GC(1973) CMS: 196994K->204678K(393216K)
[2019-04-15T13:56:57.026+0200][899,185s] GC(1973) Metaspace: 94429K->94429K(1136640K)
[2019-04-15T13:56:57.026+0200][899,185s] GC(1973) Pause Young (Allocation Failure) 299M->221M(490M) 64,481ms
[2019-04-15T13:56:57.026+0200][899,185s] GC(1973) User=0,11s Sys=0,00s Real=0,07s
[2019-04-15T13:56:57.185+0200][899,344s] GC(1974) Pause Young (Allocation Failure)
[2019-04-15T13:56:57.185+0200][899,344s] GC(1974) Using 4 workers of 4 for evacuation
[2019-04-15T13:56:57.242+0200][899,401s] GC(1974) ParNew: 109248K->21824K(109248K)
[2019-04-15T13:56:57.242+0200][899,401s] GC(1974) CMS: 204678K->210255K(393216K)
[2019-04-15T13:56:57.242+0200][899,401s] GC(1974) Metaspace: 94429K->94429K(1136640K)
[2019-04-15T13:56:57.242+0200][899,401s] GC(1974) Pause Young (Allocation Failure) 306M->226M(490M) 57,380ms
[2019-04-15T13:56:57.242+0200][899,401s] GC(1974) User=0,09s Sys=0,00s Real=0,05s
[2019-04-15T13:56:57.256+0200][899,415s] GC(1972) Concurrent Abortable Preclean 387,223ms
[2019-04-15T13:56:57.256+0200][899,415s] GC(1972) User=0,70s Sys=0,00s Real=0,39s
[2019-04-15T13:56:57.256+0200][899,415s] GC(1972) Pause Remark
[2019-04-15T13:56:57.256+0200][899,415s] GC(1975) Pause Young (CMS Final Remark)
[2019-04-15T13:56:57.256+0200][899,415s] GC(1975) Using 4 workers of 4 for evacuation
[2019-04-15T13:56:57.324+0200][899,483s] GC(1975) ParNew: 26988K->21824K(109248K)
[2019-04-15T13:56:57.324+0200][899,483s] GC(1975) CMS: 210255K->211352K(393216K)
[2019-04-15T13:56:57.324+0200][899,483s] GC(1975) Metaspace: 94429K->94429K(1136640K)
[2019-04-15T13:56:57.324+0200][899,483s] GC(1975) Pause Young (CMS Final Remark) 231M->227M(490M) 67,686ms
[2019-04-15T13:56:57.324+0200][899,483s] GC(1975) User=0,12s Sys=0,00s Real=0,06s
[2019-04-15T13:56:57.541+0200][899,699s] GC(1972) Pause Remark 231M->227M(490M) 284,594ms
[2019-04-15T13:56:57.541+0200][899,700s] GC(1972) User=0,26s Sys=0,00s Real=0,28s
[2019-04-15T13:56:57.541+0200][899,700s] GC(1972) Concurrent Sweep
[2019-04-15T13:56:57.765+0200][899,924s] GC(1972) Concurrent Sweep 224,109ms
[2019-04-15T13:56:57.765+0200][899,924s] GC(1972) User=0,28s Sys=0,00s Real=0,22s
[2019-04-15T13:56:57.765+0200][899,924s] GC(1972) Concurrent Reset
[2019-04-15T13:56:57.765+0200][899,924s] GC(1972) Concurrent Reset 0,538ms
[2019-04-15T13:56:57.765+0200][899,924s] GC(1972) User=0,00s Sys=0,00s Real=0,01s
[2019-04-15T13:56:57.765+0200][899,924s] GC(1972) Old: 196994K->132759K(393216K)
[2019-04-15T13:56:57.824+0200][899,983s] GC(1976) Pause Young (Allocation Failure)
[2019-04-15T13:56:57.824+0200][899,983s] GC(1976) Using 4 workers of 4 for evacuation
[2019-04-15T13:56:57.923+0200][900,082s] GC(1976) ParNew: 109248K->21824K(109248K)
[2019-04-15T13:56:57.923+0200][900,082s] GC(1976) CMS: 132759K->142180K(393216K)
[2019-04-15T13:56:57.923+0200][900,082s] GC(1976) Metaspace: 94289K->94289K(1136640K)
[2019-04-15T13:56:57.923+0200][900,082s] GC(1976) Pause Young (Allocation Failure) 236M->160M(490M) 99,199ms
[2019-04-15T13:56:57.923+0200][900,082s] GC(1976) User=0,12s Sys=0,03s Real=0,10s
[2019-04-15T13:56:58.093+0200][900,252s] GC(1977) Pause Young (Allocation Failure)
[2019-04-15T13:56:58.093+0200][900,252s] GC(1977) Using 4 workers of 4 for evacuation
[2019-04-15T13:56:58.157+0200][900,316s] GC(1977) ParNew: 109248K->21824K(109248K)
[2019-04-15T13:56:58.157+0200][900,316s] GC(1977) CMS: 142180K->143679K(393216K)
[2019-04-15T13:56:58.157+0200][900,316s] GC(1977) Metaspace: 94289K->94289K(1136640K)
[2019-04-15T13:56:58.157+0200][900,316s] GC(1977) Pause Young (Allocation Failure) 245M->161M(490M) 63,930ms
[2019-04-15T13:56:58.157+0200][900,316s] GC(1977) User=0,12s Sys=0,00s Real=0,06s
[2019-04-15T13:56:58.544+0200][900,703s] GC(1978) Pause Young (Allocation Failure)
[2019-04-15T13:56:58.544+0200][900,703s] GC(1978) Using 4 workers of 4 for evacuation
[2019-04-15T13:56:58.591+0200][900,750s] GC(1978) ParNew: 109248K->21824K(109248K)
[2019-04-15T13:56:58.591+0200][900,750s] GC(1978) CMS: 143679K->148001K(393216K)
[2019-04-15T13:56:58.591+0200][900,750s] GC(1978) Metaspace: 94289K->94289K(1136640K)
[2019-04-15T13:56:58.591+0200][900,750s] GC(1978) Pause Young (Allocation Failure) 246M->165M(490M) 47,768ms
[2019-04-15T13:56:58.591+0200][900,750s] GC(1978) User=0,06s Sys=0,00s Real=0,05s
[2019-04-15T13:56:58.762+0200][900,921s] GC(1979) Pause Young (Allocation Failure)
[2019-04-15T13:56:58.762+0200][900,921s] GC(1979) Using 4 workers of 4 for evacuation
[2019-04-15T13:56:58.808+0200][900,967s] GC(1979) ParNew: 109248K->21824K(109248K)
[2019-04-15T13:56:58.808+0200][900,967s] GC(1979) CMS: 148001K->153467K(393216K)
[2019-04-15T13:56:58.808+0200][900,967s] GC(1979) Metaspace: 94289K->94289K(1136640K)
[2019-04-15T13:56:58.808+0200][900,967s] GC(1979) Pause Young (Allocation Failure) 251M->171M(490M) 46,357ms
[2019-04-15T13:56:58.808+0200][900,967s] GC(1979) User=0,07s Sys=0,00s Real=0,05s
[2019-04-15T13:56:58.962+0200][901,121s] GC(1980) Pause Young (Allocation Failure)
[2019-04-15T13:56:58.962+0200][901,121s] GC(1980) Using 4 workers of 4 for evacuation
[2019-04-15T13:56:58.987+0200][901,146s] GC(1980) ParNew: 109248K->21824K(109248K)
[2019-04-15T13:56:58.987+0200][901,146s] GC(1980) CMS: 153467K->157009K(393216K)
[2019-04-15T13:56:58.987+0200][901,146s] GC(1980) Metaspace: 94289K->94289K(1136640K)
[2019-04-15T13:56:58.987+0200][901,146s] GC(1980) Pause Young (Allocation Failure) 256M->174M(490M) 24,543ms
[2019-04-15T13:56:58.987+0200][901,146s] GC(1980) User=0,05s Sys=0,01s Real=0,03s
[2019-04-15T13:56:59.375+0200][901,534s] GC(1981) Pause Young (Allocation Failure)
[2019-04-15T13:56:59.375+0200][901,534s] GC(1981) Using 4 workers of 4 for evacuation
[2019-04-15T13:56:59.421+0200][901,580s] GC(1981) ParNew: 109248K->21824K(109248K)
[2019-04-15T13:56:59.421+0200][901,580s] GC(1981) CMS: 157009K->160118K(393216K)
[2019-04-15T13:56:59.421+0200][901,580s] GC(1981) Metaspace: 94289K->94289K(1136640K)
[2019-04-15T13:56:59.421+0200][901,580s] GC(1981) Pause Young (Allocation Failure) 260M->177M(490M) 45,910ms
[2019-04-15T13:56:59.421+0200][901,580s] GC(1981) User=0,07s Sys=0,00s Real=0,04s
[2019-04-15T13:56:59.627+0200][901,786s] GC(1982) Pause Young (Allocation Failure)
[2019-04-15T13:56:59.627+0200][901,786s] GC(1982) Using 4 workers of 4 for evacuation
[2019-04-15T13:56:59.667+0200][901,826s] GC(1982) ParNew: 109248K->21824K(109248K)
[2019-04-15T13:56:59.667+0200][901,826s] GC(1982) CMS: 160118K->165651K(393216K)
[2019-04-15T13:56:59.667+0200][901,826s] GC(1982) Metaspace: 94289K->94289K(1136640K)
[2019-04-15T13:56:59.667+0200][901,826s] GC(1982) Pause Young (Allocation Failure) 263M->183M(490M) 40,584ms
[2019-04-15T13:56:59.667+0200][901,826s] GC(1982) User=0,06s Sys=0,00s Real=0,04s
[2019-04-15T13:56:59.934+0200][902,093s] GC(1983) Pause Young (Allocation Failure)
[2019-04-15T13:56:59.935+0200][902,094s] GC(1983) Using 4 workers of 4 for evacuation
[2019-04-15T13:57:00.017+0200][902,176s] GC(1983) ParNew: 109248K->21824K(109248K)
[2019-04-15T13:57:00.017+0200][902,176s] GC(1983) CMS: 165651K->169140K(393216K)
[2019-04-15T13:57:00.017+0200][902,176s] GC(1983) Metaspace: 94289K->94289K(1136640K)
[2019-04-15T13:57:00.017+0200][902,176s] GC(1983) Pause Young (Allocation Failure) 268M->186M(490M) 83,020ms
[2019-04-15T13:57:00.018+0200][902,176s] GC(1983) User=0,09s Sys=0,01s Real=0,08s
[2019-04-15T13:57:01.101+0200][903,260s] GC(1984) Pause Young (Allocation Failure)
[2019-04-15T13:57:01.101+0200][903,260s] GC(1984) Using 4 workers of 4 for evacuation
[2019-04-15T13:57:01.165+0200][903,324s] GC(1984) ParNew: 109248K->21824K(109248K)
[2019-04-15T13:57:01.166+0200][903,325s] GC(1984) CMS: 169140K->186883K(393216K)
[2019-04-15T13:57:01.166+0200][903,325s] GC(1984) Metaspace: 94289K->94289K(1136640K)
[2019-04-15T13:57:01.166+0200][903,325s] GC(1984) Pause Young (Allocation Failure) 271M->203M(490M) 64,706ms
[2019-04-15T13:57:01.166+0200][903,325s] GC(1984) User=0,09s Sys=0,00s Real=0,07s
[2019-04-15T13:57:01.321+0200][903,480s] GC(1985) Pause Young (Allocation Failure)
[2019-04-15T13:57:01.321+0200][903,480s] GC(1985) Using 4 workers of 4 for evacuation
[2019-04-15T13:57:01.403+0200][903,562s] GC(1985) ParNew: 109248K->21824K(109248K)
[2019-04-15T13:57:01.403+0200][903,562s] GC(1985) CMS: 186883K->206798K(393216K)
[2019-04-15T13:57:01.403+0200][903,562s] GC(1985) Metaspace: 94289K->94289K(1136640K)
[2019-04-15T13:57:01.403+0200][903,562s] GC(1985) Pause Young (Allocation Failure) 289M->223M(490M) 81,749ms
[2019-04-15T13:57:01.403+0200][903,562s] GC(1985) User=0,08s Sys=0,00s Real=0,08s
[2019-04-15T13:57:01.412+0200][903,571s] GC(1986) Pause Initial Mark
[2019-04-15T13:57:01.425+0200][903,584s] GC(1986) Pause Initial Mark 225M->225M(490M) 13,506ms
[2019-04-15T13:57:01.425+0200][903,584s] GC(1986) User=0,01s Sys=0,00s Real=0,02s
[2019-04-15T13:57:01.426+0200][903,584s] GC(1986) Concurrent Mark
[2019-04-15T13:57:01.426+0200][903,584s] GC(1986) Using 4 workers of 4 for marking
[2019-04-15T13:57:01.619+0200][903,778s] GC(1986) Concurrent Mark 193,848ms
[2019-04-15T13:57:01.619+0200][903,778s] GC(1986) User=0,27s Sys=0,00s Real=0,19s
[2019-04-15T13:57:01.619+0200][903,778s] GC(1986) Concurrent Preclean
[2019-04-15T13:57:01.621+0200][903,780s] GC(1986) Concurrent Preclean 1,760ms
[2019-04-15T13:57:01.621+0200][903,780s] GC(1986) User=0,01s Sys=0,00s Real=0,00s
[2019-04-15T13:57:01.621+0200][903,780s] GC(1986) Concurrent Abortable Preclean
[2019-04-15T13:57:01.743+0200][903,902s] GC(1987) Pause Young (Allocation Failure)
[2019-04-15T13:57:01.743+0200][903,902s] GC(1987) Using 4 workers of 4 for evacuation
[2019-04-15T13:57:01.845+0200][904,004s] GC(1987) ParNew: 109248K->21824K(109248K)
[2019-04-15T13:57:01.845+0200][904,004s] GC(1987) CMS: 206798K->213355K(393216K)
[2019-04-15T13:57:01.845+0200][904,004s] GC(1987) Metaspace: 94289K->94289K(1136640K)
[2019-04-15T13:57:01.845+0200][904,004s] GC(1987) Pause Young (Allocation Failure) 308M->229M(490M) 101,783ms
[2019-04-15T13:57:01.845+0200][904,004s] GC(1987) User=0,12s Sys=0,00s Real=0,10s
[2019-04-15T13:57:02.212+0200][904,371s] GC(1988) Pause Young (Allocation Failure)
[2019-04-15T13:57:02.212+0200][904,371s] GC(1988) Using 4 workers of 4 for evacuation
[2019-04-15T13:57:02.273+0200][904,432s] GC(1988) ParNew: 109248K->21824K(109248K)
[2019-04-15T13:57:02.274+0200][904,433s] GC(1988) CMS: 213355K->220227K(393216K)
[2019-04-15T13:57:02.274+0200][904,433s] GC(1988) Metaspace: 94289K->94289K(1136640K)
[2019-04-15T13:57:02.274+0200][904,433s] GC(1988) Pause Young (Allocation Failure) 315M->236M(490M) 62,080ms
[2019-04-15T13:57:02.274+0200][904,433s] GC(1988) User=0,09s Sys=0,01s Real=0,07s
[2019-04-15T13:57:02.288+0200][904,447s] GC(1986) Concurrent Abortable Preclean 666,462ms
[2019-04-15T13:57:02.288+0200][904,447s] GC(1986) User=0,80s Sys=0,01s Real=0,67s
[2019-04-15T13:57:02.289+0200][904,448s] GC(1986) Pause Remark
[2019-04-15T13:57:02.289+0200][904,448s] GC(1989) Pause Young (CMS Final Remark)
[2019-04-15T13:57:02.289+0200][904,448s] GC(1989) Using 4 workers of 4 for evacuation
[2019-04-15T13:57:02.328+0200][904,487s] GC(1989) ParNew: 29300K->21824K(109248K)
[2019-04-15T13:57:02.328+0200][904,487s] GC(1989) CMS: 220227K->220227K(393216K)
[2019-04-15T13:57:02.328+0200][904,487s] GC(1989) Metaspace: 94289K->94289K(1136640K)
[2019-04-15T13:57:02.328+0200][904,487s] GC(1989) Pause Young (CMS Final Remark) 243M->236M(490M) 38,767ms
[2019-04-15T13:57:02.328+0200][904,487s] GC(1989) User=0,05s Sys=0,00s Real=0,04s
[2019-04-15T13:57:02.456+0200][904,615s] GC(1986) Pause Remark 243M->236M(490M) 167,717ms
[2019-04-15T13:57:02.457+0200][904,616s] GC(1986) User=0,19s Sys=0,01s Real=0,17s
[2019-04-15T13:57:02.457+0200][904,616s] GC(1986) Concurrent Sweep
[2019-04-15T13:57:02.628+0200][904,787s] GC(1986) Concurrent Sweep 171,271ms
[2019-04-15T13:57:02.628+0200][904,787s] GC(1986) User=0,19s Sys=0,00s Real=0,17s
[2019-04-15T13:57:02.628+0200][904,787s] GC(1986) Concurrent Reset
[2019-04-15T13:57:02.629+0200][904,787s] GC(1986) Concurrent Reset 0,494ms
[2019-04-15T13:57:02.629+0200][904,788s] GC(1986) User=0,00s Sys=0,00s Real=0,00s
[2019-04-15T13:57:02.629+0200][904,788s] GC(1986) Old: 206798K->167065K(393216K)
[2019-04-15T13:57:02.740+0200][904,899s] GC(1990) Pause Young (Allocation Failure)
[2019-04-15T13:57:02.740+0200][904,899s] GC(1990) Using 4 workers of 4 for evacuation
[2019-04-15T13:57:02.775+0200][904,934s] GC(1990) ParNew: 109248K->21824K(109248K)
[2019-04-15T13:57:02.775+0200][904,934s] GC(1990) CMS: 167065K->168014K(393216K)
[2019-04-15T13:57:02.775+0200][904,934s] GC(1990) Metaspace: 94289K->94289K(1136640K)
[2019-04-15T13:57:02.775+0200][904,934s] GC(1990) Pause Young (Allocation Failure) 269M->185M(490M) 35,039ms
[2019-04-15T13:57:02.775+0200][904,934s] GC(1990) User=0,05s Sys=0,01s Real=0,04s
[2019-04-15T13:57:02.932+0200][905,091s] GC(1991) Pause Young (Allocation Failure)
[2019-04-15T13:57:02.933+0200][905,091s] GC(1991) Using 4 workers of 4 for evacuation
[2019-04-15T13:57:02.986+0200][905,145s] GC(1991) ParNew: 109248K->21824K(109248K)
[2019-04-15T13:57:02.986+0200][905,145s] GC(1991) CMS: 168014K->173519K(393216K)
[2019-04-15T13:57:02.986+0200][905,145s] GC(1991) Metaspace: 94289K->94289K(1136640K)
[2019-04-15T13:57:02.986+0200][905,145s] GC(1991) Pause Young (Allocation Failure) 270M->190M(490M) 53,316ms
[2019-04-15T13:57:02.986+0200][905,145s] GC(1991) User=0,08s Sys=0,00s Real=0,06s
[2019-04-15T13:57:03.340+0200][905,499s] GC(1992) Pause Young (Allocation Failure)
[2019-04-15T13:57:03.340+0200][905,499s] GC(1992) Using 4 workers of 4 for evacuation
[2019-04-15T13:57:03.367+0200][905,526s] GC(1992) ParNew: 109248K->21824K(109248K)
[2019-04-15T13:57:03.367+0200][905,526s] GC(1992) CMS: 173519K->174405K(393216K)
[2019-04-15T13:57:03.367+0200][905,526s] GC(1992) Metaspace: 94289K->94289K(1136640K)
[2019-04-15T13:57:03.367+0200][905,526s] GC(1992) Pause Young (Allocation Failure) 276M->191M(490M) 26,794ms
[2019-04-15T13:57:03.367+0200][905,526s] GC(1992) User=0,05s Sys=0,00s Real=0,03s
[2019-04-15T13:57:03.681+0200][905,840s] GC(1993) Pause Young (Allocation Failure)
[2019-04-15T13:57:03.681+0200][905,840s] GC(1993) Using 4 workers of 4 for evacuation
[2019-04-15T13:57:03.724+0200][905,883s] GC(1993) ParNew: 109218K->21824K(109248K)
[2019-04-15T13:57:03.724+0200][905,883s] GC(1993) CMS: 174405K->175551K(393216K)
[2019-04-15T13:57:03.724+0200][905,883s] GC(1993) Metaspace: 94292K->94292K(1136640K)
[2019-04-15T13:57:03.724+0200][905,883s] GC(1993) Pause Young (Allocation Failure) 276M->192M(490M) 43,747ms
[2019-04-15T13:57:03.725+0200][905,883s] GC(1993) User=0,05s Sys=0,00s Real=0,04s
[2019-04-15T13:57:03.984+0200][906,142s] GC(1994) Pause Young (Allocation Failure)
[2019-04-15T13:57:03.984+0200][906,143s] GC(1994) Using 4 workers of 4 for evacuation
[2019-04-15T13:57:04.034+0200][906,193s] GC(1994) ParNew: 109248K->21824K(109248K)
[2019-04-15T13:57:04.034+0200][906,193s] GC(1994) CMS: 175551K->179242K(393216K)
[2019-04-15T13:57:04.034+0200][906,193s] GC(1994) Metaspace: 94293K->94293K(1136640K)
[2019-04-15T13:57:04.034+0200][906,193s] GC(1994) Pause Young (Allocation Failure) 278M->196M(490M) 50,561ms
[2019-04-15T13:57:04.034+0200][906,193s] GC(1994) User=0,08s Sys=0,00s Real=0,06s
[2019-04-15T13:57:04.354+0200][906,513s] GC(1995) Pause Young (Allocation Failure)
[2019-04-15T13:57:04.354+0200][906,513s] GC(1995) Using 4 workers of 4 for evacuation
[2019-04-15T13:57:04.465+0200][906,624s] GC(1995) ParNew: 109248K->21824K(109248K)
[2019-04-15T13:57:04.465+0200][906,624s] GC(1995) CMS: 179242K->191361K(393216K)
[2019-04-15T13:57:04.465+0200][906,624s] GC(1995) Metaspace: 94294K->94294K(1136640K)
[2019-04-15T13:57:04.465+0200][906,624s] GC(1995) Pause Young (Allocation Failure) 281M->208M(490M) 111,143ms
[2019-04-15T13:57:04.466+0200][906,624s] GC(1995) User=0,13s Sys=0,00s Real=0,11s
[2019-04-15T13:57:05.021+0200][907,180s] GC(1996) Pause Young (Allocation Failure)
[2019-04-15T13:57:05.021+0200][907,180s] GC(1996) Using 4 workers of 4 for evacuation
[2019-04-15T13:57:05.067+0200][907,226s] GC(1996) ParNew: 109039K->21824K(109248K)
[2019-04-15T13:57:05.067+0200][907,226s] GC(1996) CMS: 191361K->194978K(393216K)
[2019-04-15T13:57:05.067+0200][907,226s] GC(1996) Metaspace: 95008K->95008K(1136640K)
[2019-04-15T13:57:05.067+0200][907,226s] GC(1996) Pause Young (Allocation Failure) 293M->211M(490M) 46,071ms
[2019-04-15T13:57:05.067+0200][907,226s] GC(1996) User=0,06s Sys=0,00s Real=0,05s
[2019-04-15T13:57:05.500+0200][907,659s] GC(1997) Pause Young (Allocation Failure)
[2019-04-15T13:57:05.500+0200][907,659s] GC(1997) Using 4 workers of 4 for evacuation
[2019-04-15T13:57:05.585+0200][907,744s] GC(1997) ParNew: 109248K->21824K(109248K)
[2019-04-15T13:57:05.585+0200][907,744s] GC(1997) CMS: 194978K->201237K(393216K)
[2019-04-15T13:57:05.585+0200][907,744s] GC(1997) Metaspace: 95008K->95008K(1136640K)
[2019-04-15T13:57:05.585+0200][907,744s] GC(1997) Pause Young (Allocation Failure) 297M->217M(490M) 84,664ms
[2019-04-15T13:57:05.585+0200][907,744s] GC(1997) User=0,12s Sys=0,01s Real=0,09s
[2019-04-15T13:57:05.585+0200][907,744s] GC(1998) Pause Initial Mark
[2019-04-15T13:57:05.591+0200][907,750s] GC(1998) Pause Initial Mark 218M->218M(490M) 5,277ms
[2019-04-15T13:57:05.591+0200][907,750s] GC(1998) User=0,01s Sys=0,00s Real=0,00s
[2019-04-15T13:57:05.591+0200][907,750s] GC(1998) Concurrent Mark
[2019-04-15T13:57:05.591+0200][907,750s] GC(1998) Using 4 workers of 4 for marking
[2019-04-15T13:57:05.805+0200][907,964s] GC(1998) Concurrent Mark 214,449ms
[2019-04-15T13:57:05.805+0200][907,964s] GC(1998) User=0,30s Sys=0,00s Real=0,22s
[2019-04-15T13:57:05.805+0200][907,964s] GC(1998) Concurrent Preclean
[2019-04-15T13:57:05.807+0200][907,966s] GC(1998) Concurrent Preclean 1,687ms
[2019-04-15T13:57:05.807+0200][907,966s] GC(1998) User=0,00s Sys=0,00s Real=0,00s
[2019-04-15T13:57:05.807+0200][907,966s] GC(1998) Concurrent Abortable Preclean
[2019-04-15T13:57:06.013+0200][908,172s] GC(1999) Pause Young (Allocation Failure)
[2019-04-15T13:57:06.013+0200][908,172s] GC(1999) Using 4 workers of 4 for evacuation
[2019-04-15T13:57:06.115+0200][908,274s] GC(1999) ParNew: 109248K->21824K(109248K)
[2019-04-15T13:57:06.115+0200][908,274s] GC(1999) CMS: 201237K->212309K(393216K)
[2019-04-15T13:57:06.115+0200][908,274s] GC(1999) Metaspace: 95008K->95008K(1136640K)
[2019-04-15T13:57:06.115+0200][908,274s] GC(1999) Pause Young (Allocation Failure) 303M->228M(490M) 101,980ms
[2019-04-15T13:57:06.115+0200][908,274s] GC(1999) User=0,09s Sys=0,00s Real=0,10s
[2019-04-15T13:57:06.344+0200][908,503s] GC(1998) Concurrent Abortable Preclean 537,177ms
[2019-04-15T13:57:06.345+0200][908,504s] GC(1998) User=0,41s Sys=0,01s Real=0,53s
[2019-04-15T13:57:06.346+0200][908,504s] GC(1998) Pause Remark
[2019-04-15T13:57:06.346+0200][908,505s] GC(2000) Pause Young (CMS Final Remark)
[2019-04-15T13:57:06.346+0200][908,505s] GC(2000) Using 4 workers of 4 for evacuation
[2019-04-15T13:57:06.407+0200][908,566s] GC(2000) ParNew: 73344K->21824K(109248K)
[2019-04-15T13:57:06.407+0200][908,566s] GC(2000) CMS: 212309K->217284K(393216K)
[2019-04-15T13:57:06.407+0200][908,566s] GC(2000) Metaspace: 95008K->95008K(1136640K)
[2019-04-15T13:57:06.407+0200][908,566s] GC(2000) Pause Young (CMS Final Remark) 278M->233M(490M) 61,366ms
[2019-04-15T13:57:06.407+0200][908,566s] GC(2000) User=0,05s Sys=0,00s Real=0,06s
[2019-04-15T13:57:06.548+0200][908,707s] GC(1998) Pause Remark 278M->233M(490M) 202,446ms
[2019-04-15T13:57:06.548+0200][908,707s] GC(1998) User=0,18s Sys=0,00s Real=0,20s
[2019-04-15T13:57:06.548+0200][908,707s] GC(1998) Concurrent Sweep
[2019-04-15T13:57:06.775+0200][908,934s] GC(1998) Concurrent Sweep 226,631ms
[2019-04-15T13:57:06.775+0200][908,934s] GC(1998) User=0,27s Sys=0,00s Real=0,23s
[2019-04-15T13:57:06.775+0200][908,934s] GC(1998) Concurrent Reset
[2019-04-15T13:57:06.776+0200][908,935s] GC(1998) Concurrent Reset 0,960ms
[2019-04-15T13:57:06.776+0200][908,935s] GC(1998) User=0,00s Sys=0,00s Real=0,00s
[2019-04-15T13:57:06.776+0200][908,935s] GC(1998) Old: 201237K->173192K(393216K)
[2019-04-15T13:57:06.809+0200][908,968s] GC(2001) Pause Young (Allocation Failure)
[2019-04-15T13:57:06.809+0200][908,968s] GC(2001) Using 4 workers of 4 for evacuation
[2019-04-15T13:57:06.886+0200][909,045s] GC(2001) ParNew: 109248K->21824K(109248K)
[2019-04-15T13:57:06.886+0200][909,045s] GC(2001) CMS: 173192K->180067K(393216K)
[2019-04-15T13:57:06.886+0200][909,045s] GC(2001) Metaspace: 95009K->95009K(1136640K)
[2019-04-15T13:57:06.886+0200][909,045s] GC(2001) Pause Young (Allocation Failure) 275M->197M(490M) 77,479ms
[2019-04-15T13:57:06.886+0200][909,045s] GC(2001) User=0,06s Sys=0,00s Real=0,08s
[2019-04-15T13:57:07.261+0200][909,420s] GC(2002) Pause Young (Allocation Failure)
[2019-04-15T13:57:07.261+0200][909,420s] GC(2002) Using 4 workers of 4 for evacuation
[2019-04-15T13:57:07.313+0200][909,471s] GC(2002) ParNew: 109248K->21824K(109248K)
[2019-04-15T13:57:07.313+0200][909,471s] GC(2002) CMS: 180067K->183749K(393216K)
[2019-04-15T13:57:07.313+0200][909,471s] GC(2002) Metaspace: 95009K->95009K(1136640K)
[2019-04-15T13:57:07.313+0200][909,472s] GC(2002) Pause Young (Allocation Failure) 282M->200M(490M) 51,480ms
[2019-04-15T13:57:07.313+0200][909,472s] GC(2002) User=0,04s Sys=0,02s Real=0,05s
[2019-04-15T13:57:07.532+0200][909,691s] GC(2003) Pause Young (Allocation Failure)
[2019-04-15T13:57:07.532+0200][909,691s] GC(2003) Using 4 workers of 4 for evacuation
[2019-04-15T13:57:07.576+0200][909,735s] GC(2003) ParNew: 109248K->21824K(109248K)
[2019-04-15T13:57:07.576+0200][909,735s] GC(2003) CMS: 183749K->190995K(393216K)
[2019-04-15T13:57:07.576+0200][909,735s] GC(2003) Metaspace: 95009K->95009K(1136640K)
[2019-04-15T13:57:07.576+0200][909,735s] GC(2003) Pause Young (Allocation Failure) 286M->207M(490M) 44,846ms
[2019-04-15T13:57:07.576+0200][909,735s] GC(2003) User=0,05s Sys=0,00s Real=0,05s
[2019-04-15T13:57:07.749+0200][909,908s] GC(2004) Pause Young (Allocation Failure)
[2019-04-15T13:57:07.749+0200][909,908s] GC(2004) Using 4 workers of 4 for evacuation
[2019-04-15T13:57:07.782+0200][909,941s] GC(2004) ParNew: 109248K->21824K(109248K)
[2019-04-15T13:57:07.782+0200][909,941s] GC(2004) CMS: 190995K->198916K(393216K)
[2019-04-15T13:57:07.782+0200][909,941s] GC(2004) Metaspace: 95009K->95009K(1136640K)
[2019-04-15T13:57:07.782+0200][909,941s] GC(2004) Pause Young (Allocation Failure) 293M->215M(490M) 32,915ms
[2019-04-15T13:57:07.782+0200][909,941s] GC(2004) User=0,06s Sys=0,00s Real=0,03s
[2019-04-15T13:57:07.783+0200][909,942s] GC(2005) Pause Initial Mark
[2019-04-15T13:57:07.789+0200][909,948s] GC(2005) Pause Initial Mark 216M->216M(490M) 6,566ms
[2019-04-15T13:57:07.789+0200][909,948s] GC(2005) User=0,01s Sys=0,00s Real=0,01s
[2019-04-15T13:57:07.789+0200][909,948s] GC(2005) Concurrent Mark
[2019-04-15T13:57:07.789+0200][909,948s] GC(2005) Using 4 workers of 4 for marking
[2019-04-15T13:57:07.919+0200][910,078s] GC(2005) Concurrent Mark 129,716ms
[2019-04-15T13:57:07.919+0200][910,078s] GC(2005) User=0,23s Sys=0,00s Real=0,13s
[2019-04-15T13:57:07.919+0200][910,078s] GC(2005) Concurrent Preclean
[2019-04-15T13:57:07.921+0200][910,080s] GC(2005) Concurrent Preclean 1,592ms
[2019-04-15T13:57:07.921+0200][910,080s] GC(2005) User=0,01s Sys=0,00s Real=0,00s
[2019-04-15T13:57:07.921+0200][910,080s] GC(2005) Concurrent Abortable Preclean
[2019-04-15T13:57:08.094+0200][910,253s] GC(2006) Pause Young (Allocation Failure)
[2019-04-15T13:57:08.094+0200][910,253s] GC(2006) Using 4 workers of 4 for evacuation
[2019-04-15T13:57:08.140+0200][910,299s] GC(2006) ParNew: 109248K->21824K(109248K)
[2019-04-15T13:57:08.140+0200][910,299s] GC(2006) CMS: 198916K->210619K(393216K)
[2019-04-15T13:57:08.140+0200][910,299s] GC(2006) Metaspace: 95010K->95010K(1136640K)
[2019-04-15T13:57:08.141+0200][910,299s] GC(2006) Pause Young (Allocation Failure) 300M->226M(490M) 46,112ms
[2019-04-15T13:57:08.141+0200][910,299s] GC(2006) User=0,08s Sys=0,00s Real=0,04s
[2019-04-15T13:57:08.277+0200][910,436s] GC(2005) Concurrent Abortable Preclean 356,722ms
[2019-04-15T13:57:08.277+0200][910,436s] GC(2005) User=0,62s Sys=0,02s Real=0,36s
[2019-04-15T13:57:08.278+0200][910,437s] GC(2005) Pause Remark
[2019-04-15T13:57:08.354+0200][910,513s] GC(2005) Pause Remark 276M->276M(490M) 76,558ms
[2019-04-15T13:57:08.354+0200][910,513s] GC(2005) User=0,11s Sys=0,00s Real=0,08s
[2019-04-15T13:57:08.354+0200][910,513s] GC(2005) Concurrent Sweep
[2019-04-15T13:57:08.357+0200][910,516s] GC(2007) Pause Young (GCLocker Initiated GC)
[2019-04-15T13:57:08.357+0200][910,516s] GC(2007) Using 4 workers of 4 for evacuation
[2019-04-15T13:57:08.390+0200][910,549s] GC(2007) ParNew: 72485K->21824K(109248K)
[2019-04-15T13:57:08.390+0200][910,549s] GC(2007) CMS: 210617K->216679K(393216K)
[2019-04-15T13:57:08.390+0200][910,549s] GC(2007) Metaspace: 95010K->95010K(1136640K)
[2019-04-15T13:57:08.390+0200][910,549s] GC(2007) Pause Young (GCLocker Initiated GC) 276M->232M(490M) 32,660ms
[2019-04-15T13:57:08.390+0200][910,549s] GC(2007) User=0,06s Sys=0,00s Real=0,03s
[2019-04-15T13:57:08.536+0200][910,695s] GC(2005) Concurrent Sweep 182,117ms
[2019-04-15T13:57:08.536+0200][910,695s] GC(2005) User=0,28s Sys=0,00s Real=0,18s
[2019-04-15T13:57:08.536+0200][910,695s] GC(2005) Concurrent Reset
[2019-04-15T13:57:08.537+0200][910,696s] GC(2005) Concurrent Reset 0,343ms
[2019-04-15T13:57:08.537+0200][910,696s] GC(2005) User=0,00s Sys=0,00s Real=0,00s
[2019-04-15T13:57:08.537+0200][910,696s] GC(2005) Old: 198916K->155154K(393216K)
[2019-04-15T13:57:08.608+0200][910,767s] GC(2008) Pause Young (Allocation Failure)
[2019-04-15T13:57:08.608+0200][910,767s] GC(2008) Using 4 workers of 4 for evacuation
[2019-04-15T13:57:08.676+0200][910,835s] GC(2008) ParNew: 109248K->21824K(109248K)
[2019-04-15T13:57:08.676+0200][910,835s] GC(2008) CMS: 155154K->169874K(393216K)
[2019-04-15T13:57:08.676+0200][910,835s] GC(2008) Metaspace: 95010K->95010K(1136640K)
[2019-04-15T13:57:08.676+0200][910,835s] GC(2008) Pause Young (Allocation Failure) 258M->187M(490M) 68,087ms
[2019-04-15T13:57:08.676+0200][910,835s] GC(2008) User=0,08s Sys=0,00s Real=0,07s
[2019-04-15T13:57:09.519+0200][911,678s] GC(2009) Pause Young (Allocation Failure)
[2019-04-15T13:57:09.520+0200][911,678s] GC(2009) Using 4 workers of 4 for evacuation
[2019-04-15T13:57:09.551+0200][911,710s] GC(2009) ParNew: 109248K->21824K(109248K)
[2019-04-15T13:57:09.551+0200][911,710s] GC(2009) CMS: 169874K->174507K(393216K)
[2019-04-15T13:57:09.551+0200][911,710s] GC(2009) Metaspace: 95068K->95068K(1136640K)
[2019-04-15T13:57:09.551+0200][911,710s] GC(2009) Pause Young (Allocation Failure) 272M->191M(490M) 32,151ms
[2019-04-15T13:57:09.552+0200][911,710s] GC(2009) User=0,07s Sys=0,00s Real=0,03s
[2019-04-15T13:57:10.355+0200][912,514s] GC(2010) Pause Young (Allocation Failure)
[2019-04-15T13:57:10.355+0200][912,514s] GC(2010) Using 4 workers of 4 for evacuation
[2019-04-15T13:57:10.386+0200][912,545s] GC(2010) ParNew: 109248K->21824K(109248K)
[2019-04-15T13:57:10.386+0200][912,545s] GC(2010) CMS: 174507K->182535K(393216K)
[2019-04-15T13:57:10.386+0200][912,545s] GC(2010) Metaspace: 95155K->95155K(1136640K)
[2019-04-15T13:57:10.386+0200][912,545s] GC(2010) Pause Young (Allocation Failure) 277M->199M(490M) 31,009ms
[2019-04-15T13:57:10.386+0200][912,545s] GC(2010) User=0,07s Sys=0,00s Real=0,03s
[2019-04-15T13:57:10.682+0200][912,841s] GC(2011) Pause Young (Allocation Failure)
[2019-04-15T13:57:10.682+0200][912,841s] GC(2011) Using 4 workers of 4 for evacuation
[2019-04-15T13:57:10.718+0200][912,877s] GC(2011) ParNew: 109248K->21824K(109248K)
[2019-04-15T13:57:10.718+0200][912,877s] GC(2011) CMS: 182535K->195713K(393216K)
[2019-04-15T13:57:10.718+0200][912,877s] GC(2011) Metaspace: 95155K->95155K(1136640K)
[2019-04-15T13:57:10.718+0200][912,877s] GC(2011) Pause Young (Allocation Failure) 284M->212M(490M) 35,978ms
[2019-04-15T13:57:10.718+0200][912,877s] GC(2011) User=0,05s Sys=0,00s Real=0,04s
[2019-04-15T13:57:11.306+0200][913,465s] GC(2012) Pause Young (Allocation Failure)
[2019-04-15T13:57:11.306+0200][913,465s] GC(2012) Using 4 workers of 4 for evacuation
[2019-04-15T13:57:11.358+0200][913,517s] GC(2012) ParNew: 109248K->21824K(109248K)
[2019-04-15T13:57:11.358+0200][913,517s] GC(2012) CMS: 195713K->234998K(393216K)
[2019-04-15T13:57:11.358+0200][913,517s] GC(2012) Metaspace: 95159K->95159K(1136640K)
[2019-04-15T13:57:11.358+0200][913,517s] GC(2012) Pause Young (Allocation Failure) 297M->250M(490M) 52,556ms
[2019-04-15T13:57:11.358+0200][913,517s] GC(2012) User=0,08s Sys=0,00s Real=0,05s
[2019-04-15T13:57:11.368+0200][913,527s] GC(2013) Pause Initial Mark
[2019-04-15T13:57:11.377+0200][913,536s] GC(2013) Pause Initial Mark 253M->253M(490M) 9,262ms
[2019-04-15T13:57:11.377+0200][913,536s] GC(2013) User=0,00s Sys=0,00s Real=0,01s
[2019-04-15T13:57:11.377+0200][913,536s] GC(2013) Concurrent Mark
[2019-04-15T13:57:11.377+0200][913,536s] GC(2013) Using 4 workers of 4 for marking
[2019-04-15T13:57:11.521+0200][913,680s] GC(2013) Concurrent Mark 143,524ms
[2019-04-15T13:57:11.521+0200][913,680s] GC(2013) User=0,22s Sys=0,00s Real=0,14s
[2019-04-15T13:57:11.521+0200][913,680s] GC(2013) Concurrent Preclean
[2019-04-15T13:57:11.522+0200][913,681s] GC(2013) Concurrent Preclean 1,222ms
[2019-04-15T13:57:11.522+0200][913,681s] GC(2013) User=0,00s Sys=0,00s Real=0,00s
[2019-04-15T13:57:11.522+0200][913,681s] GC(2013) Concurrent Abortable Preclean
[2019-04-15T13:57:11.919+0200][914,078s] GC(2014) Pause Young (Allocation Failure)
[2019-04-15T13:57:11.919+0200][914,078s] GC(2014) Using 4 workers of 4 for evacuation
[2019-04-15T13:57:11.963+0200][914,122s] GC(2014) ParNew: 109248K->21824K(109248K)
[2019-04-15T13:57:11.963+0200][914,122s] GC(2014) CMS: 234998K->265028K(393216K)
[2019-04-15T13:57:11.963+0200][914,122s] GC(2014) Metaspace: 95159K->95159K(1136640K)
[2019-04-15T13:57:11.963+0200][914,122s] GC(2014) Pause Young (Allocation Failure) 336M->280M(490M) 43,372ms
[2019-04-15T13:57:11.963+0200][914,122s] GC(2014) User=0,07s Sys=0,00s Real=0,04s
[2019-04-15T13:57:12.286+0200][914,445s] GC(2013) Concurrent Abortable Preclean 763,515ms
[2019-04-15T13:57:12.286+0200][914,445s] GC(2013) User=1,00s Sys=0,00s Real=0,77s
[2019-04-15T13:57:12.286+0200][914,445s] GC(2013) Pause Remark
[2019-04-15T13:57:12.286+0200][914,445s] GC(2015) Pause Young (CMS Final Remark)
[2019-04-15T13:57:12.286+0200][914,445s] GC(2015) Using 4 workers of 4 for evacuation
[2019-04-15T13:57:12.333+0200][914,492s] GC(2015) ParNew: 99626K->21824K(109248K)
[2019-04-15T13:57:12.333+0200][914,492s] GC(2015) CMS: 265028K->269449K(393216K)
[2019-04-15T13:57:12.333+0200][914,492s] GC(2015) Metaspace: 95276K->95276K(1136640K)
[2019-04-15T13:57:12.333+0200][914,492s] GC(2015) Pause Young (CMS Final Remark) 356M->284M(490M) 46,691ms
[2019-04-15T13:57:12.333+0200][914,492s] GC(2015) User=0,10s Sys=0,00s Real=0,04s
[2019-04-15T13:57:12.435+0200][914,594s] GC(2013) Pause Remark 356M->284M(490M) 148,650ms
[2019-04-15T13:57:12.435+0200][914,594s] GC(2013) User=0,27s Sys=0,00s Real=0,15s
[2019-04-15T13:57:12.435+0200][914,594s] GC(2013) Concurrent Sweep
[2019-04-15T13:57:12.573+0200][914,732s] GC(2013) Concurrent Sweep 137,905ms
[2019-04-15T13:57:12.573+0200][914,732s] GC(2013) User=0,22s Sys=0,03s Real=0,14s
[2019-04-15T13:57:12.573+0200][914,732s] GC(2013) Concurrent Reset
[2019-04-15T13:57:12.574+0200][914,732s] GC(2013) Concurrent Reset 0,556ms
[2019-04-15T13:57:12.574+0200][914,733s] GC(2013) User=0,00s Sys=0,00s Real=0,00s
[2019-04-15T13:57:12.574+0200][914,733s] GC(2013) Old: 234998K->207526K(393216K)
[2019-04-15T13:57:12.743+0200][914,902s] GC(2016) Pause Young (Allocation Failure)
[2019-04-15T13:57:12.743+0200][914,902s] GC(2016) Using 4 workers of 4 for evacuation
[2019-04-15T13:57:12.811+0200][914,970s] GC(2016) ParNew: 109248K->21824K(109248K)
[2019-04-15T13:57:12.811+0200][914,970s] GC(2016) CMS: 207526K->242020K(393216K)
[2019-04-15T13:57:12.811+0200][914,970s] GC(2016) Metaspace: 95276K->95276K(1136640K)
[2019-04-15T13:57:12.811+0200][914,970s] GC(2016) Pause Young (Allocation Failure) 309M->257M(490M) 67,828ms
[2019-04-15T13:57:12.811+0200][914,970s] GC(2016) User=0,09s Sys=0,00s Real=0,07s
[2019-04-15T13:57:12.814+0200][914,973s] GC(2017) Pause Initial Mark
[2019-04-15T13:57:12.815+0200][914,974s] GC(2017) Pause Initial Mark 260M->260M(490M) 1,545ms
[2019-04-15T13:57:12.815+0200][914,974s] GC(2017) User=0,00s Sys=0,00s Real=0,00s
[2019-04-15T13:57:12.815+0200][914,974s] GC(2017) Concurrent Mark
[2019-04-15T13:57:12.815+0200][914,974s] GC(2017) Using 4 workers of 4 for marking
[2019-04-15T13:57:12.943+0200][915,102s] GC(2017) Concurrent Mark 127,433ms
[2019-04-15T13:57:12.943+0200][915,102s] GC(2017) User=0,33s Sys=0,00s Real=0,12s
[2019-04-15T13:57:12.943+0200][915,102s] GC(2017) Concurrent Preclean
[2019-04-15T13:57:12.945+0200][915,103s] GC(2017) Concurrent Preclean 1,684ms
[2019-04-15T13:57:12.945+0200][915,104s] GC(2017) User=0,00s Sys=0,00s Real=0,00s
[2019-04-15T13:57:12.945+0200][915,104s] GC(2017) Concurrent Abortable Preclean
[2019-04-15T13:57:12.978+0200][915,136s] GC(2018) Pause Young (Allocation Failure)
[2019-04-15T13:57:12.978+0200][915,137s] GC(2018) Using 4 workers of 4 for evacuation
[2019-04-15T13:57:13.027+0200][915,186s] GC(2018) ParNew: 109248K->19171K(109248K)
[2019-04-15T13:57:13.027+0200][915,186s] GC(2018) CMS: 242020K->263840K(393216K)
[2019-04-15T13:57:13.027+0200][915,186s] GC(2018) Metaspace: 95276K->95276K(1136640K)
[2019-04-15T13:57:13.027+0200][915,186s] GC(2018) Pause Young (Allocation Failure) 343M->276M(490M) 49,317ms
[2019-04-15T13:57:13.027+0200][915,186s] GC(2018) User=0,06s Sys=0,00s Real=0,05s
[2019-04-15T13:57:13.167+0200][915,326s] GC(2019) Pause Young (Allocation Failure)
[2019-04-15T13:57:13.167+0200][915,326s] GC(2019) Using 4 workers of 4 for evacuation
[2019-04-15T13:57:13.195+0200][915,354s] GC(2019) ParNew: 106595K->11749K(109248K)
[2019-04-15T13:57:13.195+0200][915,354s] GC(2019) CMS: 263840K->263840K(393216K)
[2019-04-15T13:57:13.195+0200][915,354s] GC(2019) Metaspace: 95276K->95276K(1136640K)
[2019-04-15T13:57:13.195+0200][915,354s] GC(2019) Pause Young (Allocation Failure) 361M->269M(490M) 28,792ms
[2019-04-15T13:57:13.195+0200][915,354s] GC(2019) User=0,02s Sys=0,00s Real=0,03s
[2019-04-15T13:57:13.196+0200][915,355s] GC(2017) Concurrent Abortable Preclean 251,256ms
[2019-04-15T13:57:13.196+0200][915,355s] GC(2017) User=0,31s Sys=0,00s Real=0,26s
[2019-04-15T13:57:13.196+0200][915,355s] GC(2017) Pause Remark
[2019-04-15T13:57:13.295+0200][915,454s] GC(2017) Pause Remark 270M->270M(490M) 98,161ms
[2019-04-15T13:57:13.295+0200][915,454s] GC(2017) User=0,10s Sys=0,00s Real=0,10s
[2019-04-15T13:57:13.295+0200][915,454s] GC(2017) Concurrent Sweep
[2019-04-15T13:57:13.295+0200][915,454s] GC(2020) Pause Young (GCLocker Initiated GC)
[2019-04-15T13:57:13.295+0200][915,454s] GC(2020) Using 4 workers of 4 for evacuation
[2019-04-15T13:57:13.318+0200][915,477s] GC(2020) ParNew: 13442K->8242K(109248K)
[2019-04-15T13:57:13.318+0200][915,477s] GC(2020) CMS: 263840K->263840K(393216K)
[2019-04-15T13:57:13.318+0200][915,477s] GC(2020) Metaspace: 95276K->95276K(1136640K)
[2019-04-15T13:57:13.318+0200][915,477s] GC(2020) Pause Young (GCLocker Initiated GC) 270M->265M(490M) 22,803ms
[2019-04-15T13:57:13.318+0200][915,477s] GC(2020) User=0,03s Sys=0,00s Real=0,02s
[2019-04-15T13:57:13.494+0200][915,653s] GC(2017) Concurrent Sweep 199,230ms
[2019-04-15T13:57:13.494+0200][915,653s] GC(2017) User=0,21s Sys=0,00s Real=0,20s
[2019-04-15T13:57:13.494+0200][915,653s] GC(2017) Concurrent Reset
[2019-04-15T13:57:13.495+0200][915,654s] GC(2017) Concurrent Reset 0,458ms
[2019-04-15T13:57:13.495+0200][915,654s] GC(2017) User=0,00s Sys=0,00s Real=0,00s
[2019-04-15T13:57:13.495+0200][915,654s] GC(2017) Old: 242020K->167424K(393216K)
[2019-04-15T13:57:13.541+0200][915,700s] GC(2021) Pause Young (Allocation Failure)
[2019-04-15T13:57:13.541+0200][915,700s] GC(2021) Using 4 workers of 4 for evacuation
[2019-04-15T13:57:13.553+0200][915,712s] GC(2021) ParNew: 95666K->11046K(109248K)
[2019-04-15T13:57:13.553+0200][915,712s] GC(2021) CMS: 167424K->167424K(393216K)
[2019-04-15T13:57:13.553+0200][915,712s] GC(2021) Metaspace: 95276K->95276K(1136640K)
[2019-04-15T13:57:13.553+0200][915,712s] GC(2021) Pause Young (Allocation Failure) 256M->174M(490M) 11,890ms
[2019-04-15T13:57:13.553+0200][915,712s] GC(2021) User=0,03s Sys=0,00s Real=0,02s
[2019-04-15T13:57:13.755+0200][915,913s] GC(2022) Pause Young (Allocation Failure)
[2019-04-15T13:57:13.755+0200][915,914s] GC(2022) Using 4 workers of 4 for evacuation
[2019-04-15T13:57:13.791+0200][915,950s] GC(2022) ParNew: 98470K->10069K(109248K)
[2019-04-15T13:57:13.791+0200][915,950s] GC(2022) CMS: 167424K->167424K(393216K)
[2019-04-15T13:57:13.791+0200][915,950s] GC(2022) Metaspace: 95276K->95276K(1136640K)
[2019-04-15T13:57:13.791+0200][915,950s] GC(2022) Pause Young (Allocation Failure) 259M->173M(490M) 36,871ms
[2019-04-15T13:57:13.791+0200][915,950s] GC(2022) User=0,03s Sys=0,00s Real=0,03s
[2019-04-15T13:57:13.918+0200][916,077s] GC(2023) Pause Young (Allocation Failure)
[2019-04-15T13:57:13.918+0200][916,077s] GC(2023) Using 4 workers of 4 for evacuation
[2019-04-15T13:57:13.938+0200][916,097s] GC(2023) ParNew: 97493K->10878K(109248K)
[2019-04-15T13:57:13.938+0200][916,097s] GC(2023) CMS: 167424K->167424K(393216K)
[2019-04-15T13:57:13.938+0200][916,097s] GC(2023) Metaspace: 95276K->95276K(1136640K)
[2019-04-15T13:57:13.938+0200][916,097s] GC(2023) Pause Young (Allocation Failure) 258M->174M(490M) 19,661ms
[2019-04-15T13:57:13.938+0200][916,097s] GC(2023) User=0,03s Sys=0,00s Real=0,02s
[2019-04-15T13:57:14.104+0200][916,263s] GC(2024) Pause Young (Allocation Failure)
[2019-04-15T13:57:14.104+0200][916,263s] GC(2024) Using 4 workers of 4 for evacuation
[2019-04-15T13:57:14.135+0200][916,294s] GC(2024) ParNew: 98302K->14321K(109248K)
[2019-04-15T13:57:14.135+0200][916,294s] GC(2024) CMS: 167424K->167424K(393216K)
[2019-04-15T13:57:14.135+0200][916,294s] GC(2024) Metaspace: 95276K->95276K(1136640K)
[2019-04-15T13:57:14.135+0200][916,294s] GC(2024) Pause Young (Allocation Failure) 259M->177M(490M) 30,980ms
[2019-04-15T13:57:14.135+0200][916,294s] GC(2024) User=0,05s Sys=0,00s Real=0,04s
[2019-04-15T13:57:14.390+0200][916,549s] GC(2025) Pause Young (Allocation Failure)
[2019-04-15T13:57:14.390+0200][916,549s] GC(2025) Using 4 workers of 4 for evacuation
[2019-04-15T13:57:14.423+0200][916,582s] GC(2025) ParNew: 101745K->11799K(109248K)
[2019-04-15T13:57:14.423+0200][916,582s] GC(2025) CMS: 167424K->167424K(393216K)
[2019-04-15T13:57:14.423+0200][916,582s] GC(2025) Metaspace: 95276K->95276K(1136640K)
[2019-04-15T13:57:14.423+0200][916,582s] GC(2025) Pause Young (Allocation Failure) 262M->175M(490M) 32,504ms
[2019-04-15T13:57:14.423+0200][916,582s] GC(2025) User=0,04s Sys=0,00s Real=0,03s
[2019-04-15T13:57:14.586+0200][916,745s] GC(2026) Pause Young (Allocation Failure)
[2019-04-15T13:57:14.587+0200][916,745s] GC(2026) Using 4 workers of 4 for evacuation
[2019-04-15T13:57:14.611+0200][916,770s] GC(2026) ParNew: 99223K->9132K(109248K)
[2019-04-15T13:57:14.611+0200][916,770s] GC(2026) CMS: 167424K->174154K(393216K)
[2019-04-15T13:57:14.611+0200][916,770s] GC(2026) Metaspace: 95276K->95276K(1136640K)
[2019-04-15T13:57:14.611+0200][916,770s] GC(2026) Pause Young (Allocation Failure) 260M->178M(490M) 24,419ms
[2019-04-15T13:57:14.611+0200][916,770s] GC(2026) User=0,04s Sys=0,00s Real=0,02s
[2019-04-15T13:57:14.753+0200][916,912s] GC(2027) Pause Young (Allocation Failure)
[2019-04-15T13:57:14.753+0200][916,912s] GC(2027) Using 4 workers of 4 for evacuation
[2019-04-15T13:57:14.765+0200][916,924s] GC(2027) ParNew: 96556K->5581K(109248K)
[2019-04-15T13:57:14.765+0200][916,924s] GC(2027) CMS: 174154K->174583K(393216K)
[2019-04-15T13:57:14.765+0200][916,924s] GC(2027) Metaspace: 95276K->95276K(1136640K)
[2019-04-15T13:57:14.765+0200][916,924s] GC(2027) Pause Young (Allocation Failure) 264M->175M(490M) 12,208ms
[2019-04-15T13:57:14.765+0200][916,924s] GC(2027) User=0,02s Sys=0,00s Real=0,02s
[2019-04-15T13:57:14.964+0200][917,123s] GC(2028) Pause Young (Allocation Failure)
[2019-04-15T13:57:14.964+0200][917,123s] GC(2028) Using 4 workers of 4 for evacuation
[2019-04-15T13:57:14.974+0200][917,133s] GC(2028) ParNew: 93005K->5468K(109248K)
[2019-04-15T13:57:14.974+0200][917,133s] GC(2028) CMS: 174583K->174584K(393216K)
[2019-04-15T13:57:14.974+0200][917,133s] GC(2028) Metaspace: 95276K->95276K(1136640K)
[2019-04-15T13:57:14.974+0200][917,133s] GC(2028) Pause Young (Allocation Failure) 261M->175M(490M) 10,296ms
[2019-04-15T13:57:14.975+0200][917,133s] GC(2028) User=0,01s Sys=0,00s Real=0,02s
[2019-04-15T13:57:15.144+0200][917,303s] GC(2029) Pause Young (Allocation Failure)
[2019-04-15T13:57:15.144+0200][917,303s] GC(2029) Using 4 workers of 4 for evacuation
[2019-04-15T13:57:15.157+0200][917,316s] GC(2029) ParNew: 92892K->6514K(109248K)
[2019-04-15T13:57:15.157+0200][917,316s] GC(2029) CMS: 174584K->174672K(393216K)
[2019-04-15T13:57:15.157+0200][917,316s] GC(2029) Metaspace: 95276K->95276K(1136640K)
[2019-04-15T13:57:15.157+0200][917,316s] GC(2029) Pause Young (Allocation Failure) 261M->176M(490M) 13,258ms
[2019-04-15T13:57:15.157+0200][917,316s] GC(2029) User=0,02s Sys=0,00s Real=0,02s
[2019-04-15T13:57:15.417+0200][917,576s] GC(2030) Pause Young (Allocation Failure)
[2019-04-15T13:57:15.418+0200][917,577s] GC(2030) Using 4 workers of 4 for evacuation
[2019-04-15T13:57:15.458+0200][917,617s] GC(2030) ParNew: 93938K->7329K(109248K)
[2019-04-15T13:57:15.458+0200][917,617s] GC(2030) CMS: 174672K->174917K(393216K)
[2019-04-15T13:57:15.458+0200][917,617s] GC(2030) Metaspace: 95276K->95276K(1136640K)
[2019-04-15T13:57:15.458+0200][917,617s] GC(2030) Pause Young (Allocation Failure) 262M->177M(490M) 41,023ms
[2019-04-15T13:57:15.458+0200][917,617s] GC(2030) User=0,03s Sys=0,00s Real=0,04s
[2019-04-15T13:57:15.666+0200][917,825s] GC(2031) Pause Young (Allocation Failure)
[2019-04-15T13:57:15.667+0200][917,825s] GC(2031) Using 4 workers of 4 for evacuation
[2019-04-15T13:57:15.709+0200][917,868s] GC(2031) ParNew: 94753K->9271K(109248K)
[2019-04-15T13:57:15.709+0200][917,868s] GC(2031) CMS: 174917K->174920K(393216K)
[2019-04-15T13:57:15.709+0200][917,868s] GC(2031) Metaspace: 95276K->95276K(1136640K)
[2019-04-15T13:57:15.709+0200][917,868s] GC(2031) Pause Young (Allocation Failure) 263M->179M(490M) 42,555ms
[2019-04-15T13:57:15.709+0200][917,868s] GC(2031) User=0,04s Sys=0,00s Real=0,04s
[2019-04-15T13:57:15.995+0200][918,154s] GC(2032) Pause Young (Allocation Failure)
[2019-04-15T13:57:15.995+0200][918,154s] GC(2032) Using 4 workers of 4 for evacuation
[2019-04-15T13:57:16.038+0200][918,197s] GC(2032) ParNew: 96695K->7250K(109248K)
[2019-04-15T13:57:16.038+0200][918,197s] GC(2032) CMS: 174920K->176241K(393216K)
[2019-04-15T13:57:16.038+0200][918,197s] GC(2032) Metaspace: 95276K->95276K(1136640K)
[2019-04-15T13:57:16.038+0200][918,197s] GC(2032) Pause Young (Allocation Failure) 265M->179M(490M) 42,743ms
[2019-04-15T13:57:16.038+0200][918,197s] GC(2032) User=0,03s Sys=0,00s Real=0,04s
[2019-04-15T13:57:16.295+0200][918,454s] GC(2033) Pause Young (Allocation Failure)
[2019-04-15T13:57:16.295+0200][918,454s] GC(2033) Using 4 workers of 4 for evacuation
[2019-04-15T13:57:16.327+0200][918,485s] GC(2033) ParNew: 94674K->6961K(109248K)
[2019-04-15T13:57:16.327+0200][918,486s] GC(2033) CMS: 176241K->176341K(393216K)
[2019-04-15T13:57:16.327+0200][918,486s] GC(2033) Metaspace: 95276K->95276K(1136640K)
[2019-04-15T13:57:16.327+0200][918,486s] GC(2033) Pause Young (Allocation Failure) 264M->179M(490M) 31,302ms
[2019-04-15T13:57:16.327+0200][918,486s] GC(2033) User=0,03s Sys=0,00s Real=0,03s
[2019-04-15T13:57:16.559+0200][918,718s] GC(2034) Pause Young (Allocation Failure)
[2019-04-15T13:57:16.560+0200][918,718s] GC(2034) Using 4 workers of 4 for evacuation
[2019-04-15T13:57:16.573+0200][918,732s] GC(2034) ParNew: 94385K->8097K(109248K)
[2019-04-15T13:57:16.573+0200][918,732s] GC(2034) CMS: 176341K->176393K(393216K)
[2019-04-15T13:57:16.573+0200][918,732s] GC(2034) Metaspace: 95276K->95276K(1136640K)
[2019-04-15T13:57:16.573+0200][918,732s] GC(2034) Pause Young (Allocation Failure) 264M->180M(490M) 13,898ms
[2019-04-15T13:57:16.573+0200][918,732s] GC(2034) User=0,01s Sys=0,00s Real=0,02s
[2019-04-15T13:57:16.705+0200][918,864s] GC(2035) Pause Young (Allocation Failure)
[2019-04-15T13:57:16.705+0200][918,864s] GC(2035) Using 4 workers of 4 for evacuation
[2019-04-15T13:57:16.746+0200][918,905s] GC(2035) ParNew: 95521K->9595K(109248K)
[2019-04-15T13:57:16.746+0200][918,905s] GC(2035) CMS: 176393K->176418K(393216K)
[2019-04-15T13:57:16.746+0200][918,905s] GC(2035) Metaspace: 95276K->95276K(1136640K)
[2019-04-15T13:57:16.746+0200][918,905s] GC(2035) Pause Young (Allocation Failure) 265M->181M(490M) 41,640ms
[2019-04-15T13:57:16.746+0200][918,905s] GC(2035) User=0,04s Sys=0,00s Real=0,05s
[2019-04-15T13:57:16.890+0200][919,049s] GC(2036) Pause Young (Allocation Failure)
[2019-04-15T13:57:16.891+0200][919,049s] GC(2036) Using 4 workers of 4 for evacuation
[2019-04-15T13:57:16.917+0200][919,076s] GC(2036) ParNew: 97019K->11831K(109248K)
[2019-04-15T13:57:16.917+0200][919,076s] GC(2036) CMS: 176418K->177085K(393216K)
[2019-04-15T13:57:16.917+0200][919,076s] GC(2036) Metaspace: 95276K->95276K(1136640K)
[2019-04-15T13:57:16.917+0200][919,076s] GC(2036) Pause Young (Allocation Failure) 267M->184M(490M) 26,267ms
[2019-04-15T13:57:16.917+0200][919,076s] GC(2036) User=0,03s Sys=0,00s Real=0,03s
[2019-04-15T13:57:17.092+0200][919,251s] GC(2037) Pause Young (Allocation Failure)
[2019-04-15T13:57:17.092+0200][919,251s] GC(2037) Using 4 workers of 4 for evacuation
[2019-04-15T13:57:17.108+0200][919,267s] GC(2037) ParNew: 99255K->11614K(109248K)
[2019-04-15T13:57:17.108+0200][919,267s] GC(2037) CMS: 177085K->177971K(393216K)
[2019-04-15T13:57:17.108+0200][919,267s] GC(2037) Metaspace: 95276K->95276K(1136640K)
[2019-04-15T13:57:17.108+0200][919,267s] GC(2037) Pause Young (Allocation Failure) 269M->185M(490M) 16,042ms
[2019-04-15T13:57:17.108+0200][919,267s] GC(2037) User=0,03s Sys=0,00s Real=0,02s
[2019-04-15T13:57:17.256+0200][919,415s] GC(2038) Pause Young (Allocation Failure)
[2019-04-15T13:57:17.256+0200][919,415s] GC(2038) Using 4 workers of 4 for evacuation
[2019-04-15T13:57:17.274+0200][919,433s] GC(2038) ParNew: 99038K->11209K(109248K)
[2019-04-15T13:57:17.275+0200][919,433s] GC(2038) CMS: 177971K->179025K(393216K)
[2019-04-15T13:57:17.275+0200][919,433s] GC(2038) Metaspace: 95276K->95276K(1136640K)
[2019-04-15T13:57:17.275+0200][919,433s] GC(2038) Pause Young (Allocation Failure) 270M->185M(490M) 18,746ms
[2019-04-15T13:57:17.275+0200][919,433s] GC(2038) User=0,04s Sys=0,00s Real=0,02s
[2019-04-15T13:57:17.434+0200][919,593s] GC(2039) Pause Young (Allocation Failure)
[2019-04-15T13:57:17.434+0200][919,593s] GC(2039) Using 4 workers of 4 for evacuation
[2019-04-15T13:57:17.456+0200][919,615s] GC(2039) ParNew: 98633K->10784K(109248K)
[2019-04-15T13:57:17.456+0200][919,615s] GC(2039) CMS: 179025K->179028K(393216K)
[2019-04-15T13:57:17.456+0200][919,615s] GC(2039) Metaspace: 95276K->95276K(1136640K)
[2019-04-15T13:57:17.456+0200][919,615s] GC(2039) Pause Young (Allocation Failure) 271M->185M(490M) 21,843ms
[2019-04-15T13:57:17.456+0200][919,615s] GC(2039) User=0,03s Sys=0,00s Real=0,02s
[2019-04-15T13:57:17.739+0200][919,898s] GC(2040) Pause Young (Allocation Failure)
[2019-04-15T13:57:17.739+0200][919,898s] GC(2040) Using 4 workers of 4 for evacuation
[2019-04-15T13:57:17.763+0200][919,922s] GC(2040) ParNew: 98208K->11457K(109248K)
[2019-04-15T13:57:17.763+0200][919,922s] GC(2040) CMS: 179028K->179956K(393216K)
[2019-04-15T13:57:17.763+0200][919,922s] GC(2040) Metaspace: 95276K->95276K(1136640K)
[2019-04-15T13:57:17.763+0200][919,922s] GC(2040) Pause Young (Allocation Failure) 270M->186M(490M) 23,763ms
[2019-04-15T13:57:17.763+0200][919,922s] GC(2040) User=0,03s Sys=0,00s Real=0,02s
[2019-04-15T13:57:18.004+0200][920,162s] GC(2041) Pause Young (Allocation Failure)
[2019-04-15T13:57:18.004+0200][920,163s] GC(2041) Using 4 workers of 4 for evacuation
[2019-04-15T13:57:18.035+0200][920,194s] GC(2041) ParNew: 98881K->11308K(109248K)
[2019-04-15T13:57:18.035+0200][920,194s] GC(2041) CMS: 179956K->180006K(393216K)
[2019-04-15T13:57:18.035+0200][920,194s] GC(2041) Metaspace: 95276K->95276K(1136640K)
[2019-04-15T13:57:18.035+0200][920,194s] GC(2041) Pause Young (Allocation Failure) 272M->186M(490M) 31,217ms
[2019-04-15T13:57:18.035+0200][920,194s] GC(2041) User=0,04s Sys=0,00s Real=0,04s
[2019-04-15T13:57:18.204+0200][920,363s] GC(2042) Pause Young (Allocation Failure)
[2019-04-15T13:57:18.204+0200][920,363s] GC(2042) Using 4 workers of 4 for evacuation
[2019-04-15T13:57:18.227+0200][920,386s] GC(2042) ParNew: 98732K->14409K(109248K)
[2019-04-15T13:57:18.227+0200][920,386s] GC(2042) CMS: 180006K->180082K(393216K)
[2019-04-15T13:57:18.227+0200][920,386s] GC(2042) Metaspace: 95276K->95276K(1136640K)
[2019-04-15T13:57:18.227+0200][920,386s] GC(2042) Pause Young (Allocation Failure) 272M->189M(490M) 23,688ms
[2019-04-15T13:57:18.227+0200][920,386s] GC(2042) User=0,04s Sys=0,00s Real=0,03s
[2019-04-15T13:57:18.489+0200][920,648s] GC(2043) Pause Young (Allocation Failure)
[2019-04-15T13:57:18.489+0200][920,648s] GC(2043) Using 4 workers of 4 for evacuation
[2019-04-15T13:57:18.507+0200][920,666s] GC(2043) ParNew: 101833K->7283K(109248K)
[2019-04-15T13:57:18.507+0200][920,666s] GC(2043) CMS: 180082K->184973K(393216K)
[2019-04-15T13:57:18.507+0200][920,666s] GC(2043) Metaspace: 95276K->95276K(1136640K)
[2019-04-15T13:57:18.507+0200][920,666s] GC(2043) Pause Young (Allocation Failure) 275M->187M(490M) 18,021ms
[2019-04-15T13:57:18.507+0200][920,666s] GC(2043) User=0,02s Sys=0,00s Real=0,02s
[2019-04-15T13:57:18.759+0200][920,918s] GC(2044) Pause Young (Allocation Failure)
[2019-04-15T13:57:18.759+0200][920,918s] GC(2044) Using 4 workers of 4 for evacuation
[2019-04-15T13:57:18.784+0200][920,943s] GC(2044) ParNew: 94707K->8702K(109248K)
[2019-04-15T13:57:18.785+0200][920,943s] GC(2044) CMS: 184973K->186322K(393216K)
[2019-04-15T13:57:18.785+0200][920,943s] GC(2044) Metaspace: 95276K->95276K(1136640K)
[2019-04-15T13:57:18.785+0200][920,943s] GC(2044) Pause Young (Allocation Failure) 273M->190M(490M) 25,314ms
[2019-04-15T13:57:18.785+0200][920,944s] GC(2044) User=0,03s Sys=0,00s Real=0,02s
[2019-04-15T13:57:18.909+0200][921,068s] GC(2045) Pause Young (Allocation Failure)
[2019-04-15T13:57:18.909+0200][921,068s] GC(2045) Using 4 workers of 4 for evacuation
[2019-04-15T13:57:18.933+0200][921,092s] GC(2045) ParNew: 95870K->5772K(109248K)
[2019-04-15T13:57:18.933+0200][921,092s] GC(2045) CMS: 186322K->187469K(393216K)
[2019-04-15T13:57:18.933+0200][921,092s] GC(2045) Metaspace: 95276K->95276K(1136640K)
[2019-04-15T13:57:18.933+0200][921,092s] GC(2045) Pause Young (Allocation Failure) 275M->188M(490M) 23,505ms
[2019-04-15T13:57:18.933+0200][921,092s] GC(2045) User=0,03s Sys=0,00s Real=0,02s
[2019-04-15T13:57:19.165+0200][921,324s] GC(2046) Pause Young (Allocation Failure)
[2019-04-15T13:57:19.165+0200][921,324s] GC(2046) Using 4 workers of 4 for evacuation
[2019-04-15T13:57:19.194+0200][921,353s] GC(2046) ParNew: 93196K->5103K(109248K)
[2019-04-15T13:57:19.194+0200][921,353s] GC(2046) CMS: 187469K->187844K(393216K)
[2019-04-15T13:57:19.194+0200][921,353s] GC(2046) Metaspace: 95279K->95279K(1136640K)
[2019-04-15T13:57:19.194+0200][921,353s] GC(2046) Pause Young (Allocation Failure) 274M->188M(490M) 28,871ms
[2019-04-15T13:57:19.194+0200][921,353s] GC(2046) User=0,04s Sys=0,00s Real=0,03s
[2019-04-15T13:57:19.437+0200][921,596s] GC(2047) Pause Young (Allocation Failure)
[2019-04-15T13:57:19.437+0200][921,596s] GC(2047) Using 4 workers of 4 for evacuation
[2019-04-15T13:57:19.474+0200][921,633s] GC(2047) ParNew: 92527K->7025K(109248K)
[2019-04-15T13:57:19.474+0200][921,633s] GC(2047) CMS: 187844K->188242K(393216K)
[2019-04-15T13:57:19.474+0200][921,633s] GC(2047) Metaspace: 95284K->95284K(1136640K)
[2019-04-15T13:57:19.474+0200][921,633s] GC(2047) Pause Young (Allocation Failure) 273M->190M(490M) 37,271ms
[2019-04-15T13:57:19.475+0200][921,633s] GC(2047) User=0,04s Sys=0,00s Real=0,04s
[2019-04-15T13:57:19.650+0200][921,809s] GC(2048) Pause Young (Allocation Failure)
[2019-04-15T13:57:19.651+0200][921,809s] GC(2048) Using 4 workers of 4 for evacuation
[2019-04-15T13:57:19.679+0200][921,838s] GC(2048) ParNew: 94449K->4800K(109248K)
[2019-04-15T13:57:19.679+0200][921,838s] GC(2048) CMS: 188242K->188809K(393216K)
[2019-04-15T13:57:19.679+0200][921,838s] GC(2048) Metaspace: 95284K->95284K(1136640K)
[2019-04-15T13:57:19.679+0200][921,838s] GC(2048) Pause Young (Allocation Failure) 276M->189M(490M) 28,827ms
[2019-04-15T13:57:19.679+0200][921,838s] GC(2048) User=0,04s Sys=0,00s Real=0,03s
[2019-04-15T13:57:19.947+0200][922,106s] GC(2049) Pause Young (Allocation Failure)
[2019-04-15T13:57:19.947+0200][922,106s] GC(2049) Using 4 workers of 4 for evacuation
[2019-04-15T13:57:19.980+0200][922,139s] GC(2049) ParNew: 92224K->6583K(109248K)
[2019-04-15T13:57:19.980+0200][922,139s] GC(2049) CMS: 188809K->189628K(393216K)
[2019-04-15T13:57:19.980+0200][922,139s] GC(2049) Metaspace: 95284K->95284K(1136640K)
[2019-04-15T13:57:19.980+0200][922,139s] GC(2049) Pause Young (Allocation Failure) 274M->191M(490M) 32,746ms
[2019-04-15T13:57:19.980+0200][922,139s] GC(2049) User=0,03s Sys=0,00s Real=0,03s
[2019-04-15T13:57:20.286+0200][922,445s] GC(2050) Pause Young (Allocation Failure)
[2019-04-15T13:57:20.286+0200][922,445s] GC(2050) Using 4 workers of 4 for evacuation
[2019-04-15T13:57:20.321+0200][922,480s] GC(2050) ParNew: 94007K->4737K(109248K)
[2019-04-15T13:57:20.321+0200][922,480s] GC(2050) CMS: 189628K->190496K(393216K)
[2019-04-15T13:57:20.321+0200][922,480s] GC(2050) Metaspace: 95284K->95284K(1136640K)
[2019-04-15T13:57:20.321+0200][922,480s] GC(2050) Pause Young (Allocation Failure) 276M->190M(490M) 35,000ms
[2019-04-15T13:57:20.321+0200][922,480s] GC(2050) User=0,04s Sys=0,00s Real=0,03s
[2019-04-15T13:57:20.605+0200][922,764s] GC(2051) Pause Young (Allocation Failure)
[2019-04-15T13:57:20.605+0200][922,764s] GC(2051) Using 4 workers of 4 for evacuation
[2019-04-15T13:57:20.634+0200][922,793s] GC(2051) ParNew: 92161K->4820K(109248K)
[2019-04-15T13:57:20.634+0200][922,793s] GC(2051) CMS: 190496K->190501K(393216K)
[2019-04-15T13:57:20.634+0200][922,793s] GC(2051) Metaspace: 95284K->95284K(1136640K)
[2019-04-15T13:57:20.634+0200][922,793s] GC(2051) Pause Young (Allocation Failure) 276M->190M(490M) 28,607ms
[2019-04-15T13:57:20.634+0200][922,793s] GC(2051) User=0,04s Sys=0,00s Real=0,03s
[2019-04-15T13:57:20.873+0200][923,032s] GC(2052) Pause Young (Allocation Failure)
[2019-04-15T13:57:20.873+0200][923,032s] GC(2052) Using 4 workers of 4 for evacuation
[2019-04-15T13:57:20.902+0200][923,061s] GC(2052) ParNew: 92244K->5322K(109248K)
[2019-04-15T13:57:20.903+0200][923,061s] GC(2052) CMS: 190501K->190768K(393216K)
[2019-04-15T13:57:20.903+0200][923,062s] GC(2052) Metaspace: 95284K->95284K(1136640K)
[2019-04-15T13:57:20.903+0200][923,062s] GC(2052) Pause Young (Allocation Failure) 276M->191M(490M) 30,123ms
[2019-04-15T13:57:20.903+0200][923,062s] GC(2052) User=0,04s Sys=0,00s Real=0,03s
[2019-04-15T13:57:21.130+0200][923,289s] GC(2053) Pause Young (Allocation Failure)
[2019-04-15T13:57:21.131+0200][923,289s] GC(2053) Using 4 workers of 4 for evacuation
[2019-04-15T13:57:21.171+0200][923,330s] GC(2053) ParNew: 92746K->13485K(109248K)
[2019-04-15T13:57:21.171+0200][923,330s] GC(2053) CMS: 190768K->191207K(393216K)
[2019-04-15T13:57:21.171+0200][923,330s] GC(2053) Metaspace: 95284K->95284K(1136640K)
[2019-04-15T13:57:21.171+0200][923,330s] GC(2053) Pause Young (Allocation Failure) 276M->199M(490M) 40,767ms
[2019-04-15T13:57:21.171+0200][923,330s] GC(2053) User=0,05s Sys=0,00s Real=0,04s
[2019-04-15T13:57:21.369+0200][923,528s] GC(2054) Pause Young (Allocation Failure)
[2019-04-15T13:57:21.369+0200][923,528s] GC(2054) Using 4 workers of 4 for evacuation
[2019-04-15T13:57:21.413+0200][923,572s] GC(2054) ParNew: 100909K->14513K(109248K)
[2019-04-15T13:57:21.413+0200][923,572s] GC(2054) CMS: 191207K->191231K(393216K)
[2019-04-15T13:57:21.413+0200][923,572s] GC(2054) Metaspace: 95284K->95284K(1136640K)
[2019-04-15T13:57:21.413+0200][923,572s] GC(2054) Pause Young (Allocation Failure) 285M->200M(490M) 43,625ms
[2019-04-15T13:57:21.413+0200][923,572s] GC(2054) User=0,03s Sys=0,00s Real=0,04s
[2019-04-15T13:57:21.679+0200][923,838s] GC(2055) Pause Young (Allocation Failure)
[2019-04-15T13:57:21.679+0200][923,838s] GC(2055) Using 4 workers of 4 for evacuation
[2019-04-15T13:57:21.698+0200][923,857s] GC(2055) ParNew: 101937K->13033K(109248K)
[2019-04-15T13:57:21.698+0200][923,857s] GC(2055) CMS: 191231K->192178K(393216K)
[2019-04-15T13:57:21.698+0200][923,857s] GC(2055) Metaspace: 95284K->95284K(1136640K)
[2019-04-15T13:57:21.698+0200][923,857s] GC(2055) Pause Young (Allocation Failure) 286M->200M(490M) 18,437ms
[2019-04-15T13:57:21.698+0200][923,857s] GC(2055) User=0,03s Sys=0,00s Real=0,02s
[2019-04-15T13:57:21.835+0200][923,993s] GC(2056) Pause Young (Allocation Failure)
[2019-04-15T13:57:21.835+0200][923,994s] GC(2056) Using 4 workers of 4 for evacuation
[2019-04-15T13:57:21.854+0200][924,013s] GC(2056) ParNew: 100457K->13304K(109248K)
[2019-04-15T13:57:21.854+0200][924,013s] GC(2056) CMS: 192178K->192323K(393216K)
[2019-04-15T13:57:21.854+0200][924,013s] GC(2056) Metaspace: 95284K->95284K(1136640K)
[2019-04-15T13:57:21.854+0200][924,013s] GC(2056) Pause Young (Allocation Failure) 285M->200M(490M) 19,936ms
[2019-04-15T13:57:21.855+0200][924,013s] GC(2056) User=0,05s Sys=0,00s Real=0,02s
[2019-04-15T13:57:21.987+0200][924,146s] GC(2057) Pause Young (Allocation Failure)
[2019-04-15T13:57:21.987+0200][924,146s] GC(2057) Using 4 workers of 4 for evacuation
[2019-04-15T13:57:22.017+0200][924,176s] GC(2057) ParNew: 100728K->14307K(109248K)
[2019-04-15T13:57:22.017+0200][924,176s] GC(2057) CMS: 192323K->193337K(393216K)
[2019-04-15T13:57:22.017+0200][924,176s] GC(2057) Metaspace: 95284K->95284K(1136640K)
[2019-04-15T13:57:22.017+0200][924,176s] GC(2057) Pause Young (Allocation Failure) 286M->202M(490M) 30,021ms
[2019-04-15T13:57:22.017+0200][924,176s] GC(2057) User=0,03s Sys=0,00s Real=0,03s
[2019-04-15T13:57:22.374+0200][924,533s] GC(2058) Pause Young (Allocation Failure)
[2019-04-15T13:57:22.374+0200][924,533s] GC(2058) Using 4 workers of 4 for evacuation
[2019-04-15T13:57:22.400+0200][924,559s] GC(2058) ParNew: 101731K->13095K(109248K)
[2019-04-15T13:57:22.400+0200][924,559s] GC(2058) CMS: 193337K->193542K(393216K)
[2019-04-15T13:57:22.400+0200][924,559s] GC(2058) Metaspace: 95284K->95284K(1136640K)
[2019-04-15T13:57:22.400+0200][924,559s] GC(2058) Pause Young (Allocation Failure) 288M->201M(490M) 25,961ms
[2019-04-15T13:57:22.400+0200][924,559s] GC(2058) User=0,03s Sys=0,00s Real=0,02s
[2019-04-15T13:57:22.732+0200][924,891s] GC(2059) Pause Young (Allocation Failure)
[2019-04-15T13:57:22.733+0200][924,891s] GC(2059) Using 4 workers of 4 for evacuation
[2019-04-15T13:57:22.765+0200][924,923s] GC(2059) ParNew: 100519K->12640K(109248K)
[2019-04-15T13:57:22.765+0200][924,923s] GC(2059) CMS: 193542K->193920K(393216K)
[2019-04-15T13:57:22.765+0200][924,924s] GC(2059) Metaspace: 95284K->95284K(1136640K)
[2019-04-15T13:57:22.765+0200][924,924s] GC(2059) Pause Young (Allocation Failure) 287M->201M(490M) 32,153ms
[2019-04-15T13:57:22.765+0200][924,924s] GC(2059) User=0,04s Sys=0,00s Real=0,03s
[2019-04-15T13:57:23.132+0200][925,291s] GC(2060) Pause Young (Allocation Failure)
[2019-04-15T13:57:23.132+0200][925,291s] GC(2060) Using 4 workers of 4 for evacuation
[2019-04-15T13:57:23.147+0200][925,305s] GC(2060) ParNew: 100064K->12337K(109248K)
[2019-04-15T13:57:23.147+0200][925,305s] GC(2060) CMS: 193920K->194286K(393216K)
[2019-04-15T13:57:23.147+0200][925,305s] GC(2060) Metaspace: 95284K->95284K(1136640K)
[2019-04-15T13:57:23.147+0200][925,305s] GC(2060) Pause Young (Allocation Failure) 287M->201M(490M) 14,355ms
[2019-04-15T13:57:23.147+0200][925,306s] GC(2060) User=0,03s Sys=0,00s Real=0,02s
[2019-04-15T13:57:23.301+0200][925,460s] GC(2061) Pause Young (Allocation Failure)
[2019-04-15T13:57:23.301+0200][925,460s] GC(2061) Using 4 workers of 4 for evacuation
[2019-04-15T13:57:23.331+0200][925,490s] GC(2061) ParNew: 99761K->2973K(109248K)
[2019-04-15T13:57:23.331+0200][925,490s] GC(2061) CMS: 194286K->202987K(393216K)
[2019-04-15T13:57:23.331+0200][925,490s] GC(2061) Metaspace: 95284K->95284K(1136640K)
[2019-04-15T13:57:23.331+0200][925,490s] GC(2061) Pause Young (Allocation Failure) 287M->201M(490M) 30,813ms
[2019-04-15T13:57:23.331+0200][925,490s] GC(2061) User=0,04s Sys=0,00s Real=0,03s
[2019-04-15T13:57:23.336+0200][925,495s] GC(2062) Pause Initial Mark
[2019-04-15T13:57:23.338+0200][925,497s] GC(2062) Pause Initial Mark 202M->202M(490M) 1,702ms
[2019-04-15T13:57:23.338+0200][925,497s] GC(2062) User=0,00s Sys=0,00s Real=0,00s
[2019-04-15T13:57:23.339+0200][925,498s] GC(2062) Concurrent Mark
[2019-04-15T13:57:23.339+0200][925,498s] GC(2062) Using 4 workers of 4 for marking
[2019-04-15T13:57:23.569+0200][925,728s] GC(2062) Concurrent Mark 229,719ms
[2019-04-15T13:57:23.569+0200][925,728s] GC(2062) User=0,31s Sys=0,00s Real=0,23s
[2019-04-15T13:57:23.569+0200][925,728s] GC(2062) Concurrent Preclean
[2019-04-15T13:57:23.572+0200][925,731s] GC(2062) Concurrent Preclean 2,982ms
[2019-04-15T13:57:23.572+0200][925,731s] GC(2062) User=0,00s Sys=0,00s Real=0,00s
[2019-04-15T13:57:23.572+0200][925,731s] GC(2062) Concurrent Abortable Preclean
[2019-04-15T13:57:23.766+0200][925,925s] GC(2063) Pause Young (Allocation Failure)
[2019-04-15T13:57:23.766+0200][925,925s] GC(2063) Using 4 workers of 4 for evacuation
[2019-04-15T13:57:23.782+0200][925,941s] GC(2063) ParNew: 90397K->3520K(109248K)
[2019-04-15T13:57:23.782+0200][925,941s] GC(2063) CMS: 202987K->203058K(393216K)
[2019-04-15T13:57:23.782+0200][925,941s] GC(2063) Metaspace: 95284K->95284K(1136640K)
[2019-04-15T13:57:23.782+0200][925,941s] GC(2063) Pause Young (Allocation Failure) 286M->201M(490M) 16,715ms
[2019-04-15T13:57:23.782+0200][925,941s] GC(2063) User=0,02s Sys=0,00s Real=0,01s
[2019-04-15T13:57:24.059+0200][926,218s] GC(2064) Pause Young (Allocation Failure)
[2019-04-15T13:57:24.059+0200][926,218s] GC(2064) Using 4 workers of 4 for evacuation
[2019-04-15T13:57:24.065+0200][926,224s] GC(2062) Concurrent Abortable Preclean 492,503ms
[2019-04-15T13:57:24.065+0200][926,224s] GC(2062) User=0,29s Sys=0,00s Real=0,50s
[2019-04-15T13:57:24.095+0200][926,254s] GC(2064) ParNew: 90944K->2740K(109248K)
[2019-04-15T13:57:24.095+0200][926,254s] GC(2064) CMS: 203058K->203791K(393216K)
[2019-04-15T13:57:24.095+0200][926,254s] GC(2064) Metaspace: 95284K->95284K(1136640K)
[2019-04-15T13:57:24.095+0200][926,254s] GC(2064) Pause Young (Allocation Failure) 287M->201M(490M) 35,770ms
[2019-04-15T13:57:24.095+0200][926,254s] GC(2064) User=0,04s Sys=0,00s Real=0,04s
[2019-04-15T13:57:24.117+0200][926,276s] GC(2062) Pause Remark
[2019-04-15T13:57:24.117+0200][926,276s] GC(2065) Pause Young (CMS Final Remark)
[2019-04-15T13:57:24.117+0200][926,276s] GC(2065) Using 4 workers of 4 for evacuation
[2019-04-15T13:57:24.145+0200][926,304s] GC(2065) ParNew: 11477K->2058K(109248K)
[2019-04-15T13:57:24.145+0200][926,304s] GC(2065) CMS: 203791K->204439K(393216K)
[2019-04-15T13:57:24.145+0200][926,304s] GC(2065) Metaspace: 95284K->95284K(1136640K)
[2019-04-15T13:57:24.145+0200][926,304s] GC(2065) Pause Young (CMS Final Remark) 210M->201M(490M) 27,849ms
[2019-04-15T13:57:24.145+0200][926,304s] GC(2065) User=0,04s Sys=0,00s Real=0,03s
[2019-04-15T13:57:24.373+0200][926,532s] GC(2062) Pause Remark 210M->201M(490M) 255,799ms
[2019-04-15T13:57:24.373+0200][926,532s] GC(2062) User=0,13s Sys=0,00s Real=0,26s
[2019-04-15T13:57:24.373+0200][926,532s] GC(2062) Concurrent Sweep
[2019-04-15T13:57:24.624+0200][926,783s] GC(2062) Concurrent Sweep 251,126ms
[2019-04-15T13:57:24.624+0200][926,783s] GC(2062) User=0,16s Sys=0,00s Real=0,24s
[2019-04-15T13:57:24.624+0200][926,783s] GC(2062) Concurrent Reset
[2019-04-15T13:57:24.625+0200][926,784s] GC(2062) Concurrent Reset 0,405ms
[2019-04-15T13:57:24.625+0200][926,784s] GC(2062) User=0,00s Sys=0,00s Real=0,00s
[2019-04-15T13:57:24.625+0200][926,784s] GC(2062) Old: 202987K->185231K(393216K)
[2019-04-15T13:57:24.750+0200][926,909s] GC(2066) Pause Young (Allocation Failure)
[2019-04-15T13:57:24.750+0200][926,909s] GC(2066) Using 4 workers of 4 for evacuation
[2019-04-15T13:57:24.782+0200][926,941s] GC(2066) ParNew: 89482K->2160K(109248K)
[2019-04-15T13:57:24.782+0200][926,941s] GC(2066) CMS: 185231K->185590K(393216K)
[2019-04-15T13:57:24.782+0200][926,941s] GC(2066) Metaspace: 95284K->95284K(1136640K)
[2019-04-15T13:57:24.782+0200][926,941s] GC(2066) Pause Young (Allocation Failure) 268M->183M(490M) 32,072ms
[2019-04-15T13:57:24.782+0200][926,941s] GC(2066) User=0,03s Sys=0,00s Real=0,03s
[2019-04-15T13:57:24.948+0200][927,107s] GC(2067) Pause Young (Allocation Failure)
[2019-04-15T13:57:24.948+0200][927,107s] GC(2067) Using 4 workers of 4 for evacuation
[2019-04-15T13:57:24.966+0200][927,125s] GC(2067) ParNew: 89584K->2074K(109248K)
[2019-04-15T13:57:24.966+0200][927,125s] GC(2067) CMS: 185590K->185710K(393216K)
[2019-04-15T13:57:24.966+0200][927,125s] GC(2067) Metaspace: 95284K->95284K(1136640K)
[2019-04-15T13:57:24.966+0200][927,125s] GC(2067) Pause Young (Allocation Failure) 268M->183M(490M) 17,480ms
[2019-04-15T13:57:24.966+0200][927,125s] GC(2067) User=0,02s Sys=0,00s Real=0,02s
[2019-04-15T13:57:25.105+0200][927,263s] GC(2068) Pause Young (Allocation Failure)
[2019-04-15T13:57:25.105+0200][927,264s] GC(2068) Using 4 workers of 4 for evacuation
[2019-04-15T13:57:25.114+0200][927,273s] GC(2068) ParNew: 89498K->2478K(109248K)
[2019-04-15T13:57:25.114+0200][927,273s] GC(2068) CMS: 185710K->185713K(393216K)
[2019-04-15T13:57:25.115+0200][927,273s] GC(2068) Metaspace: 95284K->95284K(1136640K)
[2019-04-15T13:57:25.115+0200][927,273s] GC(2068) Pause Young (Allocation Failure) 268M->183M(490M) 9,969ms
[2019-04-15T13:57:25.115+0200][927,273s] GC(2068) User=0,03s Sys=0,00s Real=0,02s
[2019-04-15T13:57:25.243+0200][927,402s] GC(2069) Pause Young (Allocation Failure)
[2019-04-15T13:57:25.243+0200][927,402s] GC(2069) Using 4 workers of 4 for evacuation
[2019-04-15T13:57:25.249+0200][927,408s] GC(2069) ParNew: 89902K->1795K(109248K)
[2019-04-15T13:57:25.249+0200][927,408s] GC(2069) CMS: 185713K->185717K(393216K)
[2019-04-15T13:57:25.249+0200][927,408s] GC(2069) Metaspace: 95284K->95284K(1136640K)
[2019-04-15T13:57:25.249+0200][927,408s] GC(2069) Pause Young (Allocation Failure) 269M->183M(490M) 6,670ms
[2019-04-15T13:57:25.249+0200][927,408s] GC(2069) User=0,02s Sys=0,00s Real=0,01s
[2019-04-15T13:57:25.377+0200][927,536s] GC(2070) Pause Young (Allocation Failure)
[2019-04-15T13:57:25.377+0200][927,536s] GC(2070) Using 4 workers of 4 for evacuation
[2019-04-15T13:57:25.384+0200][927,543s] GC(2070) ParNew: 89219K->1902K(109248K)
[2019-04-15T13:57:25.384+0200][927,543s] GC(2070) CMS: 185717K->185720K(393216K)
[2019-04-15T13:57:25.384+0200][927,543s] GC(2070) Metaspace: 95284K->95284K(1136640K)
[2019-04-15T13:57:25.384+0200][927,543s] GC(2070) Pause Young (Allocation Failure) 268M->183M(490M) 7,145ms
[2019-04-15T13:57:25.384+0200][927,543s] GC(2070) User=0,02s Sys=0,00s Real=0,00s
[2019-04-15T13:57:25.510+0200][927,669s] GC(2071) Pause Young (Allocation Failure)
[2019-04-15T13:57:25.510+0200][927,669s] GC(2071) Using 4 workers of 4 for evacuation
[2019-04-15T13:57:25.516+0200][927,675s] GC(2071) ParNew: 89326K->2834K(109248K)
[2019-04-15T13:57:25.516+0200][927,675s] GC(2071) CMS: 185720K->185723K(393216K)
[2019-04-15T13:57:25.516+0200][927,675s] GC(2071) Metaspace: 95284K->95284K(1136640K)
[2019-04-15T13:57:25.516+0200][927,675s] GC(2071) Pause Young (Allocation Failure) 268M->184M(490M) 6,836ms
[2019-04-15T13:57:25.517+0200][927,675s] GC(2071) User=0,02s Sys=0,00s Real=0,01s
[2019-04-15T13:57:25.664+0200][927,823s] GC(2072) Pause Young (Allocation Failure)
[2019-04-15T13:57:25.664+0200][927,823s] GC(2072) Using 4 workers of 4 for evacuation
[2019-04-15T13:57:25.671+0200][927,830s] GC(2072) ParNew: 90258K->2353K(109248K)
[2019-04-15T13:57:25.671+0200][927,830s] GC(2072) CMS: 185723K->186457K(393216K)
[2019-04-15T13:57:25.671+0200][927,830s] GC(2072) Metaspace: 95284K->95284K(1136640K)
[2019-04-15T13:57:25.671+0200][927,830s] GC(2072) Pause Young (Allocation Failure) 269M->184M(490M) 7,268ms
[2019-04-15T13:57:25.671+0200][927,830s] GC(2072) User=0,02s Sys=0,00s Real=0,01s
[2019-04-15T13:57:25.743+0200][927,902s] GC(2073) Pause Young (Allocation Failure)
[2019-04-15T13:57:25.743+0200][927,902s] GC(2073) Using 4 workers of 4 for evacuation
[2019-04-15T13:57:25.753+0200][927,912s] GC(2073) ParNew: 89777K->2300K(109248K)
[2019-04-15T13:57:25.753+0200][927,912s] GC(2073) CMS: 186457K->186457K(393216K)
[2019-04-15T13:57:25.753+0200][927,912s] GC(2073) Metaspace: 95284K->95284K(1136640K)
[2019-04-15T13:57:25.753+0200][927,912s] GC(2073) Pause Young (Allocation Failure) 269M->184M(490M) 9,793ms
[2019-04-15T13:57:25.753+0200][927,912s] GC(2073) User=0,02s Sys=0,00s Real=0,02s
[2019-04-15T13:57:25.840+0200][927,999s] GC(2074) Pause Young (Allocation Failure)
[2019-04-15T13:57:25.840+0200][927,999s] GC(2074) Using 4 workers of 4 for evacuation
[2019-04-15T13:57:25.849+0200][928,008s] GC(2074) ParNew: 89724K->2953K(109248K)
[2019-04-15T13:57:25.849+0200][928,008s] GC(2074) CMS: 186457K->186517K(393216K)
[2019-04-15T13:57:25.849+0200][928,008s] GC(2074) Metaspace: 95284K->95284K(1136640K)
[2019-04-15T13:57:25.849+0200][928,008s] GC(2074) Pause Young (Allocation Failure) 269M->185M(490M) 9,094ms
[2019-04-15T13:57:25.849+0200][928,008s] GC(2074) User=0,02s Sys=0,00s Real=0,01s
[2019-04-15T13:57:26.039+0200][928,198s] GC(2075) Pause Young (Allocation Failure)
[2019-04-15T13:57:26.039+0200][928,198s] GC(2075) Using 4 workers of 4 for evacuation
[2019-04-15T13:57:26.050+0200][928,209s] GC(2075) ParNew: 90377K->3387K(109248K)
[2019-04-15T13:57:26.050+0200][928,209s] GC(2075) CMS: 186517K->186700K(393216K)
[2019-04-15T13:57:26.050+0200][928,209s] GC(2075) Metaspace: 95284K->95284K(1136640K)
[2019-04-15T13:57:26.050+0200][928,209s] GC(2075) Pause Young (Allocation Failure) 270M->185M(490M) 11,404ms
[2019-04-15T13:57:26.050+0200][928,209s] GC(2075) User=0,02s Sys=0,00s Real=0,01s
[2019-04-15T13:57:26.210+0200][928,369s] GC(2076) Pause Young (Allocation Failure)
[2019-04-15T13:57:26.210+0200][928,369s] GC(2076) Using 4 workers of 4 for evacuation
[2019-04-15T13:57:26.219+0200][928,378s] GC(2076) ParNew: 90811K->4354K(109248K)
[2019-04-15T13:57:26.219+0200][928,378s] GC(2076) CMS: 186700K->186703K(393216K)
[2019-04-15T13:57:26.219+0200][928,378s] GC(2076) Metaspace: 95291K->95291K(1136640K)
[2019-04-15T13:57:26.219+0200][928,378s] GC(2076) Pause Young (Allocation Failure) 271M->186M(490M) 8,922ms
[2019-04-15T13:57:26.219+0200][928,378s] GC(2076) User=0,02s Sys=0,00s Real=0,01s
[2019-04-15T13:57:26.313+0200][928,471s] GC(2077) Pause Young (Allocation Failure)
[2019-04-15T13:57:26.313+0200][928,471s] GC(2077) Using 4 workers of 4 for evacuation
[2019-04-15T13:57:26.324+0200][928,482s] GC(2077) ParNew: 91778K->5037K(109248K)
[2019-04-15T13:57:26.324+0200][928,483s] GC(2077) CMS: 186703K->186705K(393216K)
[2019-04-15T13:57:26.324+0200][928,483s] GC(2077) Metaspace: 95291K->95291K(1136640K)
[2019-04-15T13:57:26.324+0200][928,483s] GC(2077) Pause Young (Allocation Failure) 271M->187M(490M) 11,105ms
[2019-04-15T13:57:26.324+0200][928,483s] GC(2077) User=0,03s Sys=0,00s Real=0,01s
[2019-04-15T13:57:26.396+0200][928,555s] GC(2078) Pause Young (Allocation Failure)
[2019-04-15T13:57:26.396+0200][928,555s] GC(2078) Using 4 workers of 4 for evacuation
[2019-04-15T13:57:26.408+0200][928,567s] GC(2078) ParNew: 92461K->5017K(109248K)
[2019-04-15T13:57:26.408+0200][928,567s] GC(2078) CMS: 186705K->186756K(393216K)
[2019-04-15T13:57:26.408+0200][928,567s] GC(2078) Metaspace: 95291K->95291K(1136640K)
[2019-04-15T13:57:26.408+0200][928,567s] GC(2078) Pause Young (Allocation Failure) 272M->187M(490M) 12,212ms
[2019-04-15T13:57:26.408+0200][928,567s] GC(2078) User=0,02s Sys=0,01s Real=0,01s
[2019-04-15T13:57:26.923+0200][929,082s] GC(2079) Pause Young (Allocation Failure)
[2019-04-15T13:57:26.923+0200][929,082s] GC(2079) Using 4 workers of 4 for evacuation
[2019-04-15T13:57:27.011+0200][929,170s] GC(2079) ParNew: 92441K->21824K(109248K)
[2019-04-15T13:57:27.011+0200][929,170s] GC(2079) CMS: 186756K->196682K(393216K)
[2019-04-15T13:57:27.011+0200][929,170s] GC(2079) Metaspace: 95291K->95291K(1136640K)
[2019-04-15T13:57:27.011+0200][929,170s] GC(2079) Pause Young (Allocation Failure) 272M->213M(490M) 87,765ms
[2019-04-15T13:57:27.011+0200][929,170s] GC(2079) User=0,09s Sys=0,00s Real=0,09s
[2019-04-15T13:57:27.011+0200][929,170s] GC(2080) Pause Initial Mark
[2019-04-15T13:57:27.014+0200][929,173s] GC(2080) Pause Initial Mark 213M->213M(490M) 3,042ms
[2019-04-15T13:57:27.014+0200][929,173s] GC(2080) User=0,01s Sys=0,00s Real=0,01s
[2019-04-15T13:57:27.017+0200][929,176s] GC(2080) Concurrent Mark
[2019-04-15T13:57:27.017+0200][929,176s] GC(2080) Using 4 workers of 4 for marking
[2019-04-15T13:57:27.177+0200][929,336s] GC(2080) Concurrent Mark 159,858ms
[2019-04-15T13:57:27.177+0200][929,336s] GC(2080) User=0,35s Sys=0,01s Real=0,16s
[2019-04-15T13:57:27.177+0200][929,336s] GC(2080) Concurrent Preclean
[2019-04-15T13:57:27.180+0200][929,339s] GC(2080) Concurrent Preclean 2,316ms
[2019-04-15T13:57:27.180+0200][929,339s] GC(2080) User=0,00s Sys=0,00s Real=0,00s
[2019-04-15T13:57:27.180+0200][929,339s] GC(2080) Concurrent Abortable Preclean
[2019-04-15T13:57:27.315+0200][929,474s] GC(2081) Pause Young (Allocation Failure)
[2019-04-15T13:57:27.315+0200][929,474s] GC(2081) Using 4 workers of 4 for evacuation
[2019-04-15T13:57:27.371+0200][929,530s] GC(2081) ParNew: 109248K->21824K(109248K)
[2019-04-15T13:57:27.371+0200][929,530s] GC(2081) CMS: 196682K->211773K(393216K)
[2019-04-15T13:57:27.371+0200][929,530s] GC(2081) Metaspace: 95292K->95292K(1136640K)
[2019-04-15T13:57:27.371+0200][929,530s] GC(2081) Pause Young (Allocation Failure) 298M->228M(490M) 56,334ms
[2019-04-15T13:57:27.371+0200][929,530s] GC(2081) User=0,09s Sys=0,00s Real=0,05s
[2019-04-15T13:57:27.564+0200][929,723s] GC(2082) Pause Young (Allocation Failure)
[2019-04-15T13:57:27.564+0200][929,723s] GC(2082) Using 4 workers of 4 for evacuation
[2019-04-15T13:57:27.605+0200][929,764s] GC(2082) ParNew: 109248K->21824K(109248K)
[2019-04-15T13:57:27.605+0200][929,764s] GC(2082) CMS: 211773K->218993K(393216K)
[2019-04-15T13:57:27.605+0200][929,764s] GC(2082) Metaspace: 95292K->95292K(1136640K)
[2019-04-15T13:57:27.606+0200][929,764s] GC(2082) Pause Young (Allocation Failure) 313M->235M(490M) 41,446ms
[2019-04-15T13:57:27.606+0200][929,765s] GC(2082) User=0,06s Sys=0,00s Real=0,05s
[2019-04-15T13:57:27.615+0200][929,774s] GC(2080) Concurrent Abortable Preclean 435,583ms
[2019-04-15T13:57:27.616+0200][929,775s] GC(2080) User=0,58s Sys=0,00s Real=0,44s
[2019-04-15T13:57:27.618+0200][929,777s] GC(2080) Pause Remark
[2019-04-15T13:57:27.618+0200][929,777s] GC(2083) Pause Young (CMS Final Remark)
[2019-04-15T13:57:27.618+0200][929,777s] GC(2083) Using 4 workers of 4 for evacuation
[2019-04-15T13:57:27.661+0200][929,820s] GC(2083) ParNew: 27857K->15986K(109248K)
[2019-04-15T13:57:27.661+0200][929,820s] GC(2083) CMS: 218993K->218993K(393216K)
[2019-04-15T13:57:27.661+0200][929,820s] GC(2083) Metaspace: 95292K->95292K(1136640K)
[2019-04-15T13:57:27.661+0200][929,820s] GC(2083) Pause Young (CMS Final Remark) 241M->229M(490M) 43,190ms
[2019-04-15T13:57:27.661+0200][929,820s] GC(2083) User=0,05s Sys=0,00s Real=0,04s
[2019-04-15T13:57:27.769+0200][929,928s] GC(2080) Pause Remark 241M->229M(490M) 150,988ms
[2019-04-15T13:57:27.769+0200][929,928s] GC(2080) User=0,15s Sys=0,00s Real=0,15s
[2019-04-15T13:57:27.770+0200][929,929s] GC(2080) Concurrent Sweep
[2019-04-15T13:57:27.854+0200][930,013s] GC(2080) Concurrent Sweep 84,496ms
[2019-04-15T13:57:27.855+0200][930,014s] GC(2080) User=0,15s Sys=0,00s Real=0,09s
[2019-04-15T13:57:27.855+0200][930,014s] GC(2080) Concurrent Reset
[2019-04-15T13:57:27.856+0200][930,015s] GC(2080) Concurrent Reset 0,756ms
[2019-04-15T13:57:27.856+0200][930,015s] GC(2080) User=0,00s Sys=0,00s Real=0,00s
[2019-04-15T13:57:27.856+0200][930,015s] GC(2080) Old: 196682K->189030K(393216K)
[2019-04-15T13:57:27.964+0200][930,123s] GC(2084) Pause Young (Allocation Failure)
[2019-04-15T13:57:27.964+0200][930,123s] GC(2084) Using 4 workers of 4 for evacuation
[2019-04-15T13:57:28.037+0200][930,196s] GC(2084) ParNew: 103410K->21356K(109248K)
[2019-04-15T13:57:28.037+0200][930,196s] GC(2084) CMS: 189030K->189030K(393216K)
[2019-04-15T13:57:28.037+0200][930,196s] GC(2084) Metaspace: 95292K->95292K(1136640K)
[2019-04-15T13:57:28.037+0200][930,196s] GC(2084) Pause Young (Allocation Failure) 285M->205M(490M) 73,125ms
[2019-04-15T13:57:28.037+0200][930,196s] GC(2084) User=0,06s Sys=0,00s Real=0,08s
[2019-04-15T13:57:28.270+0200][930,429s] GC(2085) Pause Young (Allocation Failure)
[2019-04-15T13:57:28.270+0200][930,429s] GC(2085) Using 4 workers of 4 for evacuation
[2019-04-15T13:57:28.322+0200][930,481s] GC(2085) ParNew: 108780K->19380K(109248K)
[2019-04-15T13:57:28.322+0200][930,481s] GC(2085) CMS: 189030K->189030K(393216K)
[2019-04-15T13:57:28.322+0200][930,481s] GC(2085) Metaspace: 95292K->95292K(1136640K)
[2019-04-15T13:57:28.322+0200][930,481s] GC(2085) Pause Young (Allocation Failure) 290M->203M(490M) 52,459ms
[2019-04-15T13:57:28.322+0200][930,481s] GC(2085) User=0,06s Sys=0,00s Real=0,05s
[2019-04-15T13:57:28.572+0200][930,731s] GC(2086) Pause Young (Allocation Failure)
[2019-04-15T13:57:28.572+0200][930,731s] GC(2086) Using 4 workers of 4 for evacuation
[2019-04-15T13:57:28.646+0200][930,805s] GC(2086) ParNew: 106804K->16849K(109248K)
[2019-04-15T13:57:28.646+0200][930,805s] GC(2086) CMS: 189030K->189030K(393216K)
[2019-04-15T13:57:28.646+0200][930,805s] GC(2086) Metaspace: 95292K->95292K(1136640K)
[2019-04-15T13:57:28.646+0200][930,805s] GC(2086) Pause Young (Allocation Failure) 288M->201M(490M) 74,497ms
[2019-04-15T13:57:28.646+0200][930,805s] GC(2086) User=0,05s Sys=0,00s Real=0,08s
[2019-04-15T13:57:28.878+0200][931,037s] GC(2087) Pause Young (Allocation Failure)
[2019-04-15T13:57:28.878+0200][931,037s] GC(2087) Using 4 workers of 4 for evacuation
[2019-04-15T13:57:28.955+0200][931,114s] GC(2087) ParNew: 104273K->21824K(109248K)
[2019-04-15T13:57:28.956+0200][931,114s] GC(2087) CMS: 189030K->189030K(393216K)
[2019-04-15T13:57:28.956+0200][931,114s] GC(2087) Metaspace: 95292K->95292K(1136640K)
[2019-04-15T13:57:28.956+0200][931,115s] GC(2087) Pause Young (Allocation Failure) 286M->205M(490M) 77,364ms
[2019-04-15T13:57:28.956+0200][931,115s] GC(2087) User=0,06s Sys=0,00s Real=0,08s
[2019-04-15T13:57:29.195+0200][931,354s] GC(2088) Pause Young (Allocation Failure)
[2019-04-15T13:57:29.195+0200][931,354s] GC(2088) Using 4 workers of 4 for evacuation
[2019-04-15T13:57:29.234+0200][931,393s] GC(2088) ParNew: 109248K->20795K(109248K)
[2019-04-15T13:57:29.234+0200][931,393s] GC(2088) CMS: 189030K->189030K(393216K)
[2019-04-15T13:57:29.234+0200][931,393s] GC(2088) Metaspace: 95292K->95292K(1136640K)
[2019-04-15T13:57:29.234+0200][931,393s] GC(2088) Pause Young (Allocation Failure) 291M->204M(490M) 38,665ms
[2019-04-15T13:57:29.234+0200][931,393s] GC(2088) User=0,05s Sys=0,01s Real=0,04s
[2019-04-15T13:57:29.435+0200][931,594s] GC(2089) Pause Young (Allocation Failure)
[2019-04-15T13:57:29.435+0200][931,594s] GC(2089) Using 4 workers of 4 for evacuation
[2019-04-15T13:57:29.516+0200][931,675s] GC(2089) ParNew: 108219K->9538K(109248K)
[2019-04-15T13:57:29.516+0200][931,675s] GC(2089) CMS: 189030K->202005K(393216K)
[2019-04-15T13:57:29.516+0200][931,675s] GC(2089) Metaspace: 95292K->95292K(1136640K)
[2019-04-15T13:57:29.516+0200][931,675s] GC(2089) Pause Young (Allocation Failure) 290M->206M(490M) 81,853ms
[2019-04-15T13:57:29.516+0200][931,675s] GC(2089) User=0,08s Sys=0,00s Real=0,08s
[2019-04-15T13:57:29.521+0200][931,680s] GC(2090) Pause Initial Mark
[2019-04-15T13:57:29.522+0200][931,681s] GC(2090) Pause Initial Mark 209M->209M(490M) 1,846ms
[2019-04-15T13:57:29.523+0200][931,682s] GC(2090) User=0,01s Sys=0,00s Real=0,00s
[2019-04-15T13:57:29.523+0200][931,682s] GC(2090) Concurrent Mark
[2019-04-15T13:57:29.523+0200][931,682s] GC(2090) Using 4 workers of 4 for marking
[2019-04-15T13:57:29.713+0200][931,872s] GC(2090) Concurrent Mark 190,671ms
[2019-04-15T13:57:29.713+0200][931,872s] GC(2090) User=0,31s Sys=0,00s Real=0,20s
[2019-04-15T13:57:29.713+0200][931,872s] GC(2090) Concurrent Preclean
[2019-04-15T13:57:29.716+0200][931,875s] GC(2090) Concurrent Preclean 2,545ms
[2019-04-15T13:57:29.716+0200][931,875s] GC(2090) User=0,00s Sys=0,00s Real=0,00s
[2019-04-15T13:57:29.716+0200][931,875s] GC(2090) Concurrent Abortable Preclean
[2019-04-15T13:57:29.795+0200][931,954s] GC(2091) Pause Young (Allocation Failure)
[2019-04-15T13:57:29.795+0200][931,954s] GC(2091) Using 4 workers of 4 for evacuation
[2019-04-15T13:57:29.813+0200][931,972s] GC(2091) ParNew: 96962K->4024K(109248K)
[2019-04-15T13:57:29.813+0200][931,972s] GC(2091) CMS: 202005K->202394K(393216K)
[2019-04-15T13:57:29.814+0200][931,972s] GC(2091) Metaspace: 95292K->95292K(1136640K)
[2019-04-15T13:57:29.814+0200][931,972s] GC(2091) Pause Young (Allocation Failure) 291M->201M(490M) 18,526ms
[2019-04-15T13:57:29.814+0200][931,972s] GC(2091) User=0,04s Sys=0,00s Real=0,02s
[2019-04-15T13:57:30.056+0200][932,215s] GC(2090) Concurrent Abortable Preclean 340,071ms
[2019-04-15T13:57:30.056+0200][932,215s] GC(2090) User=0,21s Sys=0,01s Real=0,34s
[2019-04-15T13:57:30.061+0200][932,220s] GC(2090) Pause Remark
[2019-04-15T13:57:30.061+0200][932,220s] GC(2092) Pause Young (CMS Final Remark)
[2019-04-15T13:57:30.061+0200][932,220s] GC(2092) Using 4 workers of 4 for evacuation
[2019-04-15T13:57:30.071+0200][932,230s] GC(2092) ParNew: 83191K->3116K(109248K)
[2019-04-15T13:57:30.071+0200][932,230s] GC(2092) CMS: 202394K->202427K(393216K)
[2019-04-15T13:57:30.071+0200][932,230s] GC(2092) Metaspace: 95292K->95292K(1136640K)
[2019-04-15T13:57:30.071+0200][932,230s] GC(2092) Pause Young (CMS Final Remark) 278M->200M(490M) 9,808ms
[2019-04-15T13:57:30.071+0200][932,230s] GC(2092) User=0,02s Sys=0,00s Real=0,01s
[2019-04-15T13:57:30.276+0200][932,435s] GC(2090) Pause Remark 278M->200M(490M) 214,883ms
[2019-04-15T13:57:30.276+0200][932,435s] GC(2090) User=0,13s Sys=0,00s Real=0,22s
[2019-04-15T13:57:30.276+0200][932,435s] GC(2090) Concurrent Sweep
[2019-04-15T13:57:30.478+0200][932,636s] GC(2090) Concurrent Sweep 201,404ms
[2019-04-15T13:57:30.478+0200][932,637s] GC(2090) User=0,22s Sys=0,00s Real=0,20s
[2019-04-15T13:57:30.478+0200][932,637s] GC(2090) Concurrent Reset
[2019-04-15T13:57:30.478+0200][932,637s] GC(2090) Concurrent Reset 0,628ms
[2019-04-15T13:57:30.478+0200][932,637s] GC(2090) User=0,00s Sys=0,00s Real=0,00s
[2019-04-15T13:57:30.478+0200][932,637s] GC(2090) Old: 202005K->170211K(393216K)
[2019-04-15T13:57:30.504+0200][932,663s] GC(2093) Pause Young (Allocation Failure)
[2019-04-15T13:57:30.505+0200][932,664s] GC(2093) Using 4 workers of 4 for evacuation
[2019-04-15T13:57:30.529+0200][932,688s] GC(2093) ParNew: 90540K->3187K(109248K)
[2019-04-15T13:57:30.529+0200][932,688s] GC(2093) CMS: 170211K->170270K(393216K)
[2019-04-15T13:57:30.529+0200][932,688s] GC(2093) Metaspace: 95292K->95292K(1136640K)
[2019-04-15T13:57:30.529+0200][932,688s] GC(2093) Pause Young (Allocation Failure) 254M->169M(490M) 24,759ms
[2019-04-15T13:57:30.529+0200][932,688s] GC(2093) User=0,04s Sys=0,00s Real=0,03s
[2019-04-15T13:57:30.906+0200][933,065s] GC(2094) Pause Young (Allocation Failure)
[2019-04-15T13:57:30.906+0200][933,065s] GC(2094) Using 4 workers of 4 for evacuation
[2019-04-15T13:57:30.913+0200][933,072s] GC(2094) ParNew: 90611K->3226K(109248K)
[2019-04-15T13:57:30.913+0200][933,072s] GC(2094) CMS: 170270K->170279K(393216K)
[2019-04-15T13:57:30.913+0200][933,072s] GC(2094) Metaspace: 95292K->95292K(1136640K)
[2019-04-15T13:57:30.913+0200][933,072s] GC(2094) Pause Young (Allocation Failure) 254M->169M(490M) 6,657ms
[2019-04-15T13:57:30.913+0200][933,072s] GC(2094) User=0,02s Sys=0,00s Real=0,00s
[2019-04-15T13:57:31.111+0200][933,270s] GC(2095) Pause Young (Allocation Failure)
[2019-04-15T13:57:31.111+0200][933,270s] GC(2095) Using 4 workers of 4 for evacuation
[2019-04-15T13:57:31.126+0200][933,285s] GC(2095) ParNew: 90650K->2737K(109248K)
[2019-04-15T13:57:31.126+0200][933,285s] GC(2095) CMS: 170279K->170283K(393216K)
[2019-04-15T13:57:31.126+0200][933,285s] GC(2095) Metaspace: 95292K->95292K(1136640K)
[2019-04-15T13:57:31.126+0200][933,285s] GC(2095) Pause Young (Allocation Failure) 254M->168M(490M) 15,108ms
[2019-04-15T13:57:31.126+0200][933,285s] GC(2095) User=0,03s Sys=0,00s Real=0,02s
[2019-04-15T13:57:31.280+0200][933,439s] GC(2096) Pause Young (Allocation Failure)
[2019-04-15T13:57:31.280+0200][933,439s] GC(2096) Using 4 workers of 4 for evacuation
[2019-04-15T13:57:31.297+0200][933,456s] GC(2096) ParNew: 90161K->3092K(109248K)
[2019-04-15T13:57:31.297+0200][933,456s] GC(2096) CMS: 170283K->170287K(393216K)
[2019-04-15T13:57:31.297+0200][933,456s] GC(2096) Metaspace: 95292K->95292K(1136640K)
[2019-04-15T13:57:31.297+0200][933,456s] GC(2096) Pause Young (Allocation Failure) 254M->169M(490M) 16,550ms
[2019-04-15T13:57:31.297+0200][933,456s] GC(2096) User=0,03s Sys=0,00s Real=0,02s
[2019-04-15T13:57:31.559+0200][933,718s] GC(2097) Pause Young (Allocation Failure)
[2019-04-15T13:57:31.559+0200][933,718s] GC(2097) Using 4 workers of 4 for evacuation
[2019-04-15T13:57:31.588+0200][933,747s] GC(2097) ParNew: 90516K->3570K(109248K)
[2019-04-15T13:57:31.588+0200][933,747s] GC(2097) CMS: 170287K->170290K(393216K)
[2019-04-15T13:57:31.588+0200][933,747s] GC(2097) Metaspace: 95292K->95292K(1136640K)
[2019-04-15T13:57:31.588+0200][933,747s] GC(2097) Pause Young (Allocation Failure) 254M->169M(490M) 28,622ms
[2019-04-15T13:57:31.588+0200][933,747s] GC(2097) User=0,04s Sys=0,00s Real=0,03s
[2019-04-15T13:57:31.837+0200][933,996s] GC(2098) Pause Young (Allocation Failure)
[2019-04-15T13:57:31.837+0200][933,996s] GC(2098) Using 4 workers of 4 for evacuation
[2019-04-15T13:57:31.847+0200][934,005s] GC(2098) ParNew: 90994K->5337K(109248K)
[2019-04-15T13:57:31.847+0200][934,005s] GC(2098) CMS: 170290K->170294K(393216K)
[2019-04-15T13:57:31.847+0200][934,006s] GC(2098) Metaspace: 95292K->95292K(1136640K)
[2019-04-15T13:57:31.847+0200][934,006s] GC(2098) Pause Young (Allocation Failure) 255M->171M(490M) 9,543ms
[2019-04-15T13:57:31.847+0200][934,006s] GC(2098) User=0,03s Sys=0,00s Real=0,01s
[2019-04-15T13:57:32.063+0200][934,222s] GC(2099) Pause Young (Allocation Failure)
[2019-04-15T13:57:32.063+0200][934,222s] GC(2099) Using 4 workers of 4 for evacuation
[2019-04-15T13:57:32.074+0200][934,233s] GC(2099) ParNew: 92761K->5343K(109248K)
[2019-04-15T13:57:32.074+0200][934,233s] GC(2099) CMS: 170294K->170303K(393216K)
[2019-04-15T13:57:32.074+0200][934,233s] GC(2099) Metaspace: 95292K->95292K(1136640K)
[2019-04-15T13:57:32.074+0200][934,233s] GC(2099) Pause Young (Allocation Failure) 256M->171M(490M) 11,146ms
[2019-04-15T13:57:32.074+0200][934,233s] GC(2099) User=0,04s Sys=0,00s Real=0,02s
[2019-04-15T13:57:32.246+0200][934,405s] GC(2100) Pause Young (Allocation Failure)
[2019-04-15T13:57:32.246+0200][934,405s] GC(2100) Using 4 workers of 4 for evacuation
[2019-04-15T13:57:32.312+0200][934,471s] GC(2100) ParNew: 92767K->4949K(109248K)
[2019-04-15T13:57:32.312+0200][934,471s] GC(2100) CMS: 170303K->170310K(393216K)
[2019-04-15T13:57:32.312+0200][934,471s] GC(2100) Metaspace: 95292K->95292K(1136640K)
[2019-04-15T13:57:32.312+0200][934,471s] GC(2100) Pause Young (Allocation Failure) 256M->171M(490M) 65,567ms
[2019-04-15T13:57:32.312+0200][934,471s] GC(2100) User=0,06s Sys=0,00s Real=0,06s
[2019-04-15T13:57:32.577+0200][934,736s] GC(2101) Pause Young (Allocation Failure)
[2019-04-15T13:57:32.577+0200][934,736s] GC(2101) Using 4 workers of 4 for evacuation
[2019-04-15T13:57:32.581+0200][934,739s] GC(2101) ParNew: 92373K->4507K(109248K)
[2019-04-15T13:57:32.581+0200][934,740s] GC(2101) CMS: 170310K->170317K(393216K)
[2019-04-15T13:57:32.581+0200][934,740s] GC(2101) Metaspace: 95292K->95292K(1136640K)
[2019-04-15T13:57:32.581+0200][934,740s] GC(2101) Pause Young (Allocation Failure) 256M->170M(490M) 3,449ms
[2019-04-15T13:57:32.581+0200][934,740s] GC(2101) User=0,01s Sys=0,00s Real=0,00s
[2019-04-15T13:57:32.702+0200][934,861s] GC(2102) Pause Young (Allocation Failure)
[2019-04-15T13:57:32.702+0200][934,861s] GC(2102) Using 4 workers of 4 for evacuation
[2019-04-15T13:57:32.704+0200][934,863s] GC(2102) ParNew: 91931K->4803K(109248K)
[2019-04-15T13:57:32.704+0200][934,863s] GC(2102) CMS: 170317K->170321K(393216K)
[2019-04-15T13:57:32.704+0200][934,863s] GC(2102) Metaspace: 95292K->95292K(1136640K)
[2019-04-15T13:57:32.704+0200][934,863s] GC(2102) Pause Young (Allocation Failure) 256M->171M(490M) 2,554ms
[2019-04-15T13:57:32.704+0200][934,863s] GC(2102) User=0,01s Sys=0,00s Real=0,00s
[2019-04-15T13:57:32.878+0200][935,037s] GC(2103) Pause Young (Allocation Failure)
[2019-04-15T13:57:32.878+0200][935,037s] GC(2103) Using 4 workers of 4 for evacuation
[2019-04-15T13:57:32.880+0200][935,039s] GC(2103) ParNew: 92227K->4783K(109248K)
[2019-04-15T13:57:32.880+0200][935,039s] GC(2103) CMS: 170321K->170324K(393216K)
[2019-04-15T13:57:32.880+0200][935,039s] GC(2103) Metaspace: 95292K->95292K(1136640K)
[2019-04-15T13:57:32.881+0200][935,039s] GC(2103) Pause Young (Allocation Failure) 256M->171M(490M) 2,792ms
[2019-04-15T13:57:32.881+0200][935,039s] GC(2103) User=0,01s Sys=0,00s Real=0,00s
[2019-04-15T13:57:32.983+0200][935,142s] GC(2104) Pause Young (Allocation Failure)
[2019-04-15T13:57:32.983+0200][935,142s] GC(2104) Using 4 workers of 4 for evacuation
[2019-04-15T13:57:32.986+0200][935,145s] GC(2104) ParNew: 92207K->5018K(109248K)
[2019-04-15T13:57:32.986+0200][935,145s] GC(2104) CMS: 170324K->170327K(393216K)
[2019-04-15T13:57:32.986+0200][935,145s] GC(2104) Metaspace: 95292K->95292K(1136640K)
[2019-04-15T13:57:32.986+0200][935,145s] GC(2104) Pause Young (Allocation Failure) 256M->171M(490M) 2,658ms
[2019-04-15T13:57:32.986+0200][935,145s] GC(2104) User=0,01s Sys=0,00s Real=0,01s
[2019-04-15T13:57:33.126+0200][935,285s] GC(2105) Pause Young (Allocation Failure)
[2019-04-15T13:57:33.126+0200][935,285s] GC(2105) Using 4 workers of 4 for evacuation
[2019-04-15T13:57:33.130+0200][935,289s] GC(2105) ParNew: 92442K->5263K(109248K)
[2019-04-15T13:57:33.130+0200][935,289s] GC(2105) CMS: 170327K->170330K(393216K)
[2019-04-15T13:57:33.130+0200][935,289s] GC(2105) Metaspace: 95292K->95292K(1136640K)
[2019-04-15T13:57:33.130+0200][935,289s] GC(2105) Pause Young (Allocation Failure) 256M->171M(490M) 4,648ms
[2019-04-15T13:57:33.130+0200][935,289s] GC(2105) User=0,01s Sys=0,01s Real=0,00s
[2019-04-15T13:57:33.435+0200][935,594s] GC(2106) Pause Young (Allocation Failure)
[2019-04-15T13:57:33.436+0200][935,594s] GC(2106) Using 4 workers of 4 for evacuation
[2019-04-15T13:57:33.442+0200][935,601s] GC(2106) ParNew: 92687K->832K(109248K)
[2019-04-15T13:57:33.442+0200][935,601s] GC(2106) CMS: 170330K->174433K(393216K)
[2019-04-15T13:57:33.442+0200][935,601s] GC(2106) Metaspace: 95292K->95292K(1136640K)
[2019-04-15T13:57:33.442+0200][935,601s] GC(2106) Pause Young (Allocation Failure) 256M->171M(490M) 6,413ms
[2019-04-15T13:57:33.442+0200][935,601s] GC(2106) User=0,02s Sys=0,00s Real=0,00s
[2019-04-15T13:57:33.641+0200][935,800s] GC(2107) Pause Young (Allocation Failure)
[2019-04-15T13:57:33.641+0200][935,800s] GC(2107) Using 4 workers of 4 for evacuation
[2019-04-15T13:57:33.657+0200][935,816s] GC(2107) ParNew: 88256K->1350K(109248K)
[2019-04-15T13:57:33.657+0200][935,816s] GC(2107) CMS: 174433K->174465K(393216K)
[2019-04-15T13:57:33.657+0200][935,816s] GC(2107) Metaspace: 95292K->95292K(1136640K)
[2019-04-15T13:57:33.657+0200][935,816s] GC(2107) Pause Young (Allocation Failure) 256M->171M(490M) 16,282ms
[2019-04-15T13:57:33.657+0200][935,816s] GC(2107) User=0,03s Sys=0,00s Real=0,02s
[2019-04-15T13:57:33.782+0200][935,941s] GC(2108) Pause Young (Allocation Failure)
[2019-04-15T13:57:33.782+0200][935,941s] GC(2108) Using 4 workers of 4 for evacuation
[2019-04-15T13:57:33.789+0200][935,947s] GC(2108) ParNew: 88774K->1233K(109248K)
[2019-04-15T13:57:33.789+0200][935,948s] GC(2108) CMS: 174465K->174469K(393216K)
[2019-04-15T13:57:33.789+0200][935,948s] GC(2108) Metaspace: 95292K->95292K(1136640K)
[2019-04-15T13:57:33.789+0200][935,948s] GC(2108) Pause Young (Allocation Failure) 257M->171M(490M) 6,856ms
[2019-04-15T13:57:33.789+0200][935,948s] GC(2108) User=0,02s Sys=0,00s Real=0,01s
[2019-04-15T13:57:33.901+0200][936,059s] GC(2109) Pause Young (Allocation Failure)
[2019-04-15T13:57:33.901+0200][936,060s] GC(2109) Using 4 workers of 4 for evacuation
[2019-04-15T13:57:33.917+0200][936,076s] GC(2109) ParNew: 88657K->1640K(109248K)
[2019-04-15T13:57:33.917+0200][936,076s] GC(2109) CMS: 174469K->174474K(393216K)
[2019-04-15T13:57:33.917+0200][936,076s] GC(2109) Metaspace: 95292K->95292K(1136640K)
[2019-04-15T13:57:33.917+0200][936,076s] GC(2109) Pause Young (Allocation Failure) 256M->171M(490M) 16,478ms
[2019-04-15T13:57:33.917+0200][936,076s] GC(2109) User=0,03s Sys=0,00s Real=0,02s
[2019-04-15T13:57:34.084+0200][936,243s] GC(2110) Pause Young (Allocation Failure)
[2019-04-15T13:57:34.084+0200][936,243s] GC(2110) Using 4 workers of 4 for evacuation
[2019-04-15T13:57:34.099+0200][936,258s] GC(2110) ParNew: 89064K->1274K(109248K)
[2019-04-15T13:57:34.100+0200][936,258s] GC(2110) CMS: 174474K->174478K(393216K)
[2019-04-15T13:57:34.100+0200][936,258s] GC(2110) Metaspace: 95292K->95292K(1136640K)
[2019-04-15T13:57:34.100+0200][936,258s] GC(2110) Pause Young (Allocation Failure) 257M->171M(490M) 15,876ms
[2019-04-15T13:57:34.100+0200][936,259s] GC(2110) User=0,03s Sys=0,00s Real=0,02s
[2019-04-15T13:57:34.213+0200][936,372s] GC(2111) Pause Young (Allocation Failure)
[2019-04-15T13:57:34.213+0200][936,372s] GC(2111) Using 4 workers of 4 for evacuation
[2019-04-15T13:57:34.225+0200][936,384s] GC(2111) ParNew: 88698K->1326K(109248K)
[2019-04-15T13:57:34.225+0200][936,384s] GC(2111) CMS: 174478K->174592K(393216K)
[2019-04-15T13:57:34.225+0200][936,384s] GC(2111) Metaspace: 95292K->95292K(1136640K)
[2019-04-15T13:57:34.225+0200][936,384s] GC(2111) Pause Young (Allocation Failure) 257M->171M(490M) 11,922ms
[2019-04-15T13:57:34.225+0200][936,384s] GC(2111) User=0,03s Sys=0,00s Real=0,01s
[2019-04-15T13:57:34.347+0200][936,506s] GC(2112) Pause Young (Allocation Failure)
[2019-04-15T13:57:34.347+0200][936,506s] GC(2112) Using 4 workers of 4 for evacuation
[2019-04-15T13:57:34.367+0200][936,526s] GC(2112) ParNew: 88750K->9754K(109248K)
[2019-04-15T13:57:34.367+0200][936,526s] GC(2112) CMS: 174592K->174595K(393216K)
[2019-04-15T13:57:34.367+0200][936,526s] GC(2112) Metaspace: 95292K->95292K(1136640K)
[2019-04-15T13:57:34.368+0200][936,526s] GC(2112) Pause Young (Allocation Failure) 257M->180M(490M) 20,119ms
[2019-04-15T13:57:34.368+0200][936,526s] GC(2112) User=0,01s Sys=0,00s Real=0,02s
[2019-04-15T13:57:34.551+0200][936,710s] GC(2113) Pause Young (Allocation Failure)
[2019-04-15T13:57:34.551+0200][936,710s] GC(2113) Using 4 workers of 4 for evacuation
[2019-04-15T13:57:34.560+0200][936,719s] GC(2113) ParNew: 97178K->9387K(109248K)
[2019-04-15T13:57:34.560+0200][936,719s] GC(2113) CMS: 174595K->174599K(393216K)
[2019-04-15T13:57:34.560+0200][936,719s] GC(2113) Metaspace: 95292K->95292K(1136640K)
[2019-04-15T13:57:34.560+0200][936,719s] GC(2113) Pause Young (Allocation Failure) 265M->179M(490M) 8,365ms
[2019-04-15T13:57:34.560+0200][936,719s] GC(2113) User=0,01s Sys=0,00s Real=0,01s
[2019-04-15T13:57:34.699+0200][936,858s] GC(2114) Pause Young (Allocation Failure)
[2019-04-15T13:57:34.699+0200][936,858s] GC(2114) Using 4 workers of 4 for evacuation
[2019-04-15T13:57:34.715+0200][936,874s] GC(2114) ParNew: 96811K->9282K(109248K)
[2019-04-15T13:57:34.715+0200][936,874s] GC(2114) CMS: 174599K->174602K(393216K)
[2019-04-15T13:57:34.715+0200][936,874s] GC(2114) Metaspace: 95292K->95292K(1136640K)
[2019-04-15T13:57:34.715+0200][936,874s] GC(2114) Pause Young (Allocation Failure) 265M->179M(490M) 16,252ms
[2019-04-15T13:57:34.715+0200][936,874s] GC(2114) User=0,02s Sys=0,00s Real=0,02s
[2019-04-15T13:57:34.819+0200][936,978s] GC(2115) Pause Young (Allocation Failure)
[2019-04-15T13:57:34.819+0200][936,978s] GC(2115) Using 4 workers of 4 for evacuation
[2019-04-15T13:57:34.831+0200][936,990s] GC(2115) ParNew: 96706K->9601K(109248K)
[2019-04-15T13:57:34.831+0200][936,990s] GC(2115) CMS: 174602K->174605K(393216K)
[2019-04-15T13:57:34.831+0200][936,990s] GC(2115) Metaspace: 95292K->95292K(1136640K)
[2019-04-15T13:57:34.831+0200][936,990s] GC(2115) Pause Young (Allocation Failure) 264M->179M(490M) 12,142ms
[2019-04-15T13:57:34.831+0200][936,990s] GC(2115) User=0,02s Sys=0,00s Real=0,01s
[2019-04-15T13:57:34.937+0200][937,096s] GC(2116) Pause Young (Allocation Failure)
[2019-04-15T13:57:34.937+0200][937,096s] GC(2116) Using 4 workers of 4 for evacuation
[2019-04-15T13:57:34.955+0200][937,114s] GC(2116) ParNew: 97025K->9179K(109248K)
[2019-04-15T13:57:34.955+0200][937,114s] GC(2116) CMS: 174605K->174920K(393216K)
[2019-04-15T13:57:34.955+0200][937,114s] GC(2116) Metaspace: 95292K->95292K(1136640K)
[2019-04-15T13:57:34.955+0200][937,114s] GC(2116) Pause Young (Allocation Failure) 265M->179M(490M) 17,519ms
[2019-04-15T13:57:34.955+0200][937,114s] GC(2116) User=0,02s Sys=0,00s Real=0,02s
[2019-04-15T13:57:35.103+0200][937,262s] GC(2117) Pause Young (Allocation Failure)
[2019-04-15T13:57:35.103+0200][937,262s] GC(2117) Using 4 workers of 4 for evacuation
[2019-04-15T13:57:35.138+0200][937,297s] GC(2117) ParNew: 96603K->9514K(109248K)
[2019-04-15T13:57:35.138+0200][937,297s] GC(2117) CMS: 174920K->174926K(393216K)
[2019-04-15T13:57:35.138+0200][937,297s] GC(2117) Metaspace: 95292K->95292K(1136640K)
[2019-04-15T13:57:35.138+0200][937,297s] GC(2117) Pause Young (Allocation Failure) 265M->180M(490M) 34,892ms
[2019-04-15T13:57:35.138+0200][937,297s] GC(2117) User=0,04s Sys=0,00s Real=0,04s
[2019-04-15T13:57:35.261+0200][937,420s] GC(2118) Pause Young (Allocation Failure)
[2019-04-15T13:57:35.261+0200][937,420s] GC(2118) Using 4 workers of 4 for evacuation
[2019-04-15T13:57:35.285+0200][937,444s] GC(2118) ParNew: 96938K->9746K(109248K)
[2019-04-15T13:57:35.285+0200][937,444s] GC(2118) CMS: 174926K->174929K(393216K)
[2019-04-15T13:57:35.285+0200][937,444s] GC(2118) Metaspace: 95292K->95292K(1136640K)
[2019-04-15T13:57:35.285+0200][937,444s] GC(2118) Pause Young (Allocation Failure) 265M->180M(490M) 23,850ms
[2019-04-15T13:57:35.285+0200][937,444s] GC(2118) User=0,03s Sys=0,00s Real=0,03s
[2019-04-15T13:57:35.431+0200][937,590s] GC(2119) Pause Young (Allocation Failure)
[2019-04-15T13:57:35.431+0200][937,590s] GC(2119) Using 4 workers of 4 for evacuation
[2019-04-15T13:57:35.454+0200][937,613s] GC(2119) ParNew: 97170K->9418K(109248K)
[2019-04-15T13:57:35.455+0200][937,613s] GC(2119) CMS: 174929K->174933K(393216K)
[2019-04-15T13:57:35.455+0200][937,613s] GC(2119) Metaspace: 95292K->95292K(1136640K)
[2019-04-15T13:57:35.455+0200][937,613s] GC(2119) Pause Young (Allocation Failure) 265M->180M(490M) 23,184ms
[2019-04-15T13:57:35.455+0200][937,614s] GC(2119) User=0,03s Sys=0,00s Real=0,03s
[2019-04-15T13:57:35.548+0200][937,707s] GC(2120) Pause Young (Allocation Failure)
[2019-04-15T13:57:35.548+0200][937,707s] GC(2120) Using 4 workers of 4 for evacuation
[2019-04-15T13:57:35.570+0200][937,729s] GC(2120) ParNew: 96842K->905K(109248K)
[2019-04-15T13:57:35.570+0200][937,729s] GC(2120) CMS: 174933K->183265K(393216K)
[2019-04-15T13:57:35.570+0200][937,729s] GC(2120) Metaspace: 95292K->95292K(1136640K)
[2019-04-15T13:57:35.570+0200][937,729s] GC(2120) Pause Young (Allocation Failure) 265M->179M(490M) 21,629ms
[2019-04-15T13:57:35.570+0200][937,729s] GC(2120) User=0,03s Sys=0,00s Real=0,02s
[2019-04-15T13:57:35.665+0200][937,824s] GC(2121) Pause Young (Allocation Failure)
[2019-04-15T13:57:35.666+0200][937,824s] GC(2121) Using 4 workers of 4 for evacuation
[2019-04-15T13:57:35.690+0200][937,849s] GC(2121) ParNew: 88329K->1044K(109248K)
[2019-04-15T13:57:35.690+0200][937,849s] GC(2121) CMS: 183265K->183269K(393216K)
[2019-04-15T13:57:35.690+0200][937,849s] GC(2121) Metaspace: 95292K->95292K(1136640K)
[2019-04-15T13:57:35.690+0200][937,849s] GC(2121) Pause Young (Allocation Failure) 265M->179M(490M) 24,912ms
[2019-04-15T13:57:35.690+0200][937,849s] GC(2121) User=0,02s Sys=0,00s Real=0,02s
[2019-04-15T13:57:35.871+0200][938,030s] GC(2122) Pause Young (Allocation Failure)
[2019-04-15T13:57:35.871+0200][938,030s] GC(2122) Using 4 workers of 4 for evacuation
[2019-04-15T13:57:35.890+0200][938,049s] GC(2122) ParNew: 88468K->865K(109248K)
[2019-04-15T13:57:35.890+0200][938,049s] GC(2122) CMS: 183269K->183272K(393216K)
[2019-04-15T13:57:35.890+0200][938,049s] GC(2122) Metaspace: 95292K->95292K(1136640K)
[2019-04-15T13:57:35.890+0200][938,049s] GC(2122) Pause Young (Allocation Failure) 265M->179M(490M) 19,618ms
[2019-04-15T13:57:35.890+0200][938,049s] GC(2122) User=0,02s Sys=0,00s Real=0,02s
[2019-04-15T13:57:36.098+0200][938,257s] GC(2123) Pause Young (Allocation Failure)
[2019-04-15T13:57:36.098+0200][938,257s] GC(2123) Using 4 workers of 4 for evacuation
[2019-04-15T13:57:36.121+0200][938,280s] GC(2123) ParNew: 88289K->993K(109248K)
[2019-04-15T13:57:36.121+0200][938,280s] GC(2123) CMS: 183272K->183276K(393216K)
[2019-04-15T13:57:36.121+0200][938,280s] GC(2123) Metaspace: 95292K->95292K(1136640K)
[2019-04-15T13:57:36.121+0200][938,280s] GC(2123) Pause Young (Allocation Failure) 265M->179M(490M) 23,142ms
[2019-04-15T13:57:36.121+0200][938,280s] GC(2123) User=0,03s Sys=0,01s Real=0,02s
[2019-04-15T13:57:36.270+0200][938,429s] GC(2124) Pause Young (Allocation Failure)
[2019-04-15T13:57:36.270+0200][938,429s] GC(2124) Using 4 workers of 4 for evacuation
[2019-04-15T13:57:36.298+0200][938,456s] GC(2124) ParNew: 88417K->848K(109248K)
[2019-04-15T13:57:36.298+0200][938,457s] GC(2124) CMS: 183276K->183333K(393216K)
[2019-04-15T13:57:36.298+0200][938,457s] GC(2124) Metaspace: 95292K->95292K(1136640K)
[2019-04-15T13:57:36.298+0200][938,457s] GC(2124) Pause Young (Allocation Failure) 265M->179M(490M) 27,534ms
[2019-04-15T13:57:36.298+0200][938,457s] GC(2124) User=0,03s Sys=0,00s Real=0,03s
[2019-04-15T13:57:36.954+0200][939,113s] GC(2125) Pause Young (Allocation Failure)
[2019-04-15T13:57:36.954+0200][939,113s] GC(2125) Using 4 workers of 4 for evacuation
[2019-04-15T13:57:36.984+0200][939,143s] GC(2125) ParNew: 88272K->16419K(109248K)
[2019-04-15T13:57:36.984+0200][939,143s] GC(2125) CMS: 183333K->183336K(393216K)
[2019-04-15T13:57:36.984+0200][939,143s] GC(2125) Metaspace: 95292K->95292K(1136640K)
[2019-04-15T13:57:36.984+0200][939,143s] GC(2125) Pause Young (Allocation Failure) 265M->195M(490M) 29,866ms
[2019-04-15T13:57:36.984+0200][939,143s] GC(2125) User=0,04s Sys=0,00s Real=0,02s
[2019-04-15T13:57:37.182+0200][939,341s] GC(2126) Pause Young (Allocation Failure)
[2019-04-15T13:57:37.182+0200][939,341s] GC(2126) Using 4 workers of 4 for evacuation
[2019-04-15T13:57:37.219+0200][939,378s] GC(2126) ParNew: 103843K->20896K(109248K)
[2019-04-15T13:57:37.219+0200][939,378s] GC(2126) CMS: 183336K->183339K(393216K)
[2019-04-15T13:57:37.219+0200][939,378s] GC(2126) Metaspace: 95292K->95292K(1136640K)
[2019-04-15T13:57:37.219+0200][939,378s] GC(2126) Pause Young (Allocation Failure) 280M->199M(490M) 36,662ms
[2019-04-15T13:57:37.219+0200][939,378s] GC(2126) User=0,06s Sys=0,00s Real=0,04s
[2019-04-15T13:57:37.356+0200][939,515s] GC(2127) Pause Young (Allocation Failure)
[2019-04-15T13:57:37.356+0200][939,515s] GC(2127) Using 4 workers of 4 for evacuation
[2019-04-15T13:57:37.371+0200][939,530s] GC(2127) ParNew: 108320K->20553K(109248K)
[2019-04-15T13:57:37.371+0200][939,530s] GC(2127) CMS: 183339K->183342K(393216K)
[2019-04-15T13:57:37.371+0200][939,530s] GC(2127) Metaspace: 95292K->95292K(1136640K)
[2019-04-15T13:57:37.371+0200][939,530s] GC(2127) Pause Young (Allocation Failure) 284M->199M(490M) 15,090ms
[2019-04-15T13:57:37.371+0200][939,530s] GC(2127) User=0,04s Sys=0,00s Real=0,01s
[2019-04-15T13:57:38.015+0200][940,174s] GC(2128) Pause Young (Allocation Failure)
[2019-04-15T13:57:38.015+0200][940,174s] GC(2128) Using 4 workers of 4 for evacuation
[2019-04-15T13:57:38.063+0200][940,222s] GC(2128) ParNew: 107977K->21824K(109248K)
[2019-04-15T13:57:38.063+0200][940,222s] GC(2128) CMS: 183342K->183846K(393216K)
[2019-04-15T13:57:38.063+0200][940,222s] GC(2128) Metaspace: 95293K->95293K(1136640K)
[2019-04-15T13:57:38.063+0200][940,222s] GC(2128) Pause Young (Allocation Failure) 284M->200M(490M) 48,218ms
[2019-04-15T13:57:38.063+0200][940,222s] GC(2128) User=0,06s Sys=0,00s Real=0,04s
[2019-04-15T13:57:38.355+0200][940,514s] GC(2129) Pause Young (Allocation Failure)
[2019-04-15T13:57:38.355+0200][940,514s] GC(2129) Using 4 workers of 4 for evacuation
[2019-04-15T13:57:38.380+0200][940,539s] GC(2129) ParNew: 109248K->15912K(109248K)
[2019-04-15T13:57:38.380+0200][940,539s] GC(2129) CMS: 183846K->192958K(393216K)
[2019-04-15T13:57:38.380+0200][940,539s] GC(2129) Metaspace: 95293K->95293K(1136640K)
[2019-04-15T13:57:38.380+0200][940,539s] GC(2129) Pause Young (Allocation Failure) 286M->203M(490M) 25,289ms
[2019-04-15T13:57:38.380+0200][940,539s] GC(2129) User=0,04s Sys=0,00s Real=0,02s
[2019-04-15T13:57:39.106+0200][941,265s] GC(2130) Pause Young (Allocation Failure)
[2019-04-15T13:57:39.106+0200][941,265s] GC(2130) Using 4 workers of 4 for evacuation
[2019-04-15T13:57:39.134+0200][941,293s] GC(2130) ParNew: 103336K->21824K(109248K)
[2019-04-15T13:57:39.134+0200][941,293s] GC(2130) CMS: 192958K->198627K(393216K)
[2019-04-15T13:57:39.134+0200][941,293s] GC(2130) Metaspace: 95295K->95295K(1136640K)
[2019-04-15T13:57:39.134+0200][941,293s] GC(2130) Pause Young (Allocation Failure) 289M->215M(490M) 27,854ms
[2019-04-15T13:57:39.134+0200][941,293s] GC(2130) User=0,04s Sys=0,00s Real=0,03s
[2019-04-15T13:57:39.134+0200][941,293s] GC(2131) Pause Initial Mark
[2019-04-15T13:57:39.136+0200][941,295s] GC(2131) Pause Initial Mark 216M->216M(490M) 1,516ms
[2019-04-15T13:57:39.136+0200][941,295s] GC(2131) User=0,01s Sys=0,00s Real=0,00s
[2019-04-15T13:57:39.136+0200][941,295s] GC(2131) Concurrent Mark
[2019-04-15T13:57:39.136+0200][941,295s] GC(2131) Using 4 workers of 4 for marking
[2019-04-15T13:57:39.265+0200][941,424s] GC(2131) Concurrent Mark 129,165ms
[2019-04-15T13:57:39.265+0200][941,424s] GC(2131) User=0,21s Sys=0,00s Real=0,12s
[2019-04-15T13:57:39.265+0200][941,424s] GC(2131) Concurrent Preclean
[2019-04-15T13:57:39.266+0200][941,425s] GC(2131) Concurrent Preclean 1,596ms
[2019-04-15T13:57:39.267+0200][941,425s] GC(2131) User=0,00s Sys=0,00s Real=0,00s
[2019-04-15T13:57:39.267+0200][941,425s] GC(2131) Concurrent Abortable Preclean
[2019-04-15T13:57:39.428+0200][941,587s] GC(2132) Pause Young (Allocation Failure)
[2019-04-15T13:57:39.428+0200][941,587s] GC(2132) Using 4 workers of 4 for evacuation
[2019-04-15T13:57:39.457+0200][941,616s] GC(2132) ParNew: 109248K->21824K(109248K)
[2019-04-15T13:57:39.457+0200][941,616s] GC(2132) CMS: 198627K->206387K(393216K)
[2019-04-15T13:57:39.457+0200][941,616s] GC(2132) Metaspace: 95299K->95299K(1136640K)
[2019-04-15T13:57:39.457+0200][941,616s] GC(2132) Pause Young (Allocation Failure) 300M->222M(490M) 28,812ms
[2019-04-15T13:57:39.457+0200][941,616s] GC(2132) User=0,04s Sys=0,00s Real=0,03s
[2019-04-15T13:57:39.698+0200][941,857s] GC(2131) Concurrent Abortable Preclean 431,715ms
[2019-04-15T13:57:39.699+0200][941,857s] GC(2131) User=0,35s Sys=0,01s Real=0,43s
[2019-04-15T13:57:39.699+0200][941,858s] GC(2131) Pause Remark
[2019-04-15T13:57:39.699+0200][941,858s] GC(2133) Pause Young (CMS Final Remark)
[2019-04-15T13:57:39.699+0200][941,858s] GC(2133) Using 4 workers of 4 for evacuation
[2019-04-15T13:57:39.754+0200][941,913s] GC(2133) ParNew: 95996K->20489K(109248K)
[2019-04-15T13:57:39.755+0200][941,914s] GC(2133) CMS: 206387K->222357K(393216K)
[2019-04-15T13:57:39.755+0200][941,914s] GC(2133) Metaspace: 95299K->95299K(1136640K)
[2019-04-15T13:57:39.755+0200][941,914s] GC(2133) Pause Young (CMS Final Remark) 295M->237M(490M) 55,767ms
[2019-04-15T13:57:39.755+0200][941,914s] GC(2133) User=0,05s Sys=0,00s Real=0,06s
[2019-04-15T13:57:40.033+0200][942,192s] GC(2131) Pause Remark 295M->237M(490M) 333,982ms
[2019-04-15T13:57:40.033+0200][942,192s] GC(2131) User=0,20s Sys=0,00s Real=0,34s
[2019-04-15T13:57:40.043+0200][942,202s] GC(2131) Concurrent Sweep
[2019-04-15T13:57:40.305+0200][942,464s] GC(2134) Pause Young (Allocation Failure)
[2019-04-15T13:57:40.308+0200][942,467s] GC(2134) Using 4 workers of 4 for evacuation
[2019-04-15T13:57:40.328+0200][942,486s] GC(2134) ParNew: 107913K->10433K(109248K)
[2019-04-15T13:57:40.328+0200][942,486s] GC(2134) CMS: 198801K->198801K(393216K)
[2019-04-15T13:57:40.328+0200][942,487s] GC(2134) Metaspace: 95299K->95299K(1136640K)
[2019-04-15T13:57:40.328+0200][942,487s] GC(2134) Pause Young (Allocation Failure) 299M->204M(490M) 22,509ms
[2019-04-15T13:57:40.328+0200][942,487s] GC(2134) User=0,03s Sys=0,00s Real=0,02s
[2019-04-15T13:57:40.334+0200][942,493s] GC(2131) Concurrent Sweep 290,808ms
[2019-04-15T13:57:40.334+0200][942,493s] GC(2131) User=0,27s Sys=0,00s Real=0,30s
[2019-04-15T13:57:40.334+0200][942,493s] GC(2131) Concurrent Reset
[2019-04-15T13:57:40.335+0200][942,494s] GC(2131) Concurrent Reset 0,408ms
[2019-04-15T13:57:40.335+0200][942,494s] GC(2131) User=0,00s Sys=0,00s Real=0,00s
[2019-04-15T13:57:40.335+0200][942,494s] GC(2131) Old: 198627K->167122K(393216K)
[2019-04-15T13:57:40.511+0200][942,670s] GC(2135) Pause Young (Allocation Failure)
[2019-04-15T13:57:40.511+0200][942,670s] GC(2135) Using 4 workers of 4 for evacuation
[2019-04-15T13:57:40.535+0200][942,694s] GC(2135) ParNew: 97857K->8840K(109248K)
[2019-04-15T13:57:40.535+0200][942,694s] GC(2135) CMS: 167122K->167122K(393216K)
[2019-04-15T13:57:40.535+0200][942,694s] GC(2135) Metaspace: 95299K->95299K(1136640K)
[2019-04-15T13:57:40.535+0200][942,694s] GC(2135) Pause Young (Allocation Failure) 258M->171M(490M) 24,684ms
[2019-04-15T13:57:40.535+0200][942,694s] GC(2135) User=0,06s Sys=0,00s Real=0,03s
[2019-04-15T13:57:40.712+0200][942,871s] GC(2136) Pause Young (Allocation Failure)
[2019-04-15T13:57:40.712+0200][942,871s] GC(2136) Using 4 workers of 4 for evacuation
[2019-04-15T13:57:40.731+0200][942,890s] GC(2136) ParNew: 96264K->9848K(109248K)
[2019-04-15T13:57:40.731+0200][942,890s] GC(2136) CMS: 167122K->167122K(393216K)
[2019-04-15T13:57:40.731+0200][942,890s] GC(2136) Metaspace: 95299K->95299K(1136640K)
[2019-04-15T13:57:40.731+0200][942,890s] GC(2136) Pause Young (Allocation Failure) 257M->172M(490M) 18,600ms
[2019-04-15T13:57:40.731+0200][942,890s] GC(2136) User=0,03s Sys=0,00s Real=0,02s
[2019-04-15T13:57:40.963+0200][943,122s] GC(2137) Pause Young (Allocation Failure)
[2019-04-15T13:57:40.964+0200][943,123s] GC(2137) Using 4 workers of 4 for evacuation
[2019-04-15T13:57:41.001+0200][943,160s] GC(2137) ParNew: 97272K->16699K(109248K)
[2019-04-15T13:57:41.001+0200][943,160s] GC(2137) CMS: 167122K->167122K(393216K)
[2019-04-15T13:57:41.001+0200][943,160s] GC(2137) Metaspace: 95299K->95299K(1136640K)
[2019-04-15T13:57:41.001+0200][943,160s] GC(2137) Pause Young (Allocation Failure) 258M->179M(490M) 37,742ms
[2019-04-15T13:57:41.001+0200][943,160s] GC(2137) User=0,04s Sys=0,01s Real=0,04s
[2019-04-15T13:57:41.242+0200][943,401s] GC(2138) Pause Young (Allocation Failure)
[2019-04-15T13:57:41.242+0200][943,401s] GC(2138) Using 4 workers of 4 for evacuation
[2019-04-15T13:57:41.287+0200][943,446s] GC(2138) ParNew: 104123K->14677K(109248K)
[2019-04-15T13:57:41.287+0200][943,446s] GC(2138) CMS: 167122K->167122K(393216K)
[2019-04-15T13:57:41.287+0200][943,446s] GC(2138) Metaspace: 95299K->95299K(1136640K)
[2019-04-15T13:57:41.287+0200][943,446s] GC(2138) Pause Young (Allocation Failure) 264M->177M(490M) 44,685ms
[2019-04-15T13:57:41.287+0200][943,446s] GC(2138) User=0,04s Sys=0,01s Real=0,05s
[2019-04-15T13:57:41.509+0200][943,668s] GC(2139) Pause Young (Allocation Failure)
[2019-04-15T13:57:41.510+0200][943,668s] GC(2139) Using 4 workers of 4 for evacuation
[2019-04-15T13:57:41.534+0200][943,693s] GC(2139) ParNew: 102101K->18641K(109248K)
[2019-04-15T13:57:41.534+0200][943,693s] GC(2139) CMS: 167122K->167122K(393216K)
[2019-04-15T13:57:41.534+0200][943,693s] GC(2139) Metaspace: 95299K->95299K(1136640K)
[2019-04-15T13:57:41.534+0200][943,693s] GC(2139) Pause Young (Allocation Failure) 262M->181M(490M) 24,241ms
[2019-04-15T13:57:41.534+0200][943,693s] GC(2139) User=0,04s Sys=0,00s Real=0,03s
[2019-04-15T13:57:41.743+0200][943,902s] GC(2140) Pause Young (Allocation Failure)
[2019-04-15T13:57:41.744+0200][943,903s] GC(2140) Using 4 workers of 4 for evacuation
[2019-04-15T13:57:41.781+0200][943,940s] GC(2140) ParNew: 106065K->9162K(109248K)
[2019-04-15T13:57:41.781+0200][943,940s] GC(2140) CMS: 167122K->172497K(393216K)
[2019-04-15T13:57:41.781+0200][943,940s] GC(2140) Metaspace: 95299K->95299K(1136640K)
[2019-04-15T13:57:41.781+0200][943,940s] GC(2140) Pause Young (Allocation Failure) 266M->177M(490M) 37,242ms
[2019-04-15T13:57:41.781+0200][943,940s] GC(2140) User=0,04s Sys=0,00s Real=0,04s
[2019-04-15T13:57:41.898+0200][944,057s] GC(2141) Pause Young (Allocation Failure)
[2019-04-15T13:57:41.898+0200][944,057s] GC(2141) Using 4 workers of 4 for evacuation
[2019-04-15T13:57:41.931+0200][944,090s] GC(2141) ParNew: 96586K->3999K(109248K)
[2019-04-15T13:57:41.931+0200][944,090s] GC(2141) CMS: 172497K->172843K(393216K)
[2019-04-15T13:57:41.931+0200][944,090s] GC(2141) Metaspace: 95299K->95299K(1136640K)
[2019-04-15T13:57:41.931+0200][944,090s] GC(2141) Pause Young (Allocation Failure) 262M->172M(490M) 33,196ms
[2019-04-15T13:57:41.931+0200][944,090s] GC(2141) User=0,02s Sys=0,00s Real=0,03s
[2019-04-15T13:57:42.108+0200][944,267s] GC(2142) Pause Young (Allocation Failure)
[2019-04-15T13:57:42.108+0200][944,267s] GC(2142) Using 4 workers of 4 for evacuation
[2019-04-15T13:57:42.147+0200][944,306s] GC(2142) ParNew: 91423K->3053K(109248K)
[2019-04-15T13:57:42.147+0200][944,306s] GC(2142) CMS: 172843K->172851K(393216K)
[2019-04-15T13:57:42.147+0200][944,306s] GC(2142) Metaspace: 95299K->95299K(1136640K)
[2019-04-15T13:57:42.147+0200][944,306s] GC(2142) Pause Young (Allocation Failure) 258M->171M(490M) 39,205ms
[2019-04-15T13:57:42.147+0200][944,306s] GC(2142) User=0,04s Sys=0,00s Real=0,04s
[2019-04-15T13:57:42.336+0200][944,495s] GC(2143) Pause Young (Allocation Failure)
[2019-04-15T13:57:42.336+0200][944,495s] GC(2143) Using 4 workers of 4 for evacuation
[2019-04-15T13:57:42.374+0200][944,533s] GC(2143) ParNew: 90477K->6273K(109248K)
[2019-04-15T13:57:42.374+0200][944,533s] GC(2143) CMS: 172851K->172965K(393216K)
[2019-04-15T13:57:42.374+0200][944,533s] GC(2143) Metaspace: 95303K->95303K(1136640K)
[2019-04-15T13:57:42.374+0200][944,533s] GC(2143) Pause Young (Allocation Failure) 257M->175M(490M) 37,346ms
[2019-04-15T13:57:42.374+0200][944,533s] GC(2143) User=0,05s Sys=0,00s Real=0,04s
[2019-04-15T13:57:42.555+0200][944,714s] GC(2144) Pause Young (Allocation Failure)
[2019-04-15T13:57:42.555+0200][944,714s] GC(2144) Using 4 workers of 4 for evacuation
[2019-04-15T13:57:42.585+0200][944,744s] GC(2144) ParNew: 93697K->7040K(109248K)
[2019-04-15T13:57:42.585+0200][944,744s] GC(2144) CMS: 172965K->173088K(393216K)
[2019-04-15T13:57:42.585+0200][944,744s] GC(2144) Metaspace: 95306K->95306K(1136640K)
[2019-04-15T13:57:42.585+0200][944,744s] GC(2144) Pause Young (Allocation Failure) 260M->175M(490M) 29,998ms
[2019-04-15T13:57:42.585+0200][944,744s] GC(2144) User=0,03s Sys=0,00s Real=0,03s
[2019-04-15T13:57:42.895+0200][945,054s] GC(2145) Pause Young (Allocation Failure)
[2019-04-15T13:57:42.895+0200][945,054s] GC(2145) Using 4 workers of 4 for evacuation
[2019-04-15T13:57:42.909+0200][945,068s] GC(2145) ParNew: 94464K->10316K(109248K)
[2019-04-15T13:57:42.909+0200][945,068s] GC(2145) CMS: 173088K->173108K(393216K)
[2019-04-15T13:57:42.909+0200][945,068s] GC(2145) Metaspace: 95306K->95306K(1136640K)
[2019-04-15T13:57:42.909+0200][945,068s] GC(2145) Pause Young (Allocation Failure) 261M->179M(490M) 13,560ms
[2019-04-15T13:57:42.909+0200][945,068s] GC(2145) User=0,02s Sys=0,00s Real=0,01s
[2019-04-15T13:57:43.202+0200][945,361s] GC(2146) Pause Young (Allocation Failure)
[2019-04-15T13:57:43.202+0200][945,361s] GC(2146) Using 4 workers of 4 for evacuation
[2019-04-15T13:57:43.228+0200][945,387s] GC(2146) ParNew: 97740K->12087K(109248K)
[2019-04-15T13:57:43.228+0200][945,387s] GC(2146) CMS: 173108K->173108K(393216K)
[2019-04-15T13:57:43.228+0200][945,387s] GC(2146) Metaspace: 95306K->95306K(1136640K)
[2019-04-15T13:57:43.228+0200][945,387s] GC(2146) Pause Young (Allocation Failure) 264M->180M(490M) 26,284ms
[2019-04-15T13:57:43.228+0200][945,387s] GC(2146) User=0,02s Sys=0,00s Real=0,03s
[2019-04-15T13:57:43.492+0200][945,651s] GC(2147) Pause Young (Allocation Failure)
[2019-04-15T13:57:43.492+0200][945,651s] GC(2147) Using 4 workers of 4 for evacuation
[2019-04-15T13:57:43.515+0200][945,674s] GC(2147) ParNew: 99511K->14623K(109248K)
[2019-04-15T13:57:43.515+0200][945,674s] GC(2147) CMS: 173108K->173168K(393216K)
[2019-04-15T13:57:43.515+0200][945,674s] GC(2147) Metaspace: 95306K->95306K(1136640K)
[2019-04-15T13:57:43.515+0200][945,674s] GC(2147) Pause Young (Allocation Failure) 266M->183M(490M) 23,694ms
[2019-04-15T13:57:43.515+0200][945,674s] GC(2147) User=0,04s Sys=0,00s Real=0,03s
[2019-04-15T13:57:43.724+0200][945,883s] GC(2148) Pause Young (Allocation Failure)
[2019-04-15T13:57:43.724+0200][945,883s] GC(2148) Using 4 workers of 4 for evacuation
[2019-04-15T13:57:43.744+0200][945,903s] GC(2148) ParNew: 102047K->9289K(109248K)
[2019-04-15T13:57:43.744+0200][945,903s] GC(2148) CMS: 173168K->174294K(393216K)
[2019-04-15T13:57:43.744+0200][945,903s] GC(2148) Metaspace: 95306K->95306K(1136640K)
[2019-04-15T13:57:43.744+0200][945,903s] GC(2148) Pause Young (Allocation Failure) 268M->179M(490M) 20,091ms
[2019-04-15T13:57:43.744+0200][945,903s] GC(2148) User=0,03s Sys=0,00s Real=0,02s
[2019-04-15T13:57:43.913+0200][946,071s] GC(2149) Pause Young (Allocation Failure)
[2019-04-15T13:57:43.913+0200][946,072s] GC(2149) Using 4 workers of 4 for evacuation
[2019-04-15T13:57:43.925+0200][946,084s] GC(2149) ParNew: 96713K->8409K(109248K)
[2019-04-15T13:57:43.925+0200][946,084s] GC(2149) CMS: 174294K->174352K(393216K)
[2019-04-15T13:57:43.925+0200][946,084s] GC(2149) Metaspace: 95306K->95306K(1136640K)
[2019-04-15T13:57:43.925+0200][946,084s] GC(2149) Pause Young (Allocation Failure) 264M->178M(490M) 12,832ms
[2019-04-15T13:57:43.925+0200][946,084s] GC(2149) User=0,02s Sys=0,00s Real=0,02s
[2019-04-15T13:57:44.088+0200][946,247s] GC(2150) Pause Young (Allocation Failure)
[2019-04-15T13:57:44.088+0200][946,247s] GC(2150) Using 4 workers of 4 for evacuation
[2019-04-15T13:57:44.100+0200][946,259s] GC(2150) ParNew: 95833K->6324K(109248K)
[2019-04-15T13:57:44.100+0200][946,259s] GC(2150) CMS: 174352K->174377K(393216K)
[2019-04-15T13:57:44.100+0200][946,259s] GC(2150) Metaspace: 95306K->95306K(1136640K)
[2019-04-15T13:57:44.100+0200][946,259s] GC(2150) Pause Young (Allocation Failure) 263M->176M(490M) 11,496ms
[2019-04-15T13:57:44.100+0200][946,259s] GC(2150) User=0,02s Sys=0,00s Real=0,01s
[2019-04-15T13:57:44.268+0200][946,427s] GC(2151) Pause Young (Allocation Failure)
[2019-04-15T13:57:44.268+0200][946,427s] GC(2151) Using 4 workers of 4 for evacuation
[2019-04-15T13:57:44.300+0200][946,459s] GC(2151) ParNew: 93748K->4837K(109248K)
[2019-04-15T13:57:44.300+0200][946,459s] GC(2151) CMS: 174377K->174949K(393216K)
[2019-04-15T13:57:44.300+0200][946,459s] GC(2151) Metaspace: 95306K->95306K(1136640K)
[2019-04-15T13:57:44.300+0200][946,459s] GC(2151) Pause Young (Allocation Failure) 261M->175M(490M) 32,008ms
[2019-04-15T13:57:44.300+0200][946,459s] GC(2151) User=0,06s Sys=0,00s Real=0,03s
[2019-04-15T13:57:44.482+0200][946,641s] GC(2152) Pause Young (Allocation Failure)
[2019-04-15T13:57:44.482+0200][946,641s] GC(2152) Using 4 workers of 4 for evacuation
[2019-04-15T13:57:44.528+0200][946,687s] GC(2152) ParNew: 92261K->5664K(109248K)
[2019-04-15T13:57:44.528+0200][946,687s] GC(2152) CMS: 174949K->176027K(393216K)
[2019-04-15T13:57:44.528+0200][946,687s] GC(2152) Metaspace: 95306K->95306K(1136640K)
[2019-04-15T13:57:44.528+0200][946,687s] GC(2152) Pause Young (Allocation Failure) 260M->177M(490M) 45,845ms
[2019-04-15T13:57:44.528+0200][946,687s] GC(2152) User=0,06s Sys=0,00s Real=0,05s
[2019-04-15T13:57:44.678+0200][946,837s] GC(2153) Pause Young (Allocation Failure)
[2019-04-15T13:57:44.678+0200][946,837s] GC(2153) Using 4 workers of 4 for evacuation
[2019-04-15T13:57:44.713+0200][946,872s] GC(2153) ParNew: 93088K->3726K(109248K)
[2019-04-15T13:57:44.713+0200][946,872s] GC(2153) CMS: 176027K->176037K(393216K)
[2019-04-15T13:57:44.713+0200][946,872s] GC(2153) Metaspace: 95306K->95306K(1136640K)
[2019-04-15T13:57:44.713+0200][946,872s] GC(2153) Pause Young (Allocation Failure) 262M->175M(490M) 35,514ms
[2019-04-15T13:57:44.713+0200][946,872s] GC(2153) User=0,03s Sys=0,01s Real=0,04s
[2019-04-15T13:57:44.851+0200][947,010s] GC(2154) Pause Young (Allocation Failure)
[2019-04-15T13:57:44.851+0200][947,010s] GC(2154) Using 4 workers of 4 for evacuation
[2019-04-15T13:57:44.881+0200][947,040s] GC(2154) ParNew: 91150K->3634K(109248K)
[2019-04-15T13:57:44.881+0200][947,040s] GC(2154) CMS: 176037K->176037K(393216K)
[2019-04-15T13:57:44.881+0200][947,040s] GC(2154) Metaspace: 95306K->95306K(1136640K)
[2019-04-15T13:57:44.881+0200][947,040s] GC(2154) Pause Young (Allocation Failure) 260M->175M(490M) 29,999ms
[2019-04-15T13:57:44.881+0200][947,040s] GC(2154) User=0,04s Sys=0,00s Real=0,03s
[2019-04-15T13:57:45.010+0200][947,169s] GC(2155) Pause Young (Allocation Failure)
[2019-04-15T13:57:45.010+0200][947,169s] GC(2155) Using 4 workers of 4 for evacuation
[2019-04-15T13:57:45.032+0200][947,191s] GC(2155) ParNew: 91058K->4231K(109248K)
[2019-04-15T13:57:45.032+0200][947,191s] GC(2155) CMS: 176037K->176065K(393216K)
[2019-04-15T13:57:45.032+0200][947,191s] GC(2155) Metaspace: 95306K->95306K(1136640K)
[2019-04-15T13:57:45.032+0200][947,191s] GC(2155) Pause Young (Allocation Failure) 260M->176M(490M) 21,524ms
[2019-04-15T13:57:45.032+0200][947,191s] GC(2155) User=0,03s Sys=0,00s Real=0,02s
[2019-04-15T13:57:45.195+0200][947,354s] GC(2156) Pause Young (Allocation Failure)
[2019-04-15T13:57:45.195+0200][947,354s] GC(2156) Using 4 workers of 4 for evacuation
[2019-04-15T13:57:45.212+0200][947,371s] GC(2156) ParNew: 91655K->5258K(109248K)
[2019-04-15T13:57:45.212+0200][947,371s] GC(2156) CMS: 176065K->176065K(393216K)
[2019-04-15T13:57:45.212+0200][947,371s] GC(2156) Metaspace: 95306K->95306K(1136640K)
[2019-04-15T13:57:45.212+0200][947,371s] GC(2156) Pause Young (Allocation Failure) 261M->177M(490M) 17,299ms
[2019-04-15T13:57:45.212+0200][947,371s] GC(2156) User=0,03s Sys=0,00s Real=0,01s
[2019-04-15T13:57:45.349+0200][947,508s] GC(2157) Pause Young (Allocation Failure)
[2019-04-15T13:57:45.349+0200][947,508s] GC(2157) Using 4 workers of 4 for evacuation
[2019-04-15T13:57:45.359+0200][947,518s] GC(2157) ParNew: 92682K->5387K(109248K)
[2019-04-15T13:57:45.359+0200][947,518s] GC(2157) CMS: 176065K->176069K(393216K)
[2019-04-15T13:57:45.359+0200][947,518s] GC(2157) Metaspace: 95306K->95306K(1136640K)
[2019-04-15T13:57:45.359+0200][947,518s] GC(2157) Pause Young (Allocation Failure) 262M->177M(490M) 9,448ms
[2019-04-15T13:57:45.359+0200][947,518s] GC(2157) User=0,02s Sys=0,00s Real=0,01s
[2019-04-15T13:57:45.496+0200][947,655s] GC(2158) Pause Young (Allocation Failure)
[2019-04-15T13:57:45.496+0200][947,655s] GC(2158) Using 4 workers of 4 for evacuation
[2019-04-15T13:57:45.503+0200][947,662s] GC(2158) ParNew: 92811K->4721K(109248K)
[2019-04-15T13:57:45.503+0200][947,662s] GC(2158) CMS: 176069K->176102K(393216K)
[2019-04-15T13:57:45.503+0200][947,662s] GC(2158) Metaspace: 95306K->95306K(1136640K)
[2019-04-15T13:57:45.503+0200][947,662s] GC(2158) Pause Young (Allocation Failure) 262M->176M(490M) 7,226ms
[2019-04-15T13:57:45.503+0200][947,662s] GC(2158) User=0,02s Sys=0,00s Real=0,00s
[2019-04-15T13:57:45.639+0200][947,798s] GC(2159) Pause Young (Allocation Failure)
[2019-04-15T13:57:45.639+0200][947,798s] GC(2159) Using 4 workers of 4 for evacuation
[2019-04-15T13:57:45.661+0200][947,820s] GC(2159) ParNew: 92145K->4333K(109248K)
[2019-04-15T13:57:45.661+0200][947,820s] GC(2159) CMS: 176102K->176162K(393216K)
[2019-04-15T13:57:45.661+0200][947,820s] GC(2159) Metaspace: 95306K->95306K(1136640K)
[2019-04-15T13:57:45.661+0200][947,820s] GC(2159) Pause Young (Allocation Failure) 261M->176M(490M) 22,268ms
[2019-04-15T13:57:45.661+0200][947,820s] GC(2159) User=0,04s Sys=0,00s Real=0,02s
[2019-04-15T13:57:45.814+0200][947,973s] GC(2160) Pause Young (Allocation Failure)
[2019-04-15T13:57:45.814+0200][947,973s] GC(2160) Using 4 workers of 4 for evacuation
[2019-04-15T13:57:45.827+0200][947,986s] GC(2160) ParNew: 91757K->3570K(109248K)
[2019-04-15T13:57:45.827+0200][947,986s] GC(2160) CMS: 176162K->178215K(393216K)
[2019-04-15T13:57:45.827+0200][947,986s] GC(2160) Metaspace: 95306K->95306K(1136640K)
[2019-04-15T13:57:45.828+0200][947,986s] GC(2160) Pause Young (Allocation Failure) 261M->177M(490M) 13,428ms
[2019-04-15T13:57:45.828+0200][947,986s] GC(2160) User=0,01s Sys=0,00s Real=0,01s
[2019-04-15T13:57:46.059+0200][948,218s] GC(2161) Pause Young (Allocation Failure)
[2019-04-15T13:57:46.059+0200][948,218s] GC(2161) Using 4 workers of 4 for evacuation
[2019-04-15T13:57:46.071+0200][948,230s] GC(2161) ParNew: 90994K->4640K(109248K)
[2019-04-15T13:57:46.071+0200][948,230s] GC(2161) CMS: 178215K->178272K(393216K)
[2019-04-15T13:57:46.071+0200][948,230s] GC(2161) Metaspace: 95306K->95306K(1136640K)
[2019-04-15T13:57:46.071+0200][948,230s] GC(2161) Pause Young (Allocation Failure) 262M->178M(490M) 12,372ms
[2019-04-15T13:57:46.071+0200][948,230s] GC(2161) User=0,02s Sys=0,00s Real=0,01s
[2019-04-15T13:57:46.253+0200][948,412s] GC(2162) Pause Young (Allocation Failure)
[2019-04-15T13:57:46.253+0200][948,412s] GC(2162) Using 4 workers of 4 for evacuation
[2019-04-15T13:57:46.279+0200][948,438s] GC(2162) ParNew: 92064K->5499K(109248K)
[2019-04-15T13:57:46.279+0200][948,438s] GC(2162) CMS: 178272K->178276K(393216K)
[2019-04-15T13:57:46.279+0200][948,438s] GC(2162) Metaspace: 95306K->95306K(1136640K)
[2019-04-15T13:57:46.279+0200][948,438s] GC(2162) Pause Young (Allocation Failure) 264M->179M(490M) 26,422ms
[2019-04-15T13:57:46.279+0200][948,438s] GC(2162) User=0,04s Sys=0,00s Real=0,03s
[2019-04-15T13:57:46.451+0200][948,610s] GC(2163) Pause Young (Allocation Failure)
[2019-04-15T13:57:46.451+0200][948,610s] GC(2163) Using 4 workers of 4 for evacuation
[2019-04-15T13:57:46.465+0200][948,624s] GC(2163) ParNew: 92923K->3419K(109248K)
[2019-04-15T13:57:46.465+0200][948,624s] GC(2163) CMS: 178276K->178317K(393216K)
[2019-04-15T13:57:46.465+0200][948,624s] GC(2163) Metaspace: 95306K->95306K(1136640K)
[2019-04-15T13:57:46.465+0200][948,624s] GC(2163) Pause Young (Allocation Failure) 264M->177M(490M) 14,269ms
[2019-04-15T13:57:46.465+0200][948,624s] GC(2163) User=0,02s Sys=0,00s Real=0,02s
[2019-04-15T13:57:46.599+0200][948,758s] GC(2164) Pause Young (Allocation Failure)
[2019-04-15T13:57:46.599+0200][948,758s] GC(2164) Using 4 workers of 4 for evacuation
[2019-04-15T13:57:46.612+0200][948,771s] GC(2164) ParNew: 90843K->2060K(109248K)
[2019-04-15T13:57:46.612+0200][948,771s] GC(2164) CMS: 178317K->178318K(393216K)
[2019-04-15T13:57:46.612+0200][948,771s] GC(2164) Metaspace: 95306K->95306K(1136640K)
[2019-04-15T13:57:46.612+0200][948,771s] GC(2164) Pause Young (Allocation Failure) 262M->176M(490M) 13,604ms
[2019-04-15T13:57:46.612+0200][948,771s] GC(2164) User=0,02s Sys=0,00s Real=0,01s
[2019-04-15T13:57:46.717+0200][948,876s] GC(2165) Pause Young (Allocation Failure)
[2019-04-15T13:57:46.717+0200][948,876s] GC(2165) Using 4 workers of 4 for evacuation
[2019-04-15T13:57:46.753+0200][948,911s] GC(2165) ParNew: 89484K->1740K(109248K)
[2019-04-15T13:57:46.753+0200][948,912s] GC(2165) CMS: 178318K->178320K(393216K)
[2019-04-15T13:57:46.753+0200][948,912s] GC(2165) Metaspace: 95306K->95306K(1136640K)
[2019-04-15T13:57:46.753+0200][948,912s] GC(2165) Pause Young (Allocation Failure) 261M->175M(490M) 35,546ms
[2019-04-15T13:57:46.753+0200][948,912s] GC(2165) User=0,05s Sys=0,00s Real=0,04s
[2019-04-15T13:57:47.192+0200][949,351s] GC(2166) Pause Young (Allocation Failure)
[2019-04-15T13:57:47.192+0200][949,351s] GC(2166) Using 4 workers of 4 for evacuation
[2019-04-15T13:57:47.248+0200][949,407s] GC(2166) ParNew: 89164K->21824K(109248K)
[2019-04-15T13:57:47.248+0200][949,407s] GC(2166) CMS: 178320K->188085K(393216K)
[2019-04-15T13:57:47.248+0200][949,407s] GC(2166) Metaspace: 95306K->95306K(1136640K)
[2019-04-15T13:57:47.248+0200][949,407s] GC(2166) Pause Young (Allocation Failure) 261M->204M(490M) 55,780ms
[2019-04-15T13:57:47.248+0200][949,407s] GC(2166) User=0,05s Sys=0,00s Real=0,06s
[2019-04-15T13:57:47.374+0200][949,533s] GC(2167) Pause Young (Allocation Failure)
[2019-04-15T13:57:47.374+0200][949,533s] GC(2167) Using 4 workers of 4 for evacuation
[2019-04-15T13:57:47.433+0200][949,592s] GC(2167) ParNew: 109248K->21824K(109248K)
[2019-04-15T13:57:47.433+0200][949,592s] GC(2167) CMS: 188085K->216448K(393216K)
[2019-04-15T13:57:47.433+0200][949,592s] GC(2167) Metaspace: 95306K->95306K(1136640K)
[2019-04-15T13:57:47.433+0200][949,592s] GC(2167) Pause Young (Allocation Failure) 290M->232M(490M) 59,241ms
[2019-04-15T13:57:47.433+0200][949,592s] GC(2167) User=0,07s Sys=0,00s Real=0,06s
[2019-04-15T13:57:47.437+0200][949,596s] GC(2168) Pause Initial Mark
[2019-04-15T13:57:47.442+0200][949,601s] GC(2168) Pause Initial Mark 238M->238M(490M) 4,689ms
[2019-04-15T13:57:47.442+0200][949,601s] GC(2168) User=0,01s Sys=0,00s Real=0,00s
[2019-04-15T13:57:47.442+0200][949,601s] GC(2168) Concurrent Mark
[2019-04-15T13:57:47.442+0200][949,601s] GC(2168) Using 4 workers of 4 for marking
[2019-04-15T13:57:47.530+0200][949,689s] GC(2168) Concurrent Mark 87,830ms
[2019-04-15T13:57:47.530+0200][949,689s] GC(2168) User=0,20s Sys=0,00s Real=0,09s
[2019-04-15T13:57:47.530+0200][949,689s] GC(2168) Concurrent Preclean
[2019-04-15T13:57:47.531+0200][949,690s] GC(2168) Concurrent Preclean 1,429ms
[2019-04-15T13:57:47.532+0200][949,690s] GC(2168) User=0,00s Sys=0,00s Real=0,00s
[2019-04-15T13:57:47.532+0200][949,691s] GC(2168) Concurrent Abortable Preclean
[2019-04-15T13:57:47.627+0200][949,786s] GC(2169) Pause Young (Allocation Failure)
[2019-04-15T13:57:47.627+0200][949,786s] GC(2169) Using 4 workers of 4 for evacuation
[2019-04-15T13:57:47.674+0200][949,833s] GC(2169) ParNew: 109248K->19076K(109248K)
[2019-04-15T13:57:47.674+0200][949,833s] GC(2169) CMS: 216448K->238143K(393216K)
[2019-04-15T13:57:47.674+0200][949,833s] GC(2169) Metaspace: 95306K->95306K(1136640K)
[2019-04-15T13:57:47.674+0200][949,833s] GC(2169) Pause Young (Allocation Failure) 318M->251M(490M) 46,385ms
[2019-04-15T13:57:47.674+0200][949,833s] GC(2169) User=0,07s Sys=0,00s Real=0,05s
[2019-04-15T13:57:47.781+0200][949,940s] GC(2170) Pause Young (Allocation Failure)
[2019-04-15T13:57:47.781+0200][949,940s] GC(2170) Using 4 workers of 4 for evacuation
[2019-04-15T13:57:47.804+0200][949,963s] GC(2168) Concurrent Abortable Preclean 272,762ms
[2019-04-15T13:57:47.805+0200][949,964s] GC(2168) User=0,38s Sys=0,00s Real=0,27s
[2019-04-15T13:57:47.807+0200][949,966s] GC(2170) ParNew: 106500K->6261K(109248K)
[2019-04-15T13:57:47.807+0200][949,966s] GC(2170) CMS: 238143K->238143K(393216K)
[2019-04-15T13:57:47.807+0200][949,966s] GC(2170) Metaspace: 95306K->95306K(1136640K)
[2019-04-15T13:57:47.807+0200][949,966s] GC(2170) Pause Young (Allocation Failure) 336M->238M(490M) 26,712ms
[2019-04-15T13:57:47.807+0200][949,966s] GC(2170) User=0,04s Sys=0,00s Real=0,03s
[2019-04-15T13:57:47.808+0200][949,967s] GC(2168) Pause Remark
[2019-04-15T13:57:47.808+0200][949,967s] GC(2171) Pause Young (CMS Final Remark)
[2019-04-15T13:57:47.808+0200][949,967s] GC(2171) Using 4 workers of 4 for evacuation
[2019-04-15T13:57:47.826+0200][949,985s] GC(2171) ParNew: 7829K->1890K(109248K)
[2019-04-15T13:57:47.827+0200][949,985s] GC(2171) CMS: 238143K->238143K(393216K)
[2019-04-15T13:57:47.827+0200][949,985s] GC(2171) Metaspace: 95306K->95306K(1136640K)
[2019-04-15T13:57:47.827+0200][949,985s] GC(2171) Pause Young (CMS Final Remark) 240M->234M(490M) 18,933ms
[2019-04-15T13:57:47.827+0200][949,985s] GC(2171) User=0,02s Sys=0,00s Real=0,02s
[2019-04-15T13:57:47.892+0200][950,051s] GC(2168) Pause Remark 240M->234M(490M) 84,168ms
[2019-04-15T13:57:47.892+0200][950,051s] GC(2168) User=0,10s Sys=0,00s Real=0,08s
[2019-04-15T13:57:47.893+0200][950,052s] GC(2168) Concurrent Sweep
[2019-04-15T13:57:48.013+0200][950,172s] GC(2168) Concurrent Sweep 119,885ms
[2019-04-15T13:57:48.013+0200][950,172s] GC(2168) User=0,19s Sys=0,00s Real=0,11s
[2019-04-15T13:57:48.013+0200][950,172s] GC(2168) Concurrent Reset
[2019-04-15T13:57:48.014+0200][950,173s] GC(2168) Concurrent Reset 0,827ms
[2019-04-15T13:57:48.015+0200][950,174s] GC(2168) User=0,00s Sys=0,00s Real=0,01s
[2019-04-15T13:57:48.015+0200][950,174s] GC(2168) Old: 216448K->178034K(393216K)
[2019-04-15T13:57:48.048+0200][950,207s] GC(2172) Pause Young (Allocation Failure)
[2019-04-15T13:57:48.048+0200][950,207s] GC(2172) Using 4 workers of 4 for evacuation
[2019-04-15T13:57:48.066+0200][950,225s] GC(2172) ParNew: 89314K->2895K(109248K)
[2019-04-15T13:57:48.067+0200][950,225s] GC(2172) CMS: 178034K->178034K(393216K)
[2019-04-15T13:57:48.067+0200][950,225s] GC(2172) Metaspace: 95306K->95306K(1136640K)
[2019-04-15T13:57:48.067+0200][950,226s] GC(2172) Pause Young (Allocation Failure) 261M->176M(490M) 18,327ms
[2019-04-15T13:57:48.067+0200][950,226s] GC(2172) User=0,02s Sys=0,00s Real=0,02s
[2019-04-15T13:57:48.210+0200][950,369s] GC(2173) Pause Young (Allocation Failure)
[2019-04-15T13:57:48.210+0200][950,369s] GC(2173) Using 4 workers of 4 for evacuation
[2019-04-15T13:57:48.220+0200][950,379s] GC(2173) ParNew: 90319K->3067K(109248K)
[2019-04-15T13:57:48.220+0200][950,379s] GC(2173) CMS: 178034K->178034K(393216K)
[2019-04-15T13:57:48.220+0200][950,379s] GC(2173) Metaspace: 95306K->95306K(1136640K)
[2019-04-15T13:57:48.220+0200][950,379s] GC(2173) Pause Young (Allocation Failure) 262M->176M(490M) 9,997ms
[2019-04-15T13:57:48.220+0200][950,379s] GC(2173) User=0,02s Sys=0,00s Real=0,01s
[2019-04-15T13:57:48.390+0200][950,549s] GC(2174) Pause Young (Allocation Failure)
[2019-04-15T13:57:48.390+0200][950,549s] GC(2174) Using 4 workers of 4 for evacuation
[2019-04-15T13:57:48.420+0200][950,579s] GC(2174) ParNew: 90491K->4858K(109248K)
[2019-04-15T13:57:48.421+0200][950,579s] GC(2174) CMS: 178034K->178034K(393216K)
[2019-04-15T13:57:48.421+0200][950,579s] GC(2174) Metaspace: 95306K->95306K(1136640K)
[2019-04-15T13:57:48.421+0200][950,579s] GC(2174) Pause Young (Allocation Failure) 262M->178M(490M) 30,116ms
[2019-04-15T13:57:48.421+0200][950,579s] GC(2174) User=0,05s Sys=0,00s Real=0,03s
[2019-04-15T13:57:48.577+0200][950,736s] GC(2175) Pause Young (Allocation Failure)
[2019-04-15T13:57:48.577+0200][950,736s] GC(2175) Using 4 workers of 4 for evacuation
[2019-04-15T13:57:48.611+0200][950,770s] GC(2175) ParNew: 92282K->3950K(109248K)
[2019-04-15T13:57:48.611+0200][950,770s] GC(2175) CMS: 178034K->178034K(393216K)
[2019-04-15T13:57:48.611+0200][950,770s] GC(2175) Metaspace: 95306K->95306K(1136640K)
[2019-04-15T13:57:48.611+0200][950,770s] GC(2175) Pause Young (Allocation Failure) 263M->177M(490M) 33,856ms
[2019-04-15T13:57:48.611+0200][950,770s] GC(2175) User=0,04s Sys=0,00s Real=0,03s
[2019-04-15T13:57:48.763+0200][950,922s] GC(2176) Pause Young (Allocation Failure)
[2019-04-15T13:57:48.763+0200][950,922s] GC(2176) Using 4 workers of 4 for evacuation
[2019-04-15T13:57:48.791+0200][950,950s] GC(2176) ParNew: 91374K->6882K(109248K)
[2019-04-15T13:57:48.791+0200][950,950s] GC(2176) CMS: 178034K->178034K(393216K)
[2019-04-15T13:57:48.791+0200][950,950s] GC(2176) Metaspace: 95306K->95306K(1136640K)
[2019-04-15T13:57:48.791+0200][950,950s] GC(2176) Pause Young (Allocation Failure) 263M->180M(490M) 27,502ms
[2019-04-15T13:57:48.791+0200][950,950s] GC(2176) User=0,03s Sys=0,00s Real=0,03s
[2019-04-15T13:57:48.962+0200][951,120s] GC(2177) Pause Young (Allocation Failure)
[2019-04-15T13:57:48.962+0200][951,121s] GC(2177) Using 4 workers of 4 for evacuation
[2019-04-15T13:57:48.982+0200][951,141s] GC(2177) ParNew: 94306K->7034K(109248K)
[2019-04-15T13:57:48.982+0200][951,141s] GC(2177) CMS: 178034K->178299K(393216K)
[2019-04-15T13:57:48.982+0200][951,141s] GC(2177) Metaspace: 95306K->95306K(1136640K)
[2019-04-15T13:57:48.982+0200][951,141s] GC(2177) Pause Young (Allocation Failure) 265M->180M(490M) 20,381ms
[2019-04-15T13:57:48.982+0200][951,141s] GC(2177) User=0,04s Sys=0,00s Real=0,02s
[2019-04-15T13:57:49.140+0200][951,299s] GC(2178) Pause Young (Allocation Failure)
[2019-04-15T13:57:49.140+0200][951,299s] GC(2178) Using 4 workers of 4 for evacuation
[2019-04-15T13:57:49.158+0200][951,317s] GC(2178) ParNew: 94458K->4130K(109248K)
[2019-04-15T13:57:49.158+0200][951,317s] GC(2178) CMS: 178299K->178685K(393216K)
[2019-04-15T13:57:49.158+0200][951,317s] GC(2178) Metaspace: 95306K->95306K(1136640K)
[2019-04-15T13:57:49.158+0200][951,317s] GC(2178) Pause Young (Allocation Failure) 266M->178M(490M) 17,830ms
[2019-04-15T13:57:49.158+0200][951,317s] GC(2178) User=0,04s Sys=0,00s Real=0,02s
[2019-04-15T13:57:49.307+0200][951,466s] GC(2179) Pause Young (Allocation Failure)
[2019-04-15T13:57:49.308+0200][951,466s] GC(2179) Using 4 workers of 4 for evacuation
[2019-04-15T13:57:49.327+0200][951,486s] GC(2179) ParNew: 91554K->7459K(109248K)
[2019-04-15T13:57:49.327+0200][951,486s] GC(2179) CMS: 178685K->178685K(393216K)
[2019-04-15T13:57:49.327+0200][951,486s] GC(2179) Metaspace: 95306K->95306K(1136640K)
[2019-04-15T13:57:49.327+0200][951,486s] GC(2179) Pause Young (Allocation Failure) 263M->181M(490M) 19,911ms
[2019-04-15T13:57:49.327+0200][951,486s] GC(2179) User=0,04s Sys=0,00s Real=0,02s
[2019-04-15T13:57:49.493+0200][951,652s] GC(2180) Pause Young (Allocation Failure)
[2019-04-15T13:57:49.494+0200][951,652s] GC(2180) Using 4 workers of 4 for evacuation
[2019-04-15T13:57:49.520+0200][951,679s] GC(2180) ParNew: 94883K->7197K(109248K)
[2019-04-15T13:57:49.520+0200][951,679s] GC(2180) CMS: 178685K->178868K(393216K)
[2019-04-15T13:57:49.520+0200][951,679s] GC(2180) Metaspace: 95306K->95306K(1136640K)
[2019-04-15T13:57:49.520+0200][951,679s] GC(2180) Pause Young (Allocation Failure) 267M->181M(490M) 26,399ms
[2019-04-15T13:57:49.520+0200][951,679s] GC(2180) User=0,03s Sys=0,00s Real=0,02s
[2019-04-15T13:57:49.692+0200][951,851s] GC(2181) Pause Young (Allocation Failure)
[2019-04-15T13:57:49.692+0200][951,851s] GC(2181) Using 4 workers of 4 for evacuation
[2019-04-15T13:57:49.741+0200][951,900s] GC(2181) ParNew: 94621K->4698K(109248K)
[2019-04-15T13:57:49.741+0200][951,900s] GC(2181) CMS: 178868K->178924K(393216K)
[2019-04-15T13:57:49.741+0200][951,900s] GC(2181) Metaspace: 95306K->95306K(1136640K)
[2019-04-15T13:57:49.741+0200][951,900s] GC(2181) Pause Young (Allocation Failure) 267M->179M(490M) 49,263ms
[2019-04-15T13:57:49.741+0200][951,900s] GC(2181) User=0,05s Sys=0,00s Real=0,05s
[2019-04-15T13:57:49.859+0200][952,018s] GC(2182) Pause Young (Allocation Failure)
[2019-04-15T13:57:49.859+0200][952,018s] GC(2182) Using 4 workers of 4 for evacuation
[2019-04-15T13:57:49.868+0200][952,027s] GC(2182) ParNew: 92122K->4207K(109248K)
[2019-04-15T13:57:49.868+0200][952,027s] GC(2182) CMS: 178924K->179171K(393216K)
[2019-04-15T13:57:49.868+0200][952,027s] GC(2182) Metaspace: 95306K->95306K(1136640K)
[2019-04-15T13:57:49.868+0200][952,027s] GC(2182) Pause Young (Allocation Failure) 264M->179M(490M) 9,138ms
[2019-04-15T13:57:49.868+0200][952,027s] GC(2182) User=0,02s Sys=0,00s Real=0,01s
[2019-04-15T13:57:49.973+0200][952,132s] GC(2183) Pause Young (Allocation Failure)
[2019-04-15T13:57:49.973+0200][952,132s] GC(2183) Using 4 workers of 4 for evacuation
[2019-04-15T13:57:49.989+0200][952,148s] GC(2183) ParNew: 91631K->4295K(109248K)
[2019-04-15T13:57:49.989+0200][952,148s] GC(2183) CMS: 179171K->179190K(393216K)
[2019-04-15T13:57:49.989+0200][952,148s] GC(2183) Metaspace: 95306K->95306K(1136640K)
[2019-04-15T13:57:49.989+0200][952,148s] GC(2183) Pause Young (Allocation Failure) 264M->179M(490M) 15,697ms
[2019-04-15T13:57:49.989+0200][952,148s] GC(2183) User=0,03s Sys=0,00s Real=0,01s
[2019-04-15T13:57:50.157+0200][952,316s] GC(2184) Pause Young (Allocation Failure)
[2019-04-15T13:57:50.157+0200][952,316s] GC(2184) Using 4 workers of 4 for evacuation
[2019-04-15T13:57:50.188+0200][952,347s] GC(2184) ParNew: 91719K->4248K(109248K)
[2019-04-15T13:57:50.188+0200][952,347s] GC(2184) CMS: 179190K->179193K(393216K)
[2019-04-15T13:57:50.188+0200][952,347s] GC(2184) Metaspace: 95306K->95306K(1136640K)
[2019-04-15T13:57:50.188+0200][952,347s] GC(2184) Pause Young (Allocation Failure) 264M->179M(490M) 31,471ms
[2019-04-15T13:57:50.188+0200][952,347s] GC(2184) User=0,03s Sys=0,00s Real=0,03s
[2019-04-15T13:57:50.416+0200][952,575s] GC(2185) Pause Young (Allocation Failure)
[2019-04-15T13:57:50.416+0200][952,575s] GC(2185) Using 4 workers of 4 for evacuation
[2019-04-15T13:57:50.439+0200][952,598s] GC(2185) ParNew: 91672K->4199K(109248K)
[2019-04-15T13:57:50.439+0200][952,598s] GC(2185) CMS: 179193K->179278K(393216K)
[2019-04-15T13:57:50.439+0200][952,598s] GC(2185) Metaspace: 95306K->95306K(1136640K)
[2019-04-15T13:57:50.439+0200][952,598s] GC(2185) Pause Young (Allocation Failure) 264M->179M(490M) 22,676ms
[2019-04-15T13:57:50.439+0200][952,598s] GC(2185) User=0,03s Sys=0,00s Real=0,02s
[2019-04-15T13:57:50.617+0200][952,776s] GC(2186) Pause Young (Allocation Failure)
[2019-04-15T13:57:50.617+0200][952,776s] GC(2186) Using 4 workers of 4 for evacuation
[2019-04-15T13:57:50.640+0200][952,799s] GC(2186) ParNew: 91623K->5045K(109248K)
[2019-04-15T13:57:50.640+0200][952,799s] GC(2186) CMS: 179278K->179346K(393216K)
[2019-04-15T13:57:50.640+0200][952,799s] GC(2186) Metaspace: 95306K->95306K(1136640K)
[2019-04-15T13:57:50.640+0200][952,799s] GC(2186) Pause Young (Allocation Failure) 264M->180M(490M) 23,715ms
[2019-04-15T13:57:50.640+0200][952,799s] GC(2186) User=0,03s Sys=0,00s Real=0,02s
[2019-04-15T13:57:50.788+0200][952,946s] GC(2187) Pause Young (Allocation Failure)
[2019-04-15T13:57:50.788+0200][952,947s] GC(2187) Using 4 workers of 4 for evacuation
[2019-04-15T13:57:50.809+0200][952,968s] GC(2187) ParNew: 92469K->3041K(109248K)
[2019-04-15T13:57:50.809+0200][952,968s] GC(2187) CMS: 179346K->181399K(393216K)
[2019-04-15T13:57:50.809+0200][952,968s] GC(2187) Metaspace: 95306K->95306K(1136640K)
[2019-04-15T13:57:50.809+0200][952,968s] GC(2187) Pause Young (Allocation Failure) 265M->180M(490M) 21,141ms
[2019-04-15T13:57:50.809+0200][952,968s] GC(2187) User=0,04s Sys=0,00s Real=0,02s
[2019-04-15T13:57:50.955+0200][953,114s] GC(2188) Pause Young (Allocation Failure)
[2019-04-15T13:57:50.955+0200][953,114s] GC(2188) Using 4 workers of 4 for evacuation
[2019-04-15T13:57:50.976+0200][953,135s] GC(2188) ParNew: 90465K->2113K(109248K)
[2019-04-15T13:57:50.976+0200][953,135s] GC(2188) CMS: 181399K->181403K(393216K)
[2019-04-15T13:57:50.976+0200][953,135s] GC(2188) Metaspace: 95306K->95306K(1136640K)
[2019-04-15T13:57:50.976+0200][953,135s] GC(2188) Pause Young (Allocation Failure) 265M->179M(490M) 21,719ms
[2019-04-15T13:57:50.976+0200][953,135s] GC(2188) User=0,03s Sys=0,00s Real=0,02s
[2019-04-15T13:57:51.132+0200][953,291s] GC(2189) Pause Young (Allocation Failure)
[2019-04-15T13:57:51.132+0200][953,291s] GC(2189) Using 4 workers of 4 for evacuation
[2019-04-15T13:57:51.150+0200][953,309s] GC(2189) ParNew: 89537K->1742K(109248K)
[2019-04-15T13:57:51.150+0200][953,309s] GC(2189) CMS: 181403K->181407K(393216K)
[2019-04-15T13:57:51.150+0200][953,309s] GC(2189) Metaspace: 95306K->95306K(1136640K)
[2019-04-15T13:57:51.150+0200][953,309s] GC(2189) Pause Young (Allocation Failure) 264M->178M(490M) 18,467ms
[2019-04-15T13:57:51.151+0200][953,309s] GC(2189) User=0,03s Sys=0,00s Real=0,02s
[2019-04-15T13:57:51.414+0200][953,573s] GC(2190) Pause Young (Allocation Failure)
[2019-04-15T13:57:51.414+0200][953,573s] GC(2190) Using 4 workers of 4 for evacuation
[2019-04-15T13:57:51.441+0200][953,600s] GC(2190) ParNew: 89166K->10470K(109248K)
[2019-04-15T13:57:51.441+0200][953,600s] GC(2190) CMS: 181407K->181441K(393216K)
[2019-04-15T13:57:51.441+0200][953,600s] GC(2190) Metaspace: 95306K->95306K(1136640K)
[2019-04-15T13:57:51.441+0200][953,600s] GC(2190) Pause Young (Allocation Failure) 264M->187M(490M) 26,704ms
[2019-04-15T13:57:51.441+0200][953,600s] GC(2190) User=0,04s Sys=0,00s Real=0,02s
[2019-04-15T13:57:51.671+0200][953,830s] GC(2191) Pause Young (Allocation Failure)
[2019-04-15T13:57:51.671+0200][953,830s] GC(2191) Using 4 workers of 4 for evacuation
[2019-04-15T13:57:51.700+0200][953,859s] GC(2191) ParNew: 97894K->13459K(109248K)
[2019-04-15T13:57:51.700+0200][953,859s] GC(2191) CMS: 181441K->181465K(393216K)
[2019-04-15T13:57:51.700+0200][953,859s] GC(2191) Metaspace: 95306K->95306K(1136640K)
[2019-04-15T13:57:51.700+0200][953,859s] GC(2191) Pause Young (Allocation Failure) 272M->190M(490M) 29,004ms
[2019-04-15T13:57:51.700+0200][953,859s] GC(2191) User=0,03s Sys=0,00s Real=0,03s
[2019-04-15T13:57:52.025+0200][954,184s] GC(2192) Pause Young (Allocation Failure)
[2019-04-15T13:57:52.025+0200][954,184s] GC(2192) Using 4 workers of 4 for evacuation
[2019-04-15T13:57:52.050+0200][954,209s] GC(2192) ParNew: 100883K->12463K(109248K)
[2019-04-15T13:57:52.050+0200][954,209s] GC(2192) CMS: 181465K->181471K(393216K)
[2019-04-15T13:57:52.050+0200][954,209s] GC(2192) Metaspace: 95306K->95306K(1136640K)
[2019-04-15T13:57:52.050+0200][954,209s] GC(2192) Pause Young (Allocation Failure) 275M->189M(490M) 25,249ms
[2019-04-15T13:57:52.050+0200][954,209s] GC(2192) User=0,04s Sys=0,00s Real=0,02s
[2019-04-15T13:57:52.364+0200][954,523s] GC(2193) Pause Young (Allocation Failure)
[2019-04-15T13:57:52.364+0200][954,523s] GC(2193) Using 4 workers of 4 for evacuation
[2019-04-15T13:57:52.405+0200][954,564s] GC(2193) ParNew: 99887K->14997K(109248K)
[2019-04-15T13:57:52.405+0200][954,564s] GC(2193) CMS: 181471K->181480K(393216K)
[2019-04-15T13:57:52.405+0200][954,564s] GC(2193) Metaspace: 95306K->95306K(1136640K)
[2019-04-15T13:57:52.405+0200][954,564s] GC(2193) Pause Young (Allocation Failure) 274M->191M(490M) 41,101ms
[2019-04-15T13:57:52.405+0200][954,564s] GC(2193) User=0,04s Sys=0,00s Real=0,05s
[2019-04-15T13:57:52.592+0200][954,751s] GC(2194) Pause Young (Allocation Failure)
[2019-04-15T13:57:52.592+0200][954,751s] GC(2194) Using 4 workers of 4 for evacuation
[2019-04-15T13:57:52.627+0200][954,786s] GC(2194) ParNew: 102421K->10785K(109248K)
[2019-04-15T13:57:52.627+0200][954,786s] GC(2194) CMS: 181480K->181483K(393216K)
[2019-04-15T13:57:52.627+0200][954,786s] GC(2194) Metaspace: 95308K->95308K(1136640K)
[2019-04-15T13:57:52.628+0200][954,787s] GC(2194) Pause Young (Allocation Failure) 277M->187M(490M) 35,177ms
[2019-04-15T13:57:52.628+0200][954,787s] GC(2194) User=0,05s Sys=0,00s Real=0,04s
[2019-04-15T13:57:52.786+0200][954,945s] GC(2195) Pause Young (Allocation Failure)
[2019-04-15T13:57:52.787+0200][954,945s] GC(2195) Using 4 workers of 4 for evacuation
[2019-04-15T13:57:52.805+0200][954,964s] GC(2195) ParNew: 98209K->7721K(109248K)
[2019-04-15T13:57:52.805+0200][954,964s] GC(2195) CMS: 181483K->181487K(393216K)
[2019-04-15T13:57:52.805+0200][954,964s] GC(2195) Metaspace: 95308K->95308K(1136640K)
[2019-04-15T13:57:52.805+0200][954,964s] GC(2195) Pause Young (Allocation Failure) 273M->184M(490M) 18,400ms
[2019-04-15T13:57:52.805+0200][954,964s] GC(2195) User=0,02s Sys=0,00s Real=0,01s
[2019-04-15T13:57:53.000+0200][955,159s] GC(2196) Pause Young (Allocation Failure)
[2019-04-15T13:57:53.000+0200][955,159s] GC(2196) Using 4 workers of 4 for evacuation
[2019-04-15T13:57:53.014+0200][955,173s] GC(2196) ParNew: 95145K->5541K(109248K)
[2019-04-15T13:57:53.014+0200][955,173s] GC(2196) CMS: 181487K->181512K(393216K)
[2019-04-15T13:57:53.014+0200][955,173s] GC(2196) Metaspace: 95308K->95308K(1136640K)
[2019-04-15T13:57:53.014+0200][955,173s] GC(2196) Pause Young (Allocation Failure) 270M->182M(490M) 14,083ms
[2019-04-15T13:57:53.014+0200][955,173s] GC(2196) User=0,03s Sys=0,00s Real=0,02s
[2019-04-15T13:57:53.224+0200][955,382s] GC(2197) Pause Young (Allocation Failure)
[2019-04-15T13:57:53.224+0200][955,383s] GC(2197) Using 4 workers of 4 for evacuation
[2019-04-15T13:57:53.241+0200][955,400s] GC(2197) ParNew: 92965K->5542K(109248K)
[2019-04-15T13:57:53.241+0200][955,400s] GC(2197) CMS: 181512K->181540K(393216K)
[2019-04-15T13:57:53.241+0200][955,400s] GC(2197) Metaspace: 95308K->95308K(1136640K)
[2019-04-15T13:57:53.241+0200][955,400s] GC(2197) Pause Young (Allocation Failure) 268M->182M(490M) 17,968ms
[2019-04-15T13:57:53.242+0200][955,400s] GC(2197) User=0,02s Sys=0,00s Real=0,02s
[2019-04-15T13:57:53.482+0200][955,641s] GC(2198) Pause Young (Allocation Failure)
[2019-04-15T13:57:53.482+0200][955,641s] GC(2198) Using 4 workers of 4 for evacuation
[2019-04-15T13:57:53.505+0200][955,663s] GC(2198) ParNew: 92966K->8205K(109248K)
[2019-04-15T13:57:53.505+0200][955,663s] GC(2198) CMS: 181540K->181541K(393216K)
[2019-04-15T13:57:53.505+0200][955,664s] GC(2198) Metaspace: 95308K->95308K(1136640K)
[2019-04-15T13:57:53.505+0200][955,664s] GC(2198) Pause Young (Allocation Failure) 268M->185M(490M) 22,869ms
[2019-04-15T13:57:53.505+0200][955,664s] GC(2198) User=0,03s Sys=0,00s Real=0,02s
[2019-04-15T13:57:53.646+0200][955,805s] GC(2199) Pause Young (Allocation Failure)
[2019-04-15T13:57:53.646+0200][955,805s] GC(2199) Using 4 workers of 4 for evacuation
[2019-04-15T13:57:53.680+0200][955,839s] GC(2199) ParNew: 95629K->6900K(109248K)
[2019-04-15T13:57:53.680+0200][955,839s] GC(2199) CMS: 181541K->181541K(393216K)
[2019-04-15T13:57:53.680+0200][955,839s] GC(2199) Metaspace: 95308K->95308K(1136640K)
[2019-04-15T13:57:53.680+0200][955,839s] GC(2199) Pause Young (Allocation Failure) 270M->184M(490M) 33,547ms
[2019-04-15T13:57:53.680+0200][955,839s] GC(2199) User=0,03s Sys=0,00s Real=0,03s
[2019-04-15T13:57:53.764+0200][955,923s] GC(2200) Pause Young (Allocation Failure)
[2019-04-15T13:57:53.764+0200][955,923s] GC(2200) Using 4 workers of 4 for evacuation
[2019-04-15T13:57:53.773+0200][955,932s] GC(2200) ParNew: 94324K->5733K(109248K)
[2019-04-15T13:57:53.773+0200][955,932s] GC(2200) CMS: 181541K->181541K(393216K)
[2019-04-15T13:57:53.773+0200][955,932s] GC(2200) Metaspace: 95308K->95308K(1136640K)
[2019-04-15T13:57:53.773+0200][955,932s] GC(2200) Pause Young (Allocation Failure) 269M->182M(490M) 9,261ms
[2019-04-15T13:57:53.773+0200][955,932s] GC(2200) User=0,03s Sys=0,00s Real=0,02s
[2019-04-15T13:57:53.895+0200][956,054s] GC(2201) Pause Young (Allocation Failure)
[2019-04-15T13:57:53.895+0200][956,054s] GC(2201) Using 4 workers of 4 for evacuation
[2019-04-15T13:57:53.933+0200][956,092s] GC(2201) ParNew: 93157K->7580K(109248K)
[2019-04-15T13:57:53.933+0200][956,092s] GC(2201) CMS: 181541K->181555K(393216K)
[2019-04-15T13:57:53.933+0200][956,092s] GC(2201) Metaspace: 95308K->95308K(1136640K)
[2019-04-15T13:57:53.933+0200][956,092s] GC(2201) Pause Young (Allocation Failure) 268M->184M(490M) 37,894ms
[2019-04-15T13:57:53.933+0200][956,092s] GC(2201) User=0,08s Sys=0,00s Real=0,04s
[2019-04-15T13:57:54.202+0200][956,361s] GC(2202) Pause Young (Allocation Failure)
[2019-04-15T13:57:54.202+0200][956,361s] GC(2202) Using 4 workers of 4 for evacuation
[2019-04-15T13:57:54.231+0200][956,390s] GC(2202) ParNew: 95004K->3936K(109248K)
[2019-04-15T13:57:54.232+0200][956,390s] GC(2202) CMS: 181555K->185679K(393216K)
[2019-04-15T13:57:54.232+0200][956,390s] GC(2202) Metaspace: 95308K->95308K(1136640K)
[2019-04-15T13:57:54.232+0200][956,391s] GC(2202) Pause Young (Allocation Failure) 270M->185M(490M) 29,468ms
[2019-04-15T13:57:54.232+0200][956,391s] GC(2202) User=0,03s Sys=0,00s Real=0,03s
[2019-04-15T13:57:54.405+0200][956,564s] GC(2203) Pause Young (Allocation Failure)
[2019-04-15T13:57:54.405+0200][956,564s] GC(2203) Using 4 workers of 4 for evacuation
[2019-04-15T13:57:54.440+0200][956,599s] GC(2203) ParNew: 91360K->3304K(109248K)
[2019-04-15T13:57:54.440+0200][956,599s] GC(2203) CMS: 185679K->185684K(393216K)
[2019-04-15T13:57:54.440+0200][956,599s] GC(2203) Metaspace: 95308K->95308K(1136640K)
[2019-04-15T13:57:54.440+0200][956,599s] GC(2203) Pause Young (Allocation Failure) 270M->184M(490M) 34,903ms
[2019-04-15T13:57:54.440+0200][956,599s] GC(2203) User=0,06s Sys=0,00s Real=0,04s
[2019-04-15T13:57:54.721+0200][956,880s] GC(2204) Pause Young (Allocation Failure)
[2019-04-15T13:57:54.721+0200][956,880s] GC(2204) Using 4 workers of 4 for evacuation
[2019-04-15T13:57:54.758+0200][956,917s] GC(2204) ParNew: 90728K->3892K(109248K)
[2019-04-15T13:57:54.758+0200][956,917s] GC(2204) CMS: 185684K->185685K(393216K)
[2019-04-15T13:57:54.758+0200][956,917s] GC(2204) Metaspace: 95308K->95308K(1136640K)
[2019-04-15T13:57:54.758+0200][956,917s] GC(2204) Pause Young (Allocation Failure) 269M->185M(490M) 37,123ms
[2019-04-15T13:57:54.758+0200][956,917s] GC(2204) User=0,05s Sys=0,00s Real=0,04s
[2019-04-15T13:57:54.961+0200][957,120s] GC(2205) Pause Young (Allocation Failure)
[2019-04-15T13:57:54.961+0200][957,120s] GC(2205) Using 4 workers of 4 for evacuation
[2019-04-15T13:57:54.983+0200][957,142s] GC(2205) ParNew: 91316K->7796K(109248K)
[2019-04-15T13:57:54.983+0200][957,142s] GC(2205) CMS: 185685K->185687K(393216K)
[2019-04-15T13:57:54.983+0200][957,142s] GC(2205) Metaspace: 95308K->95308K(1136640K)
[2019-04-15T13:57:54.983+0200][957,142s] GC(2205) Pause Young (Allocation Failure) 270M->188M(490M) 22,641ms
[2019-04-15T13:57:54.983+0200][957,142s] GC(2205) User=0,04s Sys=0,00s Real=0,02s
[2019-04-15T13:57:55.204+0200][957,363s] GC(2206) Pause Young (Allocation Failure)
[2019-04-15T13:57:55.204+0200][957,363s] GC(2206) Using 4 workers of 4 for evacuation
[2019-04-15T13:57:55.212+0200][957,371s] GC(2206) ParNew: 95220K->5003K(109248K)
[2019-04-15T13:57:55.212+0200][957,371s] GC(2206) CMS: 185687K->185689K(393216K)
[2019-04-15T13:57:55.212+0200][957,371s] GC(2206) Metaspace: 95308K->95308K(1136640K)
[2019-04-15T13:57:55.212+0200][957,371s] GC(2206) Pause Young (Allocation Failure) 274M->186M(490M) 7,870ms
[2019-04-15T13:57:55.212+0200][957,371s] GC(2206) User=0,02s Sys=0,00s Real=0,01s
[2019-04-15T13:57:55.440+0200][957,599s] GC(2207) Pause Young (Allocation Failure)
[2019-04-15T13:57:55.440+0200][957,599s] GC(2207) Using 4 workers of 4 for evacuation
[2019-04-15T13:57:55.449+0200][957,608s] GC(2207) ParNew: 92427K->2896K(109248K)
[2019-04-15T13:57:55.449+0200][957,608s] GC(2207) CMS: 185689K->185691K(393216K)
[2019-04-15T13:57:55.449+0200][957,608s] GC(2207) Metaspace: 95308K->95308K(1136640K)
[2019-04-15T13:57:55.449+0200][957,608s] GC(2207) Pause Young (Allocation Failure) 271M->184M(490M) 8,922ms
[2019-04-15T13:57:55.449+0200][957,608s] GC(2207) User=0,02s Sys=0,00s Real=0,01s
[2019-04-15T13:57:55.715+0200][957,874s] GC(2208) Pause Young (Allocation Failure)
[2019-04-15T13:57:55.715+0200][957,874s] GC(2208) Using 4 workers of 4 for evacuation
[2019-04-15T13:57:55.728+0200][957,887s] GC(2208) ParNew: 90320K->1870K(109248K)
[2019-04-15T13:57:55.728+0200][957,887s] GC(2208) CMS: 185691K->185691K(393216K)
[2019-04-15T13:57:55.728+0200][957,887s] GC(2208) Metaspace: 95308K->95308K(1136640K)
[2019-04-15T13:57:55.728+0200][957,887s] GC(2208) Pause Young (Allocation Failure) 269M->183M(490M) 13,206ms
[2019-04-15T13:57:55.728+0200][957,887s] GC(2208) User=0,02s Sys=0,00s Real=0,01s
[2019-04-15T13:57:56.029+0200][958,188s] GC(2209) Pause Young (Allocation Failure)
[2019-04-15T13:57:56.029+0200][958,188s] GC(2209) Using 4 workers of 4 for evacuation
[2019-04-15T13:57:56.036+0200][958,195s] GC(2209) ParNew: 89294K->1650K(109248K)
[2019-04-15T13:57:56.036+0200][958,195s] GC(2209) CMS: 185691K->185692K(393216K)
[2019-04-15T13:57:56.036+0200][958,195s] GC(2209) Metaspace: 95308K->95308K(1136640K)
[2019-04-15T13:57:56.036+0200][958,195s] GC(2209) Pause Young (Allocation Failure) 268M->182M(490M) 6,326ms
[2019-04-15T13:57:56.036+0200][958,195s] GC(2209) User=0,02s Sys=0,00s Real=0,01s
[2019-04-15T13:57:56.293+0200][958,452s] GC(2210) Pause Young (Allocation Failure)
[2019-04-15T13:57:56.293+0200][958,452s] GC(2210) Using 4 workers of 4 for evacuation
[2019-04-15T13:57:56.302+0200][958,461s] GC(2210) ParNew: 89074K->1988K(109248K)
[2019-04-15T13:57:56.302+0200][958,461s] GC(2210) CMS: 185692K->185709K(393216K)
[2019-04-15T13:57:56.302+0200][958,461s] GC(2210) Metaspace: 95308K->95308K(1136640K)
[2019-04-15T13:57:56.302+0200][958,461s] GC(2210) Pause Young (Allocation Failure) 268M->183M(490M) 8,978ms
[2019-04-15T13:57:56.302+0200][958,461s] GC(2210) User=0,02s Sys=0,00s Real=0,01s
[2019-04-15T13:57:56.487+0200][958,646s] GC(2211) Pause Young (Allocation Failure)
[2019-04-15T13:57:56.487+0200][958,646s] GC(2211) Using 4 workers of 4 for evacuation
[2019-04-15T13:57:56.506+0200][958,665s] GC(2211) ParNew: 89412K->2689K(109248K)
[2019-04-15T13:57:56.506+0200][958,665s] GC(2211) CMS: 185709K->185712K(393216K)
[2019-04-15T13:57:56.506+0200][958,665s] GC(2211) Metaspace: 95308K->95308K(1136640K)
[2019-04-15T13:57:56.506+0200][958,665s] GC(2211) Pause Young (Allocation Failure) 268M->183M(490M) 19,054ms
[2019-04-15T13:57:56.506+0200][958,665s] GC(2211) User=0,03s Sys=0,00s Real=0,02s
[2019-04-15T13:57:56.665+0200][958,823s] GC(2212) Pause Young (Allocation Failure)
[2019-04-15T13:57:56.665+0200][958,824s] GC(2212) Using 4 workers of 4 for evacuation
[2019-04-15T13:57:56.682+0200][958,841s] GC(2212) ParNew: 90113K->1710K(109248K)
[2019-04-15T13:57:56.682+0200][958,841s] GC(2212) CMS: 185712K->185713K(393216K)
[2019-04-15T13:57:56.683+0200][958,841s] GC(2212) Metaspace: 95308K->95308K(1136640K)
[2019-04-15T13:57:56.683+0200][958,841s] GC(2212) Pause Young (Allocation Failure) 269M->183M(490M) 18,005ms
[2019-04-15T13:57:56.683+0200][958,841s] GC(2212) User=0,03s Sys=0,00s Real=0,02s
[2019-04-15T13:57:57.005+0200][959,164s] GC(2213) Pause Young (Allocation Failure)
[2019-04-15T13:57:57.005+0200][959,164s] GC(2213) Using 4 workers of 4 for evacuation
[2019-04-15T13:57:57.014+0200][959,173s] GC(2213) ParNew: 89134K->2537K(109248K)
[2019-04-15T13:57:57.014+0200][959,173s] GC(2213) CMS: 185713K->185715K(393216K)
[2019-04-15T13:57:57.014+0200][959,173s] GC(2213) Metaspace: 95308K->95308K(1136640K)
[2019-04-15T13:57:57.015+0200][959,173s] GC(2213) Pause Young (Allocation Failure) 268M->183M(490M) 9,143ms
[2019-04-15T13:57:57.015+0200][959,173s] GC(2213) User=0,02s Sys=0,00s Real=0,01s
[2019-04-15T13:57:57.240+0200][959,399s] GC(2214) Pause Young (Allocation Failure)
[2019-04-15T13:57:57.240+0200][959,399s] GC(2214) Using 4 workers of 4 for evacuation
[2019-04-15T13:57:57.256+0200][959,415s] GC(2214) ParNew: 89961K->3962K(109248K)
[2019-04-15T13:57:57.257+0200][959,415s] GC(2214) CMS: 185715K->185715K(393216K)
[2019-04-15T13:57:57.257+0200][959,415s] GC(2214) Metaspace: 95308K->95308K(1136640K)
[2019-04-15T13:57:57.257+0200][959,415s] GC(2214) Pause Young (Allocation Failure) 269M->185M(490M) 16,298ms
[2019-04-15T13:57:57.257+0200][959,415s] GC(2214) User=0,02s Sys=0,00s Real=0,02s
[2019-04-15T13:57:57.511+0200][959,670s] GC(2215) Pause Young (Allocation Failure)
[2019-04-15T13:57:57.511+0200][959,670s] GC(2215) Using 4 workers of 4 for evacuation
[2019-04-15T13:57:57.532+0200][959,691s] GC(2215) ParNew: 91386K->7894K(109248K)
[2019-04-15T13:57:57.533+0200][959,691s] GC(2215) CMS: 185715K->185719K(393216K)
[2019-04-15T13:57:57.533+0200][959,691s] GC(2215) Metaspace: 95308K->95308K(1136640K)
[2019-04-15T13:57:57.533+0200][959,691s] GC(2215) Pause Young (Allocation Failure) 270M->189M(490M) 21,865ms
[2019-04-15T13:57:57.533+0200][959,691s] GC(2215) User=0,04s Sys=0,00s Real=0,02s
[2019-04-15T13:57:57.849+0200][960,008s] GC(2216) Pause Young (Allocation Failure)
[2019-04-15T13:57:57.849+0200][960,008s] GC(2216) Using 4 workers of 4 for evacuation
[2019-04-15T13:57:57.863+0200][960,022s] GC(2216) ParNew: 95318K->8165K(109248K)
[2019-04-15T13:57:57.863+0200][960,022s] GC(2216) CMS: 185719K->185740K(393216K)
[2019-04-15T13:57:57.863+0200][960,022s] GC(2216) Metaspace: 95308K->95308K(1136640K)
[2019-04-15T13:57:57.863+0200][960,022s] GC(2216) Pause Young (Allocation Failure) 274M->189M(490M) 14,434ms
[2019-04-15T13:57:57.863+0200][960,022s] GC(2216) User=0,03s Sys=0,00s Real=0,01s
[2019-04-15T13:57:58.062+0200][960,221s] GC(2217) Pause Young (Allocation Failure)
[2019-04-15T13:57:58.062+0200][960,221s] GC(2217) Using 4 workers of 4 for evacuation
[2019-04-15T13:57:58.069+0200][960,228s] GC(2217) ParNew: 95589K->2555K(109248K)
[2019-04-15T13:57:58.069+0200][960,228s] GC(2217) CMS: 185740K->185744K(393216K)
[2019-04-15T13:57:58.069+0200][960,228s] GC(2217) Metaspace: 95308K->95308K(1136640K)
[2019-04-15T13:57:58.069+0200][960,228s] GC(2217) Pause Young (Allocation Failure) 274M->183M(490M) 7,034ms
[2019-04-15T13:57:58.069+0200][960,228s] GC(2217) User=0,02s Sys=0,00s Real=0,01s
[2019-04-15T13:57:58.327+0200][960,486s] GC(2218) Pause Young (Allocation Failure)
[2019-04-15T13:57:58.327+0200][960,486s] GC(2218) Using 4 workers of 4 for evacuation
[2019-04-15T13:57:58.337+0200][960,495s] GC(2218) ParNew: 89979K->1487K(109248K)
[2019-04-15T13:57:58.337+0200][960,495s] GC(2218) CMS: 185744K->185765K(393216K)
[2019-04-15T13:57:58.337+0200][960,495s] GC(2218) Metaspace: 95308K->95308K(1136640K)
[2019-04-15T13:57:58.337+0200][960,496s] GC(2218) Pause Young (Allocation Failure) 269M->182M(490M) 9,990ms
[2019-04-15T13:57:58.337+0200][960,496s] GC(2218) User=0,02s Sys=0,00s Real=0,01s
[2019-04-15T13:57:58.985+0200][961,144s] GC(2219) Pause Young (Allocation Failure)
[2019-04-15T13:57:58.985+0200][961,144s] GC(2219) Using 4 workers of 4 for evacuation
[2019-04-15T13:57:59.015+0200][961,174s] GC(2219) ParNew: 88911K->10835K(109248K)
[2019-04-15T13:57:59.015+0200][961,174s] GC(2219) CMS: 185765K->185770K(393216K)
[2019-04-15T13:57:59.015+0200][961,174s] GC(2219) Metaspace: 95308K->95308K(1136640K)
[2019-04-15T13:57:59.015+0200][961,174s] GC(2219) Pause Young (Allocation Failure) 268M->191M(490M) 29,638ms
[2019-04-15T13:57:59.015+0200][961,174s] GC(2219) User=0,03s Sys=0,00s Real=0,03s
[2019-04-15T13:57:59.283+0200][961,442s] GC(2220) Pause Young (Allocation Failure)
[2019-04-15T13:57:59.283+0200][961,442s] GC(2220) Using 4 workers of 4 for evacuation
[2019-04-15T13:57:59.321+0200][961,480s] GC(2220) ParNew: 98259K->16545K(109248K)
[2019-04-15T13:57:59.321+0200][961,480s] GC(2220) CMS: 185770K->185774K(393216K)
[2019-04-15T13:57:59.321+0200][961,480s] GC(2220) Metaspace: 95308K->95308K(1136640K)
[2019-04-15T13:57:59.321+0200][961,480s] GC(2220) Pause Young (Allocation Failure) 277M->197M(490M) 37,512ms
[2019-04-15T13:57:59.321+0200][961,480s] GC(2220) User=0,06s Sys=0,00s Real=0,04s
[2019-04-15T13:57:59.438+0200][961,597s] GC(2221) Pause Young (Allocation Failure)
[2019-04-15T13:57:59.438+0200][961,597s] GC(2221) Using 4 workers of 4 for evacuation
[2019-04-15T13:57:59.478+0200][961,637s] GC(2221) ParNew: 103969K->19574K(109248K)
[2019-04-15T13:57:59.478+0200][961,637s] GC(2221) CMS: 185774K->185775K(393216K)
[2019-04-15T13:57:59.478+0200][961,637s] GC(2221) Metaspace: 95308K->95308K(1136640K)
[2019-04-15T13:57:59.478+0200][961,637s] GC(2221) Pause Young (Allocation Failure) 282M->200M(490M) 40,853ms
[2019-04-15T13:57:59.478+0200][961,637s] GC(2221) User=0,04s Sys=0,00s Real=0,04s
[2019-04-15T13:57:59.708+0200][961,867s] GC(2222) Pause Young (Allocation Failure)
[2019-04-15T13:57:59.708+0200][961,867s] GC(2222) Using 4 workers of 4 for evacuation
[2019-04-15T13:57:59.754+0200][961,913s] GC(2222) ParNew: 106998K->15817K(109248K)
[2019-04-15T13:57:59.754+0200][961,913s] GC(2222) CMS: 185775K->185777K(393216K)
[2019-04-15T13:57:59.754+0200][961,913s] GC(2222) Metaspace: 95315K->95315K(1136640K)
[2019-04-15T13:57:59.754+0200][961,913s] GC(2222) Pause Young (Allocation Failure) 285M->196M(490M) 45,676ms
[2019-04-15T13:57:59.754+0200][961,913s] GC(2222) User=0,04s Sys=0,00s Real=0,05s
[2019-04-15T13:58:00.187+0200][962,346s] GC(2223) Pause Young (Allocation Failure)
[2019-04-15T13:58:00.187+0200][962,346s] GC(2223) Using 4 workers of 4 for evacuation
[2019-04-15T13:58:00.253+0200][962,412s] GC(2223) ParNew: 103241K->19693K(109248K)
[2019-04-15T13:58:00.253+0200][962,412s] GC(2223) CMS: 185777K->185795K(393216K)
[2019-04-15T13:58:00.253+0200][962,412s] GC(2223) Metaspace: 95315K->95315K(1136640K)
[2019-04-15T13:58:00.253+0200][962,412s] GC(2223) Pause Young (Allocation Failure) 282M->200M(490M) 65,628ms
[2019-04-15T13:58:00.253+0200][962,412s] GC(2223) User=0,04s Sys=0,00s Real=0,07s
[2019-04-15T13:58:00.834+0200][962,992s] GC(2224) Pause Young (Allocation Failure)
[2019-04-15T13:58:00.834+0200][962,993s] GC(2224) Using 4 workers of 4 for evacuation
[2019-04-15T13:58:00.887+0200][963,046s] GC(2224) ParNew: 107117K->21824K(109248K)
[2019-04-15T13:58:00.887+0200][963,046s] GC(2224) CMS: 185795K->185795K(393216K)
[2019-04-15T13:58:00.887+0200][963,046s] GC(2224) Metaspace: 95317K->95317K(1136640K)
[2019-04-15T13:58:00.888+0200][963,046s] GC(2224) Pause Young (Allocation Failure) 286M->202M(490M) 53,975ms
[2019-04-15T13:58:00.888+0200][963,046s] GC(2224) User=0,08s Sys=0,00s Real=0,05s
[2019-04-15T13:58:01.166+0200][963,325s] GC(2225) Pause Young (Allocation Failure)
[2019-04-15T13:58:01.166+0200][963,325s] GC(2225) Using 4 workers of 4 for evacuation
[2019-04-15T13:58:01.194+0200][963,352s] GC(2225) ParNew: 109248K->21824K(109248K)
[2019-04-15T13:58:01.194+0200][963,353s] GC(2225) CMS: 185795K->185831K(393216K)
[2019-04-15T13:58:01.194+0200][963,353s] GC(2225) Metaspace: 95317K->95317K(1136640K)
[2019-04-15T13:58:01.194+0200][963,353s] GC(2225) Pause Young (Allocation Failure) 288M->202M(490M) 27,553ms
[2019-04-15T13:58:01.194+0200][963,353s] GC(2225) User=0,04s Sys=0,00s Real=0,03s
[2019-04-15T13:58:01.517+0200][963,676s] GC(2226) Pause Young (Allocation Failure)
[2019-04-15T13:58:01.517+0200][963,676s] GC(2226) Using 4 workers of 4 for evacuation
[2019-04-15T13:58:01.549+0200][963,708s] GC(2226) ParNew: 109248K->21824K(109248K)
[2019-04-15T13:58:01.549+0200][963,708s] GC(2226) CMS: 185831K->185856K(393216K)
[2019-04-15T13:58:01.549+0200][963,708s] GC(2226) Metaspace: 95320K->95320K(1136640K)
[2019-04-15T13:58:01.549+0200][963,708s] GC(2226) Pause Young (Allocation Failure) 288M->202M(490M) 32,283ms
[2019-04-15T13:58:01.549+0200][963,708s] GC(2226) User=0,05s Sys=0,00s Real=0,03s
[2019-04-15T13:58:01.983+0200][964,142s] GC(2227) Pause Young (Allocation Failure)
[2019-04-15T13:58:01.983+0200][964,142s] GC(2227) Using 4 workers of 4 for evacuation
[2019-04-15T13:58:02.025+0200][964,184s] GC(2227) ParNew: 109193K->16871K(109248K)
[2019-04-15T13:58:02.025+0200][964,184s] GC(2227) CMS: 185856K->191323K(393216K)
[2019-04-15T13:58:02.025+0200][964,184s] GC(2227) Metaspace: 95320K->95320K(1136640K)
[2019-04-15T13:58:02.025+0200][964,184s] GC(2227) Pause Young (Allocation Failure) 288M->203M(490M) 41,391ms
[2019-04-15T13:58:02.025+0200][964,184s] GC(2227) User=0,06s Sys=0,00s Real=0,04s
[2019-04-15T13:58:02.202+0200][964,361s] GC(2228) Pause Young (Allocation Failure)
[2019-04-15T13:58:02.202+0200][964,361s] GC(2228) Using 4 workers of 4 for evacuation
[2019-04-15T13:58:02.237+0200][964,396s] GC(2228) ParNew: 104295K->21824K(109248K)
[2019-04-15T13:58:02.237+0200][964,396s] GC(2228) CMS: 191323K->209372K(393216K)
[2019-04-15T13:58:02.237+0200][964,396s] GC(2228) Metaspace: 95320K->95320K(1136640K)
[2019-04-15T13:58:02.237+0200][964,396s] GC(2228) Pause Young (Allocation Failure) 288M->225M(490M) 35,623ms
[2019-04-15T13:58:02.237+0200][964,396s] GC(2228) User=0,06s Sys=0,00s Real=0,04s
[2019-04-15T13:58:02.238+0200][964,397s] GC(2229) Pause Initial Mark
[2019-04-15T13:58:02.240+0200][964,399s] GC(2229) Pause Initial Mark 226M->226M(490M) 2,512ms
[2019-04-15T13:58:02.240+0200][964,399s] GC(2229) User=0,01s Sys=0,00s Real=0,00s
[2019-04-15T13:58:02.240+0200][964,399s] GC(2229) Concurrent Mark
[2019-04-15T13:58:02.240+0200][964,399s] GC(2229) Using 4 workers of 4 for marking
[2019-04-15T13:58:02.409+0200][964,568s] GC(2229) Concurrent Mark 168,677ms
[2019-04-15T13:58:02.409+0200][964,568s] GC(2229) User=0,34s Sys=0,00s Real=0,17s
[2019-04-15T13:58:02.409+0200][964,568s] GC(2229) Concurrent Preclean
[2019-04-15T13:58:02.411+0200][964,570s] GC(2229) Concurrent Preclean 2,336ms
[2019-04-15T13:58:02.411+0200][964,570s] GC(2229) User=0,00s Sys=0,00s Real=0,00s
[2019-04-15T13:58:02.411+0200][964,570s] GC(2229) Concurrent Abortable Preclean
[2019-04-15T13:58:02.488+0200][964,647s] GC(2230) Pause Young (Allocation Failure)
[2019-04-15T13:58:02.488+0200][964,647s] GC(2230) Using 4 workers of 4 for evacuation
[2019-04-15T13:58:02.519+0200][964,678s] GC(2229) Concurrent Abortable Preclean 107,730ms
[2019-04-15T13:58:02.519+0200][964,678s] GC(2229) User=0,21s Sys=0,01s Real=0,11s
[2019-04-15T13:58:02.541+0200][964,700s] GC(2230) ParNew: 109248K->21824K(109248K)
[2019-04-15T13:58:02.541+0200][964,700s] GC(2230) CMS: 209372K->219081K(393216K)
[2019-04-15T13:58:02.541+0200][964,700s] GC(2230) Metaspace: 95332K->95332K(1136640K)
[2019-04-15T13:58:02.541+0200][964,700s] GC(2230) Pause Young (Allocation Failure) 311M->235M(490M) 53,431ms
[2019-04-15T13:58:02.541+0200][964,700s] GC(2230) User=0,09s Sys=0,00s Real=0,05s
[2019-04-15T13:58:02.553+0200][964,712s] GC(2229) Pause Remark
[2019-04-15T13:58:02.553+0200][964,712s] GC(2231) Pause Young (CMS Final Remark)
[2019-04-15T13:58:02.553+0200][964,712s] GC(2231) Using 4 workers of 4 for evacuation
[2019-04-15T13:58:02.589+0200][964,748s] GC(2231) ParNew: 28540K->21824K(109248K)
[2019-04-15T13:58:02.589+0200][964,748s] GC(2231) CMS: 219081K->219081K(393216K)
[2019-04-15T13:58:02.589+0200][964,748s] GC(2231) Metaspace: 95332K->95332K(1136640K)
[2019-04-15T13:58:02.589+0200][964,748s] GC(2231) Pause Young (CMS Final Remark) 241M->235M(490M) 35,596ms
[2019-04-15T13:58:02.589+0200][964,748s] GC(2231) User=0,07s Sys=0,00s Real=0,03s
[2019-04-15T13:58:02.658+0200][964,817s] GC(2229) Pause Remark 241M->235M(490M) 105,042ms
[2019-04-15T13:58:02.658+0200][964,817s] GC(2229) User=0,16s Sys=0,00s Real=0,10s
[2019-04-15T13:58:02.659+0200][964,817s] GC(2229) Concurrent Sweep
[2019-04-15T13:58:02.766+0200][964,925s] GC(2229) Concurrent Sweep 107,382ms
[2019-04-15T13:58:02.766+0200][964,925s] GC(2229) User=0,25s Sys=0,00s Real=0,11s
[2019-04-15T13:58:02.766+0200][964,925s] GC(2229) Concurrent Reset
[2019-04-15T13:58:02.766+0200][964,925s] GC(2229) Concurrent Reset 0,412ms
[2019-04-15T13:58:02.766+0200][964,925s] GC(2229) User=0,00s Sys=0,00s Real=0,00s
[2019-04-15T13:58:02.766+0200][964,925s] GC(2229) Old: 209372K->165323K(393216K)
[2019-04-15T13:58:02.824+0200][964,983s] GC(2232) Pause Young (Allocation Failure)
[2019-04-15T13:58:02.824+0200][964,983s] GC(2232) Using 4 workers of 4 for evacuation
[2019-04-15T13:58:02.849+0200][965,008s] GC(2232) ParNew: 109248K->21824K(109248K)
[2019-04-15T13:58:02.849+0200][965,008s] GC(2232) CMS: 165323K->171775K(393216K)
[2019-04-15T13:58:02.849+0200][965,008s] GC(2232) Metaspace: 95335K->95335K(1136640K)
[2019-04-15T13:58:02.849+0200][965,008s] GC(2232) Pause Young (Allocation Failure) 268M->189M(490M) 25,472ms
[2019-04-15T13:58:02.849+0200][965,008s] GC(2232) User=0,06s Sys=0,00s Real=0,03s
[2019-04-15T13:58:02.945+0200][965,104s] GC(2233) Pause Young (Allocation Failure)
[2019-04-15T13:58:02.945+0200][965,104s] GC(2233) Using 4 workers of 4 for evacuation
[2019-04-15T13:58:02.995+0200][965,153s] GC(2233) ParNew: 109248K->21824K(109248K)
[2019-04-15T13:58:02.995+0200][965,153s] GC(2233) CMS: 171775K->182547K(393216K)
[2019-04-15T13:58:02.995+0200][965,153s] GC(2233) Metaspace: 95335K->95335K(1136640K)
[2019-04-15T13:58:02.995+0200][965,154s] GC(2233) Pause Young (Allocation Failure) 274M->199M(490M) 49,949ms
[2019-04-15T13:58:02.995+0200][965,154s] GC(2233) User=0,14s Sys=0,00s Real=0,06s
[2019-04-15T13:58:03.098+0200][965,257s] GC(2234) Pause Young (Allocation Failure)
[2019-04-15T13:58:03.098+0200][965,257s] GC(2234) Using 4 workers of 4 for evacuation
[2019-04-15T13:58:03.124+0200][965,283s] GC(2234) ParNew: 109248K->21824K(109248K)
[2019-04-15T13:58:03.125+0200][965,283s] GC(2234) CMS: 182547K->186289K(393216K)
[2019-04-15T13:58:03.125+0200][965,283s] GC(2234) Metaspace: 95335K->95335K(1136640K)
[2019-04-15T13:58:03.125+0200][965,283s] GC(2234) Pause Young (Allocation Failure) 284M->203M(490M) 26,106ms
[2019-04-15T13:58:03.125+0200][965,283s] GC(2234) User=0,06s Sys=0,00s Real=0,02s
[2019-04-15T13:58:03.247+0200][965,406s] GC(2235) Pause Young (Allocation Failure)
[2019-04-15T13:58:03.247+0200][965,406s] GC(2235) Using 4 workers of 4 for evacuation
[2019-04-15T13:58:03.286+0200][965,445s] GC(2235) ParNew: 109248K->21824K(109248K)
[2019-04-15T13:58:03.286+0200][965,445s] GC(2235) CMS: 186289K->195178K(393216K)
[2019-04-15T13:58:03.286+0200][965,445s] GC(2235) Metaspace: 95336K->95336K(1136640K)
[2019-04-15T13:58:03.286+0200][965,445s] GC(2235) Pause Young (Allocation Failure) 288M->211M(490M) 39,041ms
[2019-04-15T13:58:03.286+0200][965,445s] GC(2235) User=0,08s Sys=0,00s Real=0,04s
[2019-04-15T13:58:03.410+0200][965,569s] GC(2236) Pause Young (Allocation Failure)
[2019-04-15T13:58:03.410+0200][965,569s] GC(2236) Using 4 workers of 4 for evacuation
[2019-04-15T13:58:03.439+0200][965,598s] GC(2236) ParNew: 109248K->21824K(109248K)
[2019-04-15T13:58:03.439+0200][965,598s] GC(2236) CMS: 195178K->202420K(393216K)
[2019-04-15T13:58:03.439+0200][965,598s] GC(2236) Metaspace: 95336K->95336K(1136640K)
[2019-04-15T13:58:03.439+0200][965,598s] GC(2236) Pause Young (Allocation Failure) 297M->218M(490M) 29,463ms
[2019-04-15T13:58:03.439+0200][965,598s] GC(2236) User=0,06s Sys=0,00s Real=0,03s
[2019-04-15T13:58:03.441+0200][965,600s] GC(2237) Pause Initial Mark
[2019-04-15T13:58:03.445+0200][965,604s] GC(2237) Pause Initial Mark 221M->221M(490M) 4,071ms
[2019-04-15T13:58:03.445+0200][965,604s] GC(2237) User=0,00s Sys=0,00s Real=0,01s
[2019-04-15T13:58:03.445+0200][965,604s] GC(2237) Concurrent Mark
[2019-04-15T13:58:03.445+0200][965,604s] GC(2237) Using 4 workers of 4 for marking
[2019-04-15T13:58:03.593+0200][965,752s] GC(2237) Concurrent Mark 147,673ms
[2019-04-15T13:58:03.593+0200][965,752s] GC(2237) User=0,34s Sys=0,00s Real=0,15s
[2019-04-15T13:58:03.593+0200][965,752s] GC(2237) Concurrent Preclean
[2019-04-15T13:58:03.595+0200][965,754s] GC(2237) Concurrent Preclean 1,810ms
[2019-04-15T13:58:03.595+0200][965,754s] GC(2237) User=0,00s Sys=0,00s Real=0,00s
[2019-04-15T13:58:03.595+0200][965,754s] GC(2237) Concurrent Abortable Preclean
[2019-04-15T13:58:03.669+0200][965,828s] GC(2238) Pause Young (Allocation Failure)
[2019-04-15T13:58:03.669+0200][965,828s] GC(2238) Using 4 workers of 4 for evacuation
[2019-04-15T13:58:03.693+0200][965,851s] GC(2238) ParNew: 109248K->21824K(109248K)
[2019-04-15T13:58:03.693+0200][965,851s] GC(2238) CMS: 202420K->205830K(393216K)
[2019-04-15T13:58:03.693+0200][965,852s] GC(2238) Metaspace: 95336K->95336K(1136640K)
[2019-04-15T13:58:03.693+0200][965,852s] GC(2238) Pause Young (Allocation Failure) 304M->222M(490M) 23,824ms
[2019-04-15T13:58:03.693+0200][965,852s] GC(2238) User=0,07s Sys=0,00s Real=0,02s
[2019-04-15T13:58:03.780+0200][965,939s] GC(2237) Concurrent Abortable Preclean 185,640ms
[2019-04-15T13:58:03.781+0200][965,939s] GC(2237) User=0,46s Sys=0,01s Real=0,18s
[2019-04-15T13:58:03.781+0200][965,940s] GC(2237) Pause Remark
[2019-04-15T13:58:03.781+0200][965,940s] GC(2239) Pause Young (CMS Final Remark)
[2019-04-15T13:58:03.781+0200][965,940s] GC(2239) Using 4 workers of 4 for evacuation
[2019-04-15T13:58:03.802+0200][965,961s] GC(2239) ParNew: 75606K->21824K(109248K)
[2019-04-15T13:58:03.802+0200][965,961s] GC(2239) CMS: 205830K->207134K(393216K)
[2019-04-15T13:58:03.802+0200][965,961s] GC(2239) Metaspace: 95337K->95337K(1136640K)
[2019-04-15T13:58:03.802+0200][965,961s] GC(2239) Pause Young (CMS Final Remark) 274M->223M(490M) 21,246ms
[2019-04-15T13:58:03.802+0200][965,961s] GC(2239) User=0,05s Sys=0,00s Real=0,02s
[2019-04-15T13:58:03.855+0200][966,014s] GC(2237) Pause Remark 274M->223M(490M) 73,735ms
[2019-04-15T13:58:03.855+0200][966,014s] GC(2237) User=0,12s Sys=0,00s Real=0,08s
[2019-04-15T13:58:03.855+0200][966,014s] GC(2237) Concurrent Sweep
[2019-04-15T13:58:03.948+0200][966,106s] GC(2237) Concurrent Sweep 92,572ms
[2019-04-15T13:58:03.948+0200][966,106s] GC(2237) User=0,25s Sys=0,00s Real=0,09s
[2019-04-15T13:58:03.948+0200][966,106s] GC(2237) Concurrent Reset
[2019-04-15T13:58:03.948+0200][966,107s] GC(2237) Concurrent Reset 0,413ms
[2019-04-15T13:58:03.948+0200][966,107s] GC(2237) User=0,00s Sys=0,00s Real=0,00s
[2019-04-15T13:58:03.948+0200][966,107s] GC(2237) Old: 202420K->160263K(393216K)
[2019-04-15T13:58:04.030+0200][966,189s] GC(2240) Pause Young (Allocation Failure)
[2019-04-15T13:58:04.031+0200][966,189s] GC(2240) Using 4 workers of 4 for evacuation
[2019-04-15T13:58:04.069+0200][966,227s] GC(2240) ParNew: 109248K->21824K(109248K)
[2019-04-15T13:58:04.069+0200][966,228s] GC(2240) CMS: 160263K->161382K(393216K)
[2019-04-15T13:58:04.069+0200][966,228s] GC(2240) Metaspace: 95337K->95337K(1136640K)
[2019-04-15T13:58:04.069+0200][966,228s] GC(2240) Pause Young (Allocation Failure) 263M->178M(490M) 38,189ms
[2019-04-15T13:58:04.069+0200][966,228s] GC(2240) User=0,03s Sys=0,00s Real=0,04s
[2019-04-15T13:58:04.231+0200][966,390s] GC(2241) Pause Young (Allocation Failure)
[2019-04-15T13:58:04.231+0200][966,390s] GC(2241) Using 4 workers of 4 for evacuation
[2019-04-15T13:58:04.269+0200][966,428s] GC(2241) ParNew: 109248K->21824K(109248K)
[2019-04-15T13:58:04.269+0200][966,428s] GC(2241) CMS: 161382K->167772K(393216K)
[2019-04-15T13:58:04.269+0200][966,428s] GC(2241) Metaspace: 95338K->95338K(1136640K)
[2019-04-15T13:58:04.269+0200][966,428s] GC(2241) Pause Young (Allocation Failure) 264M->185M(490M) 37,403ms
[2019-04-15T13:58:04.269+0200][966,428s] GC(2241) User=0,07s Sys=0,00s Real=0,04s
[2019-04-15T13:58:04.444+0200][966,603s] GC(2242) Pause Young (Allocation Failure)
[2019-04-15T13:58:04.444+0200][966,603s] GC(2242) Using 4 workers of 4 for evacuation
[2019-04-15T13:58:04.467+0200][966,626s] GC(2242) ParNew: 109248K->21824K(109248K)
[2019-04-15T13:58:04.467+0200][966,626s] GC(2242) CMS: 167772K->171274K(393216K)
[2019-04-15T13:58:04.467+0200][966,626s] GC(2242) Metaspace: 95338K->95338K(1136640K)
[2019-04-15T13:58:04.467+0200][966,626s] GC(2242) Pause Young (Allocation Failure) 270M->188M(490M) 23,395ms
[2019-04-15T13:58:04.467+0200][966,626s] GC(2242) User=0,05s Sys=0,00s Real=0,03s
[2019-04-15T13:58:04.630+0200][966,789s] GC(2243) Pause Young (Allocation Failure)
[2019-04-15T13:58:04.630+0200][966,789s] GC(2243) Using 4 workers of 4 for evacuation
[2019-04-15T13:58:04.661+0200][966,820s] GC(2243) ParNew: 109248K->21824K(109248K)
[2019-04-15T13:58:04.661+0200][966,820s] GC(2243) CMS: 171274K->175737K(393216K)
[2019-04-15T13:58:04.661+0200][966,820s] GC(2243) Metaspace: 95340K->95340K(1136640K)
[2019-04-15T13:58:04.661+0200][966,820s] GC(2243) Pause Young (Allocation Failure) 273M->192M(490M) 31,354ms
[2019-04-15T13:58:04.661+0200][966,820s] GC(2243) User=0,06s Sys=0,00s Real=0,03s
[2019-04-15T13:58:04.897+0200][967,056s] GC(2244) Pause Young (Allocation Failure)
[2019-04-15T13:58:04.897+0200][967,056s] GC(2244) Using 4 workers of 4 for evacuation
[2019-04-15T13:58:04.937+0200][967,096s] GC(2244) ParNew: 109248K->21824K(109248K)
[2019-04-15T13:58:04.937+0200][967,096s] GC(2244) CMS: 175737K->176237K(393216K)
[2019-04-15T13:58:04.937+0200][967,096s] GC(2244) Metaspace: 95340K->95340K(1136640K)
[2019-04-15T13:58:04.937+0200][967,096s] GC(2244) Pause Young (Allocation Failure) 278M->193M(490M) 40,107ms
[2019-04-15T13:58:04.937+0200][967,096s] GC(2244) User=0,07s Sys=0,00s Real=0,04s
[2019-04-15T13:58:05.241+0200][967,400s] GC(2245) Pause Young (Allocation Failure)
[2019-04-15T13:58:05.241+0200][967,400s] GC(2245) Using 4 workers of 4 for evacuation
[2019-04-15T13:58:05.284+0200][967,443s] GC(2245) ParNew: 109248K->20386K(109248K)
[2019-04-15T13:58:05.284+0200][967,443s] GC(2245) CMS: 176237K->178337K(393216K)
[2019-04-15T13:58:05.284+0200][967,443s] GC(2245) Metaspace: 95340K->95340K(1136640K)
[2019-04-15T13:58:05.284+0200][967,443s] GC(2245) Pause Young (Allocation Failure) 278M->194M(490M) 43,424ms
[2019-04-15T13:58:05.284+0200][967,443s] GC(2245) User=0,10s Sys=0,00s Real=0,04s
[2019-04-15T13:58:05.561+0200][967,720s] GC(2246) Pause Young (Allocation Failure)
[2019-04-15T13:58:05.561+0200][967,720s] GC(2246) Using 4 workers of 4 for evacuation
[2019-04-15T13:58:05.582+0200][967,741s] GC(2246) ParNew: 107810K->20106K(109248K)
[2019-04-15T13:58:05.582+0200][967,741s] GC(2246) CMS: 178337K->181585K(393216K)
[2019-04-15T13:58:05.582+0200][967,741s] GC(2246) Metaspace: 95347K->95347K(1136640K)
[2019-04-15T13:58:05.582+0200][967,741s] GC(2246) Pause Young (Allocation Failure) 279M->196M(490M) 21,153ms
[2019-04-15T13:58:05.582+0200][967,741s] GC(2246) User=0,05s Sys=0,00s Real=0,02s
[2019-04-15T13:58:05.678+0200][967,837s] GC(2247) Pause Young (Allocation Failure)
[2019-04-15T13:58:05.678+0200][967,837s] GC(2247) Using 4 workers of 4 for evacuation
[2019-04-15T13:58:05.711+0200][967,870s] GC(2247) ParNew: 107530K->18889K(109248K)
[2019-04-15T13:58:05.711+0200][967,870s] GC(2247) CMS: 181585K->182992K(393216K)
[2019-04-15T13:58:05.711+0200][967,870s] GC(2247) Metaspace: 95356K->95356K(1136640K)
[2019-04-15T13:58:05.711+0200][967,870s] GC(2247) Pause Young (Allocation Failure) 282M->197M(490M) 32,927ms
[2019-04-15T13:58:05.711+0200][967,870s] GC(2247) User=0,07s Sys=0,00s Real=0,03s
[2019-04-15T13:58:05.842+0200][968,001s] GC(2248) Pause Young (Allocation Failure)
[2019-04-15T13:58:05.843+0200][968,001s] GC(2248) Using 4 workers of 4 for evacuation
[2019-04-15T13:58:05.860+0200][968,019s] GC(2248) ParNew: 106313K->14847K(109248K)
[2019-04-15T13:58:05.860+0200][968,019s] GC(2248) CMS: 182992K->185314K(393216K)
[2019-04-15T13:58:05.860+0200][968,019s] GC(2248) Metaspace: 95357K->95357K(1136640K)
[2019-04-15T13:58:05.860+0200][968,019s] GC(2248) Pause Young (Allocation Failure) 282M->195M(490M) 17,167ms
[2019-04-15T13:58:05.860+0200][968,019s] GC(2248) User=0,05s Sys=0,00s Real=0,02s
[2019-04-15T13:58:06.212+0200][968,370s] GC(2249) Pause Young (Allocation Failure)
[2019-04-15T13:58:06.212+0200][968,370s] GC(2249) Using 4 workers of 4 for evacuation
[2019-04-15T13:58:06.223+0200][968,382s] GC(2249) ParNew: 102271K->16099K(109248K)
[2019-04-15T13:58:06.223+0200][968,382s] GC(2249) CMS: 185314K->187423K(393216K)
[2019-04-15T13:58:06.223+0200][968,382s] GC(2249) Metaspace: 95357K->95357K(1136640K)
[2019-04-15T13:58:06.224+0200][968,382s] GC(2249) Pause Young (Allocation Failure) 280M->198M(490M) 12,000ms
[2019-04-15T13:58:06.224+0200][968,382s] GC(2249) User=0,03s Sys=0,00s Real=0,01s
[2019-04-15T13:58:06.482+0200][968,641s] GC(2250) Pause Young (Allocation Failure)
[2019-04-15T13:58:06.482+0200][968,641s] GC(2250) Using 4 workers of 4 for evacuation
[2019-04-15T13:58:06.495+0200][968,654s] GC(2250) ParNew: 103523K->13147K(109248K)
[2019-04-15T13:58:06.495+0200][968,654s] GC(2250) CMS: 187423K->188574K(393216K)
[2019-04-15T13:58:06.495+0200][968,654s] GC(2250) Metaspace: 95357K->95357K(1136640K)
[2019-04-15T13:58:06.495+0200][968,654s] GC(2250) Pause Young (Allocation Failure) 284M->196M(490M) 13,194ms
[2019-04-15T13:58:06.495+0200][968,654s] GC(2250) User=0,03s Sys=0,00s Real=0,02s
[2019-04-15T13:58:06.690+0200][968,849s] GC(2251) Pause Young (Allocation Failure)
[2019-04-15T13:58:06.690+0200][968,849s] GC(2251) Using 4 workers of 4 for evacuation
[2019-04-15T13:58:06.707+0200][968,865s] GC(2251) ParNew: 100571K->12370K(109248K)
[2019-04-15T13:58:06.707+0200][968,865s] GC(2251) CMS: 188574K->190925K(393216K)
[2019-04-15T13:58:06.707+0200][968,865s] GC(2251) Metaspace: 95357K->95357K(1136640K)
[2019-04-15T13:58:06.707+0200][968,865s] GC(2251) Pause Young (Allocation Failure) 282M->198M(490M) 16,985ms
[2019-04-15T13:58:06.707+0200][968,866s] GC(2251) User=0,03s Sys=0,00s Real=0,02s
[2019-04-15T13:58:06.826+0200][968,984s] GC(2252) Pause Young (Allocation Failure)
[2019-04-15T13:58:06.826+0200][968,985s] GC(2252) Using 4 workers of 4 for evacuation
[2019-04-15T13:58:06.842+0200][969,001s] GC(2252) ParNew: 99794K->16247K(109248K)
[2019-04-15T13:58:06.842+0200][969,001s] GC(2252) CMS: 190925K->191136K(393216K)
[2019-04-15T13:58:06.842+0200][969,001s] GC(2252) Metaspace: 95357K->95357K(1136640K)
[2019-04-15T13:58:06.842+0200][969,001s] GC(2252) Pause Young (Allocation Failure) 283M->202M(490M) 16,431ms
[2019-04-15T13:58:06.842+0200][969,001s] GC(2252) User=0,05s Sys=0,00s Real=0,01s
[2019-04-15T13:58:06.950+0200][969,109s] GC(2253) Pause Young (Allocation Failure)
[2019-04-15T13:58:06.950+0200][969,109s] GC(2253) Using 4 workers of 4 for evacuation
[2019-04-15T13:58:06.968+0200][969,127s] GC(2253) ParNew: 103671K->13342K(109248K)
[2019-04-15T13:58:06.968+0200][969,127s] GC(2253) CMS: 191136K->191227K(393216K)
[2019-04-15T13:58:06.968+0200][969,127s] GC(2253) Metaspace: 95357K->95357K(1136640K)
[2019-04-15T13:58:06.968+0200][969,127s] GC(2253) Pause Young (Allocation Failure) 287M->199M(490M) 18,242ms
[2019-04-15T13:58:06.968+0200][969,127s] GC(2253) User=0,04s Sys=0,00s Real=0,02s
[2019-04-15T13:58:07.069+0200][969,228s] GC(2254) Pause Young (Allocation Failure)
[2019-04-15T13:58:07.069+0200][969,228s] GC(2254) Using 4 workers of 4 for evacuation
[2019-04-15T13:58:07.105+0200][969,264s] GC(2254) ParNew: 100766K->17187K(109248K)
[2019-04-15T13:58:07.105+0200][969,264s] GC(2254) CMS: 191227K->192978K(393216K)
[2019-04-15T13:58:07.105+0200][969,264s] GC(2254) Metaspace: 95365K->95365K(1136640K)
[2019-04-15T13:58:07.105+0200][969,264s] GC(2254) Pause Young (Allocation Failure) 285M->205M(490M) 35,866ms
[2019-04-15T13:58:07.105+0200][969,264s] GC(2254) User=0,10s Sys=0,00s Real=0,04s
[2019-04-15T13:58:07.188+0200][969,347s] GC(2255) Pause Young (Allocation Failure)
[2019-04-15T13:58:07.188+0200][969,347s] GC(2255) Using 4 workers of 4 for evacuation
[2019-04-15T13:58:07.205+0200][969,364s] GC(2255) ParNew: 104318K->15152K(109248K)
[2019-04-15T13:58:07.205+0200][969,364s] GC(2255) CMS: 192978K->193274K(393216K)
[2019-04-15T13:58:07.205+0200][969,364s] GC(2255) Metaspace: 95365K->95365K(1136640K)
[2019-04-15T13:58:07.205+0200][969,364s] GC(2255) Pause Young (Allocation Failure) 290M->203M(490M) 17,066ms
[2019-04-15T13:58:07.205+0200][969,364s] GC(2255) User=0,06s Sys=0,00s Real=0,02s
[2019-04-15T13:58:07.263+0200][969,422s] GC(2256) Pause Young (GCLocker Initiated GC)
[2019-04-15T13:58:07.263+0200][969,422s] GC(2256) Using 4 workers of 4 for evacuation
[2019-04-15T13:58:07.290+0200][969,449s] GC(2256) ParNew: 102759K->11611K(109248K)
[2019-04-15T13:58:07.290+0200][969,449s] GC(2256) CMS: 193274K->194183K(393216K)
[2019-04-15T13:58:07.290+0200][969,449s] GC(2256) Metaspace: 95368K->95368K(1136640K)
[2019-04-15T13:58:07.290+0200][969,449s] GC(2256) Pause Young (GCLocker Initiated GC) 289M->200M(490M) 27,577ms
[2019-04-15T13:58:07.290+0200][969,449s] GC(2256) User=0,09s Sys=0,00s Real=0,03s
[2019-04-15T13:58:07.314+0200][969,473s] GC(2257) Pause Young (Allocation Failure)
[2019-04-15T13:58:07.314+0200][969,473s] GC(2257) Using 4 workers of 4 for evacuation
[2019-04-15T13:58:07.340+0200][969,499s] GC(2257) ParNew: 99200K->13525K(109248K)
[2019-04-15T13:58:07.340+0200][969,499s] GC(2257) CMS: 194183K->194305K(393216K)
[2019-04-15T13:58:07.340+0200][969,499s] GC(2257) Metaspace: 95369K->95369K(1136640K)
[2019-04-15T13:58:07.340+0200][969,499s] GC(2257) Pause Young (Allocation Failure) 286M->202M(490M) 26,007ms
[2019-04-15T13:58:07.340+0200][969,499s] GC(2257) User=0,07s Sys=0,00s Real=0,02s
[2019-04-15T13:58:07.341+0200][969,500s] GC(2258) Pause Young (GCLocker Initiated GC)
[2019-04-15T13:58:07.341+0200][969,500s] GC(2258) Using 4 workers of 4 for evacuation
[2019-04-15T13:58:07.366+0200][969,525s] GC(2258) ParNew: 22848K->9666K(109248K)
[2019-04-15T13:58:07.366+0200][969,525s] GC(2258) CMS: 194305K->195813K(393216K)
[2019-04-15T13:58:07.366+0200][969,525s] GC(2258) Metaspace: 95369K->95369K(1136640K)
[2019-04-15T13:58:07.366+0200][969,525s] GC(2258) Pause Young (GCLocker Initiated GC) 212M->200M(490M) 24,781ms
[2019-04-15T13:58:07.366+0200][969,525s] GC(2258) User=0,06s Sys=0,00s Real=0,03s
[2019-04-15T13:58:07.478+0200][969,637s] GC(2259) Pause Young (Allocation Failure)
[2019-04-15T13:58:07.478+0200][969,637s] GC(2259) Using 4 workers of 4 for evacuation
[2019-04-15T13:58:07.494+0200][969,653s] GC(2259) ParNew: 97090K->9452K(109248K)
[2019-04-15T13:58:07.494+0200][969,653s] GC(2259) CMS: 195813K->196716K(393216K)
[2019-04-15T13:58:07.494+0200][969,653s] GC(2259) Metaspace: 95374K->95374K(1136640K)
[2019-04-15T13:58:07.494+0200][969,653s] GC(2259) Pause Young (Allocation Failure) 286M->201M(490M) 16,072ms
[2019-04-15T13:58:07.494+0200][969,653s] GC(2259) User=0,05s Sys=0,00s Real=0,02s
[2019-04-15T13:58:07.498+0200][969,657s] GC(2260) Pause Initial Mark
[2019-04-15T13:58:07.500+0200][969,659s] GC(2260) Pause Initial Mark 201M->201M(490M) 2,280ms
[2019-04-15T13:58:07.500+0200][969,659s] GC(2260) User=0,00s Sys=0,00s Real=0,00s
[2019-04-15T13:58:07.500+0200][969,659s] GC(2260) Concurrent Mark
[2019-04-15T13:58:07.500+0200][969,659s] GC(2260) Using 4 workers of 4 for marking
[2019-04-15T13:58:07.611+0200][969,770s] GC(2260) Concurrent Mark 110,637ms
[2019-04-15T13:58:07.611+0200][969,770s] GC(2260) User=0,33s Sys=0,00s Real=0,11s
[2019-04-15T13:58:07.611+0200][969,770s] GC(2260) Concurrent Preclean
[2019-04-15T13:58:07.613+0200][969,772s] GC(2260) Concurrent Preclean 1,853ms
[2019-04-15T13:58:07.613+0200][969,772s] GC(2260) User=0,00s Sys=0,00s Real=0,00s
[2019-04-15T13:58:07.613+0200][969,772s] GC(2260) Concurrent Abortable Preclean
[2019-04-15T13:58:07.658+0200][969,817s] GC(2261) Pause Young (Allocation Failure)
[2019-04-15T13:58:07.658+0200][969,817s] GC(2261) Using 4 workers of 4 for evacuation
[2019-04-15T13:58:07.666+0200][969,825s] GC(2261) ParNew: 96876K->10566K(109248K)
[2019-04-15T13:58:07.666+0200][969,825s] GC(2261) CMS: 196716K->196749K(393216K)
[2019-04-15T13:58:07.666+0200][969,825s] GC(2261) Metaspace: 95374K->95374K(1136640K)
[2019-04-15T13:58:07.666+0200][969,825s] GC(2261) Pause Young (Allocation Failure) 286M->202M(490M) 7,972ms
[2019-04-15T13:58:07.666+0200][969,825s] GC(2261) User=0,02s Sys=0,00s Real=0,01s
[2019-04-15T13:58:07.814+0200][969,973s] GC(2260) Concurrent Abortable Preclean 201,436ms
[2019-04-15T13:58:07.814+0200][969,973s] GC(2260) User=0,43s Sys=0,00s Real=0,21s
[2019-04-15T13:58:07.815+0200][969,974s] GC(2260) Pause Remark
[2019-04-15T13:58:07.815+0200][969,974s] GC(2262) Pause Young (CMS Final Remark)
[2019-04-15T13:58:07.815+0200][969,974s] GC(2262) Using 4 workers of 4 for evacuation
[2019-04-15T13:58:07.832+0200][969,991s] GC(2262) ParNew: 56014K->8225K(109248K)
[2019-04-15T13:58:07.832+0200][969,991s] GC(2262) CMS: 196749K->196755K(393216K)
[2019-04-15T13:58:07.832+0200][969,991s] GC(2262) Metaspace: 95381K->95381K(1136640K)
[2019-04-15T13:58:07.832+0200][969,991s] GC(2262) Pause Young (CMS Final Remark) 246M->200M(490M) 17,100ms
[2019-04-15T13:58:07.832+0200][969,991s] GC(2262) User=0,04s Sys=0,00s Real=0,01s
[2019-04-15T13:58:07.879+0200][970,038s] GC(2260) Pause Remark 246M->200M(490M) 64,296ms
[2019-04-15T13:58:07.879+0200][970,038s] GC(2260) User=0,11s Sys=0,00s Real=0,06s
[2019-04-15T13:58:07.879+0200][970,038s] GC(2260) Concurrent Sweep
[2019-04-15T13:58:08.048+0200][970,207s] GC(2260) Concurrent Sweep 168,851ms
[2019-04-15T13:58:08.048+0200][970,207s] GC(2260) User=0,38s Sys=0,01s Real=0,17s
[2019-04-15T13:58:08.048+0200][970,207s] GC(2260) Concurrent Reset
[2019-04-15T13:58:08.048+0200][970,207s] GC(2260) Concurrent Reset 0,570ms
[2019-04-15T13:58:08.049+0200][970,208s] GC(2260) User=0,00s Sys=0,00s Real=0,00s
[2019-04-15T13:58:08.049+0200][970,208s] GC(2260) Old: 196716K->123849K(393216K)
[2019-04-15T13:58:08.075+0200][970,234s] GC(2263) Pause Young (Allocation Failure)
[2019-04-15T13:58:08.075+0200][970,234s] GC(2263) Using 4 workers of 4 for evacuation
[2019-04-15T13:58:08.086+0200][970,245s] GC(2263) ParNew: 95649K->13397K(109248K)
[2019-04-15T13:58:08.086+0200][970,245s] GC(2263) CMS: 123849K->124106K(393216K)
[2019-04-15T13:58:08.086+0200][970,245s] GC(2263) Metaspace: 95381K->95381K(1136640K)
[2019-04-15T13:58:08.086+0200][970,245s] GC(2263) Pause Young (Allocation Failure) 214M->134M(490M) 11,319ms
[2019-04-15T13:58:08.086+0200][970,245s] GC(2263) User=0,04s Sys=0,00s Real=0,01s
[2019-04-15T13:58:08.293+0200][970,452s] GC(2264) Pause Young (Allocation Failure)
[2019-04-15T13:58:08.293+0200][970,452s] GC(2264) Using 4 workers of 4 for evacuation
[2019-04-15T13:58:08.331+0200][970,490s] GC(2264) ParNew: 100821K->10631K(109248K)
[2019-04-15T13:58:08.331+0200][970,490s] GC(2264) CMS: 124106K->125100K(393216K)
[2019-04-15T13:58:08.331+0200][970,490s] GC(2264) Metaspace: 95381K->95381K(1136640K)
[2019-04-15T13:58:08.331+0200][970,490s] GC(2264) Pause Young (Allocation Failure) 219M->132M(490M) 38,201ms
[2019-04-15T13:58:08.331+0200][970,490s] GC(2264) User=0,10s Sys=0,00s Real=0,03s
[2019-04-15T13:58:08.508+0200][970,667s] GC(2265) Pause Young (Allocation Failure)
[2019-04-15T13:58:08.508+0200][970,667s] GC(2265) Using 4 workers of 4 for evacuation
[2019-04-15T13:58:08.522+0200][970,681s] GC(2265) ParNew: 98055K->10738K(109248K)
[2019-04-15T13:58:08.522+0200][970,681s] GC(2265) CMS: 125100K->125134K(393216K)
[2019-04-15T13:58:08.522+0200][970,681s] GC(2265) Metaspace: 95384K->95384K(1136640K)
[2019-04-15T13:58:08.522+0200][970,681s] GC(2265) Pause Young (Allocation Failure) 217M->132M(490M) 14,479ms
[2019-04-15T13:58:08.522+0200][970,681s] GC(2265) User=0,04s Sys=0,00s Real=0,01s
[2019-04-15T13:58:08.592+0200][970,750s] GC(2266) Pause Young (Allocation Failure)
[2019-04-15T13:58:08.592+0200][970,751s] GC(2266) Using 4 workers of 4 for evacuation
[2019-04-15T13:58:08.604+0200][970,763s] GC(2266) ParNew: 98162K->13434K(109248K)
[2019-04-15T13:58:08.604+0200][970,763s] GC(2266) CMS: 125134K->125134K(393216K)
[2019-04-15T13:58:08.604+0200][970,763s] GC(2266) Metaspace: 95384K->95384K(1136640K)
[2019-04-15T13:58:08.604+0200][970,763s] GC(2266) Pause Young (Allocation Failure) 218M->135M(490M) 12,913ms
[2019-04-15T13:58:08.604+0200][970,763s] GC(2266) User=0,03s Sys=0,00s Real=0,01s
[2019-04-15T13:58:08.674+0200][970,833s] GC(2267) Pause Young (Allocation Failure)
[2019-04-15T13:58:08.674+0200][970,833s] GC(2267) Using 4 workers of 4 for evacuation
[2019-04-15T13:58:08.681+0200][970,840s] GC(2267) ParNew: 100858K->11670K(109248K)
[2019-04-15T13:58:08.681+0200][970,840s] GC(2267) CMS: 125134K->125134K(393216K)
[2019-04-15T13:58:08.681+0200][970,840s] GC(2267) Metaspace: 95384K->95384K(1136640K)
[2019-04-15T13:58:08.681+0200][970,840s] GC(2267) Pause Young (Allocation Failure) 220M->133M(490M) 6,911ms
[2019-04-15T13:58:08.681+0200][970,840s] GC(2267) User=0,02s Sys=0,00s Real=0,00s
[2019-04-15T13:58:08.747+0200][970,906s] GC(2268) Pause Young (Allocation Failure)
[2019-04-15T13:58:08.747+0200][970,906s] GC(2268) Using 4 workers of 4 for evacuation
[2019-04-15T13:58:08.755+0200][970,914s] GC(2268) ParNew: 99094K->12563K(109248K)
[2019-04-15T13:58:08.755+0200][970,914s] GC(2268) CMS: 125134K->126578K(393216K)
[2019-04-15T13:58:08.755+0200][970,914s] GC(2268) Metaspace: 95384K->95384K(1136640K)
[2019-04-15T13:58:08.755+0200][970,914s] GC(2268) Pause Young (Allocation Failure) 218M->135M(490M) 8,095ms
[2019-04-15T13:58:08.755+0200][970,914s] GC(2268) User=0,03s Sys=0,00s Real=0,01s
[2019-04-15T13:58:08.826+0200][970,985s] GC(2269) Pause Young (Allocation Failure)
[2019-04-15T13:58:08.826+0200][970,985s] GC(2269) Using 4 workers of 4 for evacuation
[2019-04-15T13:58:08.837+0200][970,996s] GC(2269) ParNew: 99987K->10255K(109248K)
[2019-04-15T13:58:08.837+0200][970,996s] GC(2269) CMS: 126578K->126647K(393216K)
[2019-04-15T13:58:08.837+0200][970,996s] GC(2269) Metaspace: 95384K->95384K(1136640K)
[2019-04-15T13:58:08.837+0200][970,996s] GC(2269) Pause Young (Allocation Failure) 221M->133M(490M) 11,346ms
[2019-04-15T13:58:08.837+0200][970,996s] GC(2269) User=0,02s Sys=0,00s Real=0,01s
[2019-04-15T13:58:08.909+0200][971,068s] GC(2270) Pause Young (Allocation Failure)
[2019-04-15T13:58:08.909+0200][971,068s] GC(2270) Using 4 workers of 4 for evacuation
[2019-04-15T13:58:08.922+0200][971,081s] GC(2270) ParNew: 97679K->12597K(109248K)
[2019-04-15T13:58:08.923+0200][971,081s] GC(2270) CMS: 126647K->128042K(393216K)
[2019-04-15T13:58:08.923+0200][971,081s] GC(2270) Metaspace: 95384K->95384K(1136640K)
[2019-04-15T13:58:08.923+0200][971,081s] GC(2270) Pause Young (Allocation Failure) 219M->137M(490M) 13,858ms
[2019-04-15T13:58:08.923+0200][971,081s] GC(2270) User=0,04s Sys=0,00s Real=0,01s
[2019-04-15T13:58:09.101+0200][971,260s] GC(2271) Pause Young (Allocation Failure)
[2019-04-15T13:58:09.101+0200][971,260s] GC(2271) Using 4 workers of 4 for evacuation
[2019-04-15T13:58:09.114+0200][971,273s] GC(2271) ParNew: 100021K->21824K(109248K)
[2019-04-15T13:58:09.114+0200][971,273s] GC(2271) CMS: 128042K->129727K(393216K)
[2019-04-15T13:58:09.114+0200][971,273s] GC(2271) Metaspace: 95384K->95384K(1136640K)
[2019-04-15T13:58:09.114+0200][971,273s] GC(2271) Pause Young (Allocation Failure) 222M->147M(490M) 13,225ms
[2019-04-15T13:58:09.114+0200][971,273s] GC(2271) User=0,04s Sys=0,00s Real=0,02s
[2019-04-15T13:58:09.208+0200][971,367s] GC(2272) Pause Young (Allocation Failure)
[2019-04-15T13:58:09.208+0200][971,367s] GC(2272) Using 4 workers of 4 for evacuation
[2019-04-15T13:58:09.218+0200][971,377s] GC(2272) ParNew: 109248K->21824K(109248K)
[2019-04-15T13:58:09.218+0200][971,377s] GC(2272) CMS: 129727K->132794K(393216K)
[2019-04-15T13:58:09.218+0200][971,377s] GC(2272) Metaspace: 95384K->95384K(1136640K)
[2019-04-15T13:58:09.218+0200][971,377s] GC(2272) Pause Young (Allocation Failure) 233M->150M(490M) 10,035ms
[2019-04-15T13:58:09.218+0200][971,377s] GC(2272) User=0,03s Sys=0,00s Real=0,01s
[2019-04-15T13:58:09.295+0200][971,454s] GC(2273) Pause Young (Allocation Failure)
[2019-04-15T13:58:09.295+0200][971,454s] GC(2273) Using 4 workers of 4 for evacuation
[2019-04-15T13:58:09.311+0200][971,470s] GC(2273) ParNew: 109248K->20657K(109248K)
[2019-04-15T13:58:09.311+0200][971,470s] GC(2273) CMS: 132794K->132794K(393216K)
[2019-04-15T13:58:09.311+0200][971,470s] GC(2273) Metaspace: 95384K->95384K(1136640K)
[2019-04-15T13:58:09.311+0200][971,470s] GC(2273) Pause Young (Allocation Failure) 236M->149M(490M) 15,432ms
[2019-04-15T13:58:09.311+0200][971,470s] GC(2273) User=0,03s Sys=0,00s Real=0,01s
[2019-04-15T13:58:09.391+0200][971,550s] GC(2274) Pause Young (Allocation Failure)
[2019-04-15T13:58:09.391+0200][971,550s] GC(2274) Using 4 workers of 4 for evacuation
[2019-04-15T13:58:09.400+0200][971,559s] GC(2274) ParNew: 108081K->21824K(109248K)
[2019-04-15T13:58:09.400+0200][971,559s] GC(2274) CMS: 132794K->133007K(393216K)
[2019-04-15T13:58:09.400+0200][971,559s] GC(2274) Metaspace: 95384K->95384K(1136640K)
[2019-04-15T13:58:09.400+0200][971,559s] GC(2274) Pause Young (Allocation Failure) 235M->151M(490M) 9,566ms
[2019-04-15T13:58:09.400+0200][971,559s] GC(2274) User=0,03s Sys=0,00s Real=0,01s
[2019-04-15T13:58:09.506+0200][971,665s] GC(2275) Pause Young (Allocation Failure)
[2019-04-15T13:58:09.506+0200][971,665s] GC(2275) Using 4 workers of 4 for evacuation
[2019-04-15T13:58:09.528+0200][971,687s] GC(2275) ParNew: 109248K->21824K(109248K)
[2019-04-15T13:58:09.528+0200][971,687s] GC(2275) CMS: 133007K->133914K(393216K)
[2019-04-15T13:58:09.528+0200][971,687s] GC(2275) Metaspace: 95384K->95384K(1136640K)
[2019-04-15T13:58:09.528+0200][971,687s] GC(2275) Pause Young (Allocation Failure) 236M->152M(490M) 21,915ms
[2019-04-15T13:58:09.528+0200][971,687s] GC(2275) User=0,04s Sys=0,00s Real=0,02s
[2019-04-15T13:58:09.591+0200][971,750s] GC(2276) Pause Young (Allocation Failure)
[2019-04-15T13:58:09.591+0200][971,750s] GC(2276) Using 4 workers of 4 for evacuation
[2019-04-15T13:58:09.605+0200][971,764s] GC(2276) ParNew: 109248K->21824K(109248K)
[2019-04-15T13:58:09.605+0200][971,764s] GC(2276) CMS: 133914K->135580K(393216K)
[2019-04-15T13:58:09.605+0200][971,764s] GC(2276) Metaspace: 95384K->95384K(1136640K)
[2019-04-15T13:58:09.605+0200][971,764s] GC(2276) Pause Young (Allocation Failure) 237M->153M(490M) 14,297ms
[2019-04-15T13:58:09.605+0200][971,764s] GC(2276) User=0,04s Sys=0,00s Real=0,02s
[2019-04-15T13:58:09.687+0200][971,846s] GC(2277) Pause Young (Allocation Failure)
[2019-04-15T13:58:09.687+0200][971,846s] GC(2277) Using 4 workers of 4 for evacuation
[2019-04-15T13:58:09.740+0200][971,899s] GC(2277) ParNew: 109248K->21824K(109248K)
[2019-04-15T13:58:09.740+0200][971,899s] GC(2277) CMS: 135580K->148339K(393216K)
[2019-04-15T13:58:09.740+0200][971,899s] GC(2277) Metaspace: 95384K->95384K(1136640K)
[2019-04-15T13:58:09.740+0200][971,899s] GC(2277) Pause Young (Allocation Failure) 239M->166M(490M) 53,502ms
[2019-04-15T13:58:09.740+0200][971,899s] GC(2277) User=0,06s Sys=0,00s Real=0,05s
[2019-04-15T13:58:09.809+0200][971,968s] GC(2278) Pause Young (Allocation Failure)
[2019-04-15T13:58:09.809+0200][971,968s] GC(2278) Using 4 workers of 4 for evacuation
[2019-04-15T13:58:09.821+0200][971,980s] GC(2278) ParNew: 109248K->10448K(109248K)
[2019-04-15T13:58:09.821+0200][971,980s] GC(2278) CMS: 148339K->148339K(393216K)
[2019-04-15T13:58:09.821+0200][971,980s] GC(2278) Metaspace: 95384K->95384K(1136640K)
[2019-04-15T13:58:09.821+0200][971,980s] GC(2278) Pause Young (Allocation Failure) 251M->155M(490M) 11,788ms
[2019-04-15T13:58:09.821+0200][971,980s] GC(2278) User=0,03s Sys=0,00s Real=0,01s
[2019-04-15T13:58:09.895+0200][972,053s] GC(2279) Pause Young (Allocation Failure)
[2019-04-15T13:58:09.895+0200][972,054s] GC(2279) Using 4 workers of 4 for evacuation
[2019-04-15T13:58:09.908+0200][972,067s] GC(2279) ParNew: 97872K->11094K(109248K)
[2019-04-15T13:58:09.908+0200][972,067s] GC(2279) CMS: 148339K->148339K(393216K)
[2019-04-15T13:58:09.908+0200][972,067s] GC(2279) Metaspace: 95384K->95384K(1136640K)
[2019-04-15T13:58:09.908+0200][972,067s] GC(2279) Pause Young (Allocation Failure) 240M->155M(490M) 13,250ms
[2019-04-15T13:58:09.908+0200][972,067s] GC(2279) User=0,03s Sys=0,00s Real=0,01s
[2019-04-15T13:58:09.975+0200][972,134s] GC(2280) Pause Young (Allocation Failure)
[2019-04-15T13:58:09.975+0200][972,134s] GC(2280) Using 4 workers of 4 for evacuation
[2019-04-15T13:58:09.986+0200][972,145s] GC(2280) ParNew: 98518K->12636K(109248K)
[2019-04-15T13:58:09.986+0200][972,145s] GC(2280) CMS: 148339K->148341K(393216K)
[2019-04-15T13:58:09.986+0200][972,145s] GC(2280) Metaspace: 95384K->95384K(1136640K)
[2019-04-15T13:58:09.986+0200][972,145s] GC(2280) Pause Young (Allocation Failure) 241M->157M(490M) 11,571ms
[2019-04-15T13:58:09.986+0200][972,145s] GC(2280) User=0,03s Sys=0,00s Real=0,01s
[2019-04-15T13:58:10.063+0200][972,222s] GC(2281) Pause Young (Allocation Failure)
[2019-04-15T13:58:10.063+0200][972,222s] GC(2281) Using 4 workers of 4 for evacuation
[2019-04-15T13:58:10.075+0200][972,233s] GC(2281) ParNew: 100060K->12042K(109248K)
[2019-04-15T13:58:10.075+0200][972,234s] GC(2281) CMS: 148341K->148347K(393216K)
[2019-04-15T13:58:10.075+0200][972,234s] GC(2281) Metaspace: 95384K->95384K(1136640K)
[2019-04-15T13:58:10.075+0200][972,234s] GC(2281) Pause Young (Allocation Failure) 242M->156M(490M) 11,800ms
[2019-04-15T13:58:10.075+0200][972,234s] GC(2281) User=0,04s Sys=0,00s Real=0,02s
[2019-04-15T13:58:10.141+0200][972,300s] GC(2282) Pause Young (Allocation Failure)
[2019-04-15T13:58:10.141+0200][972,300s] GC(2282) Using 4 workers of 4 for evacuation
[2019-04-15T13:58:10.150+0200][972,309s] GC(2282) ParNew: 99466K->11463K(109248K)
[2019-04-15T13:58:10.150+0200][972,309s] GC(2282) CMS: 148347K->148349K(393216K)
[2019-04-15T13:58:10.150+0200][972,309s] GC(2282) Metaspace: 95384K->95384K(1136640K)
[2019-04-15T13:58:10.150+0200][972,309s] GC(2282) Pause Young (Allocation Failure) 242M->156M(490M) 9,697ms
[2019-04-15T13:58:10.150+0200][972,309s] GC(2282) User=0,03s Sys=0,00s Real=0,01s
[2019-04-15T13:58:10.250+0200][972,409s] GC(2283) Pause Young (Allocation Failure)
[2019-04-15T13:58:10.250+0200][972,409s] GC(2283) Using 4 workers of 4 for evacuation
[2019-04-15T13:58:10.268+0200][972,427s] GC(2283) ParNew: 98887K->7450K(109248K)
[2019-04-15T13:58:10.268+0200][972,427s] GC(2283) CMS: 148349K->151466K(393216K)
[2019-04-15T13:58:10.268+0200][972,427s] GC(2283) Metaspace: 95384K->95384K(1136640K)
[2019-04-15T13:58:10.268+0200][972,427s] GC(2283) Pause Young (Allocation Failure) 241M->155M(490M) 17,426ms
[2019-04-15T13:58:10.268+0200][972,427s] GC(2283) User=0,07s Sys=0,00s Real=0,02s
[2019-04-15T13:58:10.350+0200][972,509s] GC(2284) Pause Young (Allocation Failure)
[2019-04-15T13:58:10.350+0200][972,509s] GC(2284) Using 4 workers of 4 for evacuation
[2019-04-15T13:58:10.357+0200][972,516s] GC(2284) ParNew: 94874K->6950K(109248K)
[2019-04-15T13:58:10.357+0200][972,516s] GC(2284) CMS: 151466K->152453K(393216K)
[2019-04-15T13:58:10.357+0200][972,516s] GC(2284) Metaspace: 95384K->95384K(1136640K)
[2019-04-15T13:58:10.357+0200][972,516s] GC(2284) Pause Young (Allocation Failure) 240M->155M(490M) 6,495ms
[2019-04-15T13:58:10.357+0200][972,516s] GC(2284) User=0,02s Sys=0,00s Real=0,01s
[2019-04-15T13:58:10.449+0200][972,608s] GC(2285) Pause Young (Allocation Failure)
[2019-04-15T13:58:10.449+0200][972,608s] GC(2285) Using 4 workers of 4 for evacuation
[2019-04-15T13:58:10.459+0200][972,618s] GC(2285) ParNew: 94374K->12208K(109248K)
[2019-04-15T13:58:10.459+0200][972,618s] GC(2285) CMS: 152453K->152458K(393216K)
[2019-04-15T13:58:10.459+0200][972,618s] GC(2285) Metaspace: 95384K->95384K(1136640K)
[2019-04-15T13:58:10.459+0200][972,618s] GC(2285) Pause Young (Allocation Failure) 241M->160M(490M) 10,397ms
[2019-04-15T13:58:10.459+0200][972,618s] GC(2285) User=0,03s Sys=0,00s Real=0,01s
[2019-04-15T13:58:10.522+0200][972,681s] GC(2286) Pause Young (Allocation Failure)
[2019-04-15T13:58:10.522+0200][972,681s] GC(2286) Using 4 workers of 4 for evacuation
[2019-04-15T13:58:10.533+0200][972,692s] GC(2286) ParNew: 99632K->12486K(109248K)
[2019-04-15T13:58:10.533+0200][972,692s] GC(2286) CMS: 152458K->152463K(393216K)
[2019-04-15T13:58:10.533+0200][972,692s] GC(2286) Metaspace: 95384K->95384K(1136640K)
[2019-04-15T13:58:10.533+0200][972,692s] GC(2286) Pause Young (Allocation Failure) 246M->161M(490M) 11,407ms
[2019-04-15T13:58:10.533+0200][972,692s] GC(2286) User=0,03s Sys=0,00s Real=0,02s
[2019-04-15T13:58:10.631+0200][972,790s] GC(2287) Pause Young (Allocation Failure)
[2019-04-15T13:58:10.631+0200][972,790s] GC(2287) Using 4 workers of 4 for evacuation
[2019-04-15T13:58:10.638+0200][972,796s] GC(2287) ParNew: 99910K->9164K(109248K)
[2019-04-15T13:58:10.638+0200][972,796s] GC(2287) CMS: 152463K->152468K(393216K)
[2019-04-15T13:58:10.638+0200][972,796s] GC(2287) Metaspace: 95384K->95384K(1136640K)
[2019-04-15T13:58:10.638+0200][972,796s] GC(2287) Pause Young (Allocation Failure) 246M->157M(490M) 6,200ms
[2019-04-15T13:58:10.638+0200][972,797s] GC(2287) User=0,02s Sys=0,00s Real=0,01s
[2019-04-15T13:58:10.737+0200][972,896s] GC(2288) Pause Young (Allocation Failure)
[2019-04-15T13:58:10.737+0200][972,896s] GC(2288) Using 4 workers of 4 for evacuation
[2019-04-15T13:58:10.746+0200][972,905s] GC(2288) ParNew: 96588K->8747K(109248K)
[2019-04-15T13:58:10.746+0200][972,905s] GC(2288) CMS: 152468K->152473K(393216K)
[2019-04-15T13:58:10.746+0200][972,905s] GC(2288) Metaspace: 95420K->95420K(1136640K)
[2019-04-15T13:58:10.746+0200][972,905s] GC(2288) Pause Young (Allocation Failure) 243M->157M(490M) 9,352ms
[2019-04-15T13:58:10.746+0200][972,905s] GC(2288) User=0,03s Sys=0,00s Real=0,01s
[2019-04-15T13:58:10.860+0200][973,019s] GC(2289) Pause Young (Allocation Failure)
[2019-04-15T13:58:10.860+0200][973,019s] GC(2289) Using 4 workers of 4 for evacuation
[2019-04-15T13:58:10.870+0200][973,029s] GC(2289) ParNew: 96171K->18193K(109248K)
[2019-04-15T13:58:10.870+0200][973,029s] GC(2289) CMS: 152473K->152478K(393216K)
[2019-04-15T13:58:10.870+0200][973,029s] GC(2289) Metaspace: 95420K->95420K(1136640K)
[2019-04-15T13:58:10.870+0200][973,029s] GC(2289) Pause Young (Allocation Failure) 242M->166M(490M) 9,471ms
[2019-04-15T13:58:10.870+0200][973,029s] GC(2289) User=0,04s Sys=0,00s Real=0,01s
[2019-04-15T13:58:10.976+0200][973,135s] GC(2290) Pause Young (Allocation Failure)
[2019-04-15T13:58:10.976+0200][973,135s] GC(2290) Using 4 workers of 4 for evacuation
[2019-04-15T13:58:10.984+0200][973,143s] GC(2290) ParNew: 105617K->21824K(109248K)
[2019-04-15T13:58:10.984+0200][973,143s] GC(2290) CMS: 152478K->152483K(393216K)
[2019-04-15T13:58:10.984+0200][973,143s] GC(2290) Metaspace: 95420K->95420K(1136640K)
[2019-04-15T13:58:10.984+0200][973,143s] GC(2290) Pause Young (Allocation Failure) 252M->170M(490M) 8,472ms
[2019-04-15T13:58:10.984+0200][973,143s] GC(2290) User=0,03s Sys=0,00s Real=0,00s
[2019-04-15T13:58:11.150+0200][973,309s] GC(2291) Pause Young (Allocation Failure)
[2019-04-15T13:58:11.150+0200][973,309s] GC(2291) Using 4 workers of 4 for evacuation
[2019-04-15T13:58:11.160+0200][973,319s] GC(2291) ParNew: 109248K->21824K(109248K)
[2019-04-15T13:58:11.160+0200][973,319s] GC(2291) CMS: 152483K->153663K(393216K)
[2019-04-15T13:58:11.160+0200][973,319s] GC(2291) Metaspace: 95420K->95420K(1136640K)
[2019-04-15T13:58:11.160+0200][973,319s] GC(2291) Pause Young (Allocation Failure) 255M->171M(490M) 10,310ms
[2019-04-15T13:58:11.160+0200][973,319s] GC(2291) User=0,04s Sys=0,00s Real=0,01s
[2019-04-15T13:58:11.280+0200][973,439s] GC(2292) Pause Young (Allocation Failure)
[2019-04-15T13:58:11.280+0200][973,439s] GC(2292) Using 4 workers of 4 for evacuation
[2019-04-15T13:58:11.291+0200][973,449s] GC(2292) ParNew: 109248K->21824K(109248K)
[2019-04-15T13:58:11.291+0200][973,449s] GC(2292) CMS: 153663K->155030K(393216K)
[2019-04-15T13:58:11.291+0200][973,450s] GC(2292) Metaspace: 95420K->95420K(1136640K)
[2019-04-15T13:58:11.291+0200][973,450s] GC(2292) Pause Young (Allocation Failure) 256M->172M(490M) 10,470ms
[2019-04-15T13:58:11.291+0200][973,450s] GC(2292) User=0,04s Sys=0,00s Real=0,01s
[2019-04-15T13:58:11.396+0200][973,555s] GC(2293) Pause Young (Allocation Failure)
[2019-04-15T13:58:11.396+0200][973,555s] GC(2293) Using 4 workers of 4 for evacuation
[2019-04-15T13:58:11.407+0200][973,566s] GC(2293) ParNew: 109248K->21824K(109248K)
[2019-04-15T13:58:11.408+0200][973,566s] GC(2293) CMS: 155030K->160441K(393216K)
[2019-04-15T13:58:11.408+0200][973,566s] GC(2293) Metaspace: 95420K->95420K(1136640K)
[2019-04-15T13:58:11.408+0200][973,566s] GC(2293) Pause Young (Allocation Failure) 258M->177M(490M) 11,092ms
[2019-04-15T13:58:11.408+0200][973,566s] GC(2293) User=0,04s Sys=0,00s Real=0,01s
[2019-04-15T13:58:11.510+0200][973,669s] GC(2294) Pause Young (Allocation Failure)
[2019-04-15T13:58:11.510+0200][973,669s] GC(2294) Using 4 workers of 4 for evacuation
[2019-04-15T13:58:11.522+0200][973,681s] GC(2294) ParNew: 109248K->21824K(109248K)
[2019-04-15T13:58:11.522+0200][973,681s] GC(2294) CMS: 160441K->162189K(393216K)
[2019-04-15T13:58:11.522+0200][973,681s] GC(2294) Metaspace: 95420K->95420K(1136640K)
[2019-04-15T13:58:11.522+0200][973,681s] GC(2294) Pause Young (Allocation Failure) 263M->179M(490M) 12,543ms
[2019-04-15T13:58:11.522+0200][973,681s] GC(2294) User=0,05s Sys=0,00s Real=0,01s
[2019-04-15T13:58:11.662+0200][973,821s] GC(2295) Pause Young (Allocation Failure)
[2019-04-15T13:58:11.662+0200][973,821s] GC(2295) Using 4 workers of 4 for evacuation
[2019-04-15T13:58:11.683+0200][973,842s] GC(2295) ParNew: 109248K->21824K(109248K)
[2019-04-15T13:58:11.683+0200][973,842s] GC(2295) CMS: 162189K->189480K(393216K)
[2019-04-15T13:58:11.683+0200][973,842s] GC(2295) Metaspace: 95421K->95421K(1136640K)
[2019-04-15T13:58:11.683+0200][973,842s] GC(2295) Pause Young (Allocation Failure) 265M->206M(490M) 20,708ms
[2019-04-15T13:58:11.683+0200][973,842s] GC(2295) User=0,06s Sys=0,00s Real=0,02s
[2019-04-15T13:58:11.774+0200][973,933s] GC(2296) Pause Young (Allocation Failure)
[2019-04-15T13:58:11.774+0200][973,933s] GC(2296) Using 4 workers of 4 for evacuation
[2019-04-15T13:58:11.790+0200][973,949s] GC(2296) ParNew: 108940K->21824K(109248K)
[2019-04-15T13:58:11.790+0200][973,949s] GC(2296) CMS: 189480K->199543K(393216K)
[2019-04-15T13:58:11.790+0200][973,949s] GC(2296) Metaspace: 95421K->95421K(1136640K)
[2019-04-15T13:58:11.790+0200][973,949s] GC(2296) Pause Young (Allocation Failure) 291M->216M(490M) 16,002ms
[2019-04-15T13:58:11.790+0200][973,949s] GC(2296) User=0,06s Sys=0,00s Real=0,01s
[2019-04-15T13:58:11.792+0200][973,951s] GC(2297) Pause Initial Mark
[2019-04-15T13:58:11.795+0200][973,954s] GC(2297) Pause Initial Mark 218M->218M(490M) 3,240ms
[2019-04-15T13:58:11.795+0200][973,954s] GC(2297) User=0,01s Sys=0,00s Real=0,01s
[2019-04-15T13:58:11.796+0200][973,954s] GC(2297) Concurrent Mark
[2019-04-15T13:58:11.796+0200][973,954s] GC(2297) Using 4 workers of 4 for marking
[2019-04-15T13:58:11.869+0200][974,028s] GC(2297) Concurrent Mark 73,406ms
[2019-04-15T13:58:11.869+0200][974,028s] GC(2297) User=0,27s Sys=0,00s Real=0,07s
[2019-04-15T13:58:11.869+0200][974,028s] GC(2297) Concurrent Preclean
[2019-04-15T13:58:11.870+0200][974,029s] GC(2297) Concurrent Preclean 1,265ms
[2019-04-15T13:58:11.870+0200][974,029s] GC(2297) User=0,00s Sys=0,00s Real=0,00s
[2019-04-15T13:58:11.870+0200][974,029s] GC(2297) Concurrent Abortable Preclean
[2019-04-15T13:58:11.939+0200][974,098s] GC(2298) Pause Young (Allocation Failure)
[2019-04-15T13:58:11.939+0200][974,098s] GC(2298) Using 4 workers of 4 for evacuation
[2019-04-15T13:58:11.954+0200][974,112s] GC(2298) ParNew: 109248K->21824K(109248K)
[2019-04-15T13:58:11.954+0200][974,113s] GC(2298) CMS: 199543K->202440K(393216K)
[2019-04-15T13:58:11.954+0200][974,113s] GC(2298) Metaspace: 95421K->95421K(1136640K)
[2019-04-15T13:58:11.954+0200][974,113s] GC(2298) Pause Young (Allocation Failure) 301M->219M(490M) 14,298ms
[2019-04-15T13:58:11.954+0200][974,113s] GC(2298) User=0,04s Sys=0,01s Real=0,02s
[2019-04-15T13:58:12.026+0200][974,185s] GC(2297) Concurrent Abortable Preclean 155,889ms
[2019-04-15T13:58:12.026+0200][974,185s] GC(2297) User=0,35s Sys=0,01s Real=0,16s
[2019-04-15T13:58:12.026+0200][974,185s] GC(2297) Pause Remark
[2019-04-15T13:58:12.026+0200][974,185s] GC(2299) Pause Young (CMS Final Remark)
[2019-04-15T13:58:12.026+0200][974,185s] GC(2299) Using 4 workers of 4 for evacuation
[2019-04-15T13:58:12.048+0200][974,207s] GC(2299) ParNew: 107623K->21824K(109248K)
[2019-04-15T13:58:12.048+0200][974,207s] GC(2299) CMS: 202440K->210237K(393216K)
[2019-04-15T13:58:12.048+0200][974,207s] GC(2299) Metaspace: 95421K->95421K(1136640K)
[2019-04-15T13:58:12.048+0200][974,207s] GC(2299) Pause Young (CMS Final Remark) 302M->226M(490M) 21,303ms
[2019-04-15T13:58:12.048+0200][974,207s] GC(2299) User=0,07s Sys=0,00s Real=0,02s
[2019-04-15T13:58:12.090+0200][974,248s] GC(2297) Pause Remark 302M->226M(490M) 63,125ms
[2019-04-15T13:58:12.090+0200][974,248s] GC(2297) User=0,13s Sys=0,00s Real=0,06s
[2019-04-15T13:58:12.090+0200][974,249s] GC(2297) Concurrent Sweep
[2019-04-15T13:58:12.134+0200][974,293s] GC(2297) Concurrent Sweep 44,230ms
[2019-04-15T13:58:12.134+0200][974,293s] GC(2297) User=0,08s Sys=0,00s Real=0,05s
[2019-04-15T13:58:12.134+0200][974,293s] GC(2297) Concurrent Reset
[2019-04-15T13:58:12.134+0200][974,293s] GC(2297) Concurrent Reset 0,281ms
[2019-04-15T13:58:12.134+0200][974,293s] GC(2297) User=0,00s Sys=0,00s Real=0,00s
[2019-04-15T13:58:12.134+0200][974,293s] GC(2297) Old: 199543K->178282K(393216K)
[2019-04-15T13:58:12.295+0200][974,454s] GC(2300) Pause Young (Allocation Failure)
[2019-04-15T13:58:12.295+0200][974,454s] GC(2300) Using 4 workers of 4 for evacuation
[2019-04-15T13:58:12.310+0200][974,469s] GC(2300) ParNew: 109248K->21824K(109248K)
[2019-04-15T13:58:12.310+0200][974,469s] GC(2300) CMS: 178282K->186316K(393216K)
[2019-04-15T13:58:12.310+0200][974,469s] GC(2300) Metaspace: 95422K->95422K(1136640K)
[2019-04-15T13:58:12.310+0200][974,469s] GC(2300) Pause Young (Allocation Failure) 280M->203M(490M) 15,373ms
[2019-04-15T13:58:12.310+0200][974,469s] GC(2300) User=0,05s Sys=0,00s Real=0,01s
[2019-04-15T13:58:12.413+0200][974,571s] GC(2301) Pause Young (Allocation Failure)
[2019-04-15T13:58:12.413+0200][974,571s] GC(2301) Using 4 workers of 4 for evacuation
[2019-04-15T13:58:12.426+0200][974,585s] GC(2301) ParNew: 109248K->21824K(109248K)
[2019-04-15T13:58:12.426+0200][974,585s] GC(2301) CMS: 186316K->190978K(393216K)
[2019-04-15T13:58:12.426+0200][974,585s] GC(2301) Metaspace: 95422K->95422K(1136640K)
[2019-04-15T13:58:12.426+0200][974,585s] GC(2301) Pause Young (Allocation Failure) 288M->207M(490M) 13,354ms
[2019-04-15T13:58:12.426+0200][974,585s] GC(2301) User=0,04s Sys=0,00s Real=0,02s
[2019-04-15T13:58:12.529+0200][974,688s] GC(2302) Pause Young (Allocation Failure)
[2019-04-15T13:58:12.529+0200][974,688s] GC(2302) Using 4 workers of 4 for evacuation
[2019-04-15T13:58:12.544+0200][974,703s] GC(2302) ParNew: 109248K->21824K(109248K)
[2019-04-15T13:58:12.544+0200][974,703s] GC(2302) CMS: 190978K->195409K(393216K)
[2019-04-15T13:58:12.544+0200][974,703s] GC(2302) Metaspace: 95423K->95423K(1136640K)
[2019-04-15T13:58:12.544+0200][974,703s] GC(2302) Pause Young (Allocation Failure) 293M->212M(490M) 14,972ms
[2019-04-15T13:58:12.544+0200][974,703s] GC(2302) User=0,05s Sys=0,01s Real=0,01s
[2019-04-15T13:58:12.651+0200][974,810s] GC(2303) Pause Young (Allocation Failure)
[2019-04-15T13:58:12.651+0200][974,810s] GC(2303) Using 4 workers of 4 for evacuation
[2019-04-15T13:58:12.666+0200][974,825s] GC(2303) ParNew: 109240K->21824K(109248K)
[2019-04-15T13:58:12.666+0200][974,825s] GC(2303) CMS: 195409K->201215K(393216K)
[2019-04-15T13:58:12.666+0200][974,825s] GC(2303) Metaspace: 95423K->95423K(1136640K)
[2019-04-15T13:58:12.666+0200][974,825s] GC(2303) Pause Young (Allocation Failure) 297M->217M(490M) 14,984ms
[2019-04-15T13:58:12.666+0200][974,825s] GC(2303) User=0,06s Sys=0,00s Real=0,02s
[2019-04-15T13:58:12.667+0200][974,825s] GC(2304) Pause Initial Mark
[2019-04-15T13:58:12.669+0200][974,828s] GC(2304) Pause Initial Mark 218M->218M(490M) 2,306ms
[2019-04-15T13:58:12.669+0200][974,828s] GC(2304) User=0,01s Sys=0,00s Real=0,00s
[2019-04-15T13:58:12.669+0200][974,828s] GC(2304) Concurrent Mark
[2019-04-15T13:58:12.669+0200][974,828s] GC(2304) Using 4 workers of 4 for marking
[2019-04-15T13:58:12.736+0200][974,895s] GC(2304) Concurrent Mark 67,381ms
[2019-04-15T13:58:12.736+0200][974,895s] GC(2304) User=0,23s Sys=0,00s Real=0,07s
[2019-04-15T13:58:12.736+0200][974,895s] GC(2304) Concurrent Preclean
[2019-04-15T13:58:12.738+0200][974,897s] GC(2304) Concurrent Preclean 1,179ms
[2019-04-15T13:58:12.738+0200][974,897s] GC(2304) User=0,00s Sys=0,00s Real=0,00s
[2019-04-15T13:58:12.738+0200][974,897s] GC(2304) Concurrent Abortable Preclean
[2019-04-15T13:58:12.836+0200][974,995s] GC(2305) Pause Young (Allocation Failure)
[2019-04-15T13:58:12.836+0200][974,995s] GC(2305) Using 4 workers of 4 for evacuation
[2019-04-15T13:58:12.848+0200][975,007s] GC(2305) ParNew: 108864K->21824K(109248K)
[2019-04-15T13:58:12.848+0200][975,007s] GC(2305) CMS: 201215K->201400K(393216K)
[2019-04-15T13:58:12.848+0200][975,007s] GC(2305) Metaspace: 95423K->95423K(1136640K)
[2019-04-15T13:58:12.848+0200][975,007s] GC(2305) Pause Young (Allocation Failure) 302M->217M(490M) 11,829ms
[2019-04-15T13:58:12.848+0200][975,007s] GC(2305) User=0,04s Sys=0,00s Real=0,01s
[2019-04-15T13:58:12.973+0200][975,132s] GC(2304) Concurrent Abortable Preclean 235,326ms
[2019-04-15T13:58:12.973+0200][975,132s] GC(2304) User=0,50s Sys=0,01s Real=0,24s
[2019-04-15T13:58:12.973+0200][975,132s] GC(2304) Pause Remark
[2019-04-15T13:58:12.973+0200][975,132s] GC(2306) Pause Young (CMS Final Remark)
[2019-04-15T13:58:12.973+0200][975,132s] GC(2306) Using 4 workers of 4 for evacuation
[2019-04-15T13:58:12.987+0200][975,146s] GC(2306) ParNew: 102425K->21824K(109248K)
[2019-04-15T13:58:12.987+0200][975,146s] GC(2306) CMS: 201400K->204930K(393216K)
[2019-04-15T13:58:12.987+0200][975,146s] GC(2306) Metaspace: 95423K->95423K(1136640K)
[2019-04-15T13:58:12.987+0200][975,146s] GC(2306) Pause Young (CMS Final Remark) 296M->221M(490M) 14,057ms
[2019-04-15T13:58:12.987+0200][975,146s] GC(2306) User=0,04s Sys=0,00s Real=0,01s
[2019-04-15T13:58:13.030+0200][975,189s] GC(2304) Pause Remark 296M->221M(490M) 56,968ms
[2019-04-15T13:58:13.030+0200][975,189s] GC(2304) User=0,10s Sys=0,00s Real=0,05s
[2019-04-15T13:58:13.030+0200][975,189s] GC(2304) Concurrent Sweep
[2019-04-15T13:58:13.099+0200][975,258s] GC(2304) Concurrent Sweep 68,559ms
[2019-04-15T13:58:13.099+0200][975,258s] GC(2304) User=0,19s Sys=0,00s Real=0,07s
[2019-04-15T13:58:13.099+0200][975,258s] GC(2304) Concurrent Reset
[2019-04-15T13:58:13.099+0200][975,258s] GC(2304) Concurrent Reset 0,537ms
[2019-04-15T13:58:13.100+0200][975,258s] GC(2304) User=0,00s Sys=0,00s Real=0,00s
[2019-04-15T13:58:13.100+0200][975,258s] GC(2304) Old: 201215K->168349K(393216K)
[2019-04-15T13:58:13.182+0200][975,341s] GC(2307) Pause Young (Allocation Failure)
[2019-04-15T13:58:13.182+0200][975,341s] GC(2307) Using 4 workers of 4 for evacuation
[2019-04-15T13:58:13.199+0200][975,358s] GC(2307) ParNew: 109248K->21824K(109248K)
[2019-04-15T13:58:13.199+0200][975,358s] GC(2307) CMS: 168349K->170174K(393216K)
[2019-04-15T13:58:13.199+0200][975,358s] GC(2307) Metaspace: 95423K->95423K(1136640K)
[2019-04-15T13:58:13.199+0200][975,358s] GC(2307) Pause Young (Allocation Failure) 271M->187M(490M) 16,736ms
[2019-04-15T13:58:13.199+0200][975,358s] GC(2307) User=0,04s Sys=0,00s Real=0,02s
[2019-04-15T13:58:13.356+0200][975,515s] GC(2308) Pause Young (Allocation Failure)
[2019-04-15T13:58:13.356+0200][975,515s] GC(2308) Using 4 workers of 4 for evacuation
[2019-04-15T13:58:13.371+0200][975,530s] GC(2308) ParNew: 109248K->21824K(109248K)
[2019-04-15T13:58:13.371+0200][975,530s] GC(2308) CMS: 170174K->182091K(393216K)
[2019-04-15T13:58:13.371+0200][975,530s] GC(2308) Metaspace: 95423K->95423K(1136640K)
[2019-04-15T13:58:13.371+0200][975,530s] GC(2308) Pause Young (Allocation Failure) 272M->199M(490M) 14,431ms
[2019-04-15T13:58:13.371+0200][975,530s] GC(2308) User=0,06s Sys=0,00s Real=0,01s
[2019-04-15T13:58:13.470+0200][975,629s] GC(2309) Pause Young (Allocation Failure)
[2019-04-15T13:58:13.470+0200][975,629s] GC(2309) Using 4 workers of 4 for evacuation
[2019-04-15T13:58:13.484+0200][975,643s] GC(2309) ParNew: 109248K->21824K(109248K)
[2019-04-15T13:58:13.484+0200][975,643s] GC(2309) CMS: 182091K->192445K(393216K)
[2019-04-15T13:58:13.484+0200][975,643s] GC(2309) Metaspace: 95423K->95423K(1136640K)
[2019-04-15T13:58:13.484+0200][975,643s] GC(2309) Pause Young (Allocation Failure) 284M->209M(490M) 14,573ms
[2019-04-15T13:58:13.485+0200][975,643s] GC(2309) User=0,05s Sys=0,00s Real=0,01s
[2019-04-15T13:58:13.595+0200][975,754s] GC(2310) Pause Young (Allocation Failure)
[2019-04-15T13:58:13.595+0200][975,754s] GC(2310) Using 4 workers of 4 for evacuation
[2019-04-15T13:58:13.612+0200][975,771s] GC(2310) ParNew: 109248K->21824K(109248K)
[2019-04-15T13:58:13.612+0200][975,771s] GC(2310) CMS: 192445K->205760K(393216K)
[2019-04-15T13:58:13.612+0200][975,771s] GC(2310) Metaspace: 95423K->95423K(1136640K)
[2019-04-15T13:58:13.612+0200][975,771s] GC(2310) Pause Young (Allocation Failure) 294M->222M(490M) 17,186ms
[2019-04-15T13:58:13.612+0200][975,771s] GC(2310) User=0,06s Sys=0,00s Real=0,01s
[2019-04-15T13:58:13.612+0200][975,771s] GC(2311) Pause Initial Mark
[2019-04-15T13:58:13.616+0200][975,774s] GC(2311) Pause Initial Mark 223M->223M(490M) 3,308ms
[2019-04-15T13:58:13.616+0200][975,774s] GC(2311) User=0,01s Sys=0,00s Real=0,01s
[2019-04-15T13:58:13.616+0200][975,775s] GC(2311) Concurrent Mark
[2019-04-15T13:58:13.616+0200][975,775s] GC(2311) Using 4 workers of 4 for marking
[2019-04-15T13:58:13.675+0200][975,833s] GC(2311) Concurrent Mark 58,941ms
[2019-04-15T13:58:13.675+0200][975,833s] GC(2311) User=0,23s Sys=0,00s Real=0,06s
[2019-04-15T13:58:13.675+0200][975,833s] GC(2311) Concurrent Preclean
[2019-04-15T13:58:13.676+0200][975,835s] GC(2311) Concurrent Preclean 1,446ms
[2019-04-15T13:58:13.676+0200][975,835s] GC(2311) User=0,00s Sys=0,00s Real=0,00s
[2019-04-15T13:58:13.676+0200][975,835s] GC(2311) Concurrent Abortable Preclean
[2019-04-15T13:58:13.761+0200][975,920s] GC(2312) Pause Young (Allocation Failure)
[2019-04-15T13:58:13.761+0200][975,920s] GC(2312) Using 4 workers of 4 for evacuation
[2019-04-15T13:58:13.778+0200][975,937s] GC(2312) ParNew: 109248K->21824K(109248K)
[2019-04-15T13:58:13.778+0200][975,937s] GC(2312) CMS: 205760K->220114K(393216K)
[2019-04-15T13:58:13.778+0200][975,937s] GC(2312) Metaspace: 95423K->95423K(1136640K)
[2019-04-15T13:58:13.778+0200][975,937s] GC(2312) Pause Young (Allocation Failure) 307M->236M(490M) 17,515ms
[2019-04-15T13:58:13.778+0200][975,937s] GC(2312) User=0,06s Sys=0,01s Real=0,02s
[2019-04-15T13:58:13.834+0200][975,993s] GC(2311) Concurrent Abortable Preclean 157,527ms
[2019-04-15T13:58:13.834+0200][975,993s] GC(2311) User=0,31s Sys=0,02s Real=0,16s
[2019-04-15T13:58:13.834+0200][975,993s] GC(2311) Pause Remark
[2019-04-15T13:58:13.834+0200][975,993s] GC(2313) Pause Young (CMS Final Remark)
[2019-04-15T13:58:13.834+0200][975,993s] GC(2313) Using 4 workers of 4 for evacuation
[2019-04-15T13:58:13.852+0200][976,010s] GC(2313) ParNew: 68939K->21824K(109248K)
[2019-04-15T13:58:13.852+0200][976,010s] GC(2313) CMS: 220114K->227148K(393216K)
[2019-04-15T13:58:13.852+0200][976,010s] GC(2313) Metaspace: 95423K->95423K(1136640K)
[2019-04-15T13:58:13.852+0200][976,011s] GC(2313) Pause Young (CMS Final Remark) 282M->243M(490M) 17,776ms
[2019-04-15T13:58:13.852+0200][976,011s] GC(2313) User=0,06s Sys=0,00s Real=0,01s
[2019-04-15T13:58:13.894+0200][976,053s] GC(2311) Pause Remark 282M->243M(490M) 59,982ms
[2019-04-15T13:58:13.894+0200][976,053s] GC(2311) User=0,12s Sys=0,00s Real=0,06s
[2019-04-15T13:58:13.894+0200][976,053s] GC(2311) Concurrent Sweep
[2019-04-15T13:58:13.945+0200][976,104s] GC(2311) Concurrent Sweep 51,518ms
[2019-04-15T13:58:13.945+0200][976,104s] GC(2311) User=0,10s Sys=0,00s Real=0,05s
[2019-04-15T13:58:13.945+0200][976,104s] GC(2311) Concurrent Reset
[2019-04-15T13:58:13.946+0200][976,105s] GC(2311) Concurrent Reset 0,279ms
[2019-04-15T13:58:13.946+0200][976,105s] GC(2311) User=0,00s Sys=0,00s Real=0,00s
[2019-04-15T13:58:13.946+0200][976,105s] GC(2311) Old: 205760K->169055K(393216K)
[2019-04-15T13:58:14.001+0200][976,160s] GC(2314) Pause Young (Allocation Failure)
[2019-04-15T13:58:14.001+0200][976,160s] GC(2314) Using 4 workers of 4 for evacuation
[2019-04-15T13:58:14.017+0200][976,176s] GC(2314) ParNew: 109248K->21824K(109248K)
[2019-04-15T13:58:14.017+0200][976,176s] GC(2314) CMS: 169055K->175974K(393216K)
[2019-04-15T13:58:14.017+0200][976,176s] GC(2314) Metaspace: 95423K->95423K(1136640K)
[2019-04-15T13:58:14.017+0200][976,176s] GC(2314) Pause Young (Allocation Failure) 271M->193M(490M) 15,574ms
[2019-04-15T13:58:14.017+0200][976,176s] GC(2314) User=0,06s Sys=0,00s Real=0,02s
[2019-04-15T13:58:14.146+0200][976,305s] GC(2315) Pause Young (Allocation Failure)
[2019-04-15T13:58:14.146+0200][976,305s] GC(2315) Using 4 workers of 4 for evacuation
[2019-04-15T13:58:14.161+0200][976,320s] GC(2315) ParNew: 109248K->21824K(109248K)
[2019-04-15T13:58:14.161+0200][976,320s] GC(2315) CMS: 175974K->184818K(393216K)
[2019-04-15T13:58:14.161+0200][976,320s] GC(2315) Metaspace: 95424K->95424K(1136640K)
[2019-04-15T13:58:14.161+0200][976,320s] GC(2315) Pause Young (Allocation Failure) 278M->201M(490M) 15,194ms
[2019-04-15T13:58:14.162+0200][976,320s] GC(2315) User=0,05s Sys=0,00s Real=0,01s
[2019-04-15T13:58:14.662+0200][976,821s] GC(2316) Pause Young (Allocation Failure)
[2019-04-15T13:58:14.662+0200][976,821s] GC(2316) Using 4 workers of 4 for evacuation
[2019-04-15T13:58:14.680+0200][976,839s] GC(2316) ParNew: 109248K->21824K(109248K)
[2019-04-15T13:58:14.680+0200][976,839s] GC(2316) CMS: 184818K->194832K(393216K)
[2019-04-15T13:58:14.680+0200][976,839s] GC(2316) Metaspace: 95435K->95435K(1136640K)
[2019-04-15T13:58:14.680+0200][976,839s] GC(2316) Pause Young (Allocation Failure) 287M->211M(490M) 18,452ms
[2019-04-15T13:58:14.680+0200][976,839s] GC(2316) User=0,06s Sys=0,00s Real=0,02s
[2019-04-15T13:58:14.975+0200][977,134s] GC(2317) Pause Young (Allocation Failure)
[2019-04-15T13:58:14.975+0200][977,134s] GC(2317) Using 4 workers of 4 for evacuation
[2019-04-15T13:58:14.984+0200][977,143s] GC(2317) ParNew: 109248K->21824K(109248K)
[2019-04-15T13:58:14.984+0200][977,143s] GC(2317) CMS: 194832K->195193K(393216K)
[2019-04-15T13:58:14.984+0200][977,143s] GC(2317) Metaspace: 95445K->95445K(1136640K)
[2019-04-15T13:58:14.984+0200][977,143s] GC(2317) Pause Young (Allocation Failure) 296M->211M(490M) 9,437ms
[2019-04-15T13:58:14.984+0200][977,143s] GC(2317) User=0,03s Sys=0,00s Real=0,00s
[2019-04-15T13:58:15.103+0200][977,262s] GC(2318) Pause Young (Allocation Failure)
[2019-04-15T13:58:15.103+0200][977,262s] GC(2318) Using 4 workers of 4 for evacuation
[2019-04-15T13:58:15.118+0200][977,277s] GC(2318) ParNew: 109248K->21824K(109248K)
[2019-04-15T13:58:15.118+0200][977,277s] GC(2318) CMS: 195193K->201282K(393216K)
[2019-04-15T13:58:15.118+0200][977,277s] GC(2318) Metaspace: 95445K->95445K(1136640K)
[2019-04-15T13:58:15.118+0200][977,277s] GC(2318) Pause Young (Allocation Failure) 297M->217M(490M) 15,050ms
[2019-04-15T13:58:15.118+0200][977,277s] GC(2318) User=0,05s Sys=0,00s Real=0,02s
[2019-04-15T13:58:15.118+0200][977,277s] GC(2319) Pause Initial Mark
[2019-04-15T13:58:15.122+0200][977,281s] GC(2319) Pause Initial Mark 218M->218M(490M) 3,518ms
[2019-04-15T13:58:15.122+0200][977,281s] GC(2319) User=0,00s Sys=0,00s Real=0,00s
[2019-04-15T13:58:15.122+0200][977,281s] GC(2319) Concurrent Mark
[2019-04-15T13:58:15.122+0200][977,281s] GC(2319) Using 4 workers of 4 for marking
[2019-04-15T13:58:15.185+0200][977,344s] GC(2319) Concurrent Mark 62,744ms
[2019-04-15T13:58:15.185+0200][977,344s] GC(2319) User=0,24s Sys=0,00s Real=0,07s
[2019-04-15T13:58:15.185+0200][977,344s] GC(2319) Concurrent Preclean
[2019-04-15T13:58:15.186+0200][977,345s] GC(2319) Concurrent Preclean 1,454ms
[2019-04-15T13:58:15.186+0200][977,345s] GC(2319) User=0,00s Sys=0,00s Real=0,00s
[2019-04-15T13:58:15.186+0200][977,345s] GC(2319) Concurrent Abortable Preclean
[2019-04-15T13:58:15.262+0200][977,421s] GC(2320) Pause Young (Allocation Failure)
[2019-04-15T13:58:15.262+0200][977,421s] GC(2320) Using 4 workers of 4 for evacuation
[2019-04-15T13:58:15.277+0200][977,436s] GC(2320) ParNew: 109248K->21824K(109248K)
[2019-04-15T13:58:15.277+0200][977,436s] GC(2320) CMS: 201282K->205165K(393216K)
[2019-04-15T13:58:15.277+0200][977,436s] GC(2320) Metaspace: 95445K->95445K(1136640K)
[2019-04-15T13:58:15.277+0200][977,436s] GC(2320) Pause Young (Allocation Failure) 303M->221M(490M) 15,220ms
[2019-04-15T13:58:15.277+0200][977,436s] GC(2320) User=0,05s Sys=0,00s Real=0,02s
[2019-04-15T13:58:15.389+0200][977,547s] GC(2321) Pause Young (Allocation Failure)
[2019-04-15T13:58:15.389+0200][977,548s] GC(2321) Using 4 workers of 4 for evacuation
[2019-04-15T13:58:15.404+0200][977,563s] GC(2321) ParNew: 109248K->21824K(109248K)
[2019-04-15T13:58:15.404+0200][977,563s] GC(2321) CMS: 205165K->211248K(393216K)
[2019-04-15T13:58:15.404+0200][977,563s] GC(2321) Metaspace: 95445K->95445K(1136640K)
[2019-04-15T13:58:15.404+0200][977,563s] GC(2321) Pause Young (Allocation Failure) 307M->227M(490M) 15,101ms
[2019-04-15T13:58:15.404+0200][977,563s] GC(2321) User=0,06s Sys=0,00s Real=0,01s
[2019-04-15T13:58:15.544+0200][977,703s] GC(2322) Pause Young (Allocation Failure)
[2019-04-15T13:58:15.544+0200][977,703s] GC(2322) Using 4 workers of 4 for evacuation
[2019-04-15T13:58:15.559+0200][977,718s] GC(2322) ParNew: 109248K->21824K(109248K)
[2019-04-15T13:58:15.559+0200][977,718s] GC(2322) CMS: 211248K->213276K(393216K)
[2019-04-15T13:58:15.559+0200][977,718s] GC(2322) Metaspace: 95445K->95445K(1136640K)
[2019-04-15T13:58:15.559+0200][977,718s] GC(2322) Pause Young (Allocation Failure) 312M->229M(490M) 14,816ms
[2019-04-15T13:58:15.559+0200][977,718s] GC(2322) User=0,05s Sys=0,00s Real=0,02s
[2019-04-15T13:58:15.559+0200][977,718s] GC(2319) Concurrent Abortable Preclean 372,494ms
[2019-04-15T13:58:15.559+0200][977,718s] GC(2319) User=0,76s Sys=0,01s Real=0,37s
[2019-04-15T13:58:15.559+0200][977,718s] GC(2319) Pause Remark
[2019-04-15T13:58:15.559+0200][977,718s] GC(2323) Pause Young (CMS Final Remark)
[2019-04-15T13:58:15.559+0200][977,718s] GC(2323) Using 4 workers of 4 for evacuation
[2019-04-15T13:58:15.570+0200][977,729s] GC(2323) ParNew: 22248K->21824K(109248K)
[2019-04-15T13:58:15.570+0200][977,729s] GC(2323) CMS: 213276K->215232K(393216K)
[2019-04-15T13:58:15.570+0200][977,729s] GC(2323) Metaspace: 95445K->95445K(1136640K)
[2019-04-15T13:58:15.570+0200][977,729s] GC(2323) Pause Young (CMS Final Remark) 230M->231M(490M) 10,775ms
[2019-04-15T13:58:15.570+0200][977,729s] GC(2323) User=0,04s Sys=0,00s Real=0,01s
[2019-04-15T13:58:15.613+0200][977,772s] GC(2319) Pause Remark 230M->231M(490M) 53,531ms
[2019-04-15T13:58:15.613+0200][977,772s] GC(2319) User=0,10s Sys=0,00s Real=0,05s
[2019-04-15T13:58:15.613+0200][977,772s] GC(2319) Concurrent Sweep
[2019-04-15T13:58:15.659+0200][977,818s] GC(2319) Concurrent Sweep 46,218ms
[2019-04-15T13:58:15.659+0200][977,818s] GC(2319) User=0,09s Sys=0,00s Real=0,05s
[2019-04-15T13:58:15.659+0200][977,818s] GC(2319) Concurrent Reset
[2019-04-15T13:58:15.659+0200][977,818s] GC(2319) Concurrent Reset 0,321ms
[2019-04-15T13:58:15.659+0200][977,818s] GC(2319) User=0,00s Sys=0,00s Real=0,00s
[2019-04-15T13:58:15.659+0200][977,818s] GC(2319) Old: 201282K->168268K(393216K)
[2019-04-15T13:58:15.719+0200][977,878s] GC(2324) Pause Young (Allocation Failure)
[2019-04-15T13:58:15.719+0200][977,878s] GC(2324) Using 4 workers of 4 for evacuation
[2019-04-15T13:58:15.734+0200][977,893s] GC(2324) ParNew: 109248K->21824K(109248K)
[2019-04-15T13:58:15.734+0200][977,893s] GC(2324) CMS: 168268K->171861K(393216K)
[2019-04-15T13:58:15.734+0200][977,893s] GC(2324) Metaspace: 95445K->95445K(1136640K)
[2019-04-15T13:58:15.734+0200][977,893s] GC(2324) Pause Young (Allocation Failure) 271M->189M(490M) 14,220ms
[2019-04-15T13:58:15.734+0200][977,893s] GC(2324) User=0,04s Sys=0,00s Real=0,02s
[2019-04-15T13:58:15.850+0200][978,009s] GC(2325) Pause Young (Allocation Failure)
[2019-04-15T13:58:15.851+0200][978,009s] GC(2325) Using 4 workers of 4 for evacuation
[2019-04-15T13:58:15.866+0200][978,025s] GC(2325) ParNew: 109248K->21824K(109248K)
[2019-04-15T13:58:15.866+0200][978,025s] GC(2325) CMS: 171861K->177295K(393216K)
[2019-04-15T13:58:15.866+0200][978,025s] GC(2325) Metaspace: 95446K->95446K(1136640K)
[2019-04-15T13:58:15.866+0200][978,025s] GC(2325) Pause Young (Allocation Failure) 274M->194M(490M) 15,904ms
[2019-04-15T13:58:15.866+0200][978,025s] GC(2325) User=0,06s Sys=0,00s Real=0,02s
[2019-04-15T13:58:16.009+0200][978,167s] GC(2326) Pause Young (Allocation Failure)
[2019-04-15T13:58:16.009+0200][978,168s] GC(2326) Using 4 workers of 4 for evacuation
[2019-04-15T13:58:16.030+0200][978,189s] GC(2326) ParNew: 109248K->21824K(109248K)
[2019-04-15T13:58:16.030+0200][978,189s] GC(2326) CMS: 177295K->181830K(393216K)
[2019-04-15T13:58:16.030+0200][978,189s] GC(2326) Metaspace: 95446K->95446K(1136640K)
[2019-04-15T13:58:16.030+0200][978,189s] GC(2326) Pause Young (Allocation Failure) 279M->198M(490M) 21,290ms
[2019-04-15T13:58:16.030+0200][978,189s] GC(2326) User=0,06s Sys=0,00s Real=0,02s
[2019-04-15T13:58:16.131+0200][978,290s] GC(2327) Pause Young (Allocation Failure)
[2019-04-15T13:58:16.131+0200][978,290s] GC(2327) Using 4 workers of 4 for evacuation
[2019-04-15T13:58:16.149+0200][978,308s] GC(2327) ParNew: 109248K->21824K(109248K)
[2019-04-15T13:58:16.149+0200][978,308s] GC(2327) CMS: 181830K->185451K(393216K)
[2019-04-15T13:58:16.149+0200][978,308s] GC(2327) Metaspace: 95446K->95446K(1136640K)
[2019-04-15T13:58:16.149+0200][978,308s] GC(2327) Pause Young (Allocation Failure) 284M->202M(490M) 18,017ms
[2019-04-15T13:58:16.149+0200][978,308s] GC(2327) User=0,05s Sys=0,00s Real=0,02s
[2019-04-15T13:58:16.242+0200][978,401s] GC(2328) Pause Young (Allocation Failure)
[2019-04-15T13:58:16.242+0200][978,401s] GC(2328) Using 4 workers of 4 for evacuation
[2019-04-15T13:58:16.257+0200][978,416s] GC(2328) ParNew: 109248K->21824K(109248K)
[2019-04-15T13:58:16.257+0200][978,416s] GC(2328) CMS: 185451K->192045K(393216K)
[2019-04-15T13:58:16.257+0200][978,416s] GC(2328) Metaspace: 95446K->95446K(1136640K)
[2019-04-15T13:58:16.257+0200][978,416s] GC(2328) Pause Young (Allocation Failure) 287M->208M(490M) 15,188ms
[2019-04-15T13:58:16.257+0200][978,416s] GC(2328) User=0,06s Sys=0,00s Real=0,02s
[2019-04-15T13:58:16.377+0200][978,536s] GC(2329) Pause Young (Allocation Failure)
[2019-04-15T13:58:16.377+0200][978,536s] GC(2329) Using 4 workers of 4 for evacuation
[2019-04-15T13:58:16.398+0200][978,557s] GC(2329) ParNew: 109248K->21824K(109248K)
[2019-04-15T13:58:16.398+0200][978,557s] GC(2329) CMS: 192045K->199995K(393216K)
[2019-04-15T13:58:16.398+0200][978,557s] GC(2329) Metaspace: 95455K->95455K(1136640K)
[2019-04-15T13:58:16.398+0200][978,557s] GC(2329) Pause Young (Allocation Failure) 294M->216M(490M) 21,077ms
[2019-04-15T13:58:16.398+0200][978,557s] GC(2329) User=0,07s Sys=0,00s Real=0,02s
[2019-04-15T13:58:16.404+0200][978,563s] GC(2330) Pause Initial Mark
[2019-04-15T13:58:16.410+0200][978,569s] GC(2330) Pause Initial Mark 229M->229M(490M) 6,423ms
[2019-04-15T13:58:16.410+0200][978,569s] GC(2330) User=0,02s Sys=0,00s Real=0,01s
[2019-04-15T13:58:16.410+0200][978,569s] GC(2330) Concurrent Mark
[2019-04-15T13:58:16.410+0200][978,569s] GC(2330) Using 4 workers of 4 for marking
[2019-04-15T13:58:16.493+0200][978,652s] GC(2331) Pause Young (Allocation Failure)
[2019-04-15T13:58:16.493+0200][978,652s] GC(2331) Using 4 workers of 4 for evacuation
[2019-04-15T13:58:16.513+0200][978,672s] GC(2331) ParNew: 109248K->21824K(109248K)
[2019-04-15T13:58:16.513+0200][978,672s] GC(2331) CMS: 199995K->203974K(393216K)
[2019-04-15T13:58:16.513+0200][978,672s] GC(2331) Metaspace: 95465K->95465K(1136640K)
[2019-04-15T13:58:16.513+0200][978,672s] GC(2331) Pause Young (Allocation Failure) 301M->220M(490M) 19,503ms
[2019-04-15T13:58:16.513+0200][978,672s] GC(2331) User=0,06s Sys=0,00s Real=0,01s
[2019-04-15T13:58:16.529+0200][978,688s] GC(2330) Concurrent Mark 118,794ms
[2019-04-15T13:58:16.529+0200][978,688s] GC(2330) User=0,43s Sys=0,00s Real=0,12s
[2019-04-15T13:58:16.529+0200][978,688s] GC(2330) Concurrent Preclean
[2019-04-15T13:58:16.537+0200][978,696s] GC(2330) Concurrent Preclean 7,990ms
[2019-04-15T13:58:16.537+0200][978,696s] GC(2330) User=0,04s Sys=0,00s Real=0,01s
[2019-04-15T13:58:16.537+0200][978,696s] GC(2330) Concurrent Abortable Preclean
[2019-04-15T13:58:16.621+0200][978,780s] GC(2332) Pause Young (Allocation Failure)
[2019-04-15T13:58:16.621+0200][978,780s] GC(2332) Using 4 workers of 4 for evacuation
[2019-04-15T13:58:16.640+0200][978,799s] GC(2332) ParNew: 109248K->21824K(109248K)
[2019-04-15T13:58:16.640+0200][978,799s] GC(2332) CMS: 203974K->205032K(393216K)
[2019-04-15T13:58:16.640+0200][978,799s] GC(2332) Metaspace: 95474K->95474K(1136640K)
[2019-04-15T13:58:16.640+0200][978,799s] GC(2332) Pause Young (Allocation Failure) 305M->221M(490M) 18,874ms
[2019-04-15T13:58:16.640+0200][978,799s] GC(2332) User=0,06s Sys=0,00s Real=0,02s
[2019-04-15T13:58:16.742+0200][978,901s] GC(2330) Concurrent Abortable Preclean 204,882ms
[2019-04-15T13:58:16.742+0200][978,901s] GC(2330) User=0,71s Sys=0,02s Real=0,20s
[2019-04-15T13:58:16.742+0200][978,901s] GC(2330) Pause Remark
[2019-04-15T13:58:16.742+0200][978,901s] GC(2333) Pause Young (CMS Final Remark)
[2019-04-15T13:58:16.742+0200][978,901s] GC(2333) Using 4 workers of 4 for evacuation
[2019-04-15T13:58:16.767+0200][978,926s] GC(2333) ParNew: 73570K->21824K(109248K)
[2019-04-15T13:58:16.767+0200][978,926s] GC(2333) CMS: 205032K->207975K(393216K)
[2019-04-15T13:58:16.767+0200][978,926s] GC(2333) Metaspace: 95474K->95474K(1136640K)
[2019-04-15T13:58:16.767+0200][978,926s] GC(2333) Pause Young (CMS Final Remark) 272M->224M(490M) 24,489ms
[2019-04-15T13:58:16.767+0200][978,926s] GC(2333) User=0,08s Sys=0,00s Real=0,03s
[2019-04-15T13:58:16.816+0200][978,975s] GC(2330) Pause Remark 272M->224M(490M) 74,086ms
[2019-04-15T13:58:16.816+0200][978,975s] GC(2330) User=0,17s Sys=0,00s Real=0,08s
[2019-04-15T13:58:16.816+0200][978,975s] GC(2330) Concurrent Sweep
[2019-04-15T13:58:16.867+0200][979,026s] GC(2330) Concurrent Sweep 50,403ms
[2019-04-15T13:58:16.867+0200][979,026s] GC(2330) User=0,10s Sys=0,00s Real=0,05s
[2019-04-15T13:58:16.867+0200][979,026s] GC(2330) Concurrent Reset
[2019-04-15T13:58:16.867+0200][979,026s] GC(2330) Concurrent Reset 0,323ms
[2019-04-15T13:58:16.867+0200][979,026s] GC(2330) User=0,00s Sys=0,00s Real=0,00s
[2019-04-15T13:58:16.867+0200][979,026s] GC(2330) Old: 199995K->162736K(393216K)
[2019-04-15T13:58:16.938+0200][979,096s] GC(2334) Pause Young (Allocation Failure)
[2019-04-15T13:58:16.938+0200][979,097s] GC(2334) Using 4 workers of 4 for evacuation
[2019-04-15T13:58:16.951+0200][979,110s] GC(2334) ParNew: 109248K->21824K(109248K)
[2019-04-15T13:58:16.951+0200][979,110s] GC(2334) CMS: 162736K->165299K(393216K)
[2019-04-15T13:58:16.951+0200][979,110s] GC(2334) Metaspace: 95474K->95474K(1136640K)
[2019-04-15T13:58:16.951+0200][979,110s] GC(2334) Pause Young (Allocation Failure) 265M->182M(490M) 13,213ms
[2019-04-15T13:58:16.951+0200][979,110s] GC(2334) User=0,05s Sys=0,00s Real=0,01s
[2019-04-15T13:58:17.067+0200][979,226s] GC(2335) Pause Young (Allocation Failure)
[2019-04-15T13:58:17.067+0200][979,226s] GC(2335) Using 4 workers of 4 for evacuation
[2019-04-15T13:58:17.081+0200][979,240s] GC(2335) ParNew: 109248K->21054K(109248K)
[2019-04-15T13:58:17.081+0200][979,240s] GC(2335) CMS: 165299K->168586K(393216K)
[2019-04-15T13:58:17.081+0200][979,240s] GC(2335) Metaspace: 95474K->95474K(1136640K)
[2019-04-15T13:58:17.081+0200][979,240s] GC(2335) Pause Young (Allocation Failure) 268M->185M(490M) 13,926ms
[2019-04-15T13:58:17.081+0200][979,240s] GC(2335) User=0,05s Sys=0,00s Real=0,01s
[2019-04-15T13:58:17.225+0200][979,384s] GC(2336) Pause Young (Allocation Failure)
[2019-04-15T13:58:17.225+0200][979,384s] GC(2336) Using 4 workers of 4 for evacuation
[2019-04-15T13:58:17.241+0200][979,400s] GC(2336) ParNew: 108478K->21824K(109248K)
[2019-04-15T13:58:17.241+0200][979,400s] GC(2336) CMS: 168586K->170592K(393216K)
[2019-04-15T13:58:17.241+0200][979,400s] GC(2336) Metaspace: 95474K->95474K(1136640K)
[2019-04-15T13:58:17.241+0200][979,400s] GC(2336) Pause Young (Allocation Failure) 270M->187M(490M) 16,455ms
[2019-04-15T13:58:17.241+0200][979,400s] GC(2336) User=0,05s Sys=0,00s Real=0,02s
[2019-04-15T13:58:17.522+0200][979,681s] GC(2337) Pause Young (Allocation Failure)
[2019-04-15T13:58:17.522+0200][979,681s] GC(2337) Using 4 workers of 4 for evacuation
[2019-04-15T13:58:17.555+0200][979,714s] GC(2337) ParNew: 109248K->21824K(109248K)
[2019-04-15T13:58:17.555+0200][979,714s] GC(2337) CMS: 170592K->241927K(393216K)
[2019-04-15T13:58:17.555+0200][979,714s] GC(2337) Metaspace: 95474K->95474K(1136640K)
[2019-04-15T13:58:17.555+0200][979,714s] GC(2337) Pause Young (Allocation Failure) 273M->257M(490M) 33,216ms
[2019-04-15T13:58:17.555+0200][979,714s] GC(2337) User=0,10s Sys=0,00s Real=0,04s
[2019-04-15T13:58:17.555+0200][979,714s] GC(2338) Pause Initial Mark
[2019-04-15T13:58:17.557+0200][979,716s] GC(2338) Pause Initial Mark 258M->258M(490M) 1,960ms
[2019-04-15T13:58:17.557+0200][979,716s] GC(2338) User=0,00s Sys=0,00s Real=0,00s
[2019-04-15T13:58:17.557+0200][979,716s] GC(2338) Concurrent Mark
[2019-04-15T13:58:17.557+0200][979,716s] GC(2338) Using 4 workers of 4 for marking
[2019-04-15T13:58:17.625+0200][979,784s] GC(2338) Concurrent Mark 67,640ms
[2019-04-15T13:58:17.625+0200][979,784s] GC(2338) User=0,20s Sys=0,01s Real=0,07s
[2019-04-15T13:58:17.625+0200][979,784s] GC(2338) Concurrent Preclean
[2019-04-15T13:58:17.627+0200][979,785s] GC(2338) Concurrent Preclean 1,563ms
[2019-04-15T13:58:17.627+0200][979,786s] GC(2338) User=0,00s Sys=0,00s Real=0,00s
[2019-04-15T13:58:17.627+0200][979,786s] GC(2338) Concurrent Abortable Preclean
[2019-04-15T13:58:17.672+0200][979,831s] GC(2339) Pause Young (Allocation Failure)
[2019-04-15T13:58:17.672+0200][979,831s] GC(2339) Using 4 workers of 4 for evacuation
[2019-04-15T13:58:17.690+0200][979,849s] GC(2339) ParNew: 109248K->21824K(109248K)
[2019-04-15T13:58:17.690+0200][979,849s] GC(2339) CMS: 241927K->261161K(393216K)
[2019-04-15T13:58:17.690+0200][979,849s] GC(2339) Metaspace: 95474K->95474K(1136640K)
[2019-04-15T13:58:17.690+0200][979,849s] GC(2339) Pause Young (Allocation Failure) 342M->276M(490M) 17,722ms
[2019-04-15T13:58:17.690+0200][979,849s] GC(2339) User=0,06s Sys=0,00s Real=0,02s
[2019-04-15T13:58:17.778+0200][979,937s] GC(2340) Pause Young (Allocation Failure)
[2019-04-15T13:58:17.778+0200][979,937s] GC(2340) Using 4 workers of 4 for evacuation
[2019-04-15T13:58:17.796+0200][979,955s] GC(2340) ParNew: 109248K->21824K(109248K)
[2019-04-15T13:58:17.796+0200][979,955s] GC(2340) CMS: 261161K->263370K(393216K)
[2019-04-15T13:58:17.796+0200][979,955s] GC(2340) Metaspace: 95474K->95474K(1136640K)
[2019-04-15T13:58:17.796+0200][979,955s] GC(2340) Pause Young (Allocation Failure) 361M->278M(490M) 17,718ms
[2019-04-15T13:58:17.796+0200][979,955s] GC(2340) User=0,06s Sys=0,00s Real=0,02s
[2019-04-15T13:58:17.796+0200][979,955s] GC(2338) Concurrent Abortable Preclean 169,403ms
[2019-04-15T13:58:17.796+0200][979,955s] GC(2338) User=0,49s Sys=0,01s Real=0,17s
[2019-04-15T13:58:17.796+0200][979,955s] GC(2338) Pause Remark
[2019-04-15T13:58:17.796+0200][979,955s] GC(2341) Pause Young (CMS Final Remark)
[2019-04-15T13:58:17.796+0200][979,955s] GC(2341) Using 4 workers of 4 for evacuation
[2019-04-15T13:58:17.808+0200][979,967s] GC(2341) ParNew: 21826K->19680K(109248K)
[2019-04-15T13:58:17.808+0200][979,967s] GC(2341) CMS: 263370K->263370K(393216K)
[2019-04-15T13:58:17.808+0200][979,967s] GC(2341) Metaspace: 95474K->95474K(1136640K)
[2019-04-15T13:58:17.808+0200][979,967s] GC(2341) Pause Young (CMS Final Remark) 278M->276M(490M) 11,462ms
[2019-04-15T13:58:17.808+0200][979,967s] GC(2341) User=0,04s Sys=0,00s Real=0,01s
[2019-04-15T13:58:17.854+0200][980,013s] GC(2338) Pause Remark 278M->276M(490M) 58,005ms
[2019-04-15T13:58:17.854+0200][980,013s] GC(2338) User=0,16s Sys=0,00s Real=0,06s
[2019-04-15T13:58:17.854+0200][980,013s] GC(2338) Concurrent Sweep
[2019-04-15T13:58:17.928+0200][980,087s] GC(2338) Concurrent Sweep 73,232ms
[2019-04-15T13:58:17.928+0200][980,087s] GC(2338) User=0,13s Sys=0,03s Real=0,07s
[2019-04-15T13:58:17.928+0200][980,087s] GC(2338) Concurrent Reset
[2019-04-15T13:58:17.928+0200][980,087s] GC(2338) Concurrent Reset 0,412ms
[2019-04-15T13:58:17.928+0200][980,087s] GC(2338) User=0,00s Sys=0,00s Real=0,00s
[2019-04-15T13:58:17.928+0200][980,087s] GC(2338) Old: 241927K->227908K(393216K)
[2019-04-15T13:58:18.092+0200][980,251s] GC(2342) Pause Young (Allocation Failure)
[2019-04-15T13:58:18.092+0200][980,251s] GC(2342) Using 4 workers of 4 for evacuation
[2019-04-15T13:58:18.109+0200][980,268s] GC(2342) ParNew: 107097K->21824K(109248K)
[2019-04-15T13:58:18.109+0200][980,268s] GC(2342) CMS: 227908K->247587K(393216K)
[2019-04-15T13:58:18.109+0200][980,268s] GC(2342) Metaspace: 95474K->95474K(1136640K)
[2019-04-15T13:58:18.109+0200][980,268s] GC(2342) Pause Young (Allocation Failure) 327M->263M(490M) 16,931ms
[2019-04-15T13:58:18.109+0200][980,268s] GC(2342) User=0,05s Sys=0,00s Real=0,02s
[2019-04-15T13:58:18.109+0200][980,268s] GC(2343) Pause Initial Mark
[2019-04-15T13:58:18.110+0200][980,269s] GC(2343) Pause Initial Mark 263M->263M(490M) 1,113ms
[2019-04-15T13:58:18.110+0200][980,269s] GC(2343) User=0,01s Sys=0,00s Real=0,00s
[2019-04-15T13:58:18.110+0200][980,269s] GC(2343) Concurrent Mark
[2019-04-15T13:58:18.110+0200][980,269s] GC(2343) Using 4 workers of 4 for marking
[2019-04-15T13:58:18.217+0200][980,376s] GC(2344) Pause Young (Allocation Failure)
[2019-04-15T13:58:18.217+0200][980,376s] GC(2344) Using 4 workers of 4 for evacuation
[2019-04-15T13:58:18.245+0200][980,404s] GC(2344) ParNew: 109248K->21824K(109248K)
[2019-04-15T13:58:18.245+0200][980,404s] GC(2344) CMS: 247587K->281639K(393216K)
[2019-04-15T13:58:18.245+0200][980,404s] GC(2344) Metaspace: 95475K->95475K(1136640K)
[2019-04-15T13:58:18.245+0200][980,404s] GC(2344) Pause Young (Allocation Failure) 348M->296M(490M) 27,910ms
[2019-04-15T13:58:18.245+0200][980,404s] GC(2344) User=0,09s Sys=0,00s Real=0,03s
[2019-04-15T13:58:18.276+0200][980,435s] GC(2343) Concurrent Mark 165,944ms
[2019-04-15T13:58:18.276+0200][980,435s] GC(2343) User=0,56s Sys=0,03s Real=0,17s
[2019-04-15T13:58:18.276+0200][980,435s] GC(2343) Concurrent Preclean
[2019-04-15T13:58:18.285+0200][980,444s] GC(2343) Concurrent Preclean 8,896ms
[2019-04-15T13:58:18.285+0200][980,444s] GC(2343) User=0,04s Sys=0,01s Real=0,01s
[2019-04-15T13:58:18.285+0200][980,444s] GC(2343) Concurrent Abortable Preclean
[2019-04-15T13:58:18.360+0200][980,519s] GC(2345) Pause Young (Allocation Failure)
[2019-04-15T13:58:18.360+0200][980,519s] GC(2345) Using 4 workers of 4 for evacuation
[2019-04-15T13:58:18.382+0200][980,541s] GC(2345) ParNew: 109248K->21341K(109248K)
[2019-04-15T13:58:18.382+0200][980,541s] GC(2345) CMS: 281639K->295905K(393216K)
[2019-04-15T13:58:18.382+0200][980,541s] GC(2345) Metaspace: 95475K->95475K(1136640K)
[2019-04-15T13:58:18.382+0200][980,541s] GC(2345) Pause Young (Allocation Failure) 381M->309M(490M) 21,417ms
[2019-04-15T13:58:18.382+0200][980,541s] GC(2345) User=0,05s Sys=0,00s Real=0,02s
[2019-04-15T13:58:18.548+0200][980,707s] GC(2346) Pause Young (Allocation Failure)
[2019-04-15T13:58:18.548+0200][980,707s] GC(2346) Using 4 workers of 4 for evacuation
[2019-04-15T13:58:18.562+0200][980,721s] GC(2346) ParNew: 108797K->21824K(109248K)
[2019-04-15T13:58:18.562+0200][980,721s] GC(2346) CMS: 295905K->306663K(393216K)
[2019-04-15T13:58:18.562+0200][980,721s] GC(2346) Metaspace: 95498K->95498K(1136640K)
[2019-04-15T13:58:18.562+0200][980,721s] GC(2346) Pause Young (Allocation Failure) 395M->320M(490M) 14,354ms
[2019-04-15T13:58:18.562+0200][980,721s] GC(2346) User=0,05s Sys=0,00s Real=0,01s
[2019-04-15T13:58:18.563+0200][980,722s] GC(2347) Pause Young (GCLocker Initiated GC)
[2019-04-15T13:58:18.563+0200][980,722s] GC(2347) Using 4 workers of 4 for evacuation
[2019-04-15T13:58:18.575+0200][980,734s] GC(2347) ParNew: 22540K->21824K(109248K)
[2019-04-15T13:58:18.575+0200][980,734s] GC(2347) CMS: 306663K->312461K(393216K)
[2019-04-15T13:58:18.575+0200][980,734s] GC(2347) Metaspace: 95498K->95498K(1136640K)
[2019-04-15T13:58:18.575+0200][980,734s] GC(2347) Pause Young (GCLocker Initiated GC) 321M->326M(490M) 11,617ms
[2019-04-15T13:58:18.575+0200][980,734s] GC(2347) User=0,03s Sys=0,00s Real=0,02s
[2019-04-15T13:58:18.575+0200][980,734s] GC(2343) Concurrent Abortable Preclean 289,798ms
[2019-04-15T13:58:18.575+0200][980,734s] GC(2343) User=0,91s Sys=0,04s Real=0,29s
[2019-04-15T13:58:18.585+0200][980,744s] GC(2343) Pause Remark
[2019-04-15T13:58:18.585+0200][980,744s] GC(2348) Pause Young (CMS Final Remark)
[2019-04-15T13:58:18.585+0200][980,744s] GC(2348) Using 4 workers of 4 for evacuation
[2019-04-15T13:58:18.594+0200][980,753s] GC(2348) ParNew: 28441K->20820K(109248K)
[2019-04-15T13:58:18.594+0200][980,753s] GC(2348) CMS: 312461K->312461K(393216K)
[2019-04-15T13:58:18.594+0200][980,753s] GC(2348) Metaspace: 95498K->95498K(1136640K)
[2019-04-15T13:58:18.594+0200][980,753s] GC(2348) Pause Young (CMS Final Remark) 332M->325M(490M) 8,327ms
[2019-04-15T13:58:18.594+0200][980,753s] GC(2348) User=0,03s Sys=0,00s Real=0,01s
[2019-04-15T13:58:18.633+0200][980,792s] GC(2343) Pause Remark 332M->325M(490M) 47,913ms
[2019-04-15T13:58:18.633+0200][980,792s] GC(2343) User=0,08s Sys=0,00s Real=0,05s
[2019-04-15T13:58:18.633+0200][980,792s] GC(2343) Concurrent Sweep
[2019-04-15T13:58:18.733+0200][980,892s] GC(2343) Concurrent Sweep 99,317ms
[2019-04-15T13:58:18.733+0200][980,892s] GC(2343) User=0,38s Sys=0,00s Real=0,09s
[2019-04-15T13:58:18.733+0200][980,892s] GC(2343) Concurrent Reset
[2019-04-15T13:58:18.733+0200][980,892s] GC(2343) Concurrent Reset 0,475ms
[2019-04-15T13:58:18.733+0200][980,892s] GC(2343) User=0,01s Sys=0,00s Real=0,01s
[2019-04-15T13:58:18.733+0200][980,892s] GC(2343) Old: 247587K->259196K(393216K)
[2019-04-15T13:58:19.011+0200][981,170s] GC(2349) Pause Young (Allocation Failure)
[2019-04-15T13:58:19.011+0200][981,170s] GC(2349) Using 4 workers of 4 for evacuation
[2019-04-15T13:58:19.061+0200][981,220s] GC(2349) ParNew: 108244K->21824K(109248K)
[2019-04-15T13:58:19.061+0200][981,220s] GC(2349) CMS: 259196K->261845K(393216K)
[2019-04-15T13:58:19.061+0200][981,220s] GC(2349) Metaspace: 95500K->95500K(1136640K)
[2019-04-15T13:58:19.061+0200][981,220s] GC(2349) Pause Young (Allocation Failure) 358M->277M(490M) 50,258ms
[2019-04-15T13:58:19.061+0200][981,220s] GC(2349) User=0,08s Sys=0,00s Real=0,05s
[2019-04-15T13:58:19.064+0200][981,223s] GC(2350) Pause Initial Mark
[2019-04-15T13:58:19.074+0200][981,233s] GC(2350) Pause Initial Mark 281M->281M(490M) 9,819ms
[2019-04-15T13:58:19.074+0200][981,233s] GC(2350) User=0,01s Sys=0,00s Real=0,02s
[2019-04-15T13:58:19.074+0200][981,233s] GC(2350) Concurrent Mark
[2019-04-15T13:58:19.074+0200][981,233s] GC(2350) Using 4 workers of 4 for marking
[2019-04-15T13:58:19.199+0200][981,358s] GC(2350) Concurrent Mark 125,260ms
[2019-04-15T13:58:19.199+0200][981,358s] GC(2350) User=0,34s Sys=0,01s Real=0,12s
[2019-04-15T13:58:19.199+0200][981,358s] GC(2350) Concurrent Preclean
[2019-04-15T13:58:19.201+0200][981,360s] GC(2350) Concurrent Preclean 1,844ms
[2019-04-15T13:58:19.201+0200][981,360s] GC(2350) User=0,01s Sys=0,00s Real=0,00s
[2019-04-15T13:58:19.201+0200][981,360s] GC(2350) Concurrent Abortable Preclean
[2019-04-15T13:58:19.273+0200][981,432s] GC(2351) Pause Young (Allocation Failure)
[2019-04-15T13:58:19.273+0200][981,432s] GC(2351) Using 4 workers of 4 for evacuation
[2019-04-15T13:58:19.299+0200][981,457s] GC(2351) ParNew: 109248K->21824K(109248K)
[2019-04-15T13:58:19.299+0200][981,457s] GC(2351) CMS: 261845K->274400K(393216K)
[2019-04-15T13:58:19.299+0200][981,457s] GC(2351) Metaspace: 95503K->95503K(1136640K)
[2019-04-15T13:58:19.299+0200][981,458s] GC(2351) Pause Young (Allocation Failure) 362M->289M(490M) 25,409ms
[2019-04-15T13:58:19.299+0200][981,458s] GC(2351) User=0,06s Sys=0,00s Real=0,02s
[2019-04-15T13:58:19.551+0200][981,710s] GC(2352) Pause Young (Allocation Failure)
[2019-04-15T13:58:19.551+0200][981,710s] GC(2352) Using 4 workers of 4 for evacuation
[2019-04-15T13:58:19.557+0200][981,716s] GC(2350) Concurrent Abortable Preclean 356,351ms
[2019-04-15T13:58:19.558+0200][981,716s] GC(2350) User=0,55s Sys=0,15s Real=0,36s
[2019-04-15T13:58:19.576+0200][981,735s] GC(2352) ParNew: 109248K->21824K(109248K)
[2019-04-15T13:58:19.576+0200][981,735s] GC(2352) CMS: 274400K->331049K(393216K)
[2019-04-15T13:58:19.576+0200][981,735s] GC(2352) Metaspace: 95503K->95503K(1136640K)
[2019-04-15T13:58:19.576+0200][981,735s] GC(2352) Pause Young (Allocation Failure) 374M->344M(490M) 25,146ms
[2019-04-15T13:58:19.576+0200][981,735s] GC(2352) User=0,08s Sys=0,01s Real=0,03s
[2019-04-15T13:58:19.576+0200][981,735s] GC(2350) Pause Remark
[2019-04-15T13:58:19.576+0200][981,735s] GC(2353) Pause Young (CMS Final Remark)
[2019-04-15T13:58:19.576+0200][981,735s] GC(2353) Using 4 workers of 4 for evacuation
[2019-04-15T13:58:19.588+0200][981,747s] GC(2353) ParNew: 22505K->21824K(109248K)
[2019-04-15T13:58:19.588+0200][981,747s] GC(2353) CMS: 331049K->340775K(393216K)
[2019-04-15T13:58:19.588+0200][981,747s] GC(2353) Metaspace: 95503K->95503K(1136640K)
[2019-04-15T13:58:19.588+0200][981,747s] GC(2353) Pause Young (CMS Final Remark) 345M->354M(490M) 11,937ms
[2019-04-15T13:58:19.588+0200][981,747s] GC(2353) User=0,04s Sys=0,00s Real=0,01s
[2019-04-15T13:58:19.630+0200][981,789s] GC(2350) Pause Remark 345M->354M(490M) 54,362ms
[2019-04-15T13:58:19.630+0200][981,789s] GC(2350) User=0,11s Sys=0,00s Real=0,05s
[2019-04-15T13:58:19.631+0200][981,789s] GC(2350) Concurrent Sweep
[2019-04-15T13:58:19.695+0200][981,854s] GC(2350) Concurrent Sweep 64,898ms
[2019-04-15T13:58:19.695+0200][981,854s] GC(2350) User=0,12s Sys=0,02s Real=0,07s
[2019-04-15T13:58:19.696+0200][981,854s] GC(2350) Concurrent Reset
[2019-04-15T13:58:19.696+0200][981,855s] GC(2350) Concurrent Reset 0,390ms
[2019-04-15T13:58:19.696+0200][981,855s] GC(2350) User=0,00s Sys=0,00s Real=0,00s
[2019-04-15T13:58:19.696+0200][981,855s] GC(2350) Old: 261845K->251171K(393216K)
[2019-04-15T13:58:19.823+0200][981,982s] GC(2354) Pause Young (Allocation Failure)
[2019-04-15T13:58:19.823+0200][981,982s] GC(2354) Using 4 workers of 4 for evacuation
[2019-04-15T13:58:19.841+0200][982,000s] GC(2354) ParNew: 109248K->21824K(109248K)
[2019-04-15T13:58:19.842+0200][982,000s] GC(2354) CMS: 251171K->286864K(393216K)
[2019-04-15T13:58:19.842+0200][982,000s] GC(2354) Metaspace: 95503K->95503K(1136640K)
[2019-04-15T13:58:19.842+0200][982,000s] GC(2354) Pause Young (Allocation Failure) 351M->301M(490M) 18,267ms
[2019-04-15T13:58:19.842+0200][982,000s] GC(2354) User=0,04s Sys=0,00s Real=0,02s
[2019-04-15T13:58:19.842+0200][982,001s] GC(2355) Pause Initial Mark
[2019-04-15T13:58:19.843+0200][982,002s] GC(2355) Pause Initial Mark 302M->302M(490M) 1,383ms
[2019-04-15T13:58:19.843+0200][982,002s] GC(2355) User=0,01s Sys=0,00s Real=0,00s
[2019-04-15T13:58:19.843+0200][982,002s] GC(2355) Concurrent Mark
[2019-04-15T13:58:19.843+0200][982,002s] GC(2355) Using 4 workers of 4 for marking
[2019-04-15T13:58:19.891+0200][982,050s] GC(2355) Concurrent Mark 48,099ms
[2019-04-15T13:58:19.891+0200][982,050s] GC(2355) User=0,17s Sys=0,00s Real=0,05s
[2019-04-15T13:58:19.891+0200][982,050s] GC(2355) Concurrent Preclean
[2019-04-15T13:58:19.892+0200][982,051s] GC(2355) Concurrent Preclean 0,799ms
[2019-04-15T13:58:19.892+0200][982,051s] GC(2355) User=0,00s Sys=0,00s Real=0,00s
[2019-04-15T13:58:19.892+0200][982,051s] GC(2355) Concurrent Abortable Preclean
[2019-04-15T13:58:20.064+0200][982,223s] GC(2356) Pause Young (Allocation Failure)
[2019-04-15T13:58:20.064+0200][982,223s] GC(2356) Using 4 workers of 4 for evacuation
[2019-04-15T13:58:20.085+0200][982,244s] GC(2356) ParNew: 109248K->21824K(109248K)
[2019-04-15T13:58:20.085+0200][982,244s] GC(2356) CMS: 286864K->330178K(393216K)
[2019-04-15T13:58:20.085+0200][982,244s] GC(2356) Metaspace: 95503K->95503K(1136640K)
[2019-04-15T13:58:20.085+0200][982,244s] GC(2356) Pause Young (Allocation Failure) 386M->343M(490M) 21,402ms
[2019-04-15T13:58:20.085+0200][982,244s] GC(2356) User=0,06s Sys=0,00s Real=0,03s
[2019-04-15T13:58:20.317+0200][982,476s] GC(2355) Concurrent Abortable Preclean 425,197ms
[2019-04-15T13:58:20.317+0200][982,476s] GC(2355) User=0,31s Sys=0,20s Real=0,43s
[2019-04-15T13:58:20.318+0200][982,477s] GC(2355) Pause Remark
[2019-04-15T13:58:20.318+0200][982,477s] GC(2357) Pause Young (CMS Final Remark)
[2019-04-15T13:58:20.318+0200][982,477s] GC(2357) Using 4 workers of 4 for evacuation
[2019-04-15T13:58:20.340+0200][982,499s] GC(2357) ParNew: 87114K->21824K(109248K)
[2019-04-15T13:58:20.340+0200][982,499s] GC(2357) CMS: 330178K->369153K(393216K)
[2019-04-15T13:58:20.340+0200][982,499s] GC(2357) Metaspace: 95503K->95503K(1136640K)
[2019-04-15T13:58:20.340+0200][982,499s] GC(2357) Pause Young (CMS Final Remark) 407M->381M(490M) 22,512ms
[2019-04-15T13:58:20.340+0200][982,499s] GC(2357) User=0,06s Sys=0,00s Real=0,02s
[2019-04-15T13:58:20.376+0200][982,535s] GC(2355) Pause Remark 407M->381M(490M) 58,769ms
[2019-04-15T13:58:20.376+0200][982,535s] GC(2355) User=0,10s Sys=0,00s Real=0,06s
[2019-04-15T13:58:20.376+0200][982,535s] GC(2355) Concurrent Sweep
[2019-04-15T13:58:20.427+0200][982,586s] GC(2355) Concurrent Sweep 50,873ms
[2019-04-15T13:58:20.427+0200][982,586s] GC(2355) User=0,07s Sys=0,03s Real=0,05s
[2019-04-15T13:58:20.427+0200][982,586s] GC(2355) Concurrent Reset
[2019-04-15T13:58:20.428+0200][982,587s] GC(2355) Concurrent Reset 0,368ms
[2019-04-15T13:58:20.428+0200][982,587s] GC(2355) User=0,00s Sys=0,00s Real=0,00s
[2019-04-15T13:58:20.428+0200][982,587s] GC(2355) Old: 286864K->261937K(393216K)
[2019-04-15T13:58:20.501+0200][982,660s] GC(2358) Pause Young (Allocation Failure)
[2019-04-15T13:58:20.501+0200][982,660s] GC(2358) Using 4 workers of 4 for evacuation
[2019-04-15T13:58:20.531+0200][982,690s] GC(2358) ParNew: 109248K->21824K(109248K)
[2019-04-15T13:58:20.531+0200][982,690s] GC(2358) CMS: 261937K->336014K(393216K)
[2019-04-15T13:58:20.531+0200][982,690s] GC(2358) Metaspace: 95503K->95503K(1136640K)
[2019-04-15T13:58:20.531+0200][982,690s] GC(2358) Pause Young (Allocation Failure) 362M->349M(490M) 30,449ms
[2019-04-15T13:58:20.531+0200][982,690s] GC(2358) User=0,08s Sys=0,00s Real=0,03s
[2019-04-15T13:58:20.531+0200][982,690s] GC(2359) Pause Initial Mark
[2019-04-15T13:58:20.532+0200][982,691s] GC(2359) Pause Initial Mark 350M->350M(490M) 1,179ms
[2019-04-15T13:58:20.532+0200][982,691s] GC(2359) User=0,01s Sys=0,00s Real=0,00s
[2019-04-15T13:58:20.532+0200][982,691s] GC(2359) Concurrent Mark
[2019-04-15T13:58:20.532+0200][982,691s] GC(2359) Using 4 workers of 4 for marking
[2019-04-15T13:58:20.609+0200][982,767s] GC(2359) Concurrent Mark 76,102ms
[2019-04-15T13:58:20.609+0200][982,768s] GC(2359) User=0,24s Sys=0,01s Real=0,08s
[2019-04-15T13:58:20.609+0200][982,768s] GC(2359) Concurrent Preclean
[2019-04-15T13:58:20.610+0200][982,769s] GC(2359) Concurrent Preclean 1,883ms
[2019-04-15T13:58:20.611+0200][982,769s] GC(2359) User=0,00s Sys=0,00s Real=0,00s
[2019-04-15T13:58:20.611+0200][982,769s] GC(2359) Concurrent Abortable Preclean
[2019-04-15T13:58:20.611+0200][982,769s] GC(2359) Concurrent Abortable Preclean 0,012ms
[2019-04-15T13:58:20.611+0200][982,770s] GC(2359) User=0,00s Sys=0,00s Real=0,00s
[2019-04-15T13:58:20.611+0200][982,770s] GC(2359) Pause Remark
[2019-04-15T13:58:20.611+0200][982,770s] GC(2360) Pause Young (CMS Final Remark)
[2019-04-15T13:58:20.611+0200][982,770s] GC(2360) Using 4 workers of 4 for evacuation
[2019-04-15T13:58:20.611+0200][982,770s] GC(2360) ParNew: 69294K->69294K(109248K)
[2019-04-15T13:58:20.611+0200][982,770s] GC(2360) CMS: 336014K->336014K(393216K)
[2019-04-15T13:58:20.611+0200][982,770s] GC(2360) Metaspace: 95503K->95503K(1136640K)
[2019-04-15T13:58:20.611+0200][982,770s] GC(2360) Pause Young (CMS Final Remark) 395M->395M(490M) 0,073ms
[2019-04-15T13:58:20.611+0200][982,770s] GC(2360) User=0,00s Sys=0,00s Real=0,00s
[2019-04-15T13:58:20.657+0200][982,816s] GC(2359) Pause Remark 395M->395M(490M) 46,263ms
[2019-04-15T13:58:20.657+0200][982,816s] GC(2359) User=0,09s Sys=0,00s Real=0,05s
[2019-04-15T13:58:20.657+0200][982,816s] GC(2359) Concurrent Sweep
[2019-04-15T13:58:20.726+0200][982,885s] GC(2359) Concurrent Sweep 68,839ms
[2019-04-15T13:58:20.726+0200][982,885s] GC(2359) User=0,17s Sys=0,01s Real=0,07s
[2019-04-15T13:58:20.726+0200][982,885s] GC(2359) Concurrent Reset
[2019-04-15T13:58:20.726+0200][982,885s] GC(2359) Concurrent Reset 0,395ms
[2019-04-15T13:58:20.726+0200][982,885s] GC(2359) User=0,00s Sys=0,00s Real=0,00s
[2019-04-15T13:58:20.726+0200][982,885s] GC(2359) Old: 336014K->193229K(393216K)
[2019-04-15T13:58:20.760+0200][982,919s] GC(2361) Pause Young (Allocation Failure)
[2019-04-15T13:58:20.760+0200][982,919s] GC(2361) Using 4 workers of 4 for evacuation
[2019-04-15T13:58:20.777+0200][982,936s] GC(2361) ParNew: 109248K->21824K(109248K)
[2019-04-15T13:58:20.777+0200][982,936s] GC(2361) CMS: 193229K->213281K(393216K)
[2019-04-15T13:58:20.777+0200][982,936s] GC(2361) Metaspace: 95503K->95503K(1136640K)
[2019-04-15T13:58:20.777+0200][982,936s] GC(2361) Pause Young (Allocation Failure) 295M->229M(490M) 16,872ms
[2019-04-15T13:58:20.777+0200][982,936s] GC(2361) User=0,04s Sys=0,00s Real=0,02s
[2019-04-15T13:58:20.777+0200][982,936s] GC(2362) Pause Initial Mark
[2019-04-15T13:58:20.778+0200][982,937s] GC(2362) Pause Initial Mark 229M->229M(490M) 0,939ms
[2019-04-15T13:58:20.778+0200][982,937s] GC(2362) User=0,01s Sys=0,00s Real=0,00s
[2019-04-15T13:58:20.778+0200][982,937s] GC(2362) Concurrent Mark
[2019-04-15T13:58:20.778+0200][982,937s] GC(2362) Using 4 workers of 4 for marking
[2019-04-15T13:58:20.860+0200][983,019s] GC(2362) Concurrent Mark 81,941ms
[2019-04-15T13:58:20.860+0200][983,019s] GC(2362) User=0,26s Sys=0,01s Real=0,08s
[2019-04-15T13:58:20.860+0200][983,019s] GC(2362) Concurrent Preclean
[2019-04-15T13:58:20.862+0200][983,021s] GC(2362) Concurrent Preclean 1,804ms
[2019-04-15T13:58:20.862+0200][983,021s] GC(2362) User=0,00s Sys=0,00s Real=0,00s
[2019-04-15T13:58:20.862+0200][983,021s] GC(2362) Concurrent Abortable Preclean
[2019-04-15T13:58:20.941+0200][983,100s] GC(2363) Pause Young (Allocation Failure)
[2019-04-15T13:58:20.941+0200][983,100s] GC(2363) Using 4 workers of 4 for evacuation
[2019-04-15T13:58:20.953+0200][983,112s] GC(2363) ParNew: 109248K->21824K(109248K)
[2019-04-15T13:58:20.953+0200][983,112s] GC(2363) CMS: 213281K->223006K(393216K)
[2019-04-15T13:58:20.953+0200][983,112s] GC(2363) Metaspace: 95503K->95503K(1136640K)
[2019-04-15T13:58:20.953+0200][983,112s] GC(2363) Pause Young (Allocation Failure) 314M->239M(490M) 12,100ms
[2019-04-15T13:58:20.953+0200][983,112s] GC(2363) User=0,04s Sys=0,00s Real=0,02s
[2019-04-15T13:58:21.127+0200][983,286s] GC(2364) Pause Young (Allocation Failure)
[2019-04-15T13:58:21.127+0200][983,286s] GC(2364) Using 4 workers of 4 for evacuation
[2019-04-15T13:58:21.149+0200][983,308s] GC(2364) ParNew: 109248K->21824K(109248K)
[2019-04-15T13:58:21.149+0200][983,308s] GC(2364) CMS: 223006K->249386K(393216K)
[2019-04-15T13:58:21.149+0200][983,308s] GC(2364) Metaspace: 95503K->95503K(1136640K)
[2019-04-15T13:58:21.149+0200][983,308s] GC(2364) Pause Young (Allocation Failure) 324M->264M(490M) 22,262ms
[2019-04-15T13:58:21.149+0200][983,308s] GC(2364) User=0,08s Sys=0,00s Real=0,02s
[2019-04-15T13:58:21.149+0200][983,308s] GC(2362) Concurrent Abortable Preclean 286,870ms
[2019-04-15T13:58:21.149+0200][983,308s] GC(2362) User=0,59s Sys=0,05s Real=0,29s
[2019-04-15T13:58:21.149+0200][983,308s] GC(2362) Pause Remark
[2019-04-15T13:58:21.149+0200][983,308s] GC(2365) Pause Young (CMS Final Remark)
[2019-04-15T13:58:21.149+0200][983,308s] GC(2365) Using 4 workers of 4 for evacuation
[2019-04-15T13:58:21.160+0200][983,319s] GC(2365) ParNew: 22843K->21824K(109248K)
[2019-04-15T13:58:21.160+0200][983,319s] GC(2365) CMS: 249386K->255814K(393216K)
[2019-04-15T13:58:21.160+0200][983,319s] GC(2365) Metaspace: 95503K->95503K(1136640K)
[2019-04-15T13:58:21.160+0200][983,319s] GC(2365) Pause Young (CMS Final Remark) 265M->271M(490M) 10,577ms
[2019-04-15T13:58:21.160+0200][983,319s] GC(2365) User=0,04s Sys=0,00s Real=0,01s
[2019-04-15T13:58:21.199+0200][983,358s] GC(2362) Pause Remark 265M->271M(490M) 49,819ms
[2019-04-15T13:58:21.199+0200][983,358s] GC(2362) User=0,09s Sys=0,00s Real=0,05s
[2019-04-15T13:58:21.199+0200][983,358s] GC(2362) Concurrent Sweep
[2019-04-15T13:58:21.234+0200][983,393s] GC(2362) Concurrent Sweep 35,176ms
[2019-04-15T13:58:21.234+0200][983,393s] GC(2362) User=0,08s Sys=0,00s Real=0,04s
[2019-04-15T13:58:21.234+0200][983,393s] GC(2362) Concurrent Reset
[2019-04-15T13:58:21.236+0200][983,395s] GC(2362) Concurrent Reset 1,136ms
[2019-04-15T13:58:21.236+0200][983,395s] GC(2362) User=0,00s Sys=0,00s Real=0,00s
[2019-04-15T13:58:21.236+0200][983,395s] GC(2362) Old: 213281K->225849K(393216K)
[2019-04-15T13:58:21.258+0200][983,417s] GC(2366) Pause Young (Allocation Failure)
[2019-04-15T13:58:21.258+0200][983,417s] GC(2366) Using 4 workers of 4 for evacuation
[2019-04-15T13:58:21.265+0200][983,424s] GC(2366) ParNew: 109248K->20748K(109248K)
[2019-04-15T13:58:21.266+0200][983,424s] GC(2366) CMS: 225849K->225849K(393216K)
[2019-04-15T13:58:21.266+0200][983,424s] GC(2366) Metaspace: 95503K->95503K(1136640K)
[2019-04-15T13:58:21.266+0200][983,424s] GC(2366) Pause Young (Allocation Failure) 327M->240M(490M) 7,640ms
[2019-04-15T13:58:21.266+0200][983,424s] GC(2366) User=0,02s Sys=0,00s Real=0,01s
[2019-04-15T13:58:21.266+0200][983,425s] GC(2367) Pause Initial Mark
[2019-04-15T13:58:21.268+0200][983,427s] GC(2367) Pause Initial Mark 242M->242M(490M) 1,862ms
[2019-04-15T13:58:21.268+0200][983,427s] GC(2367) User=0,01s Sys=0,00s Real=0,00s
[2019-04-15T13:58:21.268+0200][983,427s] GC(2367) Concurrent Mark
[2019-04-15T13:58:21.268+0200][983,427s] GC(2367) Using 4 workers of 4 for marking
[2019-04-15T13:58:21.327+0200][983,486s] GC(2367) Concurrent Mark 59,244ms
[2019-04-15T13:58:21.327+0200][983,486s] GC(2367) User=0,23s Sys=0,00s Real=0,06s
[2019-04-15T13:58:21.327+0200][983,486s] GC(2367) Concurrent Preclean
[2019-04-15T13:58:21.328+0200][983,487s] GC(2367) Concurrent Preclean 0,898ms
[2019-04-15T13:58:21.328+0200][983,487s] GC(2367) User=0,00s Sys=0,00s Real=0,00s
[2019-04-15T13:58:21.328+0200][983,487s] GC(2367) Concurrent Abortable Preclean
[2019-04-15T13:58:21.345+0200][983,504s] GC(2368) Pause Young (Allocation Failure)
[2019-04-15T13:58:21.345+0200][983,504s] GC(2368) Using 4 workers of 4 for evacuation
[2019-04-15T13:58:21.357+0200][983,516s] GC(2368) ParNew: 108172K->17160K(109248K)
[2019-04-15T13:58:21.357+0200][983,516s] GC(2368) CMS: 225849K->225849K(393216K)
[2019-04-15T13:58:21.357+0200][983,516s] GC(2368) Metaspace: 95505K->95505K(1136640K)
[2019-04-15T13:58:21.357+0200][983,516s] GC(2368) Pause Young (Allocation Failure) 326M->237M(490M) 12,318ms
[2019-04-15T13:58:21.357+0200][983,516s] GC(2368) User=0,04s Sys=0,00s Real=0,01s
[2019-04-15T13:58:21.410+0200][983,569s] GC(2369) Pause Young (Allocation Failure)
[2019-04-15T13:58:21.410+0200][983,569s] GC(2369) Using 4 workers of 4 for evacuation
[2019-04-15T13:58:21.419+0200][983,578s] GC(2369) ParNew: 104584K->18484K(109248K)
[2019-04-15T13:58:21.419+0200][983,578s] GC(2369) CMS: 225849K->225849K(393216K)
[2019-04-15T13:58:21.419+0200][983,578s] GC(2369) Metaspace: 95505K->95505K(1136640K)
[2019-04-15T13:58:21.419+0200][983,578s] GC(2369) Pause Young (Allocation Failure) 322M->238M(490M) 8,551ms
[2019-04-15T13:58:21.419+0200][983,578s] GC(2369) User=0,03s Sys=0,00s Real=0,01s
[2019-04-15T13:58:21.419+0200][983,578s] GC(2367) Concurrent Abortable Preclean 90,751ms
[2019-04-15T13:58:21.419+0200][983,578s] GC(2367) User=0,19s Sys=0,00s Real=0,09s
[2019-04-15T13:58:21.419+0200][983,578s] GC(2367) Pause Remark
[2019-04-15T13:58:21.419+0200][983,578s] GC(2370) Pause Young (CMS Final Remark)
[2019-04-15T13:58:21.419+0200][983,578s] GC(2370) Using 4 workers of 4 for evacuation
[2019-04-15T13:58:21.424+0200][983,583s] GC(2370) ParNew: 20032K->21824K(109248K)
[2019-04-15T13:58:21.424+0200][983,583s] GC(2370) CMS: 225849K->225849K(393216K)
[2019-04-15T13:58:21.424+0200][983,583s] GC(2370) Metaspace: 95505K->95505K(1136640K)
[2019-04-15T13:58:21.424+0200][983,583s] GC(2370) Pause Young (CMS Final Remark) 240M->241M(490M) 4,874ms
[2019-04-15T13:58:21.424+0200][983,583s] GC(2370) User=0,02s Sys=0,00s Real=0,00s
[2019-04-15T13:58:21.459+0200][983,618s] GC(2367) Pause Remark 240M->241M(490M) 40,086ms
[2019-04-15T13:58:21.459+0200][983,618s] GC(2367) User=0,06s Sys=0,00s Real=0,04s
[2019-04-15T13:58:21.459+0200][983,618s] GC(2367) Concurrent Sweep
[2019-04-15T13:58:21.501+0200][983,659s] GC(2367) Concurrent Sweep 41,531ms
[2019-04-15T13:58:21.501+0200][983,660s] GC(2367) User=0,08s Sys=0,00s Real=0,04s
[2019-04-15T13:58:21.501+0200][983,660s] GC(2367) Concurrent Reset
[2019-04-15T13:58:21.501+0200][983,660s] GC(2367) Concurrent Reset 0,379ms
[2019-04-15T13:58:21.501+0200][983,660s] GC(2367) User=0,01s Sys=0,00s Real=0,00s
[2019-04-15T13:58:21.501+0200][983,660s] GC(2367) Old: 225849K->149654K(393216K)
[2019-04-15T13:58:21.549+0200][983,708s] GC(2371) Pause Young (Allocation Failure)
[2019-04-15T13:58:21.549+0200][983,708s] GC(2371) Using 4 workers of 4 for evacuation
[2019-04-15T13:58:21.561+0200][983,720s] GC(2371) ParNew: 109248K->18149K(109248K)
[2019-04-15T13:58:21.561+0200][983,720s] GC(2371) CMS: 149654K->149654K(393216K)
[2019-04-15T13:58:21.561+0200][983,720s] GC(2371) Metaspace: 95517K->95517K(1136640K)
[2019-04-15T13:58:21.561+0200][983,720s] GC(2371) Pause Young (Allocation Failure) 252M->163M(490M) 12,203ms
[2019-04-15T13:58:21.561+0200][983,720s] GC(2371) User=0,03s Sys=0,00s Real=0,01s
[2019-04-15T13:58:21.862+0200][984,021s] GC(2372) Pause Young (Allocation Failure)
[2019-04-15T13:58:21.862+0200][984,021s] GC(2372) Using 4 workers of 4 for evacuation
[2019-04-15T13:58:21.893+0200][984,052s] GC(2372) ParNew: 105573K->21824K(109248K)
[2019-04-15T13:58:21.893+0200][984,052s] GC(2372) CMS: 149654K->216421K(393216K)
[2019-04-15T13:58:21.893+0200][984,052s] GC(2372) Metaspace: 95517K->95517K(1136640K)
[2019-04-15T13:58:21.893+0200][984,052s] GC(2372) Pause Young (Allocation Failure) 249M->232M(490M) 31,309ms
[2019-04-15T13:58:21.893+0200][984,052s] GC(2372) User=0,07s Sys=0,00s Real=0,04s
[2019-04-15T13:58:21.893+0200][984,052s] GC(2373) Pause Initial Mark
[2019-04-15T13:58:21.895+0200][984,054s] GC(2373) Pause Initial Mark 233M->233M(490M) 1,351ms
[2019-04-15T13:58:21.895+0200][984,054s] GC(2373) User=0,00s Sys=0,00s Real=0,00s
[2019-04-15T13:58:21.895+0200][984,054s] GC(2373) Concurrent Mark
[2019-04-15T13:58:21.895+0200][984,054s] GC(2373) Using 4 workers of 4 for marking
[2019-04-15T13:58:22.017+0200][984,176s] GC(2373) Concurrent Mark 122,103ms
[2019-04-15T13:58:22.017+0200][984,176s] GC(2373) User=0,34s Sys=0,03s Real=0,12s
[2019-04-15T13:58:22.017+0200][984,176s] GC(2373) Concurrent Preclean
[2019-04-15T13:58:22.019+0200][984,178s] GC(2373) Concurrent Preclean 1,718ms
[2019-04-15T13:58:22.019+0200][984,178s] GC(2373) User=0,00s Sys=0,00s Real=0,00s
[2019-04-15T13:58:22.019+0200][984,178s] GC(2373) Concurrent Abortable Preclean
[2019-04-15T13:58:22.124+0200][984,283s] GC(2374) Pause Young (Allocation Failure)
[2019-04-15T13:58:22.125+0200][984,283s] GC(2374) Using 4 workers of 4 for evacuation
[2019-04-15T13:58:22.144+0200][984,303s] GC(2374) ParNew: 109248K->21824K(109248K)
[2019-04-15T13:58:22.144+0200][984,303s] GC(2374) CMS: 216421K->238092K(393216K)
[2019-04-15T13:58:22.144+0200][984,303s] GC(2374) Metaspace: 95517K->95517K(1136640K)
[2019-04-15T13:58:22.144+0200][984,303s] GC(2374) Pause Young (Allocation Failure) 318M->253M(490M) 19,897ms
[2019-04-15T13:58:22.144+0200][984,303s] GC(2374) User=0,05s Sys=0,00s Real=0,02s
[2019-04-15T13:58:22.469+0200][984,628s] GC(2375) Pause Young (Allocation Failure)
[2019-04-15T13:58:22.469+0200][984,628s] GC(2375) Using 4 workers of 4 for evacuation
[2019-04-15T13:58:22.479+0200][984,638s] GC(2373) Concurrent Abortable Preclean 460,746ms
[2019-04-15T13:58:22.480+0200][984,638s] GC(2373) User=0,29s Sys=0,25s Real=0,46s
[2019-04-15T13:58:22.500+0200][984,659s] GC(2375) ParNew: 109248K->21824K(109248K)
[2019-04-15T13:58:22.500+0200][984,659s] GC(2375) CMS: 238092K->312435K(393216K)
[2019-04-15T13:58:22.500+0200][984,659s] GC(2375) Metaspace: 95517K->95517K(1136640K)
[2019-04-15T13:58:22.500+0200][984,659s] GC(2375) Pause Young (Allocation Failure) 339M->326M(490M) 31,223ms
[2019-04-15T13:58:22.500+0200][984,659s] GC(2375) User=0,08s Sys=0,02s Real=0,03s
[2019-04-15T13:58:22.501+0200][984,660s] GC(2373) Pause Remark
[2019-04-15T13:58:22.501+0200][984,660s] GC(2376) Pause Young (CMS Final Remark)
[2019-04-15T13:58:22.501+0200][984,660s] GC(2376) Using 4 workers of 4 for evacuation
[2019-04-15T13:58:22.510+0200][984,669s] GC(2376) ParNew: 22975K->21684K(109248K)
[2019-04-15T13:58:22.510+0200][984,669s] GC(2376) CMS: 312435K->326034K(393216K)
[2019-04-15T13:58:22.510+0200][984,669s] GC(2376) Metaspace: 95517K->95517K(1136640K)
[2019-04-15T13:58:22.510+0200][984,669s] GC(2376) Pause Young (CMS Final Remark) 327M->339M(490M) 9,352ms
[2019-04-15T13:58:22.510+0200][984,669s] GC(2376) User=0,02s Sys=0,00s Real=0,01s
[2019-04-15T13:58:22.553+0200][984,712s] GC(2373) Pause Remark 327M->339M(490M) 52,864ms
[2019-04-15T13:58:22.553+0200][984,712s] GC(2373) User=0,08s Sys=0,00s Real=0,06s
[2019-04-15T13:58:22.554+0200][984,712s] GC(2373) Concurrent Sweep
[2019-04-15T13:58:22.613+0200][984,772s] GC(2373) Concurrent Sweep 59,825ms
[2019-04-15T13:58:22.613+0200][984,772s] GC(2373) User=0,11s Sys=0,00s Real=0,06s
[2019-04-15T13:58:22.613+0200][984,772s] GC(2373) Concurrent Reset
[2019-04-15T13:58:22.614+0200][984,773s] GC(2373) Concurrent Reset 0,429ms
[2019-04-15T13:58:22.614+0200][984,773s] GC(2373) User=0,00s Sys=0,00s Real=0,00s
[2019-04-15T13:58:22.614+0200][984,773s] GC(2373) Old: 216421K->313679K(393216K)
[2019-04-15T13:58:22.627+0200][984,786s] GC(2377) Pause Young (Allocation Failure)
[2019-04-15T13:58:22.627+0200][984,786s] GC(2377) Using 4 workers of 4 for evacuation
[2019-04-15T13:58:22.627+0200][984,786s] GC(2378) Pause Full (Allocation Failure)
[2019-04-15T13:58:22.628+0200][984,787s] GC(2378) Phase 1: Mark live objects
[2019-04-15T13:58:22.746+0200][984,905s] GC(2378) Phase 1: Mark live objects 118,433ms
[2019-04-15T13:58:22.746+0200][984,905s] GC(2378) Phase 2: Compute new object addresses
[2019-04-15T13:58:22.797+0200][984,956s] GC(2378) Phase 2: Compute new object addresses 50,247ms
[2019-04-15T13:58:22.797+0200][984,956s] GC(2378) Phase 3: Adjust pointers
[2019-04-15T13:58:22.868+0200][985,027s] GC(2378) Phase 3: Adjust pointers 71,306ms
[2019-04-15T13:58:22.868+0200][985,027s] GC(2378) Phase 4: Move objects
[2019-04-15T13:58:22.919+0200][985,078s] GC(2378) Phase 4: Move objects 51,496ms
[2019-04-15T13:58:22.921+0200][985,079s] GC(2378) Pause Full (Allocation Failure) 412M->196M(490M) 293,473ms
[2019-04-15T13:58:22.921+0200][985,079s] GC(2377) ParNew: 109108K->0K(109248K)
[2019-04-15T13:58:22.921+0200][985,079s] GC(2377) CMS: 313679K->200751K(393216K)
[2019-04-15T13:58:22.921+0200][985,079s] GC(2377) Metaspace: 95517K->95517K(1136640K)
[2019-04-15T13:58:22.921+0200][985,080s] GC(2377) Pause Young (Allocation Failure) 412M->196M(490M) 293,626ms
[2019-04-15T13:58:22.921+0200][985,080s] GC(2377) User=0,30s Sys=0,00s Real=0,29s
[2019-04-15T13:58:22.921+0200][985,080s] GC(2379) Pause Initial Mark
[2019-04-15T13:58:22.922+0200][985,081s] GC(2379) Pause Initial Mark 197M->197M(490M) 0,441ms
[2019-04-15T13:58:22.922+0200][985,081s] GC(2379) User=0,00s Sys=0,00s Real=0,00s
[2019-04-15T13:58:22.922+0200][985,081s] GC(2379) Concurrent Mark
[2019-04-15T13:58:22.922+0200][985,081s] GC(2379) Using 4 workers of 4 for marking
[2019-04-15T13:58:22.989+0200][985,148s] GC(2379) Concurrent Mark 67,495ms
[2019-04-15T13:58:22.989+0200][985,148s] GC(2379) User=0,21s Sys=0,00s Real=0,07s
[2019-04-15T13:58:22.989+0200][985,148s] GC(2379) Concurrent Preclean
[2019-04-15T13:58:22.991+0200][985,150s] GC(2379) Concurrent Preclean 1,837ms
[2019-04-15T13:58:22.991+0200][985,150s] GC(2379) User=0,01s Sys=0,00s Real=0,00s
[2019-04-15T13:58:22.991+0200][985,150s] GC(2379) Concurrent Abortable Preclean
[2019-04-15T13:58:23.243+0200][985,402s] GC(2380) Pause Young (Allocation Failure)
[2019-04-15T13:58:23.243+0200][985,402s] GC(2380) Using 4 workers of 4 for evacuation
[2019-04-15T13:58:23.270+0200][985,429s] GC(2380) ParNew: 87424K->21824K(109248K)
[2019-04-15T13:58:23.270+0200][985,429s] GC(2380) CMS: 200751K->238803K(393216K)
[2019-04-15T13:58:23.270+0200][985,429s] GC(2380) Metaspace: 95517K->95517K(1136640K)
[2019-04-15T13:58:23.270+0200][985,429s] GC(2380) Pause Young (Allocation Failure) 281M->254M(490M) 27,781ms
[2019-04-15T13:58:23.270+0200][985,429s] GC(2380) User=0,06s Sys=0,00s Real=0,03s
[2019-04-15T13:58:23.395+0200][985,554s] GC(2379) Concurrent Abortable Preclean 404,300ms
[2019-04-15T13:58:23.395+0200][985,554s] GC(2379) User=0,28s Sys=0,15s Real=0,41s
[2019-04-15T13:58:23.396+0200][985,555s] GC(2379) Pause Remark
[2019-04-15T13:58:23.396+0200][985,555s] GC(2381) Pause Young (CMS Final Remark)
[2019-04-15T13:58:23.396+0200][985,555s] GC(2381) Using 4 workers of 4 for evacuation
[2019-04-15T13:58:23.421+0200][985,579s] GC(2381) ParNew: 97886K->21824K(109248K)
[2019-04-15T13:58:23.421+0200][985,579s] GC(2381) CMS: 238803K->260335K(393216K)
[2019-04-15T13:58:23.421+0200][985,580s] GC(2381) Metaspace: 95517K->95517K(1136640K)
[2019-04-15T13:58:23.421+0200][985,580s] GC(2381) Pause Young (CMS Final Remark) 328M->275M(490M) 24,945ms
[2019-04-15T13:58:23.421+0200][985,580s] GC(2381) User=0,06s Sys=0,00s Real=0,02s
[2019-04-15T13:58:23.480+0200][985,639s] GC(2379) Pause Remark 328M->275M(490M) 84,501ms
[2019-04-15T13:58:23.480+0200][985,639s] GC(2379) User=0,13s Sys=0,00s Real=0,08s
[2019-04-15T13:58:23.480+0200][985,639s] GC(2379) Concurrent Sweep
[2019-04-15T13:58:23.523+0200][985,682s] GC(2379) Concurrent Sweep 42,350ms
[2019-04-15T13:58:23.523+0200][985,682s] GC(2379) User=0,07s Sys=0,01s Real=0,04s
[2019-04-15T13:58:23.523+0200][985,682s] GC(2379) Concurrent Reset
[2019-04-15T13:58:23.523+0200][985,682s] GC(2379) Concurrent Reset 0,426ms
[2019-04-15T13:58:23.523+0200][985,682s] GC(2379) User=0,00s Sys=0,00s Real=0,00s
[2019-04-15T13:58:23.523+0200][985,682s] GC(2379) Old: 200751K->182686K(393216K)
[2019-04-15T13:58:23.938+0200][986,097s] GC(2382) Pause Young (Allocation Failure)
[2019-04-15T13:58:23.938+0200][986,097s] GC(2382) Using 4 workers of 4 for evacuation
[2019-04-15T13:58:23.971+0200][986,130s] GC(2382) ParNew: 109248K->21824K(109248K)
[2019-04-15T13:58:23.971+0200][986,130s] GC(2382) CMS: 182686K->253984K(393216K)
[2019-04-15T13:58:23.971+0200][986,130s] GC(2382) Metaspace: 95517K->95517K(1136640K)
[2019-04-15T13:58:23.971+0200][986,130s] GC(2382) Pause Young (Allocation Failure) 285M->269M(490M) 33,202ms
[2019-04-15T13:58:23.971+0200][986,130s] GC(2382) User=0,07s Sys=0,01s Real=0,03s
[2019-04-15T13:58:23.971+0200][986,130s] GC(2383) Pause Initial Mark
[2019-04-15T13:58:23.972+0200][986,131s] GC(2383) Pause Initial Mark 269M->269M(490M) 1,291ms
[2019-04-15T13:58:23.972+0200][986,131s] GC(2383) User=0,01s Sys=0,00s Real=0,00s
[2019-04-15T13:58:23.972+0200][986,131s] GC(2383) Concurrent Mark
[2019-04-15T13:58:23.972+0200][986,131s] GC(2383) Using 4 workers of 4 for marking
[2019-04-15T13:58:24.009+0200][986,168s] GC(2384) Pause Young (Allocation Failure)
[2019-04-15T13:58:24.009+0200][986,168s] GC(2384) Using 4 workers of 4 for evacuation
[2019-04-15T13:58:24.044+0200][986,203s] GC(2384) ParNew: 109248K->21824K(109248K)
[2019-04-15T13:58:24.045+0200][986,203s] GC(2384) CMS: 253984K->338107K(393216K)
[2019-04-15T13:58:24.045+0200][986,203s] GC(2384) Metaspace: 95517K->95517K(1136640K)
[2019-04-15T13:58:24.045+0200][986,203s] GC(2384) Pause Young (Allocation Failure) 354M->351M(490M) 35,940ms
[2019-04-15T13:58:24.045+0200][986,203s] GC(2384) User=0,09s Sys=0,00s Real=0,03s
[2019-04-15T13:58:24.073+0200][986,232s] GC(2383) Concurrent Mark 100,672ms
[2019-04-15T13:58:24.073+0200][986,232s] GC(2383) User=0,32s Sys=0,00s Real=0,11s
[2019-04-15T13:58:24.073+0200][986,232s] GC(2383) Concurrent Preclean
[2019-04-15T13:58:24.092+0200][986,251s] GC(2383) Concurrent Preclean 19,164ms
[2019-04-15T13:58:24.092+0200][986,251s] GC(2383) User=0,04s Sys=0,00s Real=0,01s
[2019-04-15T13:58:24.092+0200][986,251s] GC(2383) Concurrent Abortable Preclean
[2019-04-15T13:58:24.092+0200][986,251s] GC(2383) Concurrent Abortable Preclean 0,012ms
[2019-04-15T13:58:24.092+0200][986,251s] GC(2383) User=0,00s Sys=0,00s Real=0,00s
[2019-04-15T13:58:24.092+0200][986,251s] GC(2383) Pause Remark
[2019-04-15T13:58:24.092+0200][986,251s] GC(2385) Pause Young (CMS Final Remark)
[2019-04-15T13:58:24.092+0200][986,251s] GC(2385) Using 4 workers of 4 for evacuation
[2019-04-15T13:58:24.092+0200][986,251s] GC(2385) ParNew: 55536K->55536K(109248K)
[2019-04-15T13:58:24.092+0200][986,251s] GC(2385) CMS: 338107K->338107K(393216K)
[2019-04-15T13:58:24.092+0200][986,251s] GC(2385) Metaspace: 95517K->95517K(1136640K)
[2019-04-15T13:58:24.092+0200][986,251s] GC(2385) Pause Young (CMS Final Remark) 384M->384M(490M) 0,055ms
[2019-04-15T13:58:24.092+0200][986,251s] GC(2385) User=0,00s Sys=0,00s Real=0,00s
[2019-04-15T13:58:24.145+0200][986,304s] GC(2383) Pause Remark 384M->384M(490M) 52,337ms
[2019-04-15T13:58:24.145+0200][986,304s] GC(2383) User=0,08s Sys=0,00s Real=0,05s
[2019-04-15T13:58:24.145+0200][986,304s] GC(2383) Concurrent Sweep
[2019-04-15T13:58:24.223+0200][986,382s] GC(2383) Concurrent Sweep 77,765ms
[2019-04-15T13:58:24.223+0200][986,382s] GC(2383) User=0,16s Sys=0,01s Real=0,08s
[2019-04-15T13:58:24.223+0200][986,382s] GC(2383) Concurrent Reset
[2019-04-15T13:58:24.223+0200][986,382s] GC(2383) Concurrent Reset 0,538ms
[2019-04-15T13:58:24.223+0200][986,382s] GC(2383) User=0,00s Sys=0,00s Real=0,00s
[2019-04-15T13:58:24.223+0200][986,382s] GC(2383) Old: 253984K->319949K(393216K)
[2019-04-15T13:58:24.346+0200][986,505s] GC(2386) Pause Young (Allocation Failure)
[2019-04-15T13:58:24.346+0200][986,505s] GC(2386) Using 4 workers of 4 for evacuation
[2019-04-15T13:58:24.346+0200][986,505s] GC(2387) Pause Full (Allocation Failure)
[2019-04-15T13:58:24.347+0200][986,505s] GC(2387) Phase 1: Mark live objects
[2019-04-15T13:58:24.551+0200][986,710s] GC(2387) Phase 1: Mark live objects 204,609ms
[2019-04-15T13:58:24.551+0200][986,710s] GC(2387) Phase 2: Compute new object addresses
[2019-04-15T13:58:24.649+0200][986,808s] GC(2387) Phase 2: Compute new object addresses 97,401ms
[2019-04-15T13:58:24.649+0200][986,808s] GC(2387) Phase 3: Adjust pointers
[2019-04-15T13:58:24.853+0200][987,011s] GC(2387) Phase 3: Adjust pointers 203,789ms
[2019-04-15T13:58:24.853+0200][987,012s] GC(2387) Phase 4: Move objects
[2019-04-15T13:58:24.903+0200][987,062s] GC(2387) Phase 4: Move objects 50,761ms
[2019-04-15T13:58:24.905+0200][987,064s] GC(2387) Pause Full (Allocation Failure) 419M->215M(490M) 558,766ms
[2019-04-15T13:58:24.905+0200][987,064s] GC(2386) ParNew: 109248K->0K(109248K)
[2019-04-15T13:58:24.905+0200][987,064s] GC(2386) CMS: 319949K->221030K(393216K)
[2019-04-15T13:58:24.905+0200][987,064s] GC(2386) Metaspace: 95572K->95572K(1136640K)
[2019-04-15T13:58:24.905+0200][987,064s] GC(2386) Pause Young (Allocation Failure) 419M->215M(490M) 558,967ms
[2019-04-15T13:58:24.905+0200][987,064s] GC(2386) User=0,51s Sys=0,01s Real=0,56s
[2019-04-15T13:58:24.905+0200][987,064s] GC(2388) Pause Initial Mark
[2019-04-15T13:58:24.906+0200][987,065s] GC(2388) Pause Initial Mark 216M->216M(490M) 0,455ms
[2019-04-15T13:58:24.906+0200][987,065s] GC(2388) User=0,00s Sys=0,00s Real=0,00s
[2019-04-15T13:58:24.906+0200][987,065s] GC(2388) Concurrent Mark
[2019-04-15T13:58:24.906+0200][987,065s] GC(2388) Using 4 workers of 4 for marking
[2019-04-15T13:58:25.008+0200][987,167s] GC(2388) Concurrent Mark 102,259ms
[2019-04-15T13:58:25.008+0200][987,167s] GC(2388) User=0,23s Sys=0,01s Real=0,10s
[2019-04-15T13:58:25.008+0200][987,167s] GC(2388) Concurrent Preclean
[2019-04-15T13:58:25.010+0200][987,169s] GC(2388) Concurrent Preclean 2,309ms
[2019-04-15T13:58:25.011+0200][987,169s] GC(2388) User=0,00s Sys=0,00s Real=0,00s
[2019-04-15T13:58:25.011+0200][987,169s] GC(2388) Concurrent Abortable Preclean
[2019-04-15T13:58:25.135+0200][987,294s] GC(2389) Pause Young (Allocation Failure)
[2019-04-15T13:58:25.135+0200][987,294s] GC(2389) Using 4 workers of 4 for evacuation
[2019-04-15T13:58:25.155+0200][987,314s] GC(2389) ParNew: 87424K->20941K(109248K)
[2019-04-15T13:58:25.155+0200][987,314s] GC(2389) CMS: 221030K->221030K(393216K)
[2019-04-15T13:58:25.155+0200][987,314s] GC(2389) Metaspace: 95572K->95572K(1136640K)
[2019-04-15T13:58:25.155+0200][987,314s] GC(2389) Pause Young (Allocation Failure) 301M->236M(490M) 19,932ms
[2019-04-15T13:58:25.155+0200][987,314s] GC(2389) User=0,05s Sys=0,00s Real=0,02s
[2019-04-15T13:58:25.456+0200][987,615s] GC(2388) Concurrent Abortable Preclean 445,565ms
[2019-04-15T13:58:25.456+0200][987,615s] GC(2388) User=0,66s Sys=0,08s Real=0,45s
[2019-04-15T13:58:25.456+0200][987,615s] GC(2388) Pause Remark
[2019-04-15T13:58:25.456+0200][987,615s] GC(2390) Pause Young (CMS Final Remark)
[2019-04-15T13:58:25.457+0200][987,615s] GC(2390) Using 4 workers of 4 for evacuation
[2019-04-15T13:58:25.509+0200][987,668s] GC(2390) ParNew: 83888K->21824K(109248K)
[2019-04-15T13:58:25.509+0200][987,668s] GC(2390) CMS: 221030K->224126K(393216K)
[2019-04-15T13:58:25.509+0200][987,668s] GC(2390) Metaspace: 95572K->95572K(1136640K)
[2019-04-15T13:58:25.509+0200][987,668s] GC(2390) Pause Young (CMS Final Remark) 297M->240M(490M) 52,825ms
[2019-04-15T13:58:25.509+0200][987,668s] GC(2390) User=0,06s Sys=0,00s Real=0,05s
[2019-04-15T13:58:25.654+0200][987,813s] GC(2388) Pause Remark 297M->240M(490M) 197,440ms
[2019-04-15T13:58:25.654+0200][987,813s] GC(2388) User=0,17s Sys=0,01s Real=0,20s
[2019-04-15T13:58:25.661+0200][987,820s] GC(2388) Concurrent Sweep
[2019-04-15T13:58:25.861+0200][988,020s] GC(2388) Concurrent Sweep 199,737ms
[2019-04-15T13:58:25.861+0200][988,020s] GC(2388) User=0,07s Sys=0,04s Real=0,20s
[2019-04-15T13:58:25.861+0200][988,020s] GC(2388) Concurrent Reset
[2019-04-15T13:58:25.861+0200][988,020s] GC(2388) Concurrent Reset 0,591ms
[2019-04-15T13:58:25.861+0200][988,020s] GC(2388) User=0,00s Sys=0,00s Real=0,00s
[2019-04-15T13:58:25.861+0200][988,020s] GC(2388) Old: 221030K->126686K(393216K)
[2019-04-15T13:58:26.910+0200][989,069s] GC(2391) Pause Young (Allocation Failure)
[2019-04-15T13:58:26.910+0200][989,069s] GC(2391) Using 4 workers of 4 for evacuation
[2019-04-15T13:58:26.951+0200][989,110s] GC(2391) ParNew: 109248K->21824K(109248K)
[2019-04-15T13:58:26.951+0200][989,110s] GC(2391) CMS: 126686K->204693K(393216K)
[2019-04-15T13:58:26.951+0200][989,110s] GC(2391) Metaspace: 95574K->95574K(1136640K)
[2019-04-15T13:58:26.951+0200][989,110s] GC(2391) Pause Young (Allocation Failure) 230M->221M(490M) 41,068ms
[2019-04-15T13:58:26.951+0200][989,110s] GC(2391) User=0,07s Sys=0,00s Real=0,04s
[2019-04-15T13:58:26.951+0200][989,110s] GC(2392) Pause Initial Mark
[2019-04-15T13:58:26.953+0200][989,112s] GC(2392) Pause Initial Mark 221M->221M(490M) 1,777ms
[2019-04-15T13:58:26.953+0200][989,112s] GC(2392) User=0,00s Sys=0,00s Real=0,01s
[2019-04-15T13:58:26.959+0200][989,118s] GC(2392) Concurrent Mark
[2019-04-15T13:58:26.959+0200][989,118s] GC(2392) Using 4 workers of 4 for marking
[2019-04-15T13:58:27.049+0200][989,208s] GC(2392) Concurrent Mark 89,971ms
[2019-04-15T13:58:27.049+0200][989,208s] GC(2392) User=0,20s Sys=0,02s Real=0,09s
[2019-04-15T13:58:27.049+0200][989,208s] GC(2392) Concurrent Preclean
[2019-04-15T13:58:27.050+0200][989,209s] GC(2392) Concurrent Preclean 0,966ms
[2019-04-15T13:58:27.050+0200][989,209s] GC(2392) User=0,00s Sys=0,00s Real=0,00s
[2019-04-15T13:58:27.050+0200][989,209s] GC(2392) Concurrent Abortable Preclean
[2019-04-15T13:58:27.557+0200][989,716s] GC(2393) Pause Young (Allocation Failure)
[2019-04-15T13:58:27.557+0200][989,716s] GC(2393) Using 4 workers of 4 for evacuation
[2019-04-15T13:58:27.586+0200][989,745s] GC(2392) Concurrent Abortable Preclean 536,368ms
[2019-04-15T13:58:27.586+0200][989,745s] GC(2392) User=0,34s Sys=0,19s Real=0,54s
[2019-04-15T13:58:27.596+0200][989,755s] GC(2393) ParNew: 109248K->21824K(109248K)
[2019-04-15T13:58:27.596+0200][989,755s] GC(2393) CMS: 204693K->284775K(393216K)
[2019-04-15T13:58:27.596+0200][989,755s] GC(2393) Metaspace: 95574K->95574K(1136640K)
[2019-04-15T13:58:27.597+0200][989,755s] GC(2393) Pause Young (Allocation Failure) 306M->299M(490M) 39,236ms
[2019-04-15T13:58:27.597+0200][989,756s] GC(2393) User=0,07s Sys=0,00s Real=0,04s
[2019-04-15T13:58:27.597+0200][989,756s] GC(2392) Pause Remark
[2019-04-15T13:58:27.597+0200][989,756s] GC(2394) Pause Young (CMS Final Remark)
[2019-04-15T13:58:27.598+0200][989,756s] GC(2394) Using 4 workers of 4 for evacuation
[2019-04-15T13:58:27.609+0200][989,768s] GC(2394) ParNew: 21830K->21824K(109248K)
[2019-04-15T13:58:27.609+0200][989,768s] GC(2394) CMS: 284775K->300633K(393216K)
[2019-04-15T13:58:27.609+0200][989,768s] GC(2394) Metaspace: 95574K->95574K(1136640K)
[2019-04-15T13:58:27.609+0200][989,768s] GC(2394) Pause Young (CMS Final Remark) 299M->314M(490M) 11,292ms
[2019-04-15T13:58:27.609+0200][989,768s] GC(2394) User=0,03s Sys=0,01s Real=0,01s
[2019-04-15T13:58:27.658+0200][989,817s] GC(2392) Pause Remark 299M->314M(490M) 60,211ms
[2019-04-15T13:58:27.658+0200][989,817s] GC(2392) User=0,09s Sys=0,01s Real=0,06s
[2019-04-15T13:58:27.658+0200][989,817s] GC(2392) Concurrent Sweep
[2019-04-15T13:58:27.743+0200][989,902s] GC(2392) Concurrent Sweep 85,420ms
[2019-04-15T13:58:27.743+0200][989,902s] GC(2392) User=0,06s Sys=0,04s Real=0,08s
[2019-04-15T13:58:27.743+0200][989,902s] GC(2392) Concurrent Reset
[2019-04-15T13:58:27.749+0200][989,908s] GC(2392) Concurrent Reset 5,587ms
[2019-04-15T13:58:27.749+0200][989,908s] GC(2392) User=0,01s Sys=0,00s Real=0,01s
[2019-04-15T13:58:27.749+0200][989,908s] GC(2392) Old: 204693K->299673K(393216K)
[2019-04-15T13:58:28.233+0200][990,392s] GC(2395) Pause Young (Allocation Failure)
[2019-04-15T13:58:28.233+0200][990,392s] GC(2395) Using 4 workers of 4 for evacuation
[2019-04-15T13:58:28.233+0200][990,392s] GC(2396) Pause Full (Allocation Failure)
[2019-04-15T13:58:28.233+0200][990,392s] GC(2396) Phase 1: Mark live objects
[2019-04-15T13:58:28.337+0200][990,496s] GC(2396) Phase 1: Mark live objects 103,473ms
[2019-04-15T13:58:28.337+0200][990,496s] GC(2396) Phase 2: Compute new object addresses
[2019-04-15T13:58:28.388+0200][990,547s] GC(2396) Phase 2: Compute new object addresses 51,162ms
[2019-04-15T13:58:28.388+0200][990,547s] GC(2396) Phase 3: Adjust pointers
[2019-04-15T13:58:28.461+0200][990,620s] GC(2396) Phase 3: Adjust pointers 73,079ms
[2019-04-15T13:58:28.461+0200][990,620s] GC(2396) Phase 4: Move objects
[2019-04-15T13:58:28.535+0200][990,694s] GC(2396) Phase 4: Move objects 74,148ms
[2019-04-15T13:58:28.536+0200][990,695s] GC(2396) Pause Full (Allocation Failure) 399M->362M(490M) 303,257ms
[2019-04-15T13:58:28.536+0200][990,695s] GC(2395) ParNew: 109248K->0K(109248K)
[2019-04-15T13:58:28.536+0200][990,695s] GC(2395) CMS: 299673K->371500K(393216K)
[2019-04-15T13:58:28.536+0200][990,695s] GC(2395) Metaspace: 95574K->95574K(1136640K)
[2019-04-15T13:58:28.536+0200][990,695s] GC(2395) Pause Young (Allocation Failure) 399M->362M(490M) 303,417ms
[2019-04-15T13:58:28.536+0200][990,695s] GC(2395) User=0,30s Sys=0,01s Real=0,31s
[2019-04-15T13:58:28.537+0200][990,695s] GC(2397) Pause Initial Mark
[2019-04-15T13:58:28.537+0200][990,696s] GC(2397) Pause Initial Mark 364M->364M(490M) 0,478ms
[2019-04-15T13:58:28.537+0200][990,696s] GC(2397) User=0,00s Sys=0,00s Real=0,00s
[2019-04-15T13:58:28.537+0200][990,696s] GC(2397) Concurrent Mark
[2019-04-15T13:58:28.537+0200][990,696s] GC(2397) Using 4 workers of 4 for marking
[2019-04-15T13:58:28.600+0200][990,759s] GC(2397) Concurrent Mark 63,196ms
[2019-04-15T13:58:28.600+0200][990,759s] GC(2397) User=0,19s Sys=0,02s Real=0,06s
[2019-04-15T13:58:28.600+0200][990,759s] GC(2397) Concurrent Preclean
[2019-04-15T13:58:28.601+0200][990,760s] GC(2397) Concurrent Preclean 0,835ms
[2019-04-15T13:58:28.601+0200][990,760s] GC(2397) User=0,00s Sys=0,00s Real=0,00s
[2019-04-15T13:58:28.601+0200][990,760s] GC(2397) Concurrent Abortable Preclean
[2019-04-15T13:58:28.702+0200][990,861s] GC(2397) Concurrent Abortable Preclean 101,038ms
[2019-04-15T13:58:28.702+0200][990,861s] GC(2397) User=0,05s Sys=0,05s Real=0,10s
[2019-04-15T13:58:28.702+0200][990,861s] GC(2397) Pause Remark
[2019-04-15T13:58:28.702+0200][990,861s] GC(2398) Pause Young (CMS Final Remark)
[2019-04-15T13:58:28.702+0200][990,861s] GC(2398) Using 4 workers of 4 for evacuation
[2019-04-15T13:58:28.702+0200][990,861s] GC(2398) ParNew: 27640K->27640K(109248K)
[2019-04-15T13:58:28.702+0200][990,861s] GC(2398) CMS: 371500K->371500K(393216K)
[2019-04-15T13:58:28.702+0200][990,861s] GC(2398) Metaspace: 95574K->95574K(1136640K)
[2019-04-15T13:58:28.703+0200][990,861s] GC(2398) Pause Young (CMS Final Remark) 389M->389M(490M) 0,056ms
[2019-04-15T13:58:28.703+0200][990,861s] GC(2398) User=0,00s Sys=0,00s Real=0,00s
[2019-04-15T13:58:28.747+0200][990,906s] GC(2397) Pause Remark 389M->389M(490M) 44,475ms
[2019-04-15T13:58:28.747+0200][990,906s] GC(2397) User=0,06s Sys=0,00s Real=0,05s
[2019-04-15T13:58:28.747+0200][990,906s] GC(2397) Concurrent Sweep
[2019-04-15T13:58:28.784+0200][990,943s] GC(2397) Concurrent Sweep 37,376ms
[2019-04-15T13:58:28.784+0200][990,943s] GC(2397) User=0,06s Sys=0,01s Real=0,03s
[2019-04-15T13:58:28.784+0200][990,943s] GC(2397) Concurrent Reset
[2019-04-15T13:58:28.785+0200][990,944s] GC(2397) Concurrent Reset 0,347ms
[2019-04-15T13:58:28.785+0200][990,944s] GC(2397) User=0,00s Sys=0,00s Real=0,00s
[2019-04-15T13:58:28.785+0200][990,944s] GC(2397) Old: 371500K->371500K(393216K)
[2019-04-15T13:58:29.173+0200][991,331s] GC(2399) Pause Young (Allocation Failure)
[2019-04-15T13:58:29.173+0200][991,331s] GC(2399) Using 4 workers of 4 for evacuation
[2019-04-15T13:58:29.173+0200][991,332s] GC(2400) Pause Full (Allocation Failure)
[2019-04-15T13:58:29.173+0200][991,332s] GC(2400) Phase 1: Mark live objects
[2019-04-15T13:58:29.260+0200][991,419s] GC(2400) Phase 1: Mark live objects 87,387ms
[2019-04-15T13:58:29.260+0200][991,419s] GC(2400) Phase 2: Compute new object addresses
[2019-04-15T13:58:29.307+0200][991,466s] GC(2400) Phase 2: Compute new object addresses 46,286ms
[2019-04-15T13:58:29.307+0200][991,466s] GC(2400) Phase 3: Adjust pointers
[2019-04-15T13:58:29.379+0200][991,538s] GC(2400) Phase 3: Adjust pointers 71,925ms
[2019-04-15T13:58:29.379+0200][991,538s] GC(2400) Phase 4: Move objects
[2019-04-15T13:58:29.465+0200][991,624s] GC(2400) Phase 4: Move objects 85,931ms
[2019-04-15T13:58:29.465+0200][991,624s] GC(2400) Pause Full (Allocation Failure) 448M->441M(490M) 292,830ms
[2019-04-15T13:58:29.465+0200][991,624s] GC(2399) ParNew: 87424K->58372K(109248K)
[2019-04-15T13:58:29.465+0200][991,624s] GC(2399) CMS: 371500K->393214K(393216K)
[2019-04-15T13:58:29.465+0200][991,624s] GC(2399) Metaspace: 95574K->95574K(1136640K)
[2019-04-15T13:58:29.465+0200][991,624s] GC(2399) Pause Young (Allocation Failure) 448M->441M(490M) 292,961ms
[2019-04-15T13:58:29.465+0200][991,624s] GC(2399) User=0,29s Sys=0,00s Real=0,30s
[2019-04-15T13:58:29.466+0200][991,625s] GC(2401) Pause Initial Mark
[2019-04-15T13:58:29.467+0200][991,626s] GC(2401) Pause Initial Mark 441M->441M(490M) 1,564ms
[2019-04-15T13:58:29.467+0200][991,626s] GC(2401) User=0,01s Sys=0,00s Real=0,00s
[2019-04-15T13:58:29.467+0200][991,626s] GC(2401) Concurrent Mark
[2019-04-15T13:58:29.467+0200][991,626s] GC(2401) Using 4 workers of 4 for marking
[2019-04-15T13:58:29.532+0200][991,691s] GC(2401) Concurrent Mark 64,755ms
[2019-04-15T13:58:29.532+0200][991,691s] GC(2401) User=0,20s Sys=0,01s Real=0,06s
[2019-04-15T13:58:29.532+0200][991,691s] GC(2401) Concurrent Preclean
[2019-04-15T13:58:29.606+0200][991,765s] GC(2401) Concurrent Preclean 74,052ms
[2019-04-15T13:58:29.606+0200][991,765s] GC(2401) User=0,11s Sys=0,04s Real=0,08s
[2019-04-15T13:58:29.606+0200][991,765s] GC(2401) Concurrent Abortable Preclean
[2019-04-15T13:58:29.606+0200][991,765s] GC(2401) Concurrent Abortable Preclean 0,007ms
[2019-04-15T13:58:29.606+0200][991,765s] GC(2401) User=0,00s Sys=0,00s Real=0,00s
[2019-04-15T13:58:29.606+0200][991,765s] GC(2401) Pause Remark
[2019-04-15T13:58:29.606+0200][991,765s] GC(2402) Pause Young (CMS Final Remark)
[2019-04-15T13:58:29.606+0200][991,765s] GC(2402) Using 4 workers of 4 for evacuation
[2019-04-15T13:58:29.606+0200][991,765s] GC(2402) ParNew: 79685K->79685K(109248K)
[2019-04-15T13:58:29.606+0200][991,765s] GC(2402) CMS: 393214K->393214K(393216K)
[2019-04-15T13:58:29.606+0200][991,765s] GC(2402) Metaspace: 95574K->95574K(1136640K)
[2019-04-15T13:58:29.607+0200][991,765s] GC(2402) Pause Young (CMS Final Remark) 461M->461M(490M) 0,053ms
[2019-04-15T13:58:29.607+0200][991,765s] GC(2402) User=0,00s Sys=0,00s Real=0,00s
[2019-04-15T13:58:29.649+0200][991,808s] GC(2401) Pause Remark 461M->461M(490M) 42,964ms
[2019-04-15T13:58:29.649+0200][991,808s] GC(2401) User=0,06s Sys=0,00s Real=0,04s
[2019-04-15T13:58:29.649+0200][991,808s] GC(2401) Concurrent Sweep
[2019-04-15T13:58:29.699+0200][991,858s] GC(2401) Concurrent Sweep 49,258ms
[2019-04-15T13:58:29.699+0200][991,858s] GC(2401) User=0,07s Sys=0,03s Real=0,05s
[2019-04-15T13:58:29.699+0200][991,858s] GC(2401) Concurrent Reset
[2019-04-15T13:58:29.699+0200][991,858s] GC(2401) Concurrent Reset 0,324ms
[2019-04-15T13:58:29.699+0200][991,858s] GC(2401) User=0,00s Sys=0,00s Real=0,00s
[2019-04-15T13:58:29.699+0200][991,858s] GC(2401) Old: 393214K->393214K(393216K)
[2019-04-15T13:58:29.798+0200][991,957s] GC(2403) Pause Young (Allocation Failure)
[2019-04-15T13:58:29.798+0200][991,957s] GC(2403) Using 4 workers of 4 for evacuation
[2019-04-15T13:58:29.798+0200][991,957s] GC(2404) Pause Full (Allocation Failure)
[2019-04-15T13:58:29.798+0200][991,957s] GC(2404) Phase 1: Mark live objects
[2019-04-15T13:58:29.903+0200][992,061s] GC(2404) Phase 1: Mark live objects 104,393ms
[2019-04-15T13:58:29.903+0200][992,062s] GC(2404) Phase 2: Compute new object addresses
[2019-04-15T13:58:29.957+0200][992,116s] GC(2404) Phase 2: Compute new object addresses 54,586ms
[2019-04-15T13:58:29.957+0200][992,116s] GC(2404) Phase 3: Adjust pointers
[2019-04-15T13:58:30.035+0200][992,194s] GC(2404) Phase 3: Adjust pointers 78,251ms
[2019-04-15T13:58:30.035+0200][992,194s] GC(2404) Phase 4: Move objects
[2019-04-15T13:58:30.122+0200][992,281s] GC(2404) Phase 4: Move objects 86,279ms
[2019-04-15T13:58:30.138+0200][992,297s] GC(2404) Pause Full (Allocation Failure) 490M->486M(490M) 340,005ms
[2019-04-15T13:58:30.138+0200][992,297s] GC(2403) ParNew: 109245K->104532K(109248K)
[2019-04-15T13:58:30.138+0200][992,297s] GC(2403) CMS: 393214K->393213K(393216K)
[2019-04-15T13:58:30.138+0200][992,297s] GC(2403) Metaspace: 95574K->95574K(1136640K)
[2019-04-15T13:58:30.138+0200][992,297s] GC(2403) Pause Young (Allocation Failure) 490M->486M(490M) 340,202ms
[2019-04-15T13:58:30.138+0200][992,297s] GC(2403) User=0,34s Sys=0,00s Real=0,34s
[2019-04-15T13:58:30.138+0200][992,297s] GC(2405) Pause Initial Mark
[2019-04-15T13:58:30.140+0200][992,299s] GC(2405) Pause Initial Mark 486M->486M(490M) 2,181ms
[2019-04-15T13:58:30.140+0200][992,299s] GC(2405) User=0,01s Sys=0,00s Real=0,00s
[2019-04-15T13:58:30.140+0200][992,299s] GC(2405) Concurrent Mark
[2019-04-15T13:58:30.140+0200][992,299s] GC(2405) Using 4 workers of 4 for marking
[2019-04-15T13:58:30.147+0200][992,305s] GC(2406) Pause Full (Allocation Failure)
[2019-04-15T13:58:30.190+0200][992,349s] GC(2405) Concurrent Mark 49,311ms
[2019-04-15T13:58:30.190+0200][992,349s] GC(2405) User=0,15s Sys=0,01s Real=0,05s
[2019-04-15T13:58:30.190+0200][992,349s] GC(2406) Phase 1: Mark live objects
[2019-04-15T13:58:30.281+0200][992,440s] GC(2406) Phase 1: Mark live objects 91,143ms
[2019-04-15T13:58:30.281+0200][992,440s] GC(2406) Phase 2: Compute new object addresses
[2019-04-15T13:58:30.327+0200][992,486s] GC(2406) Phase 2: Compute new object addresses 45,948ms
[2019-04-15T13:58:30.327+0200][992,486s] GC(2406) Phase 3: Adjust pointers
[2019-04-15T13:58:30.403+0200][992,562s] GC(2406) Phase 3: Adjust pointers 75,921ms
[2019-04-15T13:58:30.403+0200][992,562s] GC(2406) Phase 4: Move objects
[2019-04-15T13:58:30.482+0200][992,641s] GC(2406) Phase 4: Move objects 78,789ms
[2019-04-15T13:58:30.483+0200][992,642s] GC(2406) ParNew: 109247K->109178K(109248K)
[2019-04-15T13:58:30.483+0200][992,642s] GC(2406) CMS: 393213K->393214K(393216K)
[2019-04-15T13:58:30.483+0200][992,642s] GC(2406) Metaspace: 95524K->95524K(1136640K)
[2019-04-15T13:58:30.483+0200][992,642s] GC(2406) Pause Full (Allocation Failure) 490M->490M(490M) 336,104ms
[2019-04-15T13:58:30.483+0200][992,642s] GC(2406) User=0,43s Sys=0,00s Real=0,33s
[2019-04-15T13:58:30.483+0200][992,642s] GC(2407) Pause Full (Allocation Failure)
[2019-04-15T13:58:30.483+0200][992,642s] GC(2407) Phase 1: Mark live objects
[2019-04-15T13:58:30.596+0200][992,754s] GC(2407) Phase 1: Mark live objects 112,112ms
[2019-04-15T13:58:30.596+0200][992,754s] GC(2407) Phase 2: Compute new object addresses
[2019-04-15T13:58:30.641+0200][992,800s] GC(2407) Phase 2: Compute new object addresses 45,382ms
[2019-04-15T13:58:30.641+0200][992,800s] GC(2407) Phase 3: Adjust pointers
[2019-04-15T13:58:30.718+0200][992,877s] GC(2407) Phase 3: Adjust pointers 76,795ms
[2019-04-15T13:58:30.718+0200][992,877s] GC(2407) Phase 4: Move objects
[2019-04-15T13:58:30.806+0200][992,965s] GC(2407) Phase 4: Move objects 87,835ms
[2019-04-15T13:58:30.822+0200][992,981s] GC(2407) ParNew: 109246K->109029K(109248K)
[2019-04-15T13:58:30.822+0200][992,981s] GC(2407) CMS: 393214K->393215K(393216K)
[2019-04-15T13:58:30.822+0200][992,981s] GC(2407) Metaspace: 95524K->95524K(1136640K)
[2019-04-15T13:58:30.822+0200][992,981s] GC(2407) Pause Full (Allocation Failure) 490M->490M(490M) 339,068ms
[2019-04-15T13:58:30.822+0200][992,981s] GC(2407) User=0,34s Sys=0,00s Real=0,34s
[2019-04-15T13:58:30.822+0200][992,981s] GC(2408) Pause Initial Mark
[2019-04-15T13:58:30.825+0200][992,984s] GC(2408) Pause Initial Mark 490M->490M(490M) 2,650ms
[2019-04-15T13:58:30.825+0200][992,984s] GC(2408) User=0,01s Sys=0,00s Real=0,01s
[2019-04-15T13:58:30.825+0200][992,984s] GC(2408) Concurrent Mark
[2019-04-15T13:58:30.825+0200][992,984s] GC(2408) Using 4 workers of 4 for marking
[2019-04-15T13:58:30.825+0200][992,984s] GC(2409) Pause Full (Allocation Failure)
[2019-04-15T13:58:30.869+0200][993,028s] GC(2408) Concurrent Mark 43,846ms
[2019-04-15T13:58:30.869+0200][993,028s] GC(2408) User=0,16s Sys=0,00s Real=0,04s
[2019-04-15T13:58:30.869+0200][993,028s] GC(2409) Phase 1: Mark live objects
[2019-04-15T13:58:30.955+0200][993,113s] GC(2409) Phase 1: Mark live objects 85,419ms
[2019-04-15T13:58:30.955+0200][993,114s] GC(2409) Phase 2: Compute new object addresses
[2019-04-15T13:58:31.000+0200][993,159s] GC(2409) Phase 2: Compute new object addresses 45,750ms
[2019-04-15T13:58:31.000+0200][993,159s] GC(2409) Phase 3: Adjust pointers
[2019-04-15T13:58:31.118+0200][993,277s] GC(2409) Phase 3: Adjust pointers 117,298ms
[2019-04-15T13:58:31.118+0200][993,277s] GC(2409) Phase 4: Move objects
[2019-04-15T13:58:31.118+0200][993,277s] GC(2409) Phase 4: Move objects 0,732ms
[2019-04-15T13:58:31.119+0200][993,278s] GC(2409) ParNew: 109247K->109242K(109248K)
[2019-04-15T13:58:31.119+0200][993,278s] GC(2409) CMS: 393215K->393215K(393216K)
[2019-04-15T13:58:31.119+0200][993,278s] GC(2409) Metaspace: 95500K->95500K(1136640K)
[2019-04-15T13:58:31.120+0200][993,278s] GC(2409) Pause Full (Allocation Failure) 490M->490M(490M) 294,073ms
[2019-04-15T13:58:31.120+0200][993,278s] GC(2409) User=0,41s Sys=0,00s Real=0,29s
[2019-04-15T13:58:31.120+0200][993,279s] GC(2410) Pause Full (Allocation Failure)
[2019-04-15T13:58:31.120+0200][993,279s] GC(2410) Phase 1: Mark live objects
[2019-04-15T13:58:31.306+0200][993,465s] GC(2410) Phase 1: Mark live objects 185,860ms
[2019-04-15T13:58:31.306+0200][993,465s] GC(2410) Phase 2: Compute new object addresses
[2019-04-15T13:58:31.383+0200][993,542s] GC(2410) Phase 2: Compute new object addresses 76,688ms
[2019-04-15T13:58:31.383+0200][993,542s] GC(2410) Phase 3: Adjust pointers
[2019-04-15T13:58:31.535+0200][993,694s] GC(2410) Phase 3: Adjust pointers 151,752ms
[2019-04-15T13:58:31.535+0200][993,694s] GC(2410) Phase 4: Move objects
[2019-04-15T13:58:31.687+0200][993,846s] GC(2410) Phase 4: Move objects 152,402ms
[2019-04-15T13:58:31.710+0200][993,869s] GC(2410) ParNew: 109242K->105680K(109248K)
[2019-04-15T13:58:31.710+0200][993,869s] GC(2410) CMS: 393215K->393214K(393216K)
[2019-04-15T13:58:31.710+0200][993,869s] GC(2410) Metaspace: 95500K->95500K(1136640K)
[2019-04-15T13:58:31.710+0200][993,869s] GC(2410) Pause Full (Allocation Failure) 490M->487M(490M) 590,275ms
[2019-04-15T13:58:31.710+0200][993,869s] GC(2410) User=0,59s Sys=0,00s Real=0,59s
[2019-04-15T13:58:31.716+0200][993,875s] GC(2411) Pause Full (Allocation Failure)
[2019-04-15T13:58:31.717+0200][993,876s] GC(2411) Phase 1: Mark live objects
[2019-04-15T13:58:31.837+0200][993,996s] GC(2411) Phase 1: Mark live objects 119,806ms
[2019-04-15T13:58:31.837+0200][993,996s] GC(2411) Phase 2: Compute new object addresses
[2019-04-15T13:58:31.892+0200][994,051s] GC(2411) Phase 2: Compute new object addresses 55,041ms
[2019-04-15T13:58:31.892+0200][994,051s] GC(2411) Phase 3: Adjust pointers
[2019-04-15T13:58:31.984+0200][994,143s] GC(2411) Phase 3: Adjust pointers 91,728ms
[2019-04-15T13:58:31.984+0200][994,143s] GC(2411) Phase 4: Move objects
[2019-04-15T13:58:32.087+0200][994,245s] GC(2411) Phase 4: Move objects 102,676ms
[2019-04-15T13:58:32.087+0200][994,246s] GC(2411) ParNew: 109244K->109182K(109248K)
[2019-04-15T13:58:32.087+0200][994,246s] GC(2411) CMS: 393214K->393213K(393216K)
[2019-04-15T13:58:32.087+0200][994,246s] GC(2411) Metaspace: 95402K->95402K(1136640K)
[2019-04-15T13:58:32.087+0200][994,246s] GC(2411) Pause Full (Allocation Failure) 490M->490M(490M) 371,495ms
[2019-04-15T13:58:32.087+0200][994,246s] GC(2411) User=0,37s Sys=0,00s Real=0,37s
[2019-04-15T13:58:32.088+0200][994,247s] GC(2412) Pause Initial Mark
[2019-04-15T13:58:32.090+0200][994,249s] GC(2412) Pause Initial Mark 490M->490M(490M) 2,384ms
[2019-04-15T13:58:32.090+0200][994,249s] GC(2412) User=0,01s Sys=0,00s Real=0,00s
[2019-04-15T13:58:32.090+0200][994,249s] GC(2412) Concurrent Mark
[2019-04-15T13:58:32.090+0200][994,249s] GC(2412) Using 4 workers of 4 for marking
[2019-04-15T13:58:32.101+0200][994,260s] GC(2413) Pause Full (Allocation Failure)
[2019-04-15T13:58:32.154+0200][994,313s] GC(2412) Concurrent Mark 63,607ms
[2019-04-15T13:58:32.154+0200][994,313s] GC(2412) User=0,20s Sys=0,01s Real=0,07s
[2019-04-15T13:58:32.154+0200][994,313s] GC(2413) Phase 1: Mark live objects
[2019-04-15T13:58:32.271+0200][994,430s] GC(2413) Phase 1: Mark live objects 117,336ms
[2019-04-15T13:58:32.271+0200][994,430s] GC(2413) Phase 2: Compute new object addresses
[2019-04-15T13:58:32.326+0200][994,485s] GC(2413) Phase 2: Compute new object addresses 54,975ms
[2019-04-15T13:58:32.326+0200][994,485s] GC(2413) Phase 3: Adjust pointers
[2019-04-15T13:58:32.417+0200][994,576s] GC(2413) Phase 3: Adjust pointers 90,486ms
[2019-04-15T13:58:32.417+0200][994,576s] GC(2413) Phase 4: Move objects
[2019-04-15T13:58:32.418+0200][994,577s] GC(2413) Phase 4: Move objects 0,963ms
[2019-04-15T13:58:32.419+0200][994,578s] GC(2413) ParNew: 109247K->109243K(109248K)
[2019-04-15T13:58:32.419+0200][994,578s] GC(2413) CMS: 393213K->393213K(393216K)
[2019-04-15T13:58:32.419+0200][994,578s] GC(2413) Metaspace: 95402K->95402K(1136640K)
[2019-04-15T13:58:32.419+0200][994,578s] GC(2413) Pause Full (Allocation Failure) 490M->490M(490M) 317,549ms
[2019-04-15T13:58:32.419+0200][994,578s] GC(2413) User=0,42s Sys=0,01s Real=0,32s
[2019-04-15T13:58:32.419+0200][994,578s] GC(2414) Pause Full (Allocation Failure)
[2019-04-15T13:58:32.419+0200][994,578s] GC(2414) Phase 1: Mark live objects
[2019-04-15T13:58:32.534+0200][994,693s] GC(2414) Phase 1: Mark live objects 114,679ms
[2019-04-15T13:58:32.534+0200][994,693s] GC(2414) Phase 2: Compute new object addresses
[2019-04-15T13:58:32.585+0200][994,744s] GC(2414) Phase 2: Compute new object addresses 50,884ms
[2019-04-15T13:58:32.585+0200][994,744s] GC(2414) Phase 3: Adjust pointers
[2019-04-15T13:58:32.675+0200][994,834s] GC(2414) Phase 3: Adjust pointers 90,562ms
[2019-04-15T13:58:32.675+0200][994,834s] GC(2414) Phase 4: Move objects
[2019-04-15T13:58:32.675+0200][994,834s] GC(2414) Phase 4: Move objects 0,016ms
[2019-04-15T13:58:32.676+0200][994,835s] GC(2414) ParNew: 109243K->109243K(109248K)
[2019-04-15T13:58:32.676+0200][994,835s] GC(2414) CMS: 393213K->393213K(393216K)
[2019-04-15T13:58:32.676+0200][994,835s] GC(2414) Metaspace: 95402K->95402K(1136640K)
[2019-04-15T13:58:32.676+0200][994,835s] GC(2414) Pause Full (Allocation Failure) 490M->490M(490M) 257,497ms
[2019-04-15T13:58:32.676+0200][994,835s] GC(2414) User=0,26s Sys=0,00s Real=0,26s
